11-16 08:57:20.576: I/ActivityManager(1202): Start proc 20162:com.android.chrome/u0a107 for broadcast com.android.chrome/org.chromium.chrome.browser.locale.LocaleChangedBroadcastReceiver
11-16 08:57:20.587: E/.android.chrom(20162): Not starting debugger since process cannot load the jdwp agent.
11-16 08:57:20.593: W/libprocessgroup(1202): kill(-17005, 9) failed: No such process
11-16 08:57:20.596: I/Zygote(735): Process 17005 exited due to signal (9)
11-16 08:57:20.612: D/LoaderTask(4328): loadWorkspace: loading default favorites
11-16 08:57:20.628: I/system_server(1202): Background concurrent copying GC freed 161410(13MB) AllocSpace objects, 123(2MB) LOS objects, 42% free, 19MB/33MB, paused 280us total 118.759ms
11-16 08:57:20.637: W/libprocessgroup(1202): kill(-17005, 9) failed: No such process
11-16 08:57:20.637: I/libprocessgroup(1202): Successfully killed process cgroup uid 10009 pid 17005 in 72ms
11-16 08:57:20.641: W/SurfaceFlinger(644): Attempting to destroy on removed layer: 1cd9904 AssistPreviewPanel#0
11-16 08:57:20.652: D/SurfaceFlinger(644): duplicate layer name: changing com.google.android.apps.nexuslauncher/com.google.android.apps.nexuslauncher.NexusLauncherActivity to com.google.android.apps.nexuslauncher/com.google.android.apps.nexuslauncher.NexusLauncherActivity#1
11-16 08:57:20.676: V/SettingsProvider(1202): Notifying for 0: content://settings/system/firebase.test.lab
11-16 08:57:20.680: I/GoogleInputMethod(3658): onFinishInput() : Dummy InputConnection bound
11-16 08:57:20.681: I/GoogleInputMethod(3658): onStartInput() : Dummy InputConnection bound
11-16 08:57:20.688: W/PhoneWindow(10198): Previously focused view reported id 2131820715 during save, but can't be found during restore.
11-16 08:57:20.722: W/StatusBar/NavBarView(3676): *** Invalid layout in navigation bar (sizeChanged this=1080x132 cur=1036x132)
11-16 08:57:20.739: I/ImageWallpaper(3676): Redrawing in rect: RectF(0.0, 0.0, 1214.0515, 2160.0) with surface size: 1080x2160
11-16 08:57:20.743: W/SessionLifecycleManager(10198): Handover failed. Creating new session controller.
11-16 08:57:20.748: I/WindowManager(1202): Screen frozen for +395ms due to Window{6bb9fc1 u0 com.android.systemui.ImageWallpaper}
11-16 08:57:20.750: V/SettingsProvider(1202): Notifying for 0: content://settings/secure/autofill_service
11-16 08:57:20.751: D/SurfaceFlinger(644): duplicate layer name: changing BlackSurface to BlackSurface#1
11-16 08:57:20.751: D/SurfaceFlinger(644): duplicate layer name: changing BlackSurface to BlackSurface#2
11-16 08:57:20.752: D/SurfaceFlinger(644): duplicate layer name: changing BlackSurface to BlackSurface#3
11-16 08:57:20.805: D/fpc_hidl(20207): fpc fingerprint hwbinder service starting
11-16 08:57:20.806: D/QSEECOMAPI(20207): QSEECom_get_handle sb_length = 0x80
11-16 08:57:20.806: D/QSEECOMAPI(20207): App is not loaded in QSEE
11-16 08:57:20.806: D/QSEECOMAPI(20207): app_arch = 2, total_files = 9
11-16 08:57:20.814: W/LocationOracle(10198): No location history returned by ContextManager
11-16 08:57:20.861: D/QSEECOMAPI(20207): Loaded image: APP id = 304
11-16 08:57:20.866: W/EventHub(1202): Unable to disable kernel key repeat for /dev/input/event3: Function not implemented
11-16 08:57:20.866: I/EventHub(1202): wakeMechanism=EPOLLWAKEUP, usingClockIoctl=true
11-16 08:57:20.866: I/EventHub(1202): New device: id=304, fd=234, path='/dev/input/event3', name='uinput-fpc', classes=0x101, configuration='/system/usr/idc/uinput-fpc.idc', keyLayout='/system/usr/keylayout/uinput-fpc.kl', keyCharacterMap='/system/usr/keychars/Generic.kcm', builtinKeyboard=true, 
11-16 08:57:20.866: W/InputReader(1202): Ignoring spurious device added event for deviceId 0.
11-16 08:57:20.867: E/fpc_tac(20207): fpcbuildinfo : 575ddab5b91efea67ee1d200fc813ff2fpc_bio=bd35c3fec78219829149bea6c9ec961e6f655b90C:prodtestlib=4304cf5c884c198624b749af3482befacbd3028eC:fpc_c_core=dc194509594e837dedfb5452aaf06fcb61977135C:fpc_lib=cd5b7b876c3d69afa68a11ac6fd86f873e70817bC:cac=297e11552c60a3607ed664cf44c3e4b36ab2e737C:fpc_bio_interface=94a457caecae31eca8ef04b64c3f82a018e9bbc0C:fpc_sensor=ba909a5500944acafe47a0ef3a49f89509aadfb6C:tools_core=94ddf1e684cfa6c99f0f237f7cc35f3962e0e597C:sensor_settings=4fcf864fb493ae0272a9b2806446b379d99fd8ceC:fingerprint_ta=066bc0ab880960a4a69b74a328c7d7871c72225bC:fingerprint_pal=0deb9a478a3572872639f9cb2559ccc464ee3f9bC:manifests=dcb3d8ab0bdb7a5b341839d8c75bb88fc7f5e1a4C:Manifesttag=SW23.3.0-PDR1.0.5:jenkins@84ffd74dac44:Thu,17May201810:17:08+0200:FPC_SENSOR_TYPE=FPC_SENSOR_TYPE_FPC1270:FPC_CC_TYPE=FPC_COMPANION_CHIP_FPC2050:FPC_C_TYPE=FPC_COATING_NORMAL
11-16 08:57:20.867: E/fpc_tac(20207): fpcbuildtype : build=RELEASE sensor=9
11-16 08:57:20.885: W/ctxmgr(11052): [AclManager] null policy map (0) 67, clientInfo=(accnt=account#-517948760#, com.google.android.googlequicksearchbox(10047):com.google.android.googlequicksearchbox, vrsn=12211000, 1, 3pPkg = null ,  3pMdlId = null ,  pid = 10198 ,  featureId = null) [CONTEXT service_id=47 ]
11-16 08:57:20.900: E/GmsContextObserver(10198): Failed to register context manager listener: Status{statusCode=unknown status code: 7503, resolution=null}
11-16 08:57:20.921: D/sound_trigger_hw(750): stdev_start_recognition:[1] Enter
11-16 08:57:20.921: D/sound_trigger_hw(750): loaded_state_fn:[1] handle event id 2
11-16 08:57:20.921: D/sound_trigger_platform(750): platform_stdev_get_capture_device: available devices 0x80000004, device 0x80000004
11-16 08:57:20.921: D/sound_trigger_platform(750): platform_stdev_get_device_sample_rate: sample rate 16000
11-16 08:57:20.921: D/sound_trigger_platform(750): platform_stdev_send_hwmad_cal: previous acdb_id 128 matches new acdb_id 128 return
11-16 08:57:20.921: D/sound_trigger_platform(750): platform_stdev_send_calibration: sending device calibration for device(1) acdb_id(128)
11-16 08:57:20.921: D/ACDB-LOADER(750): ACDB -> send_afe_topology
11-16 08:57:20.921: D/ACDB-LOADER(750): ACDB -> ACDB_CMD_GET_AFE_TOPOLOGY_ID
11-16 08:57:20.921: D/ACDB-LOADER(750): ACDB -> GET_AFE_TOPOLOGY_ID for adcd_id 128, Topology Id 12e19
11-16 08:57:20.921: D/ACDB-LOADER(750): ACDB -> send_afe_cal
11-16 08:57:20.921: D/ACDB-LOADER(750): ACDB -> ACDB_CMD_GET_AFE_COMMON_TABLE_SIZE
11-16 08:57:20.921: D/ACDB-LOADER(750): ACDB -> ACDB_CMD_GET_AFE_COMMON_TABLE
11-16 08:57:20.921: D/ACDB-LOADER(750): ACDB -> AUDIO_SET_AFE_CAL
11-16 08:57:20.921: D/sound_trigger_hw(750): set_device: enable device (1) = listen-cpe-handset-mic
11-16 08:57:20.921: D/audio_route(750): Apply path: listen-cpe-handset-mic
11-16 08:57:20.924: W/ctxmgr(11052): [AclManager] null policy map (0) 67, clientInfo=(accnt=account#-517948760#, com.google.android.googlequicksearchbox(10047):com.google.android.googlequicksearchbox, vrsn=12211000, 1, 3pPkg = null ,  3pMdlId = null ,  pid = 10198 ,  featureId = null) [CONTEXT service_id=47 ]
11-16 08:57:20.938: D/sound_trigger_hw(750): get_confidence_levels_payload: No smlib for uuid, sending opaque data
11-16 08:57:20.938: D/sound_trigger_hw(750): start:[1] gcs start VA engine, enable 1 token 3
11-16 08:57:20.938: D/sound_trigger_hw(750): start:[1] calling gcs_enable with handle 1, non-persist cal 0xe989a198, sz 24
11-16 08:57:20.938: D/ACDB-LOADER(750): ACDB -> ACDB_WDSP_CMD_GET_SUBGRAPH_MODULE_CALIBRATION_SIZE
11-16 08:57:20.938: D/ACDB-LOADER(750): ACDB -> ACDB_WDSP_CMD_GET_SUBGRAPH_MODULE_CALIBRATION
11-16 08:57:20.938: D/ACDB-LOADER(750): ACDB -> ACDB_WDSP_CMD_GET_SUBGRAPH_MODULE_CALIBRATION_SIZE
11-16 08:57:20.938: D/ACDB-LOADER(750): ACDB -> ACDB_WDSP_CMD_GET_SUBGRAPH_MODULE_CALIBRATION
11-16 08:57:20.938: D/ACDB-LOADER(750): ACDB -> ACDB_WDSP_CMD_GET_SUBGRAPH_MODULE_CONNECTION_SIZE
11-16 08:57:20.938: D/ACDB-LOADER(750): [ 11-16 08:57:20.938   750:  750 E/         ]
11-16 08:57:20.938: D/ACDB-LOADER(750): gcs_get_sg_mod_conn_and_update_pld: subgraph mod conn size 0. Exiting
11-16 08:57:20.938: D/ACDB-LOADER(750): ACDB -> ACDB_WDSP_CMD_GET_SUBGRAPH_MODULE_CONNECTION_SIZE
11-16 08:57:20.938: D/ACDB-LOADER(750): ACDB -> ACDB_WDSP_CMD_GET_SUBGRAPH_MODULE_CONNECTION
11-16 08:57:20.938: D/ACDB-LOADER(750): ACDB -> ACDB_WDSP_CMD_GET_SUBGRAPH_CONNECTIONS_SIZE
11-16 08:57:20.938: D/ACDB-LOADER(750): ACDB -> ACDB_WDSP_CMD_GET_SUBGRAPHS_CONNECTION
11-16 08:57:20.938: D/ACDB-LOADER(750): ACDB -> ACDB_WDSP_CMD_GET_SUBGRAPH_CONNECTIONS_SIZE
11-16 08:57:20.938: D/ACDB-LOADER(750): [ 11-16 08:57:20.938   750:  750 E/         ]
11-16 08:57:20.938: D/ACDB-LOADER(750): __gcs_get_sg_conn_and_update_pld: subgraph conn size 0. Exiting
11-16 08:57:20.938: D/ACDB-LOADER(750): [ 11-16 08:57:20.938   750:  750 D/         ]
11-16 08:57:20.938: D/ACDB-LOADER(750): pktzr_send_cmd: opcode = 0x3, size = 452, token = 8
11-16 08:57:20.938: D/ACDB-LOADER(750): [ 11-16 08:57:20.949   750: 1115 D/         ]
11-16 08:57:20.938: D/ACDB-LOADER(750): ipc_resp_thread: opcode: 0x2, payload_size: 4, resp_buf size: 16
11-16 08:57:20.938: D/ACDB-LOADER(750): [ 11-16 08:57:20.949   750: 1115 D/         ]
11-16 08:57:20.938: D/ACDB-LOADER(750): pktzr_resp_cb: opcode = 0x2 size = 4 token = 8
11-16 08:57:20.938: D/ACDB-LOADER(750): [ 11-16 08:57:20.949   750: 1115 D/         ]
11-16 08:57:20.938: D/ACDB-LOADER(750): pktzr_resp_cb: token 8 matched
11-16 08:57:20.949: D/sound_trigger_hw(750): reg_hal_event_session: ST_EVENT_SESSION_REGISTER capture_handle 62 p_ses 0xe98df000
11-16 08:57:20.949: D/sound_trigger_hw(750): session[1]: loaded_state_fn ---> active_state_fn 
11-16 08:57:20.949: D/sound_trigger_hw(750): stdev_start_recognition:[1] Exit
11-16 08:57:20.949: I/SoundTriggerHelper(1202): startRecognition successful.
11-16 08:57:20.950: I/GsaVoiceInteractionSrv(4161): Start Hotword Recognition Status: true
11-16 08:57:20.961: D/AndroidRuntime(20219): >>>>>> START com.android.internal.os.RuntimeInit uid 2000 <<<<<<
11-16 08:57:21.017: I/app_process(20219): The ClassLoaderContext is a special shared library.
11-16 08:57:21.039: D/AndroidRuntime(20219): Calling main entry com.android.commands.input.Input
11-16 08:57:21.040: I/Input(20219): injectKeyEvent: KeyEvent { action=ACTION_DOWN, keyCode=KEYCODE_HOME, scanCode=0, metaState=0, flags=0x0, repeatCount=0, eventTime=1509856, downTime=1509856, deviceId=-1, source=0x101 }
11-16 08:57:21.045: I/Input(20219): injectKeyEvent: KeyEvent { action=ACTION_UP, keyCode=KEYCODE_HOME, scanCode=0, metaState=0, flags=0x0, repeatCount=0, eventTime=1509856, downTime=1509856, deviceId=-1, source=0x101 }
11-16 08:57:21.047: V/StatusBar(3676): mStatusBarWindow: com.android.systemui.statusbar.phone.StatusBarWindowView{5b7da7 V.ED..... ........ 0,0-1080,66} canPanelBeCollapsed(): false
11-16 08:57:21.047: I/vol.Events(3676): writeEvent dismiss_dialog volume_controller
11-16 08:57:21.048: I/ActivityManager(1202): START u0 {act=android.intent.action.MAIN cat=[android.intent.category.HOME] flg=0x10200000 cmp=com.google.android.apps.nexuslauncher/.NexusLauncherActivity (has extras)} from uid 1000
11-16 08:57:21.051: D/AndroidRuntime(20219): Shutting down VM
11-16 08:57:21.070: I/GoogleInputMethod(3658): onFinishInput() : Dummy InputConnection bound
11-16 08:57:21.071: I/GoogleInputMethod(3658): onStartInput() : Dummy InputConnection bound
11-16 08:57:21.077: I/ActivityManager(1202): Force stopping com.google.devtools.mobileharness.platform.android.app.binary.adbwatchdog appid=10154 user=-1: installPackageLI
11-16 08:57:21.077: I/ActivityManager(1202): Killing 19248:com.google.devtools.mobileharness.platform.android.app.binary.adbwatchdog/u0a154 (adj 200): stop com.google.devtools.mobileharness.platform.android.app.binary.adbwatchdog
11-16 08:57:21.077: W/ActivityManager(1202): Scheduling restart of crashed service com.google.devtools.mobileharness.platform.android.app.binary.adbwatchdog/.DaemonService in 1000ms
11-16 08:57:21.080: W/libprocessgroup(1202): kill(-19248, 9) failed: No such process
11-16 08:57:21.081: I/ActivityManager(1202):   Force stopping service ServiceRecord{1b7014f u0 com.google.devtools.mobileharness.platform.android.app.binary.adbwatchdog/.DaemonService}
11-16 08:57:21.098: I/Zygote(735): Process 19248 exited due to signal (9)
11-16 08:57:21.103: W/libprocessgroup(1202): kill(-19248, 9) failed: No such process
11-16 08:57:21.103: I/libprocessgroup(1202): Successfully killed process cgroup uid 10154 pid 19248 in 23ms
11-16 08:57:21.129: I/PackageManager(1202): Update package com.google.devtools.mobileharness.platform.android.app.binary.adbwatchdog code path from /data/app/com.google.devtools.mobileharness.platform.android.app.binary.adbwatchdog-q1NHj9d-9uwzlmY_GuYiAQ== to /data/app/com.google.devtools.mobileharness.platform.android.app.binary.adbwatchdog-RjIkgGn0eIBAdJkNb_KFrA==; Retain data and using new
11-16 08:57:21.129: I/PackageManager(1202): Update package com.google.devtools.mobileharness.platform.android.app.binary.adbwatchdog resource path from /data/app/com.google.devtools.mobileharness.platform.android.app.binary.adbwatchdog-q1NHj9d-9uwzlmY_GuYiAQ== to /data/app/com.google.devtools.mobileharness.platform.android.app.binary.adbwatchdog-RjIkgGn0eIBAdJkNb_KFrA==; Retain data and using new
11-16 08:57:21.165: I/ActivityManager(1202): START u0 {flg=0x10000000 cmp=com.google.android.apps.mtaas.backdrop/.BackdropActivity} from uid 2000
11-16 08:57:21.176: D/android.hardware.power@1.3-service.crosshatch-libperfmgr(767): LAUNCH ON
11-16 08:57:21.200: I/ActivityManager(1202): Start proc 20246:com.google.android.apps.mtaas.backdrop/u0a163 for activity com.google.android.apps.mtaas.backdrop/.BackdropActivity
11-16 08:57:21.215: E/.mtaas.backdro(20246): Not starting debugger since process cannot load the jdwp agent.
11-16 08:57:21.238: W/.android.chrom(20162): JIT profile information will not be recorded: profile file does not exits.
11-16 08:57:21.242: I/MultiDex(20246): VM with version 2.1.0 has multidex support
11-16 08:57:21.242: I/MultiDex(20246): install
11-16 08:57:21.242: I/MultiDex(20246): VM has multidex support, MultiDex support library is disabled.
11-16 08:57:21.244: E/libc(20246): Access denied finding property "vendor.debug.egl.profiler"
11-16 08:57:21.243: W/com.google.android.apps.mtaas.backdrop(20246): type=1400 audit(0.0:330): avc: denied { read } for comm=45474C20496E6974 name="u:object_r:vendor_default_prop:s0" dev="tmpfs" ino=15689 scontext=u:r:untrusted_app:s0:c163,c256,c512,c768 tcontext=u:object_r:vendor_default_prop:s0 tclass=file permissive=0
11-16 08:57:21.257: I/BackdropActivity(20246): onCreate()
11-16 08:57:21.263: I/ActivityManager(1202): Activity requesting to dismiss Keyguard: ActivityRecord{fc65898 u0 com.google.android.apps.mtaas.backdrop/.BackdropActivity t4}
11-16 08:57:21.292: D/sound_trigger_hw(750): stdev_stop_recognition:[1] Enter
11-16 08:57:21.292: D/sound_trigger_hw(750): active_state_fn:[1] handle event id 7
11-16 08:57:21.292: D/sound_trigger_hw(750): active_state_fn:[1] unhandled event
11-16 08:57:21.292: D/sound_trigger_hw(750): active_state_fn:[1] handle event id 4
11-16 08:57:21.292: D/sound_trigger_hw(750): dereg_hal_event_session: ST_EVENT_SESSION_DEREGISTER capture_handle 62 p_ses 0xe98df000
11-16 08:57:21.292: D/sound_trigger_hw(750): stop:[1] gcs stop VA engine, size=24
11-16 08:57:21.292: D/sound_trigger_hw(750): [ 11-16 08:57:21.292   750:  750 D/         ]
11-16 08:57:21.292: D/sound_trigger_hw(750): pktzr_send_cmd: opcode = 0x5, size = 24, token = 9
11-16 08:57:21.292: D/sound_trigger_hw(750): [ 11-16 08:57:21.297   750: 1115 D/         ]
11-16 08:57:21.292: D/sound_trigger_hw(750): ipc_resp_thread: opcode: 0x2, payload_size: 4, resp_buf size: 16
11-16 08:57:21.292: D/sound_trigger_hw(750): [ 11-16 08:57:21.297   750: 1115 D/         ]
11-16 08:57:21.292: D/sound_trigger_hw(750): pktzr_resp_cb: opcode = 0x2 size = 4 token = 9
11-16 08:57:21.292: D/sound_trigger_hw(750): [ 11-16 08:57:21.297   750: 1115 D/         ]
11-16 08:57:21.292: D/sound_trigger_hw(750): pktzr_resp_cb: token 9 matched
11-16 08:57:21.297: D/sound_trigger_hw(750): stop:[1] calling gcs_disable with handle 1
11-16 08:57:21.297: D/sound_trigger_hw(750): [ 11-16 08:57:21.297   750:  750 E/         ]
11-16 08:57:21.297: D/sound_trigger_hw(750): __gcs_disable_update_pld: sgt_array[i] = 0x1
11-16 08:57:21.297: D/sound_trigger_hw(750): [ 11-16 08:57:21.297   750:  750 E/         ]
11-16 08:57:21.297: D/sound_trigger_hw(750): __gcs_disable_update_pld: sgt_array[i] = 0x2
11-16 08:57:21.297: D/sound_trigger_hw(750): [ 11-16 08:57:21.297   750:  750 D/         ]
11-16 08:57:21.297: D/sound_trigger_hw(750): pktzr_send_cmd: opcode = 0x4, size = 80, token = 10
11-16 08:57:21.308: I/FontLog(11052): Received query Google Sans, URI content://com.google.android.gms.fonts [CONTEXT service_id=132 ]
11-16 08:57:21.309: I/FontLog(11052): Query [Google Sans] resolved to {Google Sans, wdth 100.0, wght 400, ital 0.0, bestEffort false} [CONTEXT service_id=132 ]
11-16 08:57:21.311: I/system_server(1202): Explicit concurrent copying GC freed 119878(5MB) AllocSpace objects, 87(2MB) LOS objects, 42% free, 15MB/27MB, paused 51us total 143.168ms
11-16 08:57:21.311: I/system_server(1202): [ 11-16 08:57:21.312   839: 1370 E/         ]
11-16 08:57:21.311: I/system_server(1202): Couldn't opendir /data/app/vmdl715061462.tmp: No such file or directory
11-16 08:57:21.312: E/installd(839): Failed to delete /data/app/vmdl715061462.tmp: No such file or directory
11-16 08:57:21.314: I/ActivityManager(1202): Force stopping com.google.devtools.mobileharness.platform.android.app.binary.adbwatchdog appid=10154 user=0: pkg removed
11-16 08:57:21.314: I/ActivityManager(1202): [ 11-16 08:57:21.315   750: 1115 D/         ]
11-16 08:57:21.314: I/ActivityManager(1202): ipc_resp_thread: opcode: 0x2, payload_size: 4, resp_buf size: 16
11-16 08:57:21.314: I/ActivityManager(1202): [ 11-16 08:57:21.315   750: 1115 D/         ]
11-16 08:57:21.314: I/ActivityManager(1202): pktzr_resp_cb: opcode = 0x2 size = 4 token = 10
11-16 08:57:21.314: I/ActivityManager(1202): [ 11-16 08:57:21.315   750: 1115 D/         ]
11-16 08:57:21.314: I/ActivityManager(1202): pktzr_resp_cb: token 10 matched
11-16 08:57:21.315: D/sound_trigger_hw(750): set_device: disable device (1) = listen-cpe-handset-mic
11-16 08:57:21.318: D/sound_trigger_hw(750): session[1]: active_state_fn ---> loaded_state_fn 
11-16 08:57:21.318: D/sound_trigger_hw(750): stdev_stop_recognition:[1] Exit status 0
11-16 08:57:21.319: W/BroadcastQueue(1202): Background execution not allowed: receiving Intent { act=android.intent.action.PACKAGE_REMOVED dat=package:com.google.devtools.mobileharness.platform.android.app.binary.adbwatchdog flg=0x4000010 (has extras) } to com.android.musicfx/.Compatibility$Receiver
11-16 08:57:21.319: W/BroadcastQueue(1202): Background execution not allowed: receiving Intent { act=android.intent.action.PACKAGE_REMOVED dat=package:com.google.devtools.mobileharness.platform.android.app.binary.adbwatchdog flg=0x4000010 (has extras) } to com.android.vending/com.google.android.finsky.packagemanager.impl.PackageMonitorReceiverImpl$RegisteredReceiver
11-16 08:57:21.319: W/BroadcastQueue(1202): Background execution not allowed: receiving Intent { act=android.intent.action.PACKAGE_REMOVED dat=package:com.google.devtools.mobileharness.platform.android.app.binary.adbwatchdog flg=0x4000010 (has extras) } to com.android.vending/com.google.android.finsky.instantapps.appmanagement.InstantAppRemoveMonitor
11-16 08:57:21.319: W/BroadcastQueue(1202): Background execution not allowed: receiving Intent { act=android.intent.action.PACKAGE_REMOVED dat=package:com.google.devtools.mobileharness.platform.android.app.binary.adbwatchdog flg=0x4000010 (has extras) } to com.google.android.gms/.games.chimera.GamesSystemBroadcastReceiverProxy
11-16 08:57:21.319: W/BroadcastQueue(1202): Background execution not allowed: receiving Intent { act=android.intent.action.PACKAGE_REMOVED dat=package:com.google.devtools.mobileharness.platform.android.app.binary.adbwatchdog flg=0x4000010 (has extras) } to com.google.android.gms/.chimera.GmsIntentOperationService$PersistentTrustedReceiver
11-16 08:57:21.319: W/BroadcastQueue(1202): Background execution not allowed: receiving Intent { act=android.intent.action.PACKAGE_REMOVED dat=package:com.google.devtools.mobileharness.platform.android.app.binary.adbwatchdog flg=0x4000010 (has extras) } to com.google.android.googlequicksearchbox/com.google.android.apps.gsa.googlequicksearchbox.GelStubAppWatcher
11-16 08:57:21.322: I/InputReader(1202): Reconfiguring input devices.  changes=0x00000010
11-16 08:57:21.325: W/BroadcastQueue(1202): Background execution not allowed: receiving Intent { act=android.intent.action.PACKAGE_ADDED dat=package:com.google.devtools.mobileharness.platform.android.app.binary.adbwatchdog flg=0x4000010 (has extras) } to com.android.musicfx/.Compatibility$Receiver
11-16 08:57:21.325: W/BroadcastQueue(1202): Background execution not allowed: receiving Intent { act=android.intent.action.PACKAGE_ADDED dat=package:com.google.devtools.mobileharness.platform.android.app.binary.adbwatchdog flg=0x4000010 (has extras) } to com.android.vending/com.google.android.finsky.packagemanager.impl.PackageMonitorReceiverImpl$RegisteredReceiver
11-16 08:57:21.325: W/BroadcastQueue(1202): Background execution not allowed: receiving Intent { act=android.intent.action.PACKAGE_ADDED dat=package:com.google.devtools.mobileharness.platform.android.app.binary.adbwatchdog flg=0x4000010 (has extras) } to com.google.android.gms/.games.chimera.GamesSystemBroadcastReceiverProxy
11-16 08:57:21.325: W/BroadcastQueue(1202): Background execution not allowed: receiving Intent { act=android.intent.action.PACKAGE_ADDED dat=package:com.google.devtools.mobileharness.platform.android.app.binary.adbwatchdog flg=0x4000010 (has extras) } to com.google.android.gms/.gass.chimera.PackageChangeBroadcastReceiver
11-16 08:57:21.325: W/BroadcastQueue(1202): Background execution not allowed: receiving Intent { act=android.intent.action.PACKAGE_ADDED dat=package:com.google.devtools.mobileharness.platform.android.app.binary.adbwatchdog flg=0x4000010 (has extras) } to com.google.android.gms/.chimera.GmsIntentOperationService$PersistentTrustedReceiver
11-16 08:57:21.325: W/BroadcastQueue(1202): Background execution not allowed: receiving Intent { act=android.intent.action.PACKAGE_ADDED dat=package:com.google.devtools.mobileharness.platform.android.app.binary.adbwatchdog flg=0x4000010 (has extras) } to com.google.android.googlequicksearchbox/com.google.android.apps.gsa.googlequicksearchbox.GelStubAppWatcher
11-16 08:57:21.325: W/BroadcastQueue(1202): Background execution not allowed: receiving Intent { act=android.intent.action.PACKAGE_ADDED dat=package:com.google.devtools.mobileharness.platform.android.app.binary.adbwatchdog flg=0x4000010 (has extras) } to com.google.android.ims/.receivers.RcsAutoStartReceiver
11-16 08:57:21.334: I/Telecom(1202): DefaultDialerCache: Refreshing default dialer for user 0: now com.google.android.dialer: DDC.oR@AKM
11-16 08:57:21.331: I/InputReader(1202): Reconfiguring input devices.  changes=0x00000010
11-16 08:57:21.337: I/FontLog(11052): Font PFD returned from cache for {Google Sans, wdth 100.0, wght 400, ital 0.0, bestEffort false} [CONTEXT service_id=132 ]
11-16 08:57:21.337: I/FontLog(11052): Fetch {Google Sans, wdth 100.0, wght 400, ital 0.0, bestEffort false} end status Status{statusCode=SUCCESS, resolution=null} [CONTEXT service_id=132 ]
11-16 08:57:21.350: I/InputReader(1202): Reconfiguring input devices.  changes=0x00000010
11-16 08:57:21.350: I/GsaVoiceInteractionSrv(4161): Stop Hotword Recognition status: true
11-16 08:57:21.353: V/BackupManagerConstants(1202): getFullBackupIntervalMilliseconds(...) returns 86400000
11-16 08:57:21.353: I/CarrierServices(13885): [2] RcsAutoStartReceiver.b: carrierServicesJibeServiceEnabled changed from true to true
11-16 08:57:21.356: I/CarrierServices(13885): [2] RcsAutoStartReceiver.b: enableRcs changed from true to true
11-16 08:57:21.356: W/system_server(1202): Unknown chunk type '200'.
11-16 08:57:21.364: I/FontLog(11052): Pulling font file for id = 5, cache size = 5 [CONTEXT service_id=132 ]
11-16 08:57:21.364: I/CarrierServices(13885): [2] RcsAutoStartReceiver.b: RcsAutoStartReceiver triggered. Fetching RCS State. Action: android.intent.action.PACKAGE_ADDED
11-16 08:57:21.369: I/Finsky(13211): [2] yeh.d(13): PackageMonitorReceiverImpl - Received: android.intent.action.PACKAGE_REMOVED, [5_BsCEFvPI5dHWDFmsBuJmqIMsP1d9noPhRmLxDtYXY]
11-16 08:57:21.369: I/Finsky(13211): [2] yfi.g(1): Invalidating cached PackageState for com.google.devtools.mobileharness.platform.android.app.binary.adbwatchdog
11-16 08:57:21.372: I/CarrierServices(13885): [2] aws.a: Migration binding to RcsMigrationService
11-16 08:57:21.377: D/RegisteredNfcFServicesCache(4167): Service unchanged, not updating
11-16 08:57:21.378: I/BugleDataModel(7552): RcsMigrationService: Returning RCS state provider.
11-16 08:57:21.379: I/Finsky(13211): [2] owk.d(2): Frosting ID looked up on UI thread. Caller should move to a background thread.
11-16 08:57:21.381: I/CarrierServices(13885): [2] RcsAutoStartReceiver.b: carrierServicesJibeServiceEnabled changed from true to true
11-16 08:57:21.382: I/ActivityManager(1202): Start proc 20279:android.process.acore/u0a42 for broadcast com.android.providers.contacts/.LocaleChangeReceiver
11-16 08:57:21.382: I/CarrierServices(13885): [2] RcsAutoStartReceiver.b: enableRcs changed from true to true
11-16 08:57:21.385: I/CarrierServices(13885): [2] RcsAutoStartReceiver.b: RcsAutoStartReceiver triggered. Fetching RCS State. Action: android.intent.action.PACKAGE_REPLACED
11-16 08:57:21.387: E/PhoneInterfaceManager(3802): [PhoneIntfMgr] getCarrierPackageNamesForIntent: No UICC
11-16 08:57:21.387: D/CarrierSvcBindHelper(3802): No carrier app for: 0
11-16 08:57:21.387: E/PhoneInterfaceManager(3802): [PhoneIntfMgr] getCarrierPackageNamesForIntent: No UICC
11-16 08:57:21.387: D/CarrierSvcBindHelper(3802): No carrier app for: 0
11-16 08:57:21.390: I/Finsky(13211): [2] qnq.s(2): Installer: package com.google.devtools.mobileharness.platform.android.app.binary.adbwatchdog was removed. replacing: true
11-16 08:57:21.392: I/Finsky(13211): [280] ovx.run(16): Wrote row to frosting DB: 224
11-16 08:57:21.392: I/CarrierServices(13885): [2] aws.a: Migration binding to RcsMigrationService
11-16 08:57:21.394: E/VvmPkgInstalledRcvr(3802): cannot create TelephonyManager from ComponentInfo{com.android.phone/com.android.services.telephony.TelephonyConnectionService}, ***, UserHandle{0}
11-16 08:57:21.395: I/BackdropActivity(20246): android_id: 3598190036871418442
11-16 08:57:21.396: E/d.process.acor(20279): Not starting debugger since process cannot load the jdwp agent.
11-16 08:57:21.397: D/ImsResolver(3802): maybeAddedImsService, packageName: com.google.devtools.mobileharness.platform.android.app.binary.adbwatchdog
11-16 08:57:21.397: D/CarrierConfigLoader(3802): mHandler: 9 phoneId: 0
11-16 08:57:21.399: I/Finsky(13211): [2] qoo.L(12): Installer: Notifying status update. package=com.google.devtools.mobileharness.platform.android.app.binary.adbwatchdog, status=UNINSTALLED
11-16 08:57:21.402: I/Finsky(13211): [277] jnw.a(15): [ContentSync] finished, scheduled=false
11-16 08:57:21.408: I/Finsky(13211): [281] gxn.a(23): Cancelled 0 ongoing asset module downloads for package com.google.devtools.mobileharness.platform.android.app.binary.adbwatchdog due to a concurrent app update.
11-16 08:57:21.409: I/BackdropActivity(20246): onResume()
11-16 08:57:21.412: I/Finsky(13211): [2] owk.d(2): Frosting ID looked up on UI thread. Caller should move to a background thread.
11-16 08:57:21.415: I/BugleRcsEngine(7552): [441] pot.a: Sim state is not ready. Returning last known operation mode.
11-16 08:57:21.416: I/Fitness(11052): FitCleanupIntentOperation received Intent android.intent.action.PACKAGE_REMOVED [CONTEXT service_id=17 ]
11-16 08:57:21.418: I/ActivityManager(1202): Start proc 20293:com.google.devtools.mobileharness.platform.android.app.binary.adbwatchdog/u0a154 for service com.google.devtools.mobileharness.platform.android.app.binary.adbwatchdog/.DaemonService
11-16 08:57:21.418: I/ActivityManager(1202): Activity requesting to dismiss Keyguard: ActivityRecord{fc65898 u0 com.google.android.apps.mtaas.backdrop/.BackdropActivity t4}
11-16 08:57:21.418: I/Finsky(13211): [2] yeh.d(13): PackageMonitorReceiverImpl - Received: android.intent.action.PACKAGE_ADDED, [5_BsCEFvPI5dHWDFmsBuJmqIMsP1d9noPhRmLxDtYXY]
11-16 08:57:21.419: I/Finsky(13211): [2] yfi.g(1): Invalidating cached PackageState for com.google.devtools.mobileharness.platform.android.app.binary.adbwatchdog
11-16 08:57:21.421: I/Finsky(13211): [2] owk.d(2): Frosting ID looked up on UI thread. Caller should move to a background thread.
11-16 08:57:21.424: D/OpenGLRenderer(20246): Skia GL Pipeline
11-16 08:57:21.427: I/FontLog(11052): Package com.google.devtools.mobileharness.platform.android.app.binary.adbwatchdog has no metadata [CONTEXT service_id=132 ]
11-16 08:57:21.429: I/Finsky(13211): [2] amas.a(3): Do not start WearSupportService due to Wear service optimization
11-16 08:57:21.431: I/Finsky(13211): [281] gxk.a(15): Asset module broadcast after update successful for package com.google.devtools.mobileharness.platform.android.app.binary.adbwatchdog. 0 sessions broadcast.
11-16 08:57:21.432: I/Auth(13581): [SupervisedAccountIntentOperation] onHandleIntent(): android.intent.action.PACKAGE_ADDED
11-16 08:57:21.434: I/ary.adbwatchdo(20293): Late-enabling -Xcheck:jni
11-16 08:57:21.436: I/Finsky(13211): [2] owk.d(2): Frosting ID looked up on UI thread. Caller should move to a background thread.
11-16 08:57:21.439: I/CarrierServices(13885): [821] awt.doInBackground: Saving RCS State
11-16 08:57:21.439: I/CarrierServices(13885): [821] awt.doInBackground: Old operation mode: 0
11-16 08:57:21.440: I/CarrierServices(13885): [821] awt.doInBackground: New operation mode: 0
11-16 08:57:21.440: I/Finsky(13211): [280] ovx.run(16): Wrote row to frosting DB: 225
11-16 08:57:21.441: I/Finsky(13211): [277] jnw.a(15): [ContentSync] finished, scheduled=false
11-16 08:57:21.442: I/Finsky(13211): [2] yeh.d(13): PackageMonitorReceiverImpl - Received: android.intent.action.PACKAGE_ADDED, [5_BsCEFvPI5dHWDFmsBuJmqIMsP1d9noPhRmLxDtYXY]
11-16 08:57:21.443: I/Finsky(13211): [2] yfi.g(1): Invalidating cached PackageState for com.google.devtools.mobileharness.platform.android.app.binary.adbwatchdog
11-16 08:57:21.443: I/FTLNetworkMonitor(20246): NetworkMonitoringService was created
11-16 08:57:21.444: I/BugleRcsEngine(7552): [441] pot.a: Sim state is not ready. Returning last known operation mode.
11-16 08:57:21.446: I/CarrierServices(13885): [2] aww.a: Unbinding RcsMigrationService
11-16 08:57:21.446: I/CarrierServices(13885): [822] awt.doInBackground: Saving RCS State
11-16 08:57:21.446: I/CarrierServices(13885): [822] awt.doInBackground: Old operation mode: 0
11-16 08:57:21.447: I/CarrierServices(13885): [822] awt.doInBackground: New operation mode: 0
11-16 08:57:21.447: I/Finsky(13211): [2] owk.d(2): Frosting ID looked up on UI thread. Caller should move to a background thread.
11-16 08:57:21.450: D/BoundBrokerSvc(13581): onBind: Intent { act=com.google.android.gms.common.BIND_SHARED_PREFS pkg=com.google.android.gms }
11-16 08:57:21.450: D/BoundBrokerSvc(13581): Loading bound service for intent: Intent { act=com.google.android.gms.common.BIND_SHARED_PREFS pkg=com.google.android.gms }
11-16 08:57:21.451: I/CarrierServices(13885): [2] aww.a: Unbinding RcsMigrationService
11-16 08:57:21.454: I/Finsky(13211): [2] yeh.d(16): PackageMonitorReceiverImpl - Deduping intent android.intent.action.PACKAGE_ADDED
11-16 08:57:21.456: I/Adreno(20246): QUALCOMM build                   : 3f88ca2, I42f6fe38fb
11-16 08:57:21.456: I/Adreno(20246): Build Date                       : 07/13/18
11-16 08:57:21.456: I/Adreno(20246): OpenGL ES Shader Compiler Version: EV031.24.00.00
11-16 08:57:21.456: I/Adreno(20246): Local Branch                     : 50.04
11-16 08:57:21.456: I/Adreno(20246): Remote Branch                    : 
11-16 08:57:21.456: I/Adreno(20246): Remote Branch                    : 
11-16 08:57:21.456: I/Adreno(20246): Reconstruct Branch               : 
11-16 08:57:21.456: I/Adreno(20246): Build Config                     : S P 4.0.10 AArch64
11-16 08:57:21.456: W/RenderThread(20246): type=1400 audit(0.0:331): avc: denied { read } for name="u:object_r:vendor_default_prop:s0" dev="tmpfs" ino=15689 scontext=u:r:untrusted_app:s0:c163,c256,c512,c768 tcontext=u:object_r:vendor_default_prop:s0 tclass=file permissive=0
11-16 08:57:21.458: E/libc(20246): Access denied finding property "ro.vendor.graphics.memory"
11-16 08:57:21.459: I/Adreno(20246): PFP: 0x016ee170, ME: 0x00000000
11-16 08:57:21.459: I/Finsky(13211): [280] ovx.run(16): Wrote row to frosting DB: 226
11-16 08:57:21.462: I/Finsky(13211): [2] yeh.d(13): PackageMonitorReceiverImpl - Received: android.intent.action.PACKAGE_ADDED, [5_BsCEFvPI5dHWDFmsBuJmqIMsP1d9noPhRmLxDtYXY]
11-16 08:57:21.462: I/Finsky(13211): [2] yfi.g(1): Invalidating cached PackageState for com.google.devtools.mobileharness.platform.android.app.binary.adbwatchdog
11-16 08:57:21.463: I/ConfigStore(20246): android::hardware::configstore::V1_0::ISurfaceFlingerConfigs::hasWideColorDisplay retrieved: 1
11-16 08:57:21.463: I/Finsky(13211): [280] ovx.run(16): Wrote row to frosting DB: 227
11-16 08:57:21.463: I/ConfigStore(20246): android::hardware::configstore::V1_0::ISurfaceFlingerConfigs::hasHDRDisplay retrieved: 1
11-16 08:57:21.464: I/OpenGLRenderer(20246): Initialized EGL, version 1.4
11-16 08:57:21.464: D/OpenGLRenderer(20246): Swap behavior 2
11-16 08:57:21.469: I/Finsky(13211): [2] owk.d(2): Frosting ID looked up on UI thread. Caller should move to a background thread.
11-16 08:57:21.469: I/Finsky(13211): [280] ovx.run(16): Wrote row to frosting DB: 228
11-16 08:57:21.471: I/Finsky(13211): [280] ovx.run(16): Wrote row to frosting DB: 229
11-16 08:57:21.471: I/Finsky(13211): [2] yeh.d(16): PackageMonitorReceiverImpl - Deduping intent android.intent.action.PACKAGE_ADDED
11-16 08:57:21.472: W/BroadcastQueue(1202): Background execution not allowed: receiving Intent { act=android.intent.action.PACKAGE_REPLACED dat=package:com.google.devtools.mobileharness.platform.android.app.binary.adbwatchdog flg=0x4000010 (has extras) } to com.android.musicfx/.Compatibility$Receiver
11-16 08:57:21.472: I/ActivityManager(1202): Killing 18222:com.google.android.apps.tips/u0a52 (adj 906): empty #17
11-16 08:57:21.473: W/libprocessgroup(1202): kill(-18222, 9) failed: No such process
11-16 08:57:21.473: W/BroadcastQueue(1202): Background execution not allowed: receiving Intent { act=android.intent.action.PACKAGE_REPLACED dat=package:com.google.devtools.mobileharness.platform.android.app.binary.adbwatchdog flg=0x4000010 (has extras) } to com.google.android.apps.photos/.account.full.FetchAccountPropertiesAppUpgradeBroadcastReceiver
11-16 08:57:21.473: W/BroadcastQueue(1202): Background execution not allowed: receiving Intent { act=android.intent.action.PACKAGE_REPLACED dat=package:com.google.devtools.mobileharness.platform.android.app.binary.adbwatchdog flg=0x4000010 (has extras) } to com.google.android.apps.photos/.account.full.SyncAccountsForLoginBroadcastReceiver
11-16 08:57:21.473: W/BroadcastQueue(1202): Background execution not allowed: receiving Intent { act=android.intent.action.PACKAGE_REPLACED dat=package:com.google.devtools.mobileharness.platform.android.app.binary.adbwatchdog flg=0x4000010 (has extras) } to com.google.android.apps.photos/.experiments.phenotype.full.PhenotypeAppUpgradeBroadcastReceiver
11-16 08:57:21.473: W/BroadcastQueue(1202): Background execution not allowed: receiving Intent { act=android.intent.action.PACKAGE_REPLACED dat=package:com.google.devtools.mobileharness.platform.android.app.binary.adbwatchdog flg=0x4000010 (has extras) } to com.google.android.apps.photos/.notificationchannels.AppUpdateBroadcastReceiver
11-16 08:57:21.473: W/BroadcastQueue(1202): Background execution not allowed: receiving Intent { act=android.intent.action.PACKAGE_REPLACED dat=package:com.google.devtools.mobileharness.platform.android.app.binary.adbwatchdog flg=0x4000010 (has extras) } to com.google.android.gms/.gass.chimera.PackageChangeBroadcastReceiver
11-16 08:57:21.473: W/BroadcastQueue(1202): Background execution not allowed: receiving Intent { act=android.intent.action.PACKAGE_REPLACED dat=package:com.google.devtools.mobileharness.platform.android.app.binary.adbwatchdog flg=0x4000010 (has extras) } to com.google.android.gms/.chimera.GmsIntentOperationService$PersistentTrustedReceiver
11-16 08:57:21.473: W/BroadcastQueue(1202): Background execution not allowed: receiving Intent { act=android.intent.action.PACKAGE_REPLACED dat=package:com.google.devtools.mobileharness.platform.android.app.binary.adbwatchdog flg=0x4000010 (has extras) } to com.google.android.googlequicksearchbox/com.google.android.apps.gsa.googlequicksearchbox.GelStubAppWatcher
11-16 08:57:21.473: W/BroadcastQueue(1202): Background execution not allowed: receiving Intent { act=android.intent.action.PACKAGE_REPLACED dat=package:com.google.devtools.mobileharness.platform.android.app.binary.adbwatchdog flg=0x4000010 (has extras) } to com.google.android.ims/.receivers.RcsAutoStartReceiver
11-16 08:57:21.475: I/FTLNetworkMonitor(20246): Network Info: [type: WIFI[], state: CONNECTED/CONNECTED, reason: (unspecified), extra: (none), failover: false, available: true, roaming: false]
11-16 08:57:21.476: I/FTLNetworkMonitor(20246): Network Info: [type: WIFI[], state: CONNECTED/CONNECTED, reason: (unspecified), extra: (none), failover: false, available: true, roaming: false]
11-16 08:57:21.477: I/Finsky(13211): [2] qoo.O(7): Installer: found apps to install. isMultiUserMode=false, apps=[]
11-16 08:57:21.483: W/RenderThread(20246): type=1400 audit(0.0:332): avc: denied { read } for name="u:object_r:vendor_default_prop:s0" dev="tmpfs" ino=15689 scontext=u:r:untrusted_app:s0:c163,c256,c512,c768 tcontext=u:object_r:vendor_default_prop:s0 tclass=file permissive=0
11-16 08:57:21.485: E/libc(20246): Access denied finding property "vendor.gralloc.enable_ahardware_buffer"
11-16 08:57:21.491: W/ChimeraUtils(11052): Module com.google.android.gms.nearby_en has empty metadata display_name_string_id
11-16 08:57:21.492: I/Zygote(735): Process 18222 exited due to signal (9)
11-16 08:57:21.497: I/Finsky(13211): [288] rcb.C(2): IQ: Notifying installation update. package=com.google.devtools.mobileharness.platform.android.app.binary.adbwatchdog, status=UNINSTALLED
11-16 08:57:21.503: D/BoundBrokerSvc(13581): onUnbind: Intent { act=com.google.android.gms.common.BIND_SHARED_PREFS pkg=com.google.android.gms }
11-16 08:57:21.506: I/Finsky(13211): [288] rcb.t(33): IQ: No matching installs to run for jobs: []
11-16 08:57:21.508: I/ContactsPerf(20279): VoicemailContentProvider.onCreate start
11-16 08:57:21.515: D/ContactsDatabaseHelper(20279): WAL enabled for contacts2.db: true
11-16 08:57:21.517: W/libprocessgroup(1202): kill(-18222, 9) failed: No such process
11-16 08:57:21.517: I/libprocessgroup(1202): Successfully killed process cgroup uid 10052 pid 18222 in 44ms
11-16 08:57:21.520: I/ContactsPerf(20279): VoicemailContentProvider.onCreate finish
11-16 08:57:21.532: W/SurfaceFlinger(644): Attempting to set client state on removed layer: Splash Screen com.google.android.apps.mtaas.backdrop#0
11-16 08:57:21.532: W/SurfaceFlinger(644): Attempting to destroy on removed layer: Splash Screen com.google.android.apps.mtaas.backdrop#0
11-16 08:57:21.532: I/GoogleInputMethod(3658): onFinishInput() : Dummy InputConnection bound
11-16 08:57:21.532: I/GoogleInputMethod(3658): onStartInput() : Dummy InputConnection bound
11-16 08:57:21.535: I/ActivityManager(1202): Displayed com.google.android.apps.mtaas.backdrop/.BackdropActivity: +361ms
11-16 08:57:21.545: D/android.hardware.power@1.3-service.crosshatch-libperfmgr(767): LAUNCH OFF
11-16 08:57:21.566: W/ChimeraUtils(11052): Module com.google.android.gms.nearby_en has empty metadata display_name_string_id
11-16 08:57:21.569: I/ary.adbwatchdo(20293): The ClassLoaderContext is a special shared library.
11-16 08:57:21.572: W/ChimeraUtils(11052): Module com.google.android.gms.nearby_en has empty metadata display_name_string_id
11-16 08:57:21.583: I/ContactLocale(20279): AddressBook Labels [[en]]: [, A, B, C, D, E, F, G, H, I, J, K, L, M, N, O, P, Q, R, S, T, U, V, W, X, Y, Z, , , , , , , , , , , , , , , , , , , , , , , , , , , , , , , , , , , , , , , , , , , , , , , , , , , , , , , , , , , , , , , , , , , , , , , , , , , , , , , , , , , , , , , , , , , , , , , , , , , , , , , , , , , , , , , , , , , , , , , , , , , , , , , , , , , , , , , , , , , , , , , , , , , , , , , , , , , , , , , , , , , , , , , , , , , , , , , , , , , , , , , , , , , #, ]
11-16 08:57:21.591: I/ActivityManager(1202): Killing 18241:com.android.vending:instant_app_installer/u0a14 (adj 906): empty #17
11-16 08:57:21.591: D/ContactsDatabaseHelper(20279): WAL enabled for profile.db: false
11-16 08:57:21.593: W/libprocessgroup(1202): kill(-18241, 9) failed: No such process
11-16 08:57:21.606: I/ActivityManager(1202): Start proc 20335:com.android.sdm.plugins.sprintdm/1001 for broadcast com.android.sdm.plugins.sprintdm/.SprintDMReceiver
11-16 08:57:21.617: I/Zygote(736): Process 18241 exited due to signal (9)
11-16 08:57:21.636: W/libprocessgroup(1202): kill(-18241, 9) failed: No such process
11-16 08:57:21.636: I/libprocessgroup(1202): Successfully killed process cgroup uid 10014 pid 18241 in 43ms
11-16 08:57:21.638: E/lugins.sprintd(20335): Not starting debugger since process cannot load the jdwp agent.
11-16 08:57:21.651: I/ContactDirectoryManager(20279): Directory provider packages have changed.
11-16 08:57:21.658: I/lugins.sprintd(20335): The ClassLoaderContext is a special shared library.
11-16 08:57:21.658: I/Icing(13581): Indexing com.google.android.gms-apps from com.google.android.gms
11-16 08:57:21.659: I/lugins.sprintd(20335): The ClassLoaderContext is a special shared library.
11-16 08:57:21.668: I/Icing(13581): Indexing done com.google.android.gms-apps
11-16 08:57:21.669: I/ActivityManager(1202): Start proc 20349:com.google.android.gm/u0a100 for content provider com.google.android.gm/com.android.exchange.provider.ExchangeDirectoryProvider
11-16 08:57:21.671: I/Icing(13581): Indexing com.google.android.gms-apps from com.google.android.gms
11-16 08:57:21.673: I/Icing(13581): Indexing done com.google.android.gms-apps
11-16 08:57:21.684: I/PBSessionCacheImpl(10198): Deleted sessionId[841004528719] from persistence.
11-16 08:57:21.687: E/ogle.android.g(20349): Not starting debugger since process cannot load the jdwp agent.
11-16 08:57:21.687: D/SprintDMReceiver(20335): Received intent: android.intent.action.LOCALE_CHANGED
11-16 08:57:21.693: I/ActivityManager(1202): Killing 18352:com.google.android.apps.scone/u0a28 (adj 906): empty #17
11-16 08:57:21.694: W/libprocessgroup(1202): kill(-18352, 9) failed: No such process
11-16 08:57:21.695: D/SprintDMHelper(20335): simOperator: 
11-16 08:57:21.695: D/SprintDMHelper(20335): Not Sprint UICC, don't do anything.
11-16 08:57:21.697: I/ActivityManager(1202): Killing 19700:com.android.connectivity.metrics/u0a57 (adj 906): empty #17
11-16 08:57:21.720: I/ogle.android.g(20349): The ClassLoaderContext is a special shared library.
11-16 08:57:21.723: D/QSEECOMAPI(20207): QSEECom_get_handle sb_length = 0x400
11-16 08:57:21.723: D/QSEECOMAPI(20207): App is already loaded QSEE and app id = 1
11-16 08:57:21.725: E/fpc_tac(20207): qsee_km_get_encapsulated_key KEYMASTER_GET_AUTH_TOKEN_KEY returned status=-24
11-16 08:57:21.726: D/QSEECOMAPI(20207): QSEECom_dealloc_memory 
11-16 08:57:21.726: D/QSEECOMAPI(20207): QSEECom_shutdown_app, app_id = 1
11-16 08:57:21.726: E/fpc_fingerprint_hal(20207): fpc_hal_open failed
11-16 08:57:21.726: I/EventHub(1202): Removing device uinput-fpc due to epoll hang-up event.
11-16 08:57:21.726: I/EventHub(1202): Removed device: path=/dev/input/event3 name=uinput-fpc id=304 fd=234 classes=0x101
11-16 08:57:21.726: W/EventHub(1202): built-in keyboard device /dev/input/event3 (id=304) is closing! the apps will not like this
11-16 08:57:21.728: W/InputReader(1202): Ignoring spurious device removed event for deviceId 304.
11-16 08:57:21.728: I/EventHub(1202): Removing device '/dev/input/event3' due to inotify event
11-16 08:57:21.737: W/libprocessgroup(1202): kill(-18352, 9) failed: No such process
11-16 08:57:21.740: I/Zygote(736): Process 18352 exited due to signal (9)
11-16 08:57:21.742: I/Zygote(735): Process 19700 exited due to signal (9)
11-16 08:57:21.745: D/QSEECOMAPI(20207): QSEECom_dealloc_memory 
11-16 08:57:21.745: D/QSEECOMAPI(20207): QSEECom_shutdown_app, app_id = 304
11-16 08:57:21.749: W/SearchServiceCore(10198): Abort, client detached.
11-16 08:57:21.753: V/SettingsProvider(1202): Notifying for 0: content://settings/system/accelerometer_rotation
11-16 08:57:21.760: D/ADBWatchdog(20293): ADBWatchdog service is up!
11-16 08:57:21.764: I/ActivityManager(1202): Start proc 20373:com.android.vending:instant_app_installer/u0a14 for broadcast com.android.vending/com.google.android.finsky.instantapps.InstantAppsConfigChangeListener
11-16 08:57:21.769: E/t_app_installe(20373): Not starting debugger since process cannot load the jdwp agent.
11-16 08:57:21.782: I/t_app_installe(20373): The ClassLoaderContext is a special shared library.
11-16 08:57:21.785: W/libprocessgroup(1202): kill(-18352, 9) failed: No such process
11-16 08:57:21.785: I/libprocessgroup(1202): Successfully killed process cgroup uid 10028 pid 18352 in 91ms
11-16 08:57:21.785: W/libprocessgroup(1202): kill(-19700, 9) failed: No such process
11-16 08:57:21.785: I/libprocessgroup(1202): Successfully killed process cgroup uid 10057 pid 19700 in 0ms
11-16 08:57:21.790: I/ADBWatchdog(20293): Starting adb watchdog with: ADB_TTL[3600000], CHECK_INTERVAL[3600000]...
11-16 08:57:21.791: I/Finsky(13211): [2] abxn.f(7): SCH: Cancelling existing jobscheduler jobs: 9001 9003 9004 9002 
11-16 08:57:21.791: I/Finsky(13211): [2] abxn.c(4): SCH: Scheduling immediate wakeup job with id: 9000
11-16 08:57:21.793: I/ADBWatchdog(20293): millisUtilFinished: 3599997
11-16 08:57:21.798: I/Finsky:instant_app_inst(20373): [2] gft.ay(5): Process created at version: 22.4.28-16 [0] [PR] 338099147
11-16 08:57:21.800: I/Finsky(13211): [2] acbc.onStartJob(3): SCH: onJobSchedulerWakeup with jobId 9000
11-16 08:57:21.801: I/Finsky(13211): [2] abwh.a(9): SCH: Scheduling fallback job with id: 9034, and delay: 43200000 ms
11-16 08:57:21.804: I/Finsky(13211): [2] abwh.b(9): SCH: Scheduling fallback in 64799998 (absolute: 66310618)
11-16 08:57:21.814: I/Finsky(13211): [2] abwq.handleMessage(8): SCH: DeviceState: DeviceState{currentTime=1637081841812, isCharging=true, isIdle=false, netAny=true, netNotRoaming=true, netUnmetered=true, batteryPercent=100.0}
11-16 08:57:21.818: V/SettingsProvider(1202): Notifying for 0: content://settings/system/user_rotation
11-16 08:57:21.821: I/Finsky(13211): [277] abzb.b(5): SCH: Jobs in database: 1-1337 3-1 12-1 24-77777777 26-1414141414 31-305419896 37-0 
11-16 08:57:21.845: I/ActivityManager(1202): Start proc 20406:com.google.android.apps.docs/u0a128 for broadcast com.google.android.apps.docs/.notification.common.NotificationChannelReceiver
11-16 08:57:21.845: I/Finsky(13211): [2] abwr.b(10): SCH: Running job: 37-0
11-16 08:57:21.848: I/Finsky(13211): [2] LanguageSplitInstallEventJob.d(5): Clear bulk acquire cache.
11-16 08:57:21.849: I/Finsky(13211): [2] ajki.a(1): Checking for new language splits.
11-16 08:57:21.849: I/Finsky(13211): [2] ajki.a(2): Updating language store, changed to [en]
11-16 08:57:21.850: I/Finsky(13211): [140] hzi.h(3): Commerce cache was cleared.
11-16 08:57:21.854: E/droid.apps.doc(20406): Not starting debugger since process cannot load the jdwp agent.
11-16 08:57:21.856: I/Finsky(13211): [2] alsm.b(5): Clearing cache.
11-16 08:57:21.858: I/Finsky(13211): [292] ajjw.a(14): Existing languages: []
11-16 08:57:21.859: D/Volley(13211): [148] alsu.e: Cache cleared.
11-16 08:57:21.859: D/Volley(13211): [191] alsu.e: Cache cleared.
11-16 08:57:21.867: D/Volley(13211): [2] alst.e: Cache cleared.
11-16 08:57:21.869: I/Finsky(13211): [292] ajjz.a(24): Language change to [en], of which [en] are new, removed [].
11-16 08:57:21.869: I/Finsky(13211): [292] ajkf.a(16): Language store updated - wasNewLanguageAdded=true
11-16 08:57:21.871: I/Finsky(13211): [2] abwq.handleMessage(68): SCH: RunningQueue size: 1, PendingQueue size: 0
11-16 08:57:21.871: I/Finsky(13211): [2] abwr.p(3): SCH: Running queue: 37-0 
11-16 08:57:21.877: I/Finsky(13211): [130] ajia.run(13): Checking for language splits...
11-16 08:57:21.878: I/droid.apps.doc(20406): The ClassLoaderContext is a special shared library.
11-16 08:57:21.881: I//vendor/bin/hw/android.hardware.health@2.0-service.crosshatch(762): Entry state_: 2 charger_status: Full batteryLevel: 99
11-16 08:57:21.881: I//vendor/bin/hw/android.hardware.health@2.0-service.crosshatch(762): Diff time: 80
11-16 08:57:21.881: I//vendor/bin/hw/android.hardware.health@2.0-service.crosshatch(762): RemapSOC: 100
11-16 08:57:21.881: I//vendor/bin/hw/android.hardware.health@2.0-service.crosshatch(762): Exit state_: 2 batteryLevel: 100
11-16 08:57:21.978: W/Finsky(13211): [130] fjv.c(22): For unauth, use getDfeApiNonAuthenticated() instead!
11-16 08:57:21.978: I/Finsky(13211): [130] fjv.f(2): getDfeApiOrNonauthenticated is returning unauth api
11-16 08:57:22.188: I/Finsky(13211): [152] lth.l(1): Account name null when calculating account hash
11-16 08:57:22.435: I/Finsky(13211): [2] ajih.kw(11): BulkDetails response obtained.
11-16 08:57:22.436: I/Finsky(13211): [2] ajja.a(21): No new splits to download.
11-16 08:57:22.437: I/Finsky(13211): [2] ajkh.run(138): Skipping check for new language splits in self-update.
11-16 08:57:22.438: I/Finsky(13211): [2] abya.n(4): SCH: jobFinished: 37-0. TimeElapsed: 593ms.
