11-16 08:57:22.446: I/Finsky(13211): [2] abwr.e(4): SCH: Job 37-0 finished. Not rescheduling.
11-16 08:57:22.447: I/Finsky(13211): [2] abwq.handleMessage(68): SCH: RunningQueue size: 0, PendingQueue size: 0
11-16 08:57:22.448: I/Finsky(13211): [2] abwq.handleMessage(26): SCH: Executor finished
11-16 08:57:22.470: I/ActivityManager(1202): Killing 19719:com.google.android.apps.multidevice.client/u0a72 (adj 906): empty #17
11-16 08:57:22.472: W/libprocessgroup(1202): kill(-19719, 9) failed: No such process
11-16 08:57:22.472: W/libprocessgroup(1202): [ 11-16 08:57:22.477   839: 1370 E/         ]
11-16 08:57:22.472: W/libprocessgroup(1202): Couldn't opendir /data/app/vmdl486715735.tmp: No such file or directory
11-16 08:57:22.477: E/installd(839): Failed to delete /data/app/vmdl486715735.tmp: No such file or directory
11-16 08:57:22.480: I/Finsky(13211): [2] abzb.b(5): SCH: Jobs in database: 1-1337 3-1 12-1 24-77777777 26-1414141414 31-305419896 
11-16 08:57:22.487: I/Finsky(13211): [2] abxn.d(37): SCH: ConstraintMapping: 24-77777777,  -> L: 0ms, D: 81523701ms, C: false, I: true, N: 0
11-16 08:57:22.487: I/Finsky(13211): [2] abxn.d(37): SCH: ConstraintMapping: 1-1337, 12-1, 31-305419896,  -> L: 8538ms, D: 80164414ms, C: false, I: false, N: 1
11-16 08:57:22.488: I/Finsky(13211): [2] abxn.d(37): SCH: ConstraintMapping: 3-1,  -> L: 0ms, D: 85129786ms, C: true, I: true, N: 2
11-16 08:57:22.488: I/InputReader(1202): Reconfiguring input devices.  changes=0x00000010
11-16 08:57:22.488: I/Finsky(13211): [2] abxn.d(37): SCH: ConstraintMapping: 26-1414141414,  -> L: 41745130ms, D: 42645130ms, C: false, I: false, N: 0
11-16 08:57:22.492: I/Finsky(13211): [2] abxn.f(7): SCH: Cancelling existing jobscheduler jobs: 
11-16 08:57:22.492: I/Finsky(13211): [2] abxn.e(8): SCH: Throttling wakeup for job 9001 (expected to run in 0 ms) due to recent wakeup
11-16 08:57:22.492: I/Finsky(13211): [2] abxn.e(23): SCH: Scheduling job Id: 9001, L: 30000, D: 81523701, C: false, I: true, N: 0
11-16 08:57:22.493: W/BroadcastQueue(1202): Background execution not allowed: receiving Intent { act=android.intent.action.PACKAGE_ADDED dat=package:dev.androidx.ci.emptyapp flg=0x4000010 (has extras) } to com.android.musicfx/.Compatibility$Receiver
11-16 08:57:22.493: I/CarrierServices(13885): [2] RcsAutoStartReceiver.b: carrierServicesJibeServiceEnabled changed from true to true
11-16 08:57:22.494: W/BroadcastQueue(1202): Background execution not allowed: receiving Intent { act=android.intent.action.PACKAGE_ADDED dat=package:dev.androidx.ci.emptyapp flg=0x4000010 (has extras) } to com.android.vending/com.google.android.finsky.packagemanager.impl.PackageMonitorReceiverImpl$RegisteredReceiver
11-16 08:57:22.494: W/BroadcastQueue(1202): Background execution not allowed: receiving Intent { act=android.intent.action.PACKAGE_ADDED dat=package:dev.androidx.ci.emptyapp flg=0x4000010 (has extras) } to com.google.android.gms/.games.chimera.GamesSystemBroadcastReceiverProxy
11-16 08:57:22.494: W/BroadcastQueue(1202): Background execution not allowed: receiving Intent { act=android.intent.action.PACKAGE_ADDED dat=package:dev.androidx.ci.emptyapp flg=0x4000010 (has extras) } to com.google.android.gms/.gass.chimera.PackageChangeBroadcastReceiver
11-16 08:57:22.494: W/BroadcastQueue(1202): Background execution not allowed: receiving Intent { act=android.intent.action.PACKAGE_ADDED dat=package:dev.androidx.ci.emptyapp flg=0x4000010 (has extras) } to com.google.android.gms/.chimera.GmsIntentOperationService$PersistentTrustedReceiver
11-16 08:57:22.495: I/Telecom(1202): DefaultDialerCache: Refreshing default dialer for user 0: now com.google.android.dialer: DDC.oR@AKc
11-16 08:57:22.496: I/CarrierServices(13885): [2] RcsAutoStartReceiver.b: enableRcs changed from true to true
11-16 08:57:22.496: I/CarrierServices(13885): [2] RcsAutoStartReceiver.b: RcsAutoStartReceiver triggered. Fetching RCS State. Action: android.intent.action.PACKAGE_ADDED
11-16 08:57:22.508: I/Zygote(735): Process 19719 exited due to signal (9)
11-16 08:57:22.515: W/BroadcastQueue(1202): Background execution not allowed: receiving Intent { act=android.intent.action.PACKAGE_ADDED dat=package:dev.androidx.ci.emptyapp flg=0x4000010 (has extras) } to com.google.android.googlequicksearchbox/com.google.android.apps.gsa.googlequicksearchbox.GelStubAppWatcher
11-16 08:57:22.515: W/BroadcastQueue(1202): Background execution not allowed: receiving Intent { act=android.intent.action.PACKAGE_ADDED dat=package:dev.androidx.ci.emptyapp flg=0x4000010 (has extras) } to com.google.android.ims/.receivers.RcsAutoStartReceiver
11-16 08:57:22.516: I/CarrierServices(13885): [2] aws.a: Migration binding to RcsMigrationService
11-16 08:57:22.517: W/libprocessgroup(1202): kill(-19719, 9) failed: No such process
11-16 08:57:22.517: I/libprocessgroup(1202): Successfully killed process cgroup uid 10072 pid 19719 in 45ms
11-16 08:57:22.517: I/Finsky(13211): [2] abxn.e(8): SCH: Throttling wakeup for job 9002 (expected to run in 8538 ms) due to recent wakeup
11-16 08:57:22.518: I/Finsky(13211): [2] abxn.e(23): SCH: Scheduling job Id: 9002, L: 30000, D: 80164414, C: false, I: false, N: 1
11-16 08:57:22.518: V/BackupManagerConstants(1202): getFullBackupIntervalMilliseconds(...) returns 86400000
11-16 08:57:22.525: I/Finsky(13211): [2] abxn.e(8): SCH: Throttling wakeup for job 9003 (expected to run in 0 ms) due to recent wakeup
11-16 08:57:22.525: I/Finsky(13211): [2] abxn.e(23): SCH: Scheduling job Id: 9003, L: 30000, D: 85129786, C: true, I: true, N: 2
11-16 08:57:22.527: I/BugleDataModel(7552): RcsMigrationService: Returning RCS state provider.
11-16 08:57:22.529: I/Finsky(13211): [2] abxn.e(23): SCH: Scheduling job Id: 9004, L: 41745130, D: 42645130, C: false, I: false, N: 0
11-16 08:57:22.532: I/Finsky(13211): [2] yeh.d(13): PackageMonitorReceiverImpl - Received: android.intent.action.PACKAGE_ADDED, [EoF1oDWmz7ltTwAYqC40Qzd9iSBp2xrh_kkvq80SvGg]
11-16 08:57:22.532: I/Finsky(13211): [2] yfi.g(1): Invalidating cached PackageState for dev.androidx.ci.emptyapp
11-16 08:57:22.535: D/RegisteredNfcFServicesCache(4167): Service unchanged, not updating
11-16 08:57:22.538: I/Finsky(13211): [2] owk.d(2): Frosting ID looked up on UI thread. Caller should move to a background thread.
11-16 08:57:22.540: I/BugleRcsEngine(7552): [458] pot.a: Sim state is not ready. Returning last known operation mode.
11-16 08:57:22.543: I/Finsky(13211): [277] jnw.a(15): [ContentSync] finished, scheduled=false
11-16 08:57:22.543: W/GCM(11052): Unexpected forwarded intent: Intent { act=android.intent.action.PACKAGE_ADDED dat=package:dev.androidx.ci.emptyapp flg=0x4000010 pkg=com.google.android.gms cmp=com.google.android.gms/.chimera.PersistentIntentOperationService (has extras) }
11-16 08:57:22.544: I/CarrierServices(13885): [820] awt.doInBackground: Saving RCS State
11-16 08:57:22.544: I/CarrierServices(13885): [820] awt.doInBackground: Old operation mode: 0
11-16 08:57:22.544: I/FontLog(11052): Package dev.androidx.ci.emptyapp has no metadata [CONTEXT service_id=132 ]
11-16 08:57:22.544: W/GCM(11052): Unexpected forwarded intent: Intent { act=android.intent.action.PACKAGE_ADDED dat=package:dev.androidx.ci.emptyapp flg=0x4000010 pkg=com.google.android.gms cmp=com.google.android.gms/.chimera.PersistentIntentOperationService (has extras) }
11-16 08:57:22.544: I/CarrierServices(13885): [820] awt.doInBackground: New operation mode: 0
11-16 08:57:22.545: I/CarrierServices(13885): [2] aww.a: Unbinding RcsMigrationService
11-16 08:57:22.546: I/Finsky(13211): [2] amas.a(3): Do not start WearSupportService due to Wear service optimization
11-16 08:57:22.547: I/Finsky(13211): [280] ovx.run(16): Wrote row to frosting DB: 230
11-16 08:57:22.550: I/Finsky(13211): [2] amas.a(3): Do not start WearSupportService due to Wear service optimization
11-16 08:57:22.551: I/Auth(13581): [SupervisedAccountIntentOperation] onHandleIntent(): android.intent.action.PACKAGE_ADDED
11-16 08:57:22.552: I/Finsky(13211): [281] gxq.a(12): Asset module storage cleared for package dev.androidx.ci.emptyapp.
11-16 08:57:22.552: I/BlockstoreStorage(13581): Clearing Blockstore Data for package dev.androidx.ci.emptyapp [CONTEXT service_id=258 ]
11-16 08:57:22.553: I/BlockstoreStorage(13581): No metadata found. Skipping deletion. [CONTEXT service_id=258 ]
11-16 08:57:22.553: I/Finsky(13211): [2] aeak.a(8): Clearing split related stale data.
11-16 08:57:22.554: E/PhoneInterfaceManager(3802): [PhoneIntfMgr] getCarrierPackageNamesForIntent: No UICC
11-16 08:57:22.554: D/CarrierSvcBindHelper(3802): No carrier app for: 0
11-16 08:57:22.554: D/BoundBrokerSvc(13581): onBind: Intent { act=com.google.android.gms.common.BIND_SHARED_PREFS pkg=com.google.android.gms }
11-16 08:57:22.554: D/BoundBrokerSvc(13581): Loading bound service for intent: Intent { act=com.google.android.gms.common.BIND_SHARED_PREFS pkg=com.google.android.gms }
11-16 08:57:22.557: E/VvmPkgInstalledRcvr(3802): cannot create TelephonyManager from ComponentInfo{com.android.phone/com.android.services.telephony.TelephonyConnectionService}, ***, UserHandle{0}
11-16 08:57:22.557: D/ImsResolver(3802): maybeAddedImsService, packageName: dev.androidx.ci.emptyapp
11-16 08:57:22.558: D/CarrierConfigLoader(3802): mHandler: 9 phoneId: 0
11-16 08:57:22.558: I/Finsky(13211): [2] owk.d(2): Frosting ID looked up on UI thread. Caller should move to a background thread.
11-16 08:57:22.563: I/Finsky(13211): [280] ovx.run(16): Wrote row to frosting DB: 231
11-16 08:57:22.574: E/Backup(13581): [BackupTransportMigratorChimeraService] Could not migrate transport!
11-16 08:57:22.578: D/BoundBrokerSvc(13581): onUnbind: Intent { act=com.google.android.gms.common.BIND_SHARED_PREFS pkg=com.google.android.gms }
11-16 08:57:22.579: I/Backup(13581): [BackupTransportMigratorChimeraService] Starting migration...
11-16 08:57:22.579: W/ChimeraUtils(11052): Module com.google.android.gms.nearby_en has empty metadata display_name_string_id
11-16 08:57:22.588: I/chatty(11052): uid=10007(com.google.android.gms) highpool[2] identical 1 line
11-16 08:57:22.594: W/ChimeraUtils(11052): Module com.google.android.gms.nearby_en has empty metadata display_name_string_id
11-16 08:57:22.618: I/Icing(13581): Indexing com.google.android.gms-apps from com.google.android.gms
11-16 08:57:22.620: I/Icing(13581): Indexing done com.google.android.gms-apps
11-16 08:57:22.625: W/PackageParser(1202): Unknown element under <manifest>: queries at /data/app/vmdl387810076.tmp/base.apk Binary XML file line #18
11-16 08:57:22.658: I/system_server(1202): Background concurrent copying GC freed 102232(4MB) AllocSpace objects, 35(1212KB) LOS objects, 42% free, 18MB/31MB, paused 50us total 191.007ms
11-16 08:57:22.658: I/system_server(1202): [ 11-16 08:57:22.689   839: 1370 E/         ]
11-16 08:57:22.658: I/system_server(1202): Couldn't opendir /data/app/vmdl387810076.tmp: No such file or directory
11-16 08:57:22.689: E/installd(839): Failed to delete /data/app/vmdl387810076.tmp: No such file or directory
11-16 08:57:22.703: I/InputReader(1202): Reconfiguring input devices.  changes=0x00000010
11-16 08:57:22.706: W/BroadcastQueue(1202): Background execution not allowed: receiving Intent { act=android.intent.action.PACKAGE_ADDED dat=package:androidx.lifecycle.testing.test flg=0x4000010 (has extras) } to com.android.musicfx/.Compatibility$Receiver
11-16 08:57:22.706: W/BroadcastQueue(1202): Background execution not allowed: receiving Intent { act=android.intent.action.PACKAGE_ADDED dat=package:androidx.lifecycle.testing.test flg=0x4000010 (has extras) } to com.android.vending/com.google.android.finsky.packagemanager.impl.PackageMonitorReceiverImpl$RegisteredReceiver
11-16 08:57:22.706: W/BroadcastQueue(1202): Background execution not allowed: receiving Intent { act=android.intent.action.PACKAGE_ADDED dat=package:androidx.lifecycle.testing.test flg=0x4000010 (has extras) } to com.google.android.gms/.games.chimera.GamesSystemBroadcastReceiverProxy
11-16 08:57:22.706: W/BroadcastQueue(1202): Background execution not allowed: receiving Intent { act=android.intent.action.PACKAGE_ADDED dat=package:androidx.lifecycle.testing.test flg=0x4000010 (has extras) } to com.google.android.gms/.gass.chimera.PackageChangeBroadcastReceiver
11-16 08:57:22.706: W/BroadcastQueue(1202): Background execution not allowed: receiving Intent { act=android.intent.action.PACKAGE_ADDED dat=package:androidx.lifecycle.testing.test flg=0x4000010 (has extras) } to com.google.android.gms/.chimera.GmsIntentOperationService$PersistentTrustedReceiver
11-16 08:57:22.706: W/BroadcastQueue(1202): Background execution not allowed: receiving Intent { act=android.intent.action.PACKAGE_ADDED dat=package:androidx.lifecycle.testing.test flg=0x4000010 (has extras) } to com.google.android.googlequicksearchbox/com.google.android.apps.gsa.googlequicksearchbox.GelStubAppWatcher
11-16 08:57:22.706: W/BroadcastQueue(1202): Background execution not allowed: receiving Intent { act=android.intent.action.PACKAGE_ADDED dat=package:androidx.lifecycle.testing.test flg=0x4000010 (has extras) } to com.google.android.ims/.receivers.RcsAutoStartReceiver
11-16 08:57:22.708: I/GAv4(20406): Google Analytics 18.8.27 is starting up. To enable debug logging on a device run:
11-16 08:57:22.708: I/GAv4(20406):   adb shell setprop log.tag.GAv4 DEBUG
11-16 08:57:22.708: I/GAv4(20406):   adb logcat -s GAv4
11-16 08:57:22.708: I/Finsky(13211): [2] yeh.d(13): PackageMonitorReceiverImpl - Received: android.intent.action.PACKAGE_ADDED, [beOBY_8ZP2nlG2qOxysYA1Uflmf67vHFhvCHeJ6c4Z8]
11-16 08:57:22.708: I/Finsky(13211): [2] yfi.g(1): Invalidating cached PackageState for androidx.lifecycle.testing.test
11-16 08:57:22.711: I/CarrierServices(13885): [2] RcsAutoStartReceiver.b: carrierServicesJibeServiceEnabled changed from true to true
11-16 08:57:22.711: I/Telecom(1202): DefaultDialerCache: Refreshing default dialer for user 0: now com.google.android.dialer: DDC.oR@AKs
11-16 08:57:22.716: I/CarrierServices(13885): [2] RcsAutoStartReceiver.b: enableRcs changed from true to true
11-16 08:57:22.717: I/CarrierServices(13885): [2] RcsAutoStartReceiver.b: RcsAutoStartReceiver triggered. Fetching RCS State. Action: android.intent.action.PACKAGE_ADDED
11-16 08:57:22.718: I/Finsky(13211): [280] ovx.run(16): Wrote row to frosting DB: 232
11-16 08:57:22.724: I/Finsky(13211): [2] owk.d(2): Frosting ID looked up on UI thread. Caller should move to a background thread.
11-16 08:57:22.730: V/BackupManagerConstants(1202): getFullBackupIntervalMilliseconds(...) returns 86400000
11-16 08:57:22.732: I/Finsky(13211): [277] jnw.a(15): [ContentSync] finished, scheduled=false
11-16 08:57:22.736: W/GCM(11052): Unexpected forwarded intent: Intent { act=android.intent.action.PACKAGE_ADDED dat=package:androidx.lifecycle.testing.test flg=0x4000010 pkg=com.google.android.gms cmp=com.google.android.gms/.chimera.PersistentIntentOperationService (has extras) }
11-16 08:57:22.737: I/FontLog(11052): Package androidx.lifecycle.testing.test has no metadata [CONTEXT service_id=132 ]
11-16 08:57:22.737: W/GCM(11052): Unexpected forwarded intent: Intent { act=android.intent.action.PACKAGE_ADDED dat=package:androidx.lifecycle.testing.test flg=0x4000010 pkg=com.google.android.gms cmp=com.google.android.gms/.chimera.PersistentIntentOperationService (has extras) }
11-16 08:57:22.738: I/CarrierServices(13885): [2] aws.a: Migration binding to RcsMigrationService
11-16 08:57:22.741: I/Finsky(13211): [2] amas.a(3): Do not start WearSupportService due to Wear service optimization
11-16 08:57:22.741: I/Auth(13581): [SupervisedAccountIntentOperation] onHandleIntent(): android.intent.action.PACKAGE_ADDED
11-16 08:57:22.742: I/Finsky(13211): [2] amas.a(3): Do not start WearSupportService due to Wear service optimization
11-16 08:57:22.743: I/Finsky(13211): [2] aeak.a(8): Clearing split related stale data.
11-16 08:57:22.744: I/BlockstoreStorage(13581): Clearing Blockstore Data for package androidx.lifecycle.testing.test [CONTEXT service_id=258 ]
11-16 08:57:22.745: I/BlockstoreStorage(13581): No metadata found. Skipping deletion. [CONTEXT service_id=258 ]
11-16 08:57:22.747: I/BugleDataModel(7552): RcsMigrationService: Returning RCS state provider.
11-16 08:57:22.749: I/Finsky(13211): [2] owk.d(2): Frosting ID looked up on UI thread. Caller should move to a background thread.
11-16 08:57:22.750: D/BoundBrokerSvc(13581): onBind: Intent { act=com.google.android.gms.common.BIND_SHARED_PREFS pkg=com.google.android.gms }
11-16 08:57:22.750: D/BoundBrokerSvc(13581): Loading bound service for intent: Intent { act=com.google.android.gms.common.BIND_SHARED_PREFS pkg=com.google.android.gms }
11-16 08:57:22.754: I/system_server(1202): Waiting for a blocking GC Explicit
11-16 08:57:22.744: I/Finsky(13211): [281] gxq.a(12): Asset module storage cleared for package androidx.lifecycle.testing.test.
11-16 08:57:22.755: E/PhoneInterfaceManager(3802): [PhoneIntfMgr] getCarrierPackageNamesForIntent: No UICC
11-16 08:57:22.755: D/CarrierSvcBindHelper(3802): No carrier app for: 0
11-16 08:57:22.759: D/RegisteredNfcFServicesCache(4167): Service unchanged, not updating
11-16 08:57:22.759: I/BugleRcsEngine(7552): [441] pot.a: Sim state is not ready. Returning last known operation mode.
11-16 08:57:22.760: I/Finsky(13211): [280] ovx.run(16): Wrote row to frosting DB: 233
11-16 08:57:22.761: I/CarrierServices(13885): [824] awt.doInBackground: Saving RCS State
11-16 08:57:22.761: I/CarrierServices(13885): [824] awt.doInBackground: Old operation mode: 0
11-16 08:57:22.762: I/CarrierServices(13885): [824] awt.doInBackground: New operation mode: 0
11-16 08:57:22.762: I/CarrierServices(13885): [2] aww.a: Unbinding RcsMigrationService
11-16 08:57:22.763: E/VvmPkgInstalledRcvr(3802): cannot create TelephonyManager from ComponentInfo{com.android.phone/com.android.services.telephony.TelephonyConnectionService}, ***, UserHandle{0}
11-16 08:57:22.763: D/ImsResolver(3802): maybeAddedImsService, packageName: androidx.lifecycle.testing.test
11-16 08:57:22.764: D/CarrierConfigLoader(3802): mHandler: 9 phoneId: 0
11-16 08:57:22.787: W/ChimeraUtils(11052): Module com.google.android.gms.nearby_en has empty metadata display_name_string_id
11-16 08:57:22.794: D/BoundBrokerSvc(13581): onUnbind: Intent { act=com.google.android.gms.common.BIND_SHARED_PREFS pkg=com.google.android.gms }
11-16 08:57:22.803: W/ChimeraUtils(11052): Module com.google.android.gms.nearby_en has empty metadata display_name_string_id
11-16 08:57:22.805: W/ChimeraUtils(11052): Module com.google.android.gms.nearby_en has empty metadata display_name_string_id
11-16 08:57:22.810: I/Icing(13581): Indexing com.google.android.gms-apps from com.google.android.gms
11-16 08:57:22.813: I/Icing(13581): Indexing done com.google.android.gms-apps
11-16 08:57:22.816: I/system_server(1202): Background concurrent copying GC freed 43227(2MB) AllocSpace objects, 20(912KB) LOS objects, 42% free, 17MB/30MB, paused 77us total 127.308ms
11-16 08:57:22.816: I/system_server(1202): WaitForGcToComplete blocked Explicit on HeapTrim for 62.556ms
11-16 08:57:22.819: W/GAv4(20406): CampaignTrackingReceiver is not registered, not exported or is disabled. Installation campaign tracking is not possible. See http://goo.gl/8Rd3yj for instructions.
11-16 08:57:22.829: W/PrimesInit(20406): Primes instant initialization
11-16 08:57:22.830: W/Primes(20406): background initialization
11-16 08:57:22.872: W/FieldDefinition(20406): [main] Ignoring isIndexed constraint as field also has uniqueness constraint (on just this field, and therefore SQLite will have to create an index on that. For field: cxk$b@bff77c1
11-16 08:57:22.910: I/system_server(1202): Explicit concurrent copying GC freed 27279(1614KB) AllocSpace objects, 11(412KB) LOS objects, 42% free, 15MB/27MB, paused 80us total 93.207ms
11-16 08:57:23.047: W/ComponentDiscovery(20406): Application info not found.
11-16 08:57:23.047: W/ComponentDiscovery(20406): Could not retrieve metadata, returning empty list of registrars.
11-16 08:57:23.064: I/ActivityManager(1202): Killing 19746:com.google.android.euicc/u0a67 (adj 906): empty #17
11-16 08:57:23.064: W/libprocessgroup(1202): kill(-19746, 9) failed: No such process
11-16 08:57:23.074: I/ActivityManager(1202): Start proc 20515:com.google.android.apps.maps/u0a102 for broadcast com.google.android.apps.maps/com.google.android.apps.gmm.notification.channels.NotificationChannelBroadcastReceiver
11-16 08:57:23.077: E/droid.apps.map(20515): Not starting debugger since process cannot load the jdwp agent.
11-16 08:57:23.078: W/libprocessgroup(1202): kill(-19746, 9) failed: No such process
11-16 08:57:23.079: D/AndroidRuntime(20507): >>>>>> START com.android.internal.os.RuntimeInit uid 2000 <<<<<<
11-16 08:57:23.090: I/Zygote(735): Process 19746 exited due to signal (9)
11-16 08:57:23.092: I/droid.apps.map(20515): The ClassLoaderContext is a special shared library.
11-16 08:57:23.093: W/libprocessgroup(1202): kill(-19746, 9) failed: No such process
11-16 08:57:23.093: I/libprocessgroup(1202): Successfully killed process cgroup uid 10067 pid 19746 in 28ms
11-16 08:57:23.125: E/akgg(11052): Phenotype API error. Event # btlq@134061a8, EventCode: 32 [CONTEXT service_id=51 ]
11-16 08:57:23.125: E/akgg(11052): akfs: 29503
11-16 08:57:23.125: E/akgg(11052): 	at akhi.e(:com.google.android.gms@213614028@21.36.14 (100400-395708125):19)
11-16 08:57:23.125: E/akgg(11052): 	at akgg.d(:com.google.android.gms@213614028@21.36.14 (100400-395708125):4)
11-16 08:57:23.125: E/akgg(11052): 	at akgg.f(:com.google.android.gms@213614028@21.36.14 (100400-395708125):2)
11-16 08:57:23.125: E/akgg(11052): 	at xna.run(:com.google.android.gms@213614028@21.36.14 (100400-395708125):17)
11-16 08:57:23.125: E/akgg(11052): 	at bfyg.run(:com.google.android.gms@213614028@21.36.14 (100400-395708125):2)
11-16 08:57:23.125: E/akgg(11052): 	at rgh.c(:com.google.android.gms@213614028@21.36.14 (100400-395708125):6)
11-16 08:57:23.125: E/akgg(11052): 	at rgh.run(:com.google.android.gms@213614028@21.36.14 (100400-395708125):7)
11-16 08:57:23.125: E/akgg(11052): 	at java.util.concurrent.ThreadPoolExecutor.runWorker(ThreadPoolExecutor.java:1167)
11-16 08:57:23.125: E/akgg(11052): 	at java.util.concurrent.ThreadPoolExecutor$Worker.run(ThreadPoolExecutor.java:641)
11-16 08:57:23.125: E/akgg(11052): 	at rkn.run(:com.google.android.gms@213614028@21.36.14 (100400-395708125):0)
11-16 08:57:23.125: E/akgg(11052): 	at java.lang.Thread.run(Thread.java:764)
11-16 08:57:23.125: E/AsyncOperation(11052): operation=SetAppSpecificPropertiesOperationCall, opStatusCode=29503 [CONTEXT service_id=51 ]
11-16 08:57:23.125: E/AsyncOperation(11052): OperationException[Status{statusCode=unknown status code: 29503, resolution=null}]
11-16 08:57:23.125: E/AsyncOperation(11052): 	at akgg.d(:com.google.android.gms@213614028@21.36.14 (100400-395708125):6)
11-16 08:57:23.125: E/AsyncOperation(11052): 	at akgg.f(:com.google.android.gms@213614028@21.36.14 (100400-395708125):2)
11-16 08:57:23.125: E/AsyncOperation(11052): 	at xna.run(:com.google.android.gms@213614028@21.36.14 (100400-395708125):17)
11-16 08:57:23.125: E/AsyncOperation(11052): 	at bfyg.run(:com.google.android.gms@213614028@21.36.14 (100400-395708125):2)
11-16 08:57:23.125: E/AsyncOperation(11052): 	at rgh.c(:com.google.android.gms@213614028@21.36.14 (100400-395708125):6)
11-16 08:57:23.125: E/AsyncOperation(11052): 	at rgh.run(:com.google.android.gms@213614028@21.36.14 (100400-395708125):7)
11-16 08:57:23.125: E/AsyncOperation(11052): 	at java.util.concurrent.ThreadPoolExecutor.runWorker(ThreadPoolExecutor.java:1167)
11-16 08:57:23.125: E/AsyncOperation(11052): 	at java.util.concurrent.ThreadPoolExecutor$Worker.run(ThreadPoolExecutor.java:641)
11-16 08:57:23.125: E/AsyncOperation(11052): 	at rkn.run(:com.google.android.gms@213614028@21.36.14 (100400-395708125):0)
11-16 08:57:23.125: E/AsyncOperation(11052): 	at java.lang.Thread.run(Thread.java:764)
11-16 08:57:23.132: I/app_process(20507): The ClassLoaderContext is a special shared library.
11-16 08:57:23.154: D/AndroidRuntime(20507): Calling main entry com.android.commands.am.Am
11-16 08:57:23.157: I/ActivityManager(1202): Force stopping com.google.android.apps.mtaas.tools appid=10156 user=0: start instr
11-16 08:57:23.169: I/ActivityManager(1202): Start proc 20541:com.google.android.apps.mtaas.tools/u0a156 for added application com.google.android.apps.mtaas.tools
11-16 08:57:23.174: E/pps.mtaas.tool(20541): Not starting debugger since process cannot load the jdwp agent.
11-16 08:57:23.191: I/pps.mtaas.tool(20541): The ClassLoaderContext is a special shared library.
11-16 08:57:23.205: D/DumpStaticPerfEnv(20541): Instrumentation completed successfully
11-16 08:57:23.206: I/ActivityManager(1202): Force stopping com.google.android.apps.mtaas.tools appid=10156 user=0: finished inst
11-16 08:57:23.206: W/Binder(1202): Outgoing transactions from this process must be FLAG_ONEWAY
11-16 08:57:23.206: W/Binder(1202): java.lang.Throwable
11-16 08:57:23.206: W/Binder(1202): 	at android.os.BinderProxy.transact(Binder.java:1116)
11-16 08:57:23.206: W/Binder(1202): 	at android.app.IInstrumentationWatcher$Stub$Proxy.instrumentationFinished(IInstrumentationWatcher.java:164)
11-16 08:57:23.206: W/Binder(1202): 	at com.android.server.am.InstrumentationReporter$MyThread.run(InstrumentationReporter.java:86)
11-16 08:57:23.206: I/ActivityManager(1202): Killing 20541:com.google.android.apps.mtaas.tools/u0a156 (adj 0): stop com.google.android.apps.mtaas.tools
11-16 08:57:23.206: W/libprocessgroup(1202): kill(-20541, 9) failed: No such process
11-16 08:57:23.210: D/AndroidRuntime(20507): Shutting down VM
11-16 08:57:23.213: I/Zygote(735): Process 20541 exited due to signal (9)
11-16 08:57:23.243: W/libprocessgroup(1202): kill(-20541, 9) failed: No such process
11-16 08:57:23.243: I/libprocessgroup(1202): Successfully killed process cgroup uid 10156 pid 20541 in 36ms
11-16 08:57:23.391: W/ComponentDiscovery(20349): Application info not found.
11-16 08:57:23.391: W/ComponentDiscovery(20349): Could not retrieve metadata, returning empty list of registrars.
11-16 08:57:23.397: I/PeopleGalProvider(13581): Gal directories started.
11-16 08:57:23.402: D/AndroidRuntime(20563): >>>>>> START com.android.internal.os.RuntimeInit uid 2000 <<<<<<
11-16 08:57:23.403: I/PeopleGalProvider(13581): Method 1 completed.
11-16 08:57:23.403: I/PeopleGalProvider(13581): Method 1 finished successfully.
11-16 08:57:23.412: I/ContactDirectoryManager(20279): deleted 0 stale rows which don't have any relevant directory
11-16 08:57:23.412: I/ContactDirectoryManager(20279): Discovered 0 contact directories in 1760ms
11-16 08:57:23.415: I/ContactsProvider(20279): Locale has changed from [en_US] to [en]
11-16 08:57:23.416: I/ContactsDatabaseHelper(20279): Switching to locale [en] (ICU v60.2)
11-16 08:57:23.430: E/ExecutionCriteria(11052): Package unavailable for task: com.google.android.apps.gcs/com.google.android.flib.phenotype.services.PhenotypeExperimentCommitService{u=0 tag="PhenotypeExpCommitSvc" trigger=window{start=0s,end=30s,earliest=-1412s,latest=-1382s} requirements=[NET_ANY] attributes=[PERSISTED] scheduled=-1412s last_run=N/A exec_window_multiplier=1.0000 jid=N/A status=PENDING retries=0 client_lib=MANCHEGO_GCM-11732000} [CONTEXT service_id=218 ]
11-16 08:57:23.455: I/NetworkScheduler.Stats(11052): Task com.google.android.gms/com.google.android.gms.icing.proxy.IcingInternalCorporaUpdateService started execution. cause:9 exec_start_elapsed_seconds: 1512 [CONTEXT service_id=218 ]
11-16 08:57:23.456: I/app_process(20563): The ClassLoaderContext is a special shared library.
11-16 08:57:23.468: I/NetworkScheduler.Stats(11052): Task com.google.android.gms/com.google.android.gms.phenotype.service.sync.PhenotypeConfigurator started execution. cause:9 exec_start_elapsed_seconds: 1512 [CONTEXT service_id=218 ]
11-16 08:57:23.472: W/PrimesInit(20349): Primes instant initialization
11-16 08:57:23.475: W/Primes(20349): background initialization
11-16 08:57:23.477: I/Finsky(13211): [2] alsm.a(4): Exiting following cache clear.
11-16 08:57:23.478: I/Finsky(13211): [2] gik.run(63): Exit with reason: 375, called from : java.lang.Throwable
11-16 08:57:23.478: I/Finsky(13211): 	at gik.run(Unknown Source:9)
11-16 08:57:23.478: I/Finsky(13211): 	at android.os.Handler.handleCallback(Handler.java:873)
11-16 08:57:23.478: I/Finsky(13211): 	at android.os.Handler.dispatchMessage(Handler.java:99)
11-16 08:57:23.478: I/Finsky(13211): 	at android.os.Looper.loop(Looper.java:193)
11-16 08:57:23.478: I/Finsky(13211): 	at android.app.ActivityThread.main(ActivityThread.java:6718)
11-16 08:57:23.478: I/Finsky(13211): 	at java.lang.reflect.Method.invoke(Native Method)
11-16 08:57:23.478: I/Finsky(13211): 	at com.android.internal.os.RuntimeInit$MethodAndArgsCaller.run(RuntimeInit.java:493)
11-16 08:57:23.478: I/Finsky(13211): 	at com.android.internal.os.ZygoteInit.main(ZygoteInit.java:858)
11-16 08:57:23.479: D/AndroidRuntime(20563): Calling main entry com.android.commands.am.Am
11-16 08:57:23.483: I/ActivityManager(1202): Force stopping com.google.android.apps.mtaas.tools appid=10156 user=0: start instr
11-16 08:57:23.484: I/android.vendin(13211): System.exit called, status: 0
11-16 08:57:23.484: I/AndroidRuntime(13211): VM exiting with result code 0, cleanup skipped.
11-16 08:57:23.490: I/ContactsDatabaseHelper(20279): Locale change completed in 73ms
11-16 08:57:23.490: I/ContactsDatabaseHelper(20279): Switching to locale [en] (ICU v60.2)
11-16 08:57:23.495: I/ActivityManager(1202): Start proc 20589:com.google.android.apps.mtaas.tools/u0a156 for added application com.google.android.apps.mtaas.tools
11-16 08:57:23.501: W/GmsTaskScheduler(13581): com.google.android.gms.icing.service.IcingGcmTaskChimeraService is not available. This may cause the task to be lost.
11-16 08:57:23.517: E/pps.mtaas.tool(20589): Not starting debugger since process cannot load the jdwp agent.
11-16 08:57:23.523: W/GAV2(20349): Thread[main,5,main]: Need to call initialize() and be in fallback mode to start dispatch.
11-16 08:57:23.539: I/NetworkScheduler.Stats(11052): Task com.google.android.gms/com.google.android.gms.icing.proxy.IcingInternalCorporaUpdateService finished executing. cause:9 result: 1 elapsed_millis: 95 uptime_millis: 95 exec_start_elapsed_seconds: 1512 [CONTEXT service_id=218 ]
11-16 08:57:23.541: I/pps.mtaas.tool(20589): The ClassLoaderContext is a special shared library.
11-16 08:57:23.543: I/pps.mtaas.tool(20589): Waiting for a blocking GC AddRemoveAppImageSpace
11-16 08:57:23.546: I/PrimesTesting(20349): GserviceFlagsSupplier.get()
11-16 08:57:23.555: I/ContactsDatabaseHelper(20279): Locale change completed in 64ms
11-16 08:57:23.555: D/GetPackageUid(20589): Instrumentation completed successfully
11-16 08:57:23.556: I/ActivityManager(1202): Force stopping com.google.android.apps.mtaas.tools appid=10156 user=0: finished inst
11-16 08:57:23.556: I/ActivityManager(1202): Killing 20589:com.google.android.apps.mtaas.tools/u0a156 (adj 0): stop com.google.android.apps.mtaas.tools
11-16 08:57:23.556: W/Binder(1202): Outgoing transactions from this process must be FLAG_ONEWAY
11-16 08:57:23.556: W/Binder(1202): java.lang.Throwable
11-16 08:57:23.556: W/Binder(1202): 	at android.os.BinderProxy.transact(Binder.java:1116)
11-16 08:57:23.556: W/Binder(1202): 	at android.app.IInstrumentationWatcher$Stub$Proxy.instrumentationFinished(IInstrumentationWatcher.java:164)
11-16 08:57:23.556: W/Binder(1202): 	at com.android.server.am.InstrumentationReporter$MyThread.run(InstrumentationReporter.java:86)
11-16 08:57:23.557: W/libprocessgroup(1202): kill(-20589, 9) failed: No such process
11-16 08:57:23.559: D/AndroidRuntime(20563): Shutting down VM
11-16 08:57:23.575: E/ExecutionCriteria(11052): Package unavailable for task: com.google.android.apps.gcs/com.google.android.flib.phenotype.services.PhenotypeExperimentCommitService{u=0 tag="PhenotypeExpCommitSvc" trigger=window{start=0s,end=30s,earliest=-1413s,latest=-1383s} requirements=[NET_ANY] attributes=[PERSISTED] scheduled=-1413s last_run=N/A exec_window_multiplier=1.0000 jid=N/A status=PENDING retries=0 client_lib=MANCHEGO_GCM-11732000} [CONTEXT service_id=218 ]
11-16 08:57:23.582: I/ContactsFTS(20279): Rebuild contact search index in 21ms, 0 contacts
11-16 08:57:23.587: E/Gmail(20349): Gmail:TotalBandwidthLoggerRunner: Bandwidth Value was not valid: BandwidthValue{txBytes=-1, rxBytes=-1, txPackets=-1, rxPackets=-1, startTimeMs=0, endTimeMs=1512401, connectivityType=TYPE_COMBINED, tag=TOTAL_APP_UID}
11-16 08:57:23.598: I/Zygote(735): Process 20589 exited due to signal (9)
11-16 08:57:23.601: E/ExecutionCriteria(11052): Package unavailable for task: com.google.android.apps.gcs/com.google.android.flib.phenotype.services.PhenotypeExperimentCommitService{u=0 tag="PhenotypeExpCommitSvc" trigger=window{start=0s,end=30s,earliest=-1413s,latest=-1383s} requirements=[NET_ANY] attributes=[PERSISTED] scheduled=-1413s last_run=N/A exec_window_multiplier=1.0000 jid=N/A status=PENDING retries=0 client_lib=MANCHEGO_GCM-11732000} [CONTEXT service_id=218 ]
11-16 08:57:23.602: W/libprocessgroup(1202): kill(-20589, 9) failed: No such process
11-16 08:57:23.602: I/libprocessgroup(1202): Successfully killed process cgroup uid 10156 pid 20589 in 45ms
11-16 08:57:23.611: D/ConnectivityService(1202): ConnectivityService NetworkRequestInfo binderDied(NetworkRequest [ TRACK_DEFAULT id=43, [ Capabilities: INTERNET&NOT_RESTRICTED&TRUSTED Unwanted:  Uid: 10014] ], android.os.BinderProxy@91c99a4)
11-16 08:57:23.611: D/ConnectivityService(1202): ConnectivityService NetworkRequestInfo binderDied(NetworkRequest [ LISTEN id=44, [ Capabilities: INTERNET&NOT_RESTRICTED&TRUSTED Unwanted:  Uid: 10014] ], android.os.BinderProxy@d5930d)
11-16 08:57:23.611: D/ConnectivityService(1202): releasing NetworkRequest [ TRACK_DEFAULT id=43, [ Capabilities: INTERNET&NOT_RESTRICTED&TRUSTED Unwanted:  Uid: 10014] ] (release request)
11-16 08:57:23.611: I/ActivityManager(1202): Process com.android.vending (pid 13211) has died: cch  CEM 
11-16 08:57:23.611: W/libprocessgroup(1202): kill(-13211, 9) failed: No such process
11-16 08:57:23.621: I/Zygote(736): Process 13211 exited cleanly (0)
11-16 08:57:23.623: W/libprocessgroup(1202): kill(-13211, 9) failed: No such process
11-16 08:57:23.623: I/libprocessgroup(1202): Successfully killed process cgroup uid 10014 pid 13211 in 12ms
11-16 08:57:23.632: I/NetworkScheduler.Stats(11052): Task com.google.android.gms/com.google.android.gms.icing.proxy.IcingInternalCorporaUpdateService started execution. cause:9 exec_start_elapsed_seconds: 1512 [CONTEXT service_id=218 ]
11-16 08:57:23.661: E/ExecutionCriteria(11052): Package unavailable for task: com.google.android.apps.gcs/com.google.android.flib.phenotype.services.PhenotypeExperimentCommitService{u=0 tag="PhenotypeExpCommitSvc" trigger=window{start=0s,end=30s,earliest=-1413s,latest=-1383s} requirements=[NET_ANY] attributes=[PERSISTED] scheduled=-1413s last_run=N/A exec_window_multiplier=1.0000 jid=N/A status=PENDING retries=0 client_lib=MANCHEGO_GCM-11732000} [CONTEXT service_id=218 ]
11-16 08:57:23.670: I/NetworkScheduler.Stats(11052): Task com.google.android.gms/com.google.android.gms.icing.proxy.IcingInternalCorporaUpdateService finished executing. cause:9 result: 1 elapsed_millis: 53 uptime_millis: 53 exec_start_elapsed_seconds: 1512 [CONTEXT service_id=218 ]
11-16 08:57:23.686: E/ExecutionCriteria(11052): Package unavailable for task: com.google.android.apps.gcs/com.google.android.flib.phenotype.services.PhenotypeExperimentCommitService{u=0 tag="PhenotypeExpCommitSvc" trigger=window{start=0s,end=30s,earliest=-1413s,latest=-1383s} requirements=[NET_ANY] attributes=[PERSISTED] scheduled=-1413s last_run=N/A exec_window_multiplier=1.0000 jid=N/A status=PENDING retries=0 client_lib=MANCHEGO_GCM-11732000} [CONTEXT service_id=218 ]
11-16 08:57:23.778: W/System(18381): A resource failed to call close. 
11-16 08:57:23.855: W/Gmail(20349): AccountUtils:For b/73513912, load account content://com.android.gmail.ui/account.-2137146394 from MailAppProvider. Is account valid result: 1.
11-16 08:57:23.863: W/Gmail(20349): AccountUtils:For b/73513912, load account content://com.google.android.gm.email.provider/account.-437561172?suppress_combined%3Dtrue from MailAppProvider. Is account valid result: 1.
11-16 08:57:23.889: I/ADBWatchdog(20293): Received adbWatchdog SET event:
11-16 08:57:23.889: D/ADBWatchdog(20293):    [checkinterval_min=60]
11-16 08:57:23.889: D/ADBWatchdog(20293):    [adbttl_min=60]
11-16 08:57:23.890: I/ADBWatchdog(20293): millisUtilFinished: 3600000
11-16 08:57:23.893: V/BackupManagerConstants(1202): getFullBackupRequiredNetworkType(...) returns 2
11-16 08:57:23.893: V/BackupManagerConstants(1202): getFullBackupRequireCharging(...) returns true
11-16 08:57:23.933: I/akia(11052): Removed 0 invalid users [CONTEXT service_id=51 ]
11-16 08:57:23.972: W/ActivityManager(1202): Unable to start service Intent { cmp=com.google.android.gm/com.android.email.service.AttachmentService } U=0: not found
11-16 08:57:24.263: W/atrace(20670): type=1400 audit(0.0:333): avc: denied { write } for name="enable" dev="tracefs" ino=11987 scontext=u:r:shell:s0 tcontext=u:object_r:debugfs_tracing_debug:s0 tclass=file permissive=0
11-16 08:57:24.284: W/droid.apps.map(20515): JIT profile information will not be recorded: profile file does not exits.
11-16 08:57:24.350: D/GH.AutoPhenotypeFlags(4297): Refreshing flag-values from Phenotype
11-16 08:57:24.355: I/PackageUpdateTaskChimer(11052): Scheduling Phenotype config package catchup updates to be 86400 seconds from now (1637081844355) [CONTEXT service_id=51 ]
11-16 08:57:24.360: I/akhr(11052): Scheduling adaptive one off task with window [14400, 604800] in seconds [CONTEXT service_id=51 ]
11-16 08:57:24.373: W/PhenotypeConfigurationU(11052): Update for unknown DeviceConfig package com.google.android.gms.car#car_setup [CONTEXT service_id=204 ]
11-16 08:57:24.373: W/PhenotypeConfigurationU(11052): akjf: No package exists for config package: com.google.android.gms.car#car_setup
11-16 08:57:24.373: W/PhenotypeConfigurationU(11052): 	at com.google.android.gms.platformconfigurator.PhenotypeConfigurationUpdateListener.a(:com.google.android.gms@213614028@21.36.14 (100400-395708125):7)
11-16 08:57:24.373: W/PhenotypeConfigurationU(11052): 	at com.google.android.gms.platformconfigurator.PhenotypeConfigurationUpdateListener.onHandleIntent(:com.google.android.gms@213614028@21.36.14 (100400-395708125):5)
11-16 08:57:24.373: W/PhenotypeConfigurationU(11052): 	at com.google.android.chimera.IntentOperation.onHandleIntent(:com.google.android.gms@213614028@21.36.14 (100400-395708125):2)
11-16 08:57:24.373: W/PhenotypeConfigurationU(11052): 	at pld.onHandleIntent(:com.google.android.gms@213614028@21.36.14 (100400-395708125):4)
11-16 08:57:24.373: W/PhenotypeConfigurationU(11052): 	at dpb.run(:com.google.android.gms@213614028@21.36.14 (100400-395708125):5)
11-16 08:57:24.373: W/PhenotypeConfigurationU(11052): 	at dpa.run(:com.google.android.gms@213614028@21.36.14 (100400-395708125):11)
11-16 08:57:24.373: W/PhenotypeConfigurationU(11052): 	at bfyg.run(:com.google.android.gms@213614028@21.36.14 (100400-395708125):2)
11-16 08:57:24.373: W/PhenotypeConfigurationU(11052): 	at java.util.concurrent.ThreadPoolExecutor.runWorker(ThreadPoolExecutor.java:1167)
11-16 08:57:24.373: W/PhenotypeConfigurationU(11052): 	at java.util.concurrent.ThreadPoolExecutor$Worker.run(ThreadPoolExecutor.java:641)
11-16 08:57:24.373: W/PhenotypeConfigurationU(11052): 	at java.lang.Thread.run(Thread.java:764)
11-16 08:57:24.381: W/PhenotypeConfigurationU(11052): Update for unknown DeviceConfig package com.google.android.gms.car#car [CONTEXT service_id=204 ]
11-16 08:57:24.381: W/PhenotypeConfigurationU(11052): akjf: No package exists for config package: com.google.android.gms.car#car
11-16 08:57:24.381: W/PhenotypeConfigurationU(11052): 	at com.google.android.gms.platformconfigurator.PhenotypeConfigurationUpdateListener.a(:com.google.android.gms@213614028@21.36.14 (100400-395708125):7)
11-16 08:57:24.381: W/PhenotypeConfigurationU(11052): 	at com.google.android.gms.platformconfigurator.PhenotypeConfigurationUpdateListener.onHandleIntent(:com.google.android.gms@213614028@21.36.14 (100400-395708125):5)
11-16 08:57:24.381: W/PhenotypeConfigurationU(11052): 	at com.google.android.chimera.IntentOperation.onHandleIntent(:com.google.android.gms@213614028@21.36.14 (100400-395708125):2)
11-16 08:57:24.381: W/PhenotypeConfigurationU(11052): 	at pld.onHandleIntent(:com.google.android.gms@213614028@21.36.14 (100400-395708125):4)
11-16 08:57:24.381: W/PhenotypeConfigurationU(11052): 	at dpb.run(:com.google.android.gms@213614028@21.36.14 (100400-395708125):5)
11-16 08:57:24.381: W/PhenotypeConfigurationU(11052): 	at dpa.run(:com.google.android.gms@213614028@21.36.14 (100400-395708125):11)
11-16 08:57:24.381: W/PhenotypeConfigurationU(11052): 	at bfyg.run(:com.google.android.gms@213614028@21.36.14 (100400-395708125):2)
11-16 08:57:24.381: W/PhenotypeConfigurationU(11052): 	at java.util.concurrent.ThreadPoolExecutor.runWorker(ThreadPoolExecutor.java:1167)
11-16 08:57:24.381: W/PhenotypeConfigurationU(11052): 	at java.util.concurrent.ThreadPoolExecutor$Worker.run(ThreadPoolExecutor.java:641)
11-16 08:57:24.381: W/PhenotypeConfigurationU(11052): 	at java.lang.Thread.run(Thread.java:764)
11-16 08:57:24.388: W/PhenotypeConfigurationU(11052): Update for unknown DeviceConfig package com.google.android.gms.icing.mdd#com.google.android.gms [CONTEXT service_id=204 ]
11-16 08:57:24.388: W/PhenotypeConfigurationU(11052): akjf: No package exists for config package: com.google.android.gms.icing.mdd#com.google.android.gms
11-16 08:57:24.388: W/PhenotypeConfigurationU(11052): 	at com.google.android.gms.platformconfigurator.PhenotypeConfigurationUpdateListener.a(:com.google.android.gms@213614028@21.36.14 (100400-395708125):7)
11-16 08:57:24.388: W/PhenotypeConfigurationU(11052): 	at com.google.android.gms.platformconfigurator.PhenotypeConfigurationUpdateListener.onHandleIntent(:com.google.android.gms@213614028@21.36.14 (100400-395708125):5)
11-16 08:57:24.388: W/PhenotypeConfigurationU(11052): 	at com.google.android.chimera.IntentOperation.onHandleIntent(:com.google.android.gms@213614028@21.36.14 (100400-395708125):2)
11-16 08:57:24.388: W/PhenotypeConfigurationU(11052): 	at pld.onHandleIntent(:com.google.android.gms@213614028@21.36.14 (100400-395708125):4)
11-16 08:57:24.388: W/PhenotypeConfigurationU(11052): 	at dpb.run(:com.google.android.gms@213614028@21.36.14 (100400-395708125):5)
11-16 08:57:24.388: W/PhenotypeConfigurationU(11052): 	at dpa.run(:com.google.android.gms@213614028@21.36.14 (100400-395708125):11)
11-16 08:57:24.388: W/PhenotypeConfigurationU(11052): 	at bfyg.run(:com.google.android.gms@213614028@21.36.14 (100400-395708125):2)
11-16 08:57:24.388: W/PhenotypeConfigurationU(11052): 	at java.util.concurrent.ThreadPoolExecutor.runWorker(ThreadPoolExecutor.java:1167)
11-16 08:57:24.388: W/PhenotypeConfigurationU(11052): 	at java.util.concurrent.ThreadPoolExecutor$Worker.run(ThreadPoolExecutor.java:641)
11-16 08:57:24.388: W/PhenotypeConfigurationU(11052): 	at java.lang.Thread.run(Thread.java:764)
11-16 08:57:24.403: D/GH.PhenotypeCommitter(4297): Committed Phenotype flags successfully!
11-16 08:57:24.416: D/CAR.CLIENT(4297): connect
11-16 08:57:24.427: D/GH.CarApiClientManager(4297): registered listener cqq@db34b8
11-16 08:57:24.427: D/GH.CarApiClientManager(4297): start
11-16 08:57:24.427: I/GH.SharedService(4297): Shared Service created
11-16 08:57:24.429: D/CAR.CLIENT(4297): connect
11-16 08:57:24.431: D/GH.NotifListenCNameMgr(4297): No set listener, returning default: com.google.android.gearhead.notifications.SharedNotificationListenerManager$ListenerService
11-16 08:57:24.431: D/GH.SharedNotifications(4297): Current notification listener: com.google.android.gearhead.notifications.SharedNotificationListenerManager$ListenerService
11-16 08:57:24.431: D/GH.NotifListenCNameMgr(4297): No set listener, returning default: com.google.android.gearhead.notifications.SharedNotificationListenerManager$ListenerService
11-16 08:57:24.432: W/PhenotypeConfigurationU(11052): Update for unknown DeviceConfig package com.google.android.gms.icing.mdd [CONTEXT service_id=204 ]
11-16 08:57:24.432: W/PhenotypeConfigurationU(11052): akjf: No package exists for config package: com.google.android.gms.icing.mdd
11-16 08:57:24.432: W/PhenotypeConfigurationU(11052): 	at com.google.android.gms.platformconfigurator.PhenotypeConfigurationUpdateListener.a(:com.google.android.gms@213614028@21.36.14 (100400-395708125):7)
11-16 08:57:24.432: W/PhenotypeConfigurationU(11052): 	at com.google.android.gms.platformconfigurator.PhenotypeConfigurationUpdateListener.onHandleIntent(:com.google.android.gms@213614028@21.36.14 (100400-395708125):5)
11-16 08:57:24.432: W/PhenotypeConfigurationU(11052): 	at com.google.android.chimera.IntentOperation.onHandleIntent(:com.google.android.gms@213614028@21.36.14 (100400-395708125):2)
11-16 08:57:24.432: W/PhenotypeConfigurationU(11052): 	at pld.onHandleIntent(:com.google.android.gms@213614028@21.36.14 (100400-395708125):4)
11-16 08:57:24.432: W/PhenotypeConfigurationU(11052): 	at dpb.run(:com.google.android.gms@213614028@21.36.14 (100400-395708125):5)
11-16 08:57:24.432: W/PhenotypeConfigurationU(11052): 	at dpa.run(:com.google.android.gms@213614028@21.36.14 (100400-395708125):11)
11-16 08:57:24.432: W/PhenotypeConfigurationU(11052): 	at bfyg.run(:com.google.android.gms@213614028@21.36.14 (100400-395708125):2)
11-16 08:57:24.432: W/PhenotypeConfigurationU(11052): 	at java.util.concurrent.ThreadPoolExecutor.runWorker(ThreadPoolExecutor.java:1167)
11-16 08:57:24.432: W/PhenotypeConfigurationU(11052): 	at java.util.concurrent.ThreadPoolExecutor$Worker.run(ThreadPoolExecutor.java:641)
11-16 08:57:24.432: W/PhenotypeConfigurationU(11052): 	at java.lang.Thread.run(Thread.java:764)
11-16 08:57:24.434: I/ActivityManager(1202): Start proc 20685:com.google.android.gms:car/u0a7 for service com.google.android.gms/.car.CarService
11-16 08:57:24.443: E/android.gms:ca(20685): Not starting debugger since process cannot load the jdwp agent.
11-16 08:57:24.449: I/NetworkScheduler.Stats(11052): Task com.google.android.gms/com.google.android.gms.phenotype.service.sync.PhenotypeConfigurator finished executing. cause:9 result: 1 elapsed_millis: 990 uptime_millis: 990 exec_start_elapsed_seconds: 1512 [CONTEXT service_id=218 ]
11-16 08:57:24.457: W/PhenotypeConfigurationU(11052): Update for unknown DeviceConfig package com.google.android.gms.car [CONTEXT service_id=204 ]
11-16 08:57:24.457: W/PhenotypeConfigurationU(11052): akjf: No package exists for config package: com.google.android.gms.car
11-16 08:57:24.457: W/PhenotypeConfigurationU(11052): 	at com.google.android.gms.platformconfigurator.PhenotypeConfigurationUpdateListener.a(:com.google.android.gms@213614028@21.36.14 (100400-395708125):7)
11-16 08:57:24.457: W/PhenotypeConfigurationU(11052): 	at com.google.android.gms.platformconfigurator.PhenotypeConfigurationUpdateListener.onHandleIntent(:com.google.android.gms@213614028@21.36.14 (100400-395708125):5)
11-16 08:57:24.457: W/PhenotypeConfigurationU(11052): 	at com.google.android.chimera.IntentOperation.onHandleIntent(:com.google.android.gms@213614028@21.36.14 (100400-395708125):2)
11-16 08:57:24.457: W/PhenotypeConfigurationU(11052): 	at pld.onHandleIntent(:com.google.android.gms@213614028@21.36.14 (100400-395708125):4)
11-16 08:57:24.457: W/PhenotypeConfigurationU(11052): 	at dpb.run(:com.google.android.gms@213614028@21.36.14 (100400-395708125):5)
11-16 08:57:24.457: W/PhenotypeConfigurationU(11052): 	at dpa.run(:com.google.android.gms@213614028@21.36.14 (100400-395708125):11)
11-16 08:57:24.457: W/PhenotypeConfigurationU(11052): 	at bfyg.run(:com.google.android.gms@213614028@21.36.14 (100400-395708125):2)
11-16 08:57:24.457: W/PhenotypeConfigurationU(11052): 	at java.util.concurrent.ThreadPoolExecutor.runWorker(ThreadPoolExecutor.java:1167)
11-16 08:57:24.457: W/PhenotypeConfigurationU(11052): 	at java.util.concurrent.ThreadPoolExecutor$Worker.run(ThreadPoolExecutor.java:641)
11-16 08:57:24.457: W/PhenotypeConfigurationU(11052): 	at java.lang.Thread.run(Thread.java:764)
11-16 08:57:24.462: E/ExecutionCriteria(11052): Package unavailable for task: com.google.android.apps.gcs/com.google.android.flib.phenotype.services.PhenotypeExperimentCommitService{u=0 tag="PhenotypeExpCommitSvc" trigger=window{start=0s,end=30s,earliest=-1413s,latest=-1383s} requirements=[NET_ANY] attributes=[PERSISTED] scheduled=-1413s last_run=N/A exec_window_multiplier=1.0000 jid=N/A status=PENDING retries=0 client_lib=MANCHEGO_GCM-11732000} [CONTEXT service_id=218 ]
11-16 08:57:24.469: I/android.gms:ca(20685): The ClassLoaderContext is a special shared library.
11-16 08:57:24.479: V/SettingsProvider(1202): Notifying for 0: content://settings/system/gearhead:driving_mode_settings_enabled
11-16 08:57:24.470: I/chatty(20685): uid=10007 com.google.android.gms:car identical 1 line
11-16 08:57:24.472: I/android.gms:ca(20685): The ClassLoaderContext is a special shared library.
11-16 08:57:24.480: D/BoundBrokerSvc(13581): onBind: Intent { act=com.google.android.mdd.service.START cmp=com.google.android.gms/.chimera.GmsBoundBrokerService }
11-16 08:57:24.480: D/BoundBrokerSvc(13581): Loading bound service for intent: Intent { act=com.google.android.mdd.service.START cmp=com.google.android.gms/.chimera.GmsBoundBrokerService }
11-16 08:57:24.489: W/android.gms:ca(20685): Unknown chunk type '200'.
11-16 08:57:24.595: W/ProviderHelper(20685): Unknown dynamite feature providerinstaller.dynamite
11-16 08:57:24.596: I/DynamiteModule(20685): Considering local module com.google.android.gms.providerinstaller.dynamite:1 and remote module com.google.android.gms.providerinstaller.dynamite:0
