11-16 08:57:18.424: D/ConnectivityMonitorManager(6265): Service com.google.android.connectivitymonitor.PowerAnomalyDetectorService is not running...
11-16 08:57:18.426: E/GooglePlayServicesUtil(19700): The Google Play services resources were not found. Check your project configuration to ensure that the resources are included.
11-16 08:57:18.427: D/GservicesChangeReceiver(6265): Gservices allowLowPowerMonitoring is False.
11-16 08:57:18.428: D/ConnectivityMonitorManager(6265): Service com.google.android.connectivitymonitor.LowPowerMonitorService is not running...
11-16 08:57:18.429: I/GmsModuleFndr(13581): Beginning GMS chimera module scan
11-16 08:57:18.431: D/GservicesChangeReceiver(6265): Gservices isConnectivityMonitorEnabled is True.
11-16 08:57:18.433: D/ConnectivityMonitorManager(6265): Service com.google.android.connectivitymonitor.ConnectivityMonitorService is running...
11-16 08:57:18.438: I/EuiccGoogle(19746): [2] GservicesChangedReceiver.onReceive: Setting EUICC_SUPPORTED_COUNTRIES to de,gb,in,us
11-16 08:57:18.443: I/Backup(13581): [GmsBackupStatusChangeReceiver] Going to enable gms backup transport.
11-16 08:57:18.445: D/ConnMetrics:App(19700): IsOptedIn = false
11-16 08:57:18.446: I/ModuleSetMgr(13581): Computing pending module set with APKs: [[AdsFdrDynamite.integ:213806100100000], [Enpromo.integ:214106000100000], [Pay.optional:213614100000], [VisionOcr.optional:213614100400], [AdsFdrDynamite.integ:212104400100000], [Cronetdynamite:213614100400], [Dynamiteloader:213614100000], [Dynamitemodulesa:213614100000], [Dynamitemodulesc:213614100000], [Googlecertificates:213614100000], [Mapsdynamite:213614100000], [Measurementdynamite:213614100000]]
11-16 08:57:18.449: I/ModuleSetMgr(13581): Pending container module APKs: [[Pay.optional:213614100000], [VisionOcr.optional:213614100400]]
11-16 08:57:18.449: I/ModuleSetMgr(13581): Pending non-container module APKs: [[Enpromo.integ:214106000100000], [AdsFdrDynamite.integ:213806100100000]]
11-16 08:57:18.453: I/Herrevad(11052): [994] zcq.a: updateListenState
11-16 08:57:18.453: I/NetRec(11052): [998] aiad.a: onConfigChanged()
11-16 08:57:18.458: I/Auth(11052): [AuthManaged, PasswordComplexityHelperImpl] Updating password complexity components state.
11-16 08:57:18.458: I/Auth(11052): [AuthManaged, PasswordComplexityHelperImpl] Enabling com.google.android.gms.auth.managed.ui.SetNewPasswordActivity
11-16 08:57:18.459: I/NetRec(11052): [998] aiad.a: Cancelling all NetRec GCM tasks
11-16 08:57:18.467: I/NetRec(11052): [998] ClearDatabaseService.onHandleIntent: Clearing score cache
11-16 08:57:18.468: I/BgTaskExecutorImpl(10198): Starting NONEXCLUSIVE background task UPDATE_GSERVICES_CONFIG.
11-16 08:57:18.469: W/PackageParser(13581): Unknown element under <manifest>: queries at /data/user_de/0/com.google.android.gms/app_chimera/m/00000007/AdsDynamite.apk Binary XML file line #5
11-16 08:57:18.475: W/SearchServiceCore(10198): Abort, client detached.
11-16 08:57:18.476: I/GservicesUpdateTask(10198): Updating Gservices keys
11-16 08:57:18.478: I/GCoreUlr(11052): WorldUpdater received intent Intent { act=com.google.android.location.reporting.ACTION_UPDATE_WORLD cmp=com.google.android.gms/com.google.android.location.reporting.service.DispatchingService (has extras) } with receiverAction com.google.gservices.intent.action.GSERVICES_CHANGED [CONTEXT service_id=22 ]
11-16 08:57:18.482: I/GCoreUlr(11052): WorldUpdater:com.google.gservices.intent.action.GSERVICES_CHANGED: Ensuring that reporting is stopped because of reasons: (no Google accounts) [CONTEXT service_id=22 ]
11-16 08:57:18.483: W/PackageParser(13581): Unknown element under <manifest>: queries at /data/user_de/0/com.google.android.gms/app_chimera/m/00000011/dl-AdsFdrDynamite.integ_213806100100000.apk Binary XML file line #11
11-16 08:57:18.486: I/GCoreUlr(11052): Unbound from all signal providers. [CONTEXT service_id=22 ]
11-16 08:57:18.490: I/RecoverableKeyStoreGms(13581): [RecoverableKeyStoreGmsInitOperation] Initializing auth_folsom
11-16 08:57:18.492: I/RecoverableKeyStoreGms(13581): [RecoverableKeyStoreGmsInitOperation] com.google.android.gms.auth.folsom.service.FolsomPublicKeyUpdateService is already enabled. Ignore.
11-16 08:57:18.492: I/RecoverableKeyStoreGms(13581): [RecoverableKeyStoreGmsInitOperation] com.google.android.gms.auth.folsom.service.GcmReceiverService is already enabled. Ignore.
11-16 08:57:18.493: I/ChromeSync(13581): [Sync,SyncIntentOperation] Handling the intent: Intent { act=com.google.gservices.intent.action.GSERVICES_CHANGED flg=0x1000010 pkg=com.google.android.gms cmp=com.google.android.gms/.chimera.GmsIntentOperationService$PersistentInternalReceiver }.
11-16 08:57:18.496: V/RecoverableKeyStoreMgr(1202): Not updating secret types - same as old value.
11-16 08:57:18.497: I/RecoverableKeyStoreGms(13581): [RecoverableKeyStoreGmsInitOperation] Setting vault handle
11-16 08:57:18.497: V/RecoverableKeyStoreMgr(1202): Not updating server params - same as old value.
11-16 08:57:18.498: I/TestSupport(13581): AwaitCommitOperation: uncommitted: FlagOverride(com.google.android.gms.auth.api.credentials, , Flag(SaveStrategy__enableSaving, false, 2, 0), false) [CONTEXT service_id=133 ]
11-16 08:57:18.498: I/RecoverableKeyStoreGms(13581): [EnrollmentManager] Returning certificates list from cache
11-16 08:57:18.498: I/TestSupport(13581): AwaitCommitOperation:  sleeping for 320 msec. [CONTEXT service_id=133 ]
11-16 08:57:18.498: I/MobileDataHub(13581): Scheduling periodic tasks
11-16 08:57:18.499: W/MobileDataHub(13581): [Service] appsupload-periodic periodic task disabled
11-16 08:57:18.500: I/MdiSyncModule(13581): flag handling is skipping irrelevant intent.
11-16 08:57:18.501: I/MS_Utils(13581): version of com.google.android.apps.maps = 1022101040
11-16 08:57:18.502: I/SystemUpdate(13581): [Installation,ReceiverIntentOperation] Received intent: Intent { act=com.google.gservices.intent.action.GSERVICES_CHANGED flg=0x1000010 pkg=com.google.android.gms cmp=com.google.android.gms/.chimera.GmsIntentOperationService$PersistentInternalReceiver }.
11-16 08:57:18.508: W/DynamiteModule(13581): Local module descriptor class for com.google.android.gms.vision.dynamite.ocr not found.
11-16 08:57:18.509: I/DynamiteModule(13581): Considering local module com.google.android.gms.vision.dynamite.ocr:0 and remote module com.google.android.gms.vision.dynamite.ocr:0
11-16 08:57:18.509: I/DynamiteModule(13581): Considering local module com.google.android.gms.vision.ocr:0 and remote module com.google.android.gms.vision.ocr:1
11-16 08:57:18.509: I/DynamiteModule(13581): Selected remote version of com.google.android.gms.vision.ocr, version >= 1
11-16 08:57:18.510: I/GCoreUlr(11052): Unbound from all signal providers. [CONTEXT service_id=22 ]
11-16 08:57:18.510: I/GCoreUlr(11052): Stopping handler for UlrDispSvcFast [CONTEXT service_id=22 ]
11-16 08:57:18.511: I/native(13581): I1116 08:57:18.511317   19669 start_ocr_856638336_langid.cc:35] StartOcr with label: latin_script_gmvapi_android
11-16 08:57:18.511: I/native(13581): I1116 08:57:18.511391   19669 start_ocr_856638336_langid.cc:44] StartOcr success
11-16 08:57:18.516: I/OcrModelUpStIntentOp(13581): Downloading text recognizer
11-16 08:57:18.528: I/GmsModuleFndr(13581): Beginning GMS chimera module scan
11-16 08:57:18.530: W/NetworkScheduler(11052): The extras of the task is not valid to be persisted so that the task is not persisted [CONTEXT service_id=218 ]
11-16 08:57:18.530: W/NetworkScheduler(11052): java.lang.IllegalArgumentException: Only the following extra parameter types are supported: Integer, Long, Double, String, Boolean, and nested Bundles with the same restrictions.
11-16 08:57:18.530: W/NetworkScheduler(11052): 	at abno.f(:com.google.android.gms@213614028@21.36.14 (100400-395708125):6)
11-16 08:57:18.530: W/NetworkScheduler(11052): 	at amdu.g(:com.google.android.gms@213614028@21.36.14 (100400-395708125):37)
11-16 08:57:18.530: W/NetworkScheduler(11052): 	at amdd.n(:com.google.android.gms@213614028@21.36.14 (100400-395708125):3)
11-16 08:57:18.530: W/NetworkScheduler(11052): 	at amdd.u(:com.google.android.gms@213614028@21.36.14 (100400-395708125):20)
11-16 08:57:18.530: W/NetworkScheduler(11052): 	at amdd.g(:com.google.android.gms@213614028@21.36.14 (100400-395708125):3)
11-16 08:57:18.530: W/NetworkScheduler(11052): 	at alzy.run(:com.google.android.gms@213614028@21.36.14 (100400-395708125):9)
11-16 08:57:18.530: W/NetworkScheduler(11052): 	at rgh.c(:com.google.android.gms@213614028@21.36.14 (100400-395708125):6)
11-16 08:57:18.530: W/NetworkScheduler(11052): 	at rgh.run(:com.google.android.gms@213614028@21.36.14 (100400-395708125):7)
11-16 08:57:18.530: W/NetworkScheduler(11052): 	at java.util.concurrent.ThreadPoolExecutor.runWorker(ThreadPoolExecutor.java:1167)
11-16 08:57:18.530: W/NetworkScheduler(11052): 	at java.util.concurrent.ThreadPoolExecutor$Worker.run(ThreadPoolExecutor.java:641)
11-16 08:57:18.530: W/NetworkScheduler(11052): 	at rkn.run(:com.google.android.gms@213614028@21.36.14 (100400-395708125):0)
11-16 08:57:18.530: W/NetworkScheduler(11052): 	at java.lang.Thread.run(Thread.java:764)
11-16 08:57:18.533: I/RecoverableKeyStoreMgr(1202): The cert file serial number is the same, so skip updating.
11-16 08:57:18.533: I/RecoverableKeyStoreGms(13581): [EnrollmentManager] Recovery service is initialized.
11-16 08:57:18.535: I/RecoverySnapshotLstnrs(1202): Registered listener for agent with uid 10007
11-16 08:57:18.535: I/ModuleSetMgr(13581): Computing pending module set with APKs: [[AdsFdrDynamite.integ:213806100100000], [Enpromo.integ:214106000100000], [Pay.optional:213614100000], [VisionOcr.optional:213614100400], [AdsFdrDynamite.integ:212104400100000], [Cronetdynamite:213614100400], [Dynamiteloader:213614100000], [Dynamitemodulesa:213614100000], [Dynamitemodulesc:213614100000], [Googlecertificates:213614100000], [Mapsdynamite:213614100000], [Measurementdynamite:213614100000]]
11-16 08:57:18.536: E/RecoverySnapshotStorage(1202): Error reading snapshot for 10007 from disk
11-16 08:57:18.536: E/RecoverySnapshotStorage(1202): java.io.FileNotFoundException: /data/system/recoverablekeystore/snapshots/10007.xml (No such file or directory)
11-16 08:57:18.536: E/RecoverySnapshotStorage(1202): 	at java.io.FileInputStream.open0(Native Method)
11-16 08:57:18.536: E/RecoverySnapshotStorage(1202): 	at java.io.FileInputStream.open(FileInputStream.java:231)
11-16 08:57:18.536: E/RecoverySnapshotStorage(1202): 	at java.io.FileInputStream.<init>(FileInputStream.java:165)
11-16 08:57:18.536: E/RecoverySnapshotStorage(1202): 	at com.android.server.locksettings.recoverablekeystore.storage.RecoverySnapshotStorage.readFromDisk(RecoverySnapshotStorage.java:152)
11-16 08:57:18.536: E/RecoverySnapshotStorage(1202): 	at com.android.server.locksettings.recoverablekeystore.storage.RecoverySnapshotStorage.get(RecoverySnapshotStorage.java:104)
11-16 08:57:18.536: E/RecoverySnapshotStorage(1202): 	at com.android.server.locksettings.recoverablekeystore.RecoverableKeyStoreManager.getKeyChainSnapshot(RecoverableKeyStoreManager.java:331)
11-16 08:57:18.536: E/RecoverySnapshotStorage(1202): 	at com.android.server.locksettings.LockSettingsService.getKeyChainSnapshot(LockSettingsService.java:2032)
11-16 08:57:18.536: E/RecoverySnapshotStorage(1202): 	at com.android.internal.widget.ILockSettings$Stub.onTransact(ILockSettings.java:356)
11-16 08:57:18.536: E/RecoverySnapshotStorage(1202): 	at android.os.Binder.execTransact(Binder.java:731)
11-16 08:57:18.536: I/RecoverableKeyStoreGms(13581): [WrappingKeyManager] Can't generate wrapping key - missing lock screeen
11-16 08:57:18.540: I/SoundTriggerModelLoader(19816): Unloading model 9f6ad62a-1f0b-11e7-87c5-40a8f03d3f15
11-16 08:57:18.541: I/ModuleSetMgr(13581): Pending container module APKs: [[Pay.optional:213614100000], [VisionOcr.optional:213614100400]]
11-16 08:57:18.541: I/ModuleSetMgr(13581): Pending non-container module APKs: [[Enpromo.integ:214106000100000], [AdsFdrDynamite.integ:213806100100000]]
11-16 08:57:18.541: I/SoundTriggerManagerComp(19816): Unloading model 9f6ad62a-1f0b-11e7-87c5-40a8f03d3f15
11-16 08:57:18.541: I/SoundTriggerService(1202): deleteSoundModel(): id = 9f6ad62a-1f0b-11e7-87c5-40a8f03d3f15
11-16 08:57:18.541: W/SoundTriggerHelper(1202): Unload error: Attempting unload invalid generic model with id:9f6ad62a-1f0b-11e7-87c5-40a8f03d3f15
11-16 08:57:18.550: W/PackageParser(13581): Unknown element under <manifest>: queries at /data/user_de/0/com.google.android.gms/app_chimera/m/00000007/AdsDynamite.apk Binary XML file line #5
11-16 08:57:18.557: V/BackupManagerConstants(1202): getFullBackupRequiredNetworkType(...) returns 2
11-16 08:57:18.557: V/BackupManagerConstants(1202): getFullBackupRequireCharging(...) returns true
11-16 08:57:18.572: I/ActivityManager(1202): Start proc 19902:com.google.android.gms.ui/u0a7 for service com.google.android.gms/.chimera.UiIntentOperationService
11-16 08:57:18.584: E/.android.gms.u(19902): Not starting debugger since process cannot load the jdwp agent.
11-16 08:57:18.587: W/PackageParser(13581): Unknown element under <manifest>: queries at /data/user_de/0/com.google.android.gms/app_chimera/m/00000011/dl-AdsFdrDynamite.integ_213806100100000.apk Binary XML file line #11
11-16 08:57:18.599: I/GmsModuleFndr(13581): Beginning GMS chimera module scan
11-16 08:57:18.599: I/.android.gms.u(19902): The ClassLoaderContext is a special shared library.
11-16 08:57:18.599: I/chatty(19902): uid=10007 com.google.android.gms.ui identical 1 line
11-16 08:57:18.600: I/.android.gms.u(19902): The ClassLoaderContext is a special shared library.
11-16 08:57:18.605: W/PhenotypeConfigurationU(11052): Update for unknown DeviceConfig package com.google.android.gms.auth.api.credentials [CONTEXT service_id=204 ]
11-16 08:57:18.605: W/PhenotypeConfigurationU(11052): akjf: No package exists for config package: com.google.android.gms.auth.api.credentials
11-16 08:57:18.605: W/PhenotypeConfigurationU(11052): 	at com.google.android.gms.platformconfigurator.PhenotypeConfigurationUpdateListener.a(:com.google.android.gms@213614028@21.36.14 (100400-395708125):7)
11-16 08:57:18.605: W/PhenotypeConfigurationU(11052): 	at com.google.android.gms.platformconfigurator.PhenotypeConfigurationUpdateListener.onHandleIntent(:com.google.android.gms@213614028@21.36.14 (100400-395708125):5)
11-16 08:57:18.605: W/PhenotypeConfigurationU(11052): 	at com.google.android.chimera.IntentOperation.onHandleIntent(:com.google.android.gms@213614028@21.36.14 (100400-395708125):2)
11-16 08:57:18.605: W/PhenotypeConfigurationU(11052): 	at pld.onHandleIntent(:com.google.android.gms@213614028@21.36.14 (100400-395708125):4)
11-16 08:57:18.605: W/PhenotypeConfigurationU(11052): 	at dpb.run(:com.google.android.gms@213614028@21.36.14 (100400-395708125):5)
11-16 08:57:18.605: W/PhenotypeConfigurationU(11052): 	at dpa.run(:com.google.android.gms@213614028@21.36.14 (100400-395708125):11)
11-16 08:57:18.605: W/PhenotypeConfigurationU(11052): 	at bfyg.run(:com.google.android.gms@213614028@21.36.14 (100400-395708125):2)
11-16 08:57:18.605: W/PhenotypeConfigurationU(11052): 	at java.util.concurrent.ThreadPoolExecutor.runWorker(ThreadPoolExecutor.java:1167)
11-16 08:57:18.605: W/PhenotypeConfigurationU(11052): 	at java.util.concurrent.ThreadPoolExecutor$Worker.run(ThreadPoolExecutor.java:641)
11-16 08:57:18.605: W/PhenotypeConfigurationU(11052): 	at java.lang.Thread.run(Thread.java:764)
11-16 08:57:18.614: W/.android.gms.u(19902): Unknown chunk type '200'.
11-16 08:57:18.616: I/ModuleSetMgr(13581): Computing pending module set with APKs: [[AdsFdrDynamite.integ:213806100100000], [Enpromo.integ:214106000100000], [Pay.optional:213614100000], [VisionOcr.optional:213614100400], [AdsFdrDynamite.integ:212104400100000], [Cronetdynamite:213614100400], [Dynamiteloader:213614100000], [Dynamitemodulesa:213614100000], [Dynamitemodulesc:213614100000], [Googlecertificates:213614100000], [Mapsdynamite:213614100000], [Measurementdynamite:213614100000]]
11-16 08:57:18.635: I/ModuleSetMgr(13581): Pending container module APKs: [[Pay.optional:213614100000], [VisionOcr.optional:213614100400]]
11-16 08:57:18.635: I/ModuleSetMgr(13581): Pending non-container module APKs: [[Enpromo.integ:214106000100000], [AdsFdrDynamite.integ:213806100100000]]
11-16 08:57:18.647: W/PackageParser(13581): Unknown element under <manifest>: queries at /data/user_de/0/com.google.android.gms/app_chimera/m/00000007/AdsDynamite.apk Binary XML file line #5
11-16 08:57:18.658: W/PackageParser(13581): Unknown element under <manifest>: queries at /data/user_de/0/com.google.android.gms/app_chimera/m/00000011/dl-AdsFdrDynamite.integ_213806100100000.apk Binary XML file line #11
11-16 08:57:18.664: I/RecoverableKeyStoreGms(13581): [RecoverableKeyStoreGmsInitOperation] Initializing auth_folsom
11-16 08:57:18.665: I/RecoverableKeyStoreGms(13581): [RecoverableKeyStoreGmsInitOperation] com.google.android.gms.auth.folsom.service.FolsomPublicKeyUpdateService is already enabled. Ignore.
11-16 08:57:18.665: I/RecoverableKeyStoreGms(13581): [RecoverableKeyStoreGmsInitOperation] com.google.android.gms.auth.folsom.service.GcmReceiverService is already enabled. Ignore.
11-16 08:57:18.665: I/ChromeSync(13581): [Sync,SyncIntentOperation] Handling the intent: Intent { act=com.google.gservices.intent.action.GSERVICES_CHANGED flg=0x1000010 pkg=com.google.android.gms cmp=com.google.android.gms/.chimera.GmsIntentOperationService$PersistentInternalReceiver }.
11-16 08:57:18.670: V/RecoverableKeyStoreMgr(1202): Not updating secret types - same as old value.
11-16 08:57:18.671: I/MobileDataHub(13581): Scheduling periodic tasks
11-16 08:57:18.671: I/RecoverableKeyStoreGms(13581): [RecoverableKeyStoreGmsInitOperation] Setting vault handle
11-16 08:57:18.671: W/MobileDataHub(13581): [Service] appsupload-periodic periodic task disabled
11-16 08:57:18.672: I/MS_Utils(13581): version of com.google.android.apps.maps = 1022101040
11-16 08:57:18.672: V/RecoverableKeyStoreMgr(1202): Not updating server params - same as old value.
11-16 08:57:18.673: I/MdiSyncModule(13581): flag handling is skipping irrelevant intent.
11-16 08:57:18.673: I/RecoverableKeyStoreGms(13581): [EnrollmentManager] Returning certificates list from cache
11-16 08:57:18.675: I/SystemUpdate(13581): [Installation,ReceiverIntentOperation] Received intent: Intent { act=com.google.gservices.intent.action.GSERVICES_CHANGED flg=0x1000010 pkg=com.google.android.gms cmp=com.google.android.gms/.chimera.GmsIntentOperationService$PersistentInternalReceiver }.
11-16 08:57:18.676: W/DynamiteModule(13581): Local module descriptor class for com.google.android.gms.vision.dynamite.ocr not found.
11-16 08:57:18.677: I/DynamiteModule(13581): Considering local module com.google.android.gms.vision.dynamite.ocr:0 and remote module com.google.android.gms.vision.dynamite.ocr:0
11-16 08:57:18.677: I/DynamiteModule(13581): Considering local module com.google.android.gms.vision.ocr:0 and remote module com.google.android.gms.vision.ocr:1
11-16 08:57:18.677: I/DynamiteModule(13581): Selected remote version of com.google.android.gms.vision.ocr, version >= 1
11-16 08:57:18.679: I/native(13581): I1116 08:57:18.679067   19466 start_ocr_856638336_langid.cc:35] StartOcr with label: latin_script_gmvapi_android
11-16 08:57:18.679: I/native(13581): I1116 08:57:18.679179   19466 start_ocr_856638336_langid.cc:44] StartOcr success
11-16 08:57:18.682: I/OcrModelUpStIntentOp(13581): Downloading text recognizer
11-16 08:57:18.695: W/NetworkScheduler(11052): The extras of the task is not valid to be persisted so that the task is not persisted [CONTEXT service_id=218 ]
11-16 08:57:18.695: W/NetworkScheduler(11052): java.lang.IllegalArgumentException: Only the following extra parameter types are supported: Integer, Long, Double, String, Boolean, and nested Bundles with the same restrictions.
11-16 08:57:18.695: W/NetworkScheduler(11052): 	at abno.f(:com.google.android.gms@213614028@21.36.14 (100400-395708125):6)
11-16 08:57:18.695: W/NetworkScheduler(11052): 	at amdu.g(:com.google.android.gms@213614028@21.36.14 (100400-395708125):37)
11-16 08:57:18.695: W/NetworkScheduler(11052): 	at amdd.n(:com.google.android.gms@213614028@21.36.14 (100400-395708125):3)
11-16 08:57:18.695: W/NetworkScheduler(11052): 	at amdd.u(:com.google.android.gms@213614028@21.36.14 (100400-395708125):20)
11-16 08:57:18.695: W/NetworkScheduler(11052): 	at amdd.g(:com.google.android.gms@213614028@21.36.14 (100400-395708125):3)
11-16 08:57:18.695: W/NetworkScheduler(11052): 	at alzy.run(:com.google.android.gms@213614028@21.36.14 (100400-395708125):9)
11-16 08:57:18.695: W/NetworkScheduler(11052): 	at rgh.c(:com.google.android.gms@213614028@21.36.14 (100400-395708125):6)
11-16 08:57:18.695: W/NetworkScheduler(11052): 	at rgh.run(:com.google.android.gms@213614028@21.36.14 (100400-395708125):7)
11-16 08:57:18.695: W/NetworkScheduler(11052): 	at java.util.concurrent.ThreadPoolExecutor.runWorker(ThreadPoolExecutor.java:1167)
11-16 08:57:18.695: W/NetworkScheduler(11052): 	at java.util.concurrent.ThreadPoolExecutor$Worker.run(ThreadPoolExecutor.java:641)
11-16 08:57:18.695: W/NetworkScheduler(11052): 	at rkn.run(:com.google.android.gms@213614028@21.36.14 (100400-395708125):0)
11-16 08:57:18.695: W/NetworkScheduler(11052): 	at java.lang.Thread.run(Thread.java:764)
11-16 08:57:18.707: I/GmsModuleFndr(13581): Beginning GMS chimera module scan
11-16 08:57:18.710: I/RecoverableKeyStoreMgr(1202): The cert file serial number is the same, so skip updating.
11-16 08:57:18.710: I/RecoverableKeyStoreGms(13581): [EnrollmentManager] Recovery service is initialized.
11-16 08:57:18.711: I/RecoverySnapshotLstnrs(1202): Registered listener for agent with uid 10007
11-16 08:57:18.712: E/RecoverySnapshotStorage(1202): Error reading snapshot for 10007 from disk
11-16 08:57:18.712: E/RecoverySnapshotStorage(1202): java.io.FileNotFoundException: /data/system/recoverablekeystore/snapshots/10007.xml (No such file or directory)
11-16 08:57:18.712: E/RecoverySnapshotStorage(1202): 	at java.io.FileInputStream.open0(Native Method)
11-16 08:57:18.712: E/RecoverySnapshotStorage(1202): 	at java.io.FileInputStream.open(FileInputStream.java:231)
11-16 08:57:18.712: E/RecoverySnapshotStorage(1202): 	at java.io.FileInputStream.<init>(FileInputStream.java:165)
11-16 08:57:18.712: E/RecoverySnapshotStorage(1202): 	at com.android.server.locksettings.recoverablekeystore.storage.RecoverySnapshotStorage.readFromDisk(RecoverySnapshotStorage.java:152)
11-16 08:57:18.712: E/RecoverySnapshotStorage(1202): 	at com.android.server.locksettings.recoverablekeystore.storage.RecoverySnapshotStorage.get(RecoverySnapshotStorage.java:104)
11-16 08:57:18.712: E/RecoverySnapshotStorage(1202): 	at com.android.server.locksettings.recoverablekeystore.RecoverableKeyStoreManager.getKeyChainSnapshot(RecoverableKeyStoreManager.java:331)
11-16 08:57:18.712: E/RecoverySnapshotStorage(1202): 	at com.android.server.locksettings.LockSettingsService.getKeyChainSnapshot(LockSettingsService.java:2032)
11-16 08:57:18.712: E/RecoverySnapshotStorage(1202): 	at com.android.internal.widget.ILockSettings$Stub.onTransact(ILockSettings.java:356)
11-16 08:57:18.712: E/RecoverySnapshotStorage(1202): 	at android.os.Binder.execTransact(Binder.java:731)
11-16 08:57:18.713: I/ModuleSetMgr(13581): Computing pending module set with APKs: [[AdsFdrDynamite.integ:213806100100000], [Enpromo.integ:214106000100000], [Pay.optional:213614100000], [VisionOcr.optional:213614100400], [AdsFdrDynamite.integ:212104400100000], [Cronetdynamite:213614100400], [Dynamiteloader:213614100000], [Dynamitemodulesa:213614100000], [Dynamitemodulesc:213614100000], [Googlecertificates:213614100000], [Mapsdynamite:213614100000], [Measurementdynamite:213614100000]]
11-16 08:57:18.713: I/RecoverableKeyStoreGms(13581): [WrappingKeyManager] Can't generate wrapping key - missing lock screeen
11-16 08:57:18.719: I/ModuleSetMgr(13581): Pending container module APKs: [[Pay.optional:213614100000], [VisionOcr.optional:213614100400]]
11-16 08:57:18.719: I/ModuleSetMgr(13581): Pending non-container module APKs: [[Enpromo.integ:214106000100000], [AdsFdrDynamite.integ:213806100100000]]
11-16 08:57:18.732: W/PackageParser(13581): Unknown element under <manifest>: queries at /data/user_de/0/com.google.android.gms/app_chimera/m/00000007/AdsDynamite.apk Binary XML file line #5
11-16 08:57:18.742: W/ProviderHelper(19902): Unknown dynamite feature providerinstaller.dynamite
11-16 08:57:18.743: I/DynamiteModule(19902): Considering local module com.google.android.gms.providerinstaller.dynamite:1 and remote module com.google.android.gms.providerinstaller.dynamite:0
11-16 08:57:18.743: I/DynamiteModule(19902): Selected local version of com.google.android.gms.providerinstaller.dynamite
11-16 08:57:18.745: W/PackageParser(13581): Unknown element under <manifest>: queries at /data/user_de/0/com.google.android.gms/app_chimera/m/00000011/dl-AdsFdrDynamite.integ_213806100100000.apk Binary XML file line #11
11-16 08:57:18.757: V/NativeCrypto(19902): Registering com/google/android/gms/org/conscrypt/NativeCrypto's 294 native methods...
11-16 08:57:18.770: D/NetworkSecurityConfig(19902): Using Network Security Config from resource network_security_config debugBuild: false
11-16 08:57:18.776: I/ProviderInstaller(19902): Installed default security provider GmsCore_OpenSSL
11-16 08:57:18.795: I/axnn(19902): Primes not initialized, returning default (no-op) Primes instance which will ignore all calls. Please call Primes.initialize(...) before using any Primes API.
11-16 08:57:18.795: I/GMS_MM_Logger(19902): Started.
11-16 08:57:18.827: I/TestSupport(13581): AwaitCommitOperation: FlagOverride(com.google.android.gms.auth.api.credentials, , Flag(SaveStrategy__enableSaving, false, 2, 0), true) committed [CONTEXT service_id=133 ]
11-16 08:57:18.828: I/TestSupport(13581): AwaitCommitOperation: no more uncommitted overrides [CONTEXT service_id=133 ]
11-16 08:57:18.914: I/TestSupport(13581): AwaitCommitOperation: * [CONTEXT service_id=133 ]
11-16 08:57:18.922: I/TestSupport(13581): AwaitCommitOperation: FlagOverride(com.google.android.gms.auth.api.credentials, , Flag(SaveStrategy__enableSaving, false, 2, 0), true) committed [CONTEXT service_id=133 ]
11-16 08:57:18.922: I/TestSupport(13581): AwaitCommitOperation: no more uncommitted overrides [CONTEXT service_id=133 ]
11-16 08:57:18.936: D/AndroidRuntime(19949): >>>>>> START com.android.internal.os.RuntimeInit uid 2000 <<<<<<
11-16 08:57:19.003: I/app_process(19949): The ClassLoaderContext is a special shared library.
11-16 08:57:19.013: I/TSDRIVER(19672): Handled command: PACKAGE
11-16 08:57:19.029: D/AndroidRuntime(19949): Calling main entry com.android.commands.content.Content
11-16 08:57:19.037: D/AndroidRuntime(19949): Shutting down VM
11-16 08:57:19.132: I/TSDRIVER(19672): CommandService onHandleIntent()
11-16 08:57:19.132: I/TSDRIVER(19672): Got command: PACKAGE
11-16 08:57:19.132: I/TSDRIVER(19672): flag package: Eh9jb20uZ29vZ2xlLmFuZHJvaWQuZ21zLmF1dG9maWxsGhQKEGF1dG9maWxsX2VuYWJsZWQYACg+
11-16 08:57:19.132: I/TSDRIVER(19672): flag package: com.google.android.gms.autofill
11-16 08:57:19.138: I/TestSupport(13581): SetFlagOverridesOperation: com.google.android.gms.autofill, '', [Flag(autofill_enabled, false, 2, 0)] [CONTEXT service_id=133 ]
11-16 08:57:19.143: W/cat(19974): type=1400 audit(0.0:326): avc: denied { read } for name="address" dev="sysfs" ino=74927 scontext=u:r:shell:s0 tcontext=u:object_r:sysfs_net:s0 tclass=file permissive=0
11-16 08:57:19.154: I/TestSupport(13581): AwaitCommitOperation: autofill_enabled [CONTEXT service_id=133 ]
11-16 08:57:19.164: I/TestSupport(13581): AwaitCommitOperation: uncommitted: FlagOverride(com.google.android.gms.autofill, , Flag(autofill_enabled, false, 2, 0), false) [CONTEXT service_id=133 ]
11-16 08:57:19.164: I/TestSupport(13581): AwaitCommitOperation:  sleeping for 10 msec. [CONTEXT service_id=133 ]
11-16 08:57:19.173: W/cat(19980): type=1400 audit(0.0:327): avc: denied { read } for name="address" dev="sysfs" ino=74927 scontext=u:r:shell:s0 tcontext=u:object_r:sysfs_net:s0 tclass=file permissive=0
11-16 08:57:19.182: W/PhenotypeConfigurationU(11052): Update for unknown DeviceConfig package com.google.android.gms.autofill [CONTEXT service_id=204 ]
11-16 08:57:19.182: W/PhenotypeConfigurationU(11052): akjf: No package exists for config package: com.google.android.gms.autofill
11-16 08:57:19.182: W/PhenotypeConfigurationU(11052): 	at com.google.android.gms.platformconfigurator.PhenotypeConfigurationUpdateListener.a(:com.google.android.gms@213614028@21.36.14 (100400-395708125):7)
11-16 08:57:19.182: W/PhenotypeConfigurationU(11052): 	at com.google.android.gms.platformconfigurator.PhenotypeConfigurationUpdateListener.onHandleIntent(:com.google.android.gms@213614028@21.36.14 (100400-395708125):5)
11-16 08:57:19.182: W/PhenotypeConfigurationU(11052): 	at com.google.android.chimera.IntentOperation.onHandleIntent(:com.google.android.gms@213614028@21.36.14 (100400-395708125):2)
11-16 08:57:19.182: W/PhenotypeConfigurationU(11052): 	at pld.onHandleIntent(:com.google.android.gms@213614028@21.36.14 (100400-395708125):4)
11-16 08:57:19.182: W/PhenotypeConfigurationU(11052): 	at dpb.run(:com.google.android.gms@213614028@21.36.14 (100400-395708125):5)
11-16 08:57:19.182: W/PhenotypeConfigurationU(11052): 	at dpa.run(:com.google.android.gms@213614028@21.36.14 (100400-395708125):11)
11-16 08:57:19.182: W/PhenotypeConfigurationU(11052): 	at bfyg.run(:com.google.android.gms@213614028@21.36.14 (100400-395708125):2)
11-16 08:57:19.182: W/PhenotypeConfigurationU(11052): 	at java.util.concurrent.ThreadPoolExecutor.runWorker(ThreadPoolExecutor.java:1167)
11-16 08:57:19.182: W/PhenotypeConfigurationU(11052): 	at java.util.concurrent.ThreadPoolExecutor$Worker.run(ThreadPoolExecutor.java:641)
11-16 08:57:19.182: W/PhenotypeConfigurationU(11052): 	at java.lang.Thread.run(Thread.java:764)
11-16 08:57:19.189: I/PTCommittedOperation(11052): Receive new configuration for com.google.android.gms.autofill
11-16 08:57:19.189: W/ModuleInitIntentOp(13581): Dropping unexpected action com.google.android.gms.phenotype.COMMITTED
11-16 08:57:19.193: I/ChromeSync(13581): [Sync,SyncIntentOperation] Handling the intent: Intent { act=com.google.android.gms.phenotype.COMMITTED flg=0x10 pkg=com.google.android.gms cmp=com.google.android.gms/.chimera.GmsIntentOperationService (has extras) }.
11-16 08:57:19.198: I/MdiSyncModule(13581): flag handling is skipping irrelevant intent.
11-16 08:57:19.207: W/ModuleInitIntentOp(13581): Dropping unexpected action com.google.android.gms.phenotype.COMMITTED
11-16 08:57:19.219: I/TestSupport(13581): AwaitCommitOperation: FlagOverride(com.google.android.gms.autofill, , Flag(autofill_enabled, false, 2, 0), true) committed [CONTEXT service_id=133 ]
11-16 08:57:19.219: I/TestSupport(13581): AwaitCommitOperation: no more uncommitted overrides [CONTEXT service_id=133 ]
11-16 08:57:19.241: I/GmsSyncPolicyEngine(13581): Periodic sync 4 disabled by policy, cancelled.
11-16 08:57:19.310: I/TestSupport(13581): AwaitCommitOperation: * [CONTEXT service_id=133 ]
11-16 08:57:19.317: I/TestSupport(13581): AwaitCommitOperation: FlagOverride(com.google.android.gms.autofill, , Flag(autofill_enabled, false, 2, 0), true) committed [CONTEXT service_id=133 ]
11-16 08:57:19.317: I/TestSupport(13581): AwaitCommitOperation: no more uncommitted overrides [CONTEXT service_id=133 ]
11-16 08:57:19.396: I/TSDRIVER(19672): Handled command: PACKAGE
11-16 08:57:19.514: I/TSDRIVER(19672): CommandService onHandleIntent()
11-16 08:57:19.514: I/TSDRIVER(19672): Got command: PACKAGE
11-16 08:57:19.514: I/TSDRIVER(19672): flag package: EiNjb20uZ29vZ2xlLmFuZHJvaWQuZ21zLmF1dGhfYWNjb3VudBodChlhdXRoX3NpZ19vdmVycmlkZV9lbmFibGVkGAAoPg
11-16 08:57:19.514: I/TSDRIVER(19672): flag package: com.google.android.gms.auth_account
11-16 08:57:19.517: I/TestSupport(13581): SetFlagOverridesOperation: com.google.android.gms.auth_account, '', [Flag(auth_sig_override_enabled, false, 2, 0)] [CONTEXT service_id=133 ]
11-16 08:57:19.532: I/TestSupport(13581): AwaitCommitOperation: auth_sig_override_enabled [CONTEXT service_id=133 ]
11-16 08:57:19.547: I/TestSupport(13581): AwaitCommitOperation: uncommitted: FlagOverride(com.google.android.gms.auth_account, , Flag(auth_sig_override_enabled, false, 2, 0), false) [CONTEXT service_id=133 ]
11-16 08:57:19.547: I/TestSupport(13581): AwaitCommitOperation:  sleeping for 10 msec. [CONTEXT service_id=133 ]
11-16 08:57:19.574: W/PhenotypeConfigurationU(11052): Update for unknown DeviceConfig package com.google.android.gms.auth_account [CONTEXT service_id=204 ]
11-16 08:57:19.574: W/PhenotypeConfigurationU(11052): akjf: No package exists for config package: com.google.android.gms.auth_account
11-16 08:57:19.574: W/PhenotypeConfigurationU(11052): 	at com.google.android.gms.platformconfigurator.PhenotypeConfigurationUpdateListener.a(:com.google.android.gms@213614028@21.36.14 (100400-395708125):7)
11-16 08:57:19.574: W/PhenotypeConfigurationU(11052): 	at com.google.android.gms.platformconfigurator.PhenotypeConfigurationUpdateListener.onHandleIntent(:com.google.android.gms@213614028@21.36.14 (100400-395708125):5)
11-16 08:57:19.574: W/PhenotypeConfigurationU(11052): 	at com.google.android.chimera.IntentOperation.onHandleIntent(:com.google.android.gms@213614028@21.36.14 (100400-395708125):2)
11-16 08:57:19.574: W/PhenotypeConfigurationU(11052): 	at pld.onHandleIntent(:com.google.android.gms@213614028@21.36.14 (100400-395708125):4)
11-16 08:57:19.574: W/PhenotypeConfigurationU(11052): 	at dpb.run(:com.google.android.gms@213614028@21.36.14 (100400-395708125):5)
11-16 08:57:19.574: W/PhenotypeConfigurationU(11052): 	at dpa.run(:com.google.android.gms@213614028@21.36.14 (100400-395708125):11)
11-16 08:57:19.574: W/PhenotypeConfigurationU(11052): 	at bfyg.run(:com.google.android.gms@213614028@21.36.14 (100400-395708125):2)
11-16 08:57:19.574: W/PhenotypeConfigurationU(11052): 	at java.util.concurrent.ThreadPoolExecutor.runWorker(ThreadPoolExecutor.java:1167)
11-16 08:57:19.574: W/PhenotypeConfigurationU(11052): 	at java.util.concurrent.ThreadPoolExecutor$Worker.run(ThreadPoolExecutor.java:641)
11-16 08:57:19.574: W/PhenotypeConfigurationU(11052): 	at java.lang.Thread.run(Thread.java:764)
11-16 08:57:19.580: W/ModuleInitIntentOp(13581): Dropping unexpected action com.google.android.gms.phenotype.COMMITTED
11-16 08:57:19.580: I/ChromeSync(13581): [Sync,SyncIntentOperation] Handling the intent: Intent { act=com.google.android.gms.phenotype.COMMITTED flg=0x10 pkg=com.google.android.gms cmp=com.google.android.gms/.chimera.GmsIntentOperationService (has extras) }.
11-16 08:57:19.580: I/PTCommittedOperation(11052): Receive new configuration for com.google.android.gms.auth_account
11-16 08:57:19.583: I/MdiSyncModule(13581): flag handling is skipping irrelevant intent.
11-16 08:57:19.585: W/ModuleInitIntentOp(13581): Dropping unexpected action com.google.android.gms.phenotype.COMMITTED
11-16 08:57:19.601: I/TestSupport(13581): AwaitCommitOperation: FlagOverride(com.google.android.gms.auth_account, , Flag(auth_sig_override_enabled, false, 2, 0), true) committed [CONTEXT service_id=133 ]
11-16 08:57:19.602: I/TestSupport(13581): AwaitCommitOperation: no more uncommitted overrides [CONTEXT service_id=133 ]
11-16 08:57:19.689: I/TestSupport(13581): AwaitCommitOperation: * [CONTEXT service_id=133 ]
11-16 08:57:19.699: I/TestSupport(13581): AwaitCommitOperation: FlagOverride(com.google.android.gms.auth_account, , Flag(auth_sig_override_enabled, false, 2, 0), true) committed [CONTEXT service_id=133 ]
11-16 08:57:19.700: I/TestSupport(13581): AwaitCommitOperation: no more uncommitted overrides [CONTEXT service_id=133 ]
11-16 08:57:19.797: I/TSDRIVER(19672): Handled command: PACKAGE
11-16 08:57:20.111: D/AndroidRuntime(20044): >>>>>> START com.android.internal.os.RuntimeInit uid 2000 <<<<<<
11-16 08:57:20.169: I/app_process(20044): The ClassLoaderContext is a special shared library.
11-16 08:57:20.192: D/AndroidRuntime(20044): Calling main entry com.android.commands.am.Am
11-16 08:57:20.196: I/ActivityManager(1202): Force stopping com.google.android.apps.mtaas.tools appid=10156 user=0: start instr
11-16 08:57:20.213: I/ActivityManager(1202): Start proc 20077:com.google.android.apps.mtaas.tools/u0a156 for added application com.google.android.apps.mtaas.tools
11-16 08:57:20.218: E/pps.mtaas.tool(20077): Not starting debugger since process cannot load the jdwp agent.
11-16 08:57:20.253: I/pps.mtaas.tool(20077): The ClassLoaderContext is a special shared library.
11-16 08:57:20.295: I/ActivityManager(1202): Config changes=2004 {1.0 ?mcc?mnc [en] ldltr sw392dp w392dp h713dp 440dpi nrml long hdr widecg port finger -keyb/v/h -nav/h winConfig={ mBounds=Rect(0, 0 - 0, 0) mAppBounds=Rect(0, 0 - 1080, 2028) mWindowingMode=fullscreen mActivityType=undefined} s.7}
11-16 08:57:20.295: D/ActivityManager(1202): Storing locale en for decryption UI
11-16 08:57:20.346: I/ActivityManager(1202): Override config changes=2004 {1.0 ?mcc?mnc [en] ldltr sw392dp w392dp h713dp 440dpi nrml long hdr widecg port finger -keyb/v/h -nav/h winConfig={ mBounds=Rect(0, 0 - 1080, 2028) mAppBounds=Rect(0, 0 - 1080, 2028) mWindowingMode=fullscreen mActivityType=undefined} s.7} for displayId=0
11-16 08:57:20.369: D/PermissionCache(644): checking android.permission.READ_FRAME_BUFFER for uid=1000 => granted (63 us)
11-16 08:57:20.383: W/Binder:644_2(644): type=1400 audit(0.0:328): avc: denied { read } for name="u:object_r:vendor_display_prop:s0" dev="tmpfs" ino=15691 scontext=u:r:surfaceflinger:s0 tcontext=u:object_r:vendor_display_prop:s0 tclass=file permissive=0
11-16 08:57:20.386: E/libc(644): Access denied finding property "vendor.gralloc.disable_ubwc"
11-16 08:57:20.386: E/libc(644): Access denied finding property "vendor.gralloc.enable_ahardware_buffer"
11-16 08:57:20.390: I/EmojiSearchExtension(3658): onDestroy()
11-16 08:57:20.390: I/EmojiSearchExtension(3658): onDeactivate()
11-16 08:57:20.393: D/ChangeLocale(20077): Instrumentation completed successfully
11-16 08:57:20.394: D/LoaderTask(4328): loadWorkspace: loading default favorites
11-16 08:57:20.395: I/ActivityManager(1202): Force stopping com.google.android.apps.mtaas.tools appid=10156 user=0: finished inst
11-16 08:57:20.395: I/ActivityManager(1202): Killing 20077:com.google.android.apps.mtaas.tools/u0a156 (adj 0): stop com.google.android.apps.mtaas.tools
11-16 08:57:20.401: W/libprocessgroup(1202): kill(-20077, 9) failed: No such process
11-16 08:57:20.406: W/Binder(1202): Outgoing transactions from this process must be FLAG_ONEWAY
11-16 08:57:20.406: W/Binder(1202): java.lang.Throwable
11-16 08:57:20.406: W/Binder(1202): 	at android.os.BinderProxy.transact(Binder.java:1116)
11-16 08:57:20.406: W/Binder(1202): 	at android.app.IInstrumentationWatcher$Stub$Proxy.instrumentationFinished(IInstrumentationWatcher.java:164)
11-16 08:57:20.406: W/Binder(1202): 	at com.android.server.am.InstrumentationReporter$MyThread.run(InstrumentationReporter.java:86)
11-16 08:57:20.409: D/AndroidRuntime(20044): Shutting down VM
11-16 08:57:20.409: I/Zygote(735): Process 20077 exited due to signal (9)
11-16 08:57:20.412: D/ConnectivityService(1202): releasing NetworkRequest [ TRACK_DEFAULT id=54, [ Capabilities: INTERNET&NOT_RESTRICTED&TRUSTED Unwanted:  Uid: 10107] ] (release request)
11-16 08:57:20.413: I/ActivityManager(1202): Start proc 20112:com.android.carrierdefaultapp/u0a84 for broadcast com.android.carrierdefaultapp/.CarrierDefaultBroadcastReceiver
11-16 08:57:20.416: E/rrierdefaultap(20112): Not starting debugger since process cannot load the jdwp agent.
11-16 08:57:20.437: W/libprocessgroup(1202): kill(-20077, 9) failed: No such process
11-16 08:57:20.437: I/libprocessgroup(1202): Successfully killed process cgroup uid 10156 pid 20077 in 36ms
11-16 08:57:20.439: I/ModuleManager(3658): Module object of interface com.google.android.apps.inputmethod.libs.search.emoji.EmojiSearchExtension loaded.
11-16 08:57:20.462: W/cr_ContextualSearch(14250): Warning, the 0 state was aborted.
11-16 08:57:20.467: D/CarrierDefaultBroadcastReceiver(20112): onReceive intent: android.intent.action.LOCALE_CHANGED
11-16 08:57:20.474: I/ActivityManager(1202): Killing 15257:com.google.android.wfcactivation/u0a54 (adj 906): empty #17
11-16 08:57:20.474: W/libprocessgroup(1202): kill(-15257, 9) failed: No such process
11-16 08:57:20.475: I/ActivityManager(1202): Killing 14289:com.android.chrome:sandboxed_process0/u0a107i0 (adj 0): isolated not needed
11-16 08:57:20.480: I/MediaFocusControl(1202): abandonAudioFocus() from uid/pid 10107/14250 clientId=android.media.AudioManager@111a66aorg.chromium.content.browser.AudioFocusDelegate@534575b
11-16 08:57:20.482: E/cr_BrowserInitializer(14250): Killing process because of locale change.
11-16 08:57:20.482: I/Process(14250): Sending signal. PID: 14250 SIG: 9
11-16 08:57:20.487: I/ActivityManager(1202): Start proc 20136:com.android.cellbroadcastreceiver/u0a62 for broadcast com.android.cellbroadcastreceiver/.PrivilegedCellBroadcastReceiver
11-16 08:57:20.488: W/libprocessgroup(1202): kill(-15257, 9) failed: No such process
11-16 08:57:20.489: E/oadcastreceive(20136): Not starting debugger since process cannot load the jdwp agent.
11-16 08:57:20.496: W/Binder:1202_11(1202): type=1400 audit(0.0:329): avc: denied { syslog_read } for scontext=u:r:system_server:s0 tcontext=u:r:kernel:s0 tclass=system permissive=0
11-16 08:57:20.496: I/GoogleInputMethod(3658): onStartInput() : Dummy InputConnection bound
11-16 08:57:20.496: D/wifi-jni(1202): no kernel logs
11-16 08:57:20.507: W/InputDispatcher(1202): channel 'edb01ae com.android.chrome/com.google.android.apps.chrome.Main (server)' ~ Consumer closed input channel or an error occurred.  events=0x9
11-16 08:57:20.507: E/InputDispatcher(1202): channel 'edb01ae com.android.chrome/com.google.android.apps.chrome.Main (server)' ~ Channel is unrecoverably broken and will be disposed!
11-16 08:57:20.507: D/ConnectivityService(1202): ConnectivityService NetworkRequestInfo binderDied(NetworkRequest [ TRACK_DEFAULT id=58, [ Capabilities: INTERNET&NOT_RESTRICTED&TRUSTED Unwanted:  Uid: 10107] ], android.os.BinderProxy@9c7ee48)
11-16 08:57:20.508: D/ConnectivityService(1202): ConnectivityService NetworkRequestInfo binderDied(NetworkRequest [ LISTEN id=49, [ Capabilities: INTERNET&NOT_RESTRICTED&TRUSTED Unwanted:  Uid: 10107] ], android.os.BinderProxy@86a94e1)
11-16 08:57:20.508: D/ConnectivityService(1202): ConnectivityService NetworkRequestInfo binderDied(NetworkRequest [ TRACK_DEFAULT id=48, [ Capabilities: INTERNET&NOT_RESTRICTED&TRUSTED Unwanted:  Uid: 10107] ], android.os.BinderProxy@5c42206)
11-16 08:57:20.508: I/WindowManager(1202): WIN DEATH: Window{edb01ae u0 com.android.chrome/com.google.android.apps.chrome.Main}
11-16 08:57:20.508: W/InputDispatcher(1202): Attempted to unregister already unregistered input channel 'edb01ae com.android.chrome/com.google.android.apps.chrome.Main (server)'
11-16 08:57:20.509: D/ConnectivityService(1202): ConnectivityService NetworkRequestInfo binderDied(NetworkRequest [ LISTEN id=53, [ Capabilities: INTERNET&NOT_RESTRICTED&TRUSTED Unwanted:  Uid: 10107] ], android.os.BinderProxy@d8480c7)
11-16 08:57:20.509: D/ConnectivityService(1202): ConnectivityService NetworkRequestInfo binderDied(NetworkRequest [ LISTEN id=59, [ Capabilities: INTERNET&NOT_RESTRICTED&TRUSTED Unwanted:  Uid: 10107] ], android.os.BinderProxy@191a6f4)
11-16 08:57:20.509: D/ConnectivityService(1202): releasing NetworkRequest [ TRACK_DEFAULT id=58, [ Capabilities: INTERNET&NOT_RESTRICTED&TRUSTED Unwanted:  Uid: 10107] ] (release request)
11-16 08:57:20.510: D/ConnectivityService(1202): ConnectivityService NetworkRequestInfo binderDied(NetworkRequest [ TRACK_DEFAULT id=52, [ Capabilities: INTERNET&NOT_RESTRICTED&TRUSTED Unwanted:  Uid: 10107] ], android.os.BinderProxy@9a9e1d)
11-16 08:57:20.510: D/ConnectivityService(1202): releasing NetworkRequest [ TRACK_DEFAULT id=48, [ Capabilities: INTERNET&NOT_RESTRICTED&TRUSTED Unwanted:  Uid: 10107] ] (release request)
11-16 08:57:20.510: I/Zygote(736): Process 14250 exited due to signal (9)
11-16 08:57:20.511: I/ActivityManager(1202): Process com.android.chrome (pid 14250) has died: fore TOP 
11-16 08:57:20.512: I/Zygote(736): Process 14318 exited cleanly (0)
11-16 08:57:20.512: W/ActivityManager(1202): Exception when unbinding service com.android.chrome/org.chromium.content.app.PrivilegedProcessService0
11-16 08:57:20.512: W/ActivityManager(1202): android.os.DeadObjectException
11-16 08:57:20.512: W/ActivityManager(1202): 	at android.os.BinderProxy.transactNative(Native Method)
11-16 08:57:20.512: W/ActivityManager(1202): 	at android.os.BinderProxy.transact(Binder.java:1129)
11-16 08:57:20.512: W/ActivityManager(1202): 	at android.app.IApplicationThread$Stub$Proxy.scheduleUnbindService(IApplicationThread.java:1100)
11-16 08:57:20.512: W/ActivityManager(1202): 	at com.android.server.am.ActiveServices.removeConnectionLocked(ActiveServices.java:2894)
11-16 08:57:20.512: W/ActivityManager(1202): 	at com.android.server.am.ActiveServices.killServicesLocked(ActiveServices.java:3293)
11-16 08:57:20.512: W/ActivityManager(1202): 	at com.android.server.am.ActivityManagerService.cleanUpApplicationRecordLocked(ActivityManagerService.java:20234)
11-16 08:57:20.512: W/ActivityManager(1202): 	at com.android.server.am.ActivityManagerService.handleAppDiedLocked(ActivityManagerService.java:5910)
11-16 08:57:20.512: W/ActivityManager(1202): 	at com.android.server.am.ActivityManagerService.appDiedLocked(ActivityManagerService.java:6105)
11-16 08:57:20.512: W/ActivityManager(1202): 	at com.android.server.am.ActivityManagerService$AppDeathRecipient.binderDied(ActivityManagerService.java:1891)
11-16 08:57:20.512: W/ActivityManager(1202): 	at android.os.BinderProxy.sendDeathNotice(Binder.java:1195)
11-16 08:57:20.514: D/ConnectivityService(1202): releasing NetworkRequest [ TRACK_DEFAULT id=52, [ Capabilities: INTERNET&NOT_RESTRICTED&TRUSTED Unwanted:  Uid: 10107] ] (release request)
11-16 08:57:20.514: E/lowmemorykiller(790): Error opening /proc/14318/oom_score_adj; errno=2
11-16 08:57:20.516: W/ActivityManager(1202): Force removing ActivityRecord{7f7978f u0 com.android.chrome/com.google.android.apps.chrome.Main t3}: app died, no saved state
11-16 08:57:20.520: D/BoundBrokerSvc(13581): onUnbind: Intent { act=com.google.android.gms.safetynet.service.START pkg=com.google.android.gms }
11-16 08:57:20.521: I/Zygote(3717): Process 14289 exited due to signal (9)
11-16 08:57:20.521: W/SurfaceFlinger(644): Attempting to destroy on removed layer: AppWindowToken{134625 token=Token{c334a1c ActivityRecord{7f7978f u0 com.android.chrome/com.google.android.apps.chrome.Main t3}}}#0
11-16 08:57:20.529: I/HWRSuperpacksManager(3658): onEnabledInputMethodEntriesChanged
11-16 08:57:20.530: I/DictSuperpacksManager(3658): onEnabledInputMethodEntriesChanged
11-16 08:57:20.530: I/GoogleInputMethod(3658): onFinishInput() : Dummy InputConnection bound
11-16 08:57:20.531: I/GoogleInputMethod(3658): onStartInput() : Dummy InputConnection bound
11-16 08:57:20.533: W/libprocessgroup(1202): kill(-15257, 9) failed: No such process
11-16 08:57:20.537: I/ActivityManager(1202): Process com.android.chrome:privileged_process0 (pid 14318) has died: cch  CACC
11-16 08:57:20.540: D/CellBroadcastReceiver(20136): onReceive Intent { act=android.intent.action.LOCALE_CHANGED flg=0x11200010 cmp=com.android.cellbroadcastreceiver/.PrivilegedCellBroadcastReceiver }
11-16 08:57:20.543: W/ActivityManager(1202): setHasOverlayUi called on unknown pid: 14250
11-16 08:57:20.547: W/Looper(1202): Slow dispatch took 153ms main h=android.app.ActivityThread$H c=android.app.-$$Lambda$LoadedApk$ReceiverDispatcher$Args$_BumDX2UKsnxLVrE6UJsJZkotuA@cb17851 m=0
11-16 08:57:20.549: I/Zygote(735): Process 15257 exited due to signal (9)
11-16 08:57:20.554: W/libprocessgroup(1202): kill(-15257, 9) failed: No such process
11-16 08:57:20.554: I/libprocessgroup(1202): Successfully killed process cgroup uid 10054 pid 15257 in 80ms
11-16 08:57:20.555: W/libprocessgroup(1202): Failed to open process cgroup uid 99000 pid 14289: No such file or directory
11-16 08:57:20.555: E/libprocessgroup(1202): Error encountered killing process cgroup uid 99000 pid 14289: No such file or directory
11-16 08:57:20.555: W/libprocessgroup(1202): kill(-14250, 9) failed: No such process
11-16 08:57:20.555: I/libprocessgroup(1202): Successfully killed process cgroup uid 10107 pid 14250 in 0ms
11-16 08:57:20.555: W/libprocessgroup(1202): kill(-14318, 9) failed: No such process
11-16 08:57:20.555: I/libprocessgroup(1202): Successfully killed process cgroup uid 10107 pid 14318 in 0ms
11-16 08:57:20.556: W/InputMethodManagerService(1202): Illegal subtype state: old subtype = null, new subtype = android.view.inputmethod.InputMethodSubtype@70bfcd7e
11-16 08:57:20.563: I/Telecom(1202): : Locale change; recreating channels.
11-16 08:57:20.563: I/ActivityManager(1202): Killing 17005:com.google.android.carrier/u0a9 (adj 906): empty #17
11-16 08:57:20.564: D/UsbDeviceManager(1202): Clear notification
11-16 08:57:20.565: W/libprocessgroup(1202): kill(-17005, 9) failed: No such process
11-16 08:57:20.567: V/SettingsProvider(1202): Notifying for 0: content://settings/system/user_rotation
11-16 08:57:20.568: V/SettingsProvider(1202): Notifying for 0: content://settings/system/accelerometer_rotation
11-16 08:57:20.568: V/SettingsProvider(1202): Notifying for 0: content://settings/secure/enabled_input_methods
11-16 08:57:20.568: V/SettingsProvider(1202): Notifying for 0: content://settings/secure/selected_input_method_subtype
11-16 08:57:20.568: V/SettingsProvider(1202): Notifying for 0: content://settings/secure/default_input_method
11-16 08:57:20.570: D/UsbDeviceManager(1202): push notification:Charging this device via USB
