11-16 08:57:35.735: W/BroadcastQueue(1202): Background execution not allowed: receiving Intent { act=android.intent.action.PACKAGE_REMOVED dat=package:androidx.lifecycle.testing.test flg=0x4000010 (has extras) } to com.google.android.googlequicksearchbox/com.google.android.apps.gsa.googlequicksearchbox.GelStubAppWatcher
11-16 08:57:35.741: E/PackageManager(1202): failed to find package androidx.lifecycle.testing.test
11-16 08:57:35.741: E/OverlayManager(1202): Failed to change enabled overlays for androidx.lifecycle.testing.test user 0
11-16 08:57:35.745: I/ConditionProviders(1202): Disallowing condition provider androidx.lifecycle.testing.test
11-16 08:57:35.748: V/ConditionProviders(1202): enabling condition provider for 0: ComponentInfo{com.google.android.gms/com.google.android.location.settings.DrivingConditionProvider}
11-16 08:57:35.748: V/ConditionProviders(1202): binding: Intent { act=android.service.notification.ConditionProviderService cmp=com.google.android.gms/com.google.android.location.settings.DrivingConditionProvider (has extras) }
11-16 08:57:35.750: I/ActivityManager(1202): Start proc 21723:com.android.chrome/u0a107 for broadcast com.android.chrome/org.chromium.chrome.browser.browserservices.ClientAppBroadcastReceiver
11-16 08:57:35.756: D/WifiConfigManager(1202): Remove all networks for app ApplicationInfo{5bb84ff androidx.lifecycle.testing.test}
11-16 08:57:35.759: I/InputReader(1202): Reconfiguring input devices.  changes=0x00000010
11-16 08:57:35.762: D/RegisteredNfcFServicesCache(4167): Service unchanged, not updating
11-16 08:57:35.764: E/PhoneInterfaceManager(3802): [PhoneIntfMgr] getCarrierPackageNamesForIntent: No UICC
11-16 08:57:35.765: D/CarrierSvcBindHelper(3802): No carrier app for: 0
11-16 08:57:35.765: I/ActivityManager(1202): Start proc 21729:com.android.keychain/1000 for service com.android.keychain/.KeyChainService
11-16 08:57:35.767: D/ConditionProviders(1202): Subscribing to condition://com.google.android.gms/false/4?provider=Driving with ComponentInfo{com.google.android.gms/com.google.android.location.settings.DrivingConditionProvider}
11-16 08:57:35.770: W/ChimeraUtils(11052): Module com.google.android.gms.location__nonwearable has empty metadata display_name_string_id
11-16 08:57:35.771: D/ConditionProviders(1202): Disabling component com.google.android.gms/com.google.android.location.settings.DrivingConditionProvider
11-16 08:57:35.773: W/ConditionProviderService[dmm](11052): Condition provider service not yet bound.
11-16 08:57:35.778: E/.android.chrom(21723): Not starting debugger since process cannot load the jdwp agent.
11-16 08:57:35.779: I/BlockstoreStorage(13581): Clearing all the Blockstore Data for package androidx.lifecycle.testing.test [CONTEXT service_id=258 ]
11-16 08:57:35.780: I/BlockstoreStorage(13581): Clearing all the Blockstore Data for 1 packages [CONTEXT service_id=258 ]
11-16 08:57:35.792: I/ActivityManager(1202): Force stopping dev.androidx.ci.emptyapp appid=10171 user=-1: deletePackageX
11-16 08:57:35.793: W/system_server(1202): Unknown chunk type '200'.
11-16 08:57:35.795: E/ndroid.keychai(21729): Not starting debugger since process cannot load the jdwp agent.
11-16 08:57:35.812: D/fpc_hidl(21739): fpc fingerprint hwbinder service starting
11-16 08:57:35.812: D/QSEECOMAPI(21739): QSEECom_get_handle sb_length = 0x80
11-16 08:57:35.812: D/QSEECOMAPI(21739): App is not loaded in QSEE
11-16 08:57:35.812: D/QSEECOMAPI(21739): app_arch = 2, total_files = 9
11-16 08:57:35.831: I/keystore(840): clear_uid 10171
11-16 08:57:35.846: I/Fitness(11052): FitCleanupIntentOperation received Intent android.intent.action.PACKAGE_REMOVED [CONTEXT service_id=17 ]
11-16 08:57:35.865: I/ndroid.keychai(21729): The ClassLoaderContext is a special shared library.
11-16 08:57:35.865: D/QSEECOMAPI(21739): Loaded image: APP id = 307
11-16 08:57:35.870: E/fpc_tac(21739): fpcbuildinfo : 575ddab5b91efea67ee1d200fc813ff2fpc_bio=bd35c3fec78219829149bea6c9ec961e6f655b90C:prodtestlib=4304cf5c884c198624b749af3482befacbd3028eC:fpc_c_core=dc194509594e837dedfb5452aaf06fcb61977135C:fpc_lib=cd5b7b876c3d69afa68a11ac6fd86f873e70817bC:cac=297e11552c60a3607ed664cf44c3e4b36ab2e737C:fpc_bio_interface=94a457caecae31eca8ef04b64c3f82a018e9bbc0C:fpc_sensor=ba909a5500944acafe47a0ef3a49f89509aadfb6C:tools_core=94ddf1e684cfa6c99f0f237f7cc35f3962e0e597C:sensor_settings=4fcf864fb493ae0272a9b2806446b379d99fd8ceC:fingerprint_ta=066bc0ab880960a4a69b74a328c7d7871c72225bC:fingerprint_pal=0deb9a478a3572872639f9cb2559ccc464ee3f9bC:manifests=dcb3d8ab0bdb7a5b341839d8c75bb88fc7f5e1a4C:Manifesttag=SW23.3.0-PDR1.0.5:jenkins@84ffd74dac44:Thu,17May201810:17:08+0200:FPC_SENSOR_TYPE=FPC_SENSOR_TYPE_FPC1270:FPC_CC_TYPE=FPC_COMPANION_CHIP_FPC2050:FPC_C_TYPE=FPC_COATING_NORMAL
11-16 08:57:35.870: E/fpc_tac(21739): fpcbuildtype : build=RELEASE sensor=9
11-16 08:57:35.871: W/EventHub(1202): Unable to disable kernel key repeat for /dev/input/event3: Function not implemented
11-16 08:57:35.871: I/EventHub(1202): wakeMechanism=EPOLLWAKEUP, usingClockIoctl=true
11-16 08:57:35.871: I/EventHub(1202): New device: id=307, fd=336, path='/dev/input/event3', name='uinput-fpc', classes=0x101, configuration='/system/usr/idc/uinput-fpc.idc', keyLayout='/system/usr/keylayout/uinput-fpc.kl', keyCharacterMap='/system/usr/keychars/Generic.kcm', builtinKeyboard=true, 
11-16 08:57:35.871: W/InputReader(1202): Ignoring spurious device added event for deviceId 0.
11-16 08:57:35.877: I/Icing(13581): doRemovePackageData androidx.lifecycle.testing.test
11-16 08:57:35.891: I/ActivityManager(1202): Killing 20800:com.google.android.apps.wellbeing/u0a26 (adj 906): empty #17
11-16 08:57:35.892: I/DatabaseOpenHelper(13581): Upgrading DocList.db from version 172 to 173, databasePath=/data/user/0/com.google.android.gms/databases/DocList.db
11-16 08:57:35.892: W/libprocessgroup(1202): kill(-20800, 9) failed: No such process
11-16 08:57:35.900: E/ConnectivityChangeRecei(13581): Ignoring connectivity change
11-16 08:57:35.915: I/Icing(13581): Indexing com.google.android.gms-apps from com.google.android.gms
11-16 08:57:35.915: I/Zygote(735): Process 20800 exited due to signal (9)
11-16 08:57:35.916: I/Icing(13581): Indexing done com.google.android.gms-apps
11-16 08:57:35.943: W/libprocessgroup(1202): kill(-20800, 9) failed: No such process
11-16 08:57:35.943: I/libprocessgroup(1202): Successfully killed process cgroup uid 10026 pid 20800 in 51ms
11-16 08:57:35.988: W/DriveInitializer(13581): Awaiting to be initialized
11-16 08:57:36.009: I/gle.android.gm(13581): Background concurrent copying GC freed 153244(7MB) AllocSpace objects, 73(3MB) LOS objects, 49% free, 14MB/28MB, paused 31us total 161.676ms
11-16 08:57:36.049: I/PinnedContentDownloader(13581): Finished downloading pinned content.
11-16 08:57:36.050: I/ContentMaintenance(13581): Internal cache bytes used: 0; limit: 100000000; download size: 0
11-16 08:57:36.064: I/RealtimeCacheCleanup(13581): Beginning Realtime garbage collection.
11-16 08:57:36.065: I/RealtimeCacheCleanup(13581): Finished Realtime garbage collection.
11-16 08:57:36.071: I/system_server(1202): Explicit concurrent copying GC freed 45734(2MB) AllocSpace objects, 14(600KB) LOS objects, 42% free, 16MB/28MB, paused 70us total 239.316ms
11-16 08:57:36.074: I/ActivityManager(1202): Force stopping dev.androidx.ci.emptyapp appid=10171 user=0: pkg removed
11-16 08:57:36.083: E/PackageManager(1202): failed to find package dev.androidx.ci.emptyapp
11-16 08:57:36.083: E/OverlayManager(1202): Failed to change enabled overlays for dev.androidx.ci.emptyapp user 0
11-16 08:57:36.083: I/InputReader(1202): Reconfiguring input devices.  changes=0x00000010
11-16 08:57:36.093: I/ConditionProviders(1202): Disallowing condition provider dev.androidx.ci.emptyapp
11-16 08:57:36.103: D/WifiConfigManager(1202): Remove all networks for app ApplicationInfo{6c3bc71 dev.androidx.ci.emptyapp}
11-16 08:57:36.110: I/BlockstoreStorage(13581): Clearing all the Blockstore Data for package dev.androidx.ci.emptyapp [CONTEXT service_id=258 ]
11-16 08:57:36.111: I/BlockstoreStorage(13581): Clearing all the Blockstore Data for 1 packages [CONTEXT service_id=258 ]
11-16 08:57:36.112: I/Fitness(11052): FitCleanupIntentOperation received Intent android.intent.action.PACKAGE_REMOVED [CONTEXT service_id=17 ]
11-16 08:57:36.114: D/RegisteredNfcFServicesCache(4167): Service unchanged, not updating
11-16 08:57:36.117: E/PhoneInterfaceManager(3802): [PhoneIntfMgr] getCarrierPackageNamesForIntent: No UICC
11-16 08:57:36.117: D/CarrierSvcBindHelper(3802): No carrier app for: 0
11-16 08:57:36.131: I/Icing(13581): doRemovePackageData dev.androidx.ci.emptyapp
11-16 08:57:36.138: I/Icing(13581): Indexing com.google.android.gms-apps from com.google.android.gms
11-16 08:57:36.139: I/Icing(13581): Indexing done com.google.android.gms-apps
