11-16 09:56:35.388: I/MonitoringInstr(16882): Unstopped activity count: 1
11-16 09:56:35.391: D/LifecycleMonitor(16882): Lifecycle status change: androidx.navigation.ActivityNavigatorActivity@c0bd082 in: STOPPED
11-16 09:56:35.392: D/LifecycleMonitor(16882): Lifecycle status change: androidx.navigation.ActivityNavigatorActivity@c0bd082 in: DESTROYED
11-16 09:56:35.399: W/SurfaceFlinger(643): Attempting to destroy on removed layer: AppWindowToken{7000250 token=Token{d680013 ActivityRecord{64c1f02 u0 androidx.navigation.test/androidx.navigation.ActivityNavigatorActivity t12}}}#0
11-16 09:56:35.411: W/DynamiteModule(17341): Local module descriptor class for providerinstaller not found.
11-16 09:56:35.416: I/DynamiteModule(17341): Considering local module providerinstaller:0 and remote module providerinstaller:0
11-16 09:56:35.416: W/ProviderInstaller(17341): Failed to load providerinstaller module: No acceptable module found. Local version is 0 and remote version is 0.
11-16 09:56:35.418: W/ps.walletnfcre(17341): Unknown chunk type '200'.
11-16 09:56:35.421: I/ps.walletnfcre(17341): The ClassLoaderContext is a special shared library.
11-16 09:56:35.421: I/chatty(17341): uid=10152(com.google.android.apps.walletnfcrel) identical 1 line
11-16 09:56:35.422: I/ps.walletnfcre(17341): The ClassLoaderContext is a special shared library.
11-16 09:56:35.432: V/NativeCrypto(17341): Registering com/google/android/gms/org/conscrypt/NativeCrypto's 294 native methods...
11-16 09:56:35.432: E/NotificationService(1167): Muting recently noisy 0|com.google.android.apps.mtaas.backdrop|1|null|10163
11-16 09:56:35.439: I/TestRunner(16882): started: navigateWithExtras(androidx.navigation.ActivityNavigatorTest)
11-16 09:56:35.441: W/ActivityTestRule(16882): getActivityIntent() returned null using default: Intent(Intent.ACTION_MAIN)
11-16 09:56:35.442: D/NetworkSecurityConfig(17341): No Network Security Config specified, using platform default
11-16 09:56:35.443: I/ProviderInstaller(17341): Installed default security provider GmsCore_OpenSSL
11-16 09:56:35.443: I/ActivityManager(1167): START u0 {act=android.intent.action.MAIN flg=0x10000000 cmp=androidx.navigation.test/androidx.navigation.ActivityNavigatorActivity} from uid 10172
11-16 09:56:35.447: D/android.hardware.power@1.3-service.crosshatch-libperfmgr(777): LAUNCH ON
11-16 09:56:35.456: W/ActivityThread(16882): handleWindowVisibility: no activity for token android.os.BinderProxy@45a18df
11-16 09:56:35.462: D/LifecycleMonitor(16882): Lifecycle status change: androidx.navigation.ActivityNavigatorActivity@ae46ff5 in: PRE_ON_CREATE
11-16 09:56:35.469: D/LifecycleMonitor(16882): Lifecycle status change: androidx.navigation.ActivityNavigatorActivity@ae46ff5 in: CREATED
11-16 09:56:35.472: D/LifecycleMonitor(16882): Lifecycle status change: androidx.navigation.ActivityNavigatorActivity@ae46ff5 in: STARTED
11-16 09:56:35.474: D/LifecycleMonitor(16882): Lifecycle status change: androidx.navigation.ActivityNavigatorActivity@ae46ff5 in: RESUMED
11-16 09:56:35.482: I/WindowManager(1167): Queue is too deep! Purged item with taskid=4
11-16 09:56:35.501: I/GoogleInputMethod(3609): onFinishInput() : Dummy InputConnection bound
11-16 09:56:35.502: I/GoogleInputMethod(3609): onStartInput() : Dummy InputConnection bound
11-16 09:56:35.511: D/android.hardware.power@1.3-service.crosshatch-libperfmgr(777): LAUNCH OFF
11-16 09:56:35.517: I/BackgroundTaskManager(17341): Executing task PhenotypeRegistrationTask.phenotype_registration with PARALLEL execution policy.
11-16 09:56:35.520: I/ActivityManager(1167): Displayed androidx.navigation.test/androidx.navigation.ActivityNavigatorActivity: +66ms
11-16 09:56:35.526: W/SurfaceFlinger(643): Attempting to set client state on removed layer: Splash Screen androidx.navigation.test#0
11-16 09:56:35.526: W/SurfaceFlinger(643): Attempting to destroy on removed layer: Splash Screen androidx.navigation.test#0
11-16 09:56:35.557: D/BoundBrokerSvc(10898): onBind: Intent { act=com.google.android.gms.tapandpay.service.BIND pkg=com.google.android.gms }
11-16 09:56:35.557: D/BoundBrokerSvc(10898): Loading bound service for intent: Intent { act=com.google.android.gms.tapandpay.service.BIND pkg=com.google.android.gms }
11-16 09:56:35.566: I/Adreno(1167): QUALCOMM build                   : 3f88ca2, I42f6fe38fb
11-16 09:56:35.566: I/Adreno(1167): Build Date                       : 07/13/18
11-16 09:56:35.566: I/Adreno(1167): OpenGL ES Shader Compiler Version: EV031.24.00.00
11-16 09:56:35.566: I/Adreno(1167): Local Branch                     : 50.04
11-16 09:56:35.566: I/Adreno(1167): Remote Branch                    : 
11-16 09:56:35.566: I/Adreno(1167): Remote Branch                    : 
11-16 09:56:35.566: I/Adreno(1167): Reconstruct Branch               : 
11-16 09:56:35.566: I/Adreno(1167): Build Config                     : S P 4.0.10 AArch64
11-16 09:56:35.569: E/libc(1167): Access denied finding property "vendor.debug.prerotation.disable"
11-16 09:56:35.570: E/libc(1167): Access denied finding property "vendor.debug.prerotation.disable"
11-16 09:56:35.571: I/Adreno(1167): PFP: 0x016ee170, ME: 0x00000000
11-16 09:56:35.571: E/libc(1167): Access denied finding property "vendor.debug.prerotation.disable"
11-16 09:56:35.573: I/ConfigStore(1167): android::hardware::configstore::V1_0::ISurfaceFlingerConfigs::hasWideColorDisplay retrieved: 1
11-16 09:56:35.573: I/ConfigStore(1167): android::hardware::configstore::V1_0::ISurfaceFlingerConfigs::hasHDRDisplay retrieved: 1
11-16 09:56:35.573: I/OpenGLRenderer(1167): Initialized EGL, version 1.4
11-16 09:56:35.573: D/OpenGLRenderer(1167): Swap behavior 2
11-16 09:56:35.590: W/PrimesInit(17341): Primes instant initialization
11-16 09:56:35.591: W/Primes(17341): background initialization
11-16 09:56:35.614: I/PrimesTesting(17341): GserviceFlagsSupplier.get()
11-16 09:56:35.663: I/TapAndPayApplication(17341): Successfully initialized Firebase App
11-16 09:56:35.671: I/BackgroundTaskManager(17341): Executing task AccountFreshener.freshen with SEQUENTIAL execution policy.
11-16 09:56:35.677: I/Notifications(17341): [ChimeBroadcastReceiver] Intent received for action [android.intent.action.LOCALE_CHANGED] package [com.google.android.apps.walletnfcrel].
11-16 09:56:35.683: W/GCM(17341): GCM SDK is deprecated, com.google.android.apps.walletnfcrel should update to use FCM
11-16 09:56:35.699: I/Notifications(17341): [ChimeBroadcastReceiver] Validation OK for action [android.intent.action.LOCALE_CHANGED].
11-16 09:56:35.702: I/Notifications(17341): [ChimeBroadcastReceiver] Executing action in BroadcastReceiver [android.intent.action.LOCALE_CHANGED].
11-16 09:56:35.712: W/navigation.tes(16882): Unsupported class loader
11-16 09:56:35.732: I/ActivityManager(1167): Killing 16460:com.google.android.apps.wellbeing/u0a26 (adj 906): empty #17
11-16 09:56:35.733: W/libprocessgroup(1167): kill(-16460, 9) failed: No such process
11-16 09:56:35.747: I/ActivityManager(1167): Start proc 17411:com.google.android.keep/u0a150 for broadcast com.google.android.keep/.notification.ReminderNotificationReceiver
11-16 09:56:35.747: W/libprocessgroup(1167): kill(-16460, 9) failed: No such process
11-16 09:56:35.748: I/dex2oat(17409): The ClassLoaderContext is a special shared library.
11-16 09:56:35.748: I/dex2oat(17409): /system/bin/dex2oat --debuggable --debuggable --generate-mini-debug-info --dex-file=/data/user/0/androidx.navigation.test/app_dxmaker_cache/Generated_-1245288050.jar --output-vdex-fd=58 --oat-fd=59 --oat-location=/data/user/0/androidx.navigation.test/app_dxmaker_cache/oat/arm64/Generated_-1245288050.odex --compiler-filter=quicken --class-loader-context=&
11-16 09:56:35.752: E/le.android.kee(17411): Not starting debugger since process cannot load the jdwp agent.
11-16 09:56:35.755: I/Zygote(733): Process 16460 exited due to signal (9)
11-16 09:56:35.778: I/le.android.kee(17411): The ClassLoaderContext is a special shared library.
11-16 09:56:35.792: W/libprocessgroup(1167): kill(-16460, 9) failed: No such process
11-16 09:56:35.793: I/libprocessgroup(1167): Successfully killed process cgroup uid 10026 pid 16460 in 59ms
11-16 09:56:35.794: I/dex2oat(17409): dex2oat took 47.139ms (31.410ms cpu) (threads: 8) arena alloc=2248B (2248B) java alloc=38KB (39160B) native alloc=1106KB (1133408B) free=1965KB (2012320B)
11-16 09:56:35.797: W/navigation.tes(16882): Skipping duplicate class check due to unsupported classloader
11-16 09:56:35.849: I/FA(17341): App measurement is starting up, version: 18079
11-16 09:56:35.849: I/FA(17341): To enable debug logging run: adb shell setprop log.tag.FA VERBOSE
11-16 09:56:35.849: I/FA(17341): To enable faster debug mode event logging run:
11-16 09:56:35.849: I/FA(17341):   adb shell setprop debug.firebase.analytics.app com.google.android.apps.walletnfcrel
11-16 09:56:36.018: W/navigation.tes(16882): Unsupported class loader
11-16 09:56:36.047: I/dex2oat(17439): The ClassLoaderContext is a special shared library.
11-16 09:56:36.047: I/dex2oat(17439): /system/bin/dex2oat --debuggable --debuggable --generate-mini-debug-info --dex-file=/data/user/0/androidx.navigation.test/app_dxmaker_cache/Generated_845349016.jar --output-vdex-fd=58 --oat-fd=59 --oat-location=/data/user/0/androidx.navigation.test/app_dxmaker_cache/oat/arm64/Generated_845349016.odex --compiler-filter=quicken --class-loader-context=&
11-16 09:56:36.062: W/ComponentDiscovery(17411): Application info not found.
11-16 09:56:36.062: W/ComponentDiscovery(17411): Could not retrieve metadata, returning empty list of registrars.
11-16 09:56:36.104: W/Primes(17411): Primes not initialized, returning default (no-op) Primes instance which will ignore all calls. Please call Primes.initialize(...) before using any Primes API.
11-16 09:56:36.107: D/BoundBrokerSvc(13206): onUnbind: Intent { act=com.google.android.gms.auth.service.START pkg=com.google.android.gms }
11-16 09:56:36.112: W/PrimesInit(17411): Primes instant initialization
11-16 09:56:36.113: W/Primes(17411): background initialization
11-16 09:56:36.131: D/BoundBrokerSvc(13206): onUnbind: Intent { act=com.google.android.gms.findmydevice.spot.service.locationreport.START cmp=com.google.android.gms/.chimera.GmsApiService }
11-16 09:56:36.132: I/dex2oat(17439): dex2oat took 85.971ms (82.895ms cpu) (threads: 8) arena alloc=2032B (2032B) java alloc=59KB (60568B) native alloc=902KB (924648B) free=2MB (2745368B)
11-16 09:56:36.135: W/navigation.tes(16882): Skipping duplicate class check due to unsupported classloader
11-16 09:56:36.175: I/system_server(1167): NativeAlloc concurrent copying GC freed 36440(2MB) AllocSpace objects, 13(452KB) LOS objects, 42% free, 16MB/29MB, paused 205us total 115.732ms
11-16 09:56:36.177: D/LifecycleMonitor(16882): Lifecycle status change: androidx.navigation.ActivityNavigatorActivity@ae46ff5 in: PAUSED
11-16 09:56:36.179: I/PrimesTesting(17411): GserviceFlagsSupplier.get()
11-16 09:56:36.186: I/TestRunner(16882): finished: navigateWithExtras(androidx.navigation.ActivityNavigatorTest)
11-16 09:56:36.189: I/MonitoringInstr(16882): Activities that are still in CREATED to STOPPED: 1
11-16 09:56:36.190: I/MonitoringInstr(16882): Unstopped activity count: 1
11-16 09:56:36.197: I/BackdropActivity(15838): onResume()
11-16 09:56:36.197: I/ActivityManager(1167): Activity requesting to dismiss Keyguard: ActivityRecord{7a62c71 u0 com.google.android.apps.mtaas.backdrop/.BackdropActivity t4}
11-16 09:56:36.228: W/KeepGATracker(17411): Disabling GA because no account was specified
11-16 09:56:36.240: I/MonitoringInstr(16882): Unstopped activity count: 1
11-16 09:56:36.243: I/GoogleInputMethod(3609): onFinishInput() : Dummy InputConnection bound
11-16 09:56:36.244: I/GoogleInputMethod(3609): onStartInput() : Dummy InputConnection bound
11-16 09:56:36.256: I/akhr(10898): Scheduling Phenotype for a PhenotypeSyncImmediately(16, com.google.android.keep) one off with window [1, 2] in seconds [CONTEXT service_id=51 ]
11-16 09:56:36.257: W/BroadcastQueue(1167): Background execution not allowed: receiving Intent { act=com.google.android.systemui.OPA_ENABLED flg=0x10000010 (has extras) } to com.google.android.apps.nexuslauncher/.qsb.OPAStatusReceiver
11-16 09:56:36.263: D/fpc_hidl(17464): fpc fingerprint hwbinder service starting
11-16 09:56:36.263: D/QSEECOMAPI(17464): QSEECom_get_handle sb_length = 0x80
11-16 09:56:36.263: D/QSEECOMAPI(17464): App is not loaded in QSEE
11-16 09:56:36.265: D/QSEECOMAPI(17464): app_arch = 2, total_files = 9
11-16 09:56:36.267: D/LifecycleMonitor(16882): Lifecycle status change: androidx.navigation.ActivityNavigatorActivity@ae46ff5 in: STOPPED
11-16 09:56:36.268: D/LifecycleMonitor(16882): Lifecycle status change: androidx.navigation.ActivityNavigatorActivity@ae46ff5 in: DESTROYED
11-16 09:56:36.286: I/BugleRcsProvisioning(16032): RcsProvisioningEventReceiver: Received ProvisioningEvent: Enable PEv2
11-16 09:56:36.289: I/BugleRcsEngine(16032): [2] pot.b: Not using CS JibeService because the CS migration has not completed.
11-16 09:56:36.291: I/TestRunner(16882): started: navigateDataPattern(androidx.navigation.ActivityNavigatorTest)
11-16 09:56:36.291: I/BugleRcsProvisioning(16032): RcsProvisioningEventReceiver: Received ProvisioningEvent: Request Bugle information
11-16 09:56:36.293: W/ActivityTestRule(16882): getActivityIntent() returned null using default: Intent(Intent.ACTION_MAIN)
11-16 09:56:36.294: I/BugleRcsEngine(16032): [2] pot.b: Not using CS JibeService because the CS migration has not completed.
11-16 09:56:36.263: I/chatty(1167): uid=1000(system) Binder:1167_17 identical 1 line
11-16 09:56:36.267: W/BroadcastQueue(1167): Background execution not allowed: receiving Intent { act=com.google.android.systemui.OPA_ENABLED flg=0x10000010 (has extras) } to com.google.android.apps.nexuslauncher/.qsb.OPAStatusReceiver
11-16 09:56:36.295: I/ActivityManager(1167): START u0 {act=android.intent.action.MAIN flg=0x10000000 cmp=androidx.navigation.test/androidx.navigation.ActivityNavigatorActivity} from uid 10172
11-16 09:56:36.296: W/NetworkScheduler(10898): Immediate task was not started com.google.android.apps.chromecast.app/.gcm.GcmRegistrationService{u=0 tag="GcmRegistrationService" trigger=window{start=0s,end=1s,earliest=0s,latest=0s} requirements=[NET_CONNECTED] attributes=[] scheduled=0s last_run=N/A exec_window_multiplier=1.0000 jid=N/A status=PENDING retries=0 client_lib=MANCHEGO_GCM-18944000}. Rescheduling immediate tasks can cause excessive battery drain.
11-16 09:56:36.298: W/NetworkScheduler(10898): Immediate task was not started com.google.android.apps.chromecast.app/.gcm.GcmRegistrationService{u=0 tag="GcmRegistrationService" trigger=window{start=0s,end=1s,earliest=0s,latest=0s} requirements=[NET_CONNECTED] attributes=[] scheduled=0s last_run=N/A exec_window_multiplier=1.0000 jid=N/A status=PENDING retries=0 client_lib=MANCHEGO_GCM-18944000}. Rescheduling immediate tasks can cause excessive battery drain.
11-16 09:56:36.303: D/android.hardware.power@1.3-service.crosshatch-libperfmgr(777): LAUNCH ON
11-16 09:56:36.310: I/BugleRcsProvisioning(16032): RcsProvisioningEventReceiver: Received ProvisioningEvent: Availability updated
11-16 09:56:36.310: I/BugleRcsProvisioning(16032): RcsProvisioningEventReceiver: Bugle receives rcs availability update to: DISABLED_SIM_ABSENT
11-16 09:56:36.312: I/BugleRcsEngine(16032): [2] pot.b: Not using CS JibeService because the CS migration has not completed.
11-16 09:56:36.312: W/ActivityThread(16882): handleWindowVisibility: no activity for token android.os.BinderProxy@78e018b
11-16 09:56:36.319: D/LifecycleMonitor(16882): Lifecycle status change: androidx.navigation.ActivityNavigatorActivity@9fe5681 in: PRE_ON_CREATE
11-16 09:56:36.321: I/BugleRcsEngine(10156): [2] ProvisioningEventReceiver.onReceive: Received Provisioning Event: [Availability updated (12)]
11-16 09:56:36.321: I/BugleRcsEngine(10156): [2] ProvisioningEventReceiver.onReceive: JibeService is not running
11-16 09:56:36.321: W/BugleRcsEngine(10156): [2] ProvisioningEventReceiver.onReceive: Event is not a valid user action. Discarding it.
11-16 09:56:36.323: I/BugleRcsProvisioning(16032): RcsProvisioningEventReceiver: Received ProvisioningEvent: Update provisioning status
11-16 09:56:36.331: I/PeopleChimeraService(13206): onService. callbacks = xmw@71a51dd, request = com.google.android.gms.common.internal.GetServiceRequest@9146152
11-16 09:56:36.331: I/BugleRcsProvisioning(16032): RcsProvisioningEventReceiver: Received ProvisioningEvent: Update provisioning status
11-16 09:56:36.335: D/QSEECOMAPI(17464): Loaded image: APP id = 122
11-16 09:56:36.335: D/LifecycleMonitor(16882): Lifecycle status change: androidx.navigation.ActivityNavigatorActivity@9fe5681 in: CREATED
11-16 09:56:36.339: D/LifecycleMonitor(16882): Lifecycle status change: androidx.navigation.ActivityNavigatorActivity@9fe5681 in: STARTED
11-16 09:56:36.339: E/fpc_tac(17464): fpcbuildinfo : 575ddab5b91efea67ee1d200fc813ff2fpc_bio=bd35c3fec78219829149bea6c9ec961e6f655b90C:prodtestlib=4304cf5c884c198624b749af3482befacbd3028eC:fpc_c_core=dc194509594e837dedfb5452aaf06fcb61977135C:fpc_lib=cd5b7b876c3d69afa68a11ac6fd86f873e70817bC:cac=297e11552c60a3607ed664cf44c3e4b36ab2e737C:fpc_bio_interface=94a457caecae31eca8ef04b64c3f82a018e9bbc0C:fpc_sensor=ba909a5500944acafe47a0ef3a49f89509aadfb6C:tools_core=94ddf1e684cfa6c99f0f237f7cc35f3962e0e597C:sensor_settings=4fcf864fb493ae0272a9b2806446b379d99fd8ceC:fingerprint_ta=066bc0ab880960a4a69b74a328c7d7871c72225bC:fingerprint_pal=0deb9a478a3572872639f9cb2559ccc464ee3f9bC:manifests=dcb3d8ab0bdb7a5b341839d8c75bb88fc7f5e1a4C:Manifesttag=SW23.3.0-PDR1.0.5:jenkins@84ffd74dac44:Thu,17May201810:17:08+0200:FPC_SENSOR_TYPE=FPC_SENSOR_TYPE_FPC1270:FPC_CC_TYPE=FPC_COMPANION_CHIP_FPC2050:FPC_C_TYPE=FPC_COATING_NORMAL
11-16 09:56:36.339: E/fpc_tac(17464): fpcbuildtype : build=RELEASE sensor=9
11-16 09:56:36.343: W/EventHub(1167): Unable to disable kernel key repeat for /dev/input/event3: Function not implemented
11-16 09:56:36.343: I/EventHub(1167): wakeMechanism=EPOLLWAKEUP, usingClockIoctl=true
11-16 09:56:36.343: I/EventHub(1167): New device: id=122, fd=233, path='/dev/input/event3', name='uinput-fpc', classes=0x101, configuration='/system/usr/idc/uinput-fpc.idc', keyLayout='/system/usr/keylayout/uinput-fpc.kl', keyCharacterMap='/system/usr/keychars/Generic.kcm', builtinKeyboard=true, 
11-16 09:56:36.343: W/InputReader(1167): Ignoring spurious device added event for deviceId 0.
11-16 09:56:36.356: E/ExecutionCriteria(10898): Package unavailable for task: com.google.android.apps.gcs/com.google.android.flib.phenotype.services.PhenotypeExperimentCommitService{u=0 tag="PhenotypeExpCommitSvc" trigger=window{start=0s,end=30s,earliest=-501s,latest=-471s} requirements=[NET_ANY] attributes=[PERSISTED] scheduled=-501s last_run=N/A exec_window_multiplier=1.0000 jid=N/A status=PENDING retries=0 client_lib=MANCHEGO_GCM-11732000} [CONTEXT service_id=218 ]
11-16 09:56:36.362: D/LifecycleMonitor(16882): Lifecycle status change: androidx.navigation.ActivityNavigatorActivity@9fe5681 in: RESUMED
11-16 09:56:36.366: I/BgTaskExecutorImpl(10098): Starting EXCLUSIVE background task FETCH_CONFIGS_FROM_PHENOTYPE.
11-16 09:56:36.368: I/ActivityManager(1167): Killing 16503:com.google.android.as:nonpersistent/u0a43 (adj 906): empty #17
11-16 09:56:36.369: W/libprocessgroup(1167): kill(-16503, 9) failed: No such process
11-16 09:56:36.378: W/SearchServiceCore(10098): Abort, client detached.
11-16 09:56:36.381: I/ActivityManager(1167): Start proc 17482:com.google.android.gms.ui/u0a7 for service com.google.android.gms/.chimera.UiIntentOperationService
11-16 09:56:36.387: D/ConnectivityService(1167): ConnectivityService NetworkRequestInfo binderDied(NetworkRequest [ LISTEN id=56, [ Capabilities: INTERNET&NOT_RESTRICTED&TRUSTED Unwanted:  Uid: 10043] ], android.os.BinderProxy@917d96f)
11-16 09:56:36.388: I/Zygote(734): Process 16503 exited due to signal (9)
11-16 09:56:36.406: I/ActivityManager(1167): Displayed androidx.navigation.test/androidx.navigation.ActivityNavigatorActivity: +103ms
11-16 09:56:36.408: I/GoogleInputMethod(3609): onFinishInput() : Dummy InputConnection bound
11-16 09:56:36.408: I/GoogleInputMethod(3609): onStartInput() : Dummy InputConnection bound
11-16 09:56:36.411: E/.android.gms.u(17482): Not starting debugger since process cannot load the jdwp agent.
11-16 09:56:36.412: W/SurfaceFlinger(643): Attempting to set client state on removed layer: Splash Screen androidx.navigation.test#0
11-16 09:56:36.412: W/SurfaceFlinger(643): Attempting to destroy on removed layer: Splash Screen androidx.navigation.test#0
11-16 09:56:36.414: W/libprocessgroup(1167): kill(-16503, 9) failed: No such process
11-16 09:56:36.414: I/libprocessgroup(1167): Successfully killed process cgroup uid 10043 pid 16503 in 45ms
11-16 09:56:36.428: I/android.youtub(16938): Waiting for a blocking GC ProfileSaver
11-16 09:56:36.429: D/android.hardware.power@1.3-service.crosshatch-libperfmgr(777): LAUNCH OFF
11-16 09:56:36.429: I/Adreno(1167): QUALCOMM build                   : 3f88ca2, I42f6fe38fb
11-16 09:56:36.429: I/Adreno(1167): Build Date                       : 07/13/18
11-16 09:56:36.429: I/Adreno(1167): OpenGL ES Shader Compiler Version: EV031.24.00.00
11-16 09:56:36.429: I/Adreno(1167): Local Branch                     : 50.04
11-16 09:56:36.429: I/Adreno(1167): Remote Branch                    : 
11-16 09:56:36.429: I/Adreno(1167): Remote Branch                    : 
11-16 09:56:36.429: I/Adreno(1167): Reconstruct Branch               : 
11-16 09:56:36.429: I/Adreno(1167): Build Config                     : S P 4.0.10 AArch64
11-16 09:56:36.432: E/libc(1167): Access denied finding property "vendor.debug.prerotation.disable"
11-16 09:56:36.432: E/libc(1167): Access denied finding property "vendor.debug.prerotation.disable"
11-16 09:56:36.432: I/Adreno(1167): PFP: 0x016ee170, ME: 0x00000000
11-16 09:56:36.432: E/libc(1167): Access denied finding property "vendor.debug.prerotation.disable"
11-16 09:56:36.432: I/.android.gms.u(17482): The ClassLoaderContext is a special shared library.
11-16 09:56:36.434: I/ConfigStore(1167): android::hardware::configstore::V1_0::ISurfaceFlingerConfigs::hasWideColorDisplay retrieved: 1
11-16 09:56:36.434: I/ConfigStore(1167): android::hardware::configstore::V1_0::ISurfaceFlingerConfigs::hasHDRDisplay retrieved: 1
11-16 09:56:36.434: I/ActivityManager(1167): START u0 {dat=http://www.example.com/... cmp=androidx.navigation.test/androidx.navigation.TargetActivity (has extras)} from uid 10172
11-16 09:56:36.434: I/OpenGLRenderer(1167): Initialized EGL, version 1.4
11-16 09:56:36.434: D/OpenGLRenderer(1167): Swap behavior 2
11-16 09:56:36.436: D/android.hardware.power@1.3-service.crosshatch-libperfmgr(777): LAUNCH ON
11-16 09:56:36.436: I/.android.gms.u(17482): The ClassLoaderContext is a special shared library.
11-16 09:56:36.437: I/.android.gms.u(17482): The ClassLoaderContext is a special shared library.
11-16 09:56:36.439: D/LifecycleMonitor(16882): Lifecycle status change: androidx.navigation.ActivityNavigatorActivity@9fe5681 in: PAUSED
11-16 09:56:36.449: W/ActivityThread(16882): handleWindowVisibility: no activity for token android.os.BinderProxy@4e6637b
11-16 09:56:36.451: W/BroadcastQueue(1167): Background execution not allowed: receiving Intent { act=com.google.android.music.START_DOWNLOAD_SCHEDULING flg=0x10 } to com.google.android.music/.autocache.AutoCacheSchedulingService$EnablingReceiver
11-16 09:56:36.452: D/LifecycleMonitor(16882): Lifecycle status change: androidx.navigation.TargetActivity@808e1f1 in: PRE_ON_CREATE
11-16 09:56:36.454: W/.android.gms.u(17482): Unknown chunk type '200'.
11-16 09:56:36.455: I/android.youtub(16938): WaitForGcToComplete blocked ProfileSaver on AddRemoveAppImageSpace for 26.223ms
11-16 09:56:36.458: I/BugleRcsEngine(10156): [2] ProvisioningEventReceiver.onReceive: Received Provisioning Event: [Bugle information (100)]
11-16 09:56:36.459: I/BugleRcsEngine(10156): [2] ProvisioningEventReceiver.onReceive: JibeService is not running
11-16 09:56:36.459: W/BugleRcsEngine(10156): [2] ProvisioningEventReceiver.onReceive: Event is not a valid user action. Discarding it.
11-16 09:56:36.463: D/LifecycleMonitor(16882): Lifecycle status change: androidx.navigation.TargetActivity@808e1f1 in: CREATED
11-16 09:56:36.465: I/android.youtub(16938): WaitForGcToComplete blocked HeapTrim on ProfileSaver for 8.692ms
11-16 09:56:36.466: D/LifecycleMonitor(16882): Lifecycle status change: androidx.navigation.TargetActivity@808e1f1 in: STARTED
11-16 09:56:36.469: D/LifecycleMonitor(16882): Lifecycle status change: androidx.navigation.TargetActivity@808e1f1 in: RESUMED
11-16 09:56:36.474: I/MediaStoreImporter(16833): Update: incremental Added music: 0 Updated music: 0 Deleted music: 0 Created playlists: 0 Updated playlists: 0 Deleted playlists: 0 Inserted playlist items: 0 Deleted playlist items: 0 Removed orphaned playlist items: 0
11-16 09:56:36.476: D/MusicLifecycle(16833): com.google.android.music.download.EncapsulatedBroadcastReceiver$1 generated event: Broadcast received with context com.google.android.music.ui.PhoneMusicApplication@7f4d0a7 and intent Intent { act=com.google.android.music.IMPORT_COMPLETE flg=0x10 }
11-16 09:56:36.478: E/ExecutionCriteria(10898): Package unavailable for task: com.google.android.apps.gcs/com.google.android.flib.phenotype.services.PhenotypeExperimentCommitService{u=0 tag="PhenotypeExpCommitSvc" trigger=window{start=0s,end=30s,earliest=-501s,latest=-471s} requirements=[NET_ANY] attributes=[PERSISTED] scheduled=-501s last_run=N/A exec_window_multiplier=1.0000 jid=N/A status=PENDING retries=0 client_lib=MANCHEGO_GCM-11732000} [CONTEXT service_id=218 ]
11-16 09:56:36.485: W/PhenotypeConfigurationU(10898): Update for unknown DeviceConfig package com.google.android.gms.nearby [CONTEXT service_id=204 ]
11-16 09:56:36.485: W/PhenotypeConfigurationU(10898): akjf: No package exists for config package: com.google.android.gms.nearby
11-16 09:56:36.485: W/PhenotypeConfigurationU(10898): 	at com.google.android.gms.platformconfigurator.PhenotypeConfigurationUpdateListener.a(:com.google.android.gms@213614028@21.36.14 (100400-395708125):7)
11-16 09:56:36.485: W/PhenotypeConfigurationU(10898): 	at com.google.android.gms.platformconfigurator.PhenotypeConfigurationUpdateListener.onHandleIntent(:com.google.android.gms@213614028@21.36.14 (100400-395708125):5)
11-16 09:56:36.485: W/PhenotypeConfigurationU(10898): 	at com.google.android.chimera.IntentOperation.onHandleIntent(:com.google.android.gms@213614028@21.36.14 (100400-395708125):2)
11-16 09:56:36.485: W/PhenotypeConfigurationU(10898): 	at pld.onHandleIntent(:com.google.android.gms@213614028@21.36.14 (100400-395708125):4)
11-16 09:56:36.485: W/PhenotypeConfigurationU(10898): 	at dpb.run(:com.google.android.gms@213614028@21.36.14 (100400-395708125):5)
11-16 09:56:36.485: W/PhenotypeConfigurationU(10898): 	at dpa.run(:com.google.android.gms@213614028@21.36.14 (100400-395708125):11)
11-16 09:56:36.485: W/PhenotypeConfigurationU(10898): 	at bfyg.run(:com.google.android.gms@213614028@21.36.14 (100400-395708125):2)
11-16 09:56:36.485: W/PhenotypeConfigurationU(10898): 	at java.util.concurrent.ThreadPoolExecutor.runWorker(ThreadPoolExecutor.java:1167)
11-16 09:56:36.485: W/PhenotypeConfigurationU(10898): 	at java.util.concurrent.ThreadPoolExecutor$Worker.run(ThreadPoolExecutor.java:641)
11-16 09:56:36.485: W/PhenotypeConfigurationU(10898): 	at java.lang.Thread.run(Thread.java:764)
11-16 09:56:36.498: D/LifecycleMonitor(16882): Lifecycle status change: androidx.navigation.TargetActivity@808e1f1 in: PAUSED
11-16 09:56:36.514: I/NearbyMediums(10898): BluetoothAdapter's name was not set by Nearby Connections, ignoring call to restore default scan mode. [CONTEXT service_id=54 ]
11-16 09:56:36.514: I/NearbyMediums(10898): BluetoothAdapter's name was not set by Nearby Connections, ignoring call to restore device name [CONTEXT service_id=54 ]
11-16 09:56:36.523: I/BackdropActivity(15838): onResume()
11-16 09:56:36.524: I/ActivityManager(1167): Activity requesting to dismiss Keyguard: ActivityRecord{7a62c71 u0 com.google.android.apps.mtaas.backdrop/.BackdropActivity t4}
11-16 09:56:36.524: I/NearbyFastPair(13206): TSS cancelTask TAG_FOOTPRINTS_PERIODIC_SCHEDULE success. [CONTEXT service_id=265 ]
11-16 09:56:36.532: D/LifecycleMonitor(16882): Lifecycle status change: androidx.navigation.TargetActivity@808e1f1 in: STOPPED
11-16 09:56:36.533: D/LifecycleMonitor(16882): Lifecycle status change: androidx.navigation.TargetActivity@808e1f1 in: DESTROYED
11-16 09:56:36.541: I/GoogleInputMethod(3609): onFinishInput() : Dummy InputConnection bound
11-16 09:56:36.542: I/GoogleInputMethod(3609): onStartInput() : Dummy InputConnection bound
11-16 09:56:36.546: I/TestRunner(16882): finished: navigateDataPattern(androidx.navigation.ActivityNavigatorTest)
11-16 09:56:36.547: I/NearbySharing(10898): ReceiveSurfaceService started [CONTEXT service_id=194 ]
11-16 09:56:36.548: I/MonitoringInstr(16882): Activities that are still in CREATED to STOPPED: 1
11-16 09:56:36.548: I/MonitoringInstr(16882): Unstopped activity count: 1
11-16 09:56:36.549: I/NearbySharing(13206): Runtime state initialization complete. Sharing is enabled. [CONTEXT service_id=194 ]
11-16 09:56:36.552: E/ExecutionCriteria(10898): Package unavailable for task: com.google.android.apps.gcs/com.google.android.flib.phenotype.services.PhenotypeExperimentCommitService{u=0 tag="PhenotypeExpCommitSvc" trigger=window{start=0s,end=30s,earliest=-501s,latest=-471s} requirements=[NET_ANY] attributes=[PERSISTED] scheduled=-501s last_run=N/A exec_window_multiplier=1.0000 jid=N/A status=PENDING retries=0 client_lib=MANCHEGO_GCM-11732000} [CONTEXT service_id=218 ]
11-16 09:56:36.552: I/NearbySharing(13206): onBindSlice failed since shareTargets is empty [CONTEXT service_id=194 ]
11-16 09:56:36.554: I/NearbySharing(13206): Granted slice and Uri permissions to android [CONTEXT service_id=194 ]
11-16 09:56:36.558: W/ChimeraUtils(10898): Module com.google.android.gms.nearby_en has empty metadata display_name_string_id
11-16 09:56:36.559: D/android.hardware.power@1.3-service.crosshatch-libperfmgr(777): LAUNCH OFF
11-16 09:56:36.562: W/ChimeraUtils(10898): Module com.google.android.gms.nearby_en has empty metadata display_name_string_id
11-16 09:56:36.564: W/ChimeraUtils(10898): Module com.google.android.gms.nearby_en has empty metadata display_name_string_id
11-16 09:56:36.573: I/BlobLobber(10098): Canceling downloads: [odws2_en:us:524_2019-09-12_270573492_release_signed]
11-16 09:56:36.574: I/BlobLobber(10098): Failed to cancel [odws2_en:us:524_2019-09-12_270573492_release_signed]
11-16 09:56:36.578: W/BroadcastQueue(1167): Background execution not allowed: receiving Intent { act=com.google.android.systemui.OPA_ENABLED flg=0x10000010 (has extras) } to com.google.android.apps.nexuslauncher/.qsb.OPAStatusReceiver
11-16 09:56:36.583: I/OpaEligibilityChecker(10098): send OpaEligibilityChange broadcast to CommonBroadcastReceiver
11-16 09:56:36.585: I/VelourConfigListener(10098): Received new velour config
11-16 09:56:36.590: I/OpaEnabledReceiver(3621): Dispatching OPA eligble = true; AGSA = true; OPA enabled = true
11-16 09:56:36.590: I/OpaLayout(3621): Setting opa enabled to true
11-16 09:56:36.590: I/BgTaskExecutorImpl(10098): Starting EXCLUSIVE background task BLOBLOBBER_SYNC.
11-16 09:56:36.590: I/OpaLayout(3621): Setting opa enabled to true
11-16 09:56:36.593: I/OpaEnabledReceiver(3621): Dispatching OPA eligble = true; AGSA = true; OPA enabled = true
11-16 09:56:36.593: I/OpaLayout(3621): Setting opa enabled to true
11-16 09:56:36.593: I/OpaLayout(3621): Setting opa enabled to true
11-16 09:56:36.593: D/LifecycleMonitor(16882): Lifecycle status change: androidx.navigation.ActivityNavigatorActivity@9fe5681 in: STOPPED
11-16 09:56:36.594: D/LifecycleMonitor(16882): Lifecycle status change: androidx.navigation.ActivityNavigatorActivity@9fe5681 in: DESTROYED
11-16 09:56:36.599: I/TestRunner(16882): started: testToStringNoClass(androidx.navigation.ActivityNavigatorTest)
11-16 09:56:36.603: W/ActivityTestRule(16882): getActivityIntent() returned null using default: Intent(Intent.ACTION_MAIN)
11-16 09:56:36.608: I/ActivityManager(1167): START u0 {act=android.intent.action.MAIN flg=0x10000000 cmp=androidx.navigation.test/androidx.navigation.ActivityNavigatorActivity} from uid 10172
11-16 09:56:36.612: W/ProviderHelper(17482): Unknown dynamite feature providerinstaller.dynamite
11-16 09:56:36.613: I/DynamiteModule(17482): Considering local module com.google.android.gms.providerinstaller.dynamite:1 and remote module com.google.android.gms.providerinstaller.dynamite:0
11-16 09:56:36.613: I/DynamiteModule(17482): Selected local version of com.google.android.gms.providerinstaller.dynamite
11-16 09:56:36.614: D/android.hardware.power@1.3-service.crosshatch-libperfmgr(777): LAUNCH ON
11-16 09:56:36.624: W/ActivityThread(16882): handleWindowVisibility: no activity for token android.os.BinderProxy@66c56dc
11-16 09:56:36.629: D/LifecycleMonitor(16882): Lifecycle status change: androidx.navigation.ActivityNavigatorActivity@1c40eba in: PRE_ON_CREATE
11-16 09:56:36.632: E/NotificationService(1167): Muting recently noisy 0|com.google.android.apps.mtaas.backdrop|1|null|10163
11-16 09:56:36.633: V/NativeCrypto(17482): Registering com/google/android/gms/org/conscrypt/NativeCrypto's 294 native methods...
11-16 09:56:36.639: D/LifecycleMonitor(16882): Lifecycle status change: androidx.navigation.ActivityNavigatorActivity@1c40eba in: CREATED
11-16 09:56:36.644: D/LifecycleMonitor(16882): Lifecycle status change: androidx.navigation.ActivityNavigatorActivity@1c40eba in: STARTED
11-16 09:56:36.646: D/LifecycleMonitor(16882): Lifecycle status change: androidx.navigation.ActivityNavigatorActivity@1c40eba in: RESUMED
11-16 09:56:36.653: I/.gms.persisten(10898): Background concurrent copying GC freed 204080(11MB) AllocSpace objects, 57(3MB) LOS objects, 49% free, 15MB/31MB, paused 1.532ms total 144.711ms
11-16 09:56:36.654: I/WindowManager(1167): Queue is too deep! Purged item with taskid=4
11-16 09:56:36.666: I/BgTaskExecutorImpl(10098): Starting EXCLUSIVE background task VELOUR_BACKGROUND_MAINTENANCE.
11-16 09:56:36.666: D/DownloadManager(15648): [84] Starting
11-16 09:56:36.672: D/NetworkSecurityConfig(17482): Using Network Security Config from resource network_security_config debugBuild: false
11-16 09:56:36.673: I/ProviderInstaller(17482): Installed default security provider GmsCore_OpenSSL
11-16 09:56:36.690: D/NetworkSecurityConfig(15648): Using Network Security Config from resource network_security_config debugBuild: false
11-16 09:56:36.691: D/NetworkSecurityConfig(15648): Using Network Security Config from resource network_security_config debugBuild: false
11-16 09:56:36.693: W/earchbox:searc(10098): Unsupported class loader
11-16 09:56:36.696: I/GoogleInputMethod(3609): onFinishInput() : Dummy InputConnection bound
11-16 09:56:36.697: I/GoogleInputMethod(3609): onStartInput() : Dummy InputConnection bound
11-16 09:56:36.697: W/earchbox:searc(10098): Skipping duplicate class check due to unsupported classloader
11-16 09:56:36.697: D/android.hardware.power@1.3-service.crosshatch-libperfmgr(777): LAUNCH OFF
11-16 09:56:36.701: I/axnn(17482): Primes not initialized, returning default (no-op) Primes instance which will ignore all calls. Please call Primes.initialize(...) before using any Primes API.
11-16 09:56:36.705: D/LifecycleMonitor(16882): Lifecycle status change: androidx.navigation.ActivityNavigatorActivity@1c40eba in: PAUSED
11-16 09:56:36.708: W/SurfaceFlinger(643): Attempting to set client state on removed layer: Splash Screen androidx.navigation.test#0
11-16 09:56:36.708: W/SurfaceFlinger(643): Attempting to destroy on removed layer: Splash Screen androidx.navigation.test#0
11-16 09:56:36.717: I/ActivityManager(1167): Displayed androidx.navigation.test/androidx.navigation.ActivityNavigatorActivity: +88ms
11-16 09:56:36.720: I/GMS_MM_Logger(17482): Started.
11-16 09:56:36.721: I/WindowManager(1167): Queue is too deep! Purged item with taskid=14
11-16 09:56:36.726: I/ActivityManager(1167): Activity reported stop, but no longer stopping: ActivityRecord{7a62c71 u0 com.google.android.apps.mtaas.backdrop/.BackdropActivity t4}
11-16 09:56:36.726: I/TestRunner(16882): finished: testToStringNoClass(androidx.navigation.ActivityNavigatorTest)
11-16 09:56:36.727: I/BackdropActivity(15838): onResume()
11-16 09:56:36.728: I/ActivityManager(1167): Activity requesting to dismiss Keyguard: ActivityRecord{7a62c71 u0 com.google.android.apps.mtaas.backdrop/.BackdropActivity t4}
11-16 09:56:36.729: I/MonitoringInstr(16882): Activities that are still in CREATED to STOPPED: 1
11-16 09:56:36.729: I/MonitoringInstr(16882): Unstopped activity count: 1
11-16 09:56:36.734: I/Icing(13206): IndexChimeraService.getServiceInterface callingPackage=com.google.android.googlequicksearchbox componentName=agsa_icing_connection serviceId=32
11-16 09:56:36.744: I/GoogleInputMethod(3609): onFinishInput() : Dummy InputConnection bound
11-16 09:56:36.744: I/Icing(13206): IndexChimeraService.getServiceInterface callingPackage=com.google.android.googlequicksearchbox componentName=agsa_icing_connection serviceId=33
11-16 09:56:36.744: I/GoogleInputMethod(3609): onStartInput() : Dummy InputConnection bound
11-16 09:56:36.746: W/earchbox:searc(10098): Unsupported class loader
11-16 09:56:36.759: D/LifecycleMonitor(16882): Lifecycle status change: androidx.navigation.ActivityNavigatorActivity@1c40eba in: STOPPED
11-16 09:56:36.760: D/LifecycleMonitor(16882): Lifecycle status change: androidx.navigation.ActivityNavigatorActivity@1c40eba in: DESTROYED
11-16 09:56:36.764: W/SurfaceFlinger(643): Attempting to destroy on removed layer: AppWindowToken{69c4c5 token=Token{6301f3c ActivityRecord{47c0d2f u0 androidx.navigation.test/androidx.navigation.ActivityNavigatorActivity t15}}}#0
11-16 09:56:36.769: W/Icing(13206): No valid account for uploading user actions
11-16 09:56:36.780: I/TestRunner(16882): started: navigateWithArgs(androidx.navigation.ActivityNavigatorTest)
11-16 09:56:36.782: W/ActivityTestRule(16882): getActivityIntent() returned null using default: Intent(Intent.ACTION_MAIN)
11-16 09:56:36.783: I/ActivityManager(1167): START u0 {act=android.intent.action.MAIN flg=0x10000000 cmp=androidx.navigation.test/androidx.navigation.ActivityNavigatorActivity} from uid 10172
11-16 09:56:36.786: W/earchbox:searc(10098): Skipping duplicate class check due to unsupported classloader
11-16 09:56:36.788: D/android.hardware.power@1.3-service.crosshatch-libperfmgr(777): LAUNCH ON
11-16 09:56:36.792: W/SearchServiceCore(10098): Abort, client detached.
11-16 09:56:36.792: I/chatty(10098): uid=10047 com.google.android.googlequicksearchbox:search identical 2 lines
11-16 09:56:36.792: W/SearchServiceCore(10098): Abort, client detached.
11-16 09:56:36.793: W/ActivityThread(16882): handleWindowVisibility: no activity for token android.os.BinderProxy@286a4e0
11-16 09:56:36.798: W/SearchServiceCore(10098): Abort, client detached.
11-16 09:56:36.798: I/chatty(10098): uid=10047 com.google.android.googlequicksearchbox:search identical 1 line
11-16 09:56:36.798: W/SearchServiceCore(10098): Abort, client detached.
11-16 09:56:36.798: D/LifecycleMonitor(16882): Lifecycle status change: androidx.navigation.ActivityNavigatorActivity@204765e in: PRE_ON_CREATE
11-16 09:56:36.806: D/LifecycleMonitor(16882): Lifecycle status change: androidx.navigation.ActivityNavigatorActivity@204765e in: CREATED
11-16 09:56:36.807: D/LifecycleMonitor(16882): Lifecycle status change: androidx.navigation.ActivityNavigatorActivity@204765e in: STARTED
11-16 09:56:36.809: D/LifecycleMonitor(16882): Lifecycle status change: androidx.navigation.ActivityNavigatorActivity@204765e in: RESUMED
11-16 09:56:36.816: W/SearchServiceCore(10098): Abort, client detached.
11-16 09:56:36.832: E/NotificationService(1167): Muting recently noisy 0|com.google.android.apps.mtaas.backdrop|1|null|10163
11-16 09:56:36.836: I/WindowManager(1167): Queue is too deep! Purged item with taskid=4
11-16 09:56:36.816: I/chatty(10098): uid=10047 com.google.android.googlequicksearchbox:search identical 1 line
11-16 09:56:36.824: W/SearchServiceCore(10098): Abort, client detached.
11-16 09:56:36.840: I/navigation.tes(16882): Compiler allocated 4MB to compile void android.widget.TextView.<init>(android.content.Context, android.util.AttributeSet, int, int)
11-16 09:56:36.850: I/GoogleInputMethod(3609): onFinishInput() : Dummy InputConnection bound
11-16 09:56:36.851: I/GoogleInputMethod(3609): onStartInput() : Dummy InputConnection bound
11-16 09:56:36.854: I/Icing(13206): Usage reports ok 1, Failed Usage reports 0, indexed 0, rejected 0
11-16 09:56:36.858: D/android.hardware.power@1.3-service.crosshatch-libperfmgr(777): LAUNCH OFF
11-16 09:56:36.862: I/ActivityManager(1167): START u0 {cmp=androidx.navigation.test/androidx.navigation.TargetActivity (has extras)} from uid 10172
11-16 09:56:36.863: D/android.hardware.power@1.3-service.crosshatch-libperfmgr(777): LAUNCH ON
11-16 09:56:36.865: D/LifecycleMonitor(16882): Lifecycle status change: androidx.navigation.ActivityNavigatorActivity@204765e in: PAUSED
11-16 09:56:36.867: W/Icing(13206): No valid account for uploading user actions
11-16 09:56:36.871: W/ActivityThread(16882): handleWindowVisibility: no activity for token android.os.BinderProxy@3f2f336
11-16 09:56:36.873: I/ActivityManager(1167): Displayed androidx.navigation.test/androidx.navigation.TargetActivity: +74ms
11-16 09:56:36.875: W/SurfaceFlinger(643): Attempting to set client state on removed layer: Splash Screen androidx.navigation.test#0
11-16 09:56:36.876: W/SurfaceFlinger(643): Attempting to destroy on removed layer: Splash Screen androidx.navigation.test#0
11-16 09:56:36.881: I/Icing(13206): Usage reports ok 0, Failed Usage reports 0, indexed 0, rejected 0
11-16 09:56:36.882: D/LifecycleMonitor(16882): Lifecycle status change: androidx.navigation.TargetActivity@cfc53a4 in: PRE_ON_CREATE
11-16 09:56:36.891: D/LifecycleMonitor(16882): Lifecycle status change: androidx.navigation.TargetActivity@cfc53a4 in: CREATED
11-16 09:56:36.893: D/LifecycleMonitor(16882): Lifecycle status change: androidx.navigation.TargetActivity@cfc53a4 in: STARTED
11-16 09:56:36.895: D/LifecycleMonitor(16882): Lifecycle status change: androidx.navigation.TargetActivity@cfc53a4 in: RESUMED
11-16 09:56:36.900: D/LifecycleMonitor(16882): Lifecycle status change: androidx.navigation.ActivityNavigatorActivity@204765e in: STOPPED
11-16 09:56:36.907: W/StorageManager(15648): fallocate() not supported; falling back to ftruncate()
11-16 09:56:36.920: D/LifecycleMonitor(16882): Lifecycle status change: androidx.navigation.TargetActivity@cfc53a4 in: PAUSED
11-16 09:56:36.932: D/LifecycleMonitor(16882): Lifecycle status change: androidx.navigation.ActivityNavigatorActivity@204765e in: RESTARTED
11-16 09:56:36.948: I/TestRunner(16882): finished: navigateWithArgs(androidx.navigation.ActivityNavigatorTest)
11-16 09:56:36.950: I/MonitoringInstr(16882): Activities that are still in CREATED to STOPPED: 1
11-16 09:56:36.950: I/MonitoringInstr(16882): Unstopped activity count: 1
11-16 09:56:36.951: I/BackdropActivity(15838): onResume()
11-16 09:56:36.951: I/ActivityManager(1167): Activity requesting to dismiss Keyguard: ActivityRecord{7a62c71 u0 com.google.android.apps.mtaas.backdrop/.BackdropActivity t4}
11-16 09:56:36.970: I/GoogleInputMethod(3609): onFinishInput() : Dummy InputConnection bound
11-16 09:56:36.970: I/GoogleInputMethod(3609): onStartInput() : Dummy InputConnection bound
11-16 09:56:36.986: D/android.hardware.power@1.3-service.crosshatch-libperfmgr(777): LAUNCH OFF
11-16 09:56:37.001: I/MonitoringInstr(16882): Unstopped activity count: 1
11-16 09:56:37.016: D/LifecycleMonitor(16882): Lifecycle status change: androidx.navigation.ActivityNavigatorActivity@204765e in: DESTROYED
11-16 09:56:37.017: I/Adreno(1167): QUALCOMM build                   : 3f88ca2, I42f6fe38fb
11-16 09:56:37.017: I/Adreno(1167): Build Date                       : 07/13/18
11-16 09:56:37.017: I/Adreno(1167): OpenGL ES Shader Compiler Version: EV031.24.00.00
11-16 09:56:37.017: I/Adreno(1167): Local Branch                     : 50.04
11-16 09:56:37.017: I/Adreno(1167): Remote Branch                    : 
11-16 09:56:37.017: I/Adreno(1167): Remote Branch                    : 
11-16 09:56:37.017: I/Adreno(1167): Reconstruct Branch               : 
11-16 09:56:37.017: I/Adreno(1167): Build Config                     : S P 4.0.10 AArch64
11-16 09:56:37.018: E/libc(1167): Access denied finding property "vendor.debug.prerotation.disable"
11-16 09:56:37.019: E/libc(1167): Access denied finding property "vendor.debug.prerotation.disable"
11-16 09:56:37.019: I/Adreno(1167): PFP: 0x016ee170, ME: 0x00000000
11-16 09:56:37.019: E/libc(1167): Access denied finding property "vendor.debug.prerotation.disable"
11-16 09:56:37.020: I/ConfigStore(1167): android::hardware::configstore::V1_0::ISurfaceFlingerConfigs::hasWideColorDisplay retrieved: 1
11-16 09:56:37.020: I/ConfigStore(1167): android::hardware::configstore::V1_0::ISurfaceFlingerConfigs::hasHDRDisplay retrieved: 1
11-16 09:56:37.021: I/OpenGLRenderer(1167): Initialized EGL, version 1.4
11-16 09:56:37.021: D/OpenGLRenderer(1167): Swap behavior 2
11-16 09:56:37.021: D/LifecycleMonitor(16882): Lifecycle status change: androidx.navigation.TargetActivity@cfc53a4 in: STOPPED
11-16 09:56:37.022: D/LifecycleMonitor(16882): Lifecycle status change: androidx.navigation.TargetActivity@cfc53a4 in: DESTROYED
11-16 09:56:37.027: W/SurfaceFlinger(643): Attempting to destroy on removed layer: AppWindowToken{77fddbf token=Token{37f77de ActivityRecord{438bb19 u0 androidx.navigation.test/androidx.navigation.TargetActivity t16}}}#0
11-16 09:56:37.044: D/DownloadManager(15648): [84] Finished with status SUCCESS
11-16 09:56:37.052: I/TestRunner(16882): started: testToStringNoClassOrAction(androidx.navigation.ActivityNavigatorTest)
11-16 09:56:37.053: W/ActivityTestRule(16882): getActivityIntent() returned null using default: Intent(Intent.ACTION_MAIN)
11-16 09:56:37.060: E/NotificationService(1167): Muting recently noisy 0|com.google.android.apps.mtaas.backdrop|1|null|10163
11-16 09:56:37.063: I/ActivityManager(1167): START u0 {act=android.intent.action.MAIN flg=0x10000000 cmp=androidx.navigation.test/androidx.navigation.ActivityNavigatorActivity} from uid 10172
11-16 09:56:37.071: D/android.hardware.power@1.3-service.crosshatch-libperfmgr(777): LAUNCH ON
11-16 09:56:37.082: W/ActivityThread(16882): handleWindowVisibility: no activity for token android.os.BinderProxy@165b14b
11-16 09:56:37.091: D/LifecycleMonitor(16882): Lifecycle status change: androidx.navigation.ActivityNavigatorActivity@aaeec41 in: PRE_ON_CREATE
11-16 09:56:37.102: D/LifecycleMonitor(16882): Lifecycle status change: androidx.navigation.ActivityNavigatorActivity@aaeec41 in: CREATED
11-16 09:56:37.104: D/LifecycleMonitor(16882): Lifecycle status change: androidx.navigation.ActivityNavigatorActivity@aaeec41 in: STARTED
11-16 09:56:37.107: D/LifecycleMonitor(16882): Lifecycle status change: androidx.navigation.ActivityNavigatorActivity@aaeec41 in: RESUMED
11-16 09:56:37.148: I/GoogleInputMethod(3609): onFinishInput() : Dummy InputConnection bound
11-16 09:56:37.149: I/GoogleInputMethod(3609): onStartInput() : Dummy InputConnection bound
11-16 09:56:37.151: E/ExecutionCriteria(10898): Package unavailable for task: com.google.android.apps.gcs/com.google.android.flib.phenotype.services.PhenotypeExperimentCommitService{u=0 tag="PhenotypeExpCommitSvc" trigger=window{start=0s,end=30s,earliest=-502s,latest=-472s} requirements=[NET_ANY] attributes=[PERSISTED] scheduled=-502s last_run=N/A exec_window_multiplier=1.0000 jid=N/A status=PENDING retries=0 client_lib=MANCHEGO_GCM-11732000} [CONTEXT service_id=218 ]
11-16 09:56:37.152: D/QSEECOMAPI(17464): QSEECom_get_handle sb_length = 0x400
11-16 09:56:37.152: D/QSEECOMAPI(17464): App is already loaded QSEE and app id = 1
11-16 09:56:37.154: E/fpc_tac(17464): qsee_km_get_encapsulated_key KEYMASTER_GET_AUTH_TOKEN_KEY returned status=-24
11-16 09:56:37.154: D/QSEECOMAPI(17464): QSEECom_dealloc_memory 
11-16 09:56:37.155: D/QSEECOMAPI(17464): QSEECom_shutdown_app, app_id = 1
11-16 09:56:37.155: E/fpc_fingerprint_hal(17464): fpc_hal_open failed
11-16 09:56:37.155: D/android.hardware.power@1.3-service.crosshatch-libperfmgr(777): LAUNCH OFF
11-16 09:56:37.156: I/EventHub(1167): Removing device '/dev/input/event3' due to inotify event
11-16 09:56:37.156: I/EventHub(1167): Removed device: path=/dev/input/event3 name=uinput-fpc id=122 fd=233 classes=0x101
11-16 09:56:37.156: W/EventHub(1167): built-in keyboard device /dev/input/event3 (id=122) is closing! the apps will not like this
11-16 09:56:37.157: W/InputReader(1167): Ignoring spurious device removed event for deviceId 122.
11-16 09:56:37.164: D/LifecycleMonitor(16882): Lifecycle status change: androidx.navigation.ActivityNavigatorActivity@aaeec41 in: PAUSED
11-16 09:56:37.170: W/SurfaceFlinger(643): Attempting to set client state on removed layer: Splash Screen androidx.navigation.test#0
11-16 09:56:37.170: W/SurfaceFlinger(643): Attempting to destroy on removed layer: Splash Screen androidx.navigation.test#0
11-16 09:56:37.175: D/QSEECOMAPI(17464): QSEECom_dealloc_memory 
11-16 09:56:37.175: D/QSEECOMAPI(17464): QSEECom_shutdown_app, app_id = 122
11-16 09:56:37.179: I/ActivityManager(1167): Displayed androidx.navigation.test/androidx.navigation.ActivityNavigatorActivity: +97ms
11-16 09:56:37.188: I/WindowManager(1167): Queue is too deep! Purged item with taskid=4
11-16 09:56:37.192: I/TestRunner(16882): finished: testToStringNoClassOrAction(androidx.navigation.ActivityNavigatorTest)
11-16 09:56:37.193: I/BackdropActivity(15838): onResume()
11-16 09:56:37.194: I/MonitoringInstr(16882): Activities that are still in CREATED to STOPPED: 1
