11-16 09:56:33.803: D/LifecycleMonitor(16882): Lifecycle status change: androidx.navigation.ActivityNavigatorActivity@2bf72b5 in: DESTROYED
11-16 09:56:33.807: W/SurfaceFlinger(643): Attempting to set client state on removed layer: androidx.navigation.test/androidx.navigation.ActivityNavigatorActivity#0
11-16 09:56:33.807: W/SurfaceFlinger(643): Attempting to destroy on removed layer: androidx.navigation.test/androidx.navigation.ActivityNavigatorActivity#0
11-16 09:56:33.810: W/SurfaceFlinger(643): Attempting to destroy on removed layer: AppWindowToken{9f3922 token=Token{a4d66ed ActivityRecord{1c1d104 u0 androidx.navigation.test/androidx.navigation.ActivityNavigatorActivity t6}}}#0
11-16 09:56:33.811: I/Adreno(1167): QUALCOMM build                   : 3f88ca2, I42f6fe38fb
11-16 09:56:33.811: I/Adreno(1167): Build Date                       : 07/13/18
11-16 09:56:33.811: I/Adreno(1167): OpenGL ES Shader Compiler Version: EV031.24.00.00
11-16 09:56:33.811: I/Adreno(1167): Local Branch                     : 50.04
11-16 09:56:33.811: I/Adreno(1167): Remote Branch                    : 
11-16 09:56:33.811: I/Adreno(1167): Remote Branch                    : 
11-16 09:56:33.811: I/Adreno(1167): Reconstruct Branch               : 
11-16 09:56:33.811: I/Adreno(1167): Build Config                     : S P 4.0.10 AArch64
11-16 09:56:33.813: E/libc(1167): Access denied finding property "vendor.debug.prerotation.disable"
11-16 09:56:33.813: E/libc(1167): Access denied finding property "vendor.debug.prerotation.disable"
11-16 09:56:33.813: I/Adreno(1167): PFP: 0x016ee170, ME: 0x00000000
11-16 09:56:33.813: E/libc(1167): Access denied finding property "vendor.debug.prerotation.disable"
11-16 09:56:33.814: I/ConfigStore(1167): android::hardware::configstore::V1_0::ISurfaceFlingerConfigs::hasWideColorDisplay retrieved: 1
11-16 09:56:33.814: I/ConfigStore(1167): android::hardware::configstore::V1_0::ISurfaceFlingerConfigs::hasHDRDisplay retrieved: 1
11-16 09:56:33.815: I/OpenGLRenderer(1167): Initialized EGL, version 1.4
11-16 09:56:33.815: D/OpenGLRenderer(1167): Swap behavior 2
11-16 09:56:33.816: I/BugleRcsEngine(16032): [912] pot.b: Not using CS JibeService because the CS migration has not completed.
11-16 09:56:33.816: E/BugleDataModel(16032): RcsFlagsWorker: RcsFlags refresh is not allowed
11-16 09:56:33.818: I/TestRunner(16882): started: testToString(androidx.navigation.ActivityNavigatorTest)
11-16 09:56:33.820: W/ActivityTestRule(16882): getActivityIntent() returned null using default: Intent(Intent.ACTION_MAIN)
11-16 09:56:33.824: W/BugleRcsEngine(16032): [877] pot.a: Service with meta data key: SignupServiceVersions is not compatible. Service Version 4 is not supported. Supported versions: [1, 2]
11-16 09:56:33.827: I/ActivityManager(1167): START u0 {act=android.intent.action.MAIN flg=0x10000000 cmp=androidx.navigation.test/androidx.navigation.ActivityNavigatorActivity} from uid 10172
11-16 09:56:33.828: I/BugleRcsEngine(16032): [877] pot.b: Not using CS JibeService because the CS migration has not completed.
11-16 09:56:33.830: D/android.hardware.power@1.3-service.crosshatch-libperfmgr(777): LAUNCH ON
11-16 09:56:33.833: W/ActivityManager(1167): Background start not allowed: service Intent { cmp=com.google.android.apps.messaging/.shared.datamodel.action.execution.ActionExecutorImpl$EmptyService } to com.google.android.apps.messaging/.shared.datamodel.action.execution.ActionExecutorImpl$EmptyService from pid=16032 uid=10111 pkg=com.google.android.apps.messaging startFg?=false
11-16 09:56:33.836: I/BugleRcsEngine(16032): [2] txc.connect: Connecting SignupService
11-16 09:56:33.837: W/ActivityThread(16882): handleWindowVisibility: no activity for token android.os.BinderProxy@953e7f3
11-16 09:56:33.838: I/BugleRcsEngine(16032): [2] pot.b: Not using CS JibeService because the CS migration has not completed.
11-16 09:56:33.839: I/BugleRcsEngine(16032): [2] txc.connect: Binding to JibeService in Bugle. com.google.android.ims.rcsservice.signup.ISignup
11-16 09:56:33.844: D/LifecycleMonitor(16882): Lifecycle status change: androidx.navigation.ActivityNavigatorActivity@e946729 in: PRE_ON_CREATE
11-16 09:56:33.845: I/BugleRcsEngine(10156): [2] pkj.a: Initializing SimStateTracker
11-16 09:56:33.850: I/BugleRcsEngine(10156): [2] oli.a: Creating JibeServiceComponent
11-16 09:56:33.854: D/LifecycleMonitor(16882): Lifecycle status change: androidx.navigation.ActivityNavigatorActivity@e946729 in: CREATED
11-16 09:56:33.857: D/LifecycleMonitor(16882): Lifecycle status change: androidx.navigation.ActivityNavigatorActivity@e946729 in: STARTED
11-16 09:56:33.859: D/LifecycleMonitor(16882): Lifecycle status change: androidx.navigation.ActivityNavigatorActivity@e946729 in: RESUMED
11-16 09:56:33.864: I/BugleRcsEngine(10156): [2] oer.b: Initializing Carrier Services Logging.
11-16 09:56:33.869: D/BugleRcsEngine(10156): log_saver already enabled
11-16 09:56:33.871: D/ConnectivityService(1167): requestNetwork for uid/pid:10111/10156 NetworkRequest [ TRACK_DEFAULT id=59, [ Capabilities: INTERNET&NOT_RESTRICTED&TRUSTED Unwanted:  Uid: 10111] ]
11-16 09:56:33.872: D/WIFI(1167): got request NetworkRequest [ TRACK_DEFAULT id=59, [ Capabilities: INTERNET&NOT_RESTRICTED&TRUSTED Unwanted:  Uid: 10111] ] with score 60
11-16 09:56:33.872: D/WIFI_UT(1167): got request NetworkRequest [ TRACK_DEFAULT id=59, [ Capabilities: INTERNET&NOT_RESTRICTED&TRUSTED Unwanted:  Uid: 10111] ] with score 60
11-16 09:56:33.872: D/WIFI_AWARE_FACTORY(1167): got request NetworkRequest [ TRACK_DEFAULT id=59, [ Capabilities: INTERNET&NOT_RESTRICTED&TRUSTED Unwanted:  Uid: 10111] ] with score 60
11-16 09:56:33.872: D/PhoneSwitcherNetworkRequstListener(3755): got request NetworkRequest [ TRACK_DEFAULT id=59, [ Capabilities: INTERNET&NOT_RESTRICTED&TRUSTED Unwanted:  Uid: 10111] ] with score 60
11-16 09:56:33.872: D/Ethernet(1167): got request NetworkRequest [ TRACK_DEFAULT id=59, [ Capabilities: INTERNET&NOT_RESTRICTED&TRUSTED Unwanted:  Uid: 10111] ] with score 60
11-16 09:56:33.874: I/BugleRcsEngine(10156): [592] ore.d: Connected state: [2], networkType: [WIFI]
11-16 09:56:33.875: I/BugleRcsEngine(10156): [592] ore.d: Connected state: [2], networkType: [WIFI]
11-16 09:56:33.885: I/BugleRcsEngine(10156): [2] ofm.<init>: RcsEngine: Constructor running in com.google.android.apps.messaging
11-16 09:56:33.885: I/BugleRcsEngine(10156): [2] pcm.a: Destroying ProvisioningEngineComponent
11-16 09:56:33.886: I/BugleRcsEngine(10156): [2] pcm.a: Initialize Provisioning Engine V2
11-16 09:56:33.890: I/BugleRcsEngine(10156): [2] pet.a: Sending ProvisioningEvent to Bugle [Enable PEv2 (17)], null
11-16 09:56:33.894: I/Bugle(10156): GServicesValues:
11-16 09:56:33.894: I/Bugle(10156): bugle_enable_primes_crash_metrics: true
11-16 09:56:33.894: I/Bugle(10156): bugle_max_telemetry_upload_retries: 10
11-16 09:56:33.894: I/Bugle(10156): bugle_sticker_set_list_version: 3
11-16 09:56:33.894: I/BugleRcsEngine(10156): [2] oli.a: Creating ProvisioningEngineComponent
11-16 09:56:33.898: I/GoogleInputMethod(3609): onFinishInput() : Dummy InputConnection bound
11-16 09:56:33.898: I/GoogleInputMethod(3609): onStartInput() : Dummy InputConnection bound
11-16 09:56:33.908: I/ActivityManager(1167): Displayed androidx.navigation.test/androidx.navigation.ActivityNavigatorActivity: +78ms
11-16 09:56:33.914: I/BugleRcsEngine(10156): [2] JibeService.b: Ignoring call to disable RCS because PEv2 is enabled
11-16 09:56:33.914: W/SurfaceFlinger(643): Attempting to set client state on removed layer: Splash Screen androidx.navigation.test#0
11-16 09:56:33.914: W/SurfaceFlinger(643): Attempting to destroy on removed layer: Splash Screen androidx.navigation.test#0
11-16 09:56:33.916: I/BugleRcsEngine(10156): [623] ProvisioningEngineStateMachine$StateBase.a: Enter EnabledState
11-16 09:56:33.917: I/BugleRcsEngine(10156): [2] pet.a: Sending ProvisioningEvent to Bugle [Request Bugle information (15)], null
11-16 09:56:33.922: D/LifecycleMonitor(16882): Lifecycle status change: androidx.navigation.ActivityNavigatorActivity@e946729 in: PAUSED
11-16 09:56:33.929: W/BugleRcsEngine(10156): [623] pcp.c: No config URL. RCS will be disabled!
11-16 09:56:33.939: W/id.apps.tachyo(17223): JIT profile information will not be recorded: profile file does not exits.
11-16 09:56:33.940: I/chatty(17223): uid=10148(com.google.android.apps.tachyon) identical 1 line
11-16 09:56:33.940: W/id.apps.tachyo(17223): JIT profile information will not be recorded: profile file does not exits.
11-16 09:56:33.950: I/BugleRcsEngine(10156): [623] pev.a: RcsAvailabilityManager: Calculating Rcs Availability
11-16 09:56:33.955: D/BugleRcsEngine(10156): log_saver already enabled
11-16 09:56:33.957: I/BackdropActivity(15838): onResume()
11-16 09:56:33.960: D/LifecycleMonitor(16882): Lifecycle status change: androidx.navigation.ActivityNavigatorActivity@e946729 in: STOPPED
11-16 09:56:33.960: I/ActivityManager(1167): Activity requesting to dismiss Keyguard: ActivityRecord{7a62c71 u0 com.google.android.apps.mtaas.backdrop/.BackdropActivity t4}
11-16 09:56:33.962: D/LifecycleMonitor(16882): Lifecycle status change: androidx.navigation.ActivityNavigatorActivity@e946729 in: DESTROYED
11-16 09:56:33.965: I/BugleRcsEngine(10156): [623] pdr.a: BatteryOptimizationManager: requestGmscoreUnbind
11-16 09:56:33.965: I/BugleRcsEngine(10156): [623] pev.a: RcsAvailabilityManager: Updating Rcs Availability to DISABLED_SIM_ABSENT (RCS is disabled due to SIM absent)
11-16 09:56:33.966: W/BugleRcsEngine(10156): [623] pcp.c: No config URL. RCS will be disabled!
11-16 09:56:33.967: I/RcsClientLib(16032): Service com.google.android.rcs.client.signup.SignupService connected. Will notify listeners: true
11-16 09:56:33.968: I/BugleRcsEngine(10156): [605] pev.a: RcsAvailabilityManager: Calculating Rcs Availability
11-16 09:56:33.972: W/SurfaceFlinger(643): Attempting to destroy on removed layer: AppWindowToken{fc80aac token=Token{b88c0fe ActivityRecord{e22f4b9 u0 androidx.navigation.test/androidx.navigation.ActivityNavigatorActivity t7}}}#0
11-16 09:56:33.972: I/GoogleInputMethod(3609): onFinishInput() : Dummy InputConnection bound
11-16 09:56:33.972: I/GoogleInputMethod(3609): onStartInput() : Dummy InputConnection bound
11-16 09:56:33.975: I/TestRunner(16882): finished: testToString(androidx.navigation.ActivityNavigatorTest)
11-16 09:56:33.976: D/android.hardware.power@1.3-service.crosshatch-libperfmgr(777): LAUNCH OFF
11-16 09:56:33.979: I/BugleRcsEngine(10156): [617] pkj.b: Processing an intent
11-16 09:56:33.983: I/TestRunner(16882): started: navigateData(androidx.navigation.ActivityNavigatorTest)
11-16 09:56:33.984: I/BugleRcsEngine(10156): [617] pkj.handleSimState: SIM state ABSENT
11-16 09:56:33.984: I/BugleRcsEngine(10156): [617] pkj.sendBroadcastSimState: Broadcasting Intent { act=com.google.android.ims.SIM_ABSENT }
11-16 09:56:33.985: W/ActivityTestRule(16882): getActivityIntent() returned null using default: Intent(Intent.ACTION_MAIN)
11-16 09:56:33.988: I/ActivityManager(1167): START u0 {act=android.intent.action.MAIN flg=0x10000000 cmp=androidx.navigation.test/androidx.navigation.ActivityNavigatorActivity} from uid 10172
11-16 09:56:33.992: I/BugleRcsEngine(10156): [623] pet.a: Sending ProvisioningEvent to Bugle [Availability updated (12)], [aQxmkSF8RuZ2gv9Q_9qD9VRmeTc]
11-16 09:56:33.993: D/android.hardware.power@1.3-service.crosshatch-libperfmgr(777): LAUNCH ON
11-16 09:56:34.004: W/ActivityThread(16882): handleWindowVisibility: no activity for token android.os.BinderProxy@ba2ba47
11-16 09:56:34.007: I/BugleRcsEngine(10156): [623] pev.a: Sending ProvisioningEvent Internal [Availability updated (12)], [aQxmkSF8RuZ2gv9Q_9qD9VRmeTc]
11-16 09:56:34.010: I/BugleRcsEngine(10156): [623] pet.a: Sending ProvisioningEvent to Bugle [Update provisioning status (11)], [aco8Kp25ZBCgUZalyGUIq1_Tamc]
11-16 09:56:34.011: D/LifecycleMonitor(16882): Lifecycle status change: androidx.navigation.ActivityNavigatorActivity@c97339d in: PRE_ON_CREATE
11-16 09:56:34.014: I/BugleRcsEngine(10156): [623] ProvisioningEngineStateMachine$StateBase.a: EnabledState: Transition to disabled
11-16 09:56:34.014: I/BugleRcsEngine(10156): [623] ProvisioningEngineStateMachine$StateBase.c: Exit EnabledState
11-16 09:56:34.015: W/BugleRcsEngine(10156): [623] pcp.c: No config URL. RCS will be disabled!
11-16 09:56:34.016: E/BugleRcsEngine(10156): [2] pkf.a: TelephonyChangeReceiver is not registered.
11-16 09:56:34.018: D/ConnectivityService(1167): releasing NetworkRequest [ TRACK_DEFAULT id=59, [ Capabilities: INTERNET&NOT_RESTRICTED&TRUSTED Unwanted:  Uid: 10111] ] (release request)
11-16 09:56:34.019: I/BugleRcsEngine(10156): [2] oli.a: Destroying JibeServiceComponent
11-16 09:56:34.019: I/BugleRcsEngine(10156): [2] pkj.h: Shutting down SimStateTracker
11-16 09:56:34.019: I/.gms.persisten(10898): Background concurrent copying GC freed 201224(11MB) AllocSpace objects, 65(2MB) LOS objects, 49% free, 13MB/26MB, paused 39us total 121.491ms
11-16 09:56:34.022: I/BugleRcsEngine(10156): [623] ProvisioningEngineStateMachine$StateBase.a: Enter DisabledState
11-16 09:56:34.026: D/LifecycleMonitor(16882): Lifecycle status change: androidx.navigation.ActivityNavigatorActivity@c97339d in: CREATED
11-16 09:56:34.033: D/LifecycleMonitor(16882): Lifecycle status change: androidx.navigation.ActivityNavigatorActivity@c97339d in: STARTED
11-16 09:56:34.037: D/LifecycleMonitor(16882): Lifecycle status change: androidx.navigation.ActivityNavigatorActivity@c97339d in: RESUMED
11-16 09:56:34.043: I/BugleRcsEngine(10156): [623] pet.a: Sending ProvisioningEvent to Bugle [Update provisioning status (11)], [pxpqh-Hb57ovsulQtknwWEmsBeY]
11-16 09:56:34.043: I/WindowManager(1167): Queue is too deep! Purged item with taskid=4
11-16 09:56:34.051: I/BugleRcsEngine(10156): [623] ProvisioningEngineStateMachine$StateBase.c: Exit DisabledState
11-16 09:56:34.067: E/NotificationService(1167): Muting recently noisy 0|com.google.android.apps.mtaas.backdrop|1|null|10163
11-16 09:56:34.076: I/GoogleInputMethod(3609): onFinishInput() : Dummy InputConnection bound
11-16 09:56:34.076: I/GoogleInputMethod(3609): onStartInput() : Dummy InputConnection bound
11-16 09:56:34.085: D/android.hardware.power@1.3-service.crosshatch-libperfmgr(777): LAUNCH OFF
11-16 09:56:34.089: I/ActivityManager(1167): START u0 {dat=http://www.example.com/... cmp=androidx.navigation.test/androidx.navigation.TargetActivity (has extras)} from uid 10172
11-16 09:56:34.091: D/android.hardware.power@1.3-service.crosshatch-libperfmgr(777): LAUNCH ON
11-16 09:56:34.093: D/LifecycleMonitor(16882): Lifecycle status change: androidx.navigation.ActivityNavigatorActivity@c97339d in: PAUSED
11-16 09:56:34.096: W/SurfaceFlinger(643): Attempting to set client state on removed layer: Splash Screen androidx.navigation.test#0
11-16 09:56:34.096: W/SurfaceFlinger(643): Attempting to destroy on removed layer: Splash Screen androidx.navigation.test#0
11-16 09:56:34.100: W/ActivityThread(16882): handleWindowVisibility: no activity for token android.os.BinderProxy@41a3955
11-16 09:56:34.101: I/ActivityManager(1167): Displayed androidx.navigation.test/androidx.navigation.TargetActivity: +97ms
11-16 09:56:34.104: D/LifecycleMonitor(16882): Lifecycle status change: androidx.navigation.TargetActivity@ae4bc5b in: PRE_ON_CREATE
11-16 09:56:34.113: D/LifecycleMonitor(16882): Lifecycle status change: androidx.navigation.TargetActivity@ae4bc5b in: CREATED
11-16 09:56:34.115: D/LifecycleMonitor(16882): Lifecycle status change: androidx.navigation.TargetActivity@ae4bc5b in: STARTED
11-16 09:56:34.118: D/LifecycleMonitor(16882): Lifecycle status change: androidx.navigation.TargetActivity@ae4bc5b in: RESUMED
11-16 09:56:34.124: D/LifecycleMonitor(16882): Lifecycle status change: androidx.navigation.ActivityNavigatorActivity@c97339d in: STOPPED
11-16 09:56:34.144: D/LifecycleMonitor(16882): Lifecycle status change: androidx.navigation.TargetActivity@ae4bc5b in: PAUSED
11-16 09:56:34.156: D/LifecycleMonitor(16882): Lifecycle status change: androidx.navigation.ActivityNavigatorActivity@c97339d in: RESTARTED
11-16 09:56:34.172: I/TestRunner(16882): finished: navigateData(androidx.navigation.ActivityNavigatorTest)
11-16 09:56:34.174: I/BackdropActivity(15838): onResume()
11-16 09:56:34.175: I/MonitoringInstr(16882): Activities that are still in CREATED to STOPPED: 1
11-16 09:56:34.175: I/ActivityManager(1167): Activity requesting to dismiss Keyguard: ActivityRecord{7a62c71 u0 com.google.android.apps.mtaas.backdrop/.BackdropActivity t4}
11-16 09:56:34.175: I/MonitoringInstr(16882): Unstopped activity count: 1
11-16 09:56:34.179: W/PrimesInit(17223): Primes instant initialization
11-16 09:56:34.185: W/Primes(17223): background initialization
11-16 09:56:34.218: I/GoogleInputMethod(3609): onFinishInput() : Dummy InputConnection bound
11-16 09:56:34.218: I/GoogleInputMethod(3609): onStartInput() : Dummy InputConnection bound
11-16 09:56:34.225: D/android.hardware.power@1.3-service.crosshatch-libperfmgr(777): LAUNCH OFF
11-16 09:56:34.226: I/MonitoringInstr(16882): Unstopped activity count: 1
11-16 09:56:34.240: D/LifecycleMonitor(16882): Lifecycle status change: androidx.navigation.ActivityNavigatorActivity@c97339d in: DESTROYED
11-16 09:56:34.249: D/LifecycleMonitor(16882): Lifecycle status change: androidx.navigation.TargetActivity@ae4bc5b in: STOPPED
11-16 09:56:34.250: D/LifecycleMonitor(16882): Lifecycle status change: androidx.navigation.TargetActivity@ae4bc5b in: DESTROYED
11-16 09:56:34.259: W/SurfaceFlinger(643): Attempting to destroy on removed layer: AppWindowToken{ab38a23 token=Token{2664752 ActivityRecord{88c0fdd u0 androidx.navigation.test/androidx.navigation.TargetActivity t8}}}#0
11-16 09:56:34.277: I/TestRunner(16882): started: navigateDataPatternMissingArgument(androidx.navigation.ActivityNavigatorTest)
11-16 09:56:34.279: W/ActivityTestRule(16882): getActivityIntent() returned null using default: Intent(Intent.ACTION_MAIN)
11-16 09:56:34.281: E/NotificationService(1167): Muting recently noisy 0|com.google.android.apps.mtaas.backdrop|1|null|10163
11-16 09:56:34.282: I/ActivityManager(1167): START u0 {act=android.intent.action.MAIN flg=0x10000000 cmp=androidx.navigation.test/androidx.navigation.ActivityNavigatorActivity} from uid 10172
11-16 09:56:34.288: D/android.hardware.power@1.3-service.crosshatch-libperfmgr(777): LAUNCH ON
11-16 09:56:34.296: W/ActivityThread(16882): handleWindowVisibility: no activity for token android.os.BinderProxy@f27080e
11-16 09:56:34.303: D/LifecycleMonitor(16882): Lifecycle status change: androidx.navigation.ActivityNavigatorActivity@a92d03c in: PRE_ON_CREATE
11-16 09:56:34.314: D/LifecycleMonitor(16882): Lifecycle status change: androidx.navigation.ActivityNavigatorActivity@a92d03c in: CREATED
11-16 09:56:34.316: D/LifecycleMonitor(16882): Lifecycle status change: androidx.navigation.ActivityNavigatorActivity@a92d03c in: STARTED
11-16 09:56:34.319: D/LifecycleMonitor(16882): Lifecycle status change: androidx.navigation.ActivityNavigatorActivity@a92d03c in: RESUMED
11-16 09:56:34.328: I/ActivityManager(1167): Killing 16438:com.google.android.apps.tips/u0a52 (adj 906): empty #17
11-16 09:56:34.328: I/Icing(13206): Indexing com.google.android.inputmethod.latin-internal.3p:StickerPack from com.google.android.inputmethod.latin
11-16 09:56:34.329: W/libprocessgroup(1167): kill(-16438, 9) failed: No such process
11-16 09:56:34.331: I/DefaultStickerUpdate(3609): Successfully updated sticker index for DefaultStickerTaskData{enabled=true, metadataUriPrefix=https://www.gstatic.com/android/keyboard/stickers/configs/v5/, supportedLanguage=en}
11-16 09:56:34.331: E/SQLiteLog(13206): (1) no such table: StickerPack_com.google.android.inputmethod.latin_seq_table
11-16 09:56:34.332: E/Icing(13206): Cursor call threw an exception: no such table: StickerPack_com.google.android.inputmethod.latin_seq_table (code 1 SQLITE_ERROR): , while compiling: SELECT * FROM [StickerPack_com.google.android.inputmethod.latin_seq_table] WHERE seqno>0 AND tag IS NULL ORDER BY seqno LIMIT 20
11-16 09:56:34.332: I/Icing(13206): Indexing done com.google.android.inputmethod.latin-internal.3p:StickerPack
11-16 09:56:34.332: E/Icing(13206): Aborting indexing of corpus internal.3p:StickerPack
11-16 09:56:34.332: I/FirebaseJobDispatcher(3609): Task: DefaultStickerUpdate successes.
11-16 09:56:34.334: I/WindowManager(1167): Queue is too deep! Purged item with taskid=7
11-16 09:56:34.336: I/Icing(13206): Indexing com.google.android.inputmethod.latin-internal.3p:Sticker from com.google.android.inputmethod.latin
11-16 09:56:34.341: E/SQLiteLog(13206): (1) no such table: Sticker_com.google.android.inputmethod.latin_seq_table
11-16 09:56:34.342: E/Icing(13206): Cursor call threw an exception: no such table: Sticker_com.google.android.inputmethod.latin_seq_table (code 1 SQLITE_ERROR): , while compiling: SELECT * FROM [Sticker_com.google.android.inputmethod.latin_seq_table] WHERE seqno>0 AND tag IS NULL ORDER BY seqno LIMIT 20
11-16 09:56:34.343: I/Icing(13206): Indexing done com.google.android.inputmethod.latin-internal.3p:Sticker
11-16 09:56:34.343: E/Icing(13206): Aborting indexing of corpus internal.3p:Sticker
11-16 09:56:34.345: I/NetworkScheduler.Stats(10898): Task com.google.android.inputmethod.latin/ finished executing. cause:7 result: 1 elapsed_millis: 2529 uptime_millis: 2529 exec_start_elapsed_seconds: 593 [CONTEXT service_id=218 ]
11-16 09:56:34.350: W/Icing(13206): No valid account for uploading user actions
11-16 09:56:34.350: I/Zygote(733): Process 16438 exited due to signal (9)
11-16 09:56:34.357: I/GoogleInputMethod(3609): onFinishInput() : Dummy InputConnection bound
11-16 09:56:34.358: I/GoogleInputMethod(3609): onStartInput() : Dummy InputConnection bound
11-16 09:56:34.363: I/PrimesTesting(17223): GserviceFlagsSupplier.get()
11-16 09:56:34.373: W/libprocessgroup(1167): kill(-16438, 9) failed: No such process
11-16 09:56:34.373: I/libprocessgroup(1167): Successfully killed process cgroup uid 10052 pid 16438 in 44ms
11-16 09:56:34.377: I/Icing(13206): Usage reports ok 1, Failed Usage reports 0, indexed 0, rejected 0
11-16 09:56:34.377: I/org.webrtc.Logging(17223): NativeLibrary: Loading native library: jingle_peerconnection_so
11-16 09:56:34.378: D/android.hardware.power@1.3-service.crosshatch-libperfmgr(777): LAUNCH OFF
11-16 09:56:34.381: I/org.webrtc.Logging(17223): PeerConnectionFactory: PeerConnectionFactory was initialized without an injected Loggable. Any existing Loggable will be deleted.
11-16 09:56:34.381: W/Icing(13206): No valid account for uploading user actions
11-16 09:56:34.383: E/ExecutionCriteria(10898): Package unavailable for task: com.google.android.apps.gcs/com.google.android.flib.phenotype.services.PhenotypeExperimentCommitService{u=0 tag="PhenotypeExpCommitSvc" trigger=window{start=0s,end=30s,earliest=-499s,latest=-469s} requirements=[NET_ANY] attributes=[PERSISTED] scheduled=-499s last_run=N/A exec_window_multiplier=1.0000 jid=N/A status=PENDING retries=0 client_lib=MANCHEGO_GCM-11732000} [CONTEXT service_id=218 ]
11-16 09:56:34.384: D/LifecycleMonitor(16882): Lifecycle status change: androidx.navigation.ActivityNavigatorActivity@a92d03c in: PAUSED
11-16 09:56:34.386: I/ActivityManager(1167): Displayed androidx.navigation.test/androidx.navigation.ActivityNavigatorActivity: +96ms
11-16 09:56:34.388: I/Icing(13206): Usage reports ok 0, Failed Usage reports 0, indexed 0, rejected 0
11-16 09:56:34.391: W/Icing(13206): No valid account for uploading user actions
11-16 09:56:34.399: I/WindowManager(1167): Queue is too deep! Purged item with taskid=4
11-16 09:56:34.403: I/TestRunner(16882): finished: navigateDataPatternMissingArgument(androidx.navigation.ActivityNavigatorTest)
11-16 09:56:34.407: I/ActivityManager(1167): Activity reported stop, but no longer stopping: ActivityRecord{7a62c71 u0 com.google.android.apps.mtaas.backdrop/.BackdropActivity t4}
11-16 09:56:34.411: I/BackdropActivity(15838): onResume()
11-16 09:56:34.412: I/ActivityManager(1167): Activity requesting to dismiss Keyguard: ActivityRecord{7a62c71 u0 com.google.android.apps.mtaas.backdrop/.BackdropActivity t4}
11-16 09:56:34.418: I/Icing(13206): Usage reports ok 1, Failed Usage reports 0, indexed 0, rejected 0
11-16 09:56:34.425: I/GoogleInputMethod(3609): onFinishInput() : Dummy InputConnection bound
11-16 09:56:34.426: I/GoogleInputMethod(3609): onStartInput() : Dummy InputConnection bound
11-16 09:56:34.426: W/Icing(13206): No valid account for uploading user actions
11-16 09:56:34.427: I/MonitoringInstr(16882): Activities that are still in CREATED to STOPPED: 1
11-16 09:56:34.427: I/MonitoringInstr(16882): Unstopped activity count: 1
11-16 09:56:34.441: I/Icing(13206): Usage reports ok 0, Failed Usage reports 0, indexed 0, rejected 0
11-16 09:56:34.446: D/LifecycleMonitor(16882): Lifecycle status change: androidx.navigation.ActivityNavigatorActivity@a92d03c in: STOPPED
11-16 09:56:34.448: D/LifecycleMonitor(16882): Lifecycle status change: androidx.navigation.ActivityNavigatorActivity@a92d03c in: DESTROYED
11-16 09:56:34.456: W/SurfaceFlinger(643): Attempting to destroy on removed layer: AppWindowToken{84e62e token=Token{b70b0a9 ActivityRecord{a397c30 u0 androidx.navigation.test/androidx.navigation.ActivityNavigatorActivity t9}}}#0
11-16 09:56:34.478: I/TestRunner(16882): started: navigateAction(androidx.navigation.ActivityNavigatorTest)
11-16 09:56:34.482: W/ActivityTestRule(16882): getActivityIntent() returned null using default: Intent(Intent.ACTION_MAIN)
11-16 09:56:34.489: I/ActivityManager(1167): START u0 {act=android.intent.action.MAIN flg=0x10000000 cmp=androidx.navigation.test/androidx.navigation.ActivityNavigatorActivity} from uid 10172
11-16 09:56:34.495: D/android.hardware.power@1.3-service.crosshatch-libperfmgr(777): LAUNCH ON
11-16 09:56:34.504: W/ActivityThread(16882): handleWindowVisibility: no activity for token android.os.BinderProxy@c71ef72
11-16 09:56:34.513: D/LifecycleMonitor(16882): Lifecycle status change: androidx.navigation.ActivityNavigatorActivity@2c5e040 in: PRE_ON_CREATE
11-16 09:56:34.520: I/Adreno(1167): QUALCOMM build                   : 3f88ca2, I42f6fe38fb
11-16 09:56:34.520: I/Adreno(1167): Build Date                       : 07/13/18
11-16 09:56:34.520: I/Adreno(1167): OpenGL ES Shader Compiler Version: EV031.24.00.00
11-16 09:56:34.520: I/Adreno(1167): Local Branch                     : 50.04
11-16 09:56:34.520: I/Adreno(1167): Remote Branch                    : 
11-16 09:56:34.520: I/Adreno(1167): Remote Branch                    : 
11-16 09:56:34.520: I/Adreno(1167): Reconstruct Branch               : 
11-16 09:56:34.520: I/Adreno(1167): Build Config                     : S P 4.0.10 AArch64
11-16 09:56:34.526: E/NotificationService(1167): Muting recently noisy 0|com.google.android.apps.mtaas.backdrop|1|null|10163
11-16 09:56:34.529: D/LifecycleMonitor(16882): Lifecycle status change: androidx.navigation.ActivityNavigatorActivity@2c5e040 in: CREATED
11-16 09:56:34.531: E/libc(1167): Access denied finding property "vendor.debug.prerotation.disable"
11-16 09:56:34.532: D/LifecycleMonitor(16882): Lifecycle status change: androidx.navigation.ActivityNavigatorActivity@2c5e040 in: STARTED
11-16 09:56:34.533: E/libc(1167): Access denied finding property "vendor.debug.prerotation.disable"
11-16 09:56:34.533: I/Adreno(1167): PFP: 0x016ee170, ME: 0x00000000
11-16 09:56:34.533: E/libc(1167): Access denied finding property "vendor.debug.prerotation.disable"
11-16 09:56:34.535: D/LifecycleMonitor(16882): Lifecycle status change: androidx.navigation.ActivityNavigatorActivity@2c5e040 in: RESUMED
11-16 09:56:34.535: I/ConfigStore(1167): android::hardware::configstore::V1_0::ISurfaceFlingerConfigs::hasWideColorDisplay retrieved: 1
11-16 09:56:34.535: I/ConfigStore(1167): android::hardware::configstore::V1_0::ISurfaceFlingerConfigs::hasHDRDisplay retrieved: 1
11-16 09:56:34.536: I/OpenGLRenderer(1167): Initialized EGL, version 1.4
11-16 09:56:34.536: D/OpenGLRenderer(1167): Swap behavior 2
11-16 09:56:34.540: I/WindowManager(1167): Queue is too deep! Purged item with taskid=4
11-16 09:56:34.542: W/id.apps.tachyo(17223): Unknown chunk type '200'.
11-16 09:56:34.543: E/Backup(13206): [BackupTransportMigratorChimeraService] Could not migrate transport!
11-16 09:56:34.547: I/Backup(13206): [BackupTransportMigratorChimeraService] Starting migration...
11-16 09:56:34.568: I/GoogleInputMethod(3609): onFinishInput() : Dummy InputConnection bound
11-16 09:56:34.568: I/GoogleInputMethod(3609): onStartInput() : Dummy InputConnection bound
11-16 09:56:34.572: D/EventBus(17223): No subscribers registered for event class gzh
11-16 09:56:34.573: D/EventBus(17223): No subscribers registered for event class sfa
11-16 09:56:34.580: I/ActivityManager(1167): Displayed androidx.navigation.test/androidx.navigation.ActivityNavigatorActivity: +88ms
11-16 09:56:34.587: D/android.hardware.power@1.3-service.crosshatch-libperfmgr(777): LAUNCH OFF
11-16 09:56:34.589: W/SurfaceFlinger(643): Attempting to set client state on removed layer: Splash Screen androidx.navigation.test#0
11-16 09:56:34.589: W/SurfaceFlinger(643): Attempting to destroy on removed layer: Splash Screen androidx.navigation.test#0
11-16 09:56:34.591: I/ActivityManager(1167): START u0 {act=test_action cmp=androidx.navigation.test/androidx.navigation.TargetActivity (has extras)} from uid 10172
11-16 09:56:34.592: D/android.hardware.power@1.3-service.crosshatch-libperfmgr(777): LAUNCH ON
11-16 09:56:34.596: D/LifecycleMonitor(16882): Lifecycle status change: androidx.navigation.ActivityNavigatorActivity@2c5e040 in: PAUSED
11-16 09:56:34.605: W/ActivityThread(16882): handleWindowVisibility: no activity for token android.os.BinderProxy@e377758
11-16 09:56:34.608: D/LifecycleMonitor(16882): Lifecycle status change: androidx.navigation.TargetActivity@c16f996 in: PRE_ON_CREATE
11-16 09:56:34.617: D/LifecycleMonitor(16882): Lifecycle status change: androidx.navigation.TargetActivity@c16f996 in: CREATED
11-16 09:56:34.618: D/LifecycleMonitor(16882): Lifecycle status change: androidx.navigation.TargetActivity@c16f996 in: STARTED
11-16 09:56:34.621: D/LifecycleMonitor(16882): Lifecycle status change: androidx.navigation.TargetActivity@c16f996 in: RESUMED
11-16 09:56:34.640: I/akia(10898): Removed 0 invalid users [CONTEXT service_id=51 ]
11-16 09:56:34.643: D/LifecycleMonitor(16882): Lifecycle status change: androidx.navigation.TargetActivity@c16f996 in: PAUSED
11-16 09:56:34.675: D/LifecycleMonitor(16882): Lifecycle status change: androidx.navigation.TargetActivity@c16f996 in: STOPPED
11-16 09:56:34.676: D/LifecycleMonitor(16882): Lifecycle status change: androidx.navigation.TargetActivity@c16f996 in: DESTROYED
11-16 09:56:34.678: D/EventBus(17223): No subscribers registered for event class gzh
11-16 09:56:34.678: D/EventBus(17223): No subscribers registered for event class sfa
11-16 09:56:34.681: I/TestRunner(16882): finished: navigateAction(androidx.navigation.ActivityNavigatorTest)
11-16 09:56:34.684: I/BackdropActivity(15838): onResume()
11-16 09:56:34.687: I/ActivityManager(1167): Activity requesting to dismiss Keyguard: ActivityRecord{7a62c71 u0 com.google.android.apps.mtaas.backdrop/.BackdropActivity t4}
11-16 09:56:34.685: I/MonitoringInstr(16882): Activities that are still in CREATED to STOPPED: 1
11-16 09:56:34.689: I/MonitoringInstr(16882): Unstopped activity count: 1
11-16 09:56:34.693: I/ActivityManager(1167): Start proc 17341:com.google.android.apps.walletnfcrel/u0a152 for broadcast com.google.android.apps.walletnfcrel/com.google.android.libraries.notifications.entrypoints.localechanged.LocaleChangedReceiver
11-16 09:56:34.704: I/GoogleInputMethod(3609): onFinishInput() : Dummy InputConnection bound
11-16 09:56:34.704: E/ps.walletnfcre(17341): Not starting debugger since process cannot load the jdwp agent.
11-16 09:56:34.704: I/GoogleInputMethod(3609): onStartInput() : Dummy InputConnection bound
11-16 09:56:34.721: D/android.hardware.power@1.3-service.crosshatch-libperfmgr(777): LAUNCH OFF
11-16 09:56:34.723: I/ps.walletnfcre(17341): The ClassLoaderContext is a special shared library.
11-16 09:56:34.732: I/WindowManager(1167): Queue is too deep! Purged item with taskid=9
11-16 09:56:34.740: I/MonitoringInstr(16882): Unstopped activity count: 1
11-16 09:56:34.754: D/LifecycleMonitor(16882): Lifecycle status change: androidx.navigation.ActivityNavigatorActivity@2c5e040 in: STOPPED
11-16 09:56:34.755: D/LifecycleMonitor(16882): Lifecycle status change: androidx.navigation.ActivityNavigatorActivity@2c5e040 in: DESTROYED
11-16 09:56:34.762: W/SurfaceFlinger(643): Attempting to destroy on removed layer: AppWindowToken{abace55 token=Token{500150c ActivityRecord{67df83f u0 androidx.navigation.test/androidx.navigation.ActivityNavigatorActivity t10}}}#0
11-16 09:56:34.791: I/TestRunner(16882): started: navigateSingleTop(androidx.navigation.ActivityNavigatorTest)
11-16 09:56:34.793: W/ActivityTestRule(16882): getActivityIntent() returned null using default: Intent(Intent.ACTION_MAIN)
11-16 09:56:34.794: I/PeopleChimeraService(13206): onService. callbacks = xmw@4f976c0, request = com.google.android.gms.common.internal.GetServiceRequest@8e63ff9
11-16 09:56:34.796: I/ActivityManager(1167): START u0 {act=android.intent.action.MAIN flg=0x10000000 cmp=androidx.navigation.test/androidx.navigation.ActivityNavigatorActivity} from uid 10172
11-16 09:56:34.796: D/BoundBrokerSvc(13206): onUnbind: Intent { act=com.google.android.gms.ocr.service.internal.START cmp=com.google.android.gms/.chimera.GmsInternalApiService }
11-16 09:56:34.797: E/NotificationService(1167): Muting recently noisy 0|com.google.android.apps.mtaas.backdrop|1|null|10163
11-16 09:56:34.804: D/android.hardware.power@1.3-service.crosshatch-libperfmgr(777): LAUNCH ON
11-16 09:56:34.811: W/ActivityThread(16882): handleWindowVisibility: no activity for token android.os.BinderProxy@822e6a5
11-16 09:56:34.817: D/LifecycleMonitor(16882): Lifecycle status change: androidx.navigation.ActivityNavigatorActivity@755f22b in: PRE_ON_CREATE
11-16 09:56:34.827: D/LifecycleMonitor(16882): Lifecycle status change: androidx.navigation.ActivityNavigatorActivity@755f22b in: CREATED
11-16 09:56:34.828: D/LifecycleMonitor(16882): Lifecycle status change: androidx.navigation.ActivityNavigatorActivity@755f22b in: STARTED
11-16 09:56:34.832: D/LifecycleMonitor(16882): Lifecycle status change: androidx.navigation.ActivityNavigatorActivity@755f22b in: RESUMED
11-16 09:56:34.841: I/BlobLobber(10098): Handling download id 83 (blob odws2_en:us:524_2019-09-12_270573492_release_signed)
11-16 09:56:34.845: I/WindowManager(1167): Queue is too deep! Purged item with taskid=4
11-16 09:56:34.867: I/GoogleInputMethod(3609): onFinishInput() : Dummy InputConnection bound
11-16 09:56:34.867: I/GoogleInputMethod(3609): onStartInput() : Dummy InputConnection bound
11-16 09:56:34.883: I/Adreno(1167): QUALCOMM build                   : 3f88ca2, I42f6fe38fb
11-16 09:56:34.883: I/Adreno(1167): Build Date                       : 07/13/18
11-16 09:56:34.883: I/Adreno(1167): OpenGL ES Shader Compiler Version: EV031.24.00.00
11-16 09:56:34.883: I/Adreno(1167): Local Branch                     : 50.04
11-16 09:56:34.883: I/Adreno(1167): Remote Branch                    : 
11-16 09:56:34.883: I/Adreno(1167): Remote Branch                    : 
11-16 09:56:34.883: I/Adreno(1167): Reconstruct Branch               : 
11-16 09:56:34.883: I/Adreno(1167): Build Config                     : S P 4.0.10 AArch64
11-16 09:56:34.885: E/libc(1167): Access denied finding property "vendor.debug.prerotation.disable"
11-16 09:56:34.885: E/libc(1167): Access denied finding property "vendor.debug.prerotation.disable"
11-16 09:56:34.886: I/Adreno(1167): PFP: 0x016ee170, ME: 0x00000000
11-16 09:56:34.886: E/libc(1167): Access denied finding property "vendor.debug.prerotation.disable"
11-16 09:56:34.886: V/DownloadManager(15648): Deleting /storage/emulated/0/Android/data/com.google.android.googlequicksearchbox/files/pending_blobs/odws2_en:us:524_2019-09-12_270573492_release_signed via provider delete
11-16 09:56:34.886: I/ConfigStore(1167): android::hardware::configstore::V1_0::ISurfaceFlingerConfigs::hasWideColorDisplay retrieved: 1
11-16 09:56:34.886: I/ConfigStore(1167): android::hardware::configstore::V1_0::ISurfaceFlingerConfigs::hasHDRDisplay retrieved: 1
11-16 09:56:34.887: I/OpenGLRenderer(1167): Initialized EGL, version 1.4
11-16 09:56:34.887: D/OpenGLRenderer(1167): Swap behavior 2
11-16 09:56:34.896: I/FA(17223): App measurement is starting up, version: 18079
11-16 09:56:34.896: I/FA(17223): To enable debug logging run: adb shell setprop log.tag.FA VERBOSE
11-16 09:56:34.897: I/FA(17223): To enable faster debug mode event logging run:
11-16 09:56:34.897: I/FA(17223):   adb shell setprop debug.firebase.analytics.app com.google.android.apps.tachyon
11-16 09:56:34.899: I/ActivityManager(1167): Displayed androidx.navigation.test/androidx.navigation.ActivityNavigatorActivity: +93ms
11-16 09:56:34.900: D/android.hardware.power@1.3-service.crosshatch-libperfmgr(777): LAUNCH OFF
11-16 09:56:34.904: W/SurfaceFlinger(643): Attempting to set client state on removed layer: Splash Screen androidx.navigation.test#0
11-16 09:56:34.904: W/SurfaceFlinger(643): Attempting to destroy on removed layer: Splash Screen androidx.navigation.test#0
11-16 09:56:34.909: I/ActivityManager(1167): START u0 {flg=0x20000000 cmp=androidx.navigation.test/androidx.navigation.TargetActivity (has extras)} from uid 10172
11-16 09:56:34.910: D/android.hardware.power@1.3-service.crosshatch-libperfmgr(777): LAUNCH ON
11-16 09:56:34.910: E/FA(17223): AppMeasurementReceiver not registered/enabled
11-16 09:56:34.912: E/FA(17223): AppMeasurementService not registered/enabled
11-16 09:56:34.912: E/FA(17223): Uploading is not possible. App measurement disabled
11-16 09:56:34.912: D/LifecycleMonitor(16882): Lifecycle status change: androidx.navigation.ActivityNavigatorActivity@755f22b in: PAUSED
11-16 09:56:34.927: W/ActivityThread(16882): handleWindowVisibility: no activity for token android.os.BinderProxy@1447ba3
11-16 09:56:34.932: D/LifecycleMonitor(16882): Lifecycle status change: androidx.navigation.TargetActivity@e78da59 in: PRE_ON_CREATE
11-16 09:56:34.945: D/LifecycleMonitor(16882): Lifecycle status change: androidx.navigation.TargetActivity@e78da59 in: CREATED
11-16 09:56:34.946: D/LifecycleMonitor(16882): Lifecycle status change: androidx.navigation.TargetActivity@e78da59 in: STARTED
11-16 09:56:34.947: I/earchbox:searc(10098): The ClassLoaderContext is a special shared library.
11-16 09:56:34.949: D/LifecycleMonitor(16882): Lifecycle status change: androidx.navigation.TargetActivity@e78da59 in: RESUMED
11-16 09:56:34.950: I/earchbox:searc(10098): The ClassLoaderContext is a special shared library.
11-16 09:56:34.952: I/earchbox:searc(10098): The ClassLoaderContext is a special shared library.
11-16 09:56:34.972: I/Adreno(1167): QUALCOMM build                   : 3f88ca2, I42f6fe38fb
11-16 09:56:34.972: I/Adreno(1167): Build Date                       : 07/13/18
11-16 09:56:34.972: I/Adreno(1167): OpenGL ES Shader Compiler Version: EV031.24.00.00
11-16 09:56:34.972: I/Adreno(1167): Local Branch                     : 50.04
11-16 09:56:34.972: I/Adreno(1167): Remote Branch                    : 
11-16 09:56:34.972: I/Adreno(1167): Remote Branch                    : 
11-16 09:56:34.972: I/Adreno(1167): Reconstruct Branch               : 
11-16 09:56:34.972: I/Adreno(1167): Build Config                     : S P 4.0.10 AArch64
11-16 09:56:34.974: D/LifecycleMonitor(16882): Lifecycle status change: androidx.navigation.TargetActivity@e78da59 in: PAUSED
11-16 09:56:34.974: E/libc(1167): Access denied finding property "vendor.debug.prerotation.disable"
11-16 09:56:34.975: E/libc(1167): Access denied finding property "vendor.debug.prerotation.disable"
11-16 09:56:34.975: I/Adreno(1167): PFP: 0x016ee170, ME: 0x00000000
11-16 09:56:34.975: E/libc(1167): Access denied finding property "vendor.debug.prerotation.disable"
11-16 09:56:34.976: I/ConfigStore(1167): android::hardware::configstore::V1_0::ISurfaceFlingerConfigs::hasWideColorDisplay retrieved: 1
11-16 09:56:34.976: I/ConfigStore(1167): android::hardware::configstore::V1_0::ISurfaceFlingerConfigs::hasHDRDisplay retrieved: 1
11-16 09:56:34.976: I/OpenGLRenderer(1167): Initialized EGL, version 1.4
11-16 09:56:34.976: D/OpenGLRenderer(1167): Swap behavior 2
11-16 09:56:34.980: E/ExecutionCriteria(10898): Package unavailable for task: com.google.android.apps.gcs/com.google.android.flib.phenotype.services.PhenotypeExperimentCommitService{u=0 tag="PhenotypeExpCommitSvc" trigger=window{start=0s,end=30s,earliest=-500s,latest=-470s} requirements=[NET_ANY] attributes=[PERSISTED] scheduled=-500s last_run=N/A exec_window_multiplier=1.0000 jid=N/A status=PENDING retries=0 client_lib=MANCHEGO_GCM-11732000} [CONTEXT service_id=218 ]
11-16 09:56:34.987: V/NativeCrypto(10098): Registering com/google/android/gms/org/conscrypt/NativeCrypto's 294 native methods...
11-16 09:56:35.013: I/BackdropActivity(15838): onResume()
11-16 09:56:35.015: I/ActivityManager(1167): Activity requesting to dismiss Keyguard: ActivityRecord{7a62c71 u0 com.google.android.apps.mtaas.backdrop/.BackdropActivity t4}
11-16 09:56:35.015: I/NetworkScheduler.Stats(10898): Task com.google.android.gms/com.google.android.gms.ipa.base.IpaGcmTaskService started execution. cause:9 exec_start_elapsed_seconds: 596 [CONTEXT service_id=218 ]
11-16 09:56:35.020: D/LifecycleMonitor(16882): Lifecycle status change: androidx.navigation.TargetActivity@e78da59 in: STOPPED
11-16 09:56:35.021: D/LifecycleMonitor(16882): Lifecycle status change: androidx.navigation.TargetActivity@e78da59 in: DESTROYED
11-16 09:56:35.021: I/NetworkScheduler.Stats(10898): Task com.google.android.gms/com.google.android.gms.ipa.base.IpaGcmTaskService finished executing. cause:9 result: 1 elapsed_millis: 25 uptime_millis: 25 exec_start_elapsed_seconds: 596 [CONTEXT service_id=218 ]
11-16 09:56:35.027: I/TestRunner(16882): finished: navigateSingleTop(androidx.navigation.ActivityNavigatorTest)
11-16 09:56:35.028: D/NetworkSecurityConfig(10098): Using Network Security Config from resource network_security_config debugBuild: false
11-16 09:56:35.030: I/MonitoringInstr(16882): Activities that are still in CREATED to STOPPED: 1
11-16 09:56:35.030: I/MonitoringInstr(16882): Unstopped activity count: 1
11-16 09:56:35.034: I/ProviderInstaller(10098): Installed default security provider GmsCore_OpenSSL
11-16 09:56:35.060: I/GoogleInputMethod(3609): onFinishInput() : Dummy InputConnection bound
11-16 09:56:35.061: I/GoogleInputMethod(3609): onStartInput() : Dummy InputConnection bound
11-16 09:56:35.061: D/android.hardware.power@1.3-service.crosshatch-libperfmgr(777): LAUNCH OFF
11-16 09:56:35.073: E/ExecutionCriteria(10898): Package unavailable for task: com.google.android.apps.gcs/com.google.android.flib.phenotype.services.PhenotypeExperimentCommitService{u=0 tag="PhenotypeExpCommitSvc" trigger=window{start=0s,end=30s,earliest=-500s,latest=-470s} requirements=[NET_ANY] attributes=[PERSISTED] scheduled=-500s last_run=N/A exec_window_multiplier=1.0000 jid=N/A status=PENDING retries=0 client_lib=MANCHEGO_GCM-11732000} [CONTEXT service_id=218 ]
11-16 09:56:35.081: I/MonitoringInstr(16882): Unstopped activity count: 1
11-16 09:56:35.083: I/system_server(1167): NativeAlloc concurrent copying GC freed 87697(4MB) AllocSpace objects, 37(1716KB) LOS objects, 42% free, 17MB/30MB, paused 100us total 191.690ms
11-16 09:56:35.084: D/LifecycleMonitor(16882): Lifecycle status change: androidx.navigation.ActivityNavigatorActivity@755f22b in: STOPPED
11-16 09:56:35.085: D/LifecycleMonitor(16882): Lifecycle status change: androidx.navigation.ActivityNavigatorActivity@755f22b in: DESTROYED
11-16 09:56:35.091: W/SurfaceFlinger(643): Attempting to destroy on removed layer: AppWindowToken{4e7a1d5 token=Token{656068c ActivityRecord{796bfbf u0 androidx.navigation.test/androidx.navigation.ActivityNavigatorActivity t11}}}#0
11-16 09:56:35.115: I/BgTaskExecutorImpl(10098): Starting NONEXCLUSIVE background task ZIP_DOWNLOAD_PROCESSOR.
11-16 09:56:35.131: I/TestRunner(16882): started: navigateFromNonActivityContext(androidx.navigation.ActivityNavigatorTest)
11-16 09:56:35.134: W/ActivityTestRule(16882): getActivityIntent() returned null using default: Intent(Intent.ACTION_MAIN)
11-16 09:56:35.140: I/ActivityManager(1167): START u0 {act=android.intent.action.MAIN flg=0x10000000 cmp=androidx.navigation.test/androidx.navigation.ActivityNavigatorActivity} from uid 10172
11-16 09:56:35.144: D/android.hardware.power@1.3-service.crosshatch-libperfmgr(777): LAUNCH ON
11-16 09:56:35.151: W/ActivityThread(16882): handleWindowVisibility: no activity for token android.os.BinderProxy@1690164
11-16 09:56:35.161: D/LifecycleMonitor(16882): Lifecycle status change: androidx.navigation.ActivityNavigatorActivity@c0bd082 in: PRE_ON_CREATE
11-16 09:56:35.171: D/LifecycleMonitor(16882): Lifecycle status change: androidx.navigation.ActivityNavigatorActivity@c0bd082 in: CREATED
11-16 09:56:35.173: D/LifecycleMonitor(16882): Lifecycle status change: androidx.navigation.ActivityNavigatorActivity@c0bd082 in: STARTED
11-16 09:56:35.181: D/LifecycleMonitor(16882): Lifecycle status change: androidx.navigation.ActivityNavigatorActivity@c0bd082 in: RESUMED
11-16 09:56:35.187: I/WindowManager(1167): Queue is too deep! Purged item with taskid=4
11-16 09:56:35.214: I/GoogleInputMethod(3609): onFinishInput() : Dummy InputConnection bound
11-16 09:56:35.215: I/GoogleInputMethod(3609): onStartInput() : Dummy InputConnection bound
11-16 09:56:35.216: I/akhr(10898): Scheduling adaptive one off task with window [14400, 604800] in seconds [CONTEXT service_id=51 ]
11-16 09:56:35.218: E/ModelDnldProcssHelpr(10098): pending download info for pending_hotword_model_download_info is null
11-16 09:56:35.218: E/ModelDnldProcssHelpr(10098): pending download info for pending_xgoogle_hotword_model_download_info is null
11-16 09:56:35.220: I/ThreadRunner(10098): setContextAndRunner
11-16 09:56:35.226: E/DownloadManagerWrapper(10098): Can't find downloadId=83
11-16 09:56:35.227: I/ActivityManager(1167): Displayed androidx.navigation.test/androidx.navigation.ActivityNavigatorActivity: +85ms
11-16 09:56:35.239: W/LanguagePackUpdateContr(10098): Querying download manager failed for ID : 83
11-16 09:56:35.242: W/SearchServiceCore(10098): Abort, client detached.
11-16 09:56:35.243: D/android.hardware.power@1.3-service.crosshatch-libperfmgr(777): LAUNCH OFF
11-16 09:56:35.245: W/SurfaceFlinger(643): Attempting to set client state on removed layer: Splash Screen androidx.navigation.test#0
11-16 09:56:35.245: W/SurfaceFlinger(643): Attempting to destroy on removed layer: Splash Screen androidx.navigation.test#0
11-16 09:56:35.246: I/ActivityManager(1167): START u0 {flg=0x10000000 cmp=androidx.navigation.test/androidx.navigation.TargetActivity (has extras)} from uid 10172
11-16 09:56:35.247: D/android.hardware.power@1.3-service.crosshatch-libperfmgr(777): LAUNCH ON
11-16 09:56:35.249: D/LifecycleMonitor(16882): Lifecycle status change: androidx.navigation.ActivityNavigatorActivity@c0bd082 in: PAUSED
11-16 09:56:35.257: W/ActivityThread(16882): handleWindowVisibility: no activity for token android.os.BinderProxy@37eedda
11-16 09:56:35.259: D/LifecycleMonitor(16882): Lifecycle status change: androidx.navigation.TargetActivity@5f4c8e8 in: PRE_ON_CREATE
11-16 09:56:35.263: I/NetworkScheduler.Stats(10898): Task com.google.android.gms/com.google.android.gms.phenotype.service.sync.PhenotypeConfigurator finished executing. cause:5 result: 1 elapsed_millis: 1564 uptime_millis: 1564 exec_start_elapsed_seconds: 595 [CONTEXT service_id=218 ]
11-16 09:56:35.269: D/LifecycleMonitor(16882): Lifecycle status change: androidx.navigation.TargetActivity@5f4c8e8 in: CREATED
11-16 09:56:35.270: D/LifecycleMonitor(16882): Lifecycle status change: androidx.navigation.TargetActivity@5f4c8e8 in: STARTED
11-16 09:56:35.271: E/ExecutionCriteria(10898): Package unavailable for task: com.google.android.apps.gcs/com.google.android.flib.phenotype.services.PhenotypeExperimentCommitService{u=0 tag="PhenotypeExpCommitSvc" trigger=window{start=0s,end=30s,earliest=-500s,latest=-470s} requirements=[NET_ANY] attributes=[PERSISTED] scheduled=-500s last_run=N/A exec_window_multiplier=1.0000 jid=N/A status=PENDING retries=0 client_lib=MANCHEGO_GCM-11732000} [CONTEXT service_id=218 ]
11-16 09:56:35.272: D/LifecycleMonitor(16882): Lifecycle status change: androidx.navigation.TargetActivity@5f4c8e8 in: RESUMED
11-16 09:56:35.298: D/LifecycleMonitor(16882): Lifecycle status change: androidx.navigation.TargetActivity@5f4c8e8 in: PAUSED
11-16 09:56:35.324: I/BackdropActivity(15838): onResume()
11-16 09:56:35.325: I/ActivityManager(1167): Activity requesting to dismiss Keyguard: ActivityRecord{7a62c71 u0 com.google.android.apps.mtaas.backdrop/.BackdropActivity t4}
11-16 09:56:35.331: D/LifecycleMonitor(16882): Lifecycle status change: androidx.navigation.TargetActivity@5f4c8e8 in: STOPPED
11-16 09:56:35.332: D/LifecycleMonitor(16882): Lifecycle status change: androidx.navigation.TargetActivity@5f4c8e8 in: DESTROYED
11-16 09:56:35.336: I/TestRunner(16882): finished: navigateFromNonActivityContext(androidx.navigation.ActivityNavigatorTest)
11-16 09:56:35.338: I/MonitoringInstr(16882): Activities that are still in CREATED to STOPPED: 1
11-16 09:56:35.338: I/MonitoringInstr(16882): Unstopped activity count: 1
11-16 09:56:35.344: I/GoogleInputMethod(3609): onFinishInput() : Dummy InputConnection bound
11-16 09:56:35.345: I/GoogleInputMethod(3609): onStartInput() : Dummy InputConnection bound
11-16 09:56:35.359: D/android.hardware.power@1.3-service.crosshatch-libperfmgr(777): LAUNCH OFF
11-16 09:56:35.367: I/WindowManager(1167): Queue is too deep! Purged item with taskid=11
