11-16 09:56:22.510: D/CHRE(778): @ 596.380: Parsed nanoapp message from host: app ID 0x476f6f676c00100b, endpoint 0x0, msgType 0, payload size 10
11-16 09:56:22.510: I/CHRE(778): @ 596.381: [NanoMinion] received MSG Type 0x70, Version 1, 6 bytes
11-16 09:56:22.510: I/CHRE(778): @ 596.381: [AR_CHRE] request.flush
11-16 09:56:22.510: I/CHRE(778): @ 596.381: [AR_CHRE] send to host, reason=3, sampleSize=19, transitionSize=0, lastAccelTime = 250199, lastAudioTime = 0 
11-16 09:56:22.510: I/CHRE(778): @ 596.381: [NanoMinion] sent MSG Type 0x72, Version 0, 306 bytes, MessageId 12
11-16 09:56:22.510: V/ContextHubClientManager(1167): Received NanoAppMessage[type = 1025, length = 314 bytes, broadcast, nanoapp = 0x476f6f676c00100b](data = 0xC1000136 00007200 08A88D0C 1A0C0800 ...)
11-16 09:56:22.510: D/ContextHubService(1167): Sending message 1025 version 0 from hubHandle 0, appInstance 0, callBackCount 2
11-16 09:56:22.513: D/sound_trigger_hw(749): get_confidence_levels_payload: No smlib for uuid, sending opaque data
11-16 09:56:22.513: D/sound_trigger_hw(749): start:[1] gcs start VA engine, enable 1 token 3
11-16 09:56:22.513: D/sound_trigger_hw(749): start:[1] calling gcs_enable with handle 1, non-persist cal 0xedaf2028, sz 24
11-16 09:56:22.513: D/ACDB-LOADER(749): ACDB -> ACDB_WDSP_CMD_GET_SUBGRAPH_MODULE_CALIBRATION_SIZE
11-16 09:56:22.513: D/ACDB-LOADER(749): ACDB -> ACDB_WDSP_CMD_GET_SUBGRAPH_MODULE_CALIBRATION
11-16 09:56:22.513: D/ACDB-LOADER(749): ACDB -> ACDB_WDSP_CMD_GET_SUBGRAPH_MODULE_CALIBRATION_SIZE
11-16 09:56:22.513: D/ACDB-LOADER(749): ACDB -> ACDB_WDSP_CMD_GET_SUBGRAPH_MODULE_CALIBRATION
11-16 09:56:22.513: D/ACDB-LOADER(749): ACDB -> ACDB_WDSP_CMD_GET_SUBGRAPH_MODULE_CONNECTION_SIZE
11-16 09:56:22.513: D/ACDB-LOADER(749): [ 11-16 09:56:22.513   749: 3586 E/         ]
11-16 09:56:22.513: D/ACDB-LOADER(749): gcs_get_sg_mod_conn_and_update_pld: subgraph mod conn size 0. Exiting
11-16 09:56:22.513: D/ACDB-LOADER(749): ACDB -> ACDB_WDSP_CMD_GET_SUBGRAPH_MODULE_CONNECTION_SIZE
11-16 09:56:22.513: D/ACDB-LOADER(749): ACDB -> ACDB_WDSP_CMD_GET_SUBGRAPH_MODULE_CONNECTION
11-16 09:56:22.513: D/ACDB-LOADER(749): ACDB -> ACDB_WDSP_CMD_GET_SUBGRAPH_CONNECTIONS_SIZE
11-16 09:56:22.513: D/ACDB-LOADER(749): ACDB -> ACDB_WDSP_CMD_GET_SUBGRAPHS_CONNECTION
11-16 09:56:22.513: D/ACDB-LOADER(749): ACDB -> ACDB_WDSP_CMD_GET_SUBGRAPH_CONNECTIONS_SIZE
11-16 09:56:22.513: D/ACDB-LOADER(749): [ 11-16 09:56:22.513   749: 3586 E/         ]
11-16 09:56:22.513: D/ACDB-LOADER(749): __gcs_get_sg_conn_and_update_pld: subgraph conn size 0. Exiting
11-16 09:56:22.513: D/ACDB-LOADER(749): [ 11-16 09:56:22.513   749: 3586 D/         ]
11-16 09:56:22.513: D/ACDB-LOADER(749): pktzr_send_cmd: opcode = 0x3, size = 452, token = 8
11-16 09:56:22.519: I/app_process(15814): The ClassLoaderContext is a special shared library.
11-16 09:56:22.519: I/app_process(15814): [ 11-16 09:56:22.525   749: 1134 D/         ]
11-16 09:56:22.519: I/app_process(15814): ipc_resp_thread: opcode: 0x2, payload_size: 4, resp_buf size: 16
11-16 09:56:22.519: I/app_process(15814): [ 11-16 09:56:22.525   749: 1134 D/         ]
11-16 09:56:22.519: I/app_process(15814): pktzr_resp_cb: opcode = 0x2 size = 4 token = 8
11-16 09:56:22.519: I/app_process(15814): [ 11-16 09:56:22.525   749: 1134 D/         ]
11-16 09:56:22.519: I/app_process(15814): pktzr_resp_cb: token 8 matched
11-16 09:56:22.525: D/sound_trigger_hw(749): reg_hal_event_session: ST_EVENT_SESSION_REGISTER capture_handle 62 p_ses 0xef6f4780
11-16 09:56:22.525: D/sound_trigger_hw(749): session[1]: loaded_state_fn ---> active_state_fn 
11-16 09:56:22.525: D/sound_trigger_hw(749): stdev_start_recognition:[1] Exit
11-16 09:56:22.525: I/SoundTriggerHelper(1167): startRecognition successful.
11-16 09:56:22.525: I/GsaVoiceInteractionSrv(4099): Start Hotword Recognition Status: true
11-16 09:56:22.542: D/AndroidRuntime(15814): Calling main entry com.android.commands.input.Input
11-16 09:56:22.543: I/Input(15814): injectKeyEvent: KeyEvent { action=ACTION_DOWN, keyCode=KEYCODE_HOME, scanCode=0, metaState=0, flags=0x0, repeatCount=0, eventTime=584417, downTime=584417, deviceId=-1, source=0x101 }
11-16 09:56:22.545: I/Input(15814): injectKeyEvent: KeyEvent { action=ACTION_UP, keyCode=KEYCODE_HOME, scanCode=0, metaState=0, flags=0x0, repeatCount=0, eventTime=584417, downTime=584417, deviceId=-1, source=0x101 }
11-16 09:56:22.547: V/StatusBar(3621): mStatusBarWindow: com.android.systemui.statusbar.phone.StatusBarWindowView{8e7bbe V.ED..... ........ 0,0-1080,66} canPanelBeCollapsed(): false
11-16 09:56:22.547: I/ActivityManager(1167): START u0 {act=android.intent.action.MAIN cat=[android.intent.category.HOME] flg=0x10200000 cmp=com.google.android.apps.nexuslauncher/.NexusLauncherActivity (has extras)} from uid 1000
11-16 09:56:22.547: I/vol.Events(3621): writeEvent dismiss_dialog volume_controller
11-16 09:56:22.550: D/AndroidRuntime(15814): Shutting down VM
11-16 09:56:22.561: I/GoogleInputMethod(3609): onFinishInput() : Dummy InputConnection bound
11-16 09:56:22.562: I/GoogleInputMethod(3609): onStartInput() : Dummy InputConnection bound
11-16 09:56:22.666: I/ActivityManager(1167): START u0 {flg=0x10000000 cmp=com.google.android.apps.mtaas.backdrop/.BackdropActivity} from uid 2000
11-16 09:56:22.678: D/android.hardware.power@1.3-service.crosshatch-libperfmgr(777): LAUNCH ON
11-16 09:56:22.696: I/ActivityManager(1167): Start proc 15838:com.google.android.apps.mtaas.backdrop/u0a163 for activity com.google.android.apps.mtaas.backdrop/.BackdropActivity
11-16 09:56:22.702: E/.mtaas.backdro(15838): Not starting debugger since process cannot load the jdwp agent.
11-16 09:56:22.752: I/MultiDex(15838): VM with version 2.1.0 has multidex support
11-16 09:56:22.752: I/MultiDex(15838): install
11-16 09:56:22.752: I/MultiDex(15838): VM has multidex support, MultiDex support library is disabled.
11-16 09:56:22.755: E/libc(15838): Access denied finding property "vendor.debug.egl.profiler"
11-16 09:56:22.751: W/com.google.android.apps.mtaas.backdrop(15838): type=1400 audit(0.0:214): avc: denied { read } for comm=45474C20496E6974 name="u:object_r:vendor_default_prop:s0" dev="tmpfs" ino=20794 scontext=u:r:untrusted_app:s0:c163,c256,c512,c768 tcontext=u:object_r:vendor_default_prop:s0 tclass=file permissive=0
11-16 09:56:22.776: I/BackdropActivity(15838): onCreate()
11-16 09:56:22.783: W/.android.chrom(15781): JIT profile information will not be recorded: profile file does not exits.
11-16 09:56:22.790: I/ActivityManager(1167): Activity requesting to dismiss Keyguard: ActivityRecord{7a62c71 u0 com.google.android.apps.mtaas.backdrop/.BackdropActivity t4}
11-16 09:56:22.791: D/sound_trigger_hw(749): stdev_stop_recognition:[1] Enter
11-16 09:56:22.791: D/sound_trigger_hw(749): active_state_fn:[1] handle event id 7
11-16 09:56:22.791: D/sound_trigger_hw(749): active_state_fn:[1] unhandled event
11-16 09:56:22.791: D/sound_trigger_hw(749): active_state_fn:[1] handle event id 4
11-16 09:56:22.791: D/sound_trigger_hw(749): dereg_hal_event_session: ST_EVENT_SESSION_DEREGISTER capture_handle 62 p_ses 0xef6f4780
11-16 09:56:22.791: D/sound_trigger_hw(749): stop:[1] gcs stop VA engine, size=24
11-16 09:56:22.791: D/sound_trigger_hw(749): [ 11-16 09:56:22.791   749: 3586 D/         ]
11-16 09:56:22.791: D/sound_trigger_hw(749): pktzr_send_cmd: opcode = 0x5, size = 24, token = 9
11-16 09:56:22.791: D/sound_trigger_hw(749): [ 11-16 09:56:22.795   749: 1134 D/         ]
11-16 09:56:22.791: D/sound_trigger_hw(749): ipc_resp_thread: opcode: 0x2, payload_size: 4, resp_buf size: 16
11-16 09:56:22.791: D/sound_trigger_hw(749): [ 11-16 09:56:22.795   749: 1134 D/         ]
11-16 09:56:22.791: D/sound_trigger_hw(749): pktzr_resp_cb: opcode = 0x2 size = 4 token = 9
11-16 09:56:22.791: D/sound_trigger_hw(749): [ 11-16 09:56:22.795   749: 1134 D/         ]
11-16 09:56:22.791: D/sound_trigger_hw(749): pktzr_resp_cb: token 9 matched
11-16 09:56:22.795: D/sound_trigger_hw(749): stop:[1] calling gcs_disable with handle 1
11-16 09:56:22.795: D/sound_trigger_hw(749): [ 11-16 09:56:22.795   749: 3586 E/         ]
11-16 09:56:22.795: D/sound_trigger_hw(749): __gcs_disable_update_pld: sgt_array[i] = 0x1
11-16 09:56:22.795: D/sound_trigger_hw(749): [ 11-16 09:56:22.795   749: 3586 E/         ]
11-16 09:56:22.795: D/sound_trigger_hw(749): __gcs_disable_update_pld: sgt_array[i] = 0x2
11-16 09:56:22.795: D/sound_trigger_hw(749): [ 11-16 09:56:22.795   749: 3586 D/         ]
11-16 09:56:22.795: D/sound_trigger_hw(749): pktzr_send_cmd: opcode = 0x4, size = 80, token = 10
11-16 09:56:22.795: D/sound_trigger_hw(749): [ 11-16 09:56:22.802   749: 1134 D/         ]
11-16 09:56:22.795: D/sound_trigger_hw(749): ipc_resp_thread: opcode: 0x2, payload_size: 4, resp_buf size: 16
11-16 09:56:22.795: D/sound_trigger_hw(749): [ 11-16 09:56:22.802   749: 1134 D/         ]
11-16 09:56:22.795: D/sound_trigger_hw(749): pktzr_resp_cb: opcode = 0x2 size = 4 token = 10
11-16 09:56:22.795: D/sound_trigger_hw(749): [ 11-16 09:56:22.802   749: 1134 D/         ]
11-16 09:56:22.795: D/sound_trigger_hw(749): pktzr_resp_cb: token 10 matched
11-16 09:56:22.802: D/sound_trigger_hw(749): set_device: disable device (1) = listen-cpe-handset-mic
11-16 09:56:22.804: D/sound_trigger_hw(749): session[1]: active_state_fn ---> loaded_state_fn 
11-16 09:56:22.804: D/sound_trigger_hw(749): stdev_stop_recognition:[1] Exit status 0
11-16 09:56:22.805: I/GsaVoiceInteractionSrv(4099): Stop Hotword Recognition status: true
11-16 09:56:22.815: I/FontLog(10898): Received query Google Sans, URI content://com.google.android.gms.fonts [CONTEXT service_id=132 ]
11-16 09:56:22.816: I/FontLog(10898): Query [Google Sans] resolved to {Google Sans, wdth 100.0, wght 400, ital 0.0, bestEffort false} [CONTEXT service_id=132 ]
11-16 09:56:22.819: I/FontLog(10898): Font PFD returned from cache for {Google Sans, wdth 100.0, wght 400, ital 0.0, bestEffort false} [CONTEXT service_id=132 ]
11-16 09:56:22.819: I/FontLog(10898): Fetch {Google Sans, wdth 100.0, wght 400, ital 0.0, bestEffort false} end status Status{statusCode=SUCCESS, resolution=null} [CONTEXT service_id=132 ]
11-16 09:56:22.829: I/FontLog(10898): Pulling font file for id = 5, cache size = 5 [CONTEXT service_id=132 ]
11-16 09:56:22.848: I/BackdropActivity(15838): android_id: 4352904132923959904
11-16 09:56:22.853: I/BackdropActivity(15838): onResume()
11-16 09:56:22.854: I/ActivityManager(1167): Activity requesting to dismiss Keyguard: ActivityRecord{7a62c71 u0 com.google.android.apps.mtaas.backdrop/.BackdropActivity t4}
11-16 09:56:22.859: D/OpenGLRenderer(15838): Skia GL Pipeline
11-16 09:56:22.868: I/ActivityManager(1167): Killing 14099:com.google.android.configupdater/u0a29 (adj 906): empty #17
11-16 09:56:22.869: W/libprocessgroup(1167): kill(-14099, 9) failed: No such process
11-16 09:56:22.870: I/FTLNetworkMonitor(15838): NetworkMonitoringService was created
11-16 09:56:22.880: I/ActivityManager(1167): Start proc 15861:android.process.acore/u0a42 for broadcast com.android.providers.contacts/.LocaleChangeReceiver
11-16 09:56:22.880: I/Adreno(15838): QUALCOMM build                   : 3f88ca2, I42f6fe38fb
11-16 09:56:22.880: I/Adreno(15838): Build Date                       : 07/13/18
11-16 09:56:22.880: I/Adreno(15838): OpenGL ES Shader Compiler Version: EV031.24.00.00
11-16 09:56:22.880: I/Adreno(15838): Local Branch                     : 50.04
11-16 09:56:22.880: I/Adreno(15838): Remote Branch                    : 
11-16 09:56:22.880: I/Adreno(15838): Remote Branch                    : 
11-16 09:56:22.880: I/Adreno(15838): Reconstruct Branch               : 
11-16 09:56:22.880: I/Adreno(15838): Build Config                     : S P 4.0.10 AArch64
11-16 09:56:22.881: W/libprocessgroup(1167): kill(-14099, 9) failed: No such process
11-16 09:56:22.882: E/d.process.acor(15861): Not starting debugger since process cannot load the jdwp agent.
11-16 09:56:22.883: E/libc(15838): Access denied finding property "ro.vendor.graphics.memory"
11-16 09:56:22.881: W/RenderThread(15838): type=1400 audit(0.0:215): avc: denied { read } for name="u:object_r:vendor_default_prop:s0" dev="tmpfs" ino=20794 scontext=u:r:untrusted_app:s0:c163,c256,c512,c768 tcontext=u:object_r:vendor_default_prop:s0 tclass=file permissive=0
11-16 09:56:22.883: I/Zygote(733): Process 14099 exited due to signal (9)
11-16 09:56:22.884: I/Adreno(15838): PFP: 0x016ee170, ME: 0x00000000
11-16 09:56:22.889: I/ConfigStore(15838): android::hardware::configstore::V1_0::ISurfaceFlingerConfigs::hasWideColorDisplay retrieved: 1
11-16 09:56:22.890: I/ConfigStore(15838): android::hardware::configstore::V1_0::ISurfaceFlingerConfigs::hasHDRDisplay retrieved: 1
11-16 09:56:22.890: I/OpenGLRenderer(15838): Initialized EGL, version 1.4
11-16 09:56:22.890: D/OpenGLRenderer(15838): Swap behavior 2
11-16 09:56:22.898: I/FTLNetworkMonitor(15838): Network Info: [type: WIFI[], state: CONNECTED/CONNECTED, reason: (unspecified), extra: (none), failover: false, available: true, roaming: false]
11-16 09:56:22.898: I/FTLNetworkMonitor(15838): Network Info: [type: WIFI[], state: CONNECTED/CONNECTED, reason: (unspecified), extra: (none), failover: false, available: true, roaming: false]
11-16 09:56:22.908: E/libc(15838): Access denied finding property "vendor.gralloc.enable_ahardware_buffer"
11-16 09:56:22.904: W/RenderThread(15838): type=1400 audit(0.0:216): avc: denied { read } for name="u:object_r:vendor_default_prop:s0" dev="tmpfs" ino=20794 scontext=u:r:untrusted_app:s0:c163,c256,c512,c768 tcontext=u:object_r:vendor_default_prop:s0 tclass=file permissive=0
11-16 09:56:22.911: W/System(15838): A resource failed to call close. 
11-16 09:56:22.925: W/libprocessgroup(1167): kill(-14099, 9) failed: No such process
11-16 09:56:22.925: I/libprocessgroup(1167): Successfully killed process cgroup uid 10029 pid 14099 in 56ms
11-16 09:56:22.928: I/ContactsPerf(15861): VoicemailContentProvider.onCreate start
11-16 09:56:22.930: I/ContactsPerf(15861): VoicemailContentProvider.onCreate finish
11-16 09:56:22.939: D/ContactsDatabaseHelper(15861): WAL enabled for contacts2.db: true
11-16 09:56:22.951: I/GoogleInputMethod(3609): onFinishInput() : Dummy InputConnection bound
11-16 09:56:22.952: I/GoogleInputMethod(3609): onStartInput() : Dummy InputConnection bound
11-16 09:56:22.953: D/android.hardware.power@1.3-service.crosshatch-libperfmgr(777): LAUNCH OFF
11-16 09:56:22.953: I/ActivityManager(1167): Displayed com.google.android.apps.mtaas.backdrop/.BackdropActivity: +279ms
11-16 09:56:22.956: W/SurfaceFlinger(643): Attempting to set client state on removed layer: Splash Screen com.google.android.apps.mtaas.backdrop#0
11-16 09:56:22.956: W/SurfaceFlinger(643): Attempting to destroy on removed layer: Splash Screen com.google.android.apps.mtaas.backdrop#0
11-16 09:56:22.959: I/ContactLocale(15861): AddressBook Labels [[en]]: [, A, B, C, D, E, F, G, H, I, J, K, L, M, N, O, P, Q, R, S, T, U, V, W, X, Y, Z, , , , , , , , , , , , , , , , , , , , , , , , , , , , , , , , , , , , , , , , , , , , , , , , , , , , , , , , , , , , , , , , , , , , , , , , , , , , , , , , , , , , , , , , , , , , , , , , , , , , , , , , , , , , , , , , , , , , , , , , , , , , , , , , , , , , , , , , , , , , , , , , , , , , , , , , , , , , , , , , , , , , , , , , , , , , , , , , , , , , , , , , , , , #, ]
11-16 09:56:22.968: I/ActivityManager(1167): Killing 11493:com.google.android.gms:car/u0a7 (adj 906): empty #17
11-16 09:56:22.968: D/ContactsDatabaseHelper(15861): WAL enabled for profile.db: false
11-16 09:56:22.968: W/libprocessgroup(1167): kill(-11493, 9) failed: No such process
11-16 09:56:22.988: I/ActivityManager(1167): Start proc 15887:com.android.sdm.plugins.sprintdm/1001 for broadcast com.android.sdm.plugins.sprintdm/.SprintDMReceiver
11-16 09:56:22.990: I/Zygote(733): Process 11493 exited due to signal (9)
11-16 09:56:22.995: E/lugins.sprintd(15887): Not starting debugger since process cannot load the jdwp agent.
11-16 09:56:23.003: I/ContactDirectoryManager(15861): Directory provider packages have changed.
11-16 09:56:23.009: W/libprocessgroup(1167): kill(-11493, 9) failed: No such process
11-16 09:56:23.009: I/libprocessgroup(1167): Successfully killed process cgroup uid 10007 pid 11493 in 41ms
11-16 09:56:23.011: I/lugins.sprintd(15887): The ClassLoaderContext is a special shared library.
11-16 09:56:23.020: I/ActivityManager(1167): Start proc 15902:com.google.android.gm/u0a100 for content provider com.google.android.gm/com.android.exchange.provider.ExchangeDirectoryProvider
11-16 09:56:23.011: I/lugins.sprintd(15887): The ClassLoaderContext is a special shared library.
11-16 09:56:23.027: D/SprintDMReceiver(15887): Received intent: android.intent.action.LOCALE_CHANGED
11-16 09:56:23.031: D/SprintDMHelper(15887): simOperator: 
11-16 09:56:23.031: D/SprintDMHelper(15887): Not Sprint UICC, don't do anything.
11-16 09:56:23.032: E/ogle.android.g(15902): Not starting debugger since process cannot load the jdwp agent.
11-16 09:56:23.033: I/ActivityManager(1167): Killing 14829:com.google.android.wfcactivation/u0a54 (adj 906): empty #17
11-16 09:56:23.034: W/libprocessgroup(1167): kill(-14829, 9) failed: No such process
11-16 09:56:23.053: I/Zygote(733): Process 14829 exited due to signal (9)
11-16 09:56:23.067: W/libprocessgroup(1167): kill(-14829, 9) failed: No such process
11-16 09:56:23.067: I/libprocessgroup(1167): Successfully killed process cgroup uid 10054 pid 14829 in 32ms
11-16 09:56:23.083: I/ogle.android.g(15902): The ClassLoaderContext is a special shared library.
11-16 09:56:23.090: I/ActivityManager(1167): Killing 7386:com.google.android.apps.messaging/u0a111 (adj 906): empty #17
11-16 09:56:23.091: W/libprocessgroup(1167): kill(-7386, 9) failed: No such process
11-16 09:56:23.101: I/ActivityManager(1167): Start proc 15922:com.android.vending:instant_app_installer/u0a14 for broadcast com.android.vending/com.google.android.finsky.instantapps.InstantAppsConfigChangeListener
11-16 09:56:23.097: W/libprocessgroup(1167): kill(-7386, 9) failed: No such process
11-16 09:56:23.103: I/PBSessionCacheImpl(10098): Deleted sessionId[841004573299] from persistence.
11-16 09:56:23.103: E/t_app_installe(15922): Not starting debugger since process cannot load the jdwp agent.
11-16 09:56:23.125: I/t_app_installe(15922): The ClassLoaderContext is a special shared library.
11-16 09:56:23.142: W/libprocessgroup(1167): kill(-7386, 9) failed: No such process
11-16 09:56:23.144: D/BoundBrokerSvc(10898): onUnbind: Intent { act=com.google.android.gms.phenotype.service.START pkg=com.google.android.gms }
11-16 09:56:23.145: I/Zygote(733): Process 7386 exited due to signal (9)
11-16 09:56:23.150: W/libprocessgroup(1167): kill(-7386, 9) failed: No such process
11-16 09:56:23.150: I/libprocessgroup(1167): Successfully killed process cgroup uid 10111 pid 7386 in 59ms
11-16 09:56:23.151: I/Finsky:instant_app_inst(15922): [2] gft.ay(5): Process created at version: 22.4.28-16 [0] [PR] 338099147
11-16 09:56:23.160: V/SettingsProvider(1167): Notifying for 0: content://settings/system/accelerometer_rotation
11-16 09:56:23.186: W/SearchServiceCore(10098): Abort, client detached.
11-16 09:56:23.203: I/ActivityManager(1167): Killing 15556:com.android.connectivity.metrics/u0a57 (adj 906): empty #17
11-16 09:56:23.204: W/libprocessgroup(1167): kill(-15556, 9) failed: No such process
11-16 09:56:23.216: I/ActivityManager(1167): Start proc 15958:com.google.android.apps.docs/u0a128 for broadcast com.google.android.apps.docs/.notification.common.NotificationChannelReceiver
11-16 09:56:23.223: I/Finsky(12822): [2] abxn.f(7): SCH: Cancelling existing jobscheduler jobs: 9006 9002 9001 9004 
11-16 09:56:23.223: I/Finsky(12822): [2] abxn.c(4): SCH: Scheduling immediate wakeup job with id: 9000
11-16 09:56:23.224: E/droid.apps.doc(15958): Not starting debugger since process cannot load the jdwp agent.
11-16 09:56:23.228: I/Finsky(12822): [2] acbc.onStartJob(3): SCH: onJobSchedulerWakeup with jobId 9000
11-16 09:56:23.229: I/Finsky(12822): [2] abwh.a(9): SCH: Scheduling fallback job with id: 9034, and delay: 43200000 ms
11-16 09:56:23.237: I/Zygote(733): Process 15556 exited due to signal (9)
11-16 09:56:23.240: I/Finsky(12822): [2] abwh.b(9): SCH: Scheduling fallback in 64799990 (absolute: 65385104)
11-16 09:56:23.242: V/SettingsProvider(1167): Notifying for 0: content://settings/system/user_rotation
11-16 09:56:23.246: I/droid.apps.doc(15958): The ClassLoaderContext is a special shared library.
11-16 09:56:23.249: W/libprocessgroup(1167): kill(-15556, 9) failed: No such process
11-16 09:56:23.249: I/libprocessgroup(1167): Successfully killed process cgroup uid 10057 pid 15556 in 45ms
11-16 09:56:23.251: I/Finsky(12822): [2] abwq.handleMessage(8): SCH: DeviceState: DeviceState{currentTime=1637085383249, isCharging=true, isIdle=false, netAny=true, netNotRoaming=true, netUnmetered=true, batteryPercent=99.0}
11-16 09:56:23.259: I/Finsky(12822): [254] abzb.b(5): SCH: Jobs in database: 1-1337 3-1 12-1 24-77777777 26-1414141414 31-305419896 37-0 
11-16 09:56:23.318: I/Finsky(12822): [2] abwr.b(10): SCH: Running job: 37-0
11-16 09:56:23.321: I/Finsky(12822): [2] LanguageSplitInstallEventJob.d(5): Clear bulk acquire cache.
11-16 09:56:23.322: I/Finsky(12822): [2] ajki.a(1): Checking for new language splits.
11-16 09:56:23.322: I/Finsky(12822): [2] ajki.a(2): Updating language store, changed to [en]
11-16 09:56:23.323: I/Finsky(12822): [2] alsm.b(5): Clearing cache.
11-16 09:56:23.329: D/Volley(12822): [147] alsu.e: Cache cleared.
11-16 09:56:23.330: I/Finsky(12822): [138] hzi.h(3): Commerce cache was cleared.
11-16 09:56:23.339: D/Volley(12822): [193] alsu.e: Cache cleared.
11-16 09:56:23.340: I/Finsky(12822): [263] ajjw.a(14): Existing languages: []
11-16 09:56:23.344: D/Volley(12822): [2] alst.e: Cache cleared.
11-16 09:56:23.360: I/Finsky(12822): [2] abwq.handleMessage(68): SCH: RunningQueue size: 1, PendingQueue size: 0
11-16 09:56:23.360: I/Finsky(12822): [2] abwr.p(3): SCH: Running queue: 37-0 
11-16 09:56:23.361: I/Finsky(12822): [263] ajjz.a(24): Language change to [en], of which [en] are new, removed [].
11-16 09:56:23.361: I/Finsky(12822): [263] ajkf.a(16): Language store updated - wasNewLanguageAdded=true
11-16 09:56:23.362: I/Finsky(12822): [138] ajia.run(13): Checking for language splits...
11-16 09:56:23.484: W/Finsky(12822): [138] fjv.c(22): For unauth, use getDfeApiNonAuthenticated() instead!
11-16 09:56:23.484: I/Finsky(12822): [138] fjv.f(2): getDfeApiOrNonauthenticated is returning unauth api
11-16 09:56:23.711: I/Finsky(12822): [150] lth.l(1): Account name null when calculating account hash
11-16 09:56:23.949: I/ing.testsuppor(15526): Waiting for a blocking GC ProfileSaver
11-16 09:56:23.962: I/GAv4(15958): Google Analytics 18.8.27 is starting up. To enable debug logging on a device run:
11-16 09:56:23.962: I/GAv4(15958):   adb shell setprop log.tag.GAv4 DEBUG
11-16 09:56:23.962: I/GAv4(15958):   adb logcat -s GAv4
11-16 09:56:23.962: I/ing.testsuppor(15526): WaitForGcToComplete blocked ProfileSaver on AddRemoveAppImageSpace for 13.604ms
11-16 09:56:23.985: W/GAv4(15958): CampaignTrackingReceiver is not registered, not exported or is disabled. Installation campaign tracking is not possible. See http://goo.gl/8Rd3yj for instructions.
11-16 09:56:23.991: I/Finsky(12822): [2] ajih.kw(11): BulkDetails response obtained.
11-16 09:56:23.992: I/Finsky(12822): [2] ajja.a(21): No new splits to download.
11-16 09:56:23.993: I/Finsky(12822): [2] ajkh.run(138): Skipping check for new language splits in self-update.
11-16 09:56:23.994: I/Finsky(12822): [2] abya.n(4): SCH: jobFinished: 37-0. TimeElapsed: 675ms.
11-16 09:56:23.997: I/Finsky(12822): [2] abwr.e(4): SCH: Job 37-0 finished. Not rescheduling.
11-16 09:56:23.998: I/Finsky(12822): [2] abwq.handleMessage(68): SCH: RunningQueue size: 0, PendingQueue size: 0
11-16 09:56:23.998: I/Finsky(12822): [2] abwq.handleMessage(26): SCH: Executor finished
11-16 09:56:24.005: I/Finsky(12822): [2] abzb.b(5): SCH: Jobs in database: 1-1337 3-1 12-1 24-77777777 26-1414141414 31-305419896 
11-16 09:56:24.011: I/Finsky(12822): [2] abxn.d(37): SCH: ConstraintMapping: 24-77777777,  -> L: 0ms, D: 82447729ms, C: false, I: true, N: 0
11-16 09:56:24.012: I/Finsky(12822): [2] abxn.d(37): SCH: ConstraintMapping: 1-1337, 12-1, 31-305419896,  -> L: 8913ms, D: 51258005ms, C: false, I: false, N: 1
11-16 09:56:24.012: I/Finsky(12822): [2] abxn.d(37): SCH: ConstraintMapping: 3-1,  -> L: 0ms, D: 86053396ms, C: true, I: true, N: 2
11-16 09:56:24.013: I/Finsky(12822): [2] abxn.d(37): SCH: ConstraintMapping: 26-1414141414,  -> L: 42669450ms, D: 43569450ms, C: false, I: false, N: 0
11-16 09:56:24.015: I/Finsky(12822): [2] abxn.f(7): SCH: Cancelling existing jobscheduler jobs: 
11-16 09:56:24.015: I/Finsky(12822): [2] abxn.e(8): SCH: Throttling wakeup for job 9001 (expected to run in 0 ms) due to recent wakeup
11-16 09:56:24.016: I/Finsky(12822): [2] abxn.e(23): SCH: Scheduling job Id: 9001, L: 30000, D: 82447729, C: false, I: true, N: 0
11-16 09:56:24.018: W/PrimesInit(15958): Primes instant initialization
11-16 09:56:24.018: W/Primes(15958): background initialization
11-16 09:56:24.018: I/Finsky(12822): [2] abxn.e(8): SCH: Throttling wakeup for job 9002 (expected to run in 8913 ms) due to recent wakeup
11-16 09:56:24.019: I/Finsky(12822): [2] abxn.e(23): SCH: Scheduling job Id: 9002, L: 30000, D: 51258005, C: false, I: false, N: 1
11-16 09:56:24.020: I/Finsky(12822): [2] abxn.e(8): SCH: Throttling wakeup for job 9003 (expected to run in 0 ms) due to recent wakeup
11-16 09:56:24.021: I/Finsky(12822): [2] abxn.e(23): SCH: Scheduling job Id: 9003, L: 30000, D: 86053396, C: true, I: true, N: 2
11-16 09:56:24.022: I/Finsky(12822): [2] abxn.e(23): SCH: Scheduling job Id: 9004, L: 42669450, D: 43569450, C: false, I: false, N: 0
11-16 09:56:24.065: W/FieldDefinition(15958): [main] Ignoring isIndexed constraint as field also has uniqueness constraint (on just this field, and therefore SQLite will have to create an index on that. For field: cxk$b@2c5e040
11-16 09:56:24.065: W/FieldDefinition(15958): [ 11-16 09:56:24.173   865: 1299 E/         ]
11-16 09:56:24.065: W/FieldDefinition(15958): Couldn't opendir /data/app/vmdl1901372526.tmp: No such file or directory
11-16 09:56:24.173: E/installd(865): Failed to delete /data/app/vmdl1901372526.tmp: No such file or directory
11-16 09:56:24.180: D/ImsResolver(3755): maybeAddedImsService, packageName: dev.androidx.ci.emptyapp
11-16 09:56:24.182: I/Finsky(12822): [2] yeh.d(13): PackageMonitorReceiverImpl - Received: android.intent.action.PACKAGE_ADDED, [EoF1oDWmz7ltTwAYqC40Qzd9iSBp2xrh_kkvq80SvGg]
11-16 09:56:24.182: I/Finsky(12822): [2] yfi.g(1): Invalidating cached PackageState for dev.androidx.ci.emptyapp
11-16 09:56:24.184: W/BroadcastQueue(1167): Background execution not allowed: receiving Intent { act=android.intent.action.PACKAGE_ADDED dat=package:dev.androidx.ci.emptyapp flg=0x4000010 (has extras) } to com.android.musicfx/.Compatibility$Receiver
11-16 09:56:24.184: W/BroadcastQueue(1167): Background execution not allowed: receiving Intent { act=android.intent.action.PACKAGE_ADDED dat=package:dev.androidx.ci.emptyapp flg=0x4000010 (has extras) } to com.android.vending/com.google.android.finsky.packagemanager.impl.PackageMonitorReceiverImpl$RegisteredReceiver
11-16 09:56:24.184: I/InputReader(1167): Reconfiguring input devices.  changes=0x00000010
11-16 09:56:24.184: I/CarrierServices(10069): [2] RcsAutoStartReceiver.b: carrierServicesJibeServiceEnabled changed from true to true
11-16 09:56:24.184: W/BroadcastQueue(1167): Background execution not allowed: receiving Intent { act=android.intent.action.PACKAGE_ADDED dat=package:dev.androidx.ci.emptyapp flg=0x4000010 (has extras) } to com.google.android.gms/.games.chimera.GamesSystemBroadcastReceiverProxy
11-16 09:56:24.184: W/BroadcastQueue(1167): Background execution not allowed: receiving Intent { act=android.intent.action.PACKAGE_ADDED dat=package:dev.androidx.ci.emptyapp flg=0x4000010 (has extras) } to com.google.android.gms/.gass.chimera.PackageChangeBroadcastReceiver
11-16 09:56:24.184: W/BroadcastQueue(1167): Background execution not allowed: receiving Intent { act=android.intent.action.PACKAGE_ADDED dat=package:dev.androidx.ci.emptyapp flg=0x4000010 (has extras) } to com.google.android.gms/.chimera.GmsIntentOperationService$PersistentTrustedReceiver
11-16 09:56:24.184: W/BroadcastQueue(1167): Background execution not allowed: receiving Intent { act=android.intent.action.PACKAGE_ADDED dat=package:dev.androidx.ci.emptyapp flg=0x4000010 (has extras) } to com.google.android.googlequicksearchbox/com.google.android.apps.gsa.googlequicksearchbox.GelStubAppWatcher
11-16 09:56:24.184: W/BroadcastQueue(1167): Background execution not allowed: receiving Intent { act=android.intent.action.PACKAGE_ADDED dat=package:dev.androidx.ci.emptyapp flg=0x4000010 (has extras) } to com.google.android.ims/.receivers.RcsAutoStartReceiver
11-16 09:56:24.185: I/CarrierServices(10069): [2] RcsAutoStartReceiver.b: enableRcs changed from true to true
11-16 09:56:24.186: I/CarrierServices(10069): [2] RcsAutoStartReceiver.b: RcsAutoStartReceiver triggered. Fetching RCS State. Action: android.intent.action.PACKAGE_ADDED
11-16 09:56:24.186: I/Telecom(1167): DefaultDialerCache: Refreshing default dialer for user 0: now com.google.android.dialer: DDC.oR@AJY
11-16 09:56:24.186: I/Finsky(12822): [2] owk.d(2): Frosting ID looked up on UI thread. Caller should move to a background thread.
11-16 09:56:24.189: I/Finsky(12822): [253] ovx.run(16): Wrote row to frosting DB: 212
11-16 09:56:24.202: I/CarrierServices(10069): [2] aws.a: Migration binding to RcsMigrationService
11-16 09:56:24.205: I/Finsky(12822): [2] amas.a(3): Do not start WearSupportService due to Wear service optimization
11-16 09:56:24.207: V/BackupManagerConstants(1167): getFullBackupIntervalMilliseconds(...) returns 86400000
11-16 09:56:24.206: I/Finsky(12822): [2] amas.a(3): Do not start WearSupportService due to Wear service optimization
11-16 09:56:24.209: I/Finsky(12822): [254] jnw.a(15): [ContentSync] finished, scheduled=false
11-16 09:56:24.211: I/Finsky(12822): [2] aeak.a(8): Clearing split related stale data.
11-16 09:56:24.212: I/Finsky(12822): [255] gxq.a(12): Asset module storage cleared for package dev.androidx.ci.emptyapp.
11-16 09:56:24.216: I/ActivityManager(1167): Start proc 16032:com.google.android.apps.messaging/u0a111 for service com.google.android.apps.messaging/.rcsmigration.RcsMigrationService
11-16 09:56:24.217: I/Finsky(12822): [2] owk.d(2): Frosting ID looked up on UI thread. Caller should move to a background thread.
11-16 09:56:24.220: E/PhoneInterfaceManager(3755): [PhoneIntfMgr] getCarrierPackageNamesForIntent: No UICC
11-16 09:56:24.220: D/CarrierSvcBindHelper(3755): No carrier app for: 0
11-16 09:56:24.223: E/VvmPkgInstalledRcvr(3755): cannot create TelephonyManager from ComponentInfo{com.android.phone/com.android.services.telephony.TelephonyConnectionService}, ***, UserHandle{0}
11-16 09:56:24.223: D/CarrierConfigLoader(3755): mHandler: 9 phoneId: 0
11-16 09:56:24.226: D/RegisteredNfcFServicesCache(4127): Service unchanged, not updating
11-16 09:56:24.226: E/.apps.messagin(16032): Not starting debugger since process cannot load the jdwp agent.
11-16 09:56:24.226: I/Finsky(12822): [253] ovx.run(16): Wrote row to frosting DB: 213
11-16 09:56:24.242: I/tidevice.clien(15574): Waiting for a blocking GC ProfileSaver
11-16 09:56:24.245: W/GCM(10898): Unexpected forwarded intent: Intent { act=android.intent.action.PACKAGE_ADDED dat=package:dev.androidx.ci.emptyapp flg=0x4000010 pkg=com.google.android.gms cmp=com.google.android.gms/.chimera.PersistentIntentOperationService (has extras) }
11-16 09:56:24.247: I/Auth(13206): [SupervisedAccountIntentOperation] onHandleIntent(): android.intent.action.PACKAGE_ADDED
11-16 09:56:24.248: W/GCM(10898): Unexpected forwarded intent: Intent { act=android.intent.action.PACKAGE_ADDED dat=package:dev.androidx.ci.emptyapp flg=0x4000010 pkg=com.google.android.gms cmp=com.google.android.gms/.chimera.PersistentIntentOperationService (has extras) }
11-16 09:56:24.249: I/BlockstoreStorage(13206): Clearing Blockstore Data for package dev.androidx.ci.emptyapp [CONTEXT service_id=258 ]
11-16 09:56:24.249: I/BlockstoreStorage(13206): No metadata found. Skipping deletion. [CONTEXT service_id=258 ]
11-16 09:56:24.253: D/BoundBrokerSvc(13206): onBind: Intent { act=com.google.android.gms.common.BIND_SHARED_PREFS pkg=com.google.android.gms }
11-16 09:56:24.253: D/BoundBrokerSvc(13206): Loading bound service for intent: Intent { act=com.google.android.gms.common.BIND_SHARED_PREFS pkg=com.google.android.gms }
11-16 09:56:24.253: I/.apps.messagin(16032): The ClassLoaderContext is a special shared library.
11-16 09:56:24.255: I/FontLog(10898): Package dev.androidx.ci.emptyapp has no metadata [CONTEXT service_id=132 ]
11-16 09:56:24.260: I/tidevice.clien(15574): WaitForGcToComplete blocked ProfileSaver on HeapTrim for 17.790ms
11-16 09:56:24.269: I/system_server(1167): Background concurrent copying GC freed 182517(11MB) AllocSpace objects, 165(3MB) LOS objects, 42% free, 18MB/32MB, paused 51us total 135.604ms
11-16 09:56:24.275: D/BoundBrokerSvc(13206): onUnbind: Intent { act=com.google.android.gms.common.BIND_SHARED_PREFS pkg=com.google.android.gms }
11-16 09:56:24.297: W/ChimeraUtils(10898): Module com.google.android.gms.nearby_en has empty metadata display_name_string_id
11-16 09:56:24.320: W/PackageParser(1167): Unknown element under <manifest>: queries at /data/app/vmdl1756620663.tmp/base.apk Binary XML file line #33
11-16 09:56:24.316: I/chatty(10898): uid=10007(com.google.android.gms) highpool[3] identical 1 line
11-16 09:56:24.316: W/ChimeraUtils(10898): Module com.google.android.gms.nearby_en has empty metadata display_name_string_id
11-16 09:56:24.320: W/ComponentDiscovery(15958): Application info not found.
11-16 09:56:24.320: W/ComponentDiscovery(15958): Could not retrieve metadata, returning empty list of registrars.
11-16 09:56:24.383: I/Icing(13206): Indexing com.google.android.gms-apps from com.google.android.gms
11-16 09:56:24.383: I/Icing(13206): [ 11-16 09:56:24.414   865: 1299 E/         ]
11-16 09:56:24.383: I/Icing(13206): Couldn't opendir /data/app/vmdl1756620663.tmp: No such file or directory
11-16 09:56:24.414: E/installd(865): Failed to delete /data/app/vmdl1756620663.tmp: No such file or directory
11-16 09:56:24.415: I/Icing(13206): Indexing done com.google.android.gms-apps
11-16 09:56:24.443: I/ActivityManager(1167): Killing 15574:com.google.android.apps.multidevice.client/u0a72 (adj 906): empty #17
11-16 09:56:24.443: W/libprocessgroup(1167): kill(-15574, 9) failed: No such process
11-16 09:56:24.453: I/Finsky(12822): [2] yeh.d(13): PackageMonitorReceiverImpl - Received: android.intent.action.PACKAGE_ADDED, [AZxClQoU8vKgz3N56bi9MXznget4sMO_SiNvEVcR0lU]
11-16 09:56:24.453: I/Finsky(12822): [2] yfi.g(1): Invalidating cached PackageState for androidx.navigation.test
11-16 09:56:24.455: W/BroadcastQueue(1167): Background execution not allowed: receiving Intent { act=android.intent.action.PACKAGE_ADDED dat=package:androidx.navigation.test flg=0x4000010 (has extras) } to com.android.musicfx/.Compatibility$Receiver
11-16 09:56:24.455: I/Telecom(1167): DefaultDialerCache: Refreshing default dialer for user 0: now com.google.android.dialer: DDC.oR@AJo
11-16 09:56:24.460: W/libprocessgroup(1167): kill(-15574, 9) failed: No such process
11-16 09:56:24.464: I/Zygote(733): Process 15574 exited due to signal (9)
11-16 09:56:24.464: I/Finsky(12822): [253] ovx.run(16): Wrote row to frosting DB: 214
11-16 09:56:24.464: W/system_server(1167): Unknown chunk type '200'.
11-16 09:56:24.469: E/droid.apps.map(16066): Not starting debugger since process cannot load the jdwp agent.
11-16 09:56:24.470: W/BroadcastQueue(1167): Background execution not allowed: receiving Intent { act=android.intent.action.PACKAGE_ADDED dat=package:androidx.navigation.test flg=0x4000010 (has extras) } to com.android.vending/com.google.android.finsky.packagemanager.impl.PackageMonitorReceiverImpl$RegisteredReceiver
11-16 09:56:24.472: I/Finsky(12822): [2] owk.d(2): Frosting ID looked up on UI thread. Caller should move to a background thread.
11-16 09:56:24.474: I/CarrierServices(10069): [2] RcsAutoStartReceiver.b: carrierServicesJibeServiceEnabled changed from true to true
11-16 09:56:24.476: I/ActivityManager(1167): Start proc 16066:com.google.android.apps.maps/u0a102 for broadcast com.google.android.apps.maps/com.google.android.apps.gmm.notification.channels.NotificationChannelBroadcastReceiver
11-16 09:56:24.476: I/CarrierServices(10069): [2] RcsAutoStartReceiver.b: enableRcs changed from true to true
11-16 09:56:24.476: W/BroadcastQueue(1167): Background execution not allowed: receiving Intent { act=android.intent.action.PACKAGE_ADDED dat=package:androidx.navigation.test flg=0x4000010 (has extras) } to com.google.android.gms/.games.chimera.GamesSystemBroadcastReceiverProxy
11-16 09:56:24.477: I/CarrierServices(10069): [2] RcsAutoStartReceiver.b: RcsAutoStartReceiver triggered. Fetching RCS State. Action: android.intent.action.PACKAGE_ADDED
11-16 09:56:24.477: W/BroadcastQueue(1167): Background execution not allowed: receiving Intent { act=android.intent.action.PACKAGE_ADDED dat=package:androidx.navigation.test flg=0x4000010 (has extras) } to com.google.android.gms/.gass.chimera.PackageChangeBroadcastReceiver
11-16 09:56:24.477: W/BroadcastQueue(1167): Background execution not allowed: receiving Intent { act=android.intent.action.PACKAGE_ADDED dat=package:androidx.navigation.test flg=0x4000010 (has extras) } to com.google.android.gms/.chimera.GmsIntentOperationService$PersistentTrustedReceiver
11-16 09:56:24.477: W/BroadcastQueue(1167): Background execution not allowed: receiving Intent { act=android.intent.action.PACKAGE_ADDED dat=package:androidx.navigation.test flg=0x4000010 (has extras) } to com.google.android.googlequicksearchbox/com.google.android.apps.gsa.googlequicksearchbox.GelStubAppWatcher
11-16 09:56:24.478: W/BroadcastQueue(1167): Background execution not allowed: receiving Intent { act=android.intent.action.PACKAGE_ADDED dat=package:androidx.navigation.test flg=0x4000010 (has extras) } to com.google.android.ims/.receivers.RcsAutoStartReceiver
11-16 09:56:24.479: V/BackupManagerConstants(1167): getFullBackupIntervalMilliseconds(...) returns 86400000
11-16 09:56:24.480: I/CarrierServices(10069): [2] aws.a: Migration binding to RcsMigrationService
11-16 09:56:24.494: I/Finsky(12822): [2] amas.a(3): Do not start WearSupportService due to Wear service optimization
11-16 09:56:24.495: I/Finsky(12822): [2] amas.a(3): Do not start WearSupportService due to Wear service optimization
11-16 09:56:24.495: D/RegisteredNfcFServicesCache(4127): Service unchanged, not updating
11-16 09:56:24.496: E/PhoneInterfaceManager(3755): [PhoneIntfMgr] getCarrierPackageNamesForIntent: No UICC
11-16 09:56:24.496: D/CarrierSvcBindHelper(3755): No carrier app for: 0
11-16 09:56:24.496: I/Finsky(12822): [2] aeak.a(8): Clearing split related stale data.
11-16 09:56:24.499: W/GCM(10898): Unexpected forwarded intent: Intent { act=android.intent.action.PACKAGE_ADDED dat=package:androidx.navigation.test flg=0x4000010 pkg=com.google.android.gms cmp=com.google.android.gms/.chimera.PersistentIntentOperationService (has extras) }
11-16 09:56:24.499: I/Finsky(12822): [2] owk.d(2): Frosting ID looked up on UI thread. Caller should move to a background thread.
11-16 09:56:24.500: W/GCM(10898): Unexpected forwarded intent: Intent { act=android.intent.action.PACKAGE_ADDED dat=package:androidx.navigation.test flg=0x4000010 pkg=com.google.android.gms cmp=com.google.android.gms/.chimera.PersistentIntentOperationService (has extras) }
11-16 09:56:24.504: I/FontLog(10898): Package androidx.navigation.test has no metadata [CONTEXT service_id=132 ]
11-16 09:56:24.504: E/VvmPkgInstalledRcvr(3755): cannot create TelephonyManager from ComponentInfo{com.android.phone/com.android.services.telephony.TelephonyConnectionService}, ***, UserHandle{0}
11-16 09:56:24.504: D/ImsResolver(3755): maybeAddedImsService, packageName: androidx.navigation.test
11-16 09:56:24.505: W/libprocessgroup(1167): kill(-15574, 9) failed: No such process
11-16 09:56:24.505: I/libprocessgroup(1167): Successfully killed process cgroup uid 10072 pid 15574 in 62ms
11-16 09:56:24.505: I/Auth(13206): [SupervisedAccountIntentOperation] onHandleIntent(): android.intent.action.PACKAGE_ADDED
11-16 09:56:24.506: D/CarrierConfigLoader(3755): mHandler: 9 phoneId: 0
11-16 09:56:24.506: I/Finsky(12822): [254] jnw.a(15): [ContentSync] finished, scheduled=false
11-16 09:56:24.507: I/Finsky(12822): [255] gxq.a(12): Asset module storage cleared for package androidx.navigation.test.
11-16 09:56:24.508: I/BlockstoreStorage(13206): Clearing Blockstore Data for package androidx.navigation.test [CONTEXT service_id=258 ]
11-16 09:56:24.509: I/droid.apps.map(16066): The ClassLoaderContext is a special shared library.
11-16 09:56:24.510: D/BoundBrokerSvc(13206): onBind: Intent { act=com.google.android.gms.common.BIND_SHARED_PREFS pkg=com.google.android.gms }
11-16 09:56:24.510: D/BoundBrokerSvc(13206): Loading bound service for intent: Intent { act=com.google.android.gms.common.BIND_SHARED_PREFS pkg=com.google.android.gms }
11-16 09:56:24.510: I/BlockstoreStorage(13206): No metadata found. Skipping deletion. [CONTEXT service_id=258 ]
11-16 09:56:24.516: I/system_server(1167): Explicit concurrent copying GC freed 57917(2MB) AllocSpace objects, 24(1120KB) LOS objects, 42% free, 18MB/31MB, paused 693us total 175.053ms
11-16 09:56:24.517: I/system_server(1167): WaitForGcToComplete blocked Background on HeapTrim for 103.501ms
11-16 09:56:24.517: I/InputReader(1167): Reconfiguring input devices.  changes=0x00000010
11-16 09:56:24.534: D/BoundBrokerSvc(13206): onUnbind: Intent { act=com.google.android.gms.common.BIND_SHARED_PREFS pkg=com.google.android.gms }
11-16 09:56:24.534: I/Finsky(12822): [253] ovx.run(16): Wrote row to frosting DB: 215
11-16 09:56:24.535: E/Backup(13206): [BackupTransportMigratorChimeraService] Could not migrate transport!
11-16 09:56:24.539: I/Backup(13206): [BackupTransportMigratorChimeraService] Starting migration...
11-16 09:56:24.566: W/ChimeraUtils(10898): Module com.google.android.gms.nearby_en has empty metadata display_name_string_id
11-16 09:56:24.576: I/Icing(13206): Indexing com.google.android.gms-apps from com.google.android.gms
11-16 09:56:24.577: I/Icing(13206): Indexing done com.google.android.gms-apps
11-16 09:56:24.580: W/ChimeraUtils(10898): Module com.google.android.gms.nearby_en has empty metadata display_name_string_id
11-16 09:56:24.581: W/ChimeraUtils(10898): Module com.google.android.gms.nearby_en has empty metadata display_name_string_id
11-16 09:56:24.626: E/akgg(10898): Phenotype API error. Event # btlq@134061a8, EventCode: 32 [CONTEXT service_id=51 ]
11-16 09:56:24.626: E/akgg(10898): akfs: 29503
11-16 09:56:24.626: E/akgg(10898): 	at akhi.e(:com.google.android.gms@213614028@21.36.14 (100400-395708125):19)
11-16 09:56:24.626: E/akgg(10898): 	at akgg.d(:com.google.android.gms@213614028@21.36.14 (100400-395708125):4)
11-16 09:56:24.626: E/akgg(10898): 	at akgg.f(:com.google.android.gms@213614028@21.36.14 (100400-395708125):2)
11-16 09:56:24.626: E/akgg(10898): 	at xna.run(:com.google.android.gms@213614028@21.36.14 (100400-395708125):17)
11-16 09:56:24.626: E/akgg(10898): 	at bfyg.run(:com.google.android.gms@213614028@21.36.14 (100400-395708125):2)
11-16 09:56:24.626: E/akgg(10898): 	at rgh.c(:com.google.android.gms@213614028@21.36.14 (100400-395708125):6)
11-16 09:56:24.626: E/akgg(10898): 	at rgh.run(:com.google.android.gms@213614028@21.36.14 (100400-395708125):7)
11-16 09:56:24.626: E/akgg(10898): 	at java.util.concurrent.ThreadPoolExecutor.runWorker(ThreadPoolExecutor.java:1167)
11-16 09:56:24.626: E/akgg(10898): 	at java.util.concurrent.ThreadPoolExecutor$Worker.run(ThreadPoolExecutor.java:641)
11-16 09:56:24.626: E/akgg(10898): 	at rkn.run(:com.google.android.gms@213614028@21.36.14 (100400-395708125):0)
11-16 09:56:24.626: E/akgg(10898): 	at java.lang.Thread.run(Thread.java:764)
11-16 09:56:24.627: E/AsyncOperation(10898): operation=SetAppSpecificPropertiesOperationCall, opStatusCode=29503 [CONTEXT service_id=51 ]
11-16 09:56:24.627: E/AsyncOperation(10898): OperationException[Status{statusCode=unknown status code: 29503, resolution=null}]
11-16 09:56:24.627: E/AsyncOperation(10898): 	at akgg.d(:com.google.android.gms@213614028@21.36.14 (100400-395708125):6)
11-16 09:56:24.627: E/AsyncOperation(10898): 	at akgg.f(:com.google.android.gms@213614028@21.36.14 (100400-395708125):2)
11-16 09:56:24.627: E/AsyncOperation(10898): 	at xna.run(:com.google.android.gms@213614028@21.36.14 (100400-395708125):17)
11-16 09:56:24.627: E/AsyncOperation(10898): 	at bfyg.run(:com.google.android.gms@213614028@21.36.14 (100400-395708125):2)
11-16 09:56:24.627: E/AsyncOperation(10898): 	at rgh.c(:com.google.android.gms@213614028@21.36.14 (100400-395708125):6)
11-16 09:56:24.627: E/AsyncOperation(10898): 	at rgh.run(:com.google.android.gms@213614028@21.36.14 (100400-395708125):7)
11-16 09:56:24.627: E/AsyncOperation(10898): 	at java.util.concurrent.ThreadPoolExecutor.runWorker(ThreadPoolExecutor.java:1167)
11-16 09:56:24.627: E/AsyncOperation(10898): 	at java.util.concurrent.ThreadPoolExecutor$Worker.run(ThreadPoolExecutor.java:641)
11-16 09:56:24.627: E/AsyncOperation(10898): 	at rkn.run(:com.google.android.gms@213614028@21.36.14 (100400-395708125):0)
11-16 09:56:24.627: E/AsyncOperation(10898): 	at java.lang.Thread.run(Thread.java:764)
11-16 09:56:24.659: I/id.partnersetu(15628): Waiting for a blocking GC ProfileSaver
11-16 09:56:24.669: I/id.partnersetu(15628): WaitForGcToComplete blocked ProfileSaver on HeapTrim for 10.532ms
11-16 09:56:24.808: D/AndroidRuntime(16108): >>>>>> START com.android.internal.os.RuntimeInit uid 2000 <<<<<<
11-16 09:56:24.859: I/app_process(16108): The ClassLoaderContext is a special shared library.
11-16 09:56:24.870: W/ComponentDiscovery(15902): Application info not found.
11-16 09:56:24.870: W/ComponentDiscovery(15902): Could not retrieve metadata, returning empty list of registrars.
11-16 09:56:24.880: I/PeopleGalProvider(13206): Gal directories started.
11-16 09:56:24.882: D/AndroidRuntime(16108): Calling main entry com.android.commands.am.Am
11-16 09:56:24.887: I/ActivityManager(1167): Force stopping com.google.android.apps.mtaas.tools appid=10156 user=0: start instr
11-16 09:56:24.892: I/PeopleGalProvider(13206): Method 1 completed.
11-16 09:56:24.892: I/PeopleGalProvider(13206): Method 1 finished successfully.
11-16 09:56:24.900: I/ActivityManager(1167): Start proc 16120:com.google.android.apps.mtaas.tools/u0a156 for added application com.google.android.apps.mtaas.tools
11-16 09:56:24.903: I/ContactDirectoryManager(15861): deleted 0 stale rows which don't have any relevant directory
11-16 09:56:24.904: I/ContactDirectoryManager(15861): Discovered 0 contact directories in 1901ms
11-16 09:56:24.906: I/ContactsProvider(15861): Locale has changed from [en_US] to [en]
11-16 09:56:24.907: I/ContactsDatabaseHelper(15861): Switching to locale [en] (ICU v60.2)
11-16 09:56:24.909: E/pps.mtaas.tool(16120): Not starting debugger since process cannot load the jdwp agent.
11-16 09:56:24.924: I/pps.mtaas.tool(16120): The ClassLoaderContext is a special shared library.
11-16 09:56:24.928: E/ExecutionCriteria(10898): Package unavailable for task: com.google.android.apps.gcs/com.google.android.flib.phenotype.services.PhenotypeExperimentCommitService{u=0 tag="PhenotypeExpCommitSvc" trigger=window{start=0s,end=30s,earliest=-489s,latest=-459s} requirements=[NET_ANY] attributes=[PERSISTED] scheduled=-489s last_run=N/A exec_window_multiplier=1.0000 jid=N/A status=PENDING retries=0 client_lib=MANCHEGO_GCM-11732000} [CONTEXT service_id=218 ]
11-16 09:56:24.942: D/DumpStaticPerfEnv(16120): Instrumentation completed successfully
11-16 09:56:24.944: W/Binder(1167): Outgoing transactions from this process must be FLAG_ONEWAY
11-16 09:56:24.944: W/Binder(1167): java.lang.Throwable
11-16 09:56:24.944: W/Binder(1167): 	at android.os.BinderProxy.transact(Binder.java:1116)
11-16 09:56:24.944: W/Binder(1167): 	at android.app.IInstrumentationWatcher$Stub$Proxy.instrumentationFinished(IInstrumentationWatcher.java:164)
11-16 09:56:24.944: W/Binder(1167): 	at com.android.server.am.InstrumentationReporter$MyThread.run(InstrumentationReporter.java:86)
11-16 09:56:24.944: I/ActivityManager(1167): Force stopping com.google.android.apps.mtaas.tools appid=10156 user=0: finished inst
11-16 09:56:24.944: I/ActivityManager(1167): Killing 16120:com.google.android.apps.mtaas.tools/u0a156 (adj 0): stop com.google.android.apps.mtaas.tools
11-16 09:56:24.945: W/libprocessgroup(1167): kill(-16120, 9) failed: No such process
11-16 09:56:24.946: D/AndroidRuntime(16108): Shutting down VM
11-16 09:56:24.955: I/Zygote(733): Process 16120 exited due to signal (9)
11-16 09:56:24.958: W/libprocessgroup(1167): kill(-16120, 9) failed: No such process
11-16 09:56:24.958: I/libprocessgroup(1167): Successfully killed process cgroup uid 10156 pid 16120 in 13ms
11-16 09:56:24.972: I/NetworkScheduler.Stats(10898): Task com.google.android.gms/com.google.android.gms.icing.proxy.IcingInternalCorporaUpdateService started execution. cause:9 exec_start_elapsed_seconds: 586 [CONTEXT service_id=218 ]
11-16 09:56:24.988: I/NetworkScheduler.Stats(10898): Task com.google.android.gms/com.google.android.gms.phenotype.service.sync.PhenotypeConfigurator started execution. cause:9 exec_start_elapsed_seconds: 586 [CONTEXT service_id=218 ]
11-16 09:56:25.001: I/ContactsDatabaseHelper(15861): Locale change completed in 94ms
11-16 09:56:25.004: W/GmsTaskScheduler(13206): com.google.android.gms.icing.service.IcingGcmTaskChimeraService is not available. This may cause the task to be lost.
