11-16 09:56:33.097: I/gle.android.gm(13206): Background concurrent copying GC freed 137784(6MB) AllocSpace objects, 61(2MB) LOS objects, 49% free, 11MB/23MB, paused 33us total 179.093ms
11-16 09:56:32.472: W/ActivityManager(1167): Background start not allowed: service Intent { cmp=com.google.android.apps.messaging/.shared.datamodel.action.execution.ActionExecutorImpl$EmptyService } to com.google.android.apps.messaging/.shared.datamodel.action.execution.ActionExecutorImpl$EmptyService from pid=16032 uid=10111 pkg=com.google.android.apps.messaging startFg?=false
11-16 09:56:33.100: I/ActivityManager(1167): START u0 {act=android.intent.action.MAIN flg=0x14000000 cmp=androidx.navigation.test/androidx.navigation.ActivityNavigatorActivity} from uid 10172
11-16 09:56:33.114: D/android.hardware.power@1.3-service.crosshatch-libperfmgr(777): LAUNCH ON
11-16 09:56:33.126: W/ActivityThread(16882): handleWindowVisibility: no activity for token android.os.BinderProxy@5ae9b3e
11-16 09:56:33.132: D/ConnectivityService(1167): requestNetwork for uid/pid:10080/16938 NetworkRequest [ TRACK_DEFAULT id=58, [ Capabilities: INTERNET&NOT_RESTRICTED&TRUSTED Unwanted:  Uid: 10080] ]
11-16 09:56:33.132: D/WIFI(1167): got request NetworkRequest [ TRACK_DEFAULT id=58, [ Capabilities: INTERNET&NOT_RESTRICTED&TRUSTED Unwanted:  Uid: 10080] ] with score 60
11-16 09:56:33.132: D/WIFI_UT(1167): got request NetworkRequest [ TRACK_DEFAULT id=58, [ Capabilities: INTERNET&NOT_RESTRICTED&TRUSTED Unwanted:  Uid: 10080] ] with score 60
11-16 09:56:33.133: D/WIFI_AWARE_FACTORY(1167): got request NetworkRequest [ TRACK_DEFAULT id=58, [ Capabilities: INTERNET&NOT_RESTRICTED&TRUSTED Unwanted:  Uid: 10080] ] with score 60
11-16 09:56:33.133: D/Ethernet(1167): got request NetworkRequest [ TRACK_DEFAULT id=58, [ Capabilities: INTERNET&NOT_RESTRICTED&TRUSTED Unwanted:  Uid: 10080] ] with score 60
11-16 09:56:33.133: D/PhoneSwitcherNetworkRequstListener(3755): got request NetworkRequest [ TRACK_DEFAULT id=58, [ Capabilities: INTERNET&NOT_RESTRICTED&TRUSTED Unwanted:  Uid: 10080] ] with score 60
11-16 09:56:33.131: W/androidx.navigation.test(16882): type=1400 audit(0.0:224): avc: denied { read } for comm=45474C20496E6974 name="u:object_r:vendor_default_prop:s0" dev="tmpfs" ino=20794 scontext=u:r:untrusted_app:s0:c172,c256,c512,c768 tcontext=u:object_r:vendor_default_prop:s0 tclass=file permissive=0
11-16 09:56:33.134: E/libc(16882): Access denied finding property "vendor.debug.egl.profiler"
11-16 09:56:33.138: I/ActivityManager(1167): Killing 14466:com.google.android.gms.ui/u0a7 (adj 906): empty #17
11-16 09:56:33.140: W/libprocessgroup(1167): kill(-14466, 9) failed: No such process
11-16 09:56:33.141: D/LifecycleMonitor(16882): Lifecycle status change: androidx.navigation.ActivityNavigatorActivity@2bf72b5 in: PRE_ON_CREATE
11-16 09:56:33.153: W/ActivityManager(1167): Background start not allowed: service Intent { cmp=com.google.android.apps.messaging/.shared.datamodel.action.execution.ActionExecutorImpl$EmptyService } to com.google.android.apps.messaging/.shared.datamodel.action.execution.ActionExecutorImpl$EmptyService from pid=16032 uid=10111 pkg=com.google.android.apps.messaging startFg?=false
11-16 09:56:33.157: I/ShortcutBadger(16032): Checking if platform supports badge counters, attempt 1/3.
11-16 09:56:33.162: D/OpenGLRenderer(16882): Skia GL Pipeline
11-16 09:56:33.164: I/ShortcutBadger(16032): Checking if platform supports badge counters, attempt 2/3.
11-16 09:56:33.166: I/ShortcutBadger(16032): Checking if platform supports badge counters, attempt 3/3.
11-16 09:56:33.168: W/SearchServiceCore(10098): Abort, client detached.
11-16 09:56:33.168: I/chatty(10098): uid=10047 com.google.android.googlequicksearchbox:search identical 4 lines
11-16 09:56:33.168: W/SearchServiceCore(10098): Abort, client detached.
11-16 09:56:33.168: W/ShortcutBadger(16032): Badge counter seems not supported in this platform: unable to resolve intent: Intent { act=android.intent.action.BADGE_COUNT_UPDATE (has extras) }
11-16 09:56:33.171: D/LifecycleMonitor(16882): Lifecycle status change: androidx.navigation.ActivityNavigatorActivity@2bf72b5 in: CREATED
11-16 09:56:33.173: I/Zygote(733): Process 14466 exited due to signal (9)
11-16 09:56:33.173: W/SearchServiceCore(10098): Abort, client detached.
11-16 09:56:33.173: I/chatty(10098): uid=10047 com.google.android.googlequicksearchbox:search identical 3 lines
11-16 09:56:33.173: W/SearchServiceCore(10098): Abort, client detached.
11-16 09:56:33.174: I/android.youtub(16938): Rejecting re-init on previously-failed class java.lang.Class<com.google.android.ads.tasks.appdigest.a>: java.lang.NoClassDefFoundError: Failed resolution of: Landroid/content/pm/PackageManager$OnChecksumsReadyListener;
11-16 09:56:33.174: I/android.youtub(16938):   at java.lang.Class dalvik.system.DexFile.defineClassNative(java.lang.String, java.lang.ClassLoader, java.lang.Object, dalvik.system.DexFile) (DexFile.java:-2)
11-16 09:56:33.174: I/android.youtub(16938):   at java.lang.Class dalvik.system.DexFile.defineClass(java.lang.String, java.lang.ClassLoader, java.lang.Object, dalvik.system.DexFile, java.util.List) (DexFile.java:283)
11-16 09:56:33.174: I/android.youtub(16938):   at java.lang.Class dalvik.system.DexFile.loadClassBinaryName(java.lang.String, java.lang.ClassLoader, java.util.List) (DexFile.java:276)
11-16 09:56:33.174: I/android.youtub(16938):   at java.lang.Class dalvik.system.DexPathList$Element.findClass(java.lang.String, java.lang.ClassLoader, java.util.List) (DexPathList.java:724)
11-16 09:56:33.174: I/android.youtub(16938):   at java.lang.Class dalvik.system.DexPathList.findClass(java.lang.String, java.util.List) (DexPathList.java:486)
11-16 09:56:33.174: I/android.youtub(16938):   at java.lang.Class dalvik.system.BaseDexClassLoader.findClass(java.lang.String) (BaseDexClassLoader.java:132)
11-16 09:56:33.174: I/android.youtub(16938):   at java.lang.Class bg.loadClass(java.lang.String, boolean) (:com.google.android.gms.dynamite_dynamiteloader@213614065@21.36.14 (100400-0):2)
11-16 09:56:33.174: I/android.youtub(16938):   at java.lang.Class java.lang.ClassLoader.loadClass(java.lang.String) (ClassLoader.java:312)
11-16 09:56:33.174: I/android.youtub(16938):   at java.util.List xu.r(yv, android.content.Context, bqi, com.google.ads.afma.g) (:com.google.android.gms.policy_ads_fdr_dynamite@213806100@213806100057.397311113.397311113:5)
11-16 09:56:33.174: I/android.youtub(16938):   at java.util.List xv.r(yv, android.content.Context, bqi, com.google.ads.afma.g) (:com.google.android.gms.policy_ads_fdr_dynamite@213806100@213806100057.397311113.397311113:4)
11-16 09:56:33.174: I/android.youtub(16938):   at void xu.s(yv, android.content.Context, bqi, com.google.ads.afma.g) (:com.google.android.gms.policy_ads_fdr_dynamite@213806100@213806100057.397311113.397311113:0)
11-16 09:56:33.174: I/android.youtub(16938):   at bqi xu.m(android.content.Context, com.google.ads.afma.g) (:com.google.android.gms.policy_ads_fdr_dynamite@213806100@213806100057.397311113.397311113:7)
11-16 09:56:33.174: I/android.youtub(16938):   at java.lang.String xp.r(android.content.Context, java.lang.String, int, android.view.View, android.app.Activity, byte[]) (:com.google.android.gms.policy_ads_fdr_dynamite@213806100@213806100057.397311113.397311113:8)
11-16 09:56:33.174: I/android.youtub(16938):   at java.lang.String xp.g(android.content.Context, byte[]) (:com.google.android.gms.policy_ads_fdr_dynamite@213806100@213806100057.397311113.397311113:2)
11-16 09:56:33.174: I/android.youtub(16938):   at java.lang.String com.google.android.gms.ads.adshield.internal.a.b(aqh, byte[]) (:com.google.android.gms.policy_ads_fdr_dynamite@213806100@213806100057.397311113.397311113:1)
11-16 09:56:33.174: I/android.youtub(16938):   at boolean com.google.android.gms.ads.adshield.internal.a.bJ(int, android.os.Parcel, android.os.Parcel) (:com.google.android.gms.policy_ads_fdr_dynamite@213806100@213806100057.397311113.397311113:54)
11-16 09:56:33.174: I/android.youtub(16938):   at boolean zg.onTransact(int, android.os.Parcel, android.os.Parcel, int) (:com.google.android.gms.policy_ads_fdr_dynamite@213806100@213806100057.397311113.397311113:4)
11-16 09:56:33.174: I/android.youtub(16938):   at boolean android.os.Binder.transact(int, android.os.Parcel, android.os.Parcel, int) (Binder.java:667)
11-16 09:56:33.174: I/android.youtub(16938):   at android.os.Parcel pcs.a(int, android.os.Parcel) (SourceFile:7)
11-16 09:56:33.174: I/android.youtub(16938):   at java.lang.String pkk.a(oms, byte[]) (SourceFile:40)
11-16 09:56:33.174: I/android.youtub(16938):   at java.lang.String nrc.a(android.content.Context, byte[]) (SourceFile:6)
11-16 09:56:33.174: I/android.youtub(16938):   at java.lang.String qis.a(android.content.Context, byte[]) (SourceFile:10)
11-16 09:56:33.174: I/android.youtub(16938):   at java.lang.String skv.a(qio, byte[]) (SourceFile:59)
11-16 09:56:33.174: I/android.youtub(16938):   at java.lang.String skv.g() (SourceFile:41)
11-16 09:56:33.174: I/android.youtub(16938):   at java.lang.String skv.b() (SourceFile:69)
11-16 09:56:33.174: I/android.youtub(16938):   at java.lang.String slq.i() (SourceFile:56)
11-16 09:56:33.174: I/android.youtub(16938):   at java.lang.String slq.b() (SourceFile:32)
11-16 09:56:33.174: I/android.youtub(16938):   at void slq.e() (SourceFile:37)
11-16 09:56:33.174: I/android.youtub(16938):   at void cmk.run() (SourceFile:7)
11-16 09:56:33.174: I/android.youtub(16938):   at java.lang.Object java.util.concurrent.Executors$RunnableAdapter.call() (Executors.java:458)
11-16 09:56:33.174: I/android.youtub(16938):   at void java.util.concurrent.FutureTask.run() (FutureTask.java:266)
11-16 09:56:33.174: I/android.youtub(16938):   at void java.util.concurrent.ScheduledThreadPoolExecutor$ScheduledFutureTask.run() (ScheduledThreadPoolExecutor.java:301)
11-16 09:56:33.174: I/android.youtub(16938):   at void java.util.concurrent.ThreadPoolExecutor.runWorker(java.util.concurrent.ThreadPoolExecutor$Worker) (ThreadPoolExecutor.java:1167)
11-16 09:56:33.174: I/android.youtub(16938):   at void java.util.concurrent.ThreadPoolExecutor$Worker.run() (ThreadPoolExecutor.java:641)
11-16 09:56:33.174: I/android.youtub(16938):   at void ubi.run() (SourceFile:20)
11-16 09:56:33.174: I/android.youtub(16938):   at void java.lang.Thread.run() (Thread.java:764)
11-16 09:56:33.174: I/android.youtub(16938): Caused by: java.lang.ClassNotFoundException: Didn't find class "android.content.pm.PackageManager$OnChecksumsReadyListener" on path: DexPathList[[zip file "/data/user_de/0/com.google.android.gms/app_chimera/m/00000011/dl-AdsFdrDynamite.integ_213806100100000.apk"],nativeLibraryDirectories=[/data/user_de/0/com.google.android.gms/app_chimera/m/00000011/dl-AdsFdrDynamite.integ_213806100100000.apk!/lib/arm64-v8a, /system/lib64]]
11-16 09:56:33.174: I/android.youtub(16938):   at java.lang.Class dalvik.system.BaseDexClassLoader.findClass(java.lang.String) (BaseDexClassLoader.java:134)
11-16 09:56:33.174: I/android.youtub(16938):   at java.lang.Class java.lang.ClassLoader.loadClass(java.lang.String, boolean) (ClassLoader.java:379)
11-16 09:56:33.174: I/android.youtub(16938):   at java.lang.Class bg.loadClass(java.lang.String, boolean) (:com.google.android.gms.dynamite_dynamiteloader@213614065@21.36.14 (100400-0):3)
11-16 09:56:33.174: I/android.youtub(16938):   at java.lang.Class java.lang.ClassLoader.loadClass(java.lang.String) (ClassLoader.java:312)
11-16 09:56:33.174: I/android.youtub(16938):   at java.lang.Class dalvik.system.DexFile.defineClassNative(java.lang.String, java.lang.ClassLoader, java.lang.Object, dalvik.system.DexFile) (DexFile.java:-2)
11-16 09:56:33.174: I/android.youtub(16938):   at java.lang.Class dalvik.system.DexFile.defineClass(java.lang.String, java.lang.ClassLoader, java.lang.Object, dalvik.system.DexFile, java.util.List) (DexFile.java:283)
11-16 09:56:33.174: I/android.youtub(16938):   at java.lang.Class dalvik.system.DexFile.loadClassBinaryName(java.lang.String, java.lang.ClassLoader, java.util.List) (DexFile.java:276)
11-16 09:56:33.175: I/android.youtub(16938):   at java.lang.Class dalvik.system.DexPathList$Element.findClass(java.lang.String, java.lang.ClassLoader, java.util.List) (DexPathList.java:724)
11-16 09:56:33.175: I/android.youtub(16938):   at java.lang.Class dalvik.system.DexPathList.findClass(java.lang.String, java.util.List) (DexPathList.java:486)
11-16 09:56:33.175: I/android.youtub(16938):   at java.lang.Class dalvik.system.BaseDexClassLoader.findClass(java.lang.String) (BaseDexClassLoader.java:132)
11-16 09:56:33.175: I/android.youtub(16938):   at java.lang.Class bg.loadClass(java.lang.String, boolean) (:com.google.android.gms.dynamite_dynamiteloader@213614065@21.36.14 (100400-0):2)
11-16 09:56:33.175: I/android.youtub(16938):   at java.lang.Class java.lang.ClassLoader.loadClass(java.lang.String) (ClassLoader.java:312)
11-16 09:56:33.175: I/android.youtub(16938):   at java.util.List xu.r(yv, android.content.Context, bqi, com.google.ads.afma.g) (:com.google.android.gms.policy_ads_fdr_dynamite@213806100@213806100057.397311113.397311113:5)
11-16 09:56:33.175: I/android.youtub(16938):   at java.util.List xv.r(yv, android.content.Context, bqi, com.google.ads.afma.g) (:com.google.android.gms.policy_ads_fdr_dynamite@213806100@213806100057.397311113.397311113:4)
11-16 09:56:33.175: I/android.youtub(16938):   at void xu.s(yv, android.content.Context, bqi, com.google.ads.afma.g) (:com.google.android.gms.policy_ads_fdr_dynamite@213806100@213806100057.397311113.397311113:0)
11-16 09:56:33.175: I/android.youtub(16938):   at bqi xu.m(android.content.Context, com.google.ads.afma.g) (:com.google.android.gms.policy_ads_fdr_dynamite@213806100@213806100057.397311113.397311113:7)
11-16 09:56:33.175: I/android.youtub(16938):   at java.lang.String xp.r(android.content.Context, java.lang.String, int, android.view.View, android.app.Activity, byte[]) (:com.google.android.gms.policy_ads_fdr_dynamite@213806100@213806100057.397311113.397311113:8)
11-16 09:56:33.175: I/android.youtub(16938):   at java.lang.String xp.g(android.content.Context, byte[]) (:com.google.android.gms.policy_ads_fdr_dynamite@213806100@213806100057.397311113.397311113:2)
11-16 09:56:33.175: I/android.youtub(16938):   at java.lang.String com.google.android.gms.ads.adshield.internal.a.b(aqh, byte[]) (:com.google.android.gms.policy_ads_fdr_dynamite@213806100@213806100057.397311113.397311113:1)
11-16 09:56:33.175: I/android.youtub(16938):   at boolean com.google.android.gms.ads.adshield.internal.a.bJ(int, android.os.Parcel, android.os.Parcel) (:com.google.android.gms.policy_ads_fdr_dynamite@213806100@213806100057.397311113.397311113:54)
11-16 09:56:33.175: I/android.youtub(16938):   at boolean zg.onTransact(int, android.os.Parcel, android.os.Parcel, int) (:com.google.android.gms.policy_ads_fdr_dynamite@213806100@213806100057.397311113.397311113:4)
11-16 09:56:33.175: I/android.youtub(16938):   at boolean android.os.Binder.transact(int, android.os.Parcel, android.os.Parcel, int) (Binder.java:667)
11-16 09:56:33.175: I/android.youtub(16938):   at android.os.Parcel pcs.a(int, android.os.Parcel) (SourceFile:7)
11-16 09:56:33.175: I/android.youtub(16938):   at java.lang.String pkk.a(oms, byte[]) (SourceFile:40)
11-16 09:56:33.175: I/android.youtub(16938):   at java.lang.String nrc.a(android.content.Context, byte[]) (SourceFile:6)
11-16 09:56:33.175: I/android.youtub(16938):   at java.lang.String qis.a(android.content.Context, byte[]) (SourceFile:10)
11-16 09:56:33.175: I/android.youtub(16938):   at java.lang.String skv.a(qio, byte[]) (SourceFile:59)
11-16 09:56:33.175: I/android.youtub(16938):   at java.lang.String skv.g() (SourceFile:41)
11-16 09:56:33.175: I/android.youtub(16938):   at java.lang.String skv.b() (SourceFile:69)
11-16 09:56:33.175: I/android.youtub(16938):   at java.lang.String slq.i() (SourceFile:56)
11-16 09:56:33.175: I/android.youtub(16938):   at java.lang.String slq.b() (SourceFile:32)
11-16 09:56:33.175: I/android.youtub(16938):   at void slq.e() (SourceFile:37)
11-16 09:56:33.175: I/android.youtub(16938):   at void cmk.run() (SourceFile:7)
11-16 09:56:33.175: I/android.youtub(16938):   at java.lang.Object java.util.concurrent.Executors$RunnableAdapter.call() (Executors.java:458)
11-16 09:56:33.175: I/android.youtub(16938):   at void java.util.concurrent.FutureTask.run() (FutureTask.java:266)
11-16 09:56:33.175: I/android.youtub(16938):   at void java.util.concurrent.ScheduledThreadPoolExecutor$ScheduledFutureTask.run() (ScheduledThreadPoolExecutor.java:301)
11-16 09:56:33.175: I/android.youtub(16938):   at void java.util.concurrent.ThreadPoolExecutor.runWorker(java.util.concurrent.ThreadPoolExecutor$Worker) (ThreadPoolExecutor.java:1167)
11-16 09:56:33.175: I/android.youtub(16938):   at void java.util.concurrent.ThreadPoolExecutor$Worker.run() (ThreadPoolExecutor.java:641)
11-16 09:56:33.175: I/android.youtub(16938):   at void ubi.run() (SourceFile:20)
11-16 09:56:33.175: I/android.youtub(16938):   at void java.lang.Thread.run() (Thread.java:764)
11-16 09:56:33.175: I/android.youtub(16938): Rejecting re-init on previously-failed class java.lang.Class<com.google.android.ads.tasks.appdigest.a>: java.lang.NoClassDefFoundError: Failed resolution of: Landroid/content/pm/PackageManager$OnChecksumsReadyListener;
11-16 09:56:33.176: I/android.youtub(16938):   at java.lang.Class dalvik.system.DexFile.defineClassNative(java.lang.String, java.lang.ClassLoader, java.lang.Object, dalvik.system.DexFile) (DexFile.java:-2)
11-16 09:56:33.176: I/android.youtub(16938):   at java.lang.Class dalvik.system.DexFile.defineClass(java.lang.String, java.lang.ClassLoader, java.lang.Object, dalvik.system.DexFile, java.util.List) (DexFile.java:283)
11-16 09:56:33.176: I/android.youtub(16938):   at java.lang.Class dalvik.system.DexFile.loadClassBinaryName(java.lang.String, java.lang.ClassLoader, java.util.List) (DexFile.java:276)
11-16 09:56:33.176: I/android.youtub(16938):   at java.lang.Class dalvik.system.DexPathList$Element.findClass(java.lang.String, java.lang.ClassLoader, java.util.List) (DexPathList.java:724)
11-16 09:56:33.176: I/android.youtub(16938):   at java.lang.Class dalvik.system.DexPathList.findClass(java.lang.String, java.util.List) (DexPathList.java:486)
11-16 09:56:33.176: I/android.youtub(16938):   at java.lang.Class dalvik.system.BaseDexClassLoader.findClass(java.lang.String) (BaseDexClassLoader.java:132)
11-16 09:56:33.176: I/android.youtub(16938):   at java.lang.Class bg.loadClass(java.lang.String, boolean) (:com.google.android.gms.dynamite_dynamiteloader@213614065@21.36.14 (100400-0):2)
11-16 09:56:33.176: I/android.youtub(16938):   at java.lang.Class java.lang.ClassLoader.loadClass(java.lang.String) (ClassLoader.java:312)
11-16 09:56:33.176: I/android.youtub(16938):   at java.util.List xu.r(yv, android.content.Context, bqi, com.google.ads.afma.g) (:com.google.android.gms.policy_ads_fdr_dynamite@213806100@213806100057.397311113.397311113:5)
11-16 09:56:33.176: I/android.youtub(16938):   at java.util.List xv.r(yv, android.content.Context, bqi, com.google.ads.afma.g) (:com.google.android.gms.policy_ads_fdr_dynamite@213806100@213806100057.397311113.397311113:4)
11-16 09:56:33.176: I/android.youtub(16938):   at void xu.s(yv, android.content.Context, bqi, com.google.ads.afma.g) (:com.google.android.gms.policy_ads_fdr_dynamite@213806100@213806100057.397311113.397311113:0)
11-16 09:56:33.176: I/android.youtub(16938):   at bqi xu.m(android.content.Context, com.google.ads.afma.g) (:com.google.android.gms.policy_ads_fdr_dynamite@213806100@213806100057.397311113.397311113:7)
11-16 09:56:33.176: I/android.youtub(16938):   at java.lang.String xp.r(android.content.Context, java.lang.String, int, android.view.View, android.app.Activity, byte[]) (:com.google.android.gms.policy_ads_fdr_dynamite@213806100@213806100057.397311113.397311113:8)
11-16 09:56:33.176: I/android.youtub(16938):   at java.lang.String xp.g(android.content.Context, byte[]) (:com.google.android.gms.policy_ads_fdr_dynamite@213806100@213806100057.397311113.397311113:2)
11-16 09:56:33.176: I/android.youtub(16938):   at java.lang.String com.google.android.gms.ads.adshield.internal.a.b(aqh, byte[]) (:com.google.android.gms.policy_ads_fdr_dynamite@213806100@213806100057.397311113.397311113:1)
11-16 09:56:33.176: I/android.youtub(16938):   at boolean com.google.android.gms.ads.adshield.internal.a.bJ(int, android.os.Parcel, android.os.Parcel) (:com.google.android.gms.policy_ads_fdr_dynamite@213806100@213806100057.397311113.397311113:54)
11-16 09:56:33.176: I/android.youtub(16938):   at boolean zg.onTransact(int, android.os.Parcel, android.os.Parcel, int) (:com.google.android.gms.policy_ads_fdr_dynamite@213806100@213806100057.397311113.397311113:4)
11-16 09:56:33.176: I/android.youtub(16938):   at boolean android.os.Binder.transact(int, android.os.Parcel, android.os.Parcel, int) (Binder.java:667)
11-16 09:56:33.176: I/android.youtub(16938):   at android.os.Parcel pcs.a(int, android.os.Parcel) (SourceFile:7)
11-16 09:56:33.176: I/android.youtub(16938):   at java.lang.String pkk.a(oms, byte[]) (SourceFile:40)
11-16 09:56:33.176: I/android.youtub(16938):   at java.lang.String nrc.a(android.content.Context, byte[]) (SourceFile:6)
11-16 09:56:33.176: I/android.youtub(16938):   at java.lang.String qis.a(android.content.Context, byte[]) (SourceFile:10)
11-16 09:56:33.176: I/android.youtub(16938):   at java.lang.String skv.a(qio, byte[]) (SourceFile:59)
11-16 09:56:33.176: I/android.youtub(16938):   at java.lang.String skv.g() (SourceFile:41)
11-16 09:56:33.176: I/android.youtub(16938):   at java.lang.String skv.b() (SourceFile:69)
11-16 09:56:33.176: I/android.youtub(16938):   at java.lang.String slq.i() (SourceFile:56)
11-16 09:56:33.176: I/android.youtub(16938):   at java.lang.String slq.b() (SourceFile:32)
11-16 09:56:33.176: I/android.youtub(16938):   at void slq.e() (SourceFile:37)
11-16 09:56:33.176: I/android.youtub(16938):   at void cmk.run() (SourceFile:7)
11-16 09:56:33.176: I/android.youtub(16938):   at java.lang.Object java.util.concurrent.Executors$RunnableAdapter.call() (Executors.java:458)
11-16 09:56:33.176: I/android.youtub(16938):   at void java.util.concurrent.FutureTask.run() (FutureTask.java:266)
11-16 09:56:33.176: I/android.youtub(16938):   at void java.util.concurrent.ScheduledThreadPoolExecutor$ScheduledFutureTask.run() (ScheduledThreadPoolExecutor.java:301)
11-16 09:56:33.176: I/android.youtub(16938):   at void java.util.concurrent.ThreadPoolExecutor.runWorker(java.util.concurrent.ThreadPoolExecutor$Worker) (ThreadPoolExecutor.java:1167)
11-16 09:56:33.176: I/android.youtub(16938):   at void java.util.concurrent.ThreadPoolExecutor$Worker.run() (ThreadPoolExecutor.java:641)
11-16 09:56:33.176: I/android.youtub(16938):   at void ubi.run() (SourceFile:20)
11-16 09:56:33.176: I/android.youtub(16938):   at void java.lang.Thread.run() (Thread.java:764)
11-16 09:56:33.176: I/android.youtub(16938): Caused by: java.lang.ClassNotFoundException: Didn't find class "android.content.pm.PackageManager$OnChecksumsReadyListener" on path: DexPathList[[zip file "/data/user_de/0/com.google.android.gms/app_chimera/m/00000011/dl-AdsFdrDynamite.integ_213806100100000.apk"],nativeLibraryDirectories=[/data/user_de/0/com.google.android.gms/app_chimera/m/00000011/dl-AdsFdrDynamite.integ_213806100100000.apk!/lib/arm64-v8a, /system/lib64]]
11-16 09:56:33.176: I/android.youtub(16938):   at java.lang.Class dalvik.system.BaseDexClassLoader.findClass(java.lang.String) (BaseDexClassLoader.java:134)
11-16 09:56:33.176: I/android.youtub(16938):   at java.lang.Class java.lang.ClassLoader.loadClass(java.lang.String, boolean) (ClassLoader.java:379)
11-16 09:56:33.176: I/android.youtub(16938):   at java.lang.Class bg.loadClass(java.lang.String, boolean) (:com.google.android.gms.dynamite_dynamiteloader@213614065@21.36.14 (100400-0):3)
11-16 09:56:33.176: I/android.youtub(16938):   at java.lang.Class java.lang.ClassLoader.loadClass(java.lang.String) (ClassLoader.java:312)
11-16 09:56:33.176: I/android.youtub(16938):   at java.lang.Class dalvik.system.DexFile.defineClassNative(java.lang.String, java.lang.ClassLoader, java.lang.Object, dalvik.system.DexFile) (DexFile.java:-2)
11-16 09:56:33.176: I/android.youtub(16938):   at java.lang.Class dalvik.system.DexFile.defineClass(java.lang.String, java.lang.ClassLoader, java.lang.Object, dalvik.system.DexFile, java.util.List) (DexFile.java:283)
11-16 09:56:33.176: I/android.youtub(16938):   at java.lang.Class dalvik.system.DexFile.loadClassBinaryName(java.lang.String, java.lang.ClassLoader, java.util.List) (DexFile.java:276)
11-16 09:56:33.176: I/android.youtub(16938):   at java.lang.Class dalvik.system.DexPathList$Element.findClass(java.lang.String, java.lang.ClassLoader, java.util.List) (DexPathList.java:724)
11-16 09:56:33.176: I/android.youtub(16938):   at java.lang.Class dalvik.system.DexPathList.findClass(java.lang.String, java.util.List) (DexPathList.java:486)
11-16 09:56:33.176: I/android.youtub(16938):   at java.lang.Class dalvik.system.BaseDexClassLoader.findClass(java.lang.String) (BaseDexClassLoader.java:132)
11-16 09:56:33.176: I/android.youtub(16938):   at java.lang.Class bg.loadClass(java.lang.String, boolean) (:com.google.android.gms.dynamite_dynamiteloader@213614065@21.36.14 (100400-0):2)
11-16 09:56:33.176: I/android.youtub(16938):   at java.lang.Class java.lang.ClassLoader.loadClass(java.lang.String) (ClassLoader.java:312)
11-16 09:56:33.176: I/android.youtub(16938):   at java.util.List xu.r(yv, android.content.Context, bqi, com.google.ads.afma.g) (:com.google.android.gms.policy_ads_fdr_dynamite@213806100@213806100057.397311113.397311113:5)
11-16 09:56:33.176: I/android.youtub(16938):   at java.util.List xv.r(yv, android.content.Context, bqi, com.google.ads.afma.g) (:com.google.android.gms.policy_ads_fdr_dynamite@213806100@213806100057.397311113.397311113:4)
11-16 09:56:33.176: I/android.youtub(16938):   at void xu.s(yv, android.content.Context, bqi, com.google.ads.afma.g) (:com.google.android.gms.policy_ads_fdr_dynamite@213806100@213806100057.397311113.397311113:0)
11-16 09:56:33.176: I/android.youtub(16938):   at bqi xu.m(android.content.Context, com.google.ads.afma.g) (:com.google.android.gms.policy_ads_fdr_dynamite@213806100@213806100057.397311113.397311113:7)
11-16 09:56:33.176: I/android.youtub(16938):   at java.lang.String xp.r(android.content.Context, java.lang.String, int, android.view.View, android.app.Activity, byte[]) (:com.google.android.gms.policy_ads_fdr_dynamite@213806100@213806100057.397311113.397311113:8)
11-16 09:56:33.176: I/android.youtub(16938):   at java.lang.String xp.g(android.content.Context, byte[]) (:com.google.android.gms.policy_ads_fdr_dynamite@213806100@213806100057.397311113.397311113:2)
11-16 09:56:33.176: I/android.youtub(16938):   at java.lang.String com.google.android.gms.ads.adshield.internal.a.b(aqh, byte[]) (:com.google.android.gms.policy_ads_fdr_dynamite@213806100@213806100057.397311113.397311113:1)
11-16 09:56:33.176: I/android.youtub(16938):   at boolean com.google.android.gms.ads.adshield.internal.a.bJ(int, android.os.Parcel, android.os.Parcel) (:com.google.android.gms.policy_ads_fdr_dynamite@213806100@213806100057.397311113.397311113:54)
11-16 09:56:33.176: I/android.youtub(16938):   at boolean zg.onTransact(int, android.os.Parcel, android.os.Parcel, int) (:com.google.android.gms.policy_ads_fdr_dynamite@213806100@213806100057.397311113.397311113:4)
11-16 09:56:33.176: I/android.youtub(16938):   at boolean android.os.Binder.transact(int, android.os.Parcel, android.os.Parcel, int) (Binder.java:667)
11-16 09:56:33.176: I/android.youtub(16938):   at android.os.Parcel pcs.a(int, android.os.Parcel) (SourceFile:7)
11-16 09:56:33.176: I/android.youtub(16938):   at java.lang.String pkk.a(oms, byte[]) (SourceFile:40)
11-16 09:56:33.176: I/android.youtub(16938):   at java.lang.String nrc.a(android.content.Context, byte[]) (SourceFile:6)
11-16 09:56:33.176: I/android.youtub(16938):   at java.lang.String qis.a(android.content.Context, byte[]) (SourceFile:10)
11-16 09:56:33.176: I/android.youtub(16938):   at java.lang.String skv.a(qio, byte[]) (SourceFile:59)
11-16 09:56:33.176: I/android.youtub(16938):   at java.lang.String skv.g() (SourceFile:41)
11-16 09:56:33.176: I/android.youtub(16938):   at java.lang.String skv.b() (SourceFile:69)
11-16 09:56:33.176: I/android.youtub(16938):   at java.lang.String slq.i() (SourceFile:56)
11-16 09:56:33.176: I/android.youtub(16938):   at java.lang.String slq.b() (SourceFile:32)
11-16 09:56:33.176: I/android.youtub(16938):   at void slq.e() (SourceFile:37)
11-16 09:56:33.176: I/android.youtub(16938):   at void cmk.run() (SourceFile:7)
11-16 09:56:33.176: I/android.youtub(16938):   at java.lang.Object java.util.concurrent.Executors$RunnableAdapter.call() (Executors.java:458)
11-16 09:56:33.176: I/android.youtub(16938):   at void java.util.concurrent.FutureTask.run() (FutureTask.java:266)
11-16 09:56:33.176: I/android.youtub(16938):   at void java.util.concurrent.ScheduledThreadPoolExecutor$ScheduledFutureTask.run() (ScheduledThreadPoolExecutor.java:301)
11-16 09:56:33.176: I/android.youtub(16938):   at void java.util.concurrent.ThreadPoolExecutor.runWorker(java.util.concurrent.ThreadPoolExecutor$Worker) (ThreadPoolExecutor.java:1167)
11-16 09:56:33.176: I/android.youtub(16938):   at void java.util.concurrent.ThreadPoolExecutor$Worker.run() (ThreadPoolExecutor.java:641)
11-16 09:56:33.176: I/android.youtub(16938):   at void ubi.run() (SourceFile:20)
11-16 09:56:33.176: I/android.youtub(16938):   at void java.lang.Thread.run() (Thread.java:764)
11-16 09:56:33.176: D/LifecycleMonitor(16882): Lifecycle status change: androidx.navigation.ActivityNavigatorActivity@2bf72b5 in: STARTED
11-16 09:56:33.179: D/LifecycleMonitor(16882): Lifecycle status change: androidx.navigation.ActivityNavigatorActivity@2bf72b5 in: RESUMED
11-16 09:56:33.182: D/BoundBrokerSvc(10898): onUnbind: Intent { act=com.google.android.gms.nearby.exposurenotification.START cmp=com.google.android.gms/.chimera.PersistentApiService }
11-16 09:56:33.182: W/libprocessgroup(1167): kill(-14466, 9) failed: No such process
11-16 09:56:33.182: I/libprocessgroup(1167): Successfully killed process cgroup uid 10007 pid 14466 in 42ms
11-16 09:56:33.185: W/SearchServiceCore(10098): Abort, client detached.
11-16 09:56:33.195: I/chatty(10098): uid=10047 com.google.android.googlequicksearchbox:search identical 5 lines
11-16 09:56:33.195: W/SearchServiceCore(10098): Abort, client detached.
11-16 09:56:33.214: I/Adreno(16882): QUALCOMM build                   : 3f88ca2, I42f6fe38fb
11-16 09:56:33.214: I/Adreno(16882): Build Date                       : 07/13/18
11-16 09:56:33.214: I/Adreno(16882): OpenGL ES Shader Compiler Version: EV031.24.00.00
11-16 09:56:33.214: I/Adreno(16882): Local Branch                     : 50.04
11-16 09:56:33.214: I/Adreno(16882): Remote Branch                    : 
11-16 09:56:33.214: I/Adreno(16882): Remote Branch                    : 
11-16 09:56:33.214: I/Adreno(16882): Reconstruct Branch               : 
11-16 09:56:33.215: I/Adreno(16882): Build Config                     : S P 4.0.10 AArch64
11-16 09:56:33.214: W/RenderThread(16882): type=1400 audit(0.0:225): avc: denied { read } for name="u:object_r:vendor_default_prop:s0" dev="tmpfs" ino=20794 scontext=u:r:untrusted_app:s0:c172,c256,c512,c768 tcontext=u:object_r:vendor_default_prop:s0 tclass=file permissive=0
11-16 09:56:33.217: E/libc(16882): Access denied finding property "ro.vendor.graphics.memory"
11-16 09:56:33.217: I/Adreno(16882): PFP: 0x016ee170, ME: 0x00000000
11-16 09:56:33.224: I/ConfigStore(16882): android::hardware::configstore::V1_0::ISurfaceFlingerConfigs::hasWideColorDisplay retrieved: 1
11-16 09:56:33.224: I/ConfigStore(16882): android::hardware::configstore::V1_0::ISurfaceFlingerConfigs::hasHDRDisplay retrieved: 1
11-16 09:56:33.225: I/OpenGLRenderer(16882): Initialized EGL, version 1.4
11-16 09:56:33.225: D/OpenGLRenderer(16882): Swap behavior 2
11-16 09:56:33.236: I/GoogleInputMethod(3609): onFinishInput() : Dummy InputConnection bound
11-16 09:56:33.236: I/GoogleInputMethod(3609): onStartInput() : Dummy InputConnection bound
11-16 09:56:33.241: W/RenderThread(16882): type=1400 audit(0.0:226): avc: denied { read } for name="u:object_r:vendor_default_prop:s0" dev="tmpfs" ino=20794 scontext=u:r:untrusted_app:s0:c172,c256,c512,c768 tcontext=u:object_r:vendor_default_prop:s0 tclass=file permissive=0
11-16 09:56:33.243: E/libc(16882): Access denied finding property "vendor.gralloc.enable_ahardware_buffer"
11-16 09:56:33.272: W/HomeApp|huv(17081): Can't load devices as there is no network connection! Will retry later.
11-16 09:56:33.274: I/dex2oat(17155): The ClassLoaderContext is a special shared library.
11-16 09:56:33.274: I/dex2oat(17155): /system/bin/dex2oat --dex-file=/data/user/0/com.google.android.googlequicksearchbox/files/velour/verified_jars/Jkk1AICSm8V3ZDlxbl8SBoQ_1.jar --output-vdex-fd=43 --oat-fd=91 --oat-location=/data/user/0/com.google.android.googlequicksearchbox/files/velour/verified_jars/oat/arm64/Jkk1AICSm8V3ZDlxbl8SBoQ_1.odex --compiler-filter=quicken --class-loader-context=&
11-16 09:56:33.280: W/StorageManager(15648): fallocate() not supported; falling back to ftruncate()
11-16 09:56:33.280: D/android.hardware.power@1.3-service.crosshatch-libperfmgr(777): LAUNCH OFF
11-16 09:56:33.291: I/ActivityManager(1167): Displayed androidx.navigation.test/androidx.navigation.ActivityNavigatorActivity: +180ms
11-16 09:56:33.307: W/SurfaceFlinger(643): Attempting to set client state on removed layer: Splash Screen androidx.navigation.test#0
11-16 09:56:33.307: W/SurfaceFlinger(643): Attempting to destroy on removed layer: Splash Screen androidx.navigation.test#0
11-16 09:56:33.309: W/SurfaceFlinger(643): Attempting to set client state on removed layer: Surface(name=ec99ea0 Splash Screen androidx.navigation.test)/@0x138a18a - animation-leash#0
11-16 09:56:33.309: W/SurfaceFlinger(643): Attempting to destroy on removed layer: Surface(name=ec99ea0 Splash Screen androidx.navigation.test)/@0x138a18a - animation-leash#0
11-16 09:56:33.343: W/navigation.tes(16882): Accessing hidden field Lsun/misc/Unsafe;->theUnsafe:Lsun/misc/Unsafe; (light greylist, reflection)
11-16 09:56:33.343: W/navigation.tes(16882): Accessing hidden method Ldalvik/system/VMDebug;->allowHiddenApiReflectionFrom(Ljava/lang/Class;)V (light greylist, reflection)
11-16 09:56:33.363: I/dex2oat(17155): dex2oat took 93.250ms (57.313ms cpu) (threads: 8) arena alloc=6KB (6512B) java alloc=16KB (16400B) native alloc=838KB (858688B) free=1209KB (1238464B)
11-16 09:56:33.376: W/earchbox:searc(10098): Skipping duplicate class check due to unsupported classloader
11-16 09:56:33.391: W/earchbox:searc(10098): Unsupported class loader
11-16 09:56:33.392: I/FontLog(10898): Received query Google Sans, URI content://com.google.android.gms.fonts [CONTEXT service_id=132 ]
11-16 09:56:33.393: I/FontLog(10898): Query [Google Sans] resolved to {Google Sans, wdth 100.0, wght 400, ital 0.0, bestEffort false} [CONTEXT service_id=132 ]
11-16 09:56:33.396: I/FontLog(10898): Font PFD returned from cache for {Google Sans, wdth 100.0, wght 400, ital 0.0, bestEffort false} [CONTEXT service_id=132 ]
11-16 09:56:33.396: I/FontLog(10898): Fetch {Google Sans, wdth 100.0, wght 400, ital 0.0, bestEffort false} end status Status{statusCode=SUCCESS, resolution=null} [CONTEXT service_id=132 ]
11-16 09:56:33.402: I/FontLog(10898): Pulling font file for id = 9, cache size = 7 [CONTEXT service_id=132 ]
11-16 09:56:33.406: I/system_server(1167): NativeAlloc concurrent copying GC freed 92902(4MB) AllocSpace objects, 43(2044KB) LOS objects, 42% free, 17MB/29MB, paused 54us total 175.058ms
11-16 09:56:33.412: I/FontLog(10898): Received query Google Sans:500, URI content://com.google.android.gms.fonts [CONTEXT service_id=132 ]
11-16 09:56:33.413: I/FontLog(10898): Query [Google Sans:500] resolved to {Google Sans, wdth 100.0, wght 500, ital 0.0, bestEffort false} [CONTEXT service_id=132 ]
11-16 09:56:33.414: I/FontLog(10898): Font PFD returned from cache for {Google Sans, wdth 100.0, wght 500, ital 0.0, bestEffort false} [CONTEXT service_id=132 ]
11-16 09:56:33.414: I/FontLog(10898): Fetch {Google Sans, wdth 100.0, wght 500, ital 0.0, bestEffort false} end status Status{statusCode=SUCCESS, resolution=null} [CONTEXT service_id=132 ]
11-16 09:56:33.420: I/FontLog(10898): Pulling font file for id = 10, cache size = 8 [CONTEXT service_id=132 ]
11-16 09:56:33.427: I/FontLog(10898): Received query Google Sans Display, URI content://com.google.android.gms.fonts [CONTEXT service_id=132 ]
11-16 09:56:33.428: I/FontLog(10898): Query [Google Sans Display] resolved to {Google Sans Display, wdth 100.0, wght 400, ital 0.0, bestEffort false} [CONTEXT service_id=132 ]
11-16 09:56:33.430: I/FontLog(10898): Font PFD returned from cache for {Google Sans Display, wdth 100.0, wght 400, ital 0.0, bestEffort false} [CONTEXT service_id=132 ]
11-16 09:56:33.430: I/FontLog(10898): Fetch {Google Sans Display, wdth 100.0, wght 400, ital 0.0, bestEffort false} end status Status{statusCode=SUCCESS, resolution=null} [CONTEXT service_id=132 ]
11-16 09:56:33.434: I/FontLog(10898): Pulling font file for id = 11, cache size = 7 [CONTEXT service_id=132 ]
11-16 09:56:33.446: W/GCM(17081): GCM SDK is deprecated, com.google.android.apps.chromecast.app should update to use FCM
11-16 09:56:33.447: D/DownloadManager(15648): [83] Finished with status SUCCESS
11-16 09:56:33.475: I/PeopleChimeraService(13206): onService. callbacks = xmw@d80d292, request = com.google.android.gms.common.internal.GetServiceRequest@eee5463
11-16 09:56:33.477: I/dex2oat(17213): The ClassLoaderContext is a special shared library.
11-16 09:56:33.478: I/dex2oat(17213): /system/bin/dex2oat --dex-file=/data/user/0/com.google.android.googlequicksearchbox/files/velour/verified_jars/JkypVPMhDohv1875CeSftSg_1.jar --output-vdex-fd=90 --oat-fd=91 --oat-location=/data/user/0/com.google.android.googlequicksearchbox/files/velour/verified_jars/oat/arm64/JkypVPMhDohv1875CeSftSg_1.odex --compiler-filter=quicken --class-loader-context=&
11-16 09:56:33.487: I/ActivityManager(1167): Killing 10069:com.google.android.ims/u0a25 (adj 1001): empty #17
11-16 09:56:33.488: W/libprocessgroup(1167): kill(-10069, 9) failed: No such process
11-16 09:56:33.498: I/ActivityManager(1167): Start proc 17223:com.google.android.apps.tachyon/u0a148 for broadcast com.google.android.apps.tachyon/.common.applifecycle.LocaleChangeReceiver
11-16 09:56:33.493: W/libprocessgroup(1167): kill(-10069, 9) failed: No such process
11-16 09:56:33.505: E/id.apps.tachyo(17223): Not starting debugger since process cannot load the jdwp agent.
11-16 09:56:33.521: W/libprocessgroup(1167): kill(-10069, 9) failed: No such process
11-16 09:56:33.547: D/ConnectivityService(1167): ConnectivityService NetworkRequestInfo binderDied(NetworkRequest [ TRACK_DEFAULT id=28, [ Capabilities: INTERNET&NOT_RESTRICTED&TRUSTED Unwanted:  Uid: 10025] ], android.os.BinderProxy@1ae97cf)
11-16 09:56:33.547: D/ConnectivityService(1167): releasing NetworkRequest [ TRACK_DEFAULT id=28, [ Capabilities: INTERNET&NOT_RESTRICTED&TRUSTED Unwanted:  Uid: 10025] ] (release request)
11-16 09:56:33.547: W/ActivityManager(1167): Scheduling restart of crashed service com.google.android.ims/.services.NetworkConnectionsService in 1000ms
11-16 09:56:33.548: I/Zygote(733): Process 10069 exited due to signal (9)
11-16 09:56:33.558: I/BugleRcsEngine(10156): [599] ProvisioningEngineStateMachine$StateBase.c: Exit DisabledState
11-16 09:56:33.559: W/BugleRcsEngine(10156): [599] pcp.c: No config URL. RCS will be disabled!
11-16 09:56:33.565: E/BugleRcsEngine(10156): [2] pkf.a: TelephonyChangeReceiver is not registered.
11-16 09:56:33.566: W/libprocessgroup(1167): kill(-10069, 9) failed: No such process
11-16 09:56:33.566: I/libprocessgroup(1167): Successfully killed process cgroup uid 10025 pid 10069 in 78ms
11-16 09:56:33.570: D/ConnectivityService(1167): releasing NetworkRequest [ TRACK_DEFAULT id=31, [ Capabilities: INTERNET&NOT_RESTRICTED&TRUSTED Unwanted:  Uid: 10111] ] (release request)
11-16 09:56:33.571: I/BugleRcsEngine(10156): [2] oli.a: Destroying JibeServiceComponent
11-16 09:56:33.571: I/BugleRcsEngine(10156): [2] pkj.h: Shutting down SimStateTracker
11-16 09:56:33.578: W/navigation.tes(16882): Accessing hidden method Ldalvik/system/BaseDexClassLoader;-><init>(Ljava/lang/String;Ljava/io/File;Ljava/lang/String;Ljava/lang/ClassLoader;Z)V (light greylist, reflection)
11-16 09:56:33.579: W/navigation.tes(16882): Unsupported class loader
11-16 09:56:33.602: I/dex2oat(17213): dex2oat took 127.328ms (46.370ms cpu) (threads: 8) arena alloc=2344B (2344B) java alloc=16KB (16400B) native alloc=809KB (828784B) free=1238KB (1268368B)
11-16 09:56:33.605: I/dex2oat(17238): The ClassLoaderContext is a special shared library.
11-16 09:56:33.606: I/dex2oat(17238): /system/bin/dex2oat --debuggable --debuggable --generate-mini-debug-info --dex-file=/data/user/0/androidx.navigation.test/app_dxmaker_cache/Generated_1069299118.jar --output-vdex-fd=56 --oat-fd=57 --oat-location=/data/user/0/androidx.navigation.test/app_dxmaker_cache/oat/arm64/Generated_1069299118.odex --compiler-filter=quicken --class-loader-context=&
11-16 09:56:33.619: W/earchbox:searc(10098): Skipping duplicate class check due to unsupported classloader
11-16 09:56:33.622: E/ExecutionCriteria(10898): Package unavailable for task: com.google.android.apps.gcs/com.google.android.flib.phenotype.services.PhenotypeExperimentCommitService{u=0 tag="PhenotypeExpCommitSvc" trigger=window{start=0s,end=30s,earliest=-498s,latest=-468s} requirements=[NET_ANY] attributes=[PERSISTED] scheduled=-498s last_run=N/A exec_window_multiplier=1.0000 jid=N/A status=PENDING retries=0 client_lib=MANCHEGO_GCM-11732000} [CONTEXT service_id=218 ]
11-16 09:56:33.630: W/SearchServiceCore(10098): Abort, client detached.
11-16 09:56:33.630: W/SearchServiceCore(10098): Abort, client detached.
11-16 09:56:33.632: I/dex2oat(17238): dex2oat took 27.823ms (22.520ms cpu) (threads: 8) arena alloc=1824B (1824B) java alloc=16KB (16872B) native alloc=1020KB (1045192B) free=2MB (2100536B)
11-16 09:56:33.633: W/SearchServiceCore(10098): Abort, client detached.
11-16 09:56:33.635: I/BgTaskExecutorImpl(10098): Starting EXCLUSIVE background task VELOUR_BACKGROUND_MAINTENANCE.
11-16 09:56:33.635: W/navigation.tes(16882): Skipping duplicate class check due to unsupported classloader
11-16 09:56:33.640: I/ActivityManager(1167): START u0 {dat=http://www.example.com/... cmp=androidx.navigation.test/androidx.navigation.TargetActivity (has extras)} from uid 10172
11-16 09:56:33.642: D/android.hardware.power@1.3-service.crosshatch-libperfmgr(777): LAUNCH ON
11-16 09:56:33.644: D/LifecycleMonitor(16882): Lifecycle status change: androidx.navigation.ActivityNavigatorActivity@2bf72b5 in: PAUSED
11-16 09:56:33.651: W/ActivityThread(16882): handleWindowVisibility: no activity for token android.os.BinderProxy@925ae6f
11-16 09:56:33.656: W/ActivityManager(1167): Background start not allowed: service Intent { cmp=com.google.android.apps.messaging/.shared.datamodel.action.execution.ActionExecutorImpl$EmptyService } to com.google.android.apps.messaging/.shared.datamodel.action.execution.ActionExecutorImpl$EmptyService from pid=16032 uid=10111 pkg=com.google.android.apps.messaging startFg?=false
11-16 09:56:33.656: W/BugleDataModel(16032): ActionExecutorImpl: Action started execution, but we can't guarantee it will complete, the app may be killed. Action: class com.google.android.apps.messaging.shared.datamodel.action.GenericWorkerQueueAction-GenericWorkerQueueAction:588295008
11-16 09:56:33.656: W/BugleDataModel(16032): java.lang.IllegalStateException: Not allowed to start service Intent { cmp=com.google.android.apps.messaging/.shared.datamodel.action.execution.ActionExecutorImpl$EmptyService }: app is in background uid UidRecord{e762f42 u0a111 CEM  idle change:cached procs:2 seq(0,0,0)}
11-16 09:56:33.656: W/BugleDataModel(16032): 	at android.app.ContextImpl.startServiceCommon(ContextImpl.java:1577)
11-16 09:56:33.656: W/BugleDataModel(16032): 	at android.app.ContextImpl.startService(ContextImpl.java:1532)
11-16 09:56:33.656: W/BugleDataModel(16032): 	at android.content.ContextWrapper.startService(ContextWrapper.java:664)
11-16 09:56:33.656: W/BugleDataModel(16032): 	at com.google.android.apps.messaging.shared.datamodel.action.execution.ActionExecutorImpl.a(SourceFile:21)
11-16 09:56:33.656: W/BugleDataModel(16032): 	at com.google.android.apps.messaging.shared.datamodel.action.execution.ActionExecutorImpl.a(SourceFile:17)
11-16 09:56:33.656: W/BugleDataModel(16032): 	at ecp.c(SourceFile:12)
11-16 09:56:33.656: W/BugleDataModel(16032): 	at eco.run(Unknown Source:1)
11-16 09:56:33.656: W/BugleDataModel(16032): 	at android.os.Handler.handleCallback(Handler.java:873)
11-16 09:56:33.656: W/BugleDataModel(16032): 	at android.os.Handler.dispatchMessage(Handler.java:99)
11-16 09:56:33.656: W/BugleDataModel(16032): 	at android.os.Looper.loop(Looper.java:193)
11-16 09:56:33.656: W/BugleDataModel(16032): 	at android.app.ActivityThread.main(ActivityThread.java:6718)
11-16 09:56:33.656: W/BugleDataModel(16032): 	at java.lang.reflect.Method.invoke(Native Method)
11-16 09:56:33.656: W/BugleDataModel(16032): 	at com.android.internal.os.RuntimeInit$MethodAndArgsCaller.run(RuntimeInit.java:493)
11-16 09:56:33.656: W/BugleDataModel(16032): 	at com.android.internal.os.ZygoteInit.main(ZygoteInit.java:858)
11-16 09:56:33.657: D/LifecycleMonitor(16882): Lifecycle status change: androidx.navigation.TargetActivity@6f5005a in: PRE_ON_CREATE
11-16 09:56:33.667: I/NetworkScheduler.Stats(10898): Task com.google.android.gms/com.google.android.gms.ipa.base.IpaGcmTaskService started execution. cause:9 exec_start_elapsed_seconds: 595 [CONTEXT service_id=218 ]
11-16 09:56:33.669: I/NetworkScheduler.Stats(10898): Task com.google.android.gms/com.google.android.gms.ipa.base.IpaGcmTaskService finished executing. cause:9 result: 1 elapsed_millis: 20 uptime_millis: 20 exec_start_elapsed_seconds: 595 [CONTEXT service_id=218 ]
11-16 09:56:33.670: W/earchbox:searc(10098): Unsupported class loader
11-16 09:56:33.673: D/LifecycleMonitor(16882): Lifecycle status change: androidx.navigation.TargetActivity@6f5005a in: CREATED
11-16 09:56:33.675: D/LifecycleMonitor(16882): Lifecycle status change: androidx.navigation.TargetActivity@6f5005a in: STARTED
11-16 09:56:33.678: D/LifecycleMonitor(16882): Lifecycle status change: androidx.navigation.TargetActivity@6f5005a in: RESUMED
11-16 09:56:33.682: E/ExecutionCriteria(10898): Package unavailable for task: com.google.android.apps.gcs/com.google.android.flib.phenotype.services.PhenotypeExperimentCommitService{u=0 tag="PhenotypeExpCommitSvc" trigger=window{start=0s,end=30s,earliest=-498s,latest=-468s} requirements=[NET_ANY] attributes=[PERSISTED] scheduled=-498s last_run=N/A exec_window_multiplier=1.0000 jid=N/A status=PENDING retries=0 client_lib=MANCHEGO_GCM-11732000} [CONTEXT service_id=218 ]
11-16 09:56:33.699: W/earchbox:searc(10098): Skipping duplicate class check due to unsupported classloader
11-16 09:56:33.708: D/LifecycleMonitor(16882): Lifecycle status change: androidx.navigation.TargetActivity@6f5005a in: PAUSED
11-16 09:56:33.714: W/earchbox:searc(10098): Unsupported class loader
11-16 09:56:33.715: W/navigation.tes(16882): Accessing hidden field Landroid/app/Activity;->mResultCode:I (light greylist, reflection)
11-16 09:56:33.716: W/navigation.tes(16882): Accessing hidden field Landroid/app/Activity;->mResultData:Landroid/content/Intent; (light greylist, reflection)
11-16 09:56:33.727: I/NetworkScheduler.Stats(10898): Task com.google.android.gms/com.google.android.gms.phenotype.service.sync.PhenotypeConfigurator started execution. cause:5 exec_start_elapsed_seconds: 595 [CONTEXT service_id=218 ]
11-16 09:56:33.729: W/SearchServiceCore(10098): Abort, client detached.
11-16 09:56:33.738: W/earchbox:searc(10098): Skipping duplicate class check due to unsupported classloader
11-16 09:56:33.747: I/BackdropActivity(15838): onResume()
11-16 09:56:33.748: I/ActivityManager(1167): Activity requesting to dismiss Keyguard: ActivityRecord{7a62c71 u0 com.google.android.apps.mtaas.backdrop/.BackdropActivity t4}
11-16 09:56:33.754: D/LifecycleMonitor(16882): Lifecycle status change: androidx.navigation.TargetActivity@6f5005a in: STOPPED
11-16 09:56:33.755: W/SearchServiceCore(10098): Abort, client detached.
11-16 09:56:33.759: D/LifecycleMonitor(16882): Lifecycle status change: androidx.navigation.TargetActivity@6f5005a in: DESTROYED
11-16 09:56:33.763: I/TestRunner(16882): finished: navigateDataPatternInt(androidx.navigation.ActivityNavigatorTest)
11-16 09:56:33.767: I/MonitoringInstr(16882): Activities that are still in CREATED to STOPPED: 1
11-16 09:56:33.767: I/MonitoringInstr(16882): Unstopped activity count: 1
11-16 09:56:33.794: I/GoogleInputMethod(3609): onFinishInput() : Dummy InputConnection bound
11-16 09:56:33.794: I/GoogleInputMethod(3609): onStartInput() : Dummy InputConnection bound
11-16 09:56:33.796: D/android.hardware.power@1.3-service.crosshatch-libperfmgr(777): LAUNCH OFF
11-16 09:56:33.801: W/SurfaceFlinger(643): Attempting to set client state on removed layer: Surface(name=AppWindowToken{f424ad7 token=Token{3b18a56 ActivityRecord{7a62c71 u0 com.google.android.apps.mtaas.backdrop/.BackdropActivity t4}}})/@0x15597c7 - animation-leash#0
11-16 09:56:33.801: W/SurfaceFlinger(643): Attempting to destroy on removed layer: Surface(name=AppWindowToken{f424ad7 token=Token{3b18a56 ActivityRecord{7a62c71 u0 com.google.android.apps.mtaas.backdrop/.BackdropActivity t4}}})/@0x15597c7 - animation-leash#0
11-16 09:56:33.802: D/LifecycleMonitor(16882): Lifecycle status change: androidx.navigation.ActivityNavigatorActivity@2bf72b5 in: STOPPED
