11-16 09:56:09.477: I/Auth(10859): [AuthManaged, PasswordComplexityHelperImpl] Updating password complexity components state.
11-16 09:56:09.477: I/Auth(10859): [AuthManaged, PasswordComplexityHelperImpl] Enabling com.google.android.gms.auth.managed.ui.SetNewPasswordActivity
11-16 09:56:09.479: I/NetRec(10859): [922] aiad.a: Cancelling all NetRec GCM tasks
11-16 09:56:09.481: I/NetRec(10859): [923] ClearDatabaseService.onHandleIntent: Clearing score cache
11-16 09:56:09.486: I/ModuleSetMgr(13390): Computing pending module set with APKs: [[AdsFdrDynamite.integ:213806100100000], [Enpromo.integ:214106000100000], [Pay.optional:213614100000], [VisionOcr.optional:213614100400], [AdsFdrDynamite.integ:212104400100000], [Cronetdynamite:213614100400], [Dynamiteloader:213614100000], [Dynamitemodulesa:213614100000], [Dynamitemodulesc:213614100000], [Googlecertificates:213614100000], [Mapsdynamite:213614100000], [Measurementdynamite:213614100000]]
11-16 09:56:09.491: I/ModuleSetMgr(13390): Pending container module APKs: [[Pay.optional:213614100000], [VisionOcr.optional:213614100400]]
11-16 09:56:09.491: I/ModuleSetMgr(13390): Pending non-container module APKs: [[Enpromo.integ:214106000100000], [AdsFdrDynamite.integ:213806100100000]]
11-16 09:56:09.495: I/ActivityManager(1173): Start proc 15358:com.google.android.partnersetup/u0a49 for broadcast com.google.android.partnersetup/.RlzPingBroadcastReceiver
11-16 09:56:09.501: D/BugleRcsEngine(10109): log_saver already enabled
11-16 09:56:09.501: W/PackageParser(13390): Unknown element under <manifest>: queries at /data/user_de/0/com.google.android.gms/app_chimera/m/00000007/AdsDynamite.apk Binary XML file line #5
11-16 09:56:09.511: E/id.partnersetu(15358): Not starting debugger since process cannot load the jdwp agent.
11-16 09:56:09.530: W/PackageParser(13390): Unknown element under <manifest>: queries at /data/user_de/0/com.google.android.gms/app_chimera/m/00000011/dl-AdsFdrDynamite.integ_213806100100000.apk Binary XML file line #11
11-16 09:56:09.534: I/GCoreUlr(10859): WorldUpdater received intent Intent { act=com.google.android.location.reporting.ACTION_UPDATE_WORLD cmp=com.google.android.gms/com.google.android.location.reporting.service.DispatchingService (has extras) } with receiverAction com.google.gservices.intent.action.GSERVICES_CHANGED [CONTEXT service_id=22 ]
11-16 09:56:09.536: I/id.partnersetu(15358): The ClassLoaderContext is a special shared library.
11-16 09:56:09.546: I/RecoverableKeyStoreGms(13390): [RecoverableKeyStoreGmsInitOperation] Initializing auth_folsom
11-16 09:56:09.547: D/BoundBrokerSvc(10859): onBind: Intent { act=com.google.android.gms.scheduler.ACTION_PROXY_SCHEDULE cmp=com.google.android.gms/.chimera.PersistentInternalBoundBrokerService }
11-16 09:56:09.547: D/BoundBrokerSvc(10859): Loading bound service for intent: Intent { act=com.google.android.gms.scheduler.ACTION_PROXY_SCHEDULE cmp=com.google.android.gms/.chimera.PersistentInternalBoundBrokerService }
11-16 09:56:09.549: I/ChromeSync(13390): [Sync,SyncIntentOperation] Handling the intent: Intent { act=com.google.gservices.intent.action.GSERVICES_CHANGED flg=0x1000010 pkg=com.google.android.gms cmp=com.google.android.gms/.chimera.GmsIntentOperationService$PersistentInternalReceiver }.
11-16 09:56:09.552: I/RecoverableKeyStoreGms(13390): [RecoverableKeyStoreGmsInitOperation] com.google.android.gms.auth.folsom.service.FolsomPublicKeyUpdateService is already enabled. Ignore.
11-16 09:56:09.552: I/RecoverableKeyStoreGms(13390): [RecoverableKeyStoreGmsInitOperation] com.google.android.gms.auth.folsom.service.GcmReceiverService is already enabled. Ignore.
11-16 09:56:09.554: V/RecoverableKeyStoreMgr(1173): Not updating secret types - same as old value.
11-16 09:56:09.555: I/RecoverableKeyStoreGms(13390): [RecoverableKeyStoreGmsInitOperation] Setting vault handle
11-16 09:56:09.556: V/RecoverableKeyStoreMgr(1173): Not updating server params - same as old value.
11-16 09:56:09.559: I/RecoverableKeyStoreGms(13390): [EnrollmentManager] Returning certificates list from cache
11-16 09:56:09.566: I/GservicesUpdateTask(10057): Updating Gservices keys
11-16 09:56:09.582: I/GCoreUlr(10859): WorldUpdater:com.google.gservices.intent.action.GSERVICES_CHANGED: Ensuring that reporting is stopped because of reasons: (no Google accounts) [CONTEXT service_id=22 ]
11-16 09:56:09.582: D/BugleRcsEngine(10109): log_saver already enabled
11-16 09:56:09.586: D/BugleRcsEngine(10109): log_saver already enabled
11-16 09:56:09.591: I/GCoreUlr(10859): Unbound from all signal providers. [CONTEXT service_id=22 ]
11-16 09:56:09.598: I/MobileDataHub(13390): Scheduling periodic tasks
11-16 09:56:09.600: I/GCoreUlr(10859): Unbound from all signal providers. [CONTEXT service_id=22 ]
11-16 09:56:09.600: I/GCoreUlr(10859): Stopping handler for UlrDispSvcFast [CONTEXT service_id=22 ]
11-16 09:56:09.601: I/RecoverableKeyStoreMgr(1173): The cert file serial number is the same, so skip updating.
11-16 09:56:09.601: I/RecoverableKeyStoreGms(13390): [EnrollmentManager] Recovery service is initialized.
11-16 09:56:09.606: I/RecoverySnapshotLstnrs(1173): Registered listener for agent with uid 10007
11-16 09:56:09.607: I/MS_Utils(13390): version of com.google.android.apps.maps = 1022101040
11-16 09:56:09.607: E/RecoverySnapshotStorage(1173): Error reading snapshot for 10007 from disk
11-16 09:56:09.607: E/RecoverySnapshotStorage(1173): java.io.FileNotFoundException: /data/system/recoverablekeystore/snapshots/10007.xml (No such file or directory)
11-16 09:56:09.607: E/RecoverySnapshotStorage(1173): 	at java.io.FileInputStream.open0(Native Method)
11-16 09:56:09.607: E/RecoverySnapshotStorage(1173): 	at java.io.FileInputStream.open(FileInputStream.java:231)
11-16 09:56:09.607: E/RecoverySnapshotStorage(1173): 	at java.io.FileInputStream.<init>(FileInputStream.java:165)
11-16 09:56:09.607: E/RecoverySnapshotStorage(1173): 	at com.android.server.locksettings.recoverablekeystore.storage.RecoverySnapshotStorage.readFromDisk(RecoverySnapshotStorage.java:152)
11-16 09:56:09.607: E/RecoverySnapshotStorage(1173): 	at com.android.server.locksettings.recoverablekeystore.storage.RecoverySnapshotStorage.get(RecoverySnapshotStorage.java:104)
11-16 09:56:09.607: E/RecoverySnapshotStorage(1173): 	at com.android.server.locksettings.recoverablekeystore.RecoverableKeyStoreManager.getKeyChainSnapshot(RecoverableKeyStoreManager.java:331)
11-16 09:56:09.607: E/RecoverySnapshotStorage(1173): 	at com.android.server.locksettings.LockSettingsService.getKeyChainSnapshot(LockSettingsService.java:2032)
11-16 09:56:09.607: E/RecoverySnapshotStorage(1173): 	at com.android.internal.widget.ILockSettings$Stub.onTransact(ILockSettings.java:356)
11-16 09:56:09.607: E/RecoverySnapshotStorage(1173): 	at android.os.Binder.execTransact(Binder.java:731)
11-16 09:56:09.608: I/MdiSyncModule(13390): flag handling is skipping irrelevant intent.
11-16 09:56:09.608: I/RecoverableKeyStoreGms(13390): [WrappingKeyManager] Can't generate wrapping key - missing lock screeen
11-16 09:56:09.615: I/GCoreUlr(10859): DispatchingService ignoring Intent { act=android.net.wifi.WIFI_STATE_CHANGED flg=0x4000010 (has extras) } because ULR inactive [CONTEXT service_id=22 ]
11-16 09:56:09.617: I/SystemUpdate(13390): [Installation,ReceiverIntentOperation] Received intent: Intent { act=com.google.gservices.intent.action.GSERVICES_CHANGED flg=0x1000010 pkg=com.google.android.gms cmp=com.google.android.gms/.chimera.GmsIntentOperationService$PersistentInternalReceiver }.
11-16 09:56:09.618: W/MobileDataHub(13390): [Service] appsupload-periodic periodic task disabled
11-16 09:56:09.641: I/GmsModuleFndr(13390): Beginning GMS chimera module scan
11-16 09:56:09.643: I/SoundTriggerModelLoader(13912): Unloading model 9f6ad62a-1f0b-11e7-87c5-40a8f03d3f15
11-16 09:56:09.644: I/SoundTriggerManagerComp(13912): Unloading model 9f6ad62a-1f0b-11e7-87c5-40a8f03d3f15
11-16 09:56:09.645: I/SoundTriggerService(1173): deleteSoundModel(): id = 9f6ad62a-1f0b-11e7-87c5-40a8f03d3f15
11-16 09:56:09.645: W/SoundTriggerHelper(1173): Unload error: Attempting unload invalid generic model with id:9f6ad62a-1f0b-11e7-87c5-40a8f03d3f15
11-16 09:56:09.655: E/GooglePlayServicesUtil(15285): The Google Play services resources were not found. Check your project configuration to ensure that the resources are included.
11-16 09:56:09.658: I/SettingsActivityAvailab(15304): Disabling com.google.android.apps.multidevice.client.ui.pixel.SettingsActivity.
11-16 09:56:09.662: I/ActivityManager(1173): Killing 9541:android.process.media/u0a8 (adj 906): empty #17
11-16 09:56:09.662: D/GservicesChangeReceiver(6212): Gservices Changed broadcast Received. context is android.app.ReceiverRestrictedContext@c8e0377
11-16 09:56:09.663: W/libprocessgroup(1173): kill(-9541, 9) failed: No such process
11-16 09:56:09.666: I/ModuleSetMgr(13390): Computing pending module set with APKs: [[AdsFdrDynamite.integ:213806100100000], [Enpromo.integ:214106000100000], [Pay.optional:213614100000], [VisionOcr.optional:213614100400], [AdsFdrDynamite.integ:212104400100000], [Cronetdynamite:213614100400], [Dynamiteloader:213614100000], [Dynamitemodulesa:213614100000], [Dynamitemodulesc:213614100000], [Googlecertificates:213614100000], [Mapsdynamite:213614100000], [Measurementdynamite:213614100000]]
11-16 09:56:09.668: D/ConnMetrics:App(15285): IsOptedIn = false
11-16 09:56:09.670: D/GservicesChangeReceiver(6212): Gservices allowPowerAnomalyData is False.
11-16 09:56:09.672: D/ConnectivityMonitorManager(6212): Service com.google.android.connectivitymonitor.PowerAnomalyDetectorService is not running...
11-16 09:56:09.676: W/DynamiteModule(13390): Local module descriptor class for com.google.android.gms.vision.dynamite.ocr not found.
11-16 09:56:09.677: W/ProviderHelper(13390): Unknown dynamite feature vision.dynamite.ocr
11-16 09:56:09.678: I/DynamiteModule(13390): Considering local module com.google.android.gms.vision.dynamite.ocr:0 and remote module com.google.android.gms.vision.dynamite.ocr:0
11-16 09:56:09.678: D/GservicesChangeReceiver(6212): Gservices allowLowPowerMonitoring is False.
11-16 09:56:09.679: I/DynamiteModule(13390): Considering local module com.google.android.gms.vision.ocr:0 and remote module com.google.android.gms.vision.ocr:1
11-16 09:56:09.679: I/DynamiteModule(13390): Selected remote version of com.google.android.gms.vision.ocr, version >= 1
11-16 09:56:09.679: D/ConnectivityMonitorManager(6212): Service com.google.android.connectivitymonitor.LowPowerMonitorService is not running...
11-16 09:56:09.681: I/native(13390): I1116 09:56:09.680987   15254 start_ocr_856638336_langid.cc:35] StartOcr with label: latin_script_gmvapi_android
11-16 09:56:09.681: I/native(13390): I1116 09:56:09.681162   15254 start_ocr_856638336_langid.cc:44] StartOcr success
11-16 09:56:09.681: I/Zygote(732): Process 9541 exited due to signal (9)
11-16 09:56:09.682: I/ModuleSetMgr(13390): Pending container module APKs: [[Pay.optional:213614100000], [VisionOcr.optional:213614100400]]
11-16 09:56:09.683: I/ModuleSetMgr(13390): Pending non-container module APKs: [[Enpromo.integ:214106000100000], [AdsFdrDynamite.integ:213806100100000]]
11-16 09:56:09.683: I/OcrModelUpStIntentOp(13390): Downloading text recognizer
11-16 09:56:09.693: D/BoundBrokerSvc(13390): onBind: Intent { act=com.google.android.gms.ocr.service.internal.START cmp=com.google.android.gms/.chimera.GmsInternalApiService }
11-16 09:56:09.693: D/BoundBrokerSvc(13390): Loading bound service for intent: Intent { act=com.google.android.gms.ocr.service.internal.START cmp=com.google.android.gms/.chimera.GmsInternalApiService }
11-16 09:56:09.695: W/libprocessgroup(1173): kill(-9541, 9) failed: No such process
11-16 09:56:09.695: I/libprocessgroup(1173): Successfully killed process cgroup uid 10008 pid 9541 in 31ms
11-16 09:56:09.699: W/NetworkScheduler(10859): The extras of the task is not valid to be persisted so that the task is not persisted [CONTEXT service_id=218 ]
11-16 09:56:09.699: W/NetworkScheduler(10859): java.lang.IllegalArgumentException: Only the following extra parameter types are supported: Integer, Long, Double, String, Boolean, and nested Bundles with the same restrictions.
11-16 09:56:09.699: W/NetworkScheduler(10859): 	at abno.f(:com.google.android.gms@213614028@21.36.14 (100400-395708125):6)
11-16 09:56:09.699: W/NetworkScheduler(10859): 	at amdu.g(:com.google.android.gms@213614028@21.36.14 (100400-395708125):37)
11-16 09:56:09.699: W/NetworkScheduler(10859): 	at amdd.n(:com.google.android.gms@213614028@21.36.14 (100400-395708125):3)
11-16 09:56:09.699: W/NetworkScheduler(10859): 	at amdd.u(:com.google.android.gms@213614028@21.36.14 (100400-395708125):20)
11-16 09:56:09.699: W/NetworkScheduler(10859): 	at amdd.g(:com.google.android.gms@213614028@21.36.14 (100400-395708125):3)
11-16 09:56:09.699: W/NetworkScheduler(10859): 	at alzy.run(:com.google.android.gms@213614028@21.36.14 (100400-395708125):9)
11-16 09:56:09.699: W/NetworkScheduler(10859): 	at rgh.c(:com.google.android.gms@213614028@21.36.14 (100400-395708125):6)
11-16 09:56:09.699: W/NetworkScheduler(10859): 	at rgh.run(:com.google.android.gms@213614028@21.36.14 (100400-395708125):7)
11-16 09:56:09.699: W/NetworkScheduler(10859): 	at java.util.concurrent.ThreadPoolExecutor.runWorker(ThreadPoolExecutor.java:1167)
11-16 09:56:09.699: W/NetworkScheduler(10859): 	at java.util.concurrent.ThreadPoolExecutor$Worker.run(ThreadPoolExecutor.java:641)
11-16 09:56:09.699: W/NetworkScheduler(10859): 	at rkn.run(:com.google.android.gms@213614028@21.36.14 (100400-395708125):0)
11-16 09:56:09.699: W/NetworkScheduler(10859): 	at java.lang.Thread.run(Thread.java:764)
11-16 09:56:09.706: D/GservicesChangeReceiver(6212): Gservices isConnectivityMonitorEnabled is True.
11-16 09:56:09.708: D/ConnectivityMonitorManager(6212): Service com.google.android.connectivitymonitor.ConnectivityMonitorService is running...
11-16 09:56:09.711: W/PackageParser(13390): Unknown element under <manifest>: queries at /data/user_de/0/com.google.android.gms/app_chimera/m/00000007/AdsDynamite.apk Binary XML file line #5
11-16 09:56:09.712: I/EuiccGoogle(15327): [2] GservicesChangedReceiver.onReceive: Setting EUICC_SUPPORTED_COUNTRIES to de,gb,in,us
11-16 09:56:09.718: I/Backup(13390): [GmsBackupStatusChangeReceiver] Going to enable gms backup transport.
11-16 09:56:09.737: I/Herrevad(10859): [923] zcq.a: updateListenState
11-16 09:56:09.737: I/NetRec(10859): [924] aiad.a: onConfigChanged()
11-16 09:56:09.742: I/NetRec(10859): [924] aiad.a: Cancelling all NetRec GCM tasks
11-16 09:56:09.746: I/NetRec(10859): [925] ClearDatabaseService.onHandleIntent: Clearing score cache
11-16 09:56:09.746: I/Auth(10859): [AuthManaged, PasswordComplexityHelperImpl] Updating password complexity components state.
11-16 09:56:09.746: I/Auth(10859): [AuthManaged, PasswordComplexityHelperImpl] Enabling com.google.android.gms.auth.managed.ui.SetNewPasswordActivity
11-16 09:56:09.751: I/BgTaskExecutorImpl(10057): Starting NONEXCLUSIVE background task UPDATE_GSERVICES_CONFIG.
11-16 09:56:09.757: W/SearchServiceCore(10057): Abort, client detached.
11-16 09:56:09.759: I/GservicesUpdateTask(10057): Updating Gservices keys
11-16 09:56:09.775: I/ActivityManager(1173): Start proc 15379:android.process.media/u0a8 for content provider com.android.providers.downloads/.DownloadProvider
11-16 09:56:09.775: W/PackageParser(13390): Unknown element under <manifest>: queries at /data/user_de/0/com.google.android.gms/app_chimera/m/00000011/dl-AdsFdrDynamite.integ_213806100100000.apk Binary XML file line #11
11-16 09:56:09.781: E/d.process.medi(15379): Not starting debugger since process cannot load the jdwp agent.
11-16 09:56:09.802: I/GCoreUlr(10859): DispatchingService ignoring Intent { act=android.net.wifi.WIFI_STATE_CHANGED flg=0x4000010 (has extras) } because ULR inactive [CONTEXT service_id=22 ]
11-16 09:56:09.807: I/GmsModuleFndr(13390): Beginning GMS chimera module scan
11-16 09:56:09.815: I/GCoreUlr(10859): WorldUpdater received intent Intent { act=com.google.android.location.reporting.ACTION_UPDATE_WORLD cmp=com.google.android.gms/com.google.android.location.reporting.service.DispatchingService (has extras) } with receiverAction com.google.gservices.intent.action.GSERVICES_CHANGED [CONTEXT service_id=22 ]
11-16 09:56:09.819: I/ModuleSetMgr(13390): Computing pending module set with APKs: [[AdsFdrDynamite.integ:213806100100000], [Enpromo.integ:214106000100000], [Pay.optional:213614100000], [VisionOcr.optional:213614100400], [AdsFdrDynamite.integ:212104400100000], [Cronetdynamite:213614100400], [Dynamiteloader:213614100000], [Dynamitemodulesa:213614100000], [Dynamitemodulesc:213614100000], [Googlecertificates:213614100000], [Mapsdynamite:213614100000], [Measurementdynamite:213614100000]]
11-16 09:56:09.819: I/GCoreUlr(10859): WorldUpdater:com.google.gservices.intent.action.GSERVICES_CHANGED: Ensuring that reporting is stopped because of reasons: (no Google accounts) [CONTEXT service_id=22 ]
11-16 09:56:09.824: I/GCoreUlr(10859): Unbound from all signal providers. [CONTEXT service_id=22 ]
11-16 09:56:09.831: I/ModuleSetMgr(13390): Pending container module APKs: [[Pay.optional:213614100000], [VisionOcr.optional:213614100400]]
11-16 09:56:09.831: I/ModuleSetMgr(13390): Pending non-container module APKs: [[Enpromo.integ:214106000100000], [AdsFdrDynamite.integ:213806100100000]]
11-16 09:56:09.833: I/GCoreUlr(10859): Unbound from all signal providers. [CONTEXT service_id=22 ]
11-16 09:56:09.833: I/GCoreUlr(10859): Stopping handler for UlrDispSvcFast [CONTEXT service_id=22 ]
11-16 09:56:09.849: I/SoundTriggerModelLoader(13912): Unloading model 9f6ad62a-1f0b-11e7-87c5-40a8f03d3f15
11-16 09:56:09.849: I/SoundTriggerManagerComp(13912): Unloading model 9f6ad62a-1f0b-11e7-87c5-40a8f03d3f15
11-16 09:56:09.849: I/SoundTriggerService(1173): deleteSoundModel(): id = 9f6ad62a-1f0b-11e7-87c5-40a8f03d3f15
11-16 09:56:09.849: W/SoundTriggerHelper(1173): Unload error: Attempting unload invalid generic model with id:9f6ad62a-1f0b-11e7-87c5-40a8f03d3f15
11-16 09:56:09.850: I/gle.android.gm(13390): Background concurrent copying GC freed 179992(10MB) AllocSpace objects, 29(1608KB) LOS objects, 49% free, 12MB/24MB, paused 109us total 131.719ms
11-16 09:56:09.855: I/SettingsActivityAvailab(15304): Disabling com.google.android.apps.multidevice.client.ui.pixel.SettingsActivity.
11-16 09:56:09.856: D/GservicesChangeReceiver(6212): Gservices Changed broadcast Received. context is android.app.ReceiverRestrictedContext@c8e0377
11-16 09:56:09.856: D/GservicesChangeReceiver(6212): Gservices allowPowerAnomalyData is False.
11-16 09:56:09.857: E/GooglePlayServicesUtil(15285): The Google Play services resources were not found. Check your project configuration to ensure that the resources are included.
11-16 09:56:09.857: D/ConnectivityMonitorManager(6212): Service com.google.android.connectivitymonitor.PowerAnomalyDetectorService is not running...
11-16 09:56:09.859: D/GservicesChangeReceiver(6212): Gservices allowLowPowerMonitoring is False.
11-16 09:56:09.860: W/PackageParser(13390): Unknown element under <manifest>: queries at /data/user_de/0/com.google.android.gms/app_chimera/m/00000007/AdsDynamite.apk Binary XML file line #5
11-16 09:56:09.861: D/ConnectivityMonitorManager(6212): Service com.google.android.connectivitymonitor.LowPowerMonitorService is not running...
11-16 09:56:09.864: D/GservicesChangeReceiver(6212): Gservices isConnectivityMonitorEnabled is True.
11-16 09:56:09.867: D/ConnectivityMonitorManager(6212): Service com.google.android.connectivitymonitor.ConnectivityMonitorService is running...
11-16 09:56:09.872: I/EuiccGoogle(15327): [2] GservicesChangedReceiver.onReceive: Setting EUICC_SUPPORTED_COUNTRIES to de,gb,in,us
11-16 09:56:09.876: D/ConnMetrics:App(15285): IsOptedIn = false
11-16 09:56:09.881: I/Backup(13390): [GmsBackupStatusChangeReceiver] Going to enable gms backup transport.
11-16 09:56:09.885: W/PackageParser(13390): Unknown element under <manifest>: queries at /data/user_de/0/com.google.android.gms/app_chimera/m/00000011/dl-AdsFdrDynamite.integ_213806100100000.apk Binary XML file line #11
11-16 09:56:09.892: I/Herrevad(10859): [928] zcq.a: updateListenState
11-16 09:56:09.893: I/NetRec(10859): [924] aiad.a: onConfigChanged()
11-16 09:56:09.895: I/RecoverableKeyStoreGms(13390): [RecoverableKeyStoreGmsInitOperation] Initializing auth_folsom
11-16 09:56:09.896: I/RecoverableKeyStoreGms(13390): [RecoverableKeyStoreGmsInitOperation] com.google.android.gms.auth.folsom.service.FolsomPublicKeyUpdateService is already enabled. Ignore.
11-16 09:56:09.896: I/RecoverableKeyStoreGms(13390): [RecoverableKeyStoreGmsInitOperation] com.google.android.gms.auth.folsom.service.GcmReceiverService is already enabled. Ignore.
11-16 09:56:09.899: I/ChromeSync(13390): [Sync,SyncIntentOperation] Handling the intent: Intent { act=com.google.gservices.intent.action.GSERVICES_CHANGED flg=0x1000010 pkg=com.google.android.gms cmp=com.google.android.gms/.chimera.GmsIntentOperationService$PersistentInternalReceiver }.
11-16 09:56:09.900: V/RecoverableKeyStoreMgr(1173): Not updating secret types - same as old value.
11-16 09:56:09.900: I/RecoverableKeyStoreGms(13390): [RecoverableKeyStoreGmsInitOperation] Setting vault handle
11-16 09:56:09.900: V/RecoverableKeyStoreMgr(1173): Not updating server params - same as old value.
11-16 09:56:09.901: I/RecoverableKeyStoreGms(13390): [EnrollmentManager] Returning certificates list from cache
11-16 09:56:09.902: I/Auth(10859): [AuthManaged, PasswordComplexityHelperImpl] Updating password complexity components state.
11-16 09:56:09.902: I/Auth(10859): [AuthManaged, PasswordComplexityHelperImpl] Enabling com.google.android.gms.auth.managed.ui.SetNewPasswordActivity
11-16 09:56:09.903: I/BgTaskExecutorImpl(10057): Starting NONEXCLUSIVE background task UPDATE_GSERVICES_CONFIG.
11-16 09:56:09.906: I/MS_Utils(13390): version of com.google.android.apps.maps = 1022101040
11-16 09:56:09.907: I/MobileDataHub(13390): Scheduling periodic tasks
11-16 09:56:09.908: W/MobileDataHub(13390): [Service] appsupload-periodic periodic task disabled
11-16 09:56:09.908: I/MdiSyncModule(13390): flag handling is skipping irrelevant intent.
11-16 09:56:09.910: W/SearchServiceCore(10057): Abort, client detached.
11-16 09:56:09.911: I/SystemUpdate(13390): [Installation,ReceiverIntentOperation] Received intent: Intent { act=com.google.gservices.intent.action.GSERVICES_CHANGED flg=0x1000010 pkg=com.google.android.gms cmp=com.google.android.gms/.chimera.GmsIntentOperationService$PersistentInternalReceiver }.
11-16 09:56:09.911: W/DynamiteModule(13390): Local module descriptor class for com.google.android.gms.vision.dynamite.ocr not found.
11-16 09:56:09.912: I/DynamiteModule(13390): Considering local module com.google.android.gms.vision.dynamite.ocr:0 and remote module com.google.android.gms.vision.dynamite.ocr:0
11-16 09:56:09.912: I/GservicesUpdateTask(10057): Updating Gservices keys
11-16 09:56:09.912: I/DynamiteModule(13390): Considering local module com.google.android.gms.vision.ocr:0 and remote module com.google.android.gms.vision.ocr:1
11-16 09:56:09.912: I/DynamiteModule(13390): Selected remote version of com.google.android.gms.vision.ocr, version >= 1
11-16 09:56:09.914: I/native(13390): I1116 09:56:09.914098   15200 start_ocr_856638336_langid.cc:35] StartOcr with label: latin_script_gmvapi_android
11-16 09:56:09.914: I/native(13390): I1116 09:56:09.914199   15200 start_ocr_856638336_langid.cc:44] StartOcr success
11-16 09:56:09.915: I/NetRec(10859): [928] ClearDatabaseService.onHandleIntent: Clearing score cache
11-16 09:56:09.918: I/OcrModelUpStIntentOp(13390): Downloading text recognizer
11-16 09:56:09.919: I/NetRec(10859): [924] aiad.a: Cancelling all NetRec GCM tasks
11-16 09:56:09.922: I/akhr(10859): Scheduling Phenotype for a PhenotypeSyncImmediately(6, com.google.android.gms.testsupport) one off with window [1, 2] in seconds [CONTEXT service_id=51 ]
11-16 09:56:09.940: I/TestSupport(13390): AwaitCommitOperation: SaveStrategy__enableSaving [CONTEXT service_id=133 ]
11-16 09:56:09.946: I/RecoverableKeyStoreMgr(1173): The cert file serial number is the same, so skip updating.
11-16 09:56:09.946: I/RecoverableKeyStoreGms(13390): [EnrollmentManager] Recovery service is initialized.
11-16 09:56:09.947: I/RecoverySnapshotLstnrs(1173): Registered listener for agent with uid 10007
11-16 09:56:09.949: E/RecoverySnapshotStorage(1173): Error reading snapshot for 10007 from disk
11-16 09:56:09.949: E/RecoverySnapshotStorage(1173): java.io.FileNotFoundException: /data/system/recoverablekeystore/snapshots/10007.xml (No such file or directory)
11-16 09:56:09.949: E/RecoverySnapshotStorage(1173): 	at java.io.FileInputStream.open0(Native Method)
11-16 09:56:09.949: E/RecoverySnapshotStorage(1173): 	at java.io.FileInputStream.open(FileInputStream.java:231)
11-16 09:56:09.949: E/RecoverySnapshotStorage(1173): 	at java.io.FileInputStream.<init>(FileInputStream.java:165)
11-16 09:56:09.949: E/RecoverySnapshotStorage(1173): 	at com.android.server.locksettings.recoverablekeystore.storage.RecoverySnapshotStorage.readFromDisk(RecoverySnapshotStorage.java:152)
11-16 09:56:09.949: E/RecoverySnapshotStorage(1173): 	at com.android.server.locksettings.recoverablekeystore.storage.RecoverySnapshotStorage.get(RecoverySnapshotStorage.java:104)
11-16 09:56:09.949: E/RecoverySnapshotStorage(1173): 	at com.android.server.locksettings.recoverablekeystore.RecoverableKeyStoreManager.getKeyChainSnapshot(RecoverableKeyStoreManager.java:331)
11-16 09:56:09.949: E/RecoverySnapshotStorage(1173): 	at com.android.server.locksettings.LockSettingsService.getKeyChainSnapshot(LockSettingsService.java:2032)
11-16 09:56:09.949: E/RecoverySnapshotStorage(1173): 	at com.android.internal.widget.ILockSettings$Stub.onTransact(ILockSettings.java:356)
11-16 09:56:09.949: E/RecoverySnapshotStorage(1173): 	at android.os.Binder.execTransact(Binder.java:731)
11-16 09:56:09.950: I/RecoverableKeyStoreGms(13390): [WrappingKeyManager] Can't generate wrapping key - missing lock screeen
11-16 09:56:09.954: I/GmsModuleFndr(13390): Beginning GMS chimera module scan
11-16 09:56:09.960: I/TestSupport(13390): AwaitCommitOperation: uncommitted: FlagOverride(com.google.android.gms.auth.api.credentials, , Flag(SaveStrategy__enableSaving, false, 2, 0), false) [CONTEXT service_id=133 ]
11-16 09:56:09.960: I/TestSupport(13390): AwaitCommitOperation:  sleeping for 10 msec. [CONTEXT service_id=133 ]
11-16 09:56:09.964: I/GCoreUlr(10859): WorldUpdater received intent Intent { act=com.google.android.location.reporting.ACTION_UPDATE_WORLD cmp=com.google.android.gms/com.google.android.location.reporting.service.DispatchingService (has extras) } with receiverAction com.google.gservices.intent.action.GSERVICES_CHANGED [CONTEXT service_id=22 ]
11-16 09:56:09.966: W/NetworkScheduler(10859): The extras of the task is not valid to be persisted so that the task is not persisted [CONTEXT service_id=218 ]
11-16 09:56:09.966: W/NetworkScheduler(10859): java.lang.IllegalArgumentException: Only the following extra parameter types are supported: Integer, Long, Double, String, Boolean, and nested Bundles with the same restrictions.
11-16 09:56:09.966: W/NetworkScheduler(10859): 	at abno.f(:com.google.android.gms@213614028@21.36.14 (100400-395708125):6)
11-16 09:56:09.966: W/NetworkScheduler(10859): 	at amdu.g(:com.google.android.gms@213614028@21.36.14 (100400-395708125):37)
11-16 09:56:09.966: W/NetworkScheduler(10859): 	at amdd.n(:com.google.android.gms@213614028@21.36.14 (100400-395708125):3)
11-16 09:56:09.966: W/NetworkScheduler(10859): 	at amdd.u(:com.google.android.gms@213614028@21.36.14 (100400-395708125):20)
11-16 09:56:09.966: W/NetworkScheduler(10859): 	at amdd.g(:com.google.android.gms@213614028@21.36.14 (100400-395708125):3)
11-16 09:56:09.966: W/NetworkScheduler(10859): 	at alzy.run(:com.google.android.gms@213614028@21.36.14 (100400-395708125):9)
11-16 09:56:09.966: W/NetworkScheduler(10859): 	at rgh.c(:com.google.android.gms@213614028@21.36.14 (100400-395708125):6)
11-16 09:56:09.966: W/NetworkScheduler(10859): 	at rgh.run(:com.google.android.gms@213614028@21.36.14 (100400-395708125):8)
11-16 09:56:09.966: W/NetworkScheduler(10859): 	at java.util.concurrent.ThreadPoolExecutor.runWorker(ThreadPoolExecutor.java:1167)
11-16 09:56:09.966: W/NetworkScheduler(10859): 	at java.util.concurrent.ThreadPoolExecutor$Worker.run(ThreadPoolExecutor.java:641)
11-16 09:56:09.966: W/NetworkScheduler(10859): 	at rkn.run(:com.google.android.gms@213614028@21.36.14 (100400-395708125):0)
11-16 09:56:09.966: W/NetworkScheduler(10859): 	at java.lang.Thread.run(Thread.java:764)
11-16 09:56:09.977: I/GCoreUlr(10859): WorldUpdater:com.google.gservices.intent.action.GSERVICES_CHANGED: Ensuring that reporting is stopped because of reasons: (no Google accounts) [CONTEXT service_id=22 ]
11-16 09:56:09.980: I/ModuleSetMgr(13390): Computing pending module set with APKs: [[AdsFdrDynamite.integ:213806100100000], [Enpromo.integ:214106000100000], [Pay.optional:213614100000], [VisionOcr.optional:213614100400], [AdsFdrDynamite.integ:212104400100000], [Cronetdynamite:213614100400], [Dynamiteloader:213614100000], [Dynamitemodulesa:213614100000], [Dynamitemodulesc:213614100000], [Googlecertificates:213614100000], [Mapsdynamite:213614100000], [Measurementdynamite:213614100000]]
11-16 09:56:09.982: I/GCoreUlr(10859): Unbound from all signal providers. [CONTEXT service_id=22 ]
11-16 09:56:09.987: I/ModuleSetMgr(13390): Pending container module APKs: [[Pay.optional:213614100000], [VisionOcr.optional:213614100400]]
11-16 09:56:09.987: I/ModuleSetMgr(13390): Pending non-container module APKs: [[Enpromo.integ:214106000100000], [AdsFdrDynamite.integ:213806100100000]]
11-16 09:56:09.999: I/SoundTriggerModelLoader(13912): Unloading model 9f6ad62a-1f0b-11e7-87c5-40a8f03d3f15
11-16 09:56:09.999: I/GCoreUlr(10859): Unbound from all signal providers. [CONTEXT service_id=22 ]
11-16 09:56:09.999: I/GCoreUlr(10859): Stopping handler for UlrDispSvcFast [CONTEXT service_id=22 ]
11-16 09:56:09.999: I/SoundTriggerManagerComp(13912): Unloading model 9f6ad62a-1f0b-11e7-87c5-40a8f03d3f15
11-16 09:56:10.000: I/SoundTriggerService(1173): deleteSoundModel(): id = 9f6ad62a-1f0b-11e7-87c5-40a8f03d3f15
11-16 09:56:10.000: W/SoundTriggerHelper(1173): Unload error: Attempting unload invalid generic model with id:9f6ad62a-1f0b-11e7-87c5-40a8f03d3f15
11-16 09:56:10.007: I/SettingsActivityAvailab(15304): Disabling com.google.android.apps.multidevice.client.ui.pixel.SettingsActivity.
11-16 09:56:10.007: I/GCoreUlr(10859): DispatchingService ignoring Intent { act=android.net.wifi.WIFI_STATE_CHANGED flg=0x4000010 (has extras) } because ULR inactive [CONTEXT service_id=22 ]
11-16 09:56:10.008: D/GservicesChangeReceiver(6212): Gservices Changed broadcast Received. context is android.app.ReceiverRestrictedContext@c8e0377
11-16 09:56:10.008: D/GservicesChangeReceiver(6212): Gservices allowPowerAnomalyData is False.
11-16 09:56:10.009: D/ConnectivityMonitorManager(6212): Service com.google.android.connectivitymonitor.PowerAnomalyDetectorService is not running...
11-16 09:56:10.011: E/GooglePlayServicesUtil(15285): The Google Play services resources were not found. Check your project configuration to ensure that the resources are included.
11-16 09:56:10.011: D/GservicesChangeReceiver(6212): Gservices allowLowPowerMonitoring is False.
11-16 09:56:10.013: D/ConnectivityMonitorManager(6212): Service com.google.android.connectivitymonitor.LowPowerMonitorService is not running...
11-16 09:56:10.014: I/TestSupport(13390): AwaitCommitOperation: uncommitted: FlagOverride(com.google.android.gms.auth.api.credentials, , Flag(SaveStrategy__enableSaving, false, 2, 0), false) [CONTEXT service_id=133 ]
11-16 09:56:10.014: I/TestSupport(13390): AwaitCommitOperation:  sleeping for 20 msec. [CONTEXT service_id=133 ]
11-16 09:56:10.015: D/GservicesChangeReceiver(6212): Gservices isConnectivityMonitorEnabled is True.
11-16 09:56:10.016: D/ConnectivityMonitorManager(6212): Service com.google.android.connectivitymonitor.ConnectivityMonitorService is running...
11-16 09:56:10.019: W/PackageParser(13390): Unknown element under <manifest>: queries at /data/user_de/0/com.google.android.gms/app_chimera/m/00000007/AdsDynamite.apk Binary XML file line #5
11-16 09:56:10.020: I/EuiccGoogle(15327): [2] GservicesChangedReceiver.onReceive: Setting EUICC_SUPPORTED_COUNTRIES to de,gb,in,us
11-16 09:56:10.024: D/ConnMetrics:App(15285): IsOptedIn = false
11-16 09:56:10.027: I/Backup(13390): [GmsBackupStatusChangeReceiver] Going to enable gms backup transport.
11-16 09:56:10.038: I/Herrevad(10859): [923] zcq.a: updateListenState
11-16 09:56:10.039: I/NetRec(10859): [923] aiad.a: onConfigChanged()
11-16 09:56:10.042: I/Auth(10859): [AuthManaged, PasswordComplexityHelperImpl] Updating password complexity components state.
11-16 09:56:10.042: I/Auth(10859): [AuthManaged, PasswordComplexityHelperImpl] Enabling com.google.android.gms.auth.managed.ui.SetNewPasswordActivity
11-16 09:56:10.043: I/BgTaskExecutorImpl(10057): Starting NONEXCLUSIVE background task UPDATE_GSERVICES_CONFIG.
11-16 09:56:10.046: I/NetRec(10859): [923] aiad.a: Cancelling all NetRec GCM tasks
11-16 09:56:10.047: I/NetRec(10859): [924] ClearDatabaseService.onHandleIntent: Clearing score cache
11-16 09:56:10.048: W/SearchServiceCore(10057): Abort, client detached.
11-16 09:56:10.049: I/GservicesUpdateTask(10057): Updating Gservices keys
11-16 09:56:10.073: W/PackageParser(13390): Unknown element under <manifest>: queries at /data/user_de/0/com.google.android.gms/app_chimera/m/00000011/dl-AdsFdrDynamite.integ_213806100100000.apk Binary XML file line #11
11-16 09:56:10.074: I/.gms.persisten(10859): Background concurrent copying GC freed 145832(11MB) AllocSpace objects, 6(248KB) LOS objects, 49% free, 11MB/23MB, paused 147us total 108.546ms
11-16 09:56:10.080: I/TestSupport(13390): AwaitCommitOperation: uncommitted: FlagOverride(com.google.android.gms.auth.api.credentials, , Flag(SaveStrategy__enableSaving, false, 2, 0), false) [CONTEXT service_id=133 ]
11-16 09:56:10.081: I/TestSupport(13390): AwaitCommitOperation:  sleeping for 40 msec. [CONTEXT service_id=133 ]
11-16 09:56:10.085: I/system_server(1173): Background concurrent copying GC freed 372112(13MB) AllocSpace objects, 38(952KB) LOS objects, 42% free, 17MB/31MB, paused 398us total 155.362ms
11-16 09:56:10.087: I/GCoreUlr(10859): DispatchingService ignoring Intent { act=android.net.wifi.WIFI_STATE_CHANGED flg=0x4000010 (has extras) } because ULR inactive [CONTEXT service_id=22 ]
11-16 09:56:10.089: I/GmsModuleFndr(13390): Beginning GMS chimera module scan
11-16 09:56:10.091: I/GCoreUlr(10859): WorldUpdater received intent Intent { act=com.google.android.location.reporting.ACTION_UPDATE_WORLD cmp=com.google.android.gms/com.google.android.location.reporting.service.DispatchingService (has extras) } with receiverAction com.google.gservices.intent.action.GSERVICES_CHANGED [CONTEXT service_id=22 ]
11-16 09:56:10.096: I/GCoreUlr(10859): WorldUpdater:com.google.gservices.intent.action.GSERVICES_CHANGED: Ensuring that reporting is stopped because of reasons: (no Google accounts) [CONTEXT service_id=22 ]
11-16 09:56:10.099: I/GCoreUlr(10859): Unbound from all signal providers. [CONTEXT service_id=22 ]
11-16 09:56:10.103: I/ModuleSetMgr(13390): Computing pending module set with APKs: [[AdsFdrDynamite.integ:213806100100000], [Enpromo.integ:214106000100000], [Pay.optional:213614100000], [VisionOcr.optional:213614100400], [AdsFdrDynamite.integ:212104400100000], [Cronetdynamite:213614100400], [Dynamiteloader:213614100000], [Dynamitemodulesa:213614100000], [Dynamitemodulesc:213614100000], [Googlecertificates:213614100000], [Mapsdynamite:213614100000], [Measurementdynamite:213614100000]]
11-16 09:56:10.105: I/GCoreUlr(10859): Unbound from all signal providers. [CONTEXT service_id=22 ]
11-16 09:56:10.105: I/GCoreUlr(10859): Stopping handler for UlrDispSvcFast [CONTEXT service_id=22 ]
11-16 09:56:10.114: I/ModuleSetMgr(13390): Pending container module APKs: [[Pay.optional:213614100000], [VisionOcr.optional:213614100400]]
11-16 09:56:10.115: I/ModuleSetMgr(13390): Pending non-container module APKs: [[Enpromo.integ:214106000100000], [AdsFdrDynamite.integ:213806100100000]]
11-16 09:56:10.123: I/SoundTriggerModelLoader(13912): Unloading model 9f6ad62a-1f0b-11e7-87c5-40a8f03d3f15
11-16 09:56:10.123: I/SoundTriggerManagerComp(13912): Unloading model 9f6ad62a-1f0b-11e7-87c5-40a8f03d3f15
11-16 09:56:10.123: I/SoundTriggerService(1173): deleteSoundModel(): id = 9f6ad62a-1f0b-11e7-87c5-40a8f03d3f15
11-16 09:56:10.123: W/SoundTriggerHelper(1173): Unload error: Attempting unload invalid generic model with id:9f6ad62a-1f0b-11e7-87c5-40a8f03d3f15
11-16 09:56:10.129: I/SettingsActivityAvailab(15304): Disabling com.google.android.apps.multidevice.client.ui.pixel.SettingsActivity.
11-16 09:56:10.131: D/GservicesChangeReceiver(6212): Gservices Changed broadcast Received. context is android.app.ReceiverRestrictedContext@c8e0377
11-16 09:56:10.131: E/GooglePlayServicesUtil(15285): The Google Play services resources were not found. Check your project configuration to ensure that the resources are included.
11-16 09:56:10.132: D/GservicesChangeReceiver(6212): Gservices allowPowerAnomalyData is False.
11-16 09:56:10.132: W/PackageParser(13390): Unknown element under <manifest>: queries at /data/user_de/0/com.google.android.gms/app_chimera/m/00000007/AdsDynamite.apk Binary XML file line #5
11-16 09:56:10.133: D/ConnectivityMonitorManager(6212): Service com.google.android.connectivitymonitor.PowerAnomalyDetectorService is not running...
11-16 09:56:10.136: D/GservicesChangeReceiver(6212): Gservices allowLowPowerMonitoring is False.
11-16 09:56:10.138: D/ConnectivityMonitorManager(6212): Service com.google.android.connectivitymonitor.LowPowerMonitorService is not running...
11-16 09:56:10.140: D/GservicesChangeReceiver(6212): Gservices isConnectivityMonitorEnabled is True.
11-16 09:56:10.142: D/ConnectivityMonitorManager(6212): Service com.google.android.connectivitymonitor.ConnectivityMonitorService is running...
11-16 09:56:10.144: D/ConnMetrics:App(15285): IsOptedIn = false
11-16 09:56:10.145: I/EuiccGoogle(15327): [2] GservicesChangedReceiver.onReceive: Setting EUICC_SUPPORTED_COUNTRIES to de,gb,in,us
11-16 09:56:10.147: W/PackageParser(13390): Unknown element under <manifest>: queries at /data/user_de/0/com.google.android.gms/app_chimera/m/00000011/dl-AdsFdrDynamite.integ_213806100100000.apk Binary XML file line #11
11-16 09:56:10.152: I/Backup(13390): [GmsBackupStatusChangeReceiver] Going to enable gms backup transport.
11-16 09:56:10.154: I/RecoverableKeyStoreGms(13390): [RecoverableKeyStoreGmsInitOperation] Initializing auth_folsom
11-16 09:56:10.155: I/RecoverableKeyStoreGms(13390): [RecoverableKeyStoreGmsInitOperation] com.google.android.gms.auth.folsom.service.FolsomPublicKeyUpdateService is already enabled. Ignore.
11-16 09:56:10.155: I/RecoverableKeyStoreGms(13390): [RecoverableKeyStoreGmsInitOperation] com.google.android.gms.auth.folsom.service.GcmReceiverService is already enabled. Ignore.
11-16 09:56:10.157: I/ChromeSync(13390): [Sync,SyncIntentOperation] Handling the intent: Intent { act=com.google.gservices.intent.action.GSERVICES_CHANGED flg=0x1000010 pkg=com.google.android.gms cmp=com.google.android.gms/.chimera.GmsIntentOperationService$PersistentInternalReceiver }.
11-16 09:56:10.159: V/RecoverableKeyStoreMgr(1173): Not updating secret types - same as old value.
11-16 09:56:10.160: I/RecoverableKeyStoreGms(13390): [RecoverableKeyStoreGmsInitOperation] Setting vault handle
11-16 09:56:10.161: V/RecoverableKeyStoreMgr(1173): Not updating server params - same as old value.
11-16 09:56:10.161: I/RecoverableKeyStoreGms(13390): [EnrollmentManager] Returning certificates list from cache
11-16 09:56:10.163: I/MobileDataHub(13390): Scheduling periodic tasks
11-16 09:56:10.164: I/TestSupport(13390): AwaitCommitOperation: uncommitted: FlagOverride(com.google.android.gms.auth.api.credentials, , Flag(SaveStrategy__enableSaving, false, 2, 0), false) [CONTEXT service_id=133 ]
11-16 09:56:10.164: I/TestSupport(13390): AwaitCommitOperation:  sleeping for 80 msec. [CONTEXT service_id=133 ]
11-16 09:56:10.164: W/MobileDataHub(13390): [Service] appsupload-periodic periodic task disabled
11-16 09:56:10.164: I/MdiSyncModule(13390): flag handling is skipping irrelevant intent.
11-16 09:56:10.164: I/MS_Utils(13390): version of com.google.android.apps.maps = 1022101040
11-16 09:56:10.167: I/SystemUpdate(13390): [Installation,ReceiverIntentOperation] Received intent: Intent { act=com.google.gservices.intent.action.GSERVICES_CHANGED flg=0x1000010 pkg=com.google.android.gms cmp=com.google.android.gms/.chimera.GmsIntentOperationService$PersistentInternalReceiver }.
11-16 09:56:10.167: I/Herrevad(10859): [923] zcq.a: updateListenState
11-16 09:56:10.168: I/NetRec(10859): [928] aiad.a: onConfigChanged()
11-16 09:56:10.172: I/Auth(10859): [AuthManaged, PasswordComplexityHelperImpl] Updating password complexity components state.
11-16 09:56:10.172: I/Auth(10859): [AuthManaged, PasswordComplexityHelperImpl] Enabling com.google.android.gms.auth.managed.ui.SetNewPasswordActivity
11-16 09:56:10.177: I/NetRec(10859): [928] aiad.a: Cancelling all NetRec GCM tasks
11-16 09:56:10.181: W/DynamiteModule(13390): Local module descriptor class for com.google.android.gms.vision.dynamite.ocr not found.
11-16 09:56:10.181: I/BgTaskExecutorImpl(10057): Starting NONEXCLUSIVE background task UPDATE_GSERVICES_CONFIG.
11-16 09:56:10.181: I/DynamiteModule(13390): Considering local module com.google.android.gms.vision.dynamite.ocr:0 and remote module com.google.android.gms.vision.dynamite.ocr:0
11-16 09:56:10.182: I/NetRec(10859): [922] ClearDatabaseService.onHandleIntent: Clearing score cache
11-16 09:56:10.182: I/DynamiteModule(13390): Considering local module com.google.android.gms.vision.ocr:0 and remote module com.google.android.gms.vision.ocr:1
11-16 09:56:10.182: I/DynamiteModule(13390): Selected remote version of com.google.android.gms.vision.ocr, version >= 1
11-16 09:56:10.185: I/native(13390): I1116 09:56:10.185111   15200 start_ocr_856638336_langid.cc:35] StartOcr with label: latin_script_gmvapi_android
11-16 09:56:10.185: I/native(13390): I1116 09:56:10.185196   15200 start_ocr_856638336_langid.cc:44] StartOcr success
11-16 09:56:10.185: W/SearchServiceCore(10057): Abort, client detached.
11-16 09:56:10.186: I/OcrModelUpStIntentOp(13390): Downloading text recognizer
11-16 09:56:10.186: I/GservicesUpdateTask(10057): Updating Gservices keys
11-16 09:56:10.202: I/RecoverableKeyStoreMgr(1173): The cert file serial number is the same, so skip updating.
11-16 09:56:10.202: I/RecoverableKeyStoreGms(13390): [EnrollmentManager] Recovery service is initialized.
11-16 09:56:10.204: I/RecoverySnapshotLstnrs(1173): Registered listener for agent with uid 10007
11-16 09:56:10.206: E/RecoverySnapshotStorage(1173): Error reading snapshot for 10007 from disk
11-16 09:56:10.206: E/RecoverySnapshotStorage(1173): java.io.FileNotFoundException: /data/system/recoverablekeystore/snapshots/10007.xml (No such file or directory)
11-16 09:56:10.206: E/RecoverySnapshotStorage(1173): 	at java.io.FileInputStream.open0(Native Method)
11-16 09:56:10.206: E/RecoverySnapshotStorage(1173): 	at java.io.FileInputStream.open(FileInputStream.java:231)
11-16 09:56:10.206: E/RecoverySnapshotStorage(1173): 	at java.io.FileInputStream.<init>(FileInputStream.java:165)
11-16 09:56:10.206: E/RecoverySnapshotStorage(1173): 	at com.android.server.locksettings.recoverablekeystore.storage.RecoverySnapshotStorage.readFromDisk(RecoverySnapshotStorage.java:152)
11-16 09:56:10.206: E/RecoverySnapshotStorage(1173): 	at com.android.server.locksettings.recoverablekeystore.storage.RecoverySnapshotStorage.get(RecoverySnapshotStorage.java:104)
11-16 09:56:10.206: E/RecoverySnapshotStorage(1173): 	at com.android.server.locksettings.recoverablekeystore.RecoverableKeyStoreManager.getKeyChainSnapshot(RecoverableKeyStoreManager.java:331)
11-16 09:56:10.206: E/RecoverySnapshotStorage(1173): 	at com.android.server.locksettings.LockSettingsService.getKeyChainSnapshot(LockSettingsService.java:2032)
11-16 09:56:10.206: E/RecoverySnapshotStorage(1173): 	at com.android.internal.widget.ILockSettings$Stub.onTransact(ILockSettings.java:356)
11-16 09:56:10.206: E/RecoverySnapshotStorage(1173): 	at android.os.Binder.execTransact(Binder.java:731)
11-16 09:56:10.207: I/RecoverableKeyStoreGms(13390): [WrappingKeyManager] Can't generate wrapping key - missing lock screeen
11-16 09:56:10.212: W/NetworkScheduler(10859): The extras of the task is not valid to be persisted so that the task is not persisted [CONTEXT service_id=218 ]
11-16 09:56:10.212: W/NetworkScheduler(10859): java.lang.IllegalArgumentException: Only the following extra parameter types are supported: Integer, Long, Double, String, Boolean, and nested Bundles with the same restrictions.
11-16 09:56:10.212: W/NetworkScheduler(10859): 	at abno.f(:com.google.android.gms@213614028@21.36.14 (100400-395708125):6)
11-16 09:56:10.212: W/NetworkScheduler(10859): 	at amdu.g(:com.google.android.gms@213614028@21.36.14 (100400-395708125):37)
11-16 09:56:10.212: W/NetworkScheduler(10859): 	at amdd.n(:com.google.android.gms@213614028@21.36.14 (100400-395708125):3)
11-16 09:56:10.212: W/NetworkScheduler(10859): 	at amdd.u(:com.google.android.gms@213614028@21.36.14 (100400-395708125):20)
11-16 09:56:10.212: W/NetworkScheduler(10859): 	at amdd.g(:com.google.android.gms@213614028@21.36.14 (100400-395708125):3)
11-16 09:56:10.212: W/NetworkScheduler(10859): 	at alzy.run(:com.google.android.gms@213614028@21.36.14 (100400-395708125):9)
11-16 09:56:10.212: W/NetworkScheduler(10859): 	at rgh.c(:com.google.android.gms@213614028@21.36.14 (100400-395708125):6)
11-16 09:56:10.212: W/NetworkScheduler(10859): 	at rgh.run(:com.google.android.gms@213614028@21.36.14 (100400-395708125):7)
11-16 09:56:10.212: W/NetworkScheduler(10859): 	at java.util.concurrent.ThreadPoolExecutor.runWorker(ThreadPoolExecutor.java:1167)
11-16 09:56:10.212: W/NetworkScheduler(10859): 	at java.util.concurrent.ThreadPoolExecutor$Worker.run(ThreadPoolExecutor.java:641)
11-16 09:56:10.212: W/NetworkScheduler(10859): 	at rkn.run(:com.google.android.gms@213614028@21.36.14 (100400-395708125):0)
11-16 09:56:10.212: W/NetworkScheduler(10859): 	at java.lang.Thread.run(Thread.java:764)
11-16 09:56:10.212: I/GCoreUlr(10859): WorldUpdater received intent Intent { act=com.google.android.location.reporting.ACTION_UPDATE_WORLD cmp=com.google.android.gms/com.google.android.location.reporting.service.DispatchingService (has extras) } with receiverAction com.google.gservices.intent.action.GSERVICES_CHANGED [CONTEXT service_id=22 ]
11-16 09:56:10.215: I/GmsModuleFndr(13390): Beginning GMS chimera module scan
11-16 09:56:10.217: I/GCoreUlr(10859): WorldUpdater:com.google.gservices.intent.action.GSERVICES_CHANGED: Ensuring that reporting is stopped because of reasons: (no Google accounts) [CONTEXT service_id=22 ]
11-16 09:56:10.224: I/GCoreUlr(10859): Unbound from all signal providers. [CONTEXT service_id=22 ]
11-16 09:56:10.225: I/ModuleSetMgr(13390): Computing pending module set with APKs: [[AdsFdrDynamite.integ:213806100100000], [Enpromo.integ:214106000100000], [Pay.optional:213614100000], [VisionOcr.optional:213614100400], [AdsFdrDynamite.integ:212104400100000], [Cronetdynamite:213614100400], [Dynamiteloader:213614100000], [Dynamitemodulesa:213614100000], [Dynamitemodulesc:213614100000], [Googlecertificates:213614100000], [Mapsdynamite:213614100000], [Measurementdynamite:213614100000]]
11-16 09:56:10.231: I/GCoreUlr(10859): DispatchingService ignoring Intent { act=android.net.wifi.WIFI_STATE_CHANGED flg=0x4000010 (has extras) } because ULR inactive [CONTEXT service_id=22 ]
11-16 09:56:10.232: I/GCoreUlr(10859): Unbound from all signal providers. [CONTEXT service_id=22 ]
11-16 09:56:10.232: I/GCoreUlr(10859): Stopping handler for UlrDispSvcFast [CONTEXT service_id=22 ]
11-16 09:56:10.235: I/ModuleSetMgr(13390): Pending container module APKs: [[Pay.optional:213614100000], [VisionOcr.optional:213614100400]]
11-16 09:56:10.235: I/ModuleSetMgr(13390): Pending non-container module APKs: [[Enpromo.integ:214106000100000], [AdsFdrDynamite.integ:213806100100000]]
11-16 09:56:10.245: W/PackageParser(13390): Unknown element under <manifest>: queries at /data/user_de/0/com.google.android.gms/app_chimera/m/00000007/AdsDynamite.apk Binary XML file line #5
11-16 09:56:10.248: I/SoundTriggerModelLoader(13912): Unloading model 9f6ad62a-1f0b-11e7-87c5-40a8f03d3f15
11-16 09:56:10.248: I/SoundTriggerManagerComp(13912): Unloading model 9f6ad62a-1f0b-11e7-87c5-40a8f03d3f15
11-16 09:56:10.248: I/SoundTriggerService(1173): deleteSoundModel(): id = 9f6ad62a-1f0b-11e7-87c5-40a8f03d3f15
11-16 09:56:10.248: W/SoundTriggerHelper(1173): Unload error: Attempting unload invalid generic model with id:9f6ad62a-1f0b-11e7-87c5-40a8f03d3f15
11-16 09:56:10.258: W/PackageParser(13390): Unknown element under <manifest>: queries at /data/user_de/0/com.google.android.gms/app_chimera/m/00000011/dl-AdsFdrDynamite.integ_213806100100000.apk Binary XML file line #11
11-16 09:56:10.263: I/GmsModuleFndr(13390): Beginning GMS chimera module scan
11-16 09:56:10.263: I/RecoverableKeyStoreGms(13390): [RecoverableKeyStoreGmsInitOperation] Initializing auth_folsom
11-16 09:56:10.264: I/RecoverableKeyStoreGms(13390): [RecoverableKeyStoreGmsInitOperation] com.google.android.gms.auth.folsom.service.FolsomPublicKeyUpdateService is already enabled. Ignore.
11-16 09:56:10.264: I/RecoverableKeyStoreGms(13390): [RecoverableKeyStoreGmsInitOperation] com.google.android.gms.auth.folsom.service.GcmReceiverService is already enabled. Ignore.
11-16 09:56:10.267: V/RecoverableKeyStoreMgr(1173): Not updating secret types - same as old value.
