11-16 09:56:22.743: I/EventHub(1173): Removed device: path=/dev/input/event3 name=uinput-fpc id=89 fd=232 classes=0x101
11-16 09:56:22.743: W/EventHub(1173): built-in keyboard device /dev/input/event3 (id=89) is closing! the apps will not like this
11-16 09:56:22.744: W/InputReader(1173): Ignoring spurious device removed event for deviceId 89.
11-16 09:56:22.755: W/SilentFeedbackConfig(10057): Renaming current_experiments.bin.tmp to current_experiments.bin failed
11-16 09:56:22.759: D/QSEECOMAPI(16938): QSEECom_dealloc_memory 
11-16 09:56:22.760: D/QSEECOMAPI(16938): QSEECom_shutdown_app, app_id = 89
11-16 09:56:22.787: I/dex2oat(17025): dex2oat took 159.162ms (63.135ms cpu) (threads: 8) arena alloc=4KB (4832B) java alloc=128KB (131088B) native alloc=900KB (922352B) free=1659KB (1699088B)
11-16 09:56:22.802: I/android.youtub(16842): The ClassLoaderContext is a special shared library.
11-16 09:56:22.822: I/OpaEnabledReceiver(3654): Dispatching OPA eligble = true; AGSA = true; OPA enabled = true
11-16 09:56:22.822: I/OpaLayout(3654): Setting opa enabled to true
11-16 09:56:22.827: D/ConnectivityService(1173): requestNetwork for uid/pid:10080/16842 NetworkRequest [ TRACK_DEFAULT id=58, [ Capabilities: INTERNET&NOT_RESTRICTED&TRUSTED Unwanted:  Uid: 10080] ]
11-16 09:56:22.822: I/OpaLayout(3654): Setting opa enabled to true
11-16 09:56:22.827: D/Ethernet(1173): got request NetworkRequest [ TRACK_DEFAULT id=58, [ Capabilities: INTERNET&NOT_RESTRICTED&TRUSTED Unwanted:  Uid: 10080] ] with score 60
11-16 09:56:22.827: D/WIFI_AWARE_FACTORY(1173): got request NetworkRequest [ TRACK_DEFAULT id=58, [ Capabilities: INTERNET&NOT_RESTRICTED&TRUSTED Unwanted:  Uid: 10080] ] with score 60
11-16 09:56:22.828: D/WIFI_UT(1173): got request NetworkRequest [ TRACK_DEFAULT id=58, [ Capabilities: INTERNET&NOT_RESTRICTED&TRUSTED Unwanted:  Uid: 10080] ] with score 60
11-16 09:56:22.828: D/WIFI(1173): got request NetworkRequest [ TRACK_DEFAULT id=58, [ Capabilities: INTERNET&NOT_RESTRICTED&TRUSTED Unwanted:  Uid: 10080] ] with score 60
11-16 09:56:22.828: D/PhoneSwitcherNetworkRequstListener(3782): got request NetworkRequest [ TRACK_DEFAULT id=58, [ Capabilities: INTERNET&NOT_RESTRICTED&TRUSTED Unwanted:  Uid: 10080] ] with score 60
11-16 09:56:22.833: I/OpaEnabledReceiver(3654): Dispatching OPA eligble = true; AGSA = true; OPA enabled = true
11-16 09:56:22.833: I/OpaLayout(3654): Setting opa enabled to true
11-16 09:56:22.833: I/OpaLayout(3654): Setting opa enabled to true
11-16 09:56:22.834: I/OpaEligibilityChecker(10057): send OpaEligibilityChange broadcast to CommonBroadcastReceiver
11-16 09:56:22.847: I/OpaEnabledReceiver(3654): Dispatching OPA eligble = true; AGSA = true; OPA enabled = true
11-16 09:56:22.848: I/OpaLayout(3654): Setting opa enabled to true
11-16 09:56:22.848: I/OpaLayout(3654): Setting opa enabled to true
11-16 09:56:22.851: I/BlobLobber(10057): Canceling downloads: [odws2_en:us:807_2019-07-21_260300236_release_signed]
11-16 09:56:22.852: I/BlobLobber(10057): Failed to cancel [odws2_en:us:807_2019-07-21_260300236_release_signed]
11-16 09:56:22.859: I/BgTaskExecutorImpl(10057): Starting EXCLUSIVE background task BLOBLOBBER_SYNC.
11-16 09:56:22.860: I/BlobLobber(10057): Canceling downloads: []
11-16 09:56:22.860: I/OpaEligibilityChecker(10057): send OpaEligibilityChange broadcast to CommonBroadcastReceiver
11-16 09:56:22.863: I/VelourConfigListener(10057): Received new velour config
11-16 09:56:22.865: I/OpaEnabledReceiver(3654): Dispatching OPA eligble = true; AGSA = true; OPA enabled = true
11-16 09:56:22.866: I/OpaLayout(3654): Setting opa enabled to true
11-16 09:56:22.866: I/OpaLayout(3654): Setting opa enabled to true
11-16 09:56:22.877: I/android.youtub(16842): Rejecting re-init on previously-failed class java.lang.Class<com.google.android.ads.tasks.appdigest.a>: java.lang.NoClassDefFoundError: Failed resolution of: Landroid/content/pm/PackageManager$OnChecksumsReadyListener;
11-16 09:56:22.877: I/android.youtub(16842):   at java.lang.Class dalvik.system.DexFile.defineClassNative(java.lang.String, java.lang.ClassLoader, java.lang.Object, dalvik.system.DexFile) (DexFile.java:-2)
11-16 09:56:22.877: I/android.youtub(16842):   at java.lang.Class dalvik.system.DexFile.defineClass(java.lang.String, java.lang.ClassLoader, java.lang.Object, dalvik.system.DexFile, java.util.List) (DexFile.java:283)
11-16 09:56:22.877: I/android.youtub(16842):   at java.lang.Class dalvik.system.DexFile.loadClassBinaryName(java.lang.String, java.lang.ClassLoader, java.util.List) (DexFile.java:276)
11-16 09:56:22.877: I/android.youtub(16842):   at java.lang.Class dalvik.system.DexPathList$Element.findClass(java.lang.String, java.lang.ClassLoader, java.util.List) (DexPathList.java:724)
11-16 09:56:22.877: I/android.youtub(16842):   at java.lang.Class dalvik.system.DexPathList.findClass(java.lang.String, java.util.List) (DexPathList.java:486)
11-16 09:56:22.877: I/android.youtub(16842):   at java.lang.Class dalvik.system.BaseDexClassLoader.findClass(java.lang.String) (BaseDexClassLoader.java:132)
11-16 09:56:22.877: I/android.youtub(16842):   at java.lang.Class bg.loadClass(java.lang.String, boolean) (:com.google.android.gms.dynamite_dynamiteloader@213614065@21.36.14 (100400-0):2)
11-16 09:56:22.877: I/android.youtub(16842):   at java.lang.Class java.lang.ClassLoader.loadClass(java.lang.String) (ClassLoader.java:312)
11-16 09:56:22.877: I/android.youtub(16842):   at java.util.List xu.r(yv, android.content.Context, bqi, com.google.ads.afma.g) (:com.google.android.gms.policy_ads_fdr_dynamite@213806100@213806100057.397311113.397311113:5)
11-16 09:56:22.877: I/android.youtub(16842):   at java.util.List xv.r(yv, android.content.Context, bqi, com.google.ads.afma.g) (:com.google.android.gms.policy_ads_fdr_dynamite@213806100@213806100057.397311113.397311113:4)
11-16 09:56:22.877: I/android.youtub(16842):   at void xu.s(yv, android.content.Context, bqi, com.google.ads.afma.g) (:com.google.android.gms.policy_ads_fdr_dynamite@213806100@213806100057.397311113.397311113:0)
11-16 09:56:22.877: I/android.youtub(16842):   at bqi xu.m(android.content.Context, com.google.ads.afma.g) (:com.google.android.gms.policy_ads_fdr_dynamite@213806100@213806100057.397311113.397311113:7)
11-16 09:56:22.877: I/android.youtub(16842):   at java.lang.String xp.r(android.content.Context, java.lang.String, int, android.view.View, android.app.Activity, byte[]) (:com.google.android.gms.policy_ads_fdr_dynamite@213806100@213806100057.397311113.397311113:8)
11-16 09:56:22.877: I/android.youtub(16842):   at java.lang.String xp.g(android.content.Context, byte[]) (:com.google.android.gms.policy_ads_fdr_dynamite@213806100@213806100057.397311113.397311113:2)
11-16 09:56:22.877: I/android.youtub(16842):   at java.lang.String com.google.android.gms.ads.adshield.internal.a.b(aqh, byte[]) (:com.google.android.gms.policy_ads_fdr_dynamite@213806100@213806100057.397311113.397311113:1)
11-16 09:56:22.877: I/android.youtub(16842):   at boolean com.google.android.gms.ads.adshield.internal.a.bJ(int, android.os.Parcel, android.os.Parcel) (:com.google.android.gms.policy_ads_fdr_dynamite@213806100@213806100057.397311113.397311113:54)
11-16 09:56:22.877: I/android.youtub(16842):   at boolean zg.onTransact(int, android.os.Parcel, android.os.Parcel, int) (:com.google.android.gms.policy_ads_fdr_dynamite@213806100@213806100057.397311113.397311113:4)
11-16 09:56:22.877: I/android.youtub(16842):   at boolean android.os.Binder.transact(int, android.os.Parcel, android.os.Parcel, int) (Binder.java:667)
11-16 09:56:22.877: I/android.youtub(16842):   at android.os.Parcel pcs.a(int, android.os.Parcel) (SourceFile:7)
11-16 09:56:22.877: I/android.youtub(16842):   at java.lang.String pkk.a(oms, byte[]) (SourceFile:40)
11-16 09:56:22.877: I/android.youtub(16842):   at java.lang.String nrc.a(android.content.Context, byte[]) (SourceFile:6)
11-16 09:56:22.877: I/android.youtub(16842):   at java.lang.String qis.a(android.content.Context, byte[]) (SourceFile:10)
11-16 09:56:22.877: I/android.youtub(16842):   at java.lang.String skv.a(qio, byte[]) (SourceFile:59)
11-16 09:56:22.877: I/android.youtub(16842):   at java.lang.String skv.g() (SourceFile:41)
11-16 09:56:22.877: I/android.youtub(16842):   at java.lang.String skv.b() (SourceFile:69)
11-16 09:56:22.877: I/android.youtub(16842):   at java.lang.String slq.i() (SourceFile:56)
11-16 09:56:22.877: I/android.youtub(16842):   at java.lang.String slq.b() (SourceFile:32)
11-16 09:56:22.877: I/android.youtub(16842):   at void slq.e() (SourceFile:37)
11-16 09:56:22.877: I/android.youtub(16842):   at void cmk.run() (SourceFile:7)
11-16 09:56:22.877: I/android.youtub(16842):   at java.lang.Object java.util.concurrent.Executors$RunnableAdapter.call() (Executors.java:458)
11-16 09:56:22.877: I/android.youtub(16842):   at void java.util.concurrent.FutureTask.run() (FutureTask.java:266)
11-16 09:56:22.877: I/android.youtub(16842):   at void java.util.concurrent.ScheduledThreadPoolExecutor$ScheduledFutureTask.run() (ScheduledThreadPoolExecutor.java:301)
11-16 09:56:22.877: I/android.youtub(16842):   at void java.util.concurrent.ThreadPoolExecutor.runWorker(java.util.concurrent.ThreadPoolExecutor$Worker) (ThreadPoolExecutor.java:1167)
11-16 09:56:22.877: I/android.youtub(16842):   at void java.util.concurrent.ThreadPoolExecutor$Worker.run() (ThreadPoolExecutor.java:641)
11-16 09:56:22.877: I/android.youtub(16842):   at void ubi.run() (SourceFile:20)
11-16 09:56:22.877: I/android.youtub(16842):   at void java.lang.Thread.run() (Thread.java:764)
11-16 09:56:22.877: I/android.youtub(16842): Caused by: java.lang.ClassNotFoundException: Didn't find class "android.content.pm.PackageManager$OnChecksumsReadyListener" on path: DexPathList[[zip file "/data/user_de/0/com.google.android.gms/app_chimera/m/00000011/dl-AdsFdrDynamite.integ_213806100100000.apk"],nativeLibraryDirectories=[/data/user_de/0/com.google.android.gms/app_chimera/m/00000011/dl-AdsFdrDynamite.integ_213806100100000.apk!/lib/arm64-v8a, /system/lib64]]
11-16 09:56:22.877: I/android.youtub(16842):   at java.lang.Class dalvik.system.BaseDexClassLoader.findClass(java.lang.String) (BaseDexClassLoader.java:134)
11-16 09:56:22.877: I/android.youtub(16842):   at java.lang.Class java.lang.ClassLoader.loadClass(java.lang.String, boolean) (ClassLoader.java:379)
11-16 09:56:22.877: I/android.youtub(16842):   at java.lang.Class bg.loadClass(java.lang.String, boolean) (:com.google.android.gms.dynamite_dynamiteloader@213614065@21.36.14 (100400-0):3)
11-16 09:56:22.877: I/android.youtub(16842):   at java.lang.Class java.lang.ClassLoader.loadClass(java.lang.String) (ClassLoader.java:312)
11-16 09:56:22.877: I/android.youtub(16842):   at java.lang.Class dalvik.system.DexFile.defineClassNative(java.lang.String, java.lang.ClassLoader, java.lang.Object, dalvik.system.DexFile) (DexFile.java:-2)
11-16 09:56:22.877: I/android.youtub(16842):   at java.lang.Class dalvik.system.DexFile.defineClass(java.lang.String, java.lang.ClassLoader, java.lang.Object, dalvik.system.DexFile, java.util.List) (DexFile.java:283)
11-16 09:56:22.877: I/android.youtub(16842):   at java.lang.Class dalvik.system.DexFile.loadClassBinaryName(java.lang.String, java.lang.ClassLoader, java.util.List) (DexFile.java:276)
11-16 09:56:22.877: I/android.youtub(16842):   at java.lang.Class dalvik.system.DexPathList$Element.findClass(java.lang.String, java.lang.ClassLoader, java.util.List) (DexPathList.java:724)
11-16 09:56:22.877: I/android.youtub(16842):   at java.lang.Class dalvik.system.DexPathList.findClass(java.lang.String, java.util.List) (DexPathList.java:486)
11-16 09:56:22.877: I/android.youtub(16842):   at java.lang.Class dalvik.system.BaseDexClassLoader.findClass(java.lang.String) (BaseDexClassLoader.java:132)
11-16 09:56:22.877: I/android.youtub(16842):   at java.lang.Class bg.loadClass(java.lang.String, boolean) (:com.google.android.gms.dynamite_dynamiteloader@213614065@21.36.14 (100400-0):2)
11-16 09:56:22.877: I/android.youtub(16842):   at java.lang.Class java.lang.ClassLoader.loadClass(java.lang.String) (ClassLoader.java:312)
11-16 09:56:22.877: I/android.youtub(16842):   at java.util.List xu.r(yv, android.content.Context, bqi, com.google.ads.afma.g) (:com.google.android.gms.policy_ads_fdr_dynamite@213806100@213806100057.397311113.397311113:5)
11-16 09:56:22.877: I/android.youtub(16842):   at java.util.List xv.r(yv, android.content.Context, bqi, com.google.ads.afma.g) (:com.google.android.gms.policy_ads_fdr_dynamite@213806100@213806100057.397311113.397311113:4)
11-16 09:56:22.877: I/android.youtub(16842):   at void xu.s(yv, android.content.Context, bqi, com.google.ads.afma.g) (:com.google.android.gms.policy_ads_fdr_dynamite@213806100@213806100057.397311113.397311113:0)
11-16 09:56:22.877: I/android.youtub(16842):   at bqi xu.m(android.content.Context, com.google.ads.afma.g) (:com.google.android.gms.policy_ads_fdr_dynamite@213806100@213806100057.397311113.397311113:7)
11-16 09:56:22.877: I/android.youtub(16842):   at java.lang.String xp.r(android.content.Context, java.lang.String, int, android.view.View, android.app.Activity, byte[]) (:com.google.android.gms.policy_ads_fdr_dynamite@213806100@213806100057.397311113.397311113:8)
11-16 09:56:22.877: I/android.youtub(16842):   at java.lang.String xp.g(android.content.Context, byte[]) (:com.google.android.gms.policy_ads_fdr_dynamite@213806100@213806100057.397311113.397311113:2)
11-16 09:56:22.877: I/android.youtub(16842):   at java.lang.String com.google.android.gms.ads.adshield.internal.a.b(aqh, byte[]) (:com.google.android.gms.policy_ads_fdr_dynamite@213806100@213806100057.397311113.397311113:1)
11-16 09:56:22.877: I/android.youtub(16842):   at boolean com.google.android.gms.ads.adshield.internal.a.bJ(int, android.os.Parcel, android.os.Parcel) (:com.google.android.gms.policy_ads_fdr_dynamite@213806100@213806100057.397311113.397311113:54)
11-16 09:56:22.877: I/android.youtub(16842):   at boolean zg.onTransact(int, android.os.Parcel, android.os.Parcel, int) (:com.google.android.gms.policy_ads_fdr_dynamite@213806100@213806100057.397311113.397311113:4)
11-16 09:56:22.877: I/android.youtub(16842):   at boolean android.os.Binder.transact(int, android.os.Parcel, android.os.Parcel, int) (Binder.java:667)
11-16 09:56:22.877: I/android.youtub(16842):   at android.os.Parcel pcs.a(int, android.os.Parcel) (SourceFile:7)
11-16 09:56:22.877: I/android.youtub(16842):   at java.lang.String pkk.a(oms, byte[]) (SourceFile:40)
11-16 09:56:22.877: I/android.youtub(16842):   at java.lang.String nrc.a(android.content.Context, byte[]) (SourceFile:6)
11-16 09:56:22.877: I/android.youtub(16842):   at java.lang.String qis.a(android.content.Context, byte[]) (SourceFile:10)
11-16 09:56:22.877: I/android.youtub(16842):   at java.lang.String skv.a(qio, byte[]) (SourceFile:59)
11-16 09:56:22.877: I/android.youtub(16842):   at java.lang.String skv.g() (SourceFile:41)
11-16 09:56:22.877: I/android.youtub(16842):   at java.lang.String skv.b() (SourceFile:69)
11-16 09:56:22.877: I/android.youtub(16842):   at java.lang.String slq.i() (SourceFile:56)
11-16 09:56:22.877: I/android.youtub(16842):   at java.lang.String slq.b() (SourceFile:32)
11-16 09:56:22.877: I/android.youtub(16842):   at void slq.e() (SourceFile:37)
11-16 09:56:22.877: I/android.youtub(16842):   at void cmk.run() (SourceFile:7)
11-16 09:56:22.877: I/android.youtub(16842):   at java.lang.Object java.util.concurrent.Executors$RunnableAdapter.call() (Executors.java:458)
11-16 09:56:22.877: I/android.youtub(16842):   at void java.util.concurrent.FutureTask.run() (FutureTask.java:266)
11-16 09:56:22.877: I/android.youtub(16842):   at void java.util.concurrent.ScheduledThreadPoolExecutor$ScheduledFutureTask.run() (ScheduledThreadPoolExecutor.java:301)
11-16 09:56:22.877: I/android.youtub(16842):   at void java.util.concurrent.ThreadPoolExecutor.runWorker(java.util.concurrent.ThreadPoolExecutor$Worker) (ThreadPoolExecutor.java:1167)
11-16 09:56:22.877: I/android.youtub(16842):   at void java.util.concurrent.ThreadPoolExecutor$Worker.run() (ThreadPoolExecutor.java:641)
11-16 09:56:22.877: I/android.youtub(16842):   at void ubi.run() (SourceFile:20)
11-16 09:56:22.877: I/android.youtub(16842):   at void java.lang.Thread.run() (Thread.java:764)
11-16 09:56:22.878: I/android.youtub(16842): Rejecting re-init on previously-failed class java.lang.Class<com.google.android.ads.tasks.appdigest.a>: java.lang.NoClassDefFoundError: Failed resolution of: Landroid/content/pm/PackageManager$OnChecksumsReadyListener;
11-16 09:56:22.878: I/android.youtub(16842):   at java.lang.Class dalvik.system.DexFile.defineClassNative(java.lang.String, java.lang.ClassLoader, java.lang.Object, dalvik.system.DexFile) (DexFile.java:-2)
11-16 09:56:22.878: I/android.youtub(16842):   at java.lang.Class dalvik.system.DexFile.defineClass(java.lang.String, java.lang.ClassLoader, java.lang.Object, dalvik.system.DexFile, java.util.List) (DexFile.java:283)
11-16 09:56:22.878: I/android.youtub(16842):   at java.lang.Class dalvik.system.DexFile.loadClassBinaryName(java.lang.String, java.lang.ClassLoader, java.util.List) (DexFile.java:276)
11-16 09:56:22.878: I/android.youtub(16842):   at java.lang.Class dalvik.system.DexPathList$Element.findClass(java.lang.String, java.lang.ClassLoader, java.util.List) (DexPathList.java:724)
11-16 09:56:22.878: I/android.youtub(16842):   at java.lang.Class dalvik.system.DexPathList.findClass(java.lang.String, java.util.List) (DexPathList.java:486)
11-16 09:56:22.878: I/android.youtub(16842):   at java.lang.Class dalvik.system.BaseDexClassLoader.findClass(java.lang.String) (BaseDexClassLoader.java:132)
11-16 09:56:22.878: I/android.youtub(16842):   at java.lang.Class bg.loadClass(java.lang.String, boolean) (:com.google.android.gms.dynamite_dynamiteloader@213614065@21.36.14 (100400-0):2)
11-16 09:56:22.878: I/android.youtub(16842):   at java.lang.Class java.lang.ClassLoader.loadClass(java.lang.String) (ClassLoader.java:312)
11-16 09:56:22.878: I/android.youtub(16842):   at java.util.List xu.r(yv, android.content.Context, bqi, com.google.ads.afma.g) (:com.google.android.gms.policy_ads_fdr_dynamite@213806100@213806100057.397311113.397311113:5)
11-16 09:56:22.878: I/android.youtub(16842):   at java.util.List xv.r(yv, android.content.Context, bqi, com.google.ads.afma.g) (:com.google.android.gms.policy_ads_fdr_dynamite@213806100@213806100057.397311113.397311113:4)
11-16 09:56:22.878: I/android.youtub(16842):   at void xu.s(yv, android.content.Context, bqi, com.google.ads.afma.g) (:com.google.android.gms.policy_ads_fdr_dynamite@213806100@213806100057.397311113.397311113:0)
11-16 09:56:22.878: I/android.youtub(16842):   at bqi xu.m(android.content.Context, com.google.ads.afma.g) (:com.google.android.gms.policy_ads_fdr_dynamite@213806100@213806100057.397311113.397311113:7)
11-16 09:56:22.878: I/android.youtub(16842):   at java.lang.String xp.r(android.content.Context, java.lang.String, int, android.view.View, android.app.Activity, byte[]) (:com.google.android.gms.policy_ads_fdr_dynamite@213806100@213806100057.397311113.397311113:8)
11-16 09:56:22.878: I/android.youtub(16842):   at java.lang.String xp.g(android.content.Context, byte[]) (:com.google.android.gms.policy_ads_fdr_dynamite@213806100@213806100057.397311113.397311113:2)
11-16 09:56:22.878: I/android.youtub(16842):   at java.lang.String com.google.android.gms.ads.adshield.internal.a.b(aqh, byte[]) (:com.google.android.gms.policy_ads_fdr_dynamite@213806100@213806100057.397311113.397311113:1)
11-16 09:56:22.878: I/android.youtub(16842):   at boolean com.google.android.gms.ads.adshield.internal.a.bJ(int, android.os.Parcel, android.os.Parcel) (:com.google.android.gms.policy_ads_fdr_dynamite@213806100@213806100057.397311113.397311113:54)
11-16 09:56:22.878: I/android.youtub(16842):   at boolean zg.onTransact(int, android.os.Parcel, android.os.Parcel, int) (:com.google.android.gms.policy_ads_fdr_dynamite@213806100@213806100057.397311113.397311113:4)
11-16 09:56:22.878: I/android.youtub(16842):   at boolean android.os.Binder.transact(int, android.os.Parcel, android.os.Parcel, int) (Binder.java:667)
11-16 09:56:22.878: I/android.youtub(16842):   at android.os.Parcel pcs.a(int, android.os.Parcel) (SourceFile:7)
11-16 09:56:22.878: I/android.youtub(16842):   at java.lang.String pkk.a(oms, byte[]) (SourceFile:40)
11-16 09:56:22.878: I/android.youtub(16842):   at java.lang.String nrc.a(android.content.Context, byte[]) (SourceFile:6)
11-16 09:56:22.878: I/android.youtub(16842):   at java.lang.String qis.a(android.content.Context, byte[]) (SourceFile:10)
11-16 09:56:22.878: I/android.youtub(16842):   at java.lang.String skv.a(qio, byte[]) (SourceFile:59)
11-16 09:56:22.878: I/android.youtub(16842):   at java.lang.String skv.g() (SourceFile:41)
11-16 09:56:22.878: I/android.youtub(16842):   at java.lang.String skv.b() (SourceFile:69)
11-16 09:56:22.878: I/android.youtub(16842):   at java.lang.String slq.i() (SourceFile:56)
11-16 09:56:22.878: I/android.youtub(16842):   at java.lang.String slq.b() (SourceFile:32)
11-16 09:56:22.878: I/android.youtub(16842):   at void slq.e() (SourceFile:37)
11-16 09:56:22.878: I/android.youtub(16842):   at void cmk.run() (SourceFile:7)
11-16 09:56:22.878: I/android.youtub(16842):   at java.lang.Object java.util.concurrent.Executors$RunnableAdapter.call() (Executors.java:458)
11-16 09:56:22.878: I/android.youtub(16842):   at void java.util.concurrent.FutureTask.run() (FutureTask.java:266)
11-16 09:56:22.878: I/android.youtub(16842):   at void java.util.concurrent.ScheduledThreadPoolExecutor$ScheduledFutureTask.run() (ScheduledThreadPoolExecutor.java:301)
11-16 09:56:22.878: I/android.youtub(16842):   at void java.util.concurrent.ThreadPoolExecutor.runWorker(java.util.concurrent.ThreadPoolExecutor$Worker) (ThreadPoolExecutor.java:1167)
11-16 09:56:22.878: I/android.youtub(16842):   at void java.util.concurrent.ThreadPoolExecutor$Worker.run() (ThreadPoolExecutor.java:641)
11-16 09:56:22.878: I/android.youtub(16842):   at void ubi.run() (SourceFile:20)
11-16 09:56:22.878: I/android.youtub(16842):   at void java.lang.Thread.run() (Thread.java:764)
11-16 09:56:22.878: I/android.youtub(16842): Caused by: java.lang.ClassNotFoundException: Didn't find class "android.content.pm.PackageManager$OnChecksumsReadyListener" on path: DexPathList[[zip file "/data/user_de/0/com.google.android.gms/app_chimera/m/00000011/dl-AdsFdrDynamite.integ_213806100100000.apk"],nativeLibraryDirectories=[/data/user_de/0/com.google.android.gms/app_chimera/m/00000011/dl-AdsFdrDynamite.integ_213806100100000.apk!/lib/arm64-v8a, /system/lib64]]
11-16 09:56:22.878: I/android.youtub(16842):   at java.lang.Class dalvik.system.BaseDexClassLoader.findClass(java.lang.String) (BaseDexClassLoader.java:134)
11-16 09:56:22.878: I/android.youtub(16842):   at java.lang.Class java.lang.ClassLoader.loadClass(java.lang.String, boolean) (ClassLoader.java:379)
11-16 09:56:22.878: I/android.youtub(16842):   at java.lang.Class bg.loadClass(java.lang.String, boolean) (:com.google.android.gms.dynamite_dynamiteloader@213614065@21.36.14 (100400-0):3)
11-16 09:56:22.878: I/android.youtub(16842):   at java.lang.Class java.lang.ClassLoader.loadClass(java.lang.String) (ClassLoader.java:312)
11-16 09:56:22.878: I/android.youtub(16842):   at java.lang.Class dalvik.system.DexFile.defineClassNative(java.lang.String, java.lang.ClassLoader, java.lang.Object, dalvik.system.DexFile) (DexFile.java:-2)
11-16 09:56:22.878: I/android.youtub(16842):   at java.lang.Class dalvik.system.DexFile.defineClass(java.lang.String, java.lang.ClassLoader, java.lang.Object, dalvik.system.DexFile, java.util.List) (DexFile.java:283)
11-16 09:56:22.878: I/android.youtub(16842):   at java.lang.Class dalvik.system.DexFile.loadClassBinaryName(java.lang.String, java.lang.ClassLoader, java.util.List) (DexFile.java:276)
11-16 09:56:22.878: I/android.youtub(16842):   at java.lang.Class dalvik.system.DexPathList$Element.findClass(java.lang.String, java.lang.ClassLoader, java.util.List) (DexPathList.java:724)
11-16 09:56:22.878: I/android.youtub(16842):   at java.lang.Class dalvik.system.DexPathList.findClass(java.lang.String, java.util.List) (DexPathList.java:486)
11-16 09:56:22.878: I/android.youtub(16842):   at java.lang.Class dalvik.system.BaseDexClassLoader.findClass(java.lang.String) (BaseDexClassLoader.java:132)
11-16 09:56:22.878: I/android.youtub(16842):   at java.lang.Class bg.loadClass(java.lang.String, boolean) (:com.google.android.gms.dynamite_dynamiteloader@213614065@21.36.14 (100400-0):2)
11-16 09:56:22.878: I/android.youtub(16842):   at java.lang.Class java.lang.ClassLoader.loadClass(java.lang.String) (ClassLoader.java:312)
11-16 09:56:22.878: I/android.youtub(16842):   at java.util.List xu.r(yv, android.content.Context, bqi, com.google.ads.afma.g) (:com.google.android.gms.policy_ads_fdr_dynamite@213806100@213806100057.397311113.397311113:5)
11-16 09:56:22.878: I/android.youtub(16842):   at java.util.List xv.r(yv, android.content.Context, bqi, com.google.ads.afma.g) (:com.google.android.gms.policy_ads_fdr_dynamite@213806100@213806100057.397311113.397311113:4)
11-16 09:56:22.878: I/android.youtub(16842):   at void xu.s(yv, android.content.Context, bqi, com.google.ads.afma.g) (:com.google.android.gms.policy_ads_fdr_dynamite@213806100@213806100057.397311113.397311113:0)
11-16 09:56:22.878: I/android.youtub(16842):   at bqi xu.m(android.content.Context, com.google.ads.afma.g) (:com.google.android.gms.policy_ads_fdr_dynamite@213806100@213806100057.397311113.397311113:7)
11-16 09:56:22.878: I/android.youtub(16842):   at java.lang.String xp.r(android.content.Context, java.lang.String, int, android.view.View, android.app.Activity, byte[]) (:com.google.android.gms.policy_ads_fdr_dynamite@213806100@213806100057.397311113.397311113:8)
11-16 09:56:22.878: I/android.youtub(16842):   at java.lang.String xp.g(android.content.Context, byte[]) (:com.google.android.gms.policy_ads_fdr_dynamite@213806100@213806100057.397311113.397311113:2)
11-16 09:56:22.878: I/android.youtub(16842):   at java.lang.String com.google.android.gms.ads.adshield.internal.a.b(aqh, byte[]) (:com.google.android.gms.policy_ads_fdr_dynamite@213806100@213806100057.397311113.397311113:1)
11-16 09:56:22.878: I/android.youtub(16842):   at boolean com.google.android.gms.ads.adshield.internal.a.bJ(int, android.os.Parcel, android.os.Parcel) (:com.google.android.gms.policy_ads_fdr_dynamite@213806100@213806100057.397311113.397311113:54)
11-16 09:56:22.878: I/android.youtub(16842):   at boolean zg.onTransact(int, android.os.Parcel, android.os.Parcel, int) (:com.google.android.gms.policy_ads_fdr_dynamite@213806100@213806100057.397311113.397311113:4)
11-16 09:56:22.878: I/android.youtub(16842):   at boolean android.os.Binder.transact(int, android.os.Parcel, android.os.Parcel, int) (Binder.java:667)
11-16 09:56:22.878: I/android.youtub(16842):   at android.os.Parcel pcs.a(int, android.os.Parcel) (SourceFile:7)
11-16 09:56:22.878: I/android.youtub(16842):   at java.lang.String pkk.a(oms, byte[]) (SourceFile:40)
11-16 09:56:22.878: I/android.youtub(16842):   at java.lang.String nrc.a(android.content.Context, byte[]) (SourceFile:6)
11-16 09:56:22.878: I/android.youtub(16842):   at java.lang.String qis.a(android.content.Context, byte[]) (SourceFile:10)
11-16 09:56:22.878: I/android.youtub(16842):   at java.lang.String skv.a(qio, byte[]) (SourceFile:59)
11-16 09:56:22.878: I/android.youtub(16842):   at java.lang.String skv.g() (SourceFile:41)
11-16 09:56:22.878: I/android.youtub(16842):   at java.lang.String skv.b() (SourceFile:69)
11-16 09:56:22.878: I/android.youtub(16842):   at java.lang.String slq.i() (SourceFile:56)
11-16 09:56:22.878: I/android.youtub(16842):   at java.lang.String slq.b() (SourceFile:32)
11-16 09:56:22.878: I/android.youtub(16842):   at void slq.e() (SourceFile:37)
11-16 09:56:22.878: I/android.youtub(16842):   at void cmk.run() (SourceFile:7)
11-16 09:56:22.878: I/android.youtub(16842):   at java.lang.Object java.util.concurrent.Executors$RunnableAdapter.call() (Executors.java:458)
11-16 09:56:22.878: I/android.youtub(16842):   at void java.util.concurrent.FutureTask.run() (FutureTask.java:266)
11-16 09:56:22.878: I/android.youtub(16842):   at void java.util.concurrent.ScheduledThreadPoolExecutor$ScheduledFutureTask.run() (ScheduledThreadPoolExecutor.java:301)
11-16 09:56:22.878: I/android.youtub(16842):   at void java.util.concurrent.ThreadPoolExecutor.runWorker(java.util.concurrent.ThreadPoolExecutor$Worker) (ThreadPoolExecutor.java:1167)
11-16 09:56:22.878: I/android.youtub(16842):   at void java.util.concurrent.ThreadPoolExecutor$Worker.run() (ThreadPoolExecutor.java:641)
11-16 09:56:22.878: I/android.youtub(16842):   at void ubi.run() (SourceFile:20)
11-16 09:56:22.878: I/android.youtub(16842):   at void java.lang.Thread.run() (Thread.java:764)
11-16 09:56:22.891: I/VelourConfigListener(10057): Received new velour config
11-16 09:56:22.894: I/FA(16988): App measurement is starting up, version: 18100
11-16 09:56:22.894: I/FA(16988): To enable debug logging run: adb shell setprop log.tag.FA VERBOSE
11-16 09:56:22.894: I/FA(16988): To enable faster debug mode event logging run:
11-16 09:56:22.894: I/FA(16988):   adb shell setprop debug.firebase.analytics.app com.google.android.apps.chromecast.app
11-16 09:56:22.910: I/BgTaskExecutorImpl(10057): Starting EXCLUSIVE background task VELOUR_BACKGROUND_MAINTENANCE.
11-16 09:56:22.924: W/HomeApp|huv(16988): Can't load devices as there is no network connection! Will retry later.
11-16 09:56:22.950: D/BoundBrokerSvc(13390): onBind: Intent { act=com.google.android.gms.measurement.START pkg=com.google.android.gms }
11-16 09:56:22.950: D/BoundBrokerSvc(13390): Loading bound service for intent: Intent { act=com.google.android.gms.measurement.START pkg=com.google.android.gms }
11-16 09:56:22.993: D/DownloadManager(15379): [83] Starting
11-16 09:56:22.999: I/Icing(13390): IndexChimeraService.getServiceInterface callingPackage=com.google.android.googlequicksearchbox componentName=agsa_icing_connection serviceId=32
11-16 09:56:23.002: I/Icing(13390): IndexChimeraService.getServiceInterface callingPackage=com.google.android.googlequicksearchbox componentName=agsa_icing_connection serviceId=33
11-16 09:56:23.027: I/FontLog(10859): Received query Google Sans, URI content://com.google.android.gms.fonts [CONTEXT service_id=132 ]
11-16 09:56:23.027: I/FontLog(10859): Query [Google Sans] resolved to {Google Sans, wdth 100.0, wght 400, ital 0.0, bestEffort false} [CONTEXT service_id=132 ]
11-16 09:56:23.031: D/NetworkSecurityConfig(15379): Using Network Security Config from resource network_security_config debugBuild: false
11-16 09:56:23.032: D/NetworkSecurityConfig(15379): Using Network Security Config from resource network_security_config debugBuild: false
11-16 09:56:23.035: D/NetworkSecurityConfig(15379): No Network Security Config specified, using platform default
11-16 09:56:23.035: I/FontLog(10859): Font PFD returned from cache for {Google Sans, wdth 100.0, wght 400, ital 0.0, bestEffort false} [CONTEXT service_id=132 ]
11-16 09:56:23.035: I/FontLog(10859): Fetch {Google Sans, wdth 100.0, wght 400, ital 0.0, bestEffort false} end status Status{statusCode=SUCCESS, resolution=null} [CONTEXT service_id=132 ]
11-16 09:56:23.036: W/SearchServiceCore(10057): Abort, client detached.
11-16 09:56:23.036: I/chatty(10057): uid=10047 com.google.android.googlequicksearchbox:search identical 4 lines
11-16 09:56:23.036: W/SearchServiceCore(10057): Abort, client detached.
11-16 09:56:23.038: W/earchbox:searc(10057): Unsupported class loader
11-16 09:56:23.038: I/FontLog(10859): Pulling font file for id = 12, cache size = 5 [CONTEXT service_id=132 ]
11-16 09:56:23.049: I/FontLog(10859): Received query Google Sans:500, URI content://com.google.android.gms.fonts [CONTEXT service_id=132 ]
11-16 09:56:23.050: I/FontLog(10859): Query [Google Sans:500] resolved to {Google Sans, wdth 100.0, wght 500, ital 0.0, bestEffort false} [CONTEXT service_id=132 ]
11-16 09:56:23.055: I/gle.android.gm(13390): Background concurrent copying GC freed 155909(7MB) AllocSpace objects, 52(2MB) LOS objects, 50% free, 11MB/23MB, paused 241us total 104.651ms
11-16 09:56:23.057: I/FontLog(10859): Font PFD returned from cache for {Google Sans, wdth 100.0, wght 500, ital 0.0, bestEffort false} [CONTEXT service_id=132 ]
11-16 09:56:23.057: I/FontLog(10859): Fetch {Google Sans, wdth 100.0, wght 500, ital 0.0, bestEffort false} end status Status{statusCode=SUCCESS, resolution=null} [CONTEXT service_id=132 ]
11-16 09:56:23.058: I/BgTaskExecutorImpl(10057): Starting EXCLUSIVE background task BLOBLOBBER_SYNC.
11-16 09:56:23.061: I/FontLog(10859): Pulling font file for id = 13, cache size = 6 [CONTEXT service_id=132 ]
11-16 09:56:23.065: I/FontLog(10859): Received query Google Sans Display, URI content://com.google.android.gms.fonts [CONTEXT service_id=132 ]
11-16 09:56:23.065: I/FontLog(10859): Query [Google Sans Display] resolved to {Google Sans Display, wdth 100.0, wght 400, ital 0.0, bestEffort false} [CONTEXT service_id=132 ]
11-16 09:56:23.066: I/FontLog(10859): Font PFD returned from cache for {Google Sans Display, wdth 100.0, wght 400, ital 0.0, bestEffort false} [CONTEXT service_id=132 ]
11-16 09:56:23.066: I/FontLog(10859): Fetch {Google Sans Display, wdth 100.0, wght 400, ital 0.0, bestEffort false} end status Status{statusCode=SUCCESS, resolution=null} [CONTEXT service_id=132 ]
11-16 09:56:23.068: I/FontLog(10859): Pulling font file for id = 14, cache size = 7 [CONTEXT service_id=132 ]
11-16 09:56:23.079: W/GCM(16988): GCM SDK is deprecated, com.google.android.apps.chromecast.app should update to use FCM
11-16 09:56:23.089: W/BlobLobber(10057): Skipping download (already active): odws2_en:us:807_2019-09-12_270573492_release_signed
11-16 09:56:23.102: I/PeopleChimeraService(13390): onService. callbacks = xmw@c634bc3, request = com.google.android.gms.common.internal.GetServiceRequest@32edc40
11-16 09:56:23.119: I/ActivityManager(1173): Start proc 17118:com.google.android.apps.tachyon/u0a148 for broadcast com.google.android.apps.tachyon/.common.applifecycle.LocaleChangeReceiver
11-16 09:56:23.122: E/id.apps.tachyo(17118): Not starting debugger since process cannot load the jdwp agent.
11-16 09:56:23.222: D/BoundBrokerSvc(10859): onUnbind: Intent { act=com.google.android.gms.nearby.exposurenotification.START cmp=com.google.android.gms/.chimera.PersistentApiService }
11-16 09:56:23.276: I/dex2oat(17114): The ClassLoaderContext is a special shared library.
11-16 09:56:23.276: I/dex2oat(17114): /system/bin/dex2oat --dex-file=/data/user/0/com.google.android.googlequicksearchbox/files/velour/verified_jars/Jkk1AICSm8V3ZDlxbl8SBoQ_1.jar --output-vdex-fd=89 --oat-fd=90 --oat-location=/data/user/0/com.google.android.googlequicksearchbox/files/velour/verified_jars/oat/arm64/Jkk1AICSm8V3ZDlxbl8SBoQ_1.odex --compiler-filter=quicken --class-loader-context=&
11-16 09:56:23.300: W/StorageManager(15379): fallocate() not supported; falling back to ftruncate()
11-16 09:56:23.359: D/ImsResolver(3782): maybeAddedImsService, packageName: com.android.vending
11-16 09:56:23.363: I/Telecom(1173): DefaultDialerCache: Refreshing default dialer for user 0: now com.google.android.dialer: DDC.oR@AKU
11-16 09:56:23.365: I/InputReader(1173): Reconfiguring input devices.  changes=0x00000010
11-16 09:56:23.365: I/InputReader(1173): Reconfiguring input devices.  changes=0x00000010
11-16 09:56:23.372: W/system_server(1173): Unknown chunk type '200'.
11-16 09:56:23.376: I/PeopleGalProvider(13390): Gal directories started.
11-16 09:56:23.389: E/system_server(1173): No package ID 7f found for ID 0x7f080273.
11-16 09:56:23.389: E/system_server(1173): No package ID 7f found for ID 0x7f19000b.
11-16 09:56:23.391: I/Fitness(10859): OnPackageChangedOperation got intent: Intent { act=android.intent.action.PACKAGE_CHANGED dat=package:com.android.vending flg=0x45000010 pkg=com.google.android.gms cmp=com.google.android.gms/.chimera.PersistentIntentOperationService (has extras) } [CONTEXT service_id=17 ]
11-16 09:56:23.393: I/PeopleGalProvider(13390): Method 1 completed.
11-16 09:56:23.393: I/PeopleGalProvider(13390): Method 1 finished successfully.
11-16 09:56:23.394: E/PhoneInterfaceManager(3782): [PhoneIntfMgr] getCarrierPackageNamesForIntent: No UICC
11-16 09:56:23.394: D/CarrierSvcBindHelper(3782): No carrier app for: 0
11-16 09:56:23.397: D/RegisteredNfcFServicesCache(4138): Service unchanged, not updating
11-16 09:56:23.398: I/Telecom(1173): DefaultDialerCache: Refreshing default dialer for user 0: now com.google.android.dialer: DDC.oR@AKY
11-16 09:56:23.409: D/RegisteredNfcFServicesCache(4138): Service unchanged, not updating
11-16 09:56:23.416: E/PhoneInterfaceManager(3782): [PhoneIntfMgr] getCarrierPackageNamesForIntent: No UICC
11-16 09:56:23.416: D/CarrierSvcBindHelper(3782): No carrier app for: 0
11-16 09:56:23.416: D/ImsResolver(3782): maybeAddedImsService, packageName: com.google.android.gms
11-16 09:56:23.428: I/Fitness(10859): FitCleanupIntentOperation received Intent android.intent.action.PACKAGE_CHANGED [CONTEXT service_id=17 ]
11-16 09:56:23.435: I/Fitness(10859): OnPackageChangedOperation got intent: Intent { act=android.intent.action.PACKAGE_CHANGED dat=package:com.google.android.gms flg=0x45000010 pkg=com.google.android.gms cmp=com.google.android.gms/.chimera.PersistentIntentOperationService (has extras) } [CONTEXT service_id=17 ]
11-16 09:56:23.436: W/ChimeraUtils(10859): Module com.google.android.gms.nearby_en has empty metadata display_name_string_id
11-16 09:56:23.442: I/Fitness(10859): FitCleanupIntentOperation received Intent android.intent.action.PACKAGE_CHANGED [CONTEXT service_id=17 ]
11-16 09:56:23.447: W/ChimeraUtils(10859): Module com.google.android.gms.nearby_en has empty metadata display_name_string_id
11-16 09:56:23.452: W/id.apps.tachyo(17118): JIT profile information will not be recorded: profile file does not exits.
11-16 09:56:23.452: I/chatty(17118): uid=10148(com.google.android.apps.tachyon) identical 1 line
11-16 09:56:23.452: W/id.apps.tachyo(17118): JIT profile information will not be recorded: profile file does not exits.
11-16 09:56:23.452: W/ChimeraUtils(10859): Module com.google.android.gms.nearby_en has empty metadata display_name_string_id
11-16 09:56:23.464: I/ActivityManager(1173): Start proc 17148:com.google.android.apps.messaging/u0a111 for service com.google.android.apps.messaging/.shared.datamodel.action.execution.ActionJobService
11-16 09:56:23.467: I/dex2oat(17114): dex2oat took 196.325ms (56.955ms cpu) (threads: 8) arena alloc=11KB (11616B) java alloc=16KB (16400B) native alloc=836KB (856080B) free=1723KB (1765360B)
11-16 09:56:23.470: E/.apps.messagin(17148): Not starting debugger since process cannot load the jdwp agent.
11-16 09:56:23.478: W/ChimeraUtils(10859): Module com.google.android.gms.nearby_en has empty metadata display_name_string_id
11-16 09:56:23.488: W/earchbox:searc(10057): Skipping duplicate class check due to unsupported classloader
11-16 09:56:23.494: I/.apps.messagin(17148): The ClassLoaderContext is a special shared library.
11-16 09:56:23.501: W/earchbox:searc(10057): Unsupported class loader
11-16 09:56:23.523: D/DownloadManager(15379): [83] Finished with status SUCCESS
11-16 09:56:23.572: W/Binder(1173): Outgoing transactions from this process must be FLAG_ONEWAY
11-16 09:56:23.572: W/Binder(1173): java.lang.Throwable
11-16 09:56:23.572: W/Binder(1173): 	at android.os.BinderProxy.transact(Binder.java:1116)
11-16 09:56:23.572: W/Binder(1173): 	at com.android.internal.location.ILocationProvider$Stub$Proxy.getProperties(ILocationProvider.java:236)
11-16 09:56:23.572: W/Binder(1173): 	at com.android.server.location.LocationProviderProxy$1$1.run(LocationProviderProxy.java:117)
11-16 09:56:23.572: W/Binder(1173): 	at com.android.server.ServiceWatcher.runOnBinder(ServiceWatcher.java:425)
11-16 09:56:23.572: W/Binder(1173): 	at com.android.server.location.LocationProviderProxy$1.run(LocationProviderProxy.java:111)
11-16 09:56:23.572: W/Binder(1173): 	at android.os.Handler.handleCallback(Handler.java:873)
11-16 09:56:23.572: W/Binder(1173): 	at android.os.Handler.dispatchMessage(Handler.java:99)
11-16 09:56:23.572: W/Binder(1173): 	at android.os.Looper.loop(Looper.java:193)
11-16 09:56:23.572: W/Binder(1173): 	at android.os.HandlerThread.run(HandlerThread.java:65)
11-16 09:56:23.573: W/Binder(1173): Outgoing transactions from this process must be FLAG_ONEWAY
11-16 09:56:23.573: W/Binder(1173): java.lang.Throwable
11-16 09:56:23.573: W/Binder(1173): 	at android.os.BinderProxy.transact(Binder.java:1116)
11-16 09:56:23.573: W/Binder(1173): 	at com.android.internal.location.ILocationProvider$Stub$Proxy.getProperties(ILocationProvider.java:236)
11-16 09:56:23.573: W/Binder(1173): 	at com.android.server.location.LocationProviderProxy$1$1.run(LocationProviderProxy.java:117)
11-16 09:56:23.573: W/Binder(1173): 	at com.android.server.ServiceWatcher.runOnBinder(ServiceWatcher.java:425)
11-16 09:56:23.573: W/Binder(1173): 	at com.android.server.location.LocationProviderProxy$1.run(LocationProviderProxy.java:111)
11-16 09:56:23.573: W/Binder(1173): 	at android.os.Handler.handleCallback(Handler.java:873)
11-16 09:56:23.573: W/Binder(1173): 	at android.os.Handler.dispatchMessage(Handler.java:99)
11-16 09:56:23.573: W/Binder(1173): 	at android.os.Looper.loop(Looper.java:193)
11-16 09:56:23.573: W/Binder(1173): 	at android.os.HandlerThread.run(HandlerThread.java:65)
11-16 09:56:23.582: I/dex2oat(17162): The ClassLoaderContext is a special shared library.
11-16 09:56:23.582: I/dex2oat(17162): /system/bin/dex2oat --dex-file=/data/user/0/com.google.android.googlequicksearchbox/files/velour/verified_jars/JkypVPMhDohv1875CeSftSg_1.jar --output-vdex-fd=90 --oat-fd=91 --oat-location=/data/user/0/com.google.android.googlequicksearchbox/files/velour/verified_jars/oat/arm64/JkypVPMhDohv1875CeSftSg_1.odex --compiler-filter=quicken --class-loader-context=&
11-16 09:56:23.605: W/PrimesInit(17118): Primes instant initialization
11-16 09:56:23.606: W/Primes(17118): background initialization
11-16 09:56:23.627: I/dex2oat(17162): dex2oat took 47.848ms (42.577ms cpu) (threads: 8) arena alloc=2344B (2344B) java alloc=16KB (16400B) native alloc=809KB (828784B) free=1238KB (1268368B)
11-16 09:56:23.634: W/earchbox:searc(10057): Skipping duplicate class check due to unsupported classloader
11-16 09:56:23.634: E/ExecutionCriteria(10859): Package unavailable for task: com.google.android.apps.gcs/com.google.android.flib.phenotype.services.PhenotypeExperimentCommitService{u=0 tag="PhenotypeExpCommitSvc" trigger=window{start=0s,end=30s,earliest=-336s,latest=-306s} requirements=[NET_ANY] attributes=[PERSISTED] scheduled=-336s last_run=N/A exec_window_multiplier=1.0000 jid=N/A status=PENDING retries=0 client_lib=MANCHEGO_GCM-11732000} [CONTEXT service_id=218 ]
11-16 09:56:23.645: W/SearchServiceCore(10057): Abort, client detached.
11-16 09:56:23.647: I/ActivityManager(1173): Killing 14664:com.google.android.gms.ui/u0a7 (adj 906): empty #17
11-16 09:56:23.645: I/chatty(10057): uid=10047 com.google.android.googlequicksearchbox:search identical 4 lines
11-16 09:56:23.645: W/SearchServiceCore(10057): Abort, client detached.
11-16 09:56:23.654: W/libprocessgroup(1173): kill(-14664, 9) failed: No such process
11-16 09:56:23.657: W/SearchServiceCore(10057): Abort, client detached.
11-16 09:56:23.657: I/chatty(10057): uid=10047 com.google.android.googlequicksearchbox:search identical 3 lines
11-16 09:56:23.657: W/SearchServiceCore(10057): Abort, client detached.
11-16 09:56:23.677: I/BgTaskExecutorImpl(10057): Starting EXCLUSIVE background task VELOUR_BACKGROUND_MAINTENANCE.
11-16 09:56:23.679: I/Zygote(732): Process 14664 exited due to signal (9)
11-16 09:56:23.699: W/earchbox:searc(10057): Unsupported class loader
11-16 09:56:23.699: W/libprocessgroup(1173): kill(-14664, 9) failed: No such process
11-16 09:56:23.699: I/libprocessgroup(1173): Successfully killed process cgroup uid 10007 pid 14664 in 45ms
11-16 09:56:23.715: I/NetworkScheduler.Stats(10859): Task com.google.android.gms/com.google.android.gms.ipa.base.IpaGcmTaskService started execution. cause:9 exec_start_elapsed_seconds: 434 [CONTEXT service_id=218 ]
11-16 09:56:23.716: I/org.webrtc.Logging(17118): NativeLibrary: Loading native library: jingle_peerconnection_so
11-16 09:56:23.716: I/org.webrtc.Logging(17118): PeerConnectionFactory: PeerConnectionFactory was initialized without an injected Loggable. Any existing Loggable will be deleted.
11-16 09:56:23.728: W/earchbox:searc(10057): Skipping duplicate class check due to unsupported classloader
11-16 09:56:23.736: W/earchbox:searc(10057): Unsupported class loader
11-16 09:56:23.737: I/NetworkScheduler.Stats(10859): Task com.google.android.gms/com.google.android.gms.ipa.base.IpaGcmTaskService finished executing. cause:9 result: 1 elapsed_millis: 31 uptime_millis: 31 exec_start_elapsed_seconds: 434 [CONTEXT service_id=218 ]
11-16 09:56:23.739: W/earchbox:searc(10057): Skipping duplicate class check due to unsupported classloader
11-16 09:56:23.743: W/SearchServiceCore(10057): Abort, client detached.
11-16 09:56:23.743: I/chatty(10057): uid=10047 com.google.android.googlequicksearchbox:search identical 3 lines
11-16 09:56:23.743: W/SearchServiceCore(10057): Abort, client detached.
11-16 09:56:23.789: W/GmsClient(10057): mServiceBroker is null, client disconnected
11-16 09:56:23.790: W/SearchServiceCore(10057): Abort, client detached.
11-16 09:56:23.792: I/chatty(10057): uid=10047 com.google.android.googlequicksearchbox:search identical 4 lines
11-16 09:56:23.792: W/SearchServiceCore(10057): Abort, client detached.
11-16 09:56:23.792: E/ExecutionCriteria(10859): Package unavailable for task: com.google.android.apps.gcs/com.google.android.flib.phenotype.services.PhenotypeExperimentCommitService{u=0 tag="PhenotypeExpCommitSvc" trigger=window{start=0s,end=30s,earliest=-336s,latest=-306s} requirements=[NET_ANY] attributes=[PERSISTED] scheduled=-336s last_run=N/A exec_window_multiplier=1.0000 jid=N/A status=PENDING retries=0 client_lib=MANCHEGO_GCM-11732000} [CONTEXT service_id=218 ]
11-16 09:56:23.792: W/SearchServiceCore(10057): Abort, client detached.
11-16 09:56:23.807: I/chatty(10057): uid=10047 com.google.android.googlequicksearchbox:search identical 2 lines
11-16 09:56:23.808: W/SearchServiceCore(10057): Abort, client detached.
11-16 09:56:23.823: I/PrimesTesting(17118): GserviceFlagsSupplier.get()
11-16 09:56:23.828: I/NetworkScheduler.Stats(10859): Task com.google.android.gms/com.google.android.gms.phenotype.service.sync.PhenotypeConfigurator started execution. cause:5 exec_start_elapsed_seconds: 434 [CONTEXT service_id=218 ]
11-16 09:56:23.874: W/id.apps.tachyo(17118): Unknown chunk type '200'.
11-16 09:56:23.925: D/EventBus(17118): No subscribers registered for event class gzh
11-16 09:56:23.925: D/EventBus(17118): No subscribers registered for event class sfa
11-16 09:56:23.963: I/ThreadRunner(10057): setContextAndRunner
11-16 09:56:24.028: D/EventBus(17118): No subscribers registered for event class gzh
11-16 09:56:24.028: D/EventBus(17118): No subscribers registered for event class sfa
11-16 09:56:24.041: W/id.apps.tachyo(17118): Unknown chunk type '200'.
11-16 09:56:24.046: I/ActivityManager(1173): Start proc 17211:com.google.android.apps.walletnfcrel/u0a152 for broadcast com.google.android.apps.walletnfcrel/com.google.android.libraries.notifications.entrypoints.localechanged.LocaleChangedReceiver
11-16 09:56:24.055: E/ps.walletnfcre(17211): Not starting debugger since process cannot load the jdwp agent.
11-16 09:56:24.061: I/PeopleChimeraService(13390): onService. callbacks = xmw@19a3701, request = com.google.android.gms.common.internal.GetServiceRequest@731e9a6
11-16 09:56:24.081: I/ps.walletnfcre(17211): The ClassLoaderContext is a special shared library.
11-16 09:56:24.198: I/FA(17118): App measurement is starting up, version: 18079
11-16 09:56:24.198: I/FA(17118): To enable debug logging run: adb shell setprop log.tag.FA VERBOSE
11-16 09:56:24.199: I/FA(17118): To enable faster debug mode event logging run:
11-16 09:56:24.199: I/FA(17118):   adb shell setprop debug.firebase.analytics.app com.google.android.apps.tachyon
11-16 09:56:24.205: E/FA(17118): AppMeasurementReceiver not registered/enabled
11-16 09:56:24.207: E/FA(17118): AppMeasurementService not registered/enabled
11-16 09:56:24.207: E/FA(17118): Uploading is not possible. App measurement disabled
11-16 09:56:24.387: I/ActivityManager(1173): Killing 16336:com.google.android.apps.tips/u0a52 (adj 906): empty #17
11-16 09:56:24.394: W/libprocessgroup(1173): kill(-16336, 9) failed: No such process
11-16 09:56:24.400: I/Zygote(732): Process 16336 exited due to signal (9)
11-16 09:56:24.410: I/DefaultStickerUpdate(3635): Successfully updated sticker index for DefaultStickerTaskData{enabled=true, metadataUriPrefix=https://www.gstatic.com/android/keyboard/stickers/configs/v5/, supportedLanguage=en}
11-16 09:56:24.411: I/FirebaseJobDispatcher(3635): Task: DefaultStickerUpdate successes.
11-16 09:56:24.411: I/Icing(13390): Indexing com.google.android.inputmethod.latin-internal.3p:StickerPack from com.google.android.inputmethod.latin
11-16 09:56:24.416: I/NetworkScheduler.Stats(10859): Task com.google.android.inputmethod.latin/ finished executing. cause:7 result: 1 elapsed_millis: 2565 uptime_millis: 2565 exec_start_elapsed_seconds: 432 [CONTEXT service_id=218 ]
11-16 09:56:24.417: E/SQLiteLog(13390): (1) no such table: StickerPack_com.google.android.inputmethod.latin_seq_table
11-16 09:56:24.418: E/Icing(13390): Cursor call threw an exception: no such table: StickerPack_com.google.android.inputmethod.latin_seq_table (code 1 SQLITE_ERROR): , while compiling: SELECT * FROM [StickerPack_com.google.android.inputmethod.latin_seq_table] WHERE seqno>0 AND tag IS NULL ORDER BY seqno LIMIT 20
