11-16 09:56:24.419: I/Icing(13390): Indexing done com.google.android.inputmethod.latin-internal.3p:StickerPack
11-16 09:56:24.419: E/Icing(13390): Aborting indexing of corpus internal.3p:StickerPack
11-16 09:56:24.421: I/Icing(13390): Indexing com.google.android.inputmethod.latin-internal.3p:Sticker from com.google.android.inputmethod.latin
11-16 09:56:24.425: E/SQLiteLog(13390): (1) no such table: Sticker_com.google.android.inputmethod.latin_seq_table
11-16 09:56:24.426: E/Icing(13390): Cursor call threw an exception: no such table: Sticker_com.google.android.inputmethod.latin_seq_table (code 1 SQLITE_ERROR): , while compiling: SELECT * FROM [Sticker_com.google.android.inputmethod.latin_seq_table] WHERE seqno>0 AND tag IS NULL ORDER BY seqno LIMIT 20
11-16 09:56:24.427: I/Icing(13390): Indexing done com.google.android.inputmethod.latin-internal.3p:Sticker
11-16 09:56:24.427: E/Icing(13390): Aborting indexing of corpus internal.3p:Sticker
11-16 09:56:24.432: I/d.configupdate(16474): Waiting for a blocking GC ProfileSaver
11-16 09:56:24.435: W/Icing(13390): No valid account for uploading user actions
11-16 09:56:24.439: W/libprocessgroup(1173): kill(-16336, 9) failed: No such process
11-16 09:56:24.439: I/libprocessgroup(1173): Successfully killed process cgroup uid 10052 pid 16336 in 44ms
11-16 09:56:24.440: E/ExecutionCriteria(10859): Package unavailable for task: com.google.android.apps.gcs/com.google.android.flib.phenotype.services.PhenotypeExperimentCommitService{u=0 tag="PhenotypeExpCommitSvc" trigger=window{start=0s,end=30s,earliest=-337s,latest=-307s} requirements=[NET_ANY] attributes=[PERSISTED] scheduled=-337s last_run=N/A exec_window_multiplier=1.0000 jid=N/A status=PENDING retries=0 client_lib=MANCHEGO_GCM-11732000} [CONTEXT service_id=218 ]
11-16 09:56:24.444: I/Icing(13390): Usage reports ok 0, Failed Usage reports 0, indexed 0, rejected 0
11-16 09:56:24.448: W/Icing(13390): No valid account for uploading user actions
11-16 09:56:24.458: I/Icing(13390): Usage reports ok 0, Failed Usage reports 0, indexed 0, rejected 0
11-16 09:56:24.464: E/Backup(13390): [BackupTransportMigratorChimeraService] Could not migrate transport!
11-16 09:56:24.465: I/Backup(13390): [BackupTransportMigratorChimeraService] Starting migration...
11-16 09:56:24.474: I/Icing(13390): updateResources: need to parse zml{com.google.android.gms}
11-16 09:56:24.475: I/MultiDex(17148): VM with version 2.1.0 has multidex support
11-16 09:56:24.475: I/MultiDex(17148): install
11-16 09:56:24.475: I/MultiDex(17148): VM has multidex support, MultiDex support library is disabled.
11-16 09:56:24.475: I/MultiDex(17148): install
11-16 09:56:24.475: I/MultiDex(17148): VM has multidex support, MultiDex support library is disabled.
11-16 09:56:24.553: D/FirebaseApp(17148): com.google.firebase.auth.FirebaseAuth is not linked. Skipping initialization.
11-16 09:56:24.553: D/FirebaseApp(17148): com.google.firebase.crash.FirebaseCrash is not linked. Skipping initialization.
11-16 09:56:24.553: I/FirebaseInitProvider(17148): FirebaseApp initialization successful
11-16 09:56:24.554: I/Icing(13390): Indexing com.google.android.gms-apps from com.google.android.gms
11-16 09:56:24.573: I/Icing(13390): Indexing done com.google.android.gms-apps
11-16 09:56:24.601: I/Icing(13390): Indexing com.google.android.gms-apps from com.google.android.gms
11-16 09:56:24.602: I/Icing(13390): Indexing done com.google.android.gms-apps
11-16 09:56:24.695: I/Bugle(17148): GServicesValues:
11-16 09:56:24.695: I/Bugle(17148): bugle_enable_primes_crash_metrics: true
11-16 09:56:24.695: I/Bugle(17148): bugle_max_telemetry_upload_retries: 10
11-16 09:56:24.695: I/Bugle(17148): bugle_send_silent_crash_feedback: true
11-16 09:56:24.695: I/Bugle(17148): bugle_sticker_set_list_version: 3
11-16 09:56:24.755: I/tmp(17148): SslGuard completed installation.
11-16 09:56:24.786: W/BugleStartup(17148): StartupHandler: ContentProvider startup tasks did not execute before Application onCreate(), executed in onApplicationCreated().
11-16 09:56:24.791: I/Bugle(17148): Initializing EmojiCompat
11-16 09:56:24.796: W/DynamiteModule(17211): Local module descriptor class for providerinstaller not found.
11-16 09:56:24.800: I/DynamiteModule(17211): Considering local module providerinstaller:0 and remote module providerinstaller:0
11-16 09:56:24.800: W/ProviderInstaller(17211): Failed to load providerinstaller module: No acceptable module found. Local version is 0 and remote version is 0.
11-16 09:56:24.802: W/ps.walletnfcre(17211): Unknown chunk type '200'.
11-16 09:56:24.806: I/ps.walletnfcre(17211): The ClassLoaderContext is a special shared library.
11-16 09:56:24.807: I/chatty(17211): uid=10152(com.google.android.apps.walletnfcrel) identical 1 line
11-16 09:56:24.807: I/ps.walletnfcre(17211): The ClassLoaderContext is a special shared library.
11-16 09:56:24.820: I/Bugle(17148): BugleApplicationBase: Bugle version: 4.6.375 (imp_rc21_xxhdpi.arm64-v8a.phone)
11-16 09:56:24.821: I/FontLog(10859): Received query Noto Color Emoji Compat, URI content://com.google.android.gms.fonts [CONTEXT service_id=132 ]
11-16 09:56:24.821: I/FontLog(10859): Query [Noto Color Emoji Compat] resolved to {Noto Color Emoji Compat, wdth 100.0, wght 400, ital 0.0, bestEffort false} [CONTEXT service_id=132 ]
11-16 09:56:24.822: I/akia(10859): Removed 0 invalid users [CONTEXT service_id=51 ]
11-16 09:56:24.824: I/FontLog(10859): Fetch {Noto Color Emoji Compat, wdth 100.0, wght 400, ital 0.0, bestEffort false} end status Status{statusCode=SUCCESS, resolution=null} [CONTEXT service_id=132 ]
11-16 09:56:24.829: V/NativeCrypto(17211): Registering com/google/android/gms/org/conscrypt/NativeCrypto's 294 native methods...
11-16 09:56:24.837: I/Bugle(17148): DarkModeUtilImpl: Setting system dark mode to off
11-16 09:56:24.845: I/FontLog(10859): Pulling font file for id = 15, cache size = 8 [CONTEXT service_id=132 ]
11-16 09:56:24.847: D/NetworkSecurityConfig(17211): No Network Security Config specified, using platform default
11-16 09:56:24.849: W/PrimesInit(17148): Primes instant initialization
11-16 09:56:24.849: I/ProviderInstaller(17211): Installed default security provider GmsCore_OpenSSL
11-16 09:56:24.852: W/Primes(17148): background initialization
11-16 09:56:24.860: I/FontLog(10859): Pulling font file for id = 15, cache size = 8 [CONTEXT service_id=132 ]
11-16 09:56:24.871: W/ActivityManager(1173): Background start not allowed: service Intent { cmp=com.google.android.apps.messaging/.shared.datamodel.action.execution.ActionExecutorImpl$EmptyService } to com.google.android.apps.messaging/.shared.datamodel.action.execution.ActionExecutorImpl$EmptyService from pid=17148 uid=10111 pkg=com.google.android.apps.messaging startFg?=false
11-16 09:56:24.878: W/BugleDataModel(17148): ActionExecutorImpl: Action started execution, but we can't guarantee it will complete, the app may be killed. Action: class com.google.android.apps.messaging.shared.datamodel.action.CountryCodeDetectorAction-CountryCodeDetectorAction:435910003
11-16 09:56:24.878: W/BugleDataModel(17148): java.lang.IllegalStateException: Not allowed to start service Intent { cmp=com.google.android.apps.messaging/.shared.datamodel.action.execution.ActionExecutorImpl$EmptyService }: app is in background uid UidRecord{7060547 u0a111 TRNB idle change:uncached procs:2 seq(0,0,0)}
11-16 09:56:24.878: W/BugleDataModel(17148): 	at android.app.ContextImpl.startServiceCommon(ContextImpl.java:1577)
11-16 09:56:24.878: W/BugleDataModel(17148): 	at android.app.ContextImpl.startService(ContextImpl.java:1532)
11-16 09:56:24.878: W/BugleDataModel(17148): 	at android.content.ContextWrapper.startService(ContextWrapper.java:664)
11-16 09:56:24.878: W/BugleDataModel(17148): 	at com.google.android.apps.messaging.shared.datamodel.action.execution.ActionExecutorImpl.a(SourceFile:21)
11-16 09:56:24.878: W/BugleDataModel(17148): 	at com.google.android.apps.messaging.shared.datamodel.action.execution.ActionExecutorImpl.b(SourceFile:18)
11-16 09:56:24.878: W/BugleDataModel(17148): 	at ecp.a(SourceFile:137)
11-16 09:56:24.878: W/BugleDataModel(17148): 	at ecp.a(SourceFile:85)
11-16 09:56:24.878: W/BugleDataModel(17148): 	at eca.b(SourceFile:56)
11-16 09:56:24.878: W/BugleDataModel(17148): 	at eca.a(SourceFile:23)
11-16 09:56:24.878: W/BugleDataModel(17148): 	at com.google.android.apps.messaging.shared.datamodel.action.common.ThrottledAction.h(SourceFile:37)
11-16 09:56:24.878: W/BugleDataModel(17148): 	at dne.a(SourceFile:4)
11-16 09:56:24.878: W/BugleDataModel(17148): 	at gmv.a(SourceFile:6)
11-16 09:56:24.878: W/BugleDataModel(17148): 	at geh.onReceive(SourceFile:12)
11-16 09:56:24.878: W/BugleDataModel(17148): 	at gnw.onReceive(SourceFile:5)
11-16 09:56:24.878: W/BugleDataModel(17148): 	at gmv.onReceive(SourceFile:8)
11-16 09:56:24.878: W/BugleDataModel(17148): 	at android.app.LoadedApk$ReceiverDispatcher$Args.lambda$getRunnable$0(LoadedApk.java:1391)
11-16 09:56:24.878: W/BugleDataModel(17148): 	at android.app.-$$Lambda$LoadedApk$ReceiverDispatcher$Args$_BumDX2UKsnxLVrE6UJsJZkotuA.run(Unknown Source:2)
11-16 09:56:24.878: W/BugleDataModel(17148): 	at android.os.Handler.handleCallback(Handler.java:873)
11-16 09:56:24.878: W/BugleDataModel(17148): 	at android.os.Handler.dispatchMessage(Handler.java:99)
11-16 09:56:24.878: W/BugleDataModel(17148): 	at android.os.Looper.loop(Looper.java:193)
11-16 09:56:24.878: W/BugleDataModel(17148): 	at android.app.ActivityThread.main(ActivityThread.java:6718)
11-16 09:56:24.878: W/BugleDataModel(17148): 	at java.lang.reflect.Method.invoke(Native Method)
11-16 09:56:24.878: W/BugleDataModel(17148): 	at com.android.internal.os.RuntimeInit$MethodAndArgsCaller.run(RuntimeInit.java:493)
11-16 09:56:24.878: W/BugleDataModel(17148): 	at com.android.internal.os.ZygoteInit.main(ZygoteInit.java:858)
11-16 09:56:24.878: I/BugleAction(17148): ActionSchedulerImpl: class com.google.android.apps.messaging.shared.datamodel.action.CountryCodeDetectorAction-CountryCodeDetectorAction:435910003 deferred since it was started from unsafe context
11-16 09:56:24.916: I/BackgroundTaskManager(17211): Executing task PhenotypeRegistrationTask.phenotype_registration with PARALLEL execution policy.
11-16 09:56:24.946: I/PrimesTesting(17148): GserviceFlagsSupplier.get()
11-16 09:56:24.951: D/BoundBrokerSvc(10859): onBind: Intent { act=com.google.android.gms.tapandpay.service.BIND pkg=com.google.android.gms }
11-16 09:56:24.951: D/BoundBrokerSvc(10859): Loading bound service for intent: Intent { act=com.google.android.gms.tapandpay.service.BIND pkg=com.google.android.gms }
11-16 09:56:24.971: I/BugleRcsEngine(17148): [963] pot.b: Not using CS JibeService because the CS migration has not completed.
11-16 09:56:24.980: W/PrimesInit(17211): Primes instant initialization
11-16 09:56:24.981: W/Primes(17211): background initialization
11-16 09:56:24.994: I/PrimesTesting(17211): GserviceFlagsSupplier.get()
11-16 09:56:24.995: W/Bugle(17148): SubscriptionMetadataUtils get: invalid subId = -1
11-16 09:56:25.036: W/NetworkScheduler(10859): Immediate task was not started com.google.android.apps.chromecast.app/.gcm.GcmRegistrationService{u=0 tag="GcmRegistrationService" trigger=window{start=0s,end=1s,earliest=0s,latest=0s} requirements=[NET_CONNECTED] attributes=[] scheduled=0s last_run=N/A exec_window_multiplier=1.0000 jid=N/A status=PENDING retries=0 client_lib=MANCHEGO_GCM-18944000}. Rescheduling immediate tasks can cause excessive battery drain.
11-16 09:56:25.042: W/NetworkScheduler(10859): Immediate task was not started com.google.android.apps.chromecast.app/.gcm.GcmRegistrationService{u=0 tag="GcmRegistrationService" trigger=window{start=0s,end=1s,earliest=0s,latest=0s} requirements=[NET_CONNECTED] attributes=[] scheduled=0s last_run=N/A exec_window_multiplier=1.0000 jid=N/A status=PENDING retries=0 client_lib=MANCHEGO_GCM-18944000}. Rescheduling immediate tasks can cause excessive battery drain.
11-16 09:56:25.046: I/TapAndPayApplication(17211): Successfully initialized Firebase App
11-16 09:56:25.052: I/BackgroundTaskManager(17211): Executing task AccountFreshener.freshen with SEQUENTIAL execution policy.
11-16 09:56:25.055: I/Notifications(17211): [ChimeBroadcastReceiver] Intent received for action [android.intent.action.LOCALE_CHANGED] package [com.google.android.apps.walletnfcrel].
11-16 09:56:25.057: W/Bugle(17148): SubscriptionMetadataUtils get: invalid subId = -1
11-16 09:56:25.059: W/Bugle(17148): SubscriptionMetadataUtils get: invalid subId = -1
11-16 09:56:25.060: W/GCM(17211): GCM SDK is deprecated, com.google.android.apps.walletnfcrel should update to use FCM
11-16 09:56:25.062: W/Bugle(17148): SubscriptionMetadataUtils get: invalid subId = -1
11-16 09:56:25.064: W/Bugle(17148): SubscriptionMetadataUtils get: invalid subId = -1
11-16 09:56:25.074: I/Notifications(17211): [ChimeBroadcastReceiver] Validation OK for action [android.intent.action.LOCALE_CHANGED].
11-16 09:56:25.077: I/Notifications(17211): [ChimeBroadcastReceiver] Executing action in BroadcastReceiver [android.intent.action.LOCALE_CHANGED].
11-16 09:56:25.084: I/FA(17148): App measurement is starting up, version: 16250
11-16 09:56:25.084: I/FA(17148): To enable debug logging run: adb shell setprop log.tag.FA VERBOSE
11-16 09:56:25.084: I/FA(17148): To enable faster debug mode event logging run:
11-16 09:56:25.084: I/FA(17148):   adb shell setprop debug.firebase.analytics.app com.google.android.apps.messaging
11-16 09:56:25.086: I/BlobLobber(10057): Handling download id 83 (blob odws2_en:us:807_2019-09-12_270573492_release_signed)
11-16 09:56:24.918: W/ActivityManager(1173): Background start not allowed: service Intent { cmp=com.google.android.apps.messaging/.shared.datamodel.action.execution.ActionExecutorImpl$EmptyService } to com.google.android.apps.messaging/.shared.datamodel.action.execution.ActionExecutorImpl$EmptyService from pid=17148 uid=10111 pkg=com.google.android.apps.messaging startFg?=false
11-16 09:56:25.102: I/ActivityManager(1173): Killing 16357:com.google.android.apps.wellbeing/u0a26 (adj 906): empty #17
11-16 09:56:25.102: W/libprocessgroup(1173): kill(-16357, 9) failed: No such process
11-16 09:56:25.113: I/ActivityManager(1173): Start proc 17304:com.google.android.keep/u0a150 for broadcast com.google.android.keep/.notification.ReminderNotificationReceiver
11-16 09:56:25.114: E/le.android.kee(17304): Not starting debugger since process cannot load the jdwp agent.
11-16 09:56:25.116: W/libprocessgroup(1173): kill(-16357, 9) failed: No such process
11-16 09:56:25.125: W/libprocessgroup(1173): kill(-16357, 9) failed: No such process
11-16 09:56:25.131: I/le.android.kee(17304): The ClassLoaderContext is a special shared library.
11-16 09:56:25.174: W/libprocessgroup(1173): kill(-16357, 9) failed: No such process
11-16 09:56:25.196: I/Zygote(732): Process 16357 exited due to signal (9)
11-16 09:56:25.214: V/DownloadManager(15379): Deleting /storage/emulated/0/Android/data/com.google.android.googlequicksearchbox/files/pending_blobs/odws2_en:us:807_2019-09-12_270573492_release_signed via provider delete
11-16 09:56:25.221: W/libprocessgroup(1173): kill(-16357, 9) failed: No such process
11-16 09:56:25.221: I/libprocessgroup(1173): Successfully killed process cgroup uid 10026 pid 16357 in 118ms
11-16 09:56:25.240: E/ExecutionCriteria(10859): Package unavailable for task: com.google.android.apps.gcs/com.google.android.flib.phenotype.services.PhenotypeExperimentCommitService{u=0 tag="PhenotypeExpCommitSvc" trigger=window{start=0s,end=30s,earliest=-338s,latest=-308s} requirements=[NET_ANY] attributes=[PERSISTED] scheduled=-338s last_run=N/A exec_window_multiplier=1.0000 jid=N/A status=PENDING retries=0 client_lib=MANCHEGO_GCM-11732000} [CONTEXT service_id=218 ]
11-16 09:56:25.263: I/NetworkScheduler.Stats(10859): Task com.google.android.gms/com.google.android.gms.ipa.base.IpaGcmTaskService started execution. cause:9 exec_start_elapsed_seconds: 436 [CONTEXT service_id=218 ]
11-16 09:56:25.273: E/ExecutionCriteria(10859): Package unavailable for task: com.google.android.apps.gcs/com.google.android.flib.phenotype.services.PhenotypeExperimentCommitService{u=0 tag="PhenotypeExpCommitSvc" trigger=window{start=0s,end=30s,earliest=-338s,latest=-308s} requirements=[NET_ANY] attributes=[PERSISTED] scheduled=-338s last_run=N/A exec_window_multiplier=1.0000 jid=N/A status=PENDING retries=0 client_lib=MANCHEGO_GCM-11732000} [CONTEXT service_id=218 ]
11-16 09:56:25.290: I/earchbox:searc(10057): The ClassLoaderContext is a special shared library.
11-16 09:56:25.291: I/NetworkScheduler.Stats(10859): Task com.google.android.gms/com.google.android.gms.ipa.base.IpaGcmTaskService finished executing. cause:9 result: 1 elapsed_millis: 36 uptime_millis: 36 exec_start_elapsed_seconds: 436 [CONTEXT service_id=218 ]
11-16 09:56:25.292: I/earchbox:searc(10057): The ClassLoaderContext is a special shared library.
11-16 09:56:25.294: I/earchbox:searc(10057): The ClassLoaderContext is a special shared library.
11-16 09:56:25.313: E/ExecutionCriteria(10859): Package unavailable for task: com.google.android.apps.gcs/com.google.android.flib.phenotype.services.PhenotypeExperimentCommitService{u=0 tag="PhenotypeExpCommitSvc" trigger=window{start=0s,end=30s,earliest=-338s,latest=-308s} requirements=[NET_ANY] attributes=[PERSISTED] scheduled=-338s last_run=N/A exec_window_multiplier=1.0000 jid=N/A status=PENDING retries=0 client_lib=MANCHEGO_GCM-11732000} [CONTEXT service_id=218 ]
11-16 09:56:25.322: I/akhr(10859): Scheduling adaptive one off task with window [14400, 604800] in seconds [CONTEXT service_id=51 ]
11-16 09:56:25.348: W/earchbox:searc(10057): Suspending all threads took: 17.107ms
11-16 09:56:25.356: I/NetworkScheduler.Stats(10859): Task com.google.android.gms/com.google.android.gms.phenotype.service.sync.PhenotypeConfigurator finished executing. cause:5 result: 1 elapsed_millis: 1543 uptime_millis: 1543 exec_start_elapsed_seconds: 434 [CONTEXT service_id=218 ]
11-16 09:56:25.366: E/ExecutionCriteria(10859): Package unavailable for task: com.google.android.apps.gcs/com.google.android.flib.phenotype.services.PhenotypeExperimentCommitService{u=0 tag="PhenotypeExpCommitSvc" trigger=window{start=0s,end=30s,earliest=-338s,latest=-308s} requirements=[NET_ANY] attributes=[PERSISTED] scheduled=-338s last_run=N/A exec_window_multiplier=1.0000 jid=N/A status=PENDING retries=0 client_lib=MANCHEGO_GCM-11732000} [CONTEXT service_id=218 ]
11-16 09:56:25.385: V/NativeCrypto(10057): Registering com/google/android/gms/org/conscrypt/NativeCrypto's 294 native methods...
11-16 09:56:25.397: I/FA(17211): App measurement is starting up, version: 18079
11-16 09:56:25.397: I/FA(17211): To enable debug logging run: adb shell setprop log.tag.FA VERBOSE
11-16 09:56:25.398: I/FA(17211): To enable faster debug mode event logging run:
11-16 09:56:25.398: I/FA(17211):   adb shell setprop debug.firebase.analytics.app com.google.android.apps.walletnfcrel
11-16 09:56:25.400: W/ComponentDiscovery(17304): Application info not found.
11-16 09:56:25.400: W/ComponentDiscovery(17304): Could not retrieve metadata, returning empty list of registrars.
11-16 09:56:25.430: D/NetworkSecurityConfig(10057): Using Network Security Config from resource network_security_config debugBuild: false
11-16 09:56:25.433: D/BoundBrokerSvc(13390): onUnbind: Intent { act=com.google.android.gms.ocr.service.internal.START cmp=com.google.android.gms/.chimera.GmsInternalApiService }
11-16 09:56:25.437: W/Primes(17304): Primes not initialized, returning default (no-op) Primes instance which will ignore all calls. Please call Primes.initialize(...) before using any Primes API.
11-16 09:56:25.445: W/PrimesInit(17304): Primes instant initialization
11-16 09:56:25.446: I/ProviderInstaller(10057): Installed default security provider GmsCore_OpenSSL
11-16 09:56:25.446: W/Primes(17304): background initialization
11-16 09:56:25.488: I/PrimesTesting(17304): GserviceFlagsSupplier.get()
11-16 09:56:25.531: W/KeepGATracker(17304): Disabling GA because no account was specified
11-16 09:56:25.543: I/akhr(10859): Scheduling Phenotype for a PhenotypeSyncImmediately(16, com.google.android.keep) one off with window [1, 2] in seconds [CONTEXT service_id=51 ]
11-16 09:56:25.554: W/BroadcastQueue(1173): Background execution not allowed: receiving Intent { act=com.google.android.systemui.OPA_ENABLED flg=0x10000010 (has extras) } to com.google.android.apps.nexuslauncher/.qsb.OPAStatusReceiver
11-16 09:56:25.573: I/BgTaskExecutorImpl(10057): Starting NONEXCLUSIVE background task ZIP_DOWNLOAD_PROCESSOR.
11-16 09:56:25.582: W/SearchServiceCore(10057): Abort, client detached.
11-16 09:56:25.585: I/BugleRcsEngine(17148): [963] oer.register: Initializing Carrier Services Library.
11-16 09:56:25.607: I/BugleRcsEngine(17148): [958] pkj.a: Initializing SimStateTracker
11-16 09:56:25.556: I/chatty(1173): uid=1000(system) Binder:1173_1E identical 1 line
11-16 09:56:25.557: W/BroadcastQueue(1173): Background execution not allowed: receiving Intent { act=com.google.android.systemui.OPA_ENABLED flg=0x10000010 (has extras) } to com.google.android.apps.nexuslauncher/.qsb.OPAStatusReceiver
11-16 09:56:25.630: W/ActivityManager(1173): Background start not allowed: service Intent { cmp=com.google.android.apps.messaging/.shared.datamodel.action.execution.ActionExecutorImpl$EmptyService } to com.google.android.apps.messaging/.shared.datamodel.action.execution.ActionExecutorImpl$EmptyService from pid=17148 uid=10111 pkg=com.google.android.apps.messaging startFg?=false
11-16 09:56:25.635: E/ModelDnldProcssHelpr(10057): pending download info for pending_hotword_model_download_info is null
11-16 09:56:25.635: E/ModelDnldProcssHelpr(10057): pending download info for pending_xgoogle_hotword_model_download_info is null
11-16 09:56:25.642: E/DownloadManagerWrapper(10057): Can't find downloadId=83
11-16 09:56:25.643: I/BugleNetwork(17148): Startup: registering tachyon.
11-16 09:56:25.660: I/GsaConfigFlagsSyncer(10057): Flags already sync'ed.
11-16 09:56:25.677: W/AssistantConfig(17148): appIntegrationDataInBase64 is null
11-16 09:56:25.697: E/Bugle(17148): AssistantIntegrationStartupTask: Error getting assistant availability.
11-16 09:56:25.697: E/Bugle(17148): java.lang.IllegalStateException: Failed to query to AGSA.
11-16 09:56:25.697: E/Bugle(17148): 	at pxf.onPostExecute(SourceFile:5)
11-16 09:56:25.697: E/Bugle(17148): 	at android.os.AsyncTask.finish(AsyncTask.java:695)
11-16 09:56:25.697: E/Bugle(17148): 	at android.os.AsyncTask.access$600(AsyncTask.java:180)
11-16 09:56:25.697: E/Bugle(17148): 	at android.os.AsyncTask$InternalHandler.handleMessage(AsyncTask.java:712)
11-16 09:56:25.697: E/Bugle(17148): 	at android.os.Handler.dispatchMessage(Handler.java:106)
11-16 09:56:25.697: E/Bugle(17148): 	at android.os.Looper.loop(Looper.java:193)
11-16 09:56:25.697: E/Bugle(17148): 	at android.app.ActivityThread.main(ActivityThread.java:6718)
11-16 09:56:25.697: E/Bugle(17148): 	at java.lang.reflect.Method.invoke(Native Method)
11-16 09:56:25.697: E/Bugle(17148): 	at com.android.internal.os.RuntimeInit$MethodAndArgsCaller.run(RuntimeInit.java:493)
11-16 09:56:25.697: E/Bugle(17148): 	at com.android.internal.os.ZygoteInit.main(ZygoteInit.java:858)
11-16 09:56:25.709: I/Icing(13390): IndexChimeraService.getServiceInterface callingPackage=com.google.android.apps.messaging componentName=null serviceId=32
11-16 09:56:25.716: W/LanguagePackUpdateContr(10057): Querying download manager failed for ID : 83
11-16 09:56:25.729: W/Icing(13390): No valid account for uploading user actions
11-16 09:56:25.735: I/BugleBackup(17148): Registering preference change listener for "bugle".
11-16 09:56:25.735: I/Icing(13390): Usage reports ok 0, Failed Usage reports 0, indexed 0, rejected 0
11-16 09:56:25.773: W/SearchServiceCore(10057): Abort, client detached.
11-16 09:56:25.795: W/.apps.messagin(17148): Verification of void dni.doDataUpgradeWithExceptions(android.database.sqlite.SQLiteDatabase, int, int) took 163.732ms
11-16 09:56:25.827: I/ShortcutBadger(17148): Checking if platform supports badge counters, attempt 1/3.
11-16 09:56:25.835: I/Bugle(17148): ApnsOta: OTA version -1
11-16 09:56:25.848: I/ShortcutBadger(17148): Checking if platform supports badge counters, attempt 2/3.
11-16 09:56:25.859: W/BugleRcsEngine(17148): [979] pot.a: Service with meta data key: SignupServiceVersions is not compatible. Service Version 4 is not supported. Supported versions: [1, 2]
11-16 09:56:25.871: I/ShortcutBadger(17148): Checking if platform supports badge counters, attempt 3/3.
11-16 09:56:25.880: W/ShortcutBadger(17148): Badge counter seems not supported in this platform: unable to resolve intent: Intent { act=android.intent.action.BADGE_COUNT_UPDATE (has extras) }
11-16 09:56:25.915: D/BoundBrokerSvc(13390): onUnbind: Intent { act=com.google.android.gms.auth.service.START pkg=com.google.android.gms }
11-16 09:56:25.920: I/BugleRcsEngine(17148): [979] pot.b: Not using CS JibeService because the CS migration has not completed.
11-16 09:56:25.920: I/BugleRcsEngine(17148): [957] pkj.b: Processing an intent
11-16 09:56:25.923: I/BugleRcsEngine(17148): [987] pot.b: Not using CS JibeService because the CS migration has not completed.
11-16 09:56:25.958: I/BugleRcsEngine(17148): [957] pkj.handleSimState: SIM state ABSENT
11-16 09:56:25.963: I/BugleRcsEngine(17148): [2] txc.connect: Connecting SignupService
11-16 09:56:25.966: W/.apps.messagin(17148): Verification of void dni.doSchemaUpgradeWithExceptions(android.database.sqlite.SQLiteDatabase, int, int) took 171.133ms
11-16 09:56:25.975: I/BugleRcsEngine(17148): [2] pot.b: Not using CS JibeService because the CS migration has not completed.
11-16 09:56:25.978: I/PeopleChimeraService(13390): onService. callbacks = xmw@428ea1c, request = com.google.android.gms.common.internal.GetServiceRequest@a686625
11-16 09:56:25.983: I/BugleRcsEngine(17148): [2] txc.connect: Binding to JibeService in Bugle. com.google.android.ims.rcsservice.signup.ISignup
11-16 09:56:26.014: I/ActivityManager(1173): Killing 16404:com.google.android.as:nonpersistent/u0a43 (adj 906): empty #17
11-16 09:56:26.015: W/libprocessgroup(1173): kill(-16404, 9) failed: No such process
11-16 09:56:26.036: D/ConnectivityService(1173): ConnectivityService NetworkRequestInfo binderDied(NetworkRequest [ LISTEN id=56, [ Capabilities: INTERNET&NOT_RESTRICTED&TRUSTED Unwanted:  Uid: 10043] ], android.os.BinderProxy@94d620a)
11-16 09:56:26.036: I/Zygote(733): Process 16404 exited due to signal (9)
11-16 09:56:26.060: W/libprocessgroup(1173): kill(-16404, 9) failed: No such process
11-16 09:56:26.060: I/libprocessgroup(1173): Successfully killed process cgroup uid 10043 pid 16404 in 45ms
11-16 09:56:26.078: I/BugleRcsEngine(10109): [2] pkj.a: Initializing SimStateTracker
11-16 09:56:26.094: W/Bugle(17148): SubscriptionMetadataUtils get: invalid subId = -1
11-16 09:56:26.119: I/BugleRcsEngine(10109): [2] oli.a: Creating JibeServiceComponent
11-16 09:56:26.128: I/Bugle(17148): BugleMddTaskScheduler: Scheduling MDD job, tag: MDD.CHARGING.PERIODIC.TASK, period: 21600
11-16 09:56:26.147: I/BugleRcsEngine(10109): [2] oer.b: Initializing Carrier Services Logging.
11-16 09:56:26.169: D/BugleRcsEngine(10109): log_saver already enabled
11-16 09:56:26.172: D/ConnectivityService(1173): requestNetwork for uid/pid:10111/10109 NetworkRequest [ TRACK_DEFAULT id=59, [ Capabilities: INTERNET&NOT_RESTRICTED&TRUSTED Unwanted:  Uid: 10111] ]
11-16 09:56:26.173: D/WIFI_UT(1173): got request NetworkRequest [ TRACK_DEFAULT id=59, [ Capabilities: INTERNET&NOT_RESTRICTED&TRUSTED Unwanted:  Uid: 10111] ] with score 60
11-16 09:56:26.173: D/Ethernet(1173): got request NetworkRequest [ TRACK_DEFAULT id=59, [ Capabilities: INTERNET&NOT_RESTRICTED&TRUSTED Unwanted:  Uid: 10111] ] with score 60
11-16 09:56:26.174: D/WIFI(1173): got request NetworkRequest [ TRACK_DEFAULT id=59, [ Capabilities: INTERNET&NOT_RESTRICTED&TRUSTED Unwanted:  Uid: 10111] ] with score 60
11-16 09:56:26.174: D/PhoneSwitcherNetworkRequstListener(3782): got request NetworkRequest [ TRACK_DEFAULT id=59, [ Capabilities: INTERNET&NOT_RESTRICTED&TRUSTED Unwanted:  Uid: 10111] ] with score 60
11-16 09:56:26.174: D/WIFI_AWARE_FACTORY(1173): got request NetworkRequest [ TRACK_DEFAULT id=59, [ Capabilities: INTERNET&NOT_RESTRICTED&TRUSTED Unwanted:  Uid: 10111] ] with score 60
11-16 09:56:26.180: I/BugleRcsEngine(10109): [575] ore.d: Connected state: [2], networkType: [WIFI]
11-16 09:56:26.182: I/BugleRcsEngine(10109): [575] ore.d: Connected state: [2], networkType: [WIFI]
11-16 09:56:26.183: I/Bugle(10109): GServicesValues:
11-16 09:56:26.183: I/Bugle(10109): bugle_enable_primes_crash_metrics: true
11-16 09:56:26.183: I/Bugle(10109): bugle_max_telemetry_upload_retries: 10
11-16 09:56:26.183: I/Bugle(10109): bugle_send_silent_crash_feedback: true
11-16 09:56:26.183: I/Bugle(10109): bugle_sticker_set_list_version: 3
11-16 09:56:26.185: I/BugleRcsEngine(10109): [2] ofm.<init>: RcsEngine: Constructor running in com.google.android.apps.messaging
11-16 09:56:26.186: I/BugleRcsEngine(10109): [2] pcm.a: Destroying ProvisioningEngineComponent
11-16 09:56:26.186: I/BugleRcsEngine(10109): [2] pcm.a: Initialize Provisioning Engine V2
11-16 09:56:26.187: D/BoundBrokerSvc(13390): onUnbind: Intent { act=com.google.android.gms.findmydevice.spot.service.locationreport.START cmp=com.google.android.gms/.chimera.GmsApiService }
11-16 09:56:26.194: I/BugleRcsEngine(10109): [2] pet.a: Sending ProvisioningEvent to Bugle [Enable PEv2 (17)], null
11-16 09:56:26.199: I/BugleRcsEngine(10109): [2] oli.a: Creating ProvisioningEngineComponent
11-16 09:56:26.208: I/Bugle(17148): BugleMddTaskScheduler: Scheduling MDD job, tag: MDD.MAINTENANCE.PERIODIC.GCM.TASK, period: 86400
11-16 09:56:26.212: I/Bugle(17148): BugleMddTaskScheduler: Successfully updated period. tag: MDD.MAINTENANCE.PERIODIC.GCM.TASK, period: 86400
11-16 09:56:26.224: I/BugleRcsEngine(10109): [2] JibeService.b: Ignoring call to disable RCS because PEv2 is enabled
11-16 09:56:26.226: I/BugleRcsEngine(10109): [2] pet.a: Sending ProvisioningEvent to Bugle [Request Bugle information (15)], null
11-16 09:56:26.227: I/BugleRcsEngine(10109): [608] ProvisioningEngineStateMachine$StateBase.a: Enter EnabledState
11-16 09:56:26.231: W/BugleRcsEngine(10109): [608] pcp.c: No config URL. RCS will be disabled!
11-16 09:56:26.232: D/BugleRcsEngine(10109): log_saver already enabled
11-16 09:56:26.241: I/BugleRcsEngine(10109): [608] pev.a: RcsAvailabilityManager: Calculating Rcs Availability
11-16 09:56:26.245: I/Bugle(17148): BugleMddTaskScheduler: Scheduling MDD job, tag: MDD.CELLULAR.CHARGING.PERIODIC.TASK, period: 21600
11-16 09:56:26.246: I/BugleRcsEngine(10109): [608] pdr.a: BatteryOptimizationManager: requestGmscoreUnbind
11-16 09:56:26.249: I/Bugle(17148): BugleMddTaskScheduler: Successfully updated period. tag: MDD.CELLULAR.CHARGING.PERIODIC.TASK, period: 21600
11-16 09:56:26.251: I/BugleRcsEngine(10109): [602] pkj.b: Processing an intent
11-16 09:56:26.255: I/RcsClientLib(17148): Service com.google.android.rcs.client.signup.SignupService connected. Will notify listeners: true
11-16 09:56:26.257: I/BugleRcsEngine(17148): [957] pkj.sendBroadcastSimState: Broadcasting Intent { act=com.google.android.ims.SIM_ABSENT }
11-16 09:56:26.264: I/Bugle(17148): BugleMddTaskScheduler: Scheduling MDD job, tag: MDD.WIFI.CHARGING.PERIODIC.TASK, period: 3600
11-16 09:56:26.266: I/BugleRcsEngine(10109): [602] pkj.handleSimState: SIM state ABSENT
11-16 09:56:26.267: I/BugleRcsEngine(10109): [602] pkj.sendBroadcastSimState: Broadcasting Intent { act=com.google.android.ims.SIM_ABSENT }
11-16 09:56:26.272: I/BugleRcsEngine(10109): [608] pev.a: RcsAvailabilityManager: Updating Rcs Availability to DISABLED_SIM_ABSENT (RCS is disabled due to SIM absent)
11-16 09:56:26.272: W/BugleRcsEngine(10109): [608] pcp.c: No config URL. RCS will be disabled!
11-16 09:56:26.280: I/BugleRcsEngine(10109): [608] pet.a: Sending ProvisioningEvent to Bugle [Availability updated (12)], [aQxmkSF8RuZ2gv9Q_9qD9VRmeTc]
11-16 09:56:26.293: I/BugleRcsEngine(10109): [608] pev.a: Sending ProvisioningEvent Internal [Availability updated (12)], [aQxmkSF8RuZ2gv9Q_9qD9VRmeTc]
11-16 09:56:26.295: I/BugleRcsEngine(10109): [608] pet.a: Sending ProvisioningEvent to Bugle [Update provisioning status (11)], [aco8Kp25ZBCgUZalyGUIq1_Tamc]
11-16 09:56:26.297: I/BugleRcsEngine(10109): [608] ProvisioningEngineStateMachine$StateBase.a: EnabledState: Transition to disabled
11-16 09:56:26.297: I/BugleRcsEngine(10109): [608] ProvisioningEngineStateMachine$StateBase.c: Exit EnabledState
11-16 09:56:26.298: W/BugleRcsEngine(10109): [608] pcp.c: No config URL. RCS will be disabled!
11-16 09:56:26.301: I/Bugle(17148): SimChangeReceiver: action: com.google.android.ims.SIM_ABSENT
11-16 09:56:26.303: W/Bugle(17148): SubscriptionMetadataUtils get: invalid subId = -1
11-16 09:56:26.311: W/Bugle(17148): SubscriptionMetadataUtils get: invalid subId = -1
11-16 09:56:26.311: E/Bugle(17148): Get mms config failed: invalid subId. subId=-1, real subId=-1, map={ }
11-16 09:56:26.312: I/BugleBackup(17148): Registering preference change listener for "buglesub_-1".
11-16 09:56:26.323: I/BugleRcsEngine(10109): [608] ProvisioningEngineStateMachine$StateBase.a: Enter DisabledState
11-16 09:56:26.327: W/BugleRcsEngine(10109): [608] pcp.c: No config URL. RCS will be disabled!
11-16 09:56:26.336: I/BugleRcsEngine(10109): [608] pet.a: Sending ProvisioningEvent to Bugle [Update provisioning status (11)], [pxpqh-Hb57ovsulQtknwWEmsBeY]
11-16 09:56:26.340: I/BugleRcsEngine(10109): [609] pot.a: Sim state is not ready. Returning last known operation mode.
11-16 09:56:26.344: I/BugleRcsEngine(10109): [609] pot.a: Sim state is not ready. Returning last known operation mode.
11-16 09:56:26.356: I/s.messaging:rc(10109): Waiting for a blocking GC ProfileSaver
11-16 09:56:26.367: I/Bugle(17148): BugleMddTaskScheduler: Successfully updated period. tag: MDD.WIFI.CHARGING.PERIODIC.TASK, period: 3600
11-16 09:56:26.384: I/Bugle(17148): BugleMddTaskScheduler: Successfully updated period. tag: MDD.CHARGING.PERIODIC.TASK, period: 21600
11-16 09:56:26.388: I/BugleRcsEngine(10109): [606] pev.a: RcsAvailabilityManager: Calculating Rcs Availability
11-16 09:56:26.390: E/Bugle(17148): P2pConversationSuggestionsConfigUtils: Unknown suggestion type DUO_CALL
11-16 09:56:26.391: I/BugleRcsEngine(17148): [992] pot.b: Not using CS JibeService because the CS migration has not completed.
11-16 09:56:26.392: E/Bugle(17148): java.lang.IllegalArgumentException: No enum constant xpe.DUO_CALL
11-16 09:56:26.392: E/Bugle(17148): 	at java.lang.Enum.valueOf(Enum.java:258)
11-16 09:56:26.392: E/Bugle(17148): 	at xpe.a(SourceFile:2)
11-16 09:56:26.392: E/Bugle(17148): 	at hak.a(SourceFile:353)
11-16 09:56:26.392: E/Bugle(17148): 	at hak.a(SourceFile:294)
11-16 09:56:26.392: E/Bugle(17148): 	at hak.a(SourceFile:313)
11-16 09:56:26.392: E/Bugle(17148): 	at haz.a(SourceFile:18)
11-16 09:56:26.392: E/Bugle(17148): 	at haz.c(SourceFile:31)
11-16 09:56:26.392: E/Bugle(17148): 	at dcn.run(Unknown Source:14)
11-16 09:56:26.392: E/Bugle(17148): 	at java.util.concurrent.Executors$RunnableAdapter.call(Executors.java:458)
11-16 09:56:26.392: E/Bugle(17148): 	at vvt.a(SourceFile:4)
11-16 09:56:26.392: E/Bugle(17148): 	at vuq.run(SourceFile:5)
11-16 09:56:26.392: E/Bugle(17148): 	at vvr.run(SourceFile:9)
11-16 09:56:26.392: E/Bugle(17148): 	at java.util.concurrent.ThreadPoolExecutor.runWorker(ThreadPoolExecutor.java:1167)
11-16 09:56:26.392: E/Bugle(17148): 	at java.util.concurrent.ThreadPoolExecutor$Worker.run(ThreadPoolExecutor.java:641)
11-16 09:56:26.392: E/Bugle(17148): 	at tyn.run(SourceFile:5)
11-16 09:56:26.392: E/Bugle(17148): 	at java.lang.Thread.run(Thread.java:764)
11-16 09:56:26.392: W/Bugle(17148): SubscriptionMetadataUtils get: invalid subId = -1
11-16 09:56:26.395: E/Bugle(17148): P2pConversationSuggestionsConfigUtils: Unknown suggestion type DUO_CALL
11-16 09:56:26.396: W/Bugle(17148): SubscriptionMetadataUtils get: invalid subId = -1
11-16 09:56:26.396: E/Bugle(17148): java.lang.IllegalArgumentException: No enum constant xpe.DUO_CALL
11-16 09:56:26.396: E/Bugle(17148): 	at java.lang.Enum.valueOf(Enum.java:258)
11-16 09:56:26.396: E/Bugle(17148): 	at xpe.a(SourceFile:2)
11-16 09:56:26.396: E/Bugle(17148): 	at hak.a(SourceFile:353)
11-16 09:56:26.396: E/Bugle(17148): 	at hak.a(SourceFile:297)
11-16 09:56:26.396: E/Bugle(17148): 	at hak.a(SourceFile:313)
11-16 09:56:26.396: E/Bugle(17148): 	at haz.a(SourceFile:18)
11-16 09:56:26.396: E/Bugle(17148): 	at haz.c(SourceFile:31)
11-16 09:56:26.396: E/Bugle(17148): 	at dcn.run(Unknown Source:14)
11-16 09:56:26.396: E/Bugle(17148): 	at java.util.concurrent.Executors$RunnableAdapter.call(Executors.java:458)
11-16 09:56:26.396: E/Bugle(17148): 	at vvt.a(SourceFile:4)
11-16 09:56:26.396: E/Bugle(17148): 	at vuq.run(SourceFile:5)
11-16 09:56:26.396: E/Bugle(17148): 	at vvr.run(SourceFile:9)
11-16 09:56:26.396: E/Bugle(17148): 	at java.util.concurrent.ThreadPoolExecutor.runWorker(ThreadPoolExecutor.java:1167)
11-16 09:56:26.396: E/Bugle(17148): 	at java.util.concurrent.ThreadPoolExecutor$Worker.run(ThreadPoolExecutor.java:641)
11-16 09:56:26.396: E/Bugle(17148): 	at tyn.run(SourceFile:5)
11-16 09:56:26.396: E/Bugle(17148): 	at java.lang.Thread.run(Thread.java:764)
11-16 09:56:26.396: E/Bugle(17148): P2pConversationSuggestionsConfigUtils: Unknown suggestion type DUO_CALL
11-16 09:56:26.397: E/Bugle(17148): java.lang.IllegalArgumentException: No enum constant xpe.DUO_CALL
11-16 09:56:26.397: E/Bugle(17148): 	at java.lang.Enum.valueOf(Enum.java:258)
11-16 09:56:26.397: E/Bugle(17148): 	at xpe.a(SourceFile:2)
11-16 09:56:26.397: E/Bugle(17148): 	at hak.a(SourceFile:353)
11-16 09:56:26.397: E/Bugle(17148): 	at hak.a(SourceFile:305)
11-16 09:56:26.397: E/Bugle(17148): 	at hak.a(SourceFile:314)
11-16 09:56:26.397: E/Bugle(17148): 	at haz.a(SourceFile:18)
11-16 09:56:26.397: E/Bugle(17148): 	at haz.c(SourceFile:31)
11-16 09:56:26.397: E/Bugle(17148): 	at dcn.run(Unknown Source:14)
11-16 09:56:26.397: E/Bugle(17148): 	at java.util.concurrent.Executors$RunnableAdapter.call(Executors.java:458)
11-16 09:56:26.397: E/Bugle(17148): 	at vvt.a(SourceFile:4)
11-16 09:56:26.397: E/Bugle(17148): 	at vuq.run(SourceFile:5)
11-16 09:56:26.397: E/Bugle(17148): 	at vvr.run(SourceFile:9)
11-16 09:56:26.397: E/Bugle(17148): 	at java.util.concurrent.ThreadPoolExecutor.runWorker(ThreadPoolExecutor.java:1167)
11-16 09:56:26.397: E/Bugle(17148): 	at java.util.concurrent.ThreadPoolExecutor$Worker.run(ThreadPoolExecutor.java:641)
11-16 09:56:26.397: E/Bugle(17148): 	at tyn.run(SourceFile:5)
11-16 09:56:26.397: E/Bugle(17148): 	at java.lang.Thread.run(Thread.java:764)
11-16 09:56:26.397: E/Bugle(17148): P2pConversationSuggestionsConfigUtils: Unknown suggestion type DUO_CALL
11-16 09:56:26.399: W/Bugle(17148): SubscriptionMetadataUtils get: invalid subId = -1
11-16 09:56:26.402: I/chatty(17148): uid=10111(com.google.android.apps.messaging) identical 1 line
11-16 09:56:26.412: W/Bugle(17148): SubscriptionMetadataUtils get: invalid subId = -1
11-16 09:56:26.419: I/android.youtub(16842): Waiting for a blocking GC ProfileSaver
11-16 09:56:26.441: E/Bugle(17148): java.lang.IllegalArgumentException: No enum constant xpe.DUO_CALL
11-16 09:56:26.441: E/Bugle(17148): 	at java.lang.Enum.valueOf(Enum.java:258)
11-16 09:56:26.441: E/Bugle(17148): 	at xpe.a(SourceFile:2)
11-16 09:56:26.441: E/Bugle(17148): 	at hak.a(SourceFile:353)
11-16 09:56:26.441: E/Bugle(17148): 	at hak.a(SourceFile:308)
11-16 09:56:26.441: E/Bugle(17148): 	at hak.a(SourceFile:314)
11-16 09:56:26.441: E/Bugle(17148): 	at haz.a(SourceFile:18)
11-16 09:56:26.441: E/Bugle(17148): 	at haz.c(SourceFile:31)
11-16 09:56:26.441: E/Bugle(17148): 	at dcn.run(Unknown Source:14)
11-16 09:56:26.441: E/Bugle(17148): 	at java.util.concurrent.Executors$RunnableAdapter.call(Executors.java:458)
11-16 09:56:26.441: E/Bugle(17148): 	at vvt.a(SourceFile:4)
11-16 09:56:26.441: E/Bugle(17148): 	at vuq.run(SourceFile:5)
11-16 09:56:26.441: E/Bugle(17148): 	at vvr.run(SourceFile:9)
11-16 09:56:26.441: E/Bugle(17148): 	at java.util.concurrent.ThreadPoolExecutor.runWorker(ThreadPoolExecutor.java:1167)
11-16 09:56:26.441: E/Bugle(17148): 	at java.util.concurrent.ThreadPoolExecutor$Worker.run(ThreadPoolExecutor.java:641)
11-16 09:56:26.441: E/Bugle(17148): 	at tyn.run(SourceFile:5)
11-16 09:56:26.441: E/Bugle(17148): 	at java.lang.Thread.run(Thread.java:764)
11-16 09:56:26.453: W/Bugle(17148): SubscriptionMetadataUtils get: invalid subId = -1
11-16 09:56:26.460: I/Bugle(17148): CountryCodeDetector: updateMainDeviceCountry from system locale as fallback. detected country: null
11-16 09:56:26.485: I/android.youtub(16842): WaitForGcToComplete blocked ProfileSaver on HeapTrim for 65.819ms
11-16 09:56:26.507: I/BugleRcsEngine(10109): [608] ProvisioningEngineStateMachine$StateBase.c: Exit DisabledState
11-16 09:56:26.508: W/BugleRcsEngine(10109): [608] pcp.c: No config URL. RCS will be disabled!
11-16 09:56:26.514: E/BugleRcsEngine(10109): [2] pkf.a: TelephonyChangeReceiver is not registered.
11-16 09:56:26.516: D/ConnectivityService(1173): releasing NetworkRequest [ TRACK_DEFAULT id=59, [ Capabilities: INTERNET&NOT_RESTRICTED&TRUSTED Unwanted:  Uid: 10111] ] (release request)
11-16 09:56:26.520: I/BugleRcsEngine(10109): [2] oli.a: Destroying JibeServiceComponent
11-16 09:56:26.520: I/BugleRcsEngine(10109): [2] pkj.h: Shutting down SimStateTracker
11-16 09:56:26.527: I/ActivityManager(1173): Killing 16474:com.google.android.configupdater/u0a29 (adj 906): empty #17
11-16 09:56:26.528: W/libprocessgroup(1173): kill(-16474, 9) failed: No such process
11-16 09:56:26.551: I/Zygote(732): Process 16474 exited due to signal (9)
11-16 09:56:26.562: W/libprocessgroup(1173): kill(-16474, 9) failed: No such process
11-16 09:56:26.562: I/libprocessgroup(1173): Successfully killed process cgroup uid 10029 pid 16474 in 34ms
11-16 09:56:26.592: W/Bugle(17148): SubscriptionMetadataUtils get: invalid subId = -1
11-16 09:56:26.618: D/NetworkSecurityConfig(17148): No Network Security Config specified, using platform default
11-16 09:56:26.664: W/Bugle(17148): ChatContentDecoratorGrpc: Instance created but no relevant features are enabled
11-16 09:56:26.670: I/MediaStoreImporter(16745): Update: incremental Added music: 0 Updated music: 0 Deleted music: 0 Created playlists: 0 Updated playlists: 0 Deleted playlists: 0 Inserted playlist items: 0 Deleted playlist items: 0 Removed orphaned playlist items: 0
11-16 09:56:26.673: D/MusicLifecycle(16745): com.google.android.music.download.EncapsulatedBroadcastReceiver$1 generated event: Broadcast received with context com.google.android.music.ui.PhoneMusicApplication@549b2d6 and intent Intent { act=com.google.android.music.IMPORT_COMPLETE flg=0x10 }
11-16 09:56:26.730: E/ExecutionCriteria(10859): Package unavailable for task: com.google.android.apps.gcs/com.google.android.flib.phenotype.services.PhenotypeExperimentCommitService{u=0 tag="PhenotypeExpCommitSvc" trigger=window{start=0s,end=30s,earliest=-339s,latest=-309s} requirements=[NET_ANY] attributes=[PERSISTED] scheduled=-339s last_run=N/A exec_window_multiplier=1.0000 jid=N/A status=PENDING retries=0 client_lib=MANCHEGO_GCM-11732000} [CONTEXT service_id=218 ]
11-16 09:56:26.734: I/BugleRcsEngine(10109): [2] ProvisioningEventReceiver.onReceive: Received Provisioning Event: [Bugle information (100)]
11-16 09:56:26.734: I/BugleRcsEngine(10109): [2] ProvisioningEventReceiver.onReceive: JibeService is not running
11-16 09:56:26.735: W/BugleRcsEngine(10109): [2] ProvisioningEventReceiver.onReceive: Event is not a valid user action. Discarding it.
11-16 09:56:26.741: I/BugleRcsProvisioning(17148): RcsProvisioningEventReceiver: Received ProvisioningEvent: Enable PEv2
11-16 09:56:26.744: I/BugleRcsEngine(17148): [2] pot.b: Not using CS JibeService because the CS migration has not completed.
11-16 09:56:26.746: W/BroadcastQueue(1173): Background execution not allowed: receiving Intent { act=com.google.android.music.START_DOWNLOAD_SCHEDULING flg=0x10 } to com.google.android.music/.autocache.AutoCacheSchedulingService$EnablingReceiver
11-16 09:56:26.749: I/BugleRcsProvisioning(17148): RcsProvisioningEventReceiver: Received ProvisioningEvent: Request Bugle information
11-16 09:56:26.752: I/BugleRcsEngine(17148): [2] pot.b: Not using CS JibeService because the CS migration has not completed.
11-16 09:56:26.758: E/ExecutionCriteria(10859): Package unavailable for task: com.google.android.apps.gcs/com.google.android.flib.phenotype.services.PhenotypeExperimentCommitService{u=0 tag="PhenotypeExpCommitSvc" trigger=window{start=0s,end=30s,earliest=-339s,latest=-309s} requirements=[NET_ANY] attributes=[PERSISTED] scheduled=-339s last_run=N/A exec_window_multiplier=1.0000 jid=N/A status=PENDING retries=0 client_lib=MANCHEGO_GCM-11732000} [CONTEXT service_id=218 ]
11-16 09:56:26.759: I/BugleRcsProvisioning(17148): RcsProvisioningEventReceiver: Received ProvisioningEvent: Availability updated
11-16 09:56:26.759: I/BugleRcsProvisioning(17148): RcsProvisioningEventReceiver: Bugle receives rcs availability update to: DISABLED_SIM_ABSENT
11-16 09:56:26.761: I/BugleRcsEngine(17148): [2] pot.b: Not using CS JibeService because the CS migration has not completed.
11-16 09:56:26.764: I/BugleRcsEngine(10109): [2] ProvisioningEventReceiver.onReceive: Received Provisioning Event: [Availability updated (12)]
11-16 09:56:26.765: I/BugleRcsEngine(10109): [2] ProvisioningEventReceiver.onReceive: JibeService is not running
11-16 09:56:26.765: W/BugleRcsEngine(10109): [2] ProvisioningEventReceiver.onReceive: Event is not a valid user action. Discarding it.
11-16 09:56:26.766: I/BugleRcsProvisioning(17148): RcsProvisioningEventReceiver: Received ProvisioningEvent: Update provisioning status
11-16 09:56:26.775: I/BugleRcsProvisioning(17148): RcsProvisioningEventReceiver: Received ProvisioningEvent: Update provisioning status
11-16 09:56:26.779: I/BugleRcsEngine(10109): [2] ProvisioningEventReceiver.onReceive: Received Provisioning Event: [Bugle information (100)]
11-16 09:56:26.779: I/BugleRcsEngine(10109): [2] ProvisioningEventReceiver.onReceive: JibeService is not running
11-16 09:56:26.779: W/BugleRcsEngine(10109): [2] ProvisioningEventReceiver.onReceive: Event is not a valid user action. Discarding it.
11-16 09:56:26.784: E/ExecutionCriteria(10859): Package unavailable for task: com.google.android.apps.gcs/com.google.android.flib.phenotype.services.PhenotypeExperimentCommitService{u=0 tag="PhenotypeExpCommitSvc" trigger=window{start=0s,end=30s,earliest=-339s,latest=-309s} requirements=[NET_ANY] attributes=[PERSISTED] scheduled=-339s last_run=N/A exec_window_multiplier=1.0000 jid=N/A status=PENDING retries=0 client_lib=MANCHEGO_GCM-11732000} [CONTEXT service_id=218 ]
11-16 09:56:26.790: I/BugleRcsEngine(10109): [2] ProvisioningEventReceiver.onReceive: Received Provisioning Event: [Bugle information (100)]
11-16 09:56:26.790: I/BugleRcsEngine(10109): [2] ProvisioningEventReceiver.onReceive: JibeService is not running
11-16 09:56:26.790: W/BugleRcsEngine(10109): [2] ProvisioningEventReceiver.onReceive: Event is not a valid user action. Discarding it.
11-16 09:56:26.827: D/fpc_hidl(17385): fpc fingerprint hwbinder service starting
11-16 09:56:26.827: D/QSEECOMAPI(17385): QSEECom_get_handle sb_length = 0x80
11-16 09:56:26.828: D/QSEECOMAPI(17385): App is not loaded in QSEE
11-16 09:56:26.828: D/QSEECOMAPI(17385): app_arch = 2, total_files = 9
11-16 09:56:26.838: I/ActivityManager(1173): Force stopping androidx.testutils.navigation.test appid=10172 user=-1: deletePackageX
11-16 09:56:26.869: I/keystore(874): clear_uid 10172
11-16 09:56:26.884: D/QSEECOMAPI(17385): Loaded image: APP id = 90
11-16 09:56:26.887: E/fpc_tac(17385): fpcbuildinfo : 575ddab5b91efea67ee1d200fc813ff2fpc_bio=bd35c3fec78219829149bea6c9ec961e6f655b90C:prodtestlib=4304cf5c884c198624b749af3482befacbd3028eC:fpc_c_core=dc194509594e837dedfb5452aaf06fcb61977135C:fpc_lib=cd5b7b876c3d69afa68a11ac6fd86f873e70817bC:cac=297e11552c60a3607ed664cf44c3e4b36ab2e737C:fpc_bio_interface=94a457caecae31eca8ef04b64c3f82a018e9bbc0C:fpc_sensor=ba909a5500944acafe47a0ef3a49f89509aadfb6C:tools_core=94ddf1e684cfa6c99f0f237f7cc35f3962e0e597C:sensor_settings=4fcf864fb493ae0272a9b2806446b379d99fd8ceC:fingerprint_ta=066bc0ab880960a4a69b74a328c7d7871c72225bC:fingerprint_pal=0deb9a478a3572872639f9cb2559ccc464ee3f9bC:manifests=dcb3d8ab0bdb7a5b341839d8c75bb88fc7f5e1a4C:Manifesttag=SW23.3.0-PDR1.0.5:jenkins@84ffd74dac44:Thu,17May201810:17:08+0200:FPC_SENSOR_TYPE=FPC_SENSOR_TYPE_FPC1270:FPC_CC_TYPE=FPC_COMPANION_CHIP_FPC2050:FPC_C_TYPE=FPC_COATING_NORMAL
11-16 09:56:26.887: E/fpc_tac(17385): fpcbuildtype : build=RELEASE sensor=9
11-16 09:56:26.890: W/EventHub(1173): Unable to disable kernel key repeat for /dev/input/event3: Function not implemented
11-16 09:56:26.890: I/EventHub(1173): wakeMechanism=EPOLLWAKEUP, usingClockIoctl=true
11-16 09:56:26.890: I/EventHub(1173): New device: id=90, fd=261, path='/dev/input/event3', name='uinput-fpc', classes=0x101, configuration='/system/usr/idc/uinput-fpc.idc', keyLayout='/system/usr/keylayout/uinput-fpc.kl', keyCharacterMap='/system/usr/keychars/Generic.kcm', builtinKeyboard=true, 
11-16 09:56:26.890: W/InputReader(1173): Ignoring spurious device added event for deviceId 0.
11-16 09:56:26.965: I/system_server(1173): Explicit concurrent copying GC freed 106614(5MB) AllocSpace objects, 14(664KB) LOS objects, 42% free, 15MB/27MB, paused 61us total 95.177ms
11-16 09:56:26.970: I/ActivityManager(1173): Force stopping androidx.testutils.navigation.test appid=10172 user=0: pkg removed
11-16 09:56:26.978: W/BroadcastQueue(1173): Background execution not allowed: receiving Intent { act=android.intent.action.PACKAGE_REMOVED dat=package:androidx.testutils.navigation.test flg=0x4000010 (has extras) } to com.android.musicfx/.Compatibility$Receiver
