11-16 09:56:07.052: W/sh(15163): type=1400 audit(0.0:190): avc: denied { read } for name="cache" dev="dm-0" ino=48 scontext=u:r:shell:s0 tcontext=u:object_r:cache_file:s0 tclass=lnk_file permissive=0
11-16 09:56:07.456: I/PackageManager.DexOptimizer(1173): Running dexopt (dexoptNeeded=1) on: /data/app/com.google.android.gms.policy_test_support-Grkku_vNxBESFwC9Vxl37A==/base.apk pkg=com.google.android.gms.policy_test_support isa=arm64 dexoptFlags=boot_complete,profile_guided,public,enable_hidden_api_checks targetFilter=speed-profile oatDir=/data/app/com.google.android.gms.policy_test_support-Grkku_vNxBESFwC9Vxl37A==/oat classLoaderContext=PCL[]
11-16 09:56:07.457: V/installed(870): DexInv: --- BEGIN '/data/app/com.google.android.gms.policy_test_support-Grkku_vNxBESFwC9Vxl37A==/base.apk' ---
11-16 09:56:07.479: I/dex2oat(15179): /system/bin/dex2oat --input-vdex-fd=-1 --output-vdex-fd=19 --compiler-filter=speed-profile --classpath-dir=/data/app/com.google.android.gms.policy_test_support-Grkku_vNxBESFwC9Vxl37A== --class-loader-context=PCL[] --generate-mini-debug-info --compact-dex-level=none --compilation-reason=install
11-16 09:56:07.572: I//vendor/bin/hw/android.hardware.health@2.0-service.crosshatch(774): Entry state_: 0 charger_status: Charging batteryLevel: 100
11-16 09:56:07.572: I//vendor/bin/hw/android.hardware.health@2.0-service.crosshatch(774): Exit state_: 0 batteryLevel: 100
11-16 09:56:07.577: D/QtiCarrierConfigHelper(3782): WARNING, no carrier configs on phone Id: 0
11-16 09:56:07.724: I/dex2oat(15179): Explicit concurrent copying GC freed 10433(1499KB) AllocSpace objects, 0(0B) LOS objects, 99% free, 728B/1536KB, paused 33us total 2.668ms
11-16 09:56:07.791: I/dex2oat(15179): dex2oat took 313.364ms (549.069ms cpu) (threads: 8) arena alloc=66KB (68056B) java alloc=16KB (17112B) native alloc=2MB (3019976B) free=3MB (3795768B)
11-16 09:56:07.795: V/installed(870): DexInv: --- END '/data/app/com.google.android.gms.policy_test_support-Grkku_vNxBESFwC9Vxl37A==/base.apk' (success) ---
11-16 09:56:07.795: V/installed(870): [ 11-16 09:56:07.798   870: 3173 E/         ]
11-16 09:56:07.795: V/installed(870): Couldn't opendir /data/app/vmdl1827018599.tmp: No such file or directory
11-16 09:56:07.798: E/installd(870): Failed to delete /data/app/vmdl1827018599.tmp: No such file or directory
11-16 09:56:07.804: I/Finsky(13030): [2] yeh.d(13): PackageMonitorReceiverImpl - Received: android.intent.action.PACKAGE_ADDED, [TAsD3pqu7qg-JZYPvpWmQGEwsDQ0NnuVQpcaQGQjJQU]
11-16 09:56:07.804: I/Finsky(13030): [2] yfi.g(1): Invalidating cached PackageState for com.google.android.gms.policy_test_support
11-16 09:56:07.807: I/CarrierServices(10011): [2] RcsAutoStartReceiver.b: carrierServicesJibeServiceEnabled changed from true to true
11-16 09:56:07.808: I/CarrierServices(10011): [2] RcsAutoStartReceiver.b: enableRcs changed from true to true
11-16 09:56:07.810: I/CarrierServices(10011): [2] RcsAutoStartReceiver.b: RcsAutoStartReceiver triggered. Fetching RCS State. Action: android.intent.action.PACKAGE_ADDED
11-16 09:56:07.813: I/Telecom(1173): DefaultDialerCache: Refreshing default dialer for user 0: now com.google.android.dialer: DDC.oR@AI8
11-16 09:56:07.809: W/sh(15190): type=1400 audit(0.0:191): avc: denied { read } for name="cache" dev="dm-0" ino=48 scontext=u:r:shell:s0 tcontext=u:object_r:cache_file:s0 tclass=lnk_file permissive=0
11-16 09:56:07.813: I/CarrierServices(10011): [2] aws.a: Migration binding to RcsMigrationService
11-16 09:56:07.817: I/InputReader(1173): Reconfiguring input devices.  changes=0x00000010
11-16 09:56:07.821: I/Finsky(13030): [254] ovx.run(16): Wrote row to frosting DB: 212
11-16 09:56:07.831: W/BroadcastQueue(1173): Background execution not allowed: receiving Intent { act=android.intent.action.PACKAGE_ADDED dat=package:com.google.android.gms.policy_test_support flg=0x4000010 (has extras) } to com.android.musicfx/.Compatibility$Receiver
11-16 09:56:07.831: W/BroadcastQueue(1173): Background execution not allowed: receiving Intent { act=android.intent.action.PACKAGE_ADDED dat=package:com.google.android.gms.policy_test_support flg=0x4000010 (has extras) } to com.android.vending/com.google.android.finsky.packagemanager.impl.PackageMonitorReceiverImpl$RegisteredReceiver
11-16 09:56:07.831: W/BroadcastQueue(1173): Background execution not allowed: receiving Intent { act=android.intent.action.PACKAGE_ADDED dat=package:com.google.android.gms.policy_test_support flg=0x4000010 (has extras) } to com.google.android.gms/.games.chimera.GamesSystemBroadcastReceiverProxy
11-16 09:56:07.831: W/BroadcastQueue(1173): Background execution not allowed: receiving Intent { act=android.intent.action.PACKAGE_ADDED dat=package:com.google.android.gms.policy_test_support flg=0x4000010 (has extras) } to com.google.android.gms/.gass.chimera.PackageChangeBroadcastReceiver
11-16 09:56:07.831: W/BroadcastQueue(1173): Background execution not allowed: receiving Intent { act=android.intent.action.PACKAGE_ADDED dat=package:com.google.android.gms.policy_test_support flg=0x4000010 (has extras) } to com.google.android.gms/.chimera.GmsIntentOperationService$PersistentTrustedReceiver
11-16 09:56:07.831: W/BroadcastQueue(1173): Background execution not allowed: receiving Intent { act=android.intent.action.PACKAGE_ADDED dat=package:com.google.android.gms.policy_test_support flg=0x4000010 (has extras) } to com.google.android.googlequicksearchbox/com.google.android.apps.gsa.googlequicksearchbox.GelStubAppWatcher
11-16 09:56:07.832: W/BroadcastQueue(1173): Background execution not allowed: receiving Intent { act=android.intent.action.PACKAGE_ADDED dat=package:com.google.android.gms.policy_test_support flg=0x4000010 (has extras) } to com.google.android.ims/.receivers.RcsAutoStartReceiver
11-16 09:56:07.832: I/Finsky(13030): [2] owk.d(2): Frosting ID looked up on UI thread. Caller should move to a background thread.
11-16 09:56:07.834: I/BugleDataModel(7489): RcsMigrationService: Returning RCS state provider.
11-16 09:56:07.840: I/Finsky(13030): [2] amas.a(3): Do not start WearSupportService due to Wear service optimization
11-16 09:56:07.841: V/BackupManagerConstants(1173): getFullBackupIntervalMilliseconds(...) returns 86400000
11-16 09:56:07.841: I/BugleRcsEngine(7489): [362] pot.a: Sim state is not ready. Returning last known operation mode.
11-16 09:56:07.844: I/CarrierServices(10011): [586] awt.doInBackground: Saving RCS State
11-16 09:56:07.844: I/Finsky(13030): [2] amas.a(3): Do not start WearSupportService due to Wear service optimization
11-16 09:56:07.846: I/Finsky(13030): [2] aeak.a(8): Clearing split related stale data.
11-16 09:56:07.847: I/CarrierServices(10011): [586] awt.doInBackground: Old operation mode: 0
11-16 09:56:07.848: I/CarrierServices(10011): [586] awt.doInBackground: New operation mode: 0
11-16 09:56:07.848: E/PhoneInterfaceManager(3782): [PhoneIntfMgr] getCarrierPackageNamesForIntent: No UICC
11-16 09:56:07.848: D/CarrierSvcBindHelper(3782): No carrier app for: 0
11-16 09:56:07.848: I/CarrierServices(10011): [2] aww.a: Unbinding RcsMigrationService
11-16 09:56:07.854: D/RegisteredNfcFServicesCache(4138): Service unchanged, not updating
11-16 09:56:07.854: E/VvmPkgInstalledRcvr(3782): cannot create TelephonyManager from ComponentInfo{com.android.phone/com.android.services.telephony.TelephonyConnectionService}, ***, UserHandle{0}
11-16 09:56:07.855: D/ImsResolver(3782): maybeAddedImsService, packageName: com.google.android.gms.policy_test_support
11-16 09:56:07.855: D/CarrierConfigLoader(3782): mHandler: 9 phoneId: 0
11-16 09:56:07.856: I/Finsky(13030): [2] owk.d(2): Frosting ID looked up on UI thread. Caller should move to a background thread.
11-16 09:56:07.856: I/Finsky(13030): [256] gxq.a(12): Asset module storage cleared for package com.google.android.gms.policy_test_support.
11-16 09:56:07.859: W/GCM(10859): Unexpected forwarded intent: Intent { act=android.intent.action.PACKAGE_ADDED dat=package:com.google.android.gms.policy_test_support flg=0x4000010 pkg=com.google.android.gms cmp=com.google.android.gms/.chimera.PersistentIntentOperationService (has extras) }
11-16 09:56:07.861: I/Finsky(13030): [254] ovx.run(16): Wrote row to frosting DB: 213
11-16 09:56:07.861: W/GCM(10859): Unexpected forwarded intent: Intent { act=android.intent.action.PACKAGE_ADDED dat=package:com.google.android.gms.policy_test_support flg=0x4000010 pkg=com.google.android.gms cmp=com.google.android.gms/.chimera.PersistentIntentOperationService (has extras) }
11-16 09:56:07.863: I/GmsModuleFndr(13390): Beginning GMS chimera module scan
11-16 09:56:07.866: W/system_server(1173): Unknown chunk type '200'.
11-16 09:56:07.878: I/ModuleSetMgr(13390): Computing pending module set with APKs: [[AdsFdrDynamite.integ:213806100100000], [Enpromo.integ:214106000100000], [Pay.optional:213614100000], [VisionOcr.optional:213614100400], [AdsFdrDynamite.integ:212104400100000], [Cronetdynamite:213614100400], [Dynamiteloader:213614100000], [Dynamitemodulesa:213614100000], [Dynamitemodulesc:213614100000], [Googlecertificates:213614100000], [Mapsdynamite:213614100000], [Measurementdynamite:213614100000]]
11-16 09:56:07.896: I/ModuleSetMgr(13390): Pending container module APKs: [[Pay.optional:213614100000], [VisionOcr.optional:213614100400]]
11-16 09:56:07.896: I/ModuleSetMgr(13390): Pending non-container module APKs: [[Enpromo.integ:214106000100000], [AdsFdrDynamite.integ:213806100100000]]
11-16 09:56:07.901: I/Finsky(13030): [2] abzb.b(5): SCH: Jobs in database: 1-1337 10-78 12-1 24-77777777 26-1414141414 31-305419896 
11-16 09:56:07.908: I/Finsky(13030): [255] jnw.a(15): [ContentSync] finished, scheduled=true
11-16 09:56:07.913: I/Finsky(13030): [2] abxn.d(37): SCH: ConstraintMapping: 24-77777777,  -> L: 0ms, D: 82613243ms, C: false, I: true, N: 0
11-16 09:56:07.913: I/Finsky(13030): [2] abxn.d(37): SCH: ConstraintMapping: 1-1337, 12-1, 31-305419896,  -> L: 14940ms, D: 52724730ms, C: false, I: false, N: 1
11-16 09:56:07.914: I/Finsky(13030): [2] abxn.d(37): SCH: ConstraintMapping: 10-78,  -> L: 0ms, D: 86207221ms, C: false, I: true, N: 1
11-16 09:56:07.914: I/Finsky(13030): [2] abxn.d(37): SCH: ConstraintMapping: 26-1414141414,  -> L: 42836168ms, D: 43736168ms, C: false, I: false, N: 0
11-16 09:56:07.923: W/PackageParser(13390): Unknown element under <manifest>: queries at /data/user_de/0/com.google.android.gms/app_chimera/m/00000007/AdsDynamite.apk Binary XML file line #5
11-16 09:56:07.940: I/Finsky(13030): [2] abxn.f(7): SCH: Cancelling existing jobscheduler jobs: 9003 9006 9007 9005 
11-16 09:56:07.940: I/Finsky(13030): [2] abxn.e(23): SCH: Scheduling job Id: 9000, L: 0, D: 82613243, C: false, I: true, N: 0
11-16 09:56:07.941: W/PackageParser(13390): Unknown element under <manifest>: queries at /data/user_de/0/com.google.android.gms/app_chimera/m/00000011/dl-AdsFdrDynamite.integ_213806100100000.apk Binary XML file line #11
11-16 09:56:07.941: I/Finsky(13030): [2] abxn.e(23): SCH: Scheduling job Id: 9001, L: 14940, D: 52724730, C: false, I: false, N: 1
11-16 09:56:07.944: I/system_server(1173): Background concurrent copying GC freed 192633(9MB) AllocSpace objects, 67(1880KB) LOS objects, 42% free, 17MB/30MB, paused 107us total 142.788ms
11-16 09:56:07.944: I/Finsky(13030): [2] abxn.e(23): SCH: Scheduling job Id: 9002, L: 0, D: 86207221, C: false, I: true, N: 1
11-16 09:56:07.945: D/QSEECOMAPI(15157): QSEECom_get_handle sb_length = 0x400
11-16 09:56:07.945: D/QSEECOMAPI(15157): App is already loaded QSEE and app id = 1
11-16 09:56:07.947: I/Finsky(13030): [2] abxn.e(23): SCH: Scheduling job Id: 9004, L: 42836168, D: 43736168, C: false, I: false, N: 0
11-16 09:56:07.947: E/fpc_tac(15157): qsee_km_get_encapsulated_key KEYMASTER_GET_AUTH_TOKEN_KEY returned status=-24
11-16 09:56:07.947: D/QSEECOMAPI(15157): QSEECom_dealloc_memory 
11-16 09:56:07.947: D/QSEECOMAPI(15157): QSEECom_shutdown_app, app_id = 1
11-16 09:56:07.947: E/fpc_fingerprint_hal(15157): fpc_hal_open failed
11-16 09:56:07.949: I/EventHub(1173): Removing device '/dev/input/event3' due to inotify event
11-16 09:56:07.949: I/EventHub(1173): Removed device: path=/dev/input/event3 name=uinput-fpc id=86 fd=169 classes=0x101
11-16 09:56:07.949: W/EventHub(1173): built-in keyboard device /dev/input/event3 (id=86) is closing! the apps will not like this
11-16 09:56:07.949: W/InputReader(1173): Ignoring spurious device removed event for deviceId 86.
11-16 09:56:07.955: W/System(13030): A resource failed to call end. 
11-16 09:56:07.955: W/System(13030): A resource failed to call end. 
11-16 09:56:07.966: D/QSEECOMAPI(15157): QSEECom_dealloc_memory 
11-16 09:56:07.966: D/QSEECOMAPI(15157): QSEECom_shutdown_app, app_id = 86
11-16 09:56:08.032: I/ChimeraCfgMgr(13390): Updating module config: ads_fdr:2138061005100000,container:2136149100400+pay+vision.ocr,enpromo:2141060005100000 -> ads_fdr:2138061005100000,container:2136149100400+pay+vision.ocr,enpromo:2141060005100000
11-16 09:56:08.032: E/DowngradeHelper(13390): isModuleDowngradeRequired false
11-16 09:56:08.066: W/BroadcastQueue(1173): Background execution not allowed: receiving Intent { act=com.google.android.chimera.MODULE_CONFIGURATION_CHANGED flg=0x10 (has extras) } to com.google.android.gms/.chimera.GmsIntentOperationService$PersistentInternalReceiver
11-16 09:56:08.077: I/ChimeraCfgMgr(13390): Sending com.google.android.chimera.IntentOperation.NEW_MODULE Intents: 1,false,true
11-16 09:56:08.114: I/PackageManager.DexOptimizer(1173): Running dexopt (dexoptNeeded=1) on: /data/app/com.google.android.gmscore.testing.testsupport-CfsxdqquQNt424lyWz8g2Q==/base.apk pkg=com.google.android.gmscore.testing.testsupport isa=arm64 dexoptFlags=boot_complete,profile_guided,public,enable_hidden_api_checks targetFilter=speed-profile oatDir=/data/app/com.google.android.gmscore.testing.testsupport-CfsxdqquQNt424lyWz8g2Q==/oat classLoaderContext=PCL[/system/framework/org.apache.http.legacy.boot.jar]
11-16 09:56:08.115: I/GmsDebugLogger(13390): [46] ads_fdr:2138061005100000,container:2136149100400+pay+vision.ocr,enpromo:2141060005100000
11-16 09:56:08.115: V/installed(870): DexInv: --- BEGIN '/data/app/com.google.android.gmscore.testing.testsupport-CfsxdqquQNt424lyWz8g2Q==/base.apk' ---
11-16 09:56:08.119: I/Auth(13390): [SupervisedAccountIntentOperation] onHandleIntent(): android.intent.action.PACKAGE_ADDED
11-16 09:56:08.132: W/gle.android.gm(13390): Unsupported class loader
11-16 09:56:08.133: W/gle.android.gm(13390): Skipping duplicate class check due to unsupported classloader
11-16 09:56:08.134: I/gle.android.gm(13390): Failed to add image file Failed to flatten class loader hierarchy 'Unknown class loader type drb'
11-16 09:56:08.139: I/BlockstoreStorage(13390): Clearing Blockstore Data for package com.google.android.gms.policy_test_support [CONTEXT service_id=258 ]
11-16 09:56:08.140: I/BlockstoreStorage(13390): No metadata found. Skipping deletion. [CONTEXT service_id=258 ]
11-16 09:56:08.171: I/dex2oat(15230): /system/bin/dex2oat --input-vdex-fd=-1 --output-vdex-fd=19 --compiler-filter=speed-profile --classpath-dir=/data/app/com.google.android.gmscore.testing.testsupport-CfsxdqquQNt424lyWz8g2Q== --class-loader-context=PCL[/system/framework/org.apache.http.legacy.boot.jar] --generate-mini-debug-info --compact-dex-level=none --compilation-reason=install
11-16 09:56:08.185: D/BoundBrokerSvc(10859): onBind: Intent { act=com.google.android.gms.nearby.exposurenotification.START cmp=com.google.android.gms/.chimera.PersistentApiService }
11-16 09:56:08.186: D/BoundBrokerSvc(10859): Loading bound service for intent: Intent { act=com.google.android.gms.nearby.exposurenotification.START cmp=com.google.android.gms/.chimera.PersistentApiService }
11-16 09:56:08.186: W/ChimeraUtils(10859): Module com.google.android.gms.nearby_en has empty metadata display_name_string_id
11-16 09:56:08.187: D/BoundBrokerSvc(13390): onBind: Intent { act=com.google.android.gms.common.BIND_SHARED_PREFS pkg=com.google.android.gms }
11-16 09:56:08.187: D/BoundBrokerSvc(13390): Loading bound service for intent: Intent { act=com.google.android.gms.common.BIND_SHARED_PREFS pkg=com.google.android.gms }
11-16 09:56:08.196: W/ChimeraUtils(10859): Module com.google.android.gms.nearby_en has empty metadata display_name_string_id
11-16 09:56:08.199: W/ChimeraUtils(10859): Module com.google.android.gms.nearby_en has empty metadata display_name_string_id
11-16 09:56:08.202: I/Icing(13390): IndexChimeraService.getServiceInterface callingPackage=com.google.android.gms componentName=AppsCorpus serviceId=36
11-16 09:56:08.213: D/BoundBrokerSvc(13390): onUnbind: Intent { act=com.google.android.gms.common.BIND_SHARED_PREFS pkg=com.google.android.gms }
11-16 09:56:08.215: I/TestSupport(13390): Activate: 1637049600000@1637085368194 [CONTEXT service_id=133 ]
11-16 09:56:08.215: I/TestSupport(13390): Boot time: 1637084948871 [CONTEXT service_id=133 ]
11-16 09:56:08.216: I/TestSupport(13390): Updated: /data/data/com.google.android.gms/app_testsupport/.startup [CONTEXT service_id=133 ]
11-16 09:56:08.218: I/ChimeraCfgMgr(13390): Received com.google.android.chimera.IntentOperation.NEW_MODULE(1/0): 1,false
11-16 09:56:08.223: I/GmsModuleFndr(13390): Beginning GMS chimera module scan
11-16 09:56:08.226: E/PhenotypeRegOp(13390): Attempting to overwrite config package for com.google.android.gms.games [CONTEXT service_id=231 ]
11-16 09:56:08.226: E/PhenotypeRegOp(13390): Attempting to overwrite config package for com.google.android.gms.maps#com.google.android.gms [CONTEXT service_id=231 ]
11-16 09:56:08.226: E/PhenotypeRegOp(13390): Attempting to overwrite config package for com.google.android.gms.cast [CONTEXT service_id=231 ]
11-16 09:56:08.227: E/PhenotypeRegOp(13390): Attempting to overwrite config package for com.google.android.gms.mobile_data_plan [CONTEXT service_id=231 ]
11-16 09:56:08.228: E/PhenotypeRegOp(13390): Attempting to overwrite config package for com.google.android.gms.udc [CONTEXT service_id=231 ]
11-16 09:56:08.229: I/ModuleSetMgr(13390): Computing pending module set with APKs: [[AdsFdrDynamite.integ:213806100100000], [Enpromo.integ:214106000100000], [Pay.optional:213614100000], [VisionOcr.optional:213614100400], [AdsFdrDynamite.integ:212104400100000], [Cronetdynamite:213614100400], [Dynamiteloader:213614100000], [Dynamitemodulesa:213614100000], [Dynamitemodulesc:213614100000], [Googlecertificates:213614100000], [Mapsdynamite:213614100000], [Measurementdynamite:213614100000]]
11-16 09:56:08.241: I/ModuleSetMgr(13390): Pending container module APKs: [[Pay.optional:213614100000], [VisionOcr.optional:213614100400]]
11-16 09:56:08.242: I/ModuleSetMgr(13390): Pending non-container module APKs: [[Enpromo.integ:214106000100000], [AdsFdrDynamite.integ:213806100100000]]
11-16 09:56:08.246: W/Icing(13390): No valid account for uploading user actions
11-16 09:56:08.255: W/PackageParser(13390): Unknown element under <manifest>: queries at /data/user_de/0/com.google.android.gms/app_chimera/m/00000007/AdsDynamite.apk Binary XML file line #5
11-16 09:56:08.260: I/Icing(13390): Usage reports ok 0, Failed Usage reports 0, indexed 0, rejected 0
11-16 09:56:08.267: W/PackageParser(13390): Unknown element under <manifest>: queries at /data/user_de/0/com.google.android.gms/app_chimera/m/00000011/dl-AdsFdrDynamite.integ_213806100100000.apk Binary XML file line #11
11-16 09:56:08.269: I/Icing(13390): IndexChimeraService.getServiceInterface callingPackage=com.google.android.gms componentName=null serviceId=30
11-16 09:56:08.270: I/Icing(13390): Indexing com.google.android.gms-apps from com.google.android.gms
11-16 09:56:08.277: I/Icing(13390): Indexing done com.google.android.gms-apps
11-16 09:56:08.282: W/Icing(13390): No valid account for uploading user actions
11-16 09:56:08.289: I/Icing(13390): Usage reports ok 0, Failed Usage reports 0, indexed 0, rejected 0
11-16 09:56:08.625: I/dex2oat(15230): Explicit concurrent copying GC freed 11044(2MB) AllocSpace objects, 0(0B) LOS objects, 99% free, 896B/1536KB, paused 27us total 3.015ms
11-16 09:56:08.731: I/dex2oat(15230): dex2oat took 564.014ms (1.192s cpu) (threads: 8) arena alloc=30KB (31432B) java alloc=16KB (17280B) native alloc=5MB (5286400B) free=2MB (3102208B)
11-16 09:56:08.737: V/installed(870): DexInv: --- END '/data/app/com.google.android.gmscore.testing.testsupport-CfsxdqquQNt424lyWz8g2Q==/base.apk' (success) ---
11-16 09:56:08.737: V/installed(870): [ 11-16 09:56:08.738   870: 3173 E/         ]
11-16 09:56:08.737: V/installed(870): Couldn't opendir /data/app/vmdl678705560.tmp: No such file or directory
11-16 09:56:08.738: E/installd(870): Failed to delete /data/app/vmdl678705560.tmp: No such file or directory
11-16 09:56:08.745: D/ImsResolver(3782): maybeAddedImsService, packageName: com.google.android.gmscore.testing.testsupport
11-16 09:56:08.746: W/BroadcastQueue(1173): Background execution not allowed: receiving Intent { act=android.intent.action.PACKAGE_ADDED dat=package:com.google.android.gmscore.testing.testsupport flg=0x4000010 (has extras) } to com.android.musicfx/.Compatibility$Receiver
11-16 09:56:08.747: I/Finsky(13030): [2] yeh.d(13): PackageMonitorReceiverImpl - Received: android.intent.action.PACKAGE_ADDED, [Cfp7IzF5TvVG3xiSuASXeJDeHWm6HS2AulwLaqmOV14]
11-16 09:56:08.747: I/Finsky(13030): [2] yfi.g(1): Invalidating cached PackageState for com.google.android.gmscore.testing.testsupport
11-16 09:56:08.747: W/BroadcastQueue(1173): Background execution not allowed: receiving Intent { act=android.intent.action.PACKAGE_ADDED dat=package:com.google.android.gmscore.testing.testsupport flg=0x4000010 (has extras) } to com.android.vending/com.google.android.finsky.packagemanager.impl.PackageMonitorReceiverImpl$RegisteredReceiver
11-16 09:56:08.747: I/CarrierServices(10011): [2] RcsAutoStartReceiver.b: carrierServicesJibeServiceEnabled changed from true to true
11-16 09:56:08.747: W/BroadcastQueue(1173): Background execution not allowed: receiving Intent { act=android.intent.action.PACKAGE_ADDED dat=package:com.google.android.gmscore.testing.testsupport flg=0x4000010 (has extras) } to com.google.android.gms/.games.chimera.GamesSystemBroadcastReceiverProxy
11-16 09:56:08.747: W/BroadcastQueue(1173): Background execution not allowed: receiving Intent { act=android.intent.action.PACKAGE_ADDED dat=package:com.google.android.gmscore.testing.testsupport flg=0x4000010 (has extras) } to com.google.android.gms/.gass.chimera.PackageChangeBroadcastReceiver
11-16 09:56:08.748: W/BroadcastQueue(1173): Background execution not allowed: receiving Intent { act=android.intent.action.PACKAGE_ADDED dat=package:com.google.android.gmscore.testing.testsupport flg=0x4000010 (has extras) } to com.google.android.gms/.chimera.GmsIntentOperationService$PersistentTrustedReceiver
11-16 09:56:08.748: I/CarrierServices(10011): [2] RcsAutoStartReceiver.b: enableRcs changed from true to true
11-16 09:56:08.749: I/CarrierServices(10011): [2] RcsAutoStartReceiver.b: RcsAutoStartReceiver triggered. Fetching RCS State. Action: android.intent.action.PACKAGE_ADDED
11-16 09:56:08.749: I/InputReader(1173): Reconfiguring input devices.  changes=0x00000010
11-16 09:56:08.751: W/BroadcastQueue(1173): Background execution not allowed: receiving Intent { act=android.intent.action.PACKAGE_ADDED dat=package:com.google.android.gmscore.testing.testsupport flg=0x4000010 (has extras) } to com.google.android.googlequicksearchbox/com.google.android.apps.gsa.googlequicksearchbox.GelStubAppWatcher
11-16 09:56:08.752: I/CarrierServices(10011): [2] aws.a: Migration binding to RcsMigrationService
11-16 09:56:08.752: W/BroadcastQueue(1173): Background execution not allowed: receiving Intent { act=android.intent.action.PACKAGE_ADDED dat=package:com.google.android.gmscore.testing.testsupport flg=0x4000010 (has extras) } to com.google.android.ims/.receivers.RcsAutoStartReceiver
11-16 09:56:08.753: I/Finsky(13030): [2] owk.d(2): Frosting ID looked up on UI thread. Caller should move to a background thread.
11-16 09:56:08.754: I/Telecom(1173): DefaultDialerCache: Refreshing default dialer for user 0: now com.google.android.dialer: DDC.oR@AJM
11-16 09:56:08.756: I/Finsky(13030): [254] ovx.run(16): Wrote row to frosting DB: 214
11-16 09:56:08.766: I/Finsky(13030): [255] jnw.a(15): [ContentSync] finished, scheduled=false
11-16 09:56:08.766: I/BugleDataModel(7489): RcsMigrationService: Returning RCS state provider.
11-16 09:56:08.767: I/Finsky(13030): [2] amas.a(3): Do not start WearSupportService due to Wear service optimization
11-16 09:56:08.771: I/Finsky(13030): [2] amas.a(3): Do not start WearSupportService due to Wear service optimization
11-16 09:56:08.772: I/Finsky(13030): [2] aeak.a(8): Clearing split related stale data.
11-16 09:56:08.774: D/RegisteredNfcFServicesCache(4138): Service unchanged, not updating
11-16 09:56:08.774: I/Finsky(13030): [256] gxq.a(12): Asset module storage cleared for package com.google.android.gmscore.testing.testsupport.
11-16 09:56:08.775: E/PhoneInterfaceManager(3782): [PhoneIntfMgr] getCarrierPackageNamesForIntent: No UICC
11-16 09:56:08.775: D/CarrierSvcBindHelper(3782): No carrier app for: 0
11-16 09:56:08.775: I/BugleRcsEngine(7489): [364] pot.a: Sim state is not ready. Returning last known operation mode.
11-16 09:56:08.777: I/CarrierServices(10011): [587] awt.doInBackground: Saving RCS State
11-16 09:56:08.777: I/CarrierServices(10011): [587] awt.doInBackground: Old operation mode: 0
11-16 09:56:08.778: I/CarrierServices(10011): [587] awt.doInBackground: New operation mode: 0
11-16 09:56:08.778: E/VvmPkgInstalledRcvr(3782): cannot create TelephonyManager from ComponentInfo{com.android.phone/com.android.services.telephony.TelephonyConnectionService}, ***, UserHandle{0}
11-16 09:56:08.778: I/CarrierServices(10011): [2] aww.a: Unbinding RcsMigrationService
11-16 09:56:08.778: D/CarrierConfigLoader(3782): mHandler: 9 phoneId: 0
11-16 09:56:08.782: I/Finsky(13030): [254] ovx.run(16): Wrote row to frosting DB: 215
11-16 09:56:08.785: I/Finsky(13030): [2] owk.d(2): Frosting ID looked up on UI thread. Caller should move to a background thread.
11-16 09:56:08.791: I/Auth(13390): [SupervisedAccountIntentOperation] onHandleIntent(): android.intent.action.PACKAGE_ADDED
11-16 09:56:08.793: I/BlockstoreStorage(13390): Clearing Blockstore Data for package com.google.android.gmscore.testing.testsupport [CONTEXT service_id=258 ]
11-16 09:56:08.794: I/BlockstoreStorage(13390): No metadata found. Skipping deletion. [CONTEXT service_id=258 ]
11-16 09:56:08.795: W/GCM(10859): Unexpected forwarded intent: Intent { act=android.intent.action.PACKAGE_ADDED dat=package:com.google.android.gmscore.testing.testsupport flg=0x4000010 pkg=com.google.android.gms cmp=com.google.android.gms/.chimera.PersistentIntentOperationService (has extras) }
11-16 09:56:08.795: W/GCM(10859): Unexpected forwarded intent: Intent { act=android.intent.action.PACKAGE_ADDED dat=package:com.google.android.gmscore.testing.testsupport flg=0x4000010 pkg=com.google.android.gms cmp=com.google.android.gms/.chimera.PersistentIntentOperationService (has extras) }
11-16 09:56:08.806: D/BoundBrokerSvc(13390): onBind: Intent { act=com.google.android.gms.common.BIND_SHARED_PREFS pkg=com.google.android.gms }
11-16 09:56:08.806: D/BoundBrokerSvc(13390): Loading bound service for intent: Intent { act=com.google.android.gms.common.BIND_SHARED_PREFS pkg=com.google.android.gms }
11-16 09:56:08.815: I/ActivityManager(1173): Start proc 15256:com.google.android.gmscore.testing.testsupport/u0a170 for service com.google.android.gmscore.testing.testsupport/.CommandService
11-16 09:56:08.815: E/ing.testsuppor(15256): Not starting debugger since process cannot load the jdwp agent.
11-16 09:56:08.827: D/BoundBrokerSvc(13390): onUnbind: Intent { act=com.google.android.gms.common.BIND_SHARED_PREFS pkg=com.google.android.gms }
11-16 09:56:08.832: W/ChimeraUtils(10859): Module com.google.android.gms.nearby_en has empty metadata display_name_string_id
11-16 09:56:08.835: I/Icing(13390): Indexing com.google.android.gms-apps from com.google.android.gms
11-16 09:56:08.838: I/Icing(13390): Indexing done com.google.android.gms-apps
11-16 09:56:08.839: I/ing.testsuppor(15256): The ClassLoaderContext is a special shared library.
11-16 09:56:08.840: W/ChimeraUtils(10859): Module com.google.android.gms.nearby_en has empty metadata display_name_string_id
11-16 09:56:08.843: W/ChimeraUtils(10859): Module com.google.android.gms.nearby_en has empty metadata display_name_string_id
11-16 09:56:08.845: I/system_server(1173): Background concurrent copying GC freed 273682(8MB) AllocSpace objects, 21(932KB) LOS objects, 42% free, 17MB/31MB, paused 147us total 106.823ms
11-16 09:56:08.855: I/TSDRIVER(15256): CommandService onHandleIntent()
11-16 09:56:08.857: I/TSDRIVER(15256): Got command: PACKAGE
11-16 09:56:08.876: I/TSDRIVER(15256): flag package: Eglnc2VydmljZXMaLAooZmluc2t5LnBsYXlfc2VydmljZXNfYXV0b191cGRhdGVfZW5hYmxlZBgAGjUKMWZpbnNreS5zZXR1cF93aXphcmRfYWRkaXRpb25hbF9hY2NvdW50X3ZwYV9lbmFibGUYABoxCi1maW5za3kuZGFpbHlfaHlnaWVuZV9zY2hlZHVsZV91bmF1dGhlbnRpY2F0ZWQYABpyCipmaW5za3kuYmFja2dyb3VuZF9zcGxpdF9pbnN0YWxsc19ibGFja2xpc3QSRGNvbS5hbmRyb2lkLmNocm9tZSxjb20uZ29vZ2xlLmFuZHJvaWQuZ21zLGNvbS5nb29nbGUuYW5kcm9pZC53ZWJ2aWV3KPgB
11-16 09:56:08.879: E/GooglePlayServicesUtil(15256): The Google Play services resources were not found. Check your project configuration to ensure that the resources are included.
11-16 09:56:08.880: I/TSDRIVER(15256): flag package: gservices
11-16 09:56:08.886: D/BoundBrokerSvc(13390): onBind: Intent { act=com.google.android.gms.testsupport.service.START pkg=com.google.android.gms }
11-16 09:56:08.886: D/BoundBrokerSvc(13390): Loading bound service for intent: Intent { act=com.google.android.gms.testsupport.service.START pkg=com.google.android.gms }
11-16 09:56:08.903: I/m.akt(13390): Primes not initialized, returning default (no-op) Primes instance which will ignore all calls. Please call Primes.initialize(...) before using any Primes API.
11-16 09:56:08.917: W/DynamiteModule(13390): Local module descriptor class for com.google.android.gms.googlecertificates not found.
11-16 09:56:08.923: W/gle.android.gm(13390): Unsupported class loader
11-16 09:56:08.925: W/gle.android.gm(13390): Skipping duplicate class check due to unsupported classloader
11-16 09:56:08.929: I/DynamiteModule(13390): Considering local module com.google.android.gms.googlecertificates:0 and remote module com.google.android.gms.googlecertificates:6
11-16 09:56:08.929: I/DynamiteModule(13390): Selected remote version of com.google.android.gms.googlecertificates, version >= 6
11-16 09:56:08.946: W/gle.android.gm(13390): Unsupported class loader
11-16 09:56:08.947: W/gle.android.gm(13390): Skipping duplicate class check due to unsupported classloader
11-16 09:56:08.971: I/TestSupport(13390): Activated: 1637049600000@1637085368194 [CONTEXT service_id=133 ]
11-16 09:56:08.971: I/TestSupport(13390): Boot time: 1637084948871 [CONTEXT service_id=133 ]
11-16 09:56:08.972: I/TestSupport(13390): Passing package and signature checks: com.google.android.gmscore.testing.testsupport [CONTEXT service_id=133 ]
11-16 09:56:08.982: I/TestSupport(13390): SetOverrideOperation: finsky.play_services_auto_update_enabled = false [CONTEXT service_id=133 ]
11-16 09:56:09.018: I/GservicesProvider(4353): override update completed
11-16 09:56:09.032: I/ActivityManager(1173): Start proc 15285:com.android.connectivity.metrics/u0a57 for broadcast com.android.connectivity.metrics/.SnapshotSchedulingReceiver
11-16 09:56:09.040: E/ctivity.metric(15285): Not starting debugger since process cannot load the jdwp agent.
11-16 09:56:09.045: I/Bugle(7489): ApnsOta: OTA version -1
11-16 09:56:09.059: I/TestSupport(13390): GServices override confirmed: finsky.play_services_auto_update_enabled=false [CONTEXT service_id=133 ]
11-16 09:56:09.062: I/CarrierServices(10011): [2] bxu.e: Carrier Services GServices flags:
11-16 09:56:09.062: I/CarrierServices(10011):    carrier_services_security_flags_ec_api_white_listed_packages: com.google.android.apps.messaging,com.google.android.dialer,com.google.android.ims.client.sampleapp,com.android.contacts,com.lge.rcscall,com.android.incallui,com.huawei.incallui.appfeature.rcsfeature
11-16 09:56:09.062: I/CarrierServices(10011):    carrier_services_security_flags_ec_api_white_listed_signatures: B28C3EDB665DF32686224DF800F603E9959BBE4E,0980A12BE993528C19107BC21AD811478C63CEFC,B38FA7B5ECFAEC44620A020752B07E063B3120A8,203997BC46B8792DC9747ABD230569071F9A0439,EDA6413C3E3A95492114FE07CD953AD897E40D1A,760EBB9F4200B3DFB1B817B40FF0563A3C150D39,5B368CFF2DA2686996BC95EAC190EAA4F5630FE5,01D845B26B688D8EF647205A5944E9407E52E06E,27196E386B875E76ADF700E7EA84E4C6EEE33DFA,1CDD04F1E4A732BB0352FDFAEE26D2315526DF85,025D5212BF3B5F5CDA6117A518721D70A94D84E0
11-16 09:56:09.062: I/CarrierServices(10011):    carrier_services_security_flags_test_service_white_listed_packages: com.google.android.ims.mobly.snippets
11-16 09:56:09.062: I/CarrierServices(10011):    carrier_services_security_flags_test_service_white_listed_signatures: AE41481F52E0F58DF2806D5A38EB3DBCA5AE02B0,E165542B31953CC282AA4EF2F4D5F07F7663A2A2
11-16 09:56:09.062: I/CarrierServices(10011):    carrier_services_security_flags_white_listed_packages: com.google.android.apps.messaging,com.google.android.dialer,com.google.android.ims.client.sampleapp,com.android.contacts,com.lge.rcscall,com.android.incallui,com.huawei.incallui.appfeature.rcsfeature
11-16 09:56:09.062: I/CarrierServices(10011):    carrier_services_security_flags_white_listed_signatures: B28C3EDB665DF32686224DF800F603E9959BBE4E,0980A12BE993528C19107BC21AD811478C63CEFC,B38FA7B5ECFAEC44620A020752B07E063B3120A8,203997BC46B8792DC9747ABD230569071F9A0439,EDA6413C3E3A95492114FE07CD953AD897E40D1A,760EBB9F4200B3DFB1B817B40FF0563A3C150D39,5B368CFF2DA2686996BC95EAC190EAA4F5630FE5,01D845B26B688D8EF647205A5944E9407E52E06E,27196E386B875E76ADF700E7EA84E4C6EEE33DFA,1CDD04F1E4A732BB0352FDFAEE26D2315526DF85,025D5212BF3B5F5CDA6117A518721D70A94D84E0
11-16 09:56:09.062: I/CarrierServices(10011):    carrier_services_video_share_disabled_user_agent_substrings: SM-G930,SM-G935,SM-A320
11-16 09:56:09.062: I/CarrierServices(10011): ====================
11-16 09:56:09.065: I/ctivity.metric(15285): The ClassLoaderContext is a special shared library.
11-16 09:56:09.074: D/CarrierServices(10011): log_saver already enabled
11-16 09:56:09.075: I/TestSupport(13390): SetOverrideOperation: finsky.setup_wizard_additional_account_vpa_enable = false [CONTEXT service_id=133 ]
11-16 09:56:09.079: D/ConnMetrics:App(15285): onCreate()
11-16 09:56:09.101: I/ActivityManager(1173): Start proc 15304:com.google.android.apps.multidevice.client/u0a72 for broadcast com.google.android.apps.multidevice.client/.ui.pixel.SettingsActivityAvailabilityReceiver
11-16 09:56:09.101: D/BugleRcsEngine(10109): log_saver already enabled
11-16 09:56:09.102: E/tidevice.clien(15304): Not starting debugger since process cannot load the jdwp agent.
11-16 09:56:09.105: E/GooglePlayServicesUtil(15285): The Google Play services resources were not found. Check your project configuration to ensure that the resources are included.
11-16 09:56:09.116: I/GservicesProvider(4353): override update completed
11-16 09:56:09.132: I/tidevice.clien(15304): The ClassLoaderContext is a special shared library.
11-16 09:56:09.137: I/TestSupport(13390): GServices override confirmed: finsky.setup_wizard_additional_account_vpa_enable=false [CONTEXT service_id=133 ]
11-16 09:56:09.142: D/ConnMetrics:App(15285): IsOptedIn = false
11-16 09:56:09.146: I/Bugle(7489): ApnsOta: OTA version -1
11-16 09:56:09.148: I/TestSupport(13390): SetOverrideOperation: finsky.daily_hygiene_schedule_unauthenticated = false [CONTEXT service_id=133 ]
11-16 09:56:09.153: I/CarrierServices(10011): [2] bxu.e: Carrier Services GServices flags:
11-16 09:56:09.153: I/CarrierServices(10011):    carrier_services_security_flags_ec_api_white_listed_packages: com.google.android.apps.messaging,com.google.android.dialer,com.google.android.ims.client.sampleapp,com.android.contacts,com.lge.rcscall,com.android.incallui,com.huawei.incallui.appfeature.rcsfeature
11-16 09:56:09.153: I/CarrierServices(10011):    carrier_services_security_flags_ec_api_white_listed_signatures: B28C3EDB665DF32686224DF800F603E9959BBE4E,0980A12BE993528C19107BC21AD811478C63CEFC,B38FA7B5ECFAEC44620A020752B07E063B3120A8,203997BC46B8792DC9747ABD230569071F9A0439,EDA6413C3E3A95492114FE07CD953AD897E40D1A,760EBB9F4200B3DFB1B817B40FF0563A3C150D39,5B368CFF2DA2686996BC95EAC190EAA4F5630FE5,01D845B26B688D8EF647205A5944E9407E52E06E,27196E386B875E76ADF700E7EA84E4C6EEE33DFA,1CDD04F1E4A732BB0352FDFAEE26D2315526DF85,025D5212BF3B5F5CDA6117A518721D70A94D84E0
11-16 09:56:09.153: I/CarrierServices(10011):    carrier_services_security_flags_test_service_white_listed_packages: com.google.android.ims.mobly.snippets
11-16 09:56:09.153: I/CarrierServices(10011):    carrier_services_security_flags_test_service_white_listed_signatures: AE41481F52E0F58DF2806D5A38EB3DBCA5AE02B0,E165542B31953CC282AA4EF2F4D5F07F7663A2A2
11-16 09:56:09.153: I/CarrierServices(10011):    carrier_services_security_flags_white_listed_packages: com.google.android.apps.messaging,com.google.android.dialer,com.google.android.ims.client.sampleapp,com.android.contacts,com.lge.rcscall,com.android.incallui,com.huawei.incallui.appfeature.rcsfeature
11-16 09:56:09.153: I/CarrierServices(10011):    carrier_services_security_flags_white_listed_signatures: B28C3EDB665DF32686224DF800F603E9959BBE4E,0980A12BE993528C19107BC21AD811478C63CEFC,B38FA7B5ECFAEC44620A020752B07E063B3120A8,203997BC46B8792DC9747ABD230569071F9A0439,EDA6413C3E3A95492114FE07CD953AD897E40D1A,760EBB9F4200B3DFB1B817B40FF0563A3C150D39,5B368CFF2DA2686996BC95EAC190EAA4F5630FE5,01D845B26B688D8EF647205A5944E9407E52E06E,27196E386B875E76ADF700E7EA84E4C6EEE33DFA,1CDD04F1E4A732BB0352FDFAEE26D2315526DF85,025D5212BF3B5F5CDA6117A518721D70A94D84E0
11-16 09:56:09.153: I/CarrierServices(10011):    carrier_services_video_share_disabled_user_agent_substrings: SM-G930,SM-G935,SM-A320
11-16 09:56:09.153: I/CarrierServices(10011): ====================
11-16 09:56:09.178: I/SettingsActivityAvailab(15304): Disabling com.google.android.apps.multidevice.client.ui.pixel.SettingsActivity.
11-16 09:56:09.179: D/GservicesChangeReceiver(6212): Gservices Changed broadcast Received. context is android.app.ReceiverRestrictedContext@c8e0377
11-16 09:56:09.183: D/GservicesChangeReceiver(6212): Gservices allowPowerAnomalyData is False.
11-16 09:56:09.184: D/ConnectivityMonitorManager(6212): Service com.google.android.connectivitymonitor.PowerAnomalyDetectorService is not running...
11-16 09:56:09.188: D/CarrierServices(10011): log_saver already enabled
11-16 09:56:09.194: I/GservicesProvider(4353): override update completed
11-16 09:56:09.203: D/GservicesChangeReceiver(6212): Gservices allowLowPowerMonitoring is False.
11-16 09:56:09.205: D/ConnectivityMonitorManager(6212): Service com.google.android.connectivitymonitor.LowPowerMonitorService is not running...
11-16 09:56:09.218: I/TestSupport(13390): GServices override confirmed: finsky.daily_hygiene_schedule_unauthenticated=false [CONTEXT service_id=133 ]
11-16 09:56:09.219: I/Bugle(7489): ApnsOta: OTA version -1
11-16 09:56:09.227: I/CarrierServices(10011): [2] bxu.e: Carrier Services GServices flags:
11-16 09:56:09.227: I/CarrierServices(10011):    carrier_services_security_flags_ec_api_white_listed_packages: com.google.android.apps.messaging,com.google.android.dialer,com.google.android.ims.client.sampleapp,com.android.contacts,com.lge.rcscall,com.android.incallui,com.huawei.incallui.appfeature.rcsfeature
11-16 09:56:09.227: I/CarrierServices(10011):    carrier_services_security_flags_ec_api_white_listed_signatures: B28C3EDB665DF32686224DF800F603E9959BBE4E,0980A12BE993528C19107BC21AD811478C63CEFC,B38FA7B5ECFAEC44620A020752B07E063B3120A8,203997BC46B8792DC9747ABD230569071F9A0439,EDA6413C3E3A95492114FE07CD953AD897E40D1A,760EBB9F4200B3DFB1B817B40FF0563A3C150D39,5B368CFF2DA2686996BC95EAC190EAA4F5630FE5,01D845B26B688D8EF647205A5944E9407E52E06E,27196E386B875E76ADF700E7EA84E4C6EEE33DFA,1CDD04F1E4A732BB0352FDFAEE26D2315526DF85,025D5212BF3B5F5CDA6117A518721D70A94D84E0
11-16 09:56:09.227: I/CarrierServices(10011):    carrier_services_security_flags_test_service_white_listed_packages: com.google.android.ims.mobly.snippets
11-16 09:56:09.227: I/CarrierServices(10011):    carrier_services_security_flags_test_service_white_listed_signatures: AE41481F52E0F58DF2806D5A38EB3DBCA5AE02B0,E165542B31953CC282AA4EF2F4D5F07F7663A2A2
11-16 09:56:09.227: I/CarrierServices(10011):    carrier_services_security_flags_white_listed_packages: com.google.android.apps.messaging,com.google.android.dialer,com.google.android.ims.client.sampleapp,com.android.contacts,com.lge.rcscall,com.android.incallui,com.huawei.incallui.appfeature.rcsfeature
11-16 09:56:09.227: I/CarrierServices(10011):    carrier_services_security_flags_white_listed_signatures: B28C3EDB665DF32686224DF800F603E9959BBE4E,0980A12BE993528C19107BC21AD811478C63CEFC,B38FA7B5ECFAEC44620A020752B07E063B3120A8,203997BC46B8792DC9747ABD230569071F9A0439,EDA6413C3E3A95492114FE07CD953AD897E40D1A,760EBB9F4200B3DFB1B817B40FF0563A3C150D39,5B368CFF2DA2686996BC95EAC190EAA4F5630FE5,01D845B26B688D8EF647205A5944E9407E52E06E,27196E386B875E76ADF700E7EA84E4C6EEE33DFA,1CDD04F1E4A732BB0352FDFAEE26D2315526DF85,025D5212BF3B5F5CDA6117A518721D70A94D84E0
11-16 09:56:09.227: I/CarrierServices(10011):    carrier_services_video_share_disabled_user_agent_substrings: SM-G930,SM-G935,SM-A320
11-16 09:56:09.227: I/CarrierServices(10011): ====================
11-16 09:56:09.230: I/TestSupport(13390): SetOverrideOperation: finsky.background_split_installs_blacklist = com.android.chrome,com.google.android.gms,com.google.android.webview [CONTEXT service_id=133 ]
11-16 09:56:09.233: D/GservicesChangeReceiver(6212): Gservices isConnectivityMonitorEnabled is True.
11-16 09:56:09.235: D/ConnectivityMonitorManager(6212): Service com.google.android.connectivitymonitor.ConnectivityMonitorService is running...
11-16 09:56:09.243: D/CarrierServices(10011): log_saver already enabled
11-16 09:56:09.248: D/BugleRcsEngine(10109): log_saver already enabled
11-16 09:56:09.249: I/ActivityManager(1173): Start proc 15327:com.google.android.euicc/u0a67 for broadcast com.google.android.euicc/com.android.euicc.receiver.GservicesChangedReceiver
11-16 09:56:09.250: E/e.android.euic(15327): Not starting debugger since process cannot load the jdwp agent.
11-16 09:56:09.270: I/GservicesProvider(4353): override update completed
11-16 09:56:09.292: I/TestSupport(13390): GServices override confirmed: finsky.background_split_installs_blacklist=com.android.chrome,com.google.android.gms,com.google.android.webview [CONTEXT service_id=133 ]
11-16 09:56:09.295: I/TSDRIVER(15256): Handled command: PACKAGE
11-16 09:56:09.296: I/ActivityManager(1173): Killing 13876:com.google.android.partnersetup/u0a49 (adj 906): empty #17
11-16 09:56:09.297: W/libprocessgroup(1173): kill(-13876, 9) failed: No such process
11-16 09:56:09.311: I/CarrierServices(10011): [2] bxu.e: Carrier Services GServices flags:
11-16 09:56:09.311: I/CarrierServices(10011):    carrier_services_security_flags_ec_api_white_listed_packages: com.google.android.apps.messaging,com.google.android.dialer,com.google.android.ims.client.sampleapp,com.android.contacts,com.lge.rcscall,com.android.incallui,com.huawei.incallui.appfeature.rcsfeature
11-16 09:56:09.311: I/CarrierServices(10011):    carrier_services_security_flags_ec_api_white_listed_signatures: B28C3EDB665DF32686224DF800F603E9959BBE4E,0980A12BE993528C19107BC21AD811478C63CEFC,B38FA7B5ECFAEC44620A020752B07E063B3120A8,203997BC46B8792DC9747ABD230569071F9A0439,EDA6413C3E3A95492114FE07CD953AD897E40D1A,760EBB9F4200B3DFB1B817B40FF0563A3C150D39,5B368CFF2DA2686996BC95EAC190EAA4F5630FE5,01D845B26B688D8EF647205A5944E9407E52E06E,27196E386B875E76ADF700E7EA84E4C6EEE33DFA,1CDD04F1E4A732BB0352FDFAEE26D2315526DF85,025D5212BF3B5F5CDA6117A518721D70A94D84E0
11-16 09:56:09.311: I/CarrierServices(10011):    carrier_services_security_flags_test_service_white_listed_packages: com.google.android.ims.mobly.snippets
11-16 09:56:09.311: I/CarrierServices(10011):    carrier_services_security_flags_test_service_white_listed_signatures: AE41481F52E0F58DF2806D5A38EB3DBCA5AE02B0,E165542B31953CC282AA4EF2F4D5F07F7663A2A2
11-16 09:56:09.311: I/CarrierServices(10011):    carrier_services_security_flags_white_listed_packages: com.google.android.apps.messaging,com.google.android.dialer,com.google.android.ims.client.sampleapp,com.android.contacts,com.lge.rcscall,com.android.incallui,com.huawei.incallui.appfeature.rcsfeature
11-16 09:56:09.311: I/CarrierServices(10011):    carrier_services_security_flags_white_listed_signatures: B28C3EDB665DF32686224DF800F603E9959BBE4E,0980A12BE993528C19107BC21AD811478C63CEFC,B38FA7B5ECFAEC44620A020752B07E063B3120A8,203997BC46B8792DC9747ABD230569071F9A0439,EDA6413C3E3A95492114FE07CD953AD897E40D1A,760EBB9F4200B3DFB1B817B40FF0563A3C150D39,5B368CFF2DA2686996BC95EAC190EAA4F5630FE5,01D845B26B688D8EF647205A5944E9407E52E06E,27196E386B875E76ADF700E7EA84E4C6EEE33DFA,1CDD04F1E4A732BB0352FDFAEE26D2315526DF85,025D5212BF3B5F5CDA6117A518721D70A94D84E0
11-16 09:56:09.311: I/CarrierServices(10011):    carrier_services_video_share_disabled_user_agent_substrings: SM-G930,SM-G935,SM-A320
11-16 09:56:09.311: I/CarrierServices(10011): ====================
11-16 09:56:09.319: I/Zygote(732): Process 13876 exited due to signal (9)
11-16 09:56:09.335: I/Bugle(7489): ApnsOta: OTA version -1
11-16 09:56:09.343: W/libprocessgroup(1173): kill(-13876, 9) failed: No such process
11-16 09:56:09.343: I/libprocessgroup(1173): Successfully killed process cgroup uid 10049 pid 13876 in 45ms
11-16 09:56:09.350: I/TSDRIVER(15256): CommandService onHandleIntent()
11-16 09:56:09.350: I/TSDRIVER(15256): Got command: PACKAGE
11-16 09:56:09.350: I/TSDRIVER(15256): flag package: Eitjb20uZ29vZ2xlLmFuZHJvaWQuZ21zLmF1dGguYXBpLmNyZWRlbnRpYWxzGh4KGlNhdmVTdHJhdGVneV9fZW5hYmxlU2F2aW5nGAAoPg
11-16 09:56:09.350: I/TSDRIVER(15256): flag package: com.google.android.gms.auth.api.credentials
11-16 09:56:09.360: I/TestSupport(13390): SetOverrideOperation: gms:phenotype:phenotype_flag:debug_bypass_phenotype = false [CONTEXT service_id=133 ]
11-16 09:56:09.387: I/GservicesProvider(4353): override update completed
11-16 09:56:09.399: I/TestSupport(13390): GServices override confirmed: gms:phenotype:phenotype_flag:debug_bypass_phenotype=false [CONTEXT service_id=133 ]
11-16 09:56:09.412: I/TestSupport(13390): SetFlagOverridesOperation: com.google.android.gms.auth.api.credentials, '', [Flag(SaveStrategy__enableSaving, false, 2, 0)] [CONTEXT service_id=133 ]
11-16 09:56:09.422: I/CarrierServices(10011): [2] bxu.e: Carrier Services GServices flags:
11-16 09:56:09.422: I/CarrierServices(10011):    carrier_services_security_flags_ec_api_white_listed_packages: com.google.android.apps.messaging,com.google.android.dialer,com.google.android.ims.client.sampleapp,com.android.contacts,com.lge.rcscall,com.android.incallui,com.huawei.incallui.appfeature.rcsfeature
11-16 09:56:09.422: I/CarrierServices(10011):    carrier_services_security_flags_ec_api_white_listed_signatures: B28C3EDB665DF32686224DF800F603E9959BBE4E,0980A12BE993528C19107BC21AD811478C63CEFC,B38FA7B5ECFAEC44620A020752B07E063B3120A8,203997BC46B8792DC9747ABD230569071F9A0439,EDA6413C3E3A95492114FE07CD953AD897E40D1A,760EBB9F4200B3DFB1B817B40FF0563A3C150D39,5B368CFF2DA2686996BC95EAC190EAA4F5630FE5,01D845B26B688D8EF647205A5944E9407E52E06E,27196E386B875E76ADF700E7EA84E4C6EEE33DFA,1CDD04F1E4A732BB0352FDFAEE26D2315526DF85,025D5212BF3B5F5CDA6117A518721D70A94D84E0
11-16 09:56:09.422: I/CarrierServices(10011):    carrier_services_security_flags_test_service_white_listed_packages: com.google.android.ims.mobly.snippets
11-16 09:56:09.422: I/CarrierServices(10011):    carrier_services_security_flags_test_service_white_listed_signatures: AE41481F52E0F58DF2806D5A38EB3DBCA5AE02B0,E165542B31953CC282AA4EF2F4D5F07F7663A2A2
11-16 09:56:09.422: I/CarrierServices(10011):    carrier_services_security_flags_white_listed_packages: com.google.android.apps.messaging,com.google.android.dialer,com.google.android.ims.client.sampleapp,com.android.contacts,com.lge.rcscall,com.android.incallui,com.huawei.incallui.appfeature.rcsfeature
11-16 09:56:09.422: I/CarrierServices(10011):    carrier_services_security_flags_white_listed_signatures: B28C3EDB665DF32686224DF800F603E9959BBE4E,0980A12BE993528C19107BC21AD811478C63CEFC,B38FA7B5ECFAEC44620A020752B07E063B3120A8,203997BC46B8792DC9747ABD230569071F9A0439,EDA6413C3E3A95492114FE07CD953AD897E40D1A,760EBB9F4200B3DFB1B817B40FF0563A3C150D39,5B368CFF2DA2686996BC95EAC190EAA4F5630FE5,01D845B26B688D8EF647205A5944E9407E52E06E,27196E386B875E76ADF700E7EA84E4C6EEE33DFA,1CDD04F1E4A732BB0352FDFAEE26D2315526DF85,025D5212BF3B5F5CDA6117A518721D70A94D84E0
11-16 09:56:09.422: I/CarrierServices(10011):    carrier_services_video_share_disabled_user_agent_substrings: SM-G930,SM-G935,SM-A320
11-16 09:56:09.422: I/CarrierServices(10011): ====================
11-16 09:56:09.428: I/EuiccGoogle(15327): [2] GservicesChangedReceiver.onReceive: Setting EUICC_SUPPORTED_COUNTRIES to de,gb,in,us
11-16 09:56:09.428: D/CarrierServices(10011): log_saver already enabled
11-16 09:56:09.432: I/Bugle(7489): ApnsOta: OTA version -1
11-16 09:56:09.438: I/Backup(13390): [GmsBackupStatusChangeReceiver] Going to enable gms backup transport.
11-16 09:56:09.455: I/Backup(13390): [BackupTransportMigratorChimeraService] Starting migration...
11-16 09:56:09.460: I/GmsModuleFndr(13390): Beginning GMS chimera module scan
11-16 09:56:09.464: I/BgTaskExecutorImpl(10057): Starting NONEXCLUSIVE background task UPDATE_GSERVICES_CONFIG.
11-16 09:56:09.468: I/NetRec(10859): [922] aiad.a: onConfigChanged()
11-16 09:56:09.472: D/CarrierServices(10011): log_saver already enabled
11-16 09:56:09.476: I/Herrevad(10859): [928] zcq.a: updateListenState
