11-16 08:57:16.939: I/TestSupport(14328): AwaitCommitOperation: uncommitted: FlagOverride(com.google.android.gms.auth.api.credentials, , Flag(SaveStrategy__enableSaving, false, 2, 0), false) [CONTEXT service_id=133 ]
11-16 08:57:16.942: I/TestSupport(14328): AwaitCommitOperation:  sleeping for 160 msec. [CONTEXT service_id=133 ]
11-16 08:57:16.961: I/SoundTriggerModelLoader(21828): Unloading model 9f6ad62a-1f0b-11e7-87c5-40a8f03d3f15
11-16 08:57:16.962: I/SoundTriggerManagerComp(21828): Unloading model 9f6ad62a-1f0b-11e7-87c5-40a8f03d3f15
11-16 08:57:16.962: I/SoundTriggerService(1265): deleteSoundModel(): id = 9f6ad62a-1f0b-11e7-87c5-40a8f03d3f15
11-16 08:57:16.962: W/SoundTriggerHelper(1265): Unload error: Attempting unload invalid generic model with id:9f6ad62a-1f0b-11e7-87c5-40a8f03d3f15
11-16 08:57:16.962: W/PackageParser(14328): Unknown element under <manifest>: queries at /data/user_de/0/com.google.android.gms/app_chimera/m/00000010/dl-AdsFdrDynamite.integ_213806100100000.apk Binary XML file line #11
11-16 08:57:16.970: I/SettingsActivityAvailab(21604): Disabling com.google.android.apps.multidevice.client.ui.pixel.SettingsActivity.
11-16 08:57:16.971: D/GservicesChangeReceiver(5997): Gservices Changed broadcast Received. context is android.app.ReceiverRestrictedContext@fee59f8
11-16 08:57:16.971: D/GservicesChangeReceiver(5997): Gservices allowPowerAnomalyData is False.
11-16 08:57:16.972: D/ConnectivityMonitorManager(5997): Service com.google.android.connectivitymonitor.PowerAnomalyDetectorService is not running...
11-16 08:57:16.975: D/GservicesChangeReceiver(5997): Gservices allowLowPowerMonitoring is False.
11-16 08:57:16.976: E/GooglePlayServicesUtil(21586): The Google Play services resources were not found. Check your project configuration to ensure that the resources are included.
11-16 08:57:16.977: D/ConnectivityMonitorManager(5997): Service com.google.android.connectivitymonitor.LowPowerMonitorService is not running...
11-16 08:57:16.978: I/RecoverableKeyStoreGms(14328): [RecoverableKeyStoreGmsInitOperation] Initializing auth_folsom
11-16 08:57:16.979: D/GservicesChangeReceiver(5997): Gservices isConnectivityMonitorEnabled is True.
11-16 08:57:16.980: I/ChromeSync(14328): [Sync,SyncIntentOperation] Handling the intent: Intent { act=com.google.gservices.intent.action.GSERVICES_CHANGED flg=0x1000010 pkg=com.google.android.gms cmp=com.google.android.gms/.chimera.GmsIntentOperationService$PersistentInternalReceiver }.
11-16 08:57:16.980: I/RecoverableKeyStoreGms(14328): [RecoverableKeyStoreGmsInitOperation] com.google.android.gms.auth.folsom.service.FolsomPublicKeyUpdateService is already enabled. Ignore.
11-16 08:57:16.980: I/RecoverableKeyStoreGms(14328): [RecoverableKeyStoreGmsInitOperation] com.google.android.gms.auth.folsom.service.GcmReceiverService is already enabled. Ignore.
11-16 08:57:16.981: D/ConnectivityMonitorManager(5997): Service com.google.android.connectivitymonitor.ConnectivityMonitorService is running...
11-16 08:57:16.983: V/RecoverableKeyStoreMgr(1265): Not updating secret types - same as old value.
11-16 08:57:16.983: I/RecoverableKeyStoreGms(14328): [RecoverableKeyStoreGmsInitOperation] Setting vault handle
11-16 08:57:16.984: V/RecoverableKeyStoreMgr(1265): Not updating server params - same as old value.
11-16 08:57:16.985: I/RecoverableKeyStoreGms(14328): [EnrollmentManager] Returning certificates list from cache
11-16 08:57:16.987: I/EuiccGoogle(21624): [2] GservicesChangedReceiver.onReceive: Setting EUICC_SUPPORTED_COUNTRIES to de,gb,in,us
11-16 08:57:16.989: I/MobileDataHub(14328): Scheduling periodic tasks
11-16 08:57:16.989: I/MdiSyncModule(14328): flag handling is skipping irrelevant intent.
11-16 08:57:16.990: W/MobileDataHub(14328): [Service] appsupload-periodic periodic task disabled
11-16 08:57:16.991: I/MS_Utils(14328): version of com.google.android.apps.maps = 1022101040
11-16 08:57:16.993: I/SystemUpdate(14328): [Installation,ReceiverIntentOperation] Received intent: Intent { act=com.google.gservices.intent.action.GSERVICES_CHANGED flg=0x1000010 pkg=com.google.android.gms cmp=com.google.android.gms/.chimera.GmsIntentOperationService$PersistentInternalReceiver }.
11-16 08:57:16.997: D/ConnMetrics:App(21586): IsOptedIn = false
11-16 08:57:16.997: W/DynamiteModule(14328): Local module descriptor class for com.google.android.gms.vision.dynamite.ocr not found.
11-16 08:57:16.997: I/Backup(14328): [GmsBackupStatusChangeReceiver] Going to enable gms backup transport.
11-16 08:57:16.999: I/DynamiteModule(14328): Considering local module com.google.android.gms.vision.dynamite.ocr:0 and remote module com.google.android.gms.vision.dynamite.ocr:0
11-16 08:57:16.999: I/DynamiteModule(14328): Considering local module com.google.android.gms.vision.ocr:0 and remote module com.google.android.gms.vision.ocr:1
11-16 08:57:16.999: I/DynamiteModule(14328): Selected remote version of com.google.android.gms.vision.ocr, version >= 1
11-16 08:57:17.001: I/native(14328): I1116 08:57:17.001478   21506 start_ocr_856638336_langid.cc:35] StartOcr with label: latin_script_gmvapi_android
11-16 08:57:17.001: I/native(14328): I1116 08:57:17.001566   21506 start_ocr_856638336_langid.cc:44] StartOcr success
11-16 08:57:17.004: I/OcrModelUpStIntentOp(14328): Downloading text recognizer
11-16 08:57:17.012: I/Herrevad(10833): [942] zcq.a: updateListenState
11-16 08:57:17.013: I/NetRec(10833): [937] aiad.a: onConfigChanged()
11-16 08:57:17.015: I/Auth(10833): [AuthManaged, PasswordComplexityHelperImpl] Updating password complexity components state.
11-16 08:57:17.015: I/Auth(10833): [AuthManaged, PasswordComplexityHelperImpl] Enabling com.google.android.gms.auth.managed.ui.SetNewPasswordActivity
11-16 08:57:17.019: I/NetRec(10833): [937] aiad.a: Cancelling all NetRec GCM tasks
11-16 08:57:17.021: I/BgTaskExecutorImpl(10077): Starting NONEXCLUSIVE background task UPDATE_GSERVICES_CONFIG.
11-16 08:57:17.022: I/NetRec(10833): [942] ClearDatabaseService.onHandleIntent: Clearing score cache
11-16 08:57:17.027: I/RecoverableKeyStoreMgr(1265): The cert file serial number is the same, so skip updating.
11-16 08:57:17.027: I/RecoverableKeyStoreGms(14328): [EnrollmentManager] Recovery service is initialized.
11-16 08:57:17.028: I/RecoverySnapshotLstnrs(1265): Registered listener for agent with uid 10007
11-16 08:57:17.029: E/RecoverySnapshotStorage(1265): Error reading snapshot for 10007 from disk
11-16 08:57:17.029: E/RecoverySnapshotStorage(1265): java.io.FileNotFoundException: /data/system/recoverablekeystore/snapshots/10007.xml (No such file or directory)
11-16 08:57:17.029: E/RecoverySnapshotStorage(1265): 	at java.io.FileInputStream.open0(Native Method)
11-16 08:57:17.029: E/RecoverySnapshotStorage(1265): 	at java.io.FileInputStream.open(FileInputStream.java:231)
11-16 08:57:17.029: E/RecoverySnapshotStorage(1265): 	at java.io.FileInputStream.<init>(FileInputStream.java:165)
11-16 08:57:17.029: E/RecoverySnapshotStorage(1265): 	at com.android.server.locksettings.recoverablekeystore.storage.RecoverySnapshotStorage.readFromDisk(RecoverySnapshotStorage.java:152)
11-16 08:57:17.029: E/RecoverySnapshotStorage(1265): 	at com.android.server.locksettings.recoverablekeystore.storage.RecoverySnapshotStorage.get(RecoverySnapshotStorage.java:104)
11-16 08:57:17.029: E/RecoverySnapshotStorage(1265): 	at com.android.server.locksettings.recoverablekeystore.RecoverableKeyStoreManager.getKeyChainSnapshot(RecoverableKeyStoreManager.java:331)
11-16 08:57:17.029: E/RecoverySnapshotStorage(1265): 	at com.android.server.locksettings.LockSettingsService.getKeyChainSnapshot(LockSettingsService.java:2032)
11-16 08:57:17.029: E/RecoverySnapshotStorage(1265): 	at com.android.internal.widget.ILockSettings$Stub.onTransact(ILockSettings.java:356)
11-16 08:57:17.029: E/RecoverySnapshotStorage(1265): 	at android.os.Binder.execTransact(Binder.java:731)
11-16 08:57:17.032: W/SearchServiceCore(10077): Abort, client detached.
11-16 08:57:17.033: I/RecoverableKeyStoreGms(14328): [WrappingKeyManager] Can't generate wrapping key - missing lock screeen
11-16 08:57:17.034: I/GservicesUpdateTask(10077): Updating Gservices keys
11-16 08:57:17.040: W/NetworkScheduler(10833): The extras of the task is not valid to be persisted so that the task is not persisted [CONTEXT service_id=218 ]
11-16 08:57:17.040: W/NetworkScheduler(10833): java.lang.IllegalArgumentException: Only the following extra parameter types are supported: Integer, Long, Double, String, Boolean, and nested Bundles with the same restrictions.
11-16 08:57:17.040: W/NetworkScheduler(10833): 	at abno.f(:com.google.android.gms@213614028@21.36.14 (100400-395708125):6)
11-16 08:57:17.040: W/NetworkScheduler(10833): 	at amdu.g(:com.google.android.gms@213614028@21.36.14 (100400-395708125):37)
11-16 08:57:17.040: W/NetworkScheduler(10833): 	at amdd.n(:com.google.android.gms@213614028@21.36.14 (100400-395708125):3)
11-16 08:57:17.040: W/NetworkScheduler(10833): 	at amdd.u(:com.google.android.gms@213614028@21.36.14 (100400-395708125):20)
11-16 08:57:17.040: W/NetworkScheduler(10833): 	at amdd.g(:com.google.android.gms@213614028@21.36.14 (100400-395708125):3)
11-16 08:57:17.040: W/NetworkScheduler(10833): 	at alzy.run(:com.google.android.gms@213614028@21.36.14 (100400-395708125):9)
11-16 08:57:17.040: W/NetworkScheduler(10833): 	at rgh.c(:com.google.android.gms@213614028@21.36.14 (100400-395708125):6)
11-16 08:57:17.040: W/NetworkScheduler(10833): 	at rgh.run(:com.google.android.gms@213614028@21.36.14 (100400-395708125):8)
11-16 08:57:17.040: W/NetworkScheduler(10833): 	at java.util.concurrent.ThreadPoolExecutor.runWorker(ThreadPoolExecutor.java:1167)
11-16 08:57:17.040: W/NetworkScheduler(10833): 	at java.util.concurrent.ThreadPoolExecutor$Worker.run(ThreadPoolExecutor.java:641)
11-16 08:57:17.040: W/NetworkScheduler(10833): 	at rkn.run(:com.google.android.gms@213614028@21.36.14 (100400-395708125):0)
11-16 08:57:17.040: W/NetworkScheduler(10833): 	at java.lang.Thread.run(Thread.java:764)
11-16 08:57:17.049: I/GmsModuleFndr(14328): Beginning GMS chimera module scan
11-16 08:57:17.058: I/ModuleSetMgr(14328): Computing pending module set with APKs: [[AdsFdrDynamite.integ:213806100100000], [Enpromo.integ:214106000100000], [Pay.optional:213614100000], [VisionOcr.optional:213614100400], [AdsFdrDynamite.integ:212104400100000], [Cronetdynamite:213614100400], [Dynamiteloader:213614100000], [Dynamitemodulesa:213614100000], [Dynamitemodulesc:213614100000], [Googlecertificates:213614100000], [Mapsdynamite:213614100000], [Measurementdynamite:213614100000]]
11-16 08:57:17.067: I/GCoreUlr(10833): WorldUpdater received intent Intent { act=com.google.android.location.reporting.ACTION_UPDATE_WORLD cmp=com.google.android.gms/com.google.android.location.reporting.service.DispatchingService (has extras) } with receiverAction com.google.gservices.intent.action.GSERVICES_CHANGED [CONTEXT service_id=22 ]
11-16 08:57:17.067: I/ModuleSetMgr(14328): Pending container module APKs: [[Pay.optional:213614100000], [VisionOcr.optional:213614100400]]
11-16 08:57:17.067: I/ModuleSetMgr(14328): Pending non-container module APKs: [[Enpromo.integ:214106000100000], [AdsFdrDynamite.integ:213806100100000]]
11-16 08:57:17.080: I/GCoreUlr(10833): WorldUpdater:com.google.gservices.intent.action.GSERVICES_CHANGED: Ensuring that reporting is stopped because of reasons: (no Google accounts) [CONTEXT service_id=22 ]
11-16 08:57:17.081: I/SoundTriggerModelLoader(21828): Unloading model 9f6ad62a-1f0b-11e7-87c5-40a8f03d3f15
11-16 08:57:17.081: I/SoundTriggerManagerComp(21828): Unloading model 9f6ad62a-1f0b-11e7-87c5-40a8f03d3f15
11-16 08:57:17.081: I/SoundTriggerService(1265): deleteSoundModel(): id = 9f6ad62a-1f0b-11e7-87c5-40a8f03d3f15
11-16 08:57:17.081: W/SoundTriggerHelper(1265): Unload error: Attempting unload invalid generic model with id:9f6ad62a-1f0b-11e7-87c5-40a8f03d3f15
11-16 08:57:17.084: W/PackageParser(14328): Unknown element under <manifest>: queries at /data/user_de/0/com.google.android.gms/app_chimera/m/00000007/AdsDynamite.apk Binary XML file line #5
11-16 08:57:17.088: I/SettingsActivityAvailab(21604): Disabling com.google.android.apps.multidevice.client.ui.pixel.SettingsActivity.
11-16 08:57:17.088: D/GservicesChangeReceiver(5997): Gservices Changed broadcast Received. context is android.app.ReceiverRestrictedContext@fee59f8
11-16 08:57:17.089: D/GservicesChangeReceiver(5997): Gservices allowPowerAnomalyData is False.
11-16 08:57:17.089: D/ConnectivityMonitorManager(5997): Service com.google.android.connectivitymonitor.PowerAnomalyDetectorService is not running...
11-16 08:57:17.093: D/GservicesChangeReceiver(5997): Gservices allowLowPowerMonitoring is False.
11-16 08:57:17.094: D/ConnectivityMonitorManager(5997): Service com.google.android.connectivitymonitor.LowPowerMonitorService is not running...
11-16 08:57:17.096: I/GCoreUlr(10833): Unbound from all signal providers. [CONTEXT service_id=22 ]
11-16 08:57:17.097: D/GservicesChangeReceiver(5997): Gservices isConnectivityMonitorEnabled is True.
11-16 08:57:17.099: D/ConnectivityMonitorManager(5997): Service com.google.android.connectivitymonitor.ConnectivityMonitorService is running...
11-16 08:57:17.102: I/EuiccGoogle(21624): [2] GservicesChangedReceiver.onReceive: Setting EUICC_SUPPORTED_COUNTRIES to de,gb,in,us
11-16 08:57:17.104: E/GooglePlayServicesUtil(21586): The Google Play services resources were not found. Check your project configuration to ensure that the resources are included.
11-16 08:57:17.111: I/Backup(14328): [GmsBackupStatusChangeReceiver] Going to enable gms backup transport.
11-16 08:57:17.112: W/PackageParser(14328): Unknown element under <manifest>: queries at /data/user_de/0/com.google.android.gms/app_chimera/m/00000010/dl-AdsFdrDynamite.integ_213806100100000.apk Binary XML file line #11
11-16 08:57:17.113: D/ConnMetrics:App(21586): IsOptedIn = false
11-16 08:57:17.121: I/Herrevad(10833): [942] zcq.a: updateListenState
11-16 08:57:17.122: I/NetRec(10833): [942] aiad.a: onConfigChanged()
11-16 08:57:17.124: I/Auth(10833): [AuthManaged, PasswordComplexityHelperImpl] Updating password complexity components state.
11-16 08:57:17.124: I/Auth(10833): [AuthManaged, PasswordComplexityHelperImpl] Enabling com.google.android.gms.auth.managed.ui.SetNewPasswordActivity
11-16 08:57:17.125: I/NetRec(10833): [942] aiad.a: Cancelling all NetRec GCM tasks
11-16 08:57:17.126: I/RecoverableKeyStoreGms(14328): [RecoverableKeyStoreGmsInitOperation] Initializing auth_folsom
11-16 08:57:17.126: I/RecoverableKeyStoreGms(14328): [RecoverableKeyStoreGmsInitOperation] com.google.android.gms.auth.folsom.service.FolsomPublicKeyUpdateService is already enabled. Ignore.
11-16 08:57:17.126: I/RecoverableKeyStoreGms(14328): [RecoverableKeyStoreGmsInitOperation] com.google.android.gms.auth.folsom.service.GcmReceiverService is already enabled. Ignore.
11-16 08:57:17.128: V/RecoverableKeyStoreMgr(1265): Not updating secret types - same as old value.
11-16 08:57:17.129: I/RecoverableKeyStoreGms(14328): [RecoverableKeyStoreGmsInitOperation] Setting vault handle
11-16 08:57:17.130: I/GmsModuleFndr(14328): Beginning GMS chimera module scan
11-16 08:57:17.130: I/ChromeSync(14328): [Sync,SyncIntentOperation] Handling the intent: Intent { act=com.google.gservices.intent.action.GSERVICES_CHANGED flg=0x1000010 pkg=com.google.android.gms cmp=com.google.android.gms/.chimera.GmsIntentOperationService$PersistentInternalReceiver }.
11-16 08:57:17.131: V/RecoverableKeyStoreMgr(1265): Not updating server params - same as old value.
11-16 08:57:17.131: I/RecoverableKeyStoreGms(14328): [EnrollmentManager] Returning certificates list from cache
11-16 08:57:17.137: I/MobileDataHub(14328): Scheduling periodic tasks
11-16 08:57:17.139: I/MS_Utils(14328): version of com.google.android.apps.maps = 1022101040
11-16 08:57:17.140: W/MobileDataHub(14328): [Service] appsupload-periodic periodic task disabled
11-16 08:57:17.140: I/MdiSyncModule(14328): flag handling is skipping irrelevant intent.
11-16 08:57:17.143: W/DynamiteModule(14328): Local module descriptor class for com.google.android.gms.vision.dynamite.ocr not found.
11-16 08:57:17.144: I/DynamiteModule(14328): Considering local module com.google.android.gms.vision.dynamite.ocr:0 and remote module com.google.android.gms.vision.dynamite.ocr:0
11-16 08:57:17.144: I/DynamiteModule(14328): Considering local module com.google.android.gms.vision.ocr:0 and remote module com.google.android.gms.vision.ocr:1
11-16 08:57:17.144: I/DynamiteModule(14328): Selected remote version of com.google.android.gms.vision.ocr, version >= 1
11-16 08:57:17.146: I/native(14328): I1116 08:57:17.146100   21558 start_ocr_856638336_langid.cc:35] StartOcr with label: latin_script_gmvapi_android
11-16 08:57:17.146: I/native(14328): I1116 08:57:17.146186   21558 start_ocr_856638336_langid.cc:44] StartOcr success
11-16 08:57:17.148: I/SystemUpdate(14328): [Installation,ReceiverIntentOperation] Received intent: Intent { act=com.google.gservices.intent.action.GSERVICES_CHANGED flg=0x1000010 pkg=com.google.android.gms cmp=com.google.android.gms/.chimera.GmsIntentOperationService$PersistentInternalReceiver }.
11-16 08:57:17.148: I/OcrModelUpStIntentOp(14328): Downloading text recognizer
11-16 08:57:17.149: I/TestSupport(14328): AwaitCommitOperation: uncommitted: FlagOverride(com.google.android.gms.auth.api.credentials, , Flag(SaveStrategy__enableSaving, false, 2, 0), false) [CONTEXT service_id=133 ]
11-16 08:57:17.150: I/TestSupport(14328): AwaitCommitOperation:  sleeping for 320 msec. [CONTEXT service_id=133 ]
11-16 08:57:17.151: I/BgTaskExecutorImpl(10077): Starting NONEXCLUSIVE background task UPDATE_GSERVICES_CONFIG.
11-16 08:57:17.155: I/GCoreUlr(10833): Unbound from all signal providers. [CONTEXT service_id=22 ]
11-16 08:57:17.155: I/GCoreUlr(10833): Stopping handler for UlrDispSvcFast [CONTEXT service_id=22 ]
11-16 08:57:17.156: W/SearchServiceCore(10077): Abort, client detached.
11-16 08:57:17.159: I/NetRec(10833): [937] ClearDatabaseService.onHandleIntent: Clearing score cache
11-16 08:57:17.159: I/GservicesUpdateTask(10077): Updating Gservices keys
11-16 08:57:17.179: I/GCoreUlr(10833): DispatchingService ignoring Intent { act=android.net.wifi.WIFI_STATE_CHANGED flg=0x4000010 (has extras) } because ULR inactive [CONTEXT service_id=22 ]
11-16 08:57:17.187: I/RecoverableKeyStoreMgr(1265): The cert file serial number is the same, so skip updating.
11-16 08:57:17.187: I/RecoverableKeyStoreGms(14328): [EnrollmentManager] Recovery service is initialized.
11-16 08:57:17.190: I/RecoverySnapshotLstnrs(1265): Registered listener for agent with uid 10007
11-16 08:57:17.194: E/RecoverySnapshotStorage(1265): Error reading snapshot for 10007 from disk
11-16 08:57:17.194: E/RecoverySnapshotStorage(1265): java.io.FileNotFoundException: /data/system/recoverablekeystore/snapshots/10007.xml (No such file or directory)
11-16 08:57:17.194: E/RecoverySnapshotStorage(1265): 	at java.io.FileInputStream.open0(Native Method)
11-16 08:57:17.194: E/RecoverySnapshotStorage(1265): 	at java.io.FileInputStream.open(FileInputStream.java:231)
11-16 08:57:17.194: E/RecoverySnapshotStorage(1265): 	at java.io.FileInputStream.<init>(FileInputStream.java:165)
11-16 08:57:17.194: E/RecoverySnapshotStorage(1265): 	at com.android.server.locksettings.recoverablekeystore.storage.RecoverySnapshotStorage.readFromDisk(RecoverySnapshotStorage.java:152)
11-16 08:57:17.194: E/RecoverySnapshotStorage(1265): 	at com.android.server.locksettings.recoverablekeystore.storage.RecoverySnapshotStorage.get(RecoverySnapshotStorage.java:104)
11-16 08:57:17.194: E/RecoverySnapshotStorage(1265): 	at com.android.server.locksettings.recoverablekeystore.RecoverableKeyStoreManager.getKeyChainSnapshot(RecoverableKeyStoreManager.java:331)
11-16 08:57:17.194: E/RecoverySnapshotStorage(1265): 	at com.android.server.locksettings.LockSettingsService.getKeyChainSnapshot(LockSettingsService.java:2032)
11-16 08:57:17.194: E/RecoverySnapshotStorage(1265): 	at com.android.internal.widget.ILockSettings$Stub.onTransact(ILockSettings.java:356)
11-16 08:57:17.194: E/RecoverySnapshotStorage(1265): 	at android.os.Binder.execTransact(Binder.java:731)
11-16 08:57:17.194: I/RecoverableKeyStoreGms(14328): [WrappingKeyManager] Can't generate wrapping key - missing lock screeen
11-16 08:57:17.202: W/NetworkScheduler(10833): The extras of the task is not valid to be persisted so that the task is not persisted [CONTEXT service_id=218 ]
11-16 08:57:17.202: W/NetworkScheduler(10833): java.lang.IllegalArgumentException: Only the following extra parameter types are supported: Integer, Long, Double, String, Boolean, and nested Bundles with the same restrictions.
11-16 08:57:17.202: W/NetworkScheduler(10833): 	at abno.f(:com.google.android.gms@213614028@21.36.14 (100400-395708125):6)
11-16 08:57:17.202: W/NetworkScheduler(10833): 	at amdu.g(:com.google.android.gms@213614028@21.36.14 (100400-395708125):37)
11-16 08:57:17.202: W/NetworkScheduler(10833): 	at amdd.n(:com.google.android.gms@213614028@21.36.14 (100400-395708125):3)
11-16 08:57:17.202: W/NetworkScheduler(10833): 	at amdd.u(:com.google.android.gms@213614028@21.36.14 (100400-395708125):20)
11-16 08:57:17.202: W/NetworkScheduler(10833): 	at amdd.g(:com.google.android.gms@213614028@21.36.14 (100400-395708125):3)
11-16 08:57:17.202: W/NetworkScheduler(10833): 	at alzy.run(:com.google.android.gms@213614028@21.36.14 (100400-395708125):9)
11-16 08:57:17.202: W/NetworkScheduler(10833): 	at rgh.c(:com.google.android.gms@213614028@21.36.14 (100400-395708125):6)
11-16 08:57:17.202: W/NetworkScheduler(10833): 	at rgh.run(:com.google.android.gms@213614028@21.36.14 (100400-395708125):8)
11-16 08:57:17.202: W/NetworkScheduler(10833): 	at java.util.concurrent.ThreadPoolExecutor.runWorker(ThreadPoolExecutor.java:1167)
11-16 08:57:17.202: W/NetworkScheduler(10833): 	at java.util.concurrent.ThreadPoolExecutor$Worker.run(ThreadPoolExecutor.java:641)
11-16 08:57:17.202: W/NetworkScheduler(10833): 	at rkn.run(:com.google.android.gms@213614028@21.36.14 (100400-395708125):0)
11-16 08:57:17.202: W/NetworkScheduler(10833): 	at java.lang.Thread.run(Thread.java:764)
11-16 08:57:17.210: I/SoundTriggerModelLoader(21828): Unloading model 9f6ad62a-1f0b-11e7-87c5-40a8f03d3f15
11-16 08:57:17.210: I/GCoreUlr(10833): WorldUpdater received intent Intent { act=com.google.android.location.reporting.ACTION_UPDATE_WORLD cmp=com.google.android.gms/com.google.android.location.reporting.service.DispatchingService (has extras) } with receiverAction com.google.gservices.intent.action.GSERVICES_CHANGED [CONTEXT service_id=22 ]
11-16 08:57:17.210: I/SoundTriggerManagerComp(21828): Unloading model 9f6ad62a-1f0b-11e7-87c5-40a8f03d3f15
11-16 08:57:17.210: I/SoundTriggerService(1265): deleteSoundModel(): id = 9f6ad62a-1f0b-11e7-87c5-40a8f03d3f15
11-16 08:57:17.210: W/SoundTriggerHelper(1265): Unload error: Attempting unload invalid generic model with id:9f6ad62a-1f0b-11e7-87c5-40a8f03d3f15
11-16 08:57:17.213: I/GCoreUlr(10833): WorldUpdater:com.google.gservices.intent.action.GSERVICES_CHANGED: Ensuring that reporting is stopped because of reasons: (no Google accounts) [CONTEXT service_id=22 ]
11-16 08:57:17.214: I/GCoreUlr(10833): Unbound from all signal providers. [CONTEXT service_id=22 ]
11-16 08:57:17.217: I/SettingsActivityAvailab(21604): Disabling com.google.android.apps.multidevice.client.ui.pixel.SettingsActivity.
11-16 08:57:17.220: E/GooglePlayServicesUtil(21586): The Google Play services resources were not found. Check your project configuration to ensure that the resources are included.
11-16 08:57:17.220: D/GservicesChangeReceiver(5997): Gservices Changed broadcast Received. context is android.app.ReceiverRestrictedContext@fee59f8
11-16 08:57:17.220: D/GservicesChangeReceiver(5997): Gservices allowPowerAnomalyData is False.
11-16 08:57:17.221: I/GCoreUlr(10833): Unbound from all signal providers. [CONTEXT service_id=22 ]
11-16 08:57:17.221: I/GCoreUlr(10833): Stopping handler for UlrDispSvcFast [CONTEXT service_id=22 ]
11-16 08:57:17.222: I/GCoreUlr(10833): DispatchingService ignoring Intent { act=android.net.wifi.WIFI_STATE_CHANGED flg=0x4000010 (has extras) } because ULR inactive [CONTEXT service_id=22 ]
11-16 08:57:17.222: D/ConnectivityMonitorManager(5997): Service com.google.android.connectivitymonitor.PowerAnomalyDetectorService is not running...
11-16 08:57:17.224: D/GservicesChangeReceiver(5997): Gservices allowLowPowerMonitoring is False.
11-16 08:57:17.225: D/ConnectivityMonitorManager(5997): Service com.google.android.connectivitymonitor.LowPowerMonitorService is not running...
11-16 08:57:17.233: D/GservicesChangeReceiver(5997): Gservices isConnectivityMonitorEnabled is True.
11-16 08:57:17.234: D/ConnectivityMonitorManager(5997): Service com.google.android.connectivitymonitor.ConnectivityMonitorService is running...
11-16 08:57:17.235: I/ModuleSetMgr(14328): Computing pending module set with APKs: [[AdsFdrDynamite.integ:213806100100000], [Enpromo.integ:214106000100000], [Pay.optional:213614100000], [VisionOcr.optional:213614100400], [AdsFdrDynamite.integ:212104400100000], [Cronetdynamite:213614100400], [Dynamiteloader:213614100000], [Dynamitemodulesa:213614100000], [Dynamitemodulesc:213614100000], [Googlecertificates:213614100000], [Mapsdynamite:213614100000], [Measurementdynamite:213614100000]]
11-16 08:57:17.237: I/EuiccGoogle(21624): [2] GservicesChangedReceiver.onReceive: Setting EUICC_SUPPORTED_COUNTRIES to de,gb,in,us
11-16 08:57:17.243: I/Backup(14328): [GmsBackupStatusChangeReceiver] Going to enable gms backup transport.
11-16 08:57:17.254: I/Herrevad(10833): [937] zcq.a: updateListenState
11-16 08:57:17.255: I/NetRec(10833): [935] aiad.a: onConfigChanged()
11-16 08:57:17.258: I/NetRec(10833): [935] aiad.a: Cancelling all NetRec GCM tasks
11-16 08:57:17.261: I/NetRec(10833): [938] ClearDatabaseService.onHandleIntent: Clearing score cache
11-16 08:57:17.262: I/Auth(10833): [AuthManaged, PasswordComplexityHelperImpl] Updating password complexity components state.
11-16 08:57:17.262: I/Auth(10833): [AuthManaged, PasswordComplexityHelperImpl] Enabling com.google.android.gms.auth.managed.ui.SetNewPasswordActivity
11-16 08:57:17.264: D/ConnMetrics:App(21586): IsOptedIn = false
11-16 08:57:17.278: I/BgTaskExecutorImpl(10077): Starting NONEXCLUSIVE background task UPDATE_GSERVICES_CONFIG.
11-16 08:57:17.280: I/ModuleSetMgr(14328): Pending container module APKs: [[Pay.optional:213614100000], [VisionOcr.optional:213614100400]]
11-16 08:57:17.280: I/ModuleSetMgr(14328): Pending non-container module APKs: [[Enpromo.integ:214106000100000], [AdsFdrDynamite.integ:213806100100000]]
11-16 08:57:17.283: W/SearchServiceCore(10077): Abort, client detached.
11-16 08:57:17.285: I/GservicesUpdateTask(10077): Updating Gservices keys
11-16 08:57:17.310: I/system_server(1265): Background concurrent copying GC freed 256398(13MB) AllocSpace objects, 80(2000KB) LOS objects, 42% free, 16MB/29MB, paused 89us total 124.584ms
11-16 08:57:17.315: I/GCoreUlr(10833): WorldUpdater received intent Intent { act=com.google.android.location.reporting.ACTION_UPDATE_WORLD cmp=com.google.android.gms/com.google.android.location.reporting.service.DispatchingService (has extras) } with receiverAction com.google.gservices.intent.action.GSERVICES_CHANGED [CONTEXT service_id=22 ]
11-16 08:57:17.316: W/PackageParser(14328): Unknown element under <manifest>: queries at /data/user_de/0/com.google.android.gms/app_chimera/m/00000007/AdsDynamite.apk Binary XML file line #5
11-16 08:57:17.317: I/GCoreUlr(10833): WorldUpdater:com.google.gservices.intent.action.GSERVICES_CHANGED: Ensuring that reporting is stopped because of reasons: (no Google accounts) [CONTEXT service_id=22 ]
11-16 08:57:17.320: I/GCoreUlr(10833): Unbound from all signal providers. [CONTEXT service_id=22 ]
11-16 08:57:17.328: I/GCoreUlr(10833): Unbound from all signal providers. [CONTEXT service_id=22 ]
11-16 08:57:17.328: I/GCoreUlr(10833): Stopping handler for UlrDispSvcFast [CONTEXT service_id=22 ]
11-16 08:57:17.330: I/GCoreUlr(10833): DispatchingService ignoring Intent { act=android.net.wifi.WIFI_STATE_CHANGED flg=0x4000010 (has extras) } because ULR inactive [CONTEXT service_id=22 ]
11-16 08:57:17.334: I/SoundTriggerModelLoader(21828): Unloading model 9f6ad62a-1f0b-11e7-87c5-40a8f03d3f15
11-16 08:57:17.334: I/SoundTriggerManagerComp(21828): Unloading model 9f6ad62a-1f0b-11e7-87c5-40a8f03d3f15
11-16 08:57:17.334: I/SoundTriggerService(1265): deleteSoundModel(): id = 9f6ad62a-1f0b-11e7-87c5-40a8f03d3f15
11-16 08:57:17.334: W/SoundTriggerHelper(1265): Unload error: Attempting unload invalid generic model with id:9f6ad62a-1f0b-11e7-87c5-40a8f03d3f15
11-16 08:57:17.344: W/PackageParser(14328): Unknown element under <manifest>: queries at /data/user_de/0/com.google.android.gms/app_chimera/m/00000010/dl-AdsFdrDynamite.integ_213806100100000.apk Binary XML file line #11
11-16 08:57:17.347: I/Vision(14328): Supported ABIS: [arm64-v8a, armeabi-v7a, armeabi]
11-16 08:57:17.364: I/ActivityManager(1265): Start proc 21887:com.google.android.gms.ui/u0a7 for service com.google.android.gms/.chimera.UiIntentOperationService
11-16 08:57:17.370: E/.android.gms.u(21887): Not starting debugger since process cannot load the jdwp agent.
11-16 08:57:17.383: I/GmsModuleFndr(14328): Beginning GMS chimera module scan
11-16 08:57:17.388: I/.android.gms.u(21887): The ClassLoaderContext is a special shared library.
11-16 08:57:17.388: I/chatty(21887): uid=10007 com.google.android.gms.ui identical 1 line
11-16 08:57:17.389: I/.android.gms.u(21887): The ClassLoaderContext is a special shared library.
11-16 08:57:17.400: W/PhenotypeConfigurationU(10833): Update for unknown DeviceConfig package com.google.android.gms.auth.api.credentials [CONTEXT service_id=204 ]
11-16 08:57:17.400: W/PhenotypeConfigurationU(10833): akjf: No package exists for config package: com.google.android.gms.auth.api.credentials
11-16 08:57:17.400: W/PhenotypeConfigurationU(10833): 	at com.google.android.gms.platformconfigurator.PhenotypeConfigurationUpdateListener.a(:com.google.android.gms@213614028@21.36.14 (100400-395708125):7)
11-16 08:57:17.400: W/PhenotypeConfigurationU(10833): 	at com.google.android.gms.platformconfigurator.PhenotypeConfigurationUpdateListener.onHandleIntent(:com.google.android.gms@213614028@21.36.14 (100400-395708125):5)
11-16 08:57:17.400: W/PhenotypeConfigurationU(10833): 	at com.google.android.chimera.IntentOperation.onHandleIntent(:com.google.android.gms@213614028@21.36.14 (100400-395708125):2)
11-16 08:57:17.400: W/PhenotypeConfigurationU(10833): 	at pld.onHandleIntent(:com.google.android.gms@213614028@21.36.14 (100400-395708125):4)
11-16 08:57:17.400: W/PhenotypeConfigurationU(10833): 	at dpb.run(:com.google.android.gms@213614028@21.36.14 (100400-395708125):5)
11-16 08:57:17.400: W/PhenotypeConfigurationU(10833): 	at dpa.run(:com.google.android.gms@213614028@21.36.14 (100400-395708125):11)
11-16 08:57:17.400: W/PhenotypeConfigurationU(10833): 	at bfyg.run(:com.google.android.gms@213614028@21.36.14 (100400-395708125):2)
11-16 08:57:17.400: W/PhenotypeConfigurationU(10833): 	at java.util.concurrent.ThreadPoolExecutor.runWorker(ThreadPoolExecutor.java:1167)
11-16 08:57:17.400: W/PhenotypeConfigurationU(10833): 	at java.util.concurrent.ThreadPoolExecutor$Worker.run(ThreadPoolExecutor.java:641)
11-16 08:57:17.400: W/PhenotypeConfigurationU(10833): 	at java.lang.Thread.run(Thread.java:764)
11-16 08:57:17.402: W/.android.gms.u(21887): Unknown chunk type '200'.
11-16 08:57:17.408: I/ModuleSetMgr(14328): Computing pending module set with APKs: [[AdsFdrDynamite.integ:213806100100000], [Enpromo.integ:214106000100000], [Pay.optional:213614100000], [VisionOcr.optional:213614100400], [AdsFdrDynamite.integ:212104400100000], [Cronetdynamite:213614100400], [Dynamiteloader:213614100000], [Dynamitemodulesa:213614100000], [Dynamitemodulesc:213614100000], [Googlecertificates:213614100000], [Mapsdynamite:213614100000], [Measurementdynamite:213614100000]]
11-16 08:57:17.426: I/ModuleSetMgr(14328): Pending container module APKs: [[Pay.optional:213614100000], [VisionOcr.optional:213614100400]]
11-16 08:57:17.426: I/ModuleSetMgr(14328): Pending non-container module APKs: [[Enpromo.integ:214106000100000], [AdsFdrDynamite.integ:213806100100000]]
11-16 08:57:17.444: W/PackageParser(14328): Unknown element under <manifest>: queries at /data/user_de/0/com.google.android.gms/app_chimera/m/00000007/AdsDynamite.apk Binary XML file line #5
11-16 08:57:17.457: W/PackageParser(14328): Unknown element under <manifest>: queries at /data/user_de/0/com.google.android.gms/app_chimera/m/00000010/dl-AdsFdrDynamite.integ_213806100100000.apk Binary XML file line #11
11-16 08:57:17.462: I/GmsModuleFndr(14328): Beginning GMS chimera module scan
11-16 08:57:17.463: I/RecoverableKeyStoreGms(14328): [RecoverableKeyStoreGmsInitOperation] Initializing auth_folsom
11-16 08:57:17.464: I/RecoverableKeyStoreGms(14328): [RecoverableKeyStoreGmsInitOperation] com.google.android.gms.auth.folsom.service.FolsomPublicKeyUpdateService is already enabled. Ignore.
11-16 08:57:17.464: I/RecoverableKeyStoreGms(14328): [RecoverableKeyStoreGmsInitOperation] com.google.android.gms.auth.folsom.service.GcmReceiverService is already enabled. Ignore.
11-16 08:57:17.467: I/ChromeSync(14328): [Sync,SyncIntentOperation] Handling the intent: Intent { act=com.google.gservices.intent.action.GSERVICES_CHANGED flg=0x1000010 pkg=com.google.android.gms cmp=com.google.android.gms/.chimera.GmsIntentOperationService$PersistentInternalReceiver }.
11-16 08:57:17.468: V/RecoverableKeyStoreMgr(1265): Not updating secret types - same as old value.
11-16 08:57:17.469: I/RecoverableKeyStoreGms(14328): [RecoverableKeyStoreGmsInitOperation] Setting vault handle
11-16 08:57:17.470: V/RecoverableKeyStoreMgr(1265): Not updating server params - same as old value.
11-16 08:57:17.471: I/RecoverableKeyStoreGms(14328): [EnrollmentManager] Returning certificates list from cache
11-16 08:57:17.474: I/MobileDataHub(14328): Scheduling periodic tasks
11-16 08:57:17.476: W/MobileDataHub(14328): [Service] appsupload-periodic periodic task disabled
11-16 08:57:17.477: I/MS_Utils(14328): version of com.google.android.apps.maps = 1022101040
11-16 08:57:17.478: I/MdiSyncModule(14328): flag handling is skipping irrelevant intent.
11-16 08:57:17.481: W/DynamiteModule(14328): Local module descriptor class for com.google.android.gms.vision.dynamite.ocr not found.
11-16 08:57:17.482: I/DynamiteModule(14328): Considering local module com.google.android.gms.vision.dynamite.ocr:0 and remote module com.google.android.gms.vision.dynamite.ocr:0
11-16 08:57:17.483: I/DynamiteModule(14328): Considering local module com.google.android.gms.vision.ocr:0 and remote module com.google.android.gms.vision.ocr:1
11-16 08:57:17.483: I/DynamiteModule(14328): Selected remote version of com.google.android.gms.vision.ocr, version >= 1
11-16 08:57:17.485: I/SystemUpdate(14328): [Installation,ReceiverIntentOperation] Received intent: Intent { act=com.google.gservices.intent.action.GSERVICES_CHANGED flg=0x1000010 pkg=com.google.android.gms cmp=com.google.android.gms/.chimera.GmsIntentOperationService$PersistentInternalReceiver }.
11-16 08:57:17.486: I/native(14328): I1116 08:57:17.486612   21500 start_ocr_856638336_langid.cc:35] StartOcr with label: latin_script_gmvapi_android
11-16 08:57:17.486: I/native(14328): I1116 08:57:17.486984   21500 start_ocr_856638336_langid.cc:44] StartOcr success
11-16 08:57:17.489: I/OcrModelUpStIntentOp(14328): Downloading text recognizer
11-16 08:57:17.499: I/RecoverableKeyStoreMgr(1265): The cert file serial number is the same, so skip updating.
11-16 08:57:17.502: I/RecoverableKeyStoreGms(14328): [EnrollmentManager] Recovery service is initialized.
11-16 08:57:17.503: I/RecoverySnapshotLstnrs(1265): Registered listener for agent with uid 10007
11-16 08:57:17.504: I/TestSupport(14328): AwaitCommitOperation: FlagOverride(com.google.android.gms.auth.api.credentials, , Flag(SaveStrategy__enableSaving, false, 2, 0), true) committed [CONTEXT service_id=133 ]
11-16 08:57:17.505: I/TestSupport(14328): AwaitCommitOperation: no more uncommitted overrides [CONTEXT service_id=133 ]
11-16 08:57:17.507: E/RecoverySnapshotStorage(1265): Error reading snapshot for 10007 from disk
11-16 08:57:17.507: E/RecoverySnapshotStorage(1265): java.io.FileNotFoundException: /data/system/recoverablekeystore/snapshots/10007.xml (No such file or directory)
11-16 08:57:17.507: E/RecoverySnapshotStorage(1265): 	at java.io.FileInputStream.open0(Native Method)
11-16 08:57:17.507: E/RecoverySnapshotStorage(1265): 	at java.io.FileInputStream.open(FileInputStream.java:231)
11-16 08:57:17.507: E/RecoverySnapshotStorage(1265): 	at java.io.FileInputStream.<init>(FileInputStream.java:165)
11-16 08:57:17.507: E/RecoverySnapshotStorage(1265): 	at com.android.server.locksettings.recoverablekeystore.storage.RecoverySnapshotStorage.readFromDisk(RecoverySnapshotStorage.java:152)
11-16 08:57:17.507: E/RecoverySnapshotStorage(1265): 	at com.android.server.locksettings.recoverablekeystore.storage.RecoverySnapshotStorage.get(RecoverySnapshotStorage.java:104)
11-16 08:57:17.507: E/RecoverySnapshotStorage(1265): 	at com.android.server.locksettings.recoverablekeystore.RecoverableKeyStoreManager.getKeyChainSnapshot(RecoverableKeyStoreManager.java:331)
11-16 08:57:17.507: E/RecoverySnapshotStorage(1265): 	at com.android.server.locksettings.LockSettingsService.getKeyChainSnapshot(LockSettingsService.java:2032)
11-16 08:57:17.507: E/RecoverySnapshotStorage(1265): 	at com.android.internal.widget.ILockSettings$Stub.onTransact(ILockSettings.java:356)
11-16 08:57:17.507: E/RecoverySnapshotStorage(1265): 	at android.os.Binder.execTransact(Binder.java:731)
11-16 08:57:17.507: I/RecoverableKeyStoreGms(14328): [WrappingKeyManager] Can't generate wrapping key - missing lock screeen
11-16 08:57:17.507: I/ModuleSetMgr(14328): Computing pending module set with APKs: [[AdsFdrDynamite.integ:213806100100000], [Enpromo.integ:214106000100000], [Pay.optional:213614100000], [VisionOcr.optional:213614100400], [AdsFdrDynamite.integ:212104400100000], [Cronetdynamite:213614100400], [Dynamiteloader:213614100000], [Dynamitemodulesa:213614100000], [Dynamitemodulesc:213614100000], [Googlecertificates:213614100000], [Mapsdynamite:213614100000], [Measurementdynamite:213614100000]]
11-16 08:57:17.510: W/ProviderHelper(21887): Unknown dynamite feature providerinstaller.dynamite
11-16 08:57:17.511: I/DynamiteModule(21887): Considering local module com.google.android.gms.providerinstaller.dynamite:1 and remote module com.google.android.gms.providerinstaller.dynamite:0
11-16 08:57:17.511: I/DynamiteModule(21887): Selected local version of com.google.android.gms.providerinstaller.dynamite
11-16 08:57:17.519: V/NativeCrypto(21887): Registering com/google/android/gms/org/conscrypt/NativeCrypto's 294 native methods...
11-16 08:57:17.528: W/NetworkScheduler(10833): The extras of the task is not valid to be persisted so that the task is not persisted [CONTEXT service_id=218 ]
11-16 08:57:17.528: W/NetworkScheduler(10833): java.lang.IllegalArgumentException: Only the following extra parameter types are supported: Integer, Long, Double, String, Boolean, and nested Bundles with the same restrictions.
11-16 08:57:17.528: W/NetworkScheduler(10833): 	at abno.f(:com.google.android.gms@213614028@21.36.14 (100400-395708125):6)
11-16 08:57:17.528: W/NetworkScheduler(10833): 	at amdu.g(:com.google.android.gms@213614028@21.36.14 (100400-395708125):37)
11-16 08:57:17.528: W/NetworkScheduler(10833): 	at amdd.n(:com.google.android.gms@213614028@21.36.14 (100400-395708125):3)
11-16 08:57:17.528: W/NetworkScheduler(10833): 	at amdd.u(:com.google.android.gms@213614028@21.36.14 (100400-395708125):20)
11-16 08:57:17.528: W/NetworkScheduler(10833): 	at amdd.g(:com.google.android.gms@213614028@21.36.14 (100400-395708125):3)
11-16 08:57:17.528: W/NetworkScheduler(10833): 	at alzy.run(:com.google.android.gms@213614028@21.36.14 (100400-395708125):9)
11-16 08:57:17.528: W/NetworkScheduler(10833): 	at rgh.c(:com.google.android.gms@213614028@21.36.14 (100400-395708125):6)
11-16 08:57:17.528: W/NetworkScheduler(10833): 	at rgh.run(:com.google.android.gms@213614028@21.36.14 (100400-395708125):8)
11-16 08:57:17.528: W/NetworkScheduler(10833): 	at java.util.concurrent.ThreadPoolExecutor.runWorker(ThreadPoolExecutor.java:1167)
11-16 08:57:17.528: W/NetworkScheduler(10833): 	at java.util.concurrent.ThreadPoolExecutor$Worker.run(ThreadPoolExecutor.java:641)
11-16 08:57:17.528: W/NetworkScheduler(10833): 	at rkn.run(:com.google.android.gms@213614028@21.36.14 (100400-395708125):0)
11-16 08:57:17.528: W/NetworkScheduler(10833): 	at java.lang.Thread.run(Thread.java:764)
11-16 08:57:17.532: I/ModuleSetMgr(14328): Pending container module APKs: [[Pay.optional:213614100000], [VisionOcr.optional:213614100400]]
11-16 08:57:17.532: I/ModuleSetMgr(14328): Pending non-container module APKs: [[Enpromo.integ:214106000100000], [AdsFdrDynamite.integ:213806100100000]]
11-16 08:57:17.542: D/NetworkSecurityConfig(21887): Using Network Security Config from resource network_security_config debugBuild: false
11-16 08:57:17.547: I/ProviderInstaller(21887): Installed default security provider GmsCore_OpenSSL
11-16 08:57:17.552: W/PackageParser(14328): Unknown element under <manifest>: queries at /data/user_de/0/com.google.android.gms/app_chimera/m/00000007/AdsDynamite.apk Binary XML file line #5
11-16 08:57:17.568: I/axnn(21887): Primes not initialized, returning default (no-op) Primes instance which will ignore all calls. Please call Primes.initialize(...) before using any Primes API.
11-16 08:57:17.570: W/PackageParser(14328): Unknown element under <manifest>: queries at /data/user_de/0/com.google.android.gms/app_chimera/m/00000010/dl-AdsFdrDynamite.integ_213806100100000.apk Binary XML file line #11
11-16 08:57:17.577: I/GmsModuleFndr(14328): Beginning GMS chimera module scan
11-16 08:57:17.580: I/GMS_MM_Logger(21887): Started.
11-16 08:57:17.592: I/ModuleSetMgr(14328): Computing pending module set with APKs: [[AdsFdrDynamite.integ:213806100100000], [Enpromo.integ:214106000100000], [Pay.optional:213614100000], [VisionOcr.optional:213614100400], [AdsFdrDynamite.integ:212104400100000], [Cronetdynamite:213614100400], [Dynamiteloader:213614100000], [Dynamitemodulesa:213614100000], [Dynamitemodulesc:213614100000], [Googlecertificates:213614100000], [Mapsdynamite:213614100000], [Measurementdynamite:213614100000]]
11-16 08:57:17.599: I/TestSupport(14328): AwaitCommitOperation: * [CONTEXT service_id=133 ]
11-16 08:57:17.606: I/TestSupport(14328): AwaitCommitOperation: FlagOverride(com.google.android.gms.auth.api.credentials, , Flag(SaveStrategy__enableSaving, false, 2, 0), true) committed [CONTEXT service_id=133 ]
11-16 08:57:17.606: I/TestSupport(14328): AwaitCommitOperation: no more uncommitted overrides [CONTEXT service_id=133 ]
11-16 08:57:17.613: I/ModuleSetMgr(14328): Pending container module APKs: [[Pay.optional:213614100000], [VisionOcr.optional:213614100400]]
11-16 08:57:17.614: I/ModuleSetMgr(14328): Pending non-container module APKs: [[Enpromo.integ:214106000100000], [AdsFdrDynamite.integ:213806100100000]]
11-16 08:57:17.625: W/PackageParser(14328): Unknown element under <manifest>: queries at /data/user_de/0/com.google.android.gms/app_chimera/m/00000007/AdsDynamite.apk Binary XML file line #5
11-16 08:57:17.635: W/PackageParser(14328): Unknown element under <manifest>: queries at /data/user_de/0/com.google.android.gms/app_chimera/m/00000010/dl-AdsFdrDynamite.integ_213806100100000.apk Binary XML file line #11
11-16 08:57:17.640: I/GmsModuleFndr(14328): Beginning GMS chimera module scan
11-16 08:57:17.641: I/RecoverableKeyStoreGms(14328): [RecoverableKeyStoreGmsInitOperation] Initializing auth_folsom
11-16 08:57:17.642: I/RecoverableKeyStoreGms(14328): [RecoverableKeyStoreGmsInitOperation] com.google.android.gms.auth.folsom.service.FolsomPublicKeyUpdateService is already enabled. Ignore.
11-16 08:57:17.642: I/RecoverableKeyStoreGms(14328): [RecoverableKeyStoreGmsInitOperation] com.google.android.gms.auth.folsom.service.GcmReceiverService is already enabled. Ignore.
11-16 08:57:17.643: I/ChromeSync(14328): [Sync,SyncIntentOperation] Handling the intent: Intent { act=com.google.gservices.intent.action.GSERVICES_CHANGED flg=0x1000010 pkg=com.google.android.gms cmp=com.google.android.gms/.chimera.GmsIntentOperationService$PersistentInternalReceiver }.
11-16 08:57:17.646: V/RecoverableKeyStoreMgr(1265): Not updating secret types - same as old value.
11-16 08:57:17.646: I/MS_Utils(14328): version of com.google.android.apps.maps = 1022101040
11-16 08:57:17.647: I/RecoverableKeyStoreGms(14328): [RecoverableKeyStoreGmsInitOperation] Setting vault handle
11-16 08:57:17.647: V/RecoverableKeyStoreMgr(1265): Not updating server params - same as old value.
11-16 08:57:17.647: I/MobileDataHub(14328): Scheduling periodic tasks
11-16 08:57:17.648: I/MdiSyncModule(14328): flag handling is skipping irrelevant intent.
11-16 08:57:17.648: I/RecoverableKeyStoreGms(14328): [EnrollmentManager] Returning certificates list from cache
11-16 08:57:17.648: W/MobileDataHub(14328): [Service] appsupload-periodic periodic task disabled
11-16 08:57:17.650: W/DynamiteModule(14328): Local module descriptor class for com.google.android.gms.vision.dynamite.ocr not found.
11-16 08:57:17.650: I/DynamiteModule(14328): Considering local module com.google.android.gms.vision.dynamite.ocr:0 and remote module com.google.android.gms.vision.dynamite.ocr:0
11-16 08:57:17.650: I/DynamiteModule(14328): Considering local module com.google.android.gms.vision.ocr:0 and remote module com.google.android.gms.vision.ocr:1
11-16 08:57:17.650: I/DynamiteModule(14328): Selected remote version of com.google.android.gms.vision.ocr, version >= 1
11-16 08:57:17.652: I/native(14328): I1116 08:57:17.652354   21504 start_ocr_856638336_langid.cc:35] StartOcr with label: latin_script_gmvapi_android
11-16 08:57:17.652: I/native(14328): I1116 08:57:17.652445   21504 start_ocr_856638336_langid.cc:44] StartOcr success
11-16 08:57:17.653: I/OcrModelUpStIntentOp(14328): Downloading text recognizer
11-16 08:57:17.656: I/SystemUpdate(14328): [Installation,ReceiverIntentOperation] Received intent: Intent { act=com.google.gservices.intent.action.GSERVICES_CHANGED flg=0x1000010 pkg=com.google.android.gms cmp=com.google.android.gms/.chimera.GmsIntentOperationService$PersistentInternalReceiver }.
11-16 08:57:17.668: I/ModuleSetMgr(14328): Computing pending module set with APKs: [[AdsFdrDynamite.integ:213806100100000], [Enpromo.integ:214106000100000], [Pay.optional:213614100000], [VisionOcr.optional:213614100400], [AdsFdrDynamite.integ:212104400100000], [Cronetdynamite:213614100400], [Dynamiteloader:213614100000], [Dynamitemodulesa:213614100000], [Dynamitemodulesc:213614100000], [Googlecertificates:213614100000], [Mapsdynamite:213614100000], [Measurementdynamite:213614100000]]
11-16 08:57:17.675: W/NetworkScheduler(10833): The extras of the task is not valid to be persisted so that the task is not persisted [CONTEXT service_id=218 ]
11-16 08:57:17.675: W/NetworkScheduler(10833): java.lang.IllegalArgumentException: Only the following extra parameter types are supported: Integer, Long, Double, String, Boolean, and nested Bundles with the same restrictions.
11-16 08:57:17.675: W/NetworkScheduler(10833): 	at abno.f(:com.google.android.gms@213614028@21.36.14 (100400-395708125):6)
11-16 08:57:17.675: W/NetworkScheduler(10833): 	at amdu.g(:com.google.android.gms@213614028@21.36.14 (100400-395708125):37)
11-16 08:57:17.675: W/NetworkScheduler(10833): 	at amdd.n(:com.google.android.gms@213614028@21.36.14 (100400-395708125):3)
11-16 08:57:17.675: W/NetworkScheduler(10833): 	at amdd.u(:com.google.android.gms@213614028@21.36.14 (100400-395708125):20)
11-16 08:57:17.675: W/NetworkScheduler(10833): 	at amdd.g(:com.google.android.gms@213614028@21.36.14 (100400-395708125):3)
11-16 08:57:17.675: W/NetworkScheduler(10833): 	at alzy.run(:com.google.android.gms@213614028@21.36.14 (100400-395708125):9)
11-16 08:57:17.675: W/NetworkScheduler(10833): 	at rgh.c(:com.google.android.gms@213614028@21.36.14 (100400-395708125):6)
11-16 08:57:17.675: W/NetworkScheduler(10833): 	at rgh.run(:com.google.android.gms@213614028@21.36.14 (100400-395708125):8)
11-16 08:57:17.675: W/NetworkScheduler(10833): 	at java.util.concurrent.ThreadPoolExecutor.runWorker(ThreadPoolExecutor.java:1167)
11-16 08:57:17.675: W/NetworkScheduler(10833): 	at java.util.concurrent.ThreadPoolExecutor$Worker.run(ThreadPoolExecutor.java:641)
11-16 08:57:17.675: W/NetworkScheduler(10833): 	at rkn.run(:com.google.android.gms@213614028@21.36.14 (100400-395708125):0)
11-16 08:57:17.675: W/NetworkScheduler(10833): 	at java.lang.Thread.run(Thread.java:764)
11-16 08:57:17.687: I/ModuleSetMgr(14328): Pending container module APKs: [[Pay.optional:213614100000], [VisionOcr.optional:213614100400]]
11-16 08:57:17.687: I/RecoverableKeyStoreMgr(1265): The cert file serial number is the same, so skip updating.
11-16 08:57:17.687: I/ModuleSetMgr(14328): Pending non-container module APKs: [[Enpromo.integ:214106000100000], [AdsFdrDynamite.integ:213806100100000]]
11-16 08:57:17.687: I/RecoverableKeyStoreGms(14328): [EnrollmentManager] Recovery service is initialized.
11-16 08:57:17.689: I/RecoverySnapshotLstnrs(1265): Registered listener for agent with uid 10007
11-16 08:57:17.691: I/TSDRIVER(21560): Handled command: PACKAGE
11-16 08:57:17.691: E/RecoverySnapshotStorage(1265): Error reading snapshot for 10007 from disk
11-16 08:57:17.691: E/RecoverySnapshotStorage(1265): java.io.FileNotFoundException: /data/system/recoverablekeystore/snapshots/10007.xml (No such file or directory)
11-16 08:57:17.691: E/RecoverySnapshotStorage(1265): 	at java.io.FileInputStream.open0(Native Method)
