11-16 08:57:17.691: E/RecoverySnapshotStorage(1265): 	at java.io.FileInputStream.open(FileInputStream.java:231)
11-16 08:57:17.691: E/RecoverySnapshotStorage(1265): 	at java.io.FileInputStream.<init>(FileInputStream.java:165)
11-16 08:57:17.691: E/RecoverySnapshotStorage(1265): 	at com.android.server.locksettings.recoverablekeystore.storage.RecoverySnapshotStorage.readFromDisk(RecoverySnapshotStorage.java:152)
11-16 08:57:17.691: E/RecoverySnapshotStorage(1265): 	at com.android.server.locksettings.recoverablekeystore.storage.RecoverySnapshotStorage.get(RecoverySnapshotStorage.java:104)
11-16 08:57:17.691: E/RecoverySnapshotStorage(1265): 	at com.android.server.locksettings.recoverablekeystore.RecoverableKeyStoreManager.getKeyChainSnapshot(RecoverableKeyStoreManager.java:331)
11-16 08:57:17.691: E/RecoverySnapshotStorage(1265): 	at com.android.server.locksettings.LockSettingsService.getKeyChainSnapshot(LockSettingsService.java:2032)
11-16 08:57:17.691: E/RecoverySnapshotStorage(1265): 	at com.android.internal.widget.ILockSettings$Stub.onTransact(ILockSettings.java:356)
11-16 08:57:17.691: E/RecoverySnapshotStorage(1265): 	at android.os.Binder.execTransact(Binder.java:731)
11-16 08:57:17.692: I/RecoverableKeyStoreGms(14328): [WrappingKeyManager] Can't generate wrapping key - missing lock screeen
11-16 08:57:17.704: W/PackageParser(14328): Unknown element under <manifest>: queries at /data/user_de/0/com.google.android.gms/app_chimera/m/00000007/AdsDynamite.apk Binary XML file line #5
11-16 08:57:17.730: W/PackageParser(14328): Unknown element under <manifest>: queries at /data/user_de/0/com.google.android.gms/app_chimera/m/00000010/dl-AdsFdrDynamite.integ_213806100100000.apk Binary XML file line #11
11-16 08:57:17.750: I/GmsModuleFndr(14328): Beginning GMS chimera module scan
11-16 08:57:17.751: I/TSDRIVER(21560): CommandService onHandleIntent()
11-16 08:57:17.751: I/TSDRIVER(21560): Got command: PACKAGE
11-16 08:57:17.752: I/TSDRIVER(21560): flag package: Eh9jb20uZ29vZ2xlLmFuZHJvaWQuZ21zLmF1dG9maWxsGhQKEGF1dG9maWxsX2VuYWJsZWQYACg+
11-16 08:57:17.752: I/TSDRIVER(21560): flag package: com.google.android.gms.autofill
11-16 08:57:17.755: I/TestSupport(14328): SetFlagOverridesOperation: com.google.android.gms.autofill, '', [Flag(autofill_enabled, false, 2, 0)] [CONTEXT service_id=133 ]
11-16 08:57:17.758: I/ModuleSetMgr(14328): Computing pending module set with APKs: [[AdsFdrDynamite.integ:213806100100000], [Enpromo.integ:214106000100000], [Pay.optional:213614100000], [VisionOcr.optional:213614100400], [AdsFdrDynamite.integ:212104400100000], [Cronetdynamite:213614100400], [Dynamiteloader:213614100000], [Dynamitemodulesa:213614100000], [Dynamitemodulesc:213614100000], [Googlecertificates:213614100000], [Mapsdynamite:213614100000], [Measurementdynamite:213614100000]]
11-16 08:57:17.763: I/ModuleSetMgr(14328): Pending container module APKs: [[Pay.optional:213614100000], [VisionOcr.optional:213614100400]]
11-16 08:57:17.763: I/ModuleSetMgr(14328): Pending non-container module APKs: [[Enpromo.integ:214106000100000], [AdsFdrDynamite.integ:213806100100000]]
11-16 08:57:17.769: I/TestSupport(14328): AwaitCommitOperation: autofill_enabled [CONTEXT service_id=133 ]
11-16 08:57:17.778: W/PackageParser(14328): Unknown element under <manifest>: queries at /data/user_de/0/com.google.android.gms/app_chimera/m/00000007/AdsDynamite.apk Binary XML file line #5
11-16 08:57:17.779: I/TestSupport(14328): AwaitCommitOperation: uncommitted: FlagOverride(com.google.android.gms.autofill, , Flag(autofill_enabled, false, 2, 0), false) [CONTEXT service_id=133 ]
11-16 08:57:17.779: I/TestSupport(14328): AwaitCommitOperation:  sleeping for 10 msec. [CONTEXT service_id=133 ]
11-16 08:57:17.787: W/PhenotypeConfigurationU(10833): Update for unknown DeviceConfig package com.google.android.gms.autofill [CONTEXT service_id=204 ]
11-16 08:57:17.787: W/PhenotypeConfigurationU(10833): akjf: No package exists for config package: com.google.android.gms.autofill
11-16 08:57:17.787: W/PhenotypeConfigurationU(10833): 	at com.google.android.gms.platformconfigurator.PhenotypeConfigurationUpdateListener.a(:com.google.android.gms@213614028@21.36.14 (100400-395708125):7)
11-16 08:57:17.787: W/PhenotypeConfigurationU(10833): 	at com.google.android.gms.platformconfigurator.PhenotypeConfigurationUpdateListener.onHandleIntent(:com.google.android.gms@213614028@21.36.14 (100400-395708125):5)
11-16 08:57:17.787: W/PhenotypeConfigurationU(10833): 	at com.google.android.chimera.IntentOperation.onHandleIntent(:com.google.android.gms@213614028@21.36.14 (100400-395708125):2)
11-16 08:57:17.787: W/PhenotypeConfigurationU(10833): 	at pld.onHandleIntent(:com.google.android.gms@213614028@21.36.14 (100400-395708125):4)
11-16 08:57:17.787: W/PhenotypeConfigurationU(10833): 	at dpb.run(:com.google.android.gms@213614028@21.36.14 (100400-395708125):5)
11-16 08:57:17.787: W/PhenotypeConfigurationU(10833): 	at dpa.run(:com.google.android.gms@213614028@21.36.14 (100400-395708125):11)
11-16 08:57:17.787: W/PhenotypeConfigurationU(10833): 	at bfyg.run(:com.google.android.gms@213614028@21.36.14 (100400-395708125):2)
11-16 08:57:17.787: W/PhenotypeConfigurationU(10833): 	at java.util.concurrent.ThreadPoolExecutor.runWorker(ThreadPoolExecutor.java:1167)
11-16 08:57:17.787: W/PhenotypeConfigurationU(10833): 	at java.util.concurrent.ThreadPoolExecutor$Worker.run(ThreadPoolExecutor.java:641)
11-16 08:57:17.787: W/PhenotypeConfigurationU(10833): 	at java.lang.Thread.run(Thread.java:764)
11-16 08:57:17.792: I/PTCommittedOperation(10833): Receive new configuration for com.google.android.gms.autofill
11-16 08:57:17.794: W/ModuleInitIntentOp(14328): Dropping unexpected action com.google.android.gms.phenotype.COMMITTED
11-16 08:57:17.800: I/ChromeSync(14328): [Sync,SyncIntentOperation] Handling the intent: Intent { act=com.google.android.gms.phenotype.COMMITTED flg=0x10 pkg=com.google.android.gms cmp=com.google.android.gms/.chimera.GmsIntentOperationService (has extras) }.
11-16 08:57:17.807: I/MdiSyncModule(14328): flag handling is skipping irrelevant intent.
11-16 08:57:17.819: W/ModuleInitIntentOp(14328): Dropping unexpected action com.google.android.gms.phenotype.COMMITTED
11-16 08:57:17.826: I/TestSupport(14328): AwaitCommitOperation: FlagOverride(com.google.android.gms.autofill, , Flag(autofill_enabled, false, 2, 0), true) committed [CONTEXT service_id=133 ]
11-16 08:57:17.827: I/TestSupport(14328): AwaitCommitOperation: no more uncommitted overrides [CONTEXT service_id=133 ]
11-16 08:57:17.834: I/GmsSyncPolicyEngine(14328): Periodic sync 4 disabled by policy, cancelled.
11-16 08:57:17.835: W/PackageParser(14328): Unknown element under <manifest>: queries at /data/user_de/0/com.google.android.gms/app_chimera/m/00000010/dl-AdsFdrDynamite.integ_213806100100000.apk Binary XML file line #11
11-16 08:57:17.925: I/TestSupport(14328): AwaitCommitOperation: * [CONTEXT service_id=133 ]
11-16 08:57:17.929: I/TestSupport(14328): AwaitCommitOperation: FlagOverride(com.google.android.gms.autofill, , Flag(autofill_enabled, false, 2, 0), true) committed [CONTEXT service_id=133 ]
11-16 08:57:17.930: I/TestSupport(14328): AwaitCommitOperation: no more uncommitted overrides [CONTEXT service_id=133 ]
11-16 08:57:18.043: I/TSDRIVER(21560): Handled command: PACKAGE
11-16 08:57:18.091: I/MultiDex(21799): VM with version 2.1.0 has multidex support
11-16 08:57:18.092: I/MultiDex(21799): install
11-16 08:57:18.092: I/MultiDex(21799): VM has multidex support, MultiDex support library is disabled.
11-16 08:57:18.092: I/MultiDex(21799): install
11-16 08:57:18.092: I/MultiDex(21799): VM has multidex support, MultiDex support library is disabled.
11-16 08:57:18.125: I/TSDRIVER(21560): CommandService onHandleIntent()
11-16 08:57:18.125: I/TSDRIVER(21560): Got command: PACKAGE
11-16 08:57:18.125: I/TSDRIVER(21560): flag package: EiNjb20uZ29vZ2xlLmFuZHJvaWQuZ21zLmF1dGhfYWNjb3VudBodChlhdXRoX3NpZ19vdmVycmlkZV9lbmFibGVkGAAoPg
11-16 08:57:18.126: I/TSDRIVER(21560): flag package: com.google.android.gms.auth_account
11-16 08:57:18.130: I/TestSupport(14328): SetFlagOverridesOperation: com.google.android.gms.auth_account, '', [Flag(auth_sig_override_enabled, false, 2, 0)] [CONTEXT service_id=133 ]
11-16 08:57:18.141: I/TestSupport(14328): AwaitCommitOperation: auth_sig_override_enabled [CONTEXT service_id=133 ]
11-16 08:57:18.146: I/TestSupport(14328): AwaitCommitOperation: uncommitted: FlagOverride(com.google.android.gms.auth_account, , Flag(auth_sig_override_enabled, false, 2, 0), false) [CONTEXT service_id=133 ]
11-16 08:57:18.146: I/TestSupport(14328): AwaitCommitOperation:  sleeping for 10 msec. [CONTEXT service_id=133 ]
11-16 08:57:18.158: W/PhenotypeConfigurationU(10833): Update for unknown DeviceConfig package com.google.android.gms.auth_account [CONTEXT service_id=204 ]
11-16 08:57:18.158: W/PhenotypeConfigurationU(10833): akjf: No package exists for config package: com.google.android.gms.auth_account
11-16 08:57:18.158: W/PhenotypeConfigurationU(10833): 	at com.google.android.gms.platformconfigurator.PhenotypeConfigurationUpdateListener.a(:com.google.android.gms@213614028@21.36.14 (100400-395708125):7)
11-16 08:57:18.158: W/PhenotypeConfigurationU(10833): 	at com.google.android.gms.platformconfigurator.PhenotypeConfigurationUpdateListener.onHandleIntent(:com.google.android.gms@213614028@21.36.14 (100400-395708125):5)
11-16 08:57:18.158: W/PhenotypeConfigurationU(10833): 	at com.google.android.chimera.IntentOperation.onHandleIntent(:com.google.android.gms@213614028@21.36.14 (100400-395708125):2)
11-16 08:57:18.158: W/PhenotypeConfigurationU(10833): 	at pld.onHandleIntent(:com.google.android.gms@213614028@21.36.14 (100400-395708125):4)
11-16 08:57:18.158: W/PhenotypeConfigurationU(10833): 	at dpb.run(:com.google.android.gms@213614028@21.36.14 (100400-395708125):5)
11-16 08:57:18.158: W/PhenotypeConfigurationU(10833): 	at dpa.run(:com.google.android.gms@213614028@21.36.14 (100400-395708125):11)
11-16 08:57:18.158: W/PhenotypeConfigurationU(10833): 	at bfyg.run(:com.google.android.gms@213614028@21.36.14 (100400-395708125):2)
11-16 08:57:18.158: W/PhenotypeConfigurationU(10833): 	at java.util.concurrent.ThreadPoolExecutor.runWorker(ThreadPoolExecutor.java:1167)
11-16 08:57:18.158: W/PhenotypeConfigurationU(10833): 	at java.util.concurrent.ThreadPoolExecutor$Worker.run(ThreadPoolExecutor.java:641)
11-16 08:57:18.158: W/PhenotypeConfigurationU(10833): 	at java.lang.Thread.run(Thread.java:764)
11-16 08:57:18.162: I/PTCommittedOperation(10833): Receive new configuration for com.google.android.gms.auth_account
11-16 08:57:18.164: W/ModuleInitIntentOp(14328): Dropping unexpected action com.google.android.gms.phenotype.COMMITTED
11-16 08:57:18.164: I/ChromeSync(14328): [Sync,SyncIntentOperation] Handling the intent: Intent { act=com.google.android.gms.phenotype.COMMITTED flg=0x10 pkg=com.google.android.gms cmp=com.google.android.gms/.chimera.GmsIntentOperationService (has extras) }.
11-16 08:57:18.167: I/MdiSyncModule(14328): flag handling is skipping irrelevant intent.
11-16 08:57:18.170: W/ModuleInitIntentOp(14328): Dropping unexpected action com.google.android.gms.phenotype.COMMITTED
11-16 08:57:18.200: I/TestSupport(14328): AwaitCommitOperation: FlagOverride(com.google.android.gms.auth_account, , Flag(auth_sig_override_enabled, false, 2, 0), true) committed [CONTEXT service_id=133 ]
11-16 08:57:18.200: I/TestSupport(14328): AwaitCommitOperation: no more uncommitted overrides [CONTEXT service_id=133 ]
11-16 08:57:18.287: I/TestSupport(14328): AwaitCommitOperation: * [CONTEXT service_id=133 ]
11-16 08:57:18.292: I/TestSupport(14328): AwaitCommitOperation: FlagOverride(com.google.android.gms.auth_account, , Flag(auth_sig_override_enabled, false, 2, 0), true) committed [CONTEXT service_id=133 ]
11-16 08:57:18.293: I/TestSupport(14328): AwaitCommitOperation: no more uncommitted overrides [CONTEXT service_id=133 ]
11-16 08:57:18.336: I/Bugle(21799): GServicesValues:
11-16 08:57:18.336: I/Bugle(21799): bugle_enable_primes_crash_metrics: true
11-16 08:57:18.336: I/Bugle(21799): bugle_max_telemetry_upload_retries: 10
11-16 08:57:18.336: I/Bugle(21799): bugle_send_silent_crash_feedback: true
11-16 08:57:18.336: I/Bugle(21799): bugle_sticker_set_list_version: 3
11-16 08:57:18.406: I/TSDRIVER(21560): Handled command: PACKAGE
11-16 08:57:18.422: D/fpc_hidl(21939): fpc fingerprint hwbinder service starting
11-16 08:57:18.422: D/QSEECOMAPI(21939): QSEECom_get_handle sb_length = 0x80
11-16 08:57:18.422: D/QSEECOMAPI(21939): App is not loaded in QSEE
11-16 08:57:18.422: D/QSEECOMAPI(21939): app_arch = 2, total_files = 9
11-16 08:57:18.477: D/QSEECOMAPI(21939): Loaded image: APP id = 513
11-16 08:57:18.481: E/fpc_tac(21939): fpcbuildinfo : 575ddab5b91efea67ee1d200fc813ff2fpc_bio=bd35c3fec78219829149bea6c9ec961e6f655b90C:prodtestlib=4304cf5c884c198624b749af3482befacbd3028eC:fpc_c_core=dc194509594e837dedfb5452aaf06fcb61977135C:fpc_lib=cd5b7b876c3d69afa68a11ac6fd86f873e70817bC:cac=297e11552c60a3607ed664cf44c3e4b36ab2e737C:fpc_bio_interface=94a457caecae31eca8ef04b64c3f82a018e9bbc0C:fpc_sensor=ba909a5500944acafe47a0ef3a49f89509aadfb6C:tools_core=94ddf1e684cfa6c99f0f237f7cc35f3962e0e597C:sensor_settings=4fcf864fb493ae0272a9b2806446b379d99fd8ceC:fingerprint_ta=066bc0ab880960a4a69b74a328c7d7871c72225bC:fingerprint_pal=0deb9a478a3572872639f9cb2559ccc464ee3f9bC:manifests=dcb3d8ab0bdb7a5b341839d8c75bb88fc7f5e1a4C:Manifesttag=SW23.3.0-PDR1.0.5:jenkins@84ffd74dac44:Thu,17May201810:17:08+0200:FPC_SENSOR_TYPE=FPC_SENSOR_TYPE_FPC1270:FPC_CC_TYPE=FPC_COMPANION_CHIP_FPC2050:FPC_C_TYPE=FPC_COATING_NORMAL
11-16 08:57:18.481: E/fpc_tac(21939): fpcbuildtype : build=RELEASE sensor=9
11-16 08:57:18.482: W/EventHub(1265): Unable to disable kernel key repeat for /dev/input/event3: Function not implemented
11-16 08:57:18.482: I/EventHub(1265): wakeMechanism=EPOLLWAKEUP, usingClockIoctl=true
11-16 08:57:18.482: I/EventHub(1265): New device: id=513, fd=109, path='/dev/input/event3', name='uinput-fpc', classes=0x101, configuration='/system/usr/idc/uinput-fpc.idc', keyLayout='/system/usr/keylayout/uinput-fpc.kl', keyCharacterMap='/system/usr/keychars/Generic.kcm', builtinKeyboard=true, 
11-16 08:57:18.482: W/InputReader(1265): Ignoring spurious device added event for deviceId 0.
11-16 08:57:18.487: I/tmp(21799): SslGuard completed installation.
11-16 08:57:18.497: W/BugleStartup(21799): StartupHandler: ContentProvider startup tasks did not execute before Application onCreate(), executed in onApplicationCreated().
11-16 08:57:18.502: I/Bugle(21799): BugleApplicationBase: Bugle version: 4.6.375 (imp_rc21_xxhdpi.arm64-v8a.phone)
11-16 08:57:18.534: I/CarrierServices(21799): [2] pkj.a: Initializing SimStateTracker
11-16 08:57:18.558: I/CarrierServices(21799): [2] oli.a: Creating JibeServiceComponent
11-16 08:57:18.664: I/BugleRcsEngine(21799): [2] oer.register: Initializing Carrier Services Library.
11-16 08:57:18.670: D/AndroidRuntime(21956): >>>>>> START com.android.internal.os.RuntimeInit uid 2000 <<<<<<
11-16 08:57:18.673: I/Bugle(21799): GServicesValues:
11-16 08:57:18.673: I/Bugle(21799): bugle_enable_primes_crash_metrics: true
11-16 08:57:18.673: I/Bugle(21799): bugle_max_telemetry_upload_retries: 10
11-16 08:57:18.673: I/Bugle(21799): bugle_send_silent_crash_feedback: true
11-16 08:57:18.673: I/Bugle(21799): bugle_sticker_set_list_version: 3
11-16 08:57:18.687: I/BugleRcsEngine(21799): [2] oer.b: Initializing Carrier Services Logging.
11-16 08:57:18.698: I/pre(21799): LogSaver new instance with filename: carrier_services
11-16 08:57:18.715: I/BugleRcsEngine(21799): [2] pot.shouldUseCarrierServicesApkForV1Apis: Checking if using CarrierServices.apk is possible. Enabled: true, isAtLeastM: true, runningInsideBugle: true
11-16 08:57:18.725: I/app_process(21956): The ClassLoaderContext is a special shared library.
11-16 08:57:18.727: I/BugleRcsEngine(21799): [2] otj.a: Using CarrierServicesNetworkFactory
11-16 08:57:18.747: D/ConnectivityService(1265): requestNetwork for uid/pid:10111/21799 NetworkRequest [ TRACK_DEFAULT id=51, [ Capabilities: INTERNET&NOT_RESTRICTED&TRUSTED Unwanted:  Uid: 10111] ]
11-16 08:57:18.747: D/WIFI_UT(1265): got request NetworkRequest [ TRACK_DEFAULT id=51, [ Capabilities: INTERNET&NOT_RESTRICTED&TRUSTED Unwanted:  Uid: 10111] ] with score 60
11-16 08:57:18.747: D/WIFI(1265): got request NetworkRequest [ TRACK_DEFAULT id=51, [ Capabilities: INTERNET&NOT_RESTRICTED&TRUSTED Unwanted:  Uid: 10111] ] with score 60
11-16 08:57:18.748: D/WIFI_AWARE_FACTORY(1265): got request NetworkRequest [ TRACK_DEFAULT id=51, [ Capabilities: INTERNET&NOT_RESTRICTED&TRUSTED Unwanted:  Uid: 10111] ] with score 60
11-16 08:57:18.748: D/Ethernet(1265): got request NetworkRequest [ TRACK_DEFAULT id=51, [ Capabilities: INTERNET&NOT_RESTRICTED&TRUSTED Unwanted:  Uid: 10111] ] with score 60
11-16 08:57:18.748: D/PhoneSwitcherNetworkRequstListener(3785): got request NetworkRequest [ TRACK_DEFAULT id=51, [ Capabilities: INTERNET&NOT_RESTRICTED&TRUSTED Unwanted:  Uid: 10111] ] with score 60
11-16 08:57:18.748: D/AndroidRuntime(21956): Calling main entry com.android.commands.am.Am
11-16 08:57:18.752: I/ActivityManager(1265): Force stopping com.google.android.apps.mtaas.tools appid=10156 user=0: start instr
11-16 08:57:18.761: I/BugleRcsEngine(21799): [864] ore.d: Connected state: [2], networkType: [WIFI]
11-16 08:57:18.764: I/ActivityManager(1265): Start proc 21978:com.google.android.apps.mtaas.tools/u0a156 for added application com.google.android.apps.mtaas.tools
11-16 08:57:18.763: I/BugleRcsEngine(21799): [864] ore.d: Connected state: [2], networkType: [WIFI]
11-16 08:57:18.765: E/pps.mtaas.tool(21978): Not starting debugger since process cannot load the jdwp agent.
11-16 08:57:18.779: I/pps.mtaas.tool(21978): The ClassLoaderContext is a special shared library.
11-16 08:57:18.792: I/BugleRcsEngine(21799): [2] ofm.<init>: RcsEngine: Constructor running in com.google.android.apps.messaging
11-16 08:57:18.792: I/ActivityManager(1265): Config changes=2004 {1.0 ?mcc?mnc [en] ldltr sw392dp w392dp h713dp 440dpi nrml long hdr widecg port finger -keyb/v/h -nav/h winConfig={ mBounds=Rect(0, 0 - 0, 0) mAppBounds=Rect(0, 0 - 1080, 2028) mWindowingMode=fullscreen mActivityType=undefined} s.9}
11-16 08:57:18.792: D/ActivityManager(1265): Storing locale en for decryption UI
11-16 08:57:18.793: I/BugleRcsEngine(21799): [2] pcm.a: Destroying ProvisioningEngineComponent
11-16 08:57:18.794: I/BugleRcsEngine(21799): [2] pcm.a: Initialize Provisioning Engine V2
11-16 08:57:18.801: I/ActivityManager(1265): Override config changes=2004 {1.0 ?mcc?mnc [en] ldltr sw392dp w392dp h713dp 440dpi nrml long hdr widecg port finger -keyb/v/h -nav/h winConfig={ mBounds=Rect(0, 0 - 1080, 2028) mAppBounds=Rect(0, 0 - 1080, 2028) mWindowingMode=fullscreen mActivityType=undefined} s.9} for displayId=0
11-16 08:57:18.840: D/ChangeLocale(21978): Instrumentation completed successfully
11-16 08:57:18.844: D/LoaderTask(4259): loadWorkspace: loading default favorites
11-16 08:57:18.859: I/ActivityManager(1265): Force stopping com.google.android.apps.mtaas.tools appid=10156 user=0: finished inst
11-16 08:57:18.859: I/ActivityManager(1265): Killing 21978:com.google.android.apps.mtaas.tools/u0a156 (adj 0): stop com.google.android.apps.mtaas.tools
11-16 08:57:18.860: W/libprocessgroup(1265): kill(-21978, 9) failed: No such process
11-16 08:57:18.864: I/ActivityManager(1265): Start proc 21998:com.android.carrierdefaultapp/u0a84 for broadcast com.android.carrierdefaultapp/.CarrierDefaultBroadcastReceiver
11-16 08:57:18.865: D/ConnectivityService(1265): releasing NetworkRequest [ TRACK_DEFAULT id=46, [ Capabilities: INTERNET&NOT_RESTRICTED&TRUSTED Unwanted:  Uid: 10107] ] (release request)
11-16 08:57:18.869: I/Zygote(736): Process 21978 exited due to signal (9)
11-16 08:57:18.871: W/Binder(1265): Outgoing transactions from this process must be FLAG_ONEWAY
11-16 08:57:18.871: W/Binder(1265): java.lang.Throwable
11-16 08:57:18.871: W/Binder(1265): 	at android.os.BinderProxy.transact(Binder.java:1116)
11-16 08:57:18.871: W/Binder(1265): 	at android.app.IInstrumentationWatcher$Stub$Proxy.instrumentationFinished(IInstrumentationWatcher.java:164)
11-16 08:57:18.871: W/Binder(1265): 	at com.android.server.am.InstrumentationReporter$MyThread.run(InstrumentationReporter.java:86)
11-16 08:57:18.872: D/AndroidRuntime(21956): Shutting down VM
11-16 08:57:18.876: I/EmojiSearchExtension(3640): onDestroy()
11-16 08:57:18.880: E/rrierdefaultap(21998): Not starting debugger since process cannot load the jdwp agent.
11-16 08:57:18.903: W/cr_ContextualSearch(13587): Warning, the 0 state was aborted.
11-16 08:57:18.905: W/libprocessgroup(1265): kill(-21978, 9) failed: No such process
11-16 08:57:18.905: I/libprocessgroup(1265): Successfully killed process cgroup uid 10156 pid 21978 in 45ms
11-16 08:57:18.923: I/MediaFocusControl(1265): abandonAudioFocus() from uid/pid 10107/13587 clientId=android.media.AudioManager@4186cb3org.chromium.content.browser.AudioFocusDelegate@4f70270
11-16 08:57:18.923: I/ActivityManager(1265): Killing 13634:com.android.chrome:sandboxed_process0/u0a107i0 (adj 0): isolated not needed
11-16 08:57:18.923: W/libprocessgroup(1265): Failed to open process cgroup uid 99000 pid 13634: No such file or directory
11-16 08:57:18.923: E/libprocessgroup(1265): Error encountered killing process cgroup uid 99000 pid 13634: No such file or directory
11-16 08:57:18.925: E/cr_BrowserInitializer(13587): Killing process because of locale change.
11-16 08:57:18.925: I/Process(13587): Sending signal. PID: 13587 SIG: 9
11-16 08:57:18.926: I/EmojiSearchExtension(3640): onDeactivate()
11-16 08:57:18.930: I/BugleRcsEngine(21799): [2] pet.a: Sending ProvisioningEvent to Bugle [Enable PEv2 (17)], null
11-16 08:57:18.933: I/BugleRcsEngine(21799): [2] oli.a: Creating ProvisioningEngineComponent
11-16 08:57:18.939: D/CarrierDefaultBroadcastReceiver(21998): onReceive intent: android.intent.action.LOCALE_CHANGED
11-16 08:57:18.945: I/BugleRcsProvisioning(12352): RcsProvisioningEventReceiver: Received ProvisioningEvent: Enable PEv2
11-16 08:57:18.946: W/InputDispatcher(1265): channel '4f20e8c com.android.chrome/com.google.android.apps.chrome.Main (server)' ~ Consumer closed input channel or an error occurred.  events=0x9
11-16 08:57:18.946: E/InputDispatcher(1265): channel '4f20e8c com.android.chrome/com.google.android.apps.chrome.Main (server)' ~ Channel is unrecoverably broken and will be disposed!
11-16 08:57:18.946: D/ConnectivityService(1265): ConnectivityService NetworkRequestInfo binderDied(NetworkRequest [ TRACK_DEFAULT id=44, [ Capabilities: INTERNET&NOT_RESTRICTED&TRUSTED Unwanted:  Uid: 10107] ], android.os.BinderProxy@8ed7052)
11-16 08:57:18.946: D/ConnectivityService(1265): ConnectivityService NetworkRequestInfo binderDied(NetworkRequest [ LISTEN id=45, [ Capabilities: INTERNET&NOT_RESTRICTED&TRUSTED Unwanted:  Uid: 10107] ], android.os.BinderProxy@6bdff23)
11-16 08:57:18.947: D/ConnectivityService(1265): ConnectivityService NetworkRequestInfo binderDied(NetworkRequest [ TRACK_DEFAULT id=48, [ Capabilities: INTERNET&NOT_RESTRICTED&TRUSTED Unwanted:  Uid: 10107] ], android.os.BinderProxy@ab47c20)
11-16 08:57:18.947: D/ConnectivityService(1265): ConnectivityService NetworkRequestInfo binderDied(NetworkRequest [ LISTEN id=41, [ Capabilities: INTERNET&NOT_RESTRICTED&TRUSTED Unwanted:  Uid: 10107] ], android.os.BinderProxy@d6ac9d9)
11-16 08:57:18.947: D/ConnectivityService(1265): ConnectivityService NetworkRequestInfo binderDied(NetworkRequest [ TRACK_DEFAULT id=40, [ Capabilities: INTERNET&NOT_RESTRICTED&TRUSTED Unwanted:  Uid: 10107] ], android.os.BinderProxy@6ce3f9e)
11-16 08:57:18.947: I/WindowManager(1265): WIN DEATH: Window{4f20e8c u0 com.android.chrome/com.google.android.apps.chrome.Main}
11-16 08:57:18.947: D/ConnectivityService(1265): releasing NetworkRequest [ TRACK_DEFAULT id=44, [ Capabilities: INTERNET&NOT_RESTRICTED&TRUSTED Unwanted:  Uid: 10107] ] (release request)
11-16 08:57:18.947: W/InputDispatcher(1265): Attempted to unregister already unregistered input channel '4f20e8c com.android.chrome/com.google.android.apps.chrome.Main (server)'
11-16 08:57:18.947: D/ConnectivityService(1265): ConnectivityService NetworkRequestInfo binderDied(NetworkRequest [ LISTEN id=49, [ Capabilities: INTERNET&NOT_RESTRICTED&TRUSTED Unwanted:  Uid: 10107] ], android.os.BinderProxy@f676a7f)
11-16 08:57:18.947: I/ActivityManager(1265): Process com.android.chrome (pid 13587) has died: fore TOP 
11-16 08:57:18.948: W/ActivityManager(1265): Force removing ActivityRecord{4e8d059 u0 com.android.chrome/com.google.android.apps.chrome.Main t3}: app died, no saved state
11-16 08:57:18.948: W/libprocessgroup(1265): kill(-13587, 9) failed: No such process
11-16 08:57:18.948: I/libprocessgroup(1265): Successfully killed process cgroup uid 10107 pid 13587 in 0ms
11-16 08:57:18.948: D/ConnectivityService(1265): releasing NetworkRequest [ TRACK_DEFAULT id=48, [ Capabilities: INTERNET&NOT_RESTRICTED&TRUSTED Unwanted:  Uid: 10107] ] (release request)
11-16 08:57:18.948: D/ConnectivityService(1265): releasing NetworkRequest [ TRACK_DEFAULT id=40, [ Capabilities: INTERNET&NOT_RESTRICTED&TRUSTED Unwanted:  Uid: 10107] ] (release request)
11-16 08:57:18.949: I/BugleRcsEngine(12352): [2] pot.b: Not using CS JibeService because the CS migration has not completed.
11-16 08:57:18.949: I/Zygote(737): Process 13587 exited due to signal (9)
11-16 08:57:18.952: W/SurfaceFlinger(646): Attempting to destroy on removed layer: AppWindowToken{f0114ff token=Token{472041e ActivityRecord{4e8d059 u0 com.android.chrome/com.google.android.apps.chrome.Main t3}}}#0
11-16 08:57:18.961: I/ActivityManager(1265): Start proc 22019:com.android.cellbroadcastreceiver/u0a62 for broadcast com.android.cellbroadcastreceiver/.PrivilegedCellBroadcastReceiver
11-16 08:57:18.961: W/ActivityManager(1265): setHasOverlayUi called on unknown pid: 13587
11-16 08:57:18.962: E/oadcastreceive(22019): Not starting debugger since process cannot load the jdwp agent.
11-16 08:57:18.998: I/ModuleManager(3640): Module object of interface com.google.android.apps.inputmethod.libs.search.emoji.EmojiSearchExtension loaded.
11-16 08:57:19.006: I/ActivityManager(1265): Process com.android.chrome:privileged_process0 (pid 13665) has died: fore SVC 
11-16 08:57:19.006: W/libprocessgroup(1265): kill(-13665, 9) failed: No such process
11-16 08:57:19.009: I/Zygote(737): Process 13665 exited cleanly (0)
11-16 08:57:19.027: D/CellBroadcastReceiver(22019): onReceive Intent { act=android.intent.action.LOCALE_CHANGED flg=0x11200010 cmp=com.android.cellbroadcastreceiver/.PrivilegedCellBroadcastReceiver }
11-16 08:57:19.031: I/ActivityManager(1265): Killing 16568:com.google.android.carrier/u0a9 (adj 906): empty #17
11-16 08:57:19.033: W/Looper(1265): Slow dispatch took 192ms main h=android.app.ActivityThread$H c=android.app.-$$Lambda$LoadedApk$ReceiverDispatcher$Args$_BumDX2UKsnxLVrE6UJsJZkotuA@721ce7c m=0
11-16 08:57:19.037: D/UsbDeviceManager(1265): Clear notification
11-16 08:57:19.039: D/UsbDeviceManager(1265): push notification:Charging this device via USB
11-16 08:57:19.043: I/ActivityManager(1265): Start proc 22041:com.android.chrome/u0a107 for broadcast com.android.chrome/org.chromium.chrome.browser.locale.LocaleChangedBroadcastReceiver
11-16 08:57:19.047: W/InputMethodManagerService(1265): Illegal subtype state: old subtype = null, new subtype = android.view.inputmethod.InputMethodSubtype@70bfcd7e
11-16 08:57:19.048: I/Telecom(1265): : Locale change; recreating channels.
11-16 08:57:19.048: W/Looper(1265): Slow delivery took 207ms main h=android.app.ActivityThread$H c=android.app.-$$Lambda$LoadedApk$ReceiverDispatcher$Args$_BumDX2UKsnxLVrE6UJsJZkotuA@81a358b m=0
11-16 08:57:19.050: W/libprocessgroup(1265): kill(-13665, 9) failed: No such process
11-16 08:57:19.050: I/libprocessgroup(1265): Successfully killed process cgroup uid 10107 pid 13665 in 43ms
11-16 08:57:19.050: W/libprocessgroup(1265): kill(-16568, 9) failed: No such process
11-16 08:57:19.050: V/SettingsProvider(1265): Notifying for 0: content://settings/system/user_rotation
11-16 08:57:19.050: V/SettingsProvider(1265): Notifying for 0: content://settings/system/accelerometer_rotation
11-16 08:57:19.051: V/SettingsProvider(1265): Notifying for 0: content://settings/secure/enabled_input_methods
11-16 08:57:19.051: W/Looper(1265): Drained
11-16 08:57:19.051: V/SettingsProvider(1265): Notifying for 0: content://settings/secure/selected_input_method_subtype
11-16 08:57:19.051: V/SettingsProvider(1265): Notifying for 0: content://settings/secure/default_input_method
11-16 08:57:19.053: I/GoogleInputMethod(3640): onStartInput() : Dummy InputConnection bound
11-16 08:57:19.061: E/.android.chrom(22041): Not starting debugger since process cannot load the jdwp agent.
11-16 08:57:19.070: I/Zygote(736): Process 16568 exited due to signal (9)
11-16 08:57:19.081: W/SurfaceFlinger(646): Attempting to destroy on removed layer: bcf1450 AssistPreviewPanel#0
11-16 08:57:19.083: I/HWRSuperpacksManager(3640): onEnabledInputMethodEntriesChanged
11-16 08:57:19.084: I/DictSuperpacksManager(3640): onEnabledInputMethodEntriesChanged
11-16 08:57:19.085: I/GoogleInputMethod(3640): onFinishInput() : Dummy InputConnection bound
11-16 08:57:19.085: I/GoogleInputMethod(3640): onStartInput() : Dummy InputConnection bound
11-16 08:57:19.091: D/LoaderTask(4259): loadWorkspace: loading default favorites
11-16 08:57:19.093: W/libprocessgroup(1265): kill(-16568, 9) failed: No such process
11-16 08:57:19.093: I/libprocessgroup(1265): Successfully killed process cgroup uid 10009 pid 16568 in 43ms
11-16 08:57:19.116: D/SurfaceFlinger(646): duplicate layer name: changing com.google.android.apps.nexuslauncher/com.google.android.apps.nexuslauncher.NexusLauncherActivity to com.google.android.apps.nexuslauncher/com.google.android.apps.nexuslauncher.NexusLauncherActivity#1
11-16 08:57:19.133: W/SurfaceFlinger(646): Attempting to destroy on removed layer: 1383180 DockedStackDivider#0
11-16 08:57:19.148: W/PhoneWindow(10077): Previously focused view reported id 2131820715 during save, but can't be found during restore.
11-16 08:57:19.154: I/BugleRcsEngine(21799): [2] JibeService.b: Ignoring call to disable RCS because PEv2 is enabled
11-16 08:57:19.159: V/SettingsProvider(1265): Notifying for 0: content://settings/system/firebase.test.lab
11-16 08:57:19.162: I/BugleRcsEngine(21799): [869] ProvisioningEngineStateMachine$StateBase.a: Enter EnabledState
11-16 08:57:19.164: I/BugleRcsEngine(21799): [2] pet.a: Sending ProvisioningEvent to Bugle [Request Bugle information (15)], null
11-16 08:57:19.167: I/BugleRcsEngine(21799): [849] pot.b: Not using CS JibeService because the CS migration has not completed.
11-16 08:57:19.168: I/BugleRcsProvisioning(12352): RcsProvisioningEventReceiver: Received ProvisioningEvent: Request Bugle information
11-16 08:57:19.171: D/BugleRcsEngine(21799): log_saver already enabled
11-16 08:57:19.174: I/GoogleInputMethod(3640): onFinishInput() : Dummy InputConnection bound
11-16 08:57:19.175: I/GoogleInputMethod(3640): onStartInput() : Dummy InputConnection bound
11-16 08:57:19.179: I/BugleRcsEngine(12352): [2] pot.b: Not using CS JibeService because the CS migration has not completed.
11-16 08:57:19.181: W/BugleRcsEngine(21799): [869] pcp.c: No config URL. RCS will be disabled!
11-16 08:57:19.182: W/Bugle(21799): SubscriptionMetadataUtils get: invalid subId = -1
11-16 08:57:19.205: E/BugleRcsEngine(21799): [2] JibeService.a: onSimRemoved: not using a test number at the moment
11-16 08:57:19.205: I/BugleRcsEngine(21799): [2] JibeService.a: onSimRemoved: JibePreferences hasSim: [false], rcsEnabled: [false]
11-16 08:57:19.205: I/BugleRcsEngine(21799): [2] JibeService.a: SIM has been removed.
11-16 08:57:19.206: I/Zygote(3692): Process 13634 exited cleanly (0)
11-16 08:57:19.207: I/BugleRcsEngine(21799): [870] pot.a: Sim state is not ready. Returning last known operation mode.
11-16 08:57:19.208: W/Bugle(21799): SubscriptionMetadataUtils get: invalid subId = -1
11-16 08:57:19.210: W/Bugle(21799): SubscriptionMetadataUtils get: invalid subId = -1
11-16 08:57:19.212: W/SessionLifecycleManager(10077): Handover failed. Creating new session controller.
11-16 08:57:19.213: I/BugleRcsEngine(21799): [2] pev.a: RcsAvailabilityManager: Calculating Rcs Availability
11-16 08:57:19.215: W/Bugle(21799): SubscriptionMetadataUtils get: invalid subId = -1
11-16 08:57:19.219: W/Bugle(21799): SubscriptionMetadataUtils get: invalid subId = -1
11-16 08:57:19.230: I/BugleRcsEngine(21799): [870] pot.a: Sim state is not ready. Returning last known operation mode.
11-16 08:57:19.236: I/ImageWallpaper(3659): Redrawing in rect: RectF(0.0, 0.0, 1214.0515, 2160.0) with surface size: 1080x2160
11-16 08:57:19.248: W/StatusBar/NavBarView(3659): *** Invalid layout in navigation bar (sizeChanged this=1080x132 cur=1036x132)
11-16 08:57:19.261: I/WindowManager(1265): Screen frozen for +459ms due to Window{9d173a2 u0 com.android.systemui.ImageWallpaper}
11-16 08:57:19.263: D/SurfaceFlinger(646): duplicate layer name: changing BlackSurface to BlackSurface#1
11-16 08:57:19.263: D/SurfaceFlinger(646): duplicate layer name: changing BlackSurface to BlackSurface#2
11-16 08:57:19.264: D/SurfaceFlinger(646): duplicate layer name: changing BlackSurface to BlackSurface#3
11-16 08:57:19.278: I/BugleRcsEngine(21799): [2] pdr.a: BatteryOptimizationManager: requestGmscoreUnbind
11-16 08:57:19.278: V/SettingsProvider(1265): Notifying for 0: content://settings/secure/autofill_service
11-16 08:57:19.279: I/BugleRcsEngine(21799): [2] pev.a: RcsAvailabilityManager: Updating Rcs Availability to DISABLED_SIM_ABSENT (RCS is disabled due to SIM absent)
11-16 08:57:19.282: I/BugleRcsEngine(21799): [869] pev.a: RcsAvailabilityManager: Calculating Rcs Availability
11-16 08:57:19.290: W/BugleRcsEngine(21799): [2] pcp.c: No config URL. RCS will be disabled!
11-16 08:57:19.292: I/BugleRcsEngine(21799): [869] pet.a: Sending ProvisioningEvent to Bugle [Update provisioning status (11)], [aco8Kp25ZBCgUZalyGUIq1_Tamc]
11-16 08:57:19.294: D/QSEECOMAPI(21939): QSEECom_get_handle sb_length = 0x400
11-16 08:57:19.294: D/QSEECOMAPI(21939): App is already loaded QSEE and app id = 1
11-16 08:57:19.296: E/fpc_tac(21939): qsee_km_get_encapsulated_key KEYMASTER_GET_AUTH_TOKEN_KEY returned status=-24
11-16 08:57:19.296: D/QSEECOMAPI(21939): QSEECom_dealloc_memory 
11-16 08:57:19.296: D/QSEECOMAPI(21939): QSEECom_shutdown_app, app_id = 1
11-16 08:57:19.296: E/fpc_fingerprint_hal(21939): fpc_hal_open failed
11-16 08:57:19.298: I/EventHub(1265): Removing device uinput-fpc due to epoll hang-up event.
11-16 08:57:19.298: I/EventHub(1265): Removed device: path=/dev/input/event3 name=uinput-fpc id=513 fd=109 classes=0x101
11-16 08:57:19.298: W/EventHub(1265): built-in keyboard device /dev/input/event3 (id=513) is closing! the apps will not like this
11-16 08:57:19.298: W/InputReader(1265): Ignoring spurious device removed event for deviceId 513.
11-16 08:57:19.298: I/BugleRcsEngine(21799): [869] ProvisioningEngineStateMachine$StateBase.a: EnabledState: Transition to disabled
11-16 08:57:19.298: I/EventHub(1265): Removing device '/dev/input/event3' due to inotify event
11-16 08:57:19.299: I/BugleRcsEngine(21799): [869] ProvisioningEngineStateMachine$StateBase.c: Exit EnabledState
11-16 08:57:19.300: W/BugleRcsEngine(21799): [869] pcp.c: No config URL. RCS will be disabled!
11-16 08:57:19.308: I/BugleRcsEngine(21799): [869] ProvisioningEngineStateMachine$StateBase.a: Enter DisabledState
11-16 08:57:19.309: W/LocationOracle(10077): No location history returned by ContextManager
11-16 08:57:19.312: I/BugleRcsEngine(21799): [2] pet.a: Sending ProvisioningEvent to Bugle [Availability updated (12)], [aQxmkSF8RuZ2gv9Q_9qD9VRmeTc]
11-16 08:57:19.316: D/QSEECOMAPI(21939): QSEECom_dealloc_memory 
11-16 08:57:19.316: D/QSEECOMAPI(21939): QSEECom_shutdown_app, app_id = 513
11-16 08:57:19.322: W/BugleRcsEngine(21799): [869] pcp.c: No config URL. RCS will be disabled!
11-16 08:57:19.323: I/BugleRcsEngine(21799): [2] pev.a: Sending ProvisioningEvent Internal [Availability updated (12)], [aQxmkSF8RuZ2gv9Q_9qD9VRmeTc]
11-16 08:57:19.324: I/BugleRcsEngine(21799): [2] pet.a: Sending ProvisioningEvent to Bugle [Request Bugle information (15)], null
11-16 08:57:19.358: I/BugleRcsEngine(21799): [2] ProvisioningEventReceiver.onReceive: Received Provisioning Event: [Bugle information (100)]
11-16 08:57:19.358: W/ctxmgr(10833): [AclManager] null policy map (0) 67, clientInfo=(accnt=account#-517948760#, com.google.android.googlequicksearchbox(10047):com.google.android.googlequicksearchbox, vrsn=12211000, 1, 3pPkg = null ,  3pMdlId = null ,  pid = 10077 ,  featureId = null) [CONTEXT service_id=47 ]
11-16 08:57:19.358: I/BugleRcsEngine(21799): [2] ProvisioningEventReceiver.onReceive: JibeService is running, passing event to provisioning engine.
11-16 08:57:19.358: I/BugleRcsEngine(21799): [2] pdz.a: Handling Provisioning Event: [Bugle information (100)]
11-16 08:57:19.361: I/BugleRcsEngine(21799): [2] pev.a: RcsAvailabilityManager: Calculating Rcs Availability
11-16 08:57:19.362: W/s.messaging:rc(21799): Verification of java.util.List naq.v() took 110.158ms
11-16 08:57:19.372: E/GmsContextObserver(10077): Failed to register context manager listener: Status{statusCode=unknown status code: 7503, resolution=null}
11-16 08:57:19.372: I/BugleRcsEngine(21799): [846] pkj.b: Processing an intent
11-16 08:57:19.376: I/BugleRcsEngine(21799): [846] pkj.handleSimState: SIM state ABSENT
11-16 08:57:19.378: W/ctxmgr(10833): [AclManager] null policy map (0) 67, clientInfo=(accnt=account#-517948760#, com.google.android.googlequicksearchbox(10047):com.google.android.googlequicksearchbox, vrsn=12211000, 1, 3pPkg = null ,  3pMdlId = null ,  pid = 10077 ,  featureId = null) [CONTEXT service_id=47 ]
11-16 08:57:19.379: I/BugleRcsEngine(21799): [846] pkj.sendBroadcastSimState: Broadcasting Intent { act=com.google.android.ims.SIM_ABSENT }
11-16 08:57:19.386: I/Places(10833): Converted 0 out of 0 WiFi scans
11-16 08:57:19.390: I/LogUtils(10833): [Places]: ?: Couldn't find platform key file. [CONTEXT service_id=253 ]
11-16 08:57:19.391: I/LogUtils(10833): [Places]: ?: Couldn't find platform key file. [CONTEXT service_id=253 ]
11-16 08:57:19.395: I/BugleRcsProvisioning(12352): RcsProvisioningEventReceiver: Received ProvisioningEvent: Update provisioning status
11-16 08:57:19.398: I/LogUtils(10833): [Places]: ?: Couldn't find platform key file. [CONTEXT service_id=253 ]
11-16 08:57:19.398: I/BugleRcsEngine(21799): [869] pet.a: Sending ProvisioningEvent to Bugle [Update provisioning status (11)], [pxpqh-Hb57ovsulQtknwWEmsBeY]
11-16 08:57:19.401: I/LogUtils(10833): [Places]: ?: Couldn't find platform key file. [CONTEXT service_id=253 ]
11-16 08:57:19.402: I/BugleRcsEngine(21799): [869] ProvisioningEngineStateMachine.a: DisabledState: event SIM event
11-16 08:57:19.403: I/PlacesLogger(10833): [PlaceInferenceEngine]: No beacon scan available - ignoring candidates. [CONTEXT service_id=253 ]
11-16 08:57:19.403: I/BugleRcsEngine(21799): [870] pot.a: Sim state is not ready. Returning last known operation mode.
11-16 08:57:19.410: I/BugleRcsProvisioning(12352): RcsProvisioningEventReceiver: Received ProvisioningEvent: Availability updated
11-16 08:57:19.410: I/BugleRcsProvisioning(12352): RcsProvisioningEventReceiver: Bugle receives rcs availability update to: DISABLED_SIM_ABSENT
11-16 08:57:19.410: D/sound_trigger_hw(761): stdev_start_recognition:[1] Enter
11-16 08:57:19.410: D/sound_trigger_hw(761): loaded_state_fn:[1] handle event id 2
11-16 08:57:19.410: D/sound_trigger_platform(761): platform_stdev_get_capture_device: available devices 0x80000004, device 0x80000004
11-16 08:57:19.410: D/sound_trigger_platform(761): platform_stdev_get_device_sample_rate: sample rate 16000
11-16 08:57:19.410: D/sound_trigger_platform(761): platform_stdev_send_hwmad_cal: previous acdb_id 128 matches new acdb_id 128 return
11-16 08:57:19.410: D/sound_trigger_platform(761): platform_stdev_send_calibration: sending device calibration for device(1) acdb_id(128)
11-16 08:57:19.410: D/ACDB-LOADER(761): ACDB -> send_afe_topology
11-16 08:57:19.410: D/ACDB-LOADER(761): ACDB -> ACDB_CMD_GET_AFE_TOPOLOGY_ID
11-16 08:57:19.410: D/ACDB-LOADER(761): ACDB -> GET_AFE_TOPOLOGY_ID for adcd_id 128, Topology Id 12e19
11-16 08:57:19.410: D/ACDB-LOADER(761): ACDB -> send_afe_cal
11-16 08:57:19.410: D/ACDB-LOADER(761): ACDB -> ACDB_CMD_GET_AFE_COMMON_TABLE_SIZE
11-16 08:57:19.410: D/ACDB-LOADER(761): ACDB -> ACDB_CMD_GET_AFE_COMMON_TABLE
11-16 08:57:19.410: D/ACDB-LOADER(761): ACDB -> AUDIO_SET_AFE_CAL
11-16 08:57:19.410: D/sound_trigger_hw(761): set_device: enable device (1) = listen-cpe-handset-mic
11-16 08:57:19.410: D/audio_route(761): Apply path: listen-cpe-handset-mic
11-16 08:57:19.412: I/BugleRcsEngine(12352): [2] pot.b: Not using CS JibeService because the CS migration has not completed.
11-16 08:57:19.427: D/sound_trigger_hw(761): get_confidence_levels_payload: No smlib for uuid, sending opaque data
11-16 08:57:19.427: D/sound_trigger_hw(761): start:[1] gcs start VA engine, enable 1 token 3
11-16 08:57:19.427: D/sound_trigger_hw(761): start:[1] calling gcs_enable with handle 1, non-persist cal 0xec5f20d0, sz 24
11-16 08:57:19.427: D/ACDB-LOADER(761): ACDB -> ACDB_WDSP_CMD_GET_SUBGRAPH_MODULE_CALIBRATION_SIZE
11-16 08:57:19.427: D/ACDB-LOADER(761): ACDB -> ACDB_WDSP_CMD_GET_SUBGRAPH_MODULE_CALIBRATION
11-16 08:57:19.427: D/ACDB-LOADER(761): ACDB -> ACDB_WDSP_CMD_GET_SUBGRAPH_MODULE_CALIBRATION_SIZE
11-16 08:57:19.427: D/ACDB-LOADER(761): ACDB -> ACDB_WDSP_CMD_GET_SUBGRAPH_MODULE_CALIBRATION
11-16 08:57:19.427: D/ACDB-LOADER(761): ACDB -> ACDB_WDSP_CMD_GET_SUBGRAPH_MODULE_CONNECTION_SIZE
11-16 08:57:19.427: D/ACDB-LOADER(761): [ 11-16 08:57:19.427   761: 3925 E/         ]
11-16 08:57:19.427: D/ACDB-LOADER(761): gcs_get_sg_mod_conn_and_update_pld: subgraph mod conn size 0. Exiting
11-16 08:57:19.427: D/ACDB-LOADER(761): ACDB -> ACDB_WDSP_CMD_GET_SUBGRAPH_MODULE_CONNECTION_SIZE
11-16 08:57:19.427: D/ACDB-LOADER(761): ACDB -> ACDB_WDSP_CMD_GET_SUBGRAPH_MODULE_CONNECTION
11-16 08:57:19.427: D/ACDB-LOADER(761): ACDB -> ACDB_WDSP_CMD_GET_SUBGRAPH_CONNECTIONS_SIZE
11-16 08:57:19.427: D/ACDB-LOADER(761): ACDB -> ACDB_WDSP_CMD_GET_SUBGRAPHS_CONNECTION
11-16 08:57:19.427: D/ACDB-LOADER(761): ACDB -> ACDB_WDSP_CMD_GET_SUBGRAPH_CONNECTIONS_SIZE
11-16 08:57:19.427: D/ACDB-LOADER(761): [ 11-16 08:57:19.427   761: 3925 E/         ]
11-16 08:57:19.427: D/ACDB-LOADER(761): __gcs_get_sg_conn_and_update_pld: subgraph conn size 0. Exiting
11-16 08:57:19.427: D/ACDB-LOADER(761): [ 11-16 08:57:19.427   761: 3925 D/         ]
11-16 08:57:19.427: D/ACDB-LOADER(761): pktzr_send_cmd: opcode = 0x3, size = 452, token = 8
11-16 08:57:19.430: I/BugleRcsEngine(21799): [870] pot.a: Sim state is not ready. Returning last known operation mode.
11-16 08:57:19.430: I/BugleRcsEngine(21799): [ 11-16 08:57:19.438   761: 1123 D/         ]
11-16 08:57:19.430: I/BugleRcsEngine(21799): ipc_resp_thread: opcode: 0x2, payload_size: 4, resp_buf size: 16
11-16 08:57:19.430: I/BugleRcsEngine(21799): [ 11-16 08:57:19.438   761: 1123 D/         ]
11-16 08:57:19.430: I/BugleRcsEngine(21799): pktzr_resp_cb: opcode = 0x2 size = 4 token = 8
11-16 08:57:19.430: I/BugleRcsEngine(21799): [ 11-16 08:57:19.438   761: 1123 D/         ]
11-16 08:57:19.430: I/BugleRcsEngine(21799): pktzr_resp_cb: token 8 matched
11-16 08:57:19.438: D/sound_trigger_hw(761): reg_hal_event_session: ST_EVENT_SESSION_REGISTER capture_handle 62 p_ses 0xee1f4000
11-16 08:57:19.438: D/sound_trigger_hw(761): session[1]: loaded_state_fn ---> active_state_fn 
11-16 08:57:19.438: D/sound_trigger_hw(761): stdev_start_recognition:[1] Exit
11-16 08:57:19.438: I/SoundTriggerHelper(1265): startRecognition successful.
11-16 08:57:19.439: I/GsaVoiceInteractionSrv(4130): Start Hotword Recognition Status: true
11-16 08:57:19.459: I/BugleRcsEngine(21799): [2] ProvisioningEventReceiver.onReceive: Received Provisioning Event: [Availability updated (12)]
11-16 08:57:19.459: I/BugleRcsEngine(21799): [2] ProvisioningEventReceiver.onReceive: JibeService is running, passing event to provisioning engine.
11-16 08:57:19.459: I/BugleRcsEngine(21799): [2] pdz.a: Handling Provisioning Event: [Availability updated (12)]
11-16 08:57:19.460: I/BugleRcsEngine(21799): [869] ProvisioningEngineStateMachine.a: DisabledState: event Availability updated
11-16 08:57:19.460: I/BugleRcsEngine(21799): [869] pev.a: RcsAvailabilityManager: Calculating Rcs Availability
11-16 08:57:19.461: I/BugleRcsProvisioning(12352): RcsProvisioningEventReceiver: Received ProvisioningEvent: Request Bugle information
11-16 08:57:19.464: I/BugleRcsEngine(12352): [2] pot.b: Not using CS JibeService because the CS migration has not completed.
11-16 08:57:19.468: I/BugleRcsProvisioning(12352): RcsProvisioningEventReceiver: Received ProvisioningEvent: Update provisioning status
11-16 08:57:19.475: I/FA(21799): App measurement is starting up, version: 16250
11-16 08:57:19.476: I/BugleRcsEngine(21799): [2] ProvisioningEventReceiver.onReceive: Received Provisioning Event: [Bugle information (100)]
11-16 08:57:19.476: I/BugleRcsEngine(21799): [2] ProvisioningEventReceiver.onReceive: JibeService is running, passing event to provisioning engine.
11-16 08:57:19.476: I/BugleRcsEngine(21799): [2] pdz.a: Handling Provisioning Event: [Bugle information (100)]
11-16 08:57:19.478: I/BugleRcsEngine(21799): [2] pev.a: RcsAvailabilityManager: Calculating Rcs Availability
11-16 08:57:19.479: I/FA(21799): To enable debug logging run: adb shell setprop log.tag.FA VERBOSE
11-16 08:57:19.479: I/FA(21799): To enable faster debug mode event logging run:
11-16 08:57:19.479: I/FA(21799):   adb shell setprop debug.firebase.analytics.app com.google.android.apps.messaging
11-16 08:57:19.480: D/AndroidRuntime(22095): >>>>>> START com.android.internal.os.RuntimeInit uid 2000 <<<<<<
11-16 08:57:19.481: I/ActivityManager(1265): Killing 17412:com.google.android.apps.tips/u0a52 (adj 906): empty #17
11-16 08:57:19.483: W/libprocessgroup(1265): kill(-17412, 9) failed: No such process
11-16 08:57:19.497: I/PlacesLogger(10833): [PlaceInferenceEngine]: No beacon scan available - ignoring candidates. [CONTEXT service_id=253 ]
11-16 08:57:19.497: I/LogUtils(10833): [Places]: ?: Couldn't find platform key file. [CONTEXT service_id=253 ]
11-16 08:57:19.504: I/Zygote(736): Process 17412 exited due to signal (9)
11-16 08:57:19.518: W/FA(21799): Failed to retrieve Firebase Instance Id
11-16 08:57:19.529: W/libprocessgroup(1265): kill(-17412, 9) failed: No such process
11-16 08:57:19.529: I/libprocessgroup(1265): Successfully killed process cgroup uid 10052 pid 17412 in 46ms
11-16 08:57:19.537: I/app_process(22095): The ClassLoaderContext is a special shared library.
11-16 08:57:19.559: D/AndroidRuntime(22095): Calling main entry com.android.commands.input.Input
11-16 08:57:19.560: I/Input(22095): injectKeyEvent: KeyEvent { action=ACTION_DOWN, keyCode=KEYCODE_HOME, scanCode=0, metaState=0, flags=0x0, repeatCount=0, eventTime=2557283, downTime=2557283, deviceId=-1, source=0x101 }
11-16 08:57:19.564: I/Input(22095): injectKeyEvent: KeyEvent { action=ACTION_UP, keyCode=KEYCODE_HOME, scanCode=0, metaState=0, flags=0x0, repeatCount=0, eventTime=2557283, downTime=2557283, deviceId=-1, source=0x101 }
11-16 08:57:19.566: V/StatusBar(3659): mStatusBarWindow: com.android.systemui.statusbar.phone.StatusBarWindowView{ba2e6a2 V.ED..... ........ 0,0-1080,66} canPanelBeCollapsed(): false
11-16 08:57:19.566: I/vol.Events(3659): writeEvent dismiss_dialog volume_controller
11-16 08:57:19.567: I/ActivityManager(1265): START u0 {act=android.intent.action.MAIN cat=[android.intent.category.HOME] flg=0x10200000 cmp=com.google.android.apps.nexuslauncher/.NexusLauncherActivity (has extras)} from uid 1000
11-16 08:57:19.573: D/AndroidRuntime(22095): Shutting down VM
11-16 08:57:19.584: I/GoogleInputMethod(3640): onFinishInput() : Dummy InputConnection bound
11-16 08:57:19.584: I/GoogleInputMethod(3640): onStartInput() : Dummy InputConnection bound
11-16 08:57:19.589: D/BoundBrokerSvc(14328): onBind: Intent { act=com.google.android.mdd.service.START pkg=com.google.android.gms }
11-16 08:57:19.589: D/BoundBrokerSvc(14328): Loading bound service for intent: Intent { act=com.google.android.mdd.service.START pkg=com.google.android.gms }
11-16 08:57:19.623: I/LogUtils(10833): [Places]: ?: Couldn't find platform key file. [CONTEXT service_id=253 ]
11-16 08:57:19.635: D/BoundBrokerSvc(14328): onBind: Intent { act=com.google.android.mobstore.service.START pkg=com.google.android.gms }
11-16 08:57:19.635: D/BoundBrokerSvc(14328): Loading bound service for intent: Intent { act=com.google.android.mobstore.service.START pkg=com.google.android.gms }
11-16 08:57:19.667: W/.android.chrom(22041): JIT profile information will not be recorded: profile file does not exits.
11-16 08:57:19.674: D/BoundBrokerSvc(14328): onBind: Intent { act=com.google.android.gms.measurement.START pkg=com.google.android.gms }
11-16 08:57:19.674: D/BoundBrokerSvc(14328): Loading bound service for intent: Intent { act=com.google.android.gms.measurement.START pkg=com.google.android.gms }
11-16 08:57:19.687: I/ActivityManager(1265): START u0 {flg=0x10000000 cmp=com.google.android.apps.mtaas.backdrop/.BackdropActivity} from uid 2000
11-16 08:57:19.703: D/android.hardware.power@1.3-service.crosshatch-libperfmgr(781): LAUNCH ON
11-16 08:57:19.731: I/ActivityManager(1265): Start proc 22118:com.google.android.apps.mtaas.backdrop/u0a163 for activity com.google.android.apps.mtaas.backdrop/.BackdropActivity
11-16 08:57:19.745: E/.mtaas.backdro(22118): Not starting debugger since process cannot load the jdwp agent.
11-16 08:57:19.760: W/FA(21799): Failed to retrieve Firebase Instance Id
11-16 08:57:19.763: I/FA-SVC(14328): App measurement initialized, version: 213614
