11-16 08:57:19.777: I/ActivityManager(1265): Killing 17916:com.android.vending:instant_app_installer/u0a14 (adj 906): empty #17
11-16 08:57:19.778: W/libprocessgroup(1265): kill(-17916, 9) failed: No such process
11-16 08:57:19.788: I/ActivityManager(1265): Start proc 22137:android.process.acore/u0a42 for broadcast com.android.providers.contacts/.LocaleChangeReceiver
11-16 08:57:19.794: I/MultiDex(22118): VM with version 2.1.0 has multidex support
11-16 08:57:19.794: I/MultiDex(22118): install
11-16 08:57:19.794: I/MultiDex(22118): VM has multidex support, MultiDex support library is disabled.
11-16 08:57:19.795: E/d.process.acor(22137): Not starting debugger since process cannot load the jdwp agent.
11-16 08:57:19.798: E/libc(22118): Access denied finding property "vendor.debug.egl.profiler"
11-16 08:57:19.795: W/com.google.android.apps.mtaas.backdrop(22118): type=1400 audit(0.0:494): avc: denied { read } for comm=45474C20496E6974 name="u:object_r:vendor_default_prop:s0" dev="tmpfs" ino=19091 scontext=u:r:untrusted_app:s0:c163,c256,c512,c768 tcontext=u:object_r:vendor_default_prop:s0 tclass=file permissive=0
11-16 08:57:19.801: I/Zygote(737): Process 17916 exited due to signal (9)
11-16 08:57:19.828: W/libprocessgroup(1265): kill(-17916, 9) failed: No such process
11-16 08:57:19.828: I/libprocessgroup(1265): Successfully killed process cgroup uid 10014 pid 17916 in 50ms
11-16 08:57:19.829: D/sound_trigger_hw(761): stdev_stop_recognition:[1] Enter
11-16 08:57:19.829: D/sound_trigger_hw(761): active_state_fn:[1] handle event id 7
11-16 08:57:19.829: D/sound_trigger_hw(761): active_state_fn:[1] unhandled event
11-16 08:57:19.829: D/sound_trigger_hw(761): active_state_fn:[1] handle event id 4
11-16 08:57:19.829: D/sound_trigger_hw(761): dereg_hal_event_session: ST_EVENT_SESSION_DEREGISTER capture_handle 62 p_ses 0xee1f4000
11-16 08:57:19.829: D/sound_trigger_hw(761): stop:[1] gcs stop VA engine, size=24
11-16 08:57:19.829: D/sound_trigger_hw(761): [ 11-16 08:57:19.829   761: 3925 D/         ]
11-16 08:57:19.829: D/sound_trigger_hw(761): pktzr_send_cmd: opcode = 0x5, size = 24, token = 9
11-16 08:57:19.829: D/sound_trigger_hw(761): [ 11-16 08:57:19.832   761: 1123 D/         ]
11-16 08:57:19.829: D/sound_trigger_hw(761): ipc_resp_thread: opcode: 0x2, payload_size: 4, resp_buf size: 16
11-16 08:57:19.829: D/sound_trigger_hw(761): [ 11-16 08:57:19.832   761: 1123 D/         ]
11-16 08:57:19.829: D/sound_trigger_hw(761): pktzr_resp_cb: opcode = 0x2 size = 4 token = 9
11-16 08:57:19.829: D/sound_trigger_hw(761): [ 11-16 08:57:19.832   761: 1123 D/         ]
11-16 08:57:19.829: D/sound_trigger_hw(761): pktzr_resp_cb: token 9 matched
11-16 08:57:19.833: D/sound_trigger_hw(761): stop:[1] calling gcs_disable with handle 1
11-16 08:57:19.833: D/sound_trigger_hw(761): [ 11-16 08:57:19.833   761: 3925 E/         ]
11-16 08:57:19.833: D/sound_trigger_hw(761): __gcs_disable_update_pld: sgt_array[i] = 0x1
11-16 08:57:19.833: D/sound_trigger_hw(761): [ 11-16 08:57:19.833   761: 3925 E/         ]
11-16 08:57:19.833: D/sound_trigger_hw(761): __gcs_disable_update_pld: sgt_array[i] = 0x2
11-16 08:57:19.833: D/sound_trigger_hw(761): [ 11-16 08:57:19.833   761: 3925 D/         ]
11-16 08:57:19.833: D/sound_trigger_hw(761): pktzr_send_cmd: opcode = 0x4, size = 80, token = 10
11-16 08:57:19.839: I/BackdropActivity(22118): onCreate()
11-16 08:57:19.839: I/BackdropActivity(22118): [ 11-16 08:57:19.841   761: 1123 D/         ]
11-16 08:57:19.839: I/BackdropActivity(22118): ipc_resp_thread: opcode: 0x2, payload_size: 4, resp_buf size: 16
11-16 08:57:19.839: I/BackdropActivity(22118): [ 11-16 08:57:19.841   761: 1123 D/         ]
11-16 08:57:19.839: I/BackdropActivity(22118): pktzr_resp_cb: opcode = 0x2 size = 4 token = 10
11-16 08:57:19.839: I/BackdropActivity(22118): [ 11-16 08:57:19.841   761: 1123 D/         ]
11-16 08:57:19.839: I/BackdropActivity(22118): pktzr_resp_cb: token 10 matched
11-16 08:57:19.842: D/sound_trigger_hw(761): set_device: disable device (1) = listen-cpe-handset-mic
11-16 08:57:19.843: D/sound_trigger_hw(761): session[1]: active_state_fn ---> loaded_state_fn 
11-16 08:57:19.844: D/sound_trigger_hw(761): stdev_stop_recognition:[1] Exit status 0
11-16 08:57:19.845: I/GsaVoiceInteractionSrv(4130): Stop Hotword Recognition status: true
11-16 08:57:19.852: I/ActivityManager(1265): Activity requesting to dismiss Keyguard: ActivityRecord{c0abfe8 u0 com.google.android.apps.mtaas.backdrop/.BackdropActivity t4}
11-16 08:57:19.863: I/ContactsPerf(22137): VoicemailContentProvider.onCreate start
11-16 08:57:19.871: D/ContactsDatabaseHelper(22137): WAL enabled for contacts2.db: true
11-16 08:57:19.877: I/ContactsPerf(22137): VoicemailContentProvider.onCreate finish
11-16 08:57:19.888: I/FontLog(10833): Received query Google Sans, URI content://com.google.android.gms.fonts [CONTEXT service_id=132 ]
11-16 08:57:19.889: I/FontLog(10833): Query [Google Sans] resolved to {Google Sans, wdth 100.0, wght 400, ital 0.0, bestEffort false} [CONTEXT service_id=132 ]
11-16 08:57:19.890: I/ContactLocale(22137): AddressBook Labels [[en]]: [, A, B, C, D, E, F, G, H, I, J, K, L, M, N, O, P, Q, R, S, T, U, V, W, X, Y, Z, , , , , , , , , , , , , , , , , , , , , , , , , , , , , , , , , , , , , , , , , , , , , , , , , , , , , , , , , , , , , , , , , , , , , , , , , , , , , , , , , , , , , , , , , , , , , , , , , , , , , , , , , , , , , , , , , , , , , , , , , , , , , , , , , , , , , , , , , , , , , , , , , , , , , , , , , , , , , , , , , , , , , , , , , , , , , , , , , , , , , , , , , , , #, ]
11-16 08:57:19.895: I/FontLog(10833): Font PFD returned from cache for {Google Sans, wdth 100.0, wght 400, ital 0.0, bestEffort false} [CONTEXT service_id=132 ]
11-16 08:57:19.896: I/FontLog(10833): Fetch {Google Sans, wdth 100.0, wght 400, ital 0.0, bestEffort false} end status Status{statusCode=SUCCESS, resolution=null} [CONTEXT service_id=132 ]
11-16 08:57:19.900: D/ContactsDatabaseHelper(22137): WAL enabled for profile.db: false
11-16 08:57:19.921: I/ActivityManager(1265): Start proc 22161:com.android.sdm.plugins.sprintdm/1001 for broadcast com.android.sdm.plugins.sprintdm/.SprintDMReceiver
11-16 08:57:19.922: I/FontLog(10833): Pulling font file for id = 6, cache size = 5 [CONTEXT service_id=132 ]
11-16 08:57:19.924: E/lugins.sprintd(22161): Not starting debugger since process cannot load the jdwp agent.
11-16 08:57:19.943: I/BackdropActivity(22118): android_id: 3981940154094321438
11-16 08:57:19.945: I/ContactsProvider(22137): Locale has changed from [en_US] to [en]
11-16 08:57:19.947: I/ContactsDatabaseHelper(22137): Switching to locale [en] (ICU v60.2)
11-16 08:57:19.947: I/BackdropActivity(22118): onResume()
11-16 08:57:19.948: I/ActivityManager(1265): Activity requesting to dismiss Keyguard: ActivityRecord{c0abfe8 u0 com.google.android.apps.mtaas.backdrop/.BackdropActivity t4}
11-16 08:57:19.949: I/lugins.sprintd(22161): The ClassLoaderContext is a special shared library.
11-16 08:57:19.950: I/lugins.sprintd(22161): The ClassLoaderContext is a special shared library.
11-16 08:57:19.955: D/OpenGLRenderer(22118): Skia GL Pipeline
11-16 08:57:19.959: W/System(22118): A resource failed to call close. 
11-16 08:57:19.964: I/FTLNetworkMonitor(22118): NetworkMonitoringService was created
11-16 08:57:19.966: D/SprintDMReceiver(22161): Received intent: android.intent.action.LOCALE_CHANGED
11-16 08:57:19.969: D/SprintDMHelper(22161): simOperator: 
11-16 08:57:19.969: D/SprintDMHelper(22161): Not Sprint UICC, don't do anything.
11-16 08:57:19.971: I/ActivityManager(1265): Killing 19382:com.android.keychain/1000 (adj 906): empty #17
11-16 08:57:19.971: W/libprocessgroup(1265): kill(-19382, 9) failed: No such process
11-16 08:57:19.981: W/RenderThread(22118): type=1400 audit(0.0:495): avc: denied { read } for name="u:object_r:vendor_default_prop:s0" dev="tmpfs" ino=19091 scontext=u:r:untrusted_app:s0:c163,c256,c512,c768 tcontext=u:object_r:vendor_default_prop:s0 tclass=file permissive=0
11-16 08:57:19.981: I/Adreno(22118): QUALCOMM build                   : 3f88ca2, I42f6fe38fb
11-16 08:57:19.981: I/Adreno(22118): Build Date                       : 07/13/18
11-16 08:57:19.981: I/Adreno(22118): OpenGL ES Shader Compiler Version: EV031.24.00.00
11-16 08:57:19.981: I/Adreno(22118): Local Branch                     : 50.04
11-16 08:57:19.981: I/Adreno(22118): Remote Branch                    : 
11-16 08:57:19.981: I/Adreno(22118): Remote Branch                    : 
11-16 08:57:19.981: I/Adreno(22118): Reconstruct Branch               : 
11-16 08:57:19.981: I/Adreno(22118): Build Config                     : S P 4.0.10 AArch64
11-16 08:57:19.984: E/ExecutionCriteria(10833): Package unavailable for task: com.google.android.apps.gcs/com.google.android.flib.phenotype.services.PhenotypeExperimentCommitService{u=0 tag="PhenotypeExpCommitSvc" trigger=window{start=0s,end=30s,earliest=-2458s,latest=-2428s} requirements=[NET_ANY] attributes=[PERSISTED] scheduled=-2458s last_run=N/A exec_window_multiplier=1.0000 jid=N/A status=PENDING retries=0 client_lib=MANCHEGO_GCM-11732000} [CONTEXT service_id=218 ]
11-16 08:57:19.984: E/libc(22118): Access denied finding property "ro.vendor.graphics.memory"
11-16 08:57:19.984: I/Adreno(22118): PFP: 0x016ee170, ME: 0x00000000
11-16 08:57:19.987: I/Zygote(736): Process 19382 exited due to signal (9)
11-16 08:57:19.990: I/ConfigStore(22118): android::hardware::configstore::V1_0::ISurfaceFlingerConfigs::hasWideColorDisplay retrieved: 1
11-16 08:57:19.990: I/ConfigStore(22118): android::hardware::configstore::V1_0::ISurfaceFlingerConfigs::hasHDRDisplay retrieved: 1
11-16 08:57:19.990: I/OpenGLRenderer(22118): Initialized EGL, version 1.4
11-16 08:57:19.990: D/OpenGLRenderer(22118): Swap behavior 2
11-16 08:57:19.997: I/FTLNetworkMonitor(22118): Network Info: [type: WIFI[], state: CONNECTED/CONNECTED, reason: (unspecified), extra: (none), failover: false, available: true, roaming: false]
11-16 08:57:19.998: I/FTLNetworkMonitor(22118): Network Info: [type: WIFI[], state: CONNECTED/CONNECTED, reason: (unspecified), extra: (none), failover: false, available: true, roaming: false]
11-16 08:57:20.005: W/RenderThread(22118): type=1400 audit(0.0:496): avc: denied { read } for name="u:object_r:vendor_default_prop:s0" dev="tmpfs" ino=19091 scontext=u:r:untrusted_app:s0:c163,c256,c512,c768 tcontext=u:object_r:vendor_default_prop:s0 tclass=file permissive=0
11-16 08:57:20.007: E/libc(22118): Access denied finding property "vendor.gralloc.enable_ahardware_buffer"
11-16 08:57:20.016: W/libprocessgroup(1265): kill(-19382, 9) failed: No such process
11-16 08:57:20.016: I/libprocessgroup(1265): Successfully killed process cgroup uid 1000 pid 19382 in 45ms
11-16 08:57:20.020: I/ActivityManager(1265): Start proc 22182:com.android.vending:instant_app_installer/u0a14 for broadcast com.android.vending/com.google.android.finsky.instantapps.InstantAppsConfigChangeListener
11-16 08:57:20.022: E/t_app_installe(22182): Not starting debugger since process cannot load the jdwp agent.
11-16 08:57:20.022: I/ContactsDatabaseHelper(22137): Locale change completed in 75ms
11-16 08:57:20.023: I/ContactsDatabaseHelper(22137): Switching to locale [en] (ICU v60.2)
11-16 08:57:20.032: I/NetworkScheduler.Stats(10833): Task com.google.android.gms/com.google.android.gms.icing.proxy.IcingInternalCorporaUpdateService started execution. cause:9 exec_start_elapsed_seconds: 2557 [CONTEXT service_id=218 ]
11-16 08:57:20.040: I/NetworkScheduler.Stats(10833): Task com.google.android.gms/com.google.android.gms.phenotype.service.sync.PhenotypeConfigurator started execution. cause:9 exec_start_elapsed_seconds: 2557 [CONTEXT service_id=218 ]
11-16 08:57:20.052: I/ActivityManager(1265): Displayed com.google.android.apps.mtaas.backdrop/.BackdropActivity: +359ms
11-16 08:57:20.054: I/t_app_installe(22182): The ClassLoaderContext is a special shared library.
11-16 08:57:20.054: I/GoogleInputMethod(3640): onFinishInput() : Dummy InputConnection bound
11-16 08:57:20.055: I/GoogleInputMethod(3640): onStartInput() : Dummy InputConnection bound
11-16 08:57:20.058: D/android.hardware.power@1.3-service.crosshatch-libperfmgr(781): LAUNCH OFF
11-16 08:57:20.062: W/SurfaceFlinger(646): Attempting to set client state on removed layer: Splash Screen com.google.android.apps.mtaas.backdrop#0
11-16 08:57:20.062: W/SurfaceFlinger(646): Attempting to destroy on removed layer: Splash Screen com.google.android.apps.mtaas.backdrop#0
11-16 08:57:20.076: I/ContactsDatabaseHelper(22137): Locale change completed in 54ms
11-16 08:57:20.079: I/Finsky:instant_app_inst(22182): [2] gft.ay(5): Process created at version: 22.4.28-16 [0] [PR] 338099147
11-16 08:57:20.089: I/ContactsFTS(22137): Rebuild contact search index in 11ms, 0 contacts
11-16 08:57:20.105: I/Finsky(12765): [2] abxn.f(7): SCH: Cancelling existing jobscheduler jobs: 9004 9002 9006 9001 
11-16 08:57:20.106: I/Finsky(12765): [2] abxn.c(4): SCH: Scheduling immediate wakeup job with id: 9000
11-16 08:57:20.114: I/Finsky(12765): [2] acbc.onStartJob(3): SCH: onJobSchedulerWakeup with jobId 9000
11-16 08:57:20.115: E/ExecutionCriteria(10833): Package unavailable for task: com.google.android.apps.gcs/com.google.android.flib.phenotype.services.PhenotypeExperimentCommitService{u=0 tag="PhenotypeExpCommitSvc" trigger=window{start=0s,end=30s,earliest=-2458s,latest=-2428s} requirements=[NET_ANY] attributes=[PERSISTED] scheduled=-2458s last_run=N/A exec_window_multiplier=1.0000 jid=N/A status=PENDING retries=0 client_lib=MANCHEGO_GCM-11732000} [CONTEXT service_id=218 ]
11-16 08:57:20.116: I/Finsky(12765): [2] abwh.a(9): SCH: Scheduling fallback job with id: 9034, and delay: 43200000 ms
11-16 08:57:20.118: I/Finsky(12765): [2] abwh.b(9): SCH: Scheduling fallback in 64799999 (absolute: 67357840)
11-16 08:57:20.141: I/NetworkScheduler.Stats(10833): Task com.google.android.gms/com.google.android.gms.icing.proxy.IcingInternalCorporaUpdateService finished executing. cause:9 result: 1 elapsed_millis: 128 uptime_millis: 128 exec_start_elapsed_seconds: 2557 [CONTEXT service_id=218 ]
11-16 08:57:20.141: I/Finsky(12765): [2] abwq.handleMessage(8): SCH: DeviceState: DeviceState{currentTime=1637081840138, isCharging=true, isIdle=false, netAny=true, netNotRoaming=true, netUnmetered=true, batteryPercent=100.0}
11-16 08:57:20.149: I/Finsky(12765): [283] abzb.b(5): SCH: Jobs in database: 1-1337 3-1 12-1 24-77777777 26-1414141414 31-305419896 37-0 
11-16 08:57:20.169: E/ExecutionCriteria(10833): Package unavailable for task: com.google.android.apps.gcs/com.google.android.flib.phenotype.services.PhenotypeExperimentCommitService{u=0 tag="PhenotypeExpCommitSvc" trigger=window{start=0s,end=30s,earliest=-2458s,latest=-2428s} requirements=[NET_ANY] attributes=[PERSISTED] scheduled=-2458s last_run=N/A exec_window_multiplier=1.0000 jid=N/A status=PENDING retries=0 client_lib=MANCHEGO_GCM-11732000} [CONTEXT service_id=218 ]
11-16 08:57:20.170: E/droid.apps.doc(22216): Not starting debugger since process cannot load the jdwp agent.
11-16 08:57:20.171: I/ActivityManager(1265): Start proc 22216:com.google.android.apps.docs/u0a128 for broadcast com.google.android.apps.docs/.notification.common.NotificationChannelReceiver
11-16 08:57:20.191: I/droid.apps.doc(22216): The ClassLoaderContext is a special shared library.
11-16 08:57:20.191: I/Finsky(12765): [2] abwr.b(10): SCH: Running job: 37-0
11-16 08:57:20.194: I/Finsky(12765): [2] LanguageSplitInstallEventJob.d(5): Clear bulk acquire cache.
11-16 08:57:20.194: I/Finsky(12765): [2] ajki.a(1): Checking for new language splits.
11-16 08:57:20.195: I/Finsky(12765): [2] ajki.a(2): Updating language store, changed to [en]
11-16 08:57:20.196: I/Finsky(12765): [2] alsm.b(5): Clearing cache.
11-16 08:57:20.199: I/Finsky(12765): [292] ajjw.a(14): Existing languages: []
11-16 08:57:20.201: D/Volley(12765): [150] alsu.e: Cache cleared.
11-16 08:57:20.202: D/Volley(12765): [2] alst.e: Cache cleared.
11-16 08:57:20.202: W/System(12765): A resource failed to call end. 
11-16 08:57:20.203: I/Finsky(12765): [141] hzi.h(3): Commerce cache was cleared.
11-16 08:57:20.204: I/Finsky(12765): [2] abwq.handleMessage(68): SCH: RunningQueue size: 1, PendingQueue size: 0
11-16 08:57:20.204: I/Finsky(12765): [2] abwr.p(3): SCH: Running queue: 37-0 
11-16 08:57:20.205: D/Volley(12765): [189] alsu.e: Cache cleared.
11-16 08:57:20.208: I/Finsky(12765): [292] ajjz.a(24): Language change to [en], of which [en] are new, removed [].
11-16 08:57:20.215: I/NetworkScheduler.Stats(10833): Task com.google.android.gms/com.google.android.gms.mdisync.service.MdiSyncBackgroundTaskService started execution. cause:5 exec_start_elapsed_seconds: 2557 [CONTEXT service_id=218 ]
11-16 08:57:20.221: I/PBSessionCacheImpl(10077): Deleted sessionId[841004518400] from persistence.
11-16 08:57:20.222: I/Finsky(12765): [292] ajkf.a(16): Language store updated - wasNewLanguageAdded=true
11-16 08:57:20.225: V/SettingsProvider(1265): Notifying for 0: content://settings/system/accelerometer_rotation
11-16 08:57:20.230: I/Finsky(12765): [131] ajia.run(13): Checking for language splits...
11-16 08:57:20.235: E/ExecutionCriteria(10833): Package unavailable for task: com.google.android.apps.gcs/com.google.android.flib.phenotype.services.PhenotypeExperimentCommitService{u=0 tag="PhenotypeExpCommitSvc" trigger=window{start=0s,end=30s,earliest=-2458s,latest=-2428s} requirements=[NET_ANY] attributes=[PERSISTED] scheduled=-2458s last_run=N/A exec_window_multiplier=1.0000 jid=N/A status=PENDING retries=0 client_lib=MANCHEGO_GCM-11732000} [CONTEXT service_id=218 ]
11-16 08:57:20.269: I/MdiSyncModule(14328): Dispatching task '2_PERIODIC'...
11-16 08:57:20.270: I/MdiSyncModule(14328): Running singleton-scoped task '2 PERIODIC (2_PERIODIC)'...
11-16 08:57:20.270: W/SearchServiceCore(10077): Abort, client detached.
11-16 08:57:20.297: V/SettingsProvider(1265): Notifying for 0: content://settings/system/user_rotation
11-16 08:57:20.297: I/system_server(1265): Background concurrent copying GC freed 131248(8MB) AllocSpace objects, 146(3MB) LOS objects, 42% free, 17MB/31MB, paused 59us total 172.546ms
11-16 08:57:20.432: W/Finsky(12765): [131] fjv.c(22): For unauth, use getDfeApiNonAuthenticated() instead!
11-16 08:57:20.432: I/Finsky(12765): [131] fjv.f(2): getDfeApiOrNonauthenticated is returning unauth api
11-16 08:57:20.441: I/MdiSyncModule(14328): Singleton-scoped task '2 PERIODIC (2_PERIODIC)' finished with result '0'!
11-16 08:57:20.442: I/MdiSyncModule(14328): Task '2 PERIODIC (2_PERIODIC)' finished with result '0'!
11-16 08:57:20.446: I/NetworkScheduler.Stats(10833): Task com.google.android.gms/com.google.android.gms.mdisync.service.MdiSyncBackgroundTaskService finished executing. cause:5 result: 1 elapsed_millis: 257 uptime_millis: 257 exec_start_elapsed_seconds: 2557 [CONTEXT service_id=218 ]
11-16 08:57:20.461: E/ExecutionCriteria(10833): Package unavailable for task: com.google.android.apps.gcs/com.google.android.flib.phenotype.services.PhenotypeExperimentCommitService{u=0 tag="PhenotypeExpCommitSvc" trigger=window{start=0s,end=30s,earliest=-2458s,latest=-2428s} requirements=[NET_ANY] attributes=[PERSISTED] scheduled=-2458s last_run=N/A exec_window_multiplier=1.0000 jid=N/A status=PENDING retries=0 client_lib=MANCHEGO_GCM-11732000} [CONTEXT service_id=218 ]
11-16 08:57:20.487: I/NetworkScheduler.Stats(10833): Task com.google.android.gms/com.google.android.gms.mdisync.service.MdiSyncBackgroundTaskService started execution. cause:5 exec_start_elapsed_seconds: 2558 [CONTEXT service_id=218 ]
11-16 08:57:20.488: I/MdiSyncModule(14328): Dispatching task '3_PERIODIC'...
11-16 08:57:20.501: W/MdiSyncModule(14328): Task '3 PERIODIC (3_PERIODIC)' has no registered task handlers! [CONTEXT service_id=215 ratelimit_count=10 ]
11-16 08:57:20.504: I/NetworkScheduler.Stats(10833): Task com.google.android.gms/com.google.android.gms.mdisync.service.MdiSyncBackgroundTaskService finished executing. cause:5 result: 2 elapsed_millis: 32 uptime_millis: 32 exec_start_elapsed_seconds: 2558 [CONTEXT service_id=218 ]
11-16 08:57:20.523: E/ExecutionCriteria(10833): Package unavailable for task: com.google.android.apps.gcs/com.google.android.flib.phenotype.services.PhenotypeExperimentCommitService{u=0 tag="PhenotypeExpCommitSvc" trigger=window{start=0s,end=30s,earliest=-2458s,latest=-2428s} requirements=[NET_ANY] attributes=[PERSISTED] scheduled=-2458s last_run=N/A exec_window_multiplier=1.0000 jid=N/A status=PENDING retries=0 client_lib=MANCHEGO_GCM-11732000} [CONTEXT service_id=218 ]
11-16 08:57:20.556: I/NetworkScheduler.Stats(10833): Task com.google.android.gms/com.google.android.gms.gass.chimera.SchedulePeriodicTasksService started execution. cause:5 exec_start_elapsed_seconds: 2558 [CONTEXT service_id=218 ]
11-16 08:57:20.560: I/ctivity.metric(21586): Waiting for a blocking GC ProfileSaver
11-16 08:57:20.575: I/NetworkScheduler.Stats(10833): Task com.google.android.gms/com.google.android.gms.gass.chimera.SchedulePeriodicTasksService finished executing. cause:5 result: 1 elapsed_millis: 32 uptime_millis: 32 exec_start_elapsed_seconds: 2558 [CONTEXT service_id=218 ]
11-16 08:57:20.602: I/ActivityManager(1265): Start proc 22271:com.google.android.gms.unstable/u0a7 for service com.google.android.gms/.droidguard.DroidGuardService
11-16 08:57:20.605: E/id.gms.unstabl(22271): Not starting debugger since process cannot load the jdwp agent.
11-16 08:57:20.617: E/ExecutionCriteria(10833): Package unavailable for task: com.google.android.apps.gcs/com.google.android.flib.phenotype.services.PhenotypeExperimentCommitService{u=0 tag="PhenotypeExpCommitSvc" trigger=window{start=0s,end=30s,earliest=-2458s,latest=-2428s} requirements=[NET_ANY] attributes=[PERSISTED] scheduled=-2458s last_run=N/A exec_window_multiplier=1.0000 jid=N/A status=PENDING retries=0 client_lib=MANCHEGO_GCM-11732000} [CONTEXT service_id=218 ]
11-16 08:57:20.623: I/id.gms.unstabl(22271): The ClassLoaderContext is a special shared library.
11-16 08:57:20.623: I/tidevice.clien(21604): Waiting for a blocking GC ProfileSaver
11-16 08:57:20.624: I/id.gms.unstabl(22271): The ClassLoaderContext is a special shared library.
11-16 08:57:20.626: I/id.gms.unstabl(22271): The ClassLoaderContext is a special shared library.
11-16 08:57:20.647: W/id.gms.unstabl(22271): Unknown chunk type '200'.
11-16 08:57:20.649: I/Finsky(12765): [155] lth.l(1): Account name null when calculating account hash
11-16 08:57:20.651: I/NetworkScheduler.Stats(10833): Task com.google.android.gms/com.google.android.gms.gass.chimera.SchedulePeriodicTasksService started execution. cause:5 exec_start_elapsed_seconds: 2558 [CONTEXT service_id=218 ]
11-16 08:57:20.667: I/NetworkScheduler.Stats(10833): Task com.google.android.gms/com.google.android.gms.gass.chimera.SchedulePeriodicTasksService finished executing. cause:5 result: 1 elapsed_millis: 36 uptime_millis: 36 exec_start_elapsed_seconds: 2558 [CONTEXT service_id=218 ]
11-16 08:57:20.684: E/ExecutionCriteria(10833): Package unavailable for task: com.google.android.apps.gcs/com.google.android.flib.phenotype.services.PhenotypeExperimentCommitService{u=0 tag="PhenotypeExpCommitSvc" trigger=window{start=0s,end=30s,earliest=-2458s,latest=-2428s} requirements=[NET_ANY] attributes=[PERSISTED] scheduled=-2458s last_run=N/A exec_window_multiplier=1.0000 jid=N/A status=PENDING retries=0 client_lib=MANCHEGO_GCM-11732000} [CONTEXT service_id=218 ]
11-16 08:57:20.761: W/ProviderHelper(22271): Unknown dynamite feature providerinstaller.dynamite
11-16 08:57:20.762: I/DynamiteModule(22271): Considering local module com.google.android.gms.providerinstaller.dynamite:1 and remote module com.google.android.gms.providerinstaller.dynamite:0
11-16 08:57:20.762: I/DynamiteModule(22271): Selected local version of com.google.android.gms.providerinstaller.dynamite
11-16 08:57:20.773: V/NativeCrypto(22271): Registering com/google/android/gms/org/conscrypt/NativeCrypto's 294 native methods...
11-16 08:57:20.785: D/NetworkSecurityConfig(22271): Using Network Security Config from resource network_security_config debugBuild: false
11-16 08:57:20.786: I/ProviderInstaller(22271): Installed default security provider GmsCore_OpenSSL
11-16 08:57:20.809: I/axnn(22271): Primes not initialized, returning default (no-op) Primes instance which will ignore all calls. Please call Primes.initialize(...) before using any Primes API.
11-16 08:57:20.809: I/GMS_MM_Logger(22271): Started.
11-16 08:57:20.821: I/Watchcat(22271): Started
11-16 08:57:20.884: I/Finsky(12765): [2] ajih.kw(11): BulkDetails response obtained.
11-16 08:57:20.885: I/Finsky(12765): [2] ajja.a(21): No new splits to download.
11-16 08:57:20.886: I/Finsky(12765): [2] ajkh.run(138): Skipping check for new language splits in self-update.
11-16 08:57:20.887: I/Finsky(12765): [2] abya.n(4): SCH: jobFinished: 37-0. TimeElapsed: 696ms.
11-16 08:57:20.888: I/Finsky(12765): [2] abwr.e(4): SCH: Job 37-0 finished. Not rescheduling.
11-16 08:57:20.889: I/Finsky(12765): [2] abwq.handleMessage(68): SCH: RunningQueue size: 0, PendingQueue size: 0
11-16 08:57:20.889: I/Finsky(12765): [2] abwq.handleMessage(26): SCH: Executor finished
11-16 08:57:20.889: I/Finsky(12765): [ 11-16 08:57:20.912   863: 1432 E/         ]
11-16 08:57:20.889: I/Finsky(12765): Couldn't opendir /data/app/vmdl889431563.tmp: No such file or directory
11-16 08:57:20.912: E/installd(863): Failed to delete /data/app/vmdl889431563.tmp: No such file or directory
11-16 08:57:20.914: I/Finsky(12765): [2] abzb.b(5): SCH: Jobs in database: 1-1337 3-1 12-1 24-77777777 26-1414141414 31-305419896 
11-16 08:57:20.914: I/ActivityManager(1265): Killing 21586:com.android.connectivity.metrics/u0a57 (adj 906): empty #17
11-16 08:57:20.914: W/libprocessgroup(1265): kill(-21586, 9) failed: No such process
11-16 08:57:20.920: I/Finsky(12765): [2] abxn.d(37): SCH: ConstraintMapping: 24-77777777,  -> L: 0ms, D: 80474845ms, C: false, I: true, N: 0
11-16 08:57:20.921: I/Finsky(12765): [2] abxn.d(37): SCH: ConstraintMapping: 1-1337, 12-1, 31-305419896,  -> L: 8329ms, D: 59566536ms, C: false, I: false, N: 1
11-16 08:57:20.921: I/Finsky(12765): [2] abxn.d(37): SCH: ConstraintMapping: 3-1,  -> L: 0ms, D: 84080893ms, C: true, I: true, N: 2
11-16 08:57:20.921: I/Finsky(12765): [2] abxn.d(37): SCH: ConstraintMapping: 26-1414141414,  -> L: 40696641ms, D: 41596641ms, C: false, I: false, N: 0
11-16 08:57:20.922: I/Finsky(12765): [2] abxn.f(7): SCH: Cancelling existing jobscheduler jobs: 
11-16 08:57:20.928: I/Finsky(12765): [2] abxn.e(8): SCH: Throttling wakeup for job 9001 (expected to run in 0 ms) due to recent wakeup
11-16 08:57:20.929: I/Finsky(12765): [2] abxn.e(23): SCH: Scheduling job Id: 9001, L: 30000, D: 80474845, C: false, I: true, N: 0
11-16 08:57:20.931: I/Zygote(736): Process 21586 exited due to signal (9)
11-16 08:57:20.933: I/Finsky(12765): [2] abxn.e(8): SCH: Throttling wakeup for job 9002 (expected to run in 8329 ms) due to recent wakeup
11-16 08:57:20.934: I/Finsky(12765): [2] abxn.e(23): SCH: Scheduling job Id: 9002, L: 30000, D: 59566536, C: false, I: false, N: 1
11-16 08:57:20.941: I/Finsky(12765): [2] abxn.e(8): SCH: Throttling wakeup for job 9003 (expected to run in 0 ms) due to recent wakeup
11-16 08:57:20.942: I/Finsky(12765): [2] abxn.e(23): SCH: Scheduling job Id: 9003, L: 30000, D: 84080893, C: true, I: true, N: 2
11-16 08:57:20.945: W/BroadcastQueue(1265): Background execution not allowed: receiving Intent { act=android.intent.action.PACKAGE_ADDED dat=package:dev.androidx.ci.emptyapp flg=0x4000010 (has extras) } to com.android.musicfx/.Compatibility$Receiver
11-16 08:57:20.945: I/CarrierServices(21702): [2] RcsAutoStartReceiver.b: carrierServicesJibeServiceEnabled changed from true to true
11-16 08:57:20.945: W/BroadcastQueue(1265): Background execution not allowed: receiving Intent { act=android.intent.action.PACKAGE_ADDED dat=package:dev.androidx.ci.emptyapp flg=0x4000010 (has extras) } to com.android.vending/com.google.android.finsky.packagemanager.impl.PackageMonitorReceiverImpl$RegisteredReceiver
11-16 08:57:20.945: W/BroadcastQueue(1265): Background execution not allowed: receiving Intent { act=android.intent.action.PACKAGE_ADDED dat=package:dev.androidx.ci.emptyapp flg=0x4000010 (has extras) } to com.google.android.gms/.games.chimera.GamesSystemBroadcastReceiverProxy
11-16 08:57:20.945: W/BroadcastQueue(1265): Background execution not allowed: receiving Intent { act=android.intent.action.PACKAGE_ADDED dat=package:dev.androidx.ci.emptyapp flg=0x4000010 (has extras) } to com.google.android.gms/.gass.chimera.PackageChangeBroadcastReceiver
11-16 08:57:20.945: W/BroadcastQueue(1265): Background execution not allowed: receiving Intent { act=android.intent.action.PACKAGE_ADDED dat=package:dev.androidx.ci.emptyapp flg=0x4000010 (has extras) } to com.google.android.gms/.chimera.GmsIntentOperationService$PersistentTrustedReceiver
11-16 08:57:20.946: W/BroadcastQueue(1265): Background execution not allowed: receiving Intent { act=android.intent.action.PACKAGE_ADDED dat=package:dev.androidx.ci.emptyapp flg=0x4000010 (has extras) } to com.google.android.googlequicksearchbox/com.google.android.apps.gsa.googlequicksearchbox.GelStubAppWatcher
11-16 08:57:20.946: W/BroadcastQueue(1265): Background execution not allowed: receiving Intent { act=android.intent.action.PACKAGE_ADDED dat=package:dev.androidx.ci.emptyapp flg=0x4000010 (has extras) } to com.google.android.ims/.receivers.RcsAutoStartReceiver
11-16 08:57:20.946: I/Finsky(12765): [2] abxn.e(23): SCH: Scheduling job Id: 9004, L: 40696641, D: 41596641, C: false, I: false, N: 0
11-16 08:57:20.946: I/Telecom(1265): DefaultDialerCache: Refreshing default dialer for user 0: now com.google.android.dialer: DDC.oR@AJc
11-16 08:57:20.947: I/CarrierServices(21702): [2] RcsAutoStartReceiver.b: enableRcs changed from true to true
11-16 08:57:20.953: I/CarrierServices(21702): [2] RcsAutoStartReceiver.b: RcsAutoStartReceiver triggered. Fetching RCS State. Action: android.intent.action.PACKAGE_ADDED
11-16 08:57:20.956: W/libprocessgroup(1265): kill(-21586, 9) failed: No such process
11-16 08:57:20.956: I/libprocessgroup(1265): Successfully killed process cgroup uid 10057 pid 21586 in 42ms
11-16 08:57:20.956: I/e.process.gapp(21673): Waiting for a blocking GC ProfileSaver
11-16 08:57:20.960: I/InputReader(1265): Reconfiguring input devices.  changes=0x00000010
11-16 08:57:20.968: I/CarrierServices(21702): [2] aws.a: Migration binding to RcsMigrationService
11-16 08:57:20.969: I/Finsky(12765): [2] yeh.d(13): PackageMonitorReceiverImpl - Received: android.intent.action.PACKAGE_ADDED, [EoF1oDWmz7ltTwAYqC40Qzd9iSBp2xrh_kkvq80SvGg]
11-16 08:57:20.971: I/BugleDataModel(12352): RcsMigrationService: Returning RCS state provider.
11-16 08:57:20.972: I/Finsky(12765): [2] yfi.g(1): Invalidating cached PackageState for dev.androidx.ci.emptyapp
11-16 08:57:20.972: E/Backup(14328): [BackupTransportMigratorChimeraService] Could not migrate transport!
11-16 08:57:20.974: D/BoundBrokerSvc(14328): onUnbind: Intent { act=com.google.android.gms.auth.key.retrieval.service.START cmp=com.google.android.gms/.chimera.GmsApiService }
11-16 08:57:20.977: I/Backup(14328): [BackupTransportMigratorChimeraService] Starting migration...
11-16 08:57:20.977: V/BackupManagerConstants(1265): getFullBackupIntervalMilliseconds(...) returns 86400000
11-16 08:57:20.977: I/Finsky(12765): [2] owk.d(2): Frosting ID looked up on UI thread. Caller should move to a background thread.
11-16 08:57:20.980: D/RegisteredNfcFServicesCache(4143): Service unchanged, not updating
11-16 08:57:20.982: I/Finsky(12765): [2] amas.a(3): Do not start WearSupportService due to Wear service optimization
11-16 08:57:20.982: I/Finsky(12765): [2] amas.a(3): Do not start WearSupportService due to Wear service optimization
11-16 08:57:20.984: W/GCM(10833): Unexpected forwarded intent: Intent { act=android.intent.action.PACKAGE_ADDED dat=package:dev.androidx.ci.emptyapp flg=0x4000010 pkg=com.google.android.gms cmp=com.google.android.gms/.chimera.PersistentIntentOperationService (has extras) }
11-16 08:57:20.984: I/Finsky(12765): [2] aeak.a(8): Clearing split related stale data.
11-16 08:57:20.985: I/Finsky(12765): [283] jnw.a(15): [ContentSync] finished, scheduled=false
11-16 08:57:20.985: W/GCM(10833): Unexpected forwarded intent: Intent { act=android.intent.action.PACKAGE_ADDED dat=package:dev.androidx.ci.emptyapp flg=0x4000010 pkg=com.google.android.gms cmp=com.google.android.gms/.chimera.PersistentIntentOperationService (has extras) }
11-16 08:57:20.985: I/FontLog(10833): Package dev.androidx.ci.emptyapp has no metadata [CONTEXT service_id=132 ]
11-16 08:57:20.985: I/BugleRcsEngine(12352): [773] pot.a: Sim state is not ready. Returning last known operation mode.
11-16 08:57:20.986: I/CarrierServices(21702): [854] awt.doInBackground: Saving RCS State
11-16 08:57:20.986: I/CarrierServices(21702): [854] awt.doInBackground: Old operation mode: 0
11-16 08:57:20.986: I/CarrierServices(21702): [854] awt.doInBackground: New operation mode: 0
11-16 08:57:20.987: I/Auth(14328): [SupervisedAccountIntentOperation] onHandleIntent(): android.intent.action.PACKAGE_ADDED
11-16 08:57:20.988: I/Finsky(12765): [284] gxq.a(12): Asset module storage cleared for package dev.androidx.ci.emptyapp.
11-16 08:57:20.989: W/system_server(1265): Unknown chunk type '200'.
11-16 08:57:20.991: E/PhoneInterfaceManager(3785): [PhoneIntfMgr] getCarrierPackageNamesForIntent: No UICC
11-16 08:57:20.991: D/CarrierSvcBindHelper(3785): No carrier app for: 0
11-16 08:57:20.992: I/Finsky(12765): [2] owk.d(2): Frosting ID looked up on UI thread. Caller should move to a background thread.
11-16 08:57:20.993: D/BoundBrokerSvc(14328): onBind: Intent { act=com.google.android.gms.common.BIND_SHARED_PREFS pkg=com.google.android.gms }
11-16 08:57:20.993: D/BoundBrokerSvc(14328): Loading bound service for intent: Intent { act=com.google.android.gms.common.BIND_SHARED_PREFS pkg=com.google.android.gms }
11-16 08:57:20.994: I/CarrierServices(21702): [2] aww.a: Unbinding RcsMigrationService
11-16 08:57:20.995: E/VvmPkgInstalledRcvr(3785): cannot create TelephonyManager from ComponentInfo{com.android.phone/com.android.services.telephony.TelephonyConnectionService}, ***, UserHandle{0}
11-16 08:57:20.995: D/ImsResolver(3785): maybeAddedImsService, packageName: dev.androidx.ci.emptyapp
11-16 08:57:20.996: D/CarrierConfigLoader(3785): mHandler: 9 phoneId: 0
11-16 08:57:20.997: I/Finsky(12765): [282] ovx.run(16): Wrote row to frosting DB: 218
11-16 08:57:21.004: D/BoundBrokerSvc(14328): onUnbind: Intent { act=com.google.android.gms.common.BIND_SHARED_PREFS pkg=com.google.android.gms }
11-16 08:57:21.025: I/Finsky(12765): [282] ovx.run(16): Wrote row to frosting DB: 219
11-16 08:57:21.042: I/BlockstoreStorage(14328): Clearing Blockstore Data for package dev.androidx.ci.emptyapp [CONTEXT service_id=258 ]
11-16 08:57:21.042: I/BlockstoreStorage(14328): No metadata found. Skipping deletion. [CONTEXT service_id=258 ]
11-16 08:57:21.085: W/PackageParser(1265): Unknown element under <manifest>: queries at /data/app/vmdl1526930132.tmp/base.apk Binary XML file line #16
11-16 08:57:21.090: I/gle.android.im(21702): Waiting for a blocking GC ProfileSaver
11-16 08:57:21.092: I/GAv4(22216): Google Analytics 18.8.27 is starting up. To enable debug logging on a device run:
11-16 08:57:21.092: I/GAv4(22216):   adb shell setprop log.tag.GAv4 DEBUG
11-16 08:57:21.092: I/GAv4(22216):   adb logcat -s GAv4
11-16 08:57:21.099: I/system_server(1265): Background concurrent copying GC freed 90013(4MB) AllocSpace objects, 17(660KB) LOS objects, 42% free, 18MB/32MB, paused 331us total 188.219ms
11-16 08:57:21.138: I/.gms.persisten(10833): Background concurrent copying GC freed 171584(10MB) AllocSpace objects, 32(1116KB) LOS objects, 49% free, 14MB/28MB, paused 36us total 130.319ms
11-16 08:57:21.138: I/.gms.persisten(10833): [ 11-16 08:57:21.148   863: 1432 E/         ]
11-16 08:57:21.138: I/.gms.persisten(10833): Couldn't opendir /data/app/vmdl1526930132.tmp: No such file or directory
11-16 08:57:21.148: E/installd(863): Failed to delete /data/app/vmdl1526930132.tmp: No such file or directory
11-16 08:57:21.149: I/Icing(14328): Indexing com.google.android.gms-apps from com.google.android.gms
11-16 08:57:21.158: W/ChimeraUtils(10833): Module com.google.android.gms.nearby_en has empty metadata display_name_string_id
11-16 08:57:21.159: D/ImsResolver(3785): maybeAddedImsService, packageName: androidx.lifecycle.viewmodel.test
11-16 08:57:21.160: I/InputReader(1265): Reconfiguring input devices.  changes=0x00000010
11-16 08:57:21.160: I/Finsky(12765): [2] yeh.d(13): PackageMonitorReceiverImpl - Received: android.intent.action.PACKAGE_ADDED, [wRw5Fwokq7iiKCYTlJBrLGUYy4pmgp_QMS7v4uyqEs4]
11-16 08:57:21.161: W/BroadcastQueue(1265): Background execution not allowed: receiving Intent { act=android.intent.action.PACKAGE_ADDED dat=package:androidx.lifecycle.viewmodel.test flg=0x4000010 (has extras) } to com.android.musicfx/.Compatibility$Receiver
11-16 08:57:21.161: I/Finsky(12765): [2] yfi.g(1): Invalidating cached PackageState for androidx.lifecycle.viewmodel.test
11-16 08:57:21.163: I/CarrierServices(21702): [2] RcsAutoStartReceiver.b: carrierServicesJibeServiceEnabled changed from true to true
11-16 08:57:21.165: I/CarrierServices(21702): [2] RcsAutoStartReceiver.b: enableRcs changed from true to true
11-16 08:57:21.166: I/CarrierServices(21702): [2] RcsAutoStartReceiver.b: RcsAutoStartReceiver triggered. Fetching RCS State. Action: android.intent.action.PACKAGE_ADDED
11-16 08:57:21.167: I/Finsky(12765): [2] owk.d(2): Frosting ID looked up on UI thread. Caller should move to a background thread.
11-16 08:57:21.168: W/BroadcastQueue(1265): Background execution not allowed: receiving Intent { act=android.intent.action.PACKAGE_ADDED dat=package:androidx.lifecycle.viewmodel.test flg=0x4000010 (has extras) } to com.android.vending/com.google.android.finsky.packagemanager.impl.PackageMonitorReceiverImpl$RegisteredReceiver
11-16 08:57:21.168: W/BroadcastQueue(1265): Background execution not allowed: receiving Intent { act=android.intent.action.PACKAGE_ADDED dat=package:androidx.lifecycle.viewmodel.test flg=0x4000010 (has extras) } to com.google.android.gms/.games.chimera.GamesSystemBroadcastReceiverProxy
11-16 08:57:21.168: W/BroadcastQueue(1265): Background execution not allowed: receiving Intent { act=android.intent.action.PACKAGE_ADDED dat=package:androidx.lifecycle.viewmodel.test flg=0x4000010 (has extras) } to com.google.android.gms/.gass.chimera.PackageChangeBroadcastReceiver
11-16 08:57:21.170: W/BroadcastQueue(1265): Background execution not allowed: receiving Intent { act=android.intent.action.PACKAGE_ADDED dat=package:androidx.lifecycle.viewmodel.test flg=0x4000010 (has extras) } to com.google.android.gms/.chimera.GmsIntentOperationService$PersistentTrustedReceiver
11-16 08:57:21.170: W/BroadcastQueue(1265): Background execution not allowed: receiving Intent { act=android.intent.action.PACKAGE_ADDED dat=package:androidx.lifecycle.viewmodel.test flg=0x4000010 (has extras) } to com.google.android.googlequicksearchbox/com.google.android.apps.gsa.googlequicksearchbox.GelStubAppWatcher
11-16 08:57:21.171: I/CarrierServices(21702): [2] aws.a: Migration binding to RcsMigrationService
11-16 08:57:21.171: W/BroadcastQueue(1265): Background execution not allowed: receiving Intent { act=android.intent.action.PACKAGE_ADDED dat=package:androidx.lifecycle.viewmodel.test flg=0x4000010 (has extras) } to com.google.android.ims/.receivers.RcsAutoStartReceiver
11-16 08:57:21.172: I/Telecom(1265): DefaultDialerCache: Refreshing default dialer for user 0: now com.google.android.dialer: DDC.oR@AJs
11-16 08:57:21.173: I/Finsky(12765): [282] ovx.run(16): Wrote row to frosting DB: 220
11-16 08:57:21.174: I/Finsky(12765): [283] jnw.a(15): [ContentSync] finished, scheduled=false
11-16 08:57:21.176: W/ChimeraUtils(10833): Module com.google.android.gms.nearby_en has empty metadata display_name_string_id
11-16 08:57:21.181: I/BugleDataModel(12352): RcsMigrationService: Returning RCS state provider.
11-16 08:57:21.182: I/Finsky(12765): [2] amas.a(3): Do not start WearSupportService due to Wear service optimization
11-16 08:57:21.183: I/Finsky(12765): [2] amas.a(3): Do not start WearSupportService due to Wear service optimization
11-16 08:57:21.184: I/Finsky(12765): [2] aeak.a(8): Clearing split related stale data.
11-16 08:57:21.185: I/Finsky(12765): [284] gxq.a(12): Asset module storage cleared for package androidx.lifecycle.viewmodel.test.
11-16 08:57:21.189: W/ChimeraUtils(10833): Module com.google.android.gms.nearby_en has empty metadata display_name_string_id
11-16 08:57:21.190: I/BugleRcsEngine(12352): [773] pot.a: Sim state is not ready. Returning last known operation mode.
11-16 08:57:21.191: I/Finsky(12765): [2] owk.d(2): Frosting ID looked up on UI thread. Caller should move to a background thread.
11-16 08:57:21.191: I/CarrierServices(21702): [855] awt.doInBackground: Saving RCS State
11-16 08:57:21.192: I/CarrierServices(21702): [855] awt.doInBackground: Old operation mode: 0
11-16 08:57:21.192: I/Icing(14328): Indexing done com.google.android.gms-apps
11-16 08:57:21.193: W/GAv4(22216): CampaignTrackingReceiver is not registered, not exported or is disabled. Installation campaign tracking is not possible. See http://goo.gl/8Rd3yj for instructions.
11-16 08:57:21.195: D/RegisteredNfcFServicesCache(4143): Service unchanged, not updating
11-16 08:57:21.196: I/CarrierServices(21702): [855] awt.doInBackground: New operation mode: 0
11-16 08:57:21.196: V/BackupManagerConstants(1265): getFullBackupIntervalMilliseconds(...) returns 86400000
11-16 08:57:21.196: I/CarrierServices(21702): [2] aww.a: Unbinding RcsMigrationService
11-16 08:57:21.198: I/Finsky(12765): [282] ovx.run(16): Wrote row to frosting DB: 221
11-16 08:57:21.201: E/PhoneInterfaceManager(3785): [PhoneIntfMgr] getCarrierPackageNamesForIntent: No UICC
11-16 08:57:21.201: D/CarrierSvcBindHelper(3785): No carrier app for: 0
11-16 08:57:21.205: E/VvmPkgInstalledRcvr(3785): cannot create TelephonyManager from ComponentInfo{com.android.phone/com.android.services.telephony.TelephonyConnectionService}, ***, UserHandle{0}
11-16 08:57:21.205: D/CarrierConfigLoader(3785): mHandler: 9 phoneId: 0
11-16 08:57:21.210: I/Auth(14328): [SupervisedAccountIntentOperation] onHandleIntent(): android.intent.action.PACKAGE_ADDED
11-16 08:57:21.212: D/BoundBrokerSvc(14328): onBind: Intent { act=com.google.android.gms.common.BIND_SHARED_PREFS pkg=com.google.android.gms }
11-16 08:57:21.212: D/BoundBrokerSvc(14328): Loading bound service for intent: Intent { act=com.google.android.gms.common.BIND_SHARED_PREFS pkg=com.google.android.gms }
11-16 08:57:21.212: I/BlockstoreStorage(14328): Clearing Blockstore Data for package androidx.lifecycle.viewmodel.test [CONTEXT service_id=258 ]
11-16 08:57:21.213: W/GCM(10833): Unexpected forwarded intent: Intent { act=android.intent.action.PACKAGE_ADDED dat=package:androidx.lifecycle.viewmodel.test flg=0x4000010 pkg=com.google.android.gms cmp=com.google.android.gms/.chimera.PersistentIntentOperationService (has extras) }
11-16 08:57:21.213: I/FontLog(10833): Package androidx.lifecycle.viewmodel.test has no metadata [CONTEXT service_id=132 ]
11-16 08:57:21.214: I/BlockstoreStorage(14328): No metadata found. Skipping deletion. [CONTEXT service_id=258 ]
11-16 08:57:21.216: D/BoundBrokerSvc(14328): onUnbind: Intent { act=com.google.android.gms.common.BIND_SHARED_PREFS pkg=com.google.android.gms }
11-16 08:57:21.219: W/GCM(10833): Unexpected forwarded intent: Intent { act=android.intent.action.PACKAGE_ADDED dat=package:androidx.lifecycle.viewmodel.test flg=0x4000010 pkg=com.google.android.gms cmp=com.google.android.gms/.chimera.PersistentIntentOperationService (has extras) }
11-16 08:57:21.241: I/akia(10833): Removed 0 invalid users [CONTEXT service_id=51 ]
11-16 08:57:21.241: I/Icing(14328): Indexing com.google.android.gms-apps from com.google.android.gms
11-16 08:57:21.244: I/Icing(14328): Indexing done com.google.android.gms-apps
11-16 08:57:21.245: W/ChimeraUtils(10833): Module com.google.android.gms.nearby_en has empty metadata display_name_string_id
11-16 08:57:21.250: I/chatty(10833): uid=10007(com.google.android.gms) highpool[0] identical 1 line
11-16 08:57:21.250: W/ChimeraUtils(10833): Module com.google.android.gms.nearby_en has empty metadata display_name_string_id
11-16 08:57:21.265: I/system_server(1265): Waiting for a blocking GC Explicit
11-16 08:57:21.266: I/system_server(1265): Background concurrent copying GC freed 51892(2MB) AllocSpace objects, 20(912KB) LOS objects, 42% free, 18MB/32MB, paused 76us total 117.514ms
11-16 08:57:21.278: W/PrimesInit(22216): Primes instant initialization
11-16 08:57:21.279: W/Primes(22216): background initialization
11-16 08:57:21.324: W/FieldDefinition(22216): [main] Ignoring isIndexed constraint as field also has uniqueness constraint (on just this field, and therefore SQLite will have to create an index on that. For field: cxk$b@6979f84
11-16 08:57:21.359: I/system_server(1265): Explicit concurrent copying GC freed 35863(2MB) AllocSpace objects, 13(452KB) LOS objects, 42% free, 15MB/27MB, paused 54us total 93.013ms
11-16 08:57:21.362: D/BoundBrokerSvc(10833): onUnbind: Intent { act=com.google.android.gms.common.telemetry.service.START pkg=com.google.android.gms cmp=com.google.android.gms/.chimera.PersistentApiService }
11-16 08:57:21.394: I/id.gms.unstabl(22271): The ClassLoaderContext is a special shared library.
11-16 08:57:21.510: W/ComponentDiscovery(22216): Application info not found.
11-16 08:57:21.510: W/ComponentDiscovery(22216): Could not retrieve metadata, returning empty list of registrars.
11-16 08:57:21.526: I/ActivityManager(1265): Killing 21604:com.google.android.apps.multidevice.client/u0a72 (adj 906): empty #17
11-16 08:57:21.526: W/libprocessgroup(1265): kill(-21604, 9) failed: No such process
11-16 08:57:21.538: I/ActivityManager(1265): Start proc 22386:com.google.android.apps.maps/u0a102 for broadcast com.google.android.apps.maps/com.google.android.apps.gmm.notification.channels.NotificationChannelBroadcastReceiver
11-16 08:57:21.540: E/droid.apps.map(22386): Not starting debugger since process cannot load the jdwp agent.
11-16 08:57:21.545: W/libprocessgroup(1265): kill(-21604, 9) failed: No such process
11-16 08:57:21.546: I/Zygote(736): Process 21604 exited due to signal (9)
11-16 08:57:21.555: D/BoundBrokerSvc(14328): onBind: Intent { act=com.google.android.gms.checkin.START pkg=com.google.android.gms }
11-16 08:57:21.555: D/BoundBrokerSvc(14328): Loading bound service for intent: Intent { act=com.google.android.gms.checkin.START pkg=com.google.android.gms }
11-16 08:57:21.562: I/droid.apps.map(22386): The ClassLoaderContext is a special shared library.
11-16 08:57:21.563: D/AndroidRuntime(22378): >>>>>> START com.android.internal.os.RuntimeInit uid 2000 <<<<<<
11-16 08:57:21.590: W/libprocessgroup(1265): kill(-21604, 9) failed: No such process
11-16 08:57:21.590: I/libprocessgroup(1265): Successfully killed process cgroup uid 10072 pid 21604 in 63ms
11-16 08:57:21.616: I/app_process(22378): The ClassLoaderContext is a special shared library.
11-16 08:57:21.628: E/libc(22271): Access denied finding property "vendor.debug.egl.profiler"
11-16 08:57:21.625: W/Binder:22271_3(22271): type=1400 audit(0.0:497): avc: denied { read } for name="u:object_r:vendor_default_prop:s0" dev="tmpfs" ino=19091 scontext=u:r:priv_app:s0:c512,c768 tcontext=u:object_r:vendor_default_prop:s0 tclass=file permissive=0
11-16 08:57:21.628: I/Adreno(22271): QUALCOMM build                   : 3f88ca2, I42f6fe38fb
11-16 08:57:21.628: I/Adreno(22271): Build Date                       : 07/13/18
11-16 08:57:21.628: I/Adreno(22271): OpenGL ES Shader Compiler Version: EV031.24.00.00
11-16 08:57:21.628: I/Adreno(22271): Local Branch                     : 50.04
11-16 08:57:21.628: I/Adreno(22271): Remote Branch                    : 
11-16 08:57:21.628: I/Adreno(22271): Remote Branch                    : 
11-16 08:57:21.628: I/Adreno(22271): Reconstruct Branch               : 
11-16 08:57:21.628: I/Adreno(22271): Build Config                     : S P 4.0.10 AArch64
11-16 08:57:21.630: E/libc(22271): Access denied finding property "ro.vendor.graphics.memory"
11-16 08:57:21.628: W/Binder:22271_3(22271): type=1400 audit(0.0:498): avc: denied { read } for name="u:object_r:vendor_default_prop:s0" dev="tmpfs" ino=19091 scontext=u:r:priv_app:s0:c512,c768 tcontext=u:object_r:vendor_default_prop:s0 tclass=file permissive=0
11-16 08:57:21.630: I/Adreno(22271): PFP: 0x016ee170, ME: 0x00000000
11-16 08:57:21.633: I/ConfigStore(22271): android::hardware::configstore::V1_0::ISurfaceFlingerConfigs::hasWideColorDisplay retrieved: 1
11-16 08:57:21.633: I/ConfigStore(22271): android::hardware::configstore::V1_0::ISurfaceFlingerConfigs::hasHDRDisplay retrieved: 1
11-16 08:57:21.639: D/AndroidRuntime(22378): Calling main entry com.android.commands.am.Am
11-16 08:57:21.643: I/ActivityManager(1265): Force stopping com.google.android.apps.mtaas.tools appid=10156 user=0: start instr
11-16 08:57:21.663: I/ActivityManager(1265): Start proc 22410:com.google.android.apps.mtaas.tools/u0a156 for added application com.google.android.apps.mtaas.tools
11-16 08:57:21.664: E/pps.mtaas.tool(22410): Not starting debugger since process cannot load the jdwp agent.
11-16 08:57:21.672: I/Adreno(22271): QUALCOMM build                   : 3f88ca2, I42f6fe38fb
11-16 08:57:21.672: I/Adreno(22271): Build Date                       : 07/13/18
11-16 08:57:21.672: I/Adreno(22271): OpenGL ES Shader Compiler Version: EV031.24.00.00
11-16 08:57:21.672: I/Adreno(22271): Local Branch                     : 50.04
11-16 08:57:21.672: I/Adreno(22271): Remote Branch                    : 
11-16 08:57:21.672: I/Adreno(22271): Remote Branch                    : 
