11-16 08:57:28.580: I/BaseStore(23091): Store database version: 146
11-16 08:57:28.606: I/Icing(14328): IndexChimeraService.getServiceInterface callingPackage=com.google.android.gms componentName=AppsCorpus serviceId=32
11-16 08:57:28.646: I/NearbyMessages(10833): OfflineCache: old scanner cache is not enabled [CONTEXT service_id=62 ]
11-16 08:57:28.658: I/PlaybackClient(23091): init: Initializing
11-16 08:57:28.673: I/Icing(14328): Query from package: com.google.android.gms, component: AppsCorpus, restrict package: com.google.android.gms, start: 0, num: 100
11-16 08:57:28.674: D/ConnectivityService(1265): Returning BLOCKED NetworkInfo to uid=10075
11-16 08:57:28.726: D/MusicLifecycle(23091): com.google.android.music.notifications.NotificationChannelInitializationBroadcastReceiver generated event: Broadcast received with context android.app.ReceiverRestrictedContext@8c6e8aa and intent Intent { act=android.intent.action.LOCALE_CHANGED flg=0x11200010 cmp=com.google.android.music/.notifications.NotificationChannelInitializationBroadcastReceiver }
11-16 08:57:28.730: W/WearableService(10833): onGetService: Wear is not available on this device.
11-16 08:57:28.731: D/MusicLifecycle(23091): com.google.android.music.net.NetworkConnectivityMonitor$NetworkChangedReceiver generated event: Broadcast received with context com.google.android.music.ui.PhoneMusicApplication@dc7153b and intent Intent { act=android.net.conn.CONNECTIVITY_CHANGE flg=0x4200010 (has extras) }
11-16 08:57:28.732: I/NetworkConnectivity(23091): Network state changed: [type: WIFI[], state: DISCONNECTED/BLOCKED, reason: (unspecified), extra: (none), failover: false, available: true, roaming: false]
11-16 08:57:28.739: D/MusicLifecycle(23091): com.google.android.music.download.EncapsulatedBroadcastReceiver$1 generated event: Broadcast received with context com.google.android.music.ui.PhoneMusicApplication@dc7153b and intent Intent { act=com.google.android.music.ResumeStorageMigration flg=0x10 (has extras) }
11-16 08:57:28.741: D/MusicLifecycle(23091): com.google.android.music.download.artwork.ArtDownloadService generated event: Service created
11-16 08:57:28.746: I/ActivityManager(1265): Start proc 23191:com.google.android.youtube/u0a80 for broadcast com.google.android.youtube/com.google.android.apps.youtube.app.application.system.LocaleUpdatedReceiver
11-16 08:57:28.761: E/android.youtub(23191): Not starting debugger since process cannot load the jdwp agent.
11-16 08:57:28.778: D/MusicLifecycle(23091): com.google.android.music.download.EncapsulatedBroadcastReceiver$1 generated event: Broadcast received with context com.google.android.music.ui.PhoneMusicApplication@dc7153b and intent Intent { act=com.google.android.music.download.keepon.KeeponSchedulingService.START_DOWNLOAD flg=0x10 }
11-16 08:57:28.781: I/android.youtub(23191): The ClassLoaderContext is a special shared library.
11-16 08:57:28.782: I/ActivityManager(1265): Killing 22182:com.android.vending:instant_app_installer/u0a14 (adj 906): empty #17
11-16 08:57:28.783: W/libprocessgroup(1265): kill(-22182, 9) failed: No such process
11-16 08:57:28.788: I/NearbyDiscovery(10833): Show notifications: 0 total, no changes since last shown, no-op. [CONTEXT service_id=49 ]
11-16 08:57:28.789: I/NearbyDiscovery(10833): FastPairHandler: Received action android.net.wifi.STATE_CHANGE [CONTEXT service_id=49 ]
11-16 08:57:28.793: W/AdvertisingIdClient(23091): Error while reading from SharedPreferences 
11-16 08:57:28.793: W/AdvertisingIdClient(23091): java.lang.SecurityException: MODE_WORLD_READABLE no longer supported
11-16 08:57:28.793: W/AdvertisingIdClient(23091): 	at android.app.ContextImpl.checkMode(ContextImpl.java:2495)
11-16 08:57:28.793: W/AdvertisingIdClient(23091): 	at android.app.ContextImpl.getSharedPreferences(ContextImpl.java:414)
11-16 08:57:28.793: W/AdvertisingIdClient(23091): 	at android.app.ContextImpl.getSharedPreferences(ContextImpl.java:404)
11-16 08:57:28.793: W/AdvertisingIdClient(23091): 	at com.google.android.gms.ads.identifier.AdvertisingIdClient.getAdvertisingIdInfo(Unknown Source:12)
11-16 08:57:28.793: W/AdvertisingIdClient(23091): 	at com.google.android.music.preferences.MusicPreferences.getAdvertisingIdInfo(MusicPreferences.java:2476)
11-16 08:57:28.793: W/AdvertisingIdClient(23091): 	at com.google.android.music.preferences.MusicPreferences.access$1000(MusicPreferences.java:83)
11-16 08:57:28.793: W/AdvertisingIdClient(23091): 	at com.google.android.music.preferences.MusicPreferences$7.run(MusicPreferences.java:2457)
11-16 08:57:28.793: W/AdvertisingIdClient(23091): 	at com.google.android.music.utils.async.TraceableRunnable.runLogged(TraceableRunnable.java:21)
11-16 08:57:28.793: W/AdvertisingIdClient(23091): 	at com.google.android.music.utils.async.LoggedRunnable.run(LoggedRunnable.java:30)
11-16 08:57:28.793: W/AdvertisingIdClient(23091): 	at android.os.Handler.handleCallback(Handler.java:873)
11-16 08:57:28.793: W/AdvertisingIdClient(23091): 	at android.os.Handler.dispatchMessage(Handler.java:99)
11-16 08:57:28.793: W/AdvertisingIdClient(23091): 	at com.google.android.music.utils.LoggableHandler.dispatchMessage(LoggableHandler.java:74)
11-16 08:57:28.793: W/AdvertisingIdClient(23091): 	at android.os.Looper.loop(Looper.java:193)
11-16 08:57:28.793: W/AdvertisingIdClient(23091): 	at android.os.HandlerThread.run(HandlerThread.java:65)
11-16 08:57:28.800: I/NearbyDiscovery(10833): FastPairHandler: Received action android.net.conn.CONNECTIVITY_CHANGE [CONTEXT service_id=49 ]
11-16 08:57:28.804: D/AwarenessRouter(23091): 0 new fences
11-16 08:57:28.811: I/Zygote(737): Process 22182 exited due to signal (9)
11-16 08:57:28.815: D/AwarenessRouter(23091): 0 fences already registered
11-16 08:57:28.826: D/AwarenessRouter(23091): Successfully removed 0 context fences
11-16 08:57:28.827: W/libprocessgroup(1265): kill(-22182, 9) failed: No such process
11-16 08:57:28.827: I/libprocessgroup(1265): Successfully killed process cgroup uid 10014 pid 22182 in 44ms
11-16 08:57:28.847: W/YT(23191): Last known version:13.23.60
11-16 08:57:28.872: I/ActivityManager(1265): Killing 21887:com.google.android.gms.ui/u0a7 (adj 906): empty #17
11-16 08:57:28.872: W/libprocessgroup(1265): kill(-21887, 9) failed: No such process
11-16 08:57:28.874: W/Icing(14328): No valid account for uploading user actions
11-16 08:57:28.889: W/libprocessgroup(1265): kill(-21887, 9) failed: No such process
11-16 08:57:28.889: I/Icing(14328): IndexChimeraService.getServiceInterface callingPackage=com.google.android.gms componentName=null serviceId=30
11-16 08:57:28.891: I/Zygote(736): Process 21887 exited due to signal (9)
11-16 08:57:28.901: W/YouTube(23191): Fetching the Gservices key 'failsafe_clear_cache_release_13_02' before the end of the bulk initialization
11-16 08:57:28.930: I/Icing(14328): Usage reports ok 2, Failed Usage reports 0, indexed 0, rejected 0
11-16 08:57:28.933: W/libprocessgroup(1265): kill(-21887, 9) failed: No such process
11-16 08:57:28.933: I/libprocessgroup(1265): Successfully killed process cgroup uid 10007 pid 21887 in 60ms
11-16 08:57:28.941: W/Icing(14328): No valid account for uploading user actions
11-16 08:57:28.945: I/Icing(14328): Usage reports ok 0, Failed Usage reports 0, indexed 0, rejected 0
11-16 08:57:28.948: I/Icing(14328): Indexing com.google.android.gms-apps from com.google.android.gms
11-16 08:57:28.954: E/android.youtub(23191): The String#value field is not present on Android versions >= 6.0
11-16 08:57:28.974: E/YouTube(23191): flushBinderConnectionCallbacks is unverified on SDK 28
11-16 08:57:29.013: W/android.youtub(23191): Unknown chunk type '200'.
11-16 08:57:29.038: D/ConnectivityService(1265): Returning BLOCKED NetworkInfo to uid=10080
11-16 08:57:29.040: I/Icing(14328): Indexing done com.google.android.gms-apps
11-16 08:57:29.048: I/android.youtub(23191): The ClassLoaderContext is a special shared library.
11-16 08:57:29.051: I/chatty(23191): uid=10080(com.google.android.youtube) initCrit2-2 identical 1 line
11-16 08:57:29.054: I/android.youtub(23191): The ClassLoaderContext is a special shared library.
11-16 08:57:29.071: D/TestExecutor(23043): Adding listener androidx.test.internal.runner.listener.LogRunListener
11-16 08:57:29.071: D/TestExecutor(23043): Adding listener androidx.test.internal.runner.listener.InstrumentationResultPrinter
11-16 08:57:29.071: D/TestExecutor(23043): Adding listener androidx.test.internal.runner.listener.ActivityFinisherRunListener
11-16 08:57:29.075: I/TestRunner(23043): run started: 9 tests
11-16 08:57:29.077: I/TestRunner(23043): started: testEmptyConstructorAndEmptyExtras(androidx.lifecycle.AndroidViewModelFactoryTest)
11-16 08:57:29.081: I/TestRunner(23043): finished: testEmptyConstructorAndEmptyExtras(androidx.lifecycle.AndroidViewModelFactoryTest)
11-16 08:57:29.081: W/SearchServiceCore(10077): Abort, client detached.
11-16 08:57:29.082: W/SearchServiceCore(10077): Abort, client detached.
11-16 08:57:29.085: I/TestRunner(23043): started: testAppConstructorAndEmptyExtras(androidx.lifecycle.AndroidViewModelFactoryTest)
11-16 08:57:29.091: I/TestRunner(23043): finished: testAppConstructorAndEmptyExtras(androidx.lifecycle.AndroidViewModelFactoryTest)
11-16 08:57:29.096: I/TestRunner(23043): started: testAppConstructorAndNoExtras(androidx.lifecycle.AndroidViewModelFactoryTest)
11-16 08:57:29.098: I/TestRunner(23043): finished: testAppConstructorAndNoExtras(androidx.lifecycle.AndroidViewModelFactoryTest)
11-16 08:57:29.101: I/TestRunner(23043): started: testEmptyConstructorAndExtras(androidx.lifecycle.AndroidViewModelFactoryTest)
11-16 08:57:29.103: I/TestRunner(23043): finished: testEmptyConstructorAndExtras(androidx.lifecycle.AndroidViewModelFactoryTest)
11-16 08:57:29.106: I/TestRunner(23043): started: testEmptyConstructorAndNoExtras(androidx.lifecycle.AndroidViewModelFactoryTest)
11-16 08:57:29.107: I/TestRunner(23043): finished: testEmptyConstructorAndNoExtras(androidx.lifecycle.AndroidViewModelFactoryTest)
11-16 08:57:29.109: W/android.youtub(23191): Unsupported class loader
11-16 08:57:29.111: I/TestRunner(23043): started: getAncestorOwner(androidx.lifecycle.ViewTreeViewModelStoreOwnerTest)
11-16 08:57:29.111: W/android.youtub(23191): Skipping duplicate class check due to unsupported classloader
11-16 08:57:29.117: I/TestRunner(23043): finished: getAncestorOwner(androidx.lifecycle.ViewTreeViewModelStoreOwnerTest)
11-16 08:57:29.119: I/TestRunner(23043): started: setFindsSameView(androidx.lifecycle.ViewTreeViewModelStoreOwnerTest)
11-16 08:57:29.120: E/ExecutionCriteria(10833): Package unavailable for task: com.google.android.apps.gcs/com.google.android.flib.phenotype.services.PhenotypeExperimentCommitService{u=0 tag="PhenotypeExpCommitSvc" trigger=window{start=0s,end=30s,earliest=-2467s,latest=-2437s} requirements=[NET_ANY] attributes=[PERSISTED] scheduled=-2467s last_run=N/A exec_window_multiplier=1.0000 jid=N/A status=PENDING retries=0 client_lib=MANCHEGO_GCM-11732000} [CONTEXT service_id=218 ]
11-16 08:57:29.120: E/YouTube(23191): Failed delayed event dispatch, no dispatchers.
11-16 08:57:29.121: I/TestRunner(23043): finished: setFindsSameView(androidx.lifecycle.ViewTreeViewModelStoreOwnerTest)
11-16 08:57:29.124: I/TestRunner(23043): started: shadowedOwner(androidx.lifecycle.ViewTreeViewModelStoreOwnerTest)
11-16 08:57:29.126: I/TestRunner(23043): finished: shadowedOwner(androidx.lifecycle.ViewTreeViewModelStoreOwnerTest)
11-16 08:57:29.129: I/DynamiteModule(23191): Considering local module com.google.android.gms.ads.dynamite:0 and remote module com.google.android.gms.ads.dynamite:213806100
11-16 08:57:29.129: I/DynamiteModule(23191): Selected remote version of com.google.android.gms.ads.dynamite, version >= 213806100
11-16 08:57:29.130: I/TestRunner(23043): started: setGetSameView(androidx.lifecycle.ViewTreeViewModelStoreOwnerTest)
11-16 08:57:29.132: I/TestRunner(23043): finished: setGetSameView(androidx.lifecycle.ViewTreeViewModelStoreOwnerTest)
11-16 08:57:29.134: I/TestRunner(23043): run finished: 9 tests, 0 failed, 0 ignored
11-16 08:57:29.138: I/MonitoringInstr(23043): waitForActivitiesToComplete() took: 0ms
11-16 08:57:29.139: I/ActivityManager(1265): Force stopping androidx.lifecycle.viewmodel.test appid=10172 user=0: finished inst
11-16 08:57:29.139: I/ActivityManager(1265): Killing 23043:androidx.lifecycle.viewmodel.test/u0a172 (adj 0): stop androidx.lifecycle.viewmodel.test
11-16 08:57:29.139: W/Binder(1265): Outgoing transactions from this process must be FLAG_ONEWAY
11-16 08:57:29.139: W/Binder(1265): java.lang.Throwable
11-16 08:57:29.139: W/Binder(1265): 	at android.os.BinderProxy.transact(Binder.java:1116)
11-16 08:57:29.139: W/Binder(1265): 	at android.app.IInstrumentationWatcher$Stub$Proxy.instrumentationFinished(IInstrumentationWatcher.java:164)
11-16 08:57:29.139: W/Binder(1265): 	at com.android.server.am.InstrumentationReporter$MyThread.run(InstrumentationReporter.java:86)
11-16 08:57:29.139: W/libprocessgroup(1265): kill(-23043, 9) failed: No such process
11-16 08:57:29.140: D/AndroidRuntime(23020): Shutting down VM
11-16 08:57:29.149: I/Zygote(736): Process 23043 exited due to signal (9)
11-16 08:57:29.154: W/libprocessgroup(1265): kill(-23043, 9) failed: No such process
11-16 08:57:29.154: I/libprocessgroup(1265): Successfully killed process cgroup uid 10172 pid 23043 in 14ms
11-16 08:57:29.159: I/NetworkScheduler.Stats(10833): Task com.google.android.inputmethod.latin/ started execution. cause:7 exec_start_elapsed_seconds: 2566 [CONTEXT service_id=218 ]
11-16 08:57:29.166: I/FirebaseJobDispatcher(3640): onStartJob(): DefaultStickerUpdate.
11-16 08:57:29.166: I/DefaultStickerUpdate(3640): Submitted task to executor service with data=DefaultStickerTaskData{enabled=true, metadataUriPrefix=https://www.gstatic.com/android/keyboard/stickers/configs/v5/, supportedLanguage=en}
11-16 08:57:29.173: W/android.youtub(23191): Unknown chunk type '200'.
11-16 08:57:29.180: D/NetworkSecurityConfig(3640): No Network Security Config specified, using platform default
11-16 08:57:29.185: I/DefaultStickerUpdate(3640): Started update task with DefaultStickerTaskData{enabled=true, metadataUriPrefix=https://www.gstatic.com/android/keyboard/stickers/configs/v5/, supportedLanguage=en}
11-16 08:57:29.197: W/android.youtub(23191): Unsupported class loader
11-16 08:57:29.197: I/DefaultStickerUpdate(3640): Read metadata file from cache with 267141 bytes
11-16 08:57:29.209: I/CrashMetricService(23191): Startup metric for 'PRIMES_CRASH_MONITORING_INITIALIZED' dropped.
11-16 08:57:29.218: W/android.youtub(23191): Skipping duplicate class check due to unsupported classloader
11-16 08:57:29.220: I/droid.apps.tip(22623): Waiting for a blocking GC ProfileSaver
11-16 08:57:29.226: I/droid.apps.tip(22623): WaitForGcToComplete blocked ProfileSaver on HeapTrim for 6.267ms
11-16 08:57:29.263: I/ActivityManager(1265): Killing 22216:com.google.android.apps.docs/u0a128 (adj 906): empty #17
11-16 08:57:29.263: W/libprocessgroup(1265): kill(-22216, 9) failed: No such process
11-16 08:57:29.271: E/ExecutionCriteria(10833): Package unavailable for task: com.google.android.apps.gcs/com.google.android.flib.phenotype.services.PhenotypeExperimentCommitService{u=0 tag="PhenotypeExpCommitSvc" trigger=window{start=0s,end=30s,earliest=-2467s,latest=-2437s} requirements=[NET_ANY] attributes=[PERSISTED] scheduled=-2467s last_run=N/A exec_window_multiplier=1.0000 jid=N/A status=PENDING retries=0 client_lib=MANCHEGO_GCM-11732000} [CONTEXT service_id=218 ]
11-16 08:57:29.277: I/ActivityManager(1265): Start proc 23294:com.google.intelligence.sense/u0a31 for broadcast com.google.intelligence.sense/.ambientmusic.SystemBroadcastReceiver
11-16 08:57:29.280: E/elligence.sens(23294): Not starting debugger since process cannot load the jdwp agent.
11-16 08:57:29.283: W/libprocessgroup(1265): kill(-22216, 9) failed: No such process
11-16 08:57:29.289: W/libprocessgroup(1265): kill(-22216, 9) failed: No such process
11-16 08:57:29.292: I/Zygote(736): Process 22216 exited due to signal (9)
11-16 08:57:29.304: D/QSEECOMAPI(23160): QSEECom_get_handle sb_length = 0x400
11-16 08:57:29.304: D/QSEECOMAPI(23160): App is already loaded QSEE and app id = 1
11-16 08:57:29.306: E/fpc_tac(23160): qsee_km_get_encapsulated_key KEYMASTER_GET_AUTH_TOKEN_KEY returned status=-24
11-16 08:57:29.306: D/QSEECOMAPI(23160): QSEECom_dealloc_memory 
11-16 08:57:29.306: D/QSEECOMAPI(23160): QSEECom_shutdown_app, app_id = 1
11-16 08:57:29.306: E/fpc_fingerprint_hal(23160): fpc_hal_open failed
11-16 08:57:29.308: I/EventHub(1265): Removing device '/dev/input/event3' due to inotify event
11-16 08:57:29.308: I/EventHub(1265): Removed device: path=/dev/input/event3 name=uinput-fpc id=515 fd=344 classes=0x101
11-16 08:57:29.308: W/EventHub(1265): built-in keyboard device /dev/input/event3 (id=515) is closing! the apps will not like this
11-16 08:57:29.309: W/InputReader(1265): Ignoring spurious device removed event for deviceId 515.
11-16 08:57:29.314: W/libprocessgroup(1265): kill(-22216, 9) failed: No such process
11-16 08:57:29.315: I/libprocessgroup(1265): Successfully killed process cgroup uid 10128 pid 22216 in 51ms
11-16 08:57:29.326: D/QSEECOMAPI(23160): QSEECom_dealloc_memory 
11-16 08:57:29.326: D/QSEECOMAPI(23160): QSEECom_shutdown_app, app_id = 515
11-16 08:57:29.336: W/native(23294): commandlineflags.cc:1511 Ignoring RegisterValidateFunction() for flag pointer 0x7858367598: no flag found at that address
11-16 08:57:29.356: E/elligence.sens(23294): The String#value field is not present on Android versions >= 6.0
11-16 08:57:29.365: D/DynamitePackage(23191): Instantiated singleton DynamitePackage.
11-16 08:57:29.370: D/DynamitePackage(23191): Instantiating com.google.android.gms.ads.adshield.ChimeraAdShieldCreatorImpl
11-16 08:57:29.372: I/Superpacks(23294): Releasing all superpacks except ambientmusic-index-17_09_02
11-16 08:57:29.376: I/EventLogSendingHelper(10077): Sending log events.
11-16 08:57:29.378: I/EventLogSendingHelper(10077): Sending log events.
11-16 08:57:29.381: W/NotificationService(1265): Notification policy access denied calling getAutomaticZenRules
11-16 08:57:29.383: I/ActivityManager(1265): Killing 22386:com.google.android.apps.maps/u0a102 (adj 906): empty #17
11-16 08:57:29.384: W/libprocessgroup(1265): kill(-22386, 9) failed: No such process
11-16 08:57:29.389: W/libprocessgroup(1265): kill(-22386, 9) failed: No such process
11-16 08:57:29.391: I/Superpacks(23294): Starting garbage collection
11-16 08:57:29.392: W/Superpacks(23294): isDirectory returned false while listing files for /data/user/0/com.google.intelligence.sense/files/superpacks
11-16 08:57:29.401: I/ActivityManager(1265): Start proc 23327:com.google.android.apps.chromecast.app/u0a149 for broadcast com.google.android.apps.chromecast.app/com.google.android.libraries.notifications.entrypoints.localechanged.LocaleChangedReceiver
11-16 08:57:29.403: I/DefaultStickerUpdate(3640): Received 6 sticker packs in metadata
11-16 08:57:29.407: E/.chromecast.ap(23327): Not starting debugger since process cannot load the jdwp agent.
11-16 08:57:29.432: I/.chromecast.ap(23327): The ClassLoaderContext is a special shared library.
11-16 08:57:29.435: W/libprocessgroup(1265): kill(-22386, 9) failed: No such process
11-16 08:57:29.446: W/libprocessgroup(1265): kill(-22386, 9) failed: No such process
11-16 08:57:29.461: D/BoundBrokerSvc(10833): onUnbind: Intent { act=com.google.android.gms.clearcut.bootcount.service.START pkg=com.google.android.gms }
11-16 08:57:29.462: I/Zygote(736): Process 22386 exited due to signal (9)
11-16 08:57:29.475: W/libprocessgroup(1265): kill(-22386, 9) failed: No such process
11-16 08:57:29.475: I/libprocessgroup(1265): Successfully killed process cgroup uid 10102 pid 22386 in 91ms
11-16 08:57:29.498: I/DefaultStickerUpdate(3640): Created 152 indexables
11-16 08:57:29.513: I/Icing(14328): Indexing com.google.android.gms-internal.3p:MobileApplication from com.google.android.gms
11-16 08:57:29.553: I/Icing(14328): Indexing done com.google.android.gms-internal.3p:MobileApplication
11-16 08:57:29.554: I/Icing(14328): Indexing com.android.chrome-internal.3p:WebPage from com.android.chrome
11-16 08:57:29.556: E/SQLiteLog(14328): (1) no such table: WebPage_com.android.chrome_seq_table
11-16 08:57:29.557: E/Icing(14328): Cursor call threw an exception: no such table: WebPage_com.android.chrome_seq_table (code 1 SQLITE_ERROR): , while compiling: SELECT * FROM [WebPage_com.android.chrome_seq_table] WHERE seqno>0 AND tag IS NULL ORDER BY seqno LIMIT 20
11-16 08:57:29.557: I/Icing(14328): Indexing done com.android.chrome-internal.3p:WebPage
11-16 08:57:29.557: E/Icing(14328): Aborting indexing of corpus internal.3p:WebPage
11-16 08:57:29.596: I/dex2oat(23352): The ClassLoaderContext is a special shared library.
11-16 08:57:29.596: I/dex2oat(23352): /system/bin/dex2oat --dex-file=/data/user/0/com.google.android.youtube/cache/1629828815138.jar --output-vdex-fd=84 --oat-fd=85 --oat-location=/data/user/0/com.google.android.youtube/cache/oat/arm64/1629828815138.odex --compiler-filter=quicken --class-loader-context=&
11-16 08:57:29.614: I/BgTaskExecutorImpl(10077): Starting EXCLUSIVE background task FETCH_CONFIGS_FROM_PHENOTYPE.
11-16 08:57:29.618: I/akhr(10833): Scheduling Phenotype for a PhenotypeSyncImmediately(13, com.google.android.googlequicksearchbox) one off with window [1, 2] in seconds [CONTEXT service_id=51 ]
11-16 08:57:29.783: I/dex2oat(23352): dex2oat took 190.606ms (62.750ms cpu) (threads: 8) arena alloc=12KB (12736B) java alloc=48KB (49168B) native alloc=904KB (926448B) free=2MB (2219280B)
11-16 08:57:29.795: I/android.youtub(23191): The ClassLoaderContext is a special shared library.
11-16 08:57:29.807: W/.chromecast.ap(23327): JIT profile information will not be recorded: profile file does not exits.
11-16 08:57:29.807: I/chatty(23327): uid=10149(com.google.android.apps.chromecast.app) identical 1 line
11-16 08:57:29.807: W/.chromecast.ap(23327): JIT profile information will not be recorded: profile file does not exits.
11-16 08:57:29.843: W/PrimesInit(23327): Primes instant initialization
11-16 08:57:29.848: W/Primes(23327): background initialization
11-16 08:57:29.852: D/ConnectivityService(1265): requestNetwork for uid/pid:10080/23191 NetworkRequest [ TRACK_DEFAULT id=54, [ Capabilities: INTERNET&NOT_RESTRICTED&TRUSTED Unwanted:  Uid: 10080] ]
11-16 08:57:29.853: D/WIFI_UT(1265): got request NetworkRequest [ TRACK_DEFAULT id=54, [ Capabilities: INTERNET&NOT_RESTRICTED&TRUSTED Unwanted:  Uid: 10080] ] with score 60
11-16 08:57:29.853: D/WIFI(1265): got request NetworkRequest [ TRACK_DEFAULT id=54, [ Capabilities: INTERNET&NOT_RESTRICTED&TRUSTED Unwanted:  Uid: 10080] ] with score 60
11-16 08:57:29.855: D/WIFI_AWARE_FACTORY(1265): got request NetworkRequest [ TRACK_DEFAULT id=54, [ Capabilities: INTERNET&NOT_RESTRICTED&TRUSTED Unwanted:  Uid: 10080] ] with score 60
11-16 08:57:29.855: D/Ethernet(1265): got request NetworkRequest [ TRACK_DEFAULT id=54, [ Capabilities: INTERNET&NOT_RESTRICTED&TRUSTED Unwanted:  Uid: 10080] ] with score 60
11-16 08:57:29.856: D/PhoneSwitcherNetworkRequstListener(3785): got request NetworkRequest [ TRACK_DEFAULT id=54, [ Capabilities: INTERNET&NOT_RESTRICTED&TRUSTED Unwanted:  Uid: 10080] ] with score 60
11-16 08:57:29.885: I/android.youtub(23191): Rejecting re-init on previously-failed class java.lang.Class<com.google.android.ads.tasks.appdigest.a>: java.lang.NoClassDefFoundError: Failed resolution of: Landroid/content/pm/PackageManager$OnChecksumsReadyListener;
11-16 08:57:29.885: I/android.youtub(23191):   at java.lang.Class dalvik.system.DexFile.defineClassNative(java.lang.String, java.lang.ClassLoader, java.lang.Object, dalvik.system.DexFile) (DexFile.java:-2)
11-16 08:57:29.885: I/android.youtub(23191):   at java.lang.Class dalvik.system.DexFile.defineClass(java.lang.String, java.lang.ClassLoader, java.lang.Object, dalvik.system.DexFile, java.util.List) (DexFile.java:283)
11-16 08:57:29.885: I/android.youtub(23191):   at java.lang.Class dalvik.system.DexFile.loadClassBinaryName(java.lang.String, java.lang.ClassLoader, java.util.List) (DexFile.java:276)
11-16 08:57:29.885: I/android.youtub(23191):   at java.lang.Class dalvik.system.DexPathList$Element.findClass(java.lang.String, java.lang.ClassLoader, java.util.List) (DexPathList.java:724)
11-16 08:57:29.885: I/android.youtub(23191):   at java.lang.Class dalvik.system.DexPathList.findClass(java.lang.String, java.util.List) (DexPathList.java:486)
11-16 08:57:29.885: I/android.youtub(23191):   at java.lang.Class dalvik.system.BaseDexClassLoader.findClass(java.lang.String) (BaseDexClassLoader.java:132)
11-16 08:57:29.885: I/android.youtub(23191):   at java.lang.Class bg.loadClass(java.lang.String, boolean) (:com.google.android.gms.dynamite_dynamiteloader@213614065@21.36.14 (100400-0):2)
11-16 08:57:29.885: I/android.youtub(23191):   at java.lang.Class java.lang.ClassLoader.loadClass(java.lang.String) (ClassLoader.java:312)
11-16 08:57:29.885: I/android.youtub(23191):   at java.util.List xu.r(yv, android.content.Context, bqi, com.google.ads.afma.g) (:com.google.android.gms.policy_ads_fdr_dynamite@213806100@213806100057.397311113.397311113:5)
11-16 08:57:29.885: I/android.youtub(23191):   at java.util.List xv.r(yv, android.content.Context, bqi, com.google.ads.afma.g) (:com.google.android.gms.policy_ads_fdr_dynamite@213806100@213806100057.397311113.397311113:4)
11-16 08:57:29.885: I/android.youtub(23191):   at void xu.s(yv, android.content.Context, bqi, com.google.ads.afma.g) (:com.google.android.gms.policy_ads_fdr_dynamite@213806100@213806100057.397311113.397311113:0)
11-16 08:57:29.885: I/android.youtub(23191):   at bqi xu.m(android.content.Context, com.google.ads.afma.g) (:com.google.android.gms.policy_ads_fdr_dynamite@213806100@213806100057.397311113.397311113:7)
11-16 08:57:29.885: I/android.youtub(23191):   at java.lang.String xp.r(android.content.Context, java.lang.String, int, android.view.View, android.app.Activity, byte[]) (:com.google.android.gms.policy_ads_fdr_dynamite@213806100@213806100057.397311113.397311113:8)
11-16 08:57:29.885: I/android.youtub(23191):   at java.lang.String xp.g(android.content.Context, byte[]) (:com.google.android.gms.policy_ads_fdr_dynamite@213806100@213806100057.397311113.397311113:2)
11-16 08:57:29.885: I/android.youtub(23191):   at java.lang.String com.google.android.gms.ads.adshield.internal.a.b(aqh, byte[]) (:com.google.android.gms.policy_ads_fdr_dynamite@213806100@213806100057.397311113.397311113:1)
11-16 08:57:29.885: I/android.youtub(23191):   at boolean com.google.android.gms.ads.adshield.internal.a.bJ(int, android.os.Parcel, android.os.Parcel) (:com.google.android.gms.policy_ads_fdr_dynamite@213806100@213806100057.397311113.397311113:54)
11-16 08:57:29.885: I/android.youtub(23191):   at boolean zg.onTransact(int, android.os.Parcel, android.os.Parcel, int) (:com.google.android.gms.policy_ads_fdr_dynamite@213806100@213806100057.397311113.397311113:4)
11-16 08:57:29.885: I/android.youtub(23191):   at boolean android.os.Binder.transact(int, android.os.Parcel, android.os.Parcel, int) (Binder.java:667)
11-16 08:57:29.885: I/android.youtub(23191):   at android.os.Parcel pcs.a(int, android.os.Parcel) (SourceFile:7)
11-16 08:57:29.885: I/android.youtub(23191):   at java.lang.String pkk.a(oms, byte[]) (SourceFile:40)
11-16 08:57:29.885: I/android.youtub(23191):   at java.lang.String nrc.a(android.content.Context, byte[]) (SourceFile:6)
11-16 08:57:29.885: I/android.youtub(23191):   at java.lang.String qis.a(android.content.Context, byte[]) (SourceFile:10)
11-16 08:57:29.885: I/android.youtub(23191):   at java.lang.String skv.a(qio, byte[]) (SourceFile:59)
11-16 08:57:29.885: I/android.youtub(23191):   at java.lang.String skv.g() (SourceFile:41)
11-16 08:57:29.885: I/android.youtub(23191):   at java.lang.String skv.b() (SourceFile:69)
11-16 08:57:29.885: I/android.youtub(23191):   at java.lang.String slq.i() (SourceFile:56)
11-16 08:57:29.885: I/android.youtub(23191):   at java.lang.String slq.b() (SourceFile:32)
11-16 08:57:29.885: I/android.youtub(23191):   at void slq.e() (SourceFile:37)
11-16 08:57:29.885: I/android.youtub(23191):   at void cmk.run() (SourceFile:7)
11-16 08:57:29.885: I/android.youtub(23191):   at java.lang.Object java.util.concurrent.Executors$RunnableAdapter.call() (Executors.java:458)
11-16 08:57:29.885: I/android.youtub(23191):   at void java.util.concurrent.FutureTask.run() (FutureTask.java:266)
11-16 08:57:29.885: I/android.youtub(23191):   at void java.util.concurrent.ScheduledThreadPoolExecutor$ScheduledFutureTask.run() (ScheduledThreadPoolExecutor.java:301)
11-16 08:57:29.885: I/android.youtub(23191):   at void java.util.concurrent.ThreadPoolExecutor.runWorker(java.util.concurrent.ThreadPoolExecutor$Worker) (ThreadPoolExecutor.java:1167)
11-16 08:57:29.885: I/android.youtub(23191):   at void java.util.concurrent.ThreadPoolExecutor$Worker.run() (ThreadPoolExecutor.java:641)
11-16 08:57:29.885: I/android.youtub(23191):   at void ubi.run() (SourceFile:20)
11-16 08:57:29.885: I/android.youtub(23191):   at void java.lang.Thread.run() (Thread.java:764)
11-16 08:57:29.885: I/android.youtub(23191): Caused by: java.lang.ClassNotFoundException: Didn't find class "android.content.pm.PackageManager$OnChecksumsReadyListener" on path: DexPathList[[zip file "/data/user_de/0/com.google.android.gms/app_chimera/m/00000010/dl-AdsFdrDynamite.integ_213806100100000.apk"],nativeLibraryDirectories=[/data/user_de/0/com.google.android.gms/app_chimera/m/00000010/dl-AdsFdrDynamite.integ_213806100100000.apk!/lib/arm64-v8a, /system/lib64]]
11-16 08:57:29.885: I/android.youtub(23191):   at java.lang.Class dalvik.system.BaseDexClassLoader.findClass(java.lang.String) (BaseDexClassLoader.java:134)
11-16 08:57:29.885: I/android.youtub(23191):   at java.lang.Class java.lang.ClassLoader.loadClass(java.lang.String, boolean) (ClassLoader.java:379)
11-16 08:57:29.885: I/android.youtub(23191):   at java.lang.Class bg.loadClass(java.lang.String, boolean) (:com.google.android.gms.dynamite_dynamiteloader@213614065@21.36.14 (100400-0):3)
11-16 08:57:29.885: I/android.youtub(23191):   at java.lang.Class java.lang.ClassLoader.loadClass(java.lang.String) (ClassLoader.java:312)
11-16 08:57:29.885: I/android.youtub(23191):   at java.lang.Class dalvik.system.DexFile.defineClassNative(java.lang.String, java.lang.ClassLoader, java.lang.Object, dalvik.system.DexFile) (DexFile.java:-2)
11-16 08:57:29.885: I/android.youtub(23191):   at java.lang.Class dalvik.system.DexFile.defineClass(java.lang.String, java.lang.ClassLoader, java.lang.Object, dalvik.system.DexFile, java.util.List) (DexFile.java:283)
11-16 08:57:29.885: I/android.youtub(23191):   at java.lang.Class dalvik.system.DexFile.loadClassBinaryName(java.lang.String, java.lang.ClassLoader, java.util.List) (DexFile.java:276)
11-16 08:57:29.885: I/android.youtub(23191):   at java.lang.Class dalvik.system.DexPathList$Element.findClass(java.lang.String, java.lang.ClassLoader, java.util.List) (DexPathList.java:724)
11-16 08:57:29.885: I/android.youtub(23191):   at java.lang.Class dalvik.system.DexPathList.findClass(java.lang.String, java.util.List) (DexPathList.java:486)
11-16 08:57:29.885: I/android.youtub(23191):   at java.lang.Class dalvik.system.BaseDexClassLoader.findClass(java.lang.String) (BaseDexClassLoader.java:132)
11-16 08:57:29.885: I/android.youtub(23191):   at java.lang.Class bg.loadClass(java.lang.String, boolean) (:com.google.android.gms.dynamite_dynamiteloader@213614065@21.36.14 (100400-0):2)
11-16 08:57:29.885: I/android.youtub(23191):   at java.lang.Class java.lang.ClassLoader.loadClass(java.lang.String) (ClassLoader.java:312)
11-16 08:57:29.885: I/android.youtub(23191):   at java.util.List xu.r(yv, android.content.Context, bqi, com.google.ads.afma.g) (:com.google.android.gms.policy_ads_fdr_dynamite@213806100@213806100057.397311113.397311113:5)
11-16 08:57:29.885: I/android.youtub(23191):   at java.util.List xv.r(yv, android.content.Context, bqi, com.google.ads.afma.g) (:com.google.android.gms.policy_ads_fdr_dynamite@213806100@213806100057.397311113.397311113:4)
11-16 08:57:29.885: I/android.youtub(23191):   at void xu.s(yv, android.content.Context, bqi, com.google.ads.afma.g) (:com.google.android.gms.policy_ads_fdr_dynamite@213806100@213806100057.397311113.397311113:0)
11-16 08:57:29.885: I/android.youtub(23191):   at bqi xu.m(android.content.Context, com.google.ads.afma.g) (:com.google.android.gms.policy_ads_fdr_dynamite@213806100@213806100057.397311113.397311113:7)
11-16 08:57:29.885: I/android.youtub(23191):   at java.lang.String xp.r(android.content.Context, java.lang.String, int, android.view.View, android.app.Activity, byte[]) (:com.google.android.gms.policy_ads_fdr_dynamite@213806100@213806100057.397311113.397311113:8)
11-16 08:57:29.885: I/android.youtub(23191):   at java.lang.String xp.g(android.content.Context, byte[]) (:com.google.android.gms.policy_ads_fdr_dynamite@213806100@213806100057.397311113.397311113:2)
11-16 08:57:29.885: I/android.youtub(23191):   at java.lang.String com.google.android.gms.ads.adshield.internal.a.b(aqh, byte[]) (:com.google.android.gms.policy_ads_fdr_dynamite@213806100@213806100057.397311113.397311113:1)
11-16 08:57:29.885: I/android.youtub(23191):   at boolean com.google.android.gms.ads.adshield.internal.a.bJ(int, android.os.Parcel, android.os.Parcel) (:com.google.android.gms.policy_ads_fdr_dynamite@213806100@213806100057.397311113.397311113:54)
11-16 08:57:29.885: I/android.youtub(23191):   at boolean zg.onTransact(int, android.os.Parcel, android.os.Parcel, int) (:com.google.android.gms.policy_ads_fdr_dynamite@213806100@213806100057.397311113.397311113:4)
11-16 08:57:29.885: I/android.youtub(23191):   at boolean android.os.Binder.transact(int, android.os.Parcel, android.os.Parcel, int) (Binder.java:667)
11-16 08:57:29.885: I/android.youtub(23191):   at android.os.Parcel pcs.a(int, android.os.Parcel) (SourceFile:7)
11-16 08:57:29.885: I/android.youtub(23191):   at java.lang.String pkk.a(oms, byte[]) (SourceFile:40)
11-16 08:57:29.885: I/android.youtub(23191):   at java.lang.String nrc.a(android.content.Context, byte[]) (SourceFile:6)
11-16 08:57:29.885: I/android.youtub(23191):   at java.lang.String qis.a(android.content.Context, byte[]) (SourceFile:10)
11-16 08:57:29.885: I/android.youtub(23191):   at java.lang.String skv.a(qio, byte[]) (SourceFile:59)
11-16 08:57:29.885: I/android.youtub(23191):   at java.lang.String skv.g() (SourceFile:41)
11-16 08:57:29.885: I/android.youtub(23191):   at java.lang.String skv.b() (SourceFile:69)
11-16 08:57:29.885: I/android.youtub(23191):   at java.lang.String slq.i() (SourceFile:56)
11-16 08:57:29.885: I/android.youtub(23191):   at java.lang.String slq.b() (SourceFile:32)
11-16 08:57:29.885: I/android.youtub(23191):   at void slq.e() (SourceFile:37)
11-16 08:57:29.885: I/android.youtub(23191):   at void cmk.run() (SourceFile:7)
11-16 08:57:29.885: I/android.youtub(23191):   at java.lang.Object java.util.concurrent.Executors$RunnableAdapter.call() (Executors.java:458)
11-16 08:57:29.885: I/android.youtub(23191):   at void java.util.concurrent.FutureTask.run() (FutureTask.java:266)
11-16 08:57:29.885: I/android.youtub(23191):   at void java.util.concurrent.ScheduledThreadPoolExecutor$ScheduledFutureTask.run() (ScheduledThreadPoolExecutor.java:301)
11-16 08:57:29.885: I/android.youtub(23191):   at void java.util.concurrent.ThreadPoolExecutor.runWorker(java.util.concurrent.ThreadPoolExecutor$Worker) (ThreadPoolExecutor.java:1167)
11-16 08:57:29.885: I/android.youtub(23191):   at void java.util.concurrent.ThreadPoolExecutor$Worker.run() (ThreadPoolExecutor.java:641)
11-16 08:57:29.885: I/android.youtub(23191):   at void ubi.run() (SourceFile:20)
11-16 08:57:29.885: I/android.youtub(23191):   at void java.lang.Thread.run() (Thread.java:764)
11-16 08:57:29.888: I/PrimesTesting(23327): GserviceFlagsSupplier.get()
11-16 08:57:29.889: I/android.youtub(23191): Rejecting re-init on previously-failed class java.lang.Class<com.google.android.ads.tasks.appdigest.a>: java.lang.NoClassDefFoundError: Failed resolution of: Landroid/content/pm/PackageManager$OnChecksumsReadyListener;
11-16 08:57:29.889: I/android.youtub(23191):   at java.lang.Class dalvik.system.DexFile.defineClassNative(java.lang.String, java.lang.ClassLoader, java.lang.Object, dalvik.system.DexFile) (DexFile.java:-2)
11-16 08:57:29.889: I/android.youtub(23191):   at java.lang.Class dalvik.system.DexFile.defineClass(java.lang.String, java.lang.ClassLoader, java.lang.Object, dalvik.system.DexFile, java.util.List) (DexFile.java:283)
11-16 08:57:29.889: I/android.youtub(23191):   at java.lang.Class dalvik.system.DexFile.loadClassBinaryName(java.lang.String, java.lang.ClassLoader, java.util.List) (DexFile.java:276)
11-16 08:57:29.889: I/android.youtub(23191):   at java.lang.Class dalvik.system.DexPathList$Element.findClass(java.lang.String, java.lang.ClassLoader, java.util.List) (DexPathList.java:724)
11-16 08:57:29.889: I/android.youtub(23191):   at java.lang.Class dalvik.system.DexPathList.findClass(java.lang.String, java.util.List) (DexPathList.java:486)
11-16 08:57:29.889: I/android.youtub(23191):   at java.lang.Class dalvik.system.BaseDexClassLoader.findClass(java.lang.String) (BaseDexClassLoader.java:132)
11-16 08:57:29.889: I/android.youtub(23191):   at java.lang.Class bg.loadClass(java.lang.String, boolean) (:com.google.android.gms.dynamite_dynamiteloader@213614065@21.36.14 (100400-0):2)
11-16 08:57:29.889: I/android.youtub(23191):   at java.lang.Class java.lang.ClassLoader.loadClass(java.lang.String) (ClassLoader.java:312)
11-16 08:57:29.889: I/android.youtub(23191):   at java.util.List xu.r(yv, android.content.Context, bqi, com.google.ads.afma.g) (:com.google.android.gms.policy_ads_fdr_dynamite@213806100@213806100057.397311113.397311113:5)
11-16 08:57:29.889: I/android.youtub(23191):   at java.util.List xv.r(yv, android.content.Context, bqi, com.google.ads.afma.g) (:com.google.android.gms.policy_ads_fdr_dynamite@213806100@213806100057.397311113.397311113:4)
11-16 08:57:29.889: I/android.youtub(23191):   at void xu.s(yv, android.content.Context, bqi, com.google.ads.afma.g) (:com.google.android.gms.policy_ads_fdr_dynamite@213806100@213806100057.397311113.397311113:0)
11-16 08:57:29.889: I/android.youtub(23191):   at bqi xu.m(android.content.Context, com.google.ads.afma.g) (:com.google.android.gms.policy_ads_fdr_dynamite@213806100@213806100057.397311113.397311113:7)
11-16 08:57:29.889: I/android.youtub(23191):   at java.lang.String xp.r(android.content.Context, java.lang.String, int, android.view.View, android.app.Activity, byte[]) (:com.google.android.gms.policy_ads_fdr_dynamite@213806100@213806100057.397311113.397311113:8)
11-16 08:57:29.889: I/android.youtub(23191):   at java.lang.String xp.g(android.content.Context, byte[]) (:com.google.android.gms.policy_ads_fdr_dynamite@213806100@213806100057.397311113.397311113:2)
11-16 08:57:29.889: I/android.youtub(23191):   at java.lang.String com.google.android.gms.ads.adshield.internal.a.b(aqh, byte[]) (:com.google.android.gms.policy_ads_fdr_dynamite@213806100@213806100057.397311113.397311113:1)
11-16 08:57:29.890: I/android.youtub(23191):   at boolean com.google.android.gms.ads.adshield.internal.a.bJ(int, android.os.Parcel, android.os.Parcel) (:com.google.android.gms.policy_ads_fdr_dynamite@213806100@213806100057.397311113.397311113:54)
11-16 08:57:29.890: I/android.youtub(23191):   at boolean zg.onTransact(int, android.os.Parcel, android.os.Parcel, int) (:com.google.android.gms.policy_ads_fdr_dynamite@213806100@213806100057.397311113.397311113:4)
11-16 08:57:29.890: I/android.youtub(23191):   at boolean android.os.Binder.transact(int, android.os.Parcel, android.os.Parcel, int) (Binder.java:667)
11-16 08:57:29.890: I/android.youtub(23191):   at android.os.Parcel pcs.a(int, android.os.Parcel) (SourceFile:7)
11-16 08:57:29.890: I/android.youtub(23191):   at java.lang.String pkk.a(oms, byte[]) (SourceFile:40)
11-16 08:57:29.890: I/android.youtub(23191):   at java.lang.String nrc.a(android.content.Context, byte[]) (SourceFile:6)
11-16 08:57:29.890: I/android.youtub(23191):   at java.lang.String qis.a(android.content.Context, byte[]) (SourceFile:10)
11-16 08:57:29.890: I/android.youtub(23191):   at java.lang.String skv.a(qio, byte[]) (SourceFile:59)
11-16 08:57:29.890: I/android.youtub(23191):   at java.lang.String skv.g() (SourceFile:41)
11-16 08:57:29.890: I/android.youtub(23191):   at java.lang.String skv.b() (SourceFile:69)
11-16 08:57:29.890: I/android.youtub(23191):   at java.lang.String slq.i() (SourceFile:56)
11-16 08:57:29.890: I/android.youtub(23191):   at java.lang.String slq.b() (SourceFile:32)
11-16 08:57:29.890: I/android.youtub(23191):   at void slq.e() (SourceFile:37)
11-16 08:57:29.890: I/android.youtub(23191):   at void cmk.run() (SourceFile:7)
11-16 08:57:29.890: I/android.youtub(23191):   at java.lang.Object java.util.concurrent.Executors$RunnableAdapter.call() (Executors.java:458)
11-16 08:57:29.890: I/android.youtub(23191):   at void java.util.concurrent.FutureTask.run() (FutureTask.java:266)
11-16 08:57:29.890: I/android.youtub(23191):   at void java.util.concurrent.ScheduledThreadPoolExecutor$ScheduledFutureTask.run() (ScheduledThreadPoolExecutor.java:301)
11-16 08:57:29.890: I/android.youtub(23191):   at void java.util.concurrent.ThreadPoolExecutor.runWorker(java.util.concurrent.ThreadPoolExecutor$Worker) (ThreadPoolExecutor.java:1167)
11-16 08:57:29.890: I/android.youtub(23191):   at void java.util.concurrent.ThreadPoolExecutor$Worker.run() (ThreadPoolExecutor.java:641)
11-16 08:57:29.890: I/android.youtub(23191):   at void ubi.run() (SourceFile:20)
11-16 08:57:29.890: I/android.youtub(23191):   at void java.lang.Thread.run() (Thread.java:764)
11-16 08:57:29.890: I/android.youtub(23191): Caused by: java.lang.ClassNotFoundException: Didn't find class "android.content.pm.PackageManager$OnChecksumsReadyListener" on path: DexPathList[[zip file "/data/user_de/0/com.google.android.gms/app_chimera/m/00000010/dl-AdsFdrDynamite.integ_213806100100000.apk"],nativeLibraryDirectories=[/data/user_de/0/com.google.android.gms/app_chimera/m/00000010/dl-AdsFdrDynamite.integ_213806100100000.apk!/lib/arm64-v8a, /system/lib64]]
11-16 08:57:29.890: I/android.youtub(23191):   at java.lang.Class dalvik.system.BaseDexClassLoader.findClass(java.lang.String) (BaseDexClassLoader.java:134)
11-16 08:57:29.890: I/android.youtub(23191):   at java.lang.Class java.lang.ClassLoader.loadClass(java.lang.String, boolean) (ClassLoader.java:379)
11-16 08:57:29.890: I/android.youtub(23191):   at java.lang.Class bg.loadClass(java.lang.String, boolean) (:com.google.android.gms.dynamite_dynamiteloader@213614065@21.36.14 (100400-0):3)
11-16 08:57:29.890: I/android.youtub(23191):   at java.lang.Class java.lang.ClassLoader.loadClass(java.lang.String) (ClassLoader.java:312)
11-16 08:57:29.890: I/android.youtub(23191):   at java.lang.Class dalvik.system.DexFile.defineClassNative(java.lang.String, java.lang.ClassLoader, java.lang.Object, dalvik.system.DexFile) (DexFile.java:-2)
11-16 08:57:29.890: I/android.youtub(23191):   at java.lang.Class dalvik.system.DexFile.defineClass(java.lang.String, java.lang.ClassLoader, java.lang.Object, dalvik.system.DexFile, java.util.List) (DexFile.java:283)
11-16 08:57:29.890: I/android.youtub(23191):   at java.lang.Class dalvik.system.DexFile.loadClassBinaryName(java.lang.String, java.lang.ClassLoader, java.util.List) (DexFile.java:276)
11-16 08:57:29.890: I/android.youtub(23191):   at java.lang.Class dalvik.system.DexPathList$Element.findClass(java.lang.String, java.lang.ClassLoader, java.util.List) (DexPathList.java:724)
11-16 08:57:29.890: I/android.youtub(23191):   at java.lang.Class dalvik.system.DexPathList.findClass(java.lang.String, java.util.List) (DexPathList.java:486)
11-16 08:57:29.890: I/android.youtub(23191):   at java.lang.Class dalvik.system.BaseDexClassLoader.findClass(java.lang.String) (BaseDexClassLoader.java:132)
11-16 08:57:29.890: I/android.youtub(23191):   at java.lang.Class bg.loadClass(java.lang.String, boolean) (:com.google.android.gms.dynamite_dynamiteloader@213614065@21.36.14 (100400-0):2)
11-16 08:57:29.890: I/android.youtub(23191):   at java.lang.Class java.lang.ClassLoader.loadClass(java.lang.String) (ClassLoader.java:312)
11-16 08:57:29.890: I/android.youtub(23191):   at java.util.List xu.r(yv, android.content.Context, bqi, com.google.ads.afma.g) (:com.google.android.gms.policy_ads_fdr_dynamite@213806100@213806100057.397311113.397311113:5)
11-16 08:57:29.890: I/android.youtub(23191):   at java.util.List xv.r(yv, android.content.Context, bqi, com.google.ads.afma.g) (:com.google.android.gms.policy_ads_fdr_dynamite@213806100@213806100057.397311113.397311113:4)
11-16 08:57:29.890: I/android.youtub(23191):   at void xu.s(yv, android.content.Context, bqi, com.google.ads.afma.g) (:com.google.android.gms.policy_ads_fdr_dynamite@213806100@213806100057.397311113.397311113:0)
11-16 08:57:29.890: I/android.youtub(23191):   at bqi xu.m(android.content.Context, com.google.ads.afma.g) (:com.google.android.gms.policy_ads_fdr_dynamite@213806100@213806100057.397311113.397311113:7)
11-16 08:57:29.890: I/android.youtub(23191):   at java.lang.String xp.r(android.content.Context, java.lang.String, int, android.view.View, android.app.Activity, byte[]) (:com.google.android.gms.policy_ads_fdr_dynamite@213806100@213806100057.397311113.397311113:8)
11-16 08:57:29.890: I/android.youtub(23191):   at java.lang.String xp.g(android.content.Context, byte[]) (:com.google.android.gms.policy_ads_fdr_dynamite@213806100@213806100057.397311113.397311113:2)
11-16 08:57:29.890: I/android.youtub(23191):   at java.lang.String com.google.android.gms.ads.adshield.internal.a.b(aqh, byte[]) (:com.google.android.gms.policy_ads_fdr_dynamite@213806100@213806100057.397311113.397311113:1)
11-16 08:57:29.890: I/android.youtub(23191):   at boolean com.google.android.gms.ads.adshield.internal.a.bJ(int, android.os.Parcel, android.os.Parcel) (:com.google.android.gms.policy_ads_fdr_dynamite@213806100@213806100057.397311113.397311113:54)
11-16 08:57:29.890: I/android.youtub(23191):   at boolean zg.onTransact(int, android.os.Parcel, android.os.Parcel, int) (:com.google.android.gms.policy_ads_fdr_dynamite@213806100@213806100057.397311113.397311113:4)
11-16 08:57:29.890: I/android.youtub(23191):   at boolean android.os.Binder.transact(int, android.os.Parcel, android.os.Parcel, int) (Binder.java:667)
11-16 08:57:29.890: I/android.youtub(23191):   at android.os.Parcel pcs.a(int, android.os.Parcel) (SourceFile:7)
11-16 08:57:29.890: I/android.youtub(23191):   at java.lang.String pkk.a(oms, byte[]) (SourceFile:40)
11-16 08:57:29.890: I/android.youtub(23191):   at java.lang.String nrc.a(android.content.Context, byte[]) (SourceFile:6)
11-16 08:57:29.890: I/android.youtub(23191):   at java.lang.String qis.a(android.content.Context, byte[]) (SourceFile:10)
11-16 08:57:29.890: I/android.youtub(23191):   at java.lang.String skv.a(qio, byte[]) (SourceFile:59)
11-16 08:57:29.890: I/android.youtub(23191):   at java.lang.String skv.g() (SourceFile:41)
11-16 08:57:29.890: I/android.youtub(23191):   at java.lang.String skv.b() (SourceFile:69)
11-16 08:57:29.890: I/android.youtub(23191):   at java.lang.String slq.i() (SourceFile:56)
11-16 08:57:29.890: I/android.youtub(23191):   at java.lang.String slq.b() (SourceFile:32)
11-16 08:57:29.890: I/android.youtub(23191):   at void slq.e() (SourceFile:37)
11-16 08:57:29.890: I/android.youtub(23191):   at void cmk.run() (SourceFile:7)
11-16 08:57:29.890: I/android.youtub(23191):   at java.lang.Object java.util.concurrent.Executors$RunnableAdapter.call() (Executors.java:458)
11-16 08:57:29.890: I/android.youtub(23191):   at void java.util.concurrent.FutureTask.run() (FutureTask.java:266)
11-16 08:57:29.890: I/android.youtub(23191):   at void java.util.concurrent.ScheduledThreadPoolExecutor$ScheduledFutureTask.run() (ScheduledThreadPoolExecutor.java:301)
11-16 08:57:29.890: I/android.youtub(23191):   at void java.util.concurrent.ThreadPoolExecutor.runWorker(java.util.concurrent.ThreadPoolExecutor$Worker) (ThreadPoolExecutor.java:1167)
11-16 08:57:29.890: I/android.youtub(23191):   at void java.util.concurrent.ThreadPoolExecutor$Worker.run() (ThreadPoolExecutor.java:641)
11-16 08:57:29.890: I/android.youtub(23191):   at void ubi.run() (SourceFile:20)
11-16 08:57:29.890: I/android.youtub(23191):   at void java.lang.Thread.run() (Thread.java:764)
11-16 08:57:29.947: I/gle.android.gm(14328): Background concurrent copying GC freed 149625(7MB) AllocSpace objects, 56(2MB) LOS objects, 49% free, 10MB/20MB, paused 64us total 126.062ms
11-16 08:57:29.960: I/s:nonpersisten(22684): Waiting for a blocking GC ProfileSaver
11-16 08:57:29.970: I/OpaEnabledReceiver(3659): Dispatching OPA eligble = true; AGSA = true; OPA enabled = true
11-16 08:57:29.970: I/OpaLayout(3659): Setting opa enabled to true
11-16 08:57:29.970: I/OpaLayout(3659): Setting opa enabled to true
11-16 08:57:29.980: W/SilentFeedbackConfig(10077): Renaming current_experiments.bin.tmp to current_experiments.bin failed
11-16 08:57:29.983: I/OpaEligibilityChecker(10077): send OpaEligibilityChange broadcast to CommonBroadcastReceiver
11-16 08:57:29.987: I/s:nonpersisten(22684): WaitForGcToComplete blocked ProfileSaver on HeapTrim for 26.387ms
11-16 08:57:29.987: I/OpaEnabledReceiver(3659): Dispatching OPA eligble = true; AGSA = true; OPA enabled = true
11-16 08:57:29.987: I/OpaLayout(3659): Setting opa enabled to true
11-16 08:57:29.988: I/OpaLayout(3659): Setting opa enabled to true
11-16 08:57:30.026: I/OpaEnabledReceiver(3659): Dispatching OPA eligble = true; AGSA = true; OPA enabled = true
11-16 08:57:30.026: I/OpaLayout(3659): Setting opa enabled to true
11-16 08:57:30.026: I/OpaLayout(3659): Setting opa enabled to true
