11-16 08:57:28.279: I/CarrierServices(21867):    carrier_services_security_flags_ec_api_white_listed_signatures: B28C3EDB665DF32686224DF800F603E9959BBE4E,0980A12BE993528C19107BC21AD811478C63CEFC,B38FA7B5ECFAEC44620A020752B07E063B3120A8,203997BC46B8792DC9747ABD230569071F9A0439,EDA6413C3E3A95492114FE07CD953AD897E40D1A,760EBB9F4200B3DFB1B817B40FF0563A3C150D39,5B368CFF2DA2686996BC95EAC190EAA4F5630FE5,01D845B26B688D8EF647205A5944E9407E52E06E,27196E386B875E76ADF700E7EA84E4C6EEE33DFA,1CDD04F1E4A732BB0352FDFAEE26D2315526DF85,025D5212BF3B5F5CDA6117A518721D70A94D84E0
11-16 08:57:28.279: I/CarrierServices(21867):    carrier_services_security_flags_test_service_white_listed_packages: com.google.android.ims.mobly.snippets
11-16 08:57:28.279: I/CarrierServices(21867):    carrier_services_security_flags_test_service_white_listed_signatures: AE41481F52E0F58DF2806D5A38EB3DBCA5AE02B0,E165542B31953CC282AA4EF2F4D5F07F7663A2A2
11-16 08:57:28.279: I/CarrierServices(21867):    carrier_services_security_flags_white_listed_packages: com.google.android.apps.messaging,com.google.android.dialer,com.google.android.ims.client.sampleapp,com.android.contacts,com.lge.rcscall,com.android.incallui,com.huawei.incallui.appfeature.rcsfeature
11-16 08:57:28.279: I/CarrierServices(21867):    carrier_services_security_flags_white_listed_signatures: B28C3EDB665DF32686224DF800F603E9959BBE4E,0980A12BE993528C19107BC21AD811478C63CEFC,B38FA7B5ECFAEC44620A020752B07E063B3120A8,203997BC46B8792DC9747ABD230569071F9A0439,EDA6413C3E3A95492114FE07CD953AD897E40D1A,760EBB9F4200B3DFB1B817B40FF0563A3C150D39,5B368CFF2DA2686996BC95EAC190EAA4F5630FE5,01D845B26B688D8EF647205A5944E9407E52E06E,27196E386B875E76ADF700E7EA84E4C6EEE33DFA,1CDD04F1E4A732BB0352FDFAEE26D2315526DF85,025D5212BF3B5F5CDA6117A518721D70A94D84E0
11-16 08:57:28.279: I/CarrierServices(21867):    carrier_services_video_share_disabled_user_agent_substrings: SM-G930,SM-G935,SM-A320
11-16 08:57:28.279: I/CarrierServices(21867): ====================
11-16 08:57:28.300: I/CarrierServices(21867): [2] bth.a: Initializing SimStateTracker
11-16 08:57:28.300: I/CarrierServices(21867): [2] bth.b: SIM state ABSENT
11-16 08:57:28.304: I/TestSupport(13470): AwaitCommitOperation: uncommitted: FlagOverride(com.google.android.gms.auth.api.credentials, , Flag(SaveStrategy__enableSaving, false, 2, 0), false) [CONTEXT service_id=133 ]
11-16 08:57:28.304: I/TestSupport(13470): AwaitCommitOperation:  sleeping for 20 msec. [CONTEXT service_id=133 ]
11-16 08:57:28.318: I/CarrierServices(21867): [2] bth.a: Broadcasting Intent { act=com.google.android.ims.SIM_ABSENT }
11-16 08:57:28.345: I/CarrierServices(21867): [2] CarrierServicesReleaseApp.onCreate: Primes set up successful
11-16 08:57:28.353: I/TestSupport(13470): AwaitCommitOperation: uncommitted: FlagOverride(com.google.android.gms.auth.api.credentials, , Flag(SaveStrategy__enableSaving, false, 2, 0), false) [CONTEXT service_id=133 ]
11-16 08:57:28.354: I/TestSupport(13470): AwaitCommitOperation:  sleeping for 40 msec. [CONTEXT service_id=133 ]
11-16 08:57:28.374: W/RcsProvisioning(21867): Failed to read configuration: /data/user/0/com.google.android.ims/files/hvconfig (No such file or directory)
11-16 08:57:28.375: W/RcsProvisioning(21867): java.io.FileNotFoundException: /data/user/0/com.google.android.ims/files/hvconfig (No such file or directory)
11-16 08:57:28.375: W/RcsProvisioning(21867): 	at java.io.FileInputStream.open0(Native Method)
11-16 08:57:28.375: W/RcsProvisioning(21867): 	at java.io.FileInputStream.open(FileInputStream.java:231)
11-16 08:57:28.375: W/RcsProvisioning(21867): 	at java.io.FileInputStream.<init>(FileInputStream.java:165)
11-16 08:57:28.375: W/RcsProvisioning(21867): 	at android.app.ContextImpl.openFileInput(ContextImpl.java:560)
11-16 08:57:28.375: W/RcsProvisioning(21867): 	at android.content.ContextWrapper.openFileInput(ContextWrapper.java:202)
11-16 08:57:28.375: W/RcsProvisioning(21867): 	at byy.a(SourceFile:2)
11-16 08:57:28.375: W/RcsProvisioning(21867): 	at bmj.a(SourceFile:4)
11-16 08:57:28.375: W/RcsProvisioning(21867): 	at bmk.a(SourceFile:7)
11-16 08:57:28.375: W/RcsProvisioning(21867): 	at bln.<init>(SourceFile:9)
11-16 08:57:28.375: W/RcsProvisioning(21867): 	at blx.<init>(SourceFile:9)
11-16 08:57:28.375: W/RcsProvisioning(21867): 	at com.google.android.ims.CarrierServicesReleaseApp.onCreate(SourceFile:98)
11-16 08:57:28.375: W/RcsProvisioning(21867): 	at android.app.Instrumentation.callApplicationOnCreate(Instrumentation.java:1154)
11-16 08:57:28.375: W/RcsProvisioning(21867): 	at android.app.ActivityThread.handleBindApplication(ActivityThread.java:5920)
11-16 08:57:28.375: W/RcsProvisioning(21867): 	at android.app.ActivityThread.access$1100(ActivityThread.java:200)
11-16 08:57:28.375: W/RcsProvisioning(21867): 	at android.app.ActivityThread$H.handleMessage(ActivityThread.java:1656)
11-16 08:57:28.375: W/RcsProvisioning(21867): 	at android.os.Handler.dispatchMessage(Handler.java:106)
11-16 08:57:28.375: W/RcsProvisioning(21867): 	at android.os.Looper.loop(Looper.java:193)
11-16 08:57:28.375: W/RcsProvisioning(21867): 	at android.app.ActivityThread.main(ActivityThread.java:6718)
11-16 08:57:28.375: W/RcsProvisioning(21867): 	at java.lang.reflect.Method.invoke(Native Method)
11-16 08:57:28.375: W/RcsProvisioning(21867): 	at com.android.internal.os.RuntimeInit$MethodAndArgsCaller.run(RuntimeInit.java:493)
11-16 08:57:28.375: W/RcsProvisioning(21867): 	at com.android.internal.os.ZygoteInit.main(ZygoteInit.java:858)
11-16 08:57:28.375: D/RcsProvisioning(21867): Retrieving backup token
11-16 08:57:28.397: W/Bugle(21867): SubscriptionMetadataUtils get: invalid subId = -1
11-16 08:57:28.422: I/TestSupport(13470): AwaitCommitOperation: uncommitted: FlagOverride(com.google.android.gms.auth.api.credentials, , Flag(SaveStrategy__enableSaving, false, 2, 0), false) [CONTEXT service_id=133 ]
11-16 08:57:28.423: I/TestSupport(13470): AwaitCommitOperation:  sleeping for 80 msec. [CONTEXT service_id=133 ]
11-16 08:57:28.504: D/RcsProvisioning(21867): No backup token found
11-16 08:57:28.515: I/CarrierServices(21867): [2] CarrierServicesReleaseApp.a: Initializing MMTel
11-16 08:57:28.519: I/TestSupport(13470): AwaitCommitOperation: uncommitted: FlagOverride(com.google.android.gms.auth.api.credentials, , Flag(SaveStrategy__enableSaving, false, 2, 0), false) [CONTEXT service_id=133 ]
11-16 08:57:28.520: I/TestSupport(13470): AwaitCommitOperation:  sleeping for 160 msec. [CONTEXT service_id=133 ]
11-16 08:57:28.536: I/CarrierServices(21867): [2] ccj.a: CarrierServices.apk is not sim call manager. Not enabling MMTel.
11-16 08:57:28.537: I/CarrierServices(21867): [2] ProvisioningService.a: Should not enable MMTel. Not scheduling provisioning.
11-16 08:57:28.555: I/CarrierServices(21867): [2] ajk.<init>: (MMTel): IMS module initialization with instance: "urn:gsma:imei:99001200-595306-0"
11-16 08:57:28.602: I/CarrierServices(21867): [2] ccj.a: CarrierServices.apk is not sim call manager. Not enabling MMTel.
11-16 08:57:28.603: I/CarrierServices(21867): [2] alv.e: Should not enable MMTel, not starting CallEngine.
11-16 08:57:28.609: I/CarrierServices(21867): [2] aws.a: Migration binding to RcsMigrationService
11-16 08:57:28.614: I/BugleDataModel(7215): RcsMigrationService: Returning RCS state provider.
11-16 08:57:28.623: I/org.webrtc.Logging(21867): NativeLibrary: Loading native library.
11-16 08:57:28.623: I/org.webrtc.Logging(21867): NativeLibrary: Loading library: jingle_peerconnection_so
11-16 08:57:28.633: W/native(21867): commandlineflags.cc:1511 Ignoring RegisterValidateFunction() for flag pointer 0x6f6b11a798: no flag found at that address
11-16 08:57:28.637: I/CarrierServices(21867): [879] bti.run: Processing an intent
11-16 08:57:28.637: I/CarrierServices(21867): [879] bth.b: SIM state ABSENT
11-16 08:57:28.638: I/libjingle(21867): [000:000] [21897] (default_audio_processing_jni.cc:32): APM: Post-processing: None.
11-16 08:57:28.638: I/libjingle(21867): [000:000] [21897] (default_audio_processing_jni.cc:44): APM: Echo controller: None.
11-16 08:57:28.639: I/libjingle(21867): [000:001] [21897] (audio_processing_impl.cc:441): Capture post processor activated: 0
11-16 08:57:28.639: I/libjingle(21867): Render pre processor activated: 0
11-16 08:57:28.639: I/BugleRcsEngine(7215): [396] pot.a: Sim state is not ready. Returning last known operation mode.
11-16 08:57:28.643: I/CarrierServices(21867): [879] bth.a: Broadcasting Intent { act=com.google.android.ims.SIM_ABSENT }
11-16 08:57:28.645: I/ActivityManager(1248): Start proc 21904:com.google.android.partnersetup/u0a49 for broadcast com.google.android.partnersetup/.RlzPingBroadcastReceiver
11-16 08:57:28.652: E/id.partnersetu(21904): Not starting debugger since process cannot load the jdwp agent.
11-16 08:57:28.652: I/CarrierServices(21867): [881] awt.doInBackground: Saving RCS State
11-16 08:57:28.661: I/CarrierServices(21867): [881] awt.doInBackground: Old operation mode: 0
11-16 08:57:28.662: I/CarrierServices(21867): [881] awt.doInBackground: New operation mode: 0
11-16 08:57:28.669: I/ActivityManager(1248): Start proc 21919:com.google.android.apps.messaging:rcs/u0a111 for service com.google.android.apps.messaging/com.google.android.ims.service.JibeService
11-16 08:57:28.675: I/CarrierServices(21867): [2] aww.a: Unbinding RcsMigrationService
11-16 08:57:28.675: E/s.messaging:rc(21919): Not starting debugger since process cannot load the jdwp agent.
11-16 08:57:28.689: I/CarrierServices(21867): [2] btr.b: onReceive(): intent=Intent { act=android.net.conn.CONNECTIVITY_CHANGE flg=0x4200010 (has extras) }, isDeviceIdleMode=false
11-16 08:57:28.690: I/id.partnersetu(21904): The ClassLoaderContext is a special shared library.
11-16 08:57:28.698: W/VideoCapabilities(21867): Unrecognized profile 2130706433 for video/avc
11-16 08:57:28.698: W/VideoCapabilities(21867): Unrecognized profile 2130706434 for video/avc
11-16 08:57:28.702: W/VideoCapabilities(21867): Unrecognized profile 2130706433 for video/avc
11-16 08:57:28.702: W/VideoCapabilities(21867): Unrecognized profile 2130706434 for video/avc
11-16 08:57:28.705: I/s.messaging:rc(21919): The ClassLoaderContext is a special shared library.
11-16 08:57:28.713: W/VideoCapabilities(21867): Unrecognized profile 2130706433 for video/avc
11-16 08:57:28.713: W/VideoCapabilities(21867): Unrecognized profile 2130706434 for video/avc
11-16 08:57:28.720: W/VideoCapabilities(21867): Unrecognized profile 4 for video/hevc
11-16 08:57:28.724: I/TestSupport(13470): AwaitCommitOperation: uncommitted: FlagOverride(com.google.android.gms.auth.api.credentials, , Flag(SaveStrategy__enableSaving, false, 2, 0), false) [CONTEXT service_id=133 ]
11-16 08:57:28.724: I/TestSupport(13470): AwaitCommitOperation:  sleeping for 320 msec. [CONTEXT service_id=133 ]
11-16 08:57:28.738: D/fpc_hidl(21936): fpc fingerprint hwbinder service starting
11-16 08:57:28.738: D/QSEECOMAPI(21936): QSEECom_get_handle sb_length = 0x80
11-16 08:57:28.738: D/QSEECOMAPI(21936): App is not loaded in QSEE
11-16 08:57:28.738: D/QSEECOMAPI(21936): app_arch = 2, total_files = 9
11-16 08:57:28.753: W/VideoCapabilities(21867): Unrecognized profile 4 for video/hevc
11-16 08:57:28.783: I/MediaCodecVideoEncoder(21867): [000:145] [21897] MediaCodecVideoEncoder: Found target encoder for mime video/x-vnd.on2.vp8 : OMX.qcom.video.encoder.vp8. Color: 0x15. Bitrate adjustment: NO_ADJUSTMENT
11-16 08:57:28.784: I/MediaCodecVideoEncoder(21867): [000:146] [21897] MediaCodecVideoEncoder: VP8 HW Encoder supported.
11-16 08:57:28.784: I/MediaCodecVideoDecoder(21867): [000:146] [21897] MediaCodecVideoDecoder: Trying to find HW decoder for mime video/avc
11-16 08:57:28.785: I/MediaCodecVideoDecoder(21867): [000:147] [21897] MediaCodecVideoDecoder: Found candidate decoder OMX.qcom.video.decoder.avc
11-16 08:57:28.785: I/MediaCodecVideoDecoder(21867): [000:147] [21897] MediaCodecVideoDecoder: Found target decoder OMX.qcom.video.decoder.avc. Color: 0x13
11-16 08:57:28.785: I/MediaCodecVideoEncoder(21867): [000:147] [21897] MediaCodecVideoEncoder: H.264 High Profile HW Encoder supported.
11-16 08:57:28.786: I/MediaCodecVideoEncoder(21867): [000:148] [21897] MediaCodecVideoEncoder: Found target encoder for mime video/avc : OMX.qcom.video.encoder.avc. Color: 0x15. Bitrate adjustment: NO_ADJUSTMENT
11-16 08:57:28.786: I/MediaCodecVideoEncoder(21867): [000:148] [21897] MediaCodecVideoEncoder: H.264 HW Encoder supported.
11-16 08:57:28.786: I/MediaCodecVideoDecoder(21867): [000:148] [21897] MediaCodecVideoDecoder: MediaCodecVideoDecoderFactory ctor
11-16 08:57:28.786: I/MediaCodecVideoDecoder(21867): [000:148] [21897] MediaCodecVideoDecoder: Trying to find HW decoder for mime video/x-vnd.on2.vp8
11-16 08:57:28.786: I/MediaCodecVideoDecoder(21867): [000:148] [21897] MediaCodecVideoDecoder: Found candidate decoder OMX.qcom.video.decoder.vp8
11-16 08:57:28.786: I/MediaCodecVideoDecoder(21867): [000:148] [21897] MediaCodecVideoDecoder: Found target decoder OMX.qcom.video.decoder.vp8. Color: 0x13
11-16 08:57:28.786: I/MediaCodecVideoDecoder(21867): [000:148] [21897] MediaCodecVideoDecoder: VP8 HW Decoder supported.
11-16 08:57:28.786: I/MediaCodecVideoDecoder(21867): [000:148] [21897] MediaCodecVideoDecoder: Trying to find HW decoder for mime video/x-vnd.on2.vp9
11-16 08:57:28.787: I/MediaCodecVideoDecoder(21867): [000:149] [21897] MediaCodecVideoDecoder: Found candidate decoder OMX.qcom.video.decoder.vp9
11-16 08:57:28.787: I/MediaCodecVideoDecoder(21867): [000:149] [21897] MediaCodecVideoDecoder: Found target decoder OMX.qcom.video.decoder.vp9. Color: 0x13
11-16 08:57:28.787: I/MediaCodecVideoDecoder(21867): [000:149] [21897] MediaCodecVideoDecoder: VP9 HW Decoder supported.
11-16 08:57:28.787: I/MediaCodecVideoDecoder(21867): [000:149] [21897] MediaCodecVideoDecoder: Trying to find HW decoder for mime video/avc
11-16 08:57:28.787: I/MediaCodecVideoDecoder(21867): [000:149] [21897] MediaCodecVideoDecoder: Found candidate decoder OMX.qcom.video.decoder.avc
11-16 08:57:28.787: I/MediaCodecVideoDecoder(21867): [000:149] [21897] MediaCodecVideoDecoder: Found target decoder OMX.qcom.video.decoder.avc. Color: 0x13
11-16 08:57:28.787: I/MediaCodecVideoDecoder(21867): [000:149] [21897] MediaCodecVideoDecoder: H264 HW Decoder supported.
11-16 08:57:28.787: I/libjingle(21867): [000:149] [21897] (webrtcvoiceengine.cc:210): WebRtcVoiceEngine::WebRtcVoiceEngine
11-16 08:57:28.787: I/libjingle(21867): [000:149] [21897] (webrtcvideoengine.cc:546): WebRtcVideoEngine::WebRtcVideoEngine()
11-16 08:57:28.788: I/libjingle(21867): [000:150] [21902] (webrtcvoiceengine.cc:233): WebRtcVoiceEngine::Init
11-16 08:57:28.789: I/libjingle(21867): [000:151] [21902] (webrtcvoiceengine.cc:240): Supported send codecs in order of preference:
11-16 08:57:28.789: I/libjingle(21867): [000:151] [21902] (webrtcvoiceengine.cc:243): opus/48000/2 { minptime=10 useinbandfec=1 } (111)
11-16 08:57:28.789: I/libjingle(21867): [000:151] [21902] (webrtcvoiceengine.cc:243): ISAC/16000/1 (103)
11-16 08:57:28.789: I/libjingle(21867): [000:151] [21902] (webrtcvoiceengine.cc:243): ISAC/32000/1 (104)
11-16 08:57:28.789: I/libjingle(21867): [000:151] [21902] (webrtcvoiceengine.cc:243): G722/8000/1 (9)
11-16 08:57:28.789: I/libjingle(21867): [000:151] [21902] (webrtcvoiceengine.cc:243): PCMU/8000/1 (0)
11-16 08:57:28.789: I/libjingle(21867): [000:151] [21902] (webrtcvoiceengine.cc:243): PCMA/8000/1 (8)
11-16 08:57:28.789: I/libjingle(21867): [000:151] [21902] (webrtcvoiceengine.cc:243): CN/32000/1 (106)
11-16 08:57:28.789: I/libjingle(21867): [000:151] [21902] (webrtcvoiceengine.cc:243): CN/16000/1 (105)
11-16 08:57:28.789: I/libjingle(21867): [000:151] [21902] (webrtcvoiceengine.cc:243): CN/8000/1 (13)
11-16 08:57:28.789: I/libjingle(21867): [000:151] [21902] (webrtcvoiceengine.cc:243): telephone-event/48000/1 (110)
11-16 08:57:28.789: I/libjingle(21867): [000:151] [21902] (webrtcvoiceengine.cc:243): telephone-event/32000/1 (112)
11-16 08:57:28.789: I/libjingle(21867): [000:151] [21902] (webrtcvoiceengine.cc:243): telephone-event/16000/1 (113)
11-16 08:57:28.789: I/libjingle(21867): [000:151] [21902] (webrtcvoiceengine.cc:243): telephone-event/8000/1 (126)
11-16 08:57:28.789: I/libjingle(21867): [000:151] [21902] (webrtcvoiceengine.cc:246): Supported recv codecs in order of preference:
11-16 08:57:28.789: I/libjingle(21867): [000:151] [21902] (webrtcvoiceengine.cc:249): opus/48000/2 { minptime=10 useinbandfec=1 } (111)
11-16 08:57:28.789: I/libjingle(21867): [000:152] [21902] (webrtcvoiceengine.cc:249): ISAC/16000/1 (103)
11-16 08:57:28.790: I/libjingle(21867): [000:152] [21902] (webrtcvoiceengine.cc:249): ISAC/32000/1 (104)
11-16 08:57:28.790: I/libjingle(21867): [000:152] [21902] (webrtcvoiceengine.cc:249): G722/8000/1 (9)
11-16 08:57:28.790: I/libjingle(21867): [000:152] [21902] (webrtcvoiceengine.cc:249): PCMU/8000/1 (0)
11-16 08:57:28.790: I/libjingle(21867): [000:152] [21902] (webrtcvoiceengine.cc:249): PCMA/8000/1 (8)
11-16 08:57:28.790: I/libjingle(21867): [000:152] [21902] (webrtcvoiceengine.cc:249): CN/32000/1 (106)
11-16 08:57:28.790: I/libjingle(21867): [000:152] [21902] (webrtcvoiceengine.cc:249): CN/16000/1 (105)
11-16 08:57:28.790: I/libjingle(21867): [000:152] [21902] (webrtcvoiceengine.cc:249): CN/8000/1 (13)
11-16 08:57:28.790: I/libjingle(21867): [000:152] [21902] (webrtcvoiceengine.cc:249): telephone-event/48000/1 (110)
11-16 08:57:28.790: I/libjingle(21867): [000:152] [21902] (webrtcvoiceengine.cc:249): telephone-event/32000/1 (112)
11-16 08:57:28.790: I/libjingle(21867): [000:152] [21902] (webrtcvoiceengine.cc:249): telephone-event/16000/1 (113)
11-16 08:57:28.790: I/libjingle(21867): [000:152] [21902] (webrtcvoiceengine.cc:249): telephone-event/8000/1 (126)
11-16 08:57:28.790: I/libjingle(21867): [000:152] [21902] (audio_device_impl.cc:74): Create
11-16 08:57:28.790: I/libjingle(21867): [000:152] [21902] (audio_device_buffer.cc:63): AudioDeviceBuffer::ctor
11-16 08:57:28.790: I/libjingle(21867): [000:152] [21902] (audio_device_impl.cc:108): AudioDeviceModuleImpl
11-16 08:57:28.790: I/libjingle(21867): [000:152] [21902] (audio_device_impl.cc:112): CheckPlatform
11-16 08:57:28.790: I/libjingle(21867): [000:152] [21902] (audio_device_impl.cc:120): current platform is Android
11-16 08:57:28.790: I/libjingle(21867): [000:152] [21902] (audio_device_impl.cc:142): CreatePlatformSpecificObjects
11-16 08:57:28.790: I/libjingle(21867): [000:152] [21902] (audio_device_impl.cc:906): PlatformAudioLayer
11-16 08:57:28.790: I/libjingle(21867): [000:152] [21902] (jvm_android.cc:73): AttachCurrentThreadIfNeeded::ctor
11-16 08:57:28.790: I/libjingle(21867): [000:152] [21902] (jvm_android.cc:78): Attaching thread to JVM
11-16 08:57:28.791: I/libjingle(21867): [000:153] [21902] (jvm_android.cc:262): JVM::environment
11-16 08:57:28.791: I/libjingle(21867): [000:153] [21902] (jvm_android.cc:186): JNIEnvironment::ctor
11-16 08:57:28.791: I/libjingle(21867): [000:153] [21902] (audio_manager.cc:71): ctor
11-16 08:57:28.791: I/libjingle(21867): [000:153] [21902] (jvm_android.cc:196): JNIEnvironment::RegisterNatives: org/webrtc/voiceengine/WebRtcAudioManager
11-16 08:57:28.791: I/libjingle(21867): [000:153] [21902] (jvm_android.cc:135): NativeRegistration::ctor
11-16 08:57:28.791: I/libjingle(21867): [000:153] [21902] (jvm_android.cc:146): NativeRegistration::NewObject
11-16 08:57:28.792: I/WebRtcAudioManager(21867): [000:154] [21902] WebRtcAudioManager: ctor@[name=Thread-3, id=884]
11-16 08:57:28.792: D/QSEECOMAPI(21936): Loaded image: APP id = 503
11-16 08:57:28.794: E/fpc_tac(21936): fpcbuildinfo : 575ddab5b91efea67ee1d200fc813ff2fpc_bio=bd35c3fec78219829149bea6c9ec961e6f655b90C:prodtestlib=4304cf5c884c198624b749af3482befacbd3028eC:fpc_c_core=dc194509594e837dedfb5452aaf06fcb61977135C:fpc_lib=cd5b7b876c3d69afa68a11ac6fd86f873e70817bC:cac=297e11552c60a3607ed664cf44c3e4b36ab2e737C:fpc_bio_interface=94a457caecae31eca8ef04b64c3f82a018e9bbc0C:fpc_sensor=ba909a5500944acafe47a0ef3a49f89509aadfb6C:tools_core=94ddf1e684cfa6c99f0f237f7cc35f3962e0e597C:sensor_settings=4fcf864fb493ae0272a9b2806446b379d99fd8ceC:fingerprint_ta=066bc0ab880960a4a69b74a328c7d7871c72225bC:fingerprint_pal=0deb9a478a3572872639f9cb2559ccc464ee3f9bC:manifests=dcb3d8ab0bdb7a5b341839d8c75bb88fc7f5e1a4C:Manifesttag=SW23.3.0-PDR1.0.5:jenkins@84ffd74dac44:Thu,17May201810:17:08+0200:FPC_SENSOR_TYPE=FPC_SENSOR_TYPE_FPC1270:FPC_CC_TYPE=FPC_COMPANION_CHIP_FPC2050:FPC_C_TYPE=FPC_COATING_NORMAL
11-16 08:57:28.794: E/fpc_tac(21936): fpcbuildtype : build=RELEASE sensor=9
11-16 08:57:28.798: W/EventHub(1248): Unable to disable kernel key repeat for /dev/input/event3: Function not implemented
11-16 08:57:28.799: I/EventHub(1248): wakeMechanism=EPOLLWAKEUP, usingClockIoctl=true
11-16 08:57:28.799: I/EventHub(1248): New device: id=503, fd=333, path='/dev/input/event3', name='uinput-fpc', classes=0x101, configuration='/system/usr/idc/uinput-fpc.idc', keyLayout='/system/usr/keylayout/uinput-fpc.kl', keyCharacterMap='/system/usr/keychars/Generic.kcm', builtinKeyboard=true, 
11-16 08:57:28.799: W/InputReader(1248): Ignoring spurious device added event for deviceId 0.
11-16 08:57:28.801: I/WebRtcAudioManager(21867): [000:163] [21902] WebRtcAudioManager: Sample rate is set to 48000 Hz
11-16 08:57:28.811: I/WebRtcAudioEffects(21867): [000:173] [21902] WebRtcAudioEffects: canUseAcousticEchoCanceler: true
11-16 08:57:28.811: I/WebRtcAudioEffects(21867): [000:173] [21902] WebRtcAudioEffects: canUseNoiseSuppressor: true
11-16 08:57:28.812: W/WebRtcAudioManager(21867): [000:174] [21902] WebRtcAudioManager: AAudio support is currently disabled on all devices!
11-16 08:57:28.814: I/libjingle(21867): [000:176] [21902] (audio_manager.cc:276): OnCacheAudioParameters: hardware_aec: 1, hardware_agc: 0, hardware_ns: 1, low_latency_output: 1, low_latency_input: 1, pro_audio: 1, a_audio: 0, sample_rate: 48000, output_channels: 1, input_channels: 1, output_buffer_size: 96, input_buffer_size: 96
11-16 08:57:28.815: I/WebRtcAudioManager(21867): [000:177] [21902] WebRtcAudioManager: Android SDK: 28, Release: 9, Brand: google, Device: blueline, Id: PQ3A.190801.002, Hardware: blueline, Manufacturer: Google, Model: Pixel 3, Product: blueline
11-16 08:57:28.819: W/DeviceHAL(745): Error from HAL Device in function get_mic_mute: Function not implemented
11-16 08:57:28.819: W/DeviceHAL(745): Error from HAL Device in function get_mic_mute: Function not implemented
11-16 08:57:28.822: I/WebRtcAudioManager(21867): [000:184] [21902] WebRtcAudioManager: Audio State: audio mode: MODE_NORMAL, has mic: true, mic muted: false, music active: false, speakerphone: false, BT SCO: false
11-16 08:57:28.822: I/WebRtcAudioManager(21867): [000:184] [21902] WebRtcAudioManager: Audio State: 
11-16 08:57:28.822: I/WebRtcAudioManager(21867): [000:184] [21902] WebRtcAudioManager:   fixed volume=false
11-16 08:57:28.825: I/WebRtcAudioManager(21867): [000:187] [21902] WebRtcAudioManager:   STREAM_VOICE_CALL: volume=1, max=7, muted=false
11-16 08:57:28.827: I/WebRtcAudioManager(21867): [000:189] [21902] WebRtcAudioManager:   STREAM_MUSIC: volume=0, max=25, muted=false
11-16 08:57:28.829: I/WebRtcAudioManager(21867): [000:191] [21902] WebRtcAudioManager:   STREAM_RING: volume=0, max=7, muted=true
11-16 08:57:28.830: I/WebRtcAudioManager(21867): [000:192] [21902] WebRtcAudioManager:   STREAM_ALARM: volume=1, max=7, muted=false
11-16 08:57:28.833: I/WebRtcAudioManager(21867): [000:195] [21902] WebRtcAudioManager:   STREAM_NOTIFICATION: volume=0, max=7, muted=true
11-16 08:57:28.834: I/WebRtcAudioManager(21867): [000:196] [21902] WebRtcAudioManager:   STREAM_SYSTEM: volume=0, max=7, muted=true
11-16 08:57:28.841: I/WebRtcAudioManager(21867): [000:203] [21902] WebRtcAudioManager: Audio Devices: 
11-16 08:57:28.841: I/WebRtcAudioManager(21867): [000:203] [21902] WebRtcAudioManager:   TYPE_BUILTIN_EARPIECE(out): id=2
11-16 08:57:28.841: I/WebRtcAudioManager(21867): [000:203] [21902] WebRtcAudioManager:   TYPE_BUILTIN_SPEAKER(out): id=3
11-16 08:57:28.841: I/WebRtcAudioManager(21867): [000:203] [21902] WebRtcAudioManager:   TYPE_TELEPHONY(out): id=11
11-16 08:57:28.841: I/WebRtcAudioManager(21867): [000:203] [21902] WebRtcAudioManager:   TYPE_BUILTIN_MIC(in): channels=[1, 2, 3], encodings=[4], sample rates=[8000, 11025, 12000, 16000, 22050, 24000, 32000, 44100, 48000], id=18
11-16 08:57:28.841: I/WebRtcAudioManager(21867): [000:203] [21902] WebRtcAudioManager:   TYPE_BUILTIN_MIC(in): channels=[1, 2, 3], encodings=[4], sample rates=[8000, 11025, 12000, 16000, 22050, 24000, 32000, 44100, 48000], id=19
11-16 08:57:28.841: I/WebRtcAudioManager(21867): [000:203] [21902] WebRtcAudioManager:   TYPE_TELEPHONY(in): channels=[1, 2], encodings=[2], sample rates=[8000, 16000, 48000], id=22
11-16 08:57:28.841: I/libjingle(21867): [000:204] [21902] (jvm_android.cc:98): GlobalRef::ctor
11-16 08:57:28.842: I/libjingle(21867): [000:204] [21902] (audio_manager.cc:36): JavaAudioManager::ctor
11-16 08:57:28.842: I/WebRtcAudioManager(21867): [000:204] [21902] WebRtcAudioManager: Pixel 3 is blacklisted for OpenSL ES usage!
11-16 08:57:28.842: I/WebRtcAudioManager(21867): [000:204] [21902] WebRtcAudioManager: Pixel 3 is blacklisted for OpenSL ES usage!
11-16 08:57:28.842: I/libjingle(21867): [000:204] [21902] (jvm_android.cc:73): AttachCurrentThreadIfNeeded::ctor
11-16 08:57:28.842: I/libjingle(21867): [000:204] [21902] (jvm_android.cc:262): JVM::environment
11-16 08:57:28.842: I/libjingle(21867): [000:204] [21902] (jvm_android.cc:186): JNIEnvironment::ctor
11-16 08:57:28.842: I/libjingle(21867): [000:204] [21902] (audio_track_jni.cc:73): ctor
11-16 08:57:28.842: I/libjingle(21867): [000:204] [21902] (jvm_android.cc:196): JNIEnvironment::RegisterNatives: org/webrtc/voiceengine/WebRtcAudioTrack
11-16 08:57:28.842: I/libjingle(21867): [000:204] [21902] (jvm_android.cc:135): NativeRegistration::ctor
11-16 08:57:28.842: I/libjingle(21867): [000:204] [21902] (jvm_android.cc:146): NativeRegistration::NewObject
11-16 08:57:28.842: I/WebRtcAudioTrack(21867): [000:204] [21902] WebRtcAudioTrack: ctor@[name=Thread-3, id=884]
11-16 08:57:28.842: I/libjingle(21867): [000:204] [21902] (jvm_android.cc:98): GlobalRef::ctor
11-16 08:57:28.842: I/libjingle(21867): [000:204] [21902] (jvm_android.cc:73): AttachCurrentThreadIfNeeded::ctor
11-16 08:57:28.842: I/libjingle(21867): [000:204] [21902] (jvm_android.cc:262): JVM::environment
11-16 08:57:28.842: I/libjingle(21867): [000:205] [21902] (jvm_android.cc:186): JNIEnvironment::ctor
11-16 08:57:28.842: I/libjingle(21867): [000:205] [21902] (audio_record_jni.cc:96): ctor
11-16 08:57:28.842: I/libjingle(21867): [000:205] [21902] (jvm_android.cc:196): JNIEnvironment::RegisterNatives: org/webrtc/voiceengine/WebRtcAudioRecord
11-16 08:57:28.843: I/libjingle(21867): [000:205] [21902] (jvm_android.cc:135): NativeRegistration::ctor
11-16 08:57:28.843: I/libjingle(21867): [000:205] [21902] (jvm_android.cc:146): NativeRegistration::NewObject
11-16 08:57:28.843: I/WebRtcAudioRecord(21867): [000:205] [21902] WebRtcAudioRecord: ctor@[name=Thread-3, id=884]
11-16 08:57:28.843: I/WebRtcAudioEffects(21867): [000:205] [21902] WebRtcAudioEffects: ctor@[name=Thread-3, id=884]
11-16 08:57:28.843: I/libjingle(21867): [000:205] [21902] (jvm_android.cc:98): GlobalRef::ctor
11-16 08:57:28.843: I/libjingle(21867): [000:205] [21902] (audio_device_template.h:42): AudioDeviceTemplate
11-16 08:57:28.843: I/libjingle(21867): [000:205] [21902] (audio_manager.cc:93): SetActiveAudioLayer: 5
11-16 08:57:28.843: I/libjingle(21867): [000:205] [21902] (audio_manager.cc:106): delay_estimate_in_milliseconds: 150
11-16 08:57:28.843: I/libjingle(21867): [000:205] [21902] (audio_device_impl.cc:282): AttachAudioBuffer
11-16 08:57:28.843: I/libjingle(21867): [000:205] [21902] (audio_device_template.h:371): AttachAudioBuffer
11-16 08:57:28.843: I/libjingle(21867): [000:205] [21902] (audio_track_jni.cc:196): AttachAudioBuffer
11-16 08:57:28.843: I/libjingle(21867): [000:205] [21902] (audio_track_jni.cc:200): SetPlayoutSampleRate(48000)
11-16 08:57:28.843: I/libjingle(21867): [000:205] [21902] (audio_device_buffer.cc:192): SetPlayoutSampleRate(48000)
11-16 08:57:28.843: I/libjingle(21867): [000:205] [21902] (audio_track_jni.cc:203): SetPlayoutChannels(1)
11-16 08:57:28.843: I/libjingle(21867): [000:205] [21902] (audio_device_buffer.cc:216): SetPlayoutChannels(1)
11-16 08:57:28.843: I/libjingle(21867): [000:205] [21902] (audio_record_jni.cc:198): AttachAudioBuffer
11-16 08:57:28.843: I/libjingle(21867): [000:205] [21902] (audio_record_jni.cc:202): SetRecordingSampleRate(48000)
11-16 08:57:28.843: I/libjingle(21867): [000:205] [21902] (audio_device_buffer.cc:185): SetRecordingSampleRate(48000)
11-16 08:57:28.843: I/libjingle(21867): [000:205] [21902] (audio_record_jni.cc:205): SetRecordingChannels(1)
11-16 08:57:28.843: I/libjingle(21867): [000:205] [21902] (audio_device_buffer.cc:209): SetRecordingChannels(1)
11-16 08:57:28.843: I/libjingle(21867): [000:205] [21902] (audio_record_jni.cc:210): total_delay_in_milliseconds: 150
11-16 08:57:28.843: I/libjingle(21867): [000:205] [21902] (audio_device_impl.cc:302): Init
11-16 08:57:28.843: I/libjingle(21867): [000:205] [21902] (audio_device_template.h:57): Init
11-16 08:57:28.843: I/libjingle(21867): [000:205] [21902] (audio_manager.cc:152): Init
11-16 08:57:28.843: I/WebRtcAudioManager(21867): [000:205] [21902] WebRtcAudioManager: init@[name=Thread-3, id=884]
11-16 08:57:28.845: I/WebRtcAudioManager(21867): [000:207] [21902] WebRtcAudioManager: audio mode is: MODE_NORMAL
11-16 08:57:28.846: I/libjingle(21867): [000:208] [21902] (audio_track_jni.cc:101): Init
11-16 08:57:28.846: I/libjingle(21867): [000:208] [21902] (audio_record_jni.cc:124): Init
11-16 08:57:28.846: I/libjingle(21867): [000:208] [21902] (audio_device_impl.cc:643): SetPlayoutDevice(0)
11-16 08:57:28.846: I/libjingle(21867): [000:208] [21902] (audio_device_template.h:120): SetPlayoutDevice
11-16 08:57:28.846: I/libjingle(21867): [000:208] [21902] (audio_device_impl.cc:335): InitSpeaker
11-16 08:57:28.846: I/libjingle(21867): [000:208] [21902] (audio_device_template.h:219): InitSpeaker
11-16 08:57:28.846: I/libjingle(21867): [000:208] [21902] (audio_device_impl.cc:547): StereoPlayoutIsAvailable
11-16 08:57:28.846: I/libjingle(21867): [000:208] [21902] (audio_device_template.h:321): StereoPlayoutIsAvailable
11-16 08:57:28.846: I/libjingle(21867): [000:208] [21902] (audio_device_impl.cc:554): output: 0
11-16 08:57:28.846: I/libjingle(21867): [000:208] [21902] (audio_device_impl.cc:559): SetStereoPlayout(0)
11-16 08:57:28.846: I/libjingle(21867): [000:208] [21902] (audio_device_template.h:155): PlayoutIsInitialized
11-16 08:57:28.846: I/libjingle(21867): [000:208] [21902] (audio_device_template.h:327): SetStereoPlayout
11-16 08:57:28.846: I/libjingle(21867): [000:208] [21902] (audio_device_buffer.cc:216): SetPlayoutChannels(1)
11-16 08:57:28.846: I/libjingle(21867): [000:208] [21902] (audio_device_impl.cc:705): SetRecordingDevice(0)
11-16 08:57:28.846: I/libjingle(21867): [000:208] [21902] (audio_device_template.h:133): SetRecordingDevice
11-16 08:57:28.846: I/libjingle(21867): [000:208] [21902] (audio_device_impl.cc:341): InitMicrophone
11-16 08:57:28.846: I/libjingle(21867): [000:208] [21902] (audio_device_template.h:229): InitMicrophone
11-16 08:57:28.846: I/libjingle(21867): [000:208] [21902] (audio_device_impl.cc:504): StereoRecordingIsAvailable
11-16 08:57:28.846: I/libjingle(21867): [000:208] [21902] (audio_device_template.h:342): StereoRecordingIsAvailable
11-16 08:57:28.846: I/libjingle(21867): [000:208] [21902] (audio_device_impl.cc:511): output: 0
11-16 08:57:28.846: I/libjingle(21867): [000:208] [21902] (audio_device_impl.cc:516): SetStereoRecording(0)
11-16 08:57:28.846: I/libjingle(21867): [000:208] [21902] (audio_device_template.h:171): RecordingIsInitialized
11-16 08:57:28.846: I/libjingle(21867): [000:209] [21902] (audio_device_template.h:348): SetStereoRecording
11-16 08:57:28.846: I/libjingle(21867): [000:209] [21902] (audio_device_buffer.cc:209): SetRecordingChannels(1)
11-16 08:57:28.847: I/libjingle(21867): [000:209] [21902] (audio_processing_impl.cc:441): Capture post processor activated: 0
11-16 08:57:28.847: I/libjingle(21867): Render pre processor activated: 0
11-16 08:57:28.847: I/libjingle(21867): [000:209] [21902] (audio_processing_impl.cc:704): Highpass filter activated: 0
11-16 08:57:28.847: I/libjingle(21867): [000:209] [21902] (audio_processing_impl.cc:717): Gain Controller 2 activated: 0
11-16 08:57:28.847: I/libjingle(21867): [000:209] [21902] (audio_device_impl.cc:818): RegisterAudioCallback
11-16 08:57:28.847: I/libjingle(21867): [000:209] [21902] (audio_device_buffer.cc:83): RegisterAudioCallback
11-16 08:57:28.847: I/libjingle(21867): [000:209] [21902] (webrtcvoiceengine.cc:323): WebRtcVoiceEngine::ApplyOptions: AudioOptions {aec: true, agc: true, ns: true, hf: true, swap: false, audio_jitter_buffer_max_packets: 50, audio_jitter_buffer_fast_accelerate: false, typing: true, experimental_agc: false, extended_filter_aec: false, delay_agnostic_aec: false, experimental_ns: false, intelligibility_enhancer: false, residual_echo_detector: true, }
11-16 08:57:28.847: I/libjingle(21867): [000:209] [21902] (webrtcvoiceengine.cc:401): Disable AGC according to field trial.
11-16 08:57:28.847: I/libjingle(21867): [000:209] [21902] (audio_device_impl.cc:834): BuiltInAECIsAvailable
11-16 08:57:28.847: I/libjingle(21867): [000:209] [21902] (audio_device_template.h:389): BuiltInAECIsAvailable
11-16 08:57:28.847: I/libjingle(21867): [000:209] [21902] (audio_device_impl.cc:837): output: 1
11-16 08:57:28.847: I/libjingle(21867): [000:209] [21902] (audio_device_impl.cc:842): EnableBuiltInAEC(1)
11-16 08:57:28.847: I/libjingle(21867): [000:209] [21902] (audio_device_template.h:395): EnableBuiltInAEC(1)
11-16 08:57:28.847: I/libjingle(21867): [000:209] [21902] (audio_device_template.h:389): BuiltInAECIsAvailable
11-16 08:57:28.847: I/libjingle(21867): [000:210] [21902] (audio_record_jni.cc:215): EnableBuiltInAEC(1)
11-16 08:57:28.848: I/WebRtcAudioRecord(21867): [000:210] [21902] WebRtcAudioRecord: enableBuiltInAEC(true)
11-16 08:57:28.848: I/WebRtcAudioEffects(21867): [000:210] [21902] WebRtcAudioEffects: setAEC(true)
11-16 08:57:28.848: I/WebRtcAudioEffects(21867): [000:210] [21902] WebRtcAudioEffects: canUseAcousticEchoCanceler: true
11-16 08:57:28.848: I/libjingle(21867): [000:210] [21902] (audio_device_impl.cc:845): output: 0
11-16 08:57:28.848: I/libjingle(21867): [000:210] [21902] (webrtcvoiceengine.cc:434): Disabling EC since built-in EC will be used instead
11-16 08:57:28.848: I/libjingle(21867): [000:210] [21902] (apm_helpers.cc:118): Echo control set to 0 with mode 1
11-16 08:57:28.848: I/libjingle(21867): [000:210] [21902] (apm_helpers.cc:139): CNG set to 0
11-16 08:57:28.848: I/libjingle(21867): [000:210] [21902] (audio_device_impl.cc:850): BuiltInAGCIsAvailable
11-16 08:57:28.848: I/libjingle(21867): [000:210] [21902] (audio_device_template.h:405): BuiltInAGCIsAvailable
11-16 08:57:28.848: I/libjingle(21867): [000:210] [21902] (audio_device_impl.cc:853): output: 0
11-16 08:57:28.848: I/libjingle(21867): [000:210] [21902] (apm_helpers.cc:82): AGC set to 0 with mode 2
11-16 08:57:28.848: I/libjingle(21867): [000:210] [21902] (audio_device_impl.cc:866): BuiltInNSIsAvailable
11-16 08:57:28.848: I/libjingle(21867): [000:210] [21902] (audio_device_template.h:421): BuiltInNSIsAvailable
11-16 08:57:28.848: I/libjingle(21867): [000:210] [21902] (audio_device_impl.cc:869): output: 1
11-16 08:57:28.848: I/libjingle(21867): [000:210] [21902] (audio_device_impl.cc:874): EnableBuiltInNS(1)
11-16 08:57:28.848: I/libjingle(21867): [000:210] [21902] (audio_device_template.h:427): EnableBuiltInNS(1)
11-16 08:57:28.848: I/libjingle(21867): [000:210] [21902] (audio_device_template.h:421): BuiltInNSIsAvailable
11-16 08:57:28.848: I/libjingle(21867): [000:210] [21902] (audio_record_jni.cc:227): EnableBuiltInNS(1)
11-16 08:57:28.848: I/WebRtcAudioRecord(21867): [000:210] [21902] WebRtcAudioRecord: enableBuiltInNS(true)
11-16 08:57:28.848: I/WebRtcAudioEffects(21867): [000:210] [21902] WebRtcAudioEffects: setNS(true)
11-16 08:57:28.848: I/WebRtcAudioEffects(21867): [000:210] [21902] WebRtcAudioEffects: canUseNoiseSuppressor: true
11-16 08:57:28.848: I/libjingle(21867): [000:210] [21902] (audio_device_impl.cc:877): output: 0
11-16 08:57:28.848: I/libjingle(21867): [000:211] [21902] (webrtcvoiceengine.cc:498): Disabling NS since built-in NS will be used instead
11-16 08:57:28.848: I/libjingle(21867): [000:211] [21902] (apm_helpers.cc:153): NS set to 0
11-16 08:57:28.849: I/libjingle(21867): [000:211] [21902] (webrtcvoiceengine.cc:506): Stereo swapping enabled? 0
11-16 08:57:28.849: I/libjingle(21867): [000:211] [21902] (webrtcvoiceengine.cc:511): NetEq capacity is 50
11-16 08:57:28.849: I/libjingle(21867): [000:211] [21902] (webrtcvoiceengine.cc:517): NetEq fast mode? 0
11-16 08:57:28.849: I/libjingle(21867): [000:211] [21902] (webrtcvoiceengine.cc:524): Typing detection is enabled? 0
11-16 08:57:28.849: I/libjingle(21867): [000:211] [21902] (apm_helpers.cc:167): VAD set to 0 for typing detection.
11-16 08:57:28.849: I/libjingle(21867): [000:211] [21902] (webrtcvoiceengine.cc:535): Delay agnostic aec is enabled? 0
11-16 08:57:28.849: I/libjingle(21867): [000:211] [21902] (webrtcvoiceengine.cc:545): Extended filter aec is enabled? 0
11-16 08:57:28.849: I/libjingle(21867): [000:211] [21902] (webrtcvoiceengine.cc:555): Experimental ns is enabled? 0
11-16 08:57:28.849: I/libjingle(21867): [000:211] [21902] (webrtcvoiceengine.cc:561): Intelligibility Enhancer is enabled? 0
11-16 08:57:28.849: I/libjingle(21867): [000:211] [21902] (audio_processing_impl.cc:704): Highpass filter activated: 1
11-16 08:57:28.849: I/libjingle(21867): [000:211] [21902] (audio_processing_impl.cc:717): Gain Controller 2 activated: 0
11-16 08:57:28.849: I/libjingle(21867): [000:211] [21903] (messagequeue.cc:535): Message took 61ms to dispatch. Posted from: CreateModularPeerConnectionFactory@third_party/webrtc/files/stable/webrtc/pc/peerconnectionfactory.cc:80
11-16 08:57:28.849: I/libjingle(21867): [000:211] [21897] (ownedfactoryandthreads.cc:31): InvokeJavaCallbacksOnFactoryThreads.
11-16 08:57:28.849: I/libjingle(21867): [000:211] [21901] (peerconnectionfactory.cc:91): Network thread JavaCallback
11-16 08:57:28.850: I/PeerConnectionFactory(21867): [000:212] [21901] PeerConnectionFactory: onNetworkThreadReady
11-16 08:57:28.850: I/libjingle(21867): [000:212] [21902] (peerconnectionfactory.cc:97): Worker thread JavaCallback
11-16 08:57:28.850: I/PeerConnectionFactory(21867): [000:212] [21902] PeerConnectionFactory: onWorkerThreadReady
11-16 08:57:28.850: I/libjingle(21867): [000:212] [21903] (peerconnectionfactory.cc:103): Signaling thread JavaCallback
11-16 08:57:28.851: I/PeerConnectionFactory(21867): [000:213] [21903] PeerConnectionFactory: onSignalingThreadReady
11-16 08:57:28.851: I/WebRtcAudioTrack(21867): [000:213] [21897] WebRtcAudioTrack: Set extended error callback
11-16 08:57:28.851: I/WebRtcAudioRecord(21867): [000:213] [21897] WebRtcAudioRecord: Set error callback
11-16 08:57:28.861: I/ActivityManager(1248): Start proc 21943:com.google.intelligence.sense/u0a31 for broadcast com.google.intelligence.sense/.ambientmusic.SystemBroadcastReceiver
11-16 08:57:28.867: E/elligence.sens(21943): Not starting debugger since process cannot load the jdwp agent.
11-16 08:57:28.910: W/native(21943): commandlineflags.cc:1511 Ignoring RegisterValidateFunction() for flag pointer 0x6f6bc0f598: no flag found at that address
11-16 08:57:28.916: V/BackupManagerConstants(1248): getFullBackupRequiredNetworkType(...) returns 2
11-16 08:57:28.916: V/BackupManagerConstants(1248): getFullBackupRequireCharging(...) returns true
11-16 08:57:28.942: E/elligence.sens(21943): The String#value field is not present on Android versions >= 6.0
11-16 08:57:29.013: I/Superpacks(21943): Releasing all superpacks except ambientmusic-index-17_09_02
11-16 08:57:29.032: I/Superpacks(21943): Starting garbage collection
11-16 08:57:29.033: W/Superpacks(21943): isDirectory returned false while listing files for /data/user/0/com.google.intelligence.sense/files/superpacks
11-16 08:57:29.036: I/SoundTriggerModelLoader(21943): Unloading model 9f6ad62a-1f0b-11e7-87c5-40a8f03d3f15
11-16 08:57:29.036: I/SoundTriggerManagerComp(21943): Unloading model 9f6ad62a-1f0b-11e7-87c5-40a8f03d3f15
11-16 08:57:29.036: I/SoundTriggerService(1248): deleteSoundModel(): id = 9f6ad62a-1f0b-11e7-87c5-40a8f03d3f15
11-16 08:57:29.037: W/SoundTriggerHelper(1248): Unload error: Attempting unload invalid generic model with id:9f6ad62a-1f0b-11e7-87c5-40a8f03d3f15
11-16 08:57:29.049: E/GooglePlayServicesUtil(21778): The Google Play services resources were not found. Check your project configuration to ensure that the resources are included.
11-16 08:57:29.055: I/SettingsActivityAvailab(21797): Disabling com.google.android.apps.multidevice.client.ui.pixel.SettingsActivity.
11-16 08:57:29.056: D/GservicesChangeReceiver(6014): Gservices Changed broadcast Received. context is android.app.ReceiverRestrictedContext@e951b64
11-16 08:57:29.062: D/GservicesChangeReceiver(6014): Gservices allowPowerAnomalyData is False.
11-16 08:57:29.062: D/ConnMetrics:App(21778): IsOptedIn = false
11-16 08:57:29.063: D/ConnectivityMonitorManager(6014): Service com.google.android.connectivitymonitor.PowerAnomalyDetectorService is not running...
11-16 08:57:29.066: I/TestSupport(13470): AwaitCommitOperation: uncommitted: FlagOverride(com.google.android.gms.auth.api.credentials, , Flag(SaveStrategy__enableSaving, false, 2, 0), false) [CONTEXT service_id=133 ]
11-16 08:57:29.066: I/TestSupport(13470): AwaitCommitOperation:  sleeping for 640 msec. [CONTEXT service_id=133 ]
11-16 08:57:29.070: D/GservicesChangeReceiver(6014): Gservices allowLowPowerMonitoring is False.
11-16 08:57:29.071: D/ConnectivityMonitorManager(6014): Service com.google.android.connectivitymonitor.LowPowerMonitorService is not running...
11-16 08:57:29.086: D/GservicesChangeReceiver(6014): Gservices isConnectivityMonitorEnabled is True.
11-16 08:57:29.089: D/ConnectivityMonitorManager(6014): Service com.google.android.connectivitymonitor.ConnectivityMonitorService is running...
11-16 08:57:29.092: I/EuiccGoogle(21816): [2] GservicesChangedReceiver.onReceive: Setting EUICC_SUPPORTED_COUNTRIES to de,gb,in,us
11-16 08:57:29.100: I/Backup(13470): [GmsBackupStatusChangeReceiver] Going to enable gms backup transport.
11-16 08:57:29.112: I/GmsModuleFndr(13470): Beginning GMS chimera module scan
11-16 08:57:29.113: I/Herrevad(11048): [1008] zcq.a: updateListenState
11-16 08:57:29.116: I/NetRec(11048): [1008] aiad.a: onConfigChanged()
11-16 08:57:29.118: I/Auth(11048): [AuthManaged, PasswordComplexityHelperImpl] Updating password complexity components state.
11-16 08:57:29.118: I/Auth(11048): [AuthManaged, PasswordComplexityHelperImpl] Enabling com.google.android.gms.auth.managed.ui.SetNewPasswordActivity
11-16 08:57:29.123: I/BgTaskExecutorImpl(10133): Starting NONEXCLUSIVE background task UPDATE_GSERVICES_CONFIG.
11-16 08:57:29.124: I/NetRec(11048): [1008] aiad.a: Cancelling all NetRec GCM tasks
11-16 08:57:29.128: W/SearchServiceCore(10133): Abort, client detached.
11-16 08:57:29.129: I/GservicesUpdateTask(10133): Updating Gservices keys
11-16 08:57:29.130: I/NetRec(11048): [1013] ClearDatabaseService.onHandleIntent: Clearing score cache
11-16 08:57:29.131: I/ModuleSetMgr(13470): Computing pending module set with APKs: [[AdsFdrDynamite.integ:213806100100000], [Enpromo.integ:214106000100000], [Pay.optional:213614100000], [VisionOcr.optional:213614100400], [AdsFdrDynamite.integ:212104400100000], [Cronetdynamite:213614100400], [Dynamiteloader:213614100000], [Dynamitemodulesa:213614100000], [Dynamitemodulesc:213614100000], [Googlecertificates:213614100000], [Mapsdynamite:213614100000], [Measurementdynamite:213614100000]]
11-16 08:57:29.141: I/GCoreUlr(11048): WorldUpdater received intent Intent { act=com.google.android.location.reporting.ACTION_UPDATE_WORLD cmp=com.google.android.gms/com.google.android.location.reporting.service.DispatchingService (has extras) } with receiverAction com.google.gservices.intent.action.GSERVICES_CHANGED [CONTEXT service_id=22 ]
11-16 08:57:29.143: I/GCoreUlr(11048): WorldUpdater:com.google.gservices.intent.action.GSERVICES_CHANGED: Ensuring that reporting is stopped because of reasons: (no Google accounts) [CONTEXT service_id=22 ]
11-16 08:57:29.145: I/GCoreUlr(11048): Unbound from all signal providers. [CONTEXT service_id=22 ]
11-16 08:57:29.145: I/ModuleSetMgr(13470): Pending container module APKs: [[Pay.optional:213614100000], [VisionOcr.optional:213614100400]]
11-16 08:57:29.145: I/ModuleSetMgr(13470): Pending non-container module APKs: [[Enpromo.integ:214106000100000], [AdsFdrDynamite.integ:213806100100000]]
11-16 08:57:29.153: I/GCoreUlr(11048): DispatchingService ignoring Intent { act=android.net.wifi.WIFI_STATE_CHANGED flg=0x4000010 (has extras) } because ULR inactive [CONTEXT service_id=22 ]
11-16 08:57:29.155: I/GCoreUlr(11048): Unbound from all signal providers. [CONTEXT service_id=22 ]
11-16 08:57:29.155: I/GCoreUlr(11048): Stopping handler for UlrDispSvcFast [CONTEXT service_id=22 ]
11-16 08:57:29.172: W/PackageParser(13470): Unknown element under <manifest>: queries at /data/user_de/0/com.google.android.gms/app_chimera/m/00000007/AdsDynamite.apk Binary XML file line #5
11-16 08:57:29.189: W/PackageParser(13470): Unknown element under <manifest>: queries at /data/user_de/0/com.google.android.gms/app_chimera/m/00000011/dl-AdsFdrDynamite.integ_213806100100000.apk Binary XML file line #11
11-16 08:57:29.196: I/RecoverableKeyStoreGms(13470): [RecoverableKeyStoreGmsInitOperation] Initializing auth_folsom
11-16 08:57:29.197: I/RecoverableKeyStoreGms(13470): [RecoverableKeyStoreGmsInitOperation] com.google.android.gms.auth.folsom.service.FolsomPublicKeyUpdateService is already enabled. Ignore.
11-16 08:57:29.197: I/RecoverableKeyStoreGms(13470): [RecoverableKeyStoreGmsInitOperation] com.google.android.gms.auth.folsom.service.GcmReceiverService is already enabled. Ignore.
11-16 08:57:29.200: I/ChromeSync(13470): [Sync,SyncIntentOperation] Handling the intent: Intent { act=com.google.gservices.intent.action.GSERVICES_CHANGED flg=0x1000010 pkg=com.google.android.gms cmp=com.google.android.gms/.chimera.GmsIntentOperationService$PersistentInternalReceiver }.
11-16 08:57:29.201: V/RecoverableKeyStoreMgr(1248): Not updating secret types - same as old value.
11-16 08:57:29.202: I/RecoverableKeyStoreGms(13470): [RecoverableKeyStoreGmsInitOperation] Setting vault handle
11-16 08:57:29.203: V/RecoverableKeyStoreMgr(1248): Not updating server params - same as old value.
11-16 08:57:29.204: I/RecoverableKeyStoreGms(13470): [EnrollmentManager] Returning certificates list from cache
11-16 08:57:29.205: I/MS_Utils(13470): version of com.google.android.apps.maps = 1022101040
11-16 08:57:29.206: I/MdiSyncModule(13470): flag handling is skipping irrelevant intent.
11-16 08:57:29.206: I/MobileDataHub(13470): Scheduling periodic tasks
11-16 08:57:29.207: W/MobileDataHub(13470): [Service] appsupload-periodic periodic task disabled
11-16 08:57:29.209: I/SystemUpdate(13470): [Installation,ReceiverIntentOperation] Received intent: Intent { act=com.google.gservices.intent.action.GSERVICES_CHANGED flg=0x1000010 pkg=com.google.android.gms cmp=com.google.android.gms/.chimera.GmsIntentOperationService$PersistentInternalReceiver }.
11-16 08:57:29.219: W/DynamiteModule(13470): Local module descriptor class for com.google.android.gms.vision.dynamite.ocr not found.
11-16 08:57:29.219: I/DynamiteModule(13470): Considering local module com.google.android.gms.vision.dynamite.ocr:0 and remote module com.google.android.gms.vision.dynamite.ocr:0
11-16 08:57:29.219: I/DynamiteModule(13470): Considering local module com.google.android.gms.vision.ocr:0 and remote module com.google.android.gms.vision.ocr:1
11-16 08:57:29.219: I/DynamiteModule(13470): Selected remote version of com.google.android.gms.vision.ocr, version >= 1
11-16 08:57:29.221: I/SoundTriggerModelLoader(21943): Unloading model 9f6ad62a-1f0b-11e7-87c5-40a8f03d3f15
11-16 08:57:29.221: I/SoundTriggerManagerComp(21943): Unloading model 9f6ad62a-1f0b-11e7-87c5-40a8f03d3f15
11-16 08:57:29.221: I/SoundTriggerService(1248): deleteSoundModel(): id = 9f6ad62a-1f0b-11e7-87c5-40a8f03d3f15
11-16 08:57:29.221: W/SoundTriggerHelper(1248): Unload error: Attempting unload invalid generic model with id:9f6ad62a-1f0b-11e7-87c5-40a8f03d3f15
11-16 08:57:29.221: I/native(13470): I1116 08:57:29.221525   21706 start_ocr_856638336_langid.cc:35] StartOcr with label: latin_script_gmvapi_android
11-16 08:57:29.221: I/native(13470): I1116 08:57:29.221603   21706 start_ocr_856638336_langid.cc:44] StartOcr success
11-16 08:57:29.223: I/OcrModelUpStIntentOp(13470): Downloading text recognizer
11-16 08:57:29.232: I/SettingsActivityAvailab(21797): Disabling com.google.android.apps.multidevice.client.ui.pixel.SettingsActivity.
11-16 08:57:29.239: D/GservicesChangeReceiver(6014): Gservices Changed broadcast Received. context is android.app.ReceiverRestrictedContext@e951b64
11-16 08:57:29.239: D/GservicesChangeReceiver(6014): Gservices allowPowerAnomalyData is False.
11-16 08:57:29.240: I/RecoverableKeyStoreMgr(1248): The cert file serial number is the same, so skip updating.
11-16 08:57:29.240: I/RecoverableKeyStoreGms(13470): [EnrollmentManager] Recovery service is initialized.
11-16 08:57:29.240: D/ConnectivityMonitorManager(6014): Service com.google.android.connectivitymonitor.PowerAnomalyDetectorService is not running...
11-16 08:57:29.240: E/GooglePlayServicesUtil(21778): The Google Play services resources were not found. Check your project configuration to ensure that the resources are included.
11-16 08:57:29.241: I/RecoverySnapshotLstnrs(1248): Registered listener for agent with uid 10007
