11-16 08:57:32.231: D/sound_trigger_hw(745): [ 11-16 08:57:32.236   745: 1168 D/         ]
11-16 08:57:32.231: D/sound_trigger_hw(745): pktzr_resp_cb: token 10 matched
11-16 08:57:32.236: D/sound_trigger_hw(745): set_device: disable device (1) = listen-cpe-handset-mic
11-16 08:57:32.237: D/sound_trigger_hw(745): session[1]: active_state_fn ---> loaded_state_fn 
11-16 08:57:32.237: D/sound_trigger_hw(745): stdev_stop_recognition:[1] Exit status 0
11-16 08:57:32.239: I/ContactLocale(22226): AddressBook Labels [[en]]: [, A, B, C, D, E, F, G, H, I, J, K, L, M, N, O, P, Q, R, S, T, U, V, W, X, Y, Z, , , , , , , , , , , , , , , , , , , , , , , , , , , , , , , , , , , , , , , , , , , , , , , , , , , , , , , , , , , , , , , , , , , , , , , , , , , , , , , , , , , , , , , , , , , , , , , , , , , , , , , , , , , , , , , , , , , , , , , , , , , , , , , , , , , , , , , , , , , , , , , , , , , , , , , , , , , , , , , , , , , , , , , , , , , , , , , , , , , , , , , , , , , #, ]
11-16 08:57:32.240: I/GsaVoiceInteractionSrv(4145): Stop Hotword Recognition status: true
11-16 08:57:32.246: I/ActivityManager(1248): Killing 17294:com.google.android.carrier/u0a9 (adj 906): empty #17
11-16 08:57:32.246: W/libprocessgroup(1248): kill(-17294, 9) failed: No such process
11-16 08:57:32.257: I/ActivityManager(1248): Start proc 22262:android.process.media/u0a8 for broadcast com.android.providers.media/.MediaScannerReceiver
11-16 08:57:32.263: I/Zygote(729): Process 17294 exited due to signal (9)
11-16 08:57:32.264: E/d.process.medi(22262): Not starting debugger since process cannot load the jdwp agent.
11-16 08:57:32.268: I/FontLog(11048): Received query Google Sans, URI content://com.google.android.gms.fonts [CONTEXT service_id=132 ]
11-16 08:57:32.269: I/FontLog(11048): Query [Google Sans] resolved to {Google Sans, wdth 100.0, wght 400, ital 0.0, bestEffort false} [CONTEXT service_id=132 ]
11-16 08:57:32.269: D/ContactsDatabaseHelper(22226): WAL enabled for profile.db: false
11-16 08:57:32.270: I/FontLog(11048): Font PFD returned from cache for {Google Sans, wdth 100.0, wght 400, ital 0.0, bestEffort false} [CONTEXT service_id=132 ]
11-16 08:57:32.270: I/FontLog(11048): Fetch {Google Sans, wdth 100.0, wght 400, ital 0.0, bestEffort false} end status Status{statusCode=SUCCESS, resolution=null} [CONTEXT service_id=132 ]
11-16 08:57:32.287: I/FontLog(11048): Pulling font file for id = 8, cache size = 7 [CONTEXT service_id=132 ]
11-16 08:57:32.289: W/libprocessgroup(1248): kill(-17294, 9) failed: No such process
11-16 08:57:32.289: I/libprocessgroup(1248): Successfully killed process cgroup uid 10009 pid 17294 in 42ms
11-16 08:57:32.305: I/BackdropActivity(22239): android_id: 4412921006837572274
11-16 08:57:32.310: I/BackdropActivity(22239): onResume()
11-16 08:57:32.310: I/ActivityManager(1248): Activity requesting to dismiss Keyguard: ActivityRecord{f8371f7 u0 com.google.android.apps.mtaas.backdrop/.BackdropActivity t4}
11-16 08:57:32.315: D/OpenGLRenderer(22239): Skia GL Pipeline
11-16 08:57:32.316: I/ContactDirectoryManager(22226): Directory provider packages have changed.
11-16 08:57:32.327: I/FTLNetworkMonitor(22239): NetworkMonitoringService was created
11-16 08:57:32.331: I/ActivityManager(1248): Start proc 22280:com.google.android.gm/u0a100 for content provider com.google.android.gm/com.android.exchange.provider.ExchangeDirectoryProvider
11-16 08:57:32.334: E/ogle.android.g(22280): Not starting debugger since process cannot load the jdwp agent.
11-16 08:57:32.338: I/Adreno(22239): QUALCOMM build                   : 3f88ca2, I42f6fe38fb
11-16 08:57:32.338: I/Adreno(22239): Build Date                       : 07/13/18
11-16 08:57:32.338: I/Adreno(22239): OpenGL ES Shader Compiler Version: EV031.24.00.00
11-16 08:57:32.338: I/Adreno(22239): Local Branch                     : 50.04
11-16 08:57:32.338: I/Adreno(22239): Remote Branch                    : 
11-16 08:57:32.338: I/Adreno(22239): Remote Branch                    : 
11-16 08:57:32.338: I/Adreno(22239): Reconstruct Branch               : 
11-16 08:57:32.338: I/Adreno(22239): Build Config                     : S P 4.0.10 AArch64
11-16 08:57:32.341: E/libc(22239): Access denied finding property "ro.vendor.graphics.memory"
11-16 08:57:32.336: W/RenderThread(22239): type=1400 audit(0.0:487): avc: denied { read } for name="u:object_r:vendor_default_prop:s0" dev="tmpfs" ino=24797 scontext=u:r:untrusted_app:s0:c163,c256,c512,c768 tcontext=u:object_r:vendor_default_prop:s0 tclass=file permissive=0
11-16 08:57:32.342: I/Adreno(22239): PFP: 0x016ee170, ME: 0x00000000
11-16 08:57:32.345: I/ConfigStore(22239): android::hardware::configstore::V1_0::ISurfaceFlingerConfigs::hasWideColorDisplay retrieved: 1
11-16 08:57:32.345: I/ActivityManager(1248): Killing 15337:com.google.android.wfcactivation/u0a54 (adj 906): empty #17
11-16 08:57:32.345: I/ConfigStore(22239): android::hardware::configstore::V1_0::ISurfaceFlingerConfigs::hasHDRDisplay retrieved: 1
11-16 08:57:32.346: W/libprocessgroup(1248): kill(-15337, 9) failed: No such process
11-16 08:57:32.351: I/OpenGLRenderer(22239): Initialized EGL, version 1.4
11-16 08:57:32.351: D/OpenGLRenderer(22239): Swap behavior 2
11-16 08:57:32.355: I/FTLNetworkMonitor(22239): Network Info: [type: WIFI[], state: CONNECTED/CONNECTED, reason: (unspecified), extra: (none), failover: false, available: true, roaming: false]
11-16 08:57:32.355: I/FTLNetworkMonitor(22239): Network Info: [type: WIFI[], state: CONNECTED/CONNECTED, reason: (unspecified), extra: (none), failover: false, available: true, roaming: false]
11-16 08:57:32.358: I/ogle.android.g(22280): The ClassLoaderContext is a special shared library.
11-16 08:57:32.359: W/libprocessgroup(1248): kill(-15337, 9) failed: No such process
11-16 08:57:32.360: I/ActivityManager(1248): Start proc 22298:com.android.sdm.plugins.sprintdm/1001 for broadcast com.android.sdm.plugins.sprintdm/.SprintDMReceiver
11-16 08:57:32.362: I/Zygote(729): Process 15337 exited due to signal (9)
11-16 08:57:32.364: E/lugins.sprintd(22298): Not starting debugger since process cannot load the jdwp agent.
11-16 08:57:32.367: E/libc(22239): Access denied finding property "vendor.gralloc.enable_ahardware_buffer"
11-16 08:57:32.363: W/RenderThread(22239): type=1400 audit(0.0:488): avc: denied { read } for name="u:object_r:vendor_default_prop:s0" dev="tmpfs" ino=24797 scontext=u:r:untrusted_app:s0:c163,c256,c512,c768 tcontext=u:object_r:vendor_default_prop:s0 tclass=file permissive=0
11-16 08:57:32.380: I/lugins.sprintd(22298): The ClassLoaderContext is a special shared library.
11-16 08:57:32.381: I/lugins.sprintd(22298): The ClassLoaderContext is a special shared library.
11-16 08:57:32.399: D/SprintDMReceiver(22298): Received intent: android.intent.action.LOCALE_CHANGED
11-16 08:57:32.402: D/SprintDMHelper(22298): simOperator: 
11-16 08:57:32.402: D/SprintDMHelper(22298): Not Sprint UICC, don't do anything.
11-16 08:57:32.402: W/libprocessgroup(1248): kill(-15337, 9) failed: No such process
11-16 08:57:32.402: I/libprocessgroup(1248): Successfully killed process cgroup uid 10054 pid 15337 in 56ms
11-16 08:57:32.403: I/ActivityManager(1248): Killing 13116:com.android.vending/u0a14 (adj 906): empty #17
11-16 08:57:32.408: W/libprocessgroup(1248): kill(-13116, 9) failed: No such process
11-16 08:57:32.416: D/android.hardware.power@1.3-service.crosshatch-libperfmgr(762): LAUNCH OFF
11-16 08:57:32.417: I/GoogleInputMethod(3654): onFinishInput() : Dummy InputConnection bound
11-16 08:57:32.417: I/GoogleInputMethod(3654): onStartInput() : Dummy InputConnection bound
11-16 08:57:32.422: W/SurfaceFlinger(640): Attempting to set client state on removed layer: Splash Screen com.google.android.apps.mtaas.backdrop#0
11-16 08:57:32.422: W/SurfaceFlinger(640): Attempting to destroy on removed layer: Splash Screen com.google.android.apps.mtaas.backdrop#0
11-16 08:57:32.424: I/ActivityManager(1248): Start proc 22316:com.android.vending/u0a14 for broadcast com.android.vending/com.google.android.finsky.userlanguages.LocaleChangedReceiver
11-16 08:57:32.433: E/android.vendin(22316): Not starting debugger since process cannot load the jdwp agent.
11-16 08:57:32.442: I/ActivityManager(1248): Displayed com.google.android.apps.mtaas.backdrop/.BackdropActivity: +309ms
11-16 08:57:32.448: I/Zygote(732): Process 13116 exited due to signal (9)
11-16 08:57:32.450: I/android.vendin(22316): The ClassLoaderContext is a special shared library.
11-16 08:57:32.456: W/libprocessgroup(1248): kill(-13116, 9) failed: No such process
11-16 08:57:32.456: I/libprocessgroup(1248): Successfully killed process cgroup uid 10014 pid 13116 in 47ms
11-16 08:57:32.456: W/libprocessgroup(1248): Failed to open process cgroup uid 10014 pid 13116: No such file or directory
11-16 08:57:32.456: E/libprocessgroup(1248): Error encountered killing process cgroup uid 10014 pid 13116: No such file or directory
11-16 08:57:32.462: I/ing.testsuppor(21754): Waiting for a blocking GC ProfileSaver
11-16 08:57:32.471: I/Finsky(22316): [2] gft.ay(5): Process created at version: 22.4.28-16 [0] [PR] 338099147
11-16 08:57:32.565: I/ActivityManager(1248): Killing 21778:com.android.connectivity.metrics/u0a57 (adj 906): empty #17
11-16 08:57:32.566: W/libprocessgroup(1248): kill(-21778, 9) failed: No such process
11-16 08:57:32.568: V/SettingsProvider(1248): Notifying for 0: content://settings/system/accelerometer_rotation
11-16 08:57:32.594: I/Finsky(22316): [157] yuo.a(2): Started reading experiment flags from file [0tGUNCGIkbk4o6-fQ335kUYSKwVj4lusnHT-A5Dsy08].
11-16 08:57:32.599: I/Finsky(22316): [157] yuo.a(18): Finished reading experiment flags from file [0tGUNCGIkbk4o6-fQ335kUYSKwVj4lusnHT-A5Dsy08].
11-16 08:57:32.600: I/PBSessionCacheImpl(10133): Deleted sessionId[841004518636] from persistence.
11-16 08:57:32.602: I/Zygote(729): Process 21778 exited due to signal (9)
11-16 08:57:32.606: I/Finsky(22316): [157] yuo.a(2): Started reading experiment flags from file [Se-xCc4LzNyh3UrKMIU2sUf-PUKz4oQEbpKZDMuaFno].
11-16 08:57:32.610: I/Finsky(22316): [157] yuo.a(18): Finished reading experiment flags from file [Se-xCc4LzNyh3UrKMIU2sUf-PUKz4oQEbpKZDMuaFno].
11-16 08:57:32.611: W/libprocessgroup(1248): kill(-21778, 9) failed: No such process
11-16 08:57:32.611: I/libprocessgroup(1248): Successfully killed process cgroup uid 10057 pid 21778 in 45ms
11-16 08:57:32.623: I/Finsky(22316): [2] abzb.<init>(3): Resetting scheduler db
11-16 08:57:32.639: I/Finsky(22316): [155] aiix.a(2): Not a unicorn account
11-16 08:57:32.641: V/SettingsProvider(1248): Notifying for 0: content://settings/system/user_rotation
11-16 08:57:32.647: I/Finsky(22316): [153] yeh.<init>(3): PackageMonitorReceiverImpl - Registering in memory receiver for android.intent.action.PACKAGE_ADDED and android.intent.action.PACKAGE_REMOVED
11-16 08:57:32.653: W/SearchServiceCore(10133): Abort, client detached.
11-16 08:57:32.654: I/Finsky(22316): [153] agvb.a(2): Disable SystemUpdateActivity, because Android is lower than Q
11-16 08:57:32.662: I/Finsky(22316): [170] agva.run(50): Set SystemUpdateActivity enabled state to 2
11-16 08:57:32.667: D/ConnectivityService(1248): requestNetwork for uid/pid:10014/22316 NetworkRequest [ TRACK_DEFAULT id=56, [ Capabilities: INTERNET&NOT_RESTRICTED&TRUSTED Unwanted:  Uid: 10014] ]
11-16 08:57:32.668: D/WIFI_UT(1248): got request NetworkRequest [ TRACK_DEFAULT id=56, [ Capabilities: INTERNET&NOT_RESTRICTED&TRUSTED Unwanted:  Uid: 10014] ] with score 60
11-16 08:57:32.668: D/WIFI(1248): got request NetworkRequest [ TRACK_DEFAULT id=56, [ Capabilities: INTERNET&NOT_RESTRICTED&TRUSTED Unwanted:  Uid: 10014] ] with score 60
11-16 08:57:32.668: D/WIFI_AWARE_FACTORY(1248): got request NetworkRequest [ TRACK_DEFAULT id=56, [ Capabilities: INTERNET&NOT_RESTRICTED&TRUSTED Unwanted:  Uid: 10014] ] with score 60
11-16 08:57:32.668: D/Ethernet(1248): got request NetworkRequest [ TRACK_DEFAULT id=56, [ Capabilities: INTERNET&NOT_RESTRICTED&TRUSTED Unwanted:  Uid: 10014] ] with score 60
11-16 08:57:32.668: D/PhoneSwitcherNetworkRequstListener(3803): got request NetworkRequest [ TRACK_DEFAULT id=56, [ Capabilities: INTERNET&NOT_RESTRICTED&TRUSTED Unwanted:  Uid: 10014] ] with score 60
11-16 08:57:32.674: W/Settings(22316): Setting download_manager_max_bytes_over_mobile has moved from android.provider.Settings.Secure to android.provider.Settings.Global.
11-16 08:57:32.679: I/Finsky(22316): [155] waq.i(3): SettingNotFoundException, fall through to G.downloadBytesOverMobileMaximum
11-16 08:57:32.679: W/Settings(22316): Setting download_manager_recommended_max_bytes_over_mobile has moved from android.provider.Settings.Secure to android.provider.Settings.Global.
11-16 08:57:32.680: I/Finsky(22316): [155] waq.j(3): SettingNotFoundException, fall through to G.downloadBytesOverMobileRecommended
11-16 08:57:32.685: I/Finsky(22316): [155] atsx.b(2): registerListener
11-16 08:57:32.685: I/cr_CronetLibraryLoader(22316): Cronet version: 87.0.4280.13, arch: armv8l
11-16 08:57:32.694: W/Finsky(22316): [152] fjv.c(22): For unauth, use getDfeApiNonAuthenticated() instead!
11-16 08:57:32.695: I/Finsky(22316): [153] trj.n(5): Enqueuing libraries load for 0
11-16 08:57:32.695: I/Finsky(22316): [168] trj.o(1): Starting libraries load for 0
11-16 08:57:32.698: I/Finsky(22316): [153] jxe.j(5): Subscription detail: N/A
11-16 08:57:32.698: I/Finsky(22316): [155] atsx.b(2): registerListener
11-16 08:57:32.715: I/Finsky(22316): [155] akms.w(2): Setup app restrictions monitor
11-16 08:57:32.723: I/Finsky(22316): [168] trj.o(23): Finished loading 0 libraries.
11-16 08:57:32.723: I/Finsky(22316): [155] akoo.a(3): Device wide unknown source restriction is changed.
11-16 08:57:32.786: E/t_app_installe(22409): Not starting debugger since process cannot load the jdwp agent.
11-16 08:57:32.787: I/ActivityManager(1248): Start proc 22409:com.android.vending:instant_app_installer/u0a14 for broadcast com.android.vending/com.google.android.finsky.instantapps.InstantAppsConfigChangeListener
11-16 08:57:32.791: I/Finsky(22316): [2] qrt.<init>(13): Installer: Setting Parallelism[DEFAULT]
11-16 08:57:32.802: I/Finsky(22316): [2] qoo.v(2): Installer: Attempting to start installer
11-16 08:57:32.804: I/t_app_installe(22409): The ClassLoaderContext is a special shared library.
11-16 08:57:32.805: I/ActivityManager(1248): Killing 21797:com.google.android.apps.multidevice.client/u0a72 (adj 906): empty #17
11-16 08:57:32.805: W/libprocessgroup(1248): kill(-21797, 9) failed: No such process
11-16 08:57:32.808: I/Finsky(22316): [2] atsx.b(2): registerListener
11-16 08:57:32.818: I/Finsky(22316): [2] jxd.onSubscriptionsChanged(1): onSubscriptionsChanged
11-16 08:57:32.821: I/Finsky(22316): [2] qoo.O(1): Installer kick - no action, not running yet
11-16 08:57:32.823: I/Finsky:instant_app_inst(22409): [2] gft.ay(5): Process created at version: 22.4.28-16 [0] [PR] 338099147
11-16 08:57:32.837: W/libprocessgroup(1248): kill(-21797, 9) failed: No such process
11-16 08:57:32.840: D/NetworkSecurityConfig(22316): No Network Security Config specified, using platform default
11-16 08:57:32.842: I/Zygote(729): Process 21797 exited due to signal (9)
11-16 08:57:32.853: W/libprocessgroup(1248): kill(-21797, 9) failed: No such process
11-16 08:57:32.853: I/libprocessgroup(1248): Successfully killed process cgroup uid 10072 pid 21797 in 47ms
11-16 08:57:32.858: I/ActivityManager(1248): Killing 21816:com.google.android.euicc/u0a67 (adj 906): empty #17
11-16 08:57:32.858: W/libprocessgroup(1248): kill(-21816, 9) failed: No such process
11-16 08:57:32.869: I/ActivityManager(1248): Start proc 22437:com.google.android.apps.docs/u0a128 for broadcast com.google.android.apps.docs/.notification.common.NotificationChannelReceiver
11-16 08:57:32.869: W/libprocessgroup(1248): kill(-21816, 9) failed: No such process
11-16 08:57:32.876: E/droid.apps.doc(22437): Not starting debugger since process cannot load the jdwp agent.
11-16 08:57:32.878: W/libprocessgroup(1248): kill(-21816, 9) failed: No such process
11-16 08:57:32.899: I/droid.apps.doc(22437): The ClassLoaderContext is a special shared library.
11-16 08:57:32.919: W/android.vendin(22316): Accessing hidden field Ljava/util/Collections$SynchronizedCollection;->mutex:Ljava/lang/Object; (dark greylist, reflection)
11-16 08:57:32.920: W/android.vendin(22316): Accessing hidden method Ljava/util/Collections$SynchronizedSet;-><init>(Ljava/util/Set;Ljava/lang/Object;)V (dark greylist, reflection)
11-16 08:57:32.920: W/android.vendin(22316): Accessing hidden method Ljava/util/Collections$SynchronizedCollection;-><init>(Ljava/util/Collection;Ljava/lang/Object;)V (dark greylist, reflection)
11-16 08:57:32.920: W/libprocessgroup(1248): kill(-21816, 9) failed: No such process
11-16 08:57:32.922: I/Zygote(729): Process 21816 exited due to signal (9)
11-16 08:57:32.964: W/libprocessgroup(1248): kill(-21816, 9) failed: No such process
11-16 08:57:32.964: I/libprocessgroup(1248): Successfully killed process cgroup uid 10067 pid 21816 in 105ms
11-16 08:57:32.974: I/Finsky(22316): [2] abxn.f(7): SCH: Cancelling existing jobscheduler jobs: 9001 9002 9005 9006 
11-16 08:57:32.974: I/Finsky(22316): [2] abxn.c(4): SCH: Scheduling immediate wakeup job with id: 9000
11-16 08:57:32.984: I/Finsky(22316): [2] acbc.onStartJob(3): SCH: onJobSchedulerWakeup with jobId 9000
11-16 08:57:32.986: I/Finsky(22316): [2] abwh.a(9): SCH: Scheduling fallback job with id: 9034, and delay: 43200000 ms
11-16 08:57:32.989: I/Finsky(22316): [2] abwh.b(9): SCH: Scheduling fallback in 64799999 (absolute: 67310291)
11-16 08:57:32.996: I/Finsky(22316): [2] abzb.b(5): SCH: Jobs in database: 1-1337 3-1 12-1 24-77777777 26-1414141414 29-29 31-305419896 
11-16 08:57:32.997: I/Finsky(22316): [2] abyz.run(26): SCH: JobExecutor already running, not rescheduling
11-16 08:57:33.006: I/Finsky(22316): [2] abwq.handleMessage(8): SCH: DeviceState: DeviceState{currentTime=1637081853002, isCharging=true, isIdle=false, netAny=true, netNotRoaming=true, netUnmetered=true, batteryPercent=100.0}
11-16 08:57:33.028: E/Backup(13470): [BackupTransportMigratorChimeraService] Could not migrate transport!
11-16 08:57:33.030: I/Backup(13470): [BackupTransportMigratorChimeraService] Starting migration...
11-16 08:57:33.035: I/Finsky(22316): [163] abzb.b(5): SCH: Jobs in database: 1-1337 3-1 12-1 24-77777777 26-1414141414 29-29 31-305419896 
11-16 08:57:33.166: I/Finsky(22316): [2] abwr.b(10): SCH: Running job: 31-305419896
11-16 08:57:33.167: W/Finsky(22316): [2] fjv.c(22): For unauth, use getDfeApiNonAuthenticated() instead!
11-16 08:57:33.229: I/gle.android.im(21867): Waiting for a blocking GC ProfileSaver
11-16 08:57:33.233: I/Finsky(22316): [2] abwq.handleMessage(59): SCH: RunningQueue size: 1, PendingQueue size: 0
11-16 08:57:33.234: I/Finsky(22316): [2] abwr.p(3): SCH: Running queue: 31-305419896 
11-16 08:57:33.282: I/gle.android.im(21867): WaitForGcToComplete blocked ProfileSaver on HeapTrim for 53.681ms
11-16 08:57:33.342: I/Finsky(22316): [176] lth.l(1): Account name null when calculating account hash
11-16 08:57:33.411: I/Finsky(22316): [196] mtv.d(1): getDownloads()
11-16 08:57:33.460: I/ActivityManager(1248): Start proc 22492:com.android.vending:download_service/u0a14 for service com.android.vending/com.google.android.finsky.ipcservers.downloadservice.DownloadServiceGrpcServerAndroidService
11-16 08:57:33.476: E/ownload_servic(22492): Not starting debugger since process cannot load the jdwp agent.
11-16 08:57:33.502: I/ownload_servic(22492): The ClassLoaderContext is a special shared library.
11-16 08:57:33.502: I/ownload_servic(22492): [ 11-16 08:57:33.541   826: 1437 E/         ]
11-16 08:57:33.502: I/ownload_servic(22492): Couldn't opendir /data/app/vmdl1013019040.tmp: No such file or directory
11-16 08:57:33.541: E/installd(826): Failed to delete /data/app/vmdl1013019040.tmp: No such file or directory
11-16 08:57:33.555: I/Finsky:download_service(22492): [2] gft.ay(5): Process created at version: 22.4.28-16 [0] [PR] 338099147
11-16 08:57:33.559: W/BroadcastQueue(1248): Background execution not allowed: receiving Intent { act=android.intent.action.PACKAGE_ADDED dat=package:androidx.lifecycle.kotlintestapp flg=0x4000010 (has extras) } to com.android.musicfx/.Compatibility$Receiver
11-16 08:57:33.560: W/BroadcastQueue(1248): Background execution not allowed: receiving Intent { act=android.intent.action.PACKAGE_ADDED dat=package:androidx.lifecycle.kotlintestapp flg=0x4000010 (has extras) } to com.android.vending/com.google.android.finsky.packagemanager.impl.PackageMonitorReceiverImpl$RegisteredReceiver
11-16 08:57:33.560: W/BroadcastQueue(1248): Background execution not allowed: receiving Intent { act=android.intent.action.PACKAGE_ADDED dat=package:androidx.lifecycle.kotlintestapp flg=0x4000010 (has extras) } to com.google.android.gms/.games.chimera.GamesSystemBroadcastReceiverProxy
11-16 08:57:33.560: W/BroadcastQueue(1248): Background execution not allowed: receiving Intent { act=android.intent.action.PACKAGE_ADDED dat=package:androidx.lifecycle.kotlintestapp flg=0x4000010 (has extras) } to com.google.android.gms/.gass.chimera.PackageChangeBroadcastReceiver
11-16 08:57:33.560: W/BroadcastQueue(1248): Background execution not allowed: receiving Intent { act=android.intent.action.PACKAGE_ADDED dat=package:androidx.lifecycle.kotlintestapp flg=0x4000010 (has extras) } to com.google.android.gms/.chimera.GmsIntentOperationService$PersistentTrustedReceiver
11-16 08:57:33.560: W/BroadcastQueue(1248): Background execution not allowed: receiving Intent { act=android.intent.action.PACKAGE_ADDED dat=package:androidx.lifecycle.kotlintestapp flg=0x4000010 (has extras) } to com.google.android.googlequicksearchbox/com.google.android.apps.gsa.googlequicksearchbox.GelStubAppWatcher
11-16 08:57:33.560: W/BroadcastQueue(1248): Background execution not allowed: receiving Intent { act=android.intent.action.PACKAGE_ADDED dat=package:androidx.lifecycle.kotlintestapp flg=0x4000010 (has extras) } to com.google.android.ims/.receivers.RcsAutoStartReceiver
11-16 08:57:33.563: I/Finsky(22316): [2] yeh.d(13): PackageMonitorReceiverImpl - Received: android.intent.action.PACKAGE_ADDED, [esLtuojNPdONoucT9xdTbxSx-OP8flRf_Po61Ywb7c0]
11-16 08:57:33.563: I/CarrierServices(21867): [2] RcsAutoStartReceiver.b: carrierServicesJibeServiceEnabled changed from true to true
11-16 08:57:33.563: I/Finsky(22316): [2] yfi.g(1): Invalidating cached PackageState for androidx.lifecycle.kotlintestapp
11-16 08:57:33.564: I/CarrierServices(21867): [2] RcsAutoStartReceiver.b: enableRcs changed from true to true
11-16 08:57:33.565: I/InputReader(1248): Reconfiguring input devices.  changes=0x00000010
11-16 08:57:33.568: I/Telecom(1248): DefaultDialerCache: Refreshing default dialer for user 0: now com.google.android.dialer: DDC.oR@AJs
11-16 08:57:33.574: I/CarrierServices(21867): [2] RcsAutoStartReceiver.b: RcsAutoStartReceiver triggered. Fetching RCS State. Action: android.intent.action.PACKAGE_ADDED
11-16 08:57:33.591: I/Finsky(22316): [2] owk.d(2): Frosting ID looked up on UI thread. Caller should move to a background thread.
11-16 08:57:33.594: I/CarrierServices(21867): [2] aws.a: Migration binding to RcsMigrationService
11-16 08:57:33.599: V/BackupManagerConstants(1248): getFullBackupIntervalMilliseconds(...) returns 86400000
11-16 08:57:33.599: I/BugleDataModel(7215): RcsMigrationService: Returning RCS state provider.
11-16 08:57:33.603: E/PhoneInterfaceManager(3803): [PhoneIntfMgr] getCarrierPackageNamesForIntent: No UICC
11-16 08:57:33.604: D/CarrierSvcBindHelper(3803): No carrier app for: 0
11-16 08:57:33.607: D/RegisteredNfcFServicesCache(4152): Service unchanged, not updating
11-16 08:57:33.608: I/Finsky(22316): [2] amas.a(3): Do not start WearSupportService due to Wear service optimization
11-16 08:57:33.610: I/BugleRcsEngine(7215): [396] pot.a: Sim state is not ready. Returning last known operation mode.
11-16 08:57:33.610: I/Finsky(22316): [2] amas.a(3): Do not start WearSupportService due to Wear service optimization
11-16 08:57:33.613: E/VvmPkgInstalledRcvr(3803): cannot create TelephonyManager from ComponentInfo{com.android.phone/com.android.services.telephony.TelephonyConnectionService}, ***, UserHandle{0}
11-16 08:57:33.613: D/ImsResolver(3803): maybeAddedImsService, packageName: androidx.lifecycle.kotlintestapp
11-16 08:57:33.614: D/CarrierConfigLoader(3803): mHandler: 9 phoneId: 0
11-16 08:57:33.617: W/GCM(11048): Unexpected forwarded intent: Intent { act=android.intent.action.PACKAGE_ADDED dat=package:androidx.lifecycle.kotlintestapp flg=0x4000010 pkg=com.google.android.gms cmp=com.google.android.gms/.chimera.PersistentIntentOperationService (has extras) }
11-16 08:57:33.617: I/FontLog(11048): Package androidx.lifecycle.kotlintestapp has no metadata [CONTEXT service_id=132 ]
11-16 08:57:33.617: I/CarrierServices(21867): [879] awt.doInBackground: Saving RCS State
11-16 08:57:33.617: W/GCM(11048): Unexpected forwarded intent: Intent { act=android.intent.action.PACKAGE_ADDED dat=package:androidx.lifecycle.kotlintestapp flg=0x4000010 pkg=com.google.android.gms cmp=com.google.android.gms/.chimera.PersistentIntentOperationService (has extras) }
11-16 08:57:33.617: I/CarrierServices(21867): [879] awt.doInBackground: Old operation mode: 0
11-16 08:57:33.618: I/CarrierServices(21867): [879] awt.doInBackground: New operation mode: 0
11-16 08:57:33.618: I/CarrierServices(21867): [2] aww.a: Unbinding RcsMigrationService
11-16 08:57:33.624: I/Auth(13470): [SupervisedAccountIntentOperation] onHandleIntent(): android.intent.action.PACKAGE_ADDED
11-16 08:57:33.624: I/Finsky(22316): [2] aeak.a(8): Clearing split related stale data.
11-16 08:57:33.627: D/BoundBrokerSvc(13470): onBind: Intent { act=com.google.android.gms.common.BIND_SHARED_PREFS pkg=com.google.android.gms }
11-16 08:57:33.627: D/BoundBrokerSvc(13470): Loading bound service for intent: Intent { act=com.google.android.gms.common.BIND_SHARED_PREFS pkg=com.google.android.gms }
11-16 08:57:33.629: I/BlockstoreStorage(13470): Clearing Blockstore Data for package androidx.lifecycle.kotlintestapp [CONTEXT service_id=258 ]
11-16 08:57:33.629: I/BlockstoreStorage(13470): No metadata found. Skipping deletion. [CONTEXT service_id=258 ]
11-16 08:57:33.641: I/Finsky(22316): [2] owk.d(2): Frosting ID looked up on UI thread. Caller should move to a background thread.
11-16 08:57:33.643: I/Finsky(22316): [163] jnw.a(15): [ContentSync] finished, scheduled=false
11-16 08:57:33.645: D/BoundBrokerSvc(13470): onUnbind: Intent { act=com.google.android.gms.common.BIND_SHARED_PREFS pkg=com.google.android.gms }
11-16 08:57:33.681: I/Finsky:download_service(22492): [2] szp.onCreate(2): IPC-SERVER: Starting gRPC host service...
11-16 08:57:33.688: W/ChimeraUtils(11048): Module com.google.android.gms.nearby_en has empty metadata display_name_string_id
11-16 08:57:33.699: I/chatty(11048): uid=10007(com.google.android.gms) highpool[1] identical 1 line
11-16 08:57:33.709: W/ChimeraUtils(11048): Module com.google.android.gms.nearby_en has empty metadata display_name_string_id
11-16 08:57:33.709: I/Finsky(22316): [208] ovx.run(16): Wrote row to frosting DB: 218
11-16 08:57:33.675: W/system_server(1248): Unknown chunk type '200'.
11-16 08:57:33.730: W/PackageParser(1248): Unknown element under <manifest>: queries at /data/app/vmdl1360564668.tmp/base.apk Binary XML file line #18
11-16 08:57:33.742: D/fpc_hidl(22527): fpc fingerprint hwbinder service starting
11-16 08:57:33.742: D/QSEECOMAPI(22527): QSEECom_get_handle sb_length = 0x80
11-16 08:57:33.742: D/QSEECOMAPI(22527): App is not loaded in QSEE
11-16 08:57:33.742: D/QSEECOMAPI(22527): app_arch = 2, total_files = 9
11-16 08:57:33.747: I/system_server(1248): Background concurrent copying GC freed 37654(1862KB) AllocSpace objects, 9(436KB) LOS objects, 42% free, 18MB/32MB, paused 79us total 205.662ms
11-16 08:57:33.778: I/Finsky(22316): [208] ovx.run(16): Wrote row to frosting DB: 219
11-16 08:57:33.795: D/QSEECOMAPI(22527): Loaded image: APP id = 504
11-16 08:57:33.800: W/EventHub(1248): Unable to disable kernel key repeat for /dev/input/event3: Function not implemented
11-16 08:57:33.800: I/EventHub(1248): wakeMechanism=EPOLLWAKEUP, usingClockIoctl=true
11-16 08:57:33.800: I/EventHub(1248): New device: id=504, fd=317, path='/dev/input/event3', name='uinput-fpc', classes=0x101, configuration='/system/usr/idc/uinput-fpc.idc', keyLayout='/system/usr/keylayout/uinput-fpc.kl', keyCharacterMap='/system/usr/keychars/Generic.kcm', builtinKeyboard=true, 
11-16 08:57:33.800: W/InputReader(1248): Ignoring spurious device added event for deviceId 0.
11-16 08:57:33.800: E/fpc_tac(22527): fpcbuildinfo : 575ddab5b91efea67ee1d200fc813ff2fpc_bio=bd35c3fec78219829149bea6c9ec961e6f655b90C:prodtestlib=4304cf5c884c198624b749af3482befacbd3028eC:fpc_c_core=dc194509594e837dedfb5452aaf06fcb61977135C:fpc_lib=cd5b7b876c3d69afa68a11ac6fd86f873e70817bC:cac=297e11552c60a3607ed664cf44c3e4b36ab2e737C:fpc_bio_interface=94a457caecae31eca8ef04b64c3f82a018e9bbc0C:fpc_sensor=ba909a5500944acafe47a0ef3a49f89509aadfb6C:tools_core=94ddf1e684cfa6c99f0f237f7cc35f3962e0e597C:sensor_settings=4fcf864fb493ae0272a9b2806446b379d99fd8ceC:fingerprint_ta=066bc0ab880960a4a69b74a328c7d7871c72225bC:fingerprint_pal=0deb9a478a3572872639f9cb2559ccc464ee3f9bC:manifests=dcb3d8ab0bdb7a5b341839d8c75bb88fc7f5e1a4C:Manifesttag=SW23.3.0-PDR1.0.5:jenkins@84ffd74dac44:Thu,17May201810:17:08+0200:FPC_SENSOR_TYPE=FPC_SENSOR_TYPE_FPC1270:FPC_CC_TYPE=FPC_COMPANION_CHIP_FPC2050:FPC_C_TYPE=FPC_COATING_NORMAL
11-16 08:57:33.800: E/fpc_tac(22527): fpcbuildtype : build=RELEASE sensor=9
11-16 08:57:33.825: I/Finsky(22316): [214] gxq.a(12): Asset module storage cleared for package androidx.lifecycle.kotlintestapp.
11-16 08:57:33.825: I/Finsky(22316): [ 11-16 08:57:33.839   826: 1437 E/         ]
11-16 08:57:33.825: I/Finsky(22316): Couldn't opendir /data/app/vmdl1360564668.tmp: No such file or directory
11-16 08:57:33.839: E/installd(826): Failed to delete /data/app/vmdl1360564668.tmp: No such file or directory
11-16 08:57:33.846: D/ConnectivityService(1248): requestNetwork for uid/pid:10014/22492 NetworkRequest [ TRACK_DEFAULT id=58, [ Capabilities: INTERNET&NOT_RESTRICTED&TRUSTED Unwanted:  Uid: 10014] ]
11-16 08:57:33.847: D/WIFI_UT(1248): got request NetworkRequest [ TRACK_DEFAULT id=58, [ Capabilities: INTERNET&NOT_RESTRICTED&TRUSTED Unwanted:  Uid: 10014] ] with score 60
11-16 08:57:33.847: D/WIFI(1248): got request NetworkRequest [ TRACK_DEFAULT id=58, [ Capabilities: INTERNET&NOT_RESTRICTED&TRUSTED Unwanted:  Uid: 10014] ] with score 60
11-16 08:57:33.847: D/WIFI_AWARE_FACTORY(1248): got request NetworkRequest [ TRACK_DEFAULT id=58, [ Capabilities: INTERNET&NOT_RESTRICTED&TRUSTED Unwanted:  Uid: 10014] ] with score 60
11-16 08:57:33.847: D/Ethernet(1248): got request NetworkRequest [ TRACK_DEFAULT id=58, [ Capabilities: INTERNET&NOT_RESTRICTED&TRUSTED Unwanted:  Uid: 10014] ] with score 60
11-16 08:57:33.848: D/PhoneSwitcherNetworkRequstListener(3803): got request NetworkRequest [ TRACK_DEFAULT id=58, [ Capabilities: INTERNET&NOT_RESTRICTED&TRUSTED Unwanted:  Uid: 10014] ] with score 60
11-16 08:57:33.872: E/Volley(22316): [176] ddz.a: Unexpected response code 404 for https://play-fe.googleapis.com/fdfe/deviceSettings
11-16 08:57:33.875: W/Finsky(22316): [176] fla.h(9): IOException while manually unzipping request.
11-16 08:57:33.905: E/Finsky(22316): [159] lwd.b(5): Error getting device settings.
11-16 08:57:33.905: E/Finsky(22316): network time: 628, HTTP status code: 404, exception com.android.volley.ClientError
11-16 08:57:33.905: E/Finsky(22316): 	at wcl.hn(Unknown Source:4)
11-16 08:57:33.905: E/Finsky(22316): 	at ddj.r(PG:2)
11-16 08:57:33.905: E/Finsky(22316): 	at fcf.r(PG:3)
11-16 08:57:33.905: E/Finsky(22316): 	at ddc.run(PG:3)
11-16 08:57:33.905: E/Finsky(22316): 	at android.os.Handler.handleCallback(Handler.java:873)
11-16 08:57:33.905: E/Finsky(22316): 	at android.os.Handler.dispatchMessage(Handler.java:99)
11-16 08:57:33.905: E/Finsky(22316): 	at android.os.Looper.loop(Looper.java:193)
11-16 08:57:33.905: E/Finsky(22316): 	at android.app.ActivityThread.main(ActivityThread.java:6718)
11-16 08:57:33.905: E/Finsky(22316): 	at java.lang.reflect.Method.invoke(Native Method)
11-16 08:57:33.905: E/Finsky(22316): 	at com.android.internal.os.RuntimeInit$MethodAndArgsCaller.run(RuntimeInit.java:493)
11-16 08:57:33.905: E/Finsky(22316): 	at com.android.internal.os.ZygoteInit.main(ZygoteInit.java:858)
11-16 08:57:33.911: E/Finsky(22316): [159] lvw.b(1): Error while refreshing device settings: network time: 628, HTTP status code: 404, exception com.android.volley.ClientError. Retrying.
11-16 08:57:33.911: E/Finsky(22316): network time: 628, HTTP status code: 404, exception com.android.volley.ClientError
11-16 08:57:33.911: E/Finsky(22316): 	at wcl.hn(Unknown Source:4)
11-16 08:57:33.911: E/Finsky(22316): 	at ddj.r(PG:2)
11-16 08:57:33.911: E/Finsky(22316): 	at fcf.r(PG:3)
11-16 08:57:33.911: E/Finsky(22316): 	at ddc.run(PG:3)
11-16 08:57:33.911: E/Finsky(22316): 	at android.os.Handler.handleCallback(Handler.java:873)
11-16 08:57:33.911: E/Finsky(22316): 	at android.os.Handler.dispatchMessage(Handler.java:99)
11-16 08:57:33.911: E/Finsky(22316): 	at android.os.Looper.loop(Looper.java:193)
11-16 08:57:33.911: E/Finsky(22316): 	at android.app.ActivityThread.main(ActivityThread.java:6718)
11-16 08:57:33.911: E/Finsky(22316): 	at java.lang.reflect.Method.invoke(Native Method)
11-16 08:57:33.911: E/Finsky(22316): 	at com.android.internal.os.RuntimeInit$MethodAndArgsCaller.run(RuntimeInit.java:493)
11-16 08:57:33.911: E/Finsky(22316): 	at com.android.internal.os.ZygoteInit.main(ZygoteInit.java:858)
11-16 08:57:33.917: I/CarrierServices(21867): [2] RcsAutoStartReceiver.b: carrierServicesJibeServiceEnabled changed from true to true
11-16 08:57:33.918: I/Finsky(22316): [2] yeh.d(13): PackageMonitorReceiverImpl - Received: android.intent.action.PACKAGE_ADDED, [hIdjNZ9ct44YPF7H3D3l4DdptmMbmxoAkUrMRkLyKfU]
11-16 08:57:33.918: W/BroadcastQueue(1248): Background execution not allowed: receiving Intent { act=android.intent.action.PACKAGE_ADDED dat=package:androidx.lifecycle.kotlintestapp.test flg=0x4000010 (has extras) } to com.android.musicfx/.Compatibility$Receiver
11-16 08:57:33.918: I/Finsky(22316): [2] yfi.g(1): Invalidating cached PackageState for androidx.lifecycle.kotlintestapp.test
11-16 08:57:33.918: W/BroadcastQueue(1248): Background execution not allowed: receiving Intent { act=android.intent.action.PACKAGE_ADDED dat=package:androidx.lifecycle.kotlintestapp.test flg=0x4000010 (has extras) } to com.android.vending/com.google.android.finsky.packagemanager.impl.PackageMonitorReceiverImpl$RegisteredReceiver
11-16 08:57:33.918: W/BroadcastQueue(1248): Background execution not allowed: receiving Intent { act=android.intent.action.PACKAGE_ADDED dat=package:androidx.lifecycle.kotlintestapp.test flg=0x4000010 (has extras) } to com.google.android.gms/.games.chimera.GamesSystemBroadcastReceiverProxy
11-16 08:57:33.918: W/BroadcastQueue(1248): Background execution not allowed: receiving Intent { act=android.intent.action.PACKAGE_ADDED dat=package:androidx.lifecycle.kotlintestapp.test flg=0x4000010 (has extras) } to com.google.android.gms/.gass.chimera.PackageChangeBroadcastReceiver
11-16 08:57:33.918: W/BroadcastQueue(1248): Background execution not allowed: receiving Intent { act=android.intent.action.PACKAGE_ADDED dat=package:androidx.lifecycle.kotlintestapp.test flg=0x4000010 (has extras) } to com.google.android.gms/.chimera.GmsIntentOperationService$PersistentTrustedReceiver
11-16 08:57:33.919: W/BroadcastQueue(1248): Background execution not allowed: receiving Intent { act=android.intent.action.PACKAGE_ADDED dat=package:androidx.lifecycle.kotlintestapp.test flg=0x4000010 (has extras) } to com.google.android.googlequicksearchbox/com.google.android.apps.gsa.googlequicksearchbox.GelStubAppWatcher
11-16 08:57:33.919: W/BroadcastQueue(1248): Background execution not allowed: receiving Intent { act=android.intent.action.PACKAGE_ADDED dat=package:androidx.lifecycle.kotlintestapp.test flg=0x4000010 (has extras) } to com.google.android.ims/.receivers.RcsAutoStartReceiver
11-16 08:57:33.920: I/CarrierServices(21867): [2] RcsAutoStartReceiver.b: enableRcs changed from true to true
11-16 08:57:33.922: I/CarrierServices(21867): [2] RcsAutoStartReceiver.b: RcsAutoStartReceiver triggered. Fetching RCS State. Action: android.intent.action.PACKAGE_ADDED
11-16 08:57:33.924: I/InputReader(1248): Reconfiguring input devices.  changes=0x00000010
11-16 08:57:33.929: I/Telecom(1248): DefaultDialerCache: Refreshing default dialer for user 0: now com.google.android.dialer: DDC.oR@AJ8
11-16 08:57:33.933: I/CarrierServices(21867): [2] aws.a: Migration binding to RcsMigrationService
11-16 08:57:33.937: I/GAv4(22437): Google Analytics 18.8.27 is starting up. To enable debug logging on a device run:
11-16 08:57:33.937: I/GAv4(22437):   adb shell setprop log.tag.GAv4 DEBUG
11-16 08:57:33.937: I/GAv4(22437):   adb logcat -s GAv4
11-16 08:57:33.938: I/BugleDataModel(7215): RcsMigrationService: Returning RCS state provider.
11-16 08:57:33.940: V/BackupManagerConstants(1248): getFullBackupIntervalMilliseconds(...) returns 86400000
11-16 08:57:33.942: W/GCM(11048): Unexpected forwarded intent: Intent { act=android.intent.action.PACKAGE_ADDED dat=package:androidx.lifecycle.kotlintestapp.test flg=0x4000010 pkg=com.google.android.gms cmp=com.google.android.gms/.chimera.PersistentIntentOperationService (has extras) }
11-16 08:57:33.943: I/FontLog(11048): Package androidx.lifecycle.kotlintestapp.test has no metadata [CONTEXT service_id=132 ]
11-16 08:57:33.943: W/GCM(11048): Unexpected forwarded intent: Intent { act=android.intent.action.PACKAGE_ADDED dat=package:androidx.lifecycle.kotlintestapp.test flg=0x4000010 pkg=com.google.android.gms cmp=com.google.android.gms/.chimera.PersistentIntentOperationService (has extras) }
11-16 08:57:33.944: I/elligence.sens(21943): Waiting for a blocking GC ProfileSaver
11-16 08:57:33.949: D/RegisteredNfcFServicesCache(4152): Service unchanged, not updating
11-16 08:57:33.952: I/Icing(13470): Indexing com.google.android.gms-apps from com.google.android.gms
11-16 08:57:33.953: I/BugleRcsEngine(7215): [437] pot.a: Sim state is not ready. Returning last known operation mode.
11-16 08:57:33.955: E/PhoneInterfaceManager(3803): [PhoneIntfMgr] getCarrierPackageNamesForIntent: No UICC
11-16 08:57:33.955: D/CarrierSvcBindHelper(3803): No carrier app for: 0
11-16 08:57:33.955: I/CarrierServices(21867): [880] awt.doInBackground: Saving RCS State
11-16 08:57:33.956: I/Finsky(22316): [159] abya.n(4): SCH: jobFinished: 31-305419896. TimeElapsed: 785ms.
11-16 08:57:33.957: I/Auth(13470): [SupervisedAccountIntentOperation] onHandleIntent(): android.intent.action.PACKAGE_ADDED
11-16 08:57:33.958: E/VvmPkgInstalledRcvr(3803): cannot create TelephonyManager from ComponentInfo{com.android.phone/com.android.services.telephony.TelephonyConnectionService}, ***, UserHandle{0}
11-16 08:57:33.958: D/ImsResolver(3803): maybeAddedImsService, packageName: androidx.lifecycle.kotlintestapp.test
11-16 08:57:33.958: D/CarrierConfigLoader(3803): mHandler: 9 phoneId: 0
11-16 08:57:33.959: D/BoundBrokerSvc(13470): onBind: Intent { act=com.google.android.gms.common.BIND_SHARED_PREFS pkg=com.google.android.gms }
11-16 08:57:33.959: D/BoundBrokerSvc(13470): Loading bound service for intent: Intent { act=com.google.android.gms.common.BIND_SHARED_PREFS pkg=com.google.android.gms }
11-16 08:57:33.959: I/elligence.sens(21943): WaitForGcToComplete blocked ProfileSaver on HeapTrim for 14.648ms
11-16 08:57:33.962: I/CarrierServices(21867): [880] awt.doInBackground: Old operation mode: 0
11-16 08:57:33.963: I/BlockstoreStorage(13470): Clearing Blockstore Data for package androidx.lifecycle.kotlintestapp.test [CONTEXT service_id=258 ]
11-16 08:57:33.964: I/BlockstoreStorage(13470): No metadata found. Skipping deletion. [CONTEXT service_id=258 ]
11-16 08:57:33.965: D/BoundBrokerSvc(13470): onUnbind: Intent { act=com.google.android.gms.common.BIND_SHARED_PREFS pkg=com.google.android.gms }
11-16 08:57:33.971: I/CarrierServices(21867): [880] awt.doInBackground: New operation mode: 0
11-16 08:57:33.976: I/CarrierServices(21867): [2] aww.a: Unbinding RcsMigrationService
11-16 08:57:33.977: I/Finsky(22316): [2] owk.d(2): Frosting ID looked up on UI thread. Caller should move to a background thread.
11-16 08:57:33.986: W/ChimeraUtils(11048): Module com.google.android.gms.nearby_en has empty metadata display_name_string_id
11-16 08:57:33.997: W/GAv4(22437): CampaignTrackingReceiver is not registered, not exported or is disabled. Installation campaign tracking is not possible. See http://goo.gl/8Rd3yj for instructions.
11-16 08:57:34.024: W/PrimesInit(22437): Primes instant initialization
11-16 08:57:34.026: W/ChimeraUtils(11048): Module com.google.android.gms.nearby_en has empty metadata display_name_string_id
11-16 08:57:34.026: I/Finsky(22316): [2] amas.a(3): Do not start WearSupportService due to Wear service optimization
11-16 08:57:34.027: I/Finsky(22316): [2] amas.a(3): Do not start WearSupportService due to Wear service optimization
11-16 08:57:34.028: W/ChimeraUtils(11048): Module com.google.android.gms.nearby_en has empty metadata display_name_string_id
11-16 08:57:34.028: I/Finsky(22316): [2] aeak.a(8): Clearing split related stale data.
11-16 08:57:34.031: I/Finsky(22316): [208] ovx.run(16): Wrote row to frosting DB: 220
11-16 08:57:34.035: W/Primes(22437): background initialization
11-16 08:57:34.038: I/Finsky(22316): [214] gxq.a(12): Asset module storage cleared for package androidx.lifecycle.kotlintestapp.test.
11-16 08:57:34.042: I/Finsky(22316): [2] owk.d(2): Frosting ID looked up on UI thread. Caller should move to a background thread.
11-16 08:57:34.047: I/Finsky(22316): [2] abwr.e(7): SCH: Job 31-305419896 finished. Rescheduling.
11-16 08:57:34.049: I/Finsky(22316): [2] abwq.handleMessage(59): SCH: RunningQueue size: 0, PendingQueue size: 0
11-16 08:57:34.049: I/Finsky(22316): [2] abwq.handleMessage(26): SCH: Executor finished
11-16 08:57:34.083: W/FieldDefinition(22437): [main] Ignoring isIndexed constraint as field also has uniqueness constraint (on just this field, and therefore SQLite will have to create an index on that. For field: cxk$b@9cca9b0
11-16 08:57:34.090: I/Finsky(22316): [208] ovx.run(16): Wrote row to frosting DB: 221
11-16 08:57:34.090: I/Finsky(22316): [163] jnw.a(15): [ContentSync] finished, scheduled=false
11-16 08:57:34.121: I/system_server(1248): Explicit concurrent copying GC freed 32696(1812KB) AllocSpace objects, 13(452KB) LOS objects, 42% free, 16MB/28MB, paused 68us total 138.728ms
11-16 08:57:34.125: I/Finsky:download_service(22492): [164] mmd.c(1): getDownloads().
11-16 08:57:34.136: I/Icing(13470): Indexing done com.google.android.gms-apps
11-16 08:57:34.140: I/Icing(13470): Indexing com.google.android.gms-apps from com.google.android.gms
11-16 08:57:34.142: I/Icing(13470): Indexing done com.google.android.gms-apps
11-16 08:57:34.151: I/Finsky(22316): [2] abzb.b(5): SCH: Jobs in database: 1-1337 3-1 12-1 24-77777777 26-1414141414 29-29 31-305419896 
11-16 08:57:34.195: I/Finsky(22316): [2] abxn.d(37): SCH: ConstraintMapping: 24-77777777,  -> L: 0ms, D: 80522016ms, C: false, I: true, N: 0
11-16 08:57:34.196: I/Finsky(22316): [2] abxn.d(37): SCH: ConstraintMapping: 1-1337, 12-1, 31-305419896,  -> L: 862ms, D: 44822166ms, C: false, I: false, N: 1
11-16 08:57:34.197: I/Finsky(22316): [2] abxn.d(37): SCH: ConstraintMapping: 3-1,  -> L: 0ms, D: 84124233ms, C: true, I: true, N: 2
11-16 08:57:34.198: I/Finsky(22316): [2] abxn.d(37): SCH: ConstraintMapping: 26-1414141414, 29-29,  -> L: 28433ms, D: 58433ms, C: false, I: false, N: 0
11-16 08:57:34.206: I/Finsky(22316): [2] abxn.f(7): SCH: Cancelling existing jobscheduler jobs: 
11-16 08:57:34.207: I/Finsky(22316): [2] abxn.e(8): SCH: Throttling wakeup for job 9001 (expected to run in 0 ms) due to recent wakeup
11-16 08:57:34.207: I/Finsky(22316): [2] abxn.e(23): SCH: Scheduling job Id: 9001, L: 30000, D: 80522016, C: false, I: true, N: 0
11-16 08:57:34.209: I/Finsky(22316): [2] abxn.e(8): SCH: Throttling wakeup for job 9002 (expected to run in 862 ms) due to recent wakeup
11-16 08:57:34.209: I/Finsky(22316): [2] abxn.e(23): SCH: Scheduling job Id: 9002, L: 30000, D: 44822166, C: false, I: false, N: 1
11-16 08:57:34.213: I/Finsky(22316): [2] abxn.e(8): SCH: Throttling wakeup for job 9003 (expected to run in 0 ms) due to recent wakeup
11-16 08:57:34.213: I/Finsky(22316): [2] abxn.e(23): SCH: Scheduling job Id: 9003, L: 30000, D: 84124233, C: true, I: true, N: 2
11-16 08:57:34.216: I/Finsky(22316): [2] abxn.e(8): SCH: Throttling wakeup for job 9004 (expected to run in 28433 ms) due to recent wakeup
11-16 08:57:34.216: I/Finsky(22316): [2] abxn.e(23): SCH: Scheduling job Id: 9004, L: 30000, D: 58433, C: false, I: false, N: 0
11-16 08:57:34.243: D/AndroidRuntime(22582): >>>>>> START com.android.internal.os.RuntimeInit uid 2000 <<<<<<
11-16 08:57:34.263: I/Finsky(22316): [202] qnc.run(7): Installer: Installer starting.
11-16 08:57:34.264: I/Finsky(22316): [202] qnc.run(20): Installer: Installer started.
11-16 08:57:34.268: I/Finsky(22316): [2] qoo.O(7): Installer: found apps to install. isMultiUserMode=false, apps=[]
11-16 08:57:34.277: W/ComponentDiscovery(22437): Application info not found.
11-16 08:57:34.277: W/ComponentDiscovery(22437): Could not retrieve metadata, returning empty list of registrars.
11-16 08:57:34.284: I/PeopleGalProvider(13470): Gal directories started.
11-16 08:57:34.292: W/ComponentDiscovery(22280): Application info not found.
11-16 08:57:34.292: W/ComponentDiscovery(22280): Could not retrieve metadata, returning empty list of registrars.
11-16 08:57:34.295: I/PeopleGalProvider(13470): Method 1 completed.
11-16 08:57:34.296: I/PeopleGalProvider(13470): Method 1 finished successfully.
11-16 08:57:34.300: I/app_process(22582): The ClassLoaderContext is a special shared library.
11-16 08:57:34.322: D/AndroidRuntime(22582): Calling main entry com.android.commands.am.Am
11-16 08:57:34.323: I/Finsky(22316): [2] abyk.a(26): SCH: Canceling job 3-1
11-16 08:57:34.330: I/ActivityManager(1248): Force stopping com.google.android.apps.mtaas.tools appid=10156 user=0: start instr
11-16 08:57:34.333: I/ContactDirectoryManager(22226): deleted 0 stale rows which don't have any relevant directory
11-16 08:57:34.334: I/ContactDirectoryManager(22226): Discovered 0 contact directories in 2017ms
11-16 08:57:34.335: I/ContactsProvider(22226): Locale has changed from [en_US] to [en]
11-16 08:57:34.340: I/ContactsDatabaseHelper(22226): Switching to locale [en] (ICU v60.2)
11-16 08:57:34.340: I/ActivityManager(1248): Start proc 22606:com.google.android.apps.maps/u0a102 for broadcast com.google.android.apps.maps/com.google.android.apps.gmm.notification.channels.NotificationChannelBroadcastReceiver
11-16 08:57:34.347: D/BoundBrokerSvc(13470): onBind: Intent { act=com.google.android.gms.checkin.START pkg=com.google.android.gms }
11-16 08:57:34.347: D/BoundBrokerSvc(13470): Loading bound service for intent: Intent { act=com.google.android.gms.checkin.START pkg=com.google.android.gms }
11-16 08:57:34.348: E/droid.apps.map(22606): Not starting debugger since process cannot load the jdwp agent.
11-16 08:57:34.363: I/Finsky(22316): [2] abxn.f(7): SCH: Cancelling existing jobscheduler jobs: 9001 9004 9003 9002 
11-16 08:57:34.364: I/Finsky(22316): [2] abxn.c(4): SCH: Scheduling immediate wakeup job with id: 9000
11-16 08:57:34.368: I/droid.apps.map(22606): The ClassLoaderContext is a special shared library.
11-16 08:57:34.371: I/ActivityManager(1248): Start proc 22622:com.google.android.apps.mtaas.tools/u0a156 for added application com.google.android.apps.mtaas.tools
11-16 08:57:34.371: I/Finsky(22316): [2] acbc.onStartJob(3): SCH: onJobSchedulerWakeup with jobId 9000
11-16 08:57:34.372: I/Finsky(22316): [2] abwh.a(9): SCH: Scheduling fallback job with id: 9034, and delay: 43200000 ms
11-16 08:57:34.374: E/pps.mtaas.tool(22622): Not starting debugger since process cannot load the jdwp agent.
11-16 08:57:34.375: I/Finsky(22316): [2] abwh.b(9): SCH: Scheduling fallback in 64799998 (absolute: 67311677)
11-16 08:57:34.382: E/ExecutionCriteria(11048): Package unavailable for task: com.google.android.apps.gcs/com.google.android.flib.phenotype.services.PhenotypeExperimentCommitService{u=0 tag="PhenotypeExpCommitSvc" trigger=window{start=0s,end=30s,earliest=-2411s,latest=-2381s} requirements=[NET_ANY] attributes=[PERSISTED] scheduled=-2411s last_run=N/A exec_window_multiplier=1.0000 jid=N/A status=PENDING retries=0 client_lib=MANCHEGO_GCM-11732000} [CONTEXT service_id=218 ]
11-16 08:57:34.389: I/Finsky(22316): [2] abwq.handleMessage(8): SCH: DeviceState: DeviceState{currentTime=1637081854383, isCharging=true, isIdle=false, netAny=true, netNotRoaming=true, netUnmetered=true, batteryPercent=100.0}
11-16 08:57:34.397: I/pps.mtaas.tool(22622): The ClassLoaderContext is a special shared library.
11-16 08:57:34.423: D/DumpStaticPerfEnv(22622): Instrumentation completed successfully
11-16 08:57:34.431: I/ActivityManager(1248): Force stopping com.google.android.apps.mtaas.tools appid=10156 user=0: finished inst
11-16 08:57:34.432: W/Binder(1248): Outgoing transactions from this process must be FLAG_ONEWAY
11-16 08:57:34.432: W/Binder(1248): java.lang.Throwable
11-16 08:57:34.432: W/Binder(1248): 	at android.os.BinderProxy.transact(Binder.java:1116)
11-16 08:57:34.432: W/Binder(1248): 	at android.app.IInstrumentationWatcher$Stub$Proxy.instrumentationFinished(IInstrumentationWatcher.java:164)
11-16 08:57:34.432: W/Binder(1248): 	at com.android.server.am.InstrumentationReporter$MyThread.run(InstrumentationReporter.java:86)
11-16 08:57:34.432: I/ActivityManager(1248): Killing 22622:com.google.android.apps.mtaas.tools/u0a156 (adj 0): stop com.google.android.apps.mtaas.tools
