11-16 08:57:25.496: W/sh(21661): type=1400 audit(0.0:484): avc: denied { read } for name="cache" dev="dm-0" ino=48 scontext=u:r:shell:s0 tcontext=u:object_r:cache_file:s0 tclass=lnk_file permissive=0
11-16 08:57:25.588: D/QSEECOMAPI(21655): QSEECom_get_handle sb_length = 0x400
11-16 08:57:25.588: D/QSEECOMAPI(21655): App is already loaded QSEE and app id = 1
11-16 08:57:25.594: E/fpc_tac(21655): qsee_km_get_encapsulated_key KEYMASTER_GET_AUTH_TOKEN_KEY returned status=-24
11-16 08:57:25.594: D/QSEECOMAPI(21655): QSEECom_dealloc_memory 
11-16 08:57:25.594: D/QSEECOMAPI(21655): QSEECom_shutdown_app, app_id = 1
11-16 08:57:25.595: E/fpc_fingerprint_hal(21655): fpc_hal_open failed
11-16 08:57:25.598: I/EventHub(1248): Removing device uinput-fpc due to epoll hang-up event.
11-16 08:57:25.598: I/EventHub(1248): Removed device: path=/dev/input/event3 name=uinput-fpc id=502 fd=205 classes=0x101
11-16 08:57:25.598: W/EventHub(1248): built-in keyboard device /dev/input/event3 (id=502) is closing! the apps will not like this
11-16 08:57:25.599: I/EventHub(1248): Removing device '/dev/input/event3' due to inotify event
11-16 08:57:25.600: W/InputReader(1248): Ignoring spurious device removed event for deviceId 502.
11-16 08:57:25.641: D/QSEECOMAPI(21655): QSEECom_dealloc_memory 
11-16 08:57:25.641: D/QSEECOMAPI(21655): QSEECom_shutdown_app, app_id = 502
11-16 08:57:25.931: I/PackageManager.DexOptimizer(1248): Running dexopt (dexoptNeeded=1) on: /data/app/com.google.android.gms.policy_test_support-AXAfyujWxhpetRyuHFVSAg==/base.apk pkg=com.google.android.gms.policy_test_support isa=arm64 dexoptFlags=boot_complete,profile_guided,public,enable_hidden_api_checks targetFilter=speed-profile oatDir=/data/app/com.google.android.gms.policy_test_support-AXAfyujWxhpetRyuHFVSAg==/oat classLoaderContext=PCL[]
11-16 08:57:25.932: V/installed(826): DexInv: --- BEGIN '/data/app/com.google.android.gms.policy_test_support-AXAfyujWxhpetRyuHFVSAg==/base.apk' ---
11-16 08:57:25.984: I/dex2oat(21677): /system/bin/dex2oat --input-vdex-fd=-1 --output-vdex-fd=19 --compiler-filter=speed-profile --classpath-dir=/data/app/com.google.android.gms.policy_test_support-AXAfyujWxhpetRyuHFVSAg== --class-loader-context=PCL[] --generate-mini-debug-info --compact-dex-level=none --compilation-reason=install
11-16 08:57:26.278: I/dex2oat(21677): Explicit concurrent copying GC freed 10439(1481KB) AllocSpace objects, 0(0B) LOS objects, 99% free, 728B/1536KB, paused 41us total 3.469ms
11-16 08:57:26.351: I/dex2oat(21677): dex2oat took 369.856ms (794.861ms cpu) (threads: 8) arena alloc=88KB (90720B) java alloc=16KB (17112B) native alloc=2MB (3021184B) free=3MB (3794560B)
11-16 08:57:26.356: V/installed(826): DexInv: --- END '/data/app/com.google.android.gms.policy_test_support-AXAfyujWxhpetRyuHFVSAg==/base.apk' (success) ---
11-16 08:57:26.356: V/installed(826): [ 11-16 08:57:26.358   826: 1437 E/         ]
11-16 08:57:26.356: V/installed(826): Couldn't opendir /data/app/vmdl1733185432.tmp: No such file or directory
11-16 08:57:26.358: E/installd(826): Failed to delete /data/app/vmdl1733185432.tmp: No such file or directory
11-16 08:57:26.362: D/ImsResolver(3803): maybeAddedImsService, packageName: com.google.android.gms.policy_test_support
11-16 08:57:26.366: I/Telecom(1248): DefaultDialerCache: Refreshing default dialer for user 0: now com.google.android.dialer: DDC.oR@AJI
11-16 08:57:26.371: I/Finsky(13116): [2] yeh.d(13): PackageMonitorReceiverImpl - Received: android.intent.action.PACKAGE_ADDED, [TAsD3pqu7qg-JZYPvpWmQGEwsDQ0NnuVQpcaQGQjJQU]
11-16 08:57:26.371: I/Finsky(13116): [2] yfi.g(1): Invalidating cached PackageState for com.google.android.gms.policy_test_support
11-16 08:57:26.376: V/BackupManagerConstants(1248): getFullBackupIntervalMilliseconds(...) returns 86400000
11-16 08:57:26.382: I/Finsky(13116): [2] owk.d(2): Frosting ID looked up on UI thread. Caller should move to a background thread.
11-16 08:57:26.383: W/BroadcastQueue(1248): Background execution not allowed: receiving Intent { act=android.intent.action.PACKAGE_ADDED dat=package:com.google.android.gms.policy_test_support flg=0x4000010 (has extras) } to com.android.musicfx/.Compatibility$Receiver
11-16 08:57:26.387: I/Finsky(13116): [286] ovx.run(16): Wrote row to frosting DB: 214
11-16 08:57:26.387: W/BroadcastQueue(1248): Background execution not allowed: receiving Intent { act=android.intent.action.PACKAGE_ADDED dat=package:com.google.android.gms.policy_test_support flg=0x4000010 (has extras) } to com.android.vending/com.google.android.finsky.packagemanager.impl.PackageMonitorReceiverImpl$RegisteredReceiver
11-16 08:57:26.389: W/BroadcastQueue(1248): Background execution not allowed: receiving Intent { act=android.intent.action.PACKAGE_ADDED dat=package:com.google.android.gms.policy_test_support flg=0x4000010 (has extras) } to com.google.android.gms/.games.chimera.GamesSystemBroadcastReceiverProxy
11-16 08:57:26.390: I/Finsky(13116): [2] amas.a(3): Do not start WearSupportService due to Wear service optimization
11-16 08:57:26.390: I/InputReader(1248): Reconfiguring input devices.  changes=0x00000010
11-16 08:57:26.390: W/BroadcastQueue(1248): Background execution not allowed: receiving Intent { act=android.intent.action.PACKAGE_ADDED dat=package:com.google.android.gms.policy_test_support flg=0x4000010 (has extras) } to com.google.android.gms/.gass.chimera.PackageChangeBroadcastReceiver
11-16 08:57:26.390: W/BroadcastQueue(1248): Background execution not allowed: receiving Intent { act=android.intent.action.PACKAGE_ADDED dat=package:com.google.android.gms.policy_test_support flg=0x4000010 (has extras) } to com.google.android.gms/.chimera.GmsIntentOperationService$PersistentTrustedReceiver
11-16 08:57:26.390: I/Finsky(13116): [2] amas.a(3): Do not start WearSupportService due to Wear service optimization
11-16 08:57:26.391: W/BroadcastQueue(1248): Background execution not allowed: receiving Intent { act=android.intent.action.PACKAGE_ADDED dat=package:com.google.android.gms.policy_test_support flg=0x4000010 (has extras) } to com.google.android.googlequicksearchbox/com.google.android.apps.gsa.googlequicksearchbox.GelStubAppWatcher
11-16 08:57:26.391: W/BroadcastQueue(1248): Background execution not allowed: receiving Intent { act=android.intent.action.PACKAGE_ADDED dat=package:com.google.android.gms.policy_test_support flg=0x4000010 (has extras) } to com.google.android.ims/.receivers.RcsAutoStartReceiver
11-16 08:57:26.396: D/RegisteredNfcFServicesCache(4152): Service unchanged, not updating
11-16 08:57:26.396: E/PhoneInterfaceManager(3803): [PhoneIntfMgr] getCarrierPackageNamesForIntent: No UICC
11-16 08:57:26.396: D/CarrierSvcBindHelper(3803): No carrier app for: 0
11-16 08:57:26.397: I/Finsky(13116): [2] aeak.a(8): Clearing split related stale data.
11-16 08:57:26.398: I/Finsky(13116): [288] gxq.a(12): Asset module storage cleared for package com.google.android.gms.policy_test_support.
11-16 08:57:26.400: E/VvmPkgInstalledRcvr(3803): cannot create TelephonyManager from ComponentInfo{com.android.phone/com.android.services.telephony.TelephonyConnectionService}, ***, UserHandle{0}
11-16 08:57:26.400: D/CarrierConfigLoader(3803): mHandler: 9 phoneId: 0
11-16 08:57:26.396: W/sh(21693): type=1400 audit(0.0:485): avc: denied { read } for name="cache" dev="dm-0" ino=48 scontext=u:r:shell:s0 tcontext=u:object_r:cache_file:s0 tclass=lnk_file permissive=0
11-16 08:57:26.407: I/Finsky(13116): [2] owk.d(2): Frosting ID looked up on UI thread. Caller should move to a background thread.
11-16 08:57:26.412: I/Finsky(13116): [286] ovx.run(16): Wrote row to frosting DB: 215
11-16 08:57:26.416: W/GCM(11048): Unexpected forwarded intent: Intent { act=android.intent.action.PACKAGE_ADDED dat=package:com.google.android.gms.policy_test_support flg=0x4000010 pkg=com.google.android.gms cmp=com.google.android.gms/.chimera.PersistentIntentOperationService (has extras) }
11-16 08:57:26.420: W/GCM(11048): Unexpected forwarded intent: Intent { act=android.intent.action.PACKAGE_ADDED dat=package:com.google.android.gms.policy_test_support flg=0x4000010 pkg=com.google.android.gms cmp=com.google.android.gms/.chimera.PersistentIntentOperationService (has extras) }
11-16 08:57:26.421: I/GmsModuleFndr(13470): Beginning GMS chimera module scan
11-16 08:57:26.427: W/system_server(1248): Unknown chunk type '200'.
11-16 08:57:26.437: I/Finsky(13116): [2] abzb.b(5): SCH: Jobs in database: 1-1337 3-1 12-1 24-77777777 26-1414141414 31-305419896 
11-16 08:57:26.437: I/ModuleSetMgr(13470): Computing pending module set with APKs: [[AdsFdrDynamite.integ:213806100100000], [Enpromo.integ:214106000100000], [Pay.optional:213614100000], [VisionOcr.optional:213614100400], [AdsFdrDynamite.integ:212104400100000], [Cronetdynamite:213614100400], [Dynamiteloader:213614100000], [Dynamitemodulesa:213614100000], [Dynamitemodulesc:213614100000], [Googlecertificates:213614100000], [Mapsdynamite:213614100000], [Measurementdynamite:213614100000]]
11-16 08:57:26.442: I/Finsky(13116): [2] abxn.d(37): SCH: ConstraintMapping: 24-77777777,  -> L: 0ms, D: 80529740ms, C: false, I: true, N: 0
11-16 08:57:26.442: I/Finsky(13116): [2] abxn.d(37): SCH: ConstraintMapping: 1-1337, 12-1, 31-305419896,  -> L: 14965ms, D: 44829882ms, C: false, I: false, N: 1
11-16 08:57:26.443: I/Finsky(13116): [2] abxn.d(37): SCH: ConstraintMapping: 3-1,  -> L: 0ms, D: 84131953ms, C: true, I: true, N: 2
11-16 08:57:26.443: I/Finsky(13116): [2] abxn.d(37): SCH: ConstraintMapping: 26-1414141414,  -> L: 40751815ms, D: 41651815ms, C: false, I: false, N: 0
11-16 08:57:26.444: I/Finsky(13116): [287] jnw.a(15): [ContentSync] finished, scheduled=true
11-16 08:57:26.451: I/ModuleSetMgr(13470): Pending container module APKs: [[Pay.optional:213614100000], [VisionOcr.optional:213614100400]]
11-16 08:57:26.451: I/ModuleSetMgr(13470): Pending non-container module APKs: [[Enpromo.integ:214106000100000], [AdsFdrDynamite.integ:213806100100000]]
11-16 08:57:26.451: I/Finsky(13116): [2] abxn.f(7): SCH: Cancelling existing jobscheduler jobs: 9000 9004 9007 9003 
11-16 08:57:26.452: I/Finsky(13116): [2] abxn.e(23): SCH: Scheduling job Id: 9001, L: 0, D: 80529740, C: false, I: true, N: 0
11-16 08:57:26.453: I/Finsky(13116): [2] abxn.e(23): SCH: Scheduling job Id: 9002, L: 14965, D: 44829882, C: false, I: false, N: 1
11-16 08:57:26.455: I/Finsky(13116): [2] abxn.e(23): SCH: Scheduling job Id: 9005, L: 0, D: 84131953, C: true, I: true, N: 2
11-16 08:57:26.456: I/Finsky(13116): [2] abxn.e(23): SCH: Scheduling job Id: 9006, L: 40751815, D: 41651815, C: false, I: false, N: 0
11-16 08:57:26.464: W/PackageParser(13470): Unknown element under <manifest>: queries at /data/user_de/0/com.google.android.gms/app_chimera/m/00000007/AdsDynamite.apk Binary XML file line #5
11-16 08:57:26.478: W/PackageParser(13470): Unknown element under <manifest>: queries at /data/user_de/0/com.google.android.gms/app_chimera/m/00000011/dl-AdsFdrDynamite.integ_213806100100000.apk Binary XML file line #11
11-16 08:57:26.556: I/ChimeraCfgMgr(13470): Updating module config: ads_fdr:2138061005100000,container:2136149100400+pay+vision.ocr,enpromo:2141060005100000 -> ads_fdr:2138061005100000,container:2136149100400+pay+vision.ocr,enpromo:2141060005100000
11-16 08:57:26.556: E/DowngradeHelper(13470): isModuleDowngradeRequired false
11-16 08:57:26.570: W/BroadcastQueue(1248): Background execution not allowed: receiving Intent { act=com.google.android.chimera.MODULE_CONFIGURATION_CHANGED flg=0x10 (has extras) } to com.google.android.gms/.chimera.GmsIntentOperationService$PersistentInternalReceiver
11-16 08:57:26.584: I/ChimeraCfgMgr(13470): Sending com.google.android.chimera.IntentOperation.NEW_MODULE Intents: 1,false,true
11-16 08:57:26.587: I/GmsDebugLogger(13470): [46] ads_fdr:2138061005100000,container:2136149100400+pay+vision.ocr,enpromo:2141060005100000
11-16 08:57:26.592: I/Auth(13470): [SupervisedAccountIntentOperation] onHandleIntent(): android.intent.action.PACKAGE_ADDED
11-16 08:57:26.594: I/BlockstoreStorage(13470): Clearing Blockstore Data for package com.google.android.gms.policy_test_support [CONTEXT service_id=258 ]
11-16 08:57:26.595: I/BlockstoreStorage(13470): No metadata found. Skipping deletion. [CONTEXT service_id=258 ]
11-16 08:57:26.599: W/gle.android.gm(13470): Unsupported class loader
11-16 08:57:26.604: W/gle.android.gm(13470): Skipping duplicate class check due to unsupported classloader
11-16 08:57:26.604: I/gle.android.gm(13470): Waiting for a blocking GC AddRemoveAppImageSpace
11-16 08:57:26.622: I/gle.android.gm(13470): WaitForGcToComplete blocked AddRemoveAppImageSpace on ProfileSaver for 17.515ms
11-16 08:57:26.622: I/gle.android.gm(13470): Failed to add image file Failed to flatten class loader hierarchy 'Unknown class loader type drb'
11-16 08:57:26.634: W/ChimeraUtils(11048): Module com.google.android.gms.nearby_en has empty metadata display_name_string_id
11-16 08:57:26.639: I/chatty(11048): uid=10007(com.google.android.gms) highpool[1] identical 1 line
11-16 08:57:26.639: W/ChimeraUtils(11048): Module com.google.android.gms.nearby_en has empty metadata display_name_string_id
11-16 08:57:26.722: I/PackageManager.DexOptimizer(1248): Running dexopt (dexoptNeeded=1) on: /data/app/com.google.android.gmscore.testing.testsupport-Kp7jZgbayonceJRNBXvzdQ==/base.apk pkg=com.google.android.gmscore.testing.testsupport isa=arm64 dexoptFlags=boot_complete,profile_guided,public,enable_hidden_api_checks targetFilter=speed-profile oatDir=/data/app/com.google.android.gmscore.testing.testsupport-Kp7jZgbayonceJRNBXvzdQ==/oat classLoaderContext=PCL[/system/framework/org.apache.http.legacy.boot.jar]
11-16 08:57:26.722: V/installed(826): DexInv: --- BEGIN '/data/app/com.google.android.gmscore.testing.testsupport-Kp7jZgbayonceJRNBXvzdQ==/base.apk' ---
11-16 08:57:26.777: D/BoundBrokerSvc(13470): onBind: Intent { act=com.google.android.gms.common.BIND_SHARED_PREFS pkg=com.google.android.gms }
11-16 08:57:26.777: D/BoundBrokerSvc(13470): Loading bound service for intent: Intent { act=com.google.android.gms.common.BIND_SHARED_PREFS pkg=com.google.android.gms }
11-16 08:57:26.777: I/dex2oat(21732): /system/bin/dex2oat --input-vdex-fd=-1 --output-vdex-fd=19 --compiler-filter=speed-profile --classpath-dir=/data/app/com.google.android.gmscore.testing.testsupport-Kp7jZgbayonceJRNBXvzdQ== --class-loader-context=PCL[/system/framework/org.apache.http.legacy.boot.jar] --generate-mini-debug-info --compact-dex-level=none --compilation-reason=install
11-16 08:57:26.779: W/dex2oat(21732): Could not reserve sentinel fault page
11-16 08:57:26.790: I/Icing(13470): IndexChimeraService.getServiceInterface callingPackage=com.google.android.gms componentName=AppsCorpus serviceId=36
11-16 08:57:26.794: D/BoundBrokerSvc(13470): onUnbind: Intent { act=com.google.android.gms.common.BIND_SHARED_PREFS pkg=com.google.android.gms }
11-16 08:57:26.802: I/GmsModuleFndr(13470): Beginning GMS chimera module scan
11-16 08:57:26.805: I/TestSupport(13470): Activate: 1636963200000@1637081846793 [CONTEXT service_id=133 ]
11-16 08:57:26.805: I/TestSupport(13470): Boot time: 1637079342696 [CONTEXT service_id=133 ]
11-16 08:57:26.808: I/TestSupport(13470): Updated: /data/data/com.google.android.gms/app_testsupport/.startup [CONTEXT service_id=133 ]
11-16 08:57:26.809: I/ChimeraCfgMgr(13470): Received com.google.android.chimera.IntentOperation.NEW_MODULE(1/0): 1,false
11-16 08:57:26.813: I/ModuleSetMgr(13470): Computing pending module set with APKs: [[AdsFdrDynamite.integ:213806100100000], [Enpromo.integ:214106000100000], [Pay.optional:213614100000], [VisionOcr.optional:213614100400], [AdsFdrDynamite.integ:212104400100000], [Cronetdynamite:213614100400], [Dynamiteloader:213614100000], [Dynamitemodulesa:213614100000], [Dynamitemodulesc:213614100000], [Googlecertificates:213614100000], [Mapsdynamite:213614100000], [Measurementdynamite:213614100000]]
11-16 08:57:26.816: W/Icing(13470): No valid account for uploading user actions
11-16 08:57:26.816: E/PhenotypeRegOp(13470): Attempting to overwrite config package for com.google.android.gms.games [CONTEXT service_id=231 ]
11-16 08:57:26.817: I/ModuleSetMgr(13470): Pending container module APKs: [[Pay.optional:213614100000], [VisionOcr.optional:213614100400]]
11-16 08:57:26.817: I/ModuleSetMgr(13470): Pending non-container module APKs: [[Enpromo.integ:214106000100000], [AdsFdrDynamite.integ:213806100100000]]
11-16 08:57:26.817: E/PhenotypeRegOp(13470): Attempting to overwrite config package for com.google.android.gms.maps#com.google.android.gms [CONTEXT service_id=231 ]
11-16 08:57:26.818: E/PhenotypeRegOp(13470): Attempting to overwrite config package for com.google.android.gms.cast [CONTEXT service_id=231 ]
11-16 08:57:26.819: E/PhenotypeRegOp(13470): Attempting to overwrite config package for com.google.android.gms.mobile_data_plan [CONTEXT service_id=231 ]
11-16 08:57:26.822: E/PhenotypeRegOp(13470): Attempting to overwrite config package for com.google.android.gms.udc [CONTEXT service_id=231 ]
11-16 08:57:26.830: W/PackageParser(13470): Unknown element under <manifest>: queries at /data/user_de/0/com.google.android.gms/app_chimera/m/00000007/AdsDynamite.apk Binary XML file line #5
11-16 08:57:26.834: I/Icing(13470): Usage reports ok 0, Failed Usage reports 0, indexed 0, rejected 0
11-16 08:57:26.837: I/Icing(13470): IndexChimeraService.getServiceInterface callingPackage=com.google.android.gms componentName=null serviceId=30
11-16 08:57:26.840: I/Icing(13470): Indexing com.google.android.gms-apps from com.google.android.gms
11-16 08:57:26.843: I/Icing(13470): Indexing done com.google.android.gms-apps
11-16 08:57:26.846: W/PackageParser(13470): Unknown element under <manifest>: queries at /data/user_de/0/com.google.android.gms/app_chimera/m/00000011/dl-AdsFdrDynamite.integ_213806100100000.apk Binary XML file line #11
11-16 08:57:26.847: W/Icing(13470): No valid account for uploading user actions
11-16 08:57:26.853: I/Icing(13470): Usage reports ok 0, Failed Usage reports 0, indexed 0, rejected 0
11-16 08:57:27.244: I/dex2oat(21732): Explicit concurrent copying GC freed 11047(2MB) AllocSpace objects, 0(0B) LOS objects, 99% free, 896B/1536KB, paused 29us total 2.908ms
11-16 08:57:27.350: I/dex2oat(21732): dex2oat took 573.666ms (1.252s cpu) (threads: 8) arena alloc=29KB (30488B) java alloc=16KB (17280B) native alloc=5MB (5287440B) free=2MB (3101168B)
11-16 08:57:27.356: V/installed(826): DexInv: --- END '/data/app/com.google.android.gmscore.testing.testsupport-Kp7jZgbayonceJRNBXvzdQ==/base.apk' (success) ---
11-16 08:57:27.356: V/installed(826): [ 11-16 08:57:27.357   826: 1437 E/         ]
11-16 08:57:27.356: V/installed(826): Couldn't opendir /data/app/vmdl46892411.tmp: No such file or directory
11-16 08:57:27.357: E/installd(826): Failed to delete /data/app/vmdl46892411.tmp: No such file or directory
11-16 08:57:27.366: W/BroadcastQueue(1248): Background execution not allowed: receiving Intent { act=android.intent.action.PACKAGE_ADDED dat=package:com.google.android.gmscore.testing.testsupport flg=0x4000010 (has extras) } to com.android.musicfx/.Compatibility$Receiver
11-16 08:57:27.366: I/InputReader(1248): Reconfiguring input devices.  changes=0x00000010
11-16 08:57:27.366: I/Finsky(13116): [2] yeh.d(13): PackageMonitorReceiverImpl - Received: android.intent.action.PACKAGE_ADDED, [Cfp7IzF5TvVG3xiSuASXeJDeHWm6HS2AulwLaqmOV14]
11-16 08:57:27.366: W/BroadcastQueue(1248): Background execution not allowed: receiving Intent { act=android.intent.action.PACKAGE_ADDED dat=package:com.google.android.gmscore.testing.testsupport flg=0x4000010 (has extras) } to com.android.vending/com.google.android.finsky.packagemanager.impl.PackageMonitorReceiverImpl$RegisteredReceiver
11-16 08:57:27.367: I/Finsky(13116): [2] yfi.g(1): Invalidating cached PackageState for com.google.android.gmscore.testing.testsupport
11-16 08:57:27.368: W/BroadcastQueue(1248): Background execution not allowed: receiving Intent { act=android.intent.action.PACKAGE_ADDED dat=package:com.google.android.gmscore.testing.testsupport flg=0x4000010 (has extras) } to com.google.android.gms/.games.chimera.GamesSystemBroadcastReceiverProxy
11-16 08:57:27.369: W/BroadcastQueue(1248): Background execution not allowed: receiving Intent { act=android.intent.action.PACKAGE_ADDED dat=package:com.google.android.gmscore.testing.testsupport flg=0x4000010 (has extras) } to com.google.android.gms/.gass.chimera.PackageChangeBroadcastReceiver
11-16 08:57:27.372: W/BroadcastQueue(1248): Background execution not allowed: receiving Intent { act=android.intent.action.PACKAGE_ADDED dat=package:com.google.android.gmscore.testing.testsupport flg=0x4000010 (has extras) } to com.google.android.gms/.chimera.GmsIntentOperationService$PersistentTrustedReceiver
11-16 08:57:27.372: W/BroadcastQueue(1248): Background execution not allowed: receiving Intent { act=android.intent.action.PACKAGE_ADDED dat=package:com.google.android.gmscore.testing.testsupport flg=0x4000010 (has extras) } to com.google.android.googlequicksearchbox/com.google.android.apps.gsa.googlequicksearchbox.GelStubAppWatcher
11-16 08:57:27.372: W/BroadcastQueue(1248): Background execution not allowed: receiving Intent { act=android.intent.action.PACKAGE_ADDED dat=package:com.google.android.gmscore.testing.testsupport flg=0x4000010 (has extras) } to com.google.android.ims/.receivers.RcsAutoStartReceiver
11-16 08:57:27.372: I/Finsky(13116): [2] owk.d(2): Frosting ID looked up on UI thread. Caller should move to a background thread.
11-16 08:57:27.372: I/Telecom(1248): DefaultDialerCache: Refreshing default dialer for user 0: now com.google.android.dialer: DDC.oR@AJY
11-16 08:57:27.374: I/Finsky(13116): [286] ovx.run(16): Wrote row to frosting DB: 216
11-16 08:57:27.397: I/Finsky(13116): [2] amas.a(3): Do not start WearSupportService due to Wear service optimization
11-16 08:57:27.398: I/Finsky(13116): [287] jnw.a(15): [ContentSync] finished, scheduled=false
11-16 08:57:27.398: D/RegisteredNfcFServicesCache(4152): Service unchanged, not updating
11-16 08:57:27.398: I/Finsky(13116): [2] amas.a(3): Do not start WearSupportService due to Wear service optimization
11-16 08:57:27.399: I/Finsky(13116): [2] aeak.a(8): Clearing split related stale data.
11-16 08:57:27.404: I/Finsky(13116): [288] gxq.a(12): Asset module storage cleared for package com.google.android.gmscore.testing.testsupport.
11-16 08:57:27.404: E/PhoneInterfaceManager(3803): [PhoneIntfMgr] getCarrierPackageNamesForIntent: No UICC
11-16 08:57:27.404: D/CarrierSvcBindHelper(3803): No carrier app for: 0
11-16 08:57:27.406: I/Finsky(13116): [2] owk.d(2): Frosting ID looked up on UI thread. Caller should move to a background thread.
11-16 08:57:27.411: I/Finsky(13116): [286] ovx.run(16): Wrote row to frosting DB: 217
11-16 08:57:27.411: E/VvmPkgInstalledRcvr(3803): cannot create TelephonyManager from ComponentInfo{com.android.phone/com.android.services.telephony.TelephonyConnectionService}, ***, UserHandle{0}
11-16 08:57:27.411: D/ImsResolver(3803): maybeAddedImsService, packageName: com.google.android.gmscore.testing.testsupport
11-16 08:57:27.412: D/CarrierConfigLoader(3803): mHandler: 9 phoneId: 0
11-16 08:57:27.414: W/GCM(11048): Unexpected forwarded intent: Intent { act=android.intent.action.PACKAGE_ADDED dat=package:com.google.android.gmscore.testing.testsupport flg=0x4000010 pkg=com.google.android.gms cmp=com.google.android.gms/.chimera.PersistentIntentOperationService (has extras) }
11-16 08:57:27.415: W/GCM(11048): Unexpected forwarded intent: Intent { act=android.intent.action.PACKAGE_ADDED dat=package:com.google.android.gmscore.testing.testsupport flg=0x4000010 pkg=com.google.android.gms cmp=com.google.android.gms/.chimera.PersistentIntentOperationService (has extras) }
11-16 08:57:27.417: I/Auth(13470): [SupervisedAccountIntentOperation] onHandleIntent(): android.intent.action.PACKAGE_ADDED
11-16 08:57:27.419: I/BlockstoreStorage(13470): Clearing Blockstore Data for package com.google.android.gmscore.testing.testsupport [CONTEXT service_id=258 ]
11-16 08:57:27.419: I/BlockstoreStorage(13470): No metadata found. Skipping deletion. [CONTEXT service_id=258 ]
11-16 08:57:27.421: D/BoundBrokerSvc(13470): onBind: Intent { act=com.google.android.gms.common.BIND_SHARED_PREFS pkg=com.google.android.gms }
11-16 08:57:27.421: D/BoundBrokerSvc(13470): Loading bound service for intent: Intent { act=com.google.android.gms.common.BIND_SHARED_PREFS pkg=com.google.android.gms }
11-16 08:57:27.428: I/ActivityManager(1248): Start proc 21754:com.google.android.gmscore.testing.testsupport/u0a170 for service com.google.android.gmscore.testing.testsupport/.CommandService
11-16 08:57:27.435: E/ing.testsuppor(21754): Not starting debugger since process cannot load the jdwp agent.
11-16 08:57:27.448: D/BoundBrokerSvc(13470): onUnbind: Intent { act=com.google.android.gms.common.BIND_SHARED_PREFS pkg=com.google.android.gms }
11-16 08:57:27.455: I/ing.testsuppor(21754): The ClassLoaderContext is a special shared library.
11-16 08:57:27.460: W/ChimeraUtils(11048): Module com.google.android.gms.nearby_en has empty metadata display_name_string_id
11-16 08:57:27.464: I/Icing(13470): Indexing com.google.android.gms-apps from com.google.android.gms
11-16 08:57:27.466: I/TSDRIVER(21754): CommandService onHandleIntent()
11-16 08:57:27.466: W/ChimeraUtils(11048): Module com.google.android.gms.nearby_en has empty metadata display_name_string_id
11-16 08:57:27.467: I/Icing(13470): Indexing done com.google.android.gms-apps
11-16 08:57:27.467: I/TSDRIVER(21754): Got command: PACKAGE
11-16 08:57:27.469: W/ChimeraUtils(11048): Module com.google.android.gms.nearby_en has empty metadata display_name_string_id
11-16 08:57:27.484: I/TSDRIVER(21754): flag package: Eglnc2VydmljZXMaLAooZmluc2t5LnBsYXlfc2VydmljZXNfYXV0b191cGRhdGVfZW5hYmxlZBgAGjUKMWZpbnNreS5zZXR1cF93aXphcmRfYWRkaXRpb25hbF9hY2NvdW50X3ZwYV9lbmFibGUYABoxCi1maW5za3kuZGFpbHlfaHlnaWVuZV9zY2hlZHVsZV91bmF1dGhlbnRpY2F0ZWQYABpyCipmaW5za3kuYmFja2dyb3VuZF9zcGxpdF9pbnN0YWxsc19ibGFja2xpc3QSRGNvbS5hbmRyb2lkLmNocm9tZSxjb20uZ29vZ2xlLmFuZHJvaWQuZ21zLGNvbS5nb29nbGUuYW5kcm9pZC53ZWJ2aWV3KPgB
11-16 08:57:27.488: I/TSDRIVER(21754): flag package: gservices
11-16 08:57:27.488: E/GooglePlayServicesUtil(21754): The Google Play services resources were not found. Check your project configuration to ensure that the resources are included.
11-16 08:57:27.494: D/BoundBrokerSvc(13470): onBind: Intent { act=com.google.android.gms.testsupport.service.START pkg=com.google.android.gms }
11-16 08:57:27.494: D/BoundBrokerSvc(13470): Loading bound service for intent: Intent { act=com.google.android.gms.testsupport.service.START pkg=com.google.android.gms }
11-16 08:57:27.524: I/m.akt(13470): Primes not initialized, returning default (no-op) Primes instance which will ignore all calls. Please call Primes.initialize(...) before using any Primes API.
11-16 08:57:27.537: W/DynamiteModule(13470): Local module descriptor class for com.google.android.gms.googlecertificates not found.
11-16 08:57:27.540: W/gle.android.gm(13470): Unsupported class loader
11-16 08:57:27.542: W/gle.android.gm(13470): Skipping duplicate class check due to unsupported classloader
11-16 08:57:27.543: I/DynamiteModule(13470): Considering local module com.google.android.gms.googlecertificates:0 and remote module com.google.android.gms.googlecertificates:6
11-16 08:57:27.543: I/DynamiteModule(13470): Selected remote version of com.google.android.gms.googlecertificates, version >= 6
11-16 08:57:27.551: W/gle.android.gm(13470): Unsupported class loader
11-16 08:57:27.552: W/gle.android.gm(13470): Skipping duplicate class check due to unsupported classloader
11-16 08:57:27.575: I/TestSupport(13470): Activated: 1636963200000@1637081846793 [CONTEXT service_id=133 ]
11-16 08:57:27.575: I/TestSupport(13470): Boot time: 1637079342696 [CONTEXT service_id=133 ]
11-16 08:57:27.576: I/TestSupport(13470): Passing package and signature checks: com.google.android.gmscore.testing.testsupport [CONTEXT service_id=133 ]
11-16 08:57:27.588: I/TestSupport(13470): SetOverrideOperation: finsky.play_services_auto_update_enabled = false [CONTEXT service_id=133 ]
11-16 08:57:27.625: I/GservicesProvider(4366): override update completed
11-16 08:57:27.635: I/TestSupport(13470): GServices override confirmed: finsky.play_services_auto_update_enabled=false [CONTEXT service_id=133 ]
11-16 08:57:27.639: I/ActivityManager(1248): Start proc 21778:com.android.connectivity.metrics/u0a57 for broadcast com.android.connectivity.metrics/.SnapshotSchedulingReceiver
11-16 08:57:27.644: E/ctivity.metric(21778): Not starting debugger since process cannot load the jdwp agent.
11-16 08:57:27.646: I/Bugle(7215): ApnsOta: OTA version -1
11-16 08:57:27.652: I/TestSupport(13470): SetOverrideOperation: finsky.setup_wizard_additional_account_vpa_enable = false [CONTEXT service_id=133 ]
11-16 08:57:27.667: I/ctivity.metric(21778): The ClassLoaderContext is a special shared library.
11-16 08:57:27.682: D/ConnMetrics:App(21778): onCreate()
11-16 08:57:27.692: I/GservicesProvider(4366): override update completed
11-16 08:57:27.699: I/ActivityManager(1248): Start proc 21797:com.google.android.apps.multidevice.client/u0a72 for broadcast com.google.android.apps.multidevice.client/.ui.pixel.SettingsActivityAvailabilityReceiver
11-16 08:57:27.704: E/tidevice.clien(21797): Not starting debugger since process cannot load the jdwp agent.
11-16 08:57:27.704: I/Bugle(7215): ApnsOta: OTA version -1
11-16 08:57:27.709: E/GooglePlayServicesUtil(21778): The Google Play services resources were not found. Check your project configuration to ensure that the resources are included.
11-16 08:57:27.713: I/TestSupport(13470): GServices override confirmed: finsky.setup_wizard_additional_account_vpa_enable=false [CONTEXT service_id=133 ]
11-16 08:57:27.722: I/TestSupport(13470): SetOverrideOperation: finsky.daily_hygiene_schedule_unauthenticated = false [CONTEXT service_id=133 ]
11-16 08:57:27.729: D/ConnMetrics:App(21778): IsOptedIn = false
11-16 08:57:27.731: I/tidevice.clien(21797): The ClassLoaderContext is a special shared library.
11-16 08:57:27.751: I/GservicesProvider(4366): override update completed
11-16 08:57:27.765: I/TestSupport(13470): GServices override confirmed: finsky.daily_hygiene_schedule_unauthenticated=false [CONTEXT service_id=133 ]
11-16 08:57:27.774: I/TestSupport(13470): SetOverrideOperation: finsky.background_split_installs_blacklist = com.android.chrome,com.google.android.gms,com.google.android.webview [CONTEXT service_id=133 ]
11-16 08:57:27.777: I/SettingsActivityAvailab(21797): Disabling com.google.android.apps.multidevice.client.ui.pixel.SettingsActivity.
11-16 08:57:27.778: D/GservicesChangeReceiver(6014): Gservices Changed broadcast Received. context is android.app.ReceiverRestrictedContext@e951b64
11-16 08:57:27.782: D/GservicesChangeReceiver(6014): Gservices allowPowerAnomalyData is False.
11-16 08:57:27.784: D/ConnectivityMonitorManager(6014): Service com.google.android.connectivitymonitor.PowerAnomalyDetectorService is not running...
11-16 08:57:27.790: D/GservicesChangeReceiver(6014): Gservices allowLowPowerMonitoring is False.
11-16 08:57:27.791: D/ConnectivityMonitorManager(6014): Service com.google.android.connectivitymonitor.LowPowerMonitorService is not running...
11-16 08:57:27.806: I/Bugle(7215): ApnsOta: OTA version -1
11-16 08:57:27.811: D/GservicesChangeReceiver(6014): Gservices isConnectivityMonitorEnabled is True.
11-16 08:57:27.812: D/ConnectivityMonitorManager(6014): Service com.google.android.connectivitymonitor.ConnectivityMonitorService is running...
11-16 08:57:27.823: I/GservicesProvider(4366): override update completed
11-16 08:57:27.830: I/ActivityManager(1248): Start proc 21816:com.google.android.euicc/u0a67 for broadcast com.google.android.euicc/com.android.euicc.receiver.GservicesChangedReceiver
11-16 08:57:27.834: E/e.android.euic(21816): Not starting debugger since process cannot load the jdwp agent.
11-16 08:57:27.840: I/Bugle(7215): ApnsOta: OTA version -1
11-16 08:57:27.841: I/TestSupport(13470): GServices override confirmed: finsky.background_split_installs_blacklist=com.android.chrome,com.google.android.gms,com.google.android.webview [CONTEXT service_id=133 ]
11-16 08:57:27.842: I/TSDRIVER(21754): Handled command: PACKAGE
11-16 08:57:27.920: I/TSDRIVER(21754): CommandService onHandleIntent()
11-16 08:57:27.920: I/TSDRIVER(21754): Got command: PACKAGE
11-16 08:57:27.921: I/TSDRIVER(21754): flag package: Eitjb20uZ29vZ2xlLmFuZHJvaWQuZ21zLmF1dGguYXBpLmNyZWRlbnRpYWxzGh4KGlNhdmVTdHJhdGVneV9fZW5hYmxlU2F2aW5nGAAoPg
11-16 08:57:27.921: I/TSDRIVER(21754): flag package: com.google.android.gms.auth.api.credentials
11-16 08:57:27.932: I/TestSupport(13470): SetOverrideOperation: gms:phenotype:phenotype_flag:debug_bypass_phenotype = false [CONTEXT service_id=133 ]
11-16 08:57:27.970: I/GservicesProvider(4366): override update completed
11-16 08:57:27.983: I/Bugle(7215): ApnsOta: OTA version -1
11-16 08:57:27.985: I/TestSupport(13470): GServices override confirmed: gms:phenotype:phenotype_flag:debug_bypass_phenotype=false [CONTEXT service_id=133 ]
11-16 08:57:27.995: I/TestSupport(13470): SetFlagOverridesOperation: com.google.android.gms.auth.api.credentials, '', [Flag(SaveStrategy__enableSaving, false, 2, 0)] [CONTEXT service_id=133 ]
11-16 08:57:28.002: I/EuiccGoogle(21816): [2] GservicesChangedReceiver.onReceive: Setting EUICC_SUPPORTED_COUNTRIES to de,gb,in,us
11-16 08:57:28.011: I/Backup(13470): [GmsBackupStatusChangeReceiver] Going to enable gms backup transport.
11-16 08:57:28.026: I/Backup(13470): [BackupTransportMigratorChimeraService] Starting migration...
11-16 08:57:28.026: I/NetRec(11048): [1012] aiad.a: onConfigChanged()
11-16 08:57:28.028: I/BgTaskExecutorImpl(10133): Starting NONEXCLUSIVE background task UPDATE_GSERVICES_CONFIG.
11-16 08:57:28.032: I/GmsModuleFndr(13470): Beginning GMS chimera module scan
11-16 08:57:28.033: I/Herrevad(11048): [1008] zcq.a: updateListenState
11-16 08:57:28.036: I/Auth(11048): [AuthManaged, PasswordComplexityHelperImpl] Updating password complexity components state.
11-16 08:57:28.036: I/Auth(11048): [AuthManaged, PasswordComplexityHelperImpl] Enabling com.google.android.gms.auth.managed.ui.SetNewPasswordActivity
11-16 08:57:28.043: I/ActivityManager(1248): Start proc 21847:com.google.process.gapps/u0a7 for broadcast com.google.android.gsf/.loginservice.ServicesWatcher
11-16 08:57:28.044: W/SearchServiceCore(10133): Abort, client detached.
11-16 08:57:28.045: I/NetRec(11048): [1012] aiad.a: Cancelling all NetRec GCM tasks
11-16 08:57:28.046: I/GservicesUpdateTask(10133): Updating Gservices keys
11-16 08:57:28.050: I/NetRec(11048): [1008] ClearDatabaseService.onHandleIntent: Clearing score cache
11-16 08:57:28.050: I/ModuleSetMgr(13470): Computing pending module set with APKs: [[AdsFdrDynamite.integ:213806100100000], [Enpromo.integ:214106000100000], [Pay.optional:213614100000], [VisionOcr.optional:213614100400], [AdsFdrDynamite.integ:212104400100000], [Cronetdynamite:213614100400], [Dynamiteloader:213614100000], [Dynamitemodulesa:213614100000], [Dynamitemodulesc:213614100000], [Googlecertificates:213614100000], [Mapsdynamite:213614100000], [Measurementdynamite:213614100000]]
11-16 08:57:28.055: I/ModuleSetMgr(13470): Pending container module APKs: [[Pay.optional:213614100000], [VisionOcr.optional:213614100400]]
11-16 08:57:28.055: I/ModuleSetMgr(13470): Pending non-container module APKs: [[Enpromo.integ:214106000100000], [AdsFdrDynamite.integ:213806100100000]]
11-16 08:57:28.056: E/e.process.gapp(21847): Not starting debugger since process cannot load the jdwp agent.
11-16 08:57:28.067: W/PackageParser(13470): Unknown element under <manifest>: queries at /data/user_de/0/com.google.android.gms/app_chimera/m/00000007/AdsDynamite.apk Binary XML file line #5
11-16 08:57:28.077: I/GCoreUlr(11048): WorldUpdater received intent Intent { act=com.google.android.location.reporting.ACTION_UPDATE_WORLD cmp=com.google.android.gms/com.google.android.location.reporting.service.DispatchingService (has extras) } with receiverAction com.google.gservices.intent.action.GSERVICES_CHANGED [CONTEXT service_id=22 ]
11-16 08:57:28.082: W/PackageParser(13470): Unknown element under <manifest>: queries at /data/user_de/0/com.google.android.gms/app_chimera/m/00000011/dl-AdsFdrDynamite.integ_213806100100000.apk Binary XML file line #11
11-16 08:57:28.082: I/e.process.gapp(21847): The ClassLoaderContext is a special shared library.
11-16 08:57:28.094: I/RecoverableKeyStoreGms(13470): [RecoverableKeyStoreGmsInitOperation] Initializing auth_folsom
11-16 08:57:28.094: I/GCoreUlr(11048): WorldUpdater:com.google.gservices.intent.action.GSERVICES_CHANGED: Ensuring that reporting is stopped because of reasons: (no Google accounts) [CONTEXT service_id=22 ]
11-16 08:57:28.097: D/BoundBrokerSvc(11048): onBind: Intent { act=com.google.android.gms.scheduler.ACTION_PROXY_SCHEDULE cmp=com.google.android.gms/.chimera.PersistentInternalBoundBrokerService }
11-16 08:57:28.097: D/BoundBrokerSvc(11048): Loading bound service for intent: Intent { act=com.google.android.gms.scheduler.ACTION_PROXY_SCHEDULE cmp=com.google.android.gms/.chimera.PersistentInternalBoundBrokerService }
11-16 08:57:28.099: I/RecoverableKeyStoreGms(13470): [RecoverableKeyStoreGmsInitOperation] com.google.android.gms.auth.folsom.service.FolsomPublicKeyUpdateService is already enabled. Ignore.
11-16 08:57:28.099: I/RecoverableKeyStoreGms(13470): [RecoverableKeyStoreGmsInitOperation] com.google.android.gms.auth.folsom.service.GcmReceiverService is already enabled. Ignore.
11-16 08:57:28.102: I/ChromeSync(13470): [Sync,SyncIntentOperation] Handling the intent: Intent { act=com.google.gservices.intent.action.GSERVICES_CHANGED flg=0x1000010 pkg=com.google.android.gms cmp=com.google.android.gms/.chimera.GmsIntentOperationService$PersistentInternalReceiver }.
11-16 08:57:28.105: V/RecoverableKeyStoreMgr(1248): Not updating secret types - same as old value.
11-16 08:57:28.106: I/RecoverableKeyStoreGms(13470): [RecoverableKeyStoreGmsInitOperation] Setting vault handle
11-16 08:57:28.107: V/RecoverableKeyStoreMgr(1248): Not updating server params - same as old value.
11-16 08:57:28.108: I/GCoreUlr(11048): Unbound from all signal providers. [CONTEXT service_id=22 ]
11-16 08:57:28.112: I/RecoverableKeyStoreGms(13470): [EnrollmentManager] Returning certificates list from cache
11-16 08:57:28.115: I/GoogleHttpClient(21847): GMS http client unavailable, use old client
11-16 08:57:28.119: I/GCoreUlr(11048): DispatchingService ignoring Intent { act=android.net.wifi.WIFI_STATE_CHANGED flg=0x4000010 (has extras) } because ULR inactive [CONTEXT service_id=22 ]
11-16 08:57:28.120: I/GCoreUlr(11048): Unbound from all signal providers. [CONTEXT service_id=22 ]
11-16 08:57:28.120: I/GCoreUlr(11048): Stopping handler for UlrDispSvcFast [CONTEXT service_id=22 ]
11-16 08:57:28.121: I/GmsModuleFndr(13470): Beginning GMS chimera module scan
11-16 08:57:28.139: I/ModuleSetMgr(13470): Computing pending module set with APKs: [[AdsFdrDynamite.integ:213806100100000], [Enpromo.integ:214106000100000], [Pay.optional:213614100000], [VisionOcr.optional:213614100400], [AdsFdrDynamite.integ:212104400100000], [Cronetdynamite:213614100400], [Dynamiteloader:213614100000], [Dynamitemodulesa:213614100000], [Dynamitemodulesc:213614100000], [Googlecertificates:213614100000], [Mapsdynamite:213614100000], [Measurementdynamite:213614100000]]
11-16 08:57:28.145: I/RecoverableKeyStoreMgr(1248): The cert file serial number is the same, so skip updating.
11-16 08:57:28.145: I/RecoverableKeyStoreGms(13470): [EnrollmentManager] Recovery service is initialized.
11-16 08:57:28.148: I/RecoverySnapshotLstnrs(1248): Registered listener for agent with uid 10007
11-16 08:57:28.149: I/MobileDataHub(13470): Scheduling periodic tasks
11-16 08:57:28.152: E/RecoverySnapshotStorage(1248): Error reading snapshot for 10007 from disk
11-16 08:57:28.152: E/RecoverySnapshotStorage(1248): java.io.FileNotFoundException: /data/system/recoverablekeystore/snapshots/10007.xml (No such file or directory)
11-16 08:57:28.152: E/RecoverySnapshotStorage(1248): 	at java.io.FileInputStream.open0(Native Method)
11-16 08:57:28.152: E/RecoverySnapshotStorage(1248): 	at java.io.FileInputStream.open(FileInputStream.java:231)
11-16 08:57:28.152: E/RecoverySnapshotStorage(1248): 	at java.io.FileInputStream.<init>(FileInputStream.java:165)
11-16 08:57:28.152: E/RecoverySnapshotStorage(1248): 	at com.android.server.locksettings.recoverablekeystore.storage.RecoverySnapshotStorage.readFromDisk(RecoverySnapshotStorage.java:152)
11-16 08:57:28.152: E/RecoverySnapshotStorage(1248): 	at com.android.server.locksettings.recoverablekeystore.storage.RecoverySnapshotStorage.get(RecoverySnapshotStorage.java:104)
11-16 08:57:28.152: E/RecoverySnapshotStorage(1248): 	at com.android.server.locksettings.recoverablekeystore.RecoverableKeyStoreManager.getKeyChainSnapshot(RecoverableKeyStoreManager.java:331)
11-16 08:57:28.152: E/RecoverySnapshotStorage(1248): 	at com.android.server.locksettings.LockSettingsService.getKeyChainSnapshot(LockSettingsService.java:2032)
11-16 08:57:28.152: E/RecoverySnapshotStorage(1248): 	at com.android.internal.widget.ILockSettings$Stub.onTransact(ILockSettings.java:356)
11-16 08:57:28.152: E/RecoverySnapshotStorage(1248): 	at android.os.Binder.execTransact(Binder.java:731)
11-16 08:57:28.153: W/MobileDataHub(13470): [Service] appsupload-periodic periodic task disabled
11-16 08:57:28.154: I/RecoverableKeyStoreGms(13470): [WrappingKeyManager] Can't generate wrapping key - missing lock screeen
11-16 08:57:28.157: I/ActivityManager(1248): Start proc 21867:com.google.android.ims/u0a25 for broadcast com.google.android.ims/.receivers.RcsAutoStartReceiver
11-16 08:57:28.159: I/MdiSyncModule(13470): flag handling is skipping irrelevant intent.
11-16 08:57:28.160: E/gle.android.im(21867): Not starting debugger since process cannot load the jdwp agent.
11-16 08:57:28.160: I/MS_Utils(13470): version of com.google.android.apps.maps = 1022101040
11-16 08:57:28.175: I/SystemUpdate(13470): [Installation,ReceiverIntentOperation] Received intent: Intent { act=com.google.gservices.intent.action.GSERVICES_CHANGED flg=0x1000010 pkg=com.google.android.gms cmp=com.google.android.gms/.chimera.GmsIntentOperationService$PersistentInternalReceiver }.
11-16 08:57:28.182: I/gle.android.im(21867): The ClassLoaderContext is a special shared library.
11-16 08:57:28.183: I/ModuleSetMgr(13470): Pending container module APKs: [[Pay.optional:213614100000], [VisionOcr.optional:213614100400]]
11-16 08:57:28.183: I/ModuleSetMgr(13470): Pending non-container module APKs: [[Enpromo.integ:214106000100000], [AdsFdrDynamite.integ:213806100100000]]
11-16 08:57:28.203: W/PackageParser(13470): Unknown element under <manifest>: queries at /data/user_de/0/com.google.android.gms/app_chimera/m/00000007/AdsDynamite.apk Binary XML file line #5
11-16 08:57:28.210: I/CarrierServices(21867): [2] ait.a: Initializing Carrier Services Library.
11-16 08:57:28.224: W/PackageParser(13470): Unknown element under <manifest>: queries at /data/user_de/0/com.google.android.gms/app_chimera/m/00000011/dl-AdsFdrDynamite.integ_213806100100000.apk Binary XML file line #11
11-16 08:57:28.243: I/CarrierServices(21867): [2] ait.c: Initializing Carrier Services Logging.
11-16 08:57:28.250: W/DynamiteModule(13470): Local module descriptor class for com.google.android.gms.vision.dynamite.ocr not found.
11-16 08:57:28.251: W/ProviderHelper(13470): Unknown dynamite feature vision.dynamite.ocr
11-16 08:57:28.251: I/bzp(21867): LogSaver new instance with filename: carrier_services
11-16 08:57:28.252: I/DynamiteModule(13470): Considering local module com.google.android.gms.vision.dynamite.ocr:0 and remote module com.google.android.gms.vision.dynamite.ocr:0
11-16 08:57:28.253: I/DynamiteModule(13470): Considering local module com.google.android.gms.vision.ocr:0 and remote module com.google.android.gms.vision.ocr:1
11-16 08:57:28.253: I/DynamiteModule(13470): Selected remote version of com.google.android.gms.vision.ocr, version >= 1
11-16 08:57:28.258: I/native(13470): I1116 08:57:28.258424   21707 start_ocr_856638336_langid.cc:35] StartOcr with label: latin_script_gmvapi_android
11-16 08:57:28.258: I/native(13470): I1116 08:57:28.258655   21707 start_ocr_856638336_langid.cc:44] StartOcr success
11-16 08:57:28.258: I/akhr(11048): Scheduling Phenotype for a PhenotypeSyncImmediately(6, com.google.android.gms.testsupport) one off with window [1, 2] in seconds [CONTEXT service_id=51 ]
11-16 08:57:28.261: I/OcrModelUpStIntentOp(13470): Downloading text recognizer
11-16 08:57:28.264: I/CarrierServices(21867): [2] ait.c: Initializing Carrier Services Logging.
11-16 08:57:28.268: D/CarrierServices(21867): log_saver already enabled
11-16 08:57:28.268: I/CarrierServices(21867): [2] bxu.d: Checking if using CarrierServices.apk is possible. Enabled: true, isAtLeastM: true, runningInsideBugle: false
11-16 08:57:28.269: I/CarrierServices(21867): [2] bch.a: Using AndroidNetworkFactory
11-16 08:57:28.269: I/Bugle(21867): GServicesValues:
11-16 08:57:28.269: I/Bugle(21867): bugle_enable_primes_crash_metrics: true
11-16 08:57:28.269: I/Bugle(21867): bugle_max_telemetry_upload_retries: 10
11-16 08:57:28.269: I/Bugle(21867): bugle_sticker_set_list_version: 3
11-16 08:57:28.271: I/CarrierServices(21867): [2] bxu.d: Checking if using CarrierServices.apk is possible. Enabled: true, isAtLeastM: true, runningInsideBugle: false
11-16 08:57:28.271: I/TestSupport(13470): AwaitCommitOperation: SaveStrategy__enableSaving [CONTEXT service_id=133 ]
11-16 08:57:28.271: D/BoundBrokerSvc(13470): onBind: Intent { act=com.google.android.gms.ocr.service.internal.START cmp=com.google.android.gms/.chimera.GmsInternalApiService }
11-16 08:57:28.272: D/BoundBrokerSvc(13470): Loading bound service for intent: Intent { act=com.google.android.gms.ocr.service.internal.START cmp=com.google.android.gms/.chimera.GmsInternalApiService }
11-16 08:57:28.274: D/ConnectivityService(1248): requestNetwork for uid/pid:10025/21867 NetworkRequest [ TRACK_DEFAULT id=54, [ Capabilities: INTERNET&NOT_RESTRICTED&TRUSTED Unwanted:  Uid: 10025] ]
11-16 08:57:28.275: D/WIFI_UT(1248): got request NetworkRequest [ TRACK_DEFAULT id=54, [ Capabilities: INTERNET&NOT_RESTRICTED&TRUSTED Unwanted:  Uid: 10025] ] with score 60
11-16 08:57:28.275: D/WIFI_AWARE_FACTORY(1248): got request NetworkRequest [ TRACK_DEFAULT id=54, [ Capabilities: INTERNET&NOT_RESTRICTED&TRUSTED Unwanted:  Uid: 10025] ] with score 60
11-16 08:57:28.275: D/Ethernet(1248): got request NetworkRequest [ TRACK_DEFAULT id=54, [ Capabilities: INTERNET&NOT_RESTRICTED&TRUSTED Unwanted:  Uid: 10025] ] with score 60
11-16 08:57:28.275: D/WIFI(1248): got request NetworkRequest [ TRACK_DEFAULT id=54, [ Capabilities: INTERNET&NOT_RESTRICTED&TRUSTED Unwanted:  Uid: 10025] ] with score 60
11-16 08:57:28.275: D/PhoneSwitcherNetworkRequstListener(3803): got request NetworkRequest [ TRACK_DEFAULT id=54, [ Capabilities: INTERNET&NOT_RESTRICTED&TRUSTED Unwanted:  Uid: 10025] ] with score 60
11-16 08:57:28.277: I/CarrierServices(21867): [866] bai.b: Connected state: [1], networkType: [WIFI]
11-16 08:57:28.278: W/NetworkScheduler(11048): The extras of the task is not valid to be persisted so that the task is not persisted [CONTEXT service_id=218 ]
11-16 08:57:28.278: W/NetworkScheduler(11048): java.lang.IllegalArgumentException: Only the following extra parameter types are supported: Integer, Long, Double, String, Boolean, and nested Bundles with the same restrictions.
11-16 08:57:28.278: W/NetworkScheduler(11048): 	at abno.f(:com.google.android.gms@213614028@21.36.14 (100400-395708125):6)
11-16 08:57:28.278: W/NetworkScheduler(11048): 	at amdu.g(:com.google.android.gms@213614028@21.36.14 (100400-395708125):37)
11-16 08:57:28.278: W/NetworkScheduler(11048): 	at amdd.n(:com.google.android.gms@213614028@21.36.14 (100400-395708125):3)
11-16 08:57:28.278: W/NetworkScheduler(11048): 	at amdd.u(:com.google.android.gms@213614028@21.36.14 (100400-395708125):20)
11-16 08:57:28.278: W/NetworkScheduler(11048): 	at amdd.g(:com.google.android.gms@213614028@21.36.14 (100400-395708125):3)
11-16 08:57:28.278: W/NetworkScheduler(11048): 	at alzy.run(:com.google.android.gms@213614028@21.36.14 (100400-395708125):9)
11-16 08:57:28.278: W/NetworkScheduler(11048): 	at rgh.c(:com.google.android.gms@213614028@21.36.14 (100400-395708125):6)
11-16 08:57:28.278: W/NetworkScheduler(11048): 	at rgh.run(:com.google.android.gms@213614028@21.36.14 (100400-395708125):7)
11-16 08:57:28.278: W/NetworkScheduler(11048): 	at java.util.concurrent.ThreadPoolExecutor.runWorker(ThreadPoolExecutor.java:1167)
11-16 08:57:28.278: W/NetworkScheduler(11048): 	at java.util.concurrent.ThreadPoolExecutor$Worker.run(ThreadPoolExecutor.java:641)
11-16 08:57:28.278: W/NetworkScheduler(11048): 	at rkn.run(:com.google.android.gms@213614028@21.36.14 (100400-395708125):0)
11-16 08:57:28.278: W/NetworkScheduler(11048): 	at java.lang.Thread.run(Thread.java:764)
11-16 08:57:28.279: I/TestSupport(13470): AwaitCommitOperation: uncommitted: FlagOverride(com.google.android.gms.auth.api.credentials, , Flag(SaveStrategy__enableSaving, false, 2, 0), false) [CONTEXT service_id=133 ]
11-16 08:57:28.279: I/TestSupport(13470): AwaitCommitOperation:  sleeping for 10 msec. [CONTEXT service_id=133 ]
11-16 08:57:28.279: I/CarrierServices(21867): [2] bxu.e: Carrier Services GServices flags:
11-16 08:57:28.279: I/CarrierServices(21867):    carrier_services_security_flags_ec_api_white_listed_packages: com.google.android.apps.messaging,com.google.android.dialer,com.google.android.ims.client.sampleapp,com.android.contacts,com.lge.rcscall,com.android.incallui,com.huawei.incallui.appfeature.rcsfeature
