11-16 08:57:41.007: E/ExecutionCriteria(11048): Package unavailable for task: com.google.android.apps.gcs/com.google.android.flib.phenotype.services.PhenotypeExperimentCommitService{u=0 tag="PhenotypeExpCommitSvc" trigger=window{start=0s,end=30s,earliest=-2418s,latest=-2388s} requirements=[NET_ANY] attributes=[PERSISTED] scheduled=-2418s last_run=N/A exec_window_multiplier=1.0000 jid=N/A status=PENDING retries=0 client_lib=MANCHEGO_GCM-11732000} [CONTEXT service_id=218 ]
11-16 08:57:41.009: I/DefaultStickerUpdate(3654): Read metadata file from cache with 267141 bytes
11-16 08:57:41.035: W/NotificationService(1248): Notification policy access denied calling getAutomaticZenRules
11-16 08:57:41.036: I/Superpacks(23494): Releasing all superpacks except ambientmusic-index-17_09_02
11-16 08:57:41.039: I/ActivityManager(1248): Killing 22606:com.google.android.apps.maps/u0a102 (adj 906): empty #17
11-16 08:57:41.039: W/libprocessgroup(1248): kill(-22606, 9) failed: No such process
11-16 08:57:41.053: I/ActivityManager(1248): Start proc 23531:com.google.android.apps.chromecast.app/u0a149 for broadcast com.google.android.apps.chromecast.app/com.google.android.libraries.notifications.entrypoints.localechanged.LocaleChangedReceiver
11-16 08:57:41.061: W/libprocessgroup(1248): kill(-22606, 9) failed: No such process
11-16 08:57:41.067: E/.chromecast.ap(23531): Not starting debugger since process cannot load the jdwp agent.
11-16 08:57:41.084: I/Superpacks(23494): Starting garbage collection
11-16 08:57:41.084: W/android.youtub(23365): Skipping duplicate class check due to unsupported classloader
11-16 08:57:41.084: W/Superpacks(23494): isDirectory returned false while listing files for /data/user/0/com.google.intelligence.sense/files/superpacks
11-16 08:57:41.087: I/DynamiteModule(23365): Considering local module com.google.android.gms.ads.dynamite:0 and remote module com.google.android.gms.ads.dynamite:213806100
11-16 08:57:41.087: I/DynamiteModule(23365): Selected remote version of com.google.android.gms.ads.dynamite, version >= 213806100
11-16 08:57:41.092: I/.chromecast.ap(23531): The ClassLoaderContext is a special shared library.
11-16 08:57:41.093: W/libprocessgroup(1248): kill(-22606, 9) failed: No such process
11-16 08:57:41.103: I/Zygote(729): Process 22606 exited due to signal (9)
11-16 08:57:41.104: D/BoundBrokerSvc(11048): onUnbind: Intent { act=com.google.android.gms.clearcut.bootcount.service.START pkg=com.google.android.gms }
11-16 08:57:41.107: W/libprocessgroup(1248): kill(-22606, 9) failed: No such process
11-16 08:57:41.107: I/libprocessgroup(1248): Successfully killed process cgroup uid 10102 pid 22606 in 68ms
11-16 08:57:41.120: W/e.kotlintestap(23335): Accessing hidden method Landroid/app/Instrumentation;->execStartActivity(Landroid/content/Context;Landroid/os/IBinder;Landroid/os/IBinder;Landroid/app/Activity;Landroid/content/Intent;ILandroid/os/Bundle;)Landroid/app/Instrumentation$ActivityResult; (light greylist, linking)
11-16 08:57:41.120: W/e.kotlintestap(23335): Accessing hidden method Landroid/app/Instrumentation;->execStartActivity(Landroid/content/Context;Landroid/os/IBinder;Landroid/os/IBinder;Ljava/lang/String;Landroid/content/Intent;ILandroid/os/Bundle;)Landroid/app/Instrumentation$ActivityResult; (light greylist, linking)
11-16 08:57:41.126: I/MonitoringInstr(23335): Instrumentation started!
11-16 08:57:41.136: V/TestEventClient(23335): No service name argument was given (testDiscoveryService, testRunEventService or orchestratorService)
11-16 08:57:41.138: I/MonitoringInstr(23335): No JSBridge.
11-16 08:57:41.146: D/InfraTrack(23335): Tracking disabled due to lack of internet permissions
11-16 08:57:41.146: I/UsageTrackerFacilitator(23335): Usage tracking disabled
11-16 08:57:41.151: I/TestRequestBuilder(23335): Scanning classpath to find tests in paths [/data/app/androidx.lifecycle.kotlintestapp.test-YyBDTInBYJFsYld0dQLt2g==/base.apk]
11-16 08:57:41.153: W/e.kotlintestap(23335): Opening an oat file without a class loader. Are you using the deprecated DexFile APIs?
11-16 08:57:41.155: W/android.youtub(23365): Unknown chunk type '200'.
11-16 08:57:41.240: W/android.youtub(23365): Unsupported class loader
11-16 08:57:41.256: W/android.youtub(23365): Skipping duplicate class check due to unsupported classloader
11-16 08:57:41.294: D/DynamitePackage(23365): Instantiated singleton DynamitePackage.
11-16 08:57:41.294: D/DynamitePackage(23365): Instantiating com.google.android.gms.ads.adshield.ChimeraAdShieldCreatorImpl
11-16 08:57:41.384: I/DefaultStickerUpdate(3654): Received 6 sticker packs in metadata
11-16 08:57:41.441: I/BlobLobber(10133): Canceling downloads: [odws2_en:us:807_2019-07-21_260300236_release_signed]
11-16 08:57:41.442: I/BlobLobber(10133): Failed to cancel [odws2_en:us:807_2019-07-21_260300236_release_signed]
11-16 08:57:41.457: I/BgTaskExecutorImpl(10133): Starting EXCLUSIVE background task BLOBLOBBER_SYNC.
11-16 08:57:41.461: W/.chromecast.ap(23531): JIT profile information will not be recorded: profile file does not exits.
11-16 08:57:41.462: I/chatty(23531): uid=10149(com.google.android.apps.chromecast.app) identical 1 line
11-16 08:57:41.462: W/.chromecast.ap(23531): JIT profile information will not be recorded: profile file does not exits.
11-16 08:57:41.467: I/OpaEnabledReceiver(3674): Dispatching OPA eligble = true; AGSA = true; OPA enabled = true
11-16 08:57:41.467: I/OpaLayout(3674): Setting opa enabled to true
11-16 08:57:41.467: I/OpaLayout(3674): Setting opa enabled to true
11-16 08:57:41.470: I/VelourConfigListener(10133): Received new velour config
11-16 08:57:41.499: I/OpaEligibilityChecker(10133): send OpaEligibilityChange broadcast to CommonBroadcastReceiver
11-16 08:57:41.502: I/OpaEnabledReceiver(3674): Dispatching OPA eligble = true; AGSA = true; OPA enabled = true
11-16 08:57:41.502: I/OpaLayout(3674): Setting opa enabled to true
11-16 08:57:41.503: I/OpaLayout(3674): Setting opa enabled to true
11-16 08:57:41.536: I/BgTaskExecutorImpl(10133): Starting EXCLUSIVE background task VELOUR_BACKGROUND_MAINTENANCE.
11-16 08:57:41.537: W/PrimesInit(23531): Primes instant initialization
11-16 08:57:41.538: W/Primes(23531): background initialization
11-16 08:57:41.552: I/DefaultStickerUpdate(3654): Created 152 indexables
11-16 08:57:41.574: I/Icing(13470): Indexing com.google.android.gms-internal.3p:MobileApplication from com.google.android.gms
11-16 08:57:41.581: W/earchbox:searc(10133): Unsupported class loader
11-16 08:57:41.607: I/dex2oat(23577): The ClassLoaderContext is a special shared library.
11-16 08:57:41.608: I/dex2oat(23577): /system/bin/dex2oat --dex-file=/data/user/0/com.google.android.youtube/cache/1629828815138.jar --output-vdex-fd=86 --oat-fd=87 --oat-location=/data/user/0/com.google.android.youtube/cache/oat/arm64/1629828815138.odex --compiler-filter=quicken --class-loader-context=&
11-16 08:57:41.612: I/Icing(13470): Indexing done com.google.android.gms-internal.3p:MobileApplication
11-16 08:57:41.615: I/Icing(13470): Indexing com.android.chrome-internal.3p:WebPage from com.android.chrome
11-16 08:57:41.616: I/PrimesTesting(23531): GserviceFlagsSupplier.get()
11-16 08:57:41.642: E/SQLiteLog(13470): (1) no such table: WebPage_com.android.chrome_seq_table
11-16 08:57:41.643: E/Icing(13470): Cursor call threw an exception: no such table: WebPage_com.android.chrome_seq_table (code 1 SQLITE_ERROR): , while compiling: SELECT * FROM [WebPage_com.android.chrome_seq_table] WHERE seqno>0 AND tag IS NULL ORDER BY seqno LIMIT 20
11-16 08:57:41.644: I/Icing(13470): Indexing done com.android.chrome-internal.3p:WebPage
11-16 08:57:41.644: E/Icing(13470): Aborting indexing of corpus internal.3p:WebPage
11-16 08:57:41.663: I/dex2oat(23599): The ClassLoaderContext is a special shared library.
11-16 08:57:41.663: I/dex2oat(23599): /system/bin/dex2oat --dex-file=/data/user/0/com.google.android.googlequicksearchbox/files/velour/verified_jars/Jkk1AICSm8V3ZDlxbl8SBoQ_1.jar --output-vdex-fd=91 --oat-fd=92 --oat-location=/data/user/0/com.google.android.googlequicksearchbox/files/velour/verified_jars/oat/arm64/Jkk1AICSm8V3ZDlxbl8SBoQ_1.odex --compiler-filter=quicken --class-loader-context=&
11-16 08:57:41.710: I/OpaEnabledReceiver(3674): Dispatching OPA eligble = true; AGSA = true; OPA enabled = true
11-16 08:57:41.710: I/OpaLayout(3674): Setting opa enabled to true
11-16 08:57:41.710: I/OpaLayout(3674): Setting opa enabled to true
11-16 08:57:41.743: I/Icing(13470): IndexChimeraService.getServiceInterface callingPackage=com.google.android.googlequicksearchbox componentName=agsa_icing_connection serviceId=33
11-16 08:57:41.746: I/OpaEnabledReceiver(3674): Dispatching OPA eligble = true; AGSA = true; OPA enabled = true
11-16 08:57:41.746: I/OpaLayout(3674): Setting opa enabled to true
11-16 08:57:41.746: I/OpaLayout(3674): Setting opa enabled to true
11-16 08:57:41.747: I/Icing(13470): IndexChimeraService.getServiceInterface callingPackage=com.google.android.googlequicksearchbox componentName=agsa_icing_connection serviceId=32
11-16 08:57:41.750: I/dex2oat(23577): dex2oat took 146.303ms (69.332ms cpu) (threads: 8) arena alloc=13KB (14224B) java alloc=128KB (131088B) native alloc=904KB (926680B) free=2MB (2743336B)
11-16 08:57:41.753: I/OpaEligibilityChecker(10133): send OpaEligibilityChange broadcast to CommonBroadcastReceiver
11-16 08:57:41.769: W/Icing(13470): No valid account for uploading user actions
11-16 08:57:41.771: I/android.youtub(23365): The ClassLoaderContext is a special shared library.
11-16 08:57:41.776: I/Icing(13470): Usage reports ok 0, Failed Usage reports 0, indexed 0, rejected 0
11-16 08:57:41.800: D/ConnectivityService(1248): requestNetwork for uid/pid:10080/23365 NetworkRequest [ TRACK_DEFAULT id=61, [ Capabilities: INTERNET&NOT_RESTRICTED&TRUSTED Unwanted:  Uid: 10080] ]
11-16 08:57:41.800: W/Icing(13470): No valid account for uploading user actions
11-16 08:57:41.802: D/WIFI_UT(1248): got request NetworkRequest [ TRACK_DEFAULT id=61, [ Capabilities: INTERNET&NOT_RESTRICTED&TRUSTED Unwanted:  Uid: 10080] ] with score 60
11-16 08:57:41.802: D/WIFI(1248): got request NetworkRequest [ TRACK_DEFAULT id=61, [ Capabilities: INTERNET&NOT_RESTRICTED&TRUSTED Unwanted:  Uid: 10080] ] with score 60
11-16 08:57:41.802: D/WIFI_AWARE_FACTORY(1248): got request NetworkRequest [ TRACK_DEFAULT id=61, [ Capabilities: INTERNET&NOT_RESTRICTED&TRUSTED Unwanted:  Uid: 10080] ] with score 60
11-16 08:57:41.803: D/Ethernet(1248): got request NetworkRequest [ TRACK_DEFAULT id=61, [ Capabilities: INTERNET&NOT_RESTRICTED&TRUSTED Unwanted:  Uid: 10080] ] with score 60
11-16 08:57:41.803: D/PhoneSwitcherNetworkRequstListener(3803): got request NetworkRequest [ TRACK_DEFAULT id=61, [ Capabilities: INTERNET&NOT_RESTRICTED&TRUSTED Unwanted:  Uid: 10080] ] with score 60
11-16 08:57:41.805: W/SearchServiceCore(10133): Abort, client detached.
11-16 08:57:41.808: I/chatty(10133): uid=10047 com.google.android.googlequicksearchbox:search identical 9 lines
11-16 08:57:41.808: W/SearchServiceCore(10133): Abort, client detached.
11-16 08:57:41.818: I/Icing(13470): Usage reports ok 0, Failed Usage reports 0, indexed 0, rejected 0
11-16 08:57:41.827: I/BlobLobber(10133): Canceling downloads: []
11-16 08:57:41.839: D/DownloadManager(22262): [83] Starting
11-16 08:57:41.841: I/VelourConfigListener(10133): Received new velour config
11-16 08:57:41.848: I/e.kotlintestap(23335): Rejecting re-init on previously-failed class java.lang.Class<com.sun.jna.platform.dnd.DragHandler>: java.lang.NoClassDefFoundError: Failed resolution of: Ljava/awt/dnd/DragSourceListener;
11-16 08:57:41.849: I/e.kotlintestap(23335):   at java.lang.Class java.lang.Class.classForName(java.lang.String, boolean, java.lang.ClassLoader) (Class.java:-2)
11-16 08:57:41.849: I/e.kotlintestap(23335):   at java.lang.Class java.lang.Class.forName(java.lang.String, boolean, java.lang.ClassLoader) (Class.java:453)
11-16 08:57:41.849: I/e.kotlintestap(23335):   at void androidx.test.internal.runner.TestLoader.doCreateRunner(java.lang.String, boolean) (TestLoader.java:72)
11-16 08:57:41.849: I/e.kotlintestap(23335):   at java.util.List androidx.test.internal.runner.TestLoader.getRunnersFor(java.util.Collection, boolean) (TestLoader.java:105)
11-16 08:57:41.849: I/e.kotlintestap(23335):   at org.junit.runner.Request androidx.test.internal.runner.TestRequestBuilder.build() (TestRequestBuilder.java:804)
11-16 08:57:41.849: I/e.kotlintestap(23335):   at org.junit.runner.Request androidx.test.runner.AndroidJUnitRunner.buildRequest(androidx.test.internal.runner.RunnerArgs, android.os.Bundle) (AndroidJUnitRunner.java:613)
11-16 08:57:41.849: I/e.kotlintestap(23335):   at void androidx.test.runner.AndroidJUnitRunner.onStart() (AndroidJUnitRunner.java:411)
11-16 08:57:41.849: I/e.kotlintestap(23335):   at void android.app.Instrumentation$InstrumentationThread.run() (Instrumentation.java:2145)
11-16 08:57:41.849: I/e.kotlintestap(23335): Caused by: java.lang.ClassNotFoundException: Didn't find class "java.awt.dnd.DragSourceListener" on path: DexPathList[[zip file "/system/framework/android.test.runner.jar", zip file "/system/framework/android.test.mock.jar", zip file "/data/app/androidx.lifecycle.kotlintestapp.test-YyBDTInBYJFsYld0dQLt2g==/base.apk", zip file "/data/app/androidx.lifecycle.kotlintestapp-JgPILL1rxsnq7E9Md6JbVg==/base.apk"],nativeLibraryDirectories=[/data/app/androidx.lifecycle.kotlintestapp.test-YyBDTInBYJFsYld0dQLt2g==/lib/arm64, /data/app/androidx.lifecycle.kotlintestapp-JgPILL1rxsnq7E9Md6JbVg==/lib/arm64, /system/lib64]]
11-16 08:57:41.849: I/e.kotlintestap(23335):   at java.lang.Class dalvik.system.BaseDexClassLoader.findClass(java.lang.String) (BaseDexClassLoader.java:134)
11-16 08:57:41.849: I/e.kotlintestap(23335):   at java.lang.Class java.lang.ClassLoader.loadClass(java.lang.String, boolean) (ClassLoader.java:379)
11-16 08:57:41.849: I/e.kotlintestap(23335):   at java.lang.Class java.lang.ClassLoader.loadClass(java.lang.String) (ClassLoader.java:312)
11-16 08:57:41.849: I/e.kotlintestap(23335):   at java.lang.Class java.lang.Class.classForName(java.lang.String, boolean, java.lang.ClassLoader) (Class.java:-2)
11-16 08:57:41.849: I/e.kotlintestap(23335):   at java.lang.Class java.lang.Class.forName(java.lang.String, boolean, java.lang.ClassLoader) (Class.java:453)
11-16 08:57:41.849: I/e.kotlintestap(23335):   at void androidx.test.internal.runner.TestLoader.doCreateRunner(java.lang.String, boolean) (TestLoader.java:72)
11-16 08:57:41.849: I/e.kotlintestap(23335):   at java.util.List androidx.test.internal.runner.TestLoader.getRunnersFor(java.util.Collection, boolean) (TestLoader.java:105)
11-16 08:57:41.849: I/e.kotlintestap(23335):   at org.junit.runner.Request androidx.test.internal.runner.TestRequestBuilder.build() (TestRequestBuilder.java:804)
11-16 08:57:41.849: I/e.kotlintestap(23335):   at org.junit.runner.Request androidx.test.runner.AndroidJUnitRunner.buildRequest(androidx.test.internal.runner.RunnerArgs, android.os.Bundle) (AndroidJUnitRunner.java:613)
11-16 08:57:41.849: I/e.kotlintestap(23335):   at void androidx.test.runner.AndroidJUnitRunner.onStart() (AndroidJUnitRunner.java:411)
11-16 08:57:41.849: I/e.kotlintestap(23335):   at void android.app.Instrumentation$InstrumentationThread.run() (Instrumentation.java:2145)
11-16 08:57:41.849: E/TestLoader(23335): Could not find class: com.sun.jna.platform.dnd.DragHandler
11-16 08:57:41.849: I/e.kotlintestap(23335): Rejecting re-init on previously-failed class java.lang.Class<com.sun.jna.platform.dnd.DropHandler>: java.lang.NoClassDefFoundError: Failed resolution of: Ljava/awt/dnd/DropTargetListener;
11-16 08:57:41.849: I/e.kotlintestap(23335):   at java.lang.Class java.lang.Class.classForName(java.lang.String, boolean, java.lang.ClassLoader) (Class.java:-2)
11-16 08:57:41.849: I/e.kotlintestap(23335):   at java.lang.Class java.lang.Class.forName(java.lang.String, boolean, java.lang.ClassLoader) (Class.java:453)
11-16 08:57:41.849: I/e.kotlintestap(23335):   at void androidx.test.internal.runner.TestLoader.doCreateRunner(java.lang.String, boolean) (TestLoader.java:72)
11-16 08:57:41.849: I/e.kotlintestap(23335):   at java.util.List androidx.test.internal.runner.TestLoader.getRunnersFor(java.util.Collection, boolean) (TestLoader.java:105)
11-16 08:57:41.849: I/e.kotlintestap(23335):   at org.junit.runner.Request androidx.test.internal.runner.TestRequestBuilder.build() (TestRequestBuilder.java:804)
11-16 08:57:41.849: I/e.kotlintestap(23335):   at org.junit.runner.Request androidx.test.runner.AndroidJUnitRunner.buildRequest(androidx.test.internal.runner.RunnerArgs, android.os.Bundle) (AndroidJUnitRunner.java:613)
11-16 08:57:41.849: I/e.kotlintestap(23335):   at void androidx.test.runner.AndroidJUnitRunner.onStart() (AndroidJUnitRunner.java:411)
11-16 08:57:41.849: I/e.kotlintestap(23335):   at void android.app.Instrumentation$InstrumentationThread.run() (Instrumentation.java:2145)
11-16 08:57:41.849: I/e.kotlintestap(23335): Caused by: java.lang.ClassNotFoundException: Didn't find class "java.awt.dnd.DropTargetListener" on path: DexPathList[[zip file "/system/framework/android.test.runner.jar", zip file "/system/framework/android.test.mock.jar", zip file "/data/app/androidx.lifecycle.kotlintestapp.test-YyBDTInBYJFsYld0dQLt2g==/base.apk", zip file "/data/app/androidx.lifecycle.kotlintestapp-JgPILL1rxsnq7E9Md6JbVg==/base.apk"],nativeLibraryDirectories=[/data/app/androidx.lifecycle.kotlintestapp.test-YyBDTInBYJFsYld0dQLt2g==/lib/arm64, /data/app/androidx.lifecycle.kotlintestapp-JgPILL1rxsnq7E9Md6JbVg==/lib/arm64, /system/lib64]]
11-16 08:57:41.849: I/e.kotlintestap(23335):   at java.lang.Class dalvik.system.BaseDexClassLoader.findClass(java.lang.String) (BaseDexClassLoader.java:134)
11-16 08:57:41.849: I/e.kotlintestap(23335):   at java.lang.Class java.lang.ClassLoader.loadClass(java.lang.String, boolean) (ClassLoader.java:379)
11-16 08:57:41.849: I/e.kotlintestap(23335):   at java.lang.Class java.lang.ClassLoader.loadClass(java.lang.String) (ClassLoader.java:312)
11-16 08:57:41.849: I/e.kotlintestap(23335):   at java.lang.Class java.lang.Class.classForName(java.lang.String, boolean, java.lang.ClassLoader) (Class.java:-2)
11-16 08:57:41.849: I/e.kotlintestap(23335):   at java.lang.Class java.lang.Class.forName(java.lang.String, boolean, java.lang.ClassLoader) (Class.java:453)
11-16 08:57:41.849: I/e.kotlintestap(23335):   at void androidx.test.internal.runner.TestLoader.doCreateRunner(java.lang.String, boolean) (TestLoader.java:72)
11-16 08:57:41.849: I/e.kotlintestap(23335):   at java.util.List androidx.test.internal.runner.TestLoader.getRunnersFor(java.util.Collection, boolean) (TestLoader.java:105)
11-16 08:57:41.849: I/e.kotlintestap(23335):   at org.junit.runner.Request androidx.test.internal.runner.TestRequestBuilder.build() (TestRequestBuilder.java:804)
11-16 08:57:41.849: I/e.kotlintestap(23335):   at org.junit.runner.Request androidx.test.runner.AndroidJUnitRunner.buildRequest(androidx.test.internal.runner.RunnerArgs, android.os.Bundle) (AndroidJUnitRunner.java:613)
11-16 08:57:41.849: I/e.kotlintestap(23335):   at void androidx.test.runner.AndroidJUnitRunner.onStart() (AndroidJUnitRunner.java:411)
11-16 08:57:41.849: I/e.kotlintestap(23335):   at void android.app.Instrumentation$InstrumentationThread.run() (Instrumentation.java:2145)
11-16 08:57:41.850: E/TestLoader(23335): Could not find class: com.sun.jna.platform.dnd.DropHandler
11-16 08:57:41.858: I/Icing(13470): IndexChimeraService.getServiceInterface callingPackage=com.google.android.googlequicksearchbox componentName=agsa_icing_connection serviceId=33
11-16 08:57:41.861: I/Icing(13470): IndexChimeraService.getServiceInterface callingPackage=com.google.android.googlequicksearchbox componentName=agsa_icing_connection serviceId=32
11-16 08:57:41.872: I/android.youtub(23365): Rejecting re-init on previously-failed class java.lang.Class<com.google.android.ads.tasks.appdigest.a>: java.lang.NoClassDefFoundError: Failed resolution of: Landroid/content/pm/PackageManager$OnChecksumsReadyListener;
11-16 08:57:41.873: I/android.youtub(23365):   at java.lang.Class dalvik.system.DexFile.defineClassNative(java.lang.String, java.lang.ClassLoader, java.lang.Object, dalvik.system.DexFile) (DexFile.java:-2)
11-16 08:57:41.873: I/android.youtub(23365):   at java.lang.Class dalvik.system.DexFile.defineClass(java.lang.String, java.lang.ClassLoader, java.lang.Object, dalvik.system.DexFile, java.util.List) (DexFile.java:283)
11-16 08:57:41.873: I/android.youtub(23365):   at java.lang.Class dalvik.system.DexFile.loadClassBinaryName(java.lang.String, java.lang.ClassLoader, java.util.List) (DexFile.java:276)
11-16 08:57:41.873: I/android.youtub(23365):   at java.lang.Class dalvik.system.DexPathList$Element.findClass(java.lang.String, java.lang.ClassLoader, java.util.List) (DexPathList.java:724)
11-16 08:57:41.873: I/android.youtub(23365):   at java.lang.Class dalvik.system.DexPathList.findClass(java.lang.String, java.util.List) (DexPathList.java:486)
11-16 08:57:41.873: I/android.youtub(23365):   at java.lang.Class dalvik.system.BaseDexClassLoader.findClass(java.lang.String) (BaseDexClassLoader.java:132)
11-16 08:57:41.873: I/android.youtub(23365):   at java.lang.Class bg.loadClass(java.lang.String, boolean) (:com.google.android.gms.dynamite_dynamiteloader@213614065@21.36.14 (100400-0):2)
11-16 08:57:41.873: I/android.youtub(23365):   at java.lang.Class java.lang.ClassLoader.loadClass(java.lang.String) (ClassLoader.java:312)
11-16 08:57:41.873: I/android.youtub(23365):   at java.util.List xu.r(yv, android.content.Context, bqi, com.google.ads.afma.g) (:com.google.android.gms.policy_ads_fdr_dynamite@213806100@213806100057.397311113.397311113:5)
11-16 08:57:41.873: I/android.youtub(23365):   at java.util.List xv.r(yv, android.content.Context, bqi, com.google.ads.afma.g) (:com.google.android.gms.policy_ads_fdr_dynamite@213806100@213806100057.397311113.397311113:4)
11-16 08:57:41.873: I/android.youtub(23365):   at void xu.s(yv, android.content.Context, bqi, com.google.ads.afma.g) (:com.google.android.gms.policy_ads_fdr_dynamite@213806100@213806100057.397311113.397311113:0)
11-16 08:57:41.873: I/android.youtub(23365):   at bqi xu.m(android.content.Context, com.google.ads.afma.g) (:com.google.android.gms.policy_ads_fdr_dynamite@213806100@213806100057.397311113.397311113:7)
11-16 08:57:41.873: I/android.youtub(23365):   at java.lang.String xp.r(android.content.Context, java.lang.String, int, android.view.View, android.app.Activity, byte[]) (:com.google.android.gms.policy_ads_fdr_dynamite@213806100@213806100057.397311113.397311113:8)
11-16 08:57:41.873: I/android.youtub(23365):   at java.lang.String xp.g(android.content.Context, byte[]) (:com.google.android.gms.policy_ads_fdr_dynamite@213806100@213806100057.397311113.397311113:2)
11-16 08:57:41.873: I/android.youtub(23365):   at java.lang.String com.google.android.gms.ads.adshield.internal.a.b(aqh, byte[]) (:com.google.android.gms.policy_ads_fdr_dynamite@213806100@213806100057.397311113.397311113:1)
11-16 08:57:41.873: I/android.youtub(23365):   at boolean com.google.android.gms.ads.adshield.internal.a.bJ(int, android.os.Parcel, android.os.Parcel) (:com.google.android.gms.policy_ads_fdr_dynamite@213806100@213806100057.397311113.397311113:54)
11-16 08:57:41.873: I/android.youtub(23365):   at boolean zg.onTransact(int, android.os.Parcel, android.os.Parcel, int) (:com.google.android.gms.policy_ads_fdr_dynamite@213806100@213806100057.397311113.397311113:4)
11-16 08:57:41.873: I/android.youtub(23365):   at boolean android.os.Binder.transact(int, android.os.Parcel, android.os.Parcel, int) (Binder.java:667)
11-16 08:57:41.873: I/android.youtub(23365):   at android.os.Parcel pcs.a(int, android.os.Parcel) (SourceFile:7)
11-16 08:57:41.873: I/android.youtub(23365):   at java.lang.String pkk.a(oms, byte[]) (SourceFile:40)
11-16 08:57:41.873: I/android.youtub(23365):   at java.lang.String nrc.a(android.content.Context, byte[]) (SourceFile:6)
11-16 08:57:41.873: I/android.youtub(23365):   at java.lang.String qis.a(android.content.Context, byte[]) (SourceFile:10)
11-16 08:57:41.873: I/android.youtub(23365):   at java.lang.String skv.a(qio, byte[]) (SourceFile:59)
11-16 08:57:41.873: I/android.youtub(23365):   at java.lang.String skv.g() (SourceFile:41)
11-16 08:57:41.873: I/android.youtub(23365):   at java.lang.String skv.b() (SourceFile:69)
11-16 08:57:41.873: I/android.youtub(23365):   at java.lang.String slq.i() (SourceFile:56)
11-16 08:57:41.873: I/android.youtub(23365):   at java.lang.String slq.b() (SourceFile:32)
11-16 08:57:41.873: I/android.youtub(23365):   at void slq.e() (SourceFile:37)
11-16 08:57:41.873: I/android.youtub(23365):   at void cmk.run() (SourceFile:7)
11-16 08:57:41.873: I/android.youtub(23365):   at java.lang.Object java.util.concurrent.Executors$RunnableAdapter.call() (Executors.java:458)
11-16 08:57:41.873: I/android.youtub(23365):   at void java.util.concurrent.FutureTask.run() (FutureTask.java:266)
11-16 08:57:41.873: I/android.youtub(23365):   at void java.util.concurrent.ScheduledThreadPoolExecutor$ScheduledFutureTask.run() (ScheduledThreadPoolExecutor.java:301)
11-16 08:57:41.873: I/android.youtub(23365):   at void java.util.concurrent.ThreadPoolExecutor.runWorker(java.util.concurrent.ThreadPoolExecutor$Worker) (ThreadPoolExecutor.java:1167)
11-16 08:57:41.873: I/android.youtub(23365):   at void java.util.concurrent.ThreadPoolExecutor$Worker.run() (ThreadPoolExecutor.java:641)
11-16 08:57:41.873: I/android.youtub(23365):   at void ubi.run() (SourceFile:20)
11-16 08:57:41.873: I/android.youtub(23365):   at void java.lang.Thread.run() (Thread.java:764)
11-16 08:57:41.873: I/android.youtub(23365): Caused by: java.lang.ClassNotFoundException: Didn't find class "android.content.pm.PackageManager$OnChecksumsReadyListener" on path: DexPathList[[zip file "/data/user_de/0/com.google.android.gms/app_chimera/m/00000011/dl-AdsFdrDynamite.integ_213806100100000.apk"],nativeLibraryDirectories=[/data/user_de/0/com.google.android.gms/app_chimera/m/00000011/dl-AdsFdrDynamite.integ_213806100100000.apk!/lib/arm64-v8a, /system/lib64]]
11-16 08:57:41.873: I/android.youtub(23365):   at java.lang.Class dalvik.system.BaseDexClassLoader.findClass(java.lang.String) (BaseDexClassLoader.java:134)
11-16 08:57:41.873: I/android.youtub(23365):   at java.lang.Class java.lang.ClassLoader.loadClass(java.lang.String, boolean) (ClassLoader.java:379)
11-16 08:57:41.873: I/android.youtub(23365):   at java.lang.Class bg.loadClass(java.lang.String, boolean) (:com.google.android.gms.dynamite_dynamiteloader@213614065@21.36.14 (100400-0):3)
11-16 08:57:41.873: I/android.youtub(23365):   at java.lang.Class java.lang.ClassLoader.loadClass(java.lang.String) (ClassLoader.java:312)
11-16 08:57:41.873: I/android.youtub(23365):   at java.lang.Class dalvik.system.DexFile.defineClassNative(java.lang.String, java.lang.ClassLoader, java.lang.Object, dalvik.system.DexFile) (DexFile.java:-2)
11-16 08:57:41.873: I/android.youtub(23365):   at java.lang.Class dalvik.system.DexFile.defineClass(java.lang.String, java.lang.ClassLoader, java.lang.Object, dalvik.system.DexFile, java.util.List) (DexFile.java:283)
11-16 08:57:41.873: I/android.youtub(23365):   at java.lang.Class dalvik.system.DexFile.loadClassBinaryName(java.lang.String, java.lang.ClassLoader, java.util.List) (DexFile.java:276)
11-16 08:57:41.873: I/android.youtub(23365):   at java.lang.Class dalvik.system.DexPathList$Element.findClass(java.lang.String, java.lang.ClassLoader, java.util.List) (DexPathList.java:724)
11-16 08:57:41.873: I/android.youtub(23365):   at java.lang.Class dalvik.system.DexPathList.findClass(java.lang.String, java.util.List) (DexPathList.java:486)
11-16 08:57:41.873: I/android.youtub(23365):   at java.lang.Class dalvik.system.BaseDexClassLoader.findClass(java.lang.String) (BaseDexClassLoader.java:132)
11-16 08:57:41.873: I/android.youtub(23365):   at java.lang.Class bg.loadClass(java.lang.String, boolean) (:com.google.android.gms.dynamite_dynamiteloader@213614065@21.36.14 (100400-0):2)
11-16 08:57:41.873: I/android.youtub(23365):   at java.lang.Class java.lang.ClassLoader.loadClass(java.lang.String) (ClassLoader.java:312)
11-16 08:57:41.873: I/android.youtub(23365):   at java.util.List xu.r(yv, android.content.Context, bqi, com.google.ads.afma.g) (:com.google.android.gms.policy_ads_fdr_dynamite@213806100@213806100057.397311113.397311113:5)
11-16 08:57:41.873: I/android.youtub(23365):   at java.util.List xv.r(yv, android.content.Context, bqi, com.google.ads.afma.g) (:com.google.android.gms.policy_ads_fdr_dynamite@213806100@213806100057.397311113.397311113:4)
11-16 08:57:41.873: I/android.youtub(23365):   at void xu.s(yv, android.content.Context, bqi, com.google.ads.afma.g) (:com.google.android.gms.policy_ads_fdr_dynamite@213806100@213806100057.397311113.397311113:0)
11-16 08:57:41.873: I/android.youtub(23365):   at bqi xu.m(android.content.Context, com.google.ads.afma.g) (:com.google.android.gms.policy_ads_fdr_dynamite@213806100@213806100057.397311113.397311113:7)
11-16 08:57:41.873: I/android.youtub(23365):   at java.lang.String xp.r(android.content.Context, java.lang.String, int, android.view.View, android.app.Activity, byte[]) (:com.google.android.gms.policy_ads_fdr_dynamite@213806100@213806100057.397311113.397311113:8)
11-16 08:57:41.873: I/android.youtub(23365):   at java.lang.String xp.g(android.content.Context, byte[]) (:com.google.android.gms.policy_ads_fdr_dynamite@213806100@213806100057.397311113.397311113:2)
11-16 08:57:41.873: I/android.youtub(23365):   at java.lang.String com.google.android.gms.ads.adshield.internal.a.b(aqh, byte[]) (:com.google.android.gms.policy_ads_fdr_dynamite@213806100@213806100057.397311113.397311113:1)
11-16 08:57:41.873: I/android.youtub(23365):   at boolean com.google.android.gms.ads.adshield.internal.a.bJ(int, android.os.Parcel, android.os.Parcel) (:com.google.android.gms.policy_ads_fdr_dynamite@213806100@213806100057.397311113.397311113:54)
11-16 08:57:41.873: I/android.youtub(23365):   at boolean zg.onTransact(int, android.os.Parcel, android.os.Parcel, int) (:com.google.android.gms.policy_ads_fdr_dynamite@213806100@213806100057.397311113.397311113:4)
11-16 08:57:41.873: I/android.youtub(23365):   at boolean android.os.Binder.transact(int, android.os.Parcel, android.os.Parcel, int) (Binder.java:667)
11-16 08:57:41.873: I/android.youtub(23365):   at android.os.Parcel pcs.a(int, android.os.Parcel) (SourceFile:7)
11-16 08:57:41.873: I/android.youtub(23365):   at java.lang.String pkk.a(oms, byte[]) (SourceFile:40)
11-16 08:57:41.873: I/android.youtub(23365):   at java.lang.String nrc.a(android.content.Context, byte[]) (SourceFile:6)
11-16 08:57:41.873: I/android.youtub(23365):   at java.lang.String qis.a(android.content.Context, byte[]) (SourceFile:10)
11-16 08:57:41.873: I/android.youtub(23365):   at java.lang.String skv.a(qio, byte[]) (SourceFile:59)
11-16 08:57:41.873: I/android.youtub(23365):   at java.lang.String skv.g() (SourceFile:41)
11-16 08:57:41.873: I/android.youtub(23365):   at java.lang.String skv.b() (SourceFile:69)
11-16 08:57:41.873: I/android.youtub(23365):   at java.lang.String slq.i() (SourceFile:56)
11-16 08:57:41.873: I/android.youtub(23365):   at java.lang.String slq.b() (SourceFile:32)
11-16 08:57:41.873: I/android.youtub(23365):   at void slq.e() (SourceFile:37)
11-16 08:57:41.873: I/android.youtub(23365):   at void cmk.run() (SourceFile:7)
11-16 08:57:41.873: I/android.youtub(23365):   at java.lang.Object java.util.concurrent.Executors$RunnableAdapter.call() (Executors.java:458)
11-16 08:57:41.873: I/android.youtub(23365):   at void java.util.concurrent.FutureTask.run() (FutureTask.java:266)
11-16 08:57:41.873: I/android.youtub(23365):   at void java.util.concurrent.ScheduledThreadPoolExecutor$ScheduledFutureTask.run() (ScheduledThreadPoolExecutor.java:301)
11-16 08:57:41.873: I/android.youtub(23365):   at void java.util.concurrent.ThreadPoolExecutor.runWorker(java.util.concurrent.ThreadPoolExecutor$Worker) (ThreadPoolExecutor.java:1167)
11-16 08:57:41.873: I/android.youtub(23365):   at void java.util.concurrent.ThreadPoolExecutor$Worker.run() (ThreadPoolExecutor.java:641)
11-16 08:57:41.873: I/android.youtub(23365):   at void ubi.run() (SourceFile:20)
11-16 08:57:41.873: I/android.youtub(23365):   at void java.lang.Thread.run() (Thread.java:764)
11-16 08:57:41.874: I/android.youtub(23365): Rejecting re-init on previously-failed class java.lang.Class<com.google.android.ads.tasks.appdigest.a>: java.lang.NoClassDefFoundError: Failed resolution of: Landroid/content/pm/PackageManager$OnChecksumsReadyListener;
11-16 08:57:41.874: I/android.youtub(23365):   at java.lang.Class dalvik.system.DexFile.defineClassNative(java.lang.String, java.lang.ClassLoader, java.lang.Object, dalvik.system.DexFile) (DexFile.java:-2)
11-16 08:57:41.874: I/android.youtub(23365):   at java.lang.Class dalvik.system.DexFile.defineClass(java.lang.String, java.lang.ClassLoader, java.lang.Object, dalvik.system.DexFile, java.util.List) (DexFile.java:283)
11-16 08:57:41.874: I/android.youtub(23365):   at java.lang.Class dalvik.system.DexFile.loadClassBinaryName(java.lang.String, java.lang.ClassLoader, java.util.List) (DexFile.java:276)
11-16 08:57:41.874: I/android.youtub(23365):   at java.lang.Class dalvik.system.DexPathList$Element.findClass(java.lang.String, java.lang.ClassLoader, java.util.List) (DexPathList.java:724)
11-16 08:57:41.874: I/android.youtub(23365):   at java.lang.Class dalvik.system.DexPathList.findClass(java.lang.String, java.util.List) (DexPathList.java:486)
11-16 08:57:41.874: I/android.youtub(23365):   at java.lang.Class dalvik.system.BaseDexClassLoader.findClass(java.lang.String) (BaseDexClassLoader.java:132)
11-16 08:57:41.874: I/android.youtub(23365):   at java.lang.Class bg.loadClass(java.lang.String, boolean) (:com.google.android.gms.dynamite_dynamiteloader@213614065@21.36.14 (100400-0):2)
11-16 08:57:41.874: I/android.youtub(23365):   at java.lang.Class java.lang.ClassLoader.loadClass(java.lang.String) (ClassLoader.java:312)
11-16 08:57:41.874: I/android.youtub(23365):   at java.util.List xu.r(yv, android.content.Context, bqi, com.google.ads.afma.g) (:com.google.android.gms.policy_ads_fdr_dynamite@213806100@213806100057.397311113.397311113:5)
11-16 08:57:41.874: I/android.youtub(23365):   at java.util.List xv.r(yv, android.content.Context, bqi, com.google.ads.afma.g) (:com.google.android.gms.policy_ads_fdr_dynamite@213806100@213806100057.397311113.397311113:4)
11-16 08:57:41.874: I/android.youtub(23365):   at void xu.s(yv, android.content.Context, bqi, com.google.ads.afma.g) (:com.google.android.gms.policy_ads_fdr_dynamite@213806100@213806100057.397311113.397311113:0)
11-16 08:57:41.874: I/android.youtub(23365):   at bqi xu.m(android.content.Context, com.google.ads.afma.g) (:com.google.android.gms.policy_ads_fdr_dynamite@213806100@213806100057.397311113.397311113:7)
11-16 08:57:41.874: I/android.youtub(23365):   at java.lang.String xp.r(android.content.Context, java.lang.String, int, android.view.View, android.app.Activity, byte[]) (:com.google.android.gms.policy_ads_fdr_dynamite@213806100@213806100057.397311113.397311113:8)
11-16 08:57:41.874: I/android.youtub(23365):   at java.lang.String xp.g(android.content.Context, byte[]) (:com.google.android.gms.policy_ads_fdr_dynamite@213806100@213806100057.397311113.397311113:2)
11-16 08:57:41.874: I/android.youtub(23365):   at java.lang.String com.google.android.gms.ads.adshield.internal.a.b(aqh, byte[]) (:com.google.android.gms.policy_ads_fdr_dynamite@213806100@213806100057.397311113.397311113:1)
11-16 08:57:41.874: I/android.youtub(23365):   at boolean com.google.android.gms.ads.adshield.internal.a.bJ(int, android.os.Parcel, android.os.Parcel) (:com.google.android.gms.policy_ads_fdr_dynamite@213806100@213806100057.397311113.397311113:54)
11-16 08:57:41.874: I/android.youtub(23365):   at boolean zg.onTransact(int, android.os.Parcel, android.os.Parcel, int) (:com.google.android.gms.policy_ads_fdr_dynamite@213806100@213806100057.397311113.397311113:4)
11-16 08:57:41.874: I/android.youtub(23365):   at boolean android.os.Binder.transact(int, android.os.Parcel, android.os.Parcel, int) (Binder.java:667)
11-16 08:57:41.874: I/android.youtub(23365):   at android.os.Parcel pcs.a(int, android.os.Parcel) (SourceFile:7)
11-16 08:57:41.874: I/android.youtub(23365):   at java.lang.String pkk.a(oms, byte[]) (SourceFile:40)
11-16 08:57:41.874: I/android.youtub(23365):   at java.lang.String nrc.a(android.content.Context, byte[]) (SourceFile:6)
11-16 08:57:41.874: I/android.youtub(23365):   at java.lang.String qis.a(android.content.Context, byte[]) (SourceFile:10)
11-16 08:57:41.874: I/android.youtub(23365):   at java.lang.String skv.a(qio, byte[]) (SourceFile:59)
11-16 08:57:41.874: I/android.youtub(23365):   at java.lang.String skv.g() (SourceFile:41)
11-16 08:57:41.874: I/android.youtub(23365):   at java.lang.String skv.b() (SourceFile:69)
11-16 08:57:41.874: I/android.youtub(23365):   at java.lang.String slq.i() (SourceFile:56)
11-16 08:57:41.874: I/android.youtub(23365):   at java.lang.String slq.b() (SourceFile:32)
11-16 08:57:41.874: I/android.youtub(23365):   at void slq.e() (SourceFile:37)
11-16 08:57:41.874: I/android.youtub(23365):   at void cmk.run() (SourceFile:7)
11-16 08:57:41.874: I/android.youtub(23365):   at java.lang.Object java.util.concurrent.Executors$RunnableAdapter.call() (Executors.java:458)
11-16 08:57:41.874: I/android.youtub(23365):   at void java.util.concurrent.FutureTask.run() (FutureTask.java:266)
11-16 08:57:41.874: I/android.youtub(23365):   at void java.util.concurrent.ScheduledThreadPoolExecutor$ScheduledFutureTask.run() (ScheduledThreadPoolExecutor.java:301)
11-16 08:57:41.874: I/android.youtub(23365):   at void java.util.concurrent.ThreadPoolExecutor.runWorker(java.util.concurrent.ThreadPoolExecutor$Worker) (ThreadPoolExecutor.java:1167)
11-16 08:57:41.874: I/android.youtub(23365):   at void java.util.concurrent.ThreadPoolExecutor$Worker.run() (ThreadPoolExecutor.java:641)
11-16 08:57:41.874: I/android.youtub(23365):   at void ubi.run() (SourceFile:20)
11-16 08:57:41.874: I/android.youtub(23365):   at void java.lang.Thread.run() (Thread.java:764)
11-16 08:57:41.874: I/android.youtub(23365): Caused by: java.lang.ClassNotFoundException: Didn't find class "android.content.pm.PackageManager$OnChecksumsReadyListener" on path: DexPathList[[zip file "/data/user_de/0/com.google.android.gms/app_chimera/m/00000011/dl-AdsFdrDynamite.integ_213806100100000.apk"],nativeLibraryDirectories=[/data/user_de/0/com.google.android.gms/app_chimera/m/00000011/dl-AdsFdrDynamite.integ_213806100100000.apk!/lib/arm64-v8a, /system/lib64]]
11-16 08:57:41.874: I/android.youtub(23365):   at java.lang.Class dalvik.system.BaseDexClassLoader.findClass(java.lang.String) (BaseDexClassLoader.java:134)
11-16 08:57:41.874: I/android.youtub(23365):   at java.lang.Class java.lang.ClassLoader.loadClass(java.lang.String, boolean) (ClassLoader.java:379)
11-16 08:57:41.874: I/android.youtub(23365):   at java.lang.Class bg.loadClass(java.lang.String, boolean) (:com.google.android.gms.dynamite_dynamiteloader@213614065@21.36.14 (100400-0):3)
11-16 08:57:41.874: I/android.youtub(23365):   at java.lang.Class java.lang.ClassLoader.loadClass(java.lang.String) (ClassLoader.java:312)
11-16 08:57:41.874: I/android.youtub(23365):   at java.lang.Class dalvik.system.DexFile.defineClassNative(java.lang.String, java.lang.ClassLoader, java.lang.Object, dalvik.system.DexFile) (DexFile.java:-2)
11-16 08:57:41.874: I/android.youtub(23365):   at java.lang.Class dalvik.system.DexFile.defineClass(java.lang.String, java.lang.ClassLoader, java.lang.Object, dalvik.system.DexFile, java.util.List) (DexFile.java:283)
11-16 08:57:41.874: I/android.youtub(23365):   at java.lang.Class dalvik.system.DexFile.loadClassBinaryName(java.lang.String, java.lang.ClassLoader, java.util.List) (DexFile.java:276)
11-16 08:57:41.874: I/android.youtub(23365):   at java.lang.Class dalvik.system.DexPathList$Element.findClass(java.lang.String, java.lang.ClassLoader, java.util.List) (DexPathList.java:724)
11-16 08:57:41.874: I/android.youtub(23365):   at java.lang.Class dalvik.system.DexPathList.findClass(java.lang.String, java.util.List) (DexPathList.java:486)
11-16 08:57:41.874: I/android.youtub(23365):   at java.lang.Class dalvik.system.BaseDexClassLoader.findClass(java.lang.String) (BaseDexClassLoader.java:132)
11-16 08:57:41.874: I/android.youtub(23365):   at java.lang.Class bg.loadClass(java.lang.String, boolean) (:com.google.android.gms.dynamite_dynamiteloader@213614065@21.36.14 (100400-0):2)
11-16 08:57:41.874: I/android.youtub(23365):   at java.lang.Class java.lang.ClassLoader.loadClass(java.lang.String) (ClassLoader.java:312)
11-16 08:57:41.874: I/android.youtub(23365):   at java.util.List xu.r(yv, android.content.Context, bqi, com.google.ads.afma.g) (:com.google.android.gms.policy_ads_fdr_dynamite@213806100@213806100057.397311113.397311113:5)
11-16 08:57:41.874: I/android.youtub(23365):   at java.util.List xv.r(yv, android.content.Context, bqi, com.google.ads.afma.g) (:com.google.android.gms.policy_ads_fdr_dynamite@213806100@213806100057.397311113.397311113:4)
11-16 08:57:41.874: I/android.youtub(23365):   at void xu.s(yv, android.content.Context, bqi, com.google.ads.afma.g) (:com.google.android.gms.policy_ads_fdr_dynamite@213806100@213806100057.397311113.397311113:0)
11-16 08:57:41.874: I/android.youtub(23365):   at bqi xu.m(android.content.Context, com.google.ads.afma.g) (:com.google.android.gms.policy_ads_fdr_dynamite@213806100@213806100057.397311113.397311113:7)
11-16 08:57:41.874: I/android.youtub(23365):   at java.lang.String xp.r(android.content.Context, java.lang.String, int, android.view.View, android.app.Activity, byte[]) (:com.google.android.gms.policy_ads_fdr_dynamite@213806100@213806100057.397311113.397311113:8)
11-16 08:57:41.874: I/android.youtub(23365):   at java.lang.String xp.g(android.content.Context, byte[]) (:com.google.android.gms.policy_ads_fdr_dynamite@213806100@213806100057.397311113.397311113:2)
11-16 08:57:41.874: I/android.youtub(23365):   at java.lang.String com.google.android.gms.ads.adshield.internal.a.b(aqh, byte[]) (:com.google.android.gms.policy_ads_fdr_dynamite@213806100@213806100057.397311113.397311113:1)
11-16 08:57:41.874: I/android.youtub(23365):   at boolean com.google.android.gms.ads.adshield.internal.a.bJ(int, android.os.Parcel, android.os.Parcel) (:com.google.android.gms.policy_ads_fdr_dynamite@213806100@213806100057.397311113.397311113:54)
11-16 08:57:41.874: I/android.youtub(23365):   at boolean zg.onTransact(int, android.os.Parcel, android.os.Parcel, int) (:com.google.android.gms.policy_ads_fdr_dynamite@213806100@213806100057.397311113.397311113:4)
11-16 08:57:41.874: I/android.youtub(23365):   at boolean android.os.Binder.transact(int, android.os.Parcel, android.os.Parcel, int) (Binder.java:667)
11-16 08:57:41.874: I/android.youtub(23365):   at android.os.Parcel pcs.a(int, android.os.Parcel) (SourceFile:7)
11-16 08:57:41.874: I/android.youtub(23365):   at java.lang.String pkk.a(oms, byte[]) (SourceFile:40)
11-16 08:57:41.874: I/android.youtub(23365):   at java.lang.String nrc.a(android.content.Context, byte[]) (SourceFile:6)
11-16 08:57:41.874: I/android.youtub(23365):   at java.lang.String qis.a(android.content.Context, byte[]) (SourceFile:10)
11-16 08:57:41.874: I/android.youtub(23365):   at java.lang.String skv.a(qio, byte[]) (SourceFile:59)
11-16 08:57:41.874: I/android.youtub(23365):   at java.lang.String skv.g() (SourceFile:41)
11-16 08:57:41.874: I/android.youtub(23365):   at java.lang.String skv.b() (SourceFile:69)
11-16 08:57:41.874: I/android.youtub(23365):   at java.lang.String slq.i() (SourceFile:56)
11-16 08:57:41.874: I/android.youtub(23365):   at java.lang.String slq.b() (SourceFile:32)
11-16 08:57:41.874: I/android.youtub(23365):   at void slq.e() (SourceFile:37)
11-16 08:57:41.874: I/android.youtub(23365):   at void cmk.run() (SourceFile:7)
11-16 08:57:41.874: I/android.youtub(23365):   at java.lang.Object java.util.concurrent.Executors$RunnableAdapter.call() (Executors.java:458)
11-16 08:57:41.874: I/android.youtub(23365):   at void java.util.concurrent.FutureTask.run() (FutureTask.java:266)
11-16 08:57:41.874: I/android.youtub(23365):   at void java.util.concurrent.ScheduledThreadPoolExecutor$ScheduledFutureTask.run() (ScheduledThreadPoolExecutor.java:301)
11-16 08:57:41.874: I/android.youtub(23365):   at void java.util.concurrent.ThreadPoolExecutor.runWorker(java.util.concurrent.ThreadPoolExecutor$Worker) (ThreadPoolExecutor.java:1167)
11-16 08:57:41.874: I/android.youtub(23365):   at void java.util.concurrent.ThreadPoolExecutor$Worker.run() (ThreadPoolExecutor.java:641)
11-16 08:57:41.874: I/android.youtub(23365):   at void ubi.run() (SourceFile:20)
11-16 08:57:41.874: I/android.youtub(23365):   at void java.lang.Thread.run() (Thread.java:764)
11-16 08:57:41.886: W/Icing(13470): No valid account for uploading user actions
11-16 08:57:41.886: D/NetworkSecurityConfig(22262): Using Network Security Config from resource network_security_config debugBuild: false
11-16 08:57:41.888: D/NetworkSecurityConfig(22262): Using Network Security Config from resource network_security_config debugBuild: false
11-16 08:57:41.894: I/Icing(13470): Usage reports ok 0, Failed Usage reports 0, indexed 0, rejected 0
11-16 08:57:41.897: I/e.kotlintestap(23335): Background concurrent copying GC freed 50627(2MB) AllocSpace objects, 0(0B) LOS objects, 49% free, 3MB/6MB, paused 443us total 107.791ms
11-16 08:57:41.899: D/NetworkSecurityConfig(22262): No Network Security Config specified, using platform default
11-16 08:57:41.908: I/dex2oat(23599): dex2oat took 248.115ms (56.611ms cpu) (threads: 8) arena alloc=6KB (6512B) java alloc=16KB (16400B) native alloc=838KB (858688B) free=1209KB (1238464B)
11-16 08:57:41.913: I/e.kotlintestap(23335): Rejecting re-init on previously-failed class java.lang.Class<kotlinx.coroutines.debug.CoroutinesBlockHoundIntegration>: java.lang.NoClassDefFoundError: Failed resolution of: Lreactor/blockhound/integration/BlockHoundIntegration;
11-16 08:57:41.913: I/e.kotlintestap(23335):   at java.lang.Class java.lang.Class.classForName(java.lang.String, boolean, java.lang.ClassLoader) (Class.java:-2)
11-16 08:57:41.913: I/e.kotlintestap(23335):   at java.lang.Class java.lang.Class.forName(java.lang.String, boolean, java.lang.ClassLoader) (Class.java:453)
11-16 08:57:41.913: I/e.kotlintestap(23335):   at void androidx.test.internal.runner.TestLoader.doCreateRunner(java.lang.String, boolean) (TestLoader.java:72)
11-16 08:57:41.913: I/e.kotlintestap(23335):   at java.util.List androidx.test.internal.runner.TestLoader.getRunnersFor(java.util.Collection, boolean) (TestLoader.java:105)
11-16 08:57:41.913: I/e.kotlintestap(23335):   at org.junit.runner.Request androidx.test.internal.runner.TestRequestBuilder.build() (TestRequestBuilder.java:804)
11-16 08:57:41.913: I/e.kotlintestap(23335):   at org.junit.runner.Request androidx.test.runner.AndroidJUnitRunner.buildRequest(androidx.test.internal.runner.RunnerArgs, android.os.Bundle) (AndroidJUnitRunner.java:613)
11-16 08:57:41.913: I/e.kotlintestap(23335):   at void androidx.test.runner.AndroidJUnitRunner.onStart() (AndroidJUnitRunner.java:411)
11-16 08:57:41.913: I/e.kotlintestap(23335):   at void android.app.Instrumentation$InstrumentationThread.run() (Instrumentation.java:2145)
11-16 08:57:41.913: I/e.kotlintestap(23335): Caused by: java.lang.ClassNotFoundException: Didn't find class "reactor.blockhound.integration.BlockHoundIntegration" on path: DexPathList[[zip file "/system/framework/android.test.runner.jar", zip file "/system/framework/android.test.mock.jar", zip file "/data/app/androidx.lifecycle.kotlintestapp.test-YyBDTInBYJFsYld0dQLt2g==/base.apk", zip file "/data/app/androidx.lifecycle.kotlintestapp-JgPILL1rxsnq7E9Md6JbVg==/base.apk"],nativeLibraryDirectories=[/data/app/androidx.lifecycle.kotlintestapp.test-YyBDTInBYJFsYld0dQLt2g==/lib/arm64, /data/app/androidx.lifecycle.kotlintestapp-JgPILL1rxsnq7E9Md6JbVg==/lib/arm64, /system/lib64]]
11-16 08:57:41.913: I/e.kotlintestap(23335):   at java.lang.Class dalvik.system.BaseDexClassLoader.findClass(java.lang.String) (BaseDexClassLoader.java:134)
11-16 08:57:41.913: I/e.kotlintestap(23335):   at java.lang.Class java.lang.ClassLoader.loadClass(java.lang.String, boolean) (ClassLoader.java:379)
11-16 08:57:41.913: I/e.kotlintestap(23335):   at java.lang.Class java.lang.ClassLoader.loadClass(java.lang.String) (ClassLoader.java:312)
11-16 08:57:41.913: I/e.kotlintestap(23335):   at java.lang.Class java.lang.Class.classForName(java.lang.String, boolean, java.lang.ClassLoader) (Class.java:-2)
11-16 08:57:41.913: I/e.kotlintestap(23335):   at java.lang.Class java.lang.Class.forName(java.lang.String, boolean, java.lang.ClassLoader) (Class.java:453)
11-16 08:57:41.913: I/e.kotlintestap(23335):   at void androidx.test.internal.runner.TestLoader.doCreateRunner(java.lang.String, boolean) (TestLoader.java:72)
11-16 08:57:41.913: I/e.kotlintestap(23335):   at java.util.List androidx.test.internal.runner.TestLoader.getRunnersFor(java.util.Collection, boolean) (TestLoader.java:105)
11-16 08:57:41.913: I/e.kotlintestap(23335):   at org.junit.runner.Request androidx.test.internal.runner.TestRequestBuilder.build() (TestRequestBuilder.java:804)
11-16 08:57:41.913: I/e.kotlintestap(23335):   at org.junit.runner.Request androidx.test.runner.AndroidJUnitRunner.buildRequest(androidx.test.internal.runner.RunnerArgs, android.os.Bundle) (AndroidJUnitRunner.java:613)
11-16 08:57:41.913: I/e.kotlintestap(23335):   at void androidx.test.runner.AndroidJUnitRunner.onStart() (AndroidJUnitRunner.java:411)
11-16 08:57:41.913: I/e.kotlintestap(23335):   at void android.app.Instrumentation$InstrumentationThread.run() (Instrumentation.java:2145)
