11-16 08:57:09.883: W/SoundTriggerHelper(1166): Unload error: Attempting unload invalid generic model with id:9f6ad62a-1f0b-11e7-87c5-40a8f03d3f15
11-16 08:57:09.887: I/ModuleSetMgr(13219): Pending container module APKs: [[Pay.optional:213614100000], [VisionOcr.optional:213614100400]]
11-16 08:57:09.887: I/ModuleSetMgr(13219): Pending non-container module APKs: [[Enpromo.integ:214106000100000], [AdsFdrDynamite.integ:213806100100000]]
11-16 08:57:09.892: I/SettingsActivityAvailab(18180): Disabling com.google.android.apps.multidevice.client.ui.pixel.SettingsActivity.
11-16 08:57:09.894: D/GservicesChangeReceiver(6012): Gservices Changed broadcast Received. context is android.app.ReceiverRestrictedContext@d5d092e
11-16 08:57:09.894: D/GservicesChangeReceiver(6012): Gservices allowPowerAnomalyData is False.
11-16 08:57:09.896: D/ConnectivityMonitorManager(6012): Service com.google.android.connectivitymonitor.PowerAnomalyDetectorService is not running...
11-16 08:57:09.896: E/GooglePlayServicesUtil(18160): The Google Play services resources were not found. Check your project configuration to ensure that the resources are included.
11-16 08:57:09.898: D/GservicesChangeReceiver(6012): Gservices allowLowPowerMonitoring is False.
11-16 08:57:09.899: D/ConnectivityMonitorManager(6012): Service com.google.android.connectivitymonitor.LowPowerMonitorService is not running...
11-16 08:57:09.900: D/GservicesChangeReceiver(6012): Gservices isConnectivityMonitorEnabled is True.
11-16 08:57:09.901: D/ConnectivityMonitorManager(6012): Service com.google.android.connectivitymonitor.ConnectivityMonitorService is running...
11-16 08:57:09.903: W/PackageParser(13219): Unknown element under <manifest>: queries at /data/user_de/0/com.google.android.gms/app_chimera/m/00000007/AdsDynamite.apk Binary XML file line #5
11-16 08:57:09.906: I/EuiccGoogle(18200): [2] GservicesChangedReceiver.onReceive: Setting EUICC_SUPPORTED_COUNTRIES to de,gb,in,us
11-16 08:57:09.910: V/BackupManagerConstants(1166): getFullBackupRequiredNetworkType(...) returns 2
11-16 08:57:09.910: V/BackupManagerConstants(1166): getFullBackupRequireCharging(...) returns true
11-16 08:57:09.912: D/ConnMetrics:App(18160): IsOptedIn = false
11-16 08:57:09.915: I/Backup(13219): [GmsBackupStatusChangeReceiver] Going to enable gms backup transport.
11-16 08:57:09.928: I/NetRec(11001): [988] aiad.a: onConfigChanged()
11-16 08:57:09.928: I/Herrevad(11001): [982] zcq.a: updateListenState
11-16 08:57:09.931: I/Auth(11001): [AuthManaged, PasswordComplexityHelperImpl] Updating password complexity components state.
11-16 08:57:09.931: W/PackageParser(13219): Unknown element under <manifest>: queries at /data/user_de/0/com.google.android.gms/app_chimera/m/00000011/dl-AdsFdrDynamite.integ_213806100100000.apk Binary XML file line #11
11-16 08:57:09.931: I/Auth(11001): [AuthManaged, PasswordComplexityHelperImpl] Enabling com.google.android.gms.auth.managed.ui.SetNewPasswordActivity
11-16 08:57:09.933: I/BgTaskExecutorImpl(10225): Starting NONEXCLUSIVE background task UPDATE_GSERVICES_CONFIG.
11-16 08:57:09.936: I/NetRec(11001): [988] aiad.a: Cancelling all NetRec GCM tasks
11-16 08:57:09.939: I/NetRec(11001): [983] ClearDatabaseService.onHandleIntent: Clearing score cache
11-16 08:57:09.941: W/SearchServiceCore(10225): Abort, client detached.
11-16 08:57:09.941: I/GmsModuleFndr(13219): Beginning GMS chimera module scan
11-16 08:57:09.941: I/RecoverableKeyStoreGms(13219): [RecoverableKeyStoreGmsInitOperation] Initializing auth_folsom
11-16 08:57:09.942: I/RecoverableKeyStoreGms(13219): [RecoverableKeyStoreGmsInitOperation] com.google.android.gms.auth.folsom.service.FolsomPublicKeyUpdateService is already enabled. Ignore.
11-16 08:57:09.942: I/RecoverableKeyStoreGms(13219): [RecoverableKeyStoreGmsInitOperation] com.google.android.gms.auth.folsom.service.GcmReceiverService is already enabled. Ignore.
11-16 08:57:09.943: I/GservicesUpdateTask(10225): Updating Gservices keys
11-16 08:57:09.943: I/ChromeSync(13219): [Sync,SyncIntentOperation] Handling the intent: Intent { act=com.google.gservices.intent.action.GSERVICES_CHANGED flg=0x1000010 pkg=com.google.android.gms cmp=com.google.android.gms/.chimera.GmsIntentOperationService$PersistentInternalReceiver }.
11-16 08:57:09.945: V/RecoverableKeyStoreMgr(1166): Not updating secret types - same as old value.
11-16 08:57:09.945: I/RecoverableKeyStoreGms(13219): [RecoverableKeyStoreGmsInitOperation] Setting vault handle
11-16 08:57:09.946: V/RecoverableKeyStoreMgr(1166): Not updating server params - same as old value.
11-16 08:57:09.947: I/RecoverableKeyStoreGms(13219): [EnrollmentManager] Returning certificates list from cache
11-16 08:57:09.949: I/MobileDataHub(13219): Scheduling periodic tasks
11-16 08:57:09.950: I/MS_Utils(13219): version of com.google.android.apps.maps = 1022101040
11-16 08:57:09.950: I/MdiSyncModule(13219): flag handling is skipping irrelevant intent.
11-16 08:57:09.951: W/MobileDataHub(13219): [Service] appsupload-periodic periodic task disabled
11-16 08:57:09.952: I/SystemUpdate(13219): [Installation,ReceiverIntentOperation] Received intent: Intent { act=com.google.gservices.intent.action.GSERVICES_CHANGED flg=0x1000010 pkg=com.google.android.gms cmp=com.google.android.gms/.chimera.GmsIntentOperationService$PersistentInternalReceiver }.
11-16 08:57:09.953: W/DynamiteModule(13219): Local module descriptor class for com.google.android.gms.vision.dynamite.ocr not found.
11-16 08:57:09.953: I/DynamiteModule(13219): Considering local module com.google.android.gms.vision.dynamite.ocr:0 and remote module com.google.android.gms.vision.dynamite.ocr:0
11-16 08:57:09.953: I/DynamiteModule(13219): Considering local module com.google.android.gms.vision.ocr:0 and remote module com.google.android.gms.vision.ocr:1
11-16 08:57:09.953: I/DynamiteModule(13219): Selected remote version of com.google.android.gms.vision.ocr, version >= 1
11-16 08:57:09.955: I/native(13219): I1116 08:57:09.955584   18102 start_ocr_856638336_langid.cc:35] StartOcr with label: latin_script_gmvapi_android
11-16 08:57:09.955: I/native(13219): I1116 08:57:09.955677   18102 start_ocr_856638336_langid.cc:44] StartOcr success
11-16 08:57:09.957: I/OcrModelUpStIntentOp(13219): Downloading text recognizer
11-16 08:57:09.969: I/RecoverableKeyStoreMgr(1166): The cert file serial number is the same, so skip updating.
11-16 08:57:09.969: I/RecoverableKeyStoreGms(13219): [EnrollmentManager] Recovery service is initialized.
11-16 08:57:09.973: I/RecoverySnapshotLstnrs(1166): Registered listener for agent with uid 10007
11-16 08:57:09.975: E/RecoverySnapshotStorage(1166): Error reading snapshot for 10007 from disk
11-16 08:57:09.975: E/RecoverySnapshotStorage(1166): java.io.FileNotFoundException: /data/system/recoverablekeystore/snapshots/10007.xml (No such file or directory)
11-16 08:57:09.975: E/RecoverySnapshotStorage(1166): 	at java.io.FileInputStream.open0(Native Method)
11-16 08:57:09.975: E/RecoverySnapshotStorage(1166): 	at java.io.FileInputStream.open(FileInputStream.java:231)
11-16 08:57:09.975: E/RecoverySnapshotStorage(1166): 	at java.io.FileInputStream.<init>(FileInputStream.java:165)
11-16 08:57:09.975: E/RecoverySnapshotStorage(1166): 	at com.android.server.locksettings.recoverablekeystore.storage.RecoverySnapshotStorage.readFromDisk(RecoverySnapshotStorage.java:152)
11-16 08:57:09.975: E/RecoverySnapshotStorage(1166): 	at com.android.server.locksettings.recoverablekeystore.storage.RecoverySnapshotStorage.get(RecoverySnapshotStorage.java:104)
11-16 08:57:09.975: E/RecoverySnapshotStorage(1166): 	at com.android.server.locksettings.recoverablekeystore.RecoverableKeyStoreManager.getKeyChainSnapshot(RecoverableKeyStoreManager.java:331)
11-16 08:57:09.975: E/RecoverySnapshotStorage(1166): 	at com.android.server.locksettings.LockSettingsService.getKeyChainSnapshot(LockSettingsService.java:2032)
11-16 08:57:09.975: E/RecoverySnapshotStorage(1166): 	at com.android.internal.widget.ILockSettings$Stub.onTransact(ILockSettings.java:356)
11-16 08:57:09.975: E/RecoverySnapshotStorage(1166): 	at android.os.Binder.execTransact(Binder.java:731)
11-16 08:57:09.976: I/RecoverableKeyStoreGms(13219): [WrappingKeyManager] Can't generate wrapping key - missing lock screeen
11-16 08:57:09.982: W/NetworkScheduler(11001): The extras of the task is not valid to be persisted so that the task is not persisted [CONTEXT service_id=218 ]
11-16 08:57:09.982: W/NetworkScheduler(11001): java.lang.IllegalArgumentException: Only the following extra parameter types are supported: Integer, Long, Double, String, Boolean, and nested Bundles with the same restrictions.
11-16 08:57:09.982: W/NetworkScheduler(11001): 	at abno.f(:com.google.android.gms@213614028@21.36.14 (100400-395708125):6)
11-16 08:57:09.982: W/NetworkScheduler(11001): 	at amdu.g(:com.google.android.gms@213614028@21.36.14 (100400-395708125):37)
11-16 08:57:09.982: W/NetworkScheduler(11001): 	at amdd.n(:com.google.android.gms@213614028@21.36.14 (100400-395708125):3)
11-16 08:57:09.982: W/NetworkScheduler(11001): 	at amdd.u(:com.google.android.gms@213614028@21.36.14 (100400-395708125):20)
11-16 08:57:09.982: W/NetworkScheduler(11001): 	at amdd.g(:com.google.android.gms@213614028@21.36.14 (100400-395708125):3)
11-16 08:57:09.982: W/NetworkScheduler(11001): 	at alzy.run(:com.google.android.gms@213614028@21.36.14 (100400-395708125):9)
11-16 08:57:09.982: W/NetworkScheduler(11001): 	at rgh.c(:com.google.android.gms@213614028@21.36.14 (100400-395708125):6)
11-16 08:57:09.982: W/NetworkScheduler(11001): 	at rgh.run(:com.google.android.gms@213614028@21.36.14 (100400-395708125):8)
11-16 08:57:09.982: W/NetworkScheduler(11001): 	at java.util.concurrent.ThreadPoolExecutor.runWorker(ThreadPoolExecutor.java:1167)
11-16 08:57:09.982: W/NetworkScheduler(11001): 	at java.util.concurrent.ThreadPoolExecutor$Worker.run(ThreadPoolExecutor.java:641)
11-16 08:57:09.982: W/NetworkScheduler(11001): 	at rkn.run(:com.google.android.gms@213614028@21.36.14 (100400-395708125):0)
11-16 08:57:09.982: W/NetworkScheduler(11001): 	at java.lang.Thread.run(Thread.java:764)
11-16 08:57:09.989: I/GCoreUlr(11001): WorldUpdater received intent Intent { act=com.google.android.location.reporting.ACTION_UPDATE_WORLD cmp=com.google.android.gms/com.google.android.location.reporting.service.DispatchingService (has extras) } with receiverAction com.google.gservices.intent.action.GSERVICES_CHANGED [CONTEXT service_id=22 ]
11-16 08:57:09.991: I/GCoreUlr(11001): WorldUpdater:com.google.gservices.intent.action.GSERVICES_CHANGED: Ensuring that reporting is stopped because of reasons: (no Google accounts) [CONTEXT service_id=22 ]
11-16 08:57:09.992: I/ModuleSetMgr(13219): Computing pending module set with APKs: [[AdsFdrDynamite.integ:213806100100000], [Enpromo.integ:214106000100000], [Pay.optional:213614100000], [VisionOcr.optional:213614100400], [AdsFdrDynamite.integ:212104400100000], [Cronetdynamite:213614100400], [Dynamiteloader:213614100000], [Dynamitemodulesa:213614100000], [Dynamitemodulesc:213614100000], [Googlecertificates:213614100000], [Mapsdynamite:213614100000], [Measurementdynamite:213614100000]]
11-16 08:57:09.999: I/GCoreUlr(11001): Unbound from all signal providers. [CONTEXT service_id=22 ]
11-16 08:57:10.008: I/ModuleSetMgr(13219): Pending container module APKs: [[Pay.optional:213614100000], [VisionOcr.optional:213614100400]]
11-16 08:57:10.008: I/ModuleSetMgr(13219): Pending non-container module APKs: [[Enpromo.integ:214106000100000], [AdsFdrDynamite.integ:213806100100000]]
11-16 08:57:10.019: I/GCoreUlr(11001): Unbound from all signal providers. [CONTEXT service_id=22 ]
11-16 08:57:10.019: I/GCoreUlr(11001): Stopping handler for UlrDispSvcFast [CONTEXT service_id=22 ]
11-16 08:57:10.021: I/GCoreUlr(11001): DispatchingService ignoring Intent { act=android.net.wifi.WIFI_STATE_CHANGED flg=0x4000010 (has extras) } because ULR inactive [CONTEXT service_id=22 ]
11-16 08:57:10.026: W/PackageParser(13219): Unknown element under <manifest>: queries at /data/user_de/0/com.google.android.gms/app_chimera/m/00000007/AdsDynamite.apk Binary XML file line #5
11-16 08:57:10.027: I/SoundTriggerModelLoader(18271): Unloading model 9f6ad62a-1f0b-11e7-87c5-40a8f03d3f15
11-16 08:57:10.027: I/SoundTriggerManagerComp(18271): Unloading model 9f6ad62a-1f0b-11e7-87c5-40a8f03d3f15
11-16 08:57:10.027: I/SoundTriggerService(1166): deleteSoundModel(): id = 9f6ad62a-1f0b-11e7-87c5-40a8f03d3f15
11-16 08:57:10.028: W/SoundTriggerHelper(1166): Unload error: Attempting unload invalid generic model with id:9f6ad62a-1f0b-11e7-87c5-40a8f03d3f15
11-16 08:57:10.049: I/ActivityManager(1166): Start proc 18325:com.google.android.gms.ui/u0a7 for service com.google.android.gms/.chimera.UiIntentOperationService
11-16 08:57:10.054: W/PackageParser(13219): Unknown element under <manifest>: queries at /data/user_de/0/com.google.android.gms/app_chimera/m/00000011/dl-AdsFdrDynamite.integ_213806100100000.apk Binary XML file line #11
11-16 08:57:10.058: E/.android.gms.u(18325): Not starting debugger since process cannot load the jdwp agent.
11-16 08:57:10.066: I/GmsModuleFndr(13219): Beginning GMS chimera module scan
11-16 08:57:10.080: I/.android.gms.u(18325): The ClassLoaderContext is a special shared library.
11-16 08:57:10.080: I/chatty(18325): uid=10007 com.google.android.gms.ui identical 1 line
11-16 08:57:10.081: I/.android.gms.u(18325): The ClassLoaderContext is a special shared library.
11-16 08:57:10.086: I/ModuleSetMgr(13219): Computing pending module set with APKs: [[AdsFdrDynamite.integ:213806100100000], [Enpromo.integ:214106000100000], [Pay.optional:213614100000], [VisionOcr.optional:213614100400], [AdsFdrDynamite.integ:212104400100000], [Cronetdynamite:213614100400], [Dynamiteloader:213614100000], [Dynamitemodulesa:213614100000], [Dynamitemodulesc:213614100000], [Googlecertificates:213614100000], [Mapsdynamite:213614100000], [Measurementdynamite:213614100000]]
11-16 08:57:10.092: W/.android.gms.u(18325): Unknown chunk type '200'.
11-16 08:57:10.094: W/PhenotypeConfigurationU(11001): Update for unknown DeviceConfig package com.google.android.gms.auth.api.credentials [CONTEXT service_id=204 ]
11-16 08:57:10.094: W/PhenotypeConfigurationU(11001): akjf: No package exists for config package: com.google.android.gms.auth.api.credentials
11-16 08:57:10.094: W/PhenotypeConfigurationU(11001): 	at com.google.android.gms.platformconfigurator.PhenotypeConfigurationUpdateListener.a(:com.google.android.gms@213614028@21.36.14 (100400-395708125):7)
11-16 08:57:10.094: W/PhenotypeConfigurationU(11001): 	at com.google.android.gms.platformconfigurator.PhenotypeConfigurationUpdateListener.onHandleIntent(:com.google.android.gms@213614028@21.36.14 (100400-395708125):5)
11-16 08:57:10.094: W/PhenotypeConfigurationU(11001): 	at com.google.android.chimera.IntentOperation.onHandleIntent(:com.google.android.gms@213614028@21.36.14 (100400-395708125):2)
11-16 08:57:10.094: W/PhenotypeConfigurationU(11001): 	at pld.onHandleIntent(:com.google.android.gms@213614028@21.36.14 (100400-395708125):4)
11-16 08:57:10.094: W/PhenotypeConfigurationU(11001): 	at dpb.run(:com.google.android.gms@213614028@21.36.14 (100400-395708125):5)
11-16 08:57:10.094: W/PhenotypeConfigurationU(11001): 	at dpa.run(:com.google.android.gms@213614028@21.36.14 (100400-395708125):11)
11-16 08:57:10.094: W/PhenotypeConfigurationU(11001): 	at bfyg.run(:com.google.android.gms@213614028@21.36.14 (100400-395708125):2)
11-16 08:57:10.094: W/PhenotypeConfigurationU(11001): 	at java.util.concurrent.ThreadPoolExecutor.runWorker(ThreadPoolExecutor.java:1167)
11-16 08:57:10.094: W/PhenotypeConfigurationU(11001): 	at java.util.concurrent.ThreadPoolExecutor$Worker.run(ThreadPoolExecutor.java:641)
11-16 08:57:10.094: W/PhenotypeConfigurationU(11001): 	at java.lang.Thread.run(Thread.java:764)
11-16 08:57:10.095: I/TestSupport(13219): AwaitCommitOperation: FlagOverride(com.google.android.gms.auth.api.credentials, , Flag(SaveStrategy__enableSaving, false, 2, 0), true) committed [CONTEXT service_id=133 ]
11-16 08:57:10.095: I/TestSupport(13219): AwaitCommitOperation: no more uncommitted overrides [CONTEXT service_id=133 ]
11-16 08:57:10.105: I/ModuleSetMgr(13219): Pending container module APKs: [[Pay.optional:213614100000], [VisionOcr.optional:213614100400]]
11-16 08:57:10.105: I/ModuleSetMgr(13219): Pending non-container module APKs: [[Enpromo.integ:214106000100000], [AdsFdrDynamite.integ:213806100100000]]
11-16 08:57:10.119: W/PackageParser(13219): Unknown element under <manifest>: queries at /data/user_de/0/com.google.android.gms/app_chimera/m/00000007/AdsDynamite.apk Binary XML file line #5
11-16 08:57:10.130: W/PackageParser(13219): Unknown element under <manifest>: queries at /data/user_de/0/com.google.android.gms/app_chimera/m/00000011/dl-AdsFdrDynamite.integ_213806100100000.apk Binary XML file line #11
11-16 08:57:10.135: I/RecoverableKeyStoreGms(13219): [RecoverableKeyStoreGmsInitOperation] Initializing auth_folsom
11-16 08:57:10.136: I/GmsModuleFndr(13219): Beginning GMS chimera module scan
11-16 08:57:10.136: I/RecoverableKeyStoreGms(13219): [RecoverableKeyStoreGmsInitOperation] com.google.android.gms.auth.folsom.service.FolsomPublicKeyUpdateService is already enabled. Ignore.
11-16 08:57:10.137: I/RecoverableKeyStoreGms(13219): [RecoverableKeyStoreGmsInitOperation] com.google.android.gms.auth.folsom.service.GcmReceiverService is already enabled. Ignore.
11-16 08:57:10.139: I/ChromeSync(13219): [Sync,SyncIntentOperation] Handling the intent: Intent { act=com.google.gservices.intent.action.GSERVICES_CHANGED flg=0x1000010 pkg=com.google.android.gms cmp=com.google.android.gms/.chimera.GmsIntentOperationService$PersistentInternalReceiver }.
11-16 08:57:10.141: V/RecoverableKeyStoreMgr(1166): Not updating secret types - same as old value.
11-16 08:57:10.141: I/RecoverableKeyStoreGms(13219): [RecoverableKeyStoreGmsInitOperation] Setting vault handle
11-16 08:57:10.142: V/RecoverableKeyStoreMgr(1166): Not updating server params - same as old value.
11-16 08:57:10.142: I/MobileDataHub(13219): Scheduling periodic tasks
11-16 08:57:10.143: I/ModuleSetMgr(13219): Computing pending module set with APKs: [[AdsFdrDynamite.integ:213806100100000], [Enpromo.integ:214106000100000], [Pay.optional:213614100000], [VisionOcr.optional:213614100400], [AdsFdrDynamite.integ:212104400100000], [Cronetdynamite:213614100400], [Dynamiteloader:213614100000], [Dynamitemodulesa:213614100000], [Dynamitemodulesc:213614100000], [Googlecertificates:213614100000], [Mapsdynamite:213614100000], [Measurementdynamite:213614100000]]
11-16 08:57:10.144: I/MdiSyncModule(13219): flag handling is skipping irrelevant intent.
11-16 08:57:10.144: I/RecoverableKeyStoreGms(13219): [EnrollmentManager] Returning certificates list from cache
11-16 08:57:10.145: I/MS_Utils(13219): version of com.google.android.apps.maps = 1022101040
11-16 08:57:10.150: I/SystemUpdate(13219): [Installation,ReceiverIntentOperation] Received intent: Intent { act=com.google.gservices.intent.action.GSERVICES_CHANGED flg=0x1000010 pkg=com.google.android.gms cmp=com.google.android.gms/.chimera.GmsIntentOperationService$PersistentInternalReceiver }.
11-16 08:57:10.151: W/DynamiteModule(13219): Local module descriptor class for com.google.android.gms.vision.dynamite.ocr not found.
11-16 08:57:10.152: I/DynamiteModule(13219): Considering local module com.google.android.gms.vision.dynamite.ocr:0 and remote module com.google.android.gms.vision.dynamite.ocr:0
11-16 08:57:10.153: I/DynamiteModule(13219): Considering local module com.google.android.gms.vision.ocr:0 and remote module com.google.android.gms.vision.ocr:1
11-16 08:57:10.153: I/DynamiteModule(13219): Selected remote version of com.google.android.gms.vision.ocr, version >= 1
11-16 08:57:10.157: I/native(13219): I1116 08:57:10.157737   18101 start_ocr_856638336_langid.cc:35] StartOcr with label: latin_script_gmvapi_android
11-16 08:57:10.157: I/native(13219): I1116 08:57:10.157919   18101 start_ocr_856638336_langid.cc:44] StartOcr success
11-16 08:57:10.158: W/MobileDataHub(13219): [Service] appsupload-periodic periodic task disabled
11-16 08:57:10.158: I/ModuleSetMgr(13219): Pending container module APKs: [[Pay.optional:213614100000], [VisionOcr.optional:213614100400]]
11-16 08:57:10.158: I/ModuleSetMgr(13219): Pending non-container module APKs: [[Enpromo.integ:214106000100000], [AdsFdrDynamite.integ:213806100100000]]
11-16 08:57:10.159: I/OcrModelUpStIntentOp(13219): Downloading text recognizer
11-16 08:57:10.177: W/NetworkScheduler(11001): The extras of the task is not valid to be persisted so that the task is not persisted [CONTEXT service_id=218 ]
11-16 08:57:10.177: W/NetworkScheduler(11001): java.lang.IllegalArgumentException: Only the following extra parameter types are supported: Integer, Long, Double, String, Boolean, and nested Bundles with the same restrictions.
11-16 08:57:10.177: W/NetworkScheduler(11001): 	at abno.f(:com.google.android.gms@213614028@21.36.14 (100400-395708125):6)
11-16 08:57:10.177: W/NetworkScheduler(11001): 	at amdu.g(:com.google.android.gms@213614028@21.36.14 (100400-395708125):37)
11-16 08:57:10.177: W/NetworkScheduler(11001): 	at amdd.n(:com.google.android.gms@213614028@21.36.14 (100400-395708125):3)
11-16 08:57:10.177: W/NetworkScheduler(11001): 	at amdd.u(:com.google.android.gms@213614028@21.36.14 (100400-395708125):20)
11-16 08:57:10.177: W/NetworkScheduler(11001): 	at amdd.g(:com.google.android.gms@213614028@21.36.14 (100400-395708125):3)
11-16 08:57:10.177: W/NetworkScheduler(11001): 	at alzy.run(:com.google.android.gms@213614028@21.36.14 (100400-395708125):9)
11-16 08:57:10.177: W/NetworkScheduler(11001): 	at rgh.c(:com.google.android.gms@213614028@21.36.14 (100400-395708125):6)
11-16 08:57:10.177: W/NetworkScheduler(11001): 	at rgh.run(:com.google.android.gms@213614028@21.36.14 (100400-395708125):7)
11-16 08:57:10.177: W/NetworkScheduler(11001): 	at java.util.concurrent.ThreadPoolExecutor.runWorker(ThreadPoolExecutor.java:1167)
11-16 08:57:10.177: W/NetworkScheduler(11001): 	at java.util.concurrent.ThreadPoolExecutor$Worker.run(ThreadPoolExecutor.java:641)
11-16 08:57:10.177: W/NetworkScheduler(11001): 	at rkn.run(:com.google.android.gms@213614028@21.36.14 (100400-395708125):0)
11-16 08:57:10.177: W/NetworkScheduler(11001): 	at java.lang.Thread.run(Thread.java:764)
11-16 08:57:10.178: I/RecoverableKeyStoreMgr(1166): The cert file serial number is the same, so skip updating.
11-16 08:57:10.179: I/RecoverableKeyStoreGms(13219): [EnrollmentManager] Recovery service is initialized.
11-16 08:57:10.180: I/RecoverySnapshotLstnrs(1166): Registered listener for agent with uid 10007
11-16 08:57:10.182: E/RecoverySnapshotStorage(1166): Error reading snapshot for 10007 from disk
11-16 08:57:10.182: E/RecoverySnapshotStorage(1166): java.io.FileNotFoundException: /data/system/recoverablekeystore/snapshots/10007.xml (No such file or directory)
11-16 08:57:10.182: E/RecoverySnapshotStorage(1166): 	at java.io.FileInputStream.open0(Native Method)
11-16 08:57:10.182: E/RecoverySnapshotStorage(1166): 	at java.io.FileInputStream.open(FileInputStream.java:231)
11-16 08:57:10.182: E/RecoverySnapshotStorage(1166): 	at java.io.FileInputStream.<init>(FileInputStream.java:165)
11-16 08:57:10.182: E/RecoverySnapshotStorage(1166): 	at com.android.server.locksettings.recoverablekeystore.storage.RecoverySnapshotStorage.readFromDisk(RecoverySnapshotStorage.java:152)
11-16 08:57:10.182: E/RecoverySnapshotStorage(1166): 	at com.android.server.locksettings.recoverablekeystore.storage.RecoverySnapshotStorage.get(RecoverySnapshotStorage.java:104)
11-16 08:57:10.182: E/RecoverySnapshotStorage(1166): 	at com.android.server.locksettings.recoverablekeystore.RecoverableKeyStoreManager.getKeyChainSnapshot(RecoverableKeyStoreManager.java:331)
11-16 08:57:10.182: E/RecoverySnapshotStorage(1166): 	at com.android.server.locksettings.LockSettingsService.getKeyChainSnapshot(LockSettingsService.java:2032)
11-16 08:57:10.182: E/RecoverySnapshotStorage(1166): 	at com.android.internal.widget.ILockSettings$Stub.onTransact(ILockSettings.java:356)
11-16 08:57:10.182: E/RecoverySnapshotStorage(1166): 	at android.os.Binder.execTransact(Binder.java:731)
11-16 08:57:10.183: I/RecoverableKeyStoreGms(13219): [WrappingKeyManager] Can't generate wrapping key - missing lock screeen
11-16 08:57:10.191: W/PackageParser(13219): Unknown element under <manifest>: queries at /data/user_de/0/com.google.android.gms/app_chimera/m/00000007/AdsDynamite.apk Binary XML file line #5
11-16 08:57:10.193: W/ProviderHelper(18325): Unknown dynamite feature providerinstaller.dynamite
11-16 08:57:10.195: I/DynamiteModule(18325): Considering local module com.google.android.gms.providerinstaller.dynamite:1 and remote module com.google.android.gms.providerinstaller.dynamite:0
11-16 08:57:10.195: I/DynamiteModule(18325): Selected local version of com.google.android.gms.providerinstaller.dynamite
11-16 08:57:10.204: I/TestSupport(13219): AwaitCommitOperation: * [CONTEXT service_id=133 ]
11-16 08:57:10.204: W/PackageParser(13219): Unknown element under <manifest>: queries at /data/user_de/0/com.google.android.gms/app_chimera/m/00000011/dl-AdsFdrDynamite.integ_213806100100000.apk Binary XML file line #11
11-16 08:57:10.208: V/NativeCrypto(18325): Registering com/google/android/gms/org/conscrypt/NativeCrypto's 294 native methods...
11-16 08:57:10.210: I/TestSupport(13219): AwaitCommitOperation: FlagOverride(com.google.android.gms.auth.api.credentials, , Flag(SaveStrategy__enableSaving, false, 2, 0), true) committed [CONTEXT service_id=133 ]
11-16 08:57:10.210: I/TestSupport(13219): AwaitCommitOperation: no more uncommitted overrides [CONTEXT service_id=133 ]
11-16 08:57:10.220: D/NetworkSecurityConfig(18325): Using Network Security Config from resource network_security_config debugBuild: false
11-16 08:57:10.221: I/ProviderInstaller(18325): Installed default security provider GmsCore_OpenSSL
11-16 08:57:10.230: I/GmsModuleFndr(13219): Beginning GMS chimera module scan
11-16 08:57:10.238: I/ModuleSetMgr(13219): Computing pending module set with APKs: [[AdsFdrDynamite.integ:213806100100000], [Enpromo.integ:214106000100000], [Pay.optional:213614100000], [VisionOcr.optional:213614100400], [AdsFdrDynamite.integ:212104400100000], [Cronetdynamite:213614100400], [Dynamiteloader:213614100000], [Dynamitemodulesa:213614100000], [Dynamitemodulesc:213614100000], [Googlecertificates:213614100000], [Mapsdynamite:213614100000], [Measurementdynamite:213614100000]]
11-16 08:57:10.242: I/ModuleSetMgr(13219): Pending container module APKs: [[Pay.optional:213614100000], [VisionOcr.optional:213614100400]]
11-16 08:57:10.242: I/ModuleSetMgr(13219): Pending non-container module APKs: [[Enpromo.integ:214106000100000], [AdsFdrDynamite.integ:213806100100000]]
11-16 08:57:10.252: I/axnn(18325): Primes not initialized, returning default (no-op) Primes instance which will ignore all calls. Please call Primes.initialize(...) before using any Primes API.
11-16 08:57:10.252: I/GMS_MM_Logger(18325): Started.
11-16 08:57:10.252: W/PackageParser(13219): Unknown element under <manifest>: queries at /data/user_de/0/com.google.android.gms/app_chimera/m/00000007/AdsDynamite.apk Binary XML file line #5
11-16 08:57:10.264: W/PackageParser(13219): Unknown element under <manifest>: queries at /data/user_de/0/com.google.android.gms/app_chimera/m/00000011/dl-AdsFdrDynamite.integ_213806100100000.apk Binary XML file line #11
11-16 08:57:10.292: I/TSDRIVER(18128): Handled command: PACKAGE
11-16 08:57:10.294: I/ActivityManager(1166): Killing 11401:com.google.android.gms.unstable/u0a7 (adj 906): empty #17
11-16 08:57:10.295: W/libprocessgroup(1166): kill(-11401, 9) failed: No such process
11-16 08:57:10.317: I/Zygote(736): Process 11401 exited due to signal (9)
11-16 08:57:10.341: W/libprocessgroup(1166): kill(-11401, 9) failed: No such process
11-16 08:57:10.342: I/libprocessgroup(1166): Successfully killed process cgroup uid 10007 pid 11401 in 46ms
11-16 08:57:10.367: I/TSDRIVER(18128): CommandService onHandleIntent()
11-16 08:57:10.367: I/TSDRIVER(18128): Got command: PACKAGE
11-16 08:57:10.368: I/TSDRIVER(18128): flag package: Eh9jb20uZ29vZ2xlLmFuZHJvaWQuZ21zLmF1dG9maWxsGhQKEGF1dG9maWxsX2VuYWJsZWQYACg+
11-16 08:57:10.368: I/TSDRIVER(18128): flag package: com.google.android.gms.autofill
11-16 08:57:10.381: I/TestSupport(13219): SetFlagOverridesOperation: com.google.android.gms.autofill, '', [Flag(autofill_enabled, false, 2, 0)] [CONTEXT service_id=133 ]
11-16 08:57:10.396: I/TestSupport(13219): AwaitCommitOperation: autofill_enabled [CONTEXT service_id=133 ]
11-16 08:57:10.403: I/TestSupport(13219): AwaitCommitOperation: uncommitted: FlagOverride(com.google.android.gms.autofill, , Flag(autofill_enabled, false, 2, 0), false) [CONTEXT service_id=133 ]
11-16 08:57:10.403: I/TestSupport(13219): AwaitCommitOperation:  sleeping for 10 msec. [CONTEXT service_id=133 ]
11-16 08:57:10.422: I/TestSupport(13219): AwaitCommitOperation: uncommitted: FlagOverride(com.google.android.gms.autofill, , Flag(autofill_enabled, false, 2, 0), false) [CONTEXT service_id=133 ]
11-16 08:57:10.423: I/TestSupport(13219): AwaitCommitOperation:  sleeping for 20 msec. [CONTEXT service_id=133 ]
11-16 08:57:10.429: W/PhenotypeConfigurationU(11001): Update for unknown DeviceConfig package com.google.android.gms.autofill [CONTEXT service_id=204 ]
11-16 08:57:10.429: W/PhenotypeConfigurationU(11001): akjf: No package exists for config package: com.google.android.gms.autofill
11-16 08:57:10.429: W/PhenotypeConfigurationU(11001): 	at com.google.android.gms.platformconfigurator.PhenotypeConfigurationUpdateListener.a(:com.google.android.gms@213614028@21.36.14 (100400-395708125):7)
11-16 08:57:10.429: W/PhenotypeConfigurationU(11001): 	at com.google.android.gms.platformconfigurator.PhenotypeConfigurationUpdateListener.onHandleIntent(:com.google.android.gms@213614028@21.36.14 (100400-395708125):5)
11-16 08:57:10.429: W/PhenotypeConfigurationU(11001): 	at com.google.android.chimera.IntentOperation.onHandleIntent(:com.google.android.gms@213614028@21.36.14 (100400-395708125):2)
11-16 08:57:10.429: W/PhenotypeConfigurationU(11001): 	at pld.onHandleIntent(:com.google.android.gms@213614028@21.36.14 (100400-395708125):4)
11-16 08:57:10.429: W/PhenotypeConfigurationU(11001): 	at dpb.run(:com.google.android.gms@213614028@21.36.14 (100400-395708125):5)
11-16 08:57:10.429: W/PhenotypeConfigurationU(11001): 	at dpa.run(:com.google.android.gms@213614028@21.36.14 (100400-395708125):11)
11-16 08:57:10.429: W/PhenotypeConfigurationU(11001): 	at bfyg.run(:com.google.android.gms@213614028@21.36.14 (100400-395708125):2)
11-16 08:57:10.429: W/PhenotypeConfigurationU(11001): 	at java.util.concurrent.ThreadPoolExecutor.runWorker(ThreadPoolExecutor.java:1167)
11-16 08:57:10.429: W/PhenotypeConfigurationU(11001): 	at java.util.concurrent.ThreadPoolExecutor$Worker.run(ThreadPoolExecutor.java:641)
11-16 08:57:10.429: W/PhenotypeConfigurationU(11001): 	at java.lang.Thread.run(Thread.java:764)
11-16 08:57:10.434: I/PTCommittedOperation(11001): Receive new configuration for com.google.android.gms.autofill
11-16 08:57:10.436: W/ModuleInitIntentOp(13219): Dropping unexpected action com.google.android.gms.phenotype.COMMITTED
11-16 08:57:10.440: I/ChromeSync(13219): [Sync,SyncIntentOperation] Handling the intent: Intent { act=com.google.android.gms.phenotype.COMMITTED flg=0x10 pkg=com.google.android.gms cmp=com.google.android.gms/.chimera.GmsIntentOperationService (has extras) }.
11-16 08:57:10.444: I/MdiSyncModule(13219): flag handling is skipping irrelevant intent.
11-16 08:57:10.453: I/TestSupport(13219): AwaitCommitOperation: FlagOverride(com.google.android.gms.autofill, , Flag(autofill_enabled, false, 2, 0), true) committed [CONTEXT service_id=133 ]
11-16 08:57:10.453: I/TestSupport(13219): AwaitCommitOperation: no more uncommitted overrides [CONTEXT service_id=133 ]
11-16 08:57:10.455: W/ModuleInitIntentOp(13219): Dropping unexpected action com.google.android.gms.phenotype.COMMITTED
11-16 08:57:10.489: I/GmsSyncPolicyEngine(13219): Periodic sync 4 disabled by policy, cancelled.
11-16 08:57:10.583: I/TestSupport(13219): AwaitCommitOperation: * [CONTEXT service_id=133 ]
11-16 08:57:10.594: I/TestSupport(13219): AwaitCommitOperation: FlagOverride(com.google.android.gms.autofill, , Flag(autofill_enabled, false, 2, 0), true) committed [CONTEXT service_id=133 ]
11-16 08:57:10.595: I/TestSupport(13219): AwaitCommitOperation: no more uncommitted overrides [CONTEXT service_id=133 ]
11-16 08:57:10.712: I/TSDRIVER(18128): Handled command: PACKAGE
11-16 08:57:10.829: I/TSDRIVER(18128): CommandService onHandleIntent()
11-16 08:57:10.830: I/TSDRIVER(18128): Got command: PACKAGE
11-16 08:57:10.830: I/TSDRIVER(18128): flag package: EiNjb20uZ29vZ2xlLmFuZHJvaWQuZ21zLmF1dGhfYWNjb3VudBodChlhdXRoX3NpZ19vdmVycmlkZV9lbmFibGVkGAAoPg
11-16 08:57:10.830: I/TSDRIVER(18128): flag package: com.google.android.gms.auth_account
11-16 08:57:10.841: I/TestSupport(13219): SetFlagOverridesOperation: com.google.android.gms.auth_account, '', [Flag(auth_sig_override_enabled, false, 2, 0)] [CONTEXT service_id=133 ]
11-16 08:57:10.862: I/TestSupport(13219): AwaitCommitOperation: auth_sig_override_enabled [CONTEXT service_id=133 ]
11-16 08:57:10.872: I/TestSupport(13219): AwaitCommitOperation: uncommitted: FlagOverride(com.google.android.gms.auth_account, , Flag(auth_sig_override_enabled, false, 2, 0), false) [CONTEXT service_id=133 ]
11-16 08:57:10.872: I/TestSupport(13219): AwaitCommitOperation:  sleeping for 10 msec. [CONTEXT service_id=133 ]
11-16 08:57:10.894: W/PhenotypeConfigurationU(11001): Update for unknown DeviceConfig package com.google.android.gms.auth_account [CONTEXT service_id=204 ]
11-16 08:57:10.894: W/PhenotypeConfigurationU(11001): akjf: No package exists for config package: com.google.android.gms.auth_account
11-16 08:57:10.894: W/PhenotypeConfigurationU(11001): 	at com.google.android.gms.platformconfigurator.PhenotypeConfigurationUpdateListener.a(:com.google.android.gms@213614028@21.36.14 (100400-395708125):7)
11-16 08:57:10.894: W/PhenotypeConfigurationU(11001): 	at com.google.android.gms.platformconfigurator.PhenotypeConfigurationUpdateListener.onHandleIntent(:com.google.android.gms@213614028@21.36.14 (100400-395708125):5)
11-16 08:57:10.894: W/PhenotypeConfigurationU(11001): 	at com.google.android.chimera.IntentOperation.onHandleIntent(:com.google.android.gms@213614028@21.36.14 (100400-395708125):2)
11-16 08:57:10.894: W/PhenotypeConfigurationU(11001): 	at pld.onHandleIntent(:com.google.android.gms@213614028@21.36.14 (100400-395708125):4)
11-16 08:57:10.894: W/PhenotypeConfigurationU(11001): 	at dpb.run(:com.google.android.gms@213614028@21.36.14 (100400-395708125):5)
11-16 08:57:10.894: W/PhenotypeConfigurationU(11001): 	at dpa.run(:com.google.android.gms@213614028@21.36.14 (100400-395708125):11)
11-16 08:57:10.894: W/PhenotypeConfigurationU(11001): 	at bfyg.run(:com.google.android.gms@213614028@21.36.14 (100400-395708125):2)
11-16 08:57:10.894: W/PhenotypeConfigurationU(11001): 	at java.util.concurrent.ThreadPoolExecutor.runWorker(ThreadPoolExecutor.java:1167)
11-16 08:57:10.894: W/PhenotypeConfigurationU(11001): 	at java.util.concurrent.ThreadPoolExecutor$Worker.run(ThreadPoolExecutor.java:641)
11-16 08:57:10.894: W/PhenotypeConfigurationU(11001): 	at java.lang.Thread.run(Thread.java:764)
11-16 08:57:10.900: I/PTCommittedOperation(11001): Receive new configuration for com.google.android.gms.auth_account
11-16 08:57:10.902: W/ModuleInitIntentOp(13219): Dropping unexpected action com.google.android.gms.phenotype.COMMITTED
11-16 08:57:10.902: I/ChromeSync(13219): [Sync,SyncIntentOperation] Handling the intent: Intent { act=com.google.android.gms.phenotype.COMMITTED flg=0x10 pkg=com.google.android.gms cmp=com.google.android.gms/.chimera.GmsIntentOperationService (has extras) }.
11-16 08:57:10.907: I/MdiSyncModule(13219): flag handling is skipping irrelevant intent.
11-16 08:57:10.911: W/ModuleInitIntentOp(13219): Dropping unexpected action com.google.android.gms.phenotype.COMMITTED
11-16 08:57:10.929: I/TestSupport(13219): AwaitCommitOperation: FlagOverride(com.google.android.gms.auth_account, , Flag(auth_sig_override_enabled, false, 2, 0), true) committed [CONTEXT service_id=133 ]
11-16 08:57:10.929: I/TestSupport(13219): AwaitCommitOperation: no more uncommitted overrides [CONTEXT service_id=133 ]
11-16 08:57:11.038: I/TestSupport(13219): AwaitCommitOperation: * [CONTEXT service_id=133 ]
11-16 08:57:11.049: I/TestSupport(13219): AwaitCommitOperation: FlagOverride(com.google.android.gms.auth_account, , Flag(auth_sig_override_enabled, false, 2, 0), true) committed [CONTEXT service_id=133 ]
11-16 08:57:11.050: I/TestSupport(13219): AwaitCommitOperation: no more uncommitted overrides [CONTEXT service_id=133 ]
11-16 08:57:11.133: I/TSDRIVER(18128): Handled command: PACKAGE
11-16 08:57:11.457: D/AndroidRuntime(18381): >>>>>> START com.android.internal.os.RuntimeInit uid 2000 <<<<<<
11-16 08:57:11.512: I/app_process(18381): The ClassLoaderContext is a special shared library.
11-16 08:57:11.535: D/AndroidRuntime(18381): Calling main entry com.android.commands.am.Am
11-16 08:57:11.541: I/ActivityManager(1166): Force stopping com.google.android.apps.mtaas.tools appid=10156 user=0: start instr
11-16 08:57:11.571: I/ActivityManager(1166): Start proc 18390:com.google.android.apps.mtaas.tools/u0a156 for added application com.google.android.apps.mtaas.tools
11-16 08:57:11.587: E/pps.mtaas.tool(18390): Not starting debugger since process cannot load the jdwp agent.
11-16 08:57:11.644: I/pps.mtaas.tool(18390): The ClassLoaderContext is a special shared library.
11-16 08:57:11.686: I/ActivityManager(1166): Config changes=2004 {1.0 ?mcc?mnc [en] ldltr sw392dp w392dp h713dp 440dpi nrml long hdr widecg port finger -keyb/v/h -nav/h winConfig={ mBounds=Rect(0, 0 - 0, 0) mAppBounds=Rect(0, 0 - 1080, 2028) mWindowingMode=fullscreen mActivityType=undefined} s.9}
11-16 08:57:11.687: D/ActivityManager(1166): Storing locale en for decryption UI
11-16 08:57:11.712: I/ActivityManager(1166): Override config changes=2004 {1.0 ?mcc?mnc [en] ldltr sw392dp w392dp h713dp 440dpi nrml long hdr widecg port finger -keyb/v/h -nav/h winConfig={ mBounds=Rect(0, 0 - 1080, 2028) mAppBounds=Rect(0, 0 - 1080, 2028) mWindowingMode=fullscreen mActivityType=undefined} s.9} for displayId=0
11-16 08:57:11.759: D/ChangeLocale(18390): Instrumentation completed successfully
11-16 08:57:11.761: D/LoaderTask(4265): loadWorkspace: loading default favorites
11-16 08:57:11.778: I/ActivityManager(1166): Force stopping com.google.android.apps.mtaas.tools appid=10156 user=0: finished inst
11-16 08:57:11.778: I/ActivityManager(1166): Killing 18390:com.google.android.apps.mtaas.tools/u0a156 (adj 0): stop com.google.android.apps.mtaas.tools
11-16 08:57:11.779: W/Binder(1166): Outgoing transactions from this process must be FLAG_ONEWAY
11-16 08:57:11.779: W/Binder(1166): java.lang.Throwable
11-16 08:57:11.779: W/Binder(1166): 	at android.os.BinderProxy.transact(Binder.java:1116)
11-16 08:57:11.779: W/Binder(1166): 	at android.app.IInstrumentationWatcher$Stub$Proxy.instrumentationFinished(IInstrumentationWatcher.java:164)
11-16 08:57:11.779: W/Binder(1166): 	at com.android.server.am.InstrumentationReporter$MyThread.run(InstrumentationReporter.java:86)
11-16 08:57:11.779: W/libprocessgroup(1166): kill(-18390, 9) failed: No such process
11-16 08:57:11.780: D/AndroidRuntime(18381): Shutting down VM
11-16 08:57:11.783: I/EmojiSearchExtension(3654): onDestroy()
11-16 08:57:11.783: I/EmojiSearchExtension(3654): onDeactivate()
11-16 08:57:11.795: D/ConnectivityService(1166): releasing NetworkRequest [ TRACK_DEFAULT id=48, [ Capabilities: INTERNET&NOT_RESTRICTED&TRUSTED Unwanted:  Uid: 10107] ] (release request)
11-16 08:57:11.809: I/Zygote(736): Process 18390 exited due to signal (9)
11-16 08:57:11.810: I/ActivityManager(1166): Start proc 18408:com.android.carrierdefaultapp/u0a84 for broadcast com.android.carrierdefaultapp/.CarrierDefaultBroadcastReceiver
11-16 08:57:11.812: W/libprocessgroup(1166): kill(-18390, 9) failed: No such process
11-16 08:57:11.812: I/libprocessgroup(1166): Successfully killed process cgroup uid 10156 pid 18390 in 33ms
11-16 08:57:11.812: E/rrierdefaultap(18408): Not starting debugger since process cannot load the jdwp agent.
11-16 08:57:11.823: I/ModuleManager(3654): Module object of interface com.google.android.apps.inputmethod.libs.search.emoji.EmojiSearchExtension loaded.
11-16 08:57:11.831: W/cr_ContextualSearch(13644): Warning, the 0 state was aborted.
11-16 08:57:11.839: I/GoogleInputMethod(3654): onStartInput() : Dummy InputConnection bound
11-16 08:57:11.842: I/HWRSuperpacksManager(3654): onEnabledInputMethodEntriesChanged
11-16 08:57:11.843: I/DictSuperpacksManager(3654): onEnabledInputMethodEntriesChanged
11-16 08:57:11.847: I/ActivityManager(1166): Killing 13679:com.android.chrome:sandboxed_process0/u0a107i0 (adj 0): isolated not needed
11-16 08:57:11.847: W/libprocessgroup(1166): Failed to open process cgroup uid 99000 pid 13679: No such file or directory
11-16 08:57:11.847: E/libprocessgroup(1166): Error encountered killing process cgroup uid 99000 pid 13679: No such file or directory
11-16 08:57:11.851: I/MediaFocusControl(1166): abandonAudioFocus() from uid/pid 10107/13644 clientId=android.media.AudioManager@305b038org.chromium.content.browser.AudioFocusDelegate@86d4811
11-16 08:57:11.853: E/cr_BrowserInitializer(13644): Killing process because of locale change.
11-16 08:57:11.853: I/Process(13644): Sending signal. PID: 13644 SIG: 9
11-16 08:57:11.854: D/CarrierDefaultBroadcastReceiver(18408): onReceive intent: android.intent.action.LOCALE_CHANGED
11-16 08:57:11.866: I/ActivityManager(1166): Killing 11606:com.google.android.gms:car/u0a7 (adj 906): empty #17
11-16 08:57:11.866: W/libprocessgroup(1166): kill(-11606, 9) failed: No such process
11-16 08:57:11.870: I/Zygote(3705): Process 13679 exited due to signal (9)
11-16 08:57:11.877: W/InputDispatcher(1166): channel 'b047966 com.android.chrome/com.google.android.apps.chrome.Main (server)' ~ Consumer closed input channel or an error occurred.  events=0x9
11-16 08:57:11.877: E/InputDispatcher(1166): channel 'b047966 com.android.chrome/com.google.android.apps.chrome.Main (server)' ~ Channel is unrecoverably broken and will be disposed!
11-16 08:57:11.877: D/ConnectivityService(1166): ConnectivityService NetworkRequestInfo binderDied(NetworkRequest [ LISTEN id=47, [ Capabilities: INTERNET&NOT_RESTRICTED&TRUSTED Unwanted:  Uid: 10107] ], android.os.BinderProxy@ae257cd)
11-16 08:57:11.877: D/ConnectivityService(1166): ConnectivityService NetworkRequestInfo binderDied(NetworkRequest [ LISTEN id=43, [ Capabilities: INTERNET&NOT_RESTRICTED&TRUSTED Unwanted:  Uid: 10107] ], android.os.BinderProxy@eae0882)
11-16 08:57:11.877: D/ConnectivityService(1166): ConnectivityService NetworkRequestInfo binderDied(NetworkRequest [ TRACK_DEFAULT id=46, [ Capabilities: INTERNET&NOT_RESTRICTED&TRUSTED Unwanted:  Uid: 10107] ], android.os.BinderProxy@d3d6b93)
11-16 08:57:11.877: D/ConnectivityService(1166): ConnectivityService NetworkRequestInfo binderDied(NetworkRequest [ TRACK_DEFAULT id=52, [ Capabilities: INTERNET&NOT_RESTRICTED&TRUSTED Unwanted:  Uid: 10107] ], android.os.BinderProxy@9fc7d0)
11-16 08:57:11.877: D/ConnectivityService(1166): ConnectivityService NetworkRequestInfo binderDied(NetworkRequest [ TRACK_DEFAULT id=42, [ Capabilities: INTERNET&NOT_RESTRICTED&TRUSTED Unwanted:  Uid: 10107] ], android.os.BinderProxy@dc9a3c9)
11-16 08:57:11.878: D/ConnectivityService(1166): ConnectivityService NetworkRequestInfo binderDied(NetworkRequest [ LISTEN id=53, [ Capabilities: INTERNET&NOT_RESTRICTED&TRUSTED Unwanted:  Uid: 10107] ], android.os.BinderProxy@5382ace)
11-16 08:57:11.879: I/Zygote(737): Process 13644 exited due to signal (9)
11-16 08:57:11.879: I/WindowManager(1166): WIN DEATH: Window{b047966 u0 com.android.chrome/com.google.android.apps.chrome.Main}
11-16 08:57:11.879: W/InputDispatcher(1166): Attempted to unregister already unregistered input channel 'b047966 com.android.chrome/com.google.android.apps.chrome.Main (server)'
11-16 08:57:11.880: I/GoogleInputMethod(3654): onFinishInput() : Dummy InputConnection bound
11-16 08:57:11.880: I/GoogleInputMethod(3654): onStartInput() : Dummy InputConnection bound
11-16 08:57:11.880: D/ConnectivityService(1166): releasing NetworkRequest [ TRACK_DEFAULT id=46, [ Capabilities: INTERNET&NOT_RESTRICTED&TRUSTED Unwanted:  Uid: 10107] ] (release request)
11-16 08:57:11.881: D/ConnectivityService(1166): releasing NetworkRequest [ TRACK_DEFAULT id=52, [ Capabilities: INTERNET&NOT_RESTRICTED&TRUSTED Unwanted:  Uid: 10107] ] (release request)
11-16 08:57:11.881: D/ConnectivityService(1166): releasing NetworkRequest [ TRACK_DEFAULT id=42, [ Capabilities: INTERNET&NOT_RESTRICTED&TRUSTED Unwanted:  Uid: 10107] ] (release request)
11-16 08:57:11.884: D/KernelUidCpuTimeReader(1166): Removing uids 99002-99002
11-16 08:57:11.884: D/KernelUidCpuTimeReader(1166): Removing uids 99003-99003
11-16 08:57:11.885: D/KernelUidCpuTimeReader(1166): Removing uids 99004-99004
11-16 08:57:11.885: I/ActivityManager(1166): Process com.android.chrome (pid 13644) has died: fore TOP 
11-16 08:57:11.886: W/ActivityManager(1166): Force removing ActivityRecord{b1c7fec u0 com.android.chrome/com.google.android.apps.chrome.Main t3}: app died, no saved state
11-16 08:57:11.888: W/SurfaceFlinger(645): Attempting to destroy on removed layer: AppWindowToken{2d8864a token=Token{6a48fb5 ActivityRecord{b1c7fec u0 com.android.chrome/com.google.android.apps.chrome.Main t3}}}#0
11-16 08:57:11.889: D/BoundBrokerSvc(13219): onUnbind: Intent { act=com.google.android.gms.safetynet.service.START pkg=com.google.android.gms }
11-16 08:57:11.892: E/oadcastreceive(18433): Not starting debugger since process cannot load the jdwp agent.
11-16 08:57:11.902: I/Zygote(736): Process 11606 exited due to signal (9)
11-16 08:57:11.903: I/Zygote(737): Process 13709 exited cleanly (0)
11-16 08:57:11.904: I/ActivityManager(1166): Start proc 18433:com.android.cellbroadcastreceiver/u0a62 for broadcast com.android.cellbroadcastreceiver/.PrivilegedCellBroadcastReceiver
11-16 08:57:11.904: W/ActivityManager(1166): setHasOverlayUi called on unknown pid: 13644
11-16 08:57:11.906: I/ActivityManager(1166): Process com.android.chrome:privileged_process0 (pid 13709) has died: fore SVC 
11-16 08:57:11.908: W/System(12882): A resource failed to call end. 
11-16 08:57:11.912: W/libprocessgroup(1166): kill(-11606, 9) failed: No such process
11-16 08:57:11.912: I/libprocessgroup(1166): Successfully killed process cgroup uid 10007 pid 11606 in 45ms
11-16 08:57:11.912: W/libprocessgroup(1166): kill(-13644, 9) failed: No such process
11-16 08:57:11.912: I/libprocessgroup(1166): Successfully killed process cgroup uid 10107 pid 13644 in 0ms
11-16 08:57:11.912: W/libprocessgroup(1166): kill(-13709, 9) failed: No such process
11-16 08:57:11.912: I/libprocessgroup(1166): Successfully killed process cgroup uid 10107 pid 13709 in 0ms
11-16 08:57:11.930: D/CellBroadcastReceiver(18433): onReceive Intent { act=android.intent.action.LOCALE_CHANGED flg=0x11200010 cmp=com.android.cellbroadcastreceiver/.PrivilegedCellBroadcastReceiver }
11-16 08:57:11.934: I/ActivityManager(1166): Killing 12882:com.android.vending/u0a14 (adj 906): empty #17
11-16 08:57:11.935: W/libprocessgroup(1166): kill(-12882, 9) failed: No such process
11-16 08:57:11.946: I/ActivityManager(1166): Start proc 18453:com.android.chrome/u0a107 for broadcast com.android.chrome/org.chromium.chrome.browser.locale.LocaleChangedBroadcastReceiver
11-16 08:57:11.946: E/.android.chrom(18453): Not starting debugger since process cannot load the jdwp agent.
11-16 08:57:11.948: W/libprocessgroup(1166): kill(-12882, 9) failed: No such process
11-16 08:57:11.985: W/Looper(1166): Slow dispatch took 225ms main h=android.app.ActivityThread$H c=android.app.-$$Lambda$LoadedApk$ReceiverDispatcher$Args$_BumDX2UKsnxLVrE6UJsJZkotuA@8861139 m=0
11-16 08:57:11.985: W/Looper(1166): Slow delivery took 226ms main h=android.app.ActivityThread$H c=android.app.-$$Lambda$LoadedApk$ReceiverDispatcher$Args$_BumDX2UKsnxLVrE6UJsJZkotuA@56ae37e m=0
11-16 08:57:11.986: D/UsbDeviceManager(1166): Clear notification
11-16 08:57:11.987: D/UsbDeviceManager(1166): push notification:Charging this device via USB
11-16 08:57:11.992: W/InputMethodManagerService(1166): Illegal subtype state: old subtype = null, new subtype = android.view.inputmethod.InputMethodSubtype@70bfcd7e
11-16 08:57:11.992: I/Telecom(1166): : Locale change; recreating channels.
11-16 08:57:11.994: V/SettingsProvider(1166): Notifying for 0: content://settings/system/user_rotation
11-16 08:57:11.994: V/SettingsProvider(1166): Notifying for 0: content://settings/system/accelerometer_rotation
11-16 08:57:11.995: W/Looper(1166): Drained
11-16 08:57:11.998: V/SettingsProvider(1166): Notifying for 0: content://settings/secure/enabled_input_methods
11-16 08:57:11.999: V/SettingsProvider(1166): Notifying for 0: content://settings/secure/selected_input_method_subtype
11-16 08:57:11.999: V/SettingsProvider(1166): Notifying for 0: content://settings/secure/default_input_method
11-16 08:57:11.968: I/chatty(1166): uid=1000(system) ActivityManager identical 2 lines
11-16 08:57:11.976: W/libprocessgroup(1166): kill(-12882, 9) failed: No such process
11-16 08:57:12.016: I/Zygote(737): Process 12882 exited due to signal (9)
11-16 08:57:12.019: W/SurfaceFlinger(645): Attempting to destroy on removed layer: e786032 DockedStackDivider#0
11-16 08:57:12.020: W/libprocessgroup(1166): kill(-12882, 9) failed: No such process
11-16 08:57:12.020: I/libprocessgroup(1166): Successfully killed process cgroup uid 10014 pid 12882 in 85ms
11-16 08:57:12.028: D/LoaderTask(4265): loadWorkspace: loading default favorites
