11-16 08:57:14.198: D/BoundBrokerSvc(13219): onUnbind: Intent { act=com.google.android.gms.common.BIND_SHARED_PREFS pkg=com.google.android.gms }
11-16 08:57:14.208: W/PrimesInit(18733): Primes instant initialization
11-16 08:57:14.210: W/GAv4(18733): CampaignTrackingReceiver is not registered, not exported or is disabled. Installation campaign tracking is not possible. See http://goo.gl/8Rd3yj for instructions.
11-16 08:57:14.210: I/Finsky(18581): [166] abya.n(4): SCH: jobFinished: 31-305419896. TimeElapsed: 480ms.
11-16 08:57:14.231: W/Primes(18733): background initialization
11-16 08:57:14.232: I/Finsky(18581): [2] aeab.a(1): Connecting InstallListener to SplitInstallService broadcaster...
11-16 08:57:14.234: W/ChimeraUtils(11001): Module com.google.android.gms.nearby_en has empty metadata display_name_string_id
11-16 08:57:14.247: I/Finsky(18581): [2] ajut.a(3): Warm data store was already initialized.
11-16 08:57:14.248: I/Finsky(18581): [2] abwr.e(7): SCH: Job 31-305419896 finished. Rescheduling.
11-16 08:57:14.250: I/Finsky(18581): [2] abwq.handleMessage(59): SCH: RunningQueue size: 0, PendingQueue size: 0
11-16 08:57:14.250: I/Finsky(18581): [2] abwq.handleMessage(72): SCH: Waiting on changed job store
11-16 08:57:14.267: I/id.partnersetu(18252): Waiting for a blocking GC ProfileSaver
11-16 08:57:14.275: W/ChimeraUtils(11001): Module com.google.android.gms.nearby_en has empty metadata display_name_string_id
11-16 08:57:14.287: I/id.partnersetu(18252): WaitForGcToComplete blocked ProfileSaver on HeapTrim for 19.688ms
11-16 08:57:14.303: W/FieldDefinition(18733): [main] Ignoring isIndexed constraint as field also has uniqueness constraint (on just this field, and therefore SQLite will have to create an index on that. For field: cxk$b@d59d62f
11-16 08:57:14.306: I/system_server(1166): Background concurrent copying GC freed 41468(2MB) AllocSpace objects, 13(644KB) LOS objects, 42% free, 18MB/33MB, paused 82us total 254.396ms
11-16 08:57:14.306: I/system_server(1166): WaitForGcToComplete blocked Explicit on HeapTrim for 158.154ms
11-16 08:57:14.312: I/Icing(13219): Indexing com.google.android.gms-apps from com.google.android.gms
11-16 08:57:14.319: W/PackageParser(1166): Unknown element under <manifest>: queries at /data/app/vmdl1220079242.tmp/base.apk Binary XML file line #33
11-16 08:57:14.332: I/Icing(13219): Indexing done com.google.android.gms-apps
11-16 08:57:14.362: I/Finsky(18581): [215] gxq.a(12): Asset module storage cleared for package dev.androidx.ci.emptyapp.
11-16 08:57:14.371: I/Finsky(18581): [209] ovx.run(16): Wrote row to frosting DB: 213
11-16 08:57:14.397: I/elligence.sens(18271): Waiting for a blocking GC ProfileSaver
11-16 08:57:14.403: I/system_server(1166): Explicit concurrent copying GC freed 48310(2MB) AllocSpace objects, 15(684KB) LOS objects, 42% free, 16MB/29MB, paused 56us total 96.552ms
11-16 08:57:14.405: I/Finsky(18581): [209] ovx.run(16): Wrote row to frosting DB: 214
11-16 08:57:14.437: I/elligence.sens(18271): WaitForGcToComplete blocked ProfileSaver on HeapTrim for 39.532ms
11-16 08:57:14.437: I/elligence.sens(18271): [ 11-16 08:57:14.440   846: 1288 E/         ]
11-16 08:57:14.437: I/elligence.sens(18271): Couldn't opendir /data/app/vmdl1220079242.tmp: No such file or directory
11-16 08:57:14.440: E/installd(846): Failed to delete /data/app/vmdl1220079242.tmp: No such file or directory
11-16 08:57:14.459: W/BroadcastQueue(1166): Background execution not allowed: receiving Intent { act=android.intent.action.PACKAGE_ADDED dat=package:androidx.lifecycle.extensions.test flg=0x4000010 (has extras) } to com.android.musicfx/.Compatibility$Receiver
11-16 08:57:14.460: I/Finsky(18581): [2] yeh.d(13): PackageMonitorReceiverImpl - Received: android.intent.action.PACKAGE_ADDED, [bZXWJiy8kGT8pyi3ABEP9D39hrHZioCJW4muS1NZnLw]
11-16 08:57:14.461: I/Finsky(18581): [2] yfi.g(1): Invalidating cached PackageState for androidx.lifecycle.extensions.test
11-16 08:57:14.461: W/BroadcastQueue(1166): Background execution not allowed: receiving Intent { act=android.intent.action.PACKAGE_ADDED dat=package:androidx.lifecycle.extensions.test flg=0x4000010 (has extras) } to com.android.vending/com.google.android.finsky.packagemanager.impl.PackageMonitorReceiverImpl$RegisteredReceiver
11-16 08:57:14.461: W/BroadcastQueue(1166): Background execution not allowed: receiving Intent { act=android.intent.action.PACKAGE_ADDED dat=package:androidx.lifecycle.extensions.test flg=0x4000010 (has extras) } to com.google.android.gms/.games.chimera.GamesSystemBroadcastReceiverProxy
11-16 08:57:14.461: W/BroadcastQueue(1166): Background execution not allowed: receiving Intent { act=android.intent.action.PACKAGE_ADDED dat=package:androidx.lifecycle.extensions.test flg=0x4000010 (has extras) } to com.google.android.gms/.gass.chimera.PackageChangeBroadcastReceiver
11-16 08:57:14.461: W/BroadcastQueue(1166): Background execution not allowed: receiving Intent { act=android.intent.action.PACKAGE_ADDED dat=package:androidx.lifecycle.extensions.test flg=0x4000010 (has extras) } to com.google.android.gms/.chimera.GmsIntentOperationService$PersistentTrustedReceiver
11-16 08:57:14.461: W/BroadcastQueue(1166): Background execution not allowed: receiving Intent { act=android.intent.action.PACKAGE_ADDED dat=package:androidx.lifecycle.extensions.test flg=0x4000010 (has extras) } to com.google.android.googlequicksearchbox/com.google.android.apps.gsa.googlequicksearchbox.GelStubAppWatcher
11-16 08:57:14.461: W/BroadcastQueue(1166): Background execution not allowed: receiving Intent { act=android.intent.action.PACKAGE_ADDED dat=package:androidx.lifecycle.extensions.test flg=0x4000010 (has extras) } to com.google.android.ims/.receivers.RcsAutoStartReceiver
11-16 08:57:14.462: I/CarrierServices(10169): [2] RcsAutoStartReceiver.b: carrierServicesJibeServiceEnabled changed from true to true
11-16 08:57:14.463: I/InputReader(1166): Reconfiguring input devices.  changes=0x00000010
11-16 08:57:14.466: I/Telecom(1166): DefaultDialerCache: Refreshing default dialer for user 0: now com.google.android.dialer: DDC.oR@AJk
11-16 08:57:14.467: I/CarrierServices(10169): [2] RcsAutoStartReceiver.b: enableRcs changed from true to true
11-16 08:57:14.468: I/CarrierServices(10169): [2] RcsAutoStartReceiver.b: RcsAutoStartReceiver triggered. Fetching RCS State. Action: android.intent.action.PACKAGE_ADDED
11-16 08:57:14.482: I/Finsky(18581): [2] owk.d(2): Frosting ID looked up on UI thread. Caller should move to a background thread.
11-16 08:57:14.483: I/CarrierServices(10169): [2] aws.a: Migration binding to RcsMigrationService
11-16 08:57:14.496: V/BackupManagerConstants(1166): getFullBackupIntervalMilliseconds(...) returns 86400000
11-16 08:57:14.498: I/Finsky(18581): [2] amas.a(3): Do not start WearSupportService due to Wear service optimization
11-16 08:57:14.500: I/Finsky(18581): [2] amas.a(3): Do not start WearSupportService due to Wear service optimization
11-16 08:57:14.500: W/GCM(11001): Unexpected forwarded intent: Intent { act=android.intent.action.PACKAGE_ADDED dat=package:androidx.lifecycle.extensions.test flg=0x4000010 pkg=com.google.android.gms cmp=com.google.android.gms/.chimera.PersistentIntentOperationService (has extras) }
11-16 08:57:14.501: W/GCM(11001): Unexpected forwarded intent: Intent { act=android.intent.action.PACKAGE_ADDED dat=package:androidx.lifecycle.extensions.test flg=0x4000010 pkg=com.google.android.gms cmp=com.google.android.gms/.chimera.PersistentIntentOperationService (has extras) }
11-16 08:57:14.501: I/FontLog(11001): Package androidx.lifecycle.extensions.test has no metadata [CONTEXT service_id=132 ]
11-16 08:57:14.502: I/Finsky(18581): [2] aeak.a(8): Clearing split related stale data.
11-16 08:57:14.504: E/PhoneInterfaceManager(3810): [PhoneIntfMgr] getCarrierPackageNamesForIntent: No UICC
11-16 08:57:14.504: D/CarrierSvcBindHelper(3810): No carrier app for: 0
11-16 08:57:14.504: D/RegisteredNfcFServicesCache(4155): Service unchanged, not updating
11-16 08:57:14.506: I/Auth(13219): [SupervisedAccountIntentOperation] onHandleIntent(): android.intent.action.PACKAGE_ADDED
11-16 08:57:14.507: I/BlockstoreStorage(13219): Clearing Blockstore Data for package androidx.lifecycle.extensions.test [CONTEXT service_id=258 ]
11-16 08:57:14.508: I/BlockstoreStorage(13219): No metadata found. Skipping deletion. [CONTEXT service_id=258 ]
11-16 08:57:14.509: D/BoundBrokerSvc(13219): onBind: Intent { act=com.google.android.gms.common.BIND_SHARED_PREFS pkg=com.google.android.gms }
11-16 08:57:14.510: D/BoundBrokerSvc(13219): Loading bound service for intent: Intent { act=com.google.android.gms.common.BIND_SHARED_PREFS pkg=com.google.android.gms }
11-16 08:57:14.510: I/Finsky(18581): [2] owk.d(2): Frosting ID looked up on UI thread. Caller should move to a background thread.
11-16 08:57:14.512: I/Finsky(18581): [215] gxq.a(12): Asset module storage cleared for package androidx.lifecycle.extensions.test.
11-16 08:57:14.513: I/Finsky(18581): [209] ovx.run(16): Wrote row to frosting DB: 215
11-16 08:57:14.516: E/VvmPkgInstalledRcvr(3810): cannot create TelephonyManager from ComponentInfo{com.android.phone/com.android.services.telephony.TelephonyConnectionService}, ***, UserHandle{0}
11-16 08:57:14.516: D/ImsResolver(3810): maybeAddedImsService, packageName: androidx.lifecycle.extensions.test
11-16 08:57:14.516: D/CarrierConfigLoader(3810): mHandler: 9 phoneId: 0
11-16 08:57:14.531: I/Finsky(18581): [159] jnw.a(15): [ContentSync] finished, scheduled=false
11-16 08:57:14.543: W/system_server(1166): Unknown chunk type '200'.
11-16 08:57:14.548: W/ChimeraUtils(11001): Module com.google.android.gms.nearby_en has empty metadata display_name_string_id
11-16 08:57:14.551: D/BoundBrokerSvc(13219): onUnbind: Intent { act=com.google.android.gms.common.BIND_SHARED_PREFS pkg=com.google.android.gms }
11-16 08:57:14.561: I/system_server(1166): Background concurrent copying GC freed 27433(1274KB) AllocSpace objects, 6(248KB) LOS objects, 42% free, 17MB/29MB, paused 48us total 128.129ms
11-16 08:57:14.560: W/ChimeraUtils(11001): Module com.google.android.gms.nearby_en has empty metadata display_name_string_id
11-16 08:57:14.566: W/ChimeraUtils(11001): Module com.google.android.gms.nearby_en has empty metadata display_name_string_id
11-16 08:57:14.567: I/Finsky(18581): [209] ovx.run(16): Wrote row to frosting DB: 216
11-16 08:57:14.580: I/Icing(13219): Indexing com.google.android.gms-apps from com.google.android.gms
11-16 08:57:14.582: I/Icing(13219): Indexing done com.google.android.gms-apps
11-16 08:57:14.592: W/ComponentDiscovery(18733): Application info not found.
11-16 08:57:14.593: W/ComponentDiscovery(18733): Could not retrieve metadata, returning empty list of registrars.
11-16 08:57:14.608: W/System(18581): A resource failed to call end. 
11-16 08:57:14.619: I/ActivityManager(1166): Start proc 18884:com.google.android.apps.maps/u0a102 for broadcast com.google.android.apps.maps/com.google.android.apps.gmm.notification.channels.NotificationChannelBroadcastReceiver
11-16 08:57:14.621: E/droid.apps.map(18884): Not starting debugger since process cannot load the jdwp agent.
11-16 08:57:14.630: D/BoundBrokerSvc(13219): onBind: Intent { act=com.google.android.gms.checkin.START pkg=com.google.android.gms }
11-16 08:57:14.630: D/BoundBrokerSvc(13219): Loading bound service for intent: Intent { act=com.google.android.gms.checkin.START pkg=com.google.android.gms }
11-16 08:57:14.634: I/droid.apps.map(18884): The ClassLoaderContext is a special shared library.
11-16 08:57:14.697: E/akgg(11001): Phenotype API error. Event # btlq@134061a8, EventCode: 32 [CONTEXT service_id=51 ]
11-16 08:57:14.697: E/akgg(11001): akfs: 29503
11-16 08:57:14.697: E/akgg(11001): 	at akhi.e(:com.google.android.gms@213614028@21.36.14 (100400-395708125):19)
11-16 08:57:14.697: E/akgg(11001): 	at akgg.d(:com.google.android.gms@213614028@21.36.14 (100400-395708125):4)
11-16 08:57:14.697: E/akgg(11001): 	at akgg.f(:com.google.android.gms@213614028@21.36.14 (100400-395708125):2)
11-16 08:57:14.697: E/akgg(11001): 	at xna.run(:com.google.android.gms@213614028@21.36.14 (100400-395708125):17)
11-16 08:57:14.697: E/akgg(11001): 	at bfyg.run(:com.google.android.gms@213614028@21.36.14 (100400-395708125):2)
11-16 08:57:14.697: E/akgg(11001): 	at rgh.c(:com.google.android.gms@213614028@21.36.14 (100400-395708125):6)
11-16 08:57:14.697: E/akgg(11001): 	at rgh.run(:com.google.android.gms@213614028@21.36.14 (100400-395708125):7)
11-16 08:57:14.697: E/akgg(11001): 	at java.util.concurrent.ThreadPoolExecutor.runWorker(ThreadPoolExecutor.java:1167)
11-16 08:57:14.697: E/akgg(11001): 	at java.util.concurrent.ThreadPoolExecutor$Worker.run(ThreadPoolExecutor.java:641)
11-16 08:57:14.697: E/akgg(11001): 	at rkn.run(:com.google.android.gms@213614028@21.36.14 (100400-395708125):0)
11-16 08:57:14.697: E/akgg(11001): 	at java.lang.Thread.run(Thread.java:764)
11-16 08:57:14.698: E/AsyncOperation(11001): operation=SetAppSpecificPropertiesOperationCall, opStatusCode=29503 [CONTEXT service_id=51 ]
11-16 08:57:14.698: E/AsyncOperation(11001): OperationException[Status{statusCode=unknown status code: 29503, resolution=null}]
11-16 08:57:14.698: E/AsyncOperation(11001): 	at akgg.d(:com.google.android.gms@213614028@21.36.14 (100400-395708125):6)
11-16 08:57:14.698: E/AsyncOperation(11001): 	at akgg.f(:com.google.android.gms@213614028@21.36.14 (100400-395708125):2)
11-16 08:57:14.698: E/AsyncOperation(11001): 	at xna.run(:com.google.android.gms@213614028@21.36.14 (100400-395708125):17)
11-16 08:57:14.698: E/AsyncOperation(11001): 	at bfyg.run(:com.google.android.gms@213614028@21.36.14 (100400-395708125):2)
11-16 08:57:14.698: E/AsyncOperation(11001): 	at rgh.c(:com.google.android.gms@213614028@21.36.14 (100400-395708125):6)
11-16 08:57:14.698: E/AsyncOperation(11001): 	at rgh.run(:com.google.android.gms@213614028@21.36.14 (100400-395708125):7)
11-16 08:57:14.698: E/AsyncOperation(11001): 	at java.util.concurrent.ThreadPoolExecutor.runWorker(ThreadPoolExecutor.java:1167)
11-16 08:57:14.698: E/AsyncOperation(11001): 	at java.util.concurrent.ThreadPoolExecutor$Worker.run(ThreadPoolExecutor.java:641)
11-16 08:57:14.698: E/AsyncOperation(11001): 	at rkn.run(:com.google.android.gms@213614028@21.36.14 (100400-395708125):0)
11-16 08:57:14.698: E/AsyncOperation(11001): 	at java.lang.Thread.run(Thread.java:764)
11-16 08:57:14.759: D/QSEECOMAPI(18793): QSEECom_get_handle sb_length = 0x400
11-16 08:57:14.759: D/QSEECOMAPI(18793): App is already loaded QSEE and app id = 1
11-16 08:57:14.761: E/fpc_tac(18793): qsee_km_get_encapsulated_key KEYMASTER_GET_AUTH_TOKEN_KEY returned status=-24
11-16 08:57:14.761: D/QSEECOMAPI(18793): QSEECom_dealloc_memory 
11-16 08:57:14.761: D/QSEECOMAPI(18793): QSEECom_shutdown_app, app_id = 1
11-16 08:57:14.761: E/fpc_fingerprint_hal(18793): fpc_hal_open failed
11-16 08:57:14.763: I/EventHub(1166): Removing device '/dev/input/event3' due to inotify event
11-16 08:57:14.763: I/EventHub(1166): Removed device: path=/dev/input/event3 name=uinput-fpc id=276 fd=168 classes=0x101
11-16 08:57:14.763: W/EventHub(1166): built-in keyboard device /dev/input/event3 (id=276) is closing! the apps will not like this
11-16 08:57:14.763: W/InputReader(1166): Ignoring spurious device removed event for deviceId 276.
11-16 08:57:14.780: D/QSEECOMAPI(18793): QSEECom_dealloc_memory 
11-16 08:57:14.780: D/QSEECOMAPI(18793): QSEECom_shutdown_app, app_id = 276
11-16 08:57:14.811: D/AndroidRuntime(18908): >>>>>> START com.android.internal.os.RuntimeInit uid 2000 <<<<<<
11-16 08:57:14.863: I/app_process(18908): The ClassLoaderContext is a special shared library.
11-16 08:57:14.887: D/AndroidRuntime(18908): Calling main entry com.android.commands.am.Am
11-16 08:57:14.892: I/ActivityManager(1166): Force stopping com.google.android.apps.mtaas.tools appid=10156 user=0: start instr
11-16 08:57:14.905: I/ActivityManager(1166): Start proc 18919:com.google.android.apps.mtaas.tools/u0a156 for added application com.google.android.apps.mtaas.tools
11-16 08:57:14.907: E/pps.mtaas.tool(18919): Not starting debugger since process cannot load the jdwp agent.
11-16 08:57:14.923: I/pps.mtaas.tool(18919): The ClassLoaderContext is a special shared library.
11-16 08:57:14.937: D/DumpStaticPerfEnv(18919): Instrumentation completed successfully
11-16 08:57:14.938: I/ActivityManager(1166): Force stopping com.google.android.apps.mtaas.tools appid=10156 user=0: finished inst
11-16 08:57:14.938: I/ActivityManager(1166): Killing 18919:com.google.android.apps.mtaas.tools/u0a156 (adj 0): stop com.google.android.apps.mtaas.tools
11-16 08:57:14.938: W/libprocessgroup(1166): kill(-18919, 9) failed: No such process
11-16 08:57:14.939: W/Binder(1166): Outgoing transactions from this process must be FLAG_ONEWAY
11-16 08:57:14.939: W/Binder(1166): java.lang.Throwable
11-16 08:57:14.939: W/Binder(1166): 	at android.os.BinderProxy.transact(Binder.java:1116)
11-16 08:57:14.939: W/Binder(1166): 	at android.app.IInstrumentationWatcher$Stub$Proxy.instrumentationFinished(IInstrumentationWatcher.java:164)
11-16 08:57:14.939: W/Binder(1166): 	at com.android.server.am.InstrumentationReporter$MyThread.run(InstrumentationReporter.java:86)
11-16 08:57:14.941: D/AndroidRuntime(18908): Shutting down VM
11-16 08:57:14.946: I/Zygote(736): Process 18919 exited due to signal (9)
11-16 08:57:14.949: W/libprocessgroup(1166): kill(-18919, 9) failed: No such process
11-16 08:57:14.949: I/libprocessgroup(1166): Successfully killed process cgroup uid 10156 pid 18919 in 11ms
11-16 08:57:15.201: W/ComponentDiscovery(18594): Application info not found.
11-16 08:57:15.201: W/ComponentDiscovery(18594): Could not retrieve metadata, returning empty list of registrars.
11-16 08:57:15.208: I/PeopleGalProvider(13219): Gal directories started.
11-16 08:57:15.217: I/PeopleGalProvider(13219): Method 1 completed.
11-16 08:57:15.217: I/PeopleGalProvider(13219): Method 1 finished successfully.
11-16 08:57:15.232: I/ContactDirectoryManager(18535): deleted 0 stale rows which don't have any relevant directory
11-16 08:57:15.233: I/ContactDirectoryManager(18535): Discovered 0 contact directories in 2401ms
11-16 08:57:15.235: I/ContactsProvider(18535): Locale has changed from [en_US] to [en]
11-16 08:57:15.237: I/ContactsDatabaseHelper(18535): Switching to locale [en] (ICU v60.2)
11-16 08:57:15.247: E/ExecutionCriteria(11001): Package unavailable for task: com.google.android.apps.gcs/com.google.android.flib.phenotype.services.PhenotypeExperimentCommitService{u=0 tag="PhenotypeExpCommitSvc" trigger=window{start=0s,end=30s,earliest=-1267s,latest=-1237s} requirements=[NET_ANY] attributes=[PERSISTED] scheduled=-1267s last_run=N/A exec_window_multiplier=1.0000 jid=N/A status=PENDING retries=0 client_lib=MANCHEGO_GCM-11732000} [CONTEXT service_id=218 ]
11-16 08:57:15.286: I/NetworkScheduler.Stats(11001): Task com.google.android.gms/com.google.android.gms.icing.proxy.IcingInternalCorporaUpdateService started execution. cause:9 exec_start_elapsed_seconds: 1370 [CONTEXT service_id=218 ]
11-16 08:57:15.297: W/System(18284): A resource failed to call close. 
11-16 08:57:15.303: I/NetworkScheduler.Stats(11001): Task com.google.android.gms/com.google.android.gms.phenotype.service.sync.PhenotypeConfigurator started execution. cause:9 exec_start_elapsed_seconds: 1370 [CONTEXT service_id=218 ]
11-16 08:57:15.317: I/ContactsDatabaseHelper(18535): Locale change completed in 80ms
11-16 08:57:15.327: I/ContactsDatabaseHelper(18535): Switching to locale [en] (ICU v60.2)
11-16 08:57:15.351: W/PrimesInit(18594): Primes instant initialization
11-16 08:57:15.363: W/Primes(18594): background initialization
11-16 08:57:15.365: W/GmsTaskScheduler(13219): com.google.android.gms.icing.service.IcingGcmTaskChimeraService is not available. This may cause the task to be lost.
11-16 08:57:15.369: I/ContactsDatabaseHelper(18535): Locale change completed in 42ms
11-16 08:57:15.374: I/NetworkScheduler.Stats(11001): Task com.google.android.gms/com.google.android.gms.icing.proxy.IcingInternalCorporaUpdateService finished executing. cause:9 result: 1 elapsed_millis: 109 uptime_millis: 109 exec_start_elapsed_seconds: 1370 [CONTEXT service_id=218 ]
11-16 08:57:15.390: E/ExecutionCriteria(11001): Package unavailable for task: com.google.android.apps.gcs/com.google.android.flib.phenotype.services.PhenotypeExperimentCommitService{u=0 tag="PhenotypeExpCommitSvc" trigger=window{start=0s,end=30s,earliest=-1268s,latest=-1238s} requirements=[NET_ANY] attributes=[PERSISTED] scheduled=-1268s last_run=N/A exec_window_multiplier=1.0000 jid=N/A status=PENDING retries=0 client_lib=MANCHEGO_GCM-11732000} [CONTEXT service_id=218 ]
11-16 08:57:15.390: I/ContactsFTS(18535): Rebuild contact search index in 17ms, 0 contacts
11-16 08:57:15.413: W/GAV2(18594): Thread[main,5,main]: Need to call initialize() and be in fallback mode to start dispatch.
11-16 08:57:15.422: I/PrimesTesting(18594): GserviceFlagsSupplier.get()
11-16 08:57:15.425: I/NetworkScheduler.Stats(11001): Task com.google.android.gms/com.google.android.gms.checkin.EventLogService started execution. cause:5 exec_start_elapsed_seconds: 1370 [CONTEXT service_id=218 ]
11-16 08:57:15.425: I/Checkin(13219): [EventLogChimeraService] Opted in for usage reporting: false
11-16 08:57:15.434: I/Checkin(13219): [EventLogChimeraService] Aggregate from 1637080641626 (log), 1637080566273 (data)
11-16 08:57:15.466: E/Gmail(18594): Gmail:TotalBandwidthLoggerRunner: Bandwidth Value was not valid: BandwidthValue{txBytes=-1, rxBytes=-1, txPackets=-1, rxPackets=-1, startTimeMs=0, endTimeMs=1370864, connectivityType=TYPE_COMBINED, tag=TOTAL_APP_UID}
11-16 08:57:15.551: I/Checkin(13219): [ServiceDumpSys] dumping service [account]
11-16 08:57:15.568: I/NetworkScheduler.Stats(11001): Task com.google.android.gms/com.google.android.gms.checkin.EventLogService finished executing. cause:5 result: 1 elapsed_millis: 161 uptime_millis: 161 exec_start_elapsed_seconds: 1370 [CONTEXT service_id=218 ]
11-16 08:57:15.581: E/ExecutionCriteria(11001): Package unavailable for task: com.google.android.apps.gcs/com.google.android.flib.phenotype.services.PhenotypeExperimentCommitService{u=0 tag="PhenotypeExpCommitSvc" trigger=window{start=0s,end=30s,earliest=-1268s,latest=-1238s} requirements=[NET_ANY] attributes=[PERSISTED] scheduled=-1268s last_run=N/A exec_window_multiplier=1.0000 jid=N/A status=PENDING retries=0 client_lib=MANCHEGO_GCM-11732000} [CONTEXT service_id=218 ]
11-16 08:57:15.660: D/AndroidRuntime(18961): >>>>>> START com.android.internal.os.RuntimeInit uid 2000 <<<<<<
11-16 08:57:15.713: I/app_process(18961): The ClassLoaderContext is a special shared library.
11-16 08:57:15.735: D/AndroidRuntime(18961): Calling main entry com.android.commands.am.Am
11-16 08:57:15.739: I/ActivityManager(1166): Force stopping com.google.android.apps.mtaas.tools appid=10156 user=0: start instr
11-16 08:57:15.750: I/ActivityManager(1166): Start proc 18982:com.google.android.apps.mtaas.tools/u0a156 for added application com.google.android.apps.mtaas.tools
11-16 08:57:15.761: E/pps.mtaas.tool(18982): Not starting debugger since process cannot load the jdwp agent.
11-16 08:57:15.783: I/pps.mtaas.tool(18982): The ClassLoaderContext is a special shared library.
11-16 08:57:15.791: D/GetPackageUid(18982): Instrumentation completed successfully
11-16 08:57:15.791: I/ActivityManager(1166): Force stopping com.google.android.apps.mtaas.tools appid=10156 user=0: finished inst
11-16 08:57:15.792: W/Binder(1166): Outgoing transactions from this process must be FLAG_ONEWAY
11-16 08:57:15.792: W/Binder(1166): java.lang.Throwable
11-16 08:57:15.792: W/Binder(1166): 	at android.os.BinderProxy.transact(Binder.java:1116)
11-16 08:57:15.792: W/Binder(1166): 	at android.app.IInstrumentationWatcher$Stub$Proxy.instrumentationFinished(IInstrumentationWatcher.java:164)
11-16 08:57:15.792: W/Binder(1166): 	at com.android.server.am.InstrumentationReporter$MyThread.run(InstrumentationReporter.java:86)
11-16 08:57:15.792: I/ActivityManager(1166): Killing 18982:com.google.android.apps.mtaas.tools/u0a156 (adj 0): stop com.google.android.apps.mtaas.tools
11-16 08:57:15.792: W/libprocessgroup(1166): kill(-18982, 9) failed: No such process
11-16 08:57:15.795: D/AndroidRuntime(18961): Shutting down VM
11-16 08:57:15.800: I/Zygote(736): Process 18982 exited due to signal (9)
11-16 08:57:15.802: W/libprocessgroup(1166): kill(-18982, 9) failed: No such process
11-16 08:57:15.803: I/libprocessgroup(1166): Successfully killed process cgroup uid 10156 pid 18982 in 10ms
11-16 08:57:15.804: W/Gmail(18594): AccountUtils:For b/73513912, load account content://com.android.gmail.ui/account.-2137146394 from MailAppProvider. Is account valid result: 1.
11-16 08:57:15.814: W/Gmail(18594): AccountUtils:For b/73513912, load account content://com.google.android.gm.email.provider/account.-437561172?suppress_combined%3Dtrue from MailAppProvider. Is account valid result: 1.
11-16 08:57:15.832: E/ExecutionCriteria(11001): Package unavailable for task: com.google.android.apps.gcs/com.google.android.flib.phenotype.services.PhenotypeExperimentCommitService{u=0 tag="PhenotypeExpCommitSvc" trigger=window{start=0s,end=30s,earliest=-1268s,latest=-1238s} requirements=[NET_ANY] attributes=[PERSISTED] scheduled=-1268s last_run=N/A exec_window_multiplier=1.0000 jid=N/A status=PENDING retries=0 client_lib=MANCHEGO_GCM-11732000} [CONTEXT service_id=218 ]
11-16 08:57:15.839: W/BroadcastQueue(1166): Background execution not allowed: receiving Intent { act=android.intent.action.DROPBOX_ENTRY_ADDED flg=0x10 (has extras) } to com.google.android.gms/.stats.service.DropBoxEntryAddedReceiver
11-16 08:57:15.840: W/BroadcastQueue(1166): Background execution not allowed: receiving Intent { act=android.intent.action.DROPBOX_ENTRY_ADDED flg=0x10 (has extras) } to com.google.android.gms/.chimera.GmsIntentOperationService$PersistentTrustedReceiver
11-16 08:57:15.840: W/BroadcastQueue(1166): Background execution not allowed: receiving Intent { act=android.intent.action.DROPBOX_ENTRY_ADDED flg=0x10 (has extras) } to com.google.android.gms/.stats.service.DropBoxEntryAddedReceiver
11-16 08:57:15.840: W/BroadcastQueue(1166): Background execution not allowed: receiving Intent { act=android.intent.action.DROPBOX_ENTRY_ADDED flg=0x10 (has extras) } to com.google.android.gms/.chimera.GmsIntentOperationService$PersistentTrustedReceiver
11-16 08:57:15.848: W/droid.apps.map(18884): JIT profile information will not be recorded: profile file does not exits.
11-16 08:57:15.894: I/akia(11001): Removed 0 invalid users [CONTEXT service_id=51 ]
11-16 08:57:16.046: W/ActivityManager(1166): Unable to start service Intent { cmp=com.google.android.gm/com.android.email.service.AttachmentService } U=0: not found
11-16 08:57:16.058: I/MultiDex(18821): VM with version 2.1.0 has multidex support
11-16 08:57:16.058: I/MultiDex(18821): install
11-16 08:57:16.058: I/MultiDex(18821): VM has multidex support, MultiDex support library is disabled.
11-16 08:57:16.058: I/MultiDex(18821): install
11-16 08:57:16.058: I/MultiDex(18821): VM has multidex support, MultiDex support library is disabled.
11-16 08:57:16.123: W/DefaultPool4(18884): type=1400 audit(0.0:338): avc: denied { read } for name="u:object_r:vendor_default_prop:s0" dev="tmpfs" ino=20008 scontext=u:r:untrusted_app:s0:c102,c256,c512,c768 tcontext=u:object_r:vendor_default_prop:s0 tclass=file permissive=0
11-16 08:57:16.125: E/libc(18884): Access denied finding property "vendor.debug.egl.profiler"
11-16 08:57:16.125: I/Adreno(18884): QUALCOMM build                   : 3f88ca2, I42f6fe38fb
11-16 08:57:16.125: I/Adreno(18884): Build Date                       : 07/13/18
11-16 08:57:16.125: I/Adreno(18884): OpenGL ES Shader Compiler Version: EV031.24.00.00
11-16 08:57:16.125: I/Adreno(18884): Local Branch                     : 50.04
11-16 08:57:16.125: I/Adreno(18884): Remote Branch                    : 
11-16 08:57:16.125: I/Adreno(18884): Remote Branch                    : 
11-16 08:57:16.125: I/Adreno(18884): Reconstruct Branch               : 
11-16 08:57:16.125: I/Adreno(18884): Build Config                     : S P 4.0.10 AArch64
11-16 08:57:16.130: E/libc(18884): Access denied finding property "ro.vendor.graphics.memory"
11-16 08:57:16.126: W/DefaultPool4(18884): type=1400 audit(0.0:339): avc: denied { read } for name="u:object_r:vendor_default_prop:s0" dev="tmpfs" ino=20008 scontext=u:r:untrusted_app:s0:c102,c256,c512,c768 tcontext=u:object_r:vendor_default_prop:s0 tclass=file permissive=0
11-16 08:57:16.131: I/Adreno(18884): PFP: 0x016ee170, ME: 0x00000000
11-16 08:57:16.134: I/ConfigStore(18884): android::hardware::configstore::V1_0::ISurfaceFlingerConfigs::hasWideColorDisplay retrieved: 1
11-16 08:57:16.135: I/ConfigStore(18884): android::hardware::configstore::V1_0::ISurfaceFlingerConfigs::hasHDRDisplay retrieved: 1
11-16 08:57:16.164: D/BoundBrokerSvc(11001): onBind: Intent { act=com.google.android.gms.clearcut.bootcount.service.START pkg=com.google.android.gms }
11-16 08:57:16.164: D/BoundBrokerSvc(11001): Loading bound service for intent: Intent { act=com.google.android.gms.clearcut.bootcount.service.START pkg=com.google.android.gms }
11-16 08:57:16.208: D/FirebaseApp(18821): com.google.firebase.auth.FirebaseAuth is not linked. Skipping initialization.
11-16 08:57:16.208: D/FirebaseApp(18821): com.google.firebase.crash.FirebaseCrash is not linked. Skipping initialization.
11-16 08:57:16.208: I/FirebaseInitProvider(18821): FirebaseApp initialization successful
11-16 08:57:16.322: I/FA(18821): App measurement is starting up, version: 16250
11-16 08:57:16.322: I/FA(18821): To enable debug logging run: adb shell setprop log.tag.FA VERBOSE
11-16 08:57:16.322: I/FA(18821): To enable faster debug mode event logging run:
11-16 08:57:16.322: I/FA(18821):   adb shell setprop debug.firebase.analytics.app com.google.android.apps.messaging
11-16 08:57:16.322: I/Bugle(18821): GServicesValues:
11-16 08:57:16.322: I/Bugle(18821): bugle_enable_primes_crash_metrics: true
11-16 08:57:16.322: I/Bugle(18821): bugle_max_telemetry_upload_retries: 10
11-16 08:57:16.322: I/Bugle(18821): bugle_sticker_set_list_version: 3
11-16 08:57:16.369: D/BoundBrokerSvc(13219): onBind: Intent { act=com.google.android.gms.measurement.START pkg=com.google.android.gms }
11-16 08:57:16.369: D/BoundBrokerSvc(13219): Loading bound service for intent: Intent { act=com.google.android.gms.measurement.START pkg=com.google.android.gms }
11-16 08:57:16.373: D/ConnectivityService(1166): Returning BLOCKED NetworkInfo to uid=10102
11-16 08:57:16.377: D/GH.AutoPhenotypeFlags(4375): Refreshing flag-values from Phenotype
11-16 08:57:16.383: I/PackageUpdateTaskChimer(11001): Scheduling Phenotype config package catchup updates to be 86400 seconds from now (1637081836383) [CONTEXT service_id=51 ]
11-16 08:57:16.390: I/tmp(18821): SslGuard completed installation.
11-16 08:57:16.398: W/PhenotypeConfigurationU(11001): Update for unknown DeviceConfig package com.google.android.gms.car#car_setup [CONTEXT service_id=204 ]
11-16 08:57:16.398: W/PhenotypeConfigurationU(11001): akjf: No package exists for config package: com.google.android.gms.car#car_setup
11-16 08:57:16.398: W/PhenotypeConfigurationU(11001): 	at com.google.android.gms.platformconfigurator.PhenotypeConfigurationUpdateListener.a(:com.google.android.gms@213614028@21.36.14 (100400-395708125):7)
11-16 08:57:16.398: W/PhenotypeConfigurationU(11001): 	at com.google.android.gms.platformconfigurator.PhenotypeConfigurationUpdateListener.onHandleIntent(:com.google.android.gms@213614028@21.36.14 (100400-395708125):5)
11-16 08:57:16.398: W/PhenotypeConfigurationU(11001): 	at com.google.android.chimera.IntentOperation.onHandleIntent(:com.google.android.gms@213614028@21.36.14 (100400-395708125):2)
11-16 08:57:16.398: W/PhenotypeConfigurationU(11001): 	at pld.onHandleIntent(:com.google.android.gms@213614028@21.36.14 (100400-395708125):4)
11-16 08:57:16.398: W/PhenotypeConfigurationU(11001): 	at dpb.run(:com.google.android.gms@213614028@21.36.14 (100400-395708125):5)
11-16 08:57:16.398: W/PhenotypeConfigurationU(11001): 	at dpa.run(:com.google.android.gms@213614028@21.36.14 (100400-395708125):11)
11-16 08:57:16.398: W/PhenotypeConfigurationU(11001): 	at bfyg.run(:com.google.android.gms@213614028@21.36.14 (100400-395708125):2)
11-16 08:57:16.398: W/PhenotypeConfigurationU(11001): 	at java.util.concurrent.ThreadPoolExecutor.runWorker(ThreadPoolExecutor.java:1167)
11-16 08:57:16.398: W/PhenotypeConfigurationU(11001): 	at java.util.concurrent.ThreadPoolExecutor$Worker.run(ThreadPoolExecutor.java:641)
11-16 08:57:16.398: W/PhenotypeConfigurationU(11001): 	at java.lang.Thread.run(Thread.java:764)
11-16 08:57:16.402: I/akhr(11001): Scheduling adaptive one off task with window [14400, 604800] in seconds [CONTEXT service_id=51 ]
11-16 08:57:16.406: W/PhenotypeConfigurationU(11001): Update for unknown DeviceConfig package com.google.android.gms.car#car [CONTEXT service_id=204 ]
11-16 08:57:16.406: W/PhenotypeConfigurationU(11001): akjf: No package exists for config package: com.google.android.gms.car#car
11-16 08:57:16.406: W/PhenotypeConfigurationU(11001): 	at com.google.android.gms.platformconfigurator.PhenotypeConfigurationUpdateListener.a(:com.google.android.gms@213614028@21.36.14 (100400-395708125):7)
11-16 08:57:16.406: W/PhenotypeConfigurationU(11001): 	at com.google.android.gms.platformconfigurator.PhenotypeConfigurationUpdateListener.onHandleIntent(:com.google.android.gms@213614028@21.36.14 (100400-395708125):5)
11-16 08:57:16.406: W/PhenotypeConfigurationU(11001): 	at com.google.android.chimera.IntentOperation.onHandleIntent(:com.google.android.gms@213614028@21.36.14 (100400-395708125):2)
11-16 08:57:16.406: W/PhenotypeConfigurationU(11001): 	at pld.onHandleIntent(:com.google.android.gms@213614028@21.36.14 (100400-395708125):4)
11-16 08:57:16.406: W/PhenotypeConfigurationU(11001): 	at dpb.run(:com.google.android.gms@213614028@21.36.14 (100400-395708125):5)
11-16 08:57:16.406: W/PhenotypeConfigurationU(11001): 	at dpa.run(:com.google.android.gms@213614028@21.36.14 (100400-395708125):11)
11-16 08:57:16.406: W/PhenotypeConfigurationU(11001): 	at bfyg.run(:com.google.android.gms@213614028@21.36.14 (100400-395708125):2)
11-16 08:57:16.406: W/PhenotypeConfigurationU(11001): 	at java.util.concurrent.ThreadPoolExecutor.runWorker(ThreadPoolExecutor.java:1167)
11-16 08:57:16.406: W/PhenotypeConfigurationU(11001): 	at java.util.concurrent.ThreadPoolExecutor$Worker.run(ThreadPoolExecutor.java:641)
11-16 08:57:16.406: W/PhenotypeConfigurationU(11001): 	at java.lang.Thread.run(Thread.java:764)
11-16 08:57:16.428: W/PhenotypeConfigurationU(11001): Update for unknown DeviceConfig package com.google.android.gms.icing.mdd#com.google.android.gms [CONTEXT service_id=204 ]
11-16 08:57:16.428: W/PhenotypeConfigurationU(11001): akjf: No package exists for config package: com.google.android.gms.icing.mdd#com.google.android.gms
11-16 08:57:16.428: W/PhenotypeConfigurationU(11001): 	at com.google.android.gms.platformconfigurator.PhenotypeConfigurationUpdateListener.a(:com.google.android.gms@213614028@21.36.14 (100400-395708125):7)
11-16 08:57:16.428: W/PhenotypeConfigurationU(11001): 	at com.google.android.gms.platformconfigurator.PhenotypeConfigurationUpdateListener.onHandleIntent(:com.google.android.gms@213614028@21.36.14 (100400-395708125):5)
11-16 08:57:16.428: W/PhenotypeConfigurationU(11001): 	at com.google.android.chimera.IntentOperation.onHandleIntent(:com.google.android.gms@213614028@21.36.14 (100400-395708125):2)
11-16 08:57:16.428: W/PhenotypeConfigurationU(11001): 	at pld.onHandleIntent(:com.google.android.gms@213614028@21.36.14 (100400-395708125):4)
11-16 08:57:16.428: W/PhenotypeConfigurationU(11001): 	at dpb.run(:com.google.android.gms@213614028@21.36.14 (100400-395708125):5)
11-16 08:57:16.428: W/PhenotypeConfigurationU(11001): 	at dpa.run(:com.google.android.gms@213614028@21.36.14 (100400-395708125):11)
11-16 08:57:16.428: W/PhenotypeConfigurationU(11001): 	at bfyg.run(:com.google.android.gms@213614028@21.36.14 (100400-395708125):2)
11-16 08:57:16.428: W/PhenotypeConfigurationU(11001): 	at java.util.concurrent.ThreadPoolExecutor.runWorker(ThreadPoolExecutor.java:1167)
11-16 08:57:16.428: W/PhenotypeConfigurationU(11001): 	at java.util.concurrent.ThreadPoolExecutor$Worker.run(ThreadPoolExecutor.java:641)
11-16 08:57:16.428: W/PhenotypeConfigurationU(11001): 	at java.lang.Thread.run(Thread.java:764)
11-16 08:57:16.442: D/GH.PhenotypeCommitter(4375): Committed Phenotype flags successfully!
11-16 08:57:16.443: W/BugleStartup(18821): StartupHandler: ContentProvider startup tasks did not execute before Application onCreate(), executed in onApplicationCreated().
11-16 08:57:16.450: I/Bugle(18821): Initializing EmojiCompat
11-16 08:57:16.452: D/CAR.CLIENT(4375): connect
11-16 08:57:16.466: I/ActivityManager(1166): Start proc 19089:com.google.android.gms:car/u0a7 for service com.google.android.gms/.car.CarService
11-16 08:57:16.468: D/GH.CarApiClientManager(4375): registered listener cqq@723574c
11-16 08:57:16.468: D/GH.CarApiClientManager(4375): start
11-16 08:57:16.469: I/GH.SharedService(4375): Shared Service created
11-16 08:57:16.470: D/CAR.CLIENT(4375): connect
11-16 08:57:16.471: D/GH.NotifListenCNameMgr(4375): No set listener, returning default: com.google.android.gearhead.notifications.SharedNotificationListenerManager$ListenerService
11-16 08:57:16.471: D/GH.SharedNotifications(4375): Current notification listener: com.google.android.gearhead.notifications.SharedNotificationListenerManager$ListenerService
11-16 08:57:16.471: D/GH.NotifListenCNameMgr(4375): No set listener, returning default: com.google.android.gearhead.notifications.SharedNotificationListenerManager$ListenerService
11-16 08:57:16.473: E/android.gms:ca(19089): Not starting debugger since process cannot load the jdwp agent.
11-16 08:57:16.478: W/PhenotypeConfigurationU(11001): Update for unknown DeviceConfig package com.google.android.gms.icing.mdd [CONTEXT service_id=204 ]
11-16 08:57:16.478: W/PhenotypeConfigurationU(11001): akjf: No package exists for config package: com.google.android.gms.icing.mdd
11-16 08:57:16.478: W/PhenotypeConfigurationU(11001): 	at com.google.android.gms.platformconfigurator.PhenotypeConfigurationUpdateListener.a(:com.google.android.gms@213614028@21.36.14 (100400-395708125):7)
11-16 08:57:16.478: W/PhenotypeConfigurationU(11001): 	at com.google.android.gms.platformconfigurator.PhenotypeConfigurationUpdateListener.onHandleIntent(:com.google.android.gms@213614028@21.36.14 (100400-395708125):5)
11-16 08:57:16.478: W/PhenotypeConfigurationU(11001): 	at com.google.android.chimera.IntentOperation.onHandleIntent(:com.google.android.gms@213614028@21.36.14 (100400-395708125):2)
11-16 08:57:16.478: W/PhenotypeConfigurationU(11001): 	at pld.onHandleIntent(:com.google.android.gms@213614028@21.36.14 (100400-395708125):4)
11-16 08:57:16.478: W/PhenotypeConfigurationU(11001): 	at dpb.run(:com.google.android.gms@213614028@21.36.14 (100400-395708125):5)
11-16 08:57:16.478: W/PhenotypeConfigurationU(11001): 	at dpa.run(:com.google.android.gms@213614028@21.36.14 (100400-395708125):11)
11-16 08:57:16.478: W/PhenotypeConfigurationU(11001): 	at bfyg.run(:com.google.android.gms@213614028@21.36.14 (100400-395708125):2)
11-16 08:57:16.478: W/PhenotypeConfigurationU(11001): 	at java.util.concurrent.ThreadPoolExecutor.runWorker(ThreadPoolExecutor.java:1167)
11-16 08:57:16.478: W/PhenotypeConfigurationU(11001): 	at java.util.concurrent.ThreadPoolExecutor$Worker.run(ThreadPoolExecutor.java:641)
11-16 08:57:16.478: W/PhenotypeConfigurationU(11001): 	at java.lang.Thread.run(Thread.java:764)
11-16 08:57:16.486: I/FontLog(11001): Received query Noto Color Emoji Compat, URI content://com.google.android.gms.fonts [CONTEXT service_id=132 ]
11-16 08:57:16.486: I/FontLog(11001): Query [Noto Color Emoji Compat] resolved to {Noto Color Emoji Compat, wdth 100.0, wght 400, ital 0.0, bestEffort false} [CONTEXT service_id=132 ]
11-16 08:57:16.488: I/Bugle(18821): BugleApplicationBase: Bugle version: 4.6.375 (imp_rc21_xxhdpi.arm64-v8a.phone)
11-16 08:57:16.493: I/FontLog(11001): Fetch {Noto Color Emoji Compat, wdth 100.0, wght 400, ital 0.0, bestEffort false} end status Status{statusCode=SUCCESS, resolution=null} [CONTEXT service_id=132 ]
11-16 08:57:16.498: I/android.gms:ca(19089): The ClassLoaderContext is a special shared library.
11-16 08:57:16.499: I/chatty(19089): uid=10007 com.google.android.gms:car identical 1 line
11-16 08:57:16.501: I/android.gms:ca(19089): The ClassLoaderContext is a special shared library.
11-16 08:57:16.505: I/FontLog(11001): Pulling font file for id = 9, cache size = 6 [CONTEXT service_id=132 ]
11-16 08:57:16.511: I/Bugle(18821): DarkModeUtilImpl: Setting system dark mode to off
11-16 08:57:16.511: I/NetworkScheduler.Stats(11001): Task com.google.android.gms/com.google.android.gms.phenotype.service.sync.PhenotypeConfigurator finished executing. cause:9 result: 1 elapsed_millis: 1231 uptime_millis: 1231 exec_start_elapsed_seconds: 1370 [CONTEXT service_id=218 ]
11-16 08:57:16.512: W/android.gms:ca(19089): Unknown chunk type '200'.
11-16 08:57:16.526: I/FontLog(11001): Pulling font file for id = 9, cache size = 6 [CONTEXT service_id=132 ]
11-16 08:57:16.540: W/PrimesInit(18821): Primes instant initialization
11-16 08:57:16.544: W/Primes(18821): background initialization
11-16 08:57:16.549: W/PhenotypeConfigurationU(11001): Update for unknown DeviceConfig package com.google.android.gms.car [CONTEXT service_id=204 ]
11-16 08:57:16.549: W/PhenotypeConfigurationU(11001): akjf: No package exists for config package: com.google.android.gms.car
11-16 08:57:16.549: W/PhenotypeConfigurationU(11001): 	at com.google.android.gms.platformconfigurator.PhenotypeConfigurationUpdateListener.a(:com.google.android.gms@213614028@21.36.14 (100400-395708125):7)
11-16 08:57:16.549: W/PhenotypeConfigurationU(11001): 	at com.google.android.gms.platformconfigurator.PhenotypeConfigurationUpdateListener.onHandleIntent(:com.google.android.gms@213614028@21.36.14 (100400-395708125):5)
11-16 08:57:16.549: W/PhenotypeConfigurationU(11001): 	at com.google.android.chimera.IntentOperation.onHandleIntent(:com.google.android.gms@213614028@21.36.14 (100400-395708125):2)
11-16 08:57:16.549: W/PhenotypeConfigurationU(11001): 	at pld.onHandleIntent(:com.google.android.gms@213614028@21.36.14 (100400-395708125):4)
11-16 08:57:16.549: W/PhenotypeConfigurationU(11001): 	at dpb.run(:com.google.android.gms@213614028@21.36.14 (100400-395708125):5)
11-16 08:57:16.549: W/PhenotypeConfigurationU(11001): 	at dpa.run(:com.google.android.gms@213614028@21.36.14 (100400-395708125):11)
11-16 08:57:16.549: W/PhenotypeConfigurationU(11001): 	at bfyg.run(:com.google.android.gms@213614028@21.36.14 (100400-395708125):2)
11-16 08:57:16.549: W/PhenotypeConfigurationU(11001): 	at java.util.concurrent.ThreadPoolExecutor.runWorker(ThreadPoolExecutor.java:1167)
11-16 08:57:16.549: W/PhenotypeConfigurationU(11001): 	at java.util.concurrent.ThreadPoolExecutor$Worker.run(ThreadPoolExecutor.java:641)
11-16 08:57:16.549: W/PhenotypeConfigurationU(11001): 	at java.lang.Thread.run(Thread.java:764)
11-16 08:57:16.558: E/ExecutionCriteria(11001): Package unavailable for task: com.google.android.apps.gcs/com.google.android.flib.phenotype.services.PhenotypeExperimentCommitService{u=0 tag="PhenotypeExpCommitSvc" trigger=window{start=0s,end=30s,earliest=-1269s,latest=-1239s} requirements=[NET_ANY] attributes=[PERSISTED] scheduled=-1269s last_run=N/A exec_window_multiplier=1.0000 jid=N/A status=PENDING retries=0 client_lib=MANCHEGO_GCM-11732000} [CONTEXT service_id=218 ]
11-16 08:57:16.572: I/BugleDataModel(18821): RcsMigrationService: Returning RCS state provider.
11-16 08:57:16.579: I/PrimesTesting(18821): GserviceFlagsSupplier.get()
11-16 08:57:16.581: I/BugleRcsEngine(18821): [876] pot.a: Sim state is not ready. Returning last known operation mode.
11-16 08:57:16.583: W/atrace(19124): type=1400 audit(0.0:340): avc: denied { write } for name="enable" dev="tracefs" ino=11987 scontext=u:r:shell:s0 tcontext=u:object_r:debugfs_tracing_debug:s0 tclass=file permissive=0
11-16 08:57:16.591: I/CarrierServices(10169): [596] awt.doInBackground: Saving RCS State
11-16 08:57:16.591: I/CarrierServices(10169): [596] awt.doInBackground: Old operation mode: 0
11-16 08:57:16.591: I/CarrierServices(10169): [596] awt.doInBackground: New operation mode: 0
11-16 08:57:16.596: I/BugleRcsEngine(18821): [876] pot.a: Sim state is not ready. Returning last known operation mode.
11-16 08:57:16.596: I/CarrierServices(10169): [2] aww.a: Unbinding RcsMigrationService
11-16 08:57:16.596: I/BugleRcsEngine(18821): [891] pot.b: Not using CS JibeService because the CS migration has not completed.
11-16 08:57:16.601: I/CarrierServices(10169): [597] awt.doInBackground: Saving RCS State
11-16 08:57:16.601: I/CarrierServices(10169): [597] awt.doInBackground: Old operation mode: 0
11-16 08:57:16.601: I/CarrierServices(10169): [597] awt.doInBackground: New operation mode: 0
11-16 08:57:16.601: W/Bugle(18821): SubscriptionMetadataUtils get: invalid subId = -1
11-16 08:57:16.602: I/CarrierServices(10169): [2] aww.a: Unbinding RcsMigrationService
11-16 08:57:16.609: W/Bugle(18821): SubscriptionMetadataUtils get: invalid subId = -1
11-16 08:57:16.614: I/chatty(18821): uid=10111(com.google.android.apps.messaging) StartupThread#1 identical 2 lines
11-16 08:57:16.615: W/Bugle(18821): SubscriptionMetadataUtils get: invalid subId = -1
11-16 08:57:16.639: W/ProviderHelper(19089): Unknown dynamite feature providerinstaller.dynamite
11-16 08:57:16.641: I/DynamiteModule(19089): Considering local module com.google.android.gms.providerinstaller.dynamite:1 and remote module com.google.android.gms.providerinstaller.dynamite:0
11-16 08:57:16.641: I/DynamiteModule(19089): Selected local version of com.google.android.gms.providerinstaller.dynamite
11-16 08:57:16.653: V/NativeCrypto(19089): Registering com/google/android/gms/org/conscrypt/NativeCrypto's 294 native methods...
11-16 08:57:16.661: V/BackupManagerConstants(1166): getFullBackupRequiredNetworkType(...) returns 2
11-16 08:57:16.661: V/BackupManagerConstants(1166): getFullBackupRequireCharging(...) returns true
11-16 08:57:16.665: D/NetworkSecurityConfig(19089): Using Network Security Config from resource network_security_config debugBuild: false
11-16 08:57:16.667: I/ProviderInstaller(19089): Installed default security provider GmsCore_OpenSSL
11-16 08:57:16.698: I/axnn(19089): Primes not initialized, returning default (no-op) Primes instance which will ignore all calls. Please call Primes.initialize(...) before using any Primes API.
11-16 08:57:16.715: I/GMS_MM_Logger(19089): Started.
11-16 08:57:16.728: I/Watchcat(19089): Started
11-16 08:57:16.731: D/BoundBrokerSvc(13219): onBind: Intent { act=com.google.android.gms.walletp2p.service.firstparty.BIND pkg=com.google.android.gms }
11-16 08:57:16.731: D/BoundBrokerSvc(13219): Loading bound service for intent: Intent { act=com.google.android.gms.walletp2p.service.firstparty.BIND pkg=com.google.android.gms }
11-16 08:57:16.734: D/BoundBrokerSvc(13219): onBind: Intent { act=com.google.android.mdd.service.START pkg=com.google.android.gms }
11-16 08:57:16.734: D/BoundBrokerSvc(13219): Loading bound service for intent: Intent { act=com.google.android.mdd.service.START pkg=com.google.android.gms }
11-16 08:57:16.772: W/CAR.VALIDATOR.LITE(19089): Invalid version in allow list flag [ALL] [CONTEXT service_id=13 ]
11-16 08:57:16.772: W/CAR.VALIDATOR.LITE(19089): java.lang.NumberFormatException: For input string: "ALL"
11-16 08:57:16.772: W/CAR.VALIDATOR.LITE(19089): 	at java.lang.Integer.parseInt(Integer.java:615)
11-16 08:57:16.772: W/CAR.VALIDATOR.LITE(19089): 	at java.lang.Integer.parseInt(Integer.java:650)
11-16 08:57:16.772: W/CAR.VALIDATOR.LITE(19089): 	at nnu.<init>(:com.google.android.gms@213614028@21.36.14 (100400-395708125):13)
11-16 08:57:16.772: W/CAR.VALIDATOR.LITE(19089): 	at nnu.d(:com.google.android.gms@213614028@21.36.14 (100400-395708125):2)
11-16 08:57:16.772: W/CAR.VALIDATOR.LITE(19089): 	at com.google.android.gms.car.CarChimeraService.onCreate(:com.google.android.gms@213614028@21.36.14 (100400-395708125):17)
11-16 08:57:16.772: W/CAR.VALIDATOR.LITE(19089): 	at dpx.onCreate(:com.google.android.gms@213614028@21.36.14 (100400-395708125):1)
11-16 08:57:16.772: W/CAR.VALIDATOR.LITE(19089): 	at plf.onCreate(:com.google.android.gms@213614028@21.36.14 (100400-395708125):4)
11-16 08:57:16.772: W/CAR.VALIDATOR.LITE(19089): 	at android.app.ActivityThread.handleCreateService(ActivityThread.java:3570)
11-16 08:57:16.772: W/CAR.VALIDATOR.LITE(19089): 	at android.app.ActivityThread.access$1300(ActivityThread.java:200)
11-16 08:57:16.772: W/CAR.VALIDATOR.LITE(19089): 	at android.app.ActivityThread$H.handleMessage(ActivityThread.java:1672)
11-16 08:57:16.772: W/CAR.VALIDATOR.LITE(19089): 	at android.os.Handler.dispatchMessage(Handler.java:106)
11-16 08:57:16.772: W/CAR.VALIDATOR.LITE(19089): 	at android.os.Looper.loop(Looper.java:193)
11-16 08:57:16.772: W/CAR.VALIDATOR.LITE(19089): 	at android.app.ActivityThread.main(ActivityThread.java:6718)
11-16 08:57:16.772: W/CAR.VALIDATOR.LITE(19089): 	at java.lang.reflect.Method.invoke(Native Method)
11-16 08:57:16.772: W/CAR.VALIDATOR.LITE(19089): 	at com.android.internal.os.RuntimeInit$MethodAndArgsCaller.run(RuntimeInit.java:493)
11-16 08:57:16.772: W/CAR.VALIDATOR.LITE(19089): 	at com.android.internal.os.ZygoteInit.main(ZygoteInit.java:858)
11-16 08:57:16.779: D/BoundBrokerSvc(13219): onBind: Intent { act=com.google.android.mobstore.service.START pkg=com.google.android.gms }
11-16 08:57:16.779: D/BoundBrokerSvc(13219): Loading bound service for intent: Intent { act=com.google.android.mobstore.service.START pkg=com.google.android.gms }
