11-16 08:57:08.984: I/CarrierServices(10169):    carrier_services_security_flags_white_listed_signatures: B28C3EDB665DF32686224DF800F603E9959BBE4E,0980A12BE993528C19107BC21AD811478C63CEFC,B38FA7B5ECFAEC44620A020752B07E063B3120A8,203997BC46B8792DC9747ABD230569071F9A0439,EDA6413C3E3A95492114FE07CD953AD897E40D1A,760EBB9F4200B3DFB1B817B40FF0563A3C150D39,5B368CFF2DA2686996BC95EAC190EAA4F5630FE5,01D845B26B688D8EF647205A5944E9407E52E06E,27196E386B875E76ADF700E7EA84E4C6EEE33DFA,1CDD04F1E4A732BB0352FDFAEE26D2315526DF85,025D5212BF3B5F5CDA6117A518721D70A94D84E0
11-16 08:57:08.984: I/CarrierServices(10169):    carrier_services_video_share_disabled_user_agent_substrings: SM-G930,SM-G935,SM-A320
11-16 08:57:08.984: I/CarrierServices(10169): ====================
11-16 08:57:08.998: I/Bugle(7268): ApnsOta: OTA version -1
11-16 08:57:09.026: I/EuiccGoogle(18200): [2] GservicesChangedReceiver.onReceive: Setting EUICC_SUPPORTED_COUNTRIES to de,gb,in,us
11-16 08:57:09.035: I/Backup(13219): [GmsBackupStatusChangeReceiver] Going to enable gms backup transport.
11-16 08:57:09.035: D/CarrierServices(10169): log_saver already enabled
11-16 08:57:09.045: I/NetRec(11001): [983] aiad.a: onConfigChanged()
11-16 08:57:09.051: I/BgTaskExecutorImpl(10225): Starting NONEXCLUSIVE background task UPDATE_GSERVICES_CONFIG.
11-16 08:57:09.054: I/Herrevad(11001): [986] zcq.a: updateListenState
11-16 08:57:09.054: I/GmsModuleFndr(13219): Beginning GMS chimera module scan
11-16 08:57:09.057: I/NetRec(11001): [983] aiad.a: Cancelling all NetRec GCM tasks
11-16 08:57:09.058: I/NetRec(11001): [982] ClearDatabaseService.onHandleIntent: Clearing score cache
11-16 08:57:09.062: W/SearchServiceCore(10225): Abort, client detached.
11-16 08:57:09.064: I/GservicesUpdateTask(10225): Updating Gservices keys
11-16 08:57:09.066: I/Auth(11001): [AuthManaged, PasswordComplexityHelperImpl] Updating password complexity components state.
11-16 08:57:09.067: I/Auth(11001): [AuthManaged, PasswordComplexityHelperImpl] Enabling com.google.android.gms.auth.managed.ui.SetNewPasswordActivity
11-16 08:57:09.071: I/ActivityManager(1166): Start proc 18232:com.google.process.gapps/u0a7 for broadcast com.google.android.gsf/.loginservice.ServicesWatcher
11-16 08:57:09.075: I/ModuleSetMgr(13219): Computing pending module set with APKs: [[AdsFdrDynamite.integ:213806100100000], [Enpromo.integ:214106000100000], [Pay.optional:213614100000], [VisionOcr.optional:213614100400], [AdsFdrDynamite.integ:212104400100000], [Cronetdynamite:213614100400], [Dynamiteloader:213614100000], [Dynamitemodulesa:213614100000], [Dynamitemodulesc:213614100000], [Googlecertificates:213614100000], [Mapsdynamite:213614100000], [Measurementdynamite:213614100000]]
11-16 08:57:09.077: D/BugleRcsEngine(10258): log_saver already enabled
11-16 08:57:09.080: E/e.process.gapp(18232): Not starting debugger since process cannot load the jdwp agent.
11-16 08:57:09.081: I/ModuleSetMgr(13219): Pending container module APKs: [[Pay.optional:213614100000], [VisionOcr.optional:213614100400]]
11-16 08:57:09.081: I/ModuleSetMgr(13219): Pending non-container module APKs: [[Enpromo.integ:214106000100000], [AdsFdrDynamite.integ:213806100100000]]
11-16 08:57:09.090: I/Backup(13219): [BackupTransportMigratorChimeraService] Starting migration...
11-16 08:57:09.097: W/PackageParser(13219): Unknown element under <manifest>: queries at /data/user_de/0/com.google.android.gms/app_chimera/m/00000007/AdsDynamite.apk Binary XML file line #5
11-16 08:57:09.106: I/e.process.gapp(18232): The ClassLoaderContext is a special shared library.
11-16 08:57:09.112: W/PackageParser(13219): Unknown element under <manifest>: queries at /data/user_de/0/com.google.android.gms/app_chimera/m/00000011/dl-AdsFdrDynamite.integ_213806100100000.apk Binary XML file line #11
11-16 08:57:09.123: I/RecoverableKeyStoreGms(13219): [RecoverableKeyStoreGmsInitOperation] Initializing auth_folsom
11-16 08:57:09.129: D/BoundBrokerSvc(11001): onBind: Intent { act=com.google.android.gms.scheduler.ACTION_PROXY_SCHEDULE cmp=com.google.android.gms/.chimera.PersistentInternalBoundBrokerService }
11-16 08:57:09.129: D/BoundBrokerSvc(11001): Loading bound service for intent: Intent { act=com.google.android.gms.scheduler.ACTION_PROXY_SCHEDULE cmp=com.google.android.gms/.chimera.PersistentInternalBoundBrokerService }
11-16 08:57:09.130: I/GCoreUlr(11001): DispatchingService ignoring Intent { act=android.net.wifi.WIFI_STATE_CHANGED flg=0x4000010 (has extras) } because ULR inactive [CONTEXT service_id=22 ]
11-16 08:57:09.137: I/RecoverableKeyStoreGms(13219): [RecoverableKeyStoreGmsInitOperation] com.google.android.gms.auth.folsom.service.FolsomPublicKeyUpdateService is already enabled. Ignore.
11-16 08:57:09.137: I/RecoverableKeyStoreGms(13219): [RecoverableKeyStoreGmsInitOperation] com.google.android.gms.auth.folsom.service.GcmReceiverService is already enabled. Ignore.
11-16 08:57:09.138: I/ChromeSync(13219): [Sync,SyncIntentOperation] Handling the intent: Intent { act=com.google.gservices.intent.action.GSERVICES_CHANGED flg=0x1000010 pkg=com.google.android.gms cmp=com.google.android.gms/.chimera.GmsIntentOperationService$PersistentInternalReceiver }.
11-16 08:57:09.140: V/RecoverableKeyStoreMgr(1166): Not updating secret types - same as old value.
11-16 08:57:09.140: I/RecoverableKeyStoreGms(13219): [RecoverableKeyStoreGmsInitOperation] Setting vault handle
11-16 08:57:09.141: V/RecoverableKeyStoreMgr(1166): Not updating server params - same as old value.
11-16 08:57:09.145: I/RecoverableKeyStoreGms(13219): [EnrollmentManager] Returning certificates list from cache
11-16 08:57:09.146: I/GoogleHttpClient(18232): GMS http client unavailable, use old client
11-16 08:57:09.152: D/BugleRcsEngine(10258): log_saver already enabled
11-16 08:57:09.154: D/BugleRcsEngine(10258): log_saver already enabled
11-16 08:57:09.169: I/MobileDataHub(13219): Scheduling periodic tasks
11-16 08:57:09.173: W/MobileDataHub(13219): [Service] appsupload-periodic periodic task disabled
11-16 08:57:09.175: I/RecoverableKeyStoreMgr(1166): The cert file serial number is the same, so skip updating.
11-16 08:57:09.175: I/RecoverableKeyStoreGms(13219): [EnrollmentManager] Recovery service is initialized.
11-16 08:57:09.177: I/RecoverySnapshotLstnrs(1166): Registered listener for agent with uid 10007
11-16 08:57:09.179: E/RecoverySnapshotStorage(1166): Error reading snapshot for 10007 from disk
11-16 08:57:09.179: E/RecoverySnapshotStorage(1166): java.io.FileNotFoundException: /data/system/recoverablekeystore/snapshots/10007.xml (No such file or directory)
11-16 08:57:09.179: E/RecoverySnapshotStorage(1166): 	at java.io.FileInputStream.open0(Native Method)
11-16 08:57:09.179: E/RecoverySnapshotStorage(1166): 	at java.io.FileInputStream.open(FileInputStream.java:231)
11-16 08:57:09.179: E/RecoverySnapshotStorage(1166): 	at java.io.FileInputStream.<init>(FileInputStream.java:165)
11-16 08:57:09.179: E/RecoverySnapshotStorage(1166): 	at com.android.server.locksettings.recoverablekeystore.storage.RecoverySnapshotStorage.readFromDisk(RecoverySnapshotStorage.java:152)
11-16 08:57:09.179: E/RecoverySnapshotStorage(1166): 	at com.android.server.locksettings.recoverablekeystore.storage.RecoverySnapshotStorage.get(RecoverySnapshotStorage.java:104)
11-16 08:57:09.179: E/RecoverySnapshotStorage(1166): 	at com.android.server.locksettings.recoverablekeystore.RecoverableKeyStoreManager.getKeyChainSnapshot(RecoverableKeyStoreManager.java:331)
11-16 08:57:09.179: E/RecoverySnapshotStorage(1166): 	at com.android.server.locksettings.LockSettingsService.getKeyChainSnapshot(LockSettingsService.java:2032)
11-16 08:57:09.179: E/RecoverySnapshotStorage(1166): 	at com.android.internal.widget.ILockSettings$Stub.onTransact(ILockSettings.java:356)
11-16 08:57:09.179: E/RecoverySnapshotStorage(1166): 	at android.os.Binder.execTransact(Binder.java:731)
11-16 08:57:09.180: I/RecoverableKeyStoreGms(13219): [WrappingKeyManager] Can't generate wrapping key - missing lock screeen
11-16 08:57:09.181: I/GCoreUlr(11001): WorldUpdater received intent Intent { act=com.google.android.location.reporting.ACTION_UPDATE_WORLD cmp=com.google.android.gms/com.google.android.location.reporting.service.DispatchingService (has extras) } with receiverAction com.google.gservices.intent.action.GSERVICES_CHANGED [CONTEXT service_id=22 ]
11-16 08:57:09.182: I/MS_Utils(13219): version of com.google.android.apps.maps = 1022101040
11-16 08:57:09.183: I/ActivityManager(1166): Killing 13751:com.google.android.gms.ui/u0a7 (adj 906): empty #17
11-16 08:57:09.183: I/MdiSyncModule(13219): flag handling is skipping irrelevant intent.
11-16 08:57:09.185: W/libprocessgroup(1166): kill(-13751, 9) failed: No such process
11-16 08:57:09.195: I/ActivityManager(1166): Start proc 18252:com.google.android.partnersetup/u0a49 for broadcast com.google.android.partnersetup/.RlzPingBroadcastReceiver
11-16 08:57:09.196: I/akhr(11001): Scheduling Phenotype for a PhenotypeSyncImmediately(6, com.google.android.gms.testsupport) one off with window [1, 2] in seconds [CONTEXT service_id=51 ]
11-16 08:57:09.199: I/SystemUpdate(13219): [Installation,ReceiverIntentOperation] Received intent: Intent { act=com.google.gservices.intent.action.GSERVICES_CHANGED flg=0x1000010 pkg=com.google.android.gms cmp=com.google.android.gms/.chimera.GmsIntentOperationService$PersistentInternalReceiver }.
11-16 08:57:09.201: E/id.partnersetu(18252): Not starting debugger since process cannot load the jdwp agent.
11-16 08:57:09.205: I/Zygote(736): Process 13751 exited due to signal (9)
11-16 08:57:09.216: I/GmsModuleFndr(13219): Beginning GMS chimera module scan
11-16 08:57:09.221: I/TestSupport(13219): AwaitCommitOperation: SaveStrategy__enableSaving [CONTEXT service_id=133 ]
11-16 08:57:09.225: I/id.partnersetu(18252): The ClassLoaderContext is a special shared library.
11-16 08:57:09.229: I/TestSupport(13219): AwaitCommitOperation: uncommitted: FlagOverride(com.google.android.gms.auth.api.credentials, , Flag(SaveStrategy__enableSaving, false, 2, 0), false) [CONTEXT service_id=133 ]
11-16 08:57:09.229: I/TestSupport(13219): AwaitCommitOperation:  sleeping for 10 msec. [CONTEXT service_id=133 ]
11-16 08:57:09.230: W/libprocessgroup(1166): kill(-13751, 9) failed: No such process
11-16 08:57:09.230: I/libprocessgroup(1166): Successfully killed process cgroup uid 10007 pid 13751 in 45ms
11-16 08:57:09.250: I/GCoreUlr(11001): WorldUpdater:com.google.gservices.intent.action.GSERVICES_CHANGED: Ensuring that reporting is stopped because of reasons: (no Google accounts) [CONTEXT service_id=22 ]
11-16 08:57:09.267: I/GCoreUlr(11001): Unbound from all signal providers. [CONTEXT service_id=22 ]
11-16 08:57:09.267: W/DynamiteModule(13219): Local module descriptor class for com.google.android.gms.vision.dynamite.ocr not found.
11-16 08:57:09.268: W/ProviderHelper(13219): Unknown dynamite feature vision.dynamite.ocr
11-16 08:57:09.269: I/DynamiteModule(13219): Considering local module com.google.android.gms.vision.dynamite.ocr:0 and remote module com.google.android.gms.vision.dynamite.ocr:0
11-16 08:57:09.271: I/DynamiteModule(13219): Considering local module com.google.android.gms.vision.ocr:0 and remote module com.google.android.gms.vision.ocr:1
11-16 08:57:09.271: I/DynamiteModule(13219): Selected remote version of com.google.android.gms.vision.ocr, version >= 1
11-16 08:57:09.274: I/native(13219): I1116 08:57:09.274222   18042 start_ocr_856638336_langid.cc:35] StartOcr with label: latin_script_gmvapi_android
11-16 08:57:09.274: I/native(13219): I1116 08:57:09.274424   18042 start_ocr_856638336_langid.cc:44] StartOcr success
11-16 08:57:09.277: I/OcrModelUpStIntentOp(13219): Downloading text recognizer
11-16 08:57:09.281: I/TestSupport(13219): AwaitCommitOperation: uncommitted: FlagOverride(com.google.android.gms.auth.api.credentials, , Flag(SaveStrategy__enableSaving, false, 2, 0), false) [CONTEXT service_id=133 ]
11-16 08:57:09.286: I/GCoreUlr(11001): Unbound from all signal providers. [CONTEXT service_id=22 ]
11-16 08:57:09.287: I/GCoreUlr(11001): Stopping handler for UlrDispSvcFast [CONTEXT service_id=22 ]
11-16 08:57:09.288: D/BoundBrokerSvc(13219): onBind: Intent { act=com.google.android.gms.ocr.service.internal.START cmp=com.google.android.gms/.chimera.GmsInternalApiService }
11-16 08:57:09.288: D/BoundBrokerSvc(13219): Loading bound service for intent: Intent { act=com.google.android.gms.ocr.service.internal.START cmp=com.google.android.gms/.chimera.GmsInternalApiService }
11-16 08:57:09.293: I/ModuleSetMgr(13219): Computing pending module set with APKs: [[AdsFdrDynamite.integ:213806100100000], [Enpromo.integ:214106000100000], [Pay.optional:213614100000], [VisionOcr.optional:213614100400], [AdsFdrDynamite.integ:212104400100000], [Cronetdynamite:213614100400], [Dynamiteloader:213614100000], [Dynamitemodulesa:213614100000], [Dynamitemodulesc:213614100000], [Googlecertificates:213614100000], [Mapsdynamite:213614100000], [Measurementdynamite:213614100000]]
11-16 08:57:09.296: I/TestSupport(13219): AwaitCommitOperation:  sleeping for 20 msec. [CONTEXT service_id=133 ]
11-16 08:57:09.300: I/ModuleSetMgr(13219): Pending container module APKs: [[Pay.optional:213614100000], [VisionOcr.optional:213614100400]]
11-16 08:57:09.300: I/ModuleSetMgr(13219): Pending non-container module APKs: [[Enpromo.integ:214106000100000], [AdsFdrDynamite.integ:213806100100000]]
11-16 08:57:09.311: W/NetworkScheduler(11001): The extras of the task is not valid to be persisted so that the task is not persisted [CONTEXT service_id=218 ]
11-16 08:57:09.311: W/NetworkScheduler(11001): java.lang.IllegalArgumentException: Only the following extra parameter types are supported: Integer, Long, Double, String, Boolean, and nested Bundles with the same restrictions.
11-16 08:57:09.311: W/NetworkScheduler(11001): 	at abno.f(:com.google.android.gms@213614028@21.36.14 (100400-395708125):6)
11-16 08:57:09.311: W/NetworkScheduler(11001): 	at amdu.g(:com.google.android.gms@213614028@21.36.14 (100400-395708125):37)
11-16 08:57:09.311: W/NetworkScheduler(11001): 	at amdd.n(:com.google.android.gms@213614028@21.36.14 (100400-395708125):3)
11-16 08:57:09.311: W/NetworkScheduler(11001): 	at amdd.u(:com.google.android.gms@213614028@21.36.14 (100400-395708125):20)
11-16 08:57:09.311: W/NetworkScheduler(11001): 	at amdd.g(:com.google.android.gms@213614028@21.36.14 (100400-395708125):3)
11-16 08:57:09.311: W/NetworkScheduler(11001): 	at alzy.run(:com.google.android.gms@213614028@21.36.14 (100400-395708125):9)
11-16 08:57:09.311: W/NetworkScheduler(11001): 	at rgh.c(:com.google.android.gms@213614028@21.36.14 (100400-395708125):6)
11-16 08:57:09.311: W/NetworkScheduler(11001): 	at rgh.run(:com.google.android.gms@213614028@21.36.14 (100400-395708125):8)
11-16 08:57:09.311: W/NetworkScheduler(11001): 	at java.util.concurrent.ThreadPoolExecutor.runWorker(ThreadPoolExecutor.java:1167)
11-16 08:57:09.311: W/NetworkScheduler(11001): 	at java.util.concurrent.ThreadPoolExecutor$Worker.run(ThreadPoolExecutor.java:641)
11-16 08:57:09.311: W/NetworkScheduler(11001): 	at rkn.run(:com.google.android.gms@213614028@21.36.14 (100400-395708125):0)
11-16 08:57:09.311: W/NetworkScheduler(11001): 	at java.lang.Thread.run(Thread.java:764)
11-16 08:57:09.316: I/ActivityManager(1166): Killing 11581:com.google.android.calendar/u0a124 (adj 906): empty #17
11-16 08:57:09.316: W/libprocessgroup(1166): kill(-11581, 9) failed: No such process
11-16 08:57:09.327: I/ActivityManager(1166): Start proc 18271:com.google.intelligence.sense/u0a31 for broadcast com.google.intelligence.sense/.ambientmusic.SystemBroadcastReceiver
11-16 08:57:09.331: E/elligence.sens(18271): Not starting debugger since process cannot load the jdwp agent.
11-16 08:57:09.331: W/PackageParser(13219): Unknown element under <manifest>: queries at /data/user_de/0/com.google.android.gms/app_chimera/m/00000007/AdsDynamite.apk Binary XML file line #5
11-16 08:57:09.338: I/Zygote(736): Process 11581 exited due to signal (9)
11-16 08:57:09.354: I/ActivityManager(1166): Start proc 18284:android.process.media/u0a8 for content provider com.android.providers.downloads/.DownloadProvider
11-16 08:57:09.357: W/PackageParser(13219): Unknown element under <manifest>: queries at /data/user_de/0/com.google.android.gms/app_chimera/m/00000011/dl-AdsFdrDynamite.integ_213806100100000.apk Binary XML file line #11
11-16 08:57:09.360: I/TestSupport(13219): AwaitCommitOperation: uncommitted: FlagOverride(com.google.android.gms.auth.api.credentials, , Flag(SaveStrategy__enableSaving, false, 2, 0), false) [CONTEXT service_id=133 ]
11-16 08:57:09.360: I/TestSupport(13219): AwaitCommitOperation:  sleeping for 40 msec. [CONTEXT service_id=133 ]
11-16 08:57:09.360: E/d.process.medi(18284): Not starting debugger since process cannot load the jdwp agent.
11-16 08:57:09.360: W/libprocessgroup(1166): kill(-11581, 9) failed: No such process
11-16 08:57:09.360: I/libprocessgroup(1166): Successfully killed process cgroup uid 10124 pid 11581 in 44ms
11-16 08:57:09.366: W/native(18271): commandlineflags.cc:1511 Ignoring RegisterValidateFunction() for flag pointer 0x78980d0598: no flag found at that address
11-16 08:57:09.395: E/elligence.sens(18271): The String#value field is not present on Android versions >= 6.0
11-16 08:57:09.411: I/TestSupport(13219): AwaitCommitOperation: uncommitted: FlagOverride(com.google.android.gms.auth.api.credentials, , Flag(SaveStrategy__enableSaving, false, 2, 0), false) [CONTEXT service_id=133 ]
11-16 08:57:09.411: I/TestSupport(13219): AwaitCommitOperation:  sleeping for 80 msec. [CONTEXT service_id=133 ]
11-16 08:57:09.428: I/Superpacks(18271): Releasing all superpacks except ambientmusic-index-17_09_02
11-16 08:57:09.438: I/Superpacks(18271): Starting garbage collection
11-16 08:57:09.439: W/Superpacks(18271): isDirectory returned false while listing files for /data/user/0/com.google.intelligence.sense/files/superpacks
11-16 08:57:09.446: I/SoundTriggerModelLoader(18271): Unloading model 9f6ad62a-1f0b-11e7-87c5-40a8f03d3f15
11-16 08:57:09.446: I/SoundTriggerManagerComp(18271): Unloading model 9f6ad62a-1f0b-11e7-87c5-40a8f03d3f15
11-16 08:57:09.446: I/SoundTriggerService(1166): deleteSoundModel(): id = 9f6ad62a-1f0b-11e7-87c5-40a8f03d3f15
11-16 08:57:09.446: W/SoundTriggerHelper(1166): Unload error: Attempting unload invalid generic model with id:9f6ad62a-1f0b-11e7-87c5-40a8f03d3f15
11-16 08:57:09.456: E/GooglePlayServicesUtil(18160): The Google Play services resources were not found. Check your project configuration to ensure that the resources are included.
11-16 08:57:09.459: I/SettingsActivityAvailab(18180): Disabling com.google.android.apps.multidevice.client.ui.pixel.SettingsActivity.
11-16 08:57:09.460: D/GservicesChangeReceiver(6012): Gservices Changed broadcast Received. context is android.app.ReceiverRestrictedContext@d5d092e
11-16 08:57:09.460: I/ActivityManager(1166): Killing 14463:com.google.android.configupdater/u0a29 (adj 906): empty #17
11-16 08:57:09.461: W/libprocessgroup(1166): kill(-14463, 9) failed: No such process
11-16 08:57:09.466: D/ConnMetrics:App(18160): IsOptedIn = false
11-16 08:57:09.467: D/GservicesChangeReceiver(6012): Gservices allowPowerAnomalyData is False.
11-16 08:57:09.469: D/ConnectivityMonitorManager(6012): Service com.google.android.connectivitymonitor.PowerAnomalyDetectorService is not running...
11-16 08:57:09.470: W/libprocessgroup(1166): kill(-14463, 9) failed: No such process
11-16 08:57:09.475: I/Zygote(736): Process 14463 exited due to signal (9)
11-16 08:57:09.477: D/GservicesChangeReceiver(6012): Gservices allowLowPowerMonitoring is False.
11-16 08:57:09.479: D/ConnectivityMonitorManager(6012): Service com.google.android.connectivitymonitor.LowPowerMonitorService is not running...
11-16 08:57:09.494: D/GservicesChangeReceiver(6012): Gservices isConnectivityMonitorEnabled is True.
11-16 08:57:09.495: D/ConnectivityMonitorManager(6012): Service com.google.android.connectivitymonitor.ConnectivityMonitorService is running...
11-16 08:57:09.499: I/EuiccGoogle(18200): [2] GservicesChangedReceiver.onReceive: Setting EUICC_SUPPORTED_COUNTRIES to de,gb,in,us
11-16 08:57:09.505: I/Backup(13219): [GmsBackupStatusChangeReceiver] Going to enable gms backup transport.
11-16 08:57:09.516: W/libprocessgroup(1166): kill(-14463, 9) failed: No such process
11-16 08:57:09.516: I/libprocessgroup(1166): Successfully killed process cgroup uid 10029 pid 14463 in 55ms
11-16 08:57:09.518: I/GmsModuleFndr(13219): Beginning GMS chimera module scan
11-16 08:57:09.522: I/Herrevad(11001): [986] zcq.a: updateListenState
11-16 08:57:09.522: I/BgTaskExecutorImpl(10225): Starting NONEXCLUSIVE background task UPDATE_GSERVICES_CONFIG.
11-16 08:57:09.523: I/NetRec(11001): [983] aiad.a: onConfigChanged()
11-16 08:57:09.527: W/SearchServiceCore(10225): Abort, client detached.
11-16 08:57:09.528: I/NetRec(11001): [983] aiad.a: Cancelling all NetRec GCM tasks
11-16 08:57:09.529: I/GservicesUpdateTask(10225): Updating Gservices keys
11-16 08:57:09.536: I/TestSupport(13219): AwaitCommitOperation: uncommitted: FlagOverride(com.google.android.gms.auth.api.credentials, , Flag(SaveStrategy__enableSaving, false, 2, 0), false) [CONTEXT service_id=133 ]
11-16 08:57:09.537: I/Auth(11001): [AuthManaged, PasswordComplexityHelperImpl] Updating password complexity components state.
11-16 08:57:09.537: I/Auth(11001): [AuthManaged, PasswordComplexityHelperImpl] Enabling com.google.android.gms.auth.managed.ui.SetNewPasswordActivity
11-16 08:57:09.538: I/TestSupport(13219): AwaitCommitOperation:  sleeping for 160 msec. [CONTEXT service_id=133 ]
11-16 08:57:09.539: I/NetRec(11001): [983] ClearDatabaseService.onHandleIntent: Clearing score cache
11-16 08:57:09.545: I/ModuleSetMgr(13219): Computing pending module set with APKs: [[AdsFdrDynamite.integ:213806100100000], [Enpromo.integ:214106000100000], [Pay.optional:213614100000], [VisionOcr.optional:213614100400], [AdsFdrDynamite.integ:212104400100000], [Cronetdynamite:213614100400], [Dynamiteloader:213614100000], [Dynamitemodulesa:213614100000], [Dynamitemodulesc:213614100000], [Googlecertificates:213614100000], [Mapsdynamite:213614100000], [Measurementdynamite:213614100000]]
11-16 08:57:09.556: I/ModuleSetMgr(13219): Pending container module APKs: [[Pay.optional:213614100000], [VisionOcr.optional:213614100400]]
11-16 08:57:09.556: I/ModuleSetMgr(13219): Pending non-container module APKs: [[Enpromo.integ:214106000100000], [AdsFdrDynamite.integ:213806100100000]]
11-16 08:57:09.564: I/GCoreUlr(11001): DispatchingService ignoring Intent { act=android.net.wifi.WIFI_STATE_CHANGED flg=0x4000010 (has extras) } because ULR inactive [CONTEXT service_id=22 ]
11-16 08:57:09.567: W/PackageParser(13219): Unknown element under <manifest>: queries at /data/user_de/0/com.google.android.gms/app_chimera/m/00000007/AdsDynamite.apk Binary XML file line #5
11-16 08:57:09.568: I/GCoreUlr(11001): WorldUpdater received intent Intent { act=com.google.android.location.reporting.ACTION_UPDATE_WORLD cmp=com.google.android.gms/com.google.android.location.reporting.service.DispatchingService (has extras) } with receiverAction com.google.gservices.intent.action.GSERVICES_CHANGED [CONTEXT service_id=22 ]
11-16 08:57:09.572: I/GCoreUlr(11001): WorldUpdater:com.google.gservices.intent.action.GSERVICES_CHANGED: Ensuring that reporting is stopped because of reasons: (no Google accounts) [CONTEXT service_id=22 ]
11-16 08:57:09.577: I/GCoreUlr(11001): Unbound from all signal providers. [CONTEXT service_id=22 ]
11-16 08:57:09.582: W/PackageParser(13219): Unknown element under <manifest>: queries at /data/user_de/0/com.google.android.gms/app_chimera/m/00000011/dl-AdsFdrDynamite.integ_213806100100000.apk Binary XML file line #11
11-16 08:57:09.584: I/GCoreUlr(11001): Unbound from all signal providers. [CONTEXT service_id=22 ]
11-16 08:57:09.585: I/GCoreUlr(11001): Stopping handler for UlrDispSvcFast [CONTEXT service_id=22 ]
11-16 08:57:09.589: I/RecoverableKeyStoreGms(13219): [RecoverableKeyStoreGmsInitOperation] Initializing auth_folsom
11-16 08:57:09.590: I/ChromeSync(13219): [Sync,SyncIntentOperation] Handling the intent: Intent { act=com.google.gservices.intent.action.GSERVICES_CHANGED flg=0x1000010 pkg=com.google.android.gms cmp=com.google.android.gms/.chimera.GmsIntentOperationService$PersistentInternalReceiver }.
11-16 08:57:09.591: I/RecoverableKeyStoreGms(13219): [RecoverableKeyStoreGmsInitOperation] com.google.android.gms.auth.folsom.service.FolsomPublicKeyUpdateService is already enabled. Ignore.
11-16 08:57:09.591: I/RecoverableKeyStoreGms(13219): [RecoverableKeyStoreGmsInitOperation] com.google.android.gms.auth.folsom.service.GcmReceiverService is already enabled. Ignore.
11-16 08:57:09.593: I/MS_Utils(13219): version of com.google.android.apps.maps = 1022101040
11-16 08:57:09.593: I/SoundTriggerModelLoader(18271): Unloading model 9f6ad62a-1f0b-11e7-87c5-40a8f03d3f15
11-16 08:57:09.594: I/SoundTriggerManagerComp(18271): Unloading model 9f6ad62a-1f0b-11e7-87c5-40a8f03d3f15
11-16 08:57:09.594: I/MdiSyncModule(13219): flag handling is skipping irrelevant intent.
11-16 08:57:09.594: I/SoundTriggerService(1166): deleteSoundModel(): id = 9f6ad62a-1f0b-11e7-87c5-40a8f03d3f15
11-16 08:57:09.594: I/MobileDataHub(13219): Scheduling periodic tasks
11-16 08:57:09.594: W/SoundTriggerHelper(1166): Unload error: Attempting unload invalid generic model with id:9f6ad62a-1f0b-11e7-87c5-40a8f03d3f15
11-16 08:57:09.595: V/RecoverableKeyStoreMgr(1166): Not updating secret types - same as old value.
11-16 08:57:09.595: W/MobileDataHub(13219): [Service] appsupload-periodic periodic task disabled
11-16 08:57:09.596: I/RecoverableKeyStoreGms(13219): [RecoverableKeyStoreGmsInitOperation] Setting vault handle
11-16 08:57:09.596: V/RecoverableKeyStoreMgr(1166): Not updating server params - same as old value.
11-16 08:57:09.597: I/SystemUpdate(13219): [Installation,ReceiverIntentOperation] Received intent: Intent { act=com.google.gservices.intent.action.GSERVICES_CHANGED flg=0x1000010 pkg=com.google.android.gms cmp=com.google.android.gms/.chimera.GmsIntentOperationService$PersistentInternalReceiver }.
11-16 08:57:09.598: I/RecoverableKeyStoreGms(13219): [EnrollmentManager] Returning certificates list from cache
11-16 08:57:09.599: W/DynamiteModule(13219): Local module descriptor class for com.google.android.gms.vision.dynamite.ocr not found.
11-16 08:57:09.600: I/DynamiteModule(13219): Considering local module com.google.android.gms.vision.dynamite.ocr:0 and remote module com.google.android.gms.vision.dynamite.ocr:0
11-16 08:57:09.601: I/DynamiteModule(13219): Considering local module com.google.android.gms.vision.ocr:0 and remote module com.google.android.gms.vision.ocr:1
11-16 08:57:09.601: I/DynamiteModule(13219): Selected remote version of com.google.android.gms.vision.ocr, version >= 1
11-16 08:57:09.604: I/native(13219): I1116 08:57:09.604321   18101 start_ocr_856638336_langid.cc:35] StartOcr with label: latin_script_gmvapi_android
11-16 08:57:09.604: I/native(13219): I1116 08:57:09.604484   18101 start_ocr_856638336_langid.cc:44] StartOcr success
11-16 08:57:09.607: I/OcrModelUpStIntentOp(13219): Downloading text recognizer
11-16 08:57:09.615: I/SettingsActivityAvailab(18180): Disabling com.google.android.apps.multidevice.client.ui.pixel.SettingsActivity.
11-16 08:57:09.616: E/GooglePlayServicesUtil(18160): The Google Play services resources were not found. Check your project configuration to ensure that the resources are included.
11-16 08:57:09.617: D/GservicesChangeReceiver(6012): Gservices Changed broadcast Received. context is android.app.ReceiverRestrictedContext@d5d092e
11-16 08:57:09.617: D/GservicesChangeReceiver(6012): Gservices allowPowerAnomalyData is False.
11-16 08:57:09.618: D/ConnectivityMonitorManager(6012): Service com.google.android.connectivitymonitor.PowerAnomalyDetectorService is not running...
11-16 08:57:09.621: D/GservicesChangeReceiver(6012): Gservices allowLowPowerMonitoring is False.
11-16 08:57:09.622: D/ConnectivityMonitorManager(6012): Service com.google.android.connectivitymonitor.LowPowerMonitorService is not running...
11-16 08:57:09.625: D/GservicesChangeReceiver(6012): Gservices isConnectivityMonitorEnabled is True.
11-16 08:57:09.627: D/ConnectivityMonitorManager(6012): Service com.google.android.connectivitymonitor.ConnectivityMonitorService is running...
11-16 08:57:09.628: D/ConnMetrics:App(18160): IsOptedIn = false
11-16 08:57:09.631: I/EuiccGoogle(18200): [2] GservicesChangedReceiver.onReceive: Setting EUICC_SUPPORTED_COUNTRIES to de,gb,in,us
11-16 08:57:09.635: I/Backup(13219): [GmsBackupStatusChangeReceiver] Going to enable gms backup transport.
11-16 08:57:09.640: W/NetworkScheduler(11001): The extras of the task is not valid to be persisted so that the task is not persisted [CONTEXT service_id=218 ]
11-16 08:57:09.640: W/NetworkScheduler(11001): java.lang.IllegalArgumentException: Only the following extra parameter types are supported: Integer, Long, Double, String, Boolean, and nested Bundles with the same restrictions.
11-16 08:57:09.640: W/NetworkScheduler(11001): 	at abno.f(:com.google.android.gms@213614028@21.36.14 (100400-395708125):6)
11-16 08:57:09.640: W/NetworkScheduler(11001): 	at amdu.g(:com.google.android.gms@213614028@21.36.14 (100400-395708125):37)
11-16 08:57:09.640: W/NetworkScheduler(11001): 	at amdd.n(:com.google.android.gms@213614028@21.36.14 (100400-395708125):3)
11-16 08:57:09.640: W/NetworkScheduler(11001): 	at amdd.u(:com.google.android.gms@213614028@21.36.14 (100400-395708125):20)
11-16 08:57:09.640: W/NetworkScheduler(11001): 	at amdd.g(:com.google.android.gms@213614028@21.36.14 (100400-395708125):3)
11-16 08:57:09.640: W/NetworkScheduler(11001): 	at alzy.run(:com.google.android.gms@213614028@21.36.14 (100400-395708125):9)
11-16 08:57:09.640: W/NetworkScheduler(11001): 	at rgh.c(:com.google.android.gms@213614028@21.36.14 (100400-395708125):6)
11-16 08:57:09.640: W/NetworkScheduler(11001): 	at rgh.run(:com.google.android.gms@213614028@21.36.14 (100400-395708125):7)
11-16 08:57:09.640: W/NetworkScheduler(11001): 	at java.util.concurrent.ThreadPoolExecutor.runWorker(ThreadPoolExecutor.java:1167)
11-16 08:57:09.640: W/NetworkScheduler(11001): 	at java.util.concurrent.ThreadPoolExecutor$Worker.run(ThreadPoolExecutor.java:641)
11-16 08:57:09.640: W/NetworkScheduler(11001): 	at rkn.run(:com.google.android.gms@213614028@21.36.14 (100400-395708125):0)
11-16 08:57:09.640: W/NetworkScheduler(11001): 	at java.lang.Thread.run(Thread.java:764)
11-16 08:57:09.641: I/RecoverableKeyStoreMgr(1166): The cert file serial number is the same, so skip updating.
11-16 08:57:09.641: I/RecoverableKeyStoreGms(13219): [EnrollmentManager] Recovery service is initialized.
11-16 08:57:09.642: I/RecoverySnapshotLstnrs(1166): Registered listener for agent with uid 10007
11-16 08:57:09.646: E/RecoverySnapshotStorage(1166): Error reading snapshot for 10007 from disk
11-16 08:57:09.646: E/RecoverySnapshotStorage(1166): java.io.FileNotFoundException: /data/system/recoverablekeystore/snapshots/10007.xml (No such file or directory)
11-16 08:57:09.646: E/RecoverySnapshotStorage(1166): 	at java.io.FileInputStream.open0(Native Method)
11-16 08:57:09.646: E/RecoverySnapshotStorage(1166): 	at java.io.FileInputStream.open(FileInputStream.java:231)
11-16 08:57:09.646: E/RecoverySnapshotStorage(1166): 	at java.io.FileInputStream.<init>(FileInputStream.java:165)
11-16 08:57:09.646: E/RecoverySnapshotStorage(1166): 	at com.android.server.locksettings.recoverablekeystore.storage.RecoverySnapshotStorage.readFromDisk(RecoverySnapshotStorage.java:152)
11-16 08:57:09.646: E/RecoverySnapshotStorage(1166): 	at com.android.server.locksettings.recoverablekeystore.storage.RecoverySnapshotStorage.get(RecoverySnapshotStorage.java:104)
11-16 08:57:09.646: E/RecoverySnapshotStorage(1166): 	at com.android.server.locksettings.recoverablekeystore.RecoverableKeyStoreManager.getKeyChainSnapshot(RecoverableKeyStoreManager.java:331)
11-16 08:57:09.646: E/RecoverySnapshotStorage(1166): 	at com.android.server.locksettings.LockSettingsService.getKeyChainSnapshot(LockSettingsService.java:2032)
11-16 08:57:09.646: E/RecoverySnapshotStorage(1166): 	at com.android.internal.widget.ILockSettings$Stub.onTransact(ILockSettings.java:356)
11-16 08:57:09.646: E/RecoverySnapshotStorage(1166): 	at android.os.Binder.execTransact(Binder.java:731)
11-16 08:57:09.647: I/RecoverableKeyStoreGms(13219): [WrappingKeyManager] Can't generate wrapping key - missing lock screeen
11-16 08:57:09.652: I/Herrevad(11001): [988] zcq.a: updateListenState
11-16 08:57:09.652: I/NetRec(11001): [985] aiad.a: onConfigChanged()
11-16 08:57:09.657: I/BgTaskExecutorImpl(10225): Starting NONEXCLUSIVE background task UPDATE_GSERVICES_CONFIG.
11-16 08:57:09.658: I/Auth(11001): [AuthManaged, PasswordComplexityHelperImpl] Updating password complexity components state.
11-16 08:57:09.658: I/Auth(11001): [AuthManaged, PasswordComplexityHelperImpl] Enabling com.google.android.gms.auth.managed.ui.SetNewPasswordActivity
11-16 08:57:09.658: I/NetRec(11001): [985] aiad.a: Cancelling all NetRec GCM tasks
11-16 08:57:09.660: I/GmsModuleFndr(13219): Beginning GMS chimera module scan
11-16 08:57:09.667: W/SearchServiceCore(10225): Abort, client detached.
11-16 08:57:09.668: I/NetRec(11001): [983] ClearDatabaseService.onHandleIntent: Clearing score cache
11-16 08:57:09.668: I/GservicesUpdateTask(10225): Updating Gservices keys
11-16 08:57:09.669: I/ModuleSetMgr(13219): Computing pending module set with APKs: [[AdsFdrDynamite.integ:213806100100000], [Enpromo.integ:214106000100000], [Pay.optional:213614100000], [VisionOcr.optional:213614100400], [AdsFdrDynamite.integ:212104400100000], [Cronetdynamite:213614100400], [Dynamiteloader:213614100000], [Dynamitemodulesa:213614100000], [Dynamitemodulesc:213614100000], [Googlecertificates:213614100000], [Mapsdynamite:213614100000], [Measurementdynamite:213614100000]]
11-16 08:57:09.678: I/ModuleSetMgr(13219): Pending container module APKs: [[Pay.optional:213614100000], [VisionOcr.optional:213614100400]]
11-16 08:57:09.678: I/ModuleSetMgr(13219): Pending non-container module APKs: [[Enpromo.integ:214106000100000], [AdsFdrDynamite.integ:213806100100000]]
11-16 08:57:09.692: W/PackageParser(13219): Unknown element under <manifest>: queries at /data/user_de/0/com.google.android.gms/app_chimera/m/00000007/AdsDynamite.apk Binary XML file line #5
11-16 08:57:09.704: W/PackageParser(13219): Unknown element under <manifest>: queries at /data/user_de/0/com.google.android.gms/app_chimera/m/00000011/dl-AdsFdrDynamite.integ_213806100100000.apk Binary XML file line #11
11-16 08:57:09.710: I/RecoverableKeyStoreGms(13219): [RecoverableKeyStoreGmsInitOperation] Initializing auth_folsom
11-16 08:57:09.710: I/GmsModuleFndr(13219): Beginning GMS chimera module scan
11-16 08:57:09.711: I/RecoverableKeyStoreGms(13219): [RecoverableKeyStoreGmsInitOperation] com.google.android.gms.auth.folsom.service.FolsomPublicKeyUpdateService is already enabled. Ignore.
11-16 08:57:09.711: I/RecoverableKeyStoreGms(13219): [RecoverableKeyStoreGmsInitOperation] com.google.android.gms.auth.folsom.service.GcmReceiverService is already enabled. Ignore.
11-16 08:57:09.712: I/ChromeSync(13219): [Sync,SyncIntentOperation] Handling the intent: Intent { act=com.google.gservices.intent.action.GSERVICES_CHANGED flg=0x1000010 pkg=com.google.android.gms cmp=com.google.android.gms/.chimera.GmsIntentOperationService$PersistentInternalReceiver }.
11-16 08:57:09.715: V/RecoverableKeyStoreMgr(1166): Not updating secret types - same as old value.
11-16 08:57:09.716: I/RecoverableKeyStoreGms(13219): [RecoverableKeyStoreGmsInitOperation] Setting vault handle
11-16 08:57:09.717: V/RecoverableKeyStoreMgr(1166): Not updating server params - same as old value.
11-16 08:57:09.718: I/RecoverableKeyStoreGms(13219): [EnrollmentManager] Returning certificates list from cache
11-16 08:57:09.718: I/MobileDataHub(13219): Scheduling periodic tasks
11-16 08:57:09.719: W/MobileDataHub(13219): [Service] appsupload-periodic periodic task disabled
11-16 08:57:09.720: I/MdiSyncModule(13219): flag handling is skipping irrelevant intent.
11-16 08:57:09.722: W/DynamiteModule(13219): Local module descriptor class for com.google.android.gms.vision.dynamite.ocr not found.
11-16 08:57:09.723: I/DynamiteModule(13219): Considering local module com.google.android.gms.vision.dynamite.ocr:0 and remote module com.google.android.gms.vision.dynamite.ocr:0
11-16 08:57:09.723: I/DynamiteModule(13219): Considering local module com.google.android.gms.vision.ocr:0 and remote module com.google.android.gms.vision.ocr:1
11-16 08:57:09.723: I/DynamiteModule(13219): Selected remote version of com.google.android.gms.vision.ocr, version >= 1
11-16 08:57:09.725: I/native(13219): I1116 08:57:09.725509   18096 start_ocr_856638336_langid.cc:35] StartOcr with label: latin_script_gmvapi_android
11-16 08:57:09.725: I/native(13219): I1116 08:57:09.725592   18096 start_ocr_856638336_langid.cc:44] StartOcr success
11-16 08:57:09.726: I/MS_Utils(13219): version of com.google.android.apps.maps = 1022101040
11-16 08:57:09.729: I/SystemUpdate(13219): [Installation,ReceiverIntentOperation] Received intent: Intent { act=com.google.gservices.intent.action.GSERVICES_CHANGED flg=0x1000010 pkg=com.google.android.gms cmp=com.google.android.gms/.chimera.GmsIntentOperationService$PersistentInternalReceiver }.
11-16 08:57:09.738: I/OcrModelUpStIntentOp(13219): Downloading text recognizer
11-16 08:57:09.739: I/GCoreUlr(11001): DispatchingService ignoring Intent { act=android.net.wifi.WIFI_STATE_CHANGED flg=0x4000010 (has extras) } because ULR inactive [CONTEXT service_id=22 ]
11-16 08:57:09.741: I/TestSupport(13219): AwaitCommitOperation: uncommitted: FlagOverride(com.google.android.gms.auth.api.credentials, , Flag(SaveStrategy__enableSaving, false, 2, 0), false) [CONTEXT service_id=133 ]
11-16 08:57:09.741: I/TestSupport(13219): AwaitCommitOperation:  sleeping for 320 msec. [CONTEXT service_id=133 ]
11-16 08:57:09.742: I/SoundTriggerModelLoader(18271): Unloading model 9f6ad62a-1f0b-11e7-87c5-40a8f03d3f15
11-16 08:57:09.742: I/SoundTriggerManagerComp(18271): Unloading model 9f6ad62a-1f0b-11e7-87c5-40a8f03d3f15
11-16 08:57:09.742: I/SoundTriggerService(1166): deleteSoundModel(): id = 9f6ad62a-1f0b-11e7-87c5-40a8f03d3f15
11-16 08:57:09.742: W/SoundTriggerHelper(1166): Unload error: Attempting unload invalid generic model with id:9f6ad62a-1f0b-11e7-87c5-40a8f03d3f15
11-16 08:57:09.751: I/SettingsActivityAvailab(18180): Disabling com.google.android.apps.multidevice.client.ui.pixel.SettingsActivity.
11-16 08:57:09.753: I/RecoverableKeyStoreMgr(1166): The cert file serial number is the same, so skip updating.
11-16 08:57:09.753: I/RecoverableKeyStoreGms(13219): [EnrollmentManager] Recovery service is initialized.
11-16 08:57:09.753: D/GservicesChangeReceiver(6012): Gservices Changed broadcast Received. context is android.app.ReceiverRestrictedContext@d5d092e
11-16 08:57:09.753: D/GservicesChangeReceiver(6012): Gservices allowPowerAnomalyData is False.
11-16 08:57:09.755: I/RecoverySnapshotLstnrs(1166): Registered listener for agent with uid 10007
11-16 08:57:09.756: D/ConnectivityMonitorManager(6012): Service com.google.android.connectivitymonitor.PowerAnomalyDetectorService is not running...
11-16 08:57:09.756: E/RecoverySnapshotStorage(1166): Error reading snapshot for 10007 from disk
11-16 08:57:09.756: E/RecoverySnapshotStorage(1166): java.io.FileNotFoundException: /data/system/recoverablekeystore/snapshots/10007.xml (No such file or directory)
11-16 08:57:09.756: E/RecoverySnapshotStorage(1166): 	at java.io.FileInputStream.open0(Native Method)
11-16 08:57:09.756: E/RecoverySnapshotStorage(1166): 	at java.io.FileInputStream.open(FileInputStream.java:231)
11-16 08:57:09.756: E/RecoverySnapshotStorage(1166): 	at java.io.FileInputStream.<init>(FileInputStream.java:165)
11-16 08:57:09.756: E/RecoverySnapshotStorage(1166): 	at com.android.server.locksettings.recoverablekeystore.storage.RecoverySnapshotStorage.readFromDisk(RecoverySnapshotStorage.java:152)
11-16 08:57:09.756: E/RecoverySnapshotStorage(1166): 	at com.android.server.locksettings.recoverablekeystore.storage.RecoverySnapshotStorage.get(RecoverySnapshotStorage.java:104)
11-16 08:57:09.756: E/RecoverySnapshotStorage(1166): 	at com.android.server.locksettings.recoverablekeystore.RecoverableKeyStoreManager.getKeyChainSnapshot(RecoverableKeyStoreManager.java:331)
11-16 08:57:09.756: E/RecoverySnapshotStorage(1166): 	at com.android.server.locksettings.LockSettingsService.getKeyChainSnapshot(LockSettingsService.java:2032)
11-16 08:57:09.756: E/RecoverySnapshotStorage(1166): 	at com.android.internal.widget.ILockSettings$Stub.onTransact(ILockSettings.java:356)
11-16 08:57:09.756: E/RecoverySnapshotStorage(1166): 	at android.os.Binder.execTransact(Binder.java:731)
11-16 08:57:09.757: E/GooglePlayServicesUtil(18160): The Google Play services resources were not found. Check your project configuration to ensure that the resources are included.
11-16 08:57:09.757: I/RecoverableKeyStoreGms(13219): [WrappingKeyManager] Can't generate wrapping key - missing lock screeen
11-16 08:57:09.759: I/ModuleSetMgr(13219): Computing pending module set with APKs: [[AdsFdrDynamite.integ:213806100100000], [Enpromo.integ:214106000100000], [Pay.optional:213614100000], [VisionOcr.optional:213614100400], [AdsFdrDynamite.integ:212104400100000], [Cronetdynamite:213614100400], [Dynamiteloader:213614100000], [Dynamitemodulesa:213614100000], [Dynamitemodulesc:213614100000], [Googlecertificates:213614100000], [Mapsdynamite:213614100000], [Measurementdynamite:213614100000]]
11-16 08:57:09.760: D/GservicesChangeReceiver(6012): Gservices allowLowPowerMonitoring is False.
11-16 08:57:09.764: D/QSEECOMAPI(18205): QSEECom_get_handle sb_length = 0x400
11-16 08:57:09.764: D/QSEECOMAPI(18205): App is already loaded QSEE and app id = 1
11-16 08:57:09.765: D/ConnectivityMonitorManager(6012): Service com.google.android.connectivitymonitor.LowPowerMonitorService is not running...
11-16 08:57:09.766: E/fpc_tac(18205): qsee_km_get_encapsulated_key KEYMASTER_GET_AUTH_TOKEN_KEY returned status=-24
11-16 08:57:09.766: D/QSEECOMAPI(18205): QSEECom_dealloc_memory 
11-16 08:57:09.766: D/QSEECOMAPI(18205): QSEECom_shutdown_app, app_id = 1
11-16 08:57:09.766: E/fpc_fingerprint_hal(18205): fpc_hal_open failed
11-16 08:57:09.767: D/GservicesChangeReceiver(6012): Gservices isConnectivityMonitorEnabled is True.
11-16 08:57:09.767: I/EventHub(1166): Removing device '/dev/input/event3' due to inotify event
11-16 08:57:09.767: I/EventHub(1166): Removed device: path=/dev/input/event3 name=uinput-fpc id=275 fd=329 classes=0x101
11-16 08:57:09.767: W/EventHub(1166): built-in keyboard device /dev/input/event3 (id=275) is closing! the apps will not like this
11-16 08:57:09.768: W/InputReader(1166): Ignoring spurious device removed event for deviceId 275.
11-16 08:57:09.768: I/GCoreUlr(11001): WorldUpdater received intent Intent { act=com.google.android.location.reporting.ACTION_UPDATE_WORLD cmp=com.google.android.gms/com.google.android.location.reporting.service.DispatchingService (has extras) } with receiverAction com.google.gservices.intent.action.GSERVICES_CHANGED [CONTEXT service_id=22 ]
11-16 08:57:09.768: D/ConnectivityMonitorManager(6012): Service com.google.android.connectivitymonitor.ConnectivityMonitorService is running...
11-16 08:57:09.771: D/ConnMetrics:App(18160): IsOptedIn = false
11-16 08:57:09.776: W/NetworkScheduler(11001): The extras of the task is not valid to be persisted so that the task is not persisted [CONTEXT service_id=218 ]
11-16 08:57:09.776: W/NetworkScheduler(11001): java.lang.IllegalArgumentException: Only the following extra parameter types are supported: Integer, Long, Double, String, Boolean, and nested Bundles with the same restrictions.
11-16 08:57:09.776: W/NetworkScheduler(11001): 	at abno.f(:com.google.android.gms@213614028@21.36.14 (100400-395708125):6)
11-16 08:57:09.776: W/NetworkScheduler(11001): 	at amdu.g(:com.google.android.gms@213614028@21.36.14 (100400-395708125):37)
11-16 08:57:09.776: W/NetworkScheduler(11001): 	at amdd.n(:com.google.android.gms@213614028@21.36.14 (100400-395708125):3)
11-16 08:57:09.776: W/NetworkScheduler(11001): 	at amdd.u(:com.google.android.gms@213614028@21.36.14 (100400-395708125):20)
11-16 08:57:09.776: W/NetworkScheduler(11001): 	at amdd.g(:com.google.android.gms@213614028@21.36.14 (100400-395708125):3)
11-16 08:57:09.776: W/NetworkScheduler(11001): 	at alzy.run(:com.google.android.gms@213614028@21.36.14 (100400-395708125):9)
11-16 08:57:09.776: W/NetworkScheduler(11001): 	at rgh.c(:com.google.android.gms@213614028@21.36.14 (100400-395708125):6)
11-16 08:57:09.776: W/NetworkScheduler(11001): 	at rgh.run(:com.google.android.gms@213614028@21.36.14 (100400-395708125):7)
11-16 08:57:09.776: W/NetworkScheduler(11001): 	at java.util.concurrent.ThreadPoolExecutor.runWorker(ThreadPoolExecutor.java:1167)
11-16 08:57:09.776: W/NetworkScheduler(11001): 	at java.util.concurrent.ThreadPoolExecutor$Worker.run(ThreadPoolExecutor.java:641)
11-16 08:57:09.776: W/NetworkScheduler(11001): 	at rkn.run(:com.google.android.gms@213614028@21.36.14 (100400-395708125):0)
11-16 08:57:09.776: W/NetworkScheduler(11001): 	at java.lang.Thread.run(Thread.java:764)
11-16 08:57:09.778: I/GCoreUlr(11001): WorldUpdater:com.google.gservices.intent.action.GSERVICES_CHANGED: Ensuring that reporting is stopped because of reasons: (no Google accounts) [CONTEXT service_id=22 ]
11-16 08:57:09.780: I/EuiccGoogle(18200): [2] GservicesChangedReceiver.onReceive: Setting EUICC_SUPPORTED_COUNTRIES to de,gb,in,us
11-16 08:57:09.781: I/system_server(1166): Background concurrent copying GC freed 347946(13MB) AllocSpace objects, 44(1072KB) LOS objects, 42% free, 19MB/34MB, paused 50us total 149.072ms
11-16 08:57:09.786: I/Backup(13219): [GmsBackupStatusChangeReceiver] Going to enable gms backup transport.
11-16 08:57:09.786: D/QSEECOMAPI(18205): QSEECom_dealloc_memory 
11-16 08:57:09.786: D/QSEECOMAPI(18205): QSEECom_shutdown_app, app_id = 275
11-16 08:57:09.791: I/ModuleSetMgr(13219): Pending container module APKs: [[Pay.optional:213614100000], [VisionOcr.optional:213614100400]]
11-16 08:57:09.792: I/ModuleSetMgr(13219): Pending non-container module APKs: [[Enpromo.integ:214106000100000], [AdsFdrDynamite.integ:213806100100000]]
11-16 08:57:09.794: I/GCoreUlr(11001): Unbound from all signal providers. [CONTEXT service_id=22 ]
11-16 08:57:09.809: I/BgTaskExecutorImpl(10225): Starting NONEXCLUSIVE background task UPDATE_GSERVICES_CONFIG.
11-16 08:57:09.810: I/GCoreUlr(11001): Unbound from all signal providers. [CONTEXT service_id=22 ]
11-16 08:57:09.810: I/GCoreUlr(11001): Stopping handler for UlrDispSvcFast [CONTEXT service_id=22 ]
11-16 08:57:09.813: W/SearchServiceCore(10225): Abort, client detached.
11-16 08:57:09.816: I/GservicesUpdateTask(10225): Updating Gservices keys
11-16 08:57:09.818: I/Herrevad(11001): [988] zcq.a: updateListenState
11-16 08:57:09.818: I/NetRec(11001): [983] aiad.a: onConfigChanged()
11-16 08:57:09.819: W/PackageParser(13219): Unknown element under <manifest>: queries at /data/user_de/0/com.google.android.gms/app_chimera/m/00000007/AdsDynamite.apk Binary XML file line #5
11-16 08:57:09.825: I/Auth(11001): [AuthManaged, PasswordComplexityHelperImpl] Updating password complexity components state.
11-16 08:57:09.825: I/NetRec(11001): [983] aiad.a: Cancelling all NetRec GCM tasks
11-16 08:57:09.825: I/Auth(11001): [AuthManaged, PasswordComplexityHelperImpl] Enabling com.google.android.gms.auth.managed.ui.SetNewPasswordActivity
11-16 08:57:09.829: I/NetRec(11001): [988] ClearDatabaseService.onHandleIntent: Clearing score cache
11-16 08:57:09.842: W/PackageParser(13219): Unknown element under <manifest>: queries at /data/user_de/0/com.google.android.gms/app_chimera/m/00000011/dl-AdsFdrDynamite.integ_213806100100000.apk Binary XML file line #11
11-16 08:57:09.843: I/GCoreUlr(11001): WorldUpdater received intent Intent { act=com.google.android.location.reporting.ACTION_UPDATE_WORLD cmp=com.google.android.gms/com.google.android.location.reporting.service.DispatchingService (has extras) } with receiverAction com.google.gservices.intent.action.GSERVICES_CHANGED [CONTEXT service_id=22 ]
11-16 08:57:09.845: I/GCoreUlr(11001): WorldUpdater:com.google.gservices.intent.action.GSERVICES_CHANGED: Ensuring that reporting is stopped because of reasons: (no Google accounts) [CONTEXT service_id=22 ]
11-16 08:57:09.848: I/GmsModuleFndr(13219): Beginning GMS chimera module scan
11-16 08:57:09.855: I/GCoreUlr(11001): Unbound from all signal providers. [CONTEXT service_id=22 ]
11-16 08:57:09.860: I/GCoreUlr(11001): DispatchingService ignoring Intent { act=android.net.wifi.WIFI_STATE_CHANGED flg=0x4000010 (has extras) } because ULR inactive [CONTEXT service_id=22 ]
11-16 08:57:09.863: I/GCoreUlr(11001): Unbound from all signal providers. [CONTEXT service_id=22 ]
11-16 08:57:09.863: I/GCoreUlr(11001): Stopping handler for UlrDispSvcFast [CONTEXT service_id=22 ]
11-16 08:57:09.868: I/ModuleSetMgr(13219): Computing pending module set with APKs: [[AdsFdrDynamite.integ:213806100100000], [Enpromo.integ:214106000100000], [Pay.optional:213614100000], [VisionOcr.optional:213614100400], [AdsFdrDynamite.integ:212104400100000], [Cronetdynamite:213614100400], [Dynamiteloader:213614100000], [Dynamitemodulesa:213614100000], [Dynamitemodulesc:213614100000], [Googlecertificates:213614100000], [Mapsdynamite:213614100000], [Measurementdynamite:213614100000]]
11-16 08:57:09.882: I/SoundTriggerModelLoader(18271): Unloading model 9f6ad62a-1f0b-11e7-87c5-40a8f03d3f15
11-16 08:57:09.882: I/SoundTriggerManagerComp(18271): Unloading model 9f6ad62a-1f0b-11e7-87c5-40a8f03d3f15
11-16 08:57:09.883: I/SoundTriggerService(1166): deleteSoundModel(): id = 9f6ad62a-1f0b-11e7-87c5-40a8f03d3f15
