11-16 08:57:20.404: W/PrimesInit(19561): Primes instant initialization
11-16 08:57:20.405: I/Dialer(19561): ClearcutMetricsInitializer.initialize - primes metrics monitoring started!
11-16 08:57:20.405: W/Primes(19561): background initialization
11-16 08:57:20.405: I/Dialer(19561): PrimesMetrics.startTimer - Application.onCreate is empty
11-16 08:57:20.421: E/Finsky(18581): [178] ltt.a(17): Unable to fetch checkin consistency token: empty token
11-16 08:57:20.426: I/PrimesTesting(19561): GserviceFlagsSupplier.get()
11-16 08:57:20.427: I/Finsky(18581): [178] lth.l(1): Account name null when calculating account hash
11-16 08:57:20.430: I/Dialer(19561): DialerExecutorModule.newThread - creating low priority thread
11-16 08:57:20.431: I/Dialer(19561): DialerExecutorModule.newThread - creating low priority thread
11-16 08:57:20.434: I/Dialer(19561): DialerExecutorModule.newThread - creating low priority thread
11-16 08:57:20.436: I/Dialer(19561): CallLogFramework.registerContentObserversAndRefreshReceiver - enter
11-16 08:57:20.437: I/Dialer(19561): SystemCallLogDataSource.registerContentObservers - enter
11-16 08:57:20.439: I/Dialer(19561): CallLogConfigImpl.schedulePollingJob - scheduling
11-16 08:57:20.440: I/Dialer(19561): RefreshAnnotatedCallLogNotifier.notify - checkDirty=true
11-16 08:57:20.451: I/Dialer(19561): NonUiTaskBuilder.newThread - creating serial thread
11-16 08:57:20.453: I/Dialer(19561): DialerExecutorModule.newThread - creating low priority thread
11-16 08:57:20.455: I/Dialer(19561): ShortcutsJobScheduler.scheduleAllJobs - enter
11-16 08:57:20.457: I/Dialer(19561): ShortcutsJobScheduler.scheduleAllJobs - enabling shortcuts
11-16 08:57:20.458: I/Dialer(19561): PeriodicJobService.schedulePeriodicJob - enter
11-16 08:57:20.458: I/Dialer(19561): PeriodicJobService.schedulePeriodicJob - job already scheduled.
11-16 08:57:20.478: I/Dialer(19561): NotificationChannelUpdateReceiver.onReceive - updateChannels
11-16 08:57:20.488: I/Dialer(19561): RefreshAnnotatedCallLogReceiver.onReceive - enter
11-16 08:57:20.490: I/Dialer(19561): RefreshAnnotatedCallLogReceiver.refreshAnnotatedCallLog - enter
11-16 08:57:20.491: I/Dialer(19561): RefreshAnnotatedCallLogReceiver.refreshAnnotatedCallLog - start refreshing, checkDirty=true
11-16 08:57:20.491: I/Dialer(19561): RefreshAnnotatedCallLogWorker.refresh - submitting serialized refresh request
11-16 08:57:20.492: I/Dialer(19561): DialerExecutorModule.newThread - creating low priority thread
11-16 08:57:20.498: I/Dialer(19561): RefreshAnnotatedCallLogWorker.checkDirtyAndRebuildIfNecessary - starting refresh flow
11-16 08:57:20.519: I/LocaleChangeIO(11001): No action required after switch to en [CONTEXT service_id=231 ]
11-16 08:57:20.521: E/kvw(19561): RuntimeException while executing runnable bxg@636f9d with executor MoreExecutors.directExecutor()
11-16 08:57:20.521: E/kvw(19561): java.util.concurrent.CancellationException: Task was cancelled.
11-16 08:57:20.521: E/kvw(19561): 	at kvw.b(PG:2)
11-16 08:57:20.521: E/kvw(19561): 	at kvw.get(PG:2)
11-16 08:57:20.521: E/kvw(19561): 	at kzp.a(PG:3)
11-16 08:57:20.521: E/kvw(19561): 	at kyu.a(PG:15)
11-16 08:57:20.521: E/kvw(19561): 	at bxg.run(PG:2)
11-16 08:57:20.521: E/kvw(19561): 	at kxm.execute(Unknown Source:0)
11-16 08:57:20.521: E/kvw(19561): 	at kvw.b(PG:24)
11-16 08:57:20.521: E/kvw(19561): 	at kvw.a(PG:15)
11-16 08:57:20.521: E/kvw(19561): 	at kvw.cancel(PG:8)
11-16 08:57:20.521: E/kvw(19561): 	at bxi.a(PG:4)
11-16 08:57:20.521: E/kvw(19561): 	at kvw.a(PG:7)
11-16 08:57:20.521: E/kvw(19561): 	at kvw.cancel(PG:8)
11-16 08:57:20.521: E/kvw(19561): 	at bxi.a(PG:4)
11-16 08:57:20.521: E/kvw(19561): 	at kvw.a(PG:7)
11-16 08:57:20.521: E/kvw(19561): 	at kvw.a(PG:40)
11-16 08:57:20.521: E/kvw(19561): 	at bxf.a(PG:1)
11-16 08:57:20.521: E/kvw(19561): 	at bxg.run(PG:5)
11-16 08:57:20.521: E/kvw(19561): 	at kxm.execute(Unknown Source:0)
11-16 08:57:20.521: E/kvw(19561): 	at kvw.b(PG:24)
11-16 08:57:20.521: E/kvw(19561): 	at kvw.a(PG:38)
11-16 08:57:20.521: E/kvw(19561): 	at bya.a(PG:18)
11-16 08:57:20.521: E/kvw(19561): 	at brp.a(Unknown Source:7)
11-16 08:57:20.521: E/kvw(19561): 	at kwm.a(PG:2)
11-16 08:57:20.521: E/kvw(19561): 	at kwj.run(PG:6)
11-16 08:57:20.521: E/kvw(19561): 	at kyw.run(Unknown Source:7)
11-16 08:57:20.521: E/kvw(19561): 	at java.util.concurrent.ThreadPoolExecutor.runWorker(ThreadPoolExecutor.java:1167)
11-16 08:57:20.521: E/kvw(19561): 	at java.util.concurrent.ThreadPoolExecutor$Worker.run(ThreadPoolExecutor.java:641)
11-16 08:57:20.521: E/kvw(19561): 	at java.lang.Thread.run(Thread.java:764)
11-16 08:57:20.522: E/kvw(19561): RuntimeException while executing runnable bxg@d7d575e with executor MoreExecutors.directExecutor()
11-16 08:57:20.522: E/kvw(19561): java.util.concurrent.CancellationException: Task was cancelled.
11-16 08:57:20.522: E/kvw(19561): 	at kvw.b(PG:2)
11-16 08:57:20.522: E/kvw(19561): 	at kvw.get(PG:2)
11-16 08:57:20.522: E/kvw(19561): 	at kzp.a(PG:3)
11-16 08:57:20.522: E/kvw(19561): 	at kyu.a(PG:15)
11-16 08:57:20.522: E/kvw(19561): 	at bxg.run(PG:2)
11-16 08:57:20.522: E/kvw(19561): 	at kxm.execute(Unknown Source:0)
11-16 08:57:20.522: E/kvw(19561): 	at kvw.b(PG:24)
11-16 08:57:20.522: E/kvw(19561): 	at kvw.a(PG:15)
11-16 08:57:20.522: E/kvw(19561): 	at kvw.cancel(PG:8)
11-16 08:57:20.522: E/kvw(19561): 	at bxi.a(PG:4)
11-16 08:57:20.522: E/kvw(19561): 	at kvw.a(PG:7)
11-16 08:57:20.522: E/kvw(19561): 	at kvw.cancel(PG:8)
11-16 08:57:20.522: E/kvw(19561): 	at bxi.a(PG:4)
11-16 08:57:20.522: E/kvw(19561): 	at kvw.a(PG:7)
11-16 08:57:20.522: E/kvw(19561): 	at kvw.a(PG:40)
11-16 08:57:20.522: E/kvw(19561): 	at bxf.a(PG:1)
11-16 08:57:20.522: E/kvw(19561): 	at bxg.run(PG:5)
11-16 08:57:20.522: E/kvw(19561): 	at kxm.execute(Unknown Source:0)
11-16 08:57:20.522: E/kvw(19561): 	at kvw.b(PG:24)
11-16 08:57:20.522: E/kvw(19561): 	at kvw.a(PG:38)
11-16 08:57:20.522: E/kvw(19561): 	at bya.a(PG:18)
11-16 08:57:20.522: E/kvw(19561): 	at brp.a(Unknown Source:7)
11-16 08:57:20.522: E/kvw(19561): 	at kwm.a(PG:2)
11-16 08:57:20.522: E/kvw(19561): 	at kwj.run(PG:6)
11-16 08:57:20.522: E/kvw(19561): 	at kyw.run(Unknown Source:7)
11-16 08:57:20.522: E/kvw(19561): 	at java.util.concurrent.ThreadPoolExecutor.runWorker(ThreadPoolExecutor.java:1167)
11-16 08:57:20.522: E/kvw(19561): 	at java.util.concurrent.ThreadPoolExecutor$Worker.run(ThreadPoolExecutor.java:641)
11-16 08:57:20.522: E/kvw(19561): 	at java.lang.Thread.run(Thread.java:764)
11-16 08:57:20.523: I/Dialer(19561): RefreshAnnotatedCallLogWorker.checkDirtyAndRebuildIfNecessary - isDirty: true
11-16 08:57:20.528: I/NearbyDiscovery(11001): DiscoveryService created [CONTEXT service_id=49 ]
11-16 08:57:20.529: I/LanguageSettingsHelper(10225): Removing enrollment utterances : Locale changed
11-16 08:57:20.529: E/UtteranceHandler(10225): Called deleteEnrollmentUtterances for null account
11-16 08:57:20.539: W/System(18581): A resource failed to call end. 
11-16 08:57:20.545: I/Dialer(19561): PhoneLookupHistoryDatabaseHelper.onCreate - enter
11-16 08:57:20.545: W/ChimeraUtils(11001): Module com.google.android.gms.nearby has empty metadata display_name_string_id
11-16 08:57:20.546: W/ChimeraUtils(11001): Module com.google.android.gms.nearby has empty metadata display_name_string_id
11-16 08:57:20.550: I/Dialer(19561): PhoneLookupHistoryDatabaseHelper.onCreate - took: 5ms
11-16 08:57:20.551: I/OpaEnabledReceiver(3673): Dispatching OPA eligble = true; AGSA = true; OPA enabled = true
11-16 08:57:20.551: I/OpaLayout(3673): Setting opa enabled to true
11-16 08:57:20.551: I/OpaLayout(3673): Setting opa enabled to true
11-16 08:57:20.554: I/OpaEligibilityChecker(10225): send OpaEligibilityChange broadcast to CommonBroadcastReceiver
11-16 08:57:20.557: I/Dialer(19561): SystemCallLogDataSource.fill - found 0 existing annotated call log ids
11-16 08:57:20.564: I/OpaEnabledReceiver(3673): Dispatching OPA eligble = true; AGSA = true; OPA enabled = true
11-16 08:57:20.564: I/OpaLayout(3673): Setting opa enabled to true
11-16 08:57:20.564: I/OpaLayout(3673): Setting opa enabled to true
11-16 08:57:20.567: I/DefaultSticker(3654): Received android.intent.action.LOCALE_CHANGED broadcast from null
11-16 08:57:20.573: I/BgTaskExecutorImpl(10225): Starting EXCLUSIVE background task SEND_GSA_HOME_REQUEST.
11-16 08:57:20.575: I/HotwordHelper(10225): hasHotwordEverywhere-false
11-16 08:57:20.576: I/BgTaskExecutorImpl(10225): Starting EXCLUSIVE background task UPDATE_HOTWORD_MODELS.
11-16 08:57:20.577: W/SearchServiceCore(10225): Abort, client detached.
11-16 08:57:20.579: W/KeyphraseEnrollmentInfo(4148): No enrollment application supports the given keyphrase/locale: 'Ok Google'/en
11-16 08:57:20.579: I/GsaVoiceInteractionSrv(4148): Creating AOHD: Keyphrase - Ok Google, Locale - en/en-GB
11-16 08:57:20.579: W/SoundTriggerHelper(1166): Attempting stopRecognition without a successful startRecognition
11-16 08:57:20.580: W/AlwaysOnHotwordDetector(4148): stopRecognition() failed with error code -2147483648
11-16 08:57:20.580: W/AlwaysOnHotwordDetector(4148): Received message: 1 for an invalid detector
11-16 08:57:20.581: I/FirebaseJobDispatcher(3654): Schedule task: DefaultStickerUpdate. Success.
11-16 08:57:20.581: I/DefaultStickerUpdate(3654): Scheduled update for locale=en, data=DefaultStickerTaskData{enabled=true, metadataUriPrefix=https://www.gstatic.com/android/keyboard/stickers/configs/v5/, supportedLanguage=en}, and reason=BROADCAST_LOCALE_CHANGED
11-16 08:57:20.584: I/ThreadRunner(10225): setContextAndRunner
11-16 08:57:20.587: I/ModelDownloadController(10225): requestHotwordModelUpdate modelType-OK_GOOGLE
11-16 08:57:20.588: W/ModelDownloadController(10225): Failed fetching the hotword model location configuration
11-16 08:57:20.588: E/ModelDownloadController(10225): Invalid hotword model location.
11-16 08:57:20.593: I/ActivityManager(1166): Start proc 19638:com.google.android.music:main/u0a75 for broadcast com.google.android.music/.notifications.NotificationChannelInitializationBroadcastReceiver
11-16 08:57:20.602: W/SoundModelDBHelper(1166): No SoundModel available for the given keyphrase
11-16 08:57:20.604: W/SearchServiceCore(10225): Abort, client detached.
11-16 08:57:20.610: I/ActivityManager(1166): START u0 {act=com.android.intent.action.MANAGE_VOICE_KEYPHRASES flg=0x10000000 pkg=com.android.hotwordenrollment.okgoogle cmp=com.android.hotwordenrollment.okgoogle/.EnrollmentActivity (has extras)} from uid 10047
11-16 08:57:20.604: I/chatty(10225): uid=10047 com.google.android.googlequicksearchbox:search identical 2 lines
11-16 08:57:20.604: W/SearchServiceCore(10225): Abort, client detached.
11-16 08:57:20.619: E/roid.music:mai(19638): Not starting debugger since process cannot load the jdwp agent.
11-16 08:57:20.627: I/system_server(1166): Background concurrent copying GC freed 187354(9MB) AllocSpace objects, 87(3MB) LOS objects, 42% free, 17MB/30MB, paused 82us total 140.495ms
11-16 08:57:20.632: D/android.hardware.power@1.3-service.crosshatch-libperfmgr(780): LAUNCH ON
11-16 08:57:20.641: W/KeyphraseEnrollmentInfo(4148): No enrollment application supports the given keyphrase/locale: 'X Google'/en
11-16 08:57:20.662: W/SessionLifecycleManager(10225): Client : AttachedClient[44971662656668237, ClientConfig[mFlags=[default, headless, launch_external_voice_search_ui, support_transparent_background, legacy_leave_behind_dirty_session_fixme] mSuggestFlags=[0] mClientId=HOTWORD_SERVICE mSessionType=search]] has no associated SessionController
11-16 08:57:20.662: W/SearchServiceCore(10225): Abort, client detached.
11-16 08:57:20.662: I/chatty(10225): uid=10047 com.google.android.googlequicksearchbox:search identical 1 line
11-16 08:57:20.662: W/SearchServiceCore(10225): Abort, client detached.
11-16 08:57:20.664: I/roid.music:mai(19638): The ClassLoaderContext is a special shared library.
11-16 08:57:20.678: I/ActivityManager(1166): Start proc 19661:com.android.hotwordenrollment.okgoogle/u0a45 for activity com.android.hotwordenrollment.okgoogle/.EnrollmentActivity
11-16 08:57:20.683: E/llment.okgoogl(19661): Not starting debugger since process cannot load the jdwp agent.
11-16 08:57:20.688: I/ActivityManager(1166): Killing 18698:com.android.vending:instant_app_installer/u0a14 (adj 906): empty #17
11-16 08:57:20.689: W/libprocessgroup(1166): kill(-18698, 9) failed: No such process
11-16 08:57:20.705: W/ndroid.contact(19462): Verification of void hdd.a(java.lang.String, boolean, kzr, kxu) took 107.906ms
11-16 08:57:20.708: I/Zygote(737): Process 18698 exited due to signal (9)
11-16 08:57:20.721: I/MultiDex(19638): VM with version 2.1.0 has multidex support
11-16 08:57:20.721: I/MultiDex(19638): install
11-16 08:57:20.721: I/MultiDex(19638): VM has multidex support, MultiDex support library is disabled.
11-16 08:57:20.722: E/libc(19661): Access denied finding property "vendor.debug.egl.profiler"
11-16 08:57:20.720: W/com.android.hotwordenrollment.okgoogle(19661): type=1400 audit(0.0:341): avc: denied { read } for comm=45474C20496E6974 name="u:object_r:vendor_default_prop:s0" dev="tmpfs" ino=20008 scontext=u:r:priv_app:s0:c512,c768 tcontext=u:object_r:vendor_default_prop:s0 tclass=file permissive=0
11-16 08:57:20.730: I/PeopleDatabaseHelper(13219): Updating DB locale: en_US -> en
11-16 08:57:20.734: W/libprocessgroup(1166): kill(-18698, 9) failed: No such process
11-16 08:57:20.734: I/libprocessgroup(1166): Successfully killed process cgroup uid 10014 pid 18698 in 44ms
11-16 08:57:20.735: I/EnrollmentActivity(19661): Started by non-activity for action: 0, keyphrase: Ok Google, locale: en-GB
11-16 08:57:20.738: D/OpenGLRenderer(19661): Skia GL Pipeline
11-16 08:57:20.741: I/akia(11001): Removed 0 invalid users [CONTEXT service_id=51 ]
11-16 08:57:20.750: D/BoundBrokerSvc(13219): onBind: Intent { act=com.google.android.gms.findmydevice.spot.service.locationreport.START cmp=com.google.android.gms/.chimera.GmsApiService }
11-16 08:57:20.750: D/BoundBrokerSvc(13219): Loading bound service for intent: Intent { act=com.google.android.gms.findmydevice.spot.service.locationreport.START cmp=com.google.android.gms/.chimera.GmsApiService }
11-16 08:57:20.753: I/PeopleSearchIndexManage(13219): Marking for index update.
11-16 08:57:20.756: W/SoundTriggerHelper(1166): Attempting stopRecognition without a successful startRecognition
11-16 08:57:20.757: W/AlwaysOnHotwordDetector(4148): stopRecognition() failed with error code -2147483648
11-16 08:57:20.764: I/Adreno(19661): QUALCOMM build                   : 3f88ca2, I42f6fe38fb
11-16 08:57:20.764: I/Adreno(19661): Build Date                       : 07/13/18
11-16 08:57:20.764: I/Adreno(19661): OpenGL ES Shader Compiler Version: EV031.24.00.00
11-16 08:57:20.764: I/Adreno(19661): Local Branch                     : 50.04
11-16 08:57:20.764: I/Adreno(19661): Remote Branch                    : 
11-16 08:57:20.764: I/Adreno(19661): Remote Branch                    : 
11-16 08:57:20.764: I/Adreno(19661): Reconstruct Branch               : 
11-16 08:57:20.764: I/Adreno(19661): Build Config                     : S P 4.0.10 AArch64
11-16 08:57:20.766: D/MusicLifecycle(19638): com.google.android.music.store.ConfigContentProvider generated event: Content provider created
11-16 08:57:20.766: I/EnrollmentActivity(19661): Enroll keyphrase Ok Googleoperation succeeded for en-GB
11-16 08:57:20.766: W/RenderThread(19661): type=1400 audit(0.0:342): avc: denied { read } for name="u:object_r:vendor_default_prop:s0" dev="tmpfs" ino=20008 scontext=u:r:priv_app:s0:c512,c768 tcontext=u:object_r:vendor_default_prop:s0 tclass=file permissive=0
11-16 08:57:20.767: E/libc(19661): Access denied finding property "ro.vendor.graphics.memory"
11-16 08:57:20.768: I/Adreno(19661): PFP: 0x016ee170, ME: 0x00000000
11-16 08:57:20.769: I/GsaVoiceInteractionSrv(4148): Not starting recognition
11-16 08:57:20.771: I/ConfigStore(19661): android::hardware::configstore::V1_0::ISurfaceFlingerConfigs::hasWideColorDisplay retrieved: 1
11-16 08:57:20.771: I/ConfigStore(19661): android::hardware::configstore::V1_0::ISurfaceFlingerConfigs::hasHDRDisplay retrieved: 1
11-16 08:57:20.772: I/OpenGLRenderer(19661): Initialized EGL, version 1.4
11-16 08:57:20.772: D/OpenGLRenderer(19661): Swap behavior 2
11-16 08:57:20.776: D/MusicLifecycle(19638): com.google.android.music.api.MusicPublicContentProvider generated event: Content provider created
11-16 08:57:20.784: I/HotwordHelper(10225): hasHotwordEverywhere-false
11-16 08:57:20.783: W/RenderThread(19661): type=1400 audit(0.0:343): avc: denied { read } for name="u:object_r:vendor_default_prop:s0" dev="tmpfs" ino=20008 scontext=u:r:priv_app:s0:c512,c768 tcontext=u:object_r:vendor_default_prop:s0 tclass=file permissive=0
11-16 08:57:20.786: E/libc(19661): Access denied finding property "vendor.gralloc.enable_ahardware_buffer"
11-16 08:57:20.787: I/Dialer(19561): SystemCallLogDataSource.handleInsertsAndUpdatesInternal - no results for REGULAR_CALL
11-16 08:57:20.788: I/Dialer(19561): SystemCallLogDataSource.handleInsertsAndUpdatesInternal - no results for CALL_IN_DIRECT_BOOT_MODE
11-16 08:57:20.791: W/SessionLifecycleManager(10225): Client : AttachedClient[44971662656668242, ClientConfig[mFlags=[default, headless, launch_external_voice_search_ui, support_transparent_background, legacy_leave_behind_dirty_session_fixme] mSuggestFlags=[0] mClientId=HOTWORD_SERVICE mSessionType=search]] has no associated SessionController
11-16 08:57:20.791: W/SearchServiceCore(10225): Abort, client detached.
11-16 08:57:20.791: I/chatty(10225): uid=10047 com.google.android.googlequicksearchbox:search identical 1 line
11-16 08:57:20.791: W/SearchServiceCore(10225): Abort, client detached.
11-16 08:57:20.795: D/MusicLifecycle(19638): com.google.android.music.store.MusicContentProvider generated event: Content provider created
11-16 08:57:20.797: I/BackdropActivity(18517): onResume()
11-16 08:57:20.802: I/PeopleDatabaseHelper(13219): cleanUpNonGplusAccounts done.
11-16 08:57:20.803: I/PeopleSearchIndexManage(13219): Index version changed from 0
11-16 08:57:20.804: I/ActivityManager(1166): Activity requesting to dismiss Keyguard: ActivityRecord{cf1a61c u0 com.google.android.apps.mtaas.backdrop/.BackdropActivity t4}
11-16 08:57:20.807: D/MusicLifecycle(19638): com.google.android.music.ui.PhoneMusicApplication generated event: Application created
11-16 08:57:20.816: W/SurfaceFlinger(645): Attempting to destroy on removed layer: AppWindowToken{36be2fd token=Token{e3b7354 ActivityRecord{c7e42a7 u0 com.android.hotwordenrollment.okgoogle/.EnrollmentActivity t5}}}#0
11-16 08:57:20.817: I/Dialer(19561): SystemCallLogDataSource.handleDeletes - found 0 call log entries to remove
11-16 08:57:20.818: I/PeopleSearchIndexManage(13219): Rebuilding index...
11-16 08:57:20.829: D/android.hardware.power@1.3-service.crosshatch-libperfmgr(780): LAUNCH OFF
11-16 08:57:20.840: D/MusicLifecycle(19638): com.google.android.music.store.ConfigContentProvider generated event: initializing
11-16 08:57:20.843: I/BaseStore(19638): ConfigStore database version: 1
11-16 08:57:20.853: I/NearbyDiscovery(11001): Show notifications: 0 total, no changes since last shown, no-op. [CONTEXT service_id=49 ]
11-16 08:57:20.855: I/Dialer(19561): SystemBlockedNumberPhoneLookup.getMostRecentPhoneLookupInfo - enter
11-16 08:57:20.856: I/PeopleASM(13219): Rebuilding autocomplete index...
11-16 08:57:20.859: I/PeopleSearchIndexManage(13219): Rebuilding index done.
11-16 08:57:20.868: W/roid.music:mai(19638): Unknown chunk type '200'.
11-16 08:57:20.871: I/roid.music:mai(19638): The ClassLoaderContext is a special shared library.
11-16 08:57:20.872: I/chatty(19638): uid=10075 com.google.android.music:main identical 1 line
11-16 08:57:20.873: I/roid.music:mai(19638): The ClassLoaderContext is a special shared library.
11-16 08:57:20.885: V/NativeCrypto(19638): Registering com/google/android/gms/org/conscrypt/NativeCrypto's 294 native methods...
11-16 08:57:20.918: D/NetworkSecurityConfig(19638): No Network Security Config specified, using platform default
11-16 08:57:20.919: I/ProviderInstaller(19638): Installed default security provider GmsCore_OpenSSL
11-16 08:57:20.919: D/AndroidMusic(19638): GMSCore installation verified
11-16 08:57:20.966: I/Wear_Controller(11001): Wearable module requires a companion app to be installed.
11-16 08:57:20.966: I/WearableService(11001): onCreate: Wearable Services not starting. Wear is not available on this device.
11-16 08:57:20.993: W/Nearby(11001): Bind call too late - someone already tried to get: interface bopq [CONTEXT service_id=49 ]
11-16 08:57:21.001: I/MusicExperimentManager(19638): Received config change, experiments list is null
11-16 08:57:21.001: W/MusicExperimentManager(19638): Parsing error while updating analysis experiments
11-16 08:57:21.013: I/TopChartsIcing(19638): Starting 'com.google.android.music.sync.google.MusicGcmTaskService
11-16 08:57:21.017: I/NearbyMessages(11001): OfflineCache: old scanner cache is not enabled [CONTEXT service_id=62 ]
11-16 08:57:21.018: I/BaseStore(19638): Store database version: 146
11-16 08:57:21.053: I/Finsky(18581): [2] ajih.kw(11): BulkDetails response obtained.
11-16 08:57:21.058: I/Finsky(18581): [2] ajja.a(21): No new splits to download.
11-16 08:57:21.059: I/PlaybackClient(19638): init: Initializing
11-16 08:57:21.059: I/Finsky(18581): [2] ajkh.run(138): Skipping check for new language splits in self-update.
11-16 08:57:21.062: I/Icing(13219): IndexChimeraService.getServiceInterface callingPackage=com.google.android.gms componentName=AppsCorpus serviceId=32
11-16 08:57:21.064: I/Finsky(18581): [2] abya.n(4): SCH: jobFinished: 37-0. TimeElapsed: 2094ms.
11-16 08:57:21.068: I/Finsky(18581): [2] abwr.e(4): SCH: Job 37-0 finished. Not rescheduling.
11-16 08:57:21.068: D/ConnectivityService(1166): Returning BLOCKED NetworkInfo to uid=10075
11-16 08:57:21.069: I/Finsky(18581): [2] abwq.handleMessage(59): SCH: RunningQueue size: 0, PendingQueue size: 0
11-16 08:57:21.070: I/Finsky(18581): [2] abwq.handleMessage(26): SCH: Executor finished
11-16 08:57:21.074: W/WearableService(11001): onGetService: Wear is not available on this device.
11-16 08:57:21.083: I/Icing(13219): Query from package: com.google.android.gms, component: AppsCorpus, restrict package: com.google.android.gms, start: 0, num: 100
11-16 08:57:21.087: I/ActivityManager(1166): Killing 18884:com.google.android.apps.maps/u0a102 (adj 906): empty #17
11-16 08:57:21.088: I/ActivityManager(1166): Killing 18733:com.google.android.apps.docs/u0a128 (adj 906): empty #18
11-16 08:57:21.089: W/libprocessgroup(1166): kill(-18884, 9) failed: No such process
11-16 08:57:21.090: I/NearbyDiscovery(11001): FastPairScanner2: isScreenOn=true, scanWithScreenOff=false, isLocationEnabled=true, disableLocationRequirement=false, isDiscoveryScanningEnabled=true [CONTEXT service_id=49 ]
11-16 08:57:21.095: W/libprocessgroup(1166): kill(-18884, 9) failed: No such process
11-16 08:57:21.101: W/libprocessgroup(1166): kill(-18884, 9) failed: No such process
11-16 08:57:21.102: I/Finsky(18581): [2] abzb.b(5): SCH: Jobs in database: 1-1337 10-78 12-1 24-77777777 26-1414141414 29-29 31-305419896 
11-16 08:57:21.104: D/BluetoothAdapter(11001): isLeEnabled(): OFF
11-16 08:57:21.104: I/NearbyDiscovery(11001): FastPairScanner2: eventType=SERVICE_INITIALIZE, intReq=false, scanning=false, scanAllowed=true, bleEnabled=false, bleScanAvailable=false, lockScanRate=false [CONTEXT service_id=49 ]
11-16 08:57:21.105: I/NearbyDiscovery(11001): FastPairScanner2: register location ble observer [CONTEXT service_id=49 ]
11-16 08:57:21.114: W/libprocessgroup(1166): kill(-18884, 9) failed: No such process
11-16 08:57:21.114: I/NearbyDiscovery(11001): FastPairScanner2: BLE not available, eventType=SERVICE_INITIALIZE [CONTEXT service_id=49 ]
11-16 08:57:21.116: W/Icing(13219): No valid account for uploading user actions
11-16 08:57:21.121: I/NearbyDiscovery(11001): FastPair: HeadsetPieceImage, grant permission files:0 [CONTEXT service_id=49 ]
11-16 08:57:21.121: I/NearbyDiscovery(11001): FastPairEventStream: Initialize event stream [CONTEXT service_id=49 ]
11-16 08:57:21.121: I/Finsky(18581): [2] abxn.d(37): SCH: ConstraintMapping: 10-78, 24-77777777,  -> L: 0ms, D: 81697072ms, C: false, I: true, N: 0
11-16 08:57:21.122: I/Finsky(18581): [2] abxn.d(37): SCH: ConstraintMapping: 1-1337, 12-1, 31-305419896,  -> L: 64ms, D: 61692498ms, C: false, I: false, N: 1
11-16 08:57:21.123: I/Finsky(18581): [2] abxn.d(37): SCH: ConstraintMapping: 26-1414141414, 29-29,  -> L: 21951ms, D: 51951ms, C: false, I: false, N: 0
11-16 08:57:21.126: I/NearbyDiscovery(11001): Show notifications: 0 total, no changes since last shown, no-op. [CONTEXT service_id=49 ]
11-16 08:57:21.126: I/NearbyDiscovery(11001): FastPairHandler: Received action android.net.wifi.STATE_CHANGE [CONTEXT service_id=49 ]
11-16 08:57:21.126: I/NearbyDiscovery(11001): FastPairHandler: Received action android.net.conn.CONNECTIVITY_CHANGE [CONTEXT service_id=49 ]
11-16 08:57:21.126: D/MusicLifecycle(19638): com.google.android.music.notifications.NotificationChannelInitializationBroadcastReceiver generated event: Broadcast received with context android.app.ReceiverRestrictedContext@6877d70 and intent Intent { act=android.intent.action.LOCALE_CHANGED flg=0x11200010 cmp=com.google.android.music/.notifications.NotificationChannelInitializationBroadcastReceiver }
11-16 08:57:21.128: I/Finsky(18581): [2] abxn.f(7): SCH: Cancelling existing jobscheduler jobs: 
11-16 08:57:21.128: I/Finsky(18581): [2] abxn.e(8): SCH: Throttling wakeup for job 9001 (expected to run in 0 ms) due to recent wakeup
11-16 08:57:21.128: I/Finsky(18581): [2] abxn.e(23): SCH: Scheduling job Id: 9001, L: 30000, D: 81697072, C: false, I: true, N: 0
11-16 08:57:21.130: W/libprocessgroup(1166): kill(-18884, 9) failed: No such process
11-16 08:57:21.132: I/Finsky(18581): [2] abxn.e(8): SCH: Throttling wakeup for job 9002 (expected to run in 64 ms) due to recent wakeup
11-16 08:57:21.132: D/MusicLifecycle(19638): com.google.android.music.net.NetworkConnectivityMonitor$NetworkChangedReceiver generated event: Broadcast received with context com.google.android.music.ui.PhoneMusicApplication@91a0689 and intent Intent { act=android.net.conn.CONNECTIVITY_CHANGE flg=0x4200010 (has extras) }
11-16 08:57:21.133: I/Finsky(18581): [2] abxn.e(23): SCH: Scheduling job Id: 9002, L: 30000, D: 61692498, C: false, I: false, N: 1
11-16 08:57:21.134: I/NetworkConnectivity(19638): Network state changed: [type: WIFI[], state: DISCONNECTED/BLOCKED, reason: (unspecified), extra: (none), failover: false, available: true, roaming: false]
11-16 08:57:21.134: I/Finsky(18581): [2] abxn.e(8): SCH: Throttling wakeup for job 9003 (expected to run in 21951 ms) due to recent wakeup
11-16 08:57:21.135: I/Finsky(18581): [2] abxn.e(23): SCH: Scheduling job Id: 9003, L: 30000, D: 51951, C: false, I: false, N: 0
11-16 08:57:21.138: I/Zygote(736): Process 18733 exited due to signal (9)
11-16 08:57:21.150: I/ActivityManager(1166): Start proc 19729:com.google.android.youtube/u0a80 for broadcast com.google.android.youtube/com.google.android.apps.youtube.app.application.system.LocaleUpdatedReceiver
11-16 08:57:21.151: D/MusicLifecycle(19638): com.google.android.music.download.EncapsulatedBroadcastReceiver$1 generated event: Broadcast received with context com.google.android.music.ui.PhoneMusicApplication@91a0689 and intent Intent { act=com.google.android.music.ResumeStorageMigration flg=0x10 (has extras) }
11-16 08:57:21.151: I/Zygote(736): Process 18884 exited due to signal (9)
11-16 08:57:21.155: D/BoundBrokerSvc(11001): onUnbind: Intent { act=com.google.android.gms.clearcut.bootcount.service.START pkg=com.google.android.gms }
11-16 08:57:21.155: D/MusicLifecycle(19638): com.google.android.music.download.artwork.ArtDownloadService generated event: Service created
11-16 08:57:21.162: E/android.youtub(19729): Not starting debugger since process cannot load the jdwp agent.
11-16 08:57:21.167: I/Icing(13219): Usage reports ok 1, Failed Usage reports 0, indexed 0, rejected 0
11-16 08:57:21.174: W/libprocessgroup(1166): kill(-18884, 9) failed: No such process
11-16 08:57:21.174: I/libprocessgroup(1166): Successfully killed process cgroup uid 10102 pid 18884 in 85ms
11-16 08:57:21.174: W/libprocessgroup(1166): kill(-18733, 9) failed: No such process
11-16 08:57:21.174: I/libprocessgroup(1166): Successfully killed process cgroup uid 10128 pid 18733 in 0ms
11-16 08:57:21.187: I/android.youtub(19729): The ClassLoaderContext is a special shared library.
11-16 08:57:21.205: W/AdvertisingIdClient(19638): Error while reading from SharedPreferences 
11-16 08:57:21.205: W/AdvertisingIdClient(19638): java.lang.SecurityException: MODE_WORLD_READABLE no longer supported
11-16 08:57:21.205: W/AdvertisingIdClient(19638): 	at android.app.ContextImpl.checkMode(ContextImpl.java:2495)
11-16 08:57:21.205: W/AdvertisingIdClient(19638): 	at android.app.ContextImpl.getSharedPreferences(ContextImpl.java:414)
11-16 08:57:21.205: W/AdvertisingIdClient(19638): 	at android.app.ContextImpl.getSharedPreferences(ContextImpl.java:404)
11-16 08:57:21.205: W/AdvertisingIdClient(19638): 	at com.google.android.gms.ads.identifier.AdvertisingIdClient.getAdvertisingIdInfo(Unknown Source:12)
11-16 08:57:21.205: W/AdvertisingIdClient(19638): 	at com.google.android.music.preferences.MusicPreferences.getAdvertisingIdInfo(MusicPreferences.java:2476)
11-16 08:57:21.205: W/AdvertisingIdClient(19638): 	at com.google.android.music.preferences.MusicPreferences.access$1000(MusicPreferences.java:83)
11-16 08:57:21.205: W/AdvertisingIdClient(19638): 	at com.google.android.music.preferences.MusicPreferences$7.run(MusicPreferences.java:2457)
11-16 08:57:21.205: W/AdvertisingIdClient(19638): 	at com.google.android.music.utils.async.TraceableRunnable.runLogged(TraceableRunnable.java:21)
11-16 08:57:21.205: W/AdvertisingIdClient(19638): 	at com.google.android.music.utils.async.LoggedRunnable.run(LoggedRunnable.java:30)
11-16 08:57:21.205: W/AdvertisingIdClient(19638): 	at android.os.Handler.handleCallback(Handler.java:873)
11-16 08:57:21.205: W/AdvertisingIdClient(19638): 	at android.os.Handler.dispatchMessage(Handler.java:99)
11-16 08:57:21.205: W/AdvertisingIdClient(19638): 	at com.google.android.music.utils.LoggableHandler.dispatchMessage(LoggableHandler.java:74)
11-16 08:57:21.205: W/AdvertisingIdClient(19638): 	at android.os.Looper.loop(Looper.java:193)
11-16 08:57:21.205: W/AdvertisingIdClient(19638): 	at android.os.HandlerThread.run(HandlerThread.java:65)
11-16 08:57:21.207: I/ActivityManager(1166): Killing 10169:com.google.android.ims/u0a25 (adj 1001): empty #17
11-16 08:57:21.210: W/libprocessgroup(1166): kill(-10169, 9) failed: No such process
11-16 08:57:21.217: I/Dialer(19561): Flags.register - phenotype register status: true
11-16 08:57:21.221: D/MusicLifecycle(19638): com.google.android.music.download.EncapsulatedBroadcastReceiver$1 generated event: Broadcast received with context com.google.android.music.ui.PhoneMusicApplication@91a0689 and intent Intent { act=com.google.android.music.download.keepon.KeeponSchedulingService.START_DOWNLOAD flg=0x10 }
11-16 08:57:21.232: I/Zygote(736): Process 10169 exited due to signal (9)
11-16 08:57:21.232: D/ConnectivityService(1166): ConnectivityService NetworkRequestInfo binderDied(NetworkRequest [ TRACK_DEFAULT id=28, [ Capabilities: INTERNET&NOT_RESTRICTED&TRUSTED Unwanted:  Uid: 10025] ], android.os.BinderProxy@956669c)
11-16 08:57:21.233: D/ConnectivityService(1166): releasing NetworkRequest [ TRACK_DEFAULT id=28, [ Capabilities: INTERNET&NOT_RESTRICTED&TRUSTED Unwanted:  Uid: 10025] ] (release request)
11-16 08:57:21.240: W/ActivityManager(1166): Scheduling restart of crashed service com.google.android.ims/.services.NetworkConnectionsService in 1000ms
11-16 08:57:21.246: I/Dialer(19561): SpamCallDataSource.fill - enter
11-16 08:57:21.246: I/Dialer(19561): SpamCallDataSource.handleInserts - enter
11-16 08:57:21.252: W/YT(19729): Last known version:13.23.60
11-16 08:57:21.253: I/Dialer(19561): AnnotatedCallLogCoalescer.coalesce - enter
11-16 08:57:21.253: I/Dialer(19561): AnnotatedCallLogCoalescer.coalesceWithSelection - enter
11-16 08:57:21.255: W/libprocessgroup(1166): kill(-10169, 9) failed: No such process
11-16 08:57:21.255: I/libprocessgroup(1166): Successfully killed process cgroup uid 10025 pid 10169 in 45ms
11-16 08:57:21.256: I/Dialer(19561): AnnotatedCallLogCoalescer.coalesceWithSelection - enter
11-16 08:57:21.256: I/Dialer(19561): PrimesMetrics.startTimer - AnnotatedCallLogCoalescer.CoalesceForAllCalls is empty
11-16 08:57:21.257: I/Dialer(19561): ConversationHistoryCoalescer.coalesce - enter
11-16 08:57:21.257: I/Dialer(19561): PrimesMetrics.startTimer - AnnotatedCallLogCoalescer.CoalesceForMissedCalls is empty
11-16 08:57:21.282: I/Dialer(19561): AnnotatedCallLogCoalescer.coalesceInternal - enter
11-16 08:57:21.282: I/Dialer(19561): AnnotatedCallLogCoalescer.coalesceInternal - enter
11-16 08:57:21.289: I/Dialer(19561): CoalescedRowsDao.saveToFileForAllCalls - enter
11-16 08:57:21.290: D/AwarenessRouter(19638): 0 new fences
11-16 08:57:21.291: I/Dialer(19561): PrimesMetrics.startTimer - CoalescedRowsDao.SaveAllCalls is empty
11-16 08:57:21.291: I/Dialer(19561): CoalescedRowsDao.save - acquiring write lock
11-16 08:57:21.292: I/Dialer(19561): CoalescedRowsDao.saveToFileForMissedCalls - enter
11-16 08:57:21.293: I/Dialer(19561): PrimesMetrics.startTimer - CoalescedRowsDao.SaveMissedCalls is empty
11-16 08:57:21.294: I/Dialer(19561): CoalescedRowsDao.save - acquiring write lock
11-16 08:57:21.294: I/BugleRcsEngine(10258): [587] ProvisioningEngineStateMachine$StateBase.c: Exit DisabledState
11-16 08:57:21.296: W/BugleRcsEngine(10258): [587] pcp.c: No config URL. RCS will be disabled!
11-16 08:57:21.301: E/BugleRcsEngine(10258): [2] pkf.a: TelephonyChangeReceiver is not registered.
11-16 08:57:21.306: D/ConnectivityService(1166): releasing NetworkRequest [ TRACK_DEFAULT id=31, [ Capabilities: INTERNET&NOT_RESTRICTED&TRUSTED Unwanted:  Uid: 10111] ] (release request)
11-16 08:57:21.307: I/BugleRcsEngine(10258): [2] oli.a: Destroying JibeServiceComponent
11-16 08:57:21.307: I/BugleRcsEngine(10258): [2] pkj.h: Shutting down SimStateTracker
11-16 08:57:21.307: I/Dialer(19561): CoalescedRowsDao.save - start writing coalesced rows
11-16 08:57:21.309: I/Dialer(19561): CoalescedRowsDao.save - start writing coalesced rows
11-16 08:57:21.310: I/Dialer(19561): ConversationHistoryCoalescer.coalesce - conversation history disabled
11-16 08:57:21.315: W/YouTube(19729): Fetching the Gservices key 'failsafe_clear_cache_release_13_02' before the end of the bulk initialization
11-16 08:57:21.315: I/Dialer(19561): CoalescedRowsDao.save - write lock released
11-16 08:57:21.315: I/Dialer(19561): CoalescedRowsUpdatedNotifier.notifyForCallLogMissedCalls - enter
11-16 08:57:21.315: I/Dialer(19561): CoalescedRowsDao.save - write lock released
11-16 08:57:21.315: I/Dialer(19561): CoalescedRowsUpdatedNotifier.notifyForCallLogAllCalls - enter
11-16 08:57:21.323: I/Dialer(19561): CallLogCacheUpdater.updateCache - updated 0 rows
11-16 08:57:21.328: I/Dialer(19561): Flags.register - commit succeeded: true
11-16 08:57:21.336: D/AwarenessRouter(19638): 0 fences already registered
11-16 08:57:21.340: D/AwarenessRouter(19638): Successfully removed 0 context fences
11-16 08:57:21.379: D/AndroidRuntime(19755): >>>>>> START com.android.internal.os.RuntimeInit uid 2000 <<<<<<
11-16 08:57:21.388: E/android.youtub(19729): The String#value field is not present on Android versions >= 6.0
11-16 08:57:21.408: I/Icing(13219): Indexing com.google.android.gms-apps from com.google.android.gms
11-16 08:57:21.410: E/YouTube(19729): flushBinderConnectionCallbacks is unverified on SDK 28
11-16 08:57:21.413: D/ConnectivityService(1166): Returning BLOCKED NetworkInfo to uid=10080
11-16 08:57:21.423: W/android.youtub(19729): Unknown chunk type '200'.
11-16 08:57:21.430: I/android.youtub(19729): The ClassLoaderContext is a special shared library.
11-16 08:57:21.436: I/app_process(19755): The ClassLoaderContext is a special shared library.
11-16 08:57:21.441: I/android.youtub(19729): The ClassLoaderContext is a special shared library.
11-16 08:57:21.450: I/android.youtub(19729): The ClassLoaderContext is a special shared library.
11-16 08:57:21.458: D/AndroidRuntime(19755): Calling main entry com.android.commands.am.Am
11-16 08:57:21.462: I/akhr(11001): Scheduling Phenotype for a PhenotypeSyncImmediately(13, com.google.android.googlequicksearchbox) one off with window [1, 2] in seconds [CONTEXT service_id=51 ]
11-16 08:57:21.467: I/Bugle(18821): VerifiedSmsStartupTask: Checking if Verified SMS tasks should be enqueued.
11-16 08:57:21.468: I/Bugle(18821): VerifiedSmsStartupTask: Not enqueuing Verified SMS periodic task, Verified SMS is disabled.
11-16 08:57:21.469: I/ActivityManager(1166): Force stopping androidx.lifecycle.extensions.test appid=10172 user=0: start instr
11-16 08:57:21.485: I/ActivityManager(1166): Start proc 19801:androidx.lifecycle.extensions.test/u0a172 for added application androidx.lifecycle.extensions.test
11-16 08:57:21.486: I/extensions.tes(19801): Late-enabling -Xcheck:jni
11-16 08:57:21.496: I/Icing(13219): Indexing done com.google.android.gms-apps
11-16 08:57:21.507: E/YouTube(19729): Failed delayed event dispatch, no dispatchers.
11-16 08:57:21.525: E/GCM(11001): Missing checkin config file
11-16 08:57:21.526: W/GCM(11001): GCM FAILED TO INITIALIZE - missing checkin
11-16 08:57:21.530: E/Bugle(18821): BugleFirebaseInstanceIDManagerImpl: Failed to refresh firebase instance ID
11-16 08:57:21.530: E/Bugle(18821): java.io.IOException: AUTHENTICATION_FAILED
11-16 08:57:21.530: E/Bugle(18821): 	at wik.a(SourceFile:9)
11-16 08:57:21.530: E/Bugle(18821): 	at nok.run(SourceFile:8)
11-16 08:57:21.530: E/Bugle(18821): 	at java.util.concurrent.ThreadPoolExecutor.runWorker(ThreadPoolExecutor.java:1167)
11-16 08:57:21.530: E/Bugle(18821): 	at java.util.concurrent.ThreadPoolExecutor$Worker.run(ThreadPoolExecutor.java:641)
11-16 08:57:21.530: E/Bugle(18821): 	at java.lang.Thread.run(Thread.java:764)
11-16 08:57:21.555: W/android.youtub(19729): Unsupported class loader
11-16 08:57:21.557: I/extensions.tes(19801): The ClassLoaderContext is a special shared library.
11-16 08:57:21.558: I/extensions.tes(19801): The ClassLoaderContext is a special shared library.
11-16 08:57:21.602: W/SearchServiceCore(10225): Abort, client detached.
11-16 08:57:21.602: W/SearchServiceCore(10225): Abort, client detached.
11-16 08:57:21.613: I/BgTaskExecutorImpl(10225): Starting EXCLUSIVE background task FETCH_CONFIGS_FROM_PHENOTYPE.
11-16 08:57:21.624: W/android.youtub(19729): Skipping duplicate class check due to unsupported classloader
11-16 08:57:21.628: E/ExecutionCriteria(11001): Package unavailable for task: com.google.android.apps.gcs/com.google.android.flib.phenotype.services.PhenotypeExperimentCommitService{u=0 tag="PhenotypeExpCommitSvc" trigger=window{start=0s,end=30s,earliest=-1274s,latest=-1244s} requirements=[NET_ANY] attributes=[PERSISTED] scheduled=-1274s last_run=N/A exec_window_multiplier=1.0000 jid=N/A status=PENDING retries=0 client_lib=MANCHEGO_GCM-11732000} [CONTEXT service_id=218 ]
11-16 08:57:21.630: I/DynamiteModule(19729): Considering local module com.google.android.gms.ads.dynamite:0 and remote module com.google.android.gms.ads.dynamite:213806100
11-16 08:57:21.630: I/DynamiteModule(19729): Selected remote version of com.google.android.gms.ads.dynamite, version >= 213806100
11-16 08:57:21.631: I/CrashMetricService(19729): Startup metric for 'PRIMES_CRASH_MONITORING_INITIALIZED' dropped.
11-16 08:57:21.644: I/BlobLobber(10225): Canceling downloads: [odws2_en:us:807_2019-07-21_260300236_release_signed]
11-16 08:57:21.645: I/BlobLobber(10225): Failed to cancel [odws2_en:us:807_2019-07-21_260300236_release_signed]
11-16 08:57:21.648: I/BgTaskExecutorImpl(10225): Starting EXCLUSIVE background task BLOBLOBBER_SYNC.
11-16 08:57:21.654: I/OpaEnabledReceiver(3673): Dispatching OPA eligble = true; AGSA = true; OPA enabled = true
11-16 08:57:21.654: I/OpaLayout(3673): Setting opa enabled to true
11-16 08:57:21.654: I/OpaLayout(3673): Setting opa enabled to true
11-16 08:57:21.656: I/NetworkScheduler.Stats(11001): Task com.google.android.inputmethod.latin/ started execution. cause:7 exec_start_elapsed_seconds: 1377 [CONTEXT service_id=218 ]
11-16 08:57:21.661: I/VelourConfigListener(10225): Received new velour config
11-16 08:57:21.664: I/OpaEnabledReceiver(3673): Dispatching OPA eligble = true; AGSA = true; OPA enabled = true
11-16 08:57:21.664: I/OpaLayout(3673): Setting opa enabled to true
11-16 08:57:21.664: I/OpaLayout(3673): Setting opa enabled to true
11-16 08:57:21.666: I/FirebaseJobDispatcher(3654): onStartJob(): DefaultStickerUpdate.
11-16 08:57:21.666: I/DefaultStickerUpdate(3654): Submitted task to executor service with data=DefaultStickerTaskData{enabled=true, metadataUriPrefix=https://www.gstatic.com/android/keyboard/stickers/configs/v5/, supportedLanguage=en}
11-16 08:57:21.669: I/BgTaskExecutorImpl(10225): Starting EXCLUSIVE background task VELOUR_BACKGROUND_MAINTENANCE.
11-16 08:57:21.681: W/android.youtub(19729): Unknown chunk type '200'.
11-16 08:57:21.682: I/OpaEligibilityChecker(10225): send OpaEligibilityChange broadcast to CommonBroadcastReceiver
11-16 08:57:21.688: D/NetworkSecurityConfig(3654): No Network Security Config specified, using platform default
11-16 08:57:21.704: I/DefaultStickerUpdate(3654): Started update task with DefaultStickerTaskData{enabled=true, metadataUriPrefix=https://www.gstatic.com/android/keyboard/stickers/configs/v5/, supportedLanguage=en}
11-16 08:57:21.717: I/DefaultStickerUpdate(3654): Read metadata file from cache with 267141 bytes
11-16 08:57:21.738: I/ActivityManager(1166): Killing 18821:com.google.android.apps.messaging/u0a111 (adj 906): empty #17
11-16 08:57:21.739: W/libprocessgroup(1166): kill(-18821, 9) failed: No such process
11-16 08:57:21.752: I/ActivityManager(1166): Start proc 19871:com.google.intelligence.sense/u0a31 for broadcast com.google.intelligence.sense/.ambientmusic.SystemBroadcastReceiver
11-16 08:57:21.752: W/extensions.tes(19801): Accessing hidden method Landroid/app/Instrumentation;->execStartActivity(Landroid/content/Context;Landroid/os/IBinder;Landroid/os/IBinder;Landroid/app/Activity;Landroid/content/Intent;ILandroid/os/Bundle;)Landroid/app/Instrumentation$ActivityResult; (light greylist, linking)
11-16 08:57:21.752: W/extensions.tes(19801): Accessing hidden method Landroid/app/Instrumentation;->execStartActivity(Landroid/content/Context;Landroid/os/IBinder;Landroid/os/IBinder;Ljava/lang/String;Landroid/content/Intent;ILandroid/os/Bundle;)Landroid/app/Instrumentation$ActivityResult; (light greylist, linking)
11-16 08:57:21.755: E/elligence.sens(19871): Not starting debugger since process cannot load the jdwp agent.
11-16 08:57:21.758: W/libprocessgroup(1166): kill(-18821, 9) failed: No such process
11-16 08:57:21.762: I/MonitoringInstr(19801): Instrumentation started!
11-16 08:57:21.765: W/libprocessgroup(1166): kill(-18821, 9) failed: No such process
11-16 08:57:21.771: W/libprocessgroup(1166): kill(-18821, 9) failed: No such process
11-16 08:57:21.772: V/TestEventClient(19801): No service name argument was given (testDiscoveryService, testRunEventService or orchestratorService)
11-16 08:57:21.774: I/MonitoringInstr(19801): No JSBridge.
11-16 08:57:21.778: W/native(19871): commandlineflags.cc:1511 Ignoring RegisterValidateFunction() for flag pointer 0x7898026598: no flag found at that address
11-16 08:57:21.781: D/InfraTrack(19801): Tracking disabled due to lack of internet permissions
11-16 08:57:21.781: I/UsageTrackerFacilitator(19801): Usage tracking disabled
11-16 08:57:21.787: I/TestRequestBuilder(19801): Scanning classpath to find tests in paths [/data/app/androidx.lifecycle.extensions.test-0_LVr5MRYHvKxOdjRRjR5w==/base.apk]
11-16 08:57:21.788: W/extensions.tes(19801): Opening an oat file without a class loader. Are you using the deprecated DexFile APIs?
11-16 08:57:21.790: E/elligence.sens(19871): The String#value field is not present on Android versions >= 6.0
11-16 08:57:21.795: W/libprocessgroup(1166): kill(-18821, 9) failed: No such process
11-16 08:57:21.799: I/Zygote(736): Process 18821 exited due to signal (9)
11-16 08:57:21.800: D/BoundBrokerSvc(13219): onUnbind: Intent { act=com.google.android.mdd.service.START pkg=com.google.android.gms }
11-16 08:57:21.800: D/BoundBrokerSvc(13219): onUnbind: Intent { act=com.google.android.gms.walletp2p.service.firstparty.BIND pkg=com.google.android.gms }
11-16 08:57:21.801: D/BoundBrokerSvc(13219): onUnbind: Intent { act=com.google.android.mobstore.service.START pkg=com.google.android.gms }
11-16 08:57:21.801: D/BoundBrokerSvc(13219): onUnbind: Intent { act=com.google.android.gms.measurement.START pkg=com.google.android.gms }
11-16 08:57:21.818: I/Superpacks(19871): Releasing all superpacks except ambientmusic-index-17_09_02
11-16 08:57:21.819: W/earchbox:searc(10225): Unsupported class loader
11-16 08:57:21.825: W/NotificationService(1166): Notification policy access denied calling getAutomaticZenRules
11-16 08:57:21.827: I/ActivityManager(1166): Killing 19224:com.google.android.gms.unstable/u0a7 (adj 906): empty #17
11-16 08:57:21.839: I/ActivityManager(1166): Start proc 19902:com.google.android.apps.chromecast.app/u0a149 for broadcast com.google.android.apps.chromecast.app/com.google.android.libraries.notifications.entrypoints.localechanged.LocaleChangedReceiver
11-16 08:57:21.840: W/libprocessgroup(1166): kill(-18821, 9) failed: No such process
11-16 08:57:21.840: I/libprocessgroup(1166): Successfully killed process cgroup uid 10111 pid 18821 in 102ms
11-16 08:57:21.841: W/libprocessgroup(1166): kill(-19224, 9) failed: No such process
11-16 08:57:21.849: I/Superpacks(19871): Starting garbage collection
11-16 08:57:21.849: W/Superpacks(19871): isDirectory returned false while listing files for /data/user/0/com.google.intelligence.sense/files/superpacks
11-16 08:57:21.850: E/.chromecast.ap(19902): Not starting debugger since process cannot load the jdwp agent.
11-16 08:57:21.859: W/libprocessgroup(1166): kill(-19224, 9) failed: No such process
11-16 08:57:21.865: W/libprocessgroup(1166): kill(-19224, 9) failed: No such process
11-16 08:57:21.866: I/.chromecast.ap(19902): The ClassLoaderContext is a special shared library.
11-16 08:57:21.882: W/libprocessgroup(1166): kill(-19224, 9) failed: No such process
11-16 08:57:21.891: I/Zygote(736): Process 19224 exited due to signal (9)
11-16 08:57:21.911: W/libprocessgroup(1166): kill(-19224, 9) failed: No such process
11-16 08:57:21.911: I/libprocessgroup(1166): Successfully killed process cgroup uid 10007 pid 19224 in 70ms
11-16 08:57:21.934: D/DownloadManager(18284): [83] Starting
11-16 08:57:21.979: W/android.youtub(19729): Unsupported class loader
11-16 08:57:22.023: D/NetworkSecurityConfig(18284): Using Network Security Config from resource network_security_config debugBuild: false
11-16 08:57:22.037: D/NetworkSecurityConfig(18284): Using Network Security Config from resource network_security_config debugBuild: false
11-16 08:57:22.066: D/NetworkSecurityConfig(18284): No Network Security Config specified, using platform default
11-16 08:57:22.082: I/DefaultStickerUpdate(3654): Received 6 sticker packs in metadata
11-16 08:57:22.099: I/Finsky(18581): [2] alsm.a(4): Exiting following cache clear.
11-16 08:57:22.101: I/Finsky(18581): [2] gik.run(63): Exit with reason: 375, called from : java.lang.Throwable
11-16 08:57:22.101: I/Finsky(18581): 	at gik.run(Unknown Source:9)
11-16 08:57:22.101: I/Finsky(18581): 	at android.os.Handler.handleCallback(Handler.java:873)
11-16 08:57:22.101: I/Finsky(18581): 	at android.os.Handler.dispatchMessage(Handler.java:99)
11-16 08:57:22.101: I/Finsky(18581): 	at android.os.Looper.loop(Looper.java:193)
11-16 08:57:22.101: I/Finsky(18581): 	at android.app.ActivityThread.main(ActivityThread.java:6718)
11-16 08:57:22.101: I/Finsky(18581): 	at java.lang.reflect.Method.invoke(Native Method)
11-16 08:57:22.101: I/Finsky(18581): 	at com.android.internal.os.RuntimeInit$MethodAndArgsCaller.run(RuntimeInit.java:493)
11-16 08:57:22.101: I/Finsky(18581): 	at com.android.internal.os.ZygoteInit.main(ZygoteInit.java:858)
11-16 08:57:22.114: I/android.vendin(18581): System.exit called, status: 0
11-16 08:57:22.114: I/AndroidRuntime(18581): VM exiting with result code 0, cleanup skipped.
11-16 08:57:22.178: D/ConnectivityService(1166): ConnectivityService NetworkRequestInfo binderDied(NetworkRequest [ LISTEN id=55, [ Capabilities: INTERNET&NOT_RESTRICTED&TRUSTED Unwanted:  Uid: 10014] ], android.os.BinderProxy@9d8c03e)
11-16 08:57:22.178: D/ConnectivityService(1166): ConnectivityService NetworkRequestInfo binderDied(NetworkRequest [ TRACK_DEFAULT id=54, [ Capabilities: INTERNET&NOT_RESTRICTED&TRUSTED Unwanted:  Uid: 10014] ], android.os.BinderProxy@9d0ee9f)
11-16 08:57:22.178: I/ActivityManager(1166): Process com.android.vending (pid 18581) has died: cch  CEM 
11-16 08:57:22.178: D/ConnectivityService(1166): releasing NetworkRequest [ TRACK_DEFAULT id=54, [ Capabilities: INTERNET&NOT_RESTRICTED&TRUSTED Unwanted:  Uid: 10014] ] (release request)
11-16 08:57:22.178: W/libprocessgroup(1166): kill(-18581, 9) failed: No such process
11-16 08:57:22.179: I/Zygote(737): Process 18581 exited cleanly (0)
11-16 08:57:22.180: I/Finsky:download_service(18750): [2] szp.onDestroy(8): IPC-SERVER: Stopping gRPC host service...
11-16 08:57:22.183: W/android.youtub(19729): Skipping duplicate class check due to unsupported classloader
11-16 08:57:22.185: W/libprocessgroup(1166): kill(-18581, 9) failed: No such process
11-16 08:57:22.185: I/libprocessgroup(1166): Successfully killed process cgroup uid 10014 pid 18581 in 6ms
