11-16 08:57:17.889: W/ActivityManager(1185): android.os.DeadObjectException
11-16 08:57:17.889: W/ActivityManager(1185): 	at android.os.BinderProxy.transactNative(Native Method)
11-16 08:57:17.889: W/ActivityManager(1185): 	at android.os.BinderProxy.transact(Binder.java:1129)
11-16 08:57:17.889: W/ActivityManager(1185): 	at android.app.IApplicationThread$Stub$Proxy.scheduleUnbindService(IApplicationThread.java:1100)
11-16 08:57:17.889: W/ActivityManager(1185): 	at com.android.server.am.ActiveServices.removeConnectionLocked(ActiveServices.java:2894)
11-16 08:57:17.889: W/ActivityManager(1185): 	at com.android.server.am.ActiveServices.killServicesLocked(ActiveServices.java:3293)
11-16 08:57:17.889: W/ActivityManager(1185): 	at com.android.server.am.ActivityManagerService.cleanUpApplicationRecordLocked(ActivityManagerService.java:20234)
11-16 08:57:17.889: W/ActivityManager(1185): 	at com.android.server.am.ActivityManagerService.handleAppDiedLocked(ActivityManagerService.java:5910)
11-16 08:57:17.889: W/ActivityManager(1185): 	at com.android.server.am.ActivityManagerService.appDiedLocked(ActivityManagerService.java:6105)
11-16 08:57:17.889: W/ActivityManager(1185): 	at com.android.server.am.ActivityManagerService$AppDeathRecipient.binderDied(ActivityManagerService.java:1891)
11-16 08:57:17.889: W/ActivityManager(1185): 	at android.os.BinderProxy.sendDeathNotice(Binder.java:1195)
11-16 08:57:17.890: W/ActivityManager(1185): Force removing ActivityRecord{5f8b95c u0 com.android.chrome/com.google.android.apps.chrome.Main t3}: app died, no saved state
11-16 08:57:17.890: E/lowmemorykiller(801): Error opening /proc/13384/oom_score_adj; errno=2
11-16 08:57:17.891: D/KernelUidCpuTimeReader(1185): Removing uids 99002-99002
11-16 08:57:17.891: D/KernelUidCpuTimeReader(1185): Removing uids 99003-99003
11-16 08:57:17.891: D/KernelUidCpuTimeReader(1185): Removing uids 99004-99004
11-16 08:57:17.892: I/Zygote(733): Process 14119 exited due to signal (9)
11-16 08:57:17.903: I/system_server(1185): Background concurrent copying GC freed 250551(14MB) AllocSpace objects, 99(2MB) LOS objects, 42% free, 21MB/37MB, paused 123us total 186.907ms
11-16 08:57:17.905: E/oadcastreceive(18473): Not starting debugger since process cannot load the jdwp agent.
11-16 08:57:17.906: E/WifiHAL(773): wifi_get_ring_data: Error -5 happened. 
11-16 08:57:17.906: E/WifiVendorHal(1185): getRingBufferData(l.2057) failed {.code = ERROR_INVALID_ARGS, .description = }
11-16 08:57:17.910: I/ActivityManager(1185): Process com.android.chrome:privileged_process0 (pid 13384) has died: cch  CACC
11-16 08:57:17.915: W/libprocessgroup(1185): kill(-14119, 9) failed: No such process
11-16 08:57:17.915: I/libprocessgroup(1185): Successfully killed process cgroup uid 10042 pid 14119 in 43ms
11-16 08:57:17.915: W/libprocessgroup(1185): kill(-13294, 9) failed: No such process
11-16 08:57:17.915: I/libprocessgroup(1185): Successfully killed process cgroup uid 10107 pid 13294 in 0ms
11-16 08:57:17.915: W/libprocessgroup(1185): kill(-13384, 9) failed: No such process
11-16 08:57:17.915: I/libprocessgroup(1185): Successfully killed process cgroup uid 10107 pid 13384 in 0ms
11-16 08:57:17.917: I/ActivityManager(1185): Start proc 18473:com.android.cellbroadcastreceiver/u0a62 for broadcast com.android.cellbroadcastreceiver/.PrivilegedCellBroadcastReceiver
11-16 08:57:17.920: W/ActivityManager(1185): setHasOverlayUi called on unknown pid: 13294
11-16 08:57:17.918: W/Binder:1185_19(1185): type=1400 audit(0.0:348): avc: denied { syslog_read } for scontext=u:r:system_server:s0 tcontext=u:r:kernel:s0 tclass=system permissive=0
11-16 08:57:17.925: D/wifi-jni(1185): no kernel logs
11-16 08:57:17.947: W/Looper(1185): Slow dispatch took 180ms main h=android.app.ActivityThread$H c=android.app.-$$Lambda$LoadedApk$ReceiverDispatcher$Args$_BumDX2UKsnxLVrE6UJsJZkotuA@c923a3c m=0
11-16 08:57:17.948: D/UsbDeviceManager(1185): Clear notification
11-16 08:57:17.948: D/UsbDeviceManager(1185): push notification:Charging this device via USB
11-16 08:57:17.956: W/InputMethodManagerService(1185): Illegal subtype state: old subtype = null, new subtype = android.view.inputmethod.InputMethodSubtype@70bfcd7e
11-16 08:57:17.957: I/Telecom(1185): : Locale change; recreating channels.
11-16 08:57:17.961: D/CellBroadcastReceiver(18473): onReceive Intent { act=android.intent.action.LOCALE_CHANGED flg=0x11200010 cmp=com.android.cellbroadcastreceiver/.PrivilegedCellBroadcastReceiver }
11-16 08:57:17.961: V/SettingsProvider(1185): Notifying for 0: content://settings/secure/enabled_input_methods
11-16 08:57:17.961: V/SettingsProvider(1185): Notifying for 0: content://settings/secure/selected_input_method_subtype
11-16 08:57:17.961: V/SettingsProvider(1185): Notifying for 0: content://settings/secure/default_input_method
11-16 08:57:17.964: I/ActivityManager(1185): Killing 16325:com.google.android.carrier/u0a9 (adj 906): empty #17
11-16 08:57:17.964: W/libprocessgroup(1185): kill(-16325, 9) failed: No such process
11-16 08:57:17.974: I/ActivityManager(1185): Start proc 18496:com.android.chrome/u0a107 for broadcast com.android.chrome/org.chromium.chrome.browser.locale.LocaleChangedBroadcastReceiver
11-16 08:57:17.982: E/.android.chrom(18496): Not starting debugger since process cannot load the jdwp agent.
11-16 08:57:17.983: I/Zygote(733): Process 16325 exited due to signal (9)
11-16 08:57:17.986: D/LoaderTask(4220): loadWorkspace: loading default favorites
11-16 08:57:17.993: W/libprocessgroup(1185): kill(-16325, 9) failed: No such process
11-16 08:57:17.993: I/libprocessgroup(1185): Successfully killed process cgroup uid 10009 pid 16325 in 29ms
11-16 08:57:17.999: V/SettingsProvider(1185): Notifying for 0: content://settings/system/user_rotation
11-16 08:57:17.999: V/SettingsProvider(1185): Notifying for 0: content://settings/system/accelerometer_rotation
11-16 08:57:18.020: D/SurfaceFlinger(641): duplicate layer name: changing com.google.android.apps.nexuslauncher/com.google.android.apps.nexuslauncher.NexusLauncherActivity to com.google.android.apps.nexuslauncher/com.google.android.apps.nexuslauncher.NexusLauncherActivity#1
11-16 08:57:18.056: I/GoogleInputMethod(3625): onFinishInput() : Dummy InputConnection bound
11-16 08:57:18.057: I/GoogleInputMethod(3625): onStartInput() : Dummy InputConnection bound
11-16 08:57:18.057: V/SettingsProvider(1185): Notifying for 0: content://settings/system/firebase.test.lab
11-16 08:57:18.062: W/PhoneWindow(10064): Previously focused view reported id 2131820715 during save, but can't be found during restore.
11-16 08:57:18.110: W/SessionLifecycleManager(10064): Handover failed. Creating new session controller.
11-16 08:57:18.130: I/ImageWallpaper(3643): Redrawing in rect: RectF(0.0, 0.0, 1214.0515, 2160.0) with surface size: 1080x2160
11-16 08:57:18.132: W/StatusBar/NavBarView(3643): *** Invalid layout in navigation bar (sizeChanged this=1080x132 cur=1036x132)
11-16 08:57:18.141: I/WindowManager(1185): Screen frozen for +414ms due to Window{e89b7ce u0 com.android.systemui.ImageWallpaper}
11-16 08:57:18.144: D/SurfaceFlinger(641): duplicate layer name: changing BlackSurface to BlackSurface#1
11-16 08:57:18.148: D/SurfaceFlinger(641): duplicate layer name: changing BlackSurface to BlackSurface#2
11-16 08:57:18.150: D/SurfaceFlinger(641): duplicate layer name: changing BlackSurface to BlackSurface#3
11-16 08:57:18.160: V/SettingsProvider(1185): Notifying for 0: content://settings/secure/autofill_service
11-16 08:57:18.171: W/LocationOracle(10064): No location history returned by ContextManager
11-16 08:57:18.245: W/ctxmgr(10880): [AclManager] null policy map (0) 67, clientInfo=(accnt=account#-517948760#, com.google.android.googlequicksearchbox(10047):com.google.android.googlequicksearchbox, vrsn=12211000, 1, 3pPkg = null ,  3pMdlId = null ,  pid = 10064 ,  featureId = null) [CONTEXT service_id=47 ]
11-16 08:57:18.250: E/GmsContextObserver(10064): Failed to register context manager listener: Status{statusCode=unknown status code: 7503, resolution=null}
11-16 08:57:18.261: W/ctxmgr(10880): [AclManager] null policy map (0) 67, clientInfo=(accnt=account#-517948760#, com.google.android.googlequicksearchbox(10047):com.google.android.googlequicksearchbox, vrsn=12211000, 1, 3pPkg = null ,  3pMdlId = null ,  pid = 10064 ,  featureId = null) [CONTEXT service_id=47 ]
11-16 08:57:18.270: D/sound_trigger_hw(749): stdev_start_recognition:[1] Enter
11-16 08:57:18.270: D/sound_trigger_hw(749): loaded_state_fn:[1] handle event id 2
11-16 08:57:18.270: D/sound_trigger_platform(749): platform_stdev_get_capture_device: available devices 0x80000004, device 0x80000004
11-16 08:57:18.270: D/sound_trigger_platform(749): platform_stdev_get_device_sample_rate: sample rate 16000
11-16 08:57:18.270: D/sound_trigger_platform(749): platform_stdev_send_hwmad_cal: previous acdb_id 128 matches new acdb_id 128 return
11-16 08:57:18.270: D/sound_trigger_platform(749): platform_stdev_send_calibration: sending device calibration for device(1) acdb_id(128)
11-16 08:57:18.270: D/ACDB-LOADER(749): ACDB -> send_afe_topology
11-16 08:57:18.270: D/ACDB-LOADER(749): ACDB -> ACDB_CMD_GET_AFE_TOPOLOGY_ID
11-16 08:57:18.270: D/ACDB-LOADER(749): ACDB -> GET_AFE_TOPOLOGY_ID for adcd_id 128, Topology Id 12e19
11-16 08:57:18.271: D/ACDB-LOADER(749): ACDB -> send_afe_cal
11-16 08:57:18.271: D/ACDB-LOADER(749): ACDB -> ACDB_CMD_GET_AFE_COMMON_TABLE_SIZE
11-16 08:57:18.271: D/ACDB-LOADER(749): ACDB -> ACDB_CMD_GET_AFE_COMMON_TABLE
11-16 08:57:18.271: D/ACDB-LOADER(749): ACDB -> AUDIO_SET_AFE_CAL
11-16 08:57:18.271: D/sound_trigger_hw(749): set_device: enable device (1) = listen-cpe-handset-mic
11-16 08:57:18.271: D/audio_route(749): Apply path: listen-cpe-handset-mic
11-16 08:57:18.273: I/VSC(767): @ 1519.974: [SMD] Deleted SMD instance at 0xb28adfbc
11-16 08:57:18.273: D/VSC(767): @ 1519.974: [Significant Motion] Stop motion_detect
11-16 08:57:18.277: I/VSC(767): @ 1519.975: [SMD] Initializing activity algo instance
11-16 08:57:18.277: D/VSC(767): @ 1519.975: [Significant Motion] Request accel, interval 20000000 ns, latency 3200000000 ns
11-16 08:57:18.281: E/PeriodStatsTracker(10880): Reference counting corrupted in usage statistics.
11-16 08:57:18.290: D/sound_trigger_hw(749): get_confidence_levels_payload: No smlib for uuid, sending opaque data
11-16 08:57:18.290: D/sound_trigger_hw(749): start:[1] gcs start VA engine, enable 1 token 3
11-16 08:57:18.290: D/sound_trigger_hw(749): start:[1] calling gcs_enable with handle 1, non-persist cal 0xeee71e90, sz 24
11-16 08:57:18.290: D/ACDB-LOADER(749): ACDB -> ACDB_WDSP_CMD_GET_SUBGRAPH_MODULE_CALIBRATION_SIZE
11-16 08:57:18.290: D/ACDB-LOADER(749): ACDB -> ACDB_WDSP_CMD_GET_SUBGRAPH_MODULE_CALIBRATION
11-16 08:57:18.290: D/ACDB-LOADER(749): ACDB -> ACDB_WDSP_CMD_GET_SUBGRAPH_MODULE_CALIBRATION_SIZE
11-16 08:57:18.290: D/ACDB-LOADER(749): ACDB -> ACDB_WDSP_CMD_GET_SUBGRAPH_MODULE_CALIBRATION
11-16 08:57:18.290: D/ACDB-LOADER(749): ACDB -> ACDB_WDSP_CMD_GET_SUBGRAPH_MODULE_CONNECTION_SIZE
11-16 08:57:18.290: D/ACDB-LOADER(749): [ 11-16 08:57:18.290   749:10266 E/         ]
11-16 08:57:18.290: D/ACDB-LOADER(749): gcs_get_sg_mod_conn_and_update_pld: subgraph mod conn size 0. Exiting
11-16 08:57:18.290: D/ACDB-LOADER(749): ACDB -> ACDB_WDSP_CMD_GET_SUBGRAPH_MODULE_CONNECTION_SIZE
11-16 08:57:18.290: D/ACDB-LOADER(749): ACDB -> ACDB_WDSP_CMD_GET_SUBGRAPH_MODULE_CONNECTION
11-16 08:57:18.290: D/ACDB-LOADER(749): ACDB -> ACDB_WDSP_CMD_GET_SUBGRAPH_CONNECTIONS_SIZE
11-16 08:57:18.290: D/ACDB-LOADER(749): ACDB -> ACDB_WDSP_CMD_GET_SUBGRAPHS_CONNECTION
11-16 08:57:18.290: D/ACDB-LOADER(749): ACDB -> ACDB_WDSP_CMD_GET_SUBGRAPH_CONNECTIONS_SIZE
11-16 08:57:18.290: D/ACDB-LOADER(749): [ 11-16 08:57:18.290   749:10266 E/         ]
11-16 08:57:18.290: D/ACDB-LOADER(749): __gcs_get_sg_conn_and_update_pld: subgraph conn size 0. Exiting
11-16 08:57:18.290: D/ACDB-LOADER(749): [ 11-16 08:57:18.290   749:10266 D/         ]
11-16 08:57:18.290: D/ACDB-LOADER(749): pktzr_send_cmd: opcode = 0x3, size = 452, token = 8
11-16 08:57:18.290: D/ACDB-LOADER(749): [ 11-16 08:57:18.301   749: 1120 D/         ]
11-16 08:57:18.290: D/ACDB-LOADER(749): ipc_resp_thread: opcode: 0x2, payload_size: 4, resp_buf size: 16
11-16 08:57:18.290: D/ACDB-LOADER(749): [ 11-16 08:57:18.301   749: 1120 D/         ]
11-16 08:57:18.290: D/ACDB-LOADER(749): pktzr_resp_cb: opcode = 0x2 size = 4 token = 8
11-16 08:57:18.290: D/ACDB-LOADER(749): [ 11-16 08:57:18.301   749: 1120 D/         ]
11-16 08:57:18.290: D/ACDB-LOADER(749): pktzr_resp_cb: token 8 matched
11-16 08:57:18.301: D/sound_trigger_hw(749): reg_hal_event_session: ST_EVENT_SESSION_REGISTER capture_handle 62 p_ses 0xf0a74780
11-16 08:57:18.301: D/sound_trigger_hw(749): session[1]: loaded_state_fn ---> active_state_fn 
11-16 08:57:18.301: D/sound_trigger_hw(749): stdev_start_recognition:[1] Exit
11-16 08:57:18.301: I/SoundTriggerHelper(1185): startRecognition successful.
11-16 08:57:18.302: I/GsaVoiceInteractionSrv(4114): Start Hotword Recognition Status: true
11-16 08:57:18.334: D/AndroidRuntime(18549): >>>>>> START com.android.internal.os.RuntimeInit uid 2000 <<<<<<
11-16 08:57:18.390: I/app_process(18549): The ClassLoaderContext is a special shared library.
11-16 08:57:18.413: D/AndroidRuntime(18549): Calling main entry com.android.commands.input.Input
11-16 08:57:18.413: I/Input(18549): injectKeyEvent: KeyEvent { action=ACTION_DOWN, keyCode=KEYCODE_HOME, scanCode=0, metaState=0, flags=0x0, repeatCount=0, eventTime=1507941, downTime=1507941, deviceId=-1, source=0x101 }
11-16 08:57:18.415: I/Input(18549): injectKeyEvent: KeyEvent { action=ACTION_UP, keyCode=KEYCODE_HOME, scanCode=0, metaState=0, flags=0x0, repeatCount=0, eventTime=1507941, downTime=1507941, deviceId=-1, source=0x101 }
11-16 08:57:18.417: V/StatusBar(3643): mStatusBarWindow: com.android.systemui.statusbar.phone.StatusBarWindowView{4e9d5da V.ED..... ........ 0,0-1080,66} canPanelBeCollapsed(): false
11-16 08:57:18.418: I/vol.Events(3643): writeEvent dismiss_dialog volume_controller
11-16 08:57:18.418: I/ActivityManager(1185): START u0 {act=android.intent.action.MAIN cat=[android.intent.category.HOME] flg=0x10200000 cmp=com.google.android.apps.nexuslauncher/.NexusLauncherActivity (has extras)} from uid 1000
11-16 08:57:18.422: D/AndroidRuntime(18549): Shutting down VM
11-16 08:57:18.433: I/GoogleInputMethod(3625): onFinishInput() : Dummy InputConnection bound
11-16 08:57:18.434: I/GoogleInputMethod(3625): onStartInput() : Dummy InputConnection bound
11-16 08:57:18.535: I/ActivityManager(1185): START u0 {flg=0x10000000 cmp=com.google.android.apps.mtaas.backdrop/.BackdropActivity} from uid 2000
11-16 08:57:18.544: D/android.hardware.power@1.3-service.crosshatch-libperfmgr(766): LAUNCH ON
11-16 08:57:18.564: I/ActivityManager(1185): Start proc 18565:com.google.android.apps.mtaas.backdrop/u0a163 for activity com.google.android.apps.mtaas.backdrop/.BackdropActivity
11-16 08:57:18.569: E/.mtaas.backdro(18565): Not starting debugger since process cannot load the jdwp agent.
11-16 08:57:18.595: I/MultiDex(18565): VM with version 2.1.0 has multidex support
11-16 08:57:18.595: I/MultiDex(18565): install
11-16 08:57:18.595: I/MultiDex(18565): VM has multidex support, MultiDex support library is disabled.
11-16 08:57:18.599: E/libc(18565): Access denied finding property "vendor.debug.egl.profiler"
11-16 08:57:18.595: W/com.google.android.apps.mtaas.backdrop(18565): type=1400 audit(0.0:349): avc: denied { read } for comm=45474C20496E6974 name="u:object_r:vendor_default_prop:s0" dev="tmpfs" ino=18900 scontext=u:r:untrusted_app:s0:c163,c256,c512,c768 tcontext=u:object_r:vendor_default_prop:s0 tclass=file permissive=0
11-16 08:57:18.612: I/BackdropActivity(18565): onCreate()
11-16 08:57:18.618: I/ActivityManager(1185): Activity requesting to dismiss Keyguard: ActivityRecord{1ef0973 u0 com.google.android.apps.mtaas.backdrop/.BackdropActivity t4}
11-16 08:57:18.632: W/.android.chrom(18496): JIT profile information will not be recorded: profile file does not exits.
11-16 08:57:18.655: D/sound_trigger_hw(749): stdev_stop_recognition:[1] Enter
11-16 08:57:18.655: D/sound_trigger_hw(749): active_state_fn:[1] handle event id 7
11-16 08:57:18.655: D/sound_trigger_hw(749): active_state_fn:[1] unhandled event
11-16 08:57:18.655: D/sound_trigger_hw(749): active_state_fn:[1] handle event id 4
11-16 08:57:18.655: D/sound_trigger_hw(749): dereg_hal_event_session: ST_EVENT_SESSION_DEREGISTER capture_handle 62 p_ses 0xf0a74780
11-16 08:57:18.655: D/sound_trigger_hw(749): stop:[1] gcs stop VA engine, size=24
11-16 08:57:18.655: D/sound_trigger_hw(749): [ 11-16 08:57:18.655   749:10266 D/         ]
11-16 08:57:18.655: D/sound_trigger_hw(749): pktzr_send_cmd: opcode = 0x5, size = 24, token = 9
11-16 08:57:18.657: I/FontLog(10880): Received query Google Sans, URI content://com.google.android.gms.fonts [CONTEXT service_id=132 ]
11-16 08:57:18.658: I/FontLog(10880): Query [Google Sans] resolved to {Google Sans, wdth 100.0, wght 400, ital 0.0, bestEffort false} [CONTEXT service_id=132 ]
11-16 08:57:18.658: I/FontLog(10880): [ 11-16 08:57:18.660   749: 1120 D/         ]
11-16 08:57:18.658: I/FontLog(10880): ipc_resp_thread: opcode: 0x2, payload_size: 4, resp_buf size: 16
11-16 08:57:18.658: I/FontLog(10880): [ 11-16 08:57:18.660   749: 1120 D/         ]
11-16 08:57:18.658: I/FontLog(10880): pktzr_resp_cb: opcode = 0x2 size = 4 token = 9
11-16 08:57:18.658: I/FontLog(10880): [ 11-16 08:57:18.660   749: 1120 D/         ]
11-16 08:57:18.658: I/FontLog(10880): pktzr_resp_cb: token 9 matched
11-16 08:57:18.660: D/sound_trigger_hw(749): stop:[1] calling gcs_disable with handle 1
11-16 08:57:18.660: D/sound_trigger_hw(749): [ 11-16 08:57:18.660   749:10266 E/         ]
11-16 08:57:18.660: D/sound_trigger_hw(749): __gcs_disable_update_pld: sgt_array[i] = 0x1
11-16 08:57:18.660: D/sound_trigger_hw(749): [ 11-16 08:57:18.660   749:10266 E/         ]
11-16 08:57:18.660: D/sound_trigger_hw(749): __gcs_disable_update_pld: sgt_array[i] = 0x2
11-16 08:57:18.660: D/sound_trigger_hw(749): [ 11-16 08:57:18.660   749:10266 D/         ]
11-16 08:57:18.660: D/sound_trigger_hw(749): pktzr_send_cmd: opcode = 0x4, size = 80, token = 10
11-16 08:57:18.661: I/FontLog(10880): Font PFD returned from cache for {Google Sans, wdth 100.0, wght 400, ital 0.0, bestEffort false} [CONTEXT service_id=132 ]
11-16 08:57:18.661: I/FontLog(10880): Fetch {Google Sans, wdth 100.0, wght 400, ital 0.0, bestEffort false} end status Status{statusCode=SUCCESS, resolution=null} [CONTEXT service_id=132 ]
11-16 08:57:18.671: I/FontLog(10880): Pulling font file for id = 5, cache size = 5 [CONTEXT service_id=132 ]
11-16 08:57:18.671: I/FontLog(10880): [ 11-16 08:57:18.671   749: 1120 D/         ]
11-16 08:57:18.671: I/FontLog(10880): ipc_resp_thread: opcode: 0x2, payload_size: 4, resp_buf size: 16
11-16 08:57:18.671: I/FontLog(10880): [ 11-16 08:57:18.671   749: 1120 D/         ]
11-16 08:57:18.671: I/FontLog(10880): pktzr_resp_cb: opcode = 0x2 size = 4 token = 10
11-16 08:57:18.671: I/FontLog(10880): [ 11-16 08:57:18.671   749: 1120 D/         ]
11-16 08:57:18.671: I/FontLog(10880): pktzr_resp_cb: token 10 matched
11-16 08:57:18.672: D/sound_trigger_hw(749): set_device: disable device (1) = listen-cpe-handset-mic
11-16 08:57:18.674: D/sound_trigger_hw(749): session[1]: active_state_fn ---> loaded_state_fn 
11-16 08:57:18.674: D/sound_trigger_hw(749): stdev_stop_recognition:[1] Exit status 0
11-16 08:57:18.675: I/GsaVoiceInteractionSrv(4114): Stop Hotword Recognition status: true
11-16 08:57:18.686: I/BackdropActivity(18565): android_id: 4060744928077582384
11-16 08:57:18.690: I/BackdropActivity(18565): onResume()
11-16 08:57:18.691: I/ActivityManager(1185): Activity requesting to dismiss Keyguard: ActivityRecord{1ef0973 u0 com.google.android.apps.mtaas.backdrop/.BackdropActivity t4}
11-16 08:57:18.695: D/OpenGLRenderer(18565): Skia GL Pipeline
11-16 08:57:18.703: I/FTLNetworkMonitor(18565): NetworkMonitoringService was created
11-16 08:57:18.712: I/ActivityManager(1185): Killing 17139:com.google.android.apps.tips/u0a52 (adj 906): empty #17
11-16 08:57:18.714: W/libprocessgroup(1185): kill(-17139, 9) failed: No such process
11-16 08:57:18.716: I/Adreno(18565): QUALCOMM build                   : 3f88ca2, I42f6fe38fb
11-16 08:57:18.716: I/Adreno(18565): Build Date                       : 07/13/18
11-16 08:57:18.716: I/Adreno(18565): OpenGL ES Shader Compiler Version: EV031.24.00.00
11-16 08:57:18.716: I/Adreno(18565): Local Branch                     : 50.04
11-16 08:57:18.716: I/Adreno(18565): Remote Branch                    : 
11-16 08:57:18.716: I/Adreno(18565): Remote Branch                    : 
11-16 08:57:18.716: I/Adreno(18565): Reconstruct Branch               : 
11-16 08:57:18.716: I/Adreno(18565): Build Config                     : S P 4.0.10 AArch64
11-16 08:57:18.722: E/libc(18565): Access denied finding property "ro.vendor.graphics.memory"
11-16 08:57:18.718: W/RenderThread(18565): type=1400 audit(0.0:350): avc: denied { read } for name="u:object_r:vendor_default_prop:s0" dev="tmpfs" ino=18900 scontext=u:r:untrusted_app:s0:c163,c256,c512,c768 tcontext=u:object_r:vendor_default_prop:s0 tclass=file permissive=0
11-16 08:57:18.723: I/ActivityManager(1185): Start proc 18589:android.process.acore/u0a42 for broadcast com.android.providers.contacts/.LocaleChangeReceiver
11-16 08:57:18.724: I/Adreno(18565): PFP: 0x016ee170, ME: 0x00000000
11-16 08:57:18.726: I/Zygote(733): Process 17139 exited due to signal (9)
11-16 08:57:18.730: I/ConfigStore(18565): android::hardware::configstore::V1_0::ISurfaceFlingerConfigs::hasWideColorDisplay retrieved: 1
11-16 08:57:18.730: I/ConfigStore(18565): android::hardware::configstore::V1_0::ISurfaceFlingerConfigs::hasHDRDisplay retrieved: 1
11-16 08:57:18.731: E/d.process.acor(18589): Not starting debugger since process cannot load the jdwp agent.
11-16 08:57:18.732: I/OpenGLRenderer(18565): Initialized EGL, version 1.4
11-16 08:57:18.732: D/OpenGLRenderer(18565): Swap behavior 2
11-16 08:57:18.736: I/FTLNetworkMonitor(18565): Network Info: [type: WIFI[], state: CONNECTED/CONNECTED, reason: (unspecified), extra: (none), failover: false, available: true, roaming: false]
11-16 08:57:18.737: I/FTLNetworkMonitor(18565): Network Info: [type: WIFI[], state: CONNECTED/CONNECTED, reason: (unspecified), extra: (none), failover: false, available: true, roaming: false]
11-16 08:57:18.738: W/System(18565): A resource failed to call close. 
11-16 08:57:18.741: W/libprocessgroup(1185): kill(-17139, 9) failed: No such process
11-16 08:57:18.741: I/libprocessgroup(1185): Successfully killed process cgroup uid 10052 pid 17139 in 27ms
11-16 08:57:18.750: E/libc(18565): Access denied finding property "vendor.gralloc.enable_ahardware_buffer"
11-16 08:57:18.745: W/RenderThread(18565): type=1400 audit(0.0:351): avc: denied { read } for name="u:object_r:vendor_default_prop:s0" dev="tmpfs" ino=18900 scontext=u:r:untrusted_app:s0:c163,c256,c512,c768 tcontext=u:object_r:vendor_default_prop:s0 tclass=file permissive=0
11-16 08:57:18.770: I/ContactsPerf(18589): VoicemailContentProvider.onCreate start
11-16 08:57:18.772: I/ContactsPerf(18589): VoicemailContentProvider.onCreate finish
11-16 08:57:18.789: I/GoogleInputMethod(3625): onFinishInput() : Dummy InputConnection bound
11-16 08:57:18.790: I/GoogleInputMethod(3625): onStartInput() : Dummy InputConnection bound
11-16 08:57:18.793: D/android.hardware.power@1.3-service.crosshatch-libperfmgr(766): LAUNCH OFF
11-16 08:57:18.797: D/ContactsDatabaseHelper(18589): WAL enabled for contacts2.db: true
11-16 08:57:18.801: W/SurfaceFlinger(641): Attempting to set client state on removed layer: Splash Screen com.google.android.apps.mtaas.backdrop#0
11-16 08:57:18.801: W/SurfaceFlinger(641): Attempting to destroy on removed layer: Splash Screen com.google.android.apps.mtaas.backdrop#0
11-16 08:57:18.802: I/ActivityManager(1185): Displayed com.google.android.apps.mtaas.backdrop/.BackdropActivity: +252ms
11-16 08:57:18.803: I/ActivityManager(1185): Killing 12418:com.android.vending/u0a14 (adj 906): empty #17
11-16 08:57:18.804: W/libprocessgroup(1185): kill(-12418, 9) failed: No such process
11-16 08:57:18.815: I/ContactLocale(18589): AddressBook Labels [[en]]: [, A, B, C, D, E, F, G, H, I, J, K, L, M, N, O, P, Q, R, S, T, U, V, W, X, Y, Z, , , , , , , , , , , , , , , , , , , , , , , , , , , , , , , , , , , , , , , , , , , , , , , , , , , , , , , , , , , , , , , , , , , , , , , , , , , , , , , , , , , , , , , , , , , , , , , , , , , , , , , , , , , , , , , , , , , , , , , , , , , , , , , , , , , , , , , , , , , , , , , , , , , , , , , , , , , , , , , , , , , , , , , , , , , , , , , , , , , , , , , , , , , #, ]
11-16 08:57:18.823: I/ActivityManager(1185): Start proc 18613:com.android.sdm.plugins.sprintdm/1001 for broadcast com.android.sdm.plugins.sprintdm/.SprintDMReceiver
11-16 08:57:18.833: E/lugins.sprintd(18613): Not starting debugger since process cannot load the jdwp agent.
11-16 08:57:18.833: D/ContactsDatabaseHelper(18589): WAL enabled for profile.db: false
11-16 08:57:18.840: I/Zygote(734): Process 12418 exited due to signal (9)
11-16 08:57:18.848: W/libprocessgroup(1185): kill(-12418, 9) failed: No such process
11-16 08:57:18.848: I/libprocessgroup(1185): Successfully killed process cgroup uid 10014 pid 12418 in 44ms
11-16 08:57:18.861: I/lugins.sprintd(18613): The ClassLoaderContext is a special shared library.
11-16 08:57:18.862: I/lugins.sprintd(18613): The ClassLoaderContext is a special shared library.
11-16 08:57:18.864: I/ContactsProvider(18589): Locale has changed from [en_US] to [en]
11-16 08:57:18.867: I/ContactsDatabaseHelper(18589): Switching to locale [en] (ICU v60.2)
11-16 08:57:18.882: D/SprintDMReceiver(18613): Received intent: android.intent.action.LOCALE_CHANGED
11-16 08:57:18.885: D/SprintDMHelper(18613): simOperator: 
11-16 08:57:18.885: D/SprintDMHelper(18613): Not Sprint UICC, don't do anything.
11-16 08:57:18.888: I/ActivityManager(1185): Killing 14451:com.google.android.wfcactivation/u0a54 (adj 906): empty #17
11-16 08:57:18.888: W/libprocessgroup(1185): kill(-14451, 9) failed: No such process
11-16 08:57:18.895: E/ExecutionCriteria(10880): Package unavailable for task: com.google.android.apps.gcs/com.google.android.flib.phenotype.services.PhenotypeExperimentCommitService{u=0 tag="PhenotypeExpCommitSvc" trigger=window{start=0s,end=30s,earliest=-1410s,latest=-1380s} requirements=[NET_ANY] attributes=[PERSISTED] scheduled=-1410s last_run=N/A exec_window_multiplier=1.0000 jid=N/A status=PENDING retries=0 client_lib=MANCHEGO_GCM-11732000} [CONTEXT service_id=218 ]
11-16 08:57:18.898: E/android.vendin(18636): Not starting debugger since process cannot load the jdwp agent.
11-16 08:57:18.902: I/ActivityManager(1185): Start proc 18636:com.android.vending/u0a14 for broadcast com.android.vending/com.google.android.finsky.userlanguages.LocaleChangedReceiver
11-16 08:57:18.907: I/Zygote(733): Process 14451 exited due to signal (9)
11-16 08:57:18.917: I/android.vendin(18636): The ClassLoaderContext is a special shared library.
11-16 08:57:18.932: W/libprocessgroup(1185): kill(-14451, 9) failed: No such process
11-16 08:57:18.932: I/libprocessgroup(1185): Successfully killed process cgroup uid 10054 pid 14451 in 43ms
11-16 08:57:18.935: I/NetworkScheduler.Stats(10880): Task com.google.android.gms/com.google.android.gms.icing.proxy.IcingInternalCorporaUpdateService started execution. cause:9 exec_start_elapsed_seconds: 1508 [CONTEXT service_id=218 ]
11-16 08:57:18.937: I/ContactsDatabaseHelper(18589): Locale change completed in 70ms
11-16 08:57:18.938: I/ContactsDatabaseHelper(18589): Switching to locale [en] (ICU v60.2)
11-16 08:57:18.940: I/Finsky(18636): [2] gft.ay(5): Process created at version: 22.4.28-16 [0] [PR] 338099147
11-16 08:57:18.951: I/NetworkScheduler.Stats(10880): Task com.google.android.gms/com.google.android.gms.phenotype.service.sync.PhenotypeConfigurator started execution. cause:9 exec_start_elapsed_seconds: 1508 [CONTEXT service_id=218 ]
11-16 08:57:18.954: I/PBSessionCacheImpl(10064): Deleted sessionId[841004528549] from persistence.
11-16 08:57:18.964: I/NetworkScheduler.Stats(10880): Task com.google.android.gms/com.google.android.gms.icing.proxy.IcingInternalCorporaUpdateService finished executing. cause:9 result: 1 elapsed_millis: 45 uptime_millis: 45 exec_start_elapsed_seconds: 1508 [CONTEXT service_id=218 ]
11-16 08:57:18.981: V/SettingsProvider(1185): Notifying for 0: content://settings/system/accelerometer_rotation
11-16 08:57:18.985: I/ContactsDatabaseHelper(18589): Locale change completed in 47ms
11-16 08:57:19.002: I/ContactsFTS(18589): Rebuild contact search index in 13ms, 0 contacts
11-16 08:57:19.003: E/ExecutionCriteria(10880): Package unavailable for task: com.google.android.apps.gcs/com.google.android.flib.phenotype.services.PhenotypeExperimentCommitService{u=0 tag="PhenotypeExpCommitSvc" trigger=window{start=0s,end=30s,earliest=-1411s,latest=-1381s} requirements=[NET_ANY] attributes=[PERSISTED] scheduled=-1411s last_run=N/A exec_window_multiplier=1.0000 jid=N/A status=PENDING retries=0 client_lib=MANCHEGO_GCM-11732000} [CONTEXT service_id=218 ]
11-16 08:57:19.013: W/SearchServiceCore(10064): Abort, client detached.
11-16 08:57:19.053: V/SettingsProvider(1185): Notifying for 0: content://settings/system/user_rotation
11-16 08:57:19.059: I/NetworkScheduler.Stats(10880): Task com.google.android.gms/com.google.android.gms.gass.chimera.SchedulePeriodicTasksService started execution. cause:5 exec_start_elapsed_seconds: 1508 [CONTEXT service_id=218 ]
11-16 08:57:19.084: I/Finsky(18636): [144] yuo.a(2): Started reading experiment flags from file [0tGUNCGIkbk4o6-fQ335kUYSKwVj4lusnHT-A5Dsy08].
11-16 08:57:19.085: E/ExecutionCriteria(10880): Package unavailable for task: com.google.android.apps.gcs/com.google.android.flib.phenotype.services.PhenotypeExperimentCommitService{u=0 tag="PhenotypeExpCommitSvc" trigger=window{start=0s,end=30s,earliest=-1411s,latest=-1381s} requirements=[NET_ANY] attributes=[PERSISTED] scheduled=-1411s last_run=N/A exec_window_multiplier=1.0000 jid=N/A status=PENDING retries=0 client_lib=MANCHEGO_GCM-11732000} [CONTEXT service_id=218 ]
11-16 08:57:19.086: I/Finsky(18636): [144] yuo.a(18): Finished reading experiment flags from file [0tGUNCGIkbk4o6-fQ335kUYSKwVj4lusnHT-A5Dsy08].
11-16 08:57:19.095: I/Finsky(18636): [141] yuo.a(2): Started reading experiment flags from file [Se-xCc4LzNyh3UrKMIU2sUf-PUKz4oQEbpKZDMuaFno].
11-16 08:57:19.098: I/Finsky(18636): [141] yuo.a(18): Finished reading experiment flags from file [Se-xCc4LzNyh3UrKMIU2sUf-PUKz4oQEbpKZDMuaFno].
11-16 08:57:19.108: I/NetworkScheduler.Stats(10880): Task com.google.android.gms/com.google.android.gms.gass.chimera.SchedulePeriodicTasksService finished executing. cause:5 result: 1 elapsed_millis: 68 uptime_millis: 68 exec_start_elapsed_seconds: 1508 [CONTEXT service_id=218 ]
11-16 08:57:19.123: I/Finsky(18636): [2] abzb.<init>(3): Resetting scheduler db
11-16 08:57:19.123: I/ActivityManager(1185): Start proc 18683:com.google.android.gms.unstable/u0a7 for service com.google.android.gms/.droidguard.DroidGuardService
11-16 08:57:19.131: E/ExecutionCriteria(10880): Package unavailable for task: com.google.android.apps.gcs/com.google.android.flib.phenotype.services.PhenotypeExperimentCommitService{u=0 tag="PhenotypeExpCommitSvc" trigger=window{start=0s,end=30s,earliest=-1411s,latest=-1381s} requirements=[NET_ANY] attributes=[PERSISTED] scheduled=-1411s last_run=N/A exec_window_multiplier=1.0000 jid=N/A status=PENDING retries=0 client_lib=MANCHEGO_GCM-11732000} [CONTEXT service_id=218 ]
11-16 08:57:19.132: E/id.gms.unstabl(18683): Not starting debugger since process cannot load the jdwp agent.
11-16 08:57:19.136: I/Finsky(18636): [139] aiix.a(2): Not a unicorn account
11-16 08:57:19.143: I/Finsky(18636): [139] yeh.<init>(3): PackageMonitorReceiverImpl - Registering in memory receiver for android.intent.action.PACKAGE_ADDED and android.intent.action.PACKAGE_REMOVED
11-16 08:57:19.144: I/Finsky(18636): [140] agvb.a(2): Disable SystemUpdateActivity, because Android is lower than Q
11-16 08:57:19.152: I/id.gms.unstabl(18683): The ClassLoaderContext is a special shared library.
11-16 08:57:19.152: I/chatty(18683): uid=10007 com.google.android.gms.unstable identical 1 line
11-16 08:57:19.153: I/id.gms.unstabl(18683): The ClassLoaderContext is a special shared library.
11-16 08:57:19.157: I/Finsky(18636): [157] agva.run(50): Set SystemUpdateActivity enabled state to 2
11-16 08:57:19.159: W/Settings(18636): Setting download_manager_max_bytes_over_mobile has moved from android.provider.Settings.Secure to android.provider.Settings.Global.
11-16 08:57:19.160: I/Finsky(18636): [139] waq.i(3): SettingNotFoundException, fall through to G.downloadBytesOverMobileMaximum
11-16 08:57:19.160: W/Settings(18636): Setting download_manager_recommended_max_bytes_over_mobile has moved from android.provider.Settings.Secure to android.provider.Settings.Global.
11-16 08:57:19.161: I/Finsky(18636): [139] waq.j(3): SettingNotFoundException, fall through to G.downloadBytesOverMobileRecommended
11-16 08:57:19.162: W/id.gms.unstabl(18683): Unknown chunk type '200'.
11-16 08:57:19.170: D/ConnectivityService(1185): requestNetwork for uid/pid:10014/18636 NetworkRequest [ TRACK_DEFAULT id=48, [ Capabilities: INTERNET&NOT_RESTRICTED&TRUSTED Unwanted:  Uid: 10014] ]
11-16 08:57:19.171: D/Ethernet(1185): got request NetworkRequest [ TRACK_DEFAULT id=48, [ Capabilities: INTERNET&NOT_RESTRICTED&TRUSTED Unwanted:  Uid: 10014] ] with score 60
11-16 08:57:19.171: D/WIFI_UT(1185): got request NetworkRequest [ TRACK_DEFAULT id=48, [ Capabilities: INTERNET&NOT_RESTRICTED&TRUSTED Unwanted:  Uid: 10014] ] with score 60
11-16 08:57:19.171: D/WIFI(1185): got request NetworkRequest [ TRACK_DEFAULT id=48, [ Capabilities: INTERNET&NOT_RESTRICTED&TRUSTED Unwanted:  Uid: 10014] ] with score 60
11-16 08:57:19.171: D/WIFI_AWARE_FACTORY(1185): got request NetworkRequest [ TRACK_DEFAULT id=48, [ Capabilities: INTERNET&NOT_RESTRICTED&TRUSTED Unwanted:  Uid: 10014] ] with score 60
11-16 08:57:19.171: D/PhoneSwitcherNetworkRequstListener(3768): got request NetworkRequest [ TRACK_DEFAULT id=48, [ Capabilities: INTERNET&NOT_RESTRICTED&TRUSTED Unwanted:  Uid: 10014] ] with score 60
11-16 08:57:19.177: I/Finsky(18636): [139] atsx.b(2): registerListener
11-16 08:57:19.177: I/cr_CronetLibraryLoader(18636): Cronet version: 87.0.4280.13, arch: armv8l
11-16 08:57:19.178: I/Finsky(18636): [139] atsx.b(2): registerListener
11-16 08:57:19.179: I/NetworkScheduler.Stats(10880): Task com.google.android.gms/com.google.android.gms.gass.chimera.SchedulePeriodicTasksService started execution. cause:5 exec_start_elapsed_seconds: 1508 [CONTEXT service_id=218 ]
11-16 08:57:19.185: I/Finsky(18636): [140] trj.n(5): Enqueuing libraries load for 0
11-16 08:57:19.186: W/Finsky(18636): [142] fjv.c(22): For unauth, use getDfeApiNonAuthenticated() instead!
11-16 08:57:19.188: I/Finsky(18636): [155] trj.o(1): Starting libraries load for 0
11-16 08:57:19.189: I/Finsky(18636): [142] jxe.j(5): Subscription detail: N/A
11-16 08:57:19.200: I/NetworkScheduler.Stats(10880): Task com.google.android.gms/com.google.android.gms.gass.chimera.SchedulePeriodicTasksService finished executing. cause:5 result: 1 elapsed_millis: 38 uptime_millis: 38 exec_start_elapsed_seconds: 1508 [CONTEXT service_id=218 ]
11-16 08:57:19.204: I/Finsky(18636): [155] trj.o(23): Finished loading 0 libraries.
11-16 08:57:19.205: I/Finsky(18636): [139] akms.w(2): Setup app restrictions monitor
11-16 08:57:19.208: I/Finsky(18636): [139] akoo.a(3): Device wide unknown source restriction is changed.
11-16 08:57:19.230: E/ExecutionCriteria(10880): Package unavailable for task: com.google.android.apps.gcs/com.google.android.flib.phenotype.services.PhenotypeExperimentCommitService{u=0 tag="PhenotypeExpCommitSvc" trigger=window{start=0s,end=30s,earliest=-1411s,latest=-1381s} requirements=[NET_ANY] attributes=[PERSISTED] scheduled=-1411s last_run=N/A exec_window_multiplier=1.0000 jid=N/A status=PENDING retries=0 client_lib=MANCHEGO_GCM-11732000} [CONTEXT service_id=218 ]
11-16 08:57:19.265: I/NetworkScheduler.Stats(10880): Task com.google.android.gms/com.google.android.gms.icing.proxy.IcingInternalCorporaUpdateService started execution. cause:5 exec_start_elapsed_seconds: 1508 [CONTEXT service_id=218 ]
11-16 08:57:19.287: I/NetworkScheduler.Stats(10880): Task com.google.android.gms/com.google.android.gms.icing.proxy.IcingInternalCorporaUpdateService finished executing. cause:5 result: 1 elapsed_millis: 44 uptime_millis: 44 exec_start_elapsed_seconds: 1508 [CONTEXT service_id=218 ]
11-16 08:57:19.288: I/ActivityManager(1185): Start proc 18746:com.google.android.apps.docs/u0a128 for broadcast com.google.android.apps.docs/.notification.common.NotificationChannelReceiver
11-16 08:57:19.293: W/ProviderHelper(18683): Unknown dynamite feature providerinstaller.dynamite
11-16 08:57:19.294: I/DynamiteModule(18683): Considering local module com.google.android.gms.providerinstaller.dynamite:1 and remote module com.google.android.gms.providerinstaller.dynamite:0
11-16 08:57:19.294: I/DynamiteModule(18683): Selected local version of com.google.android.gms.providerinstaller.dynamite
11-16 08:57:19.302: E/droid.apps.doc(18746): Not starting debugger since process cannot load the jdwp agent.
11-16 08:57:19.309: I/Finsky(18636): [2] qrt.<init>(13): Installer: Setting Parallelism[DEFAULT]
11-16 08:57:19.310: V/NativeCrypto(18683): Registering com/google/android/gms/org/conscrypt/NativeCrypto's 294 native methods...
11-16 08:57:19.317: E/ExecutionCriteria(10880): Package unavailable for task: com.google.android.apps.gcs/com.google.android.flib.phenotype.services.PhenotypeExperimentCommitService{u=0 tag="PhenotypeExpCommitSvc" trigger=window{start=0s,end=30s,earliest=-1411s,latest=-1381s} requirements=[NET_ANY] attributes=[PERSISTED] scheduled=-1411s last_run=N/A exec_window_multiplier=1.0000 jid=N/A status=PENDING retries=0 client_lib=MANCHEGO_GCM-11732000} [CONTEXT service_id=218 ]
11-16 08:57:19.318: I/Finsky(18636): [2] qoo.v(2): Installer: Attempting to start installer
11-16 08:57:19.321: I/Finsky(18636): [2] atsx.b(2): registerListener
11-16 08:57:19.323: D/NetworkSecurityConfig(18683): Using Network Security Config from resource network_security_config debugBuild: false
11-16 08:57:19.325: I/droid.apps.doc(18746): The ClassLoaderContext is a special shared library.
11-16 08:57:19.326: I/ProviderInstaller(18683): Installed default security provider GmsCore_OpenSSL
11-16 08:57:19.328: I/Finsky(18636): [2] jxd.onSubscriptionsChanged(1): onSubscriptionsChanged
11-16 08:57:19.333: D/NetworkSecurityConfig(18636): No Network Security Config specified, using platform default
11-16 08:57:19.339: I/Finsky(18636): [2] qoo.O(1): Installer kick - no action, not running yet
11-16 08:57:19.343: I/axnn(18683): Primes not initialized, returning default (no-op) Primes instance which will ignore all calls. Please call Primes.initialize(...) before using any Primes API.
11-16 08:57:19.353: I/Watchcat(18683): Started
11-16 08:57:19.358: I/GMS_MM_Logger(18683): Started.
11-16 08:57:19.372: W/android.vendin(18636): Accessing hidden field Ljava/util/Collections$SynchronizedCollection;->mutex:Ljava/lang/Object; (dark greylist, reflection)
11-16 08:57:19.372: W/android.vendin(18636): Accessing hidden method Ljava/util/Collections$SynchronizedSet;-><init>(Ljava/util/Set;Ljava/lang/Object;)V (dark greylist, reflection)
11-16 08:57:19.372: W/android.vendin(18636): Accessing hidden method Ljava/util/Collections$SynchronizedCollection;-><init>(Ljava/util/Collection;Ljava/lang/Object;)V (dark greylist, reflection)
11-16 08:57:19.490: I/Finsky(18636): [188] mtv.d(1): getDownloads()
11-16 08:57:19.490: I/Finsky(18636): [ 11-16 08:57:19.557   827: 1348 E/         ]
11-16 08:57:19.490: I/Finsky(18636): Couldn't opendir /data/app/vmdl1645352005.tmp: No such file or directory
11-16 08:57:19.557: E/installd(827): Failed to delete /data/app/vmdl1645352005.tmp: No such file or directory
11-16 08:57:19.559: I/ActivityManager(1185): Start proc 18802:com.android.vending:download_service/u0a14 for service com.android.vending/com.google.android.finsky.ipcservers.downloadservice.DownloadServiceGrpcServerAndroidService
11-16 08:57:19.565: E/ownload_servic(18802): Not starting debugger since process cannot load the jdwp agent.
11-16 08:57:19.568: D/ImsResolver(3768): maybeAddedImsService, packageName: dev.androidx.ci.emptyapp
11-16 08:57:19.568: W/BroadcastQueue(1185): Background execution not allowed: receiving Intent { act=android.intent.action.PACKAGE_ADDED dat=package:dev.androidx.ci.emptyapp flg=0x4000010 (has extras) } to com.android.musicfx/.Compatibility$Receiver
11-16 08:57:19.568: W/BroadcastQueue(1185): Background execution not allowed: receiving Intent { act=android.intent.action.PACKAGE_ADDED dat=package:dev.androidx.ci.emptyapp flg=0x4000010 (has extras) } to com.android.vending/com.google.android.finsky.packagemanager.impl.PackageMonitorReceiverImpl$RegisteredReceiver
11-16 08:57:19.569: W/BroadcastQueue(1185): Background execution not allowed: receiving Intent { act=android.intent.action.PACKAGE_ADDED dat=package:dev.androidx.ci.emptyapp flg=0x4000010 (has extras) } to com.google.android.gms/.games.chimera.GamesSystemBroadcastReceiverProxy
11-16 08:57:19.570: I/InputReader(1185): Reconfiguring input devices.  changes=0x00000010
11-16 08:57:19.570: I/Finsky(18636): [2] yeh.d(13): PackageMonitorReceiverImpl - Received: android.intent.action.PACKAGE_ADDED, [EoF1oDWmz7ltTwAYqC40Qzd9iSBp2xrh_kkvq80SvGg]
11-16 08:57:19.571: I/Finsky(18636): [2] yfi.g(1): Invalidating cached PackageState for dev.androidx.ci.emptyapp
11-16 08:57:19.572: W/BroadcastQueue(1185): Background execution not allowed: receiving Intent { act=android.intent.action.PACKAGE_ADDED dat=package:dev.androidx.ci.emptyapp flg=0x4000010 (has extras) } to com.google.android.gms/.gass.chimera.PackageChangeBroadcastReceiver
11-16 08:57:19.572: I/CarrierServices(10057): [2] RcsAutoStartReceiver.b: carrierServicesJibeServiceEnabled changed from true to true
11-16 08:57:19.575: I/Telecom(1185): DefaultDialerCache: Refreshing default dialer for user 0: now com.google.android.dialer: DDC.oR@AJA
11-16 08:57:19.575: I/CarrierServices(10057): [2] RcsAutoStartReceiver.b: enableRcs changed from true to true
11-16 08:57:19.576: I/CarrierServices(10057): [2] RcsAutoStartReceiver.b: RcsAutoStartReceiver triggered. Fetching RCS State. Action: android.intent.action.PACKAGE_ADDED
11-16 08:57:19.578: W/BroadcastQueue(1185): Background execution not allowed: receiving Intent { act=android.intent.action.PACKAGE_ADDED dat=package:dev.androidx.ci.emptyapp flg=0x4000010 (has extras) } to com.google.android.gms/.chimera.GmsIntentOperationService$PersistentTrustedReceiver
11-16 08:57:19.578: W/BroadcastQueue(1185): Background execution not allowed: receiving Intent { act=android.intent.action.PACKAGE_ADDED dat=package:dev.androidx.ci.emptyapp flg=0x4000010 (has extras) } to com.google.android.googlequicksearchbox/com.google.android.apps.gsa.googlequicksearchbox.GelStubAppWatcher
11-16 08:57:19.579: W/BroadcastQueue(1185): Background execution not allowed: receiving Intent { act=android.intent.action.PACKAGE_ADDED dat=package:dev.androidx.ci.emptyapp flg=0x4000010 (has extras) } to com.google.android.ims/.receivers.RcsAutoStartReceiver
11-16 08:57:19.582: D/RegisteredNfcFServicesCache(4122): Service unchanged, not updating
11-16 08:57:19.583: I/CarrierServices(10057): [2] aws.a: Migration binding to RcsMigrationService
11-16 08:57:19.592: I/BugleDataModel(7153): RcsMigrationService: Returning RCS state provider.
11-16 08:57:19.593: I/Finsky(18636): [2] owk.d(2): Frosting ID looked up on UI thread. Caller should move to a background thread.
11-16 08:57:19.593: V/BackupManagerConstants(1185): getFullBackupIntervalMilliseconds(...) returns 86400000
11-16 08:57:19.602: W/GCM(10880): Unexpected forwarded intent: Intent { act=android.intent.action.PACKAGE_ADDED dat=package:dev.androidx.ci.emptyapp flg=0x4000010 pkg=com.google.android.gms cmp=com.google.android.gms/.chimera.PersistentIntentOperationService (has extras) }
11-16 08:57:19.604: I/FontLog(10880): Package dev.androidx.ci.emptyapp has no metadata [CONTEXT service_id=132 ]
11-16 08:57:19.605: W/GCM(10880): Unexpected forwarded intent: Intent { act=android.intent.action.PACKAGE_ADDED dat=package:dev.androidx.ci.emptyapp flg=0x4000010 pkg=com.google.android.gms cmp=com.google.android.gms/.chimera.PersistentIntentOperationService (has extras) }
11-16 08:57:19.610: I/Auth(14065): [SupervisedAccountIntentOperation] onHandleIntent(): android.intent.action.PACKAGE_ADDED
11-16 08:57:19.612: I/BugleRcsEngine(7153): [364] pot.a: Sim state is not ready. Returning last known operation mode.
11-16 08:57:19.615: I/BlockstoreStorage(14065): Clearing Blockstore Data for package dev.androidx.ci.emptyapp [CONTEXT service_id=258 ]
11-16 08:57:19.616: I/BlockstoreStorage(14065): No metadata found. Skipping deletion. [CONTEXT service_id=258 ]
11-16 08:57:19.617: I/ownload_servic(18802): The ClassLoaderContext is a special shared library.
11-16 08:57:19.621: D/BoundBrokerSvc(14065): onBind: Intent { act=com.google.android.gms.common.BIND_SHARED_PREFS pkg=com.google.android.gms }
11-16 08:57:19.621: D/BoundBrokerSvc(14065): Loading bound service for intent: Intent { act=com.google.android.gms.common.BIND_SHARED_PREFS pkg=com.google.android.gms }
11-16 08:57:19.624: I/CarrierServices(10057): [591] awt.doInBackground: Saving RCS State
11-16 08:57:19.624: I/CarrierServices(10057): [591] awt.doInBackground: Old operation mode: 0
11-16 08:57:19.624: I/CarrierServices(10057): [591] awt.doInBackground: New operation mode: 0
11-16 08:57:19.625: I/CarrierServices(10057): [2] aww.a: Unbinding RcsMigrationService
11-16 08:57:19.628: E/PhoneInterfaceManager(3768): [PhoneIntfMgr] getCarrierPackageNamesForIntent: No UICC
11-16 08:57:19.628: D/CarrierSvcBindHelper(3768): No carrier app for: 0
11-16 08:57:19.629: I/Finsky(18636): [2] amas.a(3): Do not start WearSupportService due to Wear service optimization
11-16 08:57:19.635: E/VvmPkgInstalledRcvr(3768): cannot create TelephonyManager from ComponentInfo{com.android.phone/com.android.services.telephony.TelephonyConnectionService}, ***, UserHandle{0}
11-16 08:57:19.635: D/BoundBrokerSvc(14065): onUnbind: Intent { act=com.google.android.gms.common.BIND_SHARED_PREFS pkg=com.google.android.gms }
11-16 08:57:19.635: D/CarrierConfigLoader(3768): mHandler: 9 phoneId: 0
11-16 08:57:19.635: I/Finsky(18636): [2] amas.a(3): Do not start WearSupportService due to Wear service optimization
11-16 08:57:19.656: I/Finsky:download_service(18802): [2] gft.ay(5): Process created at version: 22.4.28-16 [0] [PR] 338099147
11-16 08:57:19.663: I/Finsky(18636): [151] jnw.a(15): [ContentSync] finished, scheduled=false
11-16 08:57:19.667: I/Finsky(18636): [2] aeak.a(8): Clearing split related stale data.
11-16 08:57:19.682: I/Finsky(18636): [2] owk.d(2): Frosting ID looked up on UI thread. Caller should move to a background thread.
11-16 08:57:19.688: W/ChimeraUtils(10880): Module com.google.android.gms.nearby_en has empty metadata display_name_string_id
11-16 08:57:19.718: I/Finsky:download_service(18802): [2] szp.onCreate(2): IPC-SERVER: Starting gRPC host service...
11-16 08:57:19.723: W/system_server(1185): Unknown chunk type '200'.
11-16 08:57:19.728: W/PackageParser(1185): Unknown element under <manifest>: queries at /data/app/vmdl130811055.tmp/base.apk Binary XML file line #33
11-16 08:57:19.730: W/ChimeraUtils(10880): Module com.google.android.gms.nearby_en has empty metadata display_name_string_id
11-16 08:57:19.731: W/ChimeraUtils(10880): Module com.google.android.gms.nearby_en has empty metadata display_name_string_id
11-16 08:57:19.732: I/Icing(14065): Indexing com.google.android.gms-apps from com.google.android.gms
11-16 08:57:19.763: I/Finsky(18636): [192] ovx.run(16): Wrote row to frosting DB: 212
11-16 08:57:19.774: I/Finsky(18636): [192] ovx.run(16): Wrote row to frosting DB: 213
11-16 08:57:19.774: I/Icing(14065): Indexing done com.google.android.gms-apps
11-16 08:57:19.782: I/Finsky(18636): [200] gxq.a(12): Asset module storage cleared for package dev.androidx.ci.emptyapp.
11-16 08:57:19.808: I/system_server(1185): Background concurrent copying GC freed 232441(11MB) AllocSpace objects, 181(5MB) LOS objects, 42% free, 19MB/34MB, paused 54us total 245.776ms
11-16 08:57:19.808: I/system_server(1185): [ 11-16 08:57:19.830   827: 1348 E/         ]
11-16 08:57:19.808: I/system_server(1185): Couldn't opendir /data/app/vmdl130811055.tmp: No such file or directory
11-16 08:57:19.830: E/installd(827): Failed to delete /data/app/vmdl130811055.tmp: No such file or directory
11-16 08:57:19.853: D/ConnectivityService(1185): requestNetwork for uid/pid:10014/18802 NetworkRequest [ TRACK_DEFAULT id=50, [ Capabilities: INTERNET&NOT_RESTRICTED&TRUSTED Unwanted:  Uid: 10014] ]
11-16 08:57:19.853: W/BroadcastQueue(1185): Background execution not allowed: receiving Intent { act=android.intent.action.PACKAGE_ADDED dat=package:androidx.lifecycle.service.test flg=0x4000010 (has extras) } to com.android.musicfx/.Compatibility$Receiver
11-16 08:57:19.853: W/BroadcastQueue(1185): Background execution not allowed: receiving Intent { act=android.intent.action.PACKAGE_ADDED dat=package:androidx.lifecycle.service.test flg=0x4000010 (has extras) } to com.android.vending/com.google.android.finsky.packagemanager.impl.PackageMonitorReceiverImpl$RegisteredReceiver
11-16 08:57:19.854: W/BroadcastQueue(1185): Background execution not allowed: receiving Intent { act=android.intent.action.PACKAGE_ADDED dat=package:androidx.lifecycle.service.test flg=0x4000010 (has extras) } to com.google.android.gms/.games.chimera.GamesSystemBroadcastReceiverProxy
