11-16 08:57:31.019: I/ActivityManager(1185): Start proc 20075:com.google.android.keep/u0a150 for broadcast com.google.android.keep/.notification.ReminderNotificationReceiver
11-16 08:57:31.021: E/le.android.kee(20075): Not starting debugger since process cannot load the jdwp agent.
11-16 08:57:31.039: I/le.android.kee(20075): The ClassLoaderContext is a special shared library.
11-16 08:57:31.055: W/libprocessgroup(1185): kill(-19260, 9) failed: No such process
11-16 08:57:31.055: I/libprocessgroup(1185): Successfully killed process cgroup uid 10007 pid 19260 in 53ms
11-16 08:57:31.079: D/VSC(767): @ 1532.779: [Significant Motion] Request motion_detect, interval 18446744073709551615 ns, latency 0 ns
11-16 08:57:31.080: D/VSC(767): @ 1532.780: [Significant Motion] Stop accel
11-16 08:57:31.088: I/FA(20032): App measurement is starting up, version: 18079
11-16 08:57:31.088: I/FA(20032): To enable debug logging run: adb shell setprop log.tag.FA VERBOSE
11-16 08:57:31.088: I/FA(20032): To enable faster debug mode event logging run:
11-16 08:57:31.088: I/FA(20032):   adb shell setprop debug.firebase.analytics.app com.google.android.apps.walletnfcrel
11-16 08:57:31.214: D/BoundBrokerSvc(14065): onUnbind: Intent { act=com.google.android.gms.common.download.START cmp=com.google.android.gms/.chimera.GmsBoundBrokerService }
11-16 08:57:31.222: W/NetworkScheduler(10880): Immediate task was not started com.google.android.apps.chromecast.app/.gcm.GcmRegistrationService{u=0 tag="GcmRegistrationService" trigger=window{start=0s,end=1s,earliest=0s,latest=0s} requirements=[NET_CONNECTED] attributes=[] scheduled=0s last_run=N/A exec_window_multiplier=1.0000 jid=N/A status=PENDING retries=0 client_lib=MANCHEGO_GCM-18944000}. Rescheduling immediate tasks can cause excessive battery drain.
11-16 08:57:31.229: W/NetworkScheduler(10880): Immediate task was not started com.google.android.apps.chromecast.app/.gcm.GcmRegistrationService{u=0 tag="GcmRegistrationService" trigger=window{start=0s,end=1s,earliest=0s,latest=0s} requirements=[NET_CONNECTED] attributes=[] scheduled=0s last_run=N/A exec_window_multiplier=1.0000 jid=N/A status=PENDING retries=0 client_lib=MANCHEGO_GCM-18944000}. Rescheduling immediate tasks can cause excessive battery drain.
11-16 08:57:31.248: E/ExecutionCriteria(10880): Package unavailable for task: com.google.android.apps.gcs/com.google.android.flib.phenotype.services.PhenotypeExperimentCommitService{u=0 tag="PhenotypeExpCommitSvc" trigger=window{start=0s,end=30s,earliest=-1423s,latest=-1393s} requirements=[NET_ANY] attributes=[PERSISTED] scheduled=-1423s last_run=N/A exec_window_multiplier=1.0000 jid=N/A status=PENDING retries=0 client_lib=MANCHEGO_GCM-11732000} [CONTEXT service_id=218 ]
11-16 08:57:31.261: I/Finsky(18636): [2] alsm.a(4): Exiting following cache clear.
11-16 08:57:31.263: I/Finsky(18636): [2] gik.run(63): Exit with reason: 375, called from : java.lang.Throwable
11-16 08:57:31.263: I/Finsky(18636): 	at gik.run(Unknown Source:9)
11-16 08:57:31.263: I/Finsky(18636): 	at android.os.Handler.handleCallback(Handler.java:873)
11-16 08:57:31.263: I/Finsky(18636): 	at android.os.Handler.dispatchMessage(Handler.java:99)
11-16 08:57:31.263: I/Finsky(18636): 	at android.os.Looper.loop(Looper.java:193)
11-16 08:57:31.263: I/Finsky(18636): 	at android.app.ActivityThread.main(ActivityThread.java:6718)
11-16 08:57:31.263: I/Finsky(18636): 	at java.lang.reflect.Method.invoke(Native Method)
11-16 08:57:31.263: I/Finsky(18636): 	at com.android.internal.os.RuntimeInit$MethodAndArgsCaller.run(RuntimeInit.java:493)
11-16 08:57:31.263: I/Finsky(18636): 	at com.android.internal.os.ZygoteInit.main(ZygoteInit.java:858)
11-16 08:57:31.264: I/android.vendin(18636): System.exit called, status: 0
11-16 08:57:31.264: I/AndroidRuntime(18636): VM exiting with result code 0, cleanup skipped.
11-16 08:57:31.270: I/akhr(10880): Scheduling adaptive one off task with window [14400, 604800] in seconds [CONTEXT service_id=51 ]
11-16 08:57:31.270: E/ExecutionCriteria(10880): Package unavailable for task: com.google.android.apps.gcs/com.google.android.flib.phenotype.services.PhenotypeExperimentCommitService{u=0 tag="PhenotypeExpCommitSvc" trigger=window{start=0s,end=30s,earliest=-1423s,latest=-1393s} requirements=[NET_ANY] attributes=[PERSISTED] scheduled=-1423s last_run=N/A exec_window_multiplier=1.0000 jid=N/A status=PENDING retries=0 client_lib=MANCHEGO_GCM-11732000} [CONTEXT service_id=218 ]
11-16 08:57:31.291: D/ConnectivityService(1185): ConnectivityService NetworkRequestInfo binderDied(NetworkRequest [ TRACK_DEFAULT id=48, [ Capabilities: INTERNET&NOT_RESTRICTED&TRUSTED Unwanted:  Uid: 10014] ], android.os.BinderProxy@155ed13)
11-16 08:57:31.291: D/ConnectivityService(1185): ConnectivityService NetworkRequestInfo binderDied(NetworkRequest [ LISTEN id=49, [ Capabilities: INTERNET&NOT_RESTRICTED&TRUSTED Unwanted:  Uid: 10014] ], android.os.BinderProxy@f83eb50)
11-16 08:57:31.291: I/ActivityManager(1185): Process com.android.vending (pid 18636) has died: cch+4CEM 
11-16 08:57:31.291: D/ConnectivityService(1185): releasing NetworkRequest [ TRACK_DEFAULT id=48, [ Capabilities: INTERNET&NOT_RESTRICTED&TRUSTED Unwanted:  Uid: 10014] ] (release request)
11-16 08:57:31.292: W/libprocessgroup(1185): kill(-18636, 9) failed: No such process
11-16 08:57:31.294: I/Finsky:download_service(18802): [2] szp.onDestroy(8): IPC-SERVER: Stopping gRPC host service...
11-16 08:57:31.296: I/Zygote(734): Process 18636 exited cleanly (0)
11-16 08:57:31.298: W/libprocessgroup(1185): kill(-18636, 9) failed: No such process
11-16 08:57:31.298: I/libprocessgroup(1185): Successfully killed process cgroup uid 10014 pid 18636 in 6ms
11-16 08:57:31.302: E/ExecutionCriteria(10880): Package unavailable for task: com.google.android.apps.gcs/com.google.android.flib.phenotype.services.PhenotypeExperimentCommitService{u=0 tag="PhenotypeExpCommitSvc" trigger=window{start=0s,end=30s,earliest=-1423s,latest=-1393s} requirements=[NET_ANY] attributes=[PERSISTED] scheduled=-1423s last_run=N/A exec_window_multiplier=1.0000 jid=N/A status=PENDING retries=0 client_lib=MANCHEGO_GCM-11732000} [CONTEXT service_id=218 ]
11-16 08:57:31.311: E/ExecutionCriteria(10880): Package unavailable for task: com.google.android.apps.gcs/com.google.android.flib.phenotype.services.PhenotypeExperimentCommitService{u=0 tag="PhenotypeExpCommitSvc" trigger=window{start=0s,end=30s,earliest=-1423s,latest=-1393s} requirements=[NET_ANY] attributes=[PERSISTED] scheduled=-1423s last_run=N/A exec_window_multiplier=1.0000 jid=N/A status=PENDING retries=0 client_lib=MANCHEGO_GCM-11732000} [CONTEXT service_id=218 ]
11-16 08:57:31.320: I/NetworkScheduler.Stats(10880): Task com.google.android.gms/com.google.android.gms.phenotype.service.sync.PhenotypeConfigurator finished executing. cause:5 result: 1 elapsed_millis: 1093 uptime_millis: 1093 exec_start_elapsed_seconds: 1519 [CONTEXT service_id=218 ]
11-16 08:57:31.332: E/ExecutionCriteria(10880): Package unavailable for task: com.google.android.apps.gcs/com.google.android.flib.phenotype.services.PhenotypeExperimentCommitService{u=0 tag="PhenotypeExpCommitSvc" trigger=window{start=0s,end=30s,earliest=-1423s,latest=-1393s} requirements=[NET_ANY] attributes=[PERSISTED] scheduled=-1423s last_run=N/A exec_window_multiplier=1.0000 jid=N/A status=PENDING retries=0 client_lib=MANCHEGO_GCM-11732000} [CONTEXT service_id=218 ]
11-16 08:57:31.336: W/ComponentDiscovery(20075): Application info not found.
11-16 08:57:31.336: W/ComponentDiscovery(20075): Could not retrieve metadata, returning empty list of registrars.
11-16 08:57:31.373: W/Primes(20075): Primes not initialized, returning default (no-op) Primes instance which will ignore all calls. Please call Primes.initialize(...) before using any Primes API.
11-16 08:57:31.382: W/PrimesInit(20075): Primes instant initialization
11-16 08:57:31.382: W/Primes(20075): background initialization
11-16 08:57:31.389: D/BoundBrokerSvc(14065): onUnbind: Intent { act=com.google.android.gms.auth.service.START pkg=com.google.android.gms }
11-16 08:57:31.433: I/PrimesTesting(20075): GserviceFlagsSupplier.get()
11-16 08:57:31.460: W/KeepGATracker(20075): Disabling GA because no account was specified
11-16 08:57:31.481: I/akhr(10880): Scheduling Phenotype for a PhenotypeSyncImmediately(16, com.google.android.keep) one off with window [1, 2] in seconds [CONTEXT service_id=51 ]
11-16 08:57:31.488: W/BroadcastQueue(1185): Background execution not allowed: receiving Intent { act=com.google.android.systemui.OPA_ENABLED flg=0x10000010 (has extras) } to com.google.android.apps.nexuslauncher/.qsb.OPAStatusReceiver
11-16 08:57:31.492: W/BroadcastQueue(1185): Background execution not allowed: receiving Intent { act=com.google.android.systemui.OPA_ENABLED flg=0x10000010 (has extras) } to com.google.android.apps.nexuslauncher/.qsb.OPAStatusReceiver
11-16 08:57:31.492: W/BroadcastQueue(1185): Background execution not allowed: receiving Intent { act=com.google.android.systemui.OPA_ENABLED flg=0x10000010 (has extras) } to com.google.android.apps.nexuslauncher/.qsb.OPAStatusReceiver
11-16 08:57:31.532: I/PeopleChimeraService(14065): onService. callbacks = xmw@98c2572, request = com.google.android.gms.common.internal.GetServiceRequest@c40ddc3
11-16 08:57:32.422: I/roid.music:mai(19657): Waiting for a blocking GC ProfileSaver
11-16 08:57:32.435: I/roid.music:mai(19657): WaitForGcToComplete blocked ProfileSaver on HeapTrim for 13.153ms
11-16 08:57:32.596: D/BoundBrokerSvc(14065): onUnbind: Intent { act=com.google.android.gms.findmydevice.spot.service.locationreport.START cmp=com.google.android.gms/.chimera.GmsApiService }
11-16 08:57:32.714: W/BroadcastQueue(1185): Background execution not allowed: receiving Intent { act=com.google.android.music.START_DOWNLOAD_SCHEDULING flg=0x10 } to com.google.android.music/.autocache.AutoCacheSchedulingService$EnablingReceiver
11-16 08:57:32.827: I/MediaStoreImporter(19657): Update: incremental Added music: 0 Updated music: 0 Deleted music: 0 Created playlists: 0 Updated playlists: 0 Deleted playlists: 0 Inserted playlist items: 0 Deleted playlist items: 0 Removed orphaned playlist items: 0
11-16 08:57:32.830: D/MusicLifecycle(19657): com.google.android.music.download.EncapsulatedBroadcastReceiver$1 generated event: Broadcast received with context com.google.android.music.ui.PhoneMusicApplication@3f24d13 and intent Intent { act=com.google.android.music.IMPORT_COMPLETE flg=0x10 }
11-16 08:57:32.952: I/ActivityManager(1185): Force stopping androidx.lifecycle.service.test appid=10172 user=-1: deletePackageX
11-16 08:57:33.023: I/keystore(828): clear_uid 10172
11-16 08:57:33.124: I/system_server(1185): Explicit concurrent copying GC freed 59453(2MB) AllocSpace objects, 9(436KB) LOS objects, 42% free, 15MB/27MB, paused 96us total 100.909ms
11-16 08:57:33.130: I/ActivityManager(1185): Force stopping androidx.lifecycle.service.test appid=10172 user=0: pkg removed
11-16 08:57:33.141: W/BroadcastQueue(1185): Background execution not allowed: receiving Intent { act=android.intent.action.PACKAGE_REMOVED dat=package:androidx.lifecycle.service.test flg=0x4000010 (has extras) } to com.android.musicfx/.Compatibility$Receiver
11-16 08:57:33.141: W/BroadcastQueue(1185): Background execution not allowed: receiving Intent { act=android.intent.action.PACKAGE_REMOVED dat=package:androidx.lifecycle.service.test flg=0x4000010 (has extras) } to com.android.vending/com.google.android.finsky.packagemanager.impl.PackageMonitorReceiverImpl$RegisteredReceiver
11-16 08:57:33.141: W/BroadcastQueue(1185): Background execution not allowed: receiving Intent { act=android.intent.action.PACKAGE_REMOVED dat=package:androidx.lifecycle.service.test flg=0x4000010 (has extras) } to com.android.vending/com.google.android.finsky.instantapps.appmanagement.InstantAppRemoveMonitor
11-16 08:57:33.141: W/BroadcastQueue(1185): Background execution not allowed: receiving Intent { act=android.intent.action.PACKAGE_REMOVED dat=package:androidx.lifecycle.service.test flg=0x4000010 (has extras) } to com.google.android.gms/.games.chimera.GamesSystemBroadcastReceiverProxy
11-16 08:57:33.142: W/BroadcastQueue(1185): Background execution not allowed: receiving Intent { act=android.intent.action.PACKAGE_REMOVED dat=package:androidx.lifecycle.service.test flg=0x4000010 (has extras) } to com.google.android.gms/.chimera.GmsIntentOperationService$PersistentTrustedReceiver
11-16 08:57:33.142: W/BroadcastQueue(1185): Background execution not allowed: receiving Intent { act=android.intent.action.PACKAGE_REMOVED dat=package:androidx.lifecycle.service.test flg=0x4000010 (has extras) } to com.google.android.googlequicksearchbox/com.google.android.apps.gsa.googlequicksearchbox.GelStubAppWatcher
11-16 08:57:33.148: D/RegisteredNfcFServicesCache(4122): Service unchanged, not updating
11-16 08:57:33.148: E/PackageManager(1185): failed to find package androidx.lifecycle.service.test
11-16 08:57:33.148: E/OverlayManager(1185): Failed to change enabled overlays for androidx.lifecycle.service.test user 0
11-16 08:57:33.153: I/ConditionProviders(1185): Disallowing condition provider androidx.lifecycle.service.test
11-16 08:57:33.154: V/ConditionProviders(1185): enabling condition provider for 0: ComponentInfo{com.google.android.gms/com.google.android.location.settings.DrivingConditionProvider}
11-16 08:57:33.154: E/PhoneInterfaceManager(3768): [PhoneIntfMgr] getCarrierPackageNamesForIntent: No UICC
11-16 08:57:33.154: D/CarrierSvcBindHelper(3768): No carrier app for: 0
11-16 08:57:33.154: V/ConditionProviders(1185): binding: Intent { act=android.service.notification.ConditionProviderService cmp=com.google.android.gms/com.google.android.location.settings.DrivingConditionProvider (has extras) }
11-16 08:57:33.160: D/WifiConfigManager(1185): Remove all networks for app ApplicationInfo{59e0b6b androidx.lifecycle.service.test}
11-16 08:57:33.164: I/ActivityManager(1185): Start proc 20137:com.android.chrome/u0a107 for broadcast com.android.chrome/org.chromium.chrome.browser.browserservices.ClientAppBroadcastReceiver
11-16 08:57:33.174: E/.android.chrom(20137): Not starting debugger since process cannot load the jdwp agent.
11-16 08:57:33.174: I/InputReader(1185): Reconfiguring input devices.  changes=0x00000010
11-16 08:57:33.176: D/ConditionProviders(1185): Subscribing to condition://com.google.android.gms/false/4?provider=Driving with ComponentInfo{com.google.android.gms/com.google.android.location.settings.DrivingConditionProvider}
11-16 08:57:33.177: I/ActivityManager(1185): Start proc 20151:com.android.keychain/1000 for service com.android.keychain/.KeyChainService
11-16 08:57:33.185: W/ChimeraUtils(10880): Module com.google.android.gms.location__nonwearable has empty metadata display_name_string_id
11-16 08:57:33.186: D/ConditionProviders(1185): Disabling component com.google.android.gms/com.google.android.location.settings.DrivingConditionProvider
11-16 08:57:33.187: W/ConditionProviderService[dmm](10880): Condition provider service not yet bound.
11-16 08:57:33.192: E/ndroid.keychai(20151): Not starting debugger since process cannot load the jdwp agent.
11-16 08:57:33.196: I/ActivityManager(1185): Force stopping dev.androidx.ci.emptyapp appid=10171 user=-1: deletePackageX
11-16 08:57:33.197: W/system_server(1185): Unknown chunk type '200'.
11-16 08:57:33.201: I/Fitness(10880): FitCleanupIntentOperation received Intent android.intent.action.PACKAGE_REMOVED [CONTEXT service_id=17 ]
11-16 08:57:33.231: I/keystore(828): clear_uid 10171
11-16 08:57:33.241: I/BlockstoreStorage(14065): Clearing all the Blockstore Data for package androidx.lifecycle.service.test [CONTEXT service_id=258 ]
11-16 08:57:33.241: I/BlockstoreStorage(14065): Clearing all the Blockstore Data for 1 packages [CONTEXT service_id=258 ]
11-16 08:57:33.251: I/ndroid.keychai(20151): The ClassLoaderContext is a special shared library.
11-16 08:57:33.280: I/DatabaseOpenHelper(14065): Upgrading DocList.db from version 172 to 173, databasePath=/data/user/0/com.google.android.gms/databases/DocList.db
11-16 08:57:33.304: I/ActivityManager(1185): Killing 19233:com.google.android.calendar/u0a124 (adj 906): empty #17
11-16 08:57:33.305: W/libprocessgroup(1185): kill(-19233, 9) failed: No such process
11-16 08:57:33.307: I/Icing(14065): doRemovePackageData androidx.lifecycle.service.test
11-16 08:57:33.323: W/libprocessgroup(1185): kill(-19233, 9) failed: No such process
11-16 08:57:33.330: I/Zygote(733): Process 19233 exited due to signal (9)
11-16 08:57:33.346: W/libprocessgroup(1185): kill(-19233, 9) failed: No such process
11-16 08:57:33.346: I/libprocessgroup(1185): Successfully killed process cgroup uid 10124 pid 19233 in 41ms
11-16 08:57:33.364: I/Icing(14065): Indexing com.google.android.gms-apps from com.google.android.gms
11-16 08:57:33.378: I/Icing(14065): Indexing done com.google.android.gms-apps
11-16 08:57:33.381: I/.gms.persisten(10880): Background concurrent copying GC freed 248902(13MB) AllocSpace objects, 38(1324KB) LOS objects, 49% free, 12MB/24MB, paused 32us total 106.528ms
11-16 08:57:33.420: I/gle.android.gm(14065): Background concurrent copying GC freed 117693(5MB) AllocSpace objects, 53(2MB) LOS objects, 50% free, 11MB/22MB, paused 32us total 165.081ms
11-16 08:57:33.436: W/DriveInitializer(14065): Awaiting to be initialized
11-16 08:57:33.481: I/system_server(1185): Explicit concurrent copying GC freed 44538(2MB) AllocSpace objects, 14(600KB) LOS objects, 42% free, 16MB/28MB, paused 68us total 249.961ms
11-16 08:57:33.487: I/ActivityManager(1185): Force stopping dev.androidx.ci.emptyapp appid=10171 user=0: pkg removed
11-16 08:57:33.493: I/InputReader(1185): Reconfiguring input devices.  changes=0x00000010
11-16 08:57:33.496: I/ConditionProviders(1185): Disallowing condition provider dev.androidx.ci.emptyapp
11-16 08:57:33.497: E/PackageManager(1185): failed to find package dev.androidx.ci.emptyapp
11-16 08:57:33.497: E/OverlayManager(1185): Failed to change enabled overlays for dev.androidx.ci.emptyapp user 0
11-16 08:57:33.504: D/WifiConfigManager(1185): Remove all networks for app ApplicationInfo{ec2f540 dev.androidx.ci.emptyapp}
11-16 08:57:33.514: D/RegisteredNfcFServicesCache(4122): Service unchanged, not updating
11-16 08:57:33.520: E/PhoneInterfaceManager(3768): [PhoneIntfMgr] getCarrierPackageNamesForIntent: No UICC
11-16 08:57:33.520: D/CarrierSvcBindHelper(3768): No carrier app for: 0
11-16 08:57:33.521: I/BlockstoreStorage(14065): Clearing all the Blockstore Data for package dev.androidx.ci.emptyapp [CONTEXT service_id=258 ]
11-16 08:57:33.521: I/BlockstoreStorage(14065): Clearing all the Blockstore Data for 1 packages [CONTEXT service_id=258 ]
11-16 08:57:33.524: I/PinnedContentDownloader(14065): Finished downloading pinned content.
11-16 08:57:33.527: I/Fitness(10880): FitCleanupIntentOperation received Intent android.intent.action.PACKAGE_REMOVED [CONTEXT service_id=17 ]
11-16 08:57:33.531: I/ContentMaintenance(14065): Internal cache bytes used: 0; limit: 100000000; download size: 0
11-16 08:57:33.541: I/Icing(14065): doRemovePackageData dev.androidx.ci.emptyapp
11-16 08:57:33.541: I/RealtimeCacheCleanup(14065): Beginning Realtime garbage collection.
11-16 08:57:33.541: I/RealtimeCacheCleanup(14065): Finished Realtime garbage collection.
11-16 08:57:33.548: I/Icing(14065): Indexing com.google.android.gms-apps from com.google.android.gms
11-16 08:57:33.549: I/Icing(14065): Indexing done com.google.android.gms-apps
