11-16 08:57:12.125: W/sh(17973): type=1400 audit(0.0:343): avc: denied { read } for name="cache" dev="dm-0" ino=48 scontext=u:r:shell:s0 tcontext=u:object_r:cache_file:s0 tclass=lnk_file permissive=0
11-16 08:57:12.494: I/ActivityManager(1185): Start proc 17988:com.android.defcontainer/u0a23 for service com.android.defcontainer/.DefaultContainerService
11-16 08:57:12.506: E/id.defcontaine(17988): Not starting debugger since process cannot load the jdwp agent.
11-16 08:57:12.668: I/PackageManager.DexOptimizer(1185): Running dexopt (dexoptNeeded=1) on: /data/app/com.google.android.gms.policy_test_support-VAphqQv21crNH85cpH7rFw==/base.apk pkg=com.google.android.gms.policy_test_support isa=arm64 dexoptFlags=boot_complete,profile_guided,public,enable_hidden_api_checks targetFilter=speed-profile oatDir=/data/app/com.google.android.gms.policy_test_support-VAphqQv21crNH85cpH7rFw==/oat classLoaderContext=PCL[]
11-16 08:57:12.668: V/installed(827): DexInv: --- BEGIN '/data/app/com.google.android.gms.policy_test_support-VAphqQv21crNH85cpH7rFw==/base.apk' ---
11-16 08:57:12.692: I//vendor/bin/hw/android.hardware.health@2.0-service.crosshatch(761): Entry state_: 1 charger_status: Full batteryLevel: 99
11-16 08:57:12.692: I//vendor/bin/hw/android.hardware.health@2.0-service.crosshatch(761): Exit state_: 1 batteryLevel: 100
11-16 08:57:12.697: D/QtiCarrierConfigHelper(3768): WARNING, no carrier configs on phone Id: 0
11-16 08:57:12.719: I/dex2oat(18004): /system/bin/dex2oat --input-vdex-fd=-1 --output-vdex-fd=19 --compiler-filter=speed-profile --classpath-dir=/data/app/com.google.android.gms.policy_test_support-VAphqQv21crNH85cpH7rFw== --class-loader-context=PCL[] --generate-mini-debug-info --compact-dex-level=none --compilation-reason=install
11-16 08:57:13.016: I/dex2oat(18004): Explicit concurrent copying GC freed 10441(1502KB) AllocSpace objects, 0(0B) LOS objects, 99% free, 728B/1536KB, paused 29us total 3.275ms
11-16 08:57:13.087: I/dex2oat(18004): dex2oat took 370.090ms (885.839ms cpu) (threads: 8) arena alloc=65KB (67456B) java alloc=16KB (17112B) native alloc=2MB (3029576B) free=3MB (3261880B)
11-16 08:57:13.092: V/installed(827): DexInv: --- END '/data/app/com.google.android.gms.policy_test_support-VAphqQv21crNH85cpH7rFw==/base.apk' (success) ---
11-16 08:57:13.092: V/installed(827): [ 11-16 08:57:13.093   827: 1348 E/         ]
11-16 08:57:13.092: V/installed(827): Couldn't opendir /data/app/vmdl531667388.tmp: No such file or directory
11-16 08:57:13.093: E/installd(827): Failed to delete /data/app/vmdl531667388.tmp: No such file or directory
11-16 08:57:13.104: I/InputReader(1185): Reconfiguring input devices.  changes=0x00000010
11-16 08:57:13.104: I/Finsky(12418): [2] yeh.d(13): PackageMonitorReceiverImpl - Received: android.intent.action.PACKAGE_ADDED, [TAsD3pqu7qg-JZYPvpWmQGEwsDQ0NnuVQpcaQGQjJQU]
11-16 08:57:13.105: I/Finsky(12418): [2] yfi.g(1): Invalidating cached PackageState for com.google.android.gms.policy_test_support
11-16 08:57:13.107: I/Telecom(1185): DefaultDialerCache: Refreshing default dialer for user 0: now com.google.android.dialer: DDC.oR@AIc
11-16 08:57:13.109: I/CarrierServices(10057): [2] RcsAutoStartReceiver.b: carrierServicesJibeServiceEnabled changed from true to true
11-16 08:57:13.113: I/CarrierServices(10057): [2] RcsAutoStartReceiver.b: enableRcs changed from true to true
11-16 08:57:13.115: I/CarrierServices(10057): [2] RcsAutoStartReceiver.b: RcsAutoStartReceiver triggered. Fetching RCS State. Action: android.intent.action.PACKAGE_ADDED
11-16 08:57:13.133: V/BackupManagerConstants(1185): getFullBackupIntervalMilliseconds(...) returns 86400000
11-16 08:57:13.133: W/BroadcastQueue(1185): Background execution not allowed: receiving Intent { act=android.intent.action.PACKAGE_ADDED dat=package:com.google.android.gms.policy_test_support flg=0x4000010 (has extras) } to com.android.musicfx/.Compatibility$Receiver
11-16 08:57:13.134: W/BroadcastQueue(1185): Background execution not allowed: receiving Intent { act=android.intent.action.PACKAGE_ADDED dat=package:com.google.android.gms.policy_test_support flg=0x4000010 (has extras) } to com.android.vending/com.google.android.finsky.packagemanager.impl.PackageMonitorReceiverImpl$RegisteredReceiver
11-16 08:57:13.134: W/BroadcastQueue(1185): Background execution not allowed: receiving Intent { act=android.intent.action.PACKAGE_ADDED dat=package:com.google.android.gms.policy_test_support flg=0x4000010 (has extras) } to com.google.android.gms/.games.chimera.GamesSystemBroadcastReceiverProxy
11-16 08:57:13.134: W/BroadcastQueue(1185): Background execution not allowed: receiving Intent { act=android.intent.action.PACKAGE_ADDED dat=package:com.google.android.gms.policy_test_support flg=0x4000010 (has extras) } to com.google.android.gms/.gass.chimera.PackageChangeBroadcastReceiver
11-16 08:57:13.134: W/BroadcastQueue(1185): Background execution not allowed: receiving Intent { act=android.intent.action.PACKAGE_ADDED dat=package:com.google.android.gms.policy_test_support flg=0x4000010 (has extras) } to com.google.android.gms/.chimera.GmsIntentOperationService$PersistentTrustedReceiver
11-16 08:57:13.134: W/BroadcastQueue(1185): Background execution not allowed: receiving Intent { act=android.intent.action.PACKAGE_ADDED dat=package:com.google.android.gms.policy_test_support flg=0x4000010 (has extras) } to com.google.android.googlequicksearchbox/com.google.android.apps.gsa.googlequicksearchbox.GelStubAppWatcher
11-16 08:57:13.134: W/BroadcastQueue(1185): Background execution not allowed: receiving Intent { act=android.intent.action.PACKAGE_ADDED dat=package:com.google.android.gms.policy_test_support flg=0x4000010 (has extras) } to com.google.android.ims/.receivers.RcsAutoStartReceiver
11-16 08:57:13.137: I/CarrierServices(10057): [2] aws.a: Migration binding to RcsMigrationService
11-16 08:57:13.138: I/Finsky(12418): [2] owk.d(2): Frosting ID looked up on UI thread. Caller should move to a background thread.
11-16 08:57:13.141: I/BugleDataModel(7153): RcsMigrationService: Returning RCS state provider.
11-16 08:57:13.138: W/sh(18017): type=1400 audit(0.0:344): avc: denied { read } for name="cache" dev="dm-0" ino=48 scontext=u:r:shell:s0 tcontext=u:object_r:cache_file:s0 tclass=lnk_file permissive=0
11-16 08:57:13.152: I/BugleRcsEngine(7153): [420] pot.a: Sim state is not ready. Returning last known operation mode.
11-16 08:57:13.152: I/Finsky(12418): [2] amas.a(3): Do not start WearSupportService due to Wear service optimization
11-16 08:57:13.153: W/GCM(10880): Unexpected forwarded intent: Intent { act=android.intent.action.PACKAGE_ADDED dat=package:com.google.android.gms.policy_test_support flg=0x4000010 pkg=com.google.android.gms cmp=com.google.android.gms/.chimera.PersistentIntentOperationService (has extras) }
11-16 08:57:13.153: I/Finsky(12418): [2] amas.a(3): Do not start WearSupportService due to Wear service optimization
11-16 08:57:13.155: W/GCM(10880): Unexpected forwarded intent: Intent { act=android.intent.action.PACKAGE_ADDED dat=package:com.google.android.gms.policy_test_support flg=0x4000010 pkg=com.google.android.gms cmp=com.google.android.gms/.chimera.PersistentIntentOperationService (has extras) }
11-16 08:57:13.155: D/RegisteredNfcFServicesCache(4122): Service unchanged, not updating
11-16 08:57:13.155: I/Finsky(12418): [2] aeak.a(8): Clearing split related stale data.
11-16 08:57:13.156: I/Finsky(12418): [262] ovx.run(16): Wrote row to frosting DB: 208
11-16 08:57:13.158: I/CarrierServices(10057): [591] awt.doInBackground: Saving RCS State
11-16 08:57:13.159: I/CarrierServices(10057): [591] awt.doInBackground: Old operation mode: 0
11-16 08:57:13.159: I/CarrierServices(10057): [591] awt.doInBackground: New operation mode: 0
11-16 08:57:13.160: I/CarrierServices(10057): [2] aww.a: Unbinding RcsMigrationService
11-16 08:57:13.160: E/PhoneInterfaceManager(3768): [PhoneIntfMgr] getCarrierPackageNamesForIntent: No UICC
11-16 08:57:13.160: D/CarrierSvcBindHelper(3768): No carrier app for: 0
11-16 08:57:13.161: D/ImsResolver(3768): maybeAddedImsService, packageName: com.google.android.gms.policy_test_support
11-16 08:57:13.163: I/Finsky(12418): [262] ovx.run(16): Wrote row to frosting DB: 209
11-16 08:57:13.164: I/Finsky(12418): [264] gxq.a(12): Asset module storage cleared for package com.google.android.gms.policy_test_support.
11-16 08:57:13.164: I/Finsky(12418): [2] owk.d(2): Frosting ID looked up on UI thread. Caller should move to a background thread.
11-16 08:57:13.166: E/VvmPkgInstalledRcvr(3768): cannot create TelephonyManager from ComponentInfo{com.android.phone/com.android.services.telephony.TelephonyConnectionService}, ***, UserHandle{0}
11-16 08:57:13.166: D/CarrierConfigLoader(3768): mHandler: 9 phoneId: 0
11-16 08:57:13.173: I/GmsModuleFndr(14065): Beginning GMS chimera module scan
11-16 08:57:13.175: W/system_server(1185): Unknown chunk type '200'.
11-16 08:57:13.184: W/gle.android.gm(14065): Unsupported class loader
11-16 08:57:13.186: W/gle.android.gm(14065): Skipping duplicate class check due to unsupported classloader
11-16 08:57:13.203: I/Finsky(12418): [2] abzb.b(5): SCH: Jobs in database: 1-1337 3-1 12-1 24-77777777 26-1414141414 31-305419896 
11-16 08:57:13.208: I/Finsky(12418): [2] abxn.d(37): SCH: ConstraintMapping: 24-77777777,  -> L: 0ms, D: 81529151ms, C: false, I: true, N: 0
11-16 08:57:13.208: I/Finsky(12418): [2] abxn.d(37): SCH: ConstraintMapping: 1-1337, 12-1, 31-305419896,  -> L: 14954ms, D: 53060073ms, C: false, I: false, N: 1
11-16 08:57:13.209: I/Finsky(12418): [2] abxn.d(37): SCH: ConstraintMapping: 3-1,  -> L: 0ms, D: 85135186ms, C: true, I: true, N: 2
11-16 08:57:13.209: I/Finsky(12418): [2] abxn.d(37): SCH: ConstraintMapping: 26-1414141414,  -> L: 41752516ms, D: 42652516ms, C: false, I: false, N: 0
11-16 08:57:13.210: I/Finsky(12418): [263] jnw.a(15): [ContentSync] finished, scheduled=true
11-16 08:57:13.213: I/Finsky(12418): [2] abxn.f(7): SCH: Cancelling existing jobscheduler jobs: 9001 9002 9006 9000 
11-16 08:57:13.213: I/Finsky(12418): [2] abxn.e(23): SCH: Scheduling job Id: 9003, L: 0, D: 81529151, C: false, I: true, N: 0
11-16 08:57:13.214: I/Finsky(12418): [2] abxn.e(23): SCH: Scheduling job Id: 9004, L: 14954, D: 53060073, C: false, I: false, N: 1
11-16 08:57:13.216: I/Finsky(12418): [2] abxn.e(23): SCH: Scheduling job Id: 9005, L: 0, D: 85135186, C: true, I: true, N: 2
11-16 08:57:13.216: I/Finsky(12418): [2] abxn.e(23): SCH: Scheduling job Id: 9007, L: 41752516, D: 42652516, C: false, I: false, N: 0
11-16 08:57:13.226: I/ModuleSetMgr(14065): Computing pending module set with APKs: [[AdsFdrDynamite.integ:213806100100000], [Enpromo.integ:214106000100000], [Pay.optional:213614100000], [VisionOcr.optional:213614100400], [AdsFdrDynamite.integ:212104400100000], [Cronetdynamite:213614100400], [Dynamiteloader:213614100000], [Dynamitemodulesa:213614100000], [Dynamitemodulesc:213614100000], [Googlecertificates:213614100000], [Mapsdynamite:213614100000], [Measurementdynamite:213614100000]]
11-16 08:57:13.280: I/ModuleSetMgr(14065): Pending container module APKs: [[Pay.optional:213614100000], [VisionOcr.optional:213614100400]]
11-16 08:57:13.280: I/ModuleSetMgr(14065): Pending non-container module APKs: [[Enpromo.integ:214106000100000], [AdsFdrDynamite.integ:213806100100000]]
11-16 08:57:13.293: W/PackageParser(14065): Unknown element under <manifest>: queries at /data/user_de/0/com.google.android.gms/app_chimera/m/00000007/AdsDynamite.apk Binary XML file line #5
11-16 08:57:13.304: W/PackageParser(14065): Unknown element under <manifest>: queries at /data/user_de/0/com.google.android.gms/app_chimera/m/00000010/dl-AdsFdrDynamite.integ_213806100100000.apk Binary XML file line #11
11-16 08:57:13.422: I/gle.android.gm(14065): Compiler allocated 4MB to compile java.util.ArrayList dqw.b(java.util.List, boolean)
11-16 08:57:13.433: I/PackageManager.DexOptimizer(1185): Running dexopt (dexoptNeeded=1) on: /data/app/com.google.android.gmscore.testing.testsupport-KmuXyXWy8rBTUhk0DQI55Q==/base.apk pkg=com.google.android.gmscore.testing.testsupport isa=arm64 dexoptFlags=boot_complete,profile_guided,public,enable_hidden_api_checks targetFilter=speed-profile oatDir=/data/app/com.google.android.gmscore.testing.testsupport-KmuXyXWy8rBTUhk0DQI55Q==/oat classLoaderContext=PCL[/system/framework/org.apache.http.legacy.boot.jar]
11-16 08:57:13.433: V/installed(827): DexInv: --- BEGIN '/data/app/com.google.android.gmscore.testing.testsupport-KmuXyXWy8rBTUhk0DQI55Q==/base.apk' ---
11-16 08:57:13.449: I/dex2oat(18055): /system/bin/dex2oat --input-vdex-fd=-1 --output-vdex-fd=19 --compiler-filter=speed-profile --classpath-dir=/data/app/com.google.android.gmscore.testing.testsupport-KmuXyXWy8rBTUhk0DQI55Q== --class-loader-context=PCL[/system/framework/org.apache.http.legacy.boot.jar] --generate-mini-debug-info --compact-dex-level=none --compilation-reason=install
11-16 08:57:13.621: I/ChimeraCfgMgr(14065): Updating module config: ads_fdr:2138061005100000,container:2136149100400+pay+vision.ocr,enpromo:2141060005100000 -> ads_fdr:2138061005100000,container:2136149100400+pay+vision.ocr,enpromo:2141060005100000
11-16 08:57:13.621: E/DowngradeHelper(14065): isModuleDowngradeRequired false
11-16 08:57:13.634: W/BroadcastQueue(1185): Background execution not allowed: receiving Intent { act=com.google.android.chimera.MODULE_CONFIGURATION_CHANGED flg=0x10 (has extras) } to com.google.android.gms/.chimera.GmsIntentOperationService$PersistentInternalReceiver
11-16 08:57:13.654: I/ChimeraCfgMgr(14065): Sending com.google.android.chimera.IntentOperation.NEW_MODULE Intents: 1,false,true
11-16 08:57:13.658: I/GmsDebugLogger(14065): [46] ads_fdr:2138061005100000,container:2136149100400+pay+vision.ocr,enpromo:2141060005100000
11-16 08:57:13.669: I/Auth(14065): [SupervisedAccountIntentOperation] onHandleIntent(): android.intent.action.PACKAGE_ADDED
11-16 08:57:13.671: W/gle.android.gm(14065): Unsupported class loader
11-16 08:57:13.672: W/gle.android.gm(14065): Skipping duplicate class check due to unsupported classloader
11-16 08:57:13.675: I/gle.android.gm(14065): Failed to add image file Failed to flatten class loader hierarchy 'Unknown class loader type drb'
11-16 08:57:13.684: I/BlockstoreStorage(14065): Clearing Blockstore Data for package com.google.android.gms.policy_test_support [CONTEXT service_id=258 ]
11-16 08:57:13.687: I/BlockstoreStorage(14065): No metadata found. Skipping deletion. [CONTEXT service_id=258 ]
11-16 08:57:13.732: D/BoundBrokerSvc(10880): onBind: Intent { act=com.google.android.gms.nearby.exposurenotification.START cmp=com.google.android.gms/.chimera.PersistentApiService }
11-16 08:57:13.732: D/BoundBrokerSvc(10880): Loading bound service for intent: Intent { act=com.google.android.gms.nearby.exposurenotification.START cmp=com.google.android.gms/.chimera.PersistentApiService }
11-16 08:57:13.744: D/BoundBrokerSvc(14065): onBind: Intent { act=com.google.android.gms.common.BIND_SHARED_PREFS pkg=com.google.android.gms }
11-16 08:57:13.744: D/BoundBrokerSvc(14065): Loading bound service for intent: Intent { act=com.google.android.gms.common.BIND_SHARED_PREFS pkg=com.google.android.gms }
11-16 08:57:13.769: I/Icing(14065): IndexChimeraService.getServiceInterface callingPackage=com.google.android.gms componentName=AppsCorpus serviceId=36
11-16 08:57:13.793: W/ChimeraUtils(10880): Module com.google.android.gms.nearby_en has empty metadata display_name_string_id
11-16 08:57:13.800: D/BoundBrokerSvc(14065): onUnbind: Intent { act=com.google.android.gms.common.BIND_SHARED_PREFS pkg=com.google.android.gms }
11-16 08:57:13.803: I/TestSupport(14065): Activate: 1636963200000@1637081833765 [CONTEXT service_id=133 ]
11-16 08:57:13.803: I/TestSupport(14065): Boot time: 1637080330472 [CONTEXT service_id=133 ]
11-16 08:57:13.808: I/TestSupport(14065): Updated: /data/data/com.google.android.gms/app_testsupport/.startup [CONTEXT service_id=133 ]
11-16 08:57:13.812: I/ChimeraCfgMgr(14065): Received com.google.android.chimera.IntentOperation.NEW_MODULE(1/0): 1,false
11-16 08:57:13.814: W/ChimeraUtils(10880): Module com.google.android.gms.nearby_en has empty metadata display_name_string_id
11-16 08:57:13.817: W/ChimeraUtils(10880): Module com.google.android.gms.nearby_en has empty metadata display_name_string_id
11-16 08:57:13.818: W/Icing(14065): No valid account for uploading user actions
11-16 08:57:13.831: E/PhenotypeRegOp(14065): Attempting to overwrite config package for com.google.android.gms.games [CONTEXT service_id=231 ]
11-16 08:57:13.832: E/PhenotypeRegOp(14065): Attempting to overwrite config package for com.google.android.gms.maps#com.google.android.gms [CONTEXT service_id=231 ]
11-16 08:57:13.833: E/PhenotypeRegOp(14065): Attempting to overwrite config package for com.google.android.gms.cast [CONTEXT service_id=231 ]
11-16 08:57:13.833: E/PhenotypeRegOp(14065): Attempting to overwrite config package for com.google.android.gms.mobile_data_plan [CONTEXT service_id=231 ]
11-16 08:57:13.835: E/PhenotypeRegOp(14065): Attempting to overwrite config package for com.google.android.gms.udc [CONTEXT service_id=231 ]
11-16 08:57:13.836: I/Icing(14065): Usage reports ok 0, Failed Usage reports 0, indexed 0, rejected 0
11-16 08:57:13.842: I/GmsModuleFndr(14065): Beginning GMS chimera module scan
11-16 08:57:13.844: I/Icing(14065): IndexChimeraService.getServiceInterface callingPackage=com.google.android.gms componentName=null serviceId=30
11-16 08:57:13.852: I/Icing(14065): Indexing com.google.android.gms-apps from com.google.android.gms
11-16 08:57:13.860: I/Icing(14065): Indexing done com.google.android.gms-apps
11-16 08:57:13.863: W/Icing(14065): No valid account for uploading user actions
11-16 08:57:13.865: I/ModuleSetMgr(14065): Computing pending module set with APKs: [[AdsFdrDynamite.integ:213806100100000], [Enpromo.integ:214106000100000], [Pay.optional:213614100000], [VisionOcr.optional:213614100400], [AdsFdrDynamite.integ:212104400100000], [Cronetdynamite:213614100400], [Dynamiteloader:213614100000], [Dynamitemodulesa:213614100000], [Dynamitemodulesc:213614100000], [Googlecertificates:213614100000], [Mapsdynamite:213614100000], [Measurementdynamite:213614100000]]
11-16 08:57:13.868: I/Icing(14065): Usage reports ok 0, Failed Usage reports 0, indexed 0, rejected 0
11-16 08:57:13.902: I/ModuleSetMgr(14065): Pending container module APKs: [[Pay.optional:213614100000], [VisionOcr.optional:213614100400]]
11-16 08:57:13.902: I/ModuleSetMgr(14065): Pending non-container module APKs: [[Enpromo.integ:214106000100000], [AdsFdrDynamite.integ:213806100100000]]
11-16 08:57:13.918: W/PackageParser(14065): Unknown element under <manifest>: queries at /data/user_de/0/com.google.android.gms/app_chimera/m/00000007/AdsDynamite.apk Binary XML file line #5
11-16 08:57:13.932: W/PackageParser(14065): Unknown element under <manifest>: queries at /data/user_de/0/com.google.android.gms/app_chimera/m/00000010/dl-AdsFdrDynamite.integ_213806100100000.apk Binary XML file line #11
11-16 08:57:13.933: I/dex2oat(18055): Explicit concurrent copying GC freed 11042(2MB) AllocSpace objects, 0(0B) LOS objects, 99% free, 896B/1536KB, paused 26us total 3.497ms
11-16 08:57:14.039: I/dex2oat(18055): dex2oat took 591.298ms (1.204s cpu) (threads: 8) arena alloc=20KB (20632B) java alloc=16KB (17280B) native alloc=5MB (5280256B) free=2MB (3108352B)
11-16 08:57:14.044: V/installed(827): DexInv: --- END '/data/app/com.google.android.gmscore.testing.testsupport-KmuXyXWy8rBTUhk0DQI55Q==/base.apk' (success) ---
11-16 08:57:14.044: V/installed(827): [ 11-16 08:57:14.045   827: 1348 E/         ]
11-16 08:57:14.044: V/installed(827): Couldn't opendir /data/app/vmdl2033206657.tmp: No such file or directory
11-16 08:57:14.045: E/installd(827): Failed to delete /data/app/vmdl2033206657.tmp: No such file or directory
11-16 08:57:14.056: I/InputReader(1185): Reconfiguring input devices.  changes=0x00000010
11-16 08:57:14.056: I/Finsky(12418): [2] yeh.d(13): PackageMonitorReceiverImpl - Received: android.intent.action.PACKAGE_ADDED, [Cfp7IzF5TvVG3xiSuASXeJDeHWm6HS2AulwLaqmOV14]
11-16 08:57:14.056: I/Finsky(12418): [2] yfi.g(1): Invalidating cached PackageState for com.google.android.gmscore.testing.testsupport
11-16 08:57:14.057: I/CarrierServices(10057): [2] RcsAutoStartReceiver.b: carrierServicesJibeServiceEnabled changed from true to true
11-16 08:57:14.060: I/Finsky(12418): [2] owk.d(2): Frosting ID looked up on UI thread. Caller should move to a background thread.
11-16 08:57:14.060: I/CarrierServices(10057): [2] RcsAutoStartReceiver.b: enableRcs changed from true to true
11-16 08:57:14.062: I/Telecom(1185): DefaultDialerCache: Refreshing default dialer for user 0: now com.google.android.dialer: DDC.oR@AIs
11-16 08:57:14.063: I/CarrierServices(10057): [2] RcsAutoStartReceiver.b: RcsAutoStartReceiver triggered. Fetching RCS State. Action: android.intent.action.PACKAGE_ADDED
11-16 08:57:14.066: I/Finsky(12418): [262] ovx.run(16): Wrote row to frosting DB: 210
11-16 08:57:14.070: I/Finsky(12418): [2] amas.a(3): Do not start WearSupportService due to Wear service optimization
11-16 08:57:14.070: W/BroadcastQueue(1185): Background execution not allowed: receiving Intent { act=android.intent.action.PACKAGE_ADDED dat=package:com.google.android.gmscore.testing.testsupport flg=0x4000010 (has extras) } to com.android.musicfx/.Compatibility$Receiver
11-16 08:57:14.073: W/BroadcastQueue(1185): Background execution not allowed: receiving Intent { act=android.intent.action.PACKAGE_ADDED dat=package:com.google.android.gmscore.testing.testsupport flg=0x4000010 (has extras) } to com.android.vending/com.google.android.finsky.packagemanager.impl.PackageMonitorReceiverImpl$RegisteredReceiver
11-16 08:57:14.073: W/BroadcastQueue(1185): Background execution not allowed: receiving Intent { act=android.intent.action.PACKAGE_ADDED dat=package:com.google.android.gmscore.testing.testsupport flg=0x4000010 (has extras) } to com.google.android.gms/.games.chimera.GamesSystemBroadcastReceiverProxy
11-16 08:57:14.073: W/BroadcastQueue(1185): Background execution not allowed: receiving Intent { act=android.intent.action.PACKAGE_ADDED dat=package:com.google.android.gmscore.testing.testsupport flg=0x4000010 (has extras) } to com.google.android.gms/.gass.chimera.PackageChangeBroadcastReceiver
11-16 08:57:14.072: I/Finsky(12418): [2] amas.a(3): Do not start WearSupportService due to Wear service optimization
11-16 08:57:14.074: I/Finsky(12418): [2] aeak.a(8): Clearing split related stale data.
11-16 08:57:14.074: W/BroadcastQueue(1185): Background execution not allowed: receiving Intent { act=android.intent.action.PACKAGE_ADDED dat=package:com.google.android.gmscore.testing.testsupport flg=0x4000010 (has extras) } to com.google.android.gms/.chimera.GmsIntentOperationService$PersistentTrustedReceiver
11-16 08:57:14.074: W/BroadcastQueue(1185): Background execution not allowed: receiving Intent { act=android.intent.action.PACKAGE_ADDED dat=package:com.google.android.gmscore.testing.testsupport flg=0x4000010 (has extras) } to com.google.android.googlequicksearchbox/com.google.android.apps.gsa.googlequicksearchbox.GelStubAppWatcher
11-16 08:57:14.074: W/BroadcastQueue(1185): Background execution not allowed: receiving Intent { act=android.intent.action.PACKAGE_ADDED dat=package:com.google.android.gmscore.testing.testsupport flg=0x4000010 (has extras) } to com.google.android.ims/.receivers.RcsAutoStartReceiver
11-16 08:57:14.074: I/Finsky(12418): [264] gxq.a(12): Asset module storage cleared for package com.google.android.gmscore.testing.testsupport.
11-16 08:57:14.075: I/Finsky(12418): [263] jnw.a(15): [ContentSync] finished, scheduled=false
11-16 08:57:14.078: D/RegisteredNfcFServicesCache(4122): Service unchanged, not updating
11-16 08:57:14.079: I/Finsky(12418): [2] owk.d(2): Frosting ID looked up on UI thread. Caller should move to a background thread.
11-16 08:57:14.079: I/CarrierServices(10057): [2] aws.a: Migration binding to RcsMigrationService
11-16 08:57:14.081: I/BugleDataModel(7153): RcsMigrationService: Returning RCS state provider.
11-16 08:57:14.085: I/Finsky(12418): [262] ovx.run(16): Wrote row to frosting DB: 211
11-16 08:57:14.089: I/BugleRcsEngine(7153): [364] pot.a: Sim state is not ready. Returning last known operation mode.
11-16 08:57:14.090: E/PhoneInterfaceManager(3768): [PhoneIntfMgr] getCarrierPackageNamesForIntent: No UICC
11-16 08:57:14.090: D/CarrierSvcBindHelper(3768): No carrier app for: 0
11-16 08:57:14.090: D/ImsResolver(3768): maybeAddedImsService, packageName: com.google.android.gmscore.testing.testsupport
11-16 08:57:14.092: I/CarrierServices(10057): [592] awt.doInBackground: Saving RCS State
11-16 08:57:14.092: I/CarrierServices(10057): [592] awt.doInBackground: Old operation mode: 0
11-16 08:57:14.093: I/CarrierServices(10057): [592] awt.doInBackground: New operation mode: 0
11-16 08:57:14.093: W/GCM(10880): Unexpected forwarded intent: Intent { act=android.intent.action.PACKAGE_ADDED dat=package:com.google.android.gmscore.testing.testsupport flg=0x4000010 pkg=com.google.android.gms cmp=com.google.android.gms/.chimera.PersistentIntentOperationService (has extras) }
11-16 08:57:14.093: I/CarrierServices(10057): [2] aww.a: Unbinding RcsMigrationService
11-16 08:57:14.094: W/GCM(10880): Unexpected forwarded intent: Intent { act=android.intent.action.PACKAGE_ADDED dat=package:com.google.android.gmscore.testing.testsupport flg=0x4000010 pkg=com.google.android.gms cmp=com.google.android.gms/.chimera.PersistentIntentOperationService (has extras) }
11-16 08:57:14.096: I/Auth(14065): [SupervisedAccountIntentOperation] onHandleIntent(): android.intent.action.PACKAGE_ADDED
11-16 08:57:14.098: I/BlockstoreStorage(14065): Clearing Blockstore Data for package com.google.android.gmscore.testing.testsupport [CONTEXT service_id=258 ]
11-16 08:57:14.099: I/BlockstoreStorage(14065): No metadata found. Skipping deletion. [CONTEXT service_id=258 ]
11-16 08:57:14.099: E/VvmPkgInstalledRcvr(3768): cannot create TelephonyManager from ComponentInfo{com.android.phone/com.android.services.telephony.TelephonyConnectionService}, ***, UserHandle{0}
11-16 08:57:14.100: D/CarrierConfigLoader(3768): mHandler: 9 phoneId: 0
11-16 08:57:14.100: D/BoundBrokerSvc(14065): onBind: Intent { act=com.google.android.gms.common.BIND_SHARED_PREFS pkg=com.google.android.gms }
11-16 08:57:14.100: D/BoundBrokerSvc(14065): Loading bound service for intent: Intent { act=com.google.android.gms.common.BIND_SHARED_PREFS pkg=com.google.android.gms }
11-16 08:57:14.104: D/BoundBrokerSvc(14065): onUnbind: Intent { act=com.google.android.gms.common.BIND_SHARED_PREFS pkg=com.google.android.gms }
11-16 08:57:14.137: W/ChimeraUtils(10880): Module com.google.android.gms.nearby_en has empty metadata display_name_string_id
11-16 08:57:14.151: I/chatty(10880): uid=10007(com.google.android.gms) highpool[0] identical 1 line
11-16 08:57:14.153: W/ChimeraUtils(10880): Module com.google.android.gms.nearby_en has empty metadata display_name_string_id
11-16 08:57:14.165: I/Icing(14065): Indexing com.google.android.gms-apps from com.google.android.gms
11-16 08:57:14.170: I/Icing(14065): Indexing done com.google.android.gms-apps
11-16 08:57:14.179: I/system_server(1185): Background concurrent copying GC freed 134576(4MB) AllocSpace objects, 21(932KB) LOS objects, 42% free, 18MB/32MB, paused 89us total 133.787ms
11-16 08:57:14.233: I/ActivityManager(1185): Start proc 18088:com.google.android.gmscore.testing.testsupport/u0a170 for service com.google.android.gmscore.testing.testsupport/.CommandService
11-16 08:57:14.235: E/ing.testsuppor(18088): Not starting debugger since process cannot load the jdwp agent.
11-16 08:57:14.254: I/ing.testsuppor(18088): The ClassLoaderContext is a special shared library.
11-16 08:57:14.262: I/TSDRIVER(18088): CommandService onHandleIntent()
11-16 08:57:14.262: I/TSDRIVER(18088): Got command: PACKAGE
11-16 08:57:14.288: I/TSDRIVER(18088): flag package: Eglnc2VydmljZXMaLAooZmluc2t5LnBsYXlfc2VydmljZXNfYXV0b191cGRhdGVfZW5hYmxlZBgAGjUKMWZpbnNreS5zZXR1cF93aXphcmRfYWRkaXRpb25hbF9hY2NvdW50X3ZwYV9lbmFibGUYABoxCi1maW5za3kuZGFpbHlfaHlnaWVuZV9zY2hlZHVsZV91bmF1dGhlbnRpY2F0ZWQYABpyCipmaW5za3kuYmFja2dyb3VuZF9zcGxpdF9pbnN0YWxsc19ibGFja2xpc3QSRGNvbS5hbmRyb2lkLmNocm9tZSxjb20uZ29vZ2xlLmFuZHJvaWQuZ21zLGNvbS5nb29nbGUuYW5kcm9pZC53ZWJ2aWV3KPgB
11-16 08:57:14.291: E/GooglePlayServicesUtil(18088): The Google Play services resources were not found. Check your project configuration to ensure that the resources are included.
11-16 08:57:14.292: I/TSDRIVER(18088): flag package: gservices
11-16 08:57:14.298: D/BoundBrokerSvc(14065): onBind: Intent { act=com.google.android.gms.testsupport.service.START pkg=com.google.android.gms }
11-16 08:57:14.298: D/BoundBrokerSvc(14065): Loading bound service for intent: Intent { act=com.google.android.gms.testsupport.service.START pkg=com.google.android.gms }
11-16 08:57:14.318: I/m.akt(14065): Primes not initialized, returning default (no-op) Primes instance which will ignore all calls. Please call Primes.initialize(...) before using any Primes API.
11-16 08:57:14.331: W/DynamiteModule(14065): Local module descriptor class for com.google.android.gms.googlecertificates not found.
11-16 08:57:14.335: W/gle.android.gm(14065): Unsupported class loader
11-16 08:57:14.336: W/gle.android.gm(14065): Skipping duplicate class check due to unsupported classloader
11-16 08:57:14.337: I/DynamiteModule(14065): Considering local module com.google.android.gms.googlecertificates:0 and remote module com.google.android.gms.googlecertificates:6
11-16 08:57:14.338: I/DynamiteModule(14065): Selected remote version of com.google.android.gms.googlecertificates, version >= 6
11-16 08:57:14.347: W/gle.android.gm(14065): Unsupported class loader
11-16 08:57:14.348: W/gle.android.gm(14065): Skipping duplicate class check due to unsupported classloader
11-16 08:57:14.372: I/TestSupport(14065): Activated: 1636963200000@1637081833765 [CONTEXT service_id=133 ]
11-16 08:57:14.372: I/TestSupport(14065): Boot time: 1637080330472 [CONTEXT service_id=133 ]
11-16 08:57:14.373: I/TestSupport(14065): Passing package and signature checks: com.google.android.gmscore.testing.testsupport [CONTEXT service_id=133 ]
11-16 08:57:14.384: I/TestSupport(14065): SetOverrideOperation: finsky.play_services_auto_update_enabled = false [CONTEXT service_id=133 ]
11-16 08:57:14.416: I/GservicesProvider(4360): override update completed
11-16 08:57:14.431: I/ActivityManager(1185): Start proc 18116:com.android.connectivity.metrics/u0a57 for broadcast com.android.connectivity.metrics/.SnapshotSchedulingReceiver
11-16 08:57:14.434: E/ctivity.metric(18116): Not starting debugger since process cannot load the jdwp agent.
11-16 08:57:14.445: I/Bugle(7153): ApnsOta: OTA version -1
11-16 08:57:14.452: I/TestSupport(14065): GServices override confirmed: finsky.play_services_auto_update_enabled=false [CONTEXT service_id=133 ]
11-16 08:57:14.453: I/CarrierServices(10057): [2] bxu.e: Carrier Services GServices flags:
11-16 08:57:14.453: I/CarrierServices(10057):    carrier_services_security_flags_ec_api_white_listed_packages: com.google.android.apps.messaging,com.google.android.dialer,com.google.android.ims.client.sampleapp,com.android.contacts,com.lge.rcscall,com.android.incallui,com.huawei.incallui.appfeature.rcsfeature
11-16 08:57:14.453: I/CarrierServices(10057):    carrier_services_security_flags_ec_api_white_listed_signatures: B28C3EDB665DF32686224DF800F603E9959BBE4E,0980A12BE993528C19107BC21AD811478C63CEFC,B38FA7B5ECFAEC44620A020752B07E063B3120A8,203997BC46B8792DC9747ABD230569071F9A0439,EDA6413C3E3A95492114FE07CD953AD897E40D1A,760EBB9F4200B3DFB1B817B40FF0563A3C150D39,5B368CFF2DA2686996BC95EAC190EAA4F5630FE5,01D845B26B688D8EF647205A5944E9407E52E06E,27196E386B875E76ADF700E7EA84E4C6EEE33DFA,1CDD04F1E4A732BB0352FDFAEE26D2315526DF85,025D5212BF3B5F5CDA6117A518721D70A94D84E0
11-16 08:57:14.453: I/CarrierServices(10057):    carrier_services_security_flags_test_service_white_listed_packages: com.google.android.ims.mobly.snippets
11-16 08:57:14.453: I/CarrierServices(10057):    carrier_services_security_flags_test_service_white_listed_signatures: AE41481F52E0F58DF2806D5A38EB3DBCA5AE02B0,E165542B31953CC282AA4EF2F4D5F07F7663A2A2
11-16 08:57:14.453: I/CarrierServices(10057):    carrier_services_security_flags_white_listed_packages: com.google.android.apps.messaging,com.google.android.dialer,com.google.android.ims.client.sampleapp,com.android.contacts,com.lge.rcscall,com.android.incallui,com.huawei.incallui.appfeature.rcsfeature
11-16 08:57:14.453: I/CarrierServices(10057):    carrier_services_security_flags_white_listed_signatures: B28C3EDB665DF32686224DF800F603E9959BBE4E,0980A12BE993528C19107BC21AD811478C63CEFC,B38FA7B5ECFAEC44620A020752B07E063B3120A8,203997BC46B8792DC9747ABD230569071F9A0439,EDA6413C3E3A95492114FE07CD953AD897E40D1A,760EBB9F4200B3DFB1B817B40FF0563A3C150D39,5B368CFF2DA2686996BC95EAC190EAA4F5630FE5,01D845B26B688D8EF647205A5944E9407E52E06E,27196E386B875E76ADF700E7EA84E4C6EEE33DFA,1CDD04F1E4A732BB0352FDFAEE26D2315526DF85,025D5212BF3B5F5CDA6117A518721D70A94D84E0
11-16 08:57:14.453: I/CarrierServices(10057):    carrier_services_video_share_disabled_user_agent_substrings: SM-G930,SM-G935,SM-A320
11-16 08:57:14.453: I/CarrierServices(10057): ====================
11-16 08:57:14.458: I/ctivity.metric(18116): The ClassLoaderContext is a special shared library.
11-16 08:57:14.463: I/TestSupport(14065): SetOverrideOperation: finsky.setup_wizard_additional_account_vpa_enable = false [CONTEXT service_id=133 ]
11-16 08:57:14.467: D/CarrierServices(10057): log_saver already enabled
11-16 08:57:14.470: D/ConnMetrics:App(18116): onCreate()
11-16 08:57:14.484: I/ActivityManager(1185): Start proc 18135:com.google.android.apps.multidevice.client/u0a72 for broadcast com.google.android.apps.multidevice.client/.ui.pixel.SettingsActivityAvailabilityReceiver
11-16 08:57:14.488: E/tidevice.clien(18135): Not starting debugger since process cannot load the jdwp agent.
11-16 08:57:14.508: E/GooglePlayServicesUtil(18116): The Google Play services resources were not found. Check your project configuration to ensure that the resources are included.
11-16 08:57:14.516: I/tidevice.clien(18135): The ClassLoaderContext is a special shared library.
11-16 08:57:14.516: I/GservicesProvider(4360): override update completed
11-16 08:57:14.537: D/ConnMetrics:App(18116): IsOptedIn = false
11-16 08:57:14.539: I/TestSupport(14065): GServices override confirmed: finsky.setup_wizard_additional_account_vpa_enable=false [CONTEXT service_id=133 ]
11-16 08:57:14.545: I/Bugle(7153): ApnsOta: OTA version -1
11-16 08:57:14.550: I/TestSupport(14065): SetOverrideOperation: finsky.daily_hygiene_schedule_unauthenticated = false [CONTEXT service_id=133 ]
11-16 08:57:14.553: I/CarrierServices(10057): [2] bxu.e: Carrier Services GServices flags:
11-16 08:57:14.553: I/CarrierServices(10057):    carrier_services_security_flags_ec_api_white_listed_packages: com.google.android.apps.messaging,com.google.android.dialer,com.google.android.ims.client.sampleapp,com.android.contacts,com.lge.rcscall,com.android.incallui,com.huawei.incallui.appfeature.rcsfeature
11-16 08:57:14.553: I/CarrierServices(10057):    carrier_services_security_flags_ec_api_white_listed_signatures: B28C3EDB665DF32686224DF800F603E9959BBE4E,0980A12BE993528C19107BC21AD811478C63CEFC,B38FA7B5ECFAEC44620A020752B07E063B3120A8,203997BC46B8792DC9747ABD230569071F9A0439,EDA6413C3E3A95492114FE07CD953AD897E40D1A,760EBB9F4200B3DFB1B817B40FF0563A3C150D39,5B368CFF2DA2686996BC95EAC190EAA4F5630FE5,01D845B26B688D8EF647205A5944E9407E52E06E,27196E386B875E76ADF700E7EA84E4C6EEE33DFA,1CDD04F1E4A732BB0352FDFAEE26D2315526DF85,025D5212BF3B5F5CDA6117A518721D70A94D84E0
11-16 08:57:14.553: I/CarrierServices(10057):    carrier_services_security_flags_test_service_white_listed_packages: com.google.android.ims.mobly.snippets
11-16 08:57:14.553: I/CarrierServices(10057):    carrier_services_security_flags_test_service_white_listed_signatures: AE41481F52E0F58DF2806D5A38EB3DBCA5AE02B0,E165542B31953CC282AA4EF2F4D5F07F7663A2A2
11-16 08:57:14.553: I/CarrierServices(10057):    carrier_services_security_flags_white_listed_packages: com.google.android.apps.messaging,com.google.android.dialer,com.google.android.ims.client.sampleapp,com.android.contacts,com.lge.rcscall,com.android.incallui,com.huawei.incallui.appfeature.rcsfeature
11-16 08:57:14.553: I/CarrierServices(10057):    carrier_services_security_flags_white_listed_signatures: B28C3EDB665DF32686224DF800F603E9959BBE4E,0980A12BE993528C19107BC21AD811478C63CEFC,B38FA7B5ECFAEC44620A020752B07E063B3120A8,203997BC46B8792DC9747ABD230569071F9A0439,EDA6413C3E3A95492114FE07CD953AD897E40D1A,760EBB9F4200B3DFB1B817B40FF0563A3C150D39,5B368CFF2DA2686996BC95EAC190EAA4F5630FE5,01D845B26B688D8EF647205A5944E9407E52E06E,27196E386B875E76ADF700E7EA84E4C6EEE33DFA,1CDD04F1E4A732BB0352FDFAEE26D2315526DF85,025D5212BF3B5F5CDA6117A518721D70A94D84E0
11-16 08:57:14.553: I/CarrierServices(10057):    carrier_services_video_share_disabled_user_agent_substrings: SM-G930,SM-G935,SM-A320
11-16 08:57:14.553: I/CarrierServices(10057): ====================
11-16 08:57:14.573: I/SettingsActivityAvailab(18135): Disabling com.google.android.apps.multidevice.client.ui.pixel.SettingsActivity.
11-16 08:57:14.574: I/ActivityManager(1185): Killing 12575:com.android.vending:download_service/u0a14 (adj 906): empty #17
11-16 08:57:14.574: D/GservicesChangeReceiver(5984): Gservices Changed broadcast Received. context is android.app.ReceiverRestrictedContext@86014f0
11-16 08:57:14.576: W/libprocessgroup(1185): kill(-12575, 9) failed: No such process
11-16 08:57:14.577: D/GservicesChangeReceiver(5984): Gservices allowPowerAnomalyData is False.
11-16 08:57:14.578: D/CarrierServices(10057): log_saver already enabled
11-16 08:57:14.579: D/ConnectivityMonitorManager(5984): Service com.google.android.connectivitymonitor.PowerAnomalyDetectorService is not running...
11-16 08:57:14.582: I/GservicesProvider(4360): override update completed
11-16 08:57:14.588: W/libprocessgroup(1185): kill(-12575, 9) failed: No such process
11-16 08:57:14.593: D/ConnectivityService(1185): ConnectivityService NetworkRequestInfo binderDied(NetworkRequest [ TRACK_DEFAULT id=35, [ Capabilities: INTERNET&NOT_RESTRICTED&TRUSTED Unwanted:  Uid: 10014] ], android.os.BinderProxy@84cb3a7)
11-16 08:57:14.594: I/Zygote(734): Process 12575 exited due to signal (9)
11-16 08:57:14.594: D/ConnectivityService(1185): releasing NetworkRequest [ TRACK_DEFAULT id=35, [ Capabilities: INTERNET&NOT_RESTRICTED&TRUSTED Unwanted:  Uid: 10014] ] (release request)
11-16 08:57:14.597: D/GservicesChangeReceiver(5984): Gservices allowLowPowerMonitoring is False.
11-16 08:57:14.600: W/libprocessgroup(1185): kill(-12575, 9) failed: No such process
11-16 08:57:14.600: D/ConnectivityMonitorManager(5984): Service com.google.android.connectivitymonitor.LowPowerMonitorService is not running...
11-16 08:57:14.600: I/libprocessgroup(1185): Successfully killed process cgroup uid 10014 pid 12575 in 25ms
11-16 08:57:14.604: I/TestSupport(14065): GServices override confirmed: finsky.daily_hygiene_schedule_unauthenticated=false [CONTEXT service_id=133 ]
11-16 08:57:14.609: I/Bugle(7153): ApnsOta: OTA version -1
11-16 08:57:14.612: I/CarrierServices(10057): [2] bxu.e: Carrier Services GServices flags:
11-16 08:57:14.612: I/CarrierServices(10057):    carrier_services_security_flags_ec_api_white_listed_packages: com.google.android.apps.messaging,com.google.android.dialer,com.google.android.ims.client.sampleapp,com.android.contacts,com.lge.rcscall,com.android.incallui,com.huawei.incallui.appfeature.rcsfeature
11-16 08:57:14.612: I/CarrierServices(10057):    carrier_services_security_flags_ec_api_white_listed_signatures: B28C3EDB665DF32686224DF800F603E9959BBE4E,0980A12BE993528C19107BC21AD811478C63CEFC,B38FA7B5ECFAEC44620A020752B07E063B3120A8,203997BC46B8792DC9747ABD230569071F9A0439,EDA6413C3E3A95492114FE07CD953AD897E40D1A,760EBB9F4200B3DFB1B817B40FF0563A3C150D39,5B368CFF2DA2686996BC95EAC190EAA4F5630FE5,01D845B26B688D8EF647205A5944E9407E52E06E,27196E386B875E76ADF700E7EA84E4C6EEE33DFA,1CDD04F1E4A732BB0352FDFAEE26D2315526DF85,025D5212BF3B5F5CDA6117A518721D70A94D84E0
11-16 08:57:14.612: I/CarrierServices(10057):    carrier_services_security_flags_test_service_white_listed_packages: com.google.android.ims.mobly.snippets
11-16 08:57:14.612: I/CarrierServices(10057):    carrier_services_security_flags_test_service_white_listed_signatures: AE41481F52E0F58DF2806D5A38EB3DBCA5AE02B0,E165542B31953CC282AA4EF2F4D5F07F7663A2A2
11-16 08:57:14.612: I/CarrierServices(10057):    carrier_services_security_flags_white_listed_packages: com.google.android.apps.messaging,com.google.android.dialer,com.google.android.ims.client.sampleapp,com.android.contacts,com.lge.rcscall,com.android.incallui,com.huawei.incallui.appfeature.rcsfeature
11-16 08:57:14.612: I/CarrierServices(10057):    carrier_services_security_flags_white_listed_signatures: B28C3EDB665DF32686224DF800F603E9959BBE4E,0980A12BE993528C19107BC21AD811478C63CEFC,B38FA7B5ECFAEC44620A020752B07E063B3120A8,203997BC46B8792DC9747ABD230569071F9A0439,EDA6413C3E3A95492114FE07CD953AD897E40D1A,760EBB9F4200B3DFB1B817B40FF0563A3C150D39,5B368CFF2DA2686996BC95EAC190EAA4F5630FE5,01D845B26B688D8EF647205A5944E9407E52E06E,27196E386B875E76ADF700E7EA84E4C6EEE33DFA,1CDD04F1E4A732BB0352FDFAEE26D2315526DF85,025D5212BF3B5F5CDA6117A518721D70A94D84E0
11-16 08:57:14.612: I/CarrierServices(10057):    carrier_services_video_share_disabled_user_agent_substrings: SM-G930,SM-G935,SM-A320
11-16 08:57:14.612: I/CarrierServices(10057): ====================
11-16 08:57:14.615: I/TestSupport(14065): SetOverrideOperation: finsky.background_split_installs_blacklist = com.android.chrome,com.google.android.gms,com.google.android.webview [CONTEXT service_id=133 ]
11-16 08:57:14.627: D/GservicesChangeReceiver(5984): Gservices isConnectivityMonitorEnabled is True.
11-16 08:57:14.628: D/ConnectivityMonitorManager(5984): Service com.google.android.connectivitymonitor.ConnectivityMonitorService is running...
11-16 08:57:14.635: D/CarrierServices(10057): log_saver already enabled
11-16 08:57:14.645: I/ActivityManager(1185): Start proc 18155:com.google.android.euicc/u0a67 for broadcast com.google.android.euicc/com.android.euicc.receiver.GservicesChangedReceiver
11-16 08:57:14.646: E/e.android.euic(18155): Not starting debugger since process cannot load the jdwp agent.
11-16 08:57:14.661: I/GservicesProvider(4360): override update completed
11-16 08:57:14.686: I/TestSupport(14065): GServices override confirmed: finsky.background_split_installs_blacklist=com.android.chrome,com.google.android.gms,com.google.android.webview [CONTEXT service_id=133 ]
11-16 08:57:14.686: I/TSDRIVER(18088): Handled command: PACKAGE
11-16 08:57:14.689: I/ActivityManager(1185): Killing 13667:com.google.android.configupdater/u0a29 (adj 906): empty #17
11-16 08:57:14.690: W/libprocessgroup(1185): kill(-13667, 9) failed: No such process
11-16 08:57:14.704: I/CarrierServices(10057): [2] bxu.e: Carrier Services GServices flags:
11-16 08:57:14.704: I/CarrierServices(10057):    carrier_services_security_flags_ec_api_white_listed_packages: com.google.android.apps.messaging,com.google.android.dialer,com.google.android.ims.client.sampleapp,com.android.contacts,com.lge.rcscall,com.android.incallui,com.huawei.incallui.appfeature.rcsfeature
11-16 08:57:14.704: I/CarrierServices(10057):    carrier_services_security_flags_ec_api_white_listed_signatures: B28C3EDB665DF32686224DF800F603E9959BBE4E,0980A12BE993528C19107BC21AD811478C63CEFC,B38FA7B5ECFAEC44620A020752B07E063B3120A8,203997BC46B8792DC9747ABD230569071F9A0439,EDA6413C3E3A95492114FE07CD953AD897E40D1A,760EBB9F4200B3DFB1B817B40FF0563A3C150D39,5B368CFF2DA2686996BC95EAC190EAA4F5630FE5,01D845B26B688D8EF647205A5944E9407E52E06E,27196E386B875E76ADF700E7EA84E4C6EEE33DFA,1CDD04F1E4A732BB0352FDFAEE26D2315526DF85,025D5212BF3B5F5CDA6117A518721D70A94D84E0
11-16 08:57:14.704: I/CarrierServices(10057):    carrier_services_security_flags_test_service_white_listed_packages: com.google.android.ims.mobly.snippets
11-16 08:57:14.704: I/CarrierServices(10057):    carrier_services_security_flags_test_service_white_listed_signatures: AE41481F52E0F58DF2806D5A38EB3DBCA5AE02B0,E165542B31953CC282AA4EF2F4D5F07F7663A2A2
11-16 08:57:14.704: I/CarrierServices(10057):    carrier_services_security_flags_white_listed_packages: com.google.android.apps.messaging,com.google.android.dialer,com.google.android.ims.client.sampleapp,com.android.contacts,com.lge.rcscall,com.android.incallui,com.huawei.incallui.appfeature.rcsfeature
11-16 08:57:14.704: I/CarrierServices(10057):    carrier_services_security_flags_white_listed_signatures: B28C3EDB665DF32686224DF800F603E9959BBE4E,0980A12BE993528C19107BC21AD811478C63CEFC,B38FA7B5ECFAEC44620A020752B07E063B3120A8,203997BC46B8792DC9747ABD230569071F9A0439,EDA6413C3E3A95492114FE07CD953AD897E40D1A,760EBB9F4200B3DFB1B817B40FF0563A3C150D39,5B368CFF2DA2686996BC95EAC190EAA4F5630FE5,01D845B26B688D8EF647205A5944E9407E52E06E,27196E386B875E76ADF700E7EA84E4C6EEE33DFA,1CDD04F1E4A732BB0352FDFAEE26D2315526DF85,025D5212BF3B5F5CDA6117A518721D70A94D84E0
11-16 08:57:14.704: I/CarrierServices(10057):    carrier_services_video_share_disabled_user_agent_substrings: SM-G930,SM-G935,SM-A320
11-16 08:57:14.704: I/CarrierServices(10057): ====================
11-16 08:57:14.706: I/Bugle(7153): ApnsOta: OTA version -1
11-16 08:57:14.709: I/Zygote(733): Process 13667 exited due to signal (9)
11-16 08:57:14.712: W/libprocessgroup(1185): kill(-13667, 9) failed: No such process
11-16 08:57:14.712: I/libprocessgroup(1185): Successfully killed process cgroup uid 10029 pid 13667 in 22ms
11-16 08:57:14.723: D/BugleRcsEngine(10203): log_saver already enabled
11-16 08:57:14.740: I/TSDRIVER(18088): CommandService onHandleIntent()
11-16 08:57:14.740: I/TSDRIVER(18088): Got command: PACKAGE
11-16 08:57:14.740: I/TSDRIVER(18088): flag package: Eitjb20uZ29vZ2xlLmFuZHJvaWQuZ21zLmF1dGguYXBpLmNyZWRlbnRpYWxzGh4KGlNhdmVTdHJhdGVneV9fZW5hYmxlU2F2aW5nGAAoPg
11-16 08:57:14.740: I/TSDRIVER(18088): flag package: com.google.android.gms.auth.api.credentials
11-16 08:57:14.748: I/TestSupport(14065): SetOverrideOperation: gms:phenotype:phenotype_flag:debug_bypass_phenotype = false [CONTEXT service_id=133 ]
11-16 08:57:14.750: D/CarrierServices(10057): log_saver already enabled
11-16 08:57:14.773: I/GservicesProvider(4360): override update completed
11-16 08:57:14.787: I/TestSupport(14065): GServices override confirmed: gms:phenotype:phenotype_flag:debug_bypass_phenotype=false [CONTEXT service_id=133 ]
11-16 08:57:14.800: I/Bugle(7153): ApnsOta: OTA version -1
11-16 08:57:14.801: I/TestSupport(14065): SetFlagOverridesOperation: com.google.android.gms.auth.api.credentials, '', [Flag(SaveStrategy__enableSaving, false, 2, 0)] [CONTEXT service_id=133 ]
11-16 08:57:14.809: I/CarrierServices(10057): [2] bxu.e: Carrier Services GServices flags:
11-16 08:57:14.809: I/CarrierServices(10057):    carrier_services_security_flags_ec_api_white_listed_packages: com.google.android.apps.messaging,com.google.android.dialer,com.google.android.ims.client.sampleapp,com.android.contacts,com.lge.rcscall,com.android.incallui,com.huawei.incallui.appfeature.rcsfeature
11-16 08:57:14.809: I/CarrierServices(10057):    carrier_services_security_flags_ec_api_white_listed_signatures: B28C3EDB665DF32686224DF800F603E9959BBE4E,0980A12BE993528C19107BC21AD811478C63CEFC,B38FA7B5ECFAEC44620A020752B07E063B3120A8,203997BC46B8792DC9747ABD230569071F9A0439,EDA6413C3E3A95492114FE07CD953AD897E40D1A,760EBB9F4200B3DFB1B817B40FF0563A3C150D39,5B368CFF2DA2686996BC95EAC190EAA4F5630FE5,01D845B26B688D8EF647205A5944E9407E52E06E,27196E386B875E76ADF700E7EA84E4C6EEE33DFA,1CDD04F1E4A732BB0352FDFAEE26D2315526DF85,025D5212BF3B5F5CDA6117A518721D70A94D84E0
11-16 08:57:14.809: I/CarrierServices(10057):    carrier_services_security_flags_test_service_white_listed_packages: com.google.android.ims.mobly.snippets
11-16 08:57:14.809: I/CarrierServices(10057):    carrier_services_security_flags_test_service_white_listed_signatures: AE41481F52E0F58DF2806D5A38EB3DBCA5AE02B0,E165542B31953CC282AA4EF2F4D5F07F7663A2A2
11-16 08:57:14.809: I/CarrierServices(10057):    carrier_services_security_flags_white_listed_packages: com.google.android.apps.messaging,com.google.android.dialer,com.google.android.ims.client.sampleapp,com.android.contacts,com.lge.rcscall,com.android.incallui,com.huawei.incallui.appfeature.rcsfeature
11-16 08:57:14.809: I/CarrierServices(10057):    carrier_services_security_flags_white_listed_signatures: B28C3EDB665DF32686224DF800F603E9959BBE4E,0980A12BE993528C19107BC21AD811478C63CEFC,B38FA7B5ECFAEC44620A020752B07E063B3120A8,203997BC46B8792DC9747ABD230569071F9A0439,EDA6413C3E3A95492114FE07CD953AD897E40D1A,760EBB9F4200B3DFB1B817B40FF0563A3C150D39,5B368CFF2DA2686996BC95EAC190EAA4F5630FE5,01D845B26B688D8EF647205A5944E9407E52E06E,27196E386B875E76ADF700E7EA84E4C6EEE33DFA,1CDD04F1E4A732BB0352FDFAEE26D2315526DF85,025D5212BF3B5F5CDA6117A518721D70A94D84E0
11-16 08:57:14.809: I/CarrierServices(10057):    carrier_services_video_share_disabled_user_agent_substrings: SM-G930,SM-G935,SM-A320
11-16 08:57:14.809: I/CarrierServices(10057): ====================
11-16 08:57:14.824: I/EuiccGoogle(18155): [2] GservicesChangedReceiver.onReceive: Setting EUICC_SUPPORTED_COUNTRIES to de,gb,in,us
11-16 08:57:14.838: I/Backup(14065): [GmsBackupStatusChangeReceiver] Going to enable gms backup transport.
11-16 08:57:14.844: D/CarrierServices(10057): log_saver already enabled
11-16 08:57:14.853: I/GmsModuleFndr(14065): Beginning GMS chimera module scan
11-16 08:57:14.855: I/BgTaskExecutorImpl(10064): Starting NONEXCLUSIVE background task UPDATE_GSERVICES_CONFIG.
11-16 08:57:14.860: I/Backup(14065): [BackupTransportMigratorChimeraService] Starting migration...
11-16 08:57:14.863: I/NetRec(10880): [958] aiad.a: onConfigChanged()
