11-16 08:57:28.726: I/android.youtub(19722):   at java.util.List xu.r(yv, android.content.Context, bqi, com.google.ads.afma.g) (:com.google.android.gms.policy_ads_fdr_dynamite@213806100@213806100057.397311113.397311113:5)
11-16 08:57:28.726: I/android.youtub(19722):   at java.util.List xv.r(yv, android.content.Context, bqi, com.google.ads.afma.g) (:com.google.android.gms.policy_ads_fdr_dynamite@213806100@213806100057.397311113.397311113:4)
11-16 08:57:28.726: I/android.youtub(19722):   at void xu.s(yv, android.content.Context, bqi, com.google.ads.afma.g) (:com.google.android.gms.policy_ads_fdr_dynamite@213806100@213806100057.397311113.397311113:0)
11-16 08:57:28.726: I/android.youtub(19722):   at bqi xu.m(android.content.Context, com.google.ads.afma.g) (:com.google.android.gms.policy_ads_fdr_dynamite@213806100@213806100057.397311113.397311113:7)
11-16 08:57:28.726: I/android.youtub(19722):   at java.lang.String xp.r(android.content.Context, java.lang.String, int, android.view.View, android.app.Activity, byte[]) (:com.google.android.gms.policy_ads_fdr_dynamite@213806100@213806100057.397311113.397311113:8)
11-16 08:57:28.726: I/android.youtub(19722):   at java.lang.String xp.g(android.content.Context, byte[]) (:com.google.android.gms.policy_ads_fdr_dynamite@213806100@213806100057.397311113.397311113:2)
11-16 08:57:28.726: I/android.youtub(19722):   at java.lang.String com.google.android.gms.ads.adshield.internal.a.b(aqh, byte[]) (:com.google.android.gms.policy_ads_fdr_dynamite@213806100@213806100057.397311113.397311113:1)
11-16 08:57:28.726: I/android.youtub(19722):   at boolean com.google.android.gms.ads.adshield.internal.a.bJ(int, android.os.Parcel, android.os.Parcel) (:com.google.android.gms.policy_ads_fdr_dynamite@213806100@213806100057.397311113.397311113:54)
11-16 08:57:28.726: I/android.youtub(19722):   at boolean zg.onTransact(int, android.os.Parcel, android.os.Parcel, int) (:com.google.android.gms.policy_ads_fdr_dynamite@213806100@213806100057.397311113.397311113:4)
11-16 08:57:28.726: I/android.youtub(19722):   at boolean android.os.Binder.transact(int, android.os.Parcel, android.os.Parcel, int) (Binder.java:667)
11-16 08:57:28.726: I/android.youtub(19722):   at android.os.Parcel pcs.a(int, android.os.Parcel) (SourceFile:7)
11-16 08:57:28.726: I/android.youtub(19722):   at java.lang.String pkk.a(oms, byte[]) (SourceFile:40)
11-16 08:57:28.726: I/android.youtub(19722):   at java.lang.String nrc.a(android.content.Context, byte[]) (SourceFile:6)
11-16 08:57:28.726: I/android.youtub(19722):   at java.lang.String qis.a(android.content.Context, byte[]) (SourceFile:10)
11-16 08:57:28.726: I/android.youtub(19722):   at java.lang.String skv.a(qio, byte[]) (SourceFile:59)
11-16 08:57:28.726: I/android.youtub(19722):   at java.lang.String skv.g() (SourceFile:41)
11-16 08:57:28.726: I/android.youtub(19722):   at java.lang.String skv.b() (SourceFile:69)
11-16 08:57:28.726: I/android.youtub(19722):   at java.lang.String slq.i() (SourceFile:56)
11-16 08:57:28.726: I/android.youtub(19722):   at java.lang.String slq.b() (SourceFile:32)
11-16 08:57:28.726: I/android.youtub(19722):   at void slq.e() (SourceFile:37)
11-16 08:57:28.726: I/android.youtub(19722):   at void cmk.run() (SourceFile:7)
11-16 08:57:28.726: I/android.youtub(19722):   at java.lang.Object java.util.concurrent.Executors$RunnableAdapter.call() (Executors.java:458)
11-16 08:57:28.726: I/android.youtub(19722):   at void java.util.concurrent.FutureTask.run() (FutureTask.java:266)
11-16 08:57:28.726: I/android.youtub(19722):   at void java.util.concurrent.ScheduledThreadPoolExecutor$ScheduledFutureTask.run() (ScheduledThreadPoolExecutor.java:301)
11-16 08:57:28.726: I/android.youtub(19722):   at void java.util.concurrent.ThreadPoolExecutor.runWorker(java.util.concurrent.ThreadPoolExecutor$Worker) (ThreadPoolExecutor.java:1167)
11-16 08:57:28.726: I/android.youtub(19722):   at void java.util.concurrent.ThreadPoolExecutor$Worker.run() (ThreadPoolExecutor.java:641)
11-16 08:57:28.726: I/android.youtub(19722):   at void ubi.run() (SourceFile:20)
11-16 08:57:28.726: I/android.youtub(19722):   at void java.lang.Thread.run() (Thread.java:764)
11-16 08:57:28.727: I/android.youtub(19722): Rejecting re-init on previously-failed class java.lang.Class<com.google.android.ads.tasks.appdigest.a>: java.lang.NoClassDefFoundError: Failed resolution of: Landroid/content/pm/PackageManager$OnChecksumsReadyListener;
11-16 08:57:28.727: I/android.youtub(19722):   at java.lang.Class dalvik.system.DexFile.defineClassNative(java.lang.String, java.lang.ClassLoader, java.lang.Object, dalvik.system.DexFile) (DexFile.java:-2)
11-16 08:57:28.727: I/android.youtub(19722):   at java.lang.Class dalvik.system.DexFile.defineClass(java.lang.String, java.lang.ClassLoader, java.lang.Object, dalvik.system.DexFile, java.util.List) (DexFile.java:283)
11-16 08:57:28.727: I/android.youtub(19722):   at java.lang.Class dalvik.system.DexFile.loadClassBinaryName(java.lang.String, java.lang.ClassLoader, java.util.List) (DexFile.java:276)
11-16 08:57:28.727: I/android.youtub(19722):   at java.lang.Class dalvik.system.DexPathList$Element.findClass(java.lang.String, java.lang.ClassLoader, java.util.List) (DexPathList.java:724)
11-16 08:57:28.727: I/android.youtub(19722):   at java.lang.Class dalvik.system.DexPathList.findClass(java.lang.String, java.util.List) (DexPathList.java:486)
11-16 08:57:28.727: I/android.youtub(19722):   at java.lang.Class dalvik.system.BaseDexClassLoader.findClass(java.lang.String) (BaseDexClassLoader.java:132)
11-16 08:57:28.727: I/android.youtub(19722):   at java.lang.Class bg.loadClass(java.lang.String, boolean) (:com.google.android.gms.dynamite_dynamiteloader@213614065@21.36.14 (100400-0):2)
11-16 08:57:28.727: I/android.youtub(19722):   at java.lang.Class java.lang.ClassLoader.loadClass(java.lang.String) (ClassLoader.java:312)
11-16 08:57:28.727: I/android.youtub(19722):   at java.util.List xu.r(yv, android.content.Context, bqi, com.google.ads.afma.g) (:com.google.android.gms.policy_ads_fdr_dynamite@213806100@213806100057.397311113.397311113:5)
11-16 08:57:28.727: I/android.youtub(19722):   at java.util.List xv.r(yv, android.content.Context, bqi, com.google.ads.afma.g) (:com.google.android.gms.policy_ads_fdr_dynamite@213806100@213806100057.397311113.397311113:4)
11-16 08:57:28.727: I/android.youtub(19722):   at void xu.s(yv, android.content.Context, bqi, com.google.ads.afma.g) (:com.google.android.gms.policy_ads_fdr_dynamite@213806100@213806100057.397311113.397311113:0)
11-16 08:57:28.727: I/android.youtub(19722):   at bqi xu.m(android.content.Context, com.google.ads.afma.g) (:com.google.android.gms.policy_ads_fdr_dynamite@213806100@213806100057.397311113.397311113:7)
11-16 08:57:28.727: I/android.youtub(19722):   at java.lang.String xp.r(android.content.Context, java.lang.String, int, android.view.View, android.app.Activity, byte[]) (:com.google.android.gms.policy_ads_fdr_dynamite@213806100@213806100057.397311113.397311113:8)
11-16 08:57:28.727: I/android.youtub(19722):   at java.lang.String xp.g(android.content.Context, byte[]) (:com.google.android.gms.policy_ads_fdr_dynamite@213806100@213806100057.397311113.397311113:2)
11-16 08:57:28.727: I/android.youtub(19722):   at java.lang.String com.google.android.gms.ads.adshield.internal.a.b(aqh, byte[]) (:com.google.android.gms.policy_ads_fdr_dynamite@213806100@213806100057.397311113.397311113:1)
11-16 08:57:28.727: I/android.youtub(19722):   at boolean com.google.android.gms.ads.adshield.internal.a.bJ(int, android.os.Parcel, android.os.Parcel) (:com.google.android.gms.policy_ads_fdr_dynamite@213806100@213806100057.397311113.397311113:54)
11-16 08:57:28.727: I/android.youtub(19722):   at boolean zg.onTransact(int, android.os.Parcel, android.os.Parcel, int) (:com.google.android.gms.policy_ads_fdr_dynamite@213806100@213806100057.397311113.397311113:4)
11-16 08:57:28.727: I/android.youtub(19722):   at boolean android.os.Binder.transact(int, android.os.Parcel, android.os.Parcel, int) (Binder.java:667)
11-16 08:57:28.727: I/android.youtub(19722):   at android.os.Parcel pcs.a(int, android.os.Parcel) (SourceFile:7)
11-16 08:57:28.727: I/android.youtub(19722):   at java.lang.String pkk.a(oms, byte[]) (SourceFile:40)
11-16 08:57:28.727: I/android.youtub(19722):   at java.lang.String nrc.a(android.content.Context, byte[]) (SourceFile:6)
11-16 08:57:28.727: I/android.youtub(19722):   at java.lang.String qis.a(android.content.Context, byte[]) (SourceFile:10)
11-16 08:57:28.727: I/android.youtub(19722):   at java.lang.String skv.a(qio, byte[]) (SourceFile:59)
11-16 08:57:28.727: I/android.youtub(19722):   at java.lang.String skv.g() (SourceFile:41)
11-16 08:57:28.727: I/android.youtub(19722):   at java.lang.String skv.b() (SourceFile:69)
11-16 08:57:28.727: I/android.youtub(19722):   at java.lang.String slq.i() (SourceFile:56)
11-16 08:57:28.727: I/android.youtub(19722):   at java.lang.String slq.b() (SourceFile:32)
11-16 08:57:28.727: I/android.youtub(19722):   at void slq.e() (SourceFile:37)
11-16 08:57:28.727: I/android.youtub(19722):   at void cmk.run() (SourceFile:7)
11-16 08:57:28.727: I/android.youtub(19722):   at java.lang.Object java.util.concurrent.Executors$RunnableAdapter.call() (Executors.java:458)
11-16 08:57:28.727: I/android.youtub(19722):   at void java.util.concurrent.FutureTask.run() (FutureTask.java:266)
11-16 08:57:28.727: I/android.youtub(19722):   at void java.util.concurrent.ScheduledThreadPoolExecutor$ScheduledFutureTask.run() (ScheduledThreadPoolExecutor.java:301)
11-16 08:57:28.727: I/android.youtub(19722):   at void java.util.concurrent.ThreadPoolExecutor.runWorker(java.util.concurrent.ThreadPoolExecutor$Worker) (ThreadPoolExecutor.java:1167)
11-16 08:57:28.727: I/android.youtub(19722):   at void java.util.concurrent.ThreadPoolExecutor$Worker.run() (ThreadPoolExecutor.java:641)
11-16 08:57:28.727: I/android.youtub(19722):   at void ubi.run() (SourceFile:20)
11-16 08:57:28.727: I/android.youtub(19722):   at void java.lang.Thread.run() (Thread.java:764)
11-16 08:57:28.727: I/android.youtub(19722): Caused by: java.lang.ClassNotFoundException: Didn't find class "android.content.pm.PackageManager$OnChecksumsReadyListener" on path: DexPathList[[zip file "/data/user_de/0/com.google.android.gms/app_chimera/m/00000010/dl-AdsFdrDynamite.integ_213806100100000.apk"],nativeLibraryDirectories=[/data/user_de/0/com.google.android.gms/app_chimera/m/00000010/dl-AdsFdrDynamite.integ_213806100100000.apk!/lib/arm64-v8a, /system/lib64]]
11-16 08:57:28.727: I/android.youtub(19722):   at java.lang.Class dalvik.system.BaseDexClassLoader.findClass(java.lang.String) (BaseDexClassLoader.java:134)
11-16 08:57:28.727: I/android.youtub(19722):   at java.lang.Class java.lang.ClassLoader.loadClass(java.lang.String, boolean) (ClassLoader.java:379)
11-16 08:57:28.727: I/android.youtub(19722):   at java.lang.Class bg.loadClass(java.lang.String, boolean) (:com.google.android.gms.dynamite_dynamiteloader@213614065@21.36.14 (100400-0):3)
11-16 08:57:28.727: I/android.youtub(19722):   at java.lang.Class java.lang.ClassLoader.loadClass(java.lang.String) (ClassLoader.java:312)
11-16 08:57:28.727: I/android.youtub(19722):   at java.lang.Class dalvik.system.DexFile.defineClassNative(java.lang.String, java.lang.ClassLoader, java.lang.Object, dalvik.system.DexFile) (DexFile.java:-2)
11-16 08:57:28.727: I/android.youtub(19722):   at java.lang.Class dalvik.system.DexFile.defineClass(java.lang.String, java.lang.ClassLoader, java.lang.Object, dalvik.system.DexFile, java.util.List) (DexFile.java:283)
11-16 08:57:28.727: I/android.youtub(19722):   at java.lang.Class dalvik.system.DexFile.loadClassBinaryName(java.lang.String, java.lang.ClassLoader, java.util.List) (DexFile.java:276)
11-16 08:57:28.727: I/android.youtub(19722):   at java.lang.Class dalvik.system.DexPathList$Element.findClass(java.lang.String, java.lang.ClassLoader, java.util.List) (DexPathList.java:724)
11-16 08:57:28.727: I/android.youtub(19722):   at java.lang.Class dalvik.system.DexPathList.findClass(java.lang.String, java.util.List) (DexPathList.java:486)
11-16 08:57:28.727: I/android.youtub(19722):   at java.lang.Class dalvik.system.BaseDexClassLoader.findClass(java.lang.String) (BaseDexClassLoader.java:132)
11-16 08:57:28.727: I/android.youtub(19722):   at java.lang.Class bg.loadClass(java.lang.String, boolean) (:com.google.android.gms.dynamite_dynamiteloader@213614065@21.36.14 (100400-0):2)
11-16 08:57:28.727: I/android.youtub(19722):   at java.lang.Class java.lang.ClassLoader.loadClass(java.lang.String) (ClassLoader.java:312)
11-16 08:57:28.727: I/android.youtub(19722):   at java.util.List xu.r(yv, android.content.Context, bqi, com.google.ads.afma.g) (:com.google.android.gms.policy_ads_fdr_dynamite@213806100@213806100057.397311113.397311113:5)
11-16 08:57:28.727: I/android.youtub(19722):   at java.util.List xv.r(yv, android.content.Context, bqi, com.google.ads.afma.g) (:com.google.android.gms.policy_ads_fdr_dynamite@213806100@213806100057.397311113.397311113:4)
11-16 08:57:28.727: I/android.youtub(19722):   at void xu.s(yv, android.content.Context, bqi, com.google.ads.afma.g) (:com.google.android.gms.policy_ads_fdr_dynamite@213806100@213806100057.397311113.397311113:0)
11-16 08:57:28.727: I/android.youtub(19722):   at bqi xu.m(android.content.Context, com.google.ads.afma.g) (:com.google.android.gms.policy_ads_fdr_dynamite@213806100@213806100057.397311113.397311113:7)
11-16 08:57:28.727: I/android.youtub(19722):   at java.lang.String xp.r(android.content.Context, java.lang.String, int, android.view.View, android.app.Activity, byte[]) (:com.google.android.gms.policy_ads_fdr_dynamite@213806100@213806100057.397311113.397311113:8)
11-16 08:57:28.727: I/android.youtub(19722):   at java.lang.String xp.g(android.content.Context, byte[]) (:com.google.android.gms.policy_ads_fdr_dynamite@213806100@213806100057.397311113.397311113:2)
11-16 08:57:28.727: I/android.youtub(19722):   at java.lang.String com.google.android.gms.ads.adshield.internal.a.b(aqh, byte[]) (:com.google.android.gms.policy_ads_fdr_dynamite@213806100@213806100057.397311113.397311113:1)
11-16 08:57:28.727: E/Icing(14065): Cursor call threw an exception: no such table: WebPage_com.android.chrome_seq_table (code 1 SQLITE_ERROR): , while compiling: SELECT * FROM [WebPage_com.android.chrome_seq_table] WHERE seqno>0 AND tag IS NULL ORDER BY seqno LIMIT 20
11-16 08:57:28.727: I/android.youtub(19722):   at boolean com.google.android.gms.ads.adshield.internal.a.bJ(int, android.os.Parcel, android.os.Parcel) (:com.google.android.gms.policy_ads_fdr_dynamite@213806100@213806100057.397311113.397311113:54)
11-16 08:57:28.727: I/android.youtub(19722):   at boolean zg.onTransact(int, android.os.Parcel, android.os.Parcel, int) (:com.google.android.gms.policy_ads_fdr_dynamite@213806100@213806100057.397311113.397311113:4)
11-16 08:57:28.727: I/android.youtub(19722):   at boolean android.os.Binder.transact(int, android.os.Parcel, android.os.Parcel, int) (Binder.java:667)
11-16 08:57:28.727: I/android.youtub(19722):   at android.os.Parcel pcs.a(int, android.os.Parcel) (SourceFile:7)
11-16 08:57:28.727: I/android.youtub(19722):   at java.lang.String pkk.a(oms, byte[]) (SourceFile:40)
11-16 08:57:28.727: I/android.youtub(19722):   at java.lang.String nrc.a(android.content.Context, byte[]) (SourceFile:6)
11-16 08:57:28.727: I/android.youtub(19722):   at java.lang.String qis.a(android.content.Context, byte[]) (SourceFile:10)
11-16 08:57:28.727: I/android.youtub(19722):   at java.lang.String skv.a(qio, byte[]) (SourceFile:59)
11-16 08:57:28.727: I/android.youtub(19722):   at java.lang.String skv.g() (SourceFile:41)
11-16 08:57:28.727: I/android.youtub(19722):   at java.lang.String skv.b() (SourceFile:69)
11-16 08:57:28.727: I/android.youtub(19722):   at java.lang.String slq.i() (SourceFile:56)
11-16 08:57:28.727: I/android.youtub(19722):   at java.lang.String slq.b() (SourceFile:32)
11-16 08:57:28.727: I/android.youtub(19722):   at void slq.e() (SourceFile:37)
11-16 08:57:28.727: I/android.youtub(19722):   at void cmk.run() (SourceFile:7)
11-16 08:57:28.727: I/android.youtub(19722):   at java.lang.Object java.util.concurrent.Executors$RunnableAdapter.call() (Executors.java:458)
11-16 08:57:28.727: I/android.youtub(19722):   at void java.util.concurrent.FutureTask.run() (FutureTask.java:266)
11-16 08:57:28.727: I/android.youtub(19722):   at void java.util.concurrent.ScheduledThreadPoolExecutor$ScheduledFutureTask.run() (ScheduledThreadPoolExecutor.java:301)
11-16 08:57:28.727: I/android.youtub(19722):   at void java.util.concurrent.ThreadPoolExecutor.runWorker(java.util.concurrent.ThreadPoolExecutor$Worker) (ThreadPoolExecutor.java:1167)
11-16 08:57:28.727: I/android.youtub(19722):   at void java.util.concurrent.ThreadPoolExecutor$Worker.run() (ThreadPoolExecutor.java:641)
11-16 08:57:28.727: I/android.youtub(19722):   at void ubi.run() (SourceFile:20)
11-16 08:57:28.727: I/android.youtub(19722):   at void java.lang.Thread.run() (Thread.java:764)
11-16 08:57:28.728: I/Icing(14065): Indexing done com.android.chrome-internal.3p:WebPage
11-16 08:57:28.728: E/Icing(14065): Aborting indexing of corpus internal.3p:WebPage
11-16 08:57:28.754: I/PrimesTesting(19839): GserviceFlagsSupplier.get()
11-16 08:57:28.851: D/BoundBrokerSvc(10880): onUnbind: Intent { act=com.google.android.gms.nearby.exposurenotification.START cmp=com.google.android.gms/.chimera.PersistentApiService }
11-16 08:57:28.876: I/.gms.persisten(10880): Background concurrent copying GC freed 219743(12MB) AllocSpace objects, 92(4MB) LOS objects, 49% free, 13MB/26MB, paused 30us total 101.115ms
11-16 08:57:29.004: I/FA(19839): App measurement is starting up, version: 18100
11-16 08:57:29.004: I/FA(19839): To enable debug logging run: adb shell setprop log.tag.FA VERBOSE
11-16 08:57:29.004: I/FA(19839): To enable faster debug mode event logging run:
11-16 08:57:29.004: I/FA(19839):   adb shell setprop debug.firebase.analytics.app com.google.android.apps.chromecast.app
11-16 08:57:29.049: D/BoundBrokerSvc(14065): onBind: Intent { act=com.google.android.gms.measurement.START pkg=com.google.android.gms }
11-16 08:57:29.050: D/BoundBrokerSvc(14065): Loading bound service for intent: Intent { act=com.google.android.gms.measurement.START pkg=com.google.android.gms }
11-16 08:57:29.059: W/SilentFeedbackConfig(10064): Renaming current_experiments.bin.tmp to current_experiments.bin failed
11-16 08:57:29.075: W/HomeApp|huv(19839): Can't load devices as there is no network connection! Will retry later.
11-16 08:57:29.085: I/BlobLobber(10064): Canceling downloads: [odws2_en:us:807_2019-07-21_260300236_release_signed]
11-16 08:57:29.088: I/BlobLobber(10064): Failed to cancel [odws2_en:us:807_2019-07-21_260300236_release_signed]
11-16 08:57:29.099: I/BgTaskExecutorImpl(10064): Starting EXCLUSIVE background task BLOBLOBBER_SYNC.
11-16 08:57:29.109: I/s:nonpersisten(19202): Waiting for a blocking GC ProfileSaver
11-16 08:57:29.114: I/VelourConfigListener(10064): Received new velour config
11-16 08:57:29.121: I/OpaEnabledReceiver(3643): Dispatching OPA eligble = true; AGSA = true; OPA enabled = true
11-16 08:57:29.121: I/OpaLayout(3643): Setting opa enabled to true
11-16 08:57:29.121: I/OpaLayout(3643): Setting opa enabled to true
11-16 08:57:29.132: I/s:nonpersisten(19202): WaitForGcToComplete blocked ProfileSaver on HeapTrim for 23.154ms
11-16 08:57:29.132: I/OpaEnabledReceiver(3643): Dispatching OPA eligble = true; AGSA = true; OPA enabled = true
11-16 08:57:29.132: I/OpaLayout(3643): Setting opa enabled to true
11-16 08:57:29.132: I/OpaLayout(3643): Setting opa enabled to true
11-16 08:57:29.134: I/OpaEligibilityChecker(10064): send OpaEligibilityChange broadcast to CommonBroadcastReceiver
11-16 08:57:29.143: I/OpaEnabledReceiver(3643): Dispatching OPA eligble = true; AGSA = true; OPA enabled = true
11-16 08:57:29.144: I/OpaLayout(3643): Setting opa enabled to true
11-16 08:57:29.144: I/OpaLayout(3643): Setting opa enabled to true
11-16 08:57:29.144: I/OpaEligibilityChecker(10064): send OpaEligibilityChange broadcast to CommonBroadcastReceiver
11-16 08:57:29.146: I/OpaEnabledReceiver(3643): Dispatching OPA eligble = true; AGSA = true; OPA enabled = true
11-16 08:57:29.146: I/OpaLayout(3643): Setting opa enabled to true
11-16 08:57:29.146: I/OpaLayout(3643): Setting opa enabled to true
11-16 08:57:29.150: I/BgTaskExecutorImpl(10064): Starting EXCLUSIVE background task VELOUR_BACKGROUND_MAINTENANCE.
11-16 08:57:29.164: I/FontLog(10880): Received query Google Sans, URI content://com.google.android.gms.fonts [CONTEXT service_id=132 ]
11-16 08:57:29.164: I/FontLog(10880): Query [Google Sans] resolved to {Google Sans, wdth 100.0, wght 400, ital 0.0, bestEffort false} [CONTEXT service_id=132 ]
11-16 08:57:29.167: I/FontLog(10880): Font PFD returned from cache for {Google Sans, wdth 100.0, wght 400, ital 0.0, bestEffort false} [CONTEXT service_id=132 ]
11-16 08:57:29.167: I/FontLog(10880): Fetch {Google Sans, wdth 100.0, wght 400, ital 0.0, bestEffort false} end status Status{statusCode=SUCCESS, resolution=null} [CONTEXT service_id=132 ]
11-16 08:57:29.171: I/FontLog(10880): Pulling font file for id = 8, cache size = 8 [CONTEXT service_id=132 ]
11-16 08:57:29.173: I/Finsky(18636): [160] gfa.run(15): Initializing the instant apps module.
11-16 08:57:29.178: I/FontLog(10880): Received query Google Sans:500, URI content://com.google.android.gms.fonts [CONTEXT service_id=132 ]
11-16 08:57:29.179: I/FontLog(10880): Query [Google Sans:500] resolved to {Google Sans, wdth 100.0, wght 500, ital 0.0, bestEffort false} [CONTEXT service_id=132 ]
11-16 08:57:29.180: I/FontLog(10880): Font PFD returned from cache for {Google Sans, wdth 100.0, wght 500, ital 0.0, bestEffort false} [CONTEXT service_id=132 ]
11-16 08:57:29.180: I/FontLog(10880): Fetch {Google Sans, wdth 100.0, wght 500, ital 0.0, bestEffort false} end status Status{statusCode=SUCCESS, resolution=null} [CONTEXT service_id=132 ]
11-16 08:57:29.183: I/FontLog(10880): Pulling font file for id = 9, cache size = 7 [CONTEXT service_id=132 ]
11-16 08:57:29.189: I/FontLog(10880): Received query Google Sans Display, URI content://com.google.android.gms.fonts [CONTEXT service_id=132 ]
11-16 08:57:29.190: I/FontLog(10880): Query [Google Sans Display] resolved to {Google Sans Display, wdth 100.0, wght 400, ital 0.0, bestEffort false} [CONTEXT service_id=132 ]
11-16 08:57:29.192: I/FontLog(10880): Font PFD returned from cache for {Google Sans Display, wdth 100.0, wght 400, ital 0.0, bestEffort false} [CONTEXT service_id=132 ]
11-16 08:57:29.192: I/FontLog(10880): Fetch {Google Sans Display, wdth 100.0, wght 400, ital 0.0, bestEffort false} end status Status{statusCode=SUCCESS, resolution=null} [CONTEXT service_id=132 ]
11-16 08:57:29.195: I/Finsky(18636): [157] kgg.a(19): No selector loaded
11-16 08:57:29.197: I/FontLog(10880): Pulling font file for id = 10, cache size = 8 [CONTEXT service_id=132 ]
11-16 08:57:29.197: W/earchbox:searc(10064): Unsupported class loader
11-16 08:57:29.209: W/GCM(19839): GCM SDK is deprecated, com.google.android.apps.chromecast.app should update to use FCM
11-16 08:57:29.210: I/Finsky(18636): [157] ltq.i(69): System was updated or GL extensions were already cached.
11-16 08:57:29.233: I/PeopleChimeraService(14065): onService. callbacks = xmw@ffea06b, request = com.google.android.gms.common.internal.GetServiceRequest@20d17c8
11-16 08:57:29.236: I/Finsky(18636): [146] akms.h(2): Restoring notifications
11-16 08:57:29.238: I/ActivityManager(1185): Killing 19138:com.google.android.apps.tips/u0a52 (adj 906): empty #17
11-16 08:57:29.239: W/libprocessgroup(1185): kill(-19138, 9) failed: No such process
11-16 08:57:29.249: I/Finsky(18636): [146] akms.h(11): Done restoring notifications
11-16 08:57:29.253: I/ActivityManager(1185): Start proc 19932:com.google.android.apps.tachyon/u0a148 for broadcast com.google.android.apps.tachyon/.common.applifecycle.LocaleChangeReceiver
11-16 08:57:29.266: E/id.apps.tachyo(19932): Not starting debugger since process cannot load the jdwp agent.
11-16 08:57:29.275: I/Finsky(18636): [146] gew.run(56): Component class com.google.android.finsky.wearsupport.WearSupportService disabled via PackageManager.
11-16 08:57:29.276: I/Finsky(18636): [146] gew.run(56): Component class com.google.android.finsky.wearsupport.WearChangeListenerService disabled via PackageManager.
11-16 08:57:29.279: I/Zygote(733): Process 19138 exited due to signal (9)
11-16 08:57:29.280: I/Finsky(18636): [155] yfi.g(1): Invalidating cached PackageState for com.android.vending
11-16 08:57:29.282: W/libprocessgroup(1185): kill(-19138, 9) failed: No such process
11-16 08:57:29.282: I/libprocessgroup(1185): Successfully killed process cgroup uid 10052 pid 19138 in 42ms
11-16 08:57:29.300: I/Finsky(18636): [192] ovx.run(16): Wrote row to frosting DB: 216
11-16 08:57:29.309: D/DownloadManager(18277): [83] Starting
11-16 08:57:29.357: W/Finsky(18636): [155] acnq.a(10): Self-update installed derived apk id unavailable.
11-16 08:57:29.367: I/BlobLobber(10064): Canceling downloads: []
11-16 08:57:29.377: I/Icing(14065): IndexChimeraService.getServiceInterface callingPackage=com.google.android.googlequicksearchbox componentName=agsa_icing_connection serviceId=32
11-16 08:57:29.382: I/Icing(14065): IndexChimeraService.getServiceInterface callingPackage=com.google.android.googlequicksearchbox componentName=agsa_icing_connection serviceId=33
11-16 08:57:29.416: W/SearchServiceCore(10064): Abort, client detached.
11-16 08:57:29.418: I/chatty(10064): uid=10047 com.google.android.googlequicksearchbox:search identical 9 lines
11-16 08:57:29.418: W/SearchServiceCore(10064): Abort, client detached.
11-16 08:57:29.428: I/VelourConfigListener(10064): Received new velour config
11-16 08:57:29.442: D/NetworkSecurityConfig(18277): Using Network Security Config from resource network_security_config debugBuild: false
11-16 08:57:29.443: D/NetworkSecurityConfig(18277): Using Network Security Config from resource network_security_config debugBuild: false
11-16 08:57:29.463: D/NetworkSecurityConfig(18277): No Network Security Config specified, using platform default
11-16 08:57:29.484: I/Finsky(18636): [157] yut.j(1): Triggered update for experiment package com.google.android.finsky.stable.
11-16 08:57:29.485: W/System(18636): A resource failed to call end. 
11-16 08:57:29.505: I/dex2oat(19950): The ClassLoaderContext is a special shared library.
11-16 08:57:29.505: I/dex2oat(19950): /system/bin/dex2oat --dex-file=/data/user/0/com.google.android.googlequicksearchbox/files/velour/verified_jars/Jkk1AICSm8V3ZDlxbl8SBoQ_1.jar --output-vdex-fd=89 --oat-fd=90 --oat-location=/data/user/0/com.google.android.googlequicksearchbox/files/velour/verified_jars/oat/arm64/Jkk1AICSm8V3ZDlxbl8SBoQ_1.odex --compiler-filter=quicken --class-loader-context=&
11-16 08:57:29.563: W/id.apps.tachyo(19932): JIT profile information will not be recorded: profile file does not exits.
11-16 08:57:29.563: I/chatty(19932): uid=10148(com.google.android.apps.tachyon) identical 1 line
11-16 08:57:29.563: W/id.apps.tachyo(19932): JIT profile information will not be recorded: profile file does not exits.
11-16 08:57:29.617: W/SearchServiceCore(10064): Abort, client detached.
11-16 08:57:29.619: I/chatty(10064): uid=10047 com.google.android.googlequicksearchbox:search identical 5 lines
11-16 08:57:29.619: W/SearchServiceCore(10064): Abort, client detached.
11-16 08:57:29.692: I/Finsky(18636): [157] yut.j(7): Already at the latest configurations for experiment package com.google.android.finsky.stable.
11-16 08:57:29.693: I/Finsky(18636): [157] yuq.u(2): Retrieved DSE selection state is true (cache=yul@de89554)
11-16 08:57:29.693: I/Finsky(18636): [157] yvb.a(30): DSE selection state after sync is true (cache=yul@de89554)
11-16 08:57:29.695: I/Finsky(18636): [146] yut.j(1): Triggered update for experiment package com.google.android.finsky.regular.
11-16 08:57:29.699: D/Volley(18636): [169] ddz.a: HTTP response for request=<[ ] https://play-fe.googleapis.com/fdfe/bulkDetails?nocache_qos=lt 0x4be64f9b NORMAL 3> [lifetime=4146], [size=58360], [rc=200], [retryCount=0]
11-16 08:57:29.709: W/PrimesInit(19932): Primes instant initialization
11-16 08:57:29.713: W/Primes(19932): background initialization
11-16 08:57:29.736: I/ActivityManager(1185): Killing 19159:com.google.android.apps.wellbeing/u0a26 (adj 906): empty #17
11-16 08:57:29.736: W/libprocessgroup(1185): kill(-19159, 9) failed: No such process
11-16 08:57:29.752: I/dex2oat(19950): dex2oat took 258.598ms (57.618ms cpu) (threads: 8) arena alloc=6KB (6512B) java alloc=16KB (16400B) native alloc=838KB (858688B) free=1209KB (1238464B)
11-16 08:57:29.772: W/earchbox:searc(10064): Skipping duplicate class check due to unsupported classloader
11-16 08:57:29.778: W/libprocessgroup(1185): kill(-19159, 9) failed: No such process
11-16 08:57:29.787: I/Zygote(733): Process 19159 exited due to signal (9)
11-16 08:57:29.825: W/libprocessgroup(1185): kill(-19159, 9) failed: No such process
11-16 08:57:29.825: I/libprocessgroup(1185): Successfully killed process cgroup uid 10026 pid 19159 in 88ms
11-16 08:57:29.862: I/PrimesTesting(19932): GserviceFlagsSupplier.get()
11-16 08:57:29.867: I/org.webrtc.Logging(19932): NativeLibrary: Loading native library: jingle_peerconnection_so
11-16 08:57:29.870: I/org.webrtc.Logging(19932): PeerConnectionFactory: PeerConnectionFactory was initialized without an injected Loggable. Any existing Loggable will be deleted.
11-16 08:57:29.889: I/ActivityManager(1185): Killing 18304:com.google.android.gms.ui/u0a7 (adj 906): empty #17
11-16 08:57:29.890: W/libprocessgroup(1185): kill(-18304, 9) failed: No such process
11-16 08:57:29.894: E/Backup(14065): [BackupTransportMigratorChimeraService] Could not migrate transport!
11-16 08:57:29.896: I/Backup(14065): [BackupTransportMigratorChimeraService] Starting migration...
11-16 08:57:29.899: W/libprocessgroup(1185): kill(-18304, 9) failed: No such process
11-16 08:57:29.910: W/libprocessgroup(1185): kill(-18304, 9) failed: No such process
11-16 08:57:29.912: I/viders.calenda(19326): Waiting for a blocking GC ProfileSaver
11-16 08:57:29.914: W/earchbox:searc(10064): Unsupported class loader
11-16 08:57:29.917: I/Zygote(733): Process 18304 exited due to signal (9)
11-16 08:57:29.926: I/viders.calenda(19326): WaitForGcToComplete blocked ProfileSaver on HeapTrim for 14.609ms
11-16 08:57:29.930: W/libprocessgroup(1185): kill(-18304, 9) failed: No such process
11-16 08:57:29.930: I/libprocessgroup(1185): Successfully killed process cgroup uid 10007 pid 18304 in 40ms
11-16 08:57:29.986: W/id.apps.tachyo(19932): Unknown chunk type '200'.
11-16 08:57:30.005: D/EventBus(19932): No subscribers registered for event class gzh
11-16 08:57:30.005: D/EventBus(19932): No subscribers registered for event class sfa
11-16 08:57:30.020: D/fpc_hidl(20010): fpc fingerprint hwbinder service starting
11-16 08:57:30.021: D/QSEECOMAPI(20010): QSEECom_get_handle sb_length = 0x80
11-16 08:57:30.021: D/QSEECOMAPI(20010): App is not loaded in QSEE
11-16 08:57:30.021: D/QSEECOMAPI(20010): app_arch = 2, total_files = 9
11-16 08:57:30.077: I/dex2oat(19999): The ClassLoaderContext is a special shared library.
11-16 08:57:30.077: I/dex2oat(19999): /system/bin/dex2oat --dex-file=/data/user/0/com.google.android.googlequicksearchbox/files/velour/verified_jars/JkypVPMhDohv1875CeSftSg_1.jar --output-vdex-fd=90 --oat-fd=91 --oat-location=/data/user/0/com.google.android.googlequicksearchbox/files/velour/verified_jars/oat/arm64/JkypVPMhDohv1875CeSftSg_1.odex --compiler-filter=quicken --class-loader-context=&
11-16 08:57:30.077: D/QSEECOMAPI(20010): Loaded image: APP id = 306
11-16 08:57:30.081: W/EventHub(1185): Unable to disable kernel key repeat for /dev/input/event3: Function not implemented
11-16 08:57:30.082: I/EventHub(1185): wakeMechanism=EPOLLWAKEUP, usingClockIoctl=true
11-16 08:57:30.082: I/EventHub(1185): New device: id=306, fd=224, path='/dev/input/event3', name='uinput-fpc', classes=0x101, configuration='/system/usr/idc/uinput-fpc.idc', keyLayout='/system/usr/keylayout/uinput-fpc.kl', keyCharacterMap='/system/usr/keychars/Generic.kcm', builtinKeyboard=true, 
11-16 08:57:30.082: W/InputReader(1185): Ignoring spurious device added event for deviceId 0.
11-16 08:57:30.083: E/fpc_tac(20010): fpcbuildinfo : 575ddab5b91efea67ee1d200fc813ff2fpc_bio=bd35c3fec78219829149bea6c9ec961e6f655b90C:prodtestlib=4304cf5c884c198624b749af3482befacbd3028eC:fpc_c_core=dc194509594e837dedfb5452aaf06fcb61977135C:fpc_lib=cd5b7b876c3d69afa68a11ac6fd86f873e70817bC:cac=297e11552c60a3607ed664cf44c3e4b36ab2e737C:fpc_bio_interface=94a457caecae31eca8ef04b64c3f82a018e9bbc0C:fpc_sensor=ba909a5500944acafe47a0ef3a49f89509aadfb6C:tools_core=94ddf1e684cfa6c99f0f237f7cc35f3962e0e597C:sensor_settings=4fcf864fb493ae0272a9b2806446b379d99fd8ceC:fingerprint_ta=066bc0ab880960a4a69b74a328c7d7871c72225bC:fingerprint_pal=0deb9a478a3572872639f9cb2559ccc464ee3f9bC:manifests=dcb3d8ab0bdb7a5b341839d8c75bb88fc7f5e1a4C:Manifesttag=SW23.3.0-PDR1.0.5:jenkins@84ffd74dac44:Thu,17May201810:17:08+0200:FPC_SENSOR_TYPE=FPC_SENSOR_TYPE_FPC1270:FPC_CC_TYPE=FPC_COMPANION_CHIP_FPC2050:FPC_C_TYPE=FPC_COATING_NORMAL
11-16 08:57:30.083: E/fpc_tac(20010): fpcbuildtype : build=RELEASE sensor=9
11-16 08:57:30.095: I/Finsky(18636): [2] adhb.run(32): Detected restoreservicev2://recovery not needed, will not run
11-16 08:57:30.096: I/Finsky:download_service(18802): [2] szp.onDestroy(8): IPC-SERVER: Stopping gRPC host service...
11-16 08:57:30.121: D/EventBus(19932): No subscribers registered for event class gzh
11-16 08:57:30.121: D/EventBus(19932): No subscribers registered for event class sfa
11-16 08:57:30.135: I/ActivityManager(1185): Start proc 20032:com.google.android.apps.walletnfcrel/u0a152 for broadcast com.google.android.apps.walletnfcrel/com.google.android.libraries.notifications.entrypoints.localechanged.LocaleChangedReceiver
11-16 08:57:30.147: E/ps.walletnfcre(20032): Not starting debugger since process cannot load the jdwp agent.
11-16 08:57:30.151: I/Finsky(18636): [146] yvk.c(1): Regular flags synced
11-16 08:57:30.152: I/Finsky(18636): [146] yuo.b(3): Writing flags config, size 1.
11-16 08:57:30.152: I/Finsky(18636): [146] yuo.b(3): Started writing experiment flags into file [4dEVOh7DlClE42ly_19Hs7FqnnFOj9O0dm-zzWqGxeo].
11-16 08:57:30.157: W/id.apps.tachyo(19932): Unknown chunk type '200'.
11-16 08:57:30.161: I/ps.walletnfcre(20032): The ClassLoaderContext is a special shared library.
11-16 08:57:30.182: W/StorageManager(18277): fallocate() not supported; falling back to ftruncate()
11-16 08:57:30.186: W/SearchServiceCore(10064): Abort, client detached.
11-16 08:57:30.186: W/SearchServiceCore(10064): Abort, client detached.
11-16 08:57:30.195: I/Icing(14065): Indexing com.google.android.inputmethod.latin-internal.3p:StickerPack from com.google.android.inputmethod.latin
11-16 08:57:30.196: I/DefaultStickerUpdate(3625): Successfully updated sticker index for DefaultStickerTaskData{enabled=true, metadataUriPrefix=https://www.gstatic.com/android/keyboard/stickers/configs/v5/, supportedLanguage=en}
11-16 08:57:30.197: I/FirebaseJobDispatcher(3625): Task: DefaultStickerUpdate successes.
11-16 08:57:30.197: I/PeopleChimeraService(14065): onService. callbacks = xmw@f1a02f8, request = com.google.android.gms.common.internal.GetServiceRequest@ecb03d1
11-16 08:57:30.200: E/SQLiteLog(14065): (1) no such table: StickerPack_com.google.android.inputmethod.latin_seq_table
11-16 08:57:30.201: E/Icing(14065): Cursor call threw an exception: no such table: StickerPack_com.google.android.inputmethod.latin_seq_table (code 1 SQLITE_ERROR): , while compiling: SELECT * FROM [StickerPack_com.google.android.inputmethod.latin_seq_table] WHERE seqno>0 AND tag IS NULL ORDER BY seqno LIMIT 20
11-16 08:57:30.201: I/Icing(14065): Indexing done com.google.android.inputmethod.latin-internal.3p:StickerPack
11-16 08:57:30.201: E/Icing(14065): Aborting indexing of corpus internal.3p:StickerPack
11-16 08:57:30.203: I/Icing(14065): Indexing com.google.android.inputmethod.latin-internal.3p:Sticker from com.google.android.inputmethod.latin
11-16 08:57:30.206: I/NetworkScheduler.Stats(10880): Task com.google.android.inputmethod.latin/ finished executing. cause:7 result: 1 elapsed_millis: 1827 uptime_millis: 1827 exec_start_elapsed_seconds: 1517 [CONTEXT service_id=218 ]
11-16 08:57:30.213: E/ExecutionCriteria(10880): Package unavailable for task: com.google.android.apps.gcs/com.google.android.flib.phenotype.services.PhenotypeExperimentCommitService{u=0 tag="PhenotypeExpCommitSvc" trigger=window{start=0s,end=30s,earliest=-1422s,latest=-1392s} requirements=[NET_ANY] attributes=[PERSISTED] scheduled=-1422s last_run=N/A exec_window_multiplier=1.0000 jid=N/A status=PENDING retries=0 client_lib=MANCHEGO_GCM-11732000} [CONTEXT service_id=218 ]
11-16 08:57:30.220: E/SQLiteLog(14065): (1) no such table: Sticker_com.google.android.inputmethod.latin_seq_table
11-16 08:57:30.223: E/Icing(14065): Cursor call threw an exception: no such table: Sticker_com.google.android.inputmethod.latin_seq_table (code 1 SQLITE_ERROR): , while compiling: SELECT * FROM [Sticker_com.google.android.inputmethod.latin_seq_table] WHERE seqno>0 AND tag IS NULL ORDER BY seqno LIMIT 20
11-16 08:57:30.223: I/Icing(14065): Indexing done com.google.android.inputmethod.latin-internal.3p:Sticker
11-16 08:57:30.223: E/Icing(14065): Aborting indexing of corpus internal.3p:Sticker
11-16 08:57:30.237: W/Icing(14065): No valid account for uploading user actions
11-16 08:57:30.240: I/Finsky(18636): [146] yuo.b(17): Finished writing experiment flags into file [4dEVOh7DlClE42ly_19Hs7FqnnFOj9O0dm-zzWqGxeo].
11-16 08:57:30.241: I/Finsky(18636): [146] yut.l(23): Successfully applied new configurations for package com.google.android.finsky.regular.
11-16 08:57:30.243: I/Finsky(18636): [146] yuq.u(2): Retrieved DSE selection state is true (cache=yul@de89554)
11-16 08:57:30.243: I/Finsky(18636): [146] yvb.a(30): DSE selection state after sync is true (cache=yul@de89554)
11-16 08:57:30.249: I/Finsky(18636): [2] ajih.kw(11): BulkDetails response obtained.
11-16 08:57:30.249: I/NetworkScheduler.Stats(10880): Task com.google.android.gms/com.google.android.gms.phenotype.service.sync.PhenotypeConfigurator started execution. cause:5 exec_start_elapsed_seconds: 1519 [CONTEXT service_id=218 ]
11-16 08:57:30.252: I/Icing(14065): Usage reports ok 0, Failed Usage reports 0, indexed 0, rejected 0
11-16 08:57:30.254: I/Finsky(18636): [2] ajja.a(21): No new splits to download.
11-16 08:57:30.254: I/Finsky(18636): [2] ajkh.run(138): Skipping check for new language splits in self-update.
11-16 08:57:30.257: I/Finsky(18636): [2] abya.n(4): SCH: jobFinished: 37-0. TimeElapsed: 5683ms.
11-16 08:57:30.259: I/Finsky(18636): [2] abwr.e(4): SCH: Job 37-0 finished. Not rescheduling.
11-16 08:57:30.260: I/Finsky(18636): [2] abwq.handleMessage(59): SCH: RunningQueue size: 0, PendingQueue size: 0
11-16 08:57:30.261: I/Finsky(18636): [2] abwq.handleMessage(26): SCH: Executor finished
11-16 08:57:30.266: I/dex2oat(19999): dex2oat took 194.986ms (48.058ms cpu) (threads: 8) arena alloc=2344B (2344B) java alloc=16KB (16400B) native alloc=809KB (828744B) free=1238KB (1268408B)
11-16 08:57:30.268: W/Icing(14065): No valid account for uploading user actions
11-16 08:57:30.274: I/Icing(14065): Usage reports ok 0, Failed Usage reports 0, indexed 0, rejected 0
11-16 08:57:30.279: I/Finsky(18636): [2] abzb.b(5): SCH: Jobs in database: 1-1337 3-2 12-1 24-77777777 26-1414141414 29-29 31-305419896 
11-16 08:57:30.293: I/Finsky(18636): [2] abxn.d(37): SCH: ConstraintMapping: 24-77777777,  -> L: 0ms, D: 81512071ms, C: false, I: true, N: 0
11-16 08:57:30.294: I/Finsky(18636): [2] abxn.d(37): SCH: ConstraintMapping: 1-1337, 12-1, 31-305419896,  -> L: 0ms, D: 53042997ms, C: false, I: false, N: 1
11-16 08:57:30.294: I/Finsky(18636): [2] abxn.d(37): SCH: ConstraintMapping: 3-2,  -> L: 0ms, D: 86389891ms, C: true, I: true, N: 2
11-16 08:57:30.296: W/earchbox:searc(10064): Skipping duplicate class check due to unsupported classloader
11-16 08:57:30.296: I/Finsky(18636): [200] atsx.b(2): registerListener
11-16 08:57:30.296: I/Finsky(18636): [200] mtv.d(1): getDownloads()
11-16 08:57:30.299: I/Finsky(18636): [2] abxn.d(37): SCH: ConstraintMapping: 26-1414141414, 29-29,  -> L: 18816ms, D: 48816ms, C: false, I: false, N: 0
11-16 08:57:30.299: I/Finsky(18636): [2] abxn.f(7): SCH: Cancelling existing jobscheduler jobs: 
11-16 08:57:30.300: I/Finsky(18636): [2] abxn.e(8): SCH: Throttling wakeup for job 9000 (expected to run in 0 ms) due to recent wakeup
11-16 08:57:30.300: I/Finsky(18636): [2] abxn.e(23): SCH: Scheduling job Id: 9000, L: 30000, D: 81512071, C: false, I: true, N: 0
11-16 08:57:30.301: I/Finsky(18636): [2] abxn.e(8): SCH: Throttling wakeup for job 9002 (expected to run in 0 ms) due to recent wakeup
11-16 08:57:30.302: I/Finsky(18636): [2] abxn.e(23): SCH: Scheduling job Id: 9002, L: 30000, D: 53042997, C: false, I: false, N: 1
11-16 08:57:30.304: I/Finsky(18636): [2] abxn.e(8): SCH: Throttling wakeup for job 9003 (expected to run in 0 ms) due to recent wakeup
11-16 08:57:30.304: I/Finsky(18636): [2] abxn.e(23): SCH: Scheduling job Id: 9003, L: 30000, D: 86389891, C: true, I: true, N: 2
11-16 08:57:30.305: I/Finsky(18636): [2] abxn.e(8): SCH: Throttling wakeup for job 9004 (expected to run in 18816 ms) due to recent wakeup
11-16 08:57:30.305: I/Finsky(18636): [2] abxn.e(23): SCH: Scheduling job Id: 9004, L: 30000, D: 48816, C: false, I: false, N: 0
11-16 08:57:30.310: W/SearchServiceCore(10064): Abort, client detached.
11-16 08:57:30.310: W/SearchServiceCore(10064): Abort, client detached.
11-16 08:57:30.317: I/BgTaskExecutorImpl(10064): Starting EXCLUSIVE background task VELOUR_BACKGROUND_MAINTENANCE.
11-16 08:57:30.319: I/Finsky:download_service(18802): [2] szp.onCreate(2): IPC-SERVER: Starting gRPC host service...
11-16 08:57:30.319: W/SearchServiceCore(10064): Abort, client detached.
11-16 08:57:30.323: I/Finsky(18636): [200] gro.run(7): Initialized AssetModuleDownloader.
11-16 08:57:30.327: W/ProxyAndroidLoggerBackend(18636): Too many Flogger logs received before configuration. Dropping old logs.
11-16 08:57:30.328: I/chatty(18636): uid=10014(com.android.vending) grpc-default-ex identical 2 lines
11-16 08:57:30.328: W/ProxyAndroidLoggerBackend(18636): Too many Flogger logs received before configuration. Dropping old logs.
11-16 08:57:30.329: I/BgTaskExecutorImpl(10064): Starting EXCLUSIVE background task BLOBLOBBER_SYNC.
11-16 08:57:30.336: I/Finsky:download_service(18802): [148] mmd.c(1): getDownloads().
11-16 08:57:30.340: W/ProxyAndroidLoggerBackend(18636): Too many Flogger logs received before configuration. Dropping old logs.
11-16 08:57:30.340: I/chatty(18636): uid=10014(com.android.vending) Binder:18636_2 identical 1 line
11-16 08:57:30.341: W/ProxyAndroidLoggerBackend(18636): Too many Flogger logs received before configuration. Dropping old logs.
11-16 08:57:30.344: W/ProxyAndroidLoggerBackend(18636): Too many Flogger logs received before configuration. Dropping old logs.
11-16 08:57:30.354: W/BlobLobber(10064): Skipping download (already active): odws2_en:us:511_2019-09-12_270573492_release_signed
11-16 08:57:30.354: W/earchbox:searc(10064): Unsupported class loader
11-16 08:57:30.357: W/earchbox:searc(10064): Skipping duplicate class check due to unsupported classloader
11-16 08:57:30.361: W/earchbox:searc(10064): Unsupported class loader
11-16 08:57:30.363: W/earchbox:searc(10064): Skipping duplicate class check due to unsupported classloader
11-16 08:57:30.367: W/SearchServiceCore(10064): Abort, client detached.
11-16 08:57:30.367: I/chatty(10064): uid=10047 com.google.android.googlequicksearchbox:search identical 1 line
11-16 08:57:30.374: W/SearchServiceCore(10064): Abort, client detached.
11-16 08:57:30.383: D/BoundBrokerSvc(14065): onUnbind: Intent { act=com.google.android.gms.ocr.service.internal.START cmp=com.google.android.gms/.chimera.GmsInternalApiService }
11-16 08:57:30.408: I/ActivityManager(1185): Killing 19202:com.google.android.as:nonpersistent/u0a43 (adj 906): empty #17
11-16 08:57:30.409: W/libprocessgroup(1185): kill(-19202, 9) failed: No such process
11-16 08:57:30.422: D/ConnectivityService(1185): ConnectivityService NetworkRequestInfo binderDied(NetworkRequest [ LISTEN id=51, [ Capabilities: INTERNET&NOT_RESTRICTED&TRUSTED Unwanted:  Uid: 10043] ], android.os.BinderProxy@1f7eaaa)
11-16 08:57:30.423: I/Zygote(734): Process 19202 exited due to signal (9)
11-16 08:57:30.438: W/libprocessgroup(1185): kill(-19202, 9) failed: No such process
11-16 08:57:30.438: I/libprocessgroup(1185): Successfully killed process cgroup uid 10043 pid 19202 in 29ms
11-16 08:57:30.461: I/FA(19932): App measurement is starting up, version: 18079
11-16 08:57:30.461: I/FA(19932): To enable debug logging run: adb shell setprop log.tag.FA VERBOSE
11-16 08:57:30.461: I/FA(19932): To enable faster debug mode event logging run:
11-16 08:57:30.461: I/FA(19932):   adb shell setprop debug.firebase.analytics.app com.google.android.apps.tachyon
11-16 08:57:30.468: E/FA(19932): AppMeasurementReceiver not registered/enabled
11-16 08:57:30.469: E/FA(19932): AppMeasurementService not registered/enabled
11-16 08:57:30.469: E/FA(19932): Uploading is not possible. App measurement disabled
11-16 08:57:30.548: I/akia(10880): Removed 0 invalid users [CONTEXT service_id=51 ]
11-16 08:57:30.602: W/ChimeraUtils(10880): Module com.google.android.gms.nearby_en has empty metadata display_name_string_id
11-16 08:57:30.622: I/chatty(10880): uid=10007(com.google.android.gms) highpool[4] identical 3 lines
11-16 08:57:30.623: W/ChimeraUtils(10880): Module com.google.android.gms.nearby_en has empty metadata display_name_string_id
11-16 08:57:30.731: W/DynamiteModule(20032): Local module descriptor class for providerinstaller not found.
11-16 08:57:30.736: I/DynamiteModule(20032): Considering local module providerinstaller:0 and remote module providerinstaller:0
11-16 08:57:30.736: W/ProviderInstaller(20032): Failed to load providerinstaller module: No acceptable module found. Local version is 0 and remote version is 0.
11-16 08:57:30.738: W/ps.walletnfcre(20032): Unknown chunk type '200'.
11-16 08:57:30.741: I/ps.walletnfcre(20032): The ClassLoaderContext is a special shared library.
11-16 08:57:30.741: I/chatty(20032): uid=10152(com.google.android.apps.walletnfcrel) identical 1 line
11-16 08:57:30.742: I/ps.walletnfcre(20032): The ClassLoaderContext is a special shared library.
11-16 08:57:30.751: V/NativeCrypto(20032): Registering com/google/android/gms/org/conscrypt/NativeCrypto's 294 native methods...
11-16 08:57:30.761: D/NetworkSecurityConfig(20032): No Network Security Config specified, using platform default
11-16 08:57:30.762: I/ProviderInstaller(20032): Installed default security provider GmsCore_OpenSSL
11-16 08:57:30.819: I/BackgroundTaskManager(20032): Executing task PhenotypeRegistrationTask.phenotype_registration with PARALLEL execution policy.
11-16 08:57:30.853: D/BoundBrokerSvc(10880): onBind: Intent { act=com.google.android.gms.tapandpay.service.BIND pkg=com.google.android.gms }
11-16 08:57:30.853: D/BoundBrokerSvc(10880): Loading bound service for intent: Intent { act=com.google.android.gms.tapandpay.service.BIND pkg=com.google.android.gms }
11-16 08:57:30.882: W/PrimesInit(20032): Primes instant initialization
11-16 08:57:30.883: W/Primes(20032): background initialization
11-16 08:57:30.894: I/PrimesTesting(20032): GserviceFlagsSupplier.get()
11-16 08:57:30.912: D/QSEECOMAPI(20010): QSEECom_get_handle sb_length = 0x400
11-16 08:57:30.913: D/QSEECOMAPI(20010): App is already loaded QSEE and app id = 1
11-16 08:57:30.914: E/fpc_tac(20010): qsee_km_get_encapsulated_key KEYMASTER_GET_AUTH_TOKEN_KEY returned status=-24
11-16 08:57:30.914: D/QSEECOMAPI(20010): QSEECom_dealloc_memory 
11-16 08:57:30.914: D/QSEECOMAPI(20010): QSEECom_shutdown_app, app_id = 1
11-16 08:57:30.914: E/fpc_fingerprint_hal(20010): fpc_hal_open failed
11-16 08:57:30.915: I/EventHub(1185): Removing device uinput-fpc due to epoll hang-up event.
11-16 08:57:30.915: I/EventHub(1185): Removed device: path=/dev/input/event3 name=uinput-fpc id=306 fd=224 classes=0x101
11-16 08:57:30.915: W/EventHub(1185): built-in keyboard device /dev/input/event3 (id=306) is closing! the apps will not like this
11-16 08:57:30.915: W/InputReader(1185): Ignoring spurious device removed event for deviceId 306.
11-16 08:57:30.917: I/EventHub(1185): Removing device '/dev/input/event3' due to inotify event
11-16 08:57:30.931: D/QSEECOMAPI(20010): QSEECom_dealloc_memory 
11-16 08:57:30.932: D/QSEECOMAPI(20010): QSEECom_shutdown_app, app_id = 306
11-16 08:57:30.944: I/TapAndPayApplication(20032): Successfully initialized Firebase App
11-16 08:57:30.948: I/BackgroundTaskManager(20032): Executing task AccountFreshener.freshen with SEQUENTIAL execution policy.
11-16 08:57:30.951: I/Notifications(20032): [ChimeBroadcastReceiver] Intent received for action [android.intent.action.LOCALE_CHANGED] package [com.google.android.apps.walletnfcrel].
11-16 08:57:30.955: W/GCM(20032): GCM SDK is deprecated, com.google.android.apps.walletnfcrel should update to use FCM
11-16 08:57:30.973: I/Notifications(20032): [ChimeBroadcastReceiver] Validation OK for action [android.intent.action.LOCALE_CHANGED].
11-16 08:57:30.975: I/Notifications(20032): [ChimeBroadcastReceiver] Executing action in BroadcastReceiver [android.intent.action.LOCALE_CHANGED].
11-16 08:57:31.002: I/ActivityManager(1185): Killing 19260:com.google.process.gapps/u0a7 (adj 906): empty #17
11-16 08:57:31.002: W/libprocessgroup(1185): kill(-19260, 9) failed: No such process
11-16 08:57:31.011: W/libprocessgroup(1185): kill(-19260, 9) failed: No such process
11-16 08:57:31.017: I/Zygote(733): Process 19260 exited due to signal (9)
