11-16 09:56:30.141: V/ActivityScenario(17243): Activity lifecycle changed event received but ignored because the intent does not match. startActivityIntent=Intent { act=android.intent.action.MAIN cat=[android.intent.category.LAUNCHER] cmp=androidx.navigation.dynamicfeatures.test/androidx.navigation.dynamicfeatures.NavigationActivity }, activity.getIntent()=Intent { act=android.intent.action.MAIN cat=[android.intent.category.LAUNCHER] flg=0x10008000 cmp=androidx.navigation.dynamicfeatures.test/androidx.test.core.app.InstrumentationActivityInvoker$BootstrapActivity (has extras) }, activity=androidx.test.core.app.InstrumentationActivityInvoker$BootstrapActivity@e11454d
11-16 09:56:30.147: W/SurfaceFlinger(642): Attempting to set client state on removed layer: Splash Screen androidx.navigation.dynamicfeatures.test#0
11-16 09:56:30.147: W/SurfaceFlinger(642): Attempting to destroy on removed layer: Splash Screen androidx.navigation.dynamicfeatures.test#0
11-16 09:56:30.148: I/ActivityManager(1164): START u0 {act=android.intent.action.MAIN cat=[android.intent.category.LAUNCHER] flg=0x10000000 cmp=androidx.navigation.dynamicfeatures.test/androidx.test.core.app.InstrumentationActivityInvoker$EmptyActivity} from uid 10172
11-16 09:56:30.149: D/android.hardware.power@1.3-service.crosshatch-libperfmgr(792): LAUNCH ON
11-16 09:56:30.152: D/LifecycleMonitor(17243): Lifecycle status change: androidx.navigation.dynamicfeatures.NavigationActivity@6f6d38b in: PAUSED
11-16 09:56:30.152: V/ActivityScenario(17243): Update currentActivityStage to PAUSED, currentActivity=androidx.navigation.dynamicfeatures.NavigationActivity@6f6d38b
11-16 09:56:30.156: W/ActivityThread(17243): handleWindowVisibility: no activity for token android.os.BinderProxy@6504b61
11-16 09:56:30.161: D/LifecycleMonitor(17243): Lifecycle status change: androidx.test.core.app.InstrumentationActivityInvoker$EmptyActivity@381af74 in: PRE_ON_CREATE
11-16 09:56:30.161: V/ActivityScenario(17243): Activity lifecycle changed event received but ignored because the intent does not match. startActivityIntent=Intent { act=android.intent.action.MAIN cat=[android.intent.category.LAUNCHER] cmp=androidx.navigation.dynamicfeatures.test/androidx.navigation.dynamicfeatures.NavigationActivity }, activity.getIntent()=Intent { act=android.intent.action.MAIN cat=[android.intent.category.LAUNCHER] flg=0x10000000 cmp=androidx.navigation.dynamicfeatures.test/androidx.test.core.app.InstrumentationActivityInvoker$EmptyActivity }, activity=androidx.test.core.app.InstrumentationActivityInvoker$EmptyActivity@381af74
11-16 09:56:30.170: D/LifecycleMonitor(17243): Lifecycle status change: androidx.test.core.app.InstrumentationActivityInvoker$EmptyActivity@381af74 in: CREATED
11-16 09:56:30.170: V/ActivityScenario(17243): Activity lifecycle changed event received but ignored because the intent does not match. startActivityIntent=Intent { act=android.intent.action.MAIN cat=[android.intent.category.LAUNCHER] cmp=androidx.navigation.dynamicfeatures.test/androidx.navigation.dynamicfeatures.NavigationActivity }, activity.getIntent()=Intent { act=android.intent.action.MAIN cat=[android.intent.category.LAUNCHER] flg=0x10000000 cmp=androidx.navigation.dynamicfeatures.test/androidx.test.core.app.InstrumentationActivityInvoker$EmptyActivity }, activity=androidx.test.core.app.InstrumentationActivityInvoker$EmptyActivity@381af74
11-16 09:56:30.172: D/LifecycleMonitor(17243): Lifecycle status change: androidx.test.core.app.InstrumentationActivityInvoker$EmptyActivity@381af74 in: STARTED
11-16 09:56:30.173: V/ActivityScenario(17243): Activity lifecycle changed event received but ignored because the intent does not match. startActivityIntent=Intent { act=android.intent.action.MAIN cat=[android.intent.category.LAUNCHER] cmp=androidx.navigation.dynamicfeatures.test/androidx.navigation.dynamicfeatures.NavigationActivity }, activity.getIntent()=Intent { act=android.intent.action.MAIN cat=[android.intent.category.LAUNCHER] flg=0x10000000 cmp=androidx.navigation.dynamicfeatures.test/androidx.test.core.app.InstrumentationActivityInvoker$EmptyActivity }, activity=androidx.test.core.app.InstrumentationActivityInvoker$EmptyActivity@381af74
11-16 09:56:30.174: D/LifecycleMonitor(17243): Lifecycle status change: androidx.test.core.app.InstrumentationActivityInvoker$EmptyActivity@381af74 in: RESUMED
11-16 09:56:30.174: V/ActivityScenario(17243): Activity lifecycle changed event received but ignored because the intent does not match. startActivityIntent=Intent { act=android.intent.action.MAIN cat=[android.intent.category.LAUNCHER] cmp=androidx.navigation.dynamicfeatures.test/androidx.navigation.dynamicfeatures.NavigationActivity }, activity.getIntent()=Intent { act=android.intent.action.MAIN cat=[android.intent.category.LAUNCHER] flg=0x10000000 cmp=androidx.navigation.dynamicfeatures.test/androidx.test.core.app.InstrumentationActivityInvoker$EmptyActivity }, activity=androidx.test.core.app.InstrumentationActivityInvoker$EmptyActivity@381af74
11-16 09:56:30.201: I/GoogleInputMethod(1435): onFinishInput() : Dummy InputConnection bound
11-16 09:56:30.201: I/GoogleInputMethod(1435): onStartInput() : Dummy InputConnection bound
11-16 09:56:30.202: I/ActivityManager(1164): START u0 {act=android.intent.action.MAIN cat=[android.intent.category.LAUNCHER] flg=0x10000000 cmp=androidx.navigation.dynamicfeatures.test/androidx.test.core.app.InstrumentationActivityInvoker$EmptyActivity} from uid 10172
11-16 09:56:30.204: D/android.hardware.power@1.3-service.crosshatch-libperfmgr(792): LAUNCH ON
11-16 09:56:30.229: D/LifecycleMonitor(17243): Lifecycle status change: androidx.test.core.app.InstrumentationActivityInvoker$EmptyActivity@381af74 in: PAUSED
11-16 09:56:30.229: V/ActivityScenario(17243): Activity lifecycle changed event received but ignored because the intent does not match. startActivityIntent=Intent { act=android.intent.action.MAIN cat=[android.intent.category.LAUNCHER] cmp=androidx.navigation.dynamicfeatures.test/androidx.navigation.dynamicfeatures.NavigationActivity }, activity.getIntent()=Intent { act=android.intent.action.MAIN cat=[android.intent.category.LAUNCHER] flg=0x10000000 cmp=androidx.navigation.dynamicfeatures.test/androidx.test.core.app.InstrumentationActivityInvoker$EmptyActivity }, activity=androidx.test.core.app.InstrumentationActivityInvoker$EmptyActivity@381af74
11-16 09:56:30.240: D/LifecycleMonitor(17243): Lifecycle status change: androidx.test.core.app.InstrumentationActivityInvoker$BootstrapActivity@e11454d in: DESTROYED
11-16 09:56:30.240: V/ActivityScenario(17243): Activity lifecycle changed event received but ignored because the intent does not match. startActivityIntent=Intent { act=android.intent.action.MAIN cat=[android.intent.category.LAUNCHER] cmp=androidx.navigation.dynamicfeatures.test/androidx.navigation.dynamicfeatures.NavigationActivity }, activity.getIntent()=Intent { act=android.intent.action.MAIN cat=[android.intent.category.LAUNCHER] flg=0x10008000 cmp=androidx.navigation.dynamicfeatures.test/androidx.test.core.app.InstrumentationActivityInvoker$BootstrapActivity (has extras) }, activity=androidx.test.core.app.InstrumentationActivityInvoker$BootstrapActivity@e11454d
11-16 09:56:30.241: W/ActivityThread(17243): handleWindowVisibility: no activity for token android.os.BinderProxy@bcf790c
11-16 09:56:30.244: D/LifecycleMonitor(17243): Lifecycle status change: androidx.test.core.app.InstrumentationActivityInvoker$EmptyActivity@c5df46a in: PRE_ON_CREATE
11-16 09:56:30.245: V/ActivityScenario(17243): Activity lifecycle changed event received but ignored because the intent does not match. startActivityIntent=Intent { act=android.intent.action.MAIN cat=[android.intent.category.LAUNCHER] cmp=androidx.navigation.dynamicfeatures.test/androidx.navigation.dynamicfeatures.NavigationActivity }, activity.getIntent()=Intent { act=android.intent.action.MAIN cat=[android.intent.category.LAUNCHER] flg=0x10000000 cmp=androidx.navigation.dynamicfeatures.test/androidx.test.core.app.InstrumentationActivityInvoker$EmptyActivity }, activity=androidx.test.core.app.InstrumentationActivityInvoker$EmptyActivity@c5df46a
11-16 09:56:30.250: D/LifecycleMonitor(17243): Lifecycle status change: androidx.test.core.app.InstrumentationActivityInvoker$EmptyActivity@c5df46a in: CREATED
11-16 09:56:30.251: V/ActivityScenario(17243): Activity lifecycle changed event received but ignored because the intent does not match. startActivityIntent=Intent { act=android.intent.action.MAIN cat=[android.intent.category.LAUNCHER] cmp=androidx.navigation.dynamicfeatures.test/androidx.navigation.dynamicfeatures.NavigationActivity }, activity.getIntent()=Intent { act=android.intent.action.MAIN cat=[android.intent.category.LAUNCHER] flg=0x10000000 cmp=androidx.navigation.dynamicfeatures.test/androidx.test.core.app.InstrumentationActivityInvoker$EmptyActivity }, activity=androidx.test.core.app.InstrumentationActivityInvoker$EmptyActivity@c5df46a
11-16 09:56:30.252: D/LifecycleMonitor(17243): Lifecycle status change: androidx.test.core.app.InstrumentationActivityInvoker$EmptyActivity@c5df46a in: STARTED
11-16 09:56:30.253: V/ActivityScenario(17243): Activity lifecycle changed event received but ignored because the intent does not match. startActivityIntent=Intent { act=android.intent.action.MAIN cat=[android.intent.category.LAUNCHER] cmp=androidx.navigation.dynamicfeatures.test/androidx.navigation.dynamicfeatures.NavigationActivity }, activity.getIntent()=Intent { act=android.intent.action.MAIN cat=[android.intent.category.LAUNCHER] flg=0x10000000 cmp=androidx.navigation.dynamicfeatures.test/androidx.test.core.app.InstrumentationActivityInvoker$EmptyActivity }, activity=androidx.test.core.app.InstrumentationActivityInvoker$EmptyActivity@c5df46a
11-16 09:56:30.254: D/LifecycleMonitor(17243): Lifecycle status change: androidx.test.core.app.InstrumentationActivityInvoker$EmptyActivity@c5df46a in: RESUMED
11-16 09:56:30.254: V/ActivityScenario(17243): Activity lifecycle changed event received but ignored because the intent does not match. startActivityIntent=Intent { act=android.intent.action.MAIN cat=[android.intent.category.LAUNCHER] cmp=androidx.navigation.dynamicfeatures.test/androidx.navigation.dynamicfeatures.NavigationActivity }, activity.getIntent()=Intent { act=android.intent.action.MAIN cat=[android.intent.category.LAUNCHER] flg=0x10000000 cmp=androidx.navigation.dynamicfeatures.test/androidx.test.core.app.InstrumentationActivityInvoker$EmptyActivity }, activity=androidx.test.core.app.InstrumentationActivityInvoker$EmptyActivity@c5df46a
11-16 09:56:30.275: D/SurfaceFlinger(642): duplicate layer name: changing androidx.navigation.dynamicfeatures.test/androidx.test.core.app.InstrumentationActivityInvoker$EmptyActivity to androidx.navigation.dynamicfeatures.test/androidx.test.core.app.InstrumentationActivityInvoker$EmptyActivity#1
11-16 09:56:30.280: W/ActivityManager(1164): Duplicate finish request for ActivityRecord{9cff3bd u0 androidx.navigation.dynamicfeatures.test/androidx.navigation.dynamicfeatures.NavigationActivity t6 f}
11-16 09:56:30.281: I/GoogleInputMethod(1435): onFinishInput() : Dummy InputConnection bound
11-16 09:56:30.281: I/GoogleInputMethod(1435): onStartInput() : Dummy InputConnection bound
11-16 09:56:30.297: D/LifecycleMonitor(17243): Lifecycle status change: androidx.test.core.app.InstrumentationActivityInvoker$EmptyActivity@381af74 in: STOPPED
11-16 09:56:30.298: V/ActivityScenario(17243): Activity lifecycle changed event received but ignored because the intent does not match. startActivityIntent=Intent { act=android.intent.action.MAIN cat=[android.intent.category.LAUNCHER] cmp=androidx.navigation.dynamicfeatures.test/androidx.navigation.dynamicfeatures.NavigationActivity }, activity.getIntent()=Intent { act=android.intent.action.MAIN cat=[android.intent.category.LAUNCHER] flg=0x10000000 cmp=androidx.navigation.dynamicfeatures.test/androidx.test.core.app.InstrumentationActivityInvoker$EmptyActivity }, activity=androidx.test.core.app.InstrumentationActivityInvoker$EmptyActivity@381af74
11-16 09:56:30.299: D/LifecycleMonitor(17243): Lifecycle status change: androidx.test.core.app.InstrumentationActivityInvoker$EmptyActivity@381af74 in: DESTROYED
11-16 09:56:30.299: V/ActivityScenario(17243): Activity lifecycle changed event received but ignored because the intent does not match. startActivityIntent=Intent { act=android.intent.action.MAIN cat=[android.intent.category.LAUNCHER] cmp=androidx.navigation.dynamicfeatures.test/androidx.navigation.dynamicfeatures.NavigationActivity }, activity.getIntent()=Intent { act=android.intent.action.MAIN cat=[android.intent.category.LAUNCHER] flg=0x10000000 cmp=androidx.navigation.dynamicfeatures.test/androidx.test.core.app.InstrumentationActivityInvoker$EmptyActivity }, activity=androidx.test.core.app.InstrumentationActivityInvoker$EmptyActivity@381af74
11-16 09:56:30.302: D/LifecycleMonitor(17243): Lifecycle status change: androidx.test.core.app.InstrumentationActivityInvoker$EmptyActivity@c5df46a in: PAUSED
11-16 09:56:30.303: V/ActivityScenario(17243): Activity lifecycle changed event received but ignored because the intent does not match. startActivityIntent=Intent { act=android.intent.action.MAIN cat=[android.intent.category.LAUNCHER] cmp=androidx.navigation.dynamicfeatures.test/androidx.navigation.dynamicfeatures.NavigationActivity }, activity.getIntent()=Intent { act=android.intent.action.MAIN cat=[android.intent.category.LAUNCHER] flg=0x10000000 cmp=androidx.navigation.dynamicfeatures.test/androidx.test.core.app.InstrumentationActivityInvoker$EmptyActivity }, activity=androidx.test.core.app.InstrumentationActivityInvoker$EmptyActivity@c5df46a
11-16 09:56:30.312: D/LifecycleMonitor(17243): Lifecycle status change: androidx.navigation.dynamicfeatures.NavigationActivity@6f6d38b in: STOPPED
11-16 09:56:30.312: V/ActivityScenario(17243): Update currentActivityStage to STOPPED, currentActivity=androidx.navigation.dynamicfeatures.NavigationActivity@6f6d38b
11-16 09:56:30.313: D/LifecycleMonitor(17243): Lifecycle status change: androidx.navigation.dynamicfeatures.NavigationActivity@6f6d38b in: DESTROYED
11-16 09:56:30.313: V/ActivityScenario(17243): Update currentActivityStage to DESTROYED, currentActivity=null
11-16 09:56:30.316: I/TestRunner(17243): finished: navigate_DynamicActivityDestination_NoDynamicNavGraph(androidx.navigation.dynamicfeatures.DynamicActivityNavigatorTest)
11-16 09:56:30.318: I/MonitoringInstr(17243): Activities that are still in CREATED to STOPPED: 1
11-16 09:56:30.318: I/MonitoringInstr(17243): Unstopped activity count: 1
11-16 09:56:30.321: I/BackdropActivity(16004): onResume()
11-16 09:56:30.322: I/ActivityManager(1164): Activity requesting to dismiss Keyguard: ActivityRecord{7aff057 u0 com.google.android.apps.mtaas.backdrop/.BackdropActivity t4}
11-16 09:56:30.341: I/GoogleInputMethod(1435): onFinishInput() : Dummy InputConnection bound
11-16 09:56:30.341: I/GoogleInputMethod(1435): onStartInput() : Dummy InputConnection bound
11-16 09:56:30.356: D/android.hardware.power@1.3-service.crosshatch-libperfmgr(792): LAUNCH OFF
11-16 09:56:30.368: I/MonitoringInstr(17243): Unstopped activity count: 1
11-16 09:56:30.375: I/Adreno(1164): QUALCOMM build                   : 3f88ca2, I42f6fe38fb
11-16 09:56:30.375: I/Adreno(1164): Build Date                       : 07/13/18
11-16 09:56:30.375: I/Adreno(1164): OpenGL ES Shader Compiler Version: EV031.24.00.00
11-16 09:56:30.375: I/Adreno(1164): Local Branch                     : 50.04
11-16 09:56:30.375: I/Adreno(1164): Remote Branch                    : 
11-16 09:56:30.375: I/Adreno(1164): Remote Branch                    : 
11-16 09:56:30.375: I/Adreno(1164): Reconstruct Branch               : 
11-16 09:56:30.375: I/Adreno(1164): Build Config                     : S P 4.0.10 AArch64
11-16 09:56:30.377: E/libc(1164): Access denied finding property "vendor.debug.prerotation.disable"
11-16 09:56:30.377: E/libc(1164): Access denied finding property "vendor.debug.prerotation.disable"
11-16 09:56:30.378: I/Adreno(1164): PFP: 0x016ee170, ME: 0x00000000
11-16 09:56:30.378: E/libc(1164): Access denied finding property "vendor.debug.prerotation.disable"
11-16 09:56:30.379: I/ConfigStore(1164): android::hardware::configstore::V1_0::ISurfaceFlingerConfigs::hasWideColorDisplay retrieved: 1
11-16 09:56:30.379: I/ConfigStore(1164): android::hardware::configstore::V1_0::ISurfaceFlingerConfigs::hasHDRDisplay retrieved: 1
11-16 09:56:30.379: I/OpenGLRenderer(1164): Initialized EGL, version 1.4
11-16 09:56:30.380: D/OpenGLRenderer(1164): Swap behavior 2
11-16 09:56:30.391: D/LifecycleMonitor(17243): Lifecycle status change: androidx.test.core.app.InstrumentationActivityInvoker$EmptyActivity@c5df46a in: STOPPED
11-16 09:56:30.395: D/LifecycleMonitor(17243): Lifecycle status change: androidx.test.core.app.InstrumentationActivityInvoker$EmptyActivity@c5df46a in: DESTROYED
11-16 09:56:30.402: W/SurfaceFlinger(642): Attempting to destroy on removed layer: AppWindowToken{6e8d1f8 token=Token{b49255b ActivityRecord{e60ec6a u0 androidx.navigation.dynamicfeatures.test/androidx.test.core.app.InstrumentationActivityInvoker$EmptyActivity t6}}}#0
11-16 09:56:30.420: I/TestRunner(17243): started: createDestination(androidx.navigation.dynamicfeatures.DynamicActivityNavigatorTest)
11-16 09:56:30.429: D/skia(1164): libjpeg error 105 <  Ss=0, Se=63, Ah=0, Al=0> from Incomplete image data
11-16 09:56:30.439: W/Settings(17243): Setting always_finish_activities has moved from android.provider.Settings.System to android.provider.Settings.Global, returning read-only value.
11-16 09:56:30.445: I/ActivityManager(1164): START u0 {act=android.intent.action.MAIN cat=[android.intent.category.LAUNCHER] flg=0x10008000 cmp=androidx.navigation.dynamicfeatures.test/androidx.test.core.app.InstrumentationActivityInvoker$BootstrapActivity (has extras)} from uid 10172
11-16 09:56:30.450: D/android.hardware.power@1.3-service.crosshatch-libperfmgr(792): LAUNCH ON
11-16 09:56:30.461: W/ActivityThread(17243): handleWindowVisibility: no activity for token android.os.BinderProxy@da93d3c
11-16 09:56:30.472: D/LifecycleMonitor(17243): Lifecycle status change: androidx.test.core.app.InstrumentationActivityInvoker$BootstrapActivity@5144c1a in: PRE_ON_CREATE
11-16 09:56:30.473: V/ActivityScenario(17243): Activity lifecycle changed event received but ignored because the intent does not match. startActivityIntent=Intent { act=android.intent.action.MAIN cat=[android.intent.category.LAUNCHER] cmp=androidx.navigation.dynamicfeatures.test/androidx.navigation.dynamicfeatures.NavigationActivity }, activity.getIntent()=Intent { act=android.intent.action.MAIN cat=[android.intent.category.LAUNCHER] flg=0x10008000 cmp=androidx.navigation.dynamicfeatures.test/androidx.test.core.app.InstrumentationActivityInvoker$BootstrapActivity (has extras) }, activity=androidx.test.core.app.InstrumentationActivityInvoker$BootstrapActivity@5144c1a
11-16 09:56:30.479: D/LifecycleMonitor(17243): Lifecycle status change: androidx.test.core.app.InstrumentationActivityInvoker$BootstrapActivity@5144c1a in: CREATED
11-16 09:56:30.480: V/ActivityScenario(17243): Activity lifecycle changed event received but ignored because the intent does not match. startActivityIntent=Intent { act=android.intent.action.MAIN cat=[android.intent.category.LAUNCHER] cmp=androidx.navigation.dynamicfeatures.test/androidx.navigation.dynamicfeatures.NavigationActivity }, activity.getIntent()=Intent { act=android.intent.action.MAIN cat=[android.intent.category.LAUNCHER] flg=0x10008000 cmp=androidx.navigation.dynamicfeatures.test/androidx.test.core.app.InstrumentationActivityInvoker$BootstrapActivity (has extras) }, activity=androidx.test.core.app.InstrumentationActivityInvoker$BootstrapActivity@5144c1a
11-16 09:56:30.481: D/LifecycleMonitor(17243): Lifecycle status change: androidx.test.core.app.InstrumentationActivityInvoker$BootstrapActivity@5144c1a in: STARTED
11-16 09:56:30.482: V/ActivityScenario(17243): Activity lifecycle changed event received but ignored because the intent does not match. startActivityIntent=Intent { act=android.intent.action.MAIN cat=[android.intent.category.LAUNCHER] cmp=androidx.navigation.dynamicfeatures.test/androidx.navigation.dynamicfeatures.NavigationActivity }, activity.getIntent()=Intent { act=android.intent.action.MAIN cat=[android.intent.category.LAUNCHER] flg=0x10008000 cmp=androidx.navigation.dynamicfeatures.test/androidx.test.core.app.InstrumentationActivityInvoker$BootstrapActivity (has extras) }, activity=androidx.test.core.app.InstrumentationActivityInvoker$BootstrapActivity@5144c1a
11-16 09:56:30.483: I/ActivityManager(1164): START u0 {act=android.intent.action.MAIN cat=[android.intent.category.LAUNCHER] cmp=androidx.navigation.dynamicfeatures.test/androidx.navigation.dynamicfeatures.NavigationActivity} from uid 10172
11-16 09:56:30.484: D/android.hardware.power@1.3-service.crosshatch-libperfmgr(792): LAUNCH ON
11-16 09:56:30.488: D/LifecycleMonitor(17243): Lifecycle status change: androidx.test.core.app.InstrumentationActivityInvoker$BootstrapActivity@5144c1a in: RESUMED
11-16 09:56:30.488: V/ActivityScenario(17243): Activity lifecycle changed event received but ignored because the intent does not match. startActivityIntent=Intent { act=android.intent.action.MAIN cat=[android.intent.category.LAUNCHER] cmp=androidx.navigation.dynamicfeatures.test/androidx.navigation.dynamicfeatures.NavigationActivity }, activity.getIntent()=Intent { act=android.intent.action.MAIN cat=[android.intent.category.LAUNCHER] flg=0x10008000 cmp=androidx.navigation.dynamicfeatures.test/androidx.test.core.app.InstrumentationActivityInvoker$BootstrapActivity (has extras) }, activity=androidx.test.core.app.InstrumentationActivityInvoker$BootstrapActivity@5144c1a
11-16 09:56:30.489: D/LifecycleMonitor(17243): Lifecycle status change: androidx.test.core.app.InstrumentationActivityInvoker$BootstrapActivity@5144c1a in: PAUSED
11-16 09:56:30.489: V/ActivityScenario(17243): Activity lifecycle changed event received but ignored because the intent does not match. startActivityIntent=Intent { act=android.intent.action.MAIN cat=[android.intent.category.LAUNCHER] cmp=androidx.navigation.dynamicfeatures.test/androidx.navigation.dynamicfeatures.NavigationActivity }, activity.getIntent()=Intent { act=android.intent.action.MAIN cat=[android.intent.category.LAUNCHER] flg=0x10008000 cmp=androidx.navigation.dynamicfeatures.test/androidx.test.core.app.InstrumentationActivityInvoker$BootstrapActivity (has extras) }, activity=androidx.test.core.app.InstrumentationActivityInvoker$BootstrapActivity@5144c1a
11-16 09:56:30.498: W/ActivityThread(17243): handleWindowVisibility: no activity for token android.os.BinderProxy@b6af128
11-16 09:56:30.501: D/LifecycleMonitor(17243): Lifecycle status change: androidx.navigation.dynamicfeatures.NavigationActivity@31b0fe6 in: PRE_ON_CREATE
11-16 09:56:30.501: V/ActivityScenario(17243): Activity lifecycle changed event received but ignored because the reported transition was not ON_CREATE while the last known transition was PRE_ON_CREATE
11-16 09:56:30.515: D/LifecycleMonitor(17243): Lifecycle status change: androidx.navigation.dynamicfeatures.NavigationActivity@31b0fe6 in: CREATED
11-16 09:56:30.515: V/ActivityScenario(17243): Update currentActivityStage to CREATED, currentActivity=androidx.navigation.dynamicfeatures.NavigationActivity@31b0fe6
11-16 09:56:30.518: D/LifecycleMonitor(17243): Lifecycle status change: androidx.navigation.dynamicfeatures.NavigationActivity@31b0fe6 in: STARTED
11-16 09:56:30.518: V/ActivityScenario(17243): Update currentActivityStage to STARTED, currentActivity=androidx.navigation.dynamicfeatures.NavigationActivity@31b0fe6
11-16 09:56:30.521: D/LifecycleMonitor(17243): Lifecycle status change: androidx.navigation.dynamicfeatures.NavigationActivity@31b0fe6 in: RESUMED
11-16 09:56:30.521: V/ActivityScenario(17243): Update currentActivityStage to RESUMED, currentActivity=androidx.navigation.dynamicfeatures.NavigationActivity@31b0fe6
11-16 09:56:30.546: I/GoogleInputMethod(1435): onFinishInput() : Dummy InputConnection bound
11-16 09:56:30.547: I/GoogleInputMethod(1435): onStartInput() : Dummy InputConnection bound
11-16 09:56:30.554: D/android.hardware.power@1.3-service.crosshatch-libperfmgr(792): LAUNCH OFF
11-16 09:56:30.561: I/ActivityManager(1164): START u0 {act=android.intent.action.MAIN cat=[android.intent.category.LAUNCHER] flg=0x10000000 cmp=androidx.navigation.dynamicfeatures.test/androidx.test.core.app.InstrumentationActivityInvoker$EmptyActivity} from uid 10172
11-16 09:56:30.562: I/ActivityManager(1164): Displayed androidx.navigation.dynamicfeatures.test/androidx.navigation.dynamicfeatures.NavigationActivity: +111ms
11-16 09:56:30.563: D/android.hardware.power@1.3-service.crosshatch-libperfmgr(792): LAUNCH ON
11-16 09:56:30.565: D/LifecycleMonitor(17243): Lifecycle status change: androidx.test.core.app.InstrumentationActivityInvoker$BootstrapActivity@5144c1a in: STOPPED
11-16 09:56:30.566: V/ActivityScenario(17243): Activity lifecycle changed event received but ignored because the intent does not match. startActivityIntent=Intent { act=android.intent.action.MAIN cat=[android.intent.category.LAUNCHER] cmp=androidx.navigation.dynamicfeatures.test/androidx.navigation.dynamicfeatures.NavigationActivity }, activity.getIntent()=Intent { act=android.intent.action.MAIN cat=[android.intent.category.LAUNCHER] flg=0x10008000 cmp=androidx.navigation.dynamicfeatures.test/androidx.test.core.app.InstrumentationActivityInvoker$BootstrapActivity (has extras) }, activity=androidx.test.core.app.InstrumentationActivityInvoker$BootstrapActivity@5144c1a
11-16 09:56:30.566: D/LifecycleMonitor(17243): Lifecycle status change: androidx.navigation.dynamicfeatures.NavigationActivity@31b0fe6 in: PAUSED
11-16 09:56:30.567: V/ActivityScenario(17243): Update currentActivityStage to PAUSED, currentActivity=androidx.navigation.dynamicfeatures.NavigationActivity@31b0fe6
11-16 09:56:30.571: W/SurfaceFlinger(642): Attempting to set client state on removed layer: Splash Screen androidx.navigation.dynamicfeatures.test#0
11-16 09:56:30.571: W/SurfaceFlinger(642): Attempting to destroy on removed layer: Splash Screen androidx.navigation.dynamicfeatures.test#0
11-16 09:56:30.573: W/ActivityThread(17243): handleWindowVisibility: no activity for token android.os.BinderProxy@7d1af35
11-16 09:56:30.577: D/LifecycleMonitor(17243): Lifecycle status change: androidx.test.core.app.InstrumentationActivityInvoker$EmptyActivity@5ccd53b in: PRE_ON_CREATE
11-16 09:56:30.577: V/ActivityScenario(17243): Activity lifecycle changed event received but ignored because the intent does not match. startActivityIntent=Intent { act=android.intent.action.MAIN cat=[android.intent.category.LAUNCHER] cmp=androidx.navigation.dynamicfeatures.test/androidx.navigation.dynamicfeatures.NavigationActivity }, activity.getIntent()=Intent { act=android.intent.action.MAIN cat=[android.intent.category.LAUNCHER] flg=0x10000000 cmp=androidx.navigation.dynamicfeatures.test/androidx.test.core.app.InstrumentationActivityInvoker$EmptyActivity }, activity=androidx.test.core.app.InstrumentationActivityInvoker$EmptyActivity@5ccd53b
11-16 09:56:30.583: D/LifecycleMonitor(17243): Lifecycle status change: androidx.test.core.app.InstrumentationActivityInvoker$EmptyActivity@5ccd53b in: CREATED
11-16 09:56:30.584: V/ActivityScenario(17243): Activity lifecycle changed event received but ignored because the intent does not match. startActivityIntent=Intent { act=android.intent.action.MAIN cat=[android.intent.category.LAUNCHER] cmp=androidx.navigation.dynamicfeatures.test/androidx.navigation.dynamicfeatures.NavigationActivity }, activity.getIntent()=Intent { act=android.intent.action.MAIN cat=[android.intent.category.LAUNCHER] flg=0x10000000 cmp=androidx.navigation.dynamicfeatures.test/androidx.test.core.app.InstrumentationActivityInvoker$EmptyActivity }, activity=androidx.test.core.app.InstrumentationActivityInvoker$EmptyActivity@5ccd53b
11-16 09:56:30.585: D/LifecycleMonitor(17243): Lifecycle status change: androidx.test.core.app.InstrumentationActivityInvoker$EmptyActivity@5ccd53b in: STARTED
11-16 09:56:30.585: V/ActivityScenario(17243): Activity lifecycle changed event received but ignored because the intent does not match. startActivityIntent=Intent { act=android.intent.action.MAIN cat=[android.intent.category.LAUNCHER] cmp=androidx.navigation.dynamicfeatures.test/androidx.navigation.dynamicfeatures.NavigationActivity }, activity.getIntent()=Intent { act=android.intent.action.MAIN cat=[android.intent.category.LAUNCHER] flg=0x10000000 cmp=androidx.navigation.dynamicfeatures.test/androidx.test.core.app.InstrumentationActivityInvoker$EmptyActivity }, activity=androidx.test.core.app.InstrumentationActivityInvoker$EmptyActivity@5ccd53b
11-16 09:56:30.586: D/LifecycleMonitor(17243): Lifecycle status change: androidx.test.core.app.InstrumentationActivityInvoker$EmptyActivity@5ccd53b in: RESUMED
11-16 09:56:30.586: V/ActivityScenario(17243): Activity lifecycle changed event received but ignored because the intent does not match. startActivityIntent=Intent { act=android.intent.action.MAIN cat=[android.intent.category.LAUNCHER] cmp=androidx.navigation.dynamicfeatures.test/androidx.navigation.dynamicfeatures.NavigationActivity }, activity.getIntent()=Intent { act=android.intent.action.MAIN cat=[android.intent.category.LAUNCHER] flg=0x10000000 cmp=androidx.navigation.dynamicfeatures.test/androidx.test.core.app.InstrumentationActivityInvoker$EmptyActivity }, activity=androidx.test.core.app.InstrumentationActivityInvoker$EmptyActivity@5ccd53b
11-16 09:56:30.608: I/GoogleInputMethod(1435): onFinishInput() : Dummy InputConnection bound
11-16 09:56:30.608: I/GoogleInputMethod(1435): onStartInput() : Dummy InputConnection bound
11-16 09:56:30.609: D/android.hardware.power@1.3-service.crosshatch-libperfmgr(792): LAUNCH ON
11-16 09:56:30.620: D/LifecycleMonitor(17243): Lifecycle status change: androidx.test.core.app.InstrumentationActivityInvoker$EmptyActivity@5ccd53b in: PAUSED
11-16 09:56:30.621: V/ActivityScenario(17243): Activity lifecycle changed event received but ignored because the intent does not match. startActivityIntent=Intent { act=android.intent.action.MAIN cat=[android.intent.category.LAUNCHER] cmp=androidx.navigation.dynamicfeatures.test/androidx.navigation.dynamicfeatures.NavigationActivity }, activity.getIntent()=Intent { act=android.intent.action.MAIN cat=[android.intent.category.LAUNCHER] flg=0x10000000 cmp=androidx.navigation.dynamicfeatures.test/androidx.test.core.app.InstrumentationActivityInvoker$EmptyActivity }, activity=androidx.test.core.app.InstrumentationActivityInvoker$EmptyActivity@5ccd53b
11-16 09:56:30.633: D/LifecycleMonitor(17243): Lifecycle status change: androidx.test.core.app.InstrumentationActivityInvoker$BootstrapActivity@5144c1a in: DESTROYED
11-16 09:56:30.633: V/ActivityScenario(17243): Activity lifecycle changed event received but ignored because the intent does not match. startActivityIntent=Intent { act=android.intent.action.MAIN cat=[android.intent.category.LAUNCHER] cmp=androidx.navigation.dynamicfeatures.test/androidx.navigation.dynamicfeatures.NavigationActivity }, activity.getIntent()=Intent { act=android.intent.action.MAIN cat=[android.intent.category.LAUNCHER] flg=0x10008000 cmp=androidx.navigation.dynamicfeatures.test/androidx.test.core.app.InstrumentationActivityInvoker$BootstrapActivity (has extras) }, activity=androidx.test.core.app.InstrumentationActivityInvoker$BootstrapActivity@5144c1a
11-16 09:56:30.633: W/ActivityThread(17243): handleWindowVisibility: no activity for token android.os.BinderProxy@332b0b3
11-16 09:56:30.637: D/LifecycleMonitor(17243): Lifecycle status change: androidx.test.core.app.InstrumentationActivityInvoker$EmptyActivity@9383de9 in: PRE_ON_CREATE
11-16 09:56:30.637: V/ActivityScenario(17243): Activity lifecycle changed event received but ignored because the intent does not match. startActivityIntent=Intent { act=android.intent.action.MAIN cat=[android.intent.category.LAUNCHER] cmp=androidx.navigation.dynamicfeatures.test/androidx.navigation.dynamicfeatures.NavigationActivity }, activity.getIntent()=Intent { act=android.intent.action.MAIN cat=[android.intent.category.LAUNCHER] flg=0x10000000 cmp=androidx.navigation.dynamicfeatures.test/androidx.test.core.app.InstrumentationActivityInvoker$EmptyActivity }, activity=androidx.test.core.app.InstrumentationActivityInvoker$EmptyActivity@9383de9
11-16 09:56:30.643: D/LifecycleMonitor(17243): Lifecycle status change: androidx.test.core.app.InstrumentationActivityInvoker$EmptyActivity@9383de9 in: CREATED
11-16 09:56:30.643: V/ActivityScenario(17243): Activity lifecycle changed event received but ignored because the intent does not match. startActivityIntent=Intent { act=android.intent.action.MAIN cat=[android.intent.category.LAUNCHER] cmp=androidx.navigation.dynamicfeatures.test/androidx.navigation.dynamicfeatures.NavigationActivity }, activity.getIntent()=Intent { act=android.intent.action.MAIN cat=[android.intent.category.LAUNCHER] flg=0x10000000 cmp=androidx.navigation.dynamicfeatures.test/androidx.test.core.app.InstrumentationActivityInvoker$EmptyActivity }, activity=androidx.test.core.app.InstrumentationActivityInvoker$EmptyActivity@9383de9
11-16 09:56:30.644: D/LifecycleMonitor(17243): Lifecycle status change: androidx.test.core.app.InstrumentationActivityInvoker$EmptyActivity@9383de9 in: STARTED
11-16 09:56:30.644: V/ActivityScenario(17243): Activity lifecycle changed event received but ignored because the intent does not match. startActivityIntent=Intent { act=android.intent.action.MAIN cat=[android.intent.category.LAUNCHER] cmp=androidx.navigation.dynamicfeatures.test/androidx.navigation.dynamicfeatures.NavigationActivity }, activity.getIntent()=Intent { act=android.intent.action.MAIN cat=[android.intent.category.LAUNCHER] flg=0x10000000 cmp=androidx.navigation.dynamicfeatures.test/androidx.test.core.app.InstrumentationActivityInvoker$EmptyActivity }, activity=androidx.test.core.app.InstrumentationActivityInvoker$EmptyActivity@9383de9
11-16 09:56:30.645: D/LifecycleMonitor(17243): Lifecycle status change: androidx.test.core.app.InstrumentationActivityInvoker$EmptyActivity@9383de9 in: RESUMED
11-16 09:56:30.646: V/ActivityScenario(17243): Activity lifecycle changed event received but ignored because the intent does not match. startActivityIntent=Intent { act=android.intent.action.MAIN cat=[android.intent.category.LAUNCHER] cmp=androidx.navigation.dynamicfeatures.test/androidx.navigation.dynamicfeatures.NavigationActivity }, activity.getIntent()=Intent { act=android.intent.action.MAIN cat=[android.intent.category.LAUNCHER] flg=0x10000000 cmp=androidx.navigation.dynamicfeatures.test/androidx.test.core.app.InstrumentationActivityInvoker$EmptyActivity }, activity=androidx.test.core.app.InstrumentationActivityInvoker$EmptyActivity@9383de9
11-16 09:56:30.667: D/SurfaceFlinger(642): duplicate layer name: changing androidx.navigation.dynamicfeatures.test/androidx.test.core.app.InstrumentationActivityInvoker$EmptyActivity to androidx.navigation.dynamicfeatures.test/androidx.test.core.app.InstrumentationActivityInvoker$EmptyActivity#1
11-16 09:56:30.608: I/ActivityManager(1164): START u0 {act=android.intent.action.MAIN cat=[android.intent.category.LAUNCHER] flg=0x10000000 cmp=androidx.navigation.dynamicfeatures.test/androidx.test.core.app.InstrumentationActivityInvoker$EmptyActivity} from uid 10172
11-16 09:56:30.672: W/ActivityManager(1164): Duplicate finish request for ActivityRecord{274ac58 u0 androidx.navigation.dynamicfeatures.test/androidx.navigation.dynamicfeatures.NavigationActivity t7 f}
11-16 09:56:30.673: I/GoogleInputMethod(1435): onFinishInput() : Dummy InputConnection bound
11-16 09:56:30.673: I/GoogleInputMethod(1435): onStartInput() : Dummy InputConnection bound
11-16 09:56:30.690: D/LifecycleMonitor(17243): Lifecycle status change: androidx.test.core.app.InstrumentationActivityInvoker$EmptyActivity@5ccd53b in: STOPPED
11-16 09:56:30.690: V/ActivityScenario(17243): Activity lifecycle changed event received but ignored because the intent does not match. startActivityIntent=Intent { act=android.intent.action.MAIN cat=[android.intent.category.LAUNCHER] cmp=androidx.navigation.dynamicfeatures.test/androidx.navigation.dynamicfeatures.NavigationActivity }, activity.getIntent()=Intent { act=android.intent.action.MAIN cat=[android.intent.category.LAUNCHER] flg=0x10000000 cmp=androidx.navigation.dynamicfeatures.test/androidx.test.core.app.InstrumentationActivityInvoker$EmptyActivity }, activity=androidx.test.core.app.InstrumentationActivityInvoker$EmptyActivity@5ccd53b
11-16 09:56:30.691: D/LifecycleMonitor(17243): Lifecycle status change: androidx.test.core.app.InstrumentationActivityInvoker$EmptyActivity@5ccd53b in: DESTROYED
11-16 09:56:30.691: V/ActivityScenario(17243): Activity lifecycle changed event received but ignored because the intent does not match. startActivityIntent=Intent { act=android.intent.action.MAIN cat=[android.intent.category.LAUNCHER] cmp=androidx.navigation.dynamicfeatures.test/androidx.navigation.dynamicfeatures.NavigationActivity }, activity.getIntent()=Intent { act=android.intent.action.MAIN cat=[android.intent.category.LAUNCHER] flg=0x10000000 cmp=androidx.navigation.dynamicfeatures.test/androidx.test.core.app.InstrumentationActivityInvoker$EmptyActivity }, activity=androidx.test.core.app.InstrumentationActivityInvoker$EmptyActivity@5ccd53b
11-16 09:56:30.695: D/LifecycleMonitor(17243): Lifecycle status change: androidx.test.core.app.InstrumentationActivityInvoker$EmptyActivity@9383de9 in: PAUSED
11-16 09:56:30.695: V/ActivityScenario(17243): Activity lifecycle changed event received but ignored because the intent does not match. startActivityIntent=Intent { act=android.intent.action.MAIN cat=[android.intent.category.LAUNCHER] cmp=androidx.navigation.dynamicfeatures.test/androidx.navigation.dynamicfeatures.NavigationActivity }, activity.getIntent()=Intent { act=android.intent.action.MAIN cat=[android.intent.category.LAUNCHER] flg=0x10000000 cmp=androidx.navigation.dynamicfeatures.test/androidx.test.core.app.InstrumentationActivityInvoker$EmptyActivity }, activity=androidx.test.core.app.InstrumentationActivityInvoker$EmptyActivity@9383de9
11-16 09:56:30.705: D/LifecycleMonitor(17243): Lifecycle status change: androidx.navigation.dynamicfeatures.NavigationActivity@31b0fe6 in: STOPPED
11-16 09:56:30.705: V/ActivityScenario(17243): Update currentActivityStage to STOPPED, currentActivity=androidx.navigation.dynamicfeatures.NavigationActivity@31b0fe6
11-16 09:56:30.706: D/LifecycleMonitor(17243): Lifecycle status change: androidx.navigation.dynamicfeatures.NavigationActivity@31b0fe6 in: DESTROYED
11-16 09:56:30.706: V/ActivityScenario(17243): Update currentActivityStage to DESTROYED, currentActivity=null
11-16 09:56:30.710: I/TestRunner(17243): finished: createDestination(androidx.navigation.dynamicfeatures.DynamicActivityNavigatorTest)
11-16 09:56:30.712: I/MonitoringInstr(17243): Activities that are still in CREATED to STOPPED: 1
11-16 09:56:30.713: I/MonitoringInstr(17243): Unstopped activity count: 1
11-16 09:56:30.714: I/BackdropActivity(16004): onResume()
11-16 09:56:30.715: I/ActivityManager(1164): Activity requesting to dismiss Keyguard: ActivityRecord{7aff057 u0 com.google.android.apps.mtaas.backdrop/.BackdropActivity t4}
11-16 09:56:30.732: I/GoogleInputMethod(1435): onFinishInput() : Dummy InputConnection bound
11-16 09:56:30.732: I/GoogleInputMethod(1435): onStartInput() : Dummy InputConnection bound
11-16 09:56:30.749: D/android.hardware.power@1.3-service.crosshatch-libperfmgr(792): LAUNCH OFF
11-16 09:56:30.763: I/MonitoringInstr(17243): Unstopped activity count: 1
11-16 09:56:30.776: D/LifecycleMonitor(17243): Lifecycle status change: androidx.test.core.app.InstrumentationActivityInvoker$EmptyActivity@9383de9 in: STOPPED
11-16 09:56:30.779: D/LifecycleMonitor(17243): Lifecycle status change: androidx.test.core.app.InstrumentationActivityInvoker$EmptyActivity@9383de9 in: DESTROYED
11-16 09:56:30.784: W/SurfaceFlinger(642): Attempting to destroy on removed layer: AppWindowToken{e3d36b8 token=Token{6d1251b ActivityRecord{48e132a u0 androidx.navigation.dynamicfeatures.test/androidx.test.core.app.InstrumentationActivityInvoker$EmptyActivity t7}}}#0
11-16 09:56:30.815: I/TestRunner(17243): started: navigate_DynamicActivityDestination(androidx.navigation.dynamicfeatures.DynamicActivityNavigatorTest)
11-16 09:56:30.826: W/Settings(17243): Setting always_finish_activities has moved from android.provider.Settings.System to android.provider.Settings.Global, returning read-only value.
11-16 09:56:30.831: I/ActivityManager(1164): START u0 {act=android.intent.action.MAIN cat=[android.intent.category.LAUNCHER] flg=0x10008000 cmp=androidx.navigation.dynamicfeatures.test/androidx.test.core.app.InstrumentationActivityInvoker$BootstrapActivity (has extras)} from uid 10172
11-16 09:56:30.834: E/NotificationService(1164): Muting recently noisy 0|com.google.android.apps.mtaas.backdrop|1|null|10163
11-16 09:56:30.835: D/android.hardware.power@1.3-service.crosshatch-libperfmgr(792): LAUNCH ON
11-16 09:56:30.841: W/ActivityThread(17243): handleWindowVisibility: no activity for token android.os.BinderProxy@470c121
11-16 09:56:30.849: D/LifecycleMonitor(17243): Lifecycle status change: androidx.test.core.app.InstrumentationActivityInvoker$BootstrapActivity@32b2707 in: PRE_ON_CREATE
11-16 09:56:30.849: V/ActivityScenario(17243): Activity lifecycle changed event received but ignored because the intent does not match. startActivityIntent=Intent { act=android.intent.action.MAIN cat=[android.intent.category.LAUNCHER] cmp=androidx.navigation.dynamicfeatures.test/androidx.navigation.dynamicfeatures.NavigationActivity }, activity.getIntent()=Intent { act=android.intent.action.MAIN cat=[android.intent.category.LAUNCHER] flg=0x10008000 cmp=androidx.navigation.dynamicfeatures.test/androidx.test.core.app.InstrumentationActivityInvoker$BootstrapActivity (has extras) }, activity=androidx.test.core.app.InstrumentationActivityInvoker$BootstrapActivity@32b2707
11-16 09:56:30.855: D/LifecycleMonitor(17243): Lifecycle status change: androidx.test.core.app.InstrumentationActivityInvoker$BootstrapActivity@32b2707 in: CREATED
11-16 09:56:30.855: V/ActivityScenario(17243): Activity lifecycle changed event received but ignored because the intent does not match. startActivityIntent=Intent { act=android.intent.action.MAIN cat=[android.intent.category.LAUNCHER] cmp=androidx.navigation.dynamicfeatures.test/androidx.navigation.dynamicfeatures.NavigationActivity }, activity.getIntent()=Intent { act=android.intent.action.MAIN cat=[android.intent.category.LAUNCHER] flg=0x10008000 cmp=androidx.navigation.dynamicfeatures.test/androidx.test.core.app.InstrumentationActivityInvoker$BootstrapActivity (has extras) }, activity=androidx.test.core.app.InstrumentationActivityInvoker$BootstrapActivity@32b2707
11-16 09:56:30.857: D/LifecycleMonitor(17243): Lifecycle status change: androidx.test.core.app.InstrumentationActivityInvoker$BootstrapActivity@32b2707 in: STARTED
11-16 09:56:30.857: V/ActivityScenario(17243): Activity lifecycle changed event received but ignored because the intent does not match. startActivityIntent=Intent { act=android.intent.action.MAIN cat=[android.intent.category.LAUNCHER] cmp=androidx.navigation.dynamicfeatures.test/androidx.navigation.dynamicfeatures.NavigationActivity }, activity.getIntent()=Intent { act=android.intent.action.MAIN cat=[android.intent.category.LAUNCHER] flg=0x10008000 cmp=androidx.navigation.dynamicfeatures.test/androidx.test.core.app.InstrumentationActivityInvoker$BootstrapActivity (has extras) }, activity=androidx.test.core.app.InstrumentationActivityInvoker$BootstrapActivity@32b2707
11-16 09:56:30.858: I/ActivityManager(1164): START u0 {act=android.intent.action.MAIN cat=[android.intent.category.LAUNCHER] cmp=androidx.navigation.dynamicfeatures.test/androidx.navigation.dynamicfeatures.NavigationActivity} from uid 10172
11-16 09:56:30.859: D/android.hardware.power@1.3-service.crosshatch-libperfmgr(792): LAUNCH ON
11-16 09:56:30.863: D/LifecycleMonitor(17243): Lifecycle status change: androidx.test.core.app.InstrumentationActivityInvoker$BootstrapActivity@32b2707 in: RESUMED
11-16 09:56:30.863: V/ActivityScenario(17243): Activity lifecycle changed event received but ignored because the intent does not match. startActivityIntent=Intent { act=android.intent.action.MAIN cat=[android.intent.category.LAUNCHER] cmp=androidx.navigation.dynamicfeatures.test/androidx.navigation.dynamicfeatures.NavigationActivity }, activity.getIntent()=Intent { act=android.intent.action.MAIN cat=[android.intent.category.LAUNCHER] flg=0x10008000 cmp=androidx.navigation.dynamicfeatures.test/androidx.test.core.app.InstrumentationActivityInvoker$BootstrapActivity (has extras) }, activity=androidx.test.core.app.InstrumentationActivityInvoker$BootstrapActivity@32b2707
11-16 09:56:30.864: D/LifecycleMonitor(17243): Lifecycle status change: androidx.test.core.app.InstrumentationActivityInvoker$BootstrapActivity@32b2707 in: PAUSED
11-16 09:56:30.864: V/ActivityScenario(17243): Activity lifecycle changed event received but ignored because the intent does not match. startActivityIntent=Intent { act=android.intent.action.MAIN cat=[android.intent.category.LAUNCHER] cmp=androidx.navigation.dynamicfeatures.test/androidx.navigation.dynamicfeatures.NavigationActivity }, activity.getIntent()=Intent { act=android.intent.action.MAIN cat=[android.intent.category.LAUNCHER] flg=0x10008000 cmp=androidx.navigation.dynamicfeatures.test/androidx.test.core.app.InstrumentationActivityInvoker$BootstrapActivity (has extras) }, activity=androidx.test.core.app.InstrumentationActivityInvoker$BootstrapActivity@32b2707
11-16 09:56:30.871: I/WindowManager(1164): Queue is too deep! Purged item with taskid=4
11-16 09:56:30.873: W/ActivityThread(17243): handleWindowVisibility: no activity for token android.os.BinderProxy@6774e5d
11-16 09:56:30.876: D/LifecycleMonitor(17243): Lifecycle status change: androidx.navigation.dynamicfeatures.NavigationActivity@c92ca3 in: PRE_ON_CREATE
11-16 09:56:30.876: V/ActivityScenario(17243): Activity lifecycle changed event received but ignored because the reported transition was not ON_CREATE while the last known transition was PRE_ON_CREATE
11-16 09:56:30.885: I/Adreno(1164): QUALCOMM build                   : 3f88ca2, I42f6fe38fb
11-16 09:56:30.885: I/Adreno(1164): Build Date                       : 07/13/18
11-16 09:56:30.885: I/Adreno(1164): OpenGL ES Shader Compiler Version: EV031.24.00.00
11-16 09:56:30.885: I/Adreno(1164): Local Branch                     : 50.04
11-16 09:56:30.885: I/Adreno(1164): Remote Branch                    : 
11-16 09:56:30.885: I/Adreno(1164): Remote Branch                    : 
11-16 09:56:30.885: I/Adreno(1164): Reconstruct Branch               : 
11-16 09:56:30.885: I/Adreno(1164): Build Config                     : S P 4.0.10 AArch64
11-16 09:56:30.886: E/libc(1164): Access denied finding property "vendor.debug.prerotation.disable"
11-16 09:56:30.887: E/libc(1164): Access denied finding property "vendor.debug.prerotation.disable"
11-16 09:56:30.887: I/Adreno(1164): PFP: 0x016ee170, ME: 0x00000000
11-16 09:56:30.887: E/libc(1164): Access denied finding property "vendor.debug.prerotation.disable"
11-16 09:56:30.888: I/ConfigStore(1164): android::hardware::configstore::V1_0::ISurfaceFlingerConfigs::hasWideColorDisplay retrieved: 1
11-16 09:56:30.888: I/ConfigStore(1164): android::hardware::configstore::V1_0::ISurfaceFlingerConfigs::hasHDRDisplay retrieved: 1
11-16 09:56:30.888: I/OpenGLRenderer(1164): Initialized EGL, version 1.4
11-16 09:56:30.888: D/OpenGLRenderer(1164): Swap behavior 2
11-16 09:56:30.890: D/LifecycleMonitor(17243): Lifecycle status change: androidx.navigation.dynamicfeatures.NavigationActivity@c92ca3 in: CREATED
11-16 09:56:30.890: V/ActivityScenario(17243): Update currentActivityStage to CREATED, currentActivity=androidx.navigation.dynamicfeatures.NavigationActivity@c92ca3
11-16 09:56:30.892: D/LifecycleMonitor(17243): Lifecycle status change: androidx.navigation.dynamicfeatures.NavigationActivity@c92ca3 in: STARTED
11-16 09:56:30.892: V/ActivityScenario(17243): Update currentActivityStage to STARTED, currentActivity=androidx.navigation.dynamicfeatures.NavigationActivity@c92ca3
11-16 09:56:30.895: D/LifecycleMonitor(17243): Lifecycle status change: androidx.navigation.dynamicfeatures.NavigationActivity@c92ca3 in: RESUMED
11-16 09:56:30.895: V/ActivityScenario(17243): Update currentActivityStage to RESUMED, currentActivity=androidx.navigation.dynamicfeatures.NavigationActivity@c92ca3
11-16 09:56:30.926: I/GoogleInputMethod(1435): onFinishInput() : Dummy InputConnection bound
11-16 09:56:30.926: I/GoogleInputMethod(1435): onStartInput() : Dummy InputConnection bound
11-16 09:56:30.933: D/android.hardware.power@1.3-service.crosshatch-libperfmgr(792): LAUNCH OFF
11-16 09:56:30.938: I/ActivityManager(1164): START u0 {cmp=androidx.navigation.dynamicfeatures.test/androidx.navigation.dynamicfeatures.DestinationActivity (has extras)} from uid 10172
11-16 09:56:30.939: D/android.hardware.power@1.3-service.crosshatch-libperfmgr(792): LAUNCH ON
11-16 09:56:30.941: D/LifecycleMonitor(17243): Lifecycle status change: androidx.navigation.dynamicfeatures.NavigationActivity@c92ca3 in: PAUSED
11-16 09:56:30.941: V/ActivityScenario(17243): Update currentActivityStage to PAUSED, currentActivity=androidx.navigation.dynamicfeatures.NavigationActivity@c92ca3
11-16 09:56:30.947: W/SurfaceFlinger(642): Attempting to set client state on removed layer: Splash Screen androidx.navigation.dynamicfeatures.test#0
