11-16 09:56:13.741: W/sh(15333): type=1400 audit(0.0:282): avc: denied { read } for name="cache" dev="dm-0" ino=48 scontext=u:r:shell:s0 tcontext=u:object_r:cache_file:s0 tclass=lnk_file permissive=0
11-16 09:56:14.203: I/PackageManager.DexOptimizer(1164): Running dexopt (dexoptNeeded=1) on: /data/app/com.google.android.gms.policy_test_support-byTdpS55zvq0b3J9aZJQxw==/base.apk pkg=com.google.android.gms.policy_test_support isa=arm64 dexoptFlags=boot_complete,profile_guided,public,enable_hidden_api_checks targetFilter=speed-profile oatDir=/data/app/com.google.android.gms.policy_test_support-byTdpS55zvq0b3J9aZJQxw==/oat classLoaderContext=PCL[]
11-16 09:56:14.203: V/installed(854): DexInv: --- BEGIN '/data/app/com.google.android.gms.policy_test_support-byTdpS55zvq0b3J9aZJQxw==/base.apk' ---
11-16 09:56:14.228: I/dex2oat(15349): /system/bin/dex2oat --input-vdex-fd=-1 --output-vdex-fd=19 --compiler-filter=speed-profile --classpath-dir=/data/app/com.google.android.gms.policy_test_support-byTdpS55zvq0b3J9aZJQxw== --class-loader-context=PCL[] --generate-mini-debug-info --compact-dex-level=none --compilation-reason=install
11-16 09:56:14.524: I/dex2oat(15349): Explicit concurrent copying GC freed 10435(1502KB) AllocSpace objects, 0(0B) LOS objects, 99% free, 728B/1536KB, paused 34us total 3.352ms
11-16 09:56:14.607: I/dex2oat(15349): dex2oat took 382.207ms (787.960ms cpu) (threads: 8) arena alloc=83KB (85432B) java alloc=16KB (17112B) native alloc=2MB (3041504B) free=3MB (3249952B)
11-16 09:56:14.612: V/installed(854): DexInv: --- END '/data/app/com.google.android.gms.policy_test_support-byTdpS55zvq0b3J9aZJQxw==/base.apk' (success) ---
11-16 09:56:14.612: V/installed(854): [ 11-16 09:56:14.616   854: 1285 E/         ]
11-16 09:56:14.612: V/installed(854): Couldn't opendir /data/app/vmdl1683828348.tmp: No such file or directory
11-16 09:56:14.616: E/installd(854): Failed to delete /data/app/vmdl1683828348.tmp: No such file or directory
11-16 09:56:14.631: D/ImsResolver(1666): maybeAddedImsService, packageName: com.google.android.gms.policy_test_support
11-16 09:56:14.634: I/Telecom(1164): DefaultDialerCache: Refreshing default dialer for user 0: now com.google.android.dialer: DDC.oR@AJY
11-16 09:56:14.635: I/Finsky(10622): [2] yeh.d(13): PackageMonitorReceiverImpl - Received: android.intent.action.PACKAGE_ADDED, [TAsD3pqu7qg-JZYPvpWmQGEwsDQ0NnuVQpcaQGQjJQU]
11-16 09:56:14.636: I/Finsky(10622): [2] yfi.g(1): Invalidating cached PackageState for com.google.android.gms.policy_test_support
11-16 09:56:14.636: I/InputReader(1164): Reconfiguring input devices.  changes=0x00000010
11-16 09:56:14.638: I/CarrierServices(7699): [2] RcsAutoStartReceiver.b: carrierServicesJibeServiceEnabled changed from true to true
11-16 09:56:14.639: W/BroadcastQueue(1164): Background execution not allowed: receiving Intent { act=android.intent.action.PACKAGE_ADDED dat=package:com.google.android.gms.policy_test_support flg=0x4000010 (has extras) } to com.android.musicfx/.Compatibility$Receiver
11-16 09:56:14.642: I/CarrierServices(7699): [2] RcsAutoStartReceiver.b: enableRcs changed from true to true
11-16 09:56:14.642: I/CarrierServices(7699): [2] RcsAutoStartReceiver.b: RcsAutoStartReceiver triggered. Fetching RCS State. Action: android.intent.action.PACKAGE_ADDED
11-16 09:56:14.646: I/Finsky(10622): [2] owk.d(2): Frosting ID looked up on UI thread. Caller should move to a background thread.
11-16 09:56:14.652: I/CarrierServices(7699): [2] aws.a: Migration binding to RcsMigrationService
11-16 09:56:14.653: I/Finsky(10622): [2] amas.a(3): Do not start WearSupportService due to Wear service optimization
11-16 09:56:14.653: W/BroadcastQueue(1164): Background execution not allowed: receiving Intent { act=android.intent.action.PACKAGE_ADDED dat=package:com.google.android.gms.policy_test_support flg=0x4000010 (has extras) } to com.android.vending/com.google.android.finsky.packagemanager.impl.PackageMonitorReceiverImpl$RegisteredReceiver
11-16 09:56:14.654: W/BroadcastQueue(1164): Background execution not allowed: receiving Intent { act=android.intent.action.PACKAGE_ADDED dat=package:com.google.android.gms.policy_test_support flg=0x4000010 (has extras) } to com.google.android.gms/.games.chimera.GamesSystemBroadcastReceiverProxy
11-16 09:56:14.654: V/BackupManagerConstants(1164): getFullBackupIntervalMilliseconds(...) returns 86400000
11-16 09:56:14.654: W/BroadcastQueue(1164): Background execution not allowed: receiving Intent { act=android.intent.action.PACKAGE_ADDED dat=package:com.google.android.gms.policy_test_support flg=0x4000010 (has extras) } to com.google.android.gms/.gass.chimera.PackageChangeBroadcastReceiver
11-16 09:56:14.654: W/BroadcastQueue(1164): Background execution not allowed: receiving Intent { act=android.intent.action.PACKAGE_ADDED dat=package:com.google.android.gms.policy_test_support flg=0x4000010 (has extras) } to com.google.android.gms/.chimera.GmsIntentOperationService$PersistentTrustedReceiver
11-16 09:56:14.654: W/BroadcastQueue(1164): Background execution not allowed: receiving Intent { act=android.intent.action.PACKAGE_ADDED dat=package:com.google.android.gms.policy_test_support flg=0x4000010 (has extras) } to com.google.android.googlequicksearchbox/com.google.android.apps.gsa.googlequicksearchbox.GelStubAppWatcher
11-16 09:56:14.654: W/BroadcastQueue(1164): Background execution not allowed: receiving Intent { act=android.intent.action.PACKAGE_ADDED dat=package:com.google.android.gms.policy_test_support flg=0x4000010 (has extras) } to com.google.android.ims/.receivers.RcsAutoStartReceiver
11-16 09:56:14.654: I/Finsky(10622): [2] amas.a(3): Do not start WearSupportService due to Wear service optimization
11-16 09:56:14.656: I/Finsky(10622): [2] aeak.a(8): Clearing split related stale data.
11-16 09:56:14.654: W/sh(15362): type=1400 audit(0.0:283): avc: denied { read } for name="cache" dev="dm-0" ino=48 scontext=u:r:shell:s0 tcontext=u:object_r:cache_file:s0 tclass=lnk_file permissive=0
11-16 09:56:14.659: I/BugleDataModel(9882): RcsMigrationService: Returning RCS state provider.
11-16 09:56:14.664: I/BugleRcsEngine(9882): [651] pot.a: Sim state is not ready. Returning last known operation mode.
11-16 09:56:14.664: D/RegisteredNfcFServicesCache(2188): Service unchanged, not updating
11-16 09:56:14.666: E/PhoneInterfaceManager(1666): [PhoneIntfMgr] getCarrierPackageNamesForIntent: No UICC
11-16 09:56:14.666: D/CarrierSvcBindHelper(1666): No carrier app for: 0
11-16 09:56:14.667: I/Finsky(10622): [268] ovx.run(16): Wrote row to frosting DB: 226
11-16 09:56:14.669: I/Finsky(10622): [2] owk.d(2): Frosting ID looked up on UI thread. Caller should move to a background thread.
11-16 09:56:14.671: I/Finsky(10622): [270] gxq.a(12): Asset module storage cleared for package com.google.android.gms.policy_test_support.
11-16 09:56:14.672: E/VvmPkgInstalledRcvr(1666): cannot create TelephonyManager from ComponentInfo{com.android.phone/com.android.services.telephony.TelephonyConnectionService}, ***, UserHandle{0}
11-16 09:56:14.672: D/CarrierConfigLoader(1666): mHandler: 9 phoneId: 0
11-16 09:56:14.673: I/CarrierServices(7699): [555] awt.doInBackground: Saving RCS State
11-16 09:56:14.673: I/CarrierServices(7699): [555] awt.doInBackground: Old operation mode: 0
11-16 09:56:14.673: I/CarrierServices(7699): [555] awt.doInBackground: New operation mode: 0
11-16 09:56:14.674: I/Finsky(10622): [268] ovx.run(16): Wrote row to frosting DB: 227
11-16 09:56:14.674: I/CarrierServices(7699): [2] aww.a: Unbinding RcsMigrationService
11-16 09:56:14.674: W/GCM(9003): Unexpected forwarded intent: Intent { act=android.intent.action.PACKAGE_ADDED dat=package:com.google.android.gms.policy_test_support flg=0x4000010 pkg=com.google.android.gms cmp=com.google.android.gms/.chimera.PersistentIntentOperationService (has extras) }
11-16 09:56:14.674: W/GCM(9003): Unexpected forwarded intent: Intent { act=android.intent.action.PACKAGE_ADDED dat=package:com.google.android.gms.policy_test_support flg=0x4000010 pkg=com.google.android.gms cmp=com.google.android.gms/.chimera.PersistentIntentOperationService (has extras) }
11-16 09:56:14.681: I/GmsModuleFndr(11917): Beginning GMS chimera module scan
11-16 09:56:14.692: I/ModuleSetMgr(11917): Computing pending module set with APKs: [[Pay.optional:213614100000], [VisionOcr.optional:213614100400], [AdsFdrDynamite.integ:212104400100000], [Cronetdynamite:213614100400], [Dynamiteloader:213614100000], [Dynamitemodulesa:213614100000], [Dynamitemodulesc:213614100000], [Googlecertificates:213614100000], [Mapsdynamite:213614100000], [Measurementdynamite:213614100000]]
11-16 09:56:14.700: W/system_server(1164): Unknown chunk type '200'.
11-16 09:56:14.703: I//vendor/bin/hw/android.hardware.health@2.0-service.crosshatch(787): Entry state_: 1 charger_status: Full batteryLevel: 100
11-16 09:56:14.703: I//vendor/bin/hw/android.hardware.health@2.0-service.crosshatch(787): Exit state_: 1 batteryLevel: 100
11-16 09:56:14.705: I/ModuleSetMgr(11917): Pending container module APKs: [[Pay.optional:213614100000], [VisionOcr.optional:213614100400]]
11-16 09:56:14.705: I/ModuleSetMgr(11917): Pending non-container module APKs: []
11-16 09:56:14.710: D/QtiCarrierConfigHelper(1666): WARNING, no carrier configs on phone Id: 0
11-16 09:56:14.722: W/PackageParser(11917): Unknown element under <manifest>: queries at /data/user_de/0/com.google.android.gms/app_chimera/m/00000007/AdsDynamite.apk Binary XML file line #5
11-16 09:56:14.741: I/Finsky(10622): [2] abzb.b(5): SCH: Jobs in database: 1-1337 12-1 24-77777777 26-1414141414 31-305419896 
11-16 09:56:14.748: I/Finsky(10622): [2] abxn.d(37): SCH: ConstraintMapping: 24-77777777,  -> L: 0ms, D: 82129997ms, C: false, I: true, N: 0
11-16 09:56:14.748: I/Finsky(10622): [2] abxn.d(37): SCH: ConstraintMapping: 1-1337, 12-1, 31-305419896,  -> L: 0ms, D: 69261880ms, C: false, I: false, N: 1
11-16 09:56:14.749: I/Finsky(10622): [2] abxn.d(37): SCH: ConstraintMapping: 26-1414141414,  -> L: 42318000ms, D: 43218000ms, C: false, I: false, N: 0
11-16 09:56:14.750: I/Finsky(10622): [269] jnw.a(15): [ContentSync] finished, scheduled=true
11-16 09:56:14.762: I/Finsky(10622): [2] abxn.f(7): SCH: Cancelling existing jobscheduler jobs: 9004 9001 9003 
11-16 09:56:14.762: I/Finsky(10622): [2] abxn.e(23): SCH: Scheduling job Id: 9000, L: 0, D: 82129997, C: false, I: true, N: 0
11-16 09:56:14.763: I/Finsky(10622): [2] abxn.e(23): SCH: Scheduling job Id: 9002, L: 0, D: 69261880, C: false, I: false, N: 1
11-16 09:56:14.765: I/Finsky(10622): [2] abxn.e(23): SCH: Scheduling job Id: 9005, L: 42318000, D: 43218000, C: false, I: false, N: 0
11-16 09:56:14.773: I/Finsky(10622): [2] acbc.onStartJob(3): SCH: onJobSchedulerWakeup with jobId 9002
11-16 09:56:14.775: I/Finsky(10622): [2] abwh.a(9): SCH: Scheduling fallback job with id: 9034, and delay: 43200000 ms
11-16 09:56:14.778: I/Finsky(10622): [2] abwh.b(9): SCH: Scheduling fallback in 64799999 (absolute: 65697000)
11-16 09:56:14.787: I/Finsky(10622): [2] abwq.handleMessage(8): SCH: DeviceState: DeviceState{currentTime=1637085374784, isCharging=true, isIdle=false, netAny=true, netNotRoaming=true, netUnmetered=true, batteryPercent=100.0}
11-16 09:56:14.791: I/Finsky(10622): [269] abzb.b(5): SCH: Jobs in database: 1-1337 12-1 24-77777777 26-1414141414 31-305419896 
11-16 09:56:14.798: I/Finsky(10622): [2] abwr.b(10): SCH: Running job: 31-305419896
11-16 09:56:14.798: W/Finsky(10622): [2] fjv.c(22): For unauth, use getDfeApiNonAuthenticated() instead!
11-16 09:56:14.799: I/Finsky(10622): [2] abwq.handleMessage(68): SCH: RunningQueue size: 1, PendingQueue size: 0
11-16 09:56:14.799: I/Finsky(10622): [2] abwr.p(3): SCH: Running queue: 31-305419896 
11-16 09:56:14.802: I/Finsky(10622): [145] lth.l(1): Account name null when calculating account hash
11-16 09:56:14.845: I/ChimeraCfgMgr(11917): Updating module config: container:2136149100400+pay+vision.ocr -> container:2136149100400+pay+vision.ocr
11-16 09:56:14.845: E/DowngradeHelper(11917): isModuleDowngradeRequired false
11-16 09:56:14.858: W/BroadcastQueue(1164): Background execution not allowed: receiving Intent { act=com.google.android.chimera.MODULE_CONFIGURATION_CHANGED flg=0x10 (has extras) } to com.google.android.gms/.chimera.GmsIntentOperationService$PersistentInternalReceiver
11-16 09:56:14.867: E/Volley(10622): [145] ddz.a: Unexpected response code 404 for https://play-fe.googleapis.com/fdfe/deviceSettings
11-16 09:56:14.868: W/Finsky(10622): [145] fla.h(9): IOException while manually unzipping request.
11-16 09:56:14.869: I/ChimeraCfgMgr(11917): Sending com.google.android.chimera.IntentOperation.NEW_MODULE Intents: 1,false,true
11-16 09:56:14.869: E/Finsky(10622): [122] lwd.b(5): Error getting device settings.
11-16 09:56:14.869: E/Finsky(10622): network time: 68, HTTP status code: 404, exception com.android.volley.ClientError
11-16 09:56:14.869: E/Finsky(10622): 	at wcl.hn(Unknown Source:4)
11-16 09:56:14.869: E/Finsky(10622): 	at ddj.r(PG:2)
11-16 09:56:14.869: E/Finsky(10622): 	at fcf.r(PG:3)
11-16 09:56:14.869: E/Finsky(10622): 	at ddc.run(PG:3)
11-16 09:56:14.869: E/Finsky(10622): 	at android.os.Handler.handleCallback(Handler.java:873)
11-16 09:56:14.869: E/Finsky(10622): 	at android.os.Handler.dispatchMessage(Handler.java:99)
11-16 09:56:14.869: E/Finsky(10622): 	at android.os.Looper.loop(Looper.java:193)
11-16 09:56:14.869: E/Finsky(10622): 	at android.app.ActivityThread.main(ActivityThread.java:6718)
11-16 09:56:14.869: E/Finsky(10622): 	at java.lang.reflect.Method.invoke(Native Method)
11-16 09:56:14.869: E/Finsky(10622): 	at com.android.internal.os.RuntimeInit$MethodAndArgsCaller.run(RuntimeInit.java:493)
11-16 09:56:14.869: E/Finsky(10622): 	at com.android.internal.os.ZygoteInit.main(ZygoteInit.java:858)
11-16 09:56:14.870: E/Finsky(10622): [122] lvw.b(1): Error while refreshing device settings: network time: 68, HTTP status code: 404, exception com.android.volley.ClientError. Retrying.
11-16 09:56:14.870: E/Finsky(10622): network time: 68, HTTP status code: 404, exception com.android.volley.ClientError
11-16 09:56:14.870: E/Finsky(10622): 	at wcl.hn(Unknown Source:4)
11-16 09:56:14.870: E/Finsky(10622): 	at ddj.r(PG:2)
11-16 09:56:14.870: E/Finsky(10622): 	at fcf.r(PG:3)
11-16 09:56:14.870: E/Finsky(10622): 	at ddc.run(PG:3)
11-16 09:56:14.870: E/Finsky(10622): 	at android.os.Handler.handleCallback(Handler.java:873)
11-16 09:56:14.870: E/Finsky(10622): 	at android.os.Handler.dispatchMessage(Handler.java:99)
11-16 09:56:14.870: E/Finsky(10622): 	at android.os.Looper.loop(Looper.java:193)
11-16 09:56:14.870: E/Finsky(10622): 	at android.app.ActivityThread.main(ActivityThread.java:6718)
11-16 09:56:14.870: E/Finsky(10622): 	at java.lang.reflect.Method.invoke(Native Method)
11-16 09:56:14.870: E/Finsky(10622): 	at com.android.internal.os.RuntimeInit$MethodAndArgsCaller.run(RuntimeInit.java:493)
11-16 09:56:14.870: E/Finsky(10622): 	at com.android.internal.os.ZygoteInit.main(ZygoteInit.java:858)
11-16 09:56:14.871: I/Finsky(10622): [122] abya.n(4): SCH: jobFinished: 31-305419896. TimeElapsed: 73ms.
11-16 09:56:14.871: I/GmsDebugLogger(11917): [46] container:2136149100400+pay+vision.ocr
11-16 09:56:14.875: I/Auth(11917): [SupervisedAccountIntentOperation] onHandleIntent(): android.intent.action.PACKAGE_ADDED
11-16 09:56:14.877: I/Finsky(10622): [2] abwr.e(7): SCH: Job 31-305419896 finished. Rescheduling.
11-16 09:56:14.878: I/Finsky(10622): [2] abwq.handleMessage(68): SCH: RunningQueue size: 0, PendingQueue size: 0
11-16 09:56:14.879: I/Finsky(10622): [2] abwq.handleMessage(26): SCH: Executor finished
11-16 09:56:14.882: I/BlockstoreStorage(11917): Clearing Blockstore Data for package com.google.android.gms.policy_test_support [CONTEXT service_id=258 ]
11-16 09:56:14.884: W/gle.android.gm(11917): Unsupported class loader
11-16 09:56:14.891: W/gle.android.gm(11917): Skipping duplicate class check due to unsupported classloader
11-16 09:56:14.891: I/gle.android.gm(11917): Waiting for a blocking GC AddRemoveAppImageSpace
11-16 09:56:14.892: I/Finsky(10622): [2] abzb.b(5): SCH: Jobs in database: 1-1337 12-1 24-77777777 26-1414141414 31-305419896 
11-16 09:56:14.896: I/BlockstoreStorage(11917): No metadata found. Skipping deletion. [CONTEXT service_id=258 ]
11-16 09:56:14.899: I/Finsky(10622): [2] abxn.d(37): SCH: ConstraintMapping: 24-77777777,  -> L: 0ms, D: 82129846ms, C: false, I: true, N: 0
11-16 09:56:14.899: I/Finsky(10622): [2] abxn.d(37): SCH: ConstraintMapping: 1-1337, 12-1, 31-305419896,  -> L: 14776ms, D: 69261729ms, C: false, I: false, N: 1
11-16 09:56:14.899: I/Finsky(10622): [2] abxn.d(37): SCH: ConstraintMapping: 26-1414141414,  -> L: 42317849ms, D: 43217849ms, C: false, I: false, N: 0
11-16 09:56:14.907: I/Finsky(10622): [2] abxn.f(7): SCH: Cancelling existing jobscheduler jobs: 9005 9000 
11-16 09:56:14.907: I/Finsky(10622): [2] abxn.e(8): SCH: Throttling wakeup for job 9001 (expected to run in 0 ms) due to recent wakeup
11-16 09:56:14.907: I/Finsky(10622): [2] abxn.e(23): SCH: Scheduling job Id: 9001, L: 30000, D: 82129846, C: false, I: true, N: 0
11-16 09:56:14.910: I/Finsky(10622): [2] abxn.e(8): SCH: Throttling wakeup for job 9003 (expected to run in 14776 ms) due to recent wakeup
11-16 09:56:14.910: I/Finsky(10622): [2] abxn.e(23): SCH: Scheduling job Id: 9003, L: 30000, D: 69261729, C: false, I: false, N: 1
11-16 09:56:14.911: I/Finsky(10622): [2] abxn.e(23): SCH: Scheduling job Id: 9004, L: 42317849, D: 43217849, C: false, I: false, N: 0
11-16 09:56:14.914: W/ChimeraUtils(9003): Module com.google.android.gms.nearby_en has empty metadata display_name_string_id
11-16 09:56:14.920: I/gle.android.gm(11917): WaitForGcToComplete blocked AddRemoveAppImageSpace on ProfileSaver for 28.881ms
11-16 09:56:14.920: I/gle.android.gm(11917): Failed to add image file Failed to flatten class loader hierarchy 'Unknown class loader type drb'
11-16 09:56:14.922: W/ChimeraUtils(9003): Module com.google.android.gms.nearby_en has empty metadata display_name_string_id
11-16 09:56:14.962: W/ChimeraUtils(9003): Module com.google.android.gms.nearby_en has empty metadata display_name_string_id
11-16 09:56:14.963: I/PackageManager.DexOptimizer(1164): Running dexopt (dexoptNeeded=1) on: /data/app/com.google.android.gmscore.testing.testsupport-MMjPibbTK1QZsZjGRBn5SA==/base.apk pkg=com.google.android.gmscore.testing.testsupport isa=arm64 dexoptFlags=boot_complete,profile_guided,public,enable_hidden_api_checks targetFilter=speed-profile oatDir=/data/app/com.google.android.gmscore.testing.testsupport-MMjPibbTK1QZsZjGRBn5SA==/oat classLoaderContext=PCL[/system/framework/org.apache.http.legacy.boot.jar]
11-16 09:56:14.963: V/installed(854): DexInv: --- BEGIN '/data/app/com.google.android.gmscore.testing.testsupport-MMjPibbTK1QZsZjGRBn5SA==/base.apk' ---
11-16 09:56:15.015: I/dex2oat(15412): /system/bin/dex2oat --input-vdex-fd=-1 --output-vdex-fd=19 --compiler-filter=speed-profile --classpath-dir=/data/app/com.google.android.gmscore.testing.testsupport-MMjPibbTK1QZsZjGRBn5SA== --class-loader-context=PCL[/system/framework/org.apache.http.legacy.boot.jar] --generate-mini-debug-info --compact-dex-level=none --compilation-reason=install
11-16 09:56:15.035: D/BoundBrokerSvc(11917): onBind: Intent { act=com.google.android.gms.common.BIND_SHARED_PREFS pkg=com.google.android.gms }
11-16 09:56:15.035: D/BoundBrokerSvc(11917): Loading bound service for intent: Intent { act=com.google.android.gms.common.BIND_SHARED_PREFS pkg=com.google.android.gms }
11-16 09:56:15.045: I/TestSupport(11917): Activate: 1637049600000@1637085375035 [CONTEXT service_id=133 ]
11-16 09:56:15.045: I/TestSupport(11917): Boot time: 1637084477777 [CONTEXT service_id=133 ]
11-16 09:56:15.047: I/Icing(11917): IndexChimeraService.getServiceInterface callingPackage=com.google.android.gms componentName=AppsCorpus serviceId=36
11-16 09:56:15.048: I/TestSupport(11917): Updated: /data/data/com.google.android.gms/app_testsupport/.startup [CONTEXT service_id=133 ]
11-16 09:56:15.050: I/ChimeraCfgMgr(11917): Received com.google.android.chimera.IntentOperation.NEW_MODULE(1/0): 1,false
11-16 09:56:15.054: D/BoundBrokerSvc(11917): onUnbind: Intent { act=com.google.android.gms.common.BIND_SHARED_PREFS pkg=com.google.android.gms }
11-16 09:56:15.056: E/PhenotypeRegOp(11917): Attempting to overwrite config package for com.google.android.gms.games [CONTEXT service_id=231 ]
11-16 09:56:15.057: E/PhenotypeRegOp(11917): Attempting to overwrite config package for com.google.android.gms.maps#com.google.android.gms [CONTEXT service_id=231 ]
11-16 09:56:15.057: E/PhenotypeRegOp(11917): Attempting to overwrite config package for com.google.android.gms.cast [CONTEXT service_id=231 ]
11-16 09:56:15.057: E/PhenotypeRegOp(11917): Attempting to overwrite config package for com.google.android.gms.mobile_data_plan [CONTEXT service_id=231 ]
11-16 09:56:15.059: E/PhenotypeRegOp(11917): Attempting to overwrite config package for com.google.android.gms.udc [CONTEXT service_id=231 ]
11-16 09:56:15.067: I/GmsModuleFndr(11917): Beginning GMS chimera module scan
11-16 09:56:15.072: W/Icing(11917): No valid account for uploading user actions
11-16 09:56:15.074: I/ModuleSetMgr(11917): Computing pending module set with APKs: [[Pay.optional:213614100000], [VisionOcr.optional:213614100400], [AdsFdrDynamite.integ:212104400100000], [Cronetdynamite:213614100400], [Dynamiteloader:213614100000], [Dynamitemodulesa:213614100000], [Dynamitemodulesc:213614100000], [Googlecertificates:213614100000], [Mapsdynamite:213614100000], [Measurementdynamite:213614100000]]
11-16 09:56:15.082: I/Icing(11917): Usage reports ok 0, Failed Usage reports 0, indexed 0, rejected 0
11-16 09:56:15.085: I/ModuleSetMgr(11917): Pending container module APKs: [[Pay.optional:213614100000], [VisionOcr.optional:213614100400]]
11-16 09:56:15.085: I/ModuleSetMgr(11917): Pending non-container module APKs: []
11-16 09:56:15.087: I/Icing(11917): Indexing com.google.android.gms-apps from com.google.android.gms
11-16 09:56:15.092: I/Icing(11917): IndexChimeraService.getServiceInterface callingPackage=com.google.android.gms componentName=null serviceId=30
11-16 09:56:15.093: I/Icing(11917): Indexing done com.google.android.gms-apps
11-16 09:56:15.096: W/PackageParser(11917): Unknown element under <manifest>: queries at /data/user_de/0/com.google.android.gms/app_chimera/m/00000007/AdsDynamite.apk Binary XML file line #5
11-16 09:56:15.100: W/Icing(11917): No valid account for uploading user actions
11-16 09:56:15.105: I/Icing(11917): Usage reports ok 0, Failed Usage reports 0, indexed 0, rejected 0
11-16 09:56:15.510: I/dex2oat(15412): Explicit concurrent copying GC freed 11047(2MB) AllocSpace objects, 0(0B) LOS objects, 99% free, 896B/1536KB, paused 28us total 3.549ms
11-16 09:56:15.619: I/dex2oat(15412): dex2oat took 607.266ms (1.281s cpu) (threads: 8) arena alloc=15KB (15936B) java alloc=16KB (17280B) native alloc=5MB (5282768B) free=2MB (2581552B)
11-16 09:56:15.624: V/installed(854): DexInv: --- END '/data/app/com.google.android.gmscore.testing.testsupport-MMjPibbTK1QZsZjGRBn5SA==/base.apk' (success) ---
11-16 09:56:15.624: V/installed(854): [ 11-16 09:56:15.626   854: 1285 E/         ]
11-16 09:56:15.624: V/installed(854): Couldn't opendir /data/app/vmdl1070105704.tmp: No such file or directory
11-16 09:56:15.626: E/installd(854): Failed to delete /data/app/vmdl1070105704.tmp: No such file or directory
11-16 09:56:15.636: I/InputReader(1164): Reconfiguring input devices.  changes=0x00000010
11-16 09:56:15.638: I/Finsky(10622): [2] yeh.d(13): PackageMonitorReceiverImpl - Received: android.intent.action.PACKAGE_ADDED, [Cfp7IzF5TvVG3xiSuASXeJDeHWm6HS2AulwLaqmOV14]
11-16 09:56:15.639: I/Finsky(10622): [2] yfi.g(1): Invalidating cached PackageState for com.google.android.gmscore.testing.testsupport
11-16 09:56:15.639: I/CarrierServices(7699): [2] RcsAutoStartReceiver.b: carrierServicesJibeServiceEnabled changed from true to true
11-16 09:56:15.640: I/CarrierServices(7699): [2] RcsAutoStartReceiver.b: enableRcs changed from true to true
11-16 09:56:15.641: W/BroadcastQueue(1164): Background execution not allowed: receiving Intent { act=android.intent.action.PACKAGE_ADDED dat=package:com.google.android.gmscore.testing.testsupport flg=0x4000010 (has extras) } to com.android.musicfx/.Compatibility$Receiver
11-16 09:56:15.641: I/CarrierServices(7699): [2] RcsAutoStartReceiver.b: RcsAutoStartReceiver triggered. Fetching RCS State. Action: android.intent.action.PACKAGE_ADDED
11-16 09:56:15.642: I/Telecom(1164): DefaultDialerCache: Refreshing default dialer for user 0: now com.google.android.dialer: DDC.oR@AJo
11-16 09:56:15.643: W/BroadcastQueue(1164): Background execution not allowed: receiving Intent { act=android.intent.action.PACKAGE_ADDED dat=package:com.google.android.gmscore.testing.testsupport flg=0x4000010 (has extras) } to com.android.vending/com.google.android.finsky.packagemanager.impl.PackageMonitorReceiverImpl$RegisteredReceiver
11-16 09:56:15.643: W/BroadcastQueue(1164): Background execution not allowed: receiving Intent { act=android.intent.action.PACKAGE_ADDED dat=package:com.google.android.gmscore.testing.testsupport flg=0x4000010 (has extras) } to com.google.android.gms/.games.chimera.GamesSystemBroadcastReceiverProxy
11-16 09:56:15.645: I/CarrierServices(7699): [2] aws.a: Migration binding to RcsMigrationService
11-16 09:56:15.658: W/BroadcastQueue(1164): Background execution not allowed: receiving Intent { act=android.intent.action.PACKAGE_ADDED dat=package:com.google.android.gmscore.testing.testsupport flg=0x4000010 (has extras) } to com.google.android.gms/.gass.chimera.PackageChangeBroadcastReceiver
11-16 09:56:15.659: W/BroadcastQueue(1164): Background execution not allowed: receiving Intent { act=android.intent.action.PACKAGE_ADDED dat=package:com.google.android.gmscore.testing.testsupport flg=0x4000010 (has extras) } to com.google.android.gms/.chimera.GmsIntentOperationService$PersistentTrustedReceiver
11-16 09:56:15.659: W/BroadcastQueue(1164): Background execution not allowed: receiving Intent { act=android.intent.action.PACKAGE_ADDED dat=package:com.google.android.gmscore.testing.testsupport flg=0x4000010 (has extras) } to com.google.android.googlequicksearchbox/com.google.android.apps.gsa.googlequicksearchbox.GelStubAppWatcher
11-16 09:56:15.662: W/BroadcastQueue(1164): Background execution not allowed: receiving Intent { act=android.intent.action.PACKAGE_ADDED dat=package:com.google.android.gmscore.testing.testsupport flg=0x4000010 (has extras) } to com.google.android.ims/.receivers.RcsAutoStartReceiver
11-16 09:56:15.663: I/BugleDataModel(9882): RcsMigrationService: Returning RCS state provider.
11-16 09:56:15.663: I/Finsky(10622): [2] owk.d(2): Frosting ID looked up on UI thread. Caller should move to a background thread.
11-16 09:56:15.669: I/Finsky(10622): [268] ovx.run(16): Wrote row to frosting DB: 228
11-16 09:56:15.673: I/Finsky(10622): [2] amas.a(3): Do not start WearSupportService due to Wear service optimization
11-16 09:56:15.674: I/BugleRcsEngine(9882): [651] pot.a: Sim state is not ready. Returning last known operation mode.
11-16 09:56:15.675: I/Finsky(10622): [269] jnw.a(15): [ContentSync] finished, scheduled=false
11-16 09:56:15.676: I/Finsky(10622): [2] amas.a(3): Do not start WearSupportService due to Wear service optimization
11-16 09:56:15.676: I/CarrierServices(7699): [556] awt.doInBackground: Saving RCS State
11-16 09:56:15.676: D/RegisteredNfcFServicesCache(2188): Service unchanged, not updating
11-16 09:56:15.677: I/CarrierServices(7699): [556] awt.doInBackground: Old operation mode: 0
11-16 09:56:15.677: I/Finsky(10622): [2] aeak.a(8): Clearing split related stale data.
11-16 09:56:15.677: I/Finsky(10622): [270] gxq.a(12): Asset module storage cleared for package com.google.android.gmscore.testing.testsupport.
11-16 09:56:15.678: I/CarrierServices(7699): [556] awt.doInBackground: New operation mode: 0
11-16 09:56:15.680: I/CarrierServices(7699): [2] aww.a: Unbinding RcsMigrationService
11-16 09:56:15.685: I/Finsky(10622): [268] ovx.run(16): Wrote row to frosting DB: 229
11-16 09:56:15.686: I/Auth(11917): [SupervisedAccountIntentOperation] onHandleIntent(): android.intent.action.PACKAGE_ADDED
11-16 09:56:15.687: I/Finsky(10622): [2] owk.d(2): Frosting ID looked up on UI thread. Caller should move to a background thread.
11-16 09:56:15.688: W/GCM(9003): Unexpected forwarded intent: Intent { act=android.intent.action.PACKAGE_ADDED dat=package:com.google.android.gmscore.testing.testsupport flg=0x4000010 pkg=com.google.android.gms cmp=com.google.android.gms/.chimera.PersistentIntentOperationService (has extras) }
11-16 09:56:15.689: D/BoundBrokerSvc(11917): onBind: Intent { act=com.google.android.gms.common.BIND_SHARED_PREFS pkg=com.google.android.gms }
11-16 09:56:15.689: D/BoundBrokerSvc(11917): Loading bound service for intent: Intent { act=com.google.android.gms.common.BIND_SHARED_PREFS pkg=com.google.android.gms }
11-16 09:56:15.690: W/GCM(9003): Unexpected forwarded intent: Intent { act=android.intent.action.PACKAGE_ADDED dat=package:com.google.android.gmscore.testing.testsupport flg=0x4000010 pkg=com.google.android.gms cmp=com.google.android.gms/.chimera.PersistentIntentOperationService (has extras) }
11-16 09:56:15.690: I/BlockstoreStorage(11917): Clearing Blockstore Data for package com.google.android.gmscore.testing.testsupport [CONTEXT service_id=258 ]
11-16 09:56:15.692: I/BlockstoreStorage(11917): No metadata found. Skipping deletion. [CONTEXT service_id=258 ]
11-16 09:56:15.696: E/PhoneInterfaceManager(1666): [PhoneIntfMgr] getCarrierPackageNamesForIntent: No UICC
11-16 09:56:15.697: D/CarrierSvcBindHelper(1666): No carrier app for: 0
11-16 09:56:15.702: E/ing.testsuppor(15435): Not starting debugger since process cannot load the jdwp agent.
11-16 09:56:15.711: I/ActivityManager(1164): Start proc 15435:com.google.android.gmscore.testing.testsupport/u0a170 for service com.google.android.gmscore.testing.testsupport/.CommandService
11-16 09:56:15.712: E/VvmPkgInstalledRcvr(1666): cannot create TelephonyManager from ComponentInfo{com.android.phone/com.android.services.telephony.TelephonyConnectionService}, ***, UserHandle{0}
11-16 09:56:15.712: D/ImsResolver(1666): maybeAddedImsService, packageName: com.google.android.gmscore.testing.testsupport
11-16 09:56:15.712: D/CarrierConfigLoader(1666): mHandler: 9 phoneId: 0
11-16 09:56:15.714: D/BoundBrokerSvc(11917): onUnbind: Intent { act=com.google.android.gms.common.BIND_SHARED_PREFS pkg=com.google.android.gms }
11-16 09:56:15.727: I/ing.testsuppor(15435): The ClassLoaderContext is a special shared library.
11-16 09:56:15.732: I/Icing(11917): Indexing com.google.android.gms-apps from com.google.android.gms
11-16 09:56:15.732: W/ChimeraUtils(9003): Module com.google.android.gms.nearby_en has empty metadata display_name_string_id
11-16 09:56:15.735: I/Icing(11917): Indexing done com.google.android.gms-apps
11-16 09:56:15.737: I/TSDRIVER(15435): CommandService onHandleIntent()
11-16 09:56:15.740: I/TSDRIVER(15435): Got command: PACKAGE
11-16 09:56:15.741: W/ChimeraUtils(9003): Module com.google.android.gms.nearby_en has empty metadata display_name_string_id
11-16 09:56:15.742: W/ChimeraUtils(9003): Module com.google.android.gms.nearby_en has empty metadata display_name_string_id
11-16 09:56:15.744: W/System(10622): A resource failed to call end. 
11-16 09:56:15.762: I/TSDRIVER(15435): flag package: Eglnc2VydmljZXMaLAooZmluc2t5LnBsYXlfc2VydmljZXNfYXV0b191cGRhdGVfZW5hYmxlZBgAGjUKMWZpbnNreS5zZXR1cF93aXphcmRfYWRkaXRpb25hbF9hY2NvdW50X3ZwYV9lbmFibGUYABoxCi1maW5za3kuZGFpbHlfaHlnaWVuZV9zY2hlZHVsZV91bmF1dGhlbnRpY2F0ZWQYABpyCipmaW5za3kuYmFja2dyb3VuZF9zcGxpdF9pbnN0YWxsc19ibGFja2xpc3QSRGNvbS5hbmRyb2lkLmNocm9tZSxjb20uZ29vZ2xlLmFuZHJvaWQuZ21zLGNvbS5nb29nbGUuYW5kcm9pZC53ZWJ2aWV3KPgB
11-16 09:56:15.766: E/GooglePlayServicesUtil(15435): The Google Play services resources were not found. Check your project configuration to ensure that the resources are included.
11-16 09:56:15.766: I/TSDRIVER(15435): flag package: gservices
11-16 09:56:15.772: D/BoundBrokerSvc(11917): onBind: Intent { act=com.google.android.gms.testsupport.service.START pkg=com.google.android.gms }
11-16 09:56:15.772: D/BoundBrokerSvc(11917): Loading bound service for intent: Intent { act=com.google.android.gms.testsupport.service.START pkg=com.google.android.gms }
11-16 09:56:15.793: I/m.akt(11917): Primes not initialized, returning default (no-op) Primes instance which will ignore all calls. Please call Primes.initialize(...) before using any Primes API.
11-16 09:56:15.805: W/DynamiteModule(11917): Local module descriptor class for com.google.android.gms.googlecertificates not found.
11-16 09:56:15.811: W/gle.android.gm(11917): Unsupported class loader
11-16 09:56:15.812: W/gle.android.gm(11917): Skipping duplicate class check due to unsupported classloader
11-16 09:56:15.813: I/DynamiteModule(11917): Considering local module com.google.android.gms.googlecertificates:0 and remote module com.google.android.gms.googlecertificates:6
11-16 09:56:15.813: I/DynamiteModule(11917): Selected remote version of com.google.android.gms.googlecertificates, version >= 6
11-16 09:56:15.822: W/gle.android.gm(11917): Unsupported class loader
11-16 09:56:15.827: W/gle.android.gm(11917): Skipping duplicate class check due to unsupported classloader
11-16 09:56:15.872: I/TestSupport(11917): Activated: 1637049600000@1637085375035 [CONTEXT service_id=133 ]
11-16 09:56:15.872: I/TestSupport(11917): Boot time: 1637084477777 [CONTEXT service_id=133 ]
11-16 09:56:15.873: I/TestSupport(11917): Passing package and signature checks: com.google.android.gmscore.testing.testsupport [CONTEXT service_id=133 ]
11-16 09:56:15.885: I/TestSupport(11917): SetOverrideOperation: finsky.play_services_auto_update_enabled = false [CONTEXT service_id=133 ]
11-16 09:56:15.930: I/GservicesProvider(2128): override update completed
11-16 09:56:15.952: I/ActivityManager(1164): Start proc 15464:com.android.connectivity.metrics/u0a57 for broadcast com.android.connectivity.metrics/.SnapshotSchedulingReceiver
11-16 09:56:15.955: I/TestSupport(11917): GServices override confirmed: finsky.play_services_auto_update_enabled=false [CONTEXT service_id=133 ]
11-16 09:56:15.958: E/ctivity.metric(15464): Not starting debugger since process cannot load the jdwp agent.
11-16 09:56:15.963: I/CarrierServices(7699): [2] bxu.e: Carrier Services GServices flags:
11-16 09:56:15.963: I/CarrierServices(7699):    carrier_services_security_flags_ec_api_white_listed_packages: com.google.android.apps.messaging,com.google.android.dialer,com.google.android.ims.client.sampleapp,com.android.contacts,com.lge.rcscall,com.android.incallui,com.huawei.incallui.appfeature.rcsfeature
11-16 09:56:15.963: I/CarrierServices(7699):    carrier_services_security_flags_ec_api_white_listed_signatures: B28C3EDB665DF32686224DF800F603E9959BBE4E,0980A12BE993528C19107BC21AD811478C63CEFC,B38FA7B5ECFAEC44620A020752B07E063B3120A8,203997BC46B8792DC9747ABD230569071F9A0439,EDA6413C3E3A95492114FE07CD953AD897E40D1A,760EBB9F4200B3DFB1B817B40FF0563A3C150D39,5B368CFF2DA2686996BC95EAC190EAA4F5630FE5,01D845B26B688D8EF647205A5944E9407E52E06E,27196E386B875E76ADF700E7EA84E4C6EEE33DFA,1CDD04F1E4A732BB0352FDFAEE26D2315526DF85,025D5212BF3B5F5CDA6117A518721D70A94D84E0
11-16 09:56:15.963: I/CarrierServices(7699):    carrier_services_security_flags_test_service_white_listed_packages: com.google.android.ims.mobly.snippets
11-16 09:56:15.963: I/CarrierServices(7699):    carrier_services_security_flags_test_service_white_listed_signatures: AE41481F52E0F58DF2806D5A38EB3DBCA5AE02B0,E165542B31953CC282AA4EF2F4D5F07F7663A2A2
11-16 09:56:15.963: I/CarrierServices(7699):    carrier_services_security_flags_white_listed_packages: com.google.android.apps.messaging,com.google.android.dialer,com.google.android.ims.client.sampleapp,com.android.contacts,com.lge.rcscall,com.android.incallui,com.huawei.incallui.appfeature.rcsfeature
11-16 09:56:15.963: I/CarrierServices(7699):    carrier_services_security_flags_white_listed_signatures: B28C3EDB665DF32686224DF800F603E9959BBE4E,0980A12BE993528C19107BC21AD811478C63CEFC,B38FA7B5ECFAEC44620A020752B07E063B3120A8,203997BC46B8792DC9747ABD230569071F9A0439,EDA6413C3E3A95492114FE07CD953AD897E40D1A,760EBB9F4200B3DFB1B817B40FF0563A3C150D39,5B368CFF2DA2686996BC95EAC190EAA4F5630FE5,01D845B26B688D8EF647205A5944E9407E52E06E,27196E386B875E76ADF700E7EA84E4C6EEE33DFA,1CDD04F1E4A732BB0352FDFAEE26D2315526DF85,025D5212BF3B5F5CDA6117A518721D70A94D84E0
11-16 09:56:15.963: I/CarrierServices(7699):    carrier_services_video_share_disabled_user_agent_substrings: SM-G930,SM-G935,SM-A320
11-16 09:56:15.963: I/CarrierServices(7699): ====================
11-16 09:56:15.967: I/TestSupport(11917): SetOverrideOperation: finsky.setup_wizard_additional_account_vpa_enable = false [CONTEXT service_id=133 ]
11-16 09:56:15.977: I/Bugle(9882): ApnsOta: OTA version -1
11-16 09:56:15.985: I/ctivity.metric(15464): The ClassLoaderContext is a special shared library.
11-16 09:56:15.986: I/ctivity.metric(15464): The ClassLoaderContext is a special shared library.
11-16 09:56:15.996: D/ConnMetrics:App(15464): onCreate()
11-16 09:56:15.997: D/CarrierServices(7699): log_saver already enabled
11-16 09:56:16.011: I/ActivityManager(1164): Start proc 15484:com.google.android.apps.multidevice.client/u0a72 for broadcast com.google.android.apps.multidevice.client/.ui.pixel.SettingsActivityAvailabilityReceiver
11-16 09:56:16.012: E/tidevice.clien(15484): Not starting debugger since process cannot load the jdwp agent.
11-16 09:56:16.023: I/GservicesProvider(2128): override update completed
11-16 09:56:16.038: I/tidevice.clien(15484): The ClassLoaderContext is a special shared library.
11-16 09:56:16.040: I/tidevice.clien(15484): The ClassLoaderContext is a special shared library.
11-16 09:56:16.044: I/Bugle(9882): ApnsOta: OTA version -1
11-16 09:56:16.045: I/TestSupport(11917): GServices override confirmed: finsky.setup_wizard_additional_account_vpa_enable=false [CONTEXT service_id=133 ]
11-16 09:56:16.057: I/TestSupport(11917): SetOverrideOperation: finsky.daily_hygiene_schedule_unauthenticated = false [CONTEXT service_id=133 ]
11-16 09:56:16.057: I/CarrierServices(7699): [2] bxu.e: Carrier Services GServices flags:
11-16 09:56:16.057: I/CarrierServices(7699):    carrier_services_security_flags_ec_api_white_listed_packages: com.google.android.apps.messaging,com.google.android.dialer,com.google.android.ims.client.sampleapp,com.android.contacts,com.lge.rcscall,com.android.incallui,com.huawei.incallui.appfeature.rcsfeature
11-16 09:56:16.057: I/CarrierServices(7699):    carrier_services_security_flags_ec_api_white_listed_signatures: B28C3EDB665DF32686224DF800F603E9959BBE4E,0980A12BE993528C19107BC21AD811478C63CEFC,B38FA7B5ECFAEC44620A020752B07E063B3120A8,203997BC46B8792DC9747ABD230569071F9A0439,EDA6413C3E3A95492114FE07CD953AD897E40D1A,760EBB9F4200B3DFB1B817B40FF0563A3C150D39,5B368CFF2DA2686996BC95EAC190EAA4F5630FE5,01D845B26B688D8EF647205A5944E9407E52E06E,27196E386B875E76ADF700E7EA84E4C6EEE33DFA,1CDD04F1E4A732BB0352FDFAEE26D2315526DF85,025D5212BF3B5F5CDA6117A518721D70A94D84E0
11-16 09:56:16.057: I/CarrierServices(7699):    carrier_services_security_flags_test_service_white_listed_packages: com.google.android.ims.mobly.snippets
11-16 09:56:16.057: I/CarrierServices(7699):    carrier_services_security_flags_test_service_white_listed_signatures: AE41481F52E0F58DF2806D5A38EB3DBCA5AE02B0,E165542B31953CC282AA4EF2F4D5F07F7663A2A2
11-16 09:56:16.057: I/CarrierServices(7699):    carrier_services_security_flags_white_listed_packages: com.google.android.apps.messaging,com.google.android.dialer,com.google.android.ims.client.sampleapp,com.android.contacts,com.lge.rcscall,com.android.incallui,com.huawei.incallui.appfeature.rcsfeature
11-16 09:56:16.057: I/CarrierServices(7699):    carrier_services_security_flags_white_listed_signatures: B28C3EDB665DF32686224DF800F603E9959BBE4E,0980A12BE993528C19107BC21AD811478C63CEFC,B38FA7B5ECFAEC44620A020752B07E063B3120A8,203997BC46B8792DC9747ABD230569071F9A0439,EDA6413C3E3A95492114FE07CD953AD897E40D1A,760EBB9F4200B3DFB1B817B40FF0563A3C150D39,5B368CFF2DA2686996BC95EAC190EAA4F5630FE5,01D845B26B688D8EF647205A5944E9407E52E06E,27196E386B875E76ADF700E7EA84E4C6EEE33DFA,1CDD04F1E4A732BB0352FDFAEE26D2315526DF85,025D5212BF3B5F5CDA6117A518721D70A94D84E0
11-16 09:56:16.057: I/CarrierServices(7699):    carrier_services_video_share_disabled_user_agent_substrings: SM-G930,SM-G935,SM-A320
11-16 09:56:16.057: I/CarrierServices(7699): ====================
11-16 09:56:16.064: E/GooglePlayServicesUtil(15464): The Google Play services resources were not found. Check your project configuration to ensure that the resources are included.
11-16 09:56:16.083: I/GservicesProvider(2128): override update completed
11-16 09:56:16.100: D/ConnMetrics:App(15464): IsOptedIn = false
11-16 09:56:16.102: I/TestSupport(11917): GServices override confirmed: finsky.daily_hygiene_schedule_unauthenticated=false [CONTEXT service_id=133 ]
11-16 09:56:16.111: I/CarrierServices(7699): [2] bxu.e: Carrier Services GServices flags:
11-16 09:56:16.111: I/CarrierServices(7699):    carrier_services_security_flags_ec_api_white_listed_packages: com.google.android.apps.messaging,com.google.android.dialer,com.google.android.ims.client.sampleapp,com.android.contacts,com.lge.rcscall,com.android.incallui,com.huawei.incallui.appfeature.rcsfeature
11-16 09:56:16.111: I/CarrierServices(7699):    carrier_services_security_flags_ec_api_white_listed_signatures: B28C3EDB665DF32686224DF800F603E9959BBE4E,0980A12BE993528C19107BC21AD811478C63CEFC,B38FA7B5ECFAEC44620A020752B07E063B3120A8,203997BC46B8792DC9747ABD230569071F9A0439,EDA6413C3E3A95492114FE07CD953AD897E40D1A,760EBB9F4200B3DFB1B817B40FF0563A3C150D39,5B368CFF2DA2686996BC95EAC190EAA4F5630FE5,01D845B26B688D8EF647205A5944E9407E52E06E,27196E386B875E76ADF700E7EA84E4C6EEE33DFA,1CDD04F1E4A732BB0352FDFAEE26D2315526DF85,025D5212BF3B5F5CDA6117A518721D70A94D84E0
11-16 09:56:16.111: I/CarrierServices(7699):    carrier_services_security_flags_test_service_white_listed_packages: com.google.android.ims.mobly.snippets
11-16 09:56:16.111: I/CarrierServices(7699):    carrier_services_security_flags_test_service_white_listed_signatures: AE41481F52E0F58DF2806D5A38EB3DBCA5AE02B0,E165542B31953CC282AA4EF2F4D5F07F7663A2A2
11-16 09:56:16.111: I/CarrierServices(7699):    carrier_services_security_flags_white_listed_packages: com.google.android.apps.messaging,com.google.android.dialer,com.google.android.ims.client.sampleapp,com.android.contacts,com.lge.rcscall,com.android.incallui,com.huawei.incallui.appfeature.rcsfeature
11-16 09:56:16.111: I/CarrierServices(7699):    carrier_services_security_flags_white_listed_signatures: B28C3EDB665DF32686224DF800F603E9959BBE4E,0980A12BE993528C19107BC21AD811478C63CEFC,B38FA7B5ECFAEC44620A020752B07E063B3120A8,203997BC46B8792DC9747ABD230569071F9A0439,EDA6413C3E3A95492114FE07CD953AD897E40D1A,760EBB9F4200B3DFB1B817B40FF0563A3C150D39,5B368CFF2DA2686996BC95EAC190EAA4F5630FE5,01D845B26B688D8EF647205A5944E9407E52E06E,27196E386B875E76ADF700E7EA84E4C6EEE33DFA,1CDD04F1E4A732BB0352FDFAEE26D2315526DF85,025D5212BF3B5F5CDA6117A518721D70A94D84E0
11-16 09:56:16.111: I/CarrierServices(7699):    carrier_services_video_share_disabled_user_agent_substrings: SM-G930,SM-G935,SM-A320
11-16 09:56:16.111: I/CarrierServices(7699): ====================
11-16 09:56:16.112: I/SettingsActivityAvailab(15484): Disabling com.google.android.apps.multidevice.client.ui.pixel.SettingsActivity.
11-16 09:56:16.113: I/TestSupport(11917): SetOverrideOperation: finsky.background_split_installs_blacklist = com.android.chrome,com.google.android.gms,com.google.android.webview [CONTEXT service_id=133 ]
11-16 09:56:16.113: D/GservicesChangeReceiver(3909): Gservices Changed broadcast Received. context is android.app.ReceiverRestrictedContext@b242eb4
11-16 09:56:16.117: D/GservicesChangeReceiver(3909): Gservices allowPowerAnomalyData is False.
11-16 09:56:16.118: D/CarrierServices(7699): log_saver already enabled
11-16 09:56:16.118: D/ConnectivityMonitorManager(3909): Service com.google.android.connectivitymonitor.PowerAnomalyDetectorService is not running...
11-16 09:56:16.127: D/GservicesChangeReceiver(3909): Gservices allowLowPowerMonitoring is False.
11-16 09:56:16.128: D/ConnectivityMonitorManager(3909): Service com.google.android.connectivitymonitor.LowPowerMonitorService is not running...
11-16 09:56:16.132: D/BugleRcsEngine(7741): log_saver already enabled
11-16 09:56:16.146: I/GservicesProvider(2128): override update completed
11-16 09:56:16.150: D/GservicesChangeReceiver(3909): Gservices isConnectivityMonitorEnabled is True.
11-16 09:56:16.151: D/ConnectivityMonitorManager(3909): Service com.google.android.connectivitymonitor.ConnectivityMonitorService is running...
11-16 09:56:16.168: I/ActivityManager(1164): Start proc 15503:com.google.android.euicc/u0a67 for broadcast com.google.android.euicc/com.android.euicc.receiver.GservicesChangedReceiver
11-16 09:56:16.169: I/TestSupport(11917): GServices override confirmed: finsky.background_split_installs_blacklist=com.android.chrome,com.google.android.gms,com.google.android.webview [CONTEXT service_id=133 ]
11-16 09:56:16.169: I/Bugle(9882): ApnsOta: OTA version -1
11-16 09:56:16.169: I/TSDRIVER(15435): Handled command: PACKAGE
11-16 09:56:16.173: I/ActivityManager(1164): Killing 10798:com.android.vending:download_service/u0a14 (adj 906): empty #17
11-16 09:56:16.174: E/e.android.euic(15503): Not starting debugger since process cannot load the jdwp agent.
11-16 09:56:16.174: W/libprocessgroup(1164): kill(-10798, 9) failed: No such process
11-16 09:56:16.184: D/CarrierServices(7699): log_saver already enabled
11-16 09:56:16.188: D/ConnectivityService(1164): ConnectivityService NetworkRequestInfo binderDied(NetworkRequest [ TRACK_DEFAULT id=34, [ Capabilities: INTERNET&NOT_RESTRICTED&TRUSTED Unwanted:  Uid: 10014] ], android.os.BinderProxy@5acc09d)
11-16 09:56:16.189: D/ConnectivityService(1164): releasing NetworkRequest [ TRACK_DEFAULT id=34, [ Capabilities: INTERNET&NOT_RESTRICTED&TRUSTED Unwanted:  Uid: 10014] ] (release request)
11-16 09:56:16.190: I/Zygote(738): Process 10798 exited due to signal (9)
11-16 09:56:16.193: I/CarrierServices(7699): [2] bxu.e: Carrier Services GServices flags:
11-16 09:56:16.193: I/CarrierServices(7699):    carrier_services_security_flags_ec_api_white_listed_packages: com.google.android.apps.messaging,com.google.android.dialer,com.google.android.ims.client.sampleapp,com.android.contacts,com.lge.rcscall,com.android.incallui,com.huawei.incallui.appfeature.rcsfeature
11-16 09:56:16.193: I/CarrierServices(7699):    carrier_services_security_flags_ec_api_white_listed_signatures: B28C3EDB665DF32686224DF800F603E9959BBE4E,0980A12BE993528C19107BC21AD811478C63CEFC,B38FA7B5ECFAEC44620A020752B07E063B3120A8,203997BC46B8792DC9747ABD230569071F9A0439,EDA6413C3E3A95492114FE07CD953AD897E40D1A,760EBB9F4200B3DFB1B817B40FF0563A3C150D39,5B368CFF2DA2686996BC95EAC190EAA4F5630FE5,01D845B26B688D8EF647205A5944E9407E52E06E,27196E386B875E76ADF700E7EA84E4C6EEE33DFA,1CDD04F1E4A732BB0352FDFAEE26D2315526DF85,025D5212BF3B5F5CDA6117A518721D70A94D84E0
11-16 09:56:16.193: I/CarrierServices(7699):    carrier_services_security_flags_test_service_white_listed_packages: com.google.android.ims.mobly.snippets
11-16 09:56:16.193: I/CarrierServices(7699):    carrier_services_security_flags_test_service_white_listed_signatures: AE41481F52E0F58DF2806D5A38EB3DBCA5AE02B0,E165542B31953CC282AA4EF2F4D5F07F7663A2A2
11-16 09:56:16.193: I/CarrierServices(7699):    carrier_services_security_flags_white_listed_packages: com.google.android.apps.messaging,com.google.android.dialer,com.google.android.ims.client.sampleapp,com.android.contacts,com.lge.rcscall,com.android.incallui,com.huawei.incallui.appfeature.rcsfeature
11-16 09:56:16.193: I/CarrierServices(7699):    carrier_services_security_flags_white_listed_signatures: B28C3EDB665DF32686224DF800F603E9959BBE4E,0980A12BE993528C19107BC21AD811478C63CEFC,B38FA7B5ECFAEC44620A020752B07E063B3120A8,203997BC46B8792DC9747ABD230569071F9A0439,EDA6413C3E3A95492114FE07CD953AD897E40D1A,760EBB9F4200B3DFB1B817B40FF0563A3C150D39,5B368CFF2DA2686996BC95EAC190EAA4F5630FE5,01D845B26B688D8EF647205A5944E9407E52E06E,27196E386B875E76ADF700E7EA84E4C6EEE33DFA,1CDD04F1E4A732BB0352FDFAEE26D2315526DF85,025D5212BF3B5F5CDA6117A518721D70A94D84E0
11-16 09:56:16.193: I/CarrierServices(7699):    carrier_services_video_share_disabled_user_agent_substrings: SM-G930,SM-G935,SM-A320
11-16 09:56:16.193: I/CarrierServices(7699): ====================
11-16 09:56:16.219: W/libprocessgroup(1164): kill(-10798, 9) failed: No such process
11-16 09:56:16.219: I/libprocessgroup(1164): Successfully killed process cgroup uid 10014 pid 10798 in 45ms
11-16 09:56:16.223: D/CarrierServices(7699): log_saver already enabled
11-16 09:56:16.226: I/TSDRIVER(15435): CommandService onHandleIntent()
11-16 09:56:16.226: I/TSDRIVER(15435): Got command: PACKAGE
11-16 09:56:16.227: I/TSDRIVER(15435): flag package: Eitjb20uZ29vZ2xlLmFuZHJvaWQuZ21zLmF1dGguYXBpLmNyZWRlbnRpYWxzGh4KGlNhdmVTdHJhdGVneV9fZW5hYmxlU2F2aW5nGAAoPg
11-16 09:56:16.227: I/TSDRIVER(15435): flag package: com.google.android.gms.auth.api.credentials
11-16 09:56:16.235: I//vendor/bin/hw/android.hardware.health@2.0-service.crosshatch(787): Entry state_: 1 charger_status: Full batteryLevel: 99
11-16 09:56:16.235: I//vendor/bin/hw/android.hardware.health@2.0-service.crosshatch(787): Exit state_: 1 batteryLevel: 100
11-16 09:56:16.236: I/EuiccGoogle(15503): [2] GservicesChangedReceiver.onReceive: Setting EUICC_SUPPORTED_COUNTRIES to de,gb,in,us
11-16 09:56:16.238: I/TestSupport(11917): SetOverrideOperation: gms:phenotype:phenotype_flag:debug_bypass_phenotype = false [CONTEXT service_id=133 ]
11-16 09:56:16.245: I/Backup(11917): [GmsBackupStatusChangeReceiver] Going to enable gms backup transport.
