11-16 09:56:22.176: E/kvw(16473): 	at bxg.run(PG:2)
11-16 09:56:22.176: E/kvw(16473): 	at kxm.execute(Unknown Source:0)
11-16 09:56:22.176: E/kvw(16473): 	at kvw.b(PG:24)
11-16 09:56:22.176: E/kvw(16473): 	at kvw.a(PG:15)
11-16 09:56:22.176: E/kvw(16473): 	at kvw.cancel(PG:8)
11-16 09:56:22.176: E/kvw(16473): 	at bxi.a(PG:4)
11-16 09:56:22.176: E/kvw(16473): 	at kvw.a(PG:7)
11-16 09:56:22.176: E/kvw(16473): 	at kvw.cancel(PG:8)
11-16 09:56:22.176: E/kvw(16473): 	at bxi.a(PG:4)
11-16 09:56:22.176: E/kvw(16473): 	at kvw.a(PG:7)
11-16 09:56:22.176: E/kvw(16473): 	at kvw.a(PG:40)
11-16 09:56:22.176: E/kvw(16473): 	at bxf.a(PG:1)
11-16 09:56:22.176: E/kvw(16473): 	at bxg.run(PG:5)
11-16 09:56:22.176: E/kvw(16473): 	at kxm.execute(Unknown Source:0)
11-16 09:56:22.176: E/kvw(16473): 	at kvw.b(PG:24)
11-16 09:56:22.176: E/kvw(16473): 	at kvw.a(PG:15)
11-16 09:56:22.176: E/kvw(16473): 	at kvw.a(PG:40)
11-16 09:56:22.176: E/kvw(16473): 	at kzn.a(PG:2)
11-16 09:56:22.176: E/kvw(16473): 	at kyl.run(PG:14)
11-16 09:56:22.176: E/kvw(16473): 	at kzl.run(PG:2)
11-16 09:56:22.176: E/kvw(16473): 	at java.util.concurrent.ThreadPoolExecutor.runWorker(ThreadPoolExecutor.java:1167)
11-16 09:56:22.176: E/kvw(16473): 	at java.util.concurrent.ThreadPoolExecutor$Worker.run(ThreadPoolExecutor.java:641)
11-16 09:56:22.176: E/kvw(16473): 	at java.lang.Thread.run(Thread.java:764)
11-16 09:56:22.177: E/kvw(16473): RuntimeException while executing runnable bxg@9653c9d with executor MoreExecutors.directExecutor()
11-16 09:56:22.177: E/kvw(16473): java.util.concurrent.CancellationException: Task was cancelled.
11-16 09:56:22.177: E/kvw(16473): 	at kvw.b(PG:2)
11-16 09:56:22.177: E/kvw(16473): 	at kvw.get(PG:2)
11-16 09:56:22.177: E/kvw(16473): 	at kzp.a(PG:3)
11-16 09:56:22.177: E/kvw(16473): 	at kyu.a(PG:15)
11-16 09:56:22.177: E/kvw(16473): 	at bxg.run(PG:2)
11-16 09:56:22.177: E/kvw(16473): 	at kxm.execute(Unknown Source:0)
11-16 09:56:22.177: E/kvw(16473): 	at kvw.b(PG:24)
11-16 09:56:22.177: E/kvw(16473): 	at kvw.a(PG:15)
11-16 09:56:22.177: E/kvw(16473): 	at kvw.cancel(PG:8)
11-16 09:56:22.177: E/kvw(16473): 	at bxi.a(PG:4)
11-16 09:56:22.177: E/kvw(16473): 	at kvw.a(PG:7)
11-16 09:56:22.177: E/kvw(16473): 	at kvw.cancel(PG:8)
11-16 09:56:22.177: E/kvw(16473): 	at bxi.a(PG:4)
11-16 09:56:22.177: E/kvw(16473): 	at kvw.a(PG:7)
11-16 09:56:22.177: E/kvw(16473): 	at kvw.a(PG:40)
11-16 09:56:22.177: E/kvw(16473): 	at bxf.a(PG:1)
11-16 09:56:22.177: E/kvw(16473): 	at bxg.run(PG:5)
11-16 09:56:22.177: E/kvw(16473): 	at kxm.execute(Unknown Source:0)
11-16 09:56:22.177: E/kvw(16473): 	at kvw.b(PG:24)
11-16 09:56:22.177: E/kvw(16473): 	at kvw.a(PG:15)
11-16 09:56:22.177: E/kvw(16473): 	at kvw.a(PG:40)
11-16 09:56:22.177: E/kvw(16473): 	at kzn.a(PG:2)
11-16 09:56:22.177: E/kvw(16473): 	at kyl.run(PG:14)
11-16 09:56:22.177: E/kvw(16473): 	at kzl.run(PG:2)
11-16 09:56:22.177: E/kvw(16473): 	at java.util.concurrent.ThreadPoolExecutor.runWorker(ThreadPoolExecutor.java:1167)
11-16 09:56:22.177: E/kvw(16473): 	at java.util.concurrent.ThreadPoolExecutor$Worker.run(ThreadPoolExecutor.java:641)
11-16 09:56:22.177: E/kvw(16473): 	at java.lang.Thread.run(Thread.java:764)
11-16 09:56:22.180: I/Dialer(16473): RefreshAnnotatedCallLogWorker.checkDirtyAndRebuildIfNecessary - isDirty: true
11-16 09:56:22.185: W/libprocessgroup(1164): kill(-16513, 9) failed: No such process
11-16 09:56:22.185: I/libprocessgroup(1164): Successfully killed process cgroup uid 10156 pid 16513 in 45ms
11-16 09:56:22.194: I/Dialer(16473): SystemCallLogDataSource.fill - found 0 existing annotated call log ids
11-16 09:56:22.200: I/LocaleChangeIO(9003): No action required after switch to en [CONTEXT service_id=231 ]
11-16 09:56:22.215: I/ActivityManager(1164): Killing 15785:com.android.cellbroadcastreceiver/u0a62 (adj 906): empty #17
11-16 09:56:22.217: W/libprocessgroup(1164): kill(-15785, 9) failed: No such process
11-16 09:56:22.221: I/LanguageSettingsHelper(8227): Removing enrollment utterances : Locale changed
11-16 09:56:22.221: E/UtteranceHandler(8227): Called deleteEnrollmentUtterances for null account
11-16 09:56:22.222: I/NearbyDiscovery(9003): DiscoveryService created [CONTEXT service_id=49 ]
11-16 09:56:22.226: W/ChimeraUtils(9003): Module com.google.android.gms.nearby has empty metadata display_name_string_id
11-16 09:56:22.228: W/ChimeraUtils(9003): Module com.google.android.gms.nearby has empty metadata display_name_string_id
11-16 09:56:22.245: I/OpaEnabledReceiver(1446): Dispatching OPA eligble = true; AGSA = true; OPA enabled = true
11-16 09:56:22.246: I/OpaLayout(1446): Setting opa enabled to true
11-16 09:56:22.246: I/OpaLayout(1446): Setting opa enabled to true
11-16 09:56:22.246: I/Zygote(737): Process 15785 exited due to signal (9)
11-16 09:56:22.250: I/Dialer(16473): SystemCallLogDataSource.handleInsertsAndUpdatesInternal - no results for CALL_IN_DIRECT_BOOT_MODE
11-16 09:56:22.252: I/OpaEligibilityChecker(8227): send OpaEligibilityChange broadcast to CommonBroadcastReceiver
11-16 09:56:22.255: I/DefaultSticker(1435): Received android.intent.action.LOCALE_CHANGED broadcast from null
11-16 09:56:22.260: W/libprocessgroup(1164): kill(-15785, 9) failed: No such process
11-16 09:56:22.260: I/libprocessgroup(1164): Successfully killed process cgroup uid 10062 pid 15785 in 43ms
11-16 09:56:22.262: I/Dialer(16473): SystemCallLogDataSource.handleInsertsAndUpdatesInternal - no results for REGULAR_CALL
11-16 09:56:22.264: I/BgTaskExecutorImpl(8227): Starting EXCLUSIVE background task SEND_GSA_HOME_REQUEST.
11-16 09:56:22.266: I/HotwordHelper(8227): hasHotwordEverywhere-false
11-16 09:56:22.267: I/Dialer(16473): SystemCallLogDataSource.handleDeletes - found 0 call log entries to remove
11-16 09:56:22.268: I/OpaEnabledReceiver(1446): Dispatching OPA eligble = true; AGSA = true; OPA enabled = true
11-16 09:56:22.268: I/OpaLayout(1446): Setting opa enabled to true
11-16 09:56:22.268: W/KeyphraseEnrollmentInfo(2158): No enrollment application supports the given keyphrase/locale: 'Ok Google'/en
11-16 09:56:22.268: I/OpaLayout(1446): Setting opa enabled to true
11-16 09:56:22.268: I/GsaVoiceInteractionSrv(2158): Creating AOHD: Keyphrase - Ok Google, Locale - en/en-GB
11-16 09:56:22.269: I/FirebaseJobDispatcher(1435): Schedule task: DefaultStickerUpdate. Success.
11-16 09:56:22.269: I/DefaultStickerUpdate(1435): Scheduled update for locale=en, data=DefaultStickerTaskData{enabled=true, metadataUriPrefix=https://www.gstatic.com/android/keyboard/stickers/configs/v5/, supportedLanguage=en}, and reason=BROADCAST_LOCALE_CHANGED
11-16 09:56:22.269: W/SoundTriggerHelper(1164): Attempting stopRecognition without a successful startRecognition
11-16 09:56:22.269: W/AlwaysOnHotwordDetector(2158): stopRecognition() failed with error code -2147483648
11-16 09:56:22.270: W/AlwaysOnHotwordDetector(2158): Received message: 1 for an invalid detector
11-16 09:56:22.272: I/BgTaskExecutorImpl(8227): Starting EXCLUSIVE background task UPDATE_HOTWORD_MODELS.
11-16 09:56:22.275: W/SearchServiceCore(8227): Abort, client detached.
11-16 09:56:22.283: W/SoundModelDBHelper(1164): No SoundModel available for the given keyphrase
11-16 09:56:22.296: I/ActivityManager(1164): START u0 {act=com.android.intent.action.MANAGE_VOICE_KEYPHRASES flg=0x10000000 pkg=com.android.hotwordenrollment.okgoogle cmp=com.android.hotwordenrollment.okgoogle/.EnrollmentActivity (has extras)} from uid 10047
11-16 09:56:22.299: I/ThreadRunner(8227): setContextAndRunner
11-16 09:56:22.309: D/android.hardware.power@1.3-service.crosshatch-libperfmgr(792): LAUNCH ON
11-16 09:56:22.312: W/PhenotypeConfigurationU(9003): Update for unknown DeviceConfig package com.google.android.gms.icing.mdd [CONTEXT service_id=204 ]
11-16 09:56:22.312: W/PhenotypeConfigurationU(9003): akjf: No package exists for config package: com.google.android.gms.icing.mdd
11-16 09:56:22.312: W/PhenotypeConfigurationU(9003): 	at com.google.android.gms.platformconfigurator.PhenotypeConfigurationUpdateListener.a(:com.google.android.gms@213614028@21.36.14 (100400-395708125):7)
11-16 09:56:22.312: W/PhenotypeConfigurationU(9003): 	at com.google.android.gms.platformconfigurator.PhenotypeConfigurationUpdateListener.onHandleIntent(:com.google.android.gms@213614028@21.36.14 (100400-395708125):5)
11-16 09:56:22.312: W/PhenotypeConfigurationU(9003): 	at com.google.android.chimera.IntentOperation.onHandleIntent(:com.google.android.gms@213614028@21.36.14 (100400-395708125):2)
11-16 09:56:22.312: W/PhenotypeConfigurationU(9003): 	at pld.onHandleIntent(:com.google.android.gms@213614028@21.36.14 (100400-395708125):4)
11-16 09:56:22.312: W/PhenotypeConfigurationU(9003): 	at dpb.run(:com.google.android.gms@213614028@21.36.14 (100400-395708125):5)
11-16 09:56:22.312: W/PhenotypeConfigurationU(9003): 	at dpa.run(:com.google.android.gms@213614028@21.36.14 (100400-395708125):11)
11-16 09:56:22.312: W/PhenotypeConfigurationU(9003): 	at bfyg.run(:com.google.android.gms@213614028@21.36.14 (100400-395708125):2)
11-16 09:56:22.312: W/PhenotypeConfigurationU(9003): 	at java.util.concurrent.ThreadPoolExecutor.runWorker(ThreadPoolExecutor.java:1167)
11-16 09:56:22.312: W/PhenotypeConfigurationU(9003): 	at java.util.concurrent.ThreadPoolExecutor$Worker.run(ThreadPoolExecutor.java:641)
11-16 09:56:22.312: W/PhenotypeConfigurationU(9003): 	at java.lang.Thread.run(Thread.java:764)
11-16 09:56:22.316: I/ActivityManager(1164): Start proc 16578:com.google.android.music:main/u0a75 for broadcast com.google.android.music/.notifications.NotificationChannelInitializationBroadcastReceiver
11-16 09:56:22.318: I/ModelDownloadController(8227): requestHotwordModelUpdate modelType-OK_GOOGLE
11-16 09:56:22.319: W/ModelDownloadController(8227): Failed fetching the hotword model location configuration
11-16 09:56:22.319: E/ModelDownloadController(8227): Invalid hotword model location.
11-16 09:56:22.320: D/QSEECOMAPI(16345): QSEECom_get_handle sb_length = 0x400
11-16 09:56:22.320: D/QSEECOMAPI(16345): App is already loaded QSEE and app id = 1
11-16 09:56:22.322: E/fpc_tac(16345): qsee_km_get_encapsulated_key KEYMASTER_GET_AUTH_TOKEN_KEY returned status=-24
11-16 09:56:22.322: D/QSEECOMAPI(16345): QSEECom_dealloc_memory 
11-16 09:56:22.322: D/QSEECOMAPI(16345): QSEECom_shutdown_app, app_id = 1
11-16 09:56:22.322: E/fpc_fingerprint_hal(16345): fpc_hal_open failed
11-16 09:56:22.324: I/EventHub(1164): Removing device '/dev/input/event3' due to inotify event
11-16 09:56:22.324: I/EventHub(1164): Removed device: path=/dev/input/event3 name=uinput-fpc id=183 fd=237 classes=0x101
11-16 09:56:22.324: W/EventHub(1164): built-in keyboard device /dev/input/event3 (id=183) is closing! the apps will not like this
11-16 09:56:22.325: W/KeyphraseEnrollmentInfo(2158): No enrollment application supports the given keyphrase/locale: 'X Google'/en
11-16 09:56:22.326: W/InputReader(1164): Ignoring spurious device removed event for deviceId 183.
11-16 09:56:22.334: W/SearchServiceCore(8227): Abort, client detached.
11-16 09:56:22.334: I/chatty(8227): uid=10047 com.google.android.googlequicksearchbox:search identical 1 line
11-16 09:56:22.334: W/SearchServiceCore(8227): Abort, client detached.
11-16 09:56:22.337: I/Dialer(16473): SystemBlockedNumberPhoneLookup.getMostRecentPhoneLookupInfo - enter
11-16 09:56:22.342: D/QSEECOMAPI(16345): QSEECom_dealloc_memory 
11-16 09:56:22.342: D/QSEECOMAPI(16345): QSEECom_shutdown_app, app_id = 183
11-16 09:56:22.342: W/SearchServiceCore(8227): Abort, client detached.
11-16 09:56:22.346: E/roid.music:mai(16578): Not starting debugger since process cannot load the jdwp agent.
11-16 09:56:22.351: W/SessionLifecycleManager(8227): Client : AttachedClient[36184365731494314, ClientConfig[mFlags=[default, headless, launch_external_voice_search_ui, support_transparent_background, legacy_leave_behind_dirty_session_fixme] mSuggestFlags=[0] mClientId=HOTWORD_SERVICE mSessionType=search]] has no associated SessionController
11-16 09:56:22.351: W/SearchServiceCore(8227): Abort, client detached.
11-16 09:56:22.351: I/chatty(8227): uid=10047 com.google.android.googlequicksearchbox:search identical 1 line
11-16 09:56:22.351: W/SearchServiceCore(8227): Abort, client detached.
11-16 09:56:22.354: D/AndroidRuntime(16574): >>>>>> START com.android.internal.os.RuntimeInit uid 2000 <<<<<<
11-16 09:56:22.357: I/ActivityManager(1164): Start proc 16606:com.android.hotwordenrollment.okgoogle/u0a45 for activity com.android.hotwordenrollment.okgoogle/.EnrollmentActivity
11-16 09:56:22.365: E/llment.okgoogl(16606): Not starting debugger since process cannot load the jdwp agent.
11-16 09:56:22.365: I/roid.music:mai(16578): The ClassLoaderContext is a special shared library.
11-16 09:56:22.367: I/roid.music:mai(16578): The ClassLoaderContext is a special shared library.
11-16 09:56:22.392: I/llment.okgoogl(16606): The ClassLoaderContext is a special shared library.
11-16 09:56:22.403: E/libc(16606): Access denied finding property "vendor.debug.egl.profiler"
11-16 09:56:22.401: W/com.android.hotwordenrollment.okgoogle(16606): type=1400 audit(0.0:295): avc: denied { read } for comm=45474C20496E6974 name="u:object_r:vendor_default_prop:s0" dev="tmpfs" ino=25471 scontext=u:r:priv_app:s0:c512,c768 tcontext=u:object_r:vendor_default_prop:s0 tclass=file permissive=0
11-16 09:56:22.403: I/NetworkScheduler.Stats(9003): Task com.google.android.gms/com.google.android.gms.phenotype.service.sync.PhenotypeConfigurator finished executing. cause:9 result: 1 elapsed_millis: 2439 uptime_millis: 2439 exec_start_elapsed_seconds: 902 [CONTEXT service_id=218 ]
11-16 09:56:22.408: I/PeopleDatabaseHelper(11917): Updating DB locale: en_US -> en
11-16 09:56:22.410: I/app_process(16574): The ClassLoaderContext is a special shared library.
11-16 09:56:22.415: I/EnrollmentActivity(16606): Started by non-activity for action: 0, keyphrase: Ok Google, locale: en-GB
11-16 09:56:22.417: D/OpenGLRenderer(16606): Skia GL Pipeline
11-16 09:56:22.424: I/MultiDex(16578): VM with version 2.1.0 has multidex support
11-16 09:56:22.424: I/MultiDex(16578): install
11-16 09:56:22.424: I/MultiDex(16578): VM has multidex support, MultiDex support library is disabled.
11-16 09:56:22.428: W/ProviderHelper(16537): Unknown dynamite feature providerinstaller.dynamite
11-16 09:56:22.431: I/DynamiteModule(16537): Considering local module com.google.android.gms.providerinstaller.dynamite:1 and remote module com.google.android.gms.providerinstaller.dynamite:0
11-16 09:56:22.431: I/DynamiteModule(16537): Selected local version of com.google.android.gms.providerinstaller.dynamite
11-16 09:56:22.433: I/PeopleSearchIndexManage(11917): Marking for index update.
11-16 09:56:22.434: D/AndroidRuntime(16574): Calling main entry com.android.commands.am.Am
11-16 09:56:22.435: I/gle.android.gm(11917): Background concurrent copying GC freed 172641(8MB) AllocSpace objects, 45(1552KB) LOS objects, 50% free, 11MB/22MB, paused 57us total 249.669ms
11-16 09:56:22.438: I/ActivityManager(1164): Force stopping com.google.android.apps.mtaas.tools appid=10156 user=0: start instr
11-16 09:56:22.439: I/PeopleSearchIndexManage(11917): Index version changed from 0
11-16 09:56:22.441: W/RenderThread(16606): type=1400 audit(0.0:296): avc: denied { read } for name="u:object_r:vendor_default_prop:s0" dev="tmpfs" ino=25471 scontext=u:r:priv_app:s0:c512,c768 tcontext=u:object_r:vendor_default_prop:s0 tclass=file permissive=0
11-16 09:56:22.443: I/Adreno(16606): QUALCOMM build                   : 3f88ca2, I42f6fe38fb
11-16 09:56:22.443: I/Adreno(16606): Build Date                       : 07/13/18
11-16 09:56:22.443: I/Adreno(16606): OpenGL ES Shader Compiler Version: EV031.24.00.00
11-16 09:56:22.443: I/Adreno(16606): Local Branch                     : 50.04
11-16 09:56:22.443: I/Adreno(16606): Remote Branch                    : 
11-16 09:56:22.443: I/Adreno(16606): Remote Branch                    : 
11-16 09:56:22.443: I/Adreno(16606): Reconstruct Branch               : 
11-16 09:56:22.443: I/Adreno(16606): Build Config                     : S P 4.0.10 AArch64
11-16 09:56:22.445: E/libc(16606): Access denied finding property "ro.vendor.graphics.memory"
11-16 09:56:22.446: I/Adreno(16606): PFP: 0x016ee170, ME: 0x00000000
11-16 09:56:22.449: I/ConfigStore(16606): android::hardware::configstore::V1_0::ISurfaceFlingerConfigs::hasWideColorDisplay retrieved: 1
11-16 09:56:22.449: I/ConfigStore(16606): android::hardware::configstore::V1_0::ISurfaceFlingerConfigs::hasHDRDisplay retrieved: 1
11-16 09:56:22.449: V/NativeCrypto(16537): Registering com/google/android/gms/org/conscrypt/NativeCrypto's 294 native methods...
11-16 09:56:22.449: W/SoundTriggerHelper(1164): Attempting stopRecognition without a successful startRecognition
11-16 09:56:22.449: W/AlwaysOnHotwordDetector(2158): stopRecognition() failed with error code -2147483648
11-16 09:56:22.449: I/OpenGLRenderer(16606): Initialized EGL, version 1.4
11-16 09:56:22.449: D/OpenGLRenderer(16606): Swap behavior 2
11-16 09:56:22.451: I/PeopleSearchIndexManage(11917): Rebuilding index...
11-16 09:56:22.458: E/libc(16606): Access denied finding property "vendor.gralloc.enable_ahardware_buffer"
11-16 09:56:22.454: W/RenderThread(16606): type=1400 audit(0.0:297): avc: denied { read } for name="u:object_r:vendor_default_prop:s0" dev="tmpfs" ino=25471 scontext=u:r:priv_app:s0:c512,c768 tcontext=u:object_r:vendor_default_prop:s0 tclass=file permissive=0
11-16 09:56:22.464: D/MusicLifecycle(16578): com.google.android.music.store.ConfigContentProvider generated event: Content provider created
11-16 09:56:22.466: I/GsaVoiceInteractionSrv(2158): Not starting recognition
11-16 09:56:22.468: I/EnrollmentActivity(16606): Enroll keyphrase Ok Googleoperation succeeded for en-GB
11-16 09:56:22.469: D/MusicLifecycle(16578): com.google.android.music.api.MusicPublicContentProvider generated event: Content provider created
11-16 09:56:22.470: I/GoogleInputMethod(1435): onFinishInput() : Dummy InputConnection bound
11-16 09:56:22.470: I/GoogleInputMethod(1435): onStartInput() : Dummy InputConnection bound
11-16 09:56:22.477: D/SurfaceFlinger(642): duplicate layer name: changing Surface(name=7de4585 StatusBar)/@0x972105f - animation-leash to Surface(name=7de4585 StatusBar)/@0x972105f - animation-leash#1
11-16 09:56:22.478: D/NetworkSecurityConfig(16537): Using Network Security Config from resource network_security_config debugBuild: false
11-16 09:56:22.480: I/ProviderInstaller(16537): Installed default security provider GmsCore_OpenSSL
11-16 09:56:22.481: I/ActivityManager(1164): Start proc 16638:com.google.android.apps.mtaas.tools/u0a156 for added application com.google.android.apps.mtaas.tools
11-16 09:56:22.483: I/GoogleInputMethod(1435): onFinishInput() : Dummy InputConnection bound
11-16 09:56:22.483: I/GoogleInputMethod(1435): onStartInput() : Dummy InputConnection bound
11-16 09:56:22.483: D/MusicLifecycle(16578): com.google.android.music.store.MusicContentProvider generated event: Content provider created
11-16 09:56:22.486: I/ActivityManager(1164): Displayed com.android.hotwordenrollment.okgoogle/.EnrollmentActivity: +168ms
11-16 09:56:22.486: I/BackdropActivity(16004): onResume()
11-16 09:56:22.491: E/pps.mtaas.tool(16638): Not starting debugger since process cannot load the jdwp agent.
11-16 09:56:22.510: I/ActivityManager(1164): Activity requesting to dismiss Keyguard: ActivityRecord{7aff057 u0 com.google.android.apps.mtaas.backdrop/.BackdropActivity t4}
11-16 09:56:22.514: I/HotwordHelper(8227): hasHotwordEverywhere-false
11-16 09:56:22.517: E/ExecutionCriteria(9003): Package unavailable for task: com.google.android.apps.gcs/com.google.android.flib.phenotype.services.PhenotypeExperimentCommitService{u=0 tag="PhenotypeExpCommitSvc" trigger=window{start=0s,end=30s,earliest=-876s,latest=-846s} requirements=[NET_ANY] attributes=[PERSISTED] scheduled=-876s last_run=N/A exec_window_multiplier=1.0000 jid=N/A status=PENDING retries=0 client_lib=MANCHEGO_GCM-11732000} [CONTEXT service_id=218 ]
11-16 09:56:22.532: W/SessionLifecycleManager(8227): Client : AttachedClient[36184365731494319, ClientConfig[mFlags=[default, headless, launch_external_voice_search_ui, support_transparent_background, legacy_leave_behind_dirty_session_fixme] mSuggestFlags=[0] mClientId=HOTWORD_SERVICE mSessionType=search]] has no associated SessionController
11-16 09:56:22.532: W/SearchServiceCore(8227): Abort, client detached.
11-16 09:56:22.532: I/chatty(8227): uid=10047 com.google.android.googlequicksearchbox:search identical 1 line
11-16 09:56:22.532: W/SearchServiceCore(8227): Abort, client detached.
11-16 09:56:22.540: W/SurfaceFlinger(642): Attempting to destroy on removed layer: AppWindowToken{fe429c6 token=Token{cb541ab ActivityRecord{1d587fa u0 com.android.hotwordenrollment.okgoogle/.EnrollmentActivity t5}}}#0
11-16 09:56:22.540: D/MusicLifecycle(16578): com.google.android.music.ui.PhoneMusicApplication generated event: Application created
11-16 09:56:22.544: D/android.hardware.power@1.3-service.crosshatch-libperfmgr(792): LAUNCH OFF
11-16 09:56:22.546: I/pps.mtaas.tool(16638): The ClassLoaderContext is a special shared library.
11-16 09:56:22.549: I/PeopleASM(11917): Rebuilding autocomplete index...
11-16 09:56:22.549: I/axnn(16537): Primes not initialized, returning default (no-op) Primes instance which will ignore all calls. Please call Primes.initialize(...) before using any Primes API.
11-16 09:56:22.548: W/RenderThread(1164): type=1400 audit(0.0:298): avc: denied { read } for name="u:object_r:vendor_default_prop:s0" dev="tmpfs" ino=25471 scontext=u:r:system_server:s0 tcontext=u:object_r:vendor_default_prop:s0 tclass=file permissive=0
11-16 09:56:22.552: E/libc(1164): Access denied finding property "vendor.debug.egl.profiler"
11-16 09:56:22.552: E/libc(1164): Access denied finding property "vendor.debug.prerotation.disable"
11-16 09:56:22.552: I/Adreno(1164): QUALCOMM build                   : 3f88ca2, I42f6fe38fb
11-16 09:56:22.552: I/Adreno(1164): Build Date                       : 07/13/18
11-16 09:56:22.552: I/Adreno(1164): OpenGL ES Shader Compiler Version: EV031.24.00.00
11-16 09:56:22.552: I/Adreno(1164): Local Branch                     : 50.04
11-16 09:56:22.552: I/Adreno(1164): Remote Branch                    : 
11-16 09:56:22.552: I/Adreno(1164): Remote Branch                    : 
11-16 09:56:22.552: I/Adreno(1164): Reconstruct Branch               : 
11-16 09:56:22.552: I/Adreno(1164): Build Config                     : S P 4.0.10 AArch64
11-16 09:56:22.553: E/libc(1164): Access denied finding property "vendor.debug.prerotation.disable"
11-16 09:56:22.553: I/PeopleSearchIndexManage(11917): Rebuilding index done.
11-16 09:56:22.554: E/libc(1164): Access denied finding property "vendor.debug.prerotation.disable"
11-16 09:56:22.554: I/Adreno(1164): PFP: 0x016ee170, ME: 0x00000000
11-16 09:56:22.554: E/libc(1164): Access denied finding property "vendor.debug.prerotation.disable"
11-16 09:56:22.567: I/ConfigStore(1164): android::hardware::configstore::V1_0::ISurfaceFlingerConfigs::hasWideColorDisplay retrieved: 1
11-16 09:56:22.567: I/ConfigStore(1164): android::hardware::configstore::V1_0::ISurfaceFlingerConfigs::hasHDRDisplay retrieved: 1
11-16 09:56:22.567: I/OpenGLRenderer(1164): Initialized EGL, version 1.4
11-16 09:56:22.568: D/OpenGLRenderer(1164): Swap behavior 2
11-16 09:56:22.570: I/PeopleDatabaseHelper(11917): cleanUpNonGplusAccounts done.
11-16 09:56:22.571: D/BoundBrokerSvc(11917): onBind: Intent { act=com.google.android.gms.findmydevice.spot.service.locationreport.START cmp=com.google.android.gms/.chimera.GmsApiService }
11-16 09:56:22.571: D/BoundBrokerSvc(11917): Loading bound service for intent: Intent { act=com.google.android.gms.findmydevice.spot.service.locationreport.START cmp=com.google.android.gms/.chimera.GmsApiService }
11-16 09:56:22.575: D/GetPackageUid(16638): Instrumentation completed successfully
11-16 09:56:22.576: I/ActivityManager(1164): Force stopping com.google.android.apps.mtaas.tools appid=10156 user=0: finished inst
11-16 09:56:22.576: I/ActivityManager(1164): Killing 16638:com.google.android.apps.mtaas.tools/u0a156 (adj 0): stop com.google.android.apps.mtaas.tools
11-16 09:56:22.577: W/Binder(1164): Outgoing transactions from this process must be FLAG_ONEWAY
11-16 09:56:22.577: W/Binder(1164): java.lang.Throwable
11-16 09:56:22.577: W/Binder(1164): 	at android.os.BinderProxy.transact(Binder.java:1116)
11-16 09:56:22.577: W/Binder(1164): 	at android.app.IInstrumentationWatcher$Stub$Proxy.instrumentationFinished(IInstrumentationWatcher.java:164)
11-16 09:56:22.577: W/Binder(1164): 	at com.android.server.am.InstrumentationReporter$MyThread.run(InstrumentationReporter.java:86)
11-16 09:56:22.578: D/MusicLifecycle(16578): com.google.android.music.store.ConfigContentProvider generated event: initializing
11-16 09:56:22.578: D/AndroidRuntime(16574): Shutting down VM
11-16 09:56:22.578: W/libprocessgroup(1164): kill(-16638, 9) failed: No such process
11-16 09:56:22.587: I/BaseStore(16578): ConfigStore database version: 1
11-16 09:56:22.588: I/GMS_MM_Logger(16537): Started.
11-16 09:56:22.606: I/Watchcat(16537): Started
11-16 09:56:22.611: W/System(6794): A resource failed to call close. 
11-16 09:56:22.623: W/libprocessgroup(1164): kill(-16638, 9) failed: No such process
11-16 09:56:22.626: I/Zygote(737): Process 16638 exited due to signal (9)
11-16 09:56:22.629: W/CAR.VALIDATOR.LITE(16537): Invalid version in allow list flag [ALL] [CONTEXT service_id=13 ]
11-16 09:56:22.629: W/CAR.VALIDATOR.LITE(16537): java.lang.NumberFormatException: For input string: "ALL"
11-16 09:56:22.629: W/CAR.VALIDATOR.LITE(16537): 	at java.lang.Integer.parseInt(Integer.java:615)
11-16 09:56:22.629: W/CAR.VALIDATOR.LITE(16537): 	at java.lang.Integer.parseInt(Integer.java:650)
11-16 09:56:22.629: W/CAR.VALIDATOR.LITE(16537): 	at nnu.<init>(:com.google.android.gms@213614028@21.36.14 (100400-395708125):13)
11-16 09:56:22.629: W/CAR.VALIDATOR.LITE(16537): 	at nnu.d(:com.google.android.gms@213614028@21.36.14 (100400-395708125):2)
11-16 09:56:22.629: W/CAR.VALIDATOR.LITE(16537): 	at com.google.android.gms.car.CarChimeraService.onCreate(:com.google.android.gms@213614028@21.36.14 (100400-395708125):17)
11-16 09:56:22.629: W/CAR.VALIDATOR.LITE(16537): 	at dpx.onCreate(:com.google.android.gms@213614028@21.36.14 (100400-395708125):1)
11-16 09:56:22.629: W/CAR.VALIDATOR.LITE(16537): 	at plf.onCreate(:com.google.android.gms@213614028@21.36.14 (100400-395708125):4)
11-16 09:56:22.629: W/CAR.VALIDATOR.LITE(16537): 	at android.app.ActivityThread.handleCreateService(ActivityThread.java:3570)
11-16 09:56:22.629: W/CAR.VALIDATOR.LITE(16537): 	at android.app.ActivityThread.access$1300(ActivityThread.java:200)
11-16 09:56:22.629: W/CAR.VALIDATOR.LITE(16537): 	at android.app.ActivityThread$H.handleMessage(ActivityThread.java:1672)
11-16 09:56:22.629: W/CAR.VALIDATOR.LITE(16537): 	at android.os.Handler.dispatchMessage(Handler.java:106)
11-16 09:56:22.629: W/CAR.VALIDATOR.LITE(16537): 	at android.os.Looper.loop(Looper.java:193)
11-16 09:56:22.629: W/CAR.VALIDATOR.LITE(16537): 	at android.app.ActivityThread.main(ActivityThread.java:6718)
11-16 09:56:22.629: W/CAR.VALIDATOR.LITE(16537): 	at java.lang.reflect.Method.invoke(Native Method)
11-16 09:56:22.629: W/CAR.VALIDATOR.LITE(16537): 	at com.android.internal.os.RuntimeInit$MethodAndArgsCaller.run(RuntimeInit.java:493)
11-16 09:56:22.629: W/CAR.VALIDATOR.LITE(16537): 	at com.android.internal.os.ZygoteInit.main(ZygoteInit.java:858)
11-16 09:56:22.631: W/roid.music:mai(16578): Unknown chunk type '200'.
11-16 09:56:22.636: I/roid.music:mai(16578): The ClassLoaderContext is a special shared library.
11-16 09:56:22.636: I/chatty(16578): uid=10075 com.google.android.music:main identical 1 line
11-16 09:56:22.637: I/roid.music:mai(16578): The ClassLoaderContext is a special shared library.
11-16 09:56:22.650: V/NativeCrypto(16578): Registering com/google/android/gms/org/conscrypt/NativeCrypto's 294 native methods...
11-16 09:56:22.668: W/libprocessgroup(1164): kill(-16638, 9) failed: No such process
11-16 09:56:22.668: I/libprocessgroup(1164): Successfully killed process cgroup uid 10156 pid 16638 in 89ms
11-16 09:56:22.672: D/NetworkSecurityConfig(16578): No Network Security Config specified, using platform default
11-16 09:56:22.673: I/ProviderInstaller(16578): Installed default security provider GmsCore_OpenSSL
11-16 09:56:22.673: D/AndroidMusic(16578): GMSCore installation verified
11-16 09:56:22.680: I/ndroid.systemu(1446): NativeAlloc concurrent copying GC freed 33052(1873KB) AllocSpace objects, 28(572KB) LOS objects, 49% free, 7MB/14MB, paused 31us total 121.652ms
11-16 09:56:22.715: I/DynamiteModule(16537): Considering local module com.google.android.gms.googlecertificates:6 and remote module com.google.android.gms.googlecertificates:6
11-16 09:56:22.715: I/DynamiteModule(16537): Selected local version of com.google.android.gms.googlecertificates
11-16 09:56:22.771: I/Dialer(16473): SpamCallDataSource.fill - enter
11-16 09:56:22.771: I/Dialer(16473): SpamCallDataSource.handleInserts - enter
11-16 09:56:22.771: I/MusicExperimentManager(16578): Received config change, experiments list is null
11-16 09:56:22.772: W/MusicExperimentManager(16578): Parsing error while updating analysis experiments
11-16 09:56:22.783: I/Dialer(16473): AnnotatedCallLogCoalescer.coalesce - enter
11-16 09:56:22.783: I/Dialer(16473): AnnotatedCallLogCoalescer.coalesceWithSelection - enter
11-16 09:56:22.783: I/Dialer(16473): AnnotatedCallLogCoalescer.coalesceWithSelection - enter
11-16 09:56:22.783: I/Dialer(16473): ConversationHistoryCoalescer.coalesce - enter
11-16 09:56:22.784: I/Dialer(16473): PrimesMetrics.startTimer - AnnotatedCallLogCoalescer.CoalesceForAllCalls is empty
11-16 09:56:22.785: I/Dialer(16473): PrimesMetrics.startTimer - AnnotatedCallLogCoalescer.CoalesceForMissedCalls is empty
11-16 09:56:22.787: I/Dialer(16473): AnnotatedCallLogCoalescer.coalesceInternal - enter
11-16 09:56:22.789: I/Dialer(16473): CoalescedRowsDao.saveToFileForMissedCalls - enter
11-16 09:56:22.789: I/Dialer(16473): PrimesMetrics.startTimer - CoalescedRowsDao.SaveMissedCalls is empty
11-16 09:56:22.789: I/Dialer(16473): CoalescedRowsDao.save - acquiring write lock
11-16 09:56:22.789: I/Dialer(16473): CoalescedRowsDao.save - start writing coalesced rows
11-16 09:56:22.791: I/Dialer(16473): AnnotatedCallLogCoalescer.coalesceInternal - enter
11-16 09:56:22.791: I/TopChartsIcing(16578): Starting 'com.google.android.music.sync.google.MusicGcmTaskService
11-16 09:56:22.791: I/Dialer(16473): CoalescedRowsDao.saveToFileForAllCalls - enter
11-16 09:56:22.791: I/Dialer(16473): PrimesMetrics.startTimer - CoalescedRowsDao.SaveAllCalls is empty
11-16 09:56:22.791: I/Dialer(16473): CoalescedRowsDao.save - acquiring write lock
11-16 09:56:22.792: I/Dialer(16473): CoalescedRowsDao.save - start writing coalesced rows
11-16 09:56:22.792: I/Dialer(16473): CoalescedRowsDao.save - write lock released
11-16 09:56:22.793: I/Dialer(16473): CoalescedRowsUpdatedNotifier.notifyForCallLogAllCalls - enter
11-16 09:56:22.794: I/BaseStore(16578): Store database version: 146
11-16 09:56:22.795: D/CAR.CLIENT(2368): onICarAvailable
11-16 09:56:22.795: I/Dialer(16473): CoalescedRowsDao.save - write lock released
11-16 09:56:22.795: I/Dialer(16473): CoalescedRowsUpdatedNotifier.notifyForCallLogMissedCalls - enter
11-16 09:56:22.806: I/akia(9003): Removed 0 invalid users [CONTEXT service_id=51 ]
11-16 09:56:22.807: I/NearbyDiscovery(9003): Show notifications: 0 total, no changes since last shown, no-op. [CONTEXT service_id=49 ]
11-16 09:56:22.809: I/GH.CarApiClientManager(2368): connected
11-16 09:56:22.810: D/GH.CarApiClientManager(2368): calling onConnected on cqq@a1f8ac5
11-16 09:56:22.810: D/GH.FeedbackNotifManager(2368): Starting FeedbackNotificationManager.
11-16 09:56:22.811: I/Wear_Controller(9003): Wearable module requires a companion app to be installed.
11-16 09:56:22.811: I/WearableService(9003): onCreate: Wearable Services not starting. Wear is not available on this device.
11-16 09:56:22.813: D/GH.HatsManager(2368): Starting HatsManager.
11-16 09:56:22.813: D/GH.RatingPromptManager(2368): Starting RatingPromptManager.
11-16 09:56:22.817: I/Dialer(16473): Flags.register - phenotype register status: true
11-16 09:56:22.818: I/Dialer(16473): ConversationHistoryCoalescer.coalesce - conversation history disabled
11-16 09:56:22.818: D/GH.AutoLaunchPromptMgr(2368): AutoLaunchPromptManager disabled.
11-16 09:56:22.818: D/GH.CarApiClientManager(2368): notifying listener that the client was already connected
11-16 09:56:22.818: D/GH.CarApiClientManager(2368): registered listener cqp@4a4af6f
11-16 09:56:22.818: D/GH.CarApiClientManager(2368): unregistered listener cqq@a1f8ac5
11-16 09:56:22.823: D/CAR.CLIENT(2368): onICarAvailable
11-16 09:56:22.841: I/PlaybackClient(16578): init: Initializing
11-16 09:56:22.858: D/ConnectivityService(1164): Returning BLOCKED NetworkInfo to uid=10075
11-16 09:56:22.866: I/Dialer(16473): CallLogCacheUpdater.updateCache - updated 0 rows
11-16 09:56:22.874: I//vendor/bin/hw/android.hardware.health@2.0-service.crosshatch(787): Entry state_: 1 charger_status: Full batteryLevel: 99
11-16 09:56:22.874: I//vendor/bin/hw/android.hardware.health@2.0-service.crosshatch(787): Exit state_: 1 batteryLevel: 100
11-16 09:56:22.878: D/QtiCarrierConfigHelper(1666): WARNING, no carrier configs on phone Id: 0
11-16 09:56:22.886: W/DynamiteModule(15935): Local module descriptor class for providerinstaller not found.
11-16 09:56:22.888: W/ProviderHelper(9003): Unknown dynamite feature providerinstaller
11-16 09:56:22.894: W/ProviderInstaller(15935): Failed to load providerinstaller module: No acceptable module found. Local version is 0 and remote version is 0.
11-16 09:56:22.898: W/droid.apps.doc(15935): Unknown chunk type '200'.
11-16 09:56:22.904: I/droid.apps.doc(15935): The ClassLoaderContext is a special shared library.
11-16 09:56:22.906: I/chatty(15935): uid=10128(com.google.android.apps.docs) TaskSchedulerLo identical 1 line
11-16 09:56:22.908: I/droid.apps.doc(15935): The ClassLoaderContext is a special shared library.
11-16 09:56:22.914: W/Nearby(9003): Bind call too late - someone already tried to get: interface bopq [CONTEXT service_id=49 ]
11-16 09:56:22.915: D/MusicLifecycle(16578): com.google.android.music.notifications.NotificationChannelInitializationBroadcastReceiver generated event: Broadcast received with context android.app.ReceiverRestrictedContext@e53dc06 and intent Intent { act=android.intent.action.LOCALE_CHANGED flg=0x11200010 cmp=com.google.android.music/.notifications.NotificationChannelInitializationBroadcastReceiver }
11-16 09:56:22.917: I/Icing(11917): IndexChimeraService.getServiceInterface callingPackage=com.google.android.gms componentName=AppsCorpus serviceId=32
11-16 09:56:22.918: I/droid.apps.doc(15935): Waiting for a blocking GC AddRemoveAppImageSpace
11-16 09:56:22.930: D/MusicLifecycle(16578): com.google.android.music.net.NetworkConnectivityMonitor$NetworkChangedReceiver generated event: Broadcast received with context com.google.android.music.ui.PhoneMusicApplication@efd1d67 and intent Intent { act=android.net.conn.CONNECTIVITY_CHANGE flg=0x4200010 (has extras) }
11-16 09:56:22.931: I/NetworkConnectivity(16578): Network state changed: [type: WIFI[], state: DISCONNECTED/BLOCKED, reason: (unspecified), extra: (none), failover: false, available: true, roaming: false]
11-16 09:56:22.934: I/droid.apps.doc(15935): WaitForGcToComplete blocked AddRemoveAppImageSpace on AddRemoveAppImageSpace for 15.728ms
11-16 09:56:22.941: D/MusicLifecycle(16578): com.google.android.music.download.EncapsulatedBroadcastReceiver$1 generated event: Broadcast received with context com.google.android.music.ui.PhoneMusicApplication@efd1d67 and intent Intent { act=com.google.android.music.ResumeStorageMigration flg=0x10 (has extras) }
11-16 09:56:22.942: D/MusicLifecycle(16578): com.google.android.music.download.artwork.ArtDownloadService generated event: Service created
11-16 09:56:22.945: I/ActivityManager(1164): Start proc 16722:com.google.android.youtube/u0a80 for broadcast com.google.android.youtube/com.google.android.apps.youtube.app.application.system.LocaleUpdatedReceiver
11-16 09:56:22.949: V/NativeCrypto(15935): Registering com/google/android/gms/org/conscrypt/NativeCrypto's 294 native methods...
11-16 09:56:22.954: E/android.youtub(16722): Not starting debugger since process cannot load the jdwp agent.
11-16 09:56:22.955: I/Icing(11917): Query from package: com.google.android.gms, component: AppsCorpus, restrict package: com.google.android.gms, start: 0, num: 100
11-16 09:56:22.960: W/Icing(11917): No valid account for uploading user actions
11-16 09:56:22.969: W/AdvertisingIdClient(16578): Error while reading from SharedPreferences 
11-16 09:56:22.969: W/AdvertisingIdClient(16578): java.lang.SecurityException: MODE_WORLD_READABLE no longer supported
11-16 09:56:22.969: W/AdvertisingIdClient(16578): 	at android.app.ContextImpl.checkMode(ContextImpl.java:2495)
11-16 09:56:22.969: W/AdvertisingIdClient(16578): 	at android.app.ContextImpl.getSharedPreferences(ContextImpl.java:414)
11-16 09:56:22.969: W/AdvertisingIdClient(16578): 	at android.app.ContextImpl.getSharedPreferences(ContextImpl.java:404)
11-16 09:56:22.969: W/AdvertisingIdClient(16578): 	at com.google.android.gms.ads.identifier.AdvertisingIdClient.getAdvertisingIdInfo(Unknown Source:12)
11-16 09:56:22.969: W/AdvertisingIdClient(16578): 	at com.google.android.music.preferences.MusicPreferences.getAdvertisingIdInfo(MusicPreferences.java:2476)
11-16 09:56:22.969: W/AdvertisingIdClient(16578): 	at com.google.android.music.preferences.MusicPreferences.access$1000(MusicPreferences.java:83)
11-16 09:56:22.969: W/AdvertisingIdClient(16578): 	at com.google.android.music.preferences.MusicPreferences$7.run(MusicPreferences.java:2457)
11-16 09:56:22.969: W/AdvertisingIdClient(16578): 	at com.google.android.music.utils.async.TraceableRunnable.runLogged(TraceableRunnable.java:21)
11-16 09:56:22.969: W/AdvertisingIdClient(16578): 	at com.google.android.music.utils.async.LoggedRunnable.run(LoggedRunnable.java:30)
11-16 09:56:22.969: W/AdvertisingIdClient(16578): 	at android.os.Handler.handleCallback(Handler.java:873)
11-16 09:56:22.969: W/AdvertisingIdClient(16578): 	at android.os.Handler.dispatchMessage(Handler.java:99)
11-16 09:56:22.969: W/AdvertisingIdClient(16578): 	at com.google.android.music.utils.LoggableHandler.dispatchMessage(LoggableHandler.java:74)
11-16 09:56:22.969: W/AdvertisingIdClient(16578): 	at android.os.Looper.loop(Looper.java:193)
11-16 09:56:22.969: W/AdvertisingIdClient(16578): 	at android.os.HandlerThread.run(HandlerThread.java:65)
11-16 09:56:22.978: D/NetworkSecurityConfig(15935): Using Network Security Config from resource network_security_config debugBuild: false
11-16 09:56:22.980: I/ProviderInstaller(15935): Installed default security provider GmsCore_OpenSSL
11-16 09:56:22.981: I/android.youtub(16722): The ClassLoaderContext is a special shared library.
11-16 09:56:22.984: I/android.youtub(16722): The ClassLoaderContext is a special shared library.
11-16 09:56:23.000: D/MusicLifecycle(16578): com.google.android.music.download.EncapsulatedBroadcastReceiver$1 generated event: Broadcast received with context com.google.android.music.ui.PhoneMusicApplication@efd1d67 and intent Intent { act=com.google.android.music.download.keepon.KeeponSchedulingService.START_DOWNLOAD flg=0x10 }
11-16 09:56:23.000: I/NearbyMessages(9003): OfflineCache: old scanner cache is not enabled [CONTEXT service_id=62 ]
11-16 09:56:23.001: I/Icing(11917): Usage reports ok 2, Failed Usage reports 0, indexed 0, rejected 0
11-16 09:56:23.007: W/YT(16722): Last known version:13.23.60
11-16 09:56:23.025: W/WearableService(9003): onGetService: Wear is not available on this device.
11-16 09:56:23.029: D/AwarenessRouter(16578): 0 new fences
11-16 09:56:23.037: D/AwarenessRouter(16578): 0 fences already registered
11-16 09:56:23.046: D/AwarenessRouter(16578): Successfully removed 0 context fences
11-16 09:56:23.053: W/YouTube(16722): Fetching the Gservices key 'failsafe_clear_cache_release_13_02' before the end of the bulk initialization
11-16 09:56:23.075: I/NearbyDiscovery(9003): Show notifications: 0 total, no changes since last shown, no-op. [CONTEXT service_id=49 ]
11-16 09:56:23.093: E/android.youtub(16722): The String#value field is not present on Android versions >= 6.0
11-16 09:56:23.101: I/NearbyDiscovery(9003): FastPairScanner2: isScreenOn=true, scanWithScreenOff=false, isLocationEnabled=true, disableLocationRequirement=false, isDiscoveryScanningEnabled=true [CONTEXT service_id=49 ]
11-16 09:56:23.115: D/BluetoothAdapter(9003): isLeEnabled(): OFF
11-16 09:56:23.117: E/YouTube(16722): flushBinderConnectionCallbacks is unverified on SDK 28
11-16 09:56:23.117: D/ConnectivityService(1164): Returning BLOCKED NetworkInfo to uid=10080
11-16 09:56:23.128: I/NearbyDiscovery(9003): FastPairScanner2: eventType=SERVICE_INITIALIZE, intReq=false, scanning=false, scanAllowed=true, bleEnabled=false, bleScanAvailable=false, lockScanRate=false [CONTEXT service_id=49 ]
11-16 09:56:23.129: I/NearbyDiscovery(9003): FastPairScanner2: register location ble observer [CONTEXT service_id=49 ]
11-16 09:56:23.131: I/NearbyDiscovery(9003): FastPairScanner2: BLE not available, eventType=SERVICE_INITIALIZE [CONTEXT service_id=49 ]
11-16 09:56:23.138: I/NearbyDiscovery(9003): FastPair: HeadsetPieceImage, grant permission files:0 [CONTEXT service_id=49 ]
11-16 09:56:23.138: I/NearbyDiscovery(9003): FastPairEventStream: Initialize event stream [CONTEXT service_id=49 ]
11-16 09:56:23.139: I/NearbyDiscovery(9003): FastPairHandler: Received action android.net.wifi.STATE_CHANGE [CONTEXT service_id=49 ]
11-16 09:56:23.140: I/NearbyDiscovery(9003): FastPairHandler: Received action android.net.conn.CONNECTIVITY_CHANGE [CONTEXT service_id=49 ]
11-16 09:56:23.147: W/android.youtub(16722): Unknown chunk type '200'.
11-16 09:56:23.154: I/.gms.persisten(9003): Background concurrent copying GC freed 181625(10MB) AllocSpace objects, 44(1544KB) LOS objects, 49% free, 13MB/26MB, paused 972us total 256.234ms
11-16 09:56:23.168: E/YouTube(16722): Failed delayed event dispatch, no dispatchers.
11-16 09:56:23.170: I/android.youtub(16722): The ClassLoaderContext is a special shared library.
11-16 09:56:23.186: I/chatty(16722): uid=10080(com.google.android.youtube) initCrit2-2 identical 1 line
11-16 09:56:23.213: I/android.youtub(16722): The ClassLoaderContext is a special shared library.
11-16 09:56:23.216: I/Icing(11917): Indexing com.google.android.gms-apps from com.google.android.gms
11-16 09:56:23.277: I/CrashMetricService(16722): Startup metric for 'PRIMES_CRASH_MONITORING_INITIALIZED' dropped.
11-16 09:56:23.290: I/Dialer(16473): Flags.register - commit succeeded: true
11-16 09:56:23.300: W/PhenotypeConfigurationU(9003): Update for unknown DeviceConfig package com.google.android.gms.car [CONTEXT service_id=204 ]
11-16 09:56:23.300: W/PhenotypeConfigurationU(9003): akjf: No package exists for config package: com.google.android.gms.car
11-16 09:56:23.300: W/PhenotypeConfigurationU(9003): 	at com.google.android.gms.platformconfigurator.PhenotypeConfigurationUpdateListener.a(:com.google.android.gms@213614028@21.36.14 (100400-395708125):7)
11-16 09:56:23.300: W/PhenotypeConfigurationU(9003): 	at com.google.android.gms.platformconfigurator.PhenotypeConfigurationUpdateListener.onHandleIntent(:com.google.android.gms@213614028@21.36.14 (100400-395708125):5)
11-16 09:56:23.300: W/PhenotypeConfigurationU(9003): 	at com.google.android.chimera.IntentOperation.onHandleIntent(:com.google.android.gms@213614028@21.36.14 (100400-395708125):2)
11-16 09:56:23.300: W/PhenotypeConfigurationU(9003): 	at pld.onHandleIntent(:com.google.android.gms@213614028@21.36.14 (100400-395708125):4)
11-16 09:56:23.300: W/PhenotypeConfigurationU(9003): 	at dpb.run(:com.google.android.gms@213614028@21.36.14 (100400-395708125):5)
11-16 09:56:23.300: W/PhenotypeConfigurationU(9003): 	at dpa.run(:com.google.android.gms@213614028@21.36.14 (100400-395708125):11)
11-16 09:56:23.300: W/PhenotypeConfigurationU(9003): 	at bfyg.run(:com.google.android.gms@213614028@21.36.14 (100400-395708125):2)
11-16 09:56:23.300: W/PhenotypeConfigurationU(9003): 	at java.util.concurrent.ThreadPoolExecutor.runWorker(ThreadPoolExecutor.java:1167)
11-16 09:56:23.300: W/PhenotypeConfigurationU(9003): 	at java.util.concurrent.ThreadPoolExecutor$Worker.run(ThreadPoolExecutor.java:641)
11-16 09:56:23.300: W/PhenotypeConfigurationU(9003): 	at java.lang.Thread.run(Thread.java:764)
11-16 09:56:23.301: W/atrace(16832): type=1400 audit(0.0:299): avc: denied { write } for name="enable" dev="tracefs" ino=11987 scontext=u:r:shell:s0 tcontext=u:object_r:debugfs_tracing_debug:s0 tclass=file permissive=0
11-16 09:56:23.335: W/SearchServiceCore(8227): Abort, client detached.
11-16 09:56:23.335: W/SearchServiceCore(8227): Abort, client detached.
11-16 09:56:23.337: I/Icing(11917): Indexing done com.google.android.gms-apps
11-16 09:56:23.345: I/android.youtub(16722): Waiting for a blocking GC AddRemoveAppImageSpace
11-16 09:56:23.365: I/ActivityManager(1164): Killing 15810:com.android.chrome/u0a107 (adj 906): empty #17
11-16 09:56:23.366: W/libprocessgroup(1164): kill(-15810, 9) failed: No such process
11-16 09:56:23.367: V/SettingsProvider(1164): Notifying for 0: content://settings/system/gearhead:driving_mode_settings_enabled
11-16 09:56:23.368: E/ExecutionCriteria(9003): Package unavailable for task: com.google.android.apps.gcs/com.google.android.flib.phenotype.services.PhenotypeExperimentCommitService{u=0 tag="PhenotypeExpCommitSvc" trigger=window{start=0s,end=30s,earliest=-877s,latest=-847s} requirements=[NET_ANY] attributes=[PERSISTED] scheduled=-877s last_run=N/A exec_window_multiplier=1.0000 jid=N/A status=PENDING retries=0 client_lib=MANCHEGO_GCM-11732000} [CONTEXT service_id=218 ]
11-16 09:56:23.379: I/Zygote(738): Process 15810 exited due to signal (9)
11-16 09:56:23.383: I/ActivityManager(1164): Start proc 16846:com.google.intelligence.sense/u0a31 for broadcast com.google.intelligence.sense/.ambientmusic.SystemBroadcastReceiver
11-16 09:56:23.386: D/BoundBrokerSvc(11917): onBind: Intent { act=com.google.android.mdd.service.START cmp=com.google.android.gms/.chimera.GmsBoundBrokerService }
11-16 09:56:23.386: D/BoundBrokerSvc(11917): Loading bound service for intent: Intent { act=com.google.android.mdd.service.START cmp=com.google.android.gms/.chimera.GmsBoundBrokerService }
11-16 09:56:23.391: I/android.youtub(16722): WaitForGcToComplete blocked AddRemoveAppImageSpace on AddRemoveAppImageSpace for 44.789ms
11-16 09:56:23.400: I/FirebaseJobDispatcher(1435): onStartJob(): DefaultStickerUpdate.
11-16 09:56:23.400: I/DefaultStickerUpdate(1435): Submitted task to executor service with data=DefaultStickerTaskData{enabled=true, metadataUriPrefix=https://www.gstatic.com/android/keyboard/stickers/configs/v5/, supportedLanguage=en}
11-16 09:56:23.401: E/elligence.sens(16846): Not starting debugger since process cannot load the jdwp agent.
11-16 09:56:23.410: W/libprocessgroup(1164): kill(-15810, 9) failed: No such process
11-16 09:56:23.410: I/libprocessgroup(1164): Successfully killed process cgroup uid 10107 pid 15810 in 44ms
11-16 09:56:23.412: D/NetworkSecurityConfig(1435): No Network Security Config specified, using platform default
11-16 09:56:23.418: I/DefaultStickerUpdate(1435): Started update task with DefaultStickerTaskData{enabled=true, metadataUriPrefix=https://www.gstatic.com/android/keyboard/stickers/configs/v5/, supportedLanguage=en}
11-16 09:56:23.421: E/ExecutionCriteria(9003): Package unavailable for task: com.google.android.apps.gcs/com.google.android.flib.phenotype.services.PhenotypeExperimentCommitService{u=0 tag="PhenotypeExpCommitSvc" trigger=window{start=0s,end=30s,earliest=-877s,latest=-847s} requirements=[NET_ANY] attributes=[PERSISTED] scheduled=-877s last_run=N/A exec_window_multiplier=1.0000 jid=N/A status=PENDING retries=0 client_lib=MANCHEGO_GCM-11732000} [CONTEXT service_id=218 ]
11-16 09:56:23.422: I/elligence.sens(16846): The ClassLoaderContext is a special shared library.
11-16 09:56:23.424: I/DefaultStickerUpdate(1435): Read metadata file from cache with 267141 bytes
11-16 09:56:23.425: W/android.youtub(16722): Unsupported class loader
11-16 09:56:23.432: I/NetworkScheduler.Stats(9003): Task com.google.android.inputmethod.latin/ started execution. cause:7 exec_start_elapsed_seconds: 905 [CONTEXT service_id=218 ]
11-16 09:56:23.434: W/native(16846): commandlineflags.cc:1511 Ignoring RegisterValidateFunction() for flag pointer 0x78ba6db598: no flag found at that address
11-16 09:56:23.438: W/android.youtub(16722): Skipping duplicate class check due to unsupported classloader
11-16 09:56:23.450: I/DynamiteModule(16722): Considering local module com.google.android.gms.ads.dynamite:0 and remote module com.google.android.gms.ads.dynamite:212104400
11-16 09:56:23.451: I/DynamiteModule(16722): Selected remote version of com.google.android.gms.ads.dynamite, version >= 212104400
11-16 09:56:23.455: E/elligence.sens(16846): The String#value field is not present on Android versions >= 6.0
11-16 09:56:23.483: I/Superpacks(16846): Releasing all superpacks except ambientmusic-index-17_09_02
11-16 09:56:23.494: W/NotificationService(1164): Notification policy access denied calling getAutomaticZenRules
11-16 09:56:23.496: I/ActivityManager(1164): Killing 15870:com.android.sdm.plugins.sprintdm/1001 (adj 906): empty #17
11-16 09:56:23.497: W/libprocessgroup(1164): kill(-15870, 9) failed: No such process
11-16 09:56:23.505: I/Superpacks(16846): Starting garbage collection
11-16 09:56:23.506: W/Superpacks(16846): isDirectory returned false while listing files for /data/user/0/com.google.intelligence.sense/files/superpacks
