11-16 09:56:17.157: I/GCoreUlr(9003): WorldUpdater received intent Intent { act=com.google.android.location.reporting.ACTION_UPDATE_WORLD cmp=com.google.android.gms/com.google.android.location.reporting.service.DispatchingService (has extras) } with receiverAction com.google.gservices.intent.action.GSERVICES_CHANGED [CONTEXT service_id=22 ]
11-16 09:56:17.163: I/GCoreUlr(9003): WorldUpdater:com.google.gservices.intent.action.GSERVICES_CHANGED: Ensuring that reporting is stopped because of reasons: (no Google accounts) [CONTEXT service_id=22 ]
11-16 09:56:17.168: I/GCoreUlr(9003): Unbound from all signal providers. [CONTEXT service_id=22 ]
11-16 09:56:17.169: I/GmsModuleFndr(11917): Beginning GMS chimera module scan
11-16 09:56:17.182: I/GCoreUlr(9003): Unbound from all signal providers. [CONTEXT service_id=22 ]
11-16 09:56:17.182: I/GCoreUlr(9003): Stopping handler for UlrDispSvcFast [CONTEXT service_id=22 ]
11-16 09:56:17.182: I/ModuleSetMgr(11917): Computing pending module set with APKs: [[Pay.optional:213614100000], [VisionOcr.optional:213614100400], [AdsFdrDynamite.integ:212104400100000], [Cronetdynamite:213614100400], [Dynamiteloader:213614100000], [Dynamitemodulesa:213614100000], [Dynamitemodulesc:213614100000], [Googlecertificates:213614100000], [Mapsdynamite:213614100000], [Measurementdynamite:213614100000]]
11-16 09:56:17.183: I/GCoreUlr(9003): DispatchingService ignoring Intent { act=android.net.wifi.WIFI_STATE_CHANGED flg=0x4000010 (has extras) } because ULR inactive [CONTEXT service_id=22 ]
11-16 09:56:17.191: I/SoundTriggerModelLoader(15584): Unloading model 9f6ad62a-1f0b-11e7-87c5-40a8f03d3f15
11-16 09:56:17.192: I/SoundTriggerManagerComp(15584): Unloading model 9f6ad62a-1f0b-11e7-87c5-40a8f03d3f15
11-16 09:56:17.192: I/SoundTriggerService(1164): deleteSoundModel(): id = 9f6ad62a-1f0b-11e7-87c5-40a8f03d3f15
11-16 09:56:17.192: W/SoundTriggerHelper(1164): Unload error: Attempting unload invalid generic model with id:9f6ad62a-1f0b-11e7-87c5-40a8f03d3f15
11-16 09:56:17.194: V/BackupManagerConstants(1164): getFullBackupRequiredNetworkType(...) returns 2
11-16 09:56:17.194: V/BackupManagerConstants(1164): getFullBackupRequireCharging(...) returns true
11-16 09:56:17.196: I/ModuleSetMgr(11917): Pending container module APKs: [[Pay.optional:213614100000], [VisionOcr.optional:213614100400]]
11-16 09:56:17.196: I/ModuleSetMgr(11917): Pending non-container module APKs: []
11-16 09:56:17.206: I/SettingsActivityAvailab(15484): Disabling com.google.android.apps.multidevice.client.ui.pixel.SettingsActivity.
11-16 09:56:17.207: E/GooglePlayServicesUtil(15464): The Google Play services resources were not found. Check your project configuration to ensure that the resources are included.
11-16 09:56:17.208: D/GservicesChangeReceiver(3909): Gservices Changed broadcast Received. context is android.app.ReceiverRestrictedContext@b242eb4
11-16 09:56:17.208: D/GservicesChangeReceiver(3909): Gservices allowPowerAnomalyData is False.
11-16 09:56:17.210: D/ConnectivityMonitorManager(3909): Service com.google.android.connectivitymonitor.PowerAnomalyDetectorService is not running...
11-16 09:56:17.211: W/PackageParser(11917): Unknown element under <manifest>: queries at /data/user_de/0/com.google.android.gms/app_chimera/m/00000007/AdsDynamite.apk Binary XML file line #5
11-16 09:56:17.213: D/GservicesChangeReceiver(3909): Gservices allowLowPowerMonitoring is False.
11-16 09:56:17.214: D/ConnectivityMonitorManager(3909): Service com.google.android.connectivitymonitor.LowPowerMonitorService is not running...
11-16 09:56:17.218: D/GservicesChangeReceiver(3909): Gservices isConnectivityMonitorEnabled is True.
11-16 09:56:17.219: D/ConnectivityMonitorManager(3909): Service com.google.android.connectivitymonitor.ConnectivityMonitorService is running...
11-16 09:56:17.220: D/ConnMetrics:App(15464): IsOptedIn = false
11-16 09:56:17.225: I/EuiccGoogle(15503): [2] GservicesChangedReceiver.onReceive: Setting EUICC_SUPPORTED_COUNTRIES to de,gb,in,us
11-16 09:56:17.229: I/Backup(11917): [GmsBackupStatusChangeReceiver] Going to enable gms backup transport.
11-16 09:56:17.240: I/RecoverableKeyStoreGms(11917): [RecoverableKeyStoreGmsInitOperation] Initializing auth_folsom
11-16 09:56:17.242: I/RecoverableKeyStoreGms(11917): [RecoverableKeyStoreGmsInitOperation] com.google.android.gms.auth.folsom.service.FolsomPublicKeyUpdateService is already enabled. Ignore.
11-16 09:56:17.244: I/Herrevad(9003): [926] zcq.a: updateListenState
11-16 09:56:17.244: I/BgTaskExecutorImpl(8227): Starting NONEXCLUSIVE background task UPDATE_GSERVICES_CONFIG.
11-16 09:56:17.245: I/ChromeSync(11917): [Sync,SyncIntentOperation] Handling the intent: Intent { act=com.google.gservices.intent.action.GSERVICES_CHANGED flg=0x1000010 pkg=com.google.android.gms cmp=com.google.android.gms/.chimera.GmsIntentOperationService$PersistentInternalReceiver }.
11-16 09:56:17.245: I/NetRec(9003): [923] aiad.a: onConfigChanged()
11-16 09:56:17.245: I/RecoverableKeyStoreGms(11917): [RecoverableKeyStoreGmsInitOperation] com.google.android.gms.auth.folsom.service.GcmReceiverService is already enabled. Ignore.
11-16 09:56:17.248: V/RecoverableKeyStoreMgr(1164): Not updating secret types - same as old value.
11-16 09:56:17.248: I/RecoverableKeyStoreGms(11917): [RecoverableKeyStoreGmsInitOperation] Setting vault handle
11-16 09:56:17.249: V/RecoverableKeyStoreMgr(1164): Not updating server params - same as old value.
11-16 09:56:17.249: I/RecoverableKeyStoreGms(11917): [EnrollmentManager] Returning certificates list from cache
11-16 09:56:17.251: I/NetRec(9003): [923] aiad.a: Cancelling all NetRec GCM tasks
11-16 09:56:17.252: W/SearchServiceCore(8227): Abort, client detached.
11-16 09:56:17.252: I/Auth(9003): [AuthManaged, PasswordComplexityHelperImpl] Updating password complexity components state.
11-16 09:56:17.252: I/Auth(9003): [AuthManaged, PasswordComplexityHelperImpl] Enabling com.google.android.gms.auth.managed.ui.SetNewPasswordActivity
11-16 09:56:17.253: I/GservicesUpdateTask(8227): Updating Gservices keys
11-16 09:56:17.256: I/MS_Utils(11917): version of com.google.android.apps.maps = 1022101040
11-16 09:56:17.258: I/MdiSyncModule(11917): flag handling is skipping irrelevant intent.
11-16 09:56:17.260: I/GmsModuleFndr(11917): Beginning GMS chimera module scan
11-16 09:56:17.263: W/DynamiteModule(11917): Local module descriptor class for com.google.android.gms.vision.dynamite.ocr not found.
11-16 09:56:17.264: I/DynamiteModule(11917): Considering local module com.google.android.gms.vision.dynamite.ocr:0 and remote module com.google.android.gms.vision.dynamite.ocr:0
11-16 09:56:17.264: I/NetRec(9003): [923] ClearDatabaseService.onHandleIntent: Clearing score cache
11-16 09:56:17.264: I/DynamiteModule(11917): Considering local module com.google.android.gms.vision.ocr:0 and remote module com.google.android.gms.vision.ocr:1
11-16 09:56:17.264: I/DynamiteModule(11917): Selected remote version of com.google.android.gms.vision.ocr, version >= 1
11-16 09:56:17.266: I/MobileDataHub(11917): Scheduling periodic tasks
11-16 09:56:17.268: I/native(11917): I1116 09:56:17.267973   15372 start_ocr_856638336_langid.cc:35] StartOcr with label: latin_script_gmvapi_android
11-16 09:56:17.268: I/SystemUpdate(11917): [Installation,ReceiverIntentOperation] Received intent: Intent { act=com.google.gservices.intent.action.GSERVICES_CHANGED flg=0x1000010 pkg=com.google.android.gms cmp=com.google.android.gms/.chimera.GmsIntentOperationService$PersistentInternalReceiver }.
11-16 09:56:17.268: I/native(11917): I1116 09:56:17.268101   15372 start_ocr_856638336_langid.cc:44] StartOcr success
11-16 09:56:17.269: W/MobileDataHub(11917): [Service] appsupload-periodic periodic task disabled
11-16 09:56:17.270: I/OcrModelUpStIntentOp(11917): Downloading text recognizer
11-16 09:56:17.290: I/RecoverableKeyStoreMgr(1164): The cert file serial number is the same, so skip updating.
11-16 09:56:17.290: I/RecoverableKeyStoreGms(11917): [EnrollmentManager] Recovery service is initialized.
11-16 09:56:17.292: I/RecoverySnapshotLstnrs(1164): Registered listener for agent with uid 10007
11-16 09:56:17.293: D/wifi-jni(1164): no kernel logs
11-16 09:56:17.291: W/Binder:1164_C(1164): type=1400 audit(0.0:284): avc: denied { syslog_read } for scontext=u:r:system_server:s0 tcontext=u:r:kernel:s0 tclass=system permissive=0
11-16 09:56:17.294: E/RecoverySnapshotStorage(1164): Error reading snapshot for 10007 from disk
11-16 09:56:17.294: E/RecoverySnapshotStorage(1164): java.io.FileNotFoundException: /data/system/recoverablekeystore/snapshots/10007.xml (No such file or directory)
11-16 09:56:17.294: E/RecoverySnapshotStorage(1164): 	at java.io.FileInputStream.open0(Native Method)
11-16 09:56:17.294: E/RecoverySnapshotStorage(1164): 	at java.io.FileInputStream.open(FileInputStream.java:231)
11-16 09:56:17.294: E/RecoverySnapshotStorage(1164): 	at java.io.FileInputStream.<init>(FileInputStream.java:165)
11-16 09:56:17.294: E/RecoverySnapshotStorage(1164): 	at com.android.server.locksettings.recoverablekeystore.storage.RecoverySnapshotStorage.readFromDisk(RecoverySnapshotStorage.java:152)
11-16 09:56:17.294: E/RecoverySnapshotStorage(1164): 	at com.android.server.locksettings.recoverablekeystore.storage.RecoverySnapshotStorage.get(RecoverySnapshotStorage.java:104)
11-16 09:56:17.294: E/RecoverySnapshotStorage(1164): 	at com.android.server.locksettings.recoverablekeystore.RecoverableKeyStoreManager.getKeyChainSnapshot(RecoverableKeyStoreManager.java:331)
11-16 09:56:17.294: E/RecoverySnapshotStorage(1164): 	at com.android.server.locksettings.LockSettingsService.getKeyChainSnapshot(LockSettingsService.java:2032)
11-16 09:56:17.294: E/RecoverySnapshotStorage(1164): 	at com.android.internal.widget.ILockSettings$Stub.onTransact(ILockSettings.java:356)
11-16 09:56:17.294: E/RecoverySnapshotStorage(1164): 	at android.os.Binder.execTransact(Binder.java:731)
11-16 09:56:17.300: I/RecoverableKeyStoreGms(11917): [WrappingKeyManager] Can't generate wrapping key - missing lock screeen
11-16 09:56:17.321: W/NetworkScheduler(9003): The extras of the task is not valid to be persisted so that the task is not persisted [CONTEXT service_id=218 ]
11-16 09:56:17.321: W/NetworkScheduler(9003): java.lang.IllegalArgumentException: Only the following extra parameter types are supported: Integer, Long, Double, String, Boolean, and nested Bundles with the same restrictions.
11-16 09:56:17.321: W/NetworkScheduler(9003): 	at abno.f(:com.google.android.gms@213614028@21.36.14 (100400-395708125):6)
11-16 09:56:17.321: W/NetworkScheduler(9003): 	at amdu.g(:com.google.android.gms@213614028@21.36.14 (100400-395708125):37)
11-16 09:56:17.321: W/NetworkScheduler(9003): 	at amdd.n(:com.google.android.gms@213614028@21.36.14 (100400-395708125):3)
11-16 09:56:17.321: W/NetworkScheduler(9003): 	at amdd.u(:com.google.android.gms@213614028@21.36.14 (100400-395708125):20)
11-16 09:56:17.321: W/NetworkScheduler(9003): 	at amdd.g(:com.google.android.gms@213614028@21.36.14 (100400-395708125):3)
11-16 09:56:17.321: W/NetworkScheduler(9003): 	at alzy.run(:com.google.android.gms@213614028@21.36.14 (100400-395708125):9)
11-16 09:56:17.321: W/NetworkScheduler(9003): 	at rgh.c(:com.google.android.gms@213614028@21.36.14 (100400-395708125):6)
11-16 09:56:17.321: W/NetworkScheduler(9003): 	at rgh.run(:com.google.android.gms@213614028@21.36.14 (100400-395708125):8)
11-16 09:56:17.321: W/NetworkScheduler(9003): 	at java.util.concurrent.ThreadPoolExecutor.runWorker(ThreadPoolExecutor.java:1167)
11-16 09:56:17.321: W/NetworkScheduler(9003): 	at java.util.concurrent.ThreadPoolExecutor$Worker.run(ThreadPoolExecutor.java:641)
11-16 09:56:17.321: W/NetworkScheduler(9003): 	at rkn.run(:com.google.android.gms@213614028@21.36.14 (100400-395708125):0)
11-16 09:56:17.321: W/NetworkScheduler(9003): 	at java.lang.Thread.run(Thread.java:764)
11-16 09:56:17.321: I/ModuleSetMgr(11917): Computing pending module set with APKs: [[Pay.optional:213614100000], [VisionOcr.optional:213614100400], [AdsFdrDynamite.integ:212104400100000], [Cronetdynamite:213614100400], [Dynamiteloader:213614100000], [Dynamitemodulesa:213614100000], [Dynamitemodulesc:213614100000], [Googlecertificates:213614100000], [Mapsdynamite:213614100000], [Measurementdynamite:213614100000]]
11-16 09:56:17.325: D/QSEECOMAPI(15561): QSEECom_get_handle sb_length = 0x400
11-16 09:56:17.325: D/QSEECOMAPI(15561): App is already loaded QSEE and app id = 1
11-16 09:56:17.327: E/fpc_tac(15561): qsee_km_get_encapsulated_key KEYMASTER_GET_AUTH_TOKEN_KEY returned status=-24
11-16 09:56:17.327: D/QSEECOMAPI(15561): QSEECom_dealloc_memory 
11-16 09:56:17.327: D/QSEECOMAPI(15561): QSEECom_shutdown_app, app_id = 1
11-16 09:56:17.327: E/fpc_fingerprint_hal(15561): fpc_hal_open failed
11-16 09:56:17.329: I/EventHub(1164): Removing device '/dev/input/event3' due to inotify event
11-16 09:56:17.329: I/GCoreUlr(9003): DispatchingService ignoring Intent { act=android.net.wifi.WIFI_STATE_CHANGED flg=0x4000010 (has extras) } because ULR inactive [CONTEXT service_id=22 ]
11-16 09:56:17.329: I/EventHub(1164): Removed device: path=/dev/input/event3 name=uinput-fpc id=182 fd=333 classes=0x101
11-16 09:56:17.329: W/EventHub(1164): built-in keyboard device /dev/input/event3 (id=182) is closing! the apps will not like this
11-16 09:56:17.329: W/InputReader(1164): Ignoring spurious device removed event for deviceId 182.
11-16 09:56:17.340: I/GCoreUlr(9003): WorldUpdater received intent Intent { act=com.google.android.location.reporting.ACTION_UPDATE_WORLD cmp=com.google.android.gms/com.google.android.location.reporting.service.DispatchingService (has extras) } with receiverAction com.google.gservices.intent.action.GSERVICES_CHANGED [CONTEXT service_id=22 ]
11-16 09:56:17.341: I/akhr(9003): Scheduling Phenotype for a PhenotypeSyncImmediately(6, com.google.android.gms.testsupport) one off with window [1, 2] in seconds [CONTEXT service_id=51 ]
11-16 09:56:17.344: I/SoundTriggerModelLoader(15584): Unloading model 9f6ad62a-1f0b-11e7-87c5-40a8f03d3f15
11-16 09:56:17.344: I/SoundTriggerManagerComp(15584): Unloading model 9f6ad62a-1f0b-11e7-87c5-40a8f03d3f15
11-16 09:56:17.345: I/SoundTriggerService(1164): deleteSoundModel(): id = 9f6ad62a-1f0b-11e7-87c5-40a8f03d3f15
11-16 09:56:17.345: W/SoundTriggerHelper(1164): Unload error: Attempting unload invalid generic model with id:9f6ad62a-1f0b-11e7-87c5-40a8f03d3f15
11-16 09:56:17.346: D/QSEECOMAPI(15561): QSEECom_dealloc_memory 
11-16 09:56:17.346: D/QSEECOMAPI(15561): QSEECom_shutdown_app, app_id = 182
11-16 09:56:17.358: I/GCoreUlr(9003): WorldUpdater:com.google.gservices.intent.action.GSERVICES_CHANGED: Ensuring that reporting is stopped because of reasons: (no Google accounts) [CONTEXT service_id=22 ]
11-16 09:56:17.358: I/TestSupport(11917): AwaitCommitOperation: SaveStrategy__enableSaving [CONTEXT service_id=133 ]
11-16 09:56:17.365: I/GCoreUlr(9003): Unbound from all signal providers. [CONTEXT service_id=22 ]
11-16 09:56:17.365: I/TestSupport(11917): AwaitCommitOperation: uncommitted: FlagOverride(com.google.android.gms.auth.api.credentials, , Flag(SaveStrategy__enableSaving, false, 2, 0), false) [CONTEXT service_id=133 ]
11-16 09:56:17.365: I/TestSupport(11917): AwaitCommitOperation:  sleeping for 10 msec. [CONTEXT service_id=133 ]
11-16 09:56:17.365: I/ModuleSetMgr(11917): Pending container module APKs: [[Pay.optional:213614100000], [VisionOcr.optional:213614100400]]
11-16 09:56:17.365: I/ModuleSetMgr(11917): Pending non-container module APKs: []
11-16 09:56:17.377: I/GCoreUlr(9003): Unbound from all signal providers. [CONTEXT service_id=22 ]
11-16 09:56:17.377: I/GCoreUlr(9003): Stopping handler for UlrDispSvcFast [CONTEXT service_id=22 ]
11-16 09:56:17.393: I/gle.android.gm(11917): Background concurrent copying GC freed 140838(7MB) AllocSpace objects, 62(2MB) LOS objects, 50% free, 10MB/20MB, paused 30us total 107.331ms
11-16 09:56:17.399: W/PackageParser(11917): Unknown element under <manifest>: queries at /data/user_de/0/com.google.android.gms/app_chimera/m/00000007/AdsDynamite.apk Binary XML file line #5
11-16 09:56:17.411: I/TestSupport(11917): AwaitCommitOperation: uncommitted: FlagOverride(com.google.android.gms.auth.api.credentials, , Flag(SaveStrategy__enableSaving, false, 2, 0), false) [CONTEXT service_id=133 ]
11-16 09:56:17.412: I/TestSupport(11917): AwaitCommitOperation:  sleeping for 20 msec. [CONTEXT service_id=133 ]
11-16 09:56:17.422: I/GmsModuleFndr(11917): Beginning GMS chimera module scan
11-16 09:56:17.427: W/PhenotypeConfigurationU(9003): Update for unknown DeviceConfig package com.google.android.gms.auth.api.credentials [CONTEXT service_id=204 ]
11-16 09:56:17.427: W/PhenotypeConfigurationU(9003): akjf: No package exists for config package: com.google.android.gms.auth.api.credentials
11-16 09:56:17.427: W/PhenotypeConfigurationU(9003): 	at com.google.android.gms.platformconfigurator.PhenotypeConfigurationUpdateListener.a(:com.google.android.gms@213614028@21.36.14 (100400-395708125):7)
11-16 09:56:17.427: W/PhenotypeConfigurationU(9003): 	at com.google.android.gms.platformconfigurator.PhenotypeConfigurationUpdateListener.onHandleIntent(:com.google.android.gms@213614028@21.36.14 (100400-395708125):5)
11-16 09:56:17.427: W/PhenotypeConfigurationU(9003): 	at com.google.android.chimera.IntentOperation.onHandleIntent(:com.google.android.gms@213614028@21.36.14 (100400-395708125):2)
11-16 09:56:17.427: W/PhenotypeConfigurationU(9003): 	at pld.onHandleIntent(:com.google.android.gms@213614028@21.36.14 (100400-395708125):4)
11-16 09:56:17.427: W/PhenotypeConfigurationU(9003): 	at dpb.run(:com.google.android.gms@213614028@21.36.14 (100400-395708125):5)
11-16 09:56:17.427: W/PhenotypeConfigurationU(9003): 	at dpa.run(:com.google.android.gms@213614028@21.36.14 (100400-395708125):11)
11-16 09:56:17.427: W/PhenotypeConfigurationU(9003): 	at bfyg.run(:com.google.android.gms@213614028@21.36.14 (100400-395708125):2)
11-16 09:56:17.427: W/PhenotypeConfigurationU(9003): 	at java.util.concurrent.ThreadPoolExecutor.runWorker(ThreadPoolExecutor.java:1167)
11-16 09:56:17.427: W/PhenotypeConfigurationU(9003): 	at java.util.concurrent.ThreadPoolExecutor$Worker.run(ThreadPoolExecutor.java:641)
11-16 09:56:17.427: W/PhenotypeConfigurationU(9003): 	at java.lang.Thread.run(Thread.java:764)
11-16 09:56:17.434: I/ModuleSetMgr(11917): Computing pending module set with APKs: [[Pay.optional:213614100000], [VisionOcr.optional:213614100400], [AdsFdrDynamite.integ:212104400100000], [Cronetdynamite:213614100400], [Dynamiteloader:213614100000], [Dynamitemodulesa:213614100000], [Dynamitemodulesc:213614100000], [Googlecertificates:213614100000], [Mapsdynamite:213614100000], [Measurementdynamite:213614100000]]
11-16 09:56:17.451: I/ModuleSetMgr(11917): Pending container module APKs: [[Pay.optional:213614100000], [VisionOcr.optional:213614100400]]
11-16 09:56:17.451: I/ModuleSetMgr(11917): Pending non-container module APKs: []
11-16 09:56:17.464: W/ip(15681): type=1400 audit(0.0:285): avc: denied { search } for name="net" dev="sda21" ino=4378 scontext=u:r:shell:s0 tcontext=u:object_r:net_data_file:s0 tclass=dir permissive=0
11-16 09:56:17.471: W/PackageParser(11917): Unknown element under <manifest>: queries at /data/user_de/0/com.google.android.gms/app_chimera/m/00000007/AdsDynamite.apk Binary XML file line #5
11-16 09:56:17.472: I/TestSupport(11917): AwaitCommitOperation: FlagOverride(com.google.android.gms.auth.api.credentials, , Flag(SaveStrategy__enableSaving, false, 2, 0), true) committed [CONTEXT service_id=133 ]
11-16 09:56:17.473: I/TestSupport(11917): AwaitCommitOperation: no more uncommitted overrides [CONTEXT service_id=133 ]
11-16 09:56:17.486: I/GmsModuleFndr(11917): Beginning GMS chimera module scan
11-16 09:56:17.487: I/RecoverableKeyStoreGms(11917): [RecoverableKeyStoreGmsInitOperation] Initializing auth_folsom
11-16 09:56:17.488: I/RecoverableKeyStoreGms(11917): [RecoverableKeyStoreGmsInitOperation] com.google.android.gms.auth.folsom.service.FolsomPublicKeyUpdateService is already enabled. Ignore.
11-16 09:56:17.488: I/RecoverableKeyStoreGms(11917): [RecoverableKeyStoreGmsInitOperation] com.google.android.gms.auth.folsom.service.GcmReceiverService is already enabled. Ignore.
11-16 09:56:17.490: I/ChromeSync(11917): [Sync,SyncIntentOperation] Handling the intent: Intent { act=com.google.gservices.intent.action.GSERVICES_CHANGED flg=0x1000010 pkg=com.google.android.gms cmp=com.google.android.gms/.chimera.GmsIntentOperationService$PersistentInternalReceiver }.
11-16 09:56:17.493: I/ModuleSetMgr(11917): Computing pending module set with APKs: [[Pay.optional:213614100000], [VisionOcr.optional:213614100400], [AdsFdrDynamite.integ:212104400100000], [Cronetdynamite:213614100400], [Dynamiteloader:213614100000], [Dynamitemodulesa:213614100000], [Dynamitemodulesc:213614100000], [Googlecertificates:213614100000], [Mapsdynamite:213614100000], [Measurementdynamite:213614100000]]
11-16 09:56:17.493: V/RecoverableKeyStoreMgr(1164): Not updating secret types - same as old value.
11-16 09:56:17.494: I/RecoverableKeyStoreGms(11917): [RecoverableKeyStoreGmsInitOperation] Setting vault handle
11-16 09:56:17.495: I/MobileDataHub(11917): Scheduling periodic tasks
11-16 09:56:17.496: W/MobileDataHub(11917): [Service] appsupload-periodic periodic task disabled
11-16 09:56:17.496: V/RecoverableKeyStoreMgr(1164): Not updating server params - same as old value.
11-16 09:56:17.497: I/MS_Utils(11917): version of com.google.android.apps.maps = 1022101040
11-16 09:56:17.497: I/MdiSyncModule(11917): flag handling is skipping irrelevant intent.
11-16 09:56:17.498: I/ModuleSetMgr(11917): Pending container module APKs: [[Pay.optional:213614100000], [VisionOcr.optional:213614100400]]
11-16 09:56:17.498: I/ModuleSetMgr(11917): Pending non-container module APKs: []
11-16 09:56:17.499: I/RecoverableKeyStoreGms(11917): [EnrollmentManager] Returning certificates list from cache
11-16 09:56:17.500: I/SystemUpdate(11917): [Installation,ReceiverIntentOperation] Received intent: Intent { act=com.google.gservices.intent.action.GSERVICES_CHANGED flg=0x1000010 pkg=com.google.android.gms cmp=com.google.android.gms/.chimera.GmsIntentOperationService$PersistentInternalReceiver }.
11-16 09:56:17.501: W/DynamiteModule(11917): Local module descriptor class for com.google.android.gms.vision.dynamite.ocr not found.
11-16 09:56:17.502: I/DynamiteModule(11917): Considering local module com.google.android.gms.vision.dynamite.ocr:0 and remote module com.google.android.gms.vision.dynamite.ocr:0
11-16 09:56:17.503: I/DynamiteModule(11917): Considering local module com.google.android.gms.vision.ocr:0 and remote module com.google.android.gms.vision.ocr:1
11-16 09:56:17.503: I/DynamiteModule(11917): Selected remote version of com.google.android.gms.vision.ocr, version >= 1
11-16 09:56:17.505: I/native(11917): I1116 09:56:17.505823   15373 start_ocr_856638336_langid.cc:35] StartOcr with label: latin_script_gmvapi_android
11-16 09:56:17.505: I/native(11917): I1116 09:56:17.505981   15373 start_ocr_856638336_langid.cc:44] StartOcr success
11-16 09:56:17.508: I/OcrModelUpStIntentOp(11917): Downloading text recognizer
11-16 09:56:17.519: W/NetworkScheduler(9003): The extras of the task is not valid to be persisted so that the task is not persisted [CONTEXT service_id=218 ]
11-16 09:56:17.519: W/NetworkScheduler(9003): java.lang.IllegalArgumentException: Only the following extra parameter types are supported: Integer, Long, Double, String, Boolean, and nested Bundles with the same restrictions.
11-16 09:56:17.519: W/NetworkScheduler(9003): 	at abno.f(:com.google.android.gms@213614028@21.36.14 (100400-395708125):6)
11-16 09:56:17.519: W/NetworkScheduler(9003): 	at amdu.g(:com.google.android.gms@213614028@21.36.14 (100400-395708125):37)
11-16 09:56:17.519: W/NetworkScheduler(9003): 	at amdd.n(:com.google.android.gms@213614028@21.36.14 (100400-395708125):3)
11-16 09:56:17.519: W/NetworkScheduler(9003): 	at amdd.u(:com.google.android.gms@213614028@21.36.14 (100400-395708125):20)
11-16 09:56:17.519: W/NetworkScheduler(9003): 	at amdd.g(:com.google.android.gms@213614028@21.36.14 (100400-395708125):3)
11-16 09:56:17.519: W/NetworkScheduler(9003): 	at alzy.run(:com.google.android.gms@213614028@21.36.14 (100400-395708125):9)
11-16 09:56:17.519: W/NetworkScheduler(9003): 	at rgh.c(:com.google.android.gms@213614028@21.36.14 (100400-395708125):6)
11-16 09:56:17.519: W/NetworkScheduler(9003): 	at rgh.run(:com.google.android.gms@213614028@21.36.14 (100400-395708125):8)
11-16 09:56:17.519: W/NetworkScheduler(9003): 	at java.util.concurrent.ThreadPoolExecutor.runWorker(ThreadPoolExecutor.java:1167)
11-16 09:56:17.519: W/NetworkScheduler(9003): 	at java.util.concurrent.ThreadPoolExecutor$Worker.run(ThreadPoolExecutor.java:641)
11-16 09:56:17.519: W/NetworkScheduler(9003): 	at rkn.run(:com.google.android.gms@213614028@21.36.14 (100400-395708125):0)
11-16 09:56:17.519: W/NetworkScheduler(9003): 	at java.lang.Thread.run(Thread.java:764)
11-16 09:56:17.525: W/PackageParser(11917): Unknown element under <manifest>: queries at /data/user_de/0/com.google.android.gms/app_chimera/m/00000007/AdsDynamite.apk Binary XML file line #5
11-16 09:56:17.529: I/RecoverableKeyStoreMgr(1164): The cert file serial number is the same, so skip updating.
11-16 09:56:17.529: I/RecoverableKeyStoreGms(11917): [EnrollmentManager] Recovery service is initialized.
11-16 09:56:17.531: I/RecoverySnapshotLstnrs(1164): Registered listener for agent with uid 10007
11-16 09:56:17.532: E/RecoverySnapshotStorage(1164): Error reading snapshot for 10007 from disk
11-16 09:56:17.532: E/RecoverySnapshotStorage(1164): java.io.FileNotFoundException: /data/system/recoverablekeystore/snapshots/10007.xml (No such file or directory)
11-16 09:56:17.532: E/RecoverySnapshotStorage(1164): 	at java.io.FileInputStream.open0(Native Method)
11-16 09:56:17.532: E/RecoverySnapshotStorage(1164): 	at java.io.FileInputStream.open(FileInputStream.java:231)
11-16 09:56:17.532: E/RecoverySnapshotStorage(1164): 	at java.io.FileInputStream.<init>(FileInputStream.java:165)
11-16 09:56:17.532: E/RecoverySnapshotStorage(1164): 	at com.android.server.locksettings.recoverablekeystore.storage.RecoverySnapshotStorage.readFromDisk(RecoverySnapshotStorage.java:152)
11-16 09:56:17.532: E/RecoverySnapshotStorage(1164): 	at com.android.server.locksettings.recoverablekeystore.storage.RecoverySnapshotStorage.get(RecoverySnapshotStorage.java:104)
11-16 09:56:17.532: E/RecoverySnapshotStorage(1164): 	at com.android.server.locksettings.recoverablekeystore.RecoverableKeyStoreManager.getKeyChainSnapshot(RecoverableKeyStoreManager.java:331)
11-16 09:56:17.532: E/RecoverySnapshotStorage(1164): 	at com.android.server.locksettings.LockSettingsService.getKeyChainSnapshot(LockSettingsService.java:2032)
11-16 09:56:17.532: E/RecoverySnapshotStorage(1164): 	at com.android.internal.widget.ILockSettings$Stub.onTransact(ILockSettings.java:356)
11-16 09:56:17.532: E/RecoverySnapshotStorage(1164): 	at android.os.Binder.execTransact(Binder.java:731)
11-16 09:56:17.534: I/RecoverableKeyStoreGms(11917): [WrappingKeyManager] Can't generate wrapping key - missing lock screeen
11-16 09:56:17.551: E/WifiHAL(799): wifi_get_ring_data: Error -5 happened. 
11-16 09:56:17.552: E/WifiVendorHal(1164): getRingBufferData(l.2057) failed {.code = ERROR_INVALID_ARGS, .description = }
11-16 09:56:17.557: I/GmsModuleFndr(11917): Beginning GMS chimera module scan
11-16 09:56:17.562: I/ModuleSetMgr(11917): Computing pending module set with APKs: [[Pay.optional:213614100000], [VisionOcr.optional:213614100400], [AdsFdrDynamite.integ:212104400100000], [Cronetdynamite:213614100400], [Dynamiteloader:213614100000], [Dynamitemodulesa:213614100000], [Dynamitemodulesc:213614100000], [Googlecertificates:213614100000], [Mapsdynamite:213614100000], [Measurementdynamite:213614100000]]
11-16 09:56:17.567: I/ModuleSetMgr(11917): Pending container module APKs: [[Pay.optional:213614100000], [VisionOcr.optional:213614100400]]
11-16 09:56:17.567: I/ModuleSetMgr(11917): Pending non-container module APKs: []
11-16 09:56:17.574: D/wifi-jni(1164): no kernel logs
11-16 09:56:17.571: W/Binder:1164_19(1164): type=1400 audit(0.0:286): avc: denied { syslog_read } for scontext=u:r:system_server:s0 tcontext=u:r:kernel:s0 tclass=system permissive=0
11-16 09:56:17.583: I/TestSupport(11917): AwaitCommitOperation: * [CONTEXT service_id=133 ]
11-16 09:56:17.588: I/TestSupport(11917): AwaitCommitOperation: FlagOverride(com.google.android.gms.auth.api.credentials, , Flag(SaveStrategy__enableSaving, false, 2, 0), true) committed [CONTEXT service_id=133 ]
11-16 09:56:17.588: I/TestSupport(11917): AwaitCommitOperation: no more uncommitted overrides [CONTEXT service_id=133 ]
11-16 09:56:17.673: I/TSDRIVER(15435): Handled command: PACKAGE
11-16 09:56:17.761: E/WifiHAL(799): wifi_get_ring_data: Error -5 happened. 
11-16 09:56:17.761: E/WifiVendorHal(1164): getRingBufferData(l.2057) failed {.code = ERROR_INVALID_ARGS, .description = }
11-16 09:56:17.767: I/TSDRIVER(15435): CommandService onHandleIntent()
11-16 09:56:17.767: I/TSDRIVER(15435): Got command: PACKAGE
11-16 09:56:17.767: I/TSDRIVER(15435): flag package: Eh9jb20uZ29vZ2xlLmFuZHJvaWQuZ21zLmF1dG9maWxsGhQKEGF1dG9maWxsX2VuYWJsZWQYACg+
11-16 09:56:17.768: I/TSDRIVER(15435): flag package: com.google.android.gms.autofill
11-16 09:56:17.772: I/TestSupport(11917): SetFlagOverridesOperation: com.google.android.gms.autofill, '', [Flag(autofill_enabled, false, 2, 0)] [CONTEXT service_id=133 ]
11-16 09:56:17.786: I/TestSupport(11917): AwaitCommitOperation: autofill_enabled [CONTEXT service_id=133 ]
11-16 09:56:17.792: I/TestSupport(11917): AwaitCommitOperation: uncommitted: FlagOverride(com.google.android.gms.autofill, , Flag(autofill_enabled, false, 2, 0), false) [CONTEXT service_id=133 ]
11-16 09:56:17.792: I/TestSupport(11917): AwaitCommitOperation:  sleeping for 10 msec. [CONTEXT service_id=133 ]
11-16 09:56:17.794: W/Binder:1164_19(1164): type=1400 audit(0.0:287): avc: denied { syslog_read } for scontext=u:r:system_server:s0 tcontext=u:r:kernel:s0 tclass=system permissive=0
11-16 09:56:17.798: D/wifi-jni(1164): no kernel logs
11-16 09:56:17.816: W/PhenotypeConfigurationU(9003): Update for unknown DeviceConfig package com.google.android.gms.autofill [CONTEXT service_id=204 ]
11-16 09:56:17.816: W/PhenotypeConfigurationU(9003): akjf: No package exists for config package: com.google.android.gms.autofill
11-16 09:56:17.816: W/PhenotypeConfigurationU(9003): 	at com.google.android.gms.platformconfigurator.PhenotypeConfigurationUpdateListener.a(:com.google.android.gms@213614028@21.36.14 (100400-395708125):7)
11-16 09:56:17.816: W/PhenotypeConfigurationU(9003): 	at com.google.android.gms.platformconfigurator.PhenotypeConfigurationUpdateListener.onHandleIntent(:com.google.android.gms@213614028@21.36.14 (100400-395708125):5)
11-16 09:56:17.816: W/PhenotypeConfigurationU(9003): 	at com.google.android.chimera.IntentOperation.onHandleIntent(:com.google.android.gms@213614028@21.36.14 (100400-395708125):2)
11-16 09:56:17.816: W/PhenotypeConfigurationU(9003): 	at pld.onHandleIntent(:com.google.android.gms@213614028@21.36.14 (100400-395708125):4)
11-16 09:56:17.816: W/PhenotypeConfigurationU(9003): 	at dpb.run(:com.google.android.gms@213614028@21.36.14 (100400-395708125):5)
11-16 09:56:17.816: W/PhenotypeConfigurationU(9003): 	at dpa.run(:com.google.android.gms@213614028@21.36.14 (100400-395708125):11)
11-16 09:56:17.816: W/PhenotypeConfigurationU(9003): 	at bfyg.run(:com.google.android.gms@213614028@21.36.14 (100400-395708125):2)
11-16 09:56:17.816: W/PhenotypeConfigurationU(9003): 	at java.util.concurrent.ThreadPoolExecutor.runWorker(ThreadPoolExecutor.java:1167)
11-16 09:56:17.816: W/PhenotypeConfigurationU(9003): 	at java.util.concurrent.ThreadPoolExecutor$Worker.run(ThreadPoolExecutor.java:641)
11-16 09:56:17.816: W/PhenotypeConfigurationU(9003): 	at java.lang.Thread.run(Thread.java:764)
11-16 09:56:17.820: I/TestSupport(11917): AwaitCommitOperation: FlagOverride(com.google.android.gms.autofill, , Flag(autofill_enabled, false, 2, 0), true) committed [CONTEXT service_id=133 ]
11-16 09:56:17.820: I/TestSupport(11917): AwaitCommitOperation: no more uncommitted overrides [CONTEXT service_id=133 ]
11-16 09:56:17.827: I/PTCommittedOperation(9003): Receive new configuration for com.google.android.gms.autofill
11-16 09:56:17.837: W/ModuleInitIntentOp(11917): Dropping unexpected action com.google.android.gms.phenotype.COMMITTED
11-16 09:56:17.838: I/ChromeSync(11917): [Sync,SyncIntentOperation] Handling the intent: Intent { act=com.google.android.gms.phenotype.COMMITTED flg=0x10 pkg=com.google.android.gms cmp=com.google.android.gms/.chimera.GmsIntentOperationService (has extras) }.
11-16 09:56:17.854: I/MdiSyncModule(11917): flag handling is skipping irrelevant intent.
11-16 09:56:17.857: W/ModuleInitIntentOp(11917): Dropping unexpected action com.google.android.gms.phenotype.COMMITTED
11-16 09:56:17.896: I/GmsSyncPolicyEngine(11917): Periodic sync 4 disabled by policy, cancelled.
11-16 09:56:17.938: I/TestSupport(11917): AwaitCommitOperation: * [CONTEXT service_id=133 ]
11-16 09:56:17.948: I/TestSupport(11917): AwaitCommitOperation: FlagOverride(com.google.android.gms.autofill, , Flag(autofill_enabled, false, 2, 0), true) committed [CONTEXT service_id=133 ]
11-16 09:56:17.948: I/TestSupport(11917): AwaitCommitOperation: no more uncommitted overrides [CONTEXT service_id=133 ]
11-16 09:56:18.053: I/TSDRIVER(15435): Handled command: PACKAGE
11-16 09:56:18.162: I/TSDRIVER(15435): CommandService onHandleIntent()
11-16 09:56:18.162: I/TSDRIVER(15435): Got command: PACKAGE
11-16 09:56:18.163: I/TSDRIVER(15435): flag package: EiNjb20uZ29vZ2xlLmFuZHJvaWQuZ21zLmF1dGhfYWNjb3VudBodChlhdXRoX3NpZ19vdmVycmlkZV9lbmFibGVkGAAoPg
11-16 09:56:18.164: I/TSDRIVER(15435): flag package: com.google.android.gms.auth_account
11-16 09:56:18.176: I/TestSupport(11917): SetFlagOverridesOperation: com.google.android.gms.auth_account, '', [Flag(auth_sig_override_enabled, false, 2, 0)] [CONTEXT service_id=133 ]
11-16 09:56:18.194: I/TestSupport(11917): AwaitCommitOperation: auth_sig_override_enabled [CONTEXT service_id=133 ]
11-16 09:56:18.201: I/TestSupport(11917): AwaitCommitOperation: uncommitted: FlagOverride(com.google.android.gms.auth_account, , Flag(auth_sig_override_enabled, false, 2, 0), false) [CONTEXT service_id=133 ]
11-16 09:56:18.201: I/TestSupport(11917): AwaitCommitOperation:  sleeping for 10 msec. [CONTEXT service_id=133 ]
11-16 09:56:18.229: I/TestSupport(11917): AwaitCommitOperation: FlagOverride(com.google.android.gms.auth_account, , Flag(auth_sig_override_enabled, false, 2, 0), true) committed [CONTEXT service_id=133 ]
11-16 09:56:18.230: I/TestSupport(11917): AwaitCommitOperation: no more uncommitted overrides [CONTEXT service_id=133 ]
11-16 09:56:18.245: W/PhenotypeConfigurationU(9003): Update for unknown DeviceConfig package com.google.android.gms.auth_account [CONTEXT service_id=204 ]
11-16 09:56:18.245: W/PhenotypeConfigurationU(9003): akjf: No package exists for config package: com.google.android.gms.auth_account
11-16 09:56:18.245: W/PhenotypeConfigurationU(9003): 	at com.google.android.gms.platformconfigurator.PhenotypeConfigurationUpdateListener.a(:com.google.android.gms@213614028@21.36.14 (100400-395708125):7)
11-16 09:56:18.245: W/PhenotypeConfigurationU(9003): 	at com.google.android.gms.platformconfigurator.PhenotypeConfigurationUpdateListener.onHandleIntent(:com.google.android.gms@213614028@21.36.14 (100400-395708125):5)
11-16 09:56:18.245: W/PhenotypeConfigurationU(9003): 	at com.google.android.chimera.IntentOperation.onHandleIntent(:com.google.android.gms@213614028@21.36.14 (100400-395708125):2)
11-16 09:56:18.245: W/PhenotypeConfigurationU(9003): 	at pld.onHandleIntent(:com.google.android.gms@213614028@21.36.14 (100400-395708125):4)
11-16 09:56:18.245: W/PhenotypeConfigurationU(9003): 	at dpb.run(:com.google.android.gms@213614028@21.36.14 (100400-395708125):5)
11-16 09:56:18.245: W/PhenotypeConfigurationU(9003): 	at dpa.run(:com.google.android.gms@213614028@21.36.14 (100400-395708125):11)
11-16 09:56:18.245: W/PhenotypeConfigurationU(9003): 	at bfyg.run(:com.google.android.gms@213614028@21.36.14 (100400-395708125):2)
11-16 09:56:18.245: W/PhenotypeConfigurationU(9003): 	at java.util.concurrent.ThreadPoolExecutor.runWorker(ThreadPoolExecutor.java:1167)
11-16 09:56:18.245: W/PhenotypeConfigurationU(9003): 	at java.util.concurrent.ThreadPoolExecutor$Worker.run(ThreadPoolExecutor.java:641)
11-16 09:56:18.245: W/PhenotypeConfigurationU(9003): 	at java.lang.Thread.run(Thread.java:764)
11-16 09:56:18.251: I/PTCommittedOperation(9003): Receive new configuration for com.google.android.gms.auth_account
11-16 09:56:18.254: W/ModuleInitIntentOp(11917): Dropping unexpected action com.google.android.gms.phenotype.COMMITTED
11-16 09:56:18.255: I/ChromeSync(11917): [Sync,SyncIntentOperation] Handling the intent: Intent { act=com.google.android.gms.phenotype.COMMITTED flg=0x10 pkg=com.google.android.gms cmp=com.google.android.gms/.chimera.GmsIntentOperationService (has extras) }.
11-16 09:56:18.258: I/MdiSyncModule(11917): flag handling is skipping irrelevant intent.
11-16 09:56:18.261: W/ModuleInitIntentOp(11917): Dropping unexpected action com.google.android.gms.phenotype.COMMITTED
11-16 09:56:18.330: I/TestSupport(11917): AwaitCommitOperation: * [CONTEXT service_id=133 ]
11-16 09:56:18.343: I/TestSupport(11917): AwaitCommitOperation: FlagOverride(com.google.android.gms.auth_account, , Flag(auth_sig_override_enabled, false, 2, 0), true) committed [CONTEXT service_id=133 ]
11-16 09:56:18.344: I/TestSupport(11917): AwaitCommitOperation: no more uncommitted overrides [CONTEXT service_id=133 ]
11-16 09:56:18.443: I/TSDRIVER(15435): Handled command: PACKAGE
11-16 09:56:18.809: D/AndroidRuntime(15735): >>>>>> START com.android.internal.os.RuntimeInit uid 2000 <<<<<<
11-16 09:56:18.865: I/app_process(15735): The ClassLoaderContext is a special shared library.
11-16 09:56:18.892: D/AndroidRuntime(15735): Calling main entry com.android.commands.am.Am
11-16 09:56:17.577: W/PackageParser(11917): Unknown element under <manifest>: queries at /data/user_de/0/com.google.android.gms/app_chimera/m/00000007/AdsDynamite.apk Binary XML file line #5
11-16 09:56:18.897: I/ActivityManager(1164): Force stopping com.google.android.apps.mtaas.tools appid=10156 user=0: start instr
11-16 09:56:18.924: I/ActivityManager(1164): Start proc 15744:com.google.android.apps.mtaas.tools/u0a156 for added application com.google.android.apps.mtaas.tools
11-16 09:56:18.939: E/pps.mtaas.tool(15744): Not starting debugger since process cannot load the jdwp agent.
11-16 09:56:18.994: I/pps.mtaas.tool(15744): The ClassLoaderContext is a special shared library.
11-16 09:56:19.022: I/ActivityManager(1164): Config changes=2004 {1.0 ?mcc?mnc [en] ldltr sw392dp w392dp h713dp 440dpi nrml long hdr widecg port finger -keyb/v/h -nav/h winConfig={ mBounds=Rect(0, 0 - 0, 0) mAppBounds=Rect(0, 0 - 1080, 2028) mWindowingMode=fullscreen mActivityType=undefined} s.9}
11-16 09:56:19.022: D/ActivityManager(1164): Storing locale en for decryption UI
11-16 09:56:19.059: I/ActivityManager(1164): Override config changes=2004 {1.0 ?mcc?mnc [en] ldltr sw392dp w392dp h713dp 440dpi nrml long hdr widecg port finger -keyb/v/h -nav/h winConfig={ mBounds=Rect(0, 0 - 1080, 2028) mAppBounds=Rect(0, 0 - 1080, 2028) mWindowingMode=fullscreen mActivityType=undefined} s.9} for displayId=0
11-16 09:56:19.094: D/ChangeLocale(15744): Instrumentation completed successfully
11-16 09:56:19.098: D/LoaderTask(2313): loadWorkspace: loading default favorites
11-16 09:56:19.102: I/ActivityManager(1164): Force stopping com.google.android.apps.mtaas.tools appid=10156 user=0: finished inst
11-16 09:56:19.103: I/ActivityManager(1164): Killing 15744:com.google.android.apps.mtaas.tools/u0a156 (adj 0): stop com.google.android.apps.mtaas.tools
11-16 09:56:19.104: W/libprocessgroup(1164): kill(-15744, 9) failed: No such process
11-16 09:56:19.108: D/ConnectivityService(1164): releasing NetworkRequest [ TRACK_DEFAULT id=43, [ Capabilities: INTERNET&NOT_RESTRICTED&TRUSTED Unwanted:  Uid: 10107] ] (release request)
11-16 09:56:19.111: W/Binder(1164): Outgoing transactions from this process must be FLAG_ONEWAY
11-16 09:56:19.111: W/Binder(1164): java.lang.Throwable
11-16 09:56:19.111: W/Binder(1164): 	at android.os.BinderProxy.transact(Binder.java:1116)
11-16 09:56:19.111: W/Binder(1164): 	at android.app.IInstrumentationWatcher$Stub$Proxy.instrumentationFinished(IInstrumentationWatcher.java:164)
11-16 09:56:19.111: W/Binder(1164): 	at com.android.server.am.InstrumentationReporter$MyThread.run(InstrumentationReporter.java:86)
11-16 09:56:19.112: D/AndroidRuntime(15735): Shutting down VM
11-16 09:56:19.113: I/EmojiSearchExtension(1435): onDestroy()
11-16 09:56:19.113: I/EmojiSearchExtension(1435): onDeactivate()
11-16 09:56:19.114: W/libprocessgroup(1164): kill(-15744, 9) failed: No such process
11-16 09:56:19.122: I/Zygote(737): Process 15744 exited due to signal (9)
11-16 09:56:19.125: I/ActivityManager(1164): Start proc 15764:com.android.carrierdefaultapp/u0a84 for broadcast com.android.carrierdefaultapp/.CarrierDefaultBroadcastReceiver
11-16 09:56:19.129: E/rrierdefaultap(15764): Not starting debugger since process cannot load the jdwp agent.
11-16 09:56:19.141: W/libprocessgroup(1164): kill(-15744, 9) failed: No such process
11-16 09:56:19.141: I/libprocessgroup(1164): Successfully killed process cgroup uid 10156 pid 15744 in 37ms
11-16 09:56:19.147: W/cr_ContextualSearch(11489): Warning, the 0 state was aborted.
11-16 09:56:19.155: I/rrierdefaultap(15764): The ClassLoaderContext is a special shared library.
11-16 09:56:19.156: I/ActivityManager(1164): Killing 11544:com.android.chrome:sandboxed_process0/u0a107i0 (adj 0): isolated not needed
11-16 09:56:19.156: W/libprocessgroup(1164): Failed to open process cgroup uid 99000 pid 11544: No such file or directory
11-16 09:56:19.156: E/libprocessgroup(1164): Error encountered killing process cgroup uid 99000 pid 11544: No such file or directory
11-16 09:56:19.158: I/ModuleManager(1435): Module object of interface com.google.android.apps.inputmethod.libs.search.emoji.EmojiSearchExtension loaded.
11-16 09:56:19.161: I/MediaFocusControl(1164): abandonAudioFocus() from uid/pid 10107/11489 clientId=android.media.AudioManager@661dff1org.chromium.content.browser.AudioFocusDelegate@f4df7d6
11-16 09:56:19.162: E/cr_BrowserInitializer(11489): Killing process because of locale change.
11-16 09:56:19.162: I/Process(11489): Sending signal. PID: 11489 SIG: 9
11-16 09:56:19.166: D/CarrierDefaultBroadcastReceiver(15764): onReceive intent: android.intent.action.LOCALE_CHANGED
11-16 09:56:19.181: I/Zygote(1481): Process 11544 exited due to signal (9)
11-16 09:56:19.184: I/GoogleInputMethod(1435): onStartInput() : Dummy InputConnection bound
11-16 09:56:19.186: I/HWRSuperpacksManager(1435): onEnabledInputMethodEntriesChanged
11-16 09:56:19.186: I/DictSuperpacksManager(1435): onEnabledInputMethodEntriesChanged
11-16 09:56:19.187: I/ActivityManager(1164): Start proc 15785:com.android.cellbroadcastreceiver/u0a62 for broadcast com.android.cellbroadcastreceiver/.PrivilegedCellBroadcastReceiver
11-16 09:56:19.191: D/KernelUidCpuTimeReader(1164): Removing uids 99002-99002
11-16 09:56:19.191: D/KernelUidCpuTimeReader(1164): Removing uids 99003-99003
11-16 09:56:19.192: D/KernelUidCpuTimeReader(1164): Removing uids 99004-99004
11-16 09:56:19.194: W/InputDispatcher(1164): channel '91fc009 com.android.chrome/com.google.android.apps.chrome.Main (server)' ~ Consumer closed input channel or an error occurred.  events=0x9
11-16 09:56:19.194: E/InputDispatcher(1164): channel '91fc009 com.android.chrome/com.google.android.apps.chrome.Main (server)' ~ Channel is unrecoverably broken and will be disposed!
11-16 09:56:19.194: I/GoogleInputMethod(1435): onFinishInput() : Dummy InputConnection bound
11-16 09:56:19.195: D/ConnectivityService(1164): ConnectivityService NetworkRequestInfo binderDied(NetworkRequest [ LISTEN id=48, [ Capabilities: INTERNET&NOT_RESTRICTED&TRUSTED Unwanted:  Uid: 10107] ], android.os.BinderProxy@edb0793)
11-16 09:56:19.195: I/GoogleInputMethod(1435): onStartInput() : Dummy InputConnection bound
11-16 09:56:19.195: D/ConnectivityService(1164): ConnectivityService NetworkRequestInfo binderDied(NetworkRequest [ TRACK_DEFAULT id=37, [ Capabilities: INTERNET&NOT_RESTRICTED&TRUSTED Unwanted:  Uid: 10107] ], android.os.BinderProxy@e4333d0)
11-16 09:56:19.195: D/ConnectivityService(1164): ConnectivityService NetworkRequestInfo binderDied(NetworkRequest [ LISTEN id=38, [ Capabilities: INTERNET&NOT_RESTRICTED&TRUSTED Unwanted:  Uid: 10107] ], android.os.BinderProxy@f469fc9)
11-16 09:56:19.195: D/ConnectivityService(1164): ConnectivityService NetworkRequestInfo binderDied(NetworkRequest [ LISTEN id=42, [ Capabilities: INTERNET&NOT_RESTRICTED&TRUSTED Unwanted:  Uid: 10107] ], android.os.BinderProxy@43776ce)
11-16 09:56:19.195: D/ConnectivityService(1164): ConnectivityService NetworkRequestInfo binderDied(NetworkRequest [ TRACK_DEFAULT id=47, [ Capabilities: INTERNET&NOT_RESTRICTED&TRUSTED Unwanted:  Uid: 10107] ], android.os.BinderProxy@32489ef)
11-16 09:56:19.195: D/ConnectivityService(1164): ConnectivityService NetworkRequestInfo binderDied(NetworkRequest [ TRACK_DEFAULT id=41, [ Capabilities: INTERNET&NOT_RESTRICTED&TRUSTED Unwanted:  Uid: 10107] ], android.os.BinderProxy@66fbcfc)
11-16 09:56:19.195: I/ActivityManager(1164): Process com.android.chrome (pid 11489) has died: fore TOP 
11-16 09:56:19.196: I/WindowManager(1164): WIN DEATH: Window{91fc009 u0 com.android.chrome/com.google.android.apps.chrome.Main}
11-16 09:56:19.196: W/InputDispatcher(1164): Attempted to unregister already unregistered input channel '91fc009 com.android.chrome/com.google.android.apps.chrome.Main (server)'
11-16 09:56:19.196: D/ConnectivityService(1164): releasing NetworkRequest [ TRACK_DEFAULT id=37, [ Capabilities: INTERNET&NOT_RESTRICTED&TRUSTED Unwanted:  Uid: 10107] ] (release request)
11-16 09:56:19.196: W/libprocessgroup(1164): kill(-11489, 9) failed: No such process
11-16 09:56:19.197: D/ConnectivityService(1164): releasing NetworkRequest [ TRACK_DEFAULT id=47, [ Capabilities: INTERNET&NOT_RESTRICTED&TRUSTED Unwanted:  Uid: 10107] ] (release request)
11-16 09:56:19.197: D/ConnectivityService(1164): releasing NetworkRequest [ TRACK_DEFAULT id=41, [ Capabilities: INTERNET&NOT_RESTRICTED&TRUSTED Unwanted:  Uid: 10107] ] (release request)
11-16 09:56:19.198: I/Zygote(738): Process 11489 exited due to signal (9)
11-16 09:56:19.199: D/BoundBrokerSvc(11917): onUnbind: Intent { act=com.google.android.gms.safetynet.service.START pkg=com.google.android.gms }
11-16 09:56:19.199: W/ActivityManager(1164): Force removing ActivityRecord{55f58c6 u0 com.android.chrome/com.google.android.apps.chrome.Main t3}: app died, no saved state
11-16 09:56:19.202: W/SurfaceFlinger(642): Attempting to destroy on removed layer: AppWindowToken{caa9bb4 token=Token{5c95087 ActivityRecord{55f58c6 u0 com.android.chrome/com.google.android.apps.chrome.Main t3}}}#0
11-16 09:56:19.202: E/oadcastreceive(15785): Not starting debugger since process cannot load the jdwp agent.
11-16 09:56:19.204: I/Zygote(738): Process 11584 exited cleanly (0)
11-16 09:56:19.216: W/libprocessgroup(1164): kill(-11489, 9) failed: No such process
11-16 09:56:19.216: I/libprocessgroup(1164): Successfully killed process cgroup uid 10107 pid 11489 in 19ms
11-16 09:56:19.216: W/ActivityManager(1164): setHasOverlayUi called on unknown pid: 11489
11-16 09:56:19.217: I/ActivityManager(1164): Process com.android.chrome:privileged_process0 (pid 11584) has died: fore SVC 
11-16 09:56:19.223: W/libprocessgroup(1164): kill(-11584, 9) failed: No such process
11-16 09:56:19.223: I/libprocessgroup(1164): Successfully killed process cgroup uid 10107 pid 11584 in 0ms
11-16 09:56:19.229: I/oadcastreceive(15785): The ClassLoaderContext is a special shared library.
11-16 09:56:19.243: D/CellBroadcastReceiver(15785): onReceive Intent { act=android.intent.action.LOCALE_CHANGED flg=0x11200010 cmp=com.android.cellbroadcastreceiver/.PrivilegedCellBroadcastReceiver }
11-16 09:56:19.248: I/ActivityManager(1164): Killing 12020:com.google.android.configupdater/u0a29 (adj 906): empty #17
11-16 09:56:19.249: W/libprocessgroup(1164): kill(-12020, 9) failed: No such process
11-16 09:56:19.259: E/.android.chrom(15810): Not starting debugger since process cannot load the jdwp agent.
11-16 09:56:19.260: I/ActivityManager(1164): Start proc 15810:com.android.chrome/u0a107 for broadcast com.android.chrome/org.chromium.chrome.browser.locale.LocaleChangedBroadcastReceiver
11-16 09:56:19.265: I/Zygote(737): Process 12020 exited due to signal (9)
11-16 09:56:19.272: W/Looper(1164): Slow dispatch took 176ms main h=android.app.ActivityThread$H c=android.app.-$$Lambda$LoadedApk$ReceiverDispatcher$Args$_BumDX2UKsnxLVrE6UJsJZkotuA@61057fb m=0
11-16 09:56:19.275: D/UsbDeviceManager(1164): Clear notification
11-16 09:56:19.275: D/UsbDeviceManager(1164): push notification:Charging this device via USB
11-16 09:56:19.288: W/.android.chrom(15810): JIT profile information will not be recorded: profile file does not exits.
11-16 09:56:19.293: W/libprocessgroup(1164): kill(-12020, 9) failed: No such process
11-16 09:56:19.293: I/libprocessgroup(1164): Successfully killed process cgroup uid 10029 pid 12020 in 44ms
11-16 09:56:19.303: W/SurfaceFlinger(642): Attempting to destroy on removed layer: 2d7fac9 AssistPreviewPanel#0
11-16 09:56:19.316: W/InputMethodManagerService(1164): Illegal subtype state: old subtype = null, new subtype = android.view.inputmethod.InputMethodSubtype@70bfcd7e
11-16 09:56:19.317: D/LoaderTask(2313): loadWorkspace: loading default favorites
11-16 09:56:19.319: W/SurfaceFlinger(642): Attempting to destroy on removed layer: 45cd800 DockedStackDivider#0
