11-16 08:57:08.634: V/ActivityScenario(16543): Activity lifecycle changed event received but ignored because the intent does not match. startActivityIntent=Intent { act=android.intent.action.MAIN cat=[android.intent.category.LAUNCHER] cmp=androidx.compose.testutils.test/androidx.activity.ComponentActivity }, activity.getIntent()=Intent { act=android.intent.action.MAIN cat=[android.intent.category.LAUNCHER] flg=0x10000000 cmp=androidx.compose.testutils.test/androidx.test.core.app.InstrumentationActivityInvoker$EmptyActivity }, activity=androidx.test.core.app.InstrumentationActivityInvoker$EmptyActivity@63505f0
11-16 08:57:08.650: W/.android.chrom(16682): Unsupported class loader
11-16 08:57:08.664: I/GoogleInputMethod(3628): onFinishInput() : Dummy InputConnection bound
11-16 08:57:08.664: I/GoogleInputMethod(3628): onStartInput() : Dummy InputConnection bound
11-16 08:57:08.669: D/android.hardware.power@1.3-service.crosshatch-libperfmgr(776): LAUNCH ON
11-16 08:57:08.684: I/dex2oat(16922): dex2oat took 93.057ms (48.238ms cpu) (threads: 8) arena alloc=2344B (2344B) java alloc=16KB (16400B) native alloc=809KB (828680B) free=1238KB (1268472B)
11-16 08:57:08.693: W/earchbox:searc(10016): Skipping duplicate class check due to unsupported classloader
11-16 08:57:08.707: D/LifecycleMonitor(16543): Lifecycle status change: androidx.test.core.app.InstrumentationActivityInvoker$EmptyActivity@63505f0 in: PAUSED
11-16 08:57:08.707: V/ActivityScenario(16543): Activity lifecycle changed event received but ignored because the intent does not match. startActivityIntent=Intent { act=android.intent.action.MAIN cat=[android.intent.category.LAUNCHER] cmp=androidx.compose.testutils.test/androidx.activity.ComponentActivity }, activity.getIntent()=Intent { act=android.intent.action.MAIN cat=[android.intent.category.LAUNCHER] flg=0x10000000 cmp=androidx.compose.testutils.test/androidx.test.core.app.InstrumentationActivityInvoker$EmptyActivity }, activity=androidx.test.core.app.InstrumentationActivityInvoker$EmptyActivity@63505f0
11-16 08:57:08.718: D/LifecycleMonitor(16543): Lifecycle status change: androidx.test.core.app.InstrumentationActivityInvoker$BootstrapActivity@cdd07cc in: DESTROYED
11-16 08:57:08.718: V/ActivityScenario(16543): Activity lifecycle changed event received but ignored because the intent does not match. startActivityIntent=Intent { act=android.intent.action.MAIN cat=[android.intent.category.LAUNCHER] cmp=androidx.compose.testutils.test/androidx.activity.ComponentActivity }, activity.getIntent()=Intent { act=android.intent.action.MAIN cat=[android.intent.category.LAUNCHER] flg=0x10008000 cmp=androidx.compose.testutils.test/androidx.test.core.app.InstrumentationActivityInvoker$BootstrapActivity (has extras) }, activity=androidx.test.core.app.InstrumentationActivityInvoker$BootstrapActivity@cdd07cc
11-16 08:57:08.718: W/ActivityThread(16543): handleWindowVisibility: no activity for token android.os.BinderProxy@a4fa308
11-16 08:57:08.723: D/LifecycleMonitor(16543): Lifecycle status change: androidx.test.core.app.InstrumentationActivityInvoker$EmptyActivity@1a8c4c6 in: PRE_ON_CREATE
11-16 08:57:08.724: V/ActivityScenario(16543): Activity lifecycle changed event received but ignored because the intent does not match. startActivityIntent=Intent { act=android.intent.action.MAIN cat=[android.intent.category.LAUNCHER] cmp=androidx.compose.testutils.test/androidx.activity.ComponentActivity }, activity.getIntent()=Intent { act=android.intent.action.MAIN cat=[android.intent.category.LAUNCHER] flg=0x10000000 cmp=androidx.compose.testutils.test/androidx.test.core.app.InstrumentationActivityInvoker$EmptyActivity }, activity=androidx.test.core.app.InstrumentationActivityInvoker$EmptyActivity@1a8c4c6
11-16 08:57:08.733: D/LifecycleMonitor(16543): Lifecycle status change: androidx.test.core.app.InstrumentationActivityInvoker$EmptyActivity@1a8c4c6 in: CREATED
11-16 08:57:08.733: V/ActivityScenario(16543): Activity lifecycle changed event received but ignored because the intent does not match. startActivityIntent=Intent { act=android.intent.action.MAIN cat=[android.intent.category.LAUNCHER] cmp=androidx.compose.testutils.test/androidx.activity.ComponentActivity }, activity.getIntent()=Intent { act=android.intent.action.MAIN cat=[android.intent.category.LAUNCHER] flg=0x10000000 cmp=androidx.compose.testutils.test/androidx.test.core.app.InstrumentationActivityInvoker$EmptyActivity }, activity=androidx.test.core.app.InstrumentationActivityInvoker$EmptyActivity@1a8c4c6
11-16 08:57:08.735: D/LifecycleMonitor(16543): Lifecycle status change: androidx.test.core.app.InstrumentationActivityInvoker$EmptyActivity@1a8c4c6 in: STARTED
11-16 08:57:08.736: V/ActivityScenario(16543): Activity lifecycle changed event received but ignored because the intent does not match. startActivityIntent=Intent { act=android.intent.action.MAIN cat=[android.intent.category.LAUNCHER] cmp=androidx.compose.testutils.test/androidx.activity.ComponentActivity }, activity.getIntent()=Intent { act=android.intent.action.MAIN cat=[android.intent.category.LAUNCHER] flg=0x10000000 cmp=androidx.compose.testutils.test/androidx.test.core.app.InstrumentationActivityInvoker$EmptyActivity }, activity=androidx.test.core.app.InstrumentationActivityInvoker$EmptyActivity@1a8c4c6
11-16 08:57:08.737: D/LifecycleMonitor(16543): Lifecycle status change: androidx.test.core.app.InstrumentationActivityInvoker$EmptyActivity@1a8c4c6 in: RESUMED
11-16 08:57:08.737: V/ActivityScenario(16543): Activity lifecycle changed event received but ignored because the intent does not match. startActivityIntent=Intent { act=android.intent.action.MAIN cat=[android.intent.category.LAUNCHER] cmp=androidx.compose.testutils.test/androidx.activity.ComponentActivity }, activity.getIntent()=Intent { act=android.intent.action.MAIN cat=[android.intent.category.LAUNCHER] flg=0x10000000 cmp=androidx.compose.testutils.test/androidx.test.core.app.InstrumentationActivityInvoker$EmptyActivity }, activity=androidx.test.core.app.InstrumentationActivityInvoker$EmptyActivity@1a8c4c6
11-16 08:57:08.667: I/ActivityManager(1144): START u0 {act=android.intent.action.MAIN cat=[android.intent.category.LAUNCHER] flg=0x10000000 cmp=androidx.compose.testutils.test/androidx.test.core.app.InstrumentationActivityInvoker$EmptyActivity} from uid 10172
11-16 08:57:08.738: W/ActivityManager(1144): Background start not allowed: service Intent { cmp=com.google.android.apps.messaging/.shared.datamodel.action.execution.ActionExecutorImpl$EmptyService } to com.google.android.apps.messaging/.shared.datamodel.action.execution.ActionExecutorImpl$EmptyService from pid=15685 uid=10111 pkg=com.google.android.apps.messaging startFg?=false
11-16 08:57:08.742: D/EventBus(16830): No subscribers registered for event class gzh
11-16 08:57:08.742: D/EventBus(16830): No subscribers registered for event class sfa
11-16 08:57:08.742: E/ExecutionCriteria(10825): Package unavailable for task: com.google.android.apps.gcs/com.google.android.flib.phenotype.services.PhenotypeExperimentCommitService{u=0 tag="PhenotypeExpCommitSvc" trigger=window{start=0s,end=30s,earliest=-341s,latest=-311s} requirements=[NET_ANY] attributes=[PERSISTED] scheduled=-341s last_run=N/A exec_window_multiplier=1.0000 jid=N/A status=PENDING retries=0 client_lib=MANCHEGO_GCM-11732000} [CONTEXT service_id=218 ]
11-16 08:57:08.742: W/id.apps.tachyo(16830): Unknown chunk type '200'.
11-16 08:57:08.752: D/SurfaceFlinger(642): duplicate layer name: changing androidx.compose.testutils.test/androidx.test.core.app.InstrumentationActivityInvoker$EmptyActivity to androidx.compose.testutils.test/androidx.test.core.app.InstrumentationActivityInvoker$EmptyActivity#1
11-16 08:57:08.759: E/Backup(13134): [BackupTransportMigratorChimeraService] Could not migrate transport!
11-16 08:57:08.760: I/Backup(13134): [BackupTransportMigratorChimeraService] Starting migration...
11-16 08:57:08.761: W/ActivityManager(1144): Duplicate finish request for ActivityRecord{ecdf159 u0 androidx.compose.testutils.test/androidx.activity.ComponentActivity t6 f}
11-16 08:57:08.763: I/GoogleInputMethod(3628): onFinishInput() : Dummy InputConnection bound
11-16 08:57:08.764: I/GoogleInputMethod(3628): onStartInput() : Dummy InputConnection bound
11-16 08:57:08.765: I/BgTaskExecutorImpl(10016): Starting EXCLUSIVE background task VELOUR_BACKGROUND_MAINTENANCE.
11-16 08:57:08.787: I/cr_ui(16682): Using UI locale en, system locale: en (Android name: en)
11-16 08:57:08.788: I/cr_ui(16682): Missing asset file: locales#lang_en/en-US.pak
11-16 08:57:08.788: I/cr_ui(16682): Missing asset file: locales/en-GB.pak
11-16 08:57:08.788: I/cr_ui(16682): Found asset file: fallback-locales/en-GB.pak
11-16 08:57:08.788: I/cr_ui(16682): Using app bundle locale directory: fallback-locales
11-16 08:57:08.789: I/cr_ui(16682): UI Language: en requires .pak files: [en-GB, en-US]
11-16 08:57:08.791: D/LifecycleMonitor(16543): Lifecycle status change: androidx.test.core.app.InstrumentationActivityInvoker$EmptyActivity@63505f0 in: STOPPED
11-16 08:57:08.792: V/ActivityScenario(16543): Activity lifecycle changed event received but ignored because the intent does not match. startActivityIntent=Intent { act=android.intent.action.MAIN cat=[android.intent.category.LAUNCHER] cmp=androidx.compose.testutils.test/androidx.activity.ComponentActivity }, activity.getIntent()=Intent { act=android.intent.action.MAIN cat=[android.intent.category.LAUNCHER] flg=0x10000000 cmp=androidx.compose.testutils.test/androidx.test.core.app.InstrumentationActivityInvoker$EmptyActivity }, activity=androidx.test.core.app.InstrumentationActivityInvoker$EmptyActivity@63505f0
11-16 08:57:08.792: I/NetworkScheduler.Stats(10825): Task com.google.android.gms/com.google.android.gms.ipa.base.IpaGcmTaskService started execution. cause:9 exec_start_elapsed_seconds: 440 [CONTEXT service_id=218 ]
11-16 08:57:08.793: D/LifecycleMonitor(16543): Lifecycle status change: androidx.test.core.app.InstrumentationActivityInvoker$EmptyActivity@63505f0 in: DESTROYED
11-16 08:57:08.793: V/ActivityScenario(16543): Activity lifecycle changed event received but ignored because the intent does not match. startActivityIntent=Intent { act=android.intent.action.MAIN cat=[android.intent.category.LAUNCHER] cmp=androidx.compose.testutils.test/androidx.activity.ComponentActivity }, activity.getIntent()=Intent { act=android.intent.action.MAIN cat=[android.intent.category.LAUNCHER] flg=0x10000000 cmp=androidx.compose.testutils.test/androidx.test.core.app.InstrumentationActivityInvoker$EmptyActivity }, activity=androidx.test.core.app.InstrumentationActivityInvoker$EmptyActivity@63505f0
11-16 08:57:08.795: W/SearchServiceCore(10016): Abort, client detached.
11-16 08:57:08.795: I/chatty(10016): uid=10047 com.google.android.googlequicksearchbox:search identical 4 lines
11-16 08:57:08.795: W/SearchServiceCore(10016): Abort, client detached.
11-16 08:57:08.804: D/LifecycleMonitor(16543): Lifecycle status change: androidx.test.core.app.InstrumentationActivityInvoker$EmptyActivity@1a8c4c6 in: PAUSED
11-16 08:57:08.804: V/ActivityScenario(16543): Activity lifecycle changed event received but ignored because the intent does not match. startActivityIntent=Intent { act=android.intent.action.MAIN cat=[android.intent.category.LAUNCHER] cmp=androidx.compose.testutils.test/androidx.activity.ComponentActivity }, activity.getIntent()=Intent { act=android.intent.action.MAIN cat=[android.intent.category.LAUNCHER] flg=0x10000000 cmp=androidx.compose.testutils.test/androidx.test.core.app.InstrumentationActivityInvoker$EmptyActivity }, activity=androidx.test.core.app.InstrumentationActivityInvoker$EmptyActivity@1a8c4c6
11-16 08:57:08.819: I/BackdropActivity(15387): onResume()
11-16 08:57:08.821: I/ActivityManager(1144): Activity requesting to dismiss Keyguard: ActivityRecord{5a644c u0 com.google.android.apps.mtaas.backdrop/.BackdropActivity t4}
11-16 08:57:08.823: I/NetworkScheduler.Stats(10825): Task com.google.android.gms/com.google.android.gms.ipa.base.IpaGcmTaskService finished executing. cause:9 result: 1 elapsed_millis: 55 uptime_millis: 55 exec_start_elapsed_seconds: 440 [CONTEXT service_id=218 ]
11-16 08:57:08.836: I/cr_LibraryLoader(16682): Time to load native libraries: 50 ms (timestamps 914-964)
11-16 08:57:08.837: I/chromium(16682): [INFO:library_loader_hooks.cc(51)] Chromium logging enabled: level = 0, default verbosity = 0
11-16 08:57:08.837: I/cr_LibraryLoader(16682): Expected native library version number "76.0.3809.89", actual native library version number "76.0.3809.89"
11-16 08:57:08.839: I/cr_BrowserStartup(16682): Initializing chromium process, singleProcess=false
11-16 08:57:08.840: I/GoogleInputMethod(3628): onFinishInput() : Dummy InputConnection bound
11-16 08:57:08.840: I/GoogleInputMethod(3628): onStartInput() : Dummy InputConnection bound
11-16 08:57:08.852: D/android.hardware.power@1.3-service.crosshatch-libperfmgr(776): LAUNCH OFF
11-16 08:57:08.865: D/LifecycleMonitor(16543): Lifecycle status change: androidx.activity.ComponentActivity@6e442c9 in: STOPPED
11-16 08:57:08.866: V/ActivityScenario(16543): Update currentActivityStage to STOPPED, currentActivity=androidx.activity.ComponentActivity@6e442c9
11-16 08:57:08.867: D/LifecycleMonitor(16543): Lifecycle status change: androidx.activity.ComponentActivity@6e442c9 in: DESTROYED
11-16 08:57:08.867: V/ActivityScenario(16543): Update currentActivityStage to DESTROYED, currentActivity=null
11-16 08:57:08.877: D/EventBus(16830): No subscribers registered for event class gzh
11-16 08:57:08.877: D/EventBus(16830): No subscribers registered for event class sfa
11-16 08:57:08.879: D/BoundBrokerSvc(13134): onUnbind: Intent { act=com.google.android.gms.ocr.service.internal.START cmp=com.google.android.gms/.chimera.GmsInternalApiService }
11-16 08:57:08.885: W/earchbox:searc(10016): Unsupported class loader
11-16 08:57:08.887: W/earchbox:searc(10016): Skipping duplicate class check due to unsupported classloader
11-16 08:57:08.893: D/LifecycleMonitor(16543): Lifecycle status change: androidx.test.core.app.InstrumentationActivityInvoker$EmptyActivity@1a8c4c6 in: STOPPED
11-16 08:57:08.893: V/ActivityScenario(16543): Activity lifecycle changed event received but ignored because the intent does not match. startActivityIntent=Intent { act=android.intent.action.MAIN cat=[android.intent.category.LAUNCHER] cmp=androidx.compose.testutils.test/androidx.activity.ComponentActivity }, activity.getIntent()=Intent { act=android.intent.action.MAIN cat=[android.intent.category.LAUNCHER] flg=0x10000000 cmp=androidx.compose.testutils.test/androidx.test.core.app.InstrumentationActivityInvoker$EmptyActivity }, activity=androidx.test.core.app.InstrumentationActivityInvoker$EmptyActivity@1a8c4c6
11-16 08:57:08.893: I/ActivityManager(1144): Start proc 16992:com.google.android.apps.walletnfcrel/u0a152 for broadcast com.google.android.apps.walletnfcrel/com.google.android.libraries.notifications.entrypoints.localechanged.LocaleChangedReceiver
11-16 08:57:08.894: D/LifecycleMonitor(16543): Lifecycle status change: androidx.test.core.app.InstrumentationActivityInvoker$EmptyActivity@1a8c4c6 in: DESTROYED
11-16 08:57:08.895: V/ActivityScenario(16543): Activity lifecycle changed event received but ignored because the intent does not match. startActivityIntent=Intent { act=android.intent.action.MAIN cat=[android.intent.category.LAUNCHER] cmp=androidx.compose.testutils.test/androidx.activity.ComponentActivity }, activity.getIntent()=Intent { act=android.intent.action.MAIN cat=[android.intent.category.LAUNCHER] flg=0x10000000 cmp=androidx.compose.testutils.test/androidx.test.core.app.InstrumentationActivityInvoker$EmptyActivity }, activity=androidx.test.core.app.InstrumentationActivityInvoker$EmptyActivity@1a8c4c6
11-16 08:57:08.898: I/Adreno(1144): QUALCOMM build                   : 3f88ca2, I42f6fe38fb
11-16 08:57:08.898: I/Adreno(1144): Build Date                       : 07/13/18
11-16 08:57:08.898: I/Adreno(1144): OpenGL ES Shader Compiler Version: EV031.24.00.00
11-16 08:57:08.898: I/Adreno(1144): Local Branch                     : 50.04
11-16 08:57:08.898: I/Adreno(1144): Remote Branch                    : 
11-16 08:57:08.898: I/Adreno(1144): Remote Branch                    : 
11-16 08:57:08.898: I/Adreno(1144): Reconstruct Branch               : 
11-16 08:57:08.898: I/Adreno(1144): Build Config                     : S P 4.0.10 AArch64
11-16 08:57:08.900: E/libc(1144): Access denied finding property "vendor.debug.prerotation.disable"
11-16 08:57:08.901: E/libc(1144): Access denied finding property "vendor.debug.prerotation.disable"
11-16 08:57:08.901: I/Adreno(1144): PFP: 0x016ee170, ME: 0x00000000
11-16 08:57:08.901: E/libc(1144): Access denied finding property "vendor.debug.prerotation.disable"
11-16 08:57:08.902: I/ConfigStore(1144): android::hardware::configstore::V1_0::ISurfaceFlingerConfigs::hasWideColorDisplay retrieved: 1
11-16 08:57:08.902: I/ConfigStore(1144): android::hardware::configstore::V1_0::ISurfaceFlingerConfigs::hasHDRDisplay retrieved: 1
11-16 08:57:08.902: I/OpenGLRenderer(1144): Initialized EGL, version 1.4
11-16 08:57:08.902: D/OpenGLRenderer(1144): Swap behavior 2
11-16 08:57:08.923: I/TestRunner(16543): finished: measurePositive(androidx.compose.testutils.AndroidComposeTestCaseRunnerTest)
11-16 08:57:08.929: W/SurfaceFlinger(642): Attempting to destroy on removed layer: AppWindowToken{a1c45 token=Token{c4524bc ActivityRecord{53b8af u0 androidx.compose.testutils.test/androidx.test.core.app.InstrumentationActivityInvoker$EmptyActivity t6}}}#0
11-16 08:57:08.929: I/TestRunner(16543): started: foreverRecomposing_viaModel_shouldFail(androidx.compose.testutils.AndroidComposeTestCaseRunnerTest)
11-16 08:57:08.945: E/ps.walletnfcre(16992): Not starting debugger since process cannot load the jdwp agent.
11-16 08:57:08.956: W/Settings(16543): Setting always_finish_activities has moved from android.provider.Settings.System to android.provider.Settings.Global, returning read-only value.
11-16 08:57:08.956: W/earchbox:searc(10016): Unsupported class loader
11-16 08:57:08.959: W/earchbox:searc(10016): Skipping duplicate class check due to unsupported classloader
11-16 08:57:08.962: E/ExecutionCriteria(10825): Package unavailable for task: com.google.android.apps.gcs/com.google.android.flib.phenotype.services.PhenotypeExperimentCommitService{u=0 tag="PhenotypeExpCommitSvc" trigger=window{start=0s,end=30s,earliest=-341s,latest=-311s} requirements=[NET_ANY] attributes=[PERSISTED] scheduled=-341s last_run=N/A exec_window_multiplier=1.0000 jid=N/A status=PENDING retries=0 client_lib=MANCHEGO_GCM-11732000} [CONTEXT service_id=218 ]
11-16 08:57:08.975: I/ps.walletnfcre(16992): The ClassLoaderContext is a special shared library.
11-16 08:57:08.976: I/ActivityManager(1144): START u0 {act=android.intent.action.MAIN cat=[android.intent.category.LAUNCHER] flg=0x10008000 cmp=androidx.compose.testutils.test/androidx.test.core.app.InstrumentationActivityInvoker$BootstrapActivity (has extras)} from uid 10172
11-16 08:57:08.987: D/android.hardware.power@1.3-service.crosshatch-libperfmgr(776): LAUNCH ON
11-16 08:57:09.003: W/SearchServiceCore(10016): Abort, client detached.
11-16 08:57:09.003: I/chatty(10016): uid=10047 com.google.android.googlequicksearchbox:search identical 4 lines
11-16 08:57:09.003: W/SearchServiceCore(10016): Abort, client detached.
11-16 08:57:09.004: W/ActivityThread(16543): handleWindowVisibility: no activity for token android.os.BinderProxy@4a94902
11-16 08:57:09.016: D/LifecycleMonitor(16543): Lifecycle status change: androidx.test.core.app.InstrumentationActivityInvoker$BootstrapActivity@a7a3c50 in: PRE_ON_CREATE
11-16 08:57:09.017: V/ActivityScenario(16543): Activity lifecycle changed event received but ignored because the intent does not match. startActivityIntent=Intent { act=android.intent.action.MAIN cat=[android.intent.category.LAUNCHER] cmp=androidx.compose.testutils.test/androidx.activity.ComponentActivity }, activity.getIntent()=Intent { act=android.intent.action.MAIN cat=[android.intent.category.LAUNCHER] flg=0x10008000 cmp=androidx.compose.testutils.test/androidx.test.core.app.InstrumentationActivityInvoker$BootstrapActivity (has extras) }, activity=androidx.test.core.app.InstrumentationActivityInvoker$BootstrapActivity@a7a3c50
11-16 08:57:09.033: D/LifecycleMonitor(16543): Lifecycle status change: androidx.test.core.app.InstrumentationActivityInvoker$BootstrapActivity@a7a3c50 in: CREATED
11-16 08:57:09.033: V/ActivityScenario(16543): Activity lifecycle changed event received but ignored because the intent does not match. startActivityIntent=Intent { act=android.intent.action.MAIN cat=[android.intent.category.LAUNCHER] cmp=androidx.compose.testutils.test/androidx.activity.ComponentActivity }, activity.getIntent()=Intent { act=android.intent.action.MAIN cat=[android.intent.category.LAUNCHER] flg=0x10008000 cmp=androidx.compose.testutils.test/androidx.test.core.app.InstrumentationActivityInvoker$BootstrapActivity (has extras) }, activity=androidx.test.core.app.InstrumentationActivityInvoker$BootstrapActivity@a7a3c50
11-16 08:57:09.036: D/LifecycleMonitor(16543): Lifecycle status change: androidx.test.core.app.InstrumentationActivityInvoker$BootstrapActivity@a7a3c50 in: STARTED
11-16 08:57:09.036: V/ActivityScenario(16543): Activity lifecycle changed event received but ignored because the intent does not match. startActivityIntent=Intent { act=android.intent.action.MAIN cat=[android.intent.category.LAUNCHER] cmp=androidx.compose.testutils.test/androidx.activity.ComponentActivity }, activity.getIntent()=Intent { act=android.intent.action.MAIN cat=[android.intent.category.LAUNCHER] flg=0x10008000 cmp=androidx.compose.testutils.test/androidx.test.core.app.InstrumentationActivityInvoker$BootstrapActivity (has extras) }, activity=androidx.test.core.app.InstrumentationActivityInvoker$BootstrapActivity@a7a3c50
11-16 08:57:09.038: I/ActivityManager(1144): START u0 {act=android.intent.action.MAIN cat=[android.intent.category.LAUNCHER] cmp=androidx.compose.testutils.test/androidx.activity.ComponentActivity} from uid 10172
11-16 08:57:09.040: D/android.hardware.power@1.3-service.crosshatch-libperfmgr(776): LAUNCH ON
11-16 08:57:09.047: D/LifecycleMonitor(16543): Lifecycle status change: androidx.test.core.app.InstrumentationActivityInvoker$BootstrapActivity@a7a3c50 in: RESUMED
11-16 08:57:09.047: V/ActivityScenario(16543): Activity lifecycle changed event received but ignored because the intent does not match. startActivityIntent=Intent { act=android.intent.action.MAIN cat=[android.intent.category.LAUNCHER] cmp=androidx.compose.testutils.test/androidx.activity.ComponentActivity }, activity.getIntent()=Intent { act=android.intent.action.MAIN cat=[android.intent.category.LAUNCHER] flg=0x10008000 cmp=androidx.compose.testutils.test/androidx.test.core.app.InstrumentationActivityInvoker$BootstrapActivity (has extras) }, activity=androidx.test.core.app.InstrumentationActivityInvoker$BootstrapActivity@a7a3c50
11-16 08:57:09.057: W/SearchServiceCore(10016): Abort, client detached.
11-16 08:57:09.057: I/chatty(10016): uid=10047 com.google.android.googlequicksearchbox:search identical 3 lines
11-16 08:57:09.057: W/SearchServiceCore(10016): Abort, client detached.
11-16 08:57:09.058: D/LifecycleMonitor(16543): Lifecycle status change: androidx.test.core.app.InstrumentationActivityInvoker$BootstrapActivity@a7a3c50 in: PAUSED
11-16 08:57:09.058: V/ActivityScenario(16543): Activity lifecycle changed event received but ignored because the intent does not match. startActivityIntent=Intent { act=android.intent.action.MAIN cat=[android.intent.category.LAUNCHER] cmp=androidx.compose.testutils.test/androidx.activity.ComponentActivity }, activity.getIntent()=Intent { act=android.intent.action.MAIN cat=[android.intent.category.LAUNCHER] flg=0x10008000 cmp=androidx.compose.testutils.test/androidx.test.core.app.InstrumentationActivityInvoker$BootstrapActivity (has extras) }, activity=androidx.test.core.app.InstrumentationActivityInvoker$BootstrapActivity@a7a3c50
11-16 08:57:09.060: I/NetworkScheduler.Stats(10825): Task com.google.android.gms/com.google.android.gms.phenotype.service.sync.PhenotypeConfigurator started execution. cause:5 exec_start_elapsed_seconds: 441 [CONTEXT service_id=218 ]
11-16 08:57:09.062: W/SearchServiceCore(10016): Abort, client detached.
11-16 08:57:09.063: I/chatty(10016): uid=10047 com.google.android.googlequicksearchbox:search identical 2 lines
11-16 08:57:09.063: W/SearchServiceCore(10016): Abort, client detached.
11-16 08:57:09.069: W/chromium(16682): [WARNING:dns_config_service_posix.cc(340)] Failed to read DnsConfig.
11-16 08:57:09.072: W/ActivityThread(16543): handleWindowVisibility: no activity for token android.os.BinderProxy@2e6f34e
11-16 08:57:09.077: I/ActivityManager(1144): Killing 16111:com.google.android.apps.wellbeing/u0a26 (adj 906): empty #17
11-16 08:57:09.078: W/libprocessgroup(1144): kill(-16111, 9) failed: No such process
11-16 08:57:09.081: D/LifecycleMonitor(16543): Lifecycle status change: androidx.activity.ComponentActivity@12e808b in: PRE_ON_CREATE
11-16 08:57:09.081: V/ActivityScenario(16543): Activity lifecycle changed event received but ignored because the reported transition was not ON_CREATE while the last known transition was PRE_ON_CREATE
11-16 08:57:09.089: D/LifecycleMonitor(16543): Lifecycle status change: androidx.activity.ComponentActivity@12e808b in: CREATED
11-16 08:57:09.089: V/ActivityScenario(16543): Update currentActivityStage to CREATED, currentActivity=androidx.activity.ComponentActivity@12e808b
11-16 08:57:09.091: D/LifecycleMonitor(16543): Lifecycle status change: androidx.activity.ComponentActivity@12e808b in: STARTED
11-16 08:57:09.091: V/ActivityScenario(16543): Update currentActivityStage to STARTED, currentActivity=androidx.activity.ComponentActivity@12e808b
11-16 08:57:09.092: D/LifecycleMonitor(16543): Lifecycle status change: androidx.activity.ComponentActivity@12e808b in: RESUMED
11-16 08:57:09.092: V/ActivityScenario(16543): Update currentActivityStage to RESUMED, currentActivity=androidx.activity.ComponentActivity@12e808b
11-16 08:57:09.123: W/libprocessgroup(1144): kill(-16111, 9) failed: No such process
11-16 08:57:09.128: W/SearchServiceCore(10016): Abort, client detached.
11-16 08:57:09.128: I/chatty(10016): uid=10047 com.google.android.googlequicksearchbox:search identical 1 line
11-16 08:57:09.128: W/SearchServiceCore(10016): Abort, client detached.
11-16 08:57:09.133: I/GoogleInputMethod(3628): onFinishInput() : Dummy InputConnection bound
11-16 08:57:09.133: I/GoogleInputMethod(3628): onStartInput() : Dummy InputConnection bound
11-16 08:57:09.133: I/Zygote(731): Process 16111 exited due to signal (9)
11-16 08:57:09.134: W/SearchServiceCore(10016): Abort, client detached.
11-16 08:57:09.134: W/SearchServiceCore(10016): Abort, client detached.
11-16 08:57:09.139: I/ndroid.contact(16299): Waiting for a blocking GC ProfileSaver
11-16 08:57:09.141: I/system_server(1144): NativeAlloc concurrent copying GC freed 159262(7MB) AllocSpace objects, 67(2MB) LOS objects, 42% free, 18MB/32MB, paused 123us total 216.367ms
11-16 08:57:09.160: I/ndroid.contact(16299): WaitForGcToComplete blocked ProfileSaver on HeapTrim for 21.075ms
11-16 08:57:09.161: D/android.hardware.power@1.3-service.crosshatch-libperfmgr(776): LAUNCH OFF
11-16 08:57:09.167: I/ActivityManager(1144): Displayed androidx.compose.testutils.test/androidx.activity.ComponentActivity: +174ms
11-16 08:57:09.168: W/libprocessgroup(1144): kill(-16111, 9) failed: No such process
11-16 08:57:09.168: I/libprocessgroup(1144): Successfully killed process cgroup uid 10026 pid 16111 in 90ms
11-16 08:57:09.176: W/SurfaceFlinger(642): Attempting to set client state on removed layer: Splash Screen androidx.compose.testutils.test#0
11-16 08:57:09.177: W/SurfaceFlinger(642): Attempting to destroy on removed layer: Splash Screen androidx.compose.testutils.test#0
11-16 08:57:09.179: W/SurfaceFlinger(642): Attempting to set client state on removed layer: Surface(name=940cc64 StatusBar)/@0x67cf932 - animation-leash#0
11-16 08:57:09.180: W/SurfaceFlinger(642): Attempting to destroy on removed layer: Surface(name=940cc64 StatusBar)/@0x67cf932 - animation-leash#0
11-16 08:57:09.207: W/.testutils.tes(16543): Accessing hidden method Landroid/view/RenderNode;->getScaleX()F (dark greylist, linking)
11-16 08:57:09.226: W/SearchServiceCore(10016): Abort, client detached.
11-16 08:57:09.242: W/NetworkScheduler(10825): Immediate task was not started com.google.android.apps.chromecast.app/.gcm.GcmRegistrationService{u=0 tag="GcmRegistrationService" trigger=window{start=0s,end=1s,earliest=0s,latest=0s} requirements=[NET_CONNECTED] attributes=[] scheduled=0s last_run=N/A exec_window_multiplier=1.0000 jid=N/A status=PENDING retries=0 client_lib=MANCHEGO_GCM-18944000}. Rescheduling immediate tasks can cause excessive battery drain.
11-16 08:57:09.242: I/BugleRcsProvisioning(15685): RcsProvisioningEventReceiver: Received ProvisioningEvent: Enable PEv2
11-16 08:57:09.243: W/NetworkScheduler(10825): Immediate task was not started com.google.android.apps.chromecast.app/.gcm.GcmRegistrationService{u=0 tag="GcmRegistrationService" trigger=window{start=0s,end=1s,earliest=0s,latest=0s} requirements=[NET_CONNECTED] attributes=[] scheduled=0s last_run=N/A exec_window_multiplier=1.0000 jid=N/A status=PENDING retries=0 client_lib=MANCHEGO_GCM-18944000}. Rescheduling immediate tasks can cause excessive battery drain.
11-16 08:57:09.244: I/BugleRcsEngine(15685): [2] pot.b: Not using CS JibeService because the CS migration has not completed.
11-16 08:57:09.246: I/BugleRcsProvisioning(15685): RcsProvisioningEventReceiver: Received ProvisioningEvent: Request Bugle information
11-16 08:57:09.249: I/BugleRcsEngine(15685): [2] pot.b: Not using CS JibeService because the CS migration has not completed.
11-16 08:57:09.251: I/BugleRcsProvisioning(15685): RcsProvisioningEventReceiver: Received ProvisioningEvent: Availability updated
11-16 08:57:09.251: I/BugleRcsProvisioning(15685): RcsProvisioningEventReceiver: Bugle receives rcs availability update to: DISABLED_SIM_ABSENT
11-16 08:57:09.255: I/BugleRcsEngine(15685): [2] pot.b: Not using CS JibeService because the CS migration has not completed.
11-16 08:57:09.260: I/BugleRcsEngine(10072): [2] ProvisioningEventReceiver.onReceive: Received Provisioning Event: [Availability updated (12)]
11-16 08:57:09.261: I/BugleRcsEngine(10072): [2] ProvisioningEventReceiver.onReceive: JibeService is not running
11-16 08:57:09.261: W/BugleRcsEngine(10072): [2] ProvisioningEventReceiver.onReceive: Event is not a valid user action. Discarding it.
11-16 08:57:09.262: I/BugleRcsProvisioning(15685): RcsProvisioningEventReceiver: Received ProvisioningEvent: Update provisioning status
11-16 08:57:09.268: W/cr_KnoxSettingsProvider(16682): Permission to read device policy denied.
11-16 08:57:09.284: D/ConnectivityService(1144): requestNetwork for uid/pid:10107/16682 NetworkRequest [ TRACK_DEFAULT id=59, [ Capabilities: INTERNET&NOT_RESTRICTED&TRUSTED Unwanted:  Uid: 10107] ]
11-16 08:57:09.286: D/WIFI_AWARE_FACTORY(1144): got request NetworkRequest [ TRACK_DEFAULT id=59, [ Capabilities: INTERNET&NOT_RESTRICTED&TRUSTED Unwanted:  Uid: 10107] ] with score 60
11-16 08:57:09.286: D/Ethernet(1144): got request NetworkRequest [ TRACK_DEFAULT id=59, [ Capabilities: INTERNET&NOT_RESTRICTED&TRUSTED Unwanted:  Uid: 10107] ] with score 60
11-16 08:57:09.286: D/WIFI_UT(1144): got request NetworkRequest [ TRACK_DEFAULT id=59, [ Capabilities: INTERNET&NOT_RESTRICTED&TRUSTED Unwanted:  Uid: 10107] ] with score 60
11-16 08:57:09.286: D/WIFI(1144): got request NetworkRequest [ TRACK_DEFAULT id=59, [ Capabilities: INTERNET&NOT_RESTRICTED&TRUSTED Unwanted:  Uid: 10107] ] with score 60
11-16 08:57:09.286: D/PhoneSwitcherNetworkRequstListener(3769): got request NetworkRequest [ TRACK_DEFAULT id=59, [ Capabilities: INTERNET&NOT_RESTRICTED&TRUSTED Unwanted:  Uid: 10107] ] with score 60
11-16 08:57:09.302: D/LifecycleMonitor(16543): Lifecycle status change: androidx.test.core.app.InstrumentationActivityInvoker$BootstrapActivity@a7a3c50 in: STOPPED
11-16 08:57:09.302: W/chromium(16682): [WARNING:leveldb_database.cc(106)] Unable to open /data/user/0/com.android.chrome/app_chrome/Default/shared_proto_db: Invalid argument: /data/user/0/com.android.chrome/app_chrome/Default/shared_proto_db: does not exist (create_if_missing is false)
11-16 08:57:09.303: V/ActivityScenario(16543): Activity lifecycle changed event received but ignored because the intent does not match. startActivityIntent=Intent { act=android.intent.action.MAIN cat=[android.intent.category.LAUNCHER] cmp=androidx.compose.testutils.test/androidx.activity.ComponentActivity }, activity.getIntent()=Intent { act=android.intent.action.MAIN cat=[android.intent.category.LAUNCHER] flg=0x10008000 cmp=androidx.compose.testutils.test/androidx.test.core.app.InstrumentationActivityInvoker$BootstrapActivity (has extras) }, activity=androidx.test.core.app.InstrumentationActivityInvoker$BootstrapActivity@a7a3c50
11-16 08:57:09.323: I/ActivityManager(1144): START u0 {act=android.intent.action.MAIN cat=[android.intent.category.LAUNCHER] flg=0x10000000 cmp=androidx.compose.testutils.test/androidx.test.core.app.InstrumentationActivityInvoker$EmptyActivity} from uid 10172
11-16 08:57:09.325: D/android.hardware.power@1.3-service.crosshatch-libperfmgr(776): LAUNCH ON
11-16 08:57:09.328: D/LifecycleMonitor(16543): Lifecycle status change: androidx.activity.ComponentActivity@12e808b in: PAUSED
11-16 08:57:09.328: V/ActivityScenario(16543): Update currentActivityStage to PAUSED, currentActivity=androidx.activity.ComponentActivity@12e808b
11-16 08:57:09.330: D/NetworkSecurityConfig(16682): Using Network Security Config from resource network_security_config debugBuild: false
11-16 08:57:09.332: W/ActivityThread(16543): handleWindowVisibility: no activity for token android.os.BinderProxy@fe6874
11-16 08:57:09.335: D/LifecycleMonitor(16543): Lifecycle status change: androidx.test.core.app.InstrumentationActivityInvoker$EmptyActivity@872b612 in: PRE_ON_CREATE
11-16 08:57:09.336: V/ActivityScenario(16543): Activity lifecycle changed event received but ignored because the intent does not match. startActivityIntent=Intent { act=android.intent.action.MAIN cat=[android.intent.category.LAUNCHER] cmp=androidx.compose.testutils.test/androidx.activity.ComponentActivity }, activity.getIntent()=Intent { act=android.intent.action.MAIN cat=[android.intent.category.LAUNCHER] flg=0x10000000 cmp=androidx.compose.testutils.test/androidx.test.core.app.InstrumentationActivityInvoker$EmptyActivity }, activity=androidx.test.core.app.InstrumentationActivityInvoker$EmptyActivity@872b612
11-16 08:57:09.343: D/LifecycleMonitor(16543): Lifecycle status change: androidx.test.core.app.InstrumentationActivityInvoker$EmptyActivity@872b612 in: CREATED
11-16 08:57:09.343: V/ActivityScenario(16543): Activity lifecycle changed event received but ignored because the intent does not match. startActivityIntent=Intent { act=android.intent.action.MAIN cat=[android.intent.category.LAUNCHER] cmp=androidx.compose.testutils.test/androidx.activity.ComponentActivity }, activity.getIntent()=Intent { act=android.intent.action.MAIN cat=[android.intent.category.LAUNCHER] flg=0x10000000 cmp=androidx.compose.testutils.test/androidx.test.core.app.InstrumentationActivityInvoker$EmptyActivity }, activity=androidx.test.core.app.InstrumentationActivityInvoker$EmptyActivity@872b612
11-16 08:57:09.344: D/LifecycleMonitor(16543): Lifecycle status change: androidx.test.core.app.InstrumentationActivityInvoker$EmptyActivity@872b612 in: STARTED
11-16 08:57:09.344: V/ActivityScenario(16543): Activity lifecycle changed event received but ignored because the intent does not match. startActivityIntent=Intent { act=android.intent.action.MAIN cat=[android.intent.category.LAUNCHER] cmp=androidx.compose.testutils.test/androidx.activity.ComponentActivity }, activity.getIntent()=Intent { act=android.intent.action.MAIN cat=[android.intent.category.LAUNCHER] flg=0x10000000 cmp=androidx.compose.testutils.test/androidx.test.core.app.InstrumentationActivityInvoker$EmptyActivity }, activity=androidx.test.core.app.InstrumentationActivityInvoker$EmptyActivity@872b612
11-16 08:57:09.345: I/droid.deskcloc(16347): Waiting for a blocking GC ProfileSaver
11-16 08:57:09.349: D/LifecycleMonitor(16543): Lifecycle status change: androidx.test.core.app.InstrumentationActivityInvoker$EmptyActivity@872b612 in: RESUMED
11-16 08:57:09.349: V/ActivityScenario(16543): Activity lifecycle changed event received but ignored because the intent does not match. startActivityIntent=Intent { act=android.intent.action.MAIN cat=[android.intent.category.LAUNCHER] cmp=androidx.compose.testutils.test/androidx.activity.ComponentActivity }, activity.getIntent()=Intent { act=android.intent.action.MAIN cat=[android.intent.category.LAUNCHER] flg=0x10000000 cmp=androidx.compose.testutils.test/androidx.test.core.app.InstrumentationActivityInvoker$EmptyActivity }, activity=androidx.test.core.app.InstrumentationActivityInvoker$EmptyActivity@872b612
11-16 08:57:09.368: I/GoogleInputMethod(3628): onFinishInput() : Dummy InputConnection bound
11-16 08:57:09.369: I/GoogleInputMethod(3628): onStartInput() : Dummy InputConnection bound
11-16 08:57:09.370: I/ActivityManager(1144): START u0 {act=android.intent.action.MAIN cat=[android.intent.category.LAUNCHER] flg=0x10000000 cmp=androidx.compose.testutils.test/androidx.test.core.app.InstrumentationActivityInvoker$EmptyActivity} from uid 10172
11-16 08:57:09.371: D/android.hardware.power@1.3-service.crosshatch-libperfmgr(776): LAUNCH ON
11-16 08:57:09.372: W/cr_LibraryPrefetcher(16682): Cannot get PinnerService.
11-16 08:57:09.382: I/BlobLobber(10016): Handling download id 83 (blob odws2_en:us:807_2019-09-12_270573492_release_signed)
11-16 08:57:09.389: D/LifecycleMonitor(16543): Lifecycle status change: androidx.test.core.app.InstrumentationActivityInvoker$EmptyActivity@872b612 in: PAUSED
11-16 08:57:09.389: V/ActivityScenario(16543): Activity lifecycle changed event received but ignored because the intent does not match. startActivityIntent=Intent { act=android.intent.action.MAIN cat=[android.intent.category.LAUNCHER] cmp=androidx.compose.testutils.test/androidx.activity.ComponentActivity }, activity.getIntent()=Intent { act=android.intent.action.MAIN cat=[android.intent.category.LAUNCHER] flg=0x10000000 cmp=androidx.compose.testutils.test/androidx.test.core.app.InstrumentationActivityInvoker$EmptyActivity }, activity=androidx.test.core.app.InstrumentationActivityInvoker$EmptyActivity@872b612
11-16 08:57:09.397: D/LifecycleMonitor(16543): Lifecycle status change: androidx.test.core.app.InstrumentationActivityInvoker$BootstrapActivity@a7a3c50 in: DESTROYED
11-16 08:57:09.397: V/ActivityScenario(16543): Activity lifecycle changed event received but ignored because the intent does not match. startActivityIntent=Intent { act=android.intent.action.MAIN cat=[android.intent.category.LAUNCHER] cmp=androidx.compose.testutils.test/androidx.activity.ComponentActivity }, activity.getIntent()=Intent { act=android.intent.action.MAIN cat=[android.intent.category.LAUNCHER] flg=0x10008000 cmp=androidx.compose.testutils.test/androidx.test.core.app.InstrumentationActivityInvoker$BootstrapActivity (has extras) }, activity=androidx.test.core.app.InstrumentationActivityInvoker$BootstrapActivity@a7a3c50
11-16 08:57:09.397: W/ActivityThread(16543): handleWindowVisibility: no activity for token android.os.BinderProxy@c0af56a
11-16 08:57:09.402: D/LifecycleMonitor(16543): Lifecycle status change: androidx.test.core.app.InstrumentationActivityInvoker$EmptyActivity@d1082f8 in: PRE_ON_CREATE
11-16 08:57:09.403: V/ActivityScenario(16543): Activity lifecycle changed event received but ignored because the intent does not match. startActivityIntent=Intent { act=android.intent.action.MAIN cat=[android.intent.category.LAUNCHER] cmp=androidx.compose.testutils.test/androidx.activity.ComponentActivity }, activity.getIntent()=Intent { act=android.intent.action.MAIN cat=[android.intent.category.LAUNCHER] flg=0x10000000 cmp=androidx.compose.testutils.test/androidx.test.core.app.InstrumentationActivityInvoker$EmptyActivity }, activity=androidx.test.core.app.InstrumentationActivityInvoker$EmptyActivity@d1082f8
11-16 08:57:09.410: D/LifecycleMonitor(16543): Lifecycle status change: androidx.test.core.app.InstrumentationActivityInvoker$EmptyActivity@d1082f8 in: CREATED
11-16 08:57:09.411: V/ActivityScenario(16543): Activity lifecycle changed event received but ignored because the intent does not match. startActivityIntent=Intent { act=android.intent.action.MAIN cat=[android.intent.category.LAUNCHER] cmp=androidx.compose.testutils.test/androidx.activity.ComponentActivity }, activity.getIntent()=Intent { act=android.intent.action.MAIN cat=[android.intent.category.LAUNCHER] flg=0x10000000 cmp=androidx.compose.testutils.test/androidx.test.core.app.InstrumentationActivityInvoker$EmptyActivity }, activity=androidx.test.core.app.InstrumentationActivityInvoker$EmptyActivity@d1082f8
11-16 08:57:09.413: D/LifecycleMonitor(16543): Lifecycle status change: androidx.test.core.app.InstrumentationActivityInvoker$EmptyActivity@d1082f8 in: STARTED
11-16 08:57:09.413: V/ActivityScenario(16543): Activity lifecycle changed event received but ignored because the intent does not match. startActivityIntent=Intent { act=android.intent.action.MAIN cat=[android.intent.category.LAUNCHER] cmp=androidx.compose.testutils.test/androidx.activity.ComponentActivity }, activity.getIntent()=Intent { act=android.intent.action.MAIN cat=[android.intent.category.LAUNCHER] flg=0x10000000 cmp=androidx.compose.testutils.test/androidx.test.core.app.InstrumentationActivityInvoker$EmptyActivity }, activity=androidx.test.core.app.InstrumentationActivityInvoker$EmptyActivity@d1082f8
11-16 08:57:09.416: D/LifecycleMonitor(16543): Lifecycle status change: androidx.test.core.app.InstrumentationActivityInvoker$EmptyActivity@d1082f8 in: RESUMED
11-16 08:57:09.416: V/ActivityScenario(16543): Activity lifecycle changed event received but ignored because the intent does not match. startActivityIntent=Intent { act=android.intent.action.MAIN cat=[android.intent.category.LAUNCHER] cmp=androidx.compose.testutils.test/androidx.activity.ComponentActivity }, activity.getIntent()=Intent { act=android.intent.action.MAIN cat=[android.intent.category.LAUNCHER] flg=0x10000000 cmp=androidx.compose.testutils.test/androidx.test.core.app.InstrumentationActivityInvoker$EmptyActivity }, activity=androidx.test.core.app.InstrumentationActivityInvoker$EmptyActivity@d1082f8
11-16 08:57:09.421: I/droid.deskcloc(16347): WaitForGcToComplete blocked ProfileSaver on HeapTrim for 75.638ms
11-16 08:57:09.439: D/SurfaceFlinger(642): duplicate layer name: changing androidx.compose.testutils.test/androidx.test.core.app.InstrumentationActivityInvoker$EmptyActivity to androidx.compose.testutils.test/androidx.test.core.app.InstrumentationActivityInvoker$EmptyActivity#1
11-16 08:57:09.444: W/ActivityManager(1144): Duplicate finish request for ActivityRecord{d62b7c8 u0 androidx.compose.testutils.test/androidx.activity.ComponentActivity t7 f}
11-16 08:57:09.446: I/GoogleInputMethod(3628): onFinishInput() : Dummy InputConnection bound
11-16 08:57:09.446: I/GoogleInputMethod(3628): onStartInput() : Dummy InputConnection bound
11-16 08:57:09.455: I/PeopleChimeraService(13134): onService. callbacks = xmw@1fa0529, request = com.google.android.gms.common.internal.GetServiceRequest@bbce0ae
11-16 08:57:09.471: W/chromium(16682): [WARNING:dns_config_service_posix.cc(340)] Failed to read DnsConfig.
11-16 08:57:09.471: D/LifecycleMonitor(16543): Lifecycle status change: androidx.test.core.app.InstrumentationActivityInvoker$EmptyActivity@872b612 in: STOPPED
11-16 08:57:09.471: V/ActivityScenario(16543): Activity lifecycle changed event received but ignored because the intent does not match. startActivityIntent=Intent { act=android.intent.action.MAIN cat=[android.intent.category.LAUNCHER] cmp=androidx.compose.testutils.test/androidx.activity.ComponentActivity }, activity.getIntent()=Intent { act=android.intent.action.MAIN cat=[android.intent.category.LAUNCHER] flg=0x10000000 cmp=androidx.compose.testutils.test/androidx.test.core.app.InstrumentationActivityInvoker$EmptyActivity }, activity=androidx.test.core.app.InstrumentationActivityInvoker$EmptyActivity@872b612
11-16 08:57:09.475: D/LifecycleMonitor(16543): Lifecycle status change: androidx.test.core.app.InstrumentationActivityInvoker$EmptyActivity@872b612 in: DESTROYED
11-16 08:57:09.475: V/ActivityScenario(16543): Activity lifecycle changed event received but ignored because the intent does not match. startActivityIntent=Intent { act=android.intent.action.MAIN cat=[android.intent.category.LAUNCHER] cmp=androidx.compose.testutils.test/androidx.activity.ComponentActivity }, activity.getIntent()=Intent { act=android.intent.action.MAIN cat=[android.intent.category.LAUNCHER] flg=0x10000000 cmp=androidx.compose.testutils.test/androidx.test.core.app.InstrumentationActivityInvoker$EmptyActivity }, activity=androidx.test.core.app.InstrumentationActivityInvoker$EmptyActivity@872b612
11-16 08:57:09.480: D/LifecycleMonitor(16543): Lifecycle status change: androidx.test.core.app.InstrumentationActivityInvoker$EmptyActivity@d1082f8 in: PAUSED
11-16 08:57:09.480: V/ActivityScenario(16543): Activity lifecycle changed event received but ignored because the intent does not match. startActivityIntent=Intent { act=android.intent.action.MAIN cat=[android.intent.category.LAUNCHER] cmp=androidx.compose.testutils.test/androidx.activity.ComponentActivity }, activity.getIntent()=Intent { act=android.intent.action.MAIN cat=[android.intent.category.LAUNCHER] flg=0x10000000 cmp=androidx.compose.testutils.test/androidx.test.core.app.InstrumentationActivityInvoker$EmptyActivity }, activity=androidx.test.core.app.InstrumentationActivityInvoker$EmptyActivity@d1082f8
11-16 08:57:09.488: I/BackdropActivity(15387): onResume()
11-16 08:57:09.490: I/ActivityManager(1144): Activity requesting to dismiss Keyguard: ActivityRecord{5a644c u0 com.google.android.apps.mtaas.backdrop/.BackdropActivity t4}
11-16 08:57:09.506: I/GoogleInputMethod(3628): onFinishInput() : Dummy InputConnection bound
11-16 08:57:09.507: I/GoogleInputMethod(3628): onStartInput() : Dummy InputConnection bound
11-16 08:57:09.509: D/LifecycleMonitor(16543): Lifecycle status change: androidx.activity.ComponentActivity@12e808b in: STOPPED
11-16 08:57:09.509: V/ActivityScenario(16543): Update currentActivityStage to STOPPED, currentActivity=androidx.activity.ComponentActivity@12e808b
11-16 08:57:09.510: D/LifecycleMonitor(16543): Lifecycle status change: androidx.activity.ComponentActivity@12e808b in: DESTROYED
11-16 08:57:09.510: V/ActivityScenario(16543): Update currentActivityStage to DESTROYED, currentActivity=null
11-16 08:57:09.523: I/TestRunner(16543): finished: foreverRecomposing_viaModel_shouldFail(androidx.compose.testutils.AndroidComposeTestCaseRunnerTest)
11-16 08:57:09.525: D/android.hardware.power@1.3-service.crosshatch-libperfmgr(776): LAUNCH OFF
11-16 08:57:09.527: I/MonitoringInstr(16543): Activities that are still in CREATED to STOPPED: 1
11-16 08:57:09.527: I/MonitoringInstr(16543): Unstopped activity count: 1
11-16 08:57:09.527: V/DownloadManager(15118): Deleting /storage/emulated/0/Android/data/com.google.android.googlequicksearchbox/files/pending_blobs/odws2_en:us:807_2019-09-12_270573492_release_signed via provider delete
11-16 08:57:09.544: D/LifecycleMonitor(16543): Lifecycle status change: androidx.test.core.app.InstrumentationActivityInvoker$EmptyActivity@d1082f8 in: STOPPED
11-16 08:57:09.545: D/LifecycleMonitor(16543): Lifecycle status change: androidx.test.core.app.InstrumentationActivityInvoker$EmptyActivity@d1082f8 in: DESTROYED
11-16 08:57:09.567: I/earchbox:searc(10016): The ClassLoaderContext is a special shared library.
11-16 08:57:09.569: I/chatty(10016): uid=10047(com.google.android.googlequicksearchbox) NonUserFacing1 identical 1 line
11-16 08:57:09.573: I/earchbox:searc(10016): The ClassLoaderContext is a special shared library.
11-16 08:57:09.577: E/ExecutionCriteria(10825): Package unavailable for task: com.google.android.apps.gcs/com.google.android.flib.phenotype.services.PhenotypeExperimentCommitService{u=0 tag="PhenotypeExpCommitSvc" trigger=window{start=0s,end=30s,earliest=-342s,latest=-312s} requirements=[NET_ANY] attributes=[PERSISTED] scheduled=-342s last_run=N/A exec_window_multiplier=1.0000 jid=N/A status=PENDING retries=0 client_lib=MANCHEGO_GCM-11732000} [CONTEXT service_id=218 ]
11-16 08:57:09.579: I/TestRunner(16543): started: recomposeOnce(androidx.compose.testutils.AndroidComposeTestCaseRunnerTest)
11-16 08:57:09.588: W/Settings(16543): Setting always_finish_activities has moved from android.provider.Settings.System to android.provider.Settings.Global, returning read-only value.
11-16 08:57:09.592: I/ActivityManager(1144): START u0 {act=android.intent.action.MAIN cat=[android.intent.category.LAUNCHER] flg=0x10008000 cmp=androidx.compose.testutils.test/androidx.test.core.app.InstrumentationActivityInvoker$BootstrapActivity (has extras)} from uid 10172
11-16 08:57:09.596: E/NotificationService(1144): Muting recently noisy 0|com.google.android.apps.mtaas.backdrop|1|null|10163
11-16 08:57:09.597: D/android.hardware.power@1.3-service.crosshatch-libperfmgr(776): LAUNCH ON
11-16 08:57:09.599: V/NativeCrypto(10016): Registering com/google/android/gms/org/conscrypt/NativeCrypto's 294 native methods...
11-16 08:57:09.605: W/ActivityThread(16543): handleWindowVisibility: no activity for token android.os.BinderProxy@e838d1a
