11-16 08:57:07.436: I/FontLog(10825): Pulling font file for id = 12, cache size = 5 [CONTEXT service_id=132 ]
11-16 08:57:07.438: W/libprocessgroup(1144): kill(-11641, 9) failed: No such process
11-16 08:57:07.438: I/libprocessgroup(1144): Successfully killed process cgroup uid 10007 pid 11641 in 43ms
11-16 08:57:07.444: I/Icing(13134): Usage reports ok 0, Failed Usage reports 0, indexed 0, rejected 0
11-16 08:57:07.445: I/FontLog(10825): Received query Google Sans:500, URI content://com.google.android.gms.fonts [CONTEXT service_id=132 ]
11-16 08:57:07.445: I/FontLog(10825): Query [Google Sans:500] resolved to {Google Sans, wdth 100.0, wght 500, ital 0.0, bestEffort false} [CONTEXT service_id=132 ]
11-16 08:57:07.446: I/FontLog(10825): Font PFD returned from cache for {Google Sans, wdth 100.0, wght 500, ital 0.0, bestEffort false} [CONTEXT service_id=132 ]
11-16 08:57:07.446: I/FontLog(10825): Fetch {Google Sans, wdth 100.0, wght 500, ital 0.0, bestEffort false} end status Status{statusCode=SUCCESS, resolution=null} [CONTEXT service_id=132 ]
11-16 08:57:07.452: I/dex2oat(16790): /system/bin/dex2oat --dex-file=/data/user/0/com.google.android.youtube/cache/1629828815138.jar --output-vdex-fd=86 --oat-fd=87 --oat-location=/data/user/0/com.google.android.youtube/cache/oat/arm64/1629828815138.odex --compiler-filter=quicken --class-loader-context=&
11-16 08:57:07.453: I/FontLog(10825): Pulling font file for id = 13, cache size = 6 [CONTEXT service_id=132 ]
11-16 08:57:07.459: W/SearchServiceCore(10016): Abort, client detached.
11-16 08:57:07.459: I/chatty(10016): uid=10047 com.google.android.googlequicksearchbox:search identical 4 lines
11-16 08:57:07.459: W/SearchServiceCore(10016): Abort, client detached.
11-16 08:57:07.465: I/BgTaskExecutorImpl(10016): Starting EXCLUSIVE background task BLOBLOBBER_SYNC.
11-16 08:57:07.467: I/FontLog(10825): Received query Google Sans Display, URI content://com.google.android.gms.fonts [CONTEXT service_id=132 ]
11-16 08:57:07.468: I/FontLog(10825): Query [Google Sans Display] resolved to {Google Sans Display, wdth 100.0, wght 400, ital 0.0, bestEffort false} [CONTEXT service_id=132 ]
11-16 08:57:07.473: I/FontLog(10825): Font PFD returned from cache for {Google Sans Display, wdth 100.0, wght 400, ital 0.0, bestEffort false} [CONTEXT service_id=132 ]
11-16 08:57:07.473: I/FontLog(10825): Fetch {Google Sans Display, wdth 100.0, wght 400, ital 0.0, bestEffort false} end status Status{statusCode=SUCCESS, resolution=null} [CONTEXT service_id=132 ]
11-16 08:57:07.475: D/DownloadManager(15118): [83] Starting
11-16 08:57:07.480: I/FontLog(10825): Pulling font file for id = 14, cache size = 7 [CONTEXT service_id=132 ]
11-16 08:57:07.482: W/earchbox:searc(10016): Suspending all threads took: 13.524ms
11-16 08:57:07.483: I/VelourConfigListener(10016): Received new velour config
11-16 08:57:07.485: I/VelourConfigListener(10016): Received new velour config
11-16 08:57:07.499: W/GCM(16726): GCM SDK is deprecated, com.google.android.apps.chromecast.app should update to use FCM
11-16 08:57:07.500: W/BlobLobber(10016): Skipping download (already active): odws2_en:us:807_2019-09-12_270573492_release_signed
11-16 08:57:07.503: W/SearchServiceCore(10016): Abort, client detached.
11-16 08:57:07.503: I/chatty(10016): uid=10047 com.google.android.googlequicksearchbox:search identical 4 lines
11-16 08:57:07.503: W/SearchServiceCore(10016): Abort, client detached.
11-16 08:57:07.534: D/NetworkSecurityConfig(15118): Using Network Security Config from resource network_security_config debugBuild: false
11-16 08:57:07.546: W/ActivityManager(1144): Background start not allowed: service Intent { cmp=com.google.android.apps.messaging/.shared.datamodel.action.execution.ActionExecutorImpl$EmptyService } to com.google.android.apps.messaging/.shared.datamodel.action.execution.ActionExecutorImpl$EmptyService from pid=15685 uid=10111 pkg=com.google.android.apps.messaging startFg?=false
11-16 08:57:07.535: D/NetworkSecurityConfig(15118): Using Network Security Config from resource network_security_config debugBuild: false
11-16 08:57:07.549: I/ShortcutBadger(15685): Checking if platform supports badge counters, attempt 1/3.
11-16 08:57:07.549: I/PeopleChimeraService(13134): onService. callbacks = xmw@611b88e, request = com.google.android.gms.common.internal.GetServiceRequest@79b08af
11-16 08:57:07.556: I/ShortcutBadger(15685): Checking if platform supports badge counters, attempt 2/3.
11-16 08:57:07.560: I/ShortcutBadger(15685): Checking if platform supports badge counters, attempt 3/3.
11-16 08:57:07.563: W/ShortcutBadger(15685): Badge counter seems not supported in this platform: unable to resolve intent: Intent { act=android.intent.action.BADGE_COUNT_UPDATE (has extras) }
11-16 08:57:07.570: D/NetworkSecurityConfig(15118): No Network Security Config specified, using platform default
11-16 08:57:07.573: I/ActivityManager(1144): Start proc 16830:com.google.android.apps.tachyon/u0a148 for broadcast com.google.android.apps.tachyon/.common.applifecycle.LocaleChangeReceiver
11-16 08:57:07.574: I/BgTaskExecutorImpl(10016): Starting EXCLUSIVE background task VELOUR_BACKGROUND_MAINTENANCE.
11-16 08:57:07.575: I/InputReader(1144): Reconfiguring input devices.  changes=0x00000010
11-16 08:57:07.576: I/ActivityManager(1144): Killing 9977:com.google.android.ims/u0a25 (adj 1001): empty #17
11-16 08:57:07.577: W/libprocessgroup(1144): kill(-9977, 9) failed: No such process
11-16 08:57:07.579: I/Telecom(1144): DefaultDialerCache: Refreshing default dialer for user 0: now com.google.android.dialer: DDC.oR@AKM
11-16 08:57:07.585: D/RegisteredNfcFServicesCache(4132): Service unchanged, not updating
11-16 08:57:07.585: E/PhoneInterfaceManager(3769): [PhoneIntfMgr] getCarrierPackageNamesForIntent: No UICC
11-16 08:57:07.585: D/CarrierSvcBindHelper(3769): No carrier app for: 0
11-16 08:57:07.585: D/ImsResolver(3769): maybeAddedImsService, packageName: com.android.vending
11-16 08:57:07.586: W/BroadcastQueue(1144): Skipping deliver [background] BroadcastRecord{c48d9c6 u0 android.intent.action.PACKAGE_CHANGED} to ReceiverList{eb80f90 9977 com.google.android.ims/10025/u0 remote:6efa53}: process gone or crashing
11-16 08:57:07.586: W/BroadcastQueue(1144): Skipping deliver [background] BroadcastRecord{c48d9c6 u0 android.intent.action.PACKAGE_CHANGED} to ReceiverList{a3f3308 9977 com.google.android.ims/10025/u0 remote:c0720ab}: process gone or crashing
11-16 08:57:07.587: I/InputReader(1144): Reconfiguring input devices.  changes=0x00000010
11-16 08:57:07.587: W/BroadcastQueue(1144): Skipping deliver [background] BroadcastRecord{2833d87 u0 android.intent.action.PACKAGE_CHANGED} to ReceiverList{eb80f90 9977 com.google.android.ims/10025/u0 remote:6efa53}: process gone or crashing
11-16 08:57:07.587: W/BroadcastQueue(1144): Skipping deliver [background] BroadcastRecord{2833d87 u0 android.intent.action.PACKAGE_CHANGED} to ReceiverList{a3f3308 9977 com.google.android.ims/10025/u0 remote:c0720ab}: process gone or crashing
11-16 08:57:07.608: I/Telecom(1144): DefaultDialerCache: Refreshing default dialer for user 0: now com.google.android.dialer: DDC.oR@AKQ
11-16 08:57:07.587: I/InputReader(1144): Reconfiguring input devices.  changes=0x00000010
11-16 08:57:07.610: I/PeopleGalProvider(13134): Gal directories started.
11-16 08:57:07.619: D/RegisteredNfcFServicesCache(4132): Service unchanged, not updating
11-16 08:57:07.622: W/libprocessgroup(1144): kill(-9977, 9) failed: No such process
11-16 08:57:07.627: I/Fitness(10825): OnPackageChangedOperation got intent: Intent { act=android.intent.action.PACKAGE_CHANGED dat=package:com.android.vending flg=0x45000010 pkg=com.google.android.gms cmp=com.google.android.gms/.chimera.PersistentIntentOperationService (has extras) } [CONTEXT service_id=17 ]
11-16 08:57:07.635: E/id.apps.tachyo(16830): Not starting debugger since process cannot load the jdwp agent.
11-16 08:57:07.640: D/ConnectivityService(1144): ConnectivityService NetworkRequestInfo binderDied(NetworkRequest [ TRACK_DEFAULT id=25, [ Capabilities: INTERNET&NOT_RESTRICTED&TRUSTED Unwanted:  Uid: 10025] ], android.os.BinderProxy@4beaf05)
11-16 08:57:07.642: W/ActivityManager(1144): Scheduling restart of crashed service com.google.android.ims/.services.NetworkConnectionsService in 1000ms
11-16 08:57:07.642: D/ConnectivityService(1144): releasing NetworkRequest [ TRACK_DEFAULT id=25, [ Capabilities: INTERNET&NOT_RESTRICTED&TRUSTED Unwanted:  Uid: 10025] ] (release request)
11-16 08:57:07.644: I/Zygote(731): Process 9977 exited due to signal (9)
11-16 08:57:07.647: I/PeopleGalProvider(13134): Method 1 completed.
11-16 08:57:07.647: I/PeopleGalProvider(13134): Method 1 finished successfully.
11-16 08:57:07.650: D/RegisteredNfcFServicesCache(4132): Service unchanged, not updating
11-16 08:57:07.650: E/PhoneInterfaceManager(3769): [PhoneIntfMgr] getCarrierPackageNamesForIntent: No UICC
11-16 08:57:07.650: D/CarrierSvcBindHelper(3769): No carrier app for: 0
11-16 08:57:07.666: W/libprocessgroup(1144): kill(-9977, 9) failed: No such process
11-16 08:57:07.666: I/libprocessgroup(1144): Successfully killed process cgroup uid 10025 pid 9977 in 89ms
11-16 08:57:07.667: I/BugleRcsEngine(10072): [582] ProvisioningEngineStateMachine$StateBase.c: Exit DisabledState
11-16 08:57:07.668: E/system_server(1144): No package ID 7f found for ID 0x7f080273.
11-16 08:57:07.668: E/system_server(1144): No package ID 7f found for ID 0x7f19000b.
11-16 08:57:07.668: W/BugleRcsEngine(10072): [582] pcp.c: No config URL. RCS will be disabled!
11-16 08:57:07.672: E/PhoneInterfaceManager(3769): [PhoneIntfMgr] getCarrierPackageNamesForIntent: No UICC
11-16 08:57:07.672: D/CarrierSvcBindHelper(3769): No carrier app for: 0
11-16 08:57:07.672: D/ImsResolver(3769): maybeAddedImsService, packageName: com.google.android.gms
11-16 08:57:07.673: D/ImsResolver(3769): maybeAddedImsService, packageName: com.google.android.calendar
11-16 08:57:07.676: I/Fitness(10825): FitCleanupIntentOperation received Intent android.intent.action.PACKAGE_CHANGED [CONTEXT service_id=17 ]
11-16 08:57:07.676: I/Telecom(1144): DefaultDialerCache: Refreshing default dialer for user 0: now com.google.android.dialer: DDC.oR@AKU
11-16 08:57:07.677: E/BugleRcsEngine(10072): [2] pkf.a: TelephonyChangeReceiver is not registered.
11-16 08:57:07.679: I/Fitness(10825): OnPackageChangedOperation got intent: Intent { act=android.intent.action.PACKAGE_CHANGED dat=package:com.google.android.gms flg=0x45000010 pkg=com.google.android.gms cmp=com.google.android.gms/.chimera.PersistentIntentOperationService (has extras) } [CONTEXT service_id=17 ]
11-16 08:57:07.685: D/ConnectivityService(1144): releasing NetworkRequest [ TRACK_DEFAULT id=28, [ Capabilities: INTERNET&NOT_RESTRICTED&TRUSTED Unwanted:  Uid: 10111] ] (release request)
11-16 08:57:07.688: I/BugleRcsEngine(10072): [2] oli.a: Destroying JibeServiceComponent
11-16 08:57:07.688: I/BugleRcsEngine(10072): [2] pkj.h: Shutting down SimStateTracker
11-16 08:57:07.693: I/Fitness(10825): FitCleanupIntentOperation received Intent android.intent.action.PACKAGE_CHANGED [CONTEXT service_id=17 ]
11-16 08:57:07.694: W/ChimeraUtils(10825): Module com.google.android.gms.nearby_en has empty metadata display_name_string_id
11-16 08:57:07.699: I/Fitness(10825): OnPackageChangedOperation got intent: Intent { act=android.intent.action.PACKAGE_CHANGED dat=package:com.google.android.calendar flg=0x45000010 pkg=com.google.android.gms cmp=com.google.android.gms/.chimera.PersistentIntentOperationService (has extras) } [CONTEXT service_id=17 ]
11-16 08:57:07.705: I/Fitness(10825): FitCleanupIntentOperation received Intent android.intent.action.PACKAGE_CHANGED [CONTEXT service_id=17 ]
11-16 08:57:07.717: W/earchbox:searc(10016): Unsupported class loader
11-16 08:57:07.753: W/ChimeraUtils(10825): Module com.google.android.gms.nearby_en has empty metadata display_name_string_id
11-16 08:57:07.755: W/ChimeraUtils(10825): Module com.google.android.gms.nearby_en has empty metadata display_name_string_id
11-16 08:57:07.812: I/dex2oat(16790): dex2oat took 413.727ms (68.813ms cpu) (threads: 8) arena alloc=8KB (9208B) java alloc=48KB (49168B) native alloc=904KB (926424B) free=1655KB (1695016B)
11-16 08:57:07.820: I/android.youtub(16561): The ClassLoaderContext is a special shared library.
11-16 08:57:07.846: W/ChimeraUtils(10825): Module com.google.android.gms.nearby_en has empty metadata display_name_string_id
11-16 08:57:07.893: D/ConnectivityService(1144): requestNetwork for uid/pid:10080/16561 NetworkRequest [ TRACK_DEFAULT id=57, [ Capabilities: INTERNET&NOT_RESTRICTED&TRUSTED Unwanted:  Uid: 10080] ]
11-16 08:57:07.894: D/WIFI_UT(1144): got request NetworkRequest [ TRACK_DEFAULT id=57, [ Capabilities: INTERNET&NOT_RESTRICTED&TRUSTED Unwanted:  Uid: 10080] ] with score 60
11-16 08:57:07.894: D/WIFI(1144): got request NetworkRequest [ TRACK_DEFAULT id=57, [ Capabilities: INTERNET&NOT_RESTRICTED&TRUSTED Unwanted:  Uid: 10080] ] with score 60
11-16 08:57:07.894: D/PhoneSwitcherNetworkRequstListener(3769): got request NetworkRequest [ TRACK_DEFAULT id=57, [ Capabilities: INTERNET&NOT_RESTRICTED&TRUSTED Unwanted:  Uid: 10080] ] with score 60
11-16 08:57:07.894: D/Ethernet(1144): got request NetworkRequest [ TRACK_DEFAULT id=57, [ Capabilities: INTERNET&NOT_RESTRICTED&TRUSTED Unwanted:  Uid: 10080] ] with score 60
11-16 08:57:07.895: D/WIFI_AWARE_FACTORY(1144): got request NetworkRequest [ TRACK_DEFAULT id=57, [ Capabilities: INTERNET&NOT_RESTRICTED&TRUSTED Unwanted:  Uid: 10080] ] with score 60
11-16 08:57:07.902: I/gle.android.gm(13134): Background concurrent copying GC freed 144870(7MB) AllocSpace objects, 59(2MB) LOS objects, 49% free, 12MB/25MB, paused 2.349ms total 241.299ms
11-16 08:57:07.912: I/.testutils.tes(16543): Rejecting re-init on previously-failed class java.lang.Class<com.sun.jna.platform.dnd.DragHandler>: java.lang.NoClassDefFoundError: Failed resolution of: Ljava/awt/dnd/DragSourceListener;
11-16 08:57:07.912: I/.testutils.tes(16543):   at java.lang.Class java.lang.Class.classForName(java.lang.String, boolean, java.lang.ClassLoader) (Class.java:-2)
11-16 08:57:07.912: I/.testutils.tes(16543):   at java.lang.Class java.lang.Class.forName(java.lang.String, boolean, java.lang.ClassLoader) (Class.java:453)
11-16 08:57:07.912: I/.testutils.tes(16543):   at void androidx.test.internal.runner.TestLoader.doCreateRunner(java.lang.String, boolean) (TestLoader.java:72)
11-16 08:57:07.912: I/.testutils.tes(16543):   at java.util.List androidx.test.internal.runner.TestLoader.getRunnersFor(java.util.Collection, boolean) (TestLoader.java:105)
11-16 08:57:07.912: I/.testutils.tes(16543):   at org.junit.runner.Request androidx.test.internal.runner.TestRequestBuilder.build() (TestRequestBuilder.java:804)
11-16 08:57:07.912: I/.testutils.tes(16543):   at org.junit.runner.Request androidx.test.runner.AndroidJUnitRunner.buildRequest(androidx.test.internal.runner.RunnerArgs, android.os.Bundle) (AndroidJUnitRunner.java:613)
11-16 08:57:07.912: I/.testutils.tes(16543):   at void androidx.test.runner.AndroidJUnitRunner.onStart() (AndroidJUnitRunner.java:411)
11-16 08:57:07.912: I/.testutils.tes(16543):   at void android.app.Instrumentation$InstrumentationThread.run() (Instrumentation.java:2145)
11-16 08:57:07.912: I/.testutils.tes(16543): Caused by: java.lang.ClassNotFoundException: Didn't find class "java.awt.dnd.DragSourceListener" on path: DexPathList[[zip file "/system/framework/android.test.mock.jar", zip file "/system/framework/android.test.runner.jar", zip file "/data/app/androidx.compose.testutils.test-ToIqlzAljPDNIrCSDTAxcg==/base.apk"],nativeLibraryDirectories=[/data/app/androidx.compose.testutils.test-ToIqlzAljPDNIrCSDTAxcg==/lib/arm64, /system/lib64]]
11-16 08:57:07.912: I/.testutils.tes(16543):   at java.lang.Class dalvik.system.BaseDexClassLoader.findClass(java.lang.String) (BaseDexClassLoader.java:134)
11-16 08:57:07.912: I/.testutils.tes(16543):   at java.lang.Class java.lang.ClassLoader.loadClass(java.lang.String, boolean) (ClassLoader.java:379)
11-16 08:57:07.912: I/.testutils.tes(16543):   at java.lang.Class java.lang.ClassLoader.loadClass(java.lang.String) (ClassLoader.java:312)
11-16 08:57:07.912: I/.testutils.tes(16543):   at java.lang.Class java.lang.Class.classForName(java.lang.String, boolean, java.lang.ClassLoader) (Class.java:-2)
11-16 08:57:07.912: I/.testutils.tes(16543):   at java.lang.Class java.lang.Class.forName(java.lang.String, boolean, java.lang.ClassLoader) (Class.java:453)
11-16 08:57:07.912: I/.testutils.tes(16543):   at void androidx.test.internal.runner.TestLoader.doCreateRunner(java.lang.String, boolean) (TestLoader.java:72)
11-16 08:57:07.912: I/.testutils.tes(16543):   at java.util.List androidx.test.internal.runner.TestLoader.getRunnersFor(java.util.Collection, boolean) (TestLoader.java:105)
11-16 08:57:07.912: I/.testutils.tes(16543):   at org.junit.runner.Request androidx.test.internal.runner.TestRequestBuilder.build() (TestRequestBuilder.java:804)
11-16 08:57:07.912: I/.testutils.tes(16543):   at org.junit.runner.Request androidx.test.runner.AndroidJUnitRunner.buildRequest(androidx.test.internal.runner.RunnerArgs, android.os.Bundle) (AndroidJUnitRunner.java:613)
11-16 08:57:07.912: I/.testutils.tes(16543):   at void androidx.test.runner.AndroidJUnitRunner.onStart() (AndroidJUnitRunner.java:411)
11-16 08:57:07.912: I/.testutils.tes(16543):   at void android.app.Instrumentation$InstrumentationThread.run() (Instrumentation.java:2145)
11-16 08:57:07.912: E/TestLoader(16543): Could not find class: com.sun.jna.platform.dnd.DragHandler
11-16 08:57:07.912: W/ActivityManager(1144): Background start not allowed: service Intent { cmp=com.google.android.apps.messaging/.shared.datamodel.action.execution.ActionExecutorImpl$EmptyService } to com.google.android.apps.messaging/.shared.datamodel.action.execution.ActionExecutorImpl$EmptyService from pid=15685 uid=10111 pkg=com.google.android.apps.messaging startFg?=false
11-16 08:57:07.913: I/.testutils.tes(16543): Rejecting re-init on previously-failed class java.lang.Class<com.sun.jna.platform.dnd.DropHandler>: java.lang.NoClassDefFoundError: Failed resolution of: Ljava/awt/dnd/DropTargetListener;
11-16 08:57:07.913: I/.testutils.tes(16543):   at java.lang.Class java.lang.Class.classForName(java.lang.String, boolean, java.lang.ClassLoader) (Class.java:-2)
11-16 08:57:07.913: I/.testutils.tes(16543):   at java.lang.Class java.lang.Class.forName(java.lang.String, boolean, java.lang.ClassLoader) (Class.java:453)
11-16 08:57:07.913: I/.testutils.tes(16543):   at void androidx.test.internal.runner.TestLoader.doCreateRunner(java.lang.String, boolean) (TestLoader.java:72)
11-16 08:57:07.913: I/.testutils.tes(16543):   at java.util.List androidx.test.internal.runner.TestLoader.getRunnersFor(java.util.Collection, boolean) (TestLoader.java:105)
11-16 08:57:07.913: I/.testutils.tes(16543):   at org.junit.runner.Request androidx.test.internal.runner.TestRequestBuilder.build() (TestRequestBuilder.java:804)
11-16 08:57:07.913: I/.testutils.tes(16543):   at org.junit.runner.Request androidx.test.runner.AndroidJUnitRunner.buildRequest(androidx.test.internal.runner.RunnerArgs, android.os.Bundle) (AndroidJUnitRunner.java:613)
11-16 08:57:07.913: I/.testutils.tes(16543):   at void androidx.test.runner.AndroidJUnitRunner.onStart() (AndroidJUnitRunner.java:411)
11-16 08:57:07.913: I/.testutils.tes(16543):   at void android.app.Instrumentation$InstrumentationThread.run() (Instrumentation.java:2145)
11-16 08:57:07.913: I/.testutils.tes(16543): Caused by: java.lang.ClassNotFoundException: Didn't find class "java.awt.dnd.DropTargetListener" on path: DexPathList[[zip file "/system/framework/android.test.mock.jar", zip file "/system/framework/android.test.runner.jar", zip file "/data/app/androidx.compose.testutils.test-ToIqlzAljPDNIrCSDTAxcg==/base.apk"],nativeLibraryDirectories=[/data/app/androidx.compose.testutils.test-ToIqlzAljPDNIrCSDTAxcg==/lib/arm64, /system/lib64]]
11-16 08:57:07.913: I/.testutils.tes(16543):   at java.lang.Class dalvik.system.BaseDexClassLoader.findClass(java.lang.String) (BaseDexClassLoader.java:134)
11-16 08:57:07.913: I/.testutils.tes(16543):   at java.lang.Class java.lang.ClassLoader.loadClass(java.lang.String, boolean) (ClassLoader.java:379)
11-16 08:57:07.913: I/.testutils.tes(16543):   at java.lang.Class java.lang.ClassLoader.loadClass(java.lang.String) (ClassLoader.java:312)
11-16 08:57:07.913: I/.testutils.tes(16543):   at java.lang.Class java.lang.Class.classForName(java.lang.String, boolean, java.lang.ClassLoader) (Class.java:-2)
11-16 08:57:07.913: I/.testutils.tes(16543):   at java.lang.Class java.lang.Class.forName(java.lang.String, boolean, java.lang.ClassLoader) (Class.java:453)
11-16 08:57:07.913: I/.testutils.tes(16543):   at void androidx.test.internal.runner.TestLoader.doCreateRunner(java.lang.String, boolean) (TestLoader.java:72)
11-16 08:57:07.913: I/.testutils.tes(16543):   at java.util.List androidx.test.internal.runner.TestLoader.getRunnersFor(java.util.Collection, boolean) (TestLoader.java:105)
11-16 08:57:07.913: I/.testutils.tes(16543):   at org.junit.runner.Request androidx.test.internal.runner.TestRequestBuilder.build() (TestRequestBuilder.java:804)
11-16 08:57:07.913: I/.testutils.tes(16543):   at org.junit.runner.Request androidx.test.runner.AndroidJUnitRunner.buildRequest(androidx.test.internal.runner.RunnerArgs, android.os.Bundle) (AndroidJUnitRunner.java:613)
11-16 08:57:07.913: I/.testutils.tes(16543):   at void androidx.test.runner.AndroidJUnitRunner.onStart() (AndroidJUnitRunner.java:411)
11-16 08:57:07.913: I/.testutils.tes(16543):   at void android.app.Instrumentation$InstrumentationThread.run() (Instrumentation.java:2145)
11-16 08:57:07.913: E/TestLoader(16543): Could not find class: com.sun.jna.platform.dnd.DropHandler
11-16 08:57:07.916: W/BugleDataModel(15685): ActionExecutorImpl: Action started execution, but we can't guarantee it will complete, the app may be killed. Action: class com.google.android.apps.messaging.shared.datamodel.action.GenericWorkerQueueAction-GenericWorkerQueueAction:433124008
11-16 08:57:07.916: W/BugleDataModel(15685): java.lang.IllegalStateException: Not allowed to start service Intent { cmp=com.google.android.apps.messaging/.shared.datamodel.action.execution.ActionExecutorImpl$EmptyService }: app is in background uid UidRecord{57c24bb u0a111 CEM  idle change:cached procs:2 seq(0,0,0)}
11-16 08:57:07.916: W/BugleDataModel(15685): 	at android.app.ContextImpl.startServiceCommon(ContextImpl.java:1577)
11-16 08:57:07.916: W/BugleDataModel(15685): 	at android.app.ContextImpl.startService(ContextImpl.java:1532)
11-16 08:57:07.916: W/BugleDataModel(15685): 	at android.content.ContextWrapper.startService(ContextWrapper.java:664)
11-16 08:57:07.916: W/BugleDataModel(15685): 	at com.google.android.apps.messaging.shared.datamodel.action.execution.ActionExecutorImpl.a(SourceFile:21)
11-16 08:57:07.916: W/BugleDataModel(15685): 	at com.google.android.apps.messaging.shared.datamodel.action.execution.ActionExecutorImpl.a(SourceFile:17)
11-16 08:57:07.916: W/BugleDataModel(15685): 	at ecp.c(SourceFile:12)
11-16 08:57:07.916: W/BugleDataModel(15685): 	at eco.run(Unknown Source:1)
11-16 08:57:07.916: W/BugleDataModel(15685): 	at android.os.Handler.handleCallback(Handler.java:873)
11-16 08:57:07.916: W/BugleDataModel(15685): 	at android.os.Handler.dispatchMessage(Handler.java:99)
11-16 08:57:07.916: W/BugleDataModel(15685): 	at android.os.Looper.loop(Looper.java:193)
11-16 08:57:07.916: W/BugleDataModel(15685): 	at android.app.ActivityThread.main(ActivityThread.java:6718)
11-16 08:57:07.916: W/BugleDataModel(15685): 	at java.lang.reflect.Method.invoke(Native Method)
11-16 08:57:07.916: W/BugleDataModel(15685): 	at com.android.internal.os.RuntimeInit$MethodAndArgsCaller.run(RuntimeInit.java:493)
11-16 08:57:07.916: W/BugleDataModel(15685): 	at com.android.internal.os.ZygoteInit.main(ZygoteInit.java:858)
11-16 08:57:07.985: I/android.youtub(16561): Rejecting re-init on previously-failed class java.lang.Class<com.google.android.ads.tasks.appdigest.a>: java.lang.NoClassDefFoundError: Failed resolution of: Landroid/content/pm/PackageManager$OnChecksumsReadyListener;
11-16 08:57:07.985: I/android.youtub(16561):   at java.lang.Class dalvik.system.DexFile.defineClassNative(java.lang.String, java.lang.ClassLoader, java.lang.Object, dalvik.system.DexFile) (DexFile.java:-2)
11-16 08:57:07.985: I/android.youtub(16561):   at java.lang.Class dalvik.system.DexFile.defineClass(java.lang.String, java.lang.ClassLoader, java.lang.Object, dalvik.system.DexFile, java.util.List) (DexFile.java:283)
11-16 08:57:07.986: I/android.youtub(16561):   at java.lang.Class dalvik.system.DexFile.loadClassBinaryName(java.lang.String, java.lang.ClassLoader, java.util.List) (DexFile.java:276)
11-16 08:57:07.986: I/android.youtub(16561):   at java.lang.Class dalvik.system.DexPathList$Element.findClass(java.lang.String, java.lang.ClassLoader, java.util.List) (DexPathList.java:724)
11-16 08:57:07.986: I/android.youtub(16561):   at java.lang.Class dalvik.system.DexPathList.findClass(java.lang.String, java.util.List) (DexPathList.java:486)
11-16 08:57:07.986: I/android.youtub(16561):   at java.lang.Class dalvik.system.BaseDexClassLoader.findClass(java.lang.String) (BaseDexClassLoader.java:132)
11-16 08:57:07.986: I/android.youtub(16561):   at java.lang.Class bg.loadClass(java.lang.String, boolean) (:com.google.android.gms.dynamite_dynamiteloader@213614065@21.36.14 (100400-0):2)
11-16 08:57:07.986: I/android.youtub(16561):   at java.lang.Class java.lang.ClassLoader.loadClass(java.lang.String) (ClassLoader.java:312)
11-16 08:57:07.986: I/android.youtub(16561):   at java.util.List xu.r(yv, android.content.Context, bqi, com.google.ads.afma.g) (:com.google.android.gms.policy_ads_fdr_dynamite@213806100@213806100057.397311113.397311113:5)
11-16 08:57:07.986: I/android.youtub(16561):   at java.util.List xv.r(yv, android.content.Context, bqi, com.google.ads.afma.g) (:com.google.android.gms.policy_ads_fdr_dynamite@213806100@213806100057.397311113.397311113:4)
11-16 08:57:07.986: I/android.youtub(16561):   at void xu.s(yv, android.content.Context, bqi, com.google.ads.afma.g) (:com.google.android.gms.policy_ads_fdr_dynamite@213806100@213806100057.397311113.397311113:0)
11-16 08:57:07.986: I/android.youtub(16561):   at bqi xu.m(android.content.Context, com.google.ads.afma.g) (:com.google.android.gms.policy_ads_fdr_dynamite@213806100@213806100057.397311113.397311113:7)
11-16 08:57:07.986: I/android.youtub(16561):   at java.lang.String xp.r(android.content.Context, java.lang.String, int, android.view.View, android.app.Activity, byte[]) (:com.google.android.gms.policy_ads_fdr_dynamite@213806100@213806100057.397311113.397311113:8)
11-16 08:57:07.986: I/android.youtub(16561):   at java.lang.String xp.g(android.content.Context, byte[]) (:com.google.android.gms.policy_ads_fdr_dynamite@213806100@213806100057.397311113.397311113:2)
11-16 08:57:07.986: I/android.youtub(16561):   at java.lang.String com.google.android.gms.ads.adshield.internal.a.b(aqh, byte[]) (:com.google.android.gms.policy_ads_fdr_dynamite@213806100@213806100057.397311113.397311113:1)
11-16 08:57:07.986: I/android.youtub(16561):   at boolean com.google.android.gms.ads.adshield.internal.a.bJ(int, android.os.Parcel, android.os.Parcel) (:com.google.android.gms.policy_ads_fdr_dynamite@213806100@213806100057.397311113.397311113:54)
11-16 08:57:07.986: I/android.youtub(16561):   at boolean zg.onTransact(int, android.os.Parcel, android.os.Parcel, int) (:com.google.android.gms.policy_ads_fdr_dynamite@213806100@213806100057.397311113.397311113:4)
11-16 08:57:07.986: I/android.youtub(16561):   at boolean android.os.Binder.transact(int, android.os.Parcel, android.os.Parcel, int) (Binder.java:667)
11-16 08:57:07.986: I/android.youtub(16561):   at android.os.Parcel pcs.a(int, android.os.Parcel) (SourceFile:7)
11-16 08:57:07.986: I/android.youtub(16561):   at java.lang.String pkk.a(oms, byte[]) (SourceFile:40)
11-16 08:57:07.986: I/android.youtub(16561):   at java.lang.String nrc.a(android.content.Context, byte[]) (SourceFile:6)
11-16 08:57:07.986: I/android.youtub(16561):   at java.lang.String qis.a(android.content.Context, byte[]) (SourceFile:10)
11-16 08:57:07.986: I/android.youtub(16561):   at java.lang.String skv.a(qio, byte[]) (SourceFile:59)
11-16 08:57:07.986: I/android.youtub(16561):   at java.lang.String skv.g() (SourceFile:41)
11-16 08:57:07.986: I/android.youtub(16561):   at java.lang.String skv.b() (SourceFile:69)
11-16 08:57:07.986: I/android.youtub(16561):   at java.lang.String slq.i() (SourceFile:56)
11-16 08:57:07.986: I/android.youtub(16561):   at java.lang.String slq.b() (SourceFile:32)
11-16 08:57:07.986: I/android.youtub(16561):   at void slq.e() (SourceFile:37)
11-16 08:57:07.986: I/android.youtub(16561):   at void cmk.run() (SourceFile:7)
11-16 08:57:07.986: I/android.youtub(16561):   at java.lang.Object java.util.concurrent.Executors$RunnableAdapter.call() (Executors.java:458)
11-16 08:57:07.986: I/android.youtub(16561):   at void java.util.concurrent.FutureTask.run() (FutureTask.java:266)
11-16 08:57:07.986: I/android.youtub(16561):   at void java.util.concurrent.ScheduledThreadPoolExecutor$ScheduledFutureTask.run() (ScheduledThreadPoolExecutor.java:301)
11-16 08:57:07.986: I/android.youtub(16561):   at void java.util.concurrent.ThreadPoolExecutor.runWorker(java.util.concurrent.ThreadPoolExecutor$Worker) (ThreadPoolExecutor.java:1167)
11-16 08:57:07.986: I/android.youtub(16561):   at void java.util.concurrent.ThreadPoolExecutor$Worker.run() (ThreadPoolExecutor.java:641)
11-16 08:57:07.986: I/android.youtub(16561):   at void ubi.run() (SourceFile:20)
11-16 08:57:07.986: I/android.youtub(16561):   at void java.lang.Thread.run() (Thread.java:764)
11-16 08:57:07.986: I/android.youtub(16561): Caused by: java.lang.ClassNotFoundException: Didn't find class "android.content.pm.PackageManager$OnChecksumsReadyListener" on path: DexPathList[[zip file "/data/user_de/0/com.google.android.gms/app_chimera/m/00000011/dl-AdsFdrDynamite.integ_213806100100000.apk"],nativeLibraryDirectories=[/data/user_de/0/com.google.android.gms/app_chimera/m/00000011/dl-AdsFdrDynamite.integ_213806100100000.apk!/lib/arm64-v8a, /system/lib64]]
11-16 08:57:07.986: I/android.youtub(16561):   at java.lang.Class dalvik.system.BaseDexClassLoader.findClass(java.lang.String) (BaseDexClassLoader.java:134)
11-16 08:57:07.986: I/android.youtub(16561):   at java.lang.Class java.lang.ClassLoader.loadClass(java.lang.String, boolean) (ClassLoader.java:379)
11-16 08:57:07.986: I/android.youtub(16561):   at java.lang.Class bg.loadClass(java.lang.String, boolean) (:com.google.android.gms.dynamite_dynamiteloader@213614065@21.36.14 (100400-0):3)
11-16 08:57:07.986: I/android.youtub(16561):   at java.lang.Class java.lang.ClassLoader.loadClass(java.lang.String) (ClassLoader.java:312)
11-16 08:57:07.986: I/android.youtub(16561):   at java.lang.Class dalvik.system.DexFile.defineClassNative(java.lang.String, java.lang.ClassLoader, java.lang.Object, dalvik.system.DexFile) (DexFile.java:-2)
11-16 08:57:07.986: I/android.youtub(16561):   at java.lang.Class dalvik.system.DexFile.defineClass(java.lang.String, java.lang.ClassLoader, java.lang.Object, dalvik.system.DexFile, java.util.List) (DexFile.java:283)
11-16 08:57:07.986: I/android.youtub(16561):   at java.lang.Class dalvik.system.DexFile.loadClassBinaryName(java.lang.String, java.lang.ClassLoader, java.util.List) (DexFile.java:276)
11-16 08:57:07.986: I/android.youtub(16561):   at java.lang.Class dalvik.system.DexPathList$Element.findClass(java.lang.String, java.lang.ClassLoader, java.util.List) (DexPathList.java:724)
11-16 08:57:07.986: I/android.youtub(16561):   at java.lang.Class dalvik.system.DexPathList.findClass(java.lang.String, java.util.List) (DexPathList.java:486)
11-16 08:57:07.986: I/android.youtub(16561):   at java.lang.Class dalvik.system.BaseDexClassLoader.findClass(java.lang.String) (BaseDexClassLoader.java:132)
11-16 08:57:07.986: I/android.youtub(16561):   at java.lang.Class bg.loadClass(java.lang.String, boolean) (:com.google.android.gms.dynamite_dynamiteloader@213614065@21.36.14 (100400-0):2)
11-16 08:57:07.986: I/android.youtub(16561):   at java.lang.Class java.lang.ClassLoader.loadClass(java.lang.String) (ClassLoader.java:312)
11-16 08:57:07.986: I/android.youtub(16561):   at java.util.List xu.r(yv, android.content.Context, bqi, com.google.ads.afma.g) (:com.google.android.gms.policy_ads_fdr_dynamite@213806100@213806100057.397311113.397311113:5)
11-16 08:57:07.986: I/android.youtub(16561):   at java.util.List xv.r(yv, android.content.Context, bqi, com.google.ads.afma.g) (:com.google.android.gms.policy_ads_fdr_dynamite@213806100@213806100057.397311113.397311113:4)
11-16 08:57:07.986: I/android.youtub(16561):   at void xu.s(yv, android.content.Context, bqi, com.google.ads.afma.g) (:com.google.android.gms.policy_ads_fdr_dynamite@213806100@213806100057.397311113.397311113:0)
11-16 08:57:07.986: I/android.youtub(16561):   at bqi xu.m(android.content.Context, com.google.ads.afma.g) (:com.google.android.gms.policy_ads_fdr_dynamite@213806100@213806100057.397311113.397311113:7)
11-16 08:57:07.986: I/android.youtub(16561):   at java.lang.String xp.r(android.content.Context, java.lang.String, int, android.view.View, android.app.Activity, byte[]) (:com.google.android.gms.policy_ads_fdr_dynamite@213806100@213806100057.397311113.397311113:8)
11-16 08:57:07.986: I/android.youtub(16561):   at java.lang.String xp.g(android.content.Context, byte[]) (:com.google.android.gms.policy_ads_fdr_dynamite@213806100@213806100057.397311113.397311113:2)
11-16 08:57:07.986: I/android.youtub(16561):   at java.lang.String com.google.android.gms.ads.adshield.internal.a.b(aqh, byte[]) (:com.google.android.gms.policy_ads_fdr_dynamite@213806100@213806100057.397311113.397311113:1)
11-16 08:57:07.986: I/android.youtub(16561):   at boolean com.google.android.gms.ads.adshield.internal.a.bJ(int, android.os.Parcel, android.os.Parcel) (:com.google.android.gms.policy_ads_fdr_dynamite@213806100@213806100057.397311113.397311113:54)
11-16 08:57:07.986: I/android.youtub(16561):   at boolean zg.onTransact(int, android.os.Parcel, android.os.Parcel, int) (:com.google.android.gms.policy_ads_fdr_dynamite@213806100@213806100057.397311113.397311113:4)
11-16 08:57:07.986: I/android.youtub(16561):   at boolean android.os.Binder.transact(int, android.os.Parcel, android.os.Parcel, int) (Binder.java:667)
11-16 08:57:07.986: I/android.youtub(16561):   at android.os.Parcel pcs.a(int, android.os.Parcel) (SourceFile:7)
11-16 08:57:07.986: I/android.youtub(16561):   at java.lang.String pkk.a(oms, byte[]) (SourceFile:40)
11-16 08:57:07.986: I/android.youtub(16561):   at java.lang.String nrc.a(android.content.Context, byte[]) (SourceFile:6)
11-16 08:57:07.986: I/android.youtub(16561):   at java.lang.String qis.a(android.content.Context, byte[]) (SourceFile:10)
11-16 08:57:07.986: I/android.youtub(16561):   at java.lang.String skv.a(qio, byte[]) (SourceFile:59)
11-16 08:57:07.986: I/android.youtub(16561):   at java.lang.String skv.g() (SourceFile:41)
11-16 08:57:07.986: I/android.youtub(16561):   at java.lang.String skv.b() (SourceFile:69)
11-16 08:57:07.986: I/android.youtub(16561):   at java.lang.String slq.i() (SourceFile:56)
11-16 08:57:07.986: I/android.youtub(16561):   at java.lang.String slq.b() (SourceFile:32)
11-16 08:57:07.986: I/android.youtub(16561):   at void slq.e() (SourceFile:37)
11-16 08:57:07.986: I/android.youtub(16561):   at void cmk.run() (SourceFile:7)
11-16 08:57:07.986: I/android.youtub(16561):   at java.lang.Object java.util.concurrent.Executors$RunnableAdapter.call() (Executors.java:458)
11-16 08:57:07.986: I/android.youtub(16561):   at void java.util.concurrent.FutureTask.run() (FutureTask.java:266)
11-16 08:57:07.986: I/android.youtub(16561):   at void java.util.concurrent.ScheduledThreadPoolExecutor$ScheduledFutureTask.run() (ScheduledThreadPoolExecutor.java:301)
11-16 08:57:07.986: I/android.youtub(16561):   at void java.util.concurrent.ThreadPoolExecutor.runWorker(java.util.concurrent.ThreadPoolExecutor$Worker) (ThreadPoolExecutor.java:1167)
11-16 08:57:07.986: I/android.youtub(16561):   at void java.util.concurrent.ThreadPoolExecutor$Worker.run() (ThreadPoolExecutor.java:641)
11-16 08:57:07.986: I/android.youtub(16561):   at void ubi.run() (SourceFile:20)
11-16 08:57:07.986: I/android.youtub(16561):   at void java.lang.Thread.run() (Thread.java:764)
11-16 08:57:07.987: I/android.youtub(16561): Rejecting re-init on previously-failed class java.lang.Class<com.google.android.ads.tasks.appdigest.a>: java.lang.NoClassDefFoundError: Failed resolution of: Landroid/content/pm/PackageManager$OnChecksumsReadyListener;
11-16 08:57:07.987: I/android.youtub(16561):   at java.lang.Class dalvik.system.DexFile.defineClassNative(java.lang.String, java.lang.ClassLoader, java.lang.Object, dalvik.system.DexFile) (DexFile.java:-2)
11-16 08:57:07.987: I/android.youtub(16561):   at java.lang.Class dalvik.system.DexFile.defineClass(java.lang.String, java.lang.ClassLoader, java.lang.Object, dalvik.system.DexFile, java.util.List) (DexFile.java:283)
11-16 08:57:07.987: I/android.youtub(16561):   at java.lang.Class dalvik.system.DexFile.loadClassBinaryName(java.lang.String, java.lang.ClassLoader, java.util.List) (DexFile.java:276)
11-16 08:57:07.987: I/android.youtub(16561):   at java.lang.Class dalvik.system.DexPathList$Element.findClass(java.lang.String, java.lang.ClassLoader, java.util.List) (DexPathList.java:724)
11-16 08:57:07.987: I/android.youtub(16561):   at java.lang.Class dalvik.system.DexPathList.findClass(java.lang.String, java.util.List) (DexPathList.java:486)
11-16 08:57:07.987: I/android.youtub(16561):   at java.lang.Class dalvik.system.BaseDexClassLoader.findClass(java.lang.String) (BaseDexClassLoader.java:132)
11-16 08:57:07.987: I/android.youtub(16561):   at java.lang.Class bg.loadClass(java.lang.String, boolean) (:com.google.android.gms.dynamite_dynamiteloader@213614065@21.36.14 (100400-0):2)
11-16 08:57:07.987: I/android.youtub(16561):   at java.lang.Class java.lang.ClassLoader.loadClass(java.lang.String) (ClassLoader.java:312)
11-16 08:57:07.987: I/android.youtub(16561):   at java.util.List xu.r(yv, android.content.Context, bqi, com.google.ads.afma.g) (:com.google.android.gms.policy_ads_fdr_dynamite@213806100@213806100057.397311113.397311113:5)
11-16 08:57:07.987: I/android.youtub(16561):   at java.util.List xv.r(yv, android.content.Context, bqi, com.google.ads.afma.g) (:com.google.android.gms.policy_ads_fdr_dynamite@213806100@213806100057.397311113.397311113:4)
11-16 08:57:07.987: I/android.youtub(16561):   at void xu.s(yv, android.content.Context, bqi, com.google.ads.afma.g) (:com.google.android.gms.policy_ads_fdr_dynamite@213806100@213806100057.397311113.397311113:0)
11-16 08:57:07.987: I/android.youtub(16561):   at bqi xu.m(android.content.Context, com.google.ads.afma.g) (:com.google.android.gms.policy_ads_fdr_dynamite@213806100@213806100057.397311113.397311113:7)
11-16 08:57:07.987: I/android.youtub(16561):   at java.lang.String xp.r(android.content.Context, java.lang.String, int, android.view.View, android.app.Activity, byte[]) (:com.google.android.gms.policy_ads_fdr_dynamite@213806100@213806100057.397311113.397311113:8)
11-16 08:57:07.987: I/android.youtub(16561):   at java.lang.String xp.g(android.content.Context, byte[]) (:com.google.android.gms.policy_ads_fdr_dynamite@213806100@213806100057.397311113.397311113:2)
11-16 08:57:07.987: I/android.youtub(16561):   at java.lang.String com.google.android.gms.ads.adshield.internal.a.b(aqh, byte[]) (:com.google.android.gms.policy_ads_fdr_dynamite@213806100@213806100057.397311113.397311113:1)
11-16 08:57:07.987: I/android.youtub(16561):   at boolean com.google.android.gms.ads.adshield.internal.a.bJ(int, android.os.Parcel, android.os.Parcel) (:com.google.android.gms.policy_ads_fdr_dynamite@213806100@213806100057.397311113.397311113:54)
11-16 08:57:07.987: I/android.youtub(16561):   at boolean zg.onTransact(int, android.os.Parcel, android.os.Parcel, int) (:com.google.android.gms.policy_ads_fdr_dynamite@213806100@213806100057.397311113.397311113:4)
11-16 08:57:07.987: I/android.youtub(16561):   at boolean android.os.Binder.transact(int, android.os.Parcel, android.os.Parcel, int) (Binder.java:667)
11-16 08:57:07.987: I/android.youtub(16561):   at android.os.Parcel pcs.a(int, android.os.Parcel) (SourceFile:7)
11-16 08:57:07.987: I/android.youtub(16561):   at java.lang.String pkk.a(oms, byte[]) (SourceFile:40)
11-16 08:57:07.987: I/android.youtub(16561):   at java.lang.String nrc.a(android.content.Context, byte[]) (SourceFile:6)
11-16 08:57:07.987: I/android.youtub(16561):   at java.lang.String qis.a(android.content.Context, byte[]) (SourceFile:10)
11-16 08:57:07.987: I/android.youtub(16561):   at java.lang.String skv.a(qio, byte[]) (SourceFile:59)
11-16 08:57:07.987: I/android.youtub(16561):   at java.lang.String skv.g() (SourceFile:41)
11-16 08:57:07.987: I/android.youtub(16561):   at java.lang.String skv.b() (SourceFile:69)
11-16 08:57:07.987: I/android.youtub(16561):   at java.lang.String slq.i() (SourceFile:56)
11-16 08:57:07.987: I/android.youtub(16561):   at java.lang.String slq.b() (SourceFile:32)
11-16 08:57:07.987: I/android.youtub(16561):   at void slq.e() (SourceFile:37)
11-16 08:57:07.987: I/android.youtub(16561):   at void cmk.run() (SourceFile:7)
11-16 08:57:07.987: I/android.youtub(16561):   at java.lang.Object java.util.concurrent.Executors$RunnableAdapter.call() (Executors.java:458)
11-16 08:57:07.987: I/android.youtub(16561):   at void java.util.concurrent.FutureTask.run() (FutureTask.java:266)
11-16 08:57:07.987: I/android.youtub(16561):   at void java.util.concurrent.ScheduledThreadPoolExecutor$ScheduledFutureTask.run() (ScheduledThreadPoolExecutor.java:301)
11-16 08:57:07.987: I/android.youtub(16561):   at void java.util.concurrent.ThreadPoolExecutor.runWorker(java.util.concurrent.ThreadPoolExecutor$Worker) (ThreadPoolExecutor.java:1167)
11-16 08:57:07.987: I/android.youtub(16561):   at void java.util.concurrent.ThreadPoolExecutor$Worker.run() (ThreadPoolExecutor.java:641)
11-16 08:57:07.987: I/android.youtub(16561):   at void ubi.run() (SourceFile:20)
11-16 08:57:07.987: I/android.youtub(16561):   at void java.lang.Thread.run() (Thread.java:764)
11-16 08:57:07.987: I/android.youtub(16561): Caused by: java.lang.ClassNotFoundException: Didn't find class "android.content.pm.PackageManager$OnChecksumsReadyListener" on path: DexPathList[[zip file "/data/user_de/0/com.google.android.gms/app_chimera/m/00000011/dl-AdsFdrDynamite.integ_213806100100000.apk"],nativeLibraryDirectories=[/data/user_de/0/com.google.android.gms/app_chimera/m/00000011/dl-AdsFdrDynamite.integ_213806100100000.apk!/lib/arm64-v8a, /system/lib64]]
11-16 08:57:07.987: I/android.youtub(16561):   at java.lang.Class dalvik.system.BaseDexClassLoader.findClass(java.lang.String) (BaseDexClassLoader.java:134)
11-16 08:57:07.987: I/android.youtub(16561):   at java.lang.Class java.lang.ClassLoader.loadClass(java.lang.String, boolean) (ClassLoader.java:379)
11-16 08:57:07.987: I/android.youtub(16561):   at java.lang.Class bg.loadClass(java.lang.String, boolean) (:com.google.android.gms.dynamite_dynamiteloader@213614065@21.36.14 (100400-0):3)
11-16 08:57:07.987: I/android.youtub(16561):   at java.lang.Class java.lang.ClassLoader.loadClass(java.lang.String) (ClassLoader.java:312)
11-16 08:57:07.987: I/android.youtub(16561):   at java.lang.Class dalvik.system.DexFile.defineClassNative(java.lang.String, java.lang.ClassLoader, java.lang.Object, dalvik.system.DexFile) (DexFile.java:-2)
11-16 08:57:07.987: I/android.youtub(16561):   at java.lang.Class dalvik.system.DexFile.defineClass(java.lang.String, java.lang.ClassLoader, java.lang.Object, dalvik.system.DexFile, java.util.List) (DexFile.java:283)
11-16 08:57:07.987: I/android.youtub(16561):   at java.lang.Class dalvik.system.DexFile.loadClassBinaryName(java.lang.String, java.lang.ClassLoader, java.util.List) (DexFile.java:276)
11-16 08:57:07.987: I/android.youtub(16561):   at java.lang.Class dalvik.system.DexPathList$Element.findClass(java.lang.String, java.lang.ClassLoader, java.util.List) (DexPathList.java:724)
11-16 08:57:07.987: I/android.youtub(16561):   at java.lang.Class dalvik.system.DexPathList.findClass(java.lang.String, java.util.List) (DexPathList.java:486)
11-16 08:57:07.987: I/android.youtub(16561):   at java.lang.Class dalvik.system.BaseDexClassLoader.findClass(java.lang.String) (BaseDexClassLoader.java:132)
11-16 08:57:07.987: I/android.youtub(16561):   at java.lang.Class bg.loadClass(java.lang.String, boolean) (:com.google.android.gms.dynamite_dynamiteloader@213614065@21.36.14 (100400-0):2)
11-16 08:57:07.987: I/android.youtub(16561):   at java.lang.Class java.lang.ClassLoader.loadClass(java.lang.String) (ClassLoader.java:312)
11-16 08:57:07.987: I/android.youtub(16561):   at java.util.List xu.r(yv, android.content.Context, bqi, com.google.ads.afma.g) (:com.google.android.gms.policy_ads_fdr_dynamite@213806100@213806100057.397311113.397311113:5)
11-16 08:57:07.987: I/android.youtub(16561):   at java.util.List xv.r(yv, android.content.Context, bqi, com.google.ads.afma.g) (:com.google.android.gms.policy_ads_fdr_dynamite@213806100@213806100057.397311113.397311113:4)
11-16 08:57:07.987: I/android.youtub(16561):   at void xu.s(yv, android.content.Context, bqi, com.google.ads.afma.g) (:com.google.android.gms.policy_ads_fdr_dynamite@213806100@213806100057.397311113.397311113:0)
11-16 08:57:07.987: I/android.youtub(16561):   at bqi xu.m(android.content.Context, com.google.ads.afma.g) (:com.google.android.gms.policy_ads_fdr_dynamite@213806100@213806100057.397311113.397311113:7)
11-16 08:57:07.987: I/android.youtub(16561):   at java.lang.String xp.r(android.content.Context, java.lang.String, int, android.view.View, android.app.Activity, byte[]) (:com.google.android.gms.policy_ads_fdr_dynamite@213806100@213806100057.397311113.397311113:8)
11-16 08:57:07.987: I/android.youtub(16561):   at java.lang.String xp.g(android.content.Context, byte[]) (:com.google.android.gms.policy_ads_fdr_dynamite@213806100@213806100057.397311113.397311113:2)
11-16 08:57:07.987: I/android.youtub(16561):   at java.lang.String com.google.android.gms.ads.adshield.internal.a.b(aqh, byte[]) (:com.google.android.gms.policy_ads_fdr_dynamite@213806100@213806100057.397311113.397311113:1)
11-16 08:57:07.987: I/android.youtub(16561):   at boolean com.google.android.gms.ads.adshield.internal.a.bJ(int, android.os.Parcel, android.os.Parcel) (:com.google.android.gms.policy_ads_fdr_dynamite@213806100@213806100057.397311113.397311113:54)
11-16 08:57:07.987: I/android.youtub(16561):   at boolean zg.onTransact(int, android.os.Parcel, android.os.Parcel, int) (:com.google.android.gms.policy_ads_fdr_dynamite@213806100@213806100057.397311113.397311113:4)
11-16 08:57:07.987: I/android.youtub(16561):   at boolean android.os.Binder.transact(int, android.os.Parcel, android.os.Parcel, int) (Binder.java:667)
11-16 08:57:07.987: I/android.youtub(16561):   at android.os.Parcel pcs.a(int, android.os.Parcel) (SourceFile:7)
11-16 08:57:07.987: I/android.youtub(16561):   at java.lang.String pkk.a(oms, byte[]) (SourceFile:40)
11-16 08:57:07.987: I/android.youtub(16561):   at java.lang.String nrc.a(android.content.Context, byte[]) (SourceFile:6)
11-16 08:57:07.987: I/android.youtub(16561):   at java.lang.String qis.a(android.content.Context, byte[]) (SourceFile:10)
11-16 08:57:07.987: I/android.youtub(16561):   at java.lang.String skv.a(qio, byte[]) (SourceFile:59)
11-16 08:57:07.987: I/android.youtub(16561):   at java.lang.String skv.g() (SourceFile:41)
11-16 08:57:07.987: I/android.youtub(16561):   at java.lang.String skv.b() (SourceFile:69)
11-16 08:57:07.987: I/android.youtub(16561):   at java.lang.String slq.i() (SourceFile:56)
11-16 08:57:07.987: I/android.youtub(16561):   at java.lang.String slq.b() (SourceFile:32)
11-16 08:57:07.987: I/android.youtub(16561):   at void slq.e() (SourceFile:37)
11-16 08:57:07.987: I/android.youtub(16561):   at void cmk.run() (SourceFile:7)
11-16 08:57:07.987: I/android.youtub(16561):   at java.lang.Object java.util.concurrent.Executors$RunnableAdapter.call() (Executors.java:458)
11-16 08:57:07.987: I/android.youtub(16561):   at void java.util.concurrent.FutureTask.run() (FutureTask.java:266)
11-16 08:57:07.987: I/android.youtub(16561):   at void java.util.concurrent.ScheduledThreadPoolExecutor$ScheduledFutureTask.run() (ScheduledThreadPoolExecutor.java:301)
11-16 08:57:07.987: I/android.youtub(16561):   at void java.util.concurrent.ThreadPoolExecutor.runWorker(java.util.concurrent.ThreadPoolExecutor$Worker) (ThreadPoolExecutor.java:1167)
11-16 08:57:07.987: I/android.youtub(16561):   at void java.util.concurrent.ThreadPoolExecutor$Worker.run() (ThreadPoolExecutor.java:641)
11-16 08:57:07.987: I/android.youtub(16561):   at void ubi.run() (SourceFile:20)
11-16 08:57:07.987: I/android.youtub(16561):   at void java.lang.Thread.run() (Thread.java:764)
11-16 08:57:08.018: W/.android.chrom(16682): JIT profile information will not be recorded: profile file does not exits.
11-16 08:57:08.023: W/StorageManager(15118): fallocate() not supported; falling back to ftruncate()
11-16 08:57:08.063: I/.testutils.tes(16543): Rejecting re-init on previously-failed class java.lang.Class<kotlinx.coroutines.debug.CoroutinesBlockHoundIntegration>: java.lang.NoClassDefFoundError: Failed resolution of: Lreactor/blockhound/integration/BlockHoundIntegration;
11-16 08:57:08.063: I/.testutils.tes(16543):   at java.lang.Class java.lang.Class.classForName(java.lang.String, boolean, java.lang.ClassLoader) (Class.java:-2)
11-16 08:57:08.063: I/.testutils.tes(16543):   at java.lang.Class java.lang.Class.forName(java.lang.String, boolean, java.lang.ClassLoader) (Class.java:453)
