11-16 08:56:59.045: I/system_server(1144): Background concurrent copying GC freed 31148(1579KB) AllocSpace objects, 15(748KB) LOS objects, 42% free, 18MB/31MB, paused 67us total 292.465ms
11-16 08:56:59.049: I/Finsky(15448): [205] ovx.run(16): Wrote row to frosting DB: 212
11-16 08:56:59.055: I/droid.apps.map(15724): The ClassLoaderContext is a special shared library.
11-16 08:56:59.076: W/libprocessgroup(1144): kill(-15027, 9) failed: No such process
11-16 08:56:59.082: I/chatty(1144): uid=1000(system) ActivityManager identical 1 line
11-16 08:56:59.112: W/libprocessgroup(1144): kill(-15027, 9) failed: No such process
11-16 08:56:59.113: I/Zygote(731): Process 15027 exited due to signal (9)
11-16 08:56:59.117: I/Finsky(15448): [212] gxq.a(12): Asset module storage cleared for package dev.androidx.ci.emptyapp.
11-16 08:56:59.127: W/libprocessgroup(1144): kill(-15027, 9) failed: No such process
11-16 08:56:59.127: I/libprocessgroup(1144): Successfully killed process cgroup uid 10072 pid 15027 in 139ms
11-16 08:56:59.127: I/libprocessgroup(1144): [ 11-16 08:56:59.140   830: 1275 E/         ]
11-16 08:56:59.127: I/libprocessgroup(1144): Couldn't opendir /data/app/vmdl548850252.tmp: No such file or directory
11-16 08:56:59.140: E/installd(830): Failed to delete /data/app/vmdl548850252.tmp: No such file or directory
11-16 08:56:59.159: I/CarrierServices(9977): [2] RcsAutoStartReceiver.b: carrierServicesJibeServiceEnabled changed from true to true
11-16 08:56:59.160: I/CarrierServices(9977): [2] RcsAutoStartReceiver.b: enableRcs changed from true to true
11-16 08:56:59.162: I/Telecom(1144): DefaultDialerCache: Refreshing default dialer for user 0: now com.google.android.dialer: DDC.oR@AJo
11-16 08:56:59.165: I/CarrierServices(9977): [2] RcsAutoStartReceiver.b: RcsAutoStartReceiver triggered. Fetching RCS State. Action: android.intent.action.PACKAGE_ADDED
11-16 08:56:59.170: E/akgg(10825): Phenotype API error. Event # btlq@dd0c1f39, EventCode: 32 [CONTEXT service_id=51 ]
11-16 08:56:59.170: E/akgg(10825): akfs: 29503
11-16 08:56:59.170: E/akgg(10825): 	at akhi.e(:com.google.android.gms@213614028@21.36.14 (100400-395708125):19)
11-16 08:56:59.170: E/akgg(10825): 	at akgg.d(:com.google.android.gms@213614028@21.36.14 (100400-395708125):4)
11-16 08:56:59.170: E/akgg(10825): 	at akgg.f(:com.google.android.gms@213614028@21.36.14 (100400-395708125):2)
11-16 08:56:59.170: E/akgg(10825): 	at xna.run(:com.google.android.gms@213614028@21.36.14 (100400-395708125):17)
11-16 08:56:59.170: E/akgg(10825): 	at bfyg.run(:com.google.android.gms@213614028@21.36.14 (100400-395708125):2)
11-16 08:56:59.170: E/akgg(10825): 	at rgh.c(:com.google.android.gms@213614028@21.36.14 (100400-395708125):6)
11-16 08:56:59.170: E/akgg(10825): 	at rgh.run(:com.google.android.gms@213614028@21.36.14 (100400-395708125):7)
11-16 08:56:59.170: E/akgg(10825): 	at java.util.concurrent.ThreadPoolExecutor.runWorker(ThreadPoolExecutor.java:1167)
11-16 08:56:59.170: E/akgg(10825): 	at java.util.concurrent.ThreadPoolExecutor$Worker.run(ThreadPoolExecutor.java:641)
11-16 08:56:59.170: E/akgg(10825): 	at rkn.run(:com.google.android.gms@213614028@21.36.14 (100400-395708125):0)
11-16 08:56:59.170: E/akgg(10825): 	at java.lang.Thread.run(Thread.java:764)
11-16 08:56:59.172: E/AsyncOperation(10825): operation=SetAppSpecificPropertiesOperationCall, opStatusCode=29503 [CONTEXT service_id=51 ]
11-16 08:56:59.172: E/AsyncOperation(10825): OperationException[Status{statusCode=unknown status code: 29503, resolution=null}]
11-16 08:56:59.172: E/AsyncOperation(10825): 	at akgg.d(:com.google.android.gms@213614028@21.36.14 (100400-395708125):6)
11-16 08:56:59.172: E/AsyncOperation(10825): 	at akgg.f(:com.google.android.gms@213614028@21.36.14 (100400-395708125):2)
11-16 08:56:59.172: E/AsyncOperation(10825): 	at xna.run(:com.google.android.gms@213614028@21.36.14 (100400-395708125):17)
11-16 08:56:59.172: E/AsyncOperation(10825): 	at bfyg.run(:com.google.android.gms@213614028@21.36.14 (100400-395708125):2)
11-16 08:56:59.172: E/AsyncOperation(10825): 	at rgh.c(:com.google.android.gms@213614028@21.36.14 (100400-395708125):6)
11-16 08:56:59.172: E/AsyncOperation(10825): 	at rgh.run(:com.google.android.gms@213614028@21.36.14 (100400-395708125):7)
11-16 08:56:59.172: E/AsyncOperation(10825): 	at java.util.concurrent.ThreadPoolExecutor.runWorker(ThreadPoolExecutor.java:1167)
11-16 08:56:59.172: E/AsyncOperation(10825): 	at java.util.concurrent.ThreadPoolExecutor$Worker.run(ThreadPoolExecutor.java:641)
11-16 08:56:59.172: E/AsyncOperation(10825): 	at rkn.run(:com.google.android.gms@213614028@21.36.14 (100400-395708125):0)
11-16 08:56:59.172: E/AsyncOperation(10825): 	at java.lang.Thread.run(Thread.java:764)
11-16 08:56:59.179: I/Finsky(15448): [2] yeh.d(13): PackageMonitorReceiverImpl - Received: android.intent.action.PACKAGE_ADDED, [MjZaw3ynTVIeMT6IRyziFKOm-2D6pI0XWv7DWW2Cbms]
11-16 08:56:59.180: I/Finsky(15448): [2] yfi.g(1): Invalidating cached PackageState for androidx.compose.testutils.test
11-16 08:56:59.182: V/BackupManagerConstants(1144): getFullBackupIntervalMilliseconds(...) returns 86400000
11-16 08:56:59.191: W/GCM(10825): Unexpected forwarded intent: Intent { act=android.intent.action.PACKAGE_ADDED dat=package:androidx.compose.testutils.test flg=0x4000010 pkg=com.google.android.gms cmp=com.google.android.gms/.chimera.PersistentIntentOperationService (has extras) }
11-16 08:56:59.194: I/CarrierServices(9977): [2] aws.a: Migration binding to RcsMigrationService
11-16 08:56:59.195: D/RegisteredNfcFServicesCache(4132): Service unchanged, not updating
11-16 08:56:59.195: I/Finsky(15448): [2] owk.d(2): Frosting ID looked up on UI thread. Caller should move to a background thread.
11-16 08:56:59.195: W/GCM(10825): Unexpected forwarded intent: Intent { act=android.intent.action.PACKAGE_ADDED dat=package:androidx.compose.testutils.test flg=0x4000010 pkg=com.google.android.gms cmp=com.google.android.gms/.chimera.PersistentIntentOperationService (has extras) }
11-16 08:56:59.196: I/FontLog(10825): Package androidx.compose.testutils.test has no metadata [CONTEXT service_id=132 ]
11-16 08:56:59.200: I/Auth(13134): [SupervisedAccountIntentOperation] onHandleIntent(): android.intent.action.PACKAGE_ADDED
11-16 08:56:59.200: E/PhoneInterfaceManager(3769): [PhoneIntfMgr] getCarrierPackageNamesForIntent: No UICC
11-16 08:56:59.200: D/CarrierSvcBindHelper(3769): No carrier app for: 0
11-16 08:56:59.202: I/Finsky(15448): [2] amas.a(3): Do not start WearSupportService due to Wear service optimization
11-16 08:56:59.204: D/BoundBrokerSvc(13134): onBind: Intent { act=com.google.android.gms.common.BIND_SHARED_PREFS pkg=com.google.android.gms }
11-16 08:56:59.204: D/BoundBrokerSvc(13134): Loading bound service for intent: Intent { act=com.google.android.gms.common.BIND_SHARED_PREFS pkg=com.google.android.gms }
11-16 08:56:59.204: I/Finsky(15448): [2] amas.a(3): Do not start WearSupportService due to Wear service optimization
11-16 08:56:59.206: I/Finsky(15448): [2] aeak.a(8): Clearing split related stale data.
11-16 08:56:59.206: I/BlockstoreStorage(13134): Clearing Blockstore Data for package androidx.compose.testutils.test [CONTEXT service_id=258 ]
11-16 08:56:59.207: I/BlockstoreStorage(13134): No metadata found. Skipping deletion. [CONTEXT service_id=258 ]
11-16 08:56:59.211: I/Finsky(15448): [2] owk.d(2): Frosting ID looked up on UI thread. Caller should move to a background thread.
11-16 08:56:59.219: E/VvmPkgInstalledRcvr(3769): cannot create TelephonyManager from ComponentInfo{com.android.phone/com.android.services.telephony.TelephonyConnectionService}, ***, UserHandle{0}
11-16 08:56:59.219: D/ImsResolver(3769): maybeAddedImsService, packageName: androidx.compose.testutils.test
11-16 08:56:59.219: D/CarrierConfigLoader(3769): mHandler: 9 phoneId: 0
11-16 08:56:59.221: I/Finsky(15448): [212] gxq.a(12): Asset module storage cleared for package androidx.compose.testutils.test.
11-16 08:56:59.224: I/InputReader(1144): Reconfiguring input devices.  changes=0x00000010
11-16 08:56:59.228: D/BoundBrokerSvc(13134): onUnbind: Intent { act=com.google.android.gms.common.BIND_SHARED_PREFS pkg=com.google.android.gms }
11-16 08:56:59.229: I/Finsky(15448): [205] ovx.run(16): Wrote row to frosting DB: 213
11-16 08:56:59.233: W/ChimeraUtils(10825): Module com.google.android.gms.nearby_en has empty metadata display_name_string_id
11-16 08:56:59.260: I/Icing(13134): Indexing com.google.android.gms-apps from com.google.android.gms
11-16 08:56:59.261: I/Finsky(15448): [2] abyk.a(26): SCH: Canceling job 3-1
11-16 08:56:59.262: I/Icing(13134): Indexing done com.google.android.gms-apps
11-16 08:56:59.265: I/Finsky(15448): [205] ovx.run(16): Wrote row to frosting DB: 214
11-16 08:56:59.266: I/Finsky(15448): [155] jnw.a(15): [ContentSync] finished, scheduled=false
11-16 08:56:59.276: W/ChimeraUtils(10825): Module com.google.android.gms.nearby_en has empty metadata display_name_string_id
11-16 08:56:59.277: W/ChimeraUtils(10825): Module com.google.android.gms.nearby_en has empty metadata display_name_string_id
11-16 08:56:59.285: W/ComponentDiscovery(15461): Application info not found.
11-16 08:56:59.285: W/ComponentDiscovery(15461): Could not retrieve metadata, returning empty list of registrars.
11-16 08:56:59.289: I/PeopleGalProvider(13134): Gal directories started.
11-16 08:56:59.292: W/system_server(1144): Unknown chunk type '200'.
11-16 08:56:59.294: I/PeopleGalProvider(13134): Method 1 completed.
11-16 08:56:59.294: I/PeopleGalProvider(13134): Method 1 finished successfully.
11-16 08:56:59.299: I/ContactDirectoryManager(15405): deleted 0 stale rows which don't have any relevant directory
11-16 08:56:59.299: I/ContactDirectoryManager(15405): Discovered 0 contact directories in 2036ms
11-16 08:56:59.301: I/ContactsProvider(15405): Locale has changed from [en_US] to [en]
11-16 08:56:59.303: I/ContactsDatabaseHelper(15405): Switching to locale [en] (ICU v60.2)
11-16 08:56:59.308: W/NetworkScheduler(10825): Error inserting period=6447000 preferred_network_type=1 target_class=com.google.android.gms.phenotype.service.sync.PhenotypeConfigurator required_network_type=0 runtime=1637081569904 required_idleness_state=0 extras={"fetchReason":{"1":0}} source=16 service_kind=0 target_package=com.google.android.gms persistence_level=1 source_version=213614000 last_runtime=0 user_id=0 job_id=-1 requires_charging=0 tag=PhenotypePeriodicSync flex_time=6437000 task_type=0 retry_strategy={"maximum_backoff_seconds":{"3600":0},"initial_backoff_seconds":{"30":0},"retry_policy":{"0":0}}, error message: UNIQUE constraint failed: pending_ops.tag, pending_ops.target_class, pending_ops.target_package, pending_ops.user_id (code 2067 SQLITE_CONSTRAINT_UNIQUE) [CONTEXT service_id=218 ]
11-16 08:56:59.315: I/system_server(1144): Background concurrent copying GC freed 48464(2MB) AllocSpace objects, 28(1328KB) LOS objects, 42% free, 17MB/30MB, paused 58us total 169.676ms
11-16 08:56:59.328: E/ExecutionCriteria(10825): Package unavailable for task: com.google.android.apps.gcs/com.google.android.flib.phenotype.services.PhenotypeExperimentCommitService{u=0 tag="PhenotypeExpCommitSvc" trigger=window{start=0s,end=30s,earliest=-332s,latest=-302s} requirements=[NET_ANY] attributes=[PERSISTED] scheduled=-332s last_run=N/A exec_window_multiplier=1.0000 jid=N/A status=PENDING retries=0 client_lib=MANCHEGO_GCM-11732000} [CONTEXT service_id=218 ]
11-16 08:56:59.354: I/NetworkScheduler.Stats(10825): Task com.google.android.gms/com.google.android.gms.icing.proxy.IcingInternalCorporaUpdateService started execution. cause:9 exec_start_elapsed_seconds: 431 [CONTEXT service_id=218 ]
11-16 08:56:59.359: I/Finsky(15448): [2] abzb.b(5): SCH: Jobs in database: 1-1337 12-1 24-77777777 26-1414141414 29-29 31-305419896 37-0 
11-16 08:56:59.367: I/NetworkScheduler.Stats(10825): Task com.google.android.gms/com.google.android.gms.phenotype.service.sync.PhenotypeConfigurator started execution. cause:9 exec_start_elapsed_seconds: 431 [CONTEXT service_id=218 ]
11-16 08:56:59.374: I/ContactsDatabaseHelper(15405): Locale change completed in 71ms
11-16 08:56:59.374: I/ContactsDatabaseHelper(15405): Switching to locale [en] (ICU v60.2)
11-16 08:56:59.400: W/GmsTaskScheduler(13134): com.google.android.gms.icing.service.IcingGcmTaskChimeraService is not available. This may cause the task to be lost.
11-16 08:56:59.400: I/ContactsDatabaseHelper(15405): Locale change completed in 26ms
11-16 08:56:59.430: E/ExecutionCriteria(10825): Package unavailable for task: com.google.android.apps.gcs/com.google.android.flib.phenotype.services.PhenotypeExperimentCommitService{u=0 tag="PhenotypeExpCommitSvc" trigger=window{start=0s,end=30s,earliest=-332s,latest=-302s} requirements=[NET_ANY] attributes=[PERSISTED] scheduled=-332s last_run=N/A exec_window_multiplier=1.0000 jid=N/A status=PENDING retries=0 client_lib=MANCHEGO_GCM-11732000} [CONTEXT service_id=218 ]
11-16 08:56:59.433: I/Finsky(15448): [2] abxn.d(37): SCH: ConstraintMapping: 24-77777777,  -> L: 0ms, D: 82600166ms, C: false, I: true, N: 0
11-16 08:56:59.437: I/ContactsFTS(15405): Rebuild contact search index in 30ms, 0 contacts
11-16 08:56:59.444: I/NetworkScheduler.Stats(10825): Task com.google.android.gms/com.google.android.gms.icing.proxy.IcingInternalCorporaUpdateService finished executing. cause:9 result: 1 elapsed_millis: 101 uptime_millis: 101 exec_start_elapsed_seconds: 431 [CONTEXT service_id=218 ]
11-16 08:56:59.446: I/Finsky(15448): [2] abxn.d(37): SCH: ConstraintMapping: 1-1337, 12-1, 31-305419896,  -> L: 177ms, D: 78036214ms, C: false, I: false, N: 1
11-16 08:56:59.447: I/Finsky(15448): [2] abxn.d(37): SCH: ConstraintMapping: 26-1414141414, 29-29, 37-0,  -> L: 0ms, D: 0ms, C: false, I: false, N: 0
11-16 08:56:59.460: I/Finsky(15448): [2] abxn.f(7): SCH: Cancelling existing jobscheduler jobs: 9002 9003 9001 9004 
11-16 08:56:59.461: I/Finsky(15448): [2] abxn.e(8): SCH: Throttling wakeup for job 9000 (expected to run in 0 ms) due to recent wakeup
11-16 08:56:59.461: E/ExecutionCriteria(10825): Package unavailable for task: com.google.android.apps.gcs/com.google.android.flib.phenotype.services.PhenotypeExperimentCommitService{u=0 tag="PhenotypeExpCommitSvc" trigger=window{start=0s,end=30s,earliest=-332s,latest=-302s} requirements=[NET_ANY] attributes=[PERSISTED] scheduled=-332s last_run=N/A exec_window_multiplier=1.0000 jid=N/A status=PENDING retries=0 client_lib=MANCHEGO_GCM-11732000} [CONTEXT service_id=218 ]
11-16 08:56:59.461: I/Finsky(15448): [2] abxn.e(23): SCH: Scheduling job Id: 9000, L: 30000, D: 82600166, C: false, I: true, N: 0
11-16 08:56:59.462: I/Finsky(15448): [2] abxn.e(8): SCH: Throttling wakeup for job 9005 (expected to run in 177 ms) due to recent wakeup
11-16 08:56:59.463: I/Finsky(15448): [2] abxn.e(23): SCH: Scheduling job Id: 9005, L: 30000, D: 78036214, C: false, I: false, N: 1
11-16 08:56:59.463: I/Finsky(15448): [2] abxn.e(8): SCH: Throttling wakeup for job 9006 (expected to run in 0 ms) due to recent wakeup
11-16 08:56:59.464: I/Finsky(15448): [2] abxn.e(23): SCH: Scheduling job Id: 9006, L: 30000, D: 30000, C: false, I: false, N: 0
11-16 08:56:59.481: E/ExecutionCriteria(10825): Package unavailable for task: com.google.android.apps.gcs/com.google.android.flib.phenotype.services.PhenotypeExperimentCommitService{u=0 tag="PhenotypeExpCommitSvc" trigger=window{start=0s,end=30s,earliest=-332s,latest=-302s} requirements=[NET_ANY] attributes=[PERSISTED] scheduled=-332s last_run=N/A exec_window_multiplier=1.0000 jid=N/A status=PENDING retries=0 client_lib=MANCHEGO_GCM-11732000} [CONTEXT service_id=218 ]
11-16 08:56:59.485: W/PrimesInit(15461): Primes instant initialization
11-16 08:56:59.488: I/NetworkScheduler(10825): ignoring stale queue check message
11-16 08:56:59.503: E/ExecutionCriteria(10825): Package unavailable for task: com.google.android.apps.gcs/com.google.android.flib.phenotype.services.PhenotypeExperimentCommitService{u=0 tag="PhenotypeExpCommitSvc" trigger=window{start=0s,end=30s,earliest=-332s,latest=-302s} requirements=[NET_ANY] attributes=[PERSISTED] scheduled=-332s last_run=N/A exec_window_multiplier=1.0000 jid=N/A status=PENDING retries=0 client_lib=MANCHEGO_GCM-11732000} [CONTEXT service_id=218 ]
11-16 08:56:59.503: W/System(15448): A resource failed to call end. 
11-16 08:56:59.503: W/Primes(15461): background initialization
11-16 08:56:59.513: D/AndroidRuntime(15775): >>>>>> START com.android.internal.os.RuntimeInit uid 2000 <<<<<<
11-16 08:56:59.535: I/NetworkScheduler.Stats(10825): Task com.google.android.gms/com.google.android.gms.icing.proxy.IcingInternalCorporaUpdateService started execution. cause:9 exec_start_elapsed_seconds: 431 [CONTEXT service_id=218 ]
11-16 08:56:59.551: I/PrimesTesting(15461): GserviceFlagsSupplier.get()
11-16 08:56:59.554: W/GAV2(15461): Thread[main,5,main]: Need to call initialize() and be in fallback mode to start dispatch.
11-16 08:56:59.567: I/app_process(15775): The ClassLoaderContext is a special shared library.
11-16 08:56:59.570: I/NetworkScheduler.Stats(10825): Task com.google.android.gms/com.google.android.gms.icing.proxy.IcingInternalCorporaUpdateService finished executing. cause:9 result: 1 elapsed_millis: 53 uptime_millis: 53 exec_start_elapsed_seconds: 431 [CONTEXT service_id=218 ]
11-16 08:56:59.590: D/AndroidRuntime(15775): Calling main entry com.android.commands.am.Am
11-16 08:56:59.595: I/ActivityManager(1144): Force stopping com.google.android.apps.mtaas.tools appid=10156 user=0: start instr
11-16 08:56:59.599: E/ExecutionCriteria(10825): Package unavailable for task: com.google.android.apps.gcs/com.google.android.flib.phenotype.services.PhenotypeExperimentCommitService{u=0 tag="PhenotypeExpCommitSvc" trigger=window{start=0s,end=30s,earliest=-332s,latest=-302s} requirements=[NET_ANY] attributes=[PERSISTED] scheduled=-332s last_run=N/A exec_window_multiplier=1.0000 jid=N/A status=PENDING retries=0 client_lib=MANCHEGO_GCM-11732000} [CONTEXT service_id=218 ]
11-16 08:56:59.606: E/Gmail(15461): Gmail:TotalBandwidthLoggerRunner: Bandwidth Value was not valid: BandwidthValue{txBytes=-1, rxBytes=-1, txPackets=-1, rxPackets=-1, startTimeMs=0, endTimeMs=431731, connectivityType=TYPE_COMBINED, tag=TOTAL_APP_UID}
11-16 08:56:59.608: I/ActivityManager(1144): Start proc 15794:com.google.android.apps.mtaas.tools/u0a156 for added application com.google.android.apps.mtaas.tools
11-16 08:56:59.616: E/pps.mtaas.tool(15794): Not starting debugger since process cannot load the jdwp agent.
11-16 08:56:59.630: I/pps.mtaas.tool(15794): The ClassLoaderContext is a special shared library.
11-16 08:56:59.651: D/DumpStaticPerfEnv(15794): Instrumentation completed successfully
11-16 08:56:59.651: I/ActivityManager(1144): Force stopping com.google.android.apps.mtaas.tools appid=10156 user=0: finished inst
11-16 08:56:59.651: W/Binder(1144): Outgoing transactions from this process must be FLAG_ONEWAY
11-16 08:56:59.651: W/Binder(1144): java.lang.Throwable
11-16 08:56:59.651: W/Binder(1144): 	at android.os.BinderProxy.transact(Binder.java:1116)
11-16 08:56:59.651: W/Binder(1144): 	at android.app.IInstrumentationWatcher$Stub$Proxy.instrumentationFinished(IInstrumentationWatcher.java:164)
11-16 08:56:59.651: W/Binder(1144): 	at com.android.server.am.InstrumentationReporter$MyThread.run(InstrumentationReporter.java:86)
11-16 08:56:59.651: I/ActivityManager(1144): Killing 15794:com.google.android.apps.mtaas.tools/u0a156 (adj 0): stop com.google.android.apps.mtaas.tools
11-16 08:56:59.652: W/libprocessgroup(1144): kill(-15794, 9) failed: No such process
11-16 08:56:59.655: D/AndroidRuntime(15775): Shutting down VM
11-16 08:56:59.668: I/Zygote(731): Process 15794 exited due to signal (9)
11-16 08:56:59.686: W/libprocessgroup(1144): kill(-15794, 9) failed: No such process
11-16 08:56:59.687: I/libprocessgroup(1144): Successfully killed process cgroup uid 10156 pid 15794 in 34ms
11-16 08:56:59.741: W/System(15118): A resource failed to call close. 
11-16 08:56:59.863: D/AndroidRuntime(15815): >>>>>> START com.android.internal.os.RuntimeInit uid 2000 <<<<<<
11-16 08:56:59.917: I/app_process(15815): The ClassLoaderContext is a special shared library.
11-16 08:56:59.923: I/akia(10825): Removed 0 invalid users [CONTEXT service_id=51 ]
11-16 08:56:59.939: D/AndroidRuntime(15815): Calling main entry com.android.commands.am.Am
11-16 08:56:59.943: I/ActivityManager(1144): Force stopping com.google.android.apps.mtaas.tools appid=10156 user=0: start instr
11-16 08:56:59.955: I/ActivityManager(1144): Start proc 15826:com.google.android.apps.mtaas.tools/u0a156 for added application com.google.android.apps.mtaas.tools
11-16 08:56:59.958: E/pps.mtaas.tool(15826): Not starting debugger since process cannot load the jdwp agent.
11-16 08:56:59.983: I/pps.mtaas.tool(15826): The ClassLoaderContext is a special shared library.
11-16 08:56:59.996: D/GetPackageUid(15826): Instrumentation completed successfully
11-16 08:56:59.996: I/ActivityManager(1144): Force stopping com.google.android.apps.mtaas.tools appid=10156 user=0: finished inst
11-16 08:56:59.996: I/ActivityManager(1144): Killing 15826:com.google.android.apps.mtaas.tools/u0a156 (adj 0): stop com.google.android.apps.mtaas.tools
11-16 08:56:59.997: W/libprocessgroup(1144): kill(-15826, 9) failed: No such process
11-16 08:56:59.997: W/Binder(1144): Outgoing transactions from this process must be FLAG_ONEWAY
11-16 08:56:59.997: W/Binder(1144): java.lang.Throwable
11-16 08:56:59.997: W/Binder(1144): 	at android.os.BinderProxy.transact(Binder.java:1116)
11-16 08:56:59.997: W/Binder(1144): 	at android.app.IInstrumentationWatcher$Stub$Proxy.instrumentationFinished(IInstrumentationWatcher.java:164)
11-16 08:56:59.997: W/Binder(1144): 	at com.android.server.am.InstrumentationReporter$MyThread.run(InstrumentationReporter.java:86)
11-16 08:56:59.999: D/AndroidRuntime(15815): Shutting down VM
11-16 08:57:00.005: I/Zygote(731): Process 15826 exited due to signal (9)
11-16 08:57:00.010: W/libprocessgroup(1144): kill(-15826, 9) failed: No such process
11-16 08:57:00.010: I/libprocessgroup(1144): Successfully killed process cgroup uid 10156 pid 15826 in 13ms
11-16 08:57:00.012: W/Gmail(15461): AccountUtils:For b/73513912, load account content://com.android.gmail.ui/account.-2137146394 from MailAppProvider. Is account valid result: 1.
11-16 08:57:00.022: W/Gmail(15461): AccountUtils:For b/73513912, load account content://com.google.android.gm.email.provider/account.-437561172?suppress_combined%3Dtrue from MailAppProvider. Is account valid result: 1.
11-16 08:57:00.036: W/BroadcastQueue(1144): Background execution not allowed: receiving Intent { act=android.intent.action.PACKAGE_ADDED dat=package:androidx.compose.testutils.test flg=0x4000010 (has extras) } to com.android.musicfx/.Compatibility$Receiver
11-16 08:57:00.036: W/BroadcastQueue(1144): Background execution not allowed: receiving Intent { act=android.intent.action.PACKAGE_ADDED dat=package:androidx.compose.testutils.test flg=0x4000010 (has extras) } to com.android.vending/com.google.android.finsky.packagemanager.impl.PackageMonitorReceiverImpl$RegisteredReceiver
11-16 08:57:00.036: W/BroadcastQueue(1144): Background execution not allowed: receiving Intent { act=android.intent.action.PACKAGE_ADDED dat=package:androidx.compose.testutils.test flg=0x4000010 (has extras) } to com.google.android.gms/.games.chimera.GamesSystemBroadcastReceiverProxy
11-16 08:57:00.036: W/BroadcastQueue(1144): Background execution not allowed: receiving Intent { act=android.intent.action.PACKAGE_ADDED dat=package:androidx.compose.testutils.test flg=0x4000010 (has extras) } to com.google.android.gms/.gass.chimera.PackageChangeBroadcastReceiver
11-16 08:57:00.036: W/BroadcastQueue(1144): Background execution not allowed: receiving Intent { act=android.intent.action.PACKAGE_ADDED dat=package:androidx.compose.testutils.test flg=0x4000010 (has extras) } to com.google.android.gms/.chimera.GmsIntentOperationService$PersistentTrustedReceiver
11-16 08:57:00.036: W/BroadcastQueue(1144): Background execution not allowed: receiving Intent { act=android.intent.action.PACKAGE_ADDED dat=package:androidx.compose.testutils.test flg=0x4000010 (has extras) } to com.google.android.googlequicksearchbox/com.google.android.apps.gsa.googlequicksearchbox.GelStubAppWatcher
11-16 08:57:00.036: W/BroadcastQueue(1144): Background execution not allowed: receiving Intent { act=android.intent.action.PACKAGE_ADDED dat=package:androidx.compose.testutils.test flg=0x4000010 (has extras) } to com.google.android.ims/.receivers.RcsAutoStartReceiver
11-16 08:57:00.189: I/Finsky(15448): [211] rcb.z(3): IQ: Creating job 2, for (REQ_CHARGING, REQ_DEVICE_IDLE, REQ_GEARHEAD_PROJECTION_OFF, NETWORK=UNMETERED, PROVISIONING_STATE=PROVISIONED)
11-16 08:57:00.291: W/droid.apps.map(15724): JIT profile information will not be recorded: profile file does not exits.
11-16 08:57:00.293: D/GH.AutoPhenotypeFlags(4318): Refreshing flag-values from Phenotype
11-16 08:57:00.304: W/PhenotypeConfigurationU(10825): Update for unknown DeviceConfig package com.google.android.gms.car#car_setup [CONTEXT service_id=204 ]
11-16 08:57:00.304: W/PhenotypeConfigurationU(10825): akjf: No package exists for config package: com.google.android.gms.car#car_setup
11-16 08:57:00.304: W/PhenotypeConfigurationU(10825): 	at com.google.android.gms.platformconfigurator.PhenotypeConfigurationUpdateListener.a(:com.google.android.gms@213614028@21.36.14 (100400-395708125):7)
11-16 08:57:00.304: W/PhenotypeConfigurationU(10825): 	at com.google.android.gms.platformconfigurator.PhenotypeConfigurationUpdateListener.onHandleIntent(:com.google.android.gms@213614028@21.36.14 (100400-395708125):5)
11-16 08:57:00.304: W/PhenotypeConfigurationU(10825): 	at com.google.android.chimera.IntentOperation.onHandleIntent(:com.google.android.gms@213614028@21.36.14 (100400-395708125):2)
11-16 08:57:00.304: W/PhenotypeConfigurationU(10825): 	at pld.onHandleIntent(:com.google.android.gms@213614028@21.36.14 (100400-395708125):4)
11-16 08:57:00.304: W/PhenotypeConfigurationU(10825): 	at dpb.run(:com.google.android.gms@213614028@21.36.14 (100400-395708125):5)
11-16 08:57:00.304: W/PhenotypeConfigurationU(10825): 	at dpa.run(:com.google.android.gms@213614028@21.36.14 (100400-395708125):11)
11-16 08:57:00.304: W/PhenotypeConfigurationU(10825): 	at bfyg.run(:com.google.android.gms@213614028@21.36.14 (100400-395708125):2)
11-16 08:57:00.304: W/PhenotypeConfigurationU(10825): 	at java.util.concurrent.ThreadPoolExecutor.runWorker(ThreadPoolExecutor.java:1167)
11-16 08:57:00.304: W/PhenotypeConfigurationU(10825): 	at java.util.concurrent.ThreadPoolExecutor$Worker.run(ThreadPoolExecutor.java:641)
11-16 08:57:00.304: W/PhenotypeConfigurationU(10825): 	at java.lang.Thread.run(Thread.java:764)
11-16 08:57:00.313: W/PhenotypeConfigurationU(10825): Update for unknown DeviceConfig package com.google.android.gms.car#car [CONTEXT service_id=204 ]
11-16 08:57:00.313: W/PhenotypeConfigurationU(10825): akjf: No package exists for config package: com.google.android.gms.car#car
11-16 08:57:00.313: W/PhenotypeConfigurationU(10825): 	at com.google.android.gms.platformconfigurator.PhenotypeConfigurationUpdateListener.a(:com.google.android.gms@213614028@21.36.14 (100400-395708125):7)
11-16 08:57:00.313: W/PhenotypeConfigurationU(10825): 	at com.google.android.gms.platformconfigurator.PhenotypeConfigurationUpdateListener.onHandleIntent(:com.google.android.gms@213614028@21.36.14 (100400-395708125):5)
11-16 08:57:00.313: W/PhenotypeConfigurationU(10825): 	at com.google.android.chimera.IntentOperation.onHandleIntent(:com.google.android.gms@213614028@21.36.14 (100400-395708125):2)
11-16 08:57:00.313: W/PhenotypeConfigurationU(10825): 	at pld.onHandleIntent(:com.google.android.gms@213614028@21.36.14 (100400-395708125):4)
11-16 08:57:00.313: W/PhenotypeConfigurationU(10825): 	at dpb.run(:com.google.android.gms@213614028@21.36.14 (100400-395708125):5)
11-16 08:57:00.313: W/PhenotypeConfigurationU(10825): 	at dpa.run(:com.google.android.gms@213614028@21.36.14 (100400-395708125):11)
11-16 08:57:00.313: W/PhenotypeConfigurationU(10825): 	at bfyg.run(:com.google.android.gms@213614028@21.36.14 (100400-395708125):2)
11-16 08:57:00.313: W/PhenotypeConfigurationU(10825): 	at java.util.concurrent.ThreadPoolExecutor.runWorker(ThreadPoolExecutor.java:1167)
11-16 08:57:00.313: W/PhenotypeConfigurationU(10825): 	at java.util.concurrent.ThreadPoolExecutor$Worker.run(ThreadPoolExecutor.java:641)
11-16 08:57:00.313: W/PhenotypeConfigurationU(10825): 	at java.lang.Thread.run(Thread.java:764)
11-16 08:57:00.317: I/PackageUpdateTaskChimer(10825): Scheduling Phenotype config package catchup updates to be 86400 seconds from now (1637081820316) [CONTEXT service_id=51 ]
11-16 08:57:00.320: I/Finsky(15448): [2] abzb.b(5): SCH: Jobs in database: 1-1337 3-2 12-1 24-77777777 26-1414141414 29-29 31-305419896 37-0 
11-16 08:57:00.326: W/PhenotypeConfigurationU(10825): Update for unknown DeviceConfig package com.google.android.gms.icing.mdd#com.google.android.gms [CONTEXT service_id=204 ]
11-16 08:57:00.326: W/PhenotypeConfigurationU(10825): akjf: No package exists for config package: com.google.android.gms.icing.mdd#com.google.android.gms
11-16 08:57:00.326: W/PhenotypeConfigurationU(10825): 	at com.google.android.gms.platformconfigurator.PhenotypeConfigurationUpdateListener.a(:com.google.android.gms@213614028@21.36.14 (100400-395708125):7)
11-16 08:57:00.326: W/PhenotypeConfigurationU(10825): 	at com.google.android.gms.platformconfigurator.PhenotypeConfigurationUpdateListener.onHandleIntent(:com.google.android.gms@213614028@21.36.14 (100400-395708125):5)
11-16 08:57:00.326: W/PhenotypeConfigurationU(10825): 	at com.google.android.chimera.IntentOperation.onHandleIntent(:com.google.android.gms@213614028@21.36.14 (100400-395708125):2)
11-16 08:57:00.326: W/PhenotypeConfigurationU(10825): 	at pld.onHandleIntent(:com.google.android.gms@213614028@21.36.14 (100400-395708125):4)
11-16 08:57:00.326: W/PhenotypeConfigurationU(10825): 	at dpb.run(:com.google.android.gms@213614028@21.36.14 (100400-395708125):5)
11-16 08:57:00.326: W/PhenotypeConfigurationU(10825): 	at dpa.run(:com.google.android.gms@213614028@21.36.14 (100400-395708125):11)
11-16 08:57:00.326: W/PhenotypeConfigurationU(10825): 	at bfyg.run(:com.google.android.gms@213614028@21.36.14 (100400-395708125):2)
11-16 08:57:00.326: W/PhenotypeConfigurationU(10825): 	at java.util.concurrent.ThreadPoolExecutor.runWorker(ThreadPoolExecutor.java:1167)
11-16 08:57:00.326: W/PhenotypeConfigurationU(10825): 	at java.util.concurrent.ThreadPoolExecutor$Worker.run(ThreadPoolExecutor.java:641)
11-16 08:57:00.326: W/PhenotypeConfigurationU(10825): 	at java.lang.Thread.run(Thread.java:764)
11-16 08:57:00.346: I/Finsky(15448): [2] abxn.d(37): SCH: ConstraintMapping: 24-77777777,  -> L: 0ms, D: 82599208ms, C: false, I: true, N: 0
11-16 08:57:00.350: I/Finsky(15448): [2] abxn.d(37): SCH: ConstraintMapping: 1-1337, 12-1, 31-305419896,  -> L: 0ms, D: 78035254ms, C: false, I: false, N: 1
11-16 08:57:00.350: I/Finsky(15448): [2] abxn.d(37): SCH: ConstraintMapping: 3-2,  -> L: 0ms, D: 86399894ms, C: true, I: true, N: 2
11-16 08:57:00.351: I/Finsky(15448): [2] abxn.d(37): SCH: ConstraintMapping: 26-1414141414, 29-29, 37-0,  -> L: 0ms, D: 0ms, C: false, I: false, N: 0
11-16 08:57:00.354: I/Finsky(15448): [2] abxn.f(7): SCH: Cancelling existing jobscheduler jobs: 9006 9000 9005 
11-16 08:57:00.354: I/Finsky(15448): [2] abxn.e(8): SCH: Throttling wakeup for job 9001 (expected to run in 0 ms) due to recent wakeup
11-16 08:57:00.354: I/Finsky(15448): [2] abxn.e(23): SCH: Scheduling job Id: 9001, L: 30000, D: 82599208, C: false, I: true, N: 0
11-16 08:57:00.356: I/Finsky(15448): [2] abxn.e(8): SCH: Throttling wakeup for job 9002 (expected to run in 0 ms) due to recent wakeup
11-16 08:57:00.356: I/Finsky(15448): [2] abxn.e(23): SCH: Scheduling job Id: 9002, L: 30000, D: 78035254, C: false, I: false, N: 1
11-16 08:57:00.357: I/akhr(10825): Scheduling adaptive one off task with window [14400, 604800] in seconds [CONTEXT service_id=51 ]
11-16 08:57:00.362: I/Finsky(15448): [2] abxn.e(8): SCH: Throttling wakeup for job 9003 (expected to run in 0 ms) due to recent wakeup
11-16 08:57:00.362: I/Finsky(15448): [2] abxn.e(23): SCH: Scheduling job Id: 9003, L: 30000, D: 86399894, C: true, I: true, N: 2
11-16 08:57:00.364: I/Finsky(15448): [2] abxn.e(8): SCH: Throttling wakeup for job 9004 (expected to run in 0 ms) due to recent wakeup
11-16 08:57:00.365: I/Finsky(15448): [2] abxn.e(23): SCH: Scheduling job Id: 9004, L: 30000, D: 30000, C: false, I: false, N: 0
11-16 08:57:00.367: W/PhenotypeConfigurationU(10825): Update for unknown DeviceConfig package com.google.android.gms.icing.mdd [CONTEXT service_id=204 ]
11-16 08:57:00.367: W/PhenotypeConfigurationU(10825): akjf: No package exists for config package: com.google.android.gms.icing.mdd
11-16 08:57:00.367: W/PhenotypeConfigurationU(10825): 	at com.google.android.gms.platformconfigurator.PhenotypeConfigurationUpdateListener.a(:com.google.android.gms@213614028@21.36.14 (100400-395708125):7)
11-16 08:57:00.367: W/PhenotypeConfigurationU(10825): 	at com.google.android.gms.platformconfigurator.PhenotypeConfigurationUpdateListener.onHandleIntent(:com.google.android.gms@213614028@21.36.14 (100400-395708125):5)
11-16 08:57:00.367: W/PhenotypeConfigurationU(10825): 	at com.google.android.chimera.IntentOperation.onHandleIntent(:com.google.android.gms@213614028@21.36.14 (100400-395708125):2)
11-16 08:57:00.367: W/PhenotypeConfigurationU(10825): 	at pld.onHandleIntent(:com.google.android.gms@213614028@21.36.14 (100400-395708125):4)
11-16 08:57:00.367: W/PhenotypeConfigurationU(10825): 	at dpb.run(:com.google.android.gms@213614028@21.36.14 (100400-395708125):5)
11-16 08:57:00.367: W/PhenotypeConfigurationU(10825): 	at dpa.run(:com.google.android.gms@213614028@21.36.14 (100400-395708125):11)
11-16 08:57:00.367: W/PhenotypeConfigurationU(10825): 	at bfyg.run(:com.google.android.gms@213614028@21.36.14 (100400-395708125):2)
11-16 08:57:00.367: W/PhenotypeConfigurationU(10825): 	at java.util.concurrent.ThreadPoolExecutor.runWorker(ThreadPoolExecutor.java:1167)
11-16 08:57:00.367: W/PhenotypeConfigurationU(10825): 	at java.util.concurrent.ThreadPoolExecutor$Worker.run(ThreadPoolExecutor.java:641)
11-16 08:57:00.367: W/PhenotypeConfigurationU(10825): 	at java.lang.Thread.run(Thread.java:764)
11-16 08:57:00.373: D/GH.PhenotypeCommitter(4318): Committed Phenotype flags successfully!
11-16 08:57:00.381: D/CAR.CLIENT(4318): connect
11-16 08:57:00.396: D/GH.CarApiClientManager(4318): registered listener cqq@d51a9b7
11-16 08:57:00.396: D/GH.CarApiClientManager(4318): start
11-16 08:57:00.397: I/GH.SharedService(4318): Shared Service created
11-16 08:57:00.397: I/ActivityManager(1144): Start proc 15884:com.google.android.gms:car/u0a7 for service com.google.android.gms/.car.CarService
11-16 08:57:00.397: D/CAR.CLIENT(4318): connect
11-16 08:57:00.400: D/GH.NotifListenCNameMgr(4318): No set listener, returning default: com.google.android.gearhead.notifications.SharedNotificationListenerManager$ListenerService
11-16 08:57:00.400: D/GH.SharedNotifications(4318): Current notification listener: com.google.android.gearhead.notifications.SharedNotificationListenerManager$ListenerService
11-16 08:57:00.400: D/GH.NotifListenCNameMgr(4318): No set listener, returning default: com.google.android.gearhead.notifications.SharedNotificationListenerManager$ListenerService
11-16 08:57:00.404: E/android.gms:ca(15884): Not starting debugger since process cannot load the jdwp agent.
11-16 08:57:00.423: I/android.gms:ca(15884): The ClassLoaderContext is a special shared library.
11-16 08:57:00.428: W/ActivityManager(1144): Unable to start service Intent { cmp=com.google.android.gm/com.android.email.service.AttachmentService } U=0: not found
11-16 08:57:00.424: I/chatty(15884): uid=10007 com.google.android.gms:car identical 1 line
11-16 08:57:00.425: I/android.gms:ca(15884): The ClassLoaderContext is a special shared library.
11-16 08:57:00.435: W/android.gms:ca(15884): Unknown chunk type '200'.
11-16 08:57:00.450: W/PhenotypeConfigurationU(10825): Update for unknown DeviceConfig package com.google.android.gms.car [CONTEXT service_id=204 ]
11-16 08:57:00.450: W/PhenotypeConfigurationU(10825): akjf: No package exists for config package: com.google.android.gms.car
11-16 08:57:00.450: W/PhenotypeConfigurationU(10825): 	at com.google.android.gms.platformconfigurator.PhenotypeConfigurationUpdateListener.a(:com.google.android.gms@213614028@21.36.14 (100400-395708125):7)
11-16 08:57:00.450: W/PhenotypeConfigurationU(10825): 	at com.google.android.gms.platformconfigurator.PhenotypeConfigurationUpdateListener.onHandleIntent(:com.google.android.gms@213614028@21.36.14 (100400-395708125):5)
11-16 08:57:00.450: W/PhenotypeConfigurationU(10825): 	at com.google.android.chimera.IntentOperation.onHandleIntent(:com.google.android.gms@213614028@21.36.14 (100400-395708125):2)
11-16 08:57:00.450: W/PhenotypeConfigurationU(10825): 	at pld.onHandleIntent(:com.google.android.gms@213614028@21.36.14 (100400-395708125):4)
11-16 08:57:00.450: W/PhenotypeConfigurationU(10825): 	at dpb.run(:com.google.android.gms@213614028@21.36.14 (100400-395708125):5)
11-16 08:57:00.450: W/PhenotypeConfigurationU(10825): 	at dpa.run(:com.google.android.gms@213614028@21.36.14 (100400-395708125):11)
11-16 08:57:00.450: W/PhenotypeConfigurationU(10825): 	at bfyg.run(:com.google.android.gms@213614028@21.36.14 (100400-395708125):2)
11-16 08:57:00.450: W/PhenotypeConfigurationU(10825): 	at java.util.concurrent.ThreadPoolExecutor.runWorker(ThreadPoolExecutor.java:1167)
11-16 08:57:00.450: W/PhenotypeConfigurationU(10825): 	at java.util.concurrent.ThreadPoolExecutor$Worker.run(ThreadPoolExecutor.java:641)
11-16 08:57:00.450: W/PhenotypeConfigurationU(10825): 	at java.lang.Thread.run(Thread.java:764)
11-16 08:57:00.454: I/NetworkScheduler.Stats(10825): Task com.google.android.gms/com.google.android.gms.phenotype.service.sync.PhenotypeConfigurator finished executing. cause:9 result: 1 elapsed_millis: 1100 uptime_millis: 1100 exec_start_elapsed_seconds: 431 [CONTEXT service_id=218 ]
11-16 08:57:00.472: I/Finsky(15448): [2] aeab.a(1): Connecting InstallListener to SplitInstallService broadcaster...
11-16 08:57:00.478: I/Finsky(15448): [2] ajut.a(3): Warm data store was already initialized.
11-16 08:57:00.545: E/ExecutionCriteria(10825): Package unavailable for task: com.google.android.apps.gcs/com.google.android.flib.phenotype.services.PhenotypeExperimentCommitService{u=0 tag="PhenotypeExpCommitSvc" trigger=window{start=0s,end=30s,earliest=-333s,latest=-303s} requirements=[NET_ANY] attributes=[PERSISTED] scheduled=-333s last_run=N/A exec_window_multiplier=1.0000 jid=N/A status=PENDING retries=0 client_lib=MANCHEGO_GCM-11732000} [CONTEXT service_id=218 ]
11-16 08:57:00.555: W/ProviderHelper(15884): Unknown dynamite feature providerinstaller.dynamite
11-16 08:57:00.556: I/DynamiteModule(15884): Considering local module com.google.android.gms.providerinstaller.dynamite:1 and remote module com.google.android.gms.providerinstaller.dynamite:0
11-16 08:57:00.556: I/DynamiteModule(15884): Selected local version of com.google.android.gms.providerinstaller.dynamite
11-16 08:57:00.570: V/NativeCrypto(15884): Registering com/google/android/gms/org/conscrypt/NativeCrypto's 294 native methods...
11-16 08:57:00.580: D/NetworkSecurityConfig(15884): Using Network Security Config from resource network_security_config debugBuild: false
11-16 08:57:00.581: I/ProviderInstaller(15884): Installed default security provider GmsCore_OpenSSL
11-16 08:57:00.603: I/axnn(15884): Primes not initialized, returning default (no-op) Primes instance which will ignore all calls. Please call Primes.initialize(...) before using any Primes API.
11-16 08:57:00.603: I/GMS_MM_Logger(15884): Started.
11-16 08:57:00.607: E/libc(15724): Access denied finding property "vendor.debug.egl.profiler"
11-16 08:57:00.605: W/DefaultPool4(15724): type=1400 audit(0.0:200): avc: denied { read } for name="u:object_r:vendor_default_prop:s0" dev="tmpfs" ino=17630 scontext=u:r:untrusted_app:s0:c102,c256,c512,c768 tcontext=u:object_r:vendor_default_prop:s0 tclass=file permissive=0
11-16 08:57:00.615: I/Adreno(15724): QUALCOMM build                   : 3f88ca2, I42f6fe38fb
11-16 08:57:00.615: I/Adreno(15724): Build Date                       : 07/13/18
11-16 08:57:00.615: I/Adreno(15724): OpenGL ES Shader Compiler Version: EV031.24.00.00
11-16 08:57:00.615: I/Adreno(15724): Local Branch                     : 50.04
11-16 08:57:00.615: I/Adreno(15724): Remote Branch                    : 
11-16 08:57:00.615: I/Adreno(15724): Remote Branch                    : 
11-16 08:57:00.615: I/Adreno(15724): Reconstruct Branch               : 
11-16 08:57:00.615: I/Adreno(15724): Build Config                     : S P 4.0.10 AArch64
11-16 08:57:00.616: I/Watchcat(15884): Started
11-16 08:57:00.635: W/DefaultPool4(15724): type=1400 audit(0.0:201): avc: denied { read } for name="u:object_r:vendor_default_prop:s0" dev="tmpfs" ino=17630 scontext=u:r:untrusted_app:s0:c102,c256,c512,c768 tcontext=u:object_r:vendor_default_prop:s0 tclass=file permissive=0
11-16 08:57:00.637: E/libc(15724): Access denied finding property "ro.vendor.graphics.memory"
11-16 08:57:00.638: I/Adreno(15724): PFP: 0x016ee170, ME: 0x00000000
11-16 08:57:00.643: W/CAR.VALIDATOR.LITE(15884): Invalid version in allow list flag [ALL] [CONTEXT service_id=13 ]
11-16 08:57:00.643: W/CAR.VALIDATOR.LITE(15884): java.lang.NumberFormatException: For input string: "ALL"
11-16 08:57:00.643: W/CAR.VALIDATOR.LITE(15884): 	at java.lang.Integer.parseInt(Integer.java:615)
11-16 08:57:00.643: W/CAR.VALIDATOR.LITE(15884): 	at java.lang.Integer.parseInt(Integer.java:650)
11-16 08:57:00.643: W/CAR.VALIDATOR.LITE(15884): 	at nnu.<init>(:com.google.android.gms@213614028@21.36.14 (100400-395708125):13)
11-16 08:57:00.643: W/CAR.VALIDATOR.LITE(15884): 	at nnu.d(:com.google.android.gms@213614028@21.36.14 (100400-395708125):2)
11-16 08:57:00.643: W/CAR.VALIDATOR.LITE(15884): 	at com.google.android.gms.car.CarChimeraService.onCreate(:com.google.android.gms@213614028@21.36.14 (100400-395708125):17)
11-16 08:57:00.643: W/CAR.VALIDATOR.LITE(15884): 	at dpx.onCreate(:com.google.android.gms@213614028@21.36.14 (100400-395708125):1)
11-16 08:57:00.643: W/CAR.VALIDATOR.LITE(15884): 	at plf.onCreate(:com.google.android.gms@213614028@21.36.14 (100400-395708125):4)
11-16 08:57:00.643: W/CAR.VALIDATOR.LITE(15884): 	at android.app.ActivityThread.handleCreateService(ActivityThread.java:3570)
11-16 08:57:00.643: W/CAR.VALIDATOR.LITE(15884): 	at android.app.ActivityThread.access$1300(ActivityThread.java:200)
11-16 08:57:00.643: W/CAR.VALIDATOR.LITE(15884): 	at android.app.ActivityThread$H.handleMessage(ActivityThread.java:1672)
11-16 08:57:00.643: W/CAR.VALIDATOR.LITE(15884): 	at android.os.Handler.dispatchMessage(Handler.java:106)
11-16 08:57:00.643: W/CAR.VALIDATOR.LITE(15884): 	at android.os.Looper.loop(Looper.java:193)
11-16 08:57:00.643: W/CAR.VALIDATOR.LITE(15884): 	at android.app.ActivityThread.main(ActivityThread.java:6718)
11-16 08:57:00.643: W/CAR.VALIDATOR.LITE(15884): 	at java.lang.reflect.Method.invoke(Native Method)
11-16 08:57:00.643: W/CAR.VALIDATOR.LITE(15884): 	at com.android.internal.os.RuntimeInit$MethodAndArgsCaller.run(RuntimeInit.java:493)
11-16 08:57:00.643: W/CAR.VALIDATOR.LITE(15884): 	at com.android.internal.os.ZygoteInit.main(ZygoteInit.java:858)
11-16 08:57:00.657: I/ConfigStore(15724): android::hardware::configstore::V1_0::ISurfaceFlingerConfigs::hasWideColorDisplay retrieved: 1
11-16 08:57:00.659: I/ConfigStore(15724): android::hardware::configstore::V1_0::ISurfaceFlingerConfigs::hasHDRDisplay retrieved: 1
11-16 08:57:00.681: I/MultiDex(15685): VM with version 2.1.0 has multidex support
11-16 08:57:00.681: I/MultiDex(15685): install
11-16 08:57:00.681: I/MultiDex(15685): VM has multidex support, MultiDex support library is disabled.
11-16 08:57:00.681: I/MultiDex(15685): install
11-16 08:57:00.681: I/MultiDex(15685): VM has multidex support, MultiDex support library is disabled.
11-16 08:57:00.691: I/DynamiteModule(15884): Considering local module com.google.android.gms.googlecertificates:6 and remote module com.google.android.gms.googlecertificates:6
11-16 08:57:00.691: I/DynamiteModule(15884): Selected local version of com.google.android.gms.googlecertificates
11-16 08:57:00.713: D/CAR.CLIENT(4318): onICarAvailable
11-16 08:57:00.715: D/fpc_hidl(15941): fpc fingerprint hwbinder service starting
11-16 08:57:00.716: D/QSEECOMAPI(15941): QSEECom_get_handle sb_length = 0x80
11-16 08:57:00.716: D/QSEECOMAPI(15941): App is not loaded in QSEE
11-16 08:57:00.716: D/QSEECOMAPI(15941): app_arch = 2, total_files = 9
11-16 08:57:00.729: I/GH.CarApiClientManager(4318): connected
11-16 08:57:00.729: D/GH.CarApiClientManager(4318): calling onConnected on cqq@d51a9b7
11-16 08:57:00.729: D/GH.FeedbackNotifManager(4318): Starting FeedbackNotificationManager.
11-16 08:57:00.731: I/GH.HatsManager(4318): HaTS feature flag is not enabled. Not starting HatsManager.
11-16 08:57:00.731: D/GH.RatingPromptManager(4318): Starting RatingPromptManager.
11-16 08:57:00.733: D/GH.AutoLaunchPromptMgr(4318): AutoLaunchPromptManager disabled.
11-16 08:57:00.733: D/GH.CarApiClientManager(4318): notifying listener that the client was already connected
11-16 08:57:00.733: D/GH.CarApiClientManager(4318): registered listener cqp@e828464
11-16 08:57:00.733: D/GH.CarApiClientManager(4318): unregistered listener cqq@d51a9b7
11-16 08:57:00.738: D/CAR.CLIENT(4318): onICarAvailable
11-16 08:57:00.751: D/BoundBrokerSvc(10825): onBind: Intent { act=com.google.android.gms.clearcut.bootcount.service.START pkg=com.google.android.gms }
11-16 08:57:00.751: D/BoundBrokerSvc(10825): Loading bound service for intent: Intent { act=com.google.android.gms.clearcut.bootcount.service.START pkg=com.google.android.gms }
11-16 08:57:00.751: W/atrace(15951): type=1400 audit(0.0:202): avc: denied { write } for name="enable" dev="tracefs" ino=11987 scontext=u:r:shell:s0 tcontext=u:object_r:debugfs_tracing_debug:s0 tclass=file permissive=0
11-16 08:57:00.764: D/FirebaseApp(15685): com.google.firebase.auth.FirebaseAuth is not linked. Skipping initialization.
11-16 08:57:00.765: D/FirebaseApp(15685): com.google.firebase.crash.FirebaseCrash is not linked. Skipping initialization.
11-16 08:57:00.765: I/FirebaseInitProvider(15685): FirebaseApp initialization successful
11-16 08:57:00.772: D/QSEECOMAPI(15941): Loaded image: APP id = 89
11-16 08:57:00.776: E/fpc_tac(15941): fpcbuildinfo : 575ddab5b91efea67ee1d200fc813ff2fpc_bio=bd35c3fec78219829149bea6c9ec961e6f655b90C:prodtestlib=4304cf5c884c198624b749af3482befacbd3028eC:fpc_c_core=dc194509594e837dedfb5452aaf06fcb61977135C:fpc_lib=cd5b7b876c3d69afa68a11ac6fd86f873e70817bC:cac=297e11552c60a3607ed664cf44c3e4b36ab2e737C:fpc_bio_interface=94a457caecae31eca8ef04b64c3f82a018e9bbc0C:fpc_sensor=ba909a5500944acafe47a0ef3a49f89509aadfb6C:tools_core=94ddf1e684cfa6c99f0f237f7cc35f3962e0e597C:sensor_settings=4fcf864fb493ae0272a9b2806446b379d99fd8ceC:fingerprint_ta=066bc0ab880960a4a69b74a328c7d7871c72225bC:fingerprint_pal=0deb9a478a3572872639f9cb2559ccc464ee3f9bC:manifests=dcb3d8ab0bdb7a5b341839d8c75bb88fc7f5e1a4C:Manifesttag=SW23.3.0-PDR1.0.5:jenkins@84ffd74dac44:Thu,17May201810:17:08+0200:FPC_SENSOR_TYPE=FPC_SENSOR_TYPE_FPC1270:FPC_CC_TYPE=FPC_COMPANION_CHIP_FPC2050:FPC_C_TYPE=FPC_COATING_NORMAL
11-16 08:57:00.776: E/fpc_tac(15941): fpcbuildtype : build=RELEASE sensor=9
11-16 08:57:00.777: W/EventHub(1144): Unable to disable kernel key repeat for /dev/input/event3: Function not implemented
11-16 08:57:00.777: I/EventHub(1144): wakeMechanism=EPOLLWAKEUP, usingClockIoctl=true
11-16 08:57:00.777: I/EventHub(1144): New device: id=89, fd=317, path='/dev/input/event3', name='uinput-fpc', classes=0x101, configuration='/system/usr/idc/uinput-fpc.idc', keyLayout='/system/usr/keylayout/uinput-fpc.kl', keyCharacterMap='/system/usr/keychars/Generic.kcm', builtinKeyboard=true, 
11-16 08:57:00.777: W/InputReader(1144): Ignoring spurious device added event for deviceId 0.
11-16 08:57:00.905: I/Bugle(15685): GServicesValues:
11-16 08:57:00.905: I/Bugle(15685): bugle_enable_primes_crash_metrics: true
11-16 08:57:00.905: I/Bugle(15685): bugle_max_telemetry_upload_retries: 10
11-16 08:57:00.905: I/Bugle(15685): bugle_sticker_set_list_version: 3
11-16 08:57:00.917: D/ConnectivityService(1144): Returning BLOCKED NetworkInfo to uid=10102
11-16 08:57:00.960: I/FA(15685): App measurement is starting up, version: 16250
11-16 08:57:00.960: I/FA(15685): To enable debug logging run: adb shell setprop log.tag.FA VERBOSE
11-16 08:57:00.960: I/FA(15685): To enable faster debug mode event logging run:
11-16 08:57:00.960: I/FA(15685):   adb shell setprop debug.firebase.analytics.app com.google.android.apps.messaging
11-16 08:57:00.963: I/tmp(15685): SslGuard completed installation.
11-16 08:57:01.002: W/BugleStartup(15685): StartupHandler: ContentProvider startup tasks did not execute before Application onCreate(), executed in onApplicationCreated().
11-16 08:57:01.005: I/Bugle(15685): Initializing EmojiCompat
11-16 08:57:01.023: I/Bugle(15685): BugleApplicationBase: Bugle version: 4.6.375 (imp_rc21_xxhdpi.arm64-v8a.phone)
11-16 08:57:01.034: I/FontLog(10825): Received query Noto Color Emoji Compat, URI content://com.google.android.gms.fonts [CONTEXT service_id=132 ]
11-16 08:57:01.034: I/FontLog(10825): Query [Noto Color Emoji Compat] resolved to {Noto Color Emoji Compat, wdth 100.0, wght 400, ital 0.0, bestEffort false} [CONTEXT service_id=132 ]
11-16 08:57:01.036: I/FontLog(10825): Fetch {Noto Color Emoji Compat, wdth 100.0, wght 400, ital 0.0, bestEffort false} end status Status{statusCode=SUCCESS, resolution=null} [CONTEXT service_id=132 ]
11-16 08:57:01.036: I/Bugle(15685): DarkModeUtilImpl: Setting system dark mode to off
