11-16 08:57:01.050: W/PrimesInit(15685): Primes instant initialization
11-16 08:57:01.056: W/Primes(15685): background initialization
11-16 08:57:01.069: D/BoundBrokerSvc(13134): onBind: Intent { act=com.google.android.gms.measurement.START pkg=com.google.android.gms }
11-16 08:57:01.069: D/BoundBrokerSvc(13134): Loading bound service for intent: Intent { act=com.google.android.gms.measurement.START pkg=com.google.android.gms }
11-16 08:57:01.077: I/FontLog(10825): Pulling font file for id = 9, cache size = 6 [CONTEXT service_id=132 ]
11-16 08:57:01.082: I/FontLog(10825): Pulling font file for id = 9, cache size = 6 [CONTEXT service_id=132 ]
11-16 08:57:01.093: I/BugleDataModel(15685): RcsMigrationService: Returning RCS state provider.
11-16 08:57:01.099: I/PrimesTesting(15685): GserviceFlagsSupplier.get()
11-16 08:57:01.099: I/BugleRcsEngine(15685): [839] pot.a: Sim state is not ready. Returning last known operation mode.
11-16 08:57:01.110: I/BugleRcsEngine(15685): [854] pot.b: Not using CS JibeService because the CS migration has not completed.
11-16 08:57:01.110: I/CarrierServices(9977): [590] awt.doInBackground: Saving RCS State
11-16 08:57:01.110: I/CarrierServices(9977): [590] awt.doInBackground: Old operation mode: 0
11-16 08:57:01.110: I/CarrierServices(9977): [590] awt.doInBackground: New operation mode: 0
11-16 08:57:01.113: I/BugleRcsEngine(15685): [839] pot.a: Sim state is not ready. Returning last known operation mode.
11-16 08:57:01.113: W/Bugle(15685): SubscriptionMetadataUtils get: invalid subId = -1
11-16 08:57:01.113: I/CarrierServices(9977): [2] aww.a: Unbinding RcsMigrationService
11-16 08:57:01.114: I/CarrierServices(9977): [591] awt.doInBackground: Saving RCS State
11-16 08:57:01.114: I/CarrierServices(9977): [591] awt.doInBackground: Old operation mode: 0
11-16 08:57:01.114: I/CarrierServices(9977): [591] awt.doInBackground: New operation mode: 0
11-16 08:57:01.115: I/CarrierServices(9977): [2] aww.a: Unbinding RcsMigrationService
11-16 08:57:01.119: W/Bugle(15685): SubscriptionMetadataUtils get: invalid subId = -1
11-16 08:57:01.125: I/chatty(15685): uid=10111(com.google.android.apps.messaging) StartupThread#1 identical 2 lines
11-16 08:57:01.126: W/Bugle(15685): SubscriptionMetadataUtils get: invalid subId = -1
11-16 08:57:01.221: D/BoundBrokerSvc(13134): onBind: Intent { act=com.google.android.mdd.service.START pkg=com.google.android.gms }
11-16 08:57:01.221: D/BoundBrokerSvc(13134): Loading bound service for intent: Intent { act=com.google.android.mdd.service.START pkg=com.google.android.gms }
11-16 08:57:01.276: W/ActivityManager(1144): Background start not allowed: service Intent { cmp=com.google.android.apps.messaging/.shared.datamodel.action.execution.ActionExecutorImpl$EmptyService } to com.google.android.apps.messaging/.shared.datamodel.action.execution.ActionExecutorImpl$EmptyService from pid=15685 uid=10111 pkg=com.google.android.apps.messaging startFg?=false
11-16 08:57:01.277: W/BugleDataModel(15685): ActionExecutorImpl: Action started execution, but we can't guarantee it will complete, the app may be killed. Action: class com.google.android.apps.messaging.shared.datamodel.action.CountryCodeDetectorAction-CountryCodeDetectorAction:433124003
11-16 08:57:01.277: W/BugleDataModel(15685): java.lang.IllegalStateException: Not allowed to start service Intent { cmp=com.google.android.apps.messaging/.shared.datamodel.action.execution.ActionExecutorImpl$EmptyService }: app is in background uid UidRecord{57c24bb u0a111 RCVR idle procs:2 seq(0,0,0)}
11-16 08:57:01.277: W/BugleDataModel(15685): 	at android.app.ContextImpl.startServiceCommon(ContextImpl.java:1577)
11-16 08:57:01.277: W/BugleDataModel(15685): 	at android.app.ContextImpl.startService(ContextImpl.java:1532)
11-16 08:57:01.277: W/BugleDataModel(15685): 	at android.content.ContextWrapper.startService(ContextWrapper.java:664)
11-16 08:57:01.277: W/BugleDataModel(15685): 	at com.google.android.apps.messaging.shared.datamodel.action.execution.ActionExecutorImpl.a(SourceFile:21)
11-16 08:57:01.277: W/BugleDataModel(15685): 	at com.google.android.apps.messaging.shared.datamodel.action.execution.ActionExecutorImpl.b(SourceFile:18)
11-16 08:57:01.277: W/BugleDataModel(15685): 	at ecp.a(SourceFile:137)
11-16 08:57:01.277: W/BugleDataModel(15685): 	at ecp.a(SourceFile:85)
11-16 08:57:01.277: W/BugleDataModel(15685): 	at eca.b(SourceFile:56)
11-16 08:57:01.277: W/BugleDataModel(15685): 	at eca.a(SourceFile:23)
11-16 08:57:01.277: W/BugleDataModel(15685): 	at com.google.android.apps.messaging.shared.datamodel.action.common.ThrottledAction.h(SourceFile:37)
11-16 08:57:01.277: W/BugleDataModel(15685): 	at dne.a(SourceFile:4)
11-16 08:57:01.277: W/BugleDataModel(15685): 	at gmv.a(SourceFile:6)
11-16 08:57:01.277: W/BugleDataModel(15685): 	at geh.onReceive(SourceFile:12)
11-16 08:57:01.277: W/BugleDataModel(15685): 	at gnw.onReceive(SourceFile:5)
11-16 08:57:01.277: W/BugleDataModel(15685): 	at gmv.onReceive(SourceFile:8)
11-16 08:57:01.277: W/BugleDataModel(15685): 	at android.app.LoadedApk$ReceiverDispatcher$Args.lambda$getRunnable$0(LoadedApk.java:1391)
11-16 08:57:01.277: W/BugleDataModel(15685): 	at android.app.-$$Lambda$LoadedApk$ReceiverDispatcher$Args$_BumDX2UKsnxLVrE6UJsJZkotuA.run(Unknown Source:2)
11-16 08:57:01.277: W/BugleDataModel(15685): 	at android.os.Handler.handleCallback(Handler.java:873)
11-16 08:57:01.277: W/BugleDataModel(15685): 	at android.os.Handler.dispatchMessage(Handler.java:99)
11-16 08:57:01.277: W/BugleDataModel(15685): 	at android.os.Looper.loop(Looper.java:193)
11-16 08:57:01.277: W/BugleDataModel(15685): 	at android.app.ActivityThread.main(ActivityThread.java:6718)
11-16 08:57:01.277: W/BugleDataModel(15685): 	at java.lang.reflect.Method.invoke(Native Method)
11-16 08:57:01.277: W/BugleDataModel(15685): 	at com.android.internal.os.RuntimeInit$MethodAndArgsCaller.run(RuntimeInit.java:493)
11-16 08:57:01.277: W/BugleDataModel(15685): 	at com.android.internal.os.ZygoteInit.main(ZygoteInit.java:858)
11-16 08:57:01.277: I/BugleAction(15685): ActionSchedulerImpl: class com.google.android.apps.messaging.shared.datamodel.action.CountryCodeDetectorAction-CountryCodeDetectorAction:433124003 deferred since it was started from unsafe context
11-16 08:57:01.280: D/BoundBrokerSvc(13134): onBind: Intent { act=com.google.android.gms.walletp2p.service.firstparty.BIND pkg=com.google.android.gms }
11-16 08:57:01.280: D/BoundBrokerSvc(13134): Loading bound service for intent: Intent { act=com.google.android.gms.walletp2p.service.firstparty.BIND pkg=com.google.android.gms }
11-16 08:57:01.281: D/BoundBrokerSvc(13134): onBind: Intent { act=com.google.android.mobstore.service.START pkg=com.google.android.gms }
11-16 08:57:01.281: D/BoundBrokerSvc(13134): Loading bound service for intent: Intent { act=com.google.android.mobstore.service.START pkg=com.google.android.gms }
11-16 08:57:01.283: I/ActivityManager(1144): Start proc 16020:com.google.android.apps.photos/u0a104 for broadcast com.google.android.apps.photos/.localization.LocaleChangedReceiver
11-16 08:57:01.285: E/oid.apps.photo(16020): Not starting debugger since process cannot load the jdwp agent.
11-16 08:57:01.300: I/oid.apps.photo(16020): The ClassLoaderContext is a special shared library.
11-16 08:57:01.305: I/rrierdefaultap(15282): Waiting for a blocking GC ProfileSaver
11-16 08:57:01.331: I/rrierdefaultap(15282): WaitForGcToComplete blocked ProfileSaver on HeapTrim for 25.866ms
11-16 08:57:01.332: I/BugleRcsEngine(15685): [854] oer.register: Initializing Carrier Services Library.
11-16 08:57:01.338: V/BackupManagerConstants(1144): getFullBackupRequiredNetworkType(...) returns 2
11-16 08:57:01.338: V/BackupManagerConstants(1144): getFullBackupRequireCharging(...) returns true
11-16 08:57:01.350: I/BugleNetwork(15685): Startup: registering tachyon.
11-16 08:57:01.376: I/BugleRcsEngine(15685): [849] pkj.a: Initializing SimStateTracker
11-16 08:57:01.386: I/BugleRcsEngine(15685): [884] pot.b: Not using CS JibeService because the CS migration has not completed.
11-16 08:57:01.404: W/ActivityManager(1144): Background start not allowed: service Intent { cmp=com.google.android.apps.messaging/.shared.datamodel.action.execution.ActionExecutorImpl$EmptyService } to com.google.android.apps.messaging/.shared.datamodel.action.execution.ActionExecutorImpl$EmptyService from pid=15685 uid=10111 pkg=com.google.android.apps.messaging startFg?=false
11-16 08:57:01.406: I/Icing(13134): IndexChimeraService.getServiceInterface callingPackage=com.google.android.apps.messaging componentName=null serviceId=32
11-16 08:57:01.423: I/BugleBackup(15685): Registering preference change listener for "bugle".
11-16 08:57:01.424: W/Icing(13134): No valid account for uploading user actions
11-16 08:57:01.437: E/LibraryVersion(15685): Failed to get app version for libraryName: firebase-iid
11-16 08:57:01.448: I/GsaConfigFlagsSyncer(10016): Flags already sync'ed.
11-16 08:57:01.460: I/Icing(13134): Usage reports ok 1, Failed Usage reports 0, indexed 0, rejected 0
11-16 08:57:01.471: I/BugleRcsEngine(10072): [2] ProvisioningEventReceiver.onReceive: Received Provisioning Event: [Bugle information (100)]
11-16 08:57:01.472: I/BugleRcsEngine(10072): [2] ProvisioningEventReceiver.onReceive: JibeService is running, passing event to provisioning engine.
11-16 08:57:01.472: I/BugleRcsEngine(10072): [2] pdz.a: Handling Provisioning Event: [Bugle information (100)]
11-16 08:57:01.474: I/BugleRcsEngine(10072): [2] pev.a: RcsAvailabilityManager: Calculating Rcs Availability
11-16 08:57:01.474: V/SettingsProvider(1144): Notifying for 0: content://settings/system/gearhead:driving_mode_settings_enabled
11-16 08:57:01.503: D/BoundBrokerSvc(13134): onBind: Intent { act=com.google.android.mdd.service.START cmp=com.google.android.gms/.chimera.GmsBoundBrokerService }
11-16 08:57:01.503: D/BoundBrokerSvc(13134): Loading bound service for intent: Intent { act=com.google.android.mdd.service.START cmp=com.google.android.gms/.chimera.GmsBoundBrokerService }
11-16 08:57:01.523: W/AssistantConfig(15685): appIntegrationDataInBase64 is null
11-16 08:57:01.532: I/BugleRcsEngine(15685): [848] pkj.b: Processing an intent
11-16 08:57:01.559: I/BugleRcsEngine(15685): [848] pkj.handleSimState: SIM state ABSENT
11-16 08:57:01.566: E/Bugle(15685): AssistantIntegrationStartupTask: Error getting assistant availability.
11-16 08:57:01.566: E/Bugle(15685): java.lang.IllegalStateException: Failed to query to AGSA.
11-16 08:57:01.566: E/Bugle(15685): 	at pxf.onPostExecute(SourceFile:5)
11-16 08:57:01.566: E/Bugle(15685): 	at android.os.AsyncTask.finish(AsyncTask.java:695)
11-16 08:57:01.566: E/Bugle(15685): 	at android.os.AsyncTask.access$600(AsyncTask.java:180)
11-16 08:57:01.566: E/Bugle(15685): 	at android.os.AsyncTask$InternalHandler.handleMessage(AsyncTask.java:712)
11-16 08:57:01.566: E/Bugle(15685): 	at android.os.Handler.dispatchMessage(Handler.java:106)
11-16 08:57:01.566: E/Bugle(15685): 	at android.os.Looper.loop(Looper.java:193)
11-16 08:57:01.566: E/Bugle(15685): 	at android.app.ActivityThread.main(ActivityThread.java:6718)
11-16 08:57:01.566: E/Bugle(15685): 	at java.lang.reflect.Method.invoke(Native Method)
11-16 08:57:01.566: E/Bugle(15685): 	at com.android.internal.os.RuntimeInit$MethodAndArgsCaller.run(RuntimeInit.java:493)
11-16 08:57:01.566: E/Bugle(15685): 	at com.android.internal.os.ZygoteInit.main(ZygoteInit.java:858)
11-16 08:57:01.603: W/BugleRcsEngine(15685): [877] pot.a: Service with meta data key: SignupServiceVersions is not compatible. Service Version 4 is not supported. Supported versions: [1, 2]
11-16 08:57:01.603: I/Bugle(15685): ApnsOta: OTA version -1
11-16 08:57:01.604: I/BugleRcsEngine(15685): [877] pot.b: Not using CS JibeService because the CS migration has not completed.
11-16 08:57:01.605: I/BugleRcsEngine(15685): [2] txc.connect: Connecting SignupService
11-16 08:57:01.606: I/BugleRcsEngine(15685): [2] pot.b: Not using CS JibeService because the CS migration has not completed.
11-16 08:57:01.607: I/BugleRcsEngine(15685): [2] txc.connect: Binding to JibeService in Bugle. com.google.android.ims.rcsservice.signup.ISignup
11-16 08:57:01.612: D/QSEECOMAPI(15941): QSEECom_get_handle sb_length = 0x400
11-16 08:57:01.612: D/QSEECOMAPI(15941): App is already loaded QSEE and app id = 1
11-16 08:57:01.615: E/fpc_tac(15941): qsee_km_get_encapsulated_key KEYMASTER_GET_AUTH_TOKEN_KEY returned status=-24
11-16 08:57:01.615: D/QSEECOMAPI(15941): QSEECom_dealloc_memory 
11-16 08:57:01.615: D/QSEECOMAPI(15941): QSEECom_shutdown_app, app_id = 1
11-16 08:57:01.615: E/fpc_fingerprint_hal(15941): fpc_hal_open failed
11-16 08:57:01.616: I/EventHub(1144): Removing device uinput-fpc due to epoll hang-up event.
11-16 08:57:01.616: I/EventHub(1144): Removed device: path=/dev/input/event3 name=uinput-fpc id=89 fd=317 classes=0x101
11-16 08:57:01.616: W/EventHub(1144): built-in keyboard device /dev/input/event3 (id=89) is closing! the apps will not like this
11-16 08:57:01.616: W/InputReader(1144): Ignoring spurious device removed event for deviceId 89.
11-16 08:57:01.616: I/EventHub(1144): Removing device '/dev/input/event3' due to inotify event
11-16 08:57:01.619: W/Bugle(15685): SubscriptionMetadataUtils get: invalid subId = -1
11-16 08:57:01.634: D/QSEECOMAPI(15941): QSEECom_dealloc_memory 
11-16 08:57:01.634: D/QSEECOMAPI(15941): QSEECom_shutdown_app, app_id = 89
11-16 08:57:01.658: I/RcsClientLib(15685): Service com.google.android.rcs.client.signup.SignupService connected. Will notify listeners: true
11-16 08:57:01.686: I/EventLogSendingHelper(10016): Sending log events.
11-16 08:57:01.689: V/BackupManagerConstants(1144): getFullBackupRequiredNetworkType(...) returns 2
11-16 08:57:01.689: V/BackupManagerConstants(1144): getFullBackupRequireCharging(...) returns true
11-16 08:57:01.737: W/Bugle(15685): SubscriptionMetadataUtils get: invalid subId = -1
11-16 08:57:01.753: I/Bugle(15685): BugleMddTaskScheduler: Scheduling MDD job, tag: MDD.CHARGING.PERIODIC.TASK, period: 21600
11-16 08:57:01.753: I/BugleRcsEngine(15685): [848] pkj.sendBroadcastSimState: Broadcasting Intent { act=com.google.android.ims.SIM_ABSENT }
11-16 08:57:01.757: I/Bugle(15685): BugleMddTaskScheduler: Scheduling MDD job, tag: MDD.MAINTENANCE.PERIODIC.GCM.TASK, period: 86400
11-16 08:57:01.757: I/Bugle(15685): BugleMddTaskScheduler: Successfully updated period. tag: MDD.MAINTENANCE.PERIODIC.GCM.TASK, period: 86400
11-16 08:57:01.761: I/Bugle(15685): SimChangeReceiver: action: com.google.android.ims.SIM_ABSENT
11-16 08:57:01.761: W/Bugle(15685): SubscriptionMetadataUtils get: invalid subId = -1
11-16 08:57:01.766: W/Bugle(15685): SubscriptionMetadataUtils get: invalid subId = -1
11-16 08:57:01.766: E/Bugle(15685): Get mms config failed: invalid subId. subId=-1, real subId=-1, map={ }
11-16 08:57:01.768: I/BugleBackup(15685): Registering preference change listener for "buglesub_-1".
11-16 08:57:01.772: I/BugleRcsEngine(10072): [555] pev.a: RcsAvailabilityManager: Calculating Rcs Availability
11-16 08:57:01.775: W/Bugle(15685): SubscriptionMetadataUtils get: invalid subId = -1
11-16 08:57:01.792: I/chatty(15685): uid=10111(com.google.android.apps.messaging) identical 2 lines
11-16 08:57:01.794: W/Bugle(15685): SubscriptionMetadataUtils get: invalid subId = -1
11-16 08:57:01.796: E/Bugle(15685): P2pConversationSuggestionsConfigUtils: Unknown suggestion type DUO_CALL
11-16 08:57:01.796: W/Bugle(15685): SubscriptionMetadataUtils get: invalid subId = -1
11-16 08:57:01.797: E/Bugle(15685): java.lang.IllegalArgumentException: No enum constant xpe.DUO_CALL
11-16 08:57:01.797: E/Bugle(15685): 	at java.lang.Enum.valueOf(Enum.java:258)
11-16 08:57:01.797: E/Bugle(15685): 	at xpe.a(SourceFile:2)
11-16 08:57:01.797: E/Bugle(15685): 	at hak.a(SourceFile:353)
11-16 08:57:01.797: E/Bugle(15685): 	at hak.a(SourceFile:294)
11-16 08:57:01.797: E/Bugle(15685): 	at hak.a(SourceFile:313)
11-16 08:57:01.797: E/Bugle(15685): 	at haz.a(SourceFile:18)
11-16 08:57:01.797: E/Bugle(15685): 	at haz.c(SourceFile:31)
11-16 08:57:01.797: E/Bugle(15685): 	at dcn.run(Unknown Source:14)
11-16 08:57:01.797: E/Bugle(15685): 	at java.util.concurrent.Executors$RunnableAdapter.call(Executors.java:458)
11-16 08:57:01.797: E/Bugle(15685): 	at vvt.a(SourceFile:4)
11-16 08:57:01.797: E/Bugle(15685): 	at vuq.run(SourceFile:5)
11-16 08:57:01.797: E/Bugle(15685): 	at vvr.run(SourceFile:9)
11-16 08:57:01.797: E/Bugle(15685): 	at java.util.concurrent.ThreadPoolExecutor.runWorker(ThreadPoolExecutor.java:1167)
11-16 08:57:01.797: E/Bugle(15685): 	at java.util.concurrent.ThreadPoolExecutor$Worker.run(ThreadPoolExecutor.java:641)
11-16 08:57:01.797: E/Bugle(15685): 	at tyn.run(SourceFile:5)
11-16 08:57:01.797: E/Bugle(15685): 	at java.lang.Thread.run(Thread.java:764)
11-16 08:57:01.798: E/Bugle(15685): P2pConversationSuggestionsConfigUtils: Unknown suggestion type DUO_CALL
11-16 08:57:01.799: E/Bugle(15685): java.lang.IllegalArgumentException: No enum constant xpe.DUO_CALL
11-16 08:57:01.799: E/Bugle(15685): 	at java.lang.Enum.valueOf(Enum.java:258)
11-16 08:57:01.799: E/Bugle(15685): 	at xpe.a(SourceFile:2)
11-16 08:57:01.799: E/Bugle(15685): 	at hak.a(SourceFile:353)
11-16 08:57:01.799: E/Bugle(15685): 	at hak.a(SourceFile:297)
11-16 08:57:01.799: E/Bugle(15685): 	at hak.a(SourceFile:313)
11-16 08:57:01.799: E/Bugle(15685): 	at haz.a(SourceFile:18)
11-16 08:57:01.799: E/Bugle(15685): 	at haz.c(SourceFile:31)
11-16 08:57:01.799: E/Bugle(15685): 	at dcn.run(Unknown Source:14)
11-16 08:57:01.799: E/Bugle(15685): 	at java.util.concurrent.Executors$RunnableAdapter.call(Executors.java:458)
11-16 08:57:01.799: E/Bugle(15685): 	at vvt.a(SourceFile:4)
11-16 08:57:01.799: E/Bugle(15685): 	at vuq.run(SourceFile:5)
11-16 08:57:01.799: E/Bugle(15685): 	at vvr.run(SourceFile:9)
11-16 08:57:01.799: E/Bugle(15685): 	at java.util.concurrent.ThreadPoolExecutor.runWorker(ThreadPoolExecutor.java:1167)
11-16 08:57:01.799: E/Bugle(15685): 	at java.util.concurrent.ThreadPoolExecutor$Worker.run(ThreadPoolExecutor.java:641)
11-16 08:57:01.799: E/Bugle(15685): 	at tyn.run(SourceFile:5)
11-16 08:57:01.799: E/Bugle(15685): 	at java.lang.Thread.run(Thread.java:764)
11-16 08:57:01.800: E/Bugle(15685): P2pConversationSuggestionsConfigUtils: Unknown suggestion type DUO_CALL
11-16 08:57:01.800: E/Bugle(15685): java.lang.IllegalArgumentException: No enum constant xpe.DUO_CALL
11-16 08:57:01.800: E/Bugle(15685): 	at java.lang.Enum.valueOf(Enum.java:258)
11-16 08:57:01.800: E/Bugle(15685): 	at xpe.a(SourceFile:2)
11-16 08:57:01.800: E/Bugle(15685): 	at hak.a(SourceFile:353)
11-16 08:57:01.800: E/Bugle(15685): 	at hak.a(SourceFile:305)
11-16 08:57:01.800: E/Bugle(15685): 	at hak.a(SourceFile:314)
11-16 08:57:01.800: E/Bugle(15685): 	at haz.a(SourceFile:18)
11-16 08:57:01.800: E/Bugle(15685): 	at haz.c(SourceFile:31)
11-16 08:57:01.800: E/Bugle(15685): 	at dcn.run(Unknown Source:14)
11-16 08:57:01.800: E/Bugle(15685): 	at java.util.concurrent.Executors$RunnableAdapter.call(Executors.java:458)
11-16 08:57:01.800: E/Bugle(15685): 	at vvt.a(SourceFile:4)
11-16 08:57:01.800: E/Bugle(15685): 	at vuq.run(SourceFile:5)
11-16 08:57:01.800: E/Bugle(15685): 	at vvr.run(SourceFile:9)
11-16 08:57:01.800: E/Bugle(15685): 	at java.util.concurrent.ThreadPoolExecutor.runWorker(ThreadPoolExecutor.java:1167)
11-16 08:57:01.800: E/Bugle(15685): 	at java.util.concurrent.ThreadPoolExecutor$Worker.run(ThreadPoolExecutor.java:641)
11-16 08:57:01.800: E/Bugle(15685): 	at tyn.run(SourceFile:5)
11-16 08:57:01.800: E/Bugle(15685): 	at java.lang.Thread.run(Thread.java:764)
11-16 08:57:01.801: E/Bugle(15685): P2pConversationSuggestionsConfigUtils: Unknown suggestion type DUO_CALL
11-16 08:57:01.801: E/Bugle(15685): java.lang.IllegalArgumentException: No enum constant xpe.DUO_CALL
11-16 08:57:01.801: E/Bugle(15685): 	at java.lang.Enum.valueOf(Enum.java:258)
11-16 08:57:01.801: E/Bugle(15685): 	at xpe.a(SourceFile:2)
11-16 08:57:01.801: E/Bugle(15685): 	at hak.a(SourceFile:353)
11-16 08:57:01.801: E/Bugle(15685): 	at hak.a(SourceFile:308)
11-16 08:57:01.801: E/Bugle(15685): 	at hak.a(SourceFile:314)
11-16 08:57:01.801: E/Bugle(15685): 	at haz.a(SourceFile:18)
11-16 08:57:01.801: E/Bugle(15685): 	at haz.c(SourceFile:31)
11-16 08:57:01.801: E/Bugle(15685): 	at dcn.run(Unknown Source:14)
11-16 08:57:01.801: E/Bugle(15685): 	at java.util.concurrent.Executors$RunnableAdapter.call(Executors.java:458)
11-16 08:57:01.801: E/Bugle(15685): 	at vvt.a(SourceFile:4)
11-16 08:57:01.801: E/Bugle(15685): 	at vuq.run(SourceFile:5)
11-16 08:57:01.801: E/Bugle(15685): 	at vvr.run(SourceFile:9)
11-16 08:57:01.801: E/Bugle(15685): 	at java.util.concurrent.ThreadPoolExecutor.runWorker(ThreadPoolExecutor.java:1167)
11-16 08:57:01.801: E/Bugle(15685): 	at java.util.concurrent.ThreadPoolExecutor$Worker.run(ThreadPoolExecutor.java:641)
11-16 08:57:01.801: E/Bugle(15685): 	at tyn.run(SourceFile:5)
11-16 08:57:01.801: E/Bugle(15685): 	at java.lang.Thread.run(Thread.java:764)
11-16 08:57:01.853: I/Bugle(15685): BugleMddTaskScheduler: Scheduling MDD job, tag: MDD.CELLULAR.CHARGING.PERIODIC.TASK, period: 21600
11-16 08:57:01.856: I/Bugle(15685): CountryCodeDetector: updateMainDeviceCountry from system locale as fallback. detected country: null
11-16 08:57:01.878: I/ActivityManager(1144): Killing 15048:com.google.android.euicc/u0a67 (adj 906): empty #17
11-16 08:57:01.878: W/libprocessgroup(1144): kill(-15048, 9) failed: No such process
11-16 08:57:01.893: I/chatty(1144): uid=1000(system) ActivityManager identical 2 lines
11-16 08:57:01.903: W/libprocessgroup(1144): kill(-15048, 9) failed: No such process
11-16 08:57:01.909: I/Bugle(15685): BugleMddTaskScheduler: Successfully updated period. tag: MDD.CELLULAR.CHARGING.PERIODIC.TASK, period: 21600
11-16 08:57:01.914: I/BugleRcsEngine(15685): [881] pot.b: Not using CS JibeService because the CS migration has not completed.
11-16 08:57:01.917: I/BugleRcsEngine(10072): [2] ProvisioningEventReceiver.onReceive: Received Provisioning Event: [Bugle information (100)]
11-16 08:57:01.918: I/BugleRcsEngine(10072): [2] ProvisioningEventReceiver.onReceive: JibeService is running, passing event to provisioning engine.
11-16 08:57:01.918: I/BugleRcsEngine(10072): [2] pdz.a: Handling Provisioning Event: [Bugle information (100)]
11-16 08:57:01.920: I/BugleRcsEngine(10072): [2] pev.a: RcsAvailabilityManager: Calculating Rcs Availability
11-16 08:57:01.927: W/libprocessgroup(1144): kill(-15048, 9) failed: No such process
11-16 08:57:01.937: W/libprocessgroup(1144): kill(-15048, 9) failed: No such process
11-16 08:57:01.941: I/Bugle(15685): BugleMddTaskScheduler: Scheduling MDD job, tag: MDD.WIFI.CHARGING.PERIODIC.TASK, period: 3600
11-16 08:57:01.945: I/BugleRcs(15685): RcsAvailabilityUtilForProvisioningEngineV2: Get Updated RcsAvailability, RcsAvailability: DISABLED_SIM_ABSENT, SimId: Redacted-0
11-16 08:57:01.945: I/EventLogSendingHelper(10016): Sending log events.
11-16 08:57:01.950: W/libprocessgroup(1144): kill(-15048, 9) failed: No such process
11-16 08:57:01.963: I/Zygote(731): Process 15048 exited due to signal (9)
11-16 08:57:01.967: W/oid.apps.photo(16020): JIT profile information will not be recorded: profile file does not exits.
11-16 08:57:01.967: W/oid.apps.photo(16020): JIT profile information will not be recorded: profile file does not exits.
11-16 08:57:01.974: W/libprocessgroup(1144): kill(-15048, 9) failed: No such process
11-16 08:57:01.974: I/libprocessgroup(1144): Successfully killed process cgroup uid 10067 pid 15048 in 96ms
11-16 08:57:01.998: I/Bugle(15685): BugleMddTaskScheduler: Successfully updated period. tag: MDD.WIFI.CHARGING.PERIODIC.TASK, period: 3600
11-16 08:57:02.004: D/NetworkSecurityConfig(15685): No Network Security Config specified, using platform default
11-16 08:57:02.060: W/Bugle(15685): ChatContentDecoratorGrpc: Instance created but no relevant features are enabled
11-16 08:57:02.184: I/ActivityManager(1144): Killing 15081:com.google.android.partnersetup/u0a49 (adj 906): empty #17
11-16 08:57:02.184: W/libprocessgroup(1144): kill(-15081, 9) failed: No such process
11-16 08:57:02.198: I/ActivityManager(1144): Start proc 16093:com.google.android.apps.tips/u0a52 for broadcast com.google.android.apps.tips/.onboarding.LocaleChangedReceiver
11-16 08:57:02.202: E/droid.apps.tip(16093): Not starting debugger since process cannot load the jdwp agent.
11-16 08:57:02.202: I/Zygote(731): Process 15081 exited due to signal (9)
11-16 08:57:02.229: W/libprocessgroup(1144): kill(-15081, 9) failed: No such process
11-16 08:57:02.230: I/libprocessgroup(1144): Successfully killed process cgroup uid 10049 pid 15081 in 45ms
11-16 08:57:02.242: I/lugins.sprintd(15430): Waiting for a blocking GC ProfileSaver
11-16 08:57:02.249: I/lugins.sprintd(15430): WaitForGcToComplete blocked ProfileSaver on HeapTrim for 7.429ms
11-16 08:57:02.264: I/ActivityManager(1144): Start proc 16111:com.google.android.apps.wellbeing/u0a26 for broadcast com.google.android.apps.wellbeing/.api.launcher.impl.LauncherActionsChangedBroadcastReceiver_Receiver
11-16 08:57:02.270: E/.apps.wellbein(16111): Not starting debugger since process cannot load the jdwp agent.
11-16 08:57:02.289: I/PublicSearchService(10016): Calling beginSession().
11-16 08:57:02.290: W/PublicSearchService(10016): Invalid client config. Failed to begin session.
11-16 08:57:02.290: E/tips-smartspace-binder(16093): PSS session is null
11-16 08:57:02.297: I/.apps.wellbein(16111): The ClassLoaderContext is a special shared library.
11-16 08:57:02.298: I/ActivityManager(1144): Killing 15098:com.google.intelligence.sense/u0a31 (adj 906): empty #17
11-16 08:57:02.299: W/libprocessgroup(1144): kill(-15098, 9) failed: No such process
11-16 08:57:02.316: I/Zygote(731): Process 15098 exited due to signal (9)
11-16 08:57:02.343: W/libprocessgroup(1144): kill(-15098, 9) failed: No such process
11-16 08:57:02.343: I/libprocessgroup(1144): Successfully killed process cgroup uid 10031 pid 15098 in 44ms
11-16 08:57:02.355: I/android.vendin(15448): Waiting for a blocking GC ProfileSaver
11-16 08:57:02.405: I/DynamiteModule(11270): Considering local module com.google.android.gms.googlecertificates:6 and remote module com.google.android.gms.googlecertificates:6
11-16 08:57:02.405: I/DynamiteModule(11270): Selected local version of com.google.android.gms.googlecertificates
11-16 08:57:02.436: I/MultiDex(16111): VM with version 2.1.0 has multidex support
11-16 08:57:02.436: I/MultiDex(16111): install
11-16 08:57:02.436: I/MultiDex(16111): VM has multidex support, MultiDex support library is disabled.
11-16 08:57:02.465: I/android.vendin(15448): WaitForGcToComplete blocked ProfileSaver on AddRemoveAppImageSpace for 109.664ms
11-16 08:57:02.480: W/droid.apps.doc(15590): Verification of void com.google.android.gms.dynamite.DynamiteModule.a(java.lang.ClassLoader) took 145.020ms
11-16 08:57:02.481: W/DynamiteModule(15590): Local module descriptor class for providerinstaller not found.
11-16 08:57:02.485: W/ProviderHelper(10825): Unknown dynamite feature providerinstaller
11-16 08:57:02.506: W/Bugle(15685): SubscriptionMetadataUtils get: invalid subId = -1
11-16 08:57:02.528: W/ProviderInstaller(15590): Failed to load providerinstaller module: No acceptable module found. Local version is 0 and remote version is 0.
11-16 08:57:02.548: W/droid.apps.doc(15590): Unknown chunk type '200'.
11-16 08:57:02.562: I/hiy(16111): SslGuard completed installation.
11-16 08:57:02.601: I/droid.apps.doc(15590): The ClassLoaderContext is a special shared library.
11-16 08:57:02.602: I/chatty(15590): uid=10128(com.google.android.apps.docs) TaskSchedulerLo identical 1 line
11-16 08:57:02.603: I/droid.apps.doc(15590): The ClassLoaderContext is a special shared library.
11-16 08:57:02.613: W/PrimesInit(16111): Primes instant initialization
11-16 08:57:02.614: W/Primes(16111): background initialization
11-16 08:57:02.627: E/akgg(10825): Phenotype API error. Event # btlq@c6ee25aa, EventCode: 5 [CONTEXT service_id=51 ]
11-16 08:57:02.627: E/akgg(10825): akfs: 29501: Stale snapshot (change count changed - expected 3  but was 1)
11-16 08:57:02.627: E/akgg(10825): 	at akgi.b(:com.google.android.gms@213614028@21.36.14 (100400-395708125):14)
11-16 08:57:02.627: E/akgg(10825): 	at akgh.e(:com.google.android.gms@213614028@21.36.14 (100400-395708125):0)
11-16 08:57:02.627: E/akgg(10825): 	at akgg.d(:com.google.android.gms@213614028@21.36.14 (100400-395708125):4)
11-16 08:57:02.627: E/akgg(10825): 	at akgg.f(:com.google.android.gms@213614028@21.36.14 (100400-395708125):2)
11-16 08:57:02.627: E/akgg(10825): 	at xna.run(:com.google.android.gms@213614028@21.36.14 (100400-395708125):17)
11-16 08:57:02.627: E/akgg(10825): 	at bfyg.run(:com.google.android.gms@213614028@21.36.14 (100400-395708125):2)
11-16 08:57:02.627: E/akgg(10825): 	at rgh.c(:com.google.android.gms@213614028@21.36.14 (100400-395708125):6)
11-16 08:57:02.627: E/akgg(10825): 	at rgh.run(:com.google.android.gms@213614028@21.36.14 (100400-395708125):7)
11-16 08:57:02.627: E/akgg(10825): 	at java.util.concurrent.ThreadPoolExecutor.runWorker(ThreadPoolExecutor.java:1167)
11-16 08:57:02.627: E/akgg(10825): 	at java.util.concurrent.ThreadPoolExecutor$Worker.run(ThreadPoolExecutor.java:641)
11-16 08:57:02.627: E/akgg(10825): 	at rkn.run(:com.google.android.gms@213614028@21.36.14 (100400-395708125):0)
11-16 08:57:02.627: E/akgg(10825): 	at java.lang.Thread.run(Thread.java:764)
11-16 08:57:02.627: E/AsyncOperation(10825): operation=CommitToConfigurationOperationCall, opStatusCode=29501 [CONTEXT service_id=51 ]
11-16 08:57:02.627: E/AsyncOperation(10825): OperationException[Status{statusCode=Stale snapshot (change count changed - expected 3  but was 1), resolution=null}]
11-16 08:57:02.627: E/AsyncOperation(10825): 	at akgg.d(:com.google.android.gms@213614028@21.36.14 (100400-395708125):6)
11-16 08:57:02.627: E/AsyncOperation(10825): 	at akgg.f(:com.google.android.gms@213614028@21.36.14 (100400-395708125):2)
11-16 08:57:02.627: E/AsyncOperation(10825): 	at xna.run(:com.google.android.gms@213614028@21.36.14 (100400-395708125):17)
11-16 08:57:02.627: E/AsyncOperation(10825): 	at bfyg.run(:com.google.android.gms@213614028@21.36.14 (100400-395708125):2)
11-16 08:57:02.627: E/AsyncOperation(10825): 	at rgh.c(:com.google.android.gms@213614028@21.36.14 (100400-395708125):6)
11-16 08:57:02.627: E/AsyncOperation(10825): 	at rgh.run(:com.google.android.gms@213614028@21.36.14 (100400-395708125):7)
11-16 08:57:02.627: E/AsyncOperation(10825): 	at java.util.concurrent.ThreadPoolExecutor.runWorker(ThreadPoolExecutor.java:1167)
11-16 08:57:02.627: E/AsyncOperation(10825): 	at java.util.concurrent.ThreadPoolExecutor$Worker.run(ThreadPoolExecutor.java:641)
11-16 08:57:02.627: E/AsyncOperation(10825): 	at rkn.run(:com.google.android.gms@213614028@21.36.14 (100400-395708125):0)
11-16 08:57:02.627: E/AsyncOperation(10825): 	at java.lang.Thread.run(Thread.java:764)
11-16 08:57:02.629: E/MendelPackageState(16111): Failed to commit to config
11-16 08:57:02.629: E/MendelPackageState(16111): fct: 29501: Stale snapshot (change count changed - expected 3  but was 1)
11-16 08:57:02.629: E/MendelPackageState(16111): 	at fhj.a(PG:4)
11-16 08:57:02.629: E/MendelPackageState(16111): 	at fhj.a(PG:1)
11-16 08:57:02.629: E/MendelPackageState(16111): 	at fss.e(PG:6)
11-16 08:57:02.629: E/MendelPackageState(16111): 	at fsx.a(PG:34)
11-16 08:57:02.629: E/MendelPackageState(16111): 	at bdt.onTransact(PG:4)
11-16 08:57:02.629: E/MendelPackageState(16111): 	at android.os.Binder.execTransact(Binder.java:731)
11-16 08:57:02.635: I/PrimesTesting(16111): GserviceFlagsSupplier.get()
11-16 08:57:02.649: V/NativeCrypto(15590): Registering com/google/android/gms/org/conscrypt/NativeCrypto's 294 native methods...
11-16 08:57:02.713: I/t_app_installe(15560): Waiting for a blocking GC ProfileSaver
11-16 08:57:02.720: I/t_app_installe(15560): WaitForGcToComplete blocked ProfileSaver on AddRemoveAppImageSpace for 6.948ms
11-16 08:57:02.770: D/NetworkSecurityConfig(15590): Using Network Security Config from resource network_security_config debugBuild: false
11-16 08:57:02.774: I/ProviderInstaller(15590): Installed default security provider GmsCore_OpenSSL
11-16 08:57:03.030: I/ActivityManager(1144): Killing 14979:com.google.android.gmscore.testing.testsupport/u0a170 (adj 906): empty #17
11-16 08:57:03.030: W/libprocessgroup(1144): kill(-14979, 9) failed: No such process
11-16 08:57:03.041: I/ActivityManager(1144): Start proc 16158:com.google.android.as:nonpersistent/u0a43 for broadcast com.google.android.as/com.google.android.apps.miphone.aiai.allapps.broadcastreceiver.SystemBroadcastReceiver
11-16 08:57:03.041: W/libprocessgroup(1144): kill(-14979, 9) failed: No such process
11-16 08:57:03.043: E/s:nonpersisten(16158): Not starting debugger since process cannot load the jdwp agent.
11-16 08:57:03.046: W/libprocessgroup(1144): kill(-14979, 9) failed: No such process
11-16 08:57:03.050: D/BoundBrokerSvc(13134): onUnbind: Intent { act=com.google.android.gms.testsupport.service.START pkg=com.google.android.gms }
11-16 08:57:03.050: I/Zygote(731): Process 14979 exited due to signal (9)
11-16 08:57:03.056: W/libprocessgroup(1144): kill(-14979, 9) failed: No such process
11-16 08:57:03.056: I/libprocessgroup(1144): Successfully killed process cgroup uid 10170 pid 14979 in 25ms
11-16 08:57:03.111: I/cr_CronetLibraryLoader(16158): Cronet version: 68.0.3430.2, arch: armv8l
11-16 08:57:03.125: I/AiAi(16158): AiAi onCreate, isDebug: false
11-16 08:57:03.132: I/AiAiMatchmaker(16158): Install SilentFeedback Handler: true
11-16 08:57:03.137: I/ActivityManager(1144): Killing 15282:com.android.carrierdefaultapp/u0a84 (adj 906): empty #17
11-16 08:57:03.137: W/libprocessgroup(1144): kill(-15282, 9) failed: No such process
11-16 08:57:03.151: I/ActivityManager(1144): Start proc 16188:com.google.android.calendar/u0a124 for broadcast com.google.android.calendar/com.android.calendar.widget.CalendarAppWidgetProvider
11-16 08:57:03.149: W/libprocessgroup(1144): kill(-15282, 9) failed: No such process
11-16 08:57:03.154: I/Zygote(731): Process 15282 exited due to signal (9)
11-16 08:57:03.159: E/ndroid.calenda(16188): Not starting debugger since process cannot load the jdwp agent.
11-16 08:57:03.182: W/libprocessgroup(1144): kill(-15282, 9) failed: No such process
11-16 08:57:03.182: I/libprocessgroup(1144): Successfully killed process cgroup uid 10084 pid 15282 in 45ms
11-16 08:57:03.184: I/ndroid.calenda(16188): The ClassLoaderContext is a special shared library.
11-16 08:57:03.339: W/.apps.wellbein(16111): Unknown chunk type '200'.
11-16 08:57:03.570: I/ActivityManager(1144): Start proc 16204:com.google.android.configupdater/u0a29 for service com.google.android.configupdater/.MainJobService
11-16 08:57:03.572: E/d.configupdate(16204): Not starting debugger since process cannot load the jdwp agent.
11-16 08:57:03.591: I/d.configupdate(16204): The ClassLoaderContext is a special shared library.
11-16 08:57:03.626: I/ActivityManager(1144): Killing 15304:com.android.cellbroadcastreceiver/u0a62 (adj 906): empty #17
11-16 08:57:03.627: W/libprocessgroup(1144): kill(-15304, 9) failed: No such process
11-16 08:57:03.634: W/libprocessgroup(1144): kill(-15304, 9) failed: No such process
11-16 08:57:03.640: I/Zygote(731): Process 15304 exited due to signal (9)
11-16 08:57:03.645: W/libprocessgroup(1144): kill(-15304, 9) failed: No such process
11-16 08:57:03.645: I/libprocessgroup(1144): Successfully killed process cgroup uid 10062 pid 15304 in 18ms
11-16 08:57:03.753: E/Backup(13134): [BackupTransportMigratorChimeraService] Could not migrate transport!
11-16 08:57:03.755: I/Backup(13134): [BackupTransportMigratorChimeraService] Starting migration...
11-16 08:57:03.838: I/ActivityManager(1144): Start proc 16264:com.android.providers.calendar/u0a44 for content provider com.android.providers.calendar/.CalendarProvider2
11-16 08:57:03.849: E/viders.calenda(16264): Not starting debugger since process cannot load the jdwp agent.
11-16 08:57:03.850: W/Primes(16188): Primes not initialized, returning default (no-op) Primes instance which will ignore all calls. Please call Primes.initialize(...) before using any Primes API.
11-16 08:57:03.910: I/CalendarProvider2(16264): Created com.android.providers.calendar.CalendarAlarmManager@8d46d35(com.android.providers.calendar.CalendarProvider2@7b6d5ca)
11-16 08:57:03.970: I/ActivityManager(1144): Start proc 16299:com.google.android.contacts/u0a90 for broadcast com.google.android.contacts/com.google.android.apps.contacts.receiver.LocaleChangeReceiver
11-16 08:57:03.972: E/ndroid.contact(16299): Not starting debugger since process cannot load the jdwp agent.
11-16 08:57:03.992: I/ndroid.contact(16299): The ClassLoaderContext is a special shared library.
11-16 08:57:04.051: W/GrowthKit(16188): Failed to get phenotypeManager in PhenotypeBroadcastReceiver
11-16 08:57:04.051: W/GrowthKit(16188): java.lang.NullPointerException: Unable to get GrowthKit Component from host app.
11-16 08:57:04.051: W/GrowthKit(16188): 	at com.google.android.libraries.internal.growth.growthkit.inject.GrowthKit.get(GrowthKit.java:43)
11-16 08:57:04.051: W/GrowthKit(16188): 	at com.google.android.libraries.internal.growth.growthkit.internal.experiments.impl.PhenotypeBroadcastReceiver.onReceive(PhenotypeBroadcastReceiver.java:25)
11-16 08:57:04.051: W/GrowthKit(16188): 	at android.app.ActivityThread.handleReceiver(ActivityThread.java:3417)
11-16 08:57:04.051: W/GrowthKit(16188): 	at android.app.ActivityThread.access$1200(ActivityThread.java:200)
11-16 08:57:04.051: W/GrowthKit(16188): 	at android.app.ActivityThread$H.handleMessage(ActivityThread.java:1667)
11-16 08:57:04.051: W/GrowthKit(16188): 	at android.os.Handler.dispatchMessage(Handler.java:106)
11-16 08:57:04.051: W/GrowthKit(16188): 	at android.os.Looper.loop(Looper.java:193)
11-16 08:57:04.051: W/GrowthKit(16188): 	at android.app.ActivityThread.main(ActivityThread.java:6718)
11-16 08:57:04.051: W/GrowthKit(16188): 	at java.lang.reflect.Method.invoke(Native Method)
11-16 08:57:04.051: W/GrowthKit(16188): 	at com.android.internal.os.RuntimeInit$MethodAndArgsCaller.run(RuntimeInit.java:493)
11-16 08:57:04.051: W/GrowthKit(16188): 	at com.android.internal.os.ZygoteInit.main(ZygoteInit.java:858)
11-16 08:57:04.052: I/ActivityManager(1144): Killing 15324:com.android.chrome/u0a107 (adj 906): empty #17
11-16 08:57:04.053: W/libprocessgroup(1144): kill(-15324, 9) failed: No such process
11-16 08:57:04.058: W/libprocessgroup(1144): kill(-15324, 9) failed: No such process
11-16 08:57:04.093: I/Zygote(732): Process 15324 exited due to signal (9)
11-16 08:57:04.099: I/a.x.s.s.a.AndroidDataba(16188): Obtained writable database SQLiteDatabase/246213824 instance with path /data/user/0/com.google.android.calendar/databases/cal_v2a
11-16 08:57:04.102: W/libprocessgroup(1144): kill(-15324, 9) failed: No such process
11-16 08:57:04.102: I/libprocessgroup(1144): Successfully killed process cgroup uid 10107 pid 15324 in 49ms
11-16 08:57:04.107: I/a.x.s.s.MigrationRunner(16188): Table xplat_schema_version not found. Falling back to no version.
11-16 08:57:04.120: I/a.x.s.s.MigrationRunner(16188): The schema version is 13, the database version is 0, and there are 18 migrations
11-16 08:57:04.134: I/a.x.s.s.SqliteMigration(16188): SqlDropAllTablesMigration is dropping tables in this order: []
11-16 08:57:04.243: W/PrimesInit(16299): Primes instant initialization
11-16 08:57:04.244: W/Primes(16299): background initialization
11-16 08:57:04.249: I/ActivityManager(1144): Killing 15430:com.android.sdm.plugins.sprintdm/1001 (adj 906): empty #17
11-16 08:57:04.250: W/libprocessgroup(1144): kill(-15430, 9) failed: No such process
11-16 08:57:04.256: D/ActivityManager(1144): Raise procstate to external provider: ProcessRecord{38a3437 15405:android.process.acore/u0a42}
11-16 08:57:04.257: W/Binder(1144): Outgoing transactions from this process must be FLAG_ONEWAY
11-16 08:57:04.257: W/Binder(1144): java.lang.Throwable
11-16 08:57:04.257: W/Binder(1144): 	at android.os.BinderProxy.transact(Binder.java:1116)
11-16 08:57:04.257: W/Binder(1144): 	at android.content.ContentProviderProxy.getType(ContentProviderNative.java:451)
11-16 08:57:04.257: W/Binder(1144): 	at com.android.server.am.ActivityManagerService.getProviderMimeType(ActivityManagerService.java:13091)
11-16 08:57:04.257: W/Binder(1144): 	at android.app.IActivityManager$Stub.onTransact(IActivityManager.java:1417)
11-16 08:57:04.257: W/Binder(1144): 	at com.android.server.am.ActivityManagerService.onTransact(ActivityManagerService.java:3297)
11-16 08:57:04.257: W/Binder(1144): 	at android.os.Binder.execTransact(Binder.java:731)
11-16 08:57:04.267: I/Zygote(731): Process 15430 exited due to signal (9)
11-16 08:57:04.268: I/ActivityManager(1144): Start proc 16347:com.google.android.deskclock/u0a119 for broadcast com.google.android.deskclock/com.android.deskclock.AlarmInitReceiver
11-16 08:57:04.273: E/droid.deskcloc(16347): Not starting debugger since process cannot load the jdwp agent.
11-16 08:57:04.287: I/droid.deskcloc(16347): The ClassLoaderContext is a special shared library.
11-16 08:57:04.292: W/libprocessgroup(1144): kill(-15430, 9) failed: No such process
11-16 08:57:04.292: I/libprocessgroup(1144): Successfully killed process cgroup uid 1001 pid 15430 in 42ms
11-16 08:57:04.382: W/PrimesInit(16347): Primes instant initialization
11-16 08:57:04.382: W/Primes(16347): background initialization
11-16 08:57:04.391: I/GAv4(16347): Google Analytics 18.5.89 is starting up. To enable debug logging on a device run:
11-16 08:57:04.391: I/GAv4(16347):   adb shell setprop log.tag.GAv4 DEBUG
11-16 08:57:04.391: I/GAv4(16347):   adb logcat -s GAv4
11-16 08:57:04.403: I/FontLog(10825): Received query Google Sans:500, URI content://com.google.android.gms.fonts [CONTEXT service_id=132 ]
11-16 08:57:04.406: I/FontLog(10825): Query [Google Sans:500] resolved to {Google Sans, wdth 100.0, wght 500, ital 0.0, bestEffort false} [CONTEXT service_id=132 ]
11-16 08:57:04.408: I/FontLog(10825): Font PFD returned from cache for {Google Sans, wdth 100.0, wght 500, ital 0.0, bestEffort false} [CONTEXT service_id=132 ]
11-16 08:57:04.408: I/FontLog(10825): Fetch {Google Sans, wdth 100.0, wght 500, ital 0.0, bestEffort false} end status Status{statusCode=SUCCESS, resolution=null} [CONTEXT service_id=132 ]
11-16 08:57:04.411: I/FontLog(10825): Pulling font file for id = 10, cache size = 7 [CONTEXT service_id=132 ]
11-16 08:57:04.417: W/GAv4(16347): AnalyticsReceiver is not registered or is disabled. Register the receiver for reliable dispatching on non-Google Play devices. See http://goo.gl/8Rd3yj for instructions.
11-16 08:57:04.420: I/PrimesTesting(16347): GserviceFlagsSupplier.get()
11-16 08:57:04.421: W/GAv4(16347): CampaignTrackingReceiver is not registered, not exported or is disabled. Installation campaign tracking is not possible. See http://goo.gl/8Rd3yj for instructions.
11-16 08:57:04.422: W/GAv4(16347): AnalyticsService not registered in the app manifest. Hits might not be delivered reliably. See http://goo.gl/8Rd3yj for instructions.
11-16 08:57:04.422: I/FontLog(10825): Received query Google Sans, URI content://com.google.android.gms.fonts [CONTEXT service_id=132 ]
11-16 08:57:04.423: I/FontLog(10825): Query [Google Sans] resolved to {Google Sans, wdth 100.0, wght 400, ital 0.0, bestEffort false} [CONTEXT service_id=132 ]
11-16 08:57:04.425: I/FontLog(10825): Font PFD returned from cache for {Google Sans, wdth 100.0, wght 400, ital 0.0, bestEffort false} [CONTEXT service_id=132 ]
11-16 08:57:04.425: I/FontLog(10825): Fetch {Google Sans, wdth 100.0, wght 400, ital 0.0, bestEffort false} end status Status{statusCode=SUCCESS, resolution=null} [CONTEXT service_id=132 ]
11-16 08:57:04.430: I/FontLog(10825): Pulling font file for id = 11, cache size = 6 [CONTEXT service_id=132 ]
11-16 08:57:04.436: I/AlarmClock(16347): AlarmInitReceiver android.intent.action.LOCALE_CHANGED
11-16 08:57:04.453: I/AlarmClock(16347): DigitalAppWidgetProvider processing Intent { act=android.intent.action.LOCALE_CHANGED flg=0x11200010 cmp=com.google.android.deskclock/com.android.alarmclock.DigitalAppWidgetProvider }
11-16 08:57:04.464: I/ActivityManager(1144): Killing 15560:com.android.vending:instant_app_installer/u0a14 (adj 906): empty #17
11-16 08:57:04.465: W/libprocessgroup(1144): kill(-15560, 9) failed: No such process
11-16 08:57:04.475: I/ActivityManager(1144): Start proc 16387:com.google.android.dialer/u0a64 for broadcast com.google.android.dialer/com.android.dialer.notification.channel.NotificationChannelUpdateReceiver
11-16 08:57:04.477: E/.android.diale(16387): Not starting debugger since process cannot load the jdwp agent.
11-16 08:57:04.488: I/Zygote(732): Process 15560 exited due to signal (9)
11-16 08:57:04.492: I/PrimesTesting(16299): GserviceFlagsSupplier.get()
11-16 08:57:04.494: I/.android.diale(16387): The ClassLoaderContext is a special shared library.
11-16 08:57:04.495: W/libprocessgroup(1144): kill(-15560, 9) failed: No such process
11-16 08:57:04.495: I/.android.diale(16387): The ClassLoaderContext is a special shared library.
11-16 08:57:04.495: I/libprocessgroup(1144): Successfully killed process cgroup uid 10014 pid 15560 in 30ms
11-16 08:57:04.726: I/Dialer(16387): DuoModule.provideDuo - enabled, returning impl
11-16 08:57:04.798: D/BoundBrokerSvc(13134): onBind: Intent { act=com.google.android.gms.telephonyspam.service.START pkg=com.google.android.gms }
11-16 08:57:04.798: D/BoundBrokerSvc(13134): Loading bound service for intent: Intent { act=com.google.android.gms.telephonyspam.service.START pkg=com.google.android.gms }
11-16 08:57:04.811: D/BoundBrokerSvc(13134): onBind: Intent { act=com.google.android.gms.auth.service.START pkg=com.google.android.gms }
11-16 08:57:04.811: D/BoundBrokerSvc(13134): Loading bound service for intent: Intent { act=com.google.android.gms.auth.service.START pkg=com.google.android.gms }
11-16 08:57:04.851: I/Dialer(16387): ClearcutMetricsInitializer.initialize - enter
11-16 08:57:04.858: W/PrimesInit(16387): Primes instant initialization
11-16 08:57:04.859: I/Dialer(16387): ClearcutMetricsInitializer.initialize - primes metrics monitoring started!
11-16 08:57:04.859: W/Primes(16387): background initialization
11-16 08:57:04.859: I/Dialer(16387): PrimesMetrics.startTimer - Application.onCreate is empty
11-16 08:57:04.877: I/PrimesTesting(16387): GserviceFlagsSupplier.get()
11-16 08:57:04.893: I/Dialer(16387): DialerExecutorModule.newThread - creating low priority thread
11-16 08:57:04.894: I/Dialer(16387): DialerExecutorModule.newThread - creating low priority thread
11-16 08:57:04.898: I/Dialer(16387): DialerExecutorModule.newThread - creating low priority thread
11-16 08:57:04.908: I/Dialer(16387): CallLogConfigImpl.schedulePollingJob - scheduling
11-16 08:57:04.920: I/Dialer(16387): NonUiTaskBuilder.newThread - creating serial thread
11-16 08:57:04.922: I/Dialer(16387): DialerExecutorModule.newThread - creating low priority thread
11-16 08:57:04.925: I/Dialer(16387): ShortcutsJobScheduler.scheduleAllJobs - enter
11-16 08:57:04.928: I/Dialer(16387): ShortcutsJobScheduler.scheduleAllJobs - enabling shortcuts
11-16 08:57:04.929: I/Dialer(16387): PeriodicJobService.schedulePeriodicJob - enter
11-16 08:57:04.929: I/Dialer(16387): PeriodicJobService.schedulePeriodicJob - job already scheduled.
11-16 08:57:04.948: I/Dialer(16387): NotificationChannelUpdateReceiver.onReceive - updateChannels
11-16 08:57:04.998: I/LocaleChangeIO(10825): No action required after switch to en [CONTEXT service_id=231 ]
11-16 08:57:05.008: I/LanguageSettingsHelper(10016): Removing enrollment utterances : Locale changed
11-16 08:57:05.008: E/UtteranceHandler(10016): Called deleteEnrollmentUtterances for null account
11-16 08:57:05.033: I/ActivityManager(1144): Killing 15590:com.google.android.apps.docs/u0a128 (adj 906): empty #17
11-16 08:57:05.034: W/libprocessgroup(1144): kill(-15590, 9) failed: No such process
11-16 08:57:05.037: I/NearbyDiscovery(10825): DiscoveryService created [CONTEXT service_id=49 ]
11-16 08:57:05.043: I/OpaEligibilityChecker(10016): send OpaEligibilityChange broadcast to CommonBroadcastReceiver
11-16 08:57:05.044: I/OpaEnabledReceiver(3639): Dispatching OPA eligble = true; AGSA = true; OPA enabled = true
11-16 08:57:05.044: I/OpaLayout(3639): Setting opa enabled to true
11-16 08:57:05.045: I/OpaLayout(3639): Setting opa enabled to true
11-16 08:57:05.051: I/OpaEnabledReceiver(3639): Dispatching OPA eligble = true; AGSA = true; OPA enabled = true
11-16 08:57:05.051: I/OpaLayout(3639): Setting opa enabled to true
11-16 08:57:05.051: I/OpaLayout(3639): Setting opa enabled to true
11-16 08:57:05.052: I/DefaultSticker(3628): Received android.intent.action.LOCALE_CHANGED broadcast from null
11-16 08:57:05.058: I/HotwordHelper(10016): hasHotwordEverywhere-false
11-16 08:57:05.060: I/BgTaskExecutorImpl(10016): Starting EXCLUSIVE background task UPDATE_HOTWORD_MODELS.
11-16 08:57:05.060: I/BgTaskExecutorImpl(10016): Starting EXCLUSIVE background task SEND_GSA_HOME_REQUEST.
11-16 08:57:05.060: W/KeyphraseEnrollmentInfo(4120): No enrollment application supports the given keyphrase/locale: 'Ok Google'/en
11-16 08:57:05.060: I/GsaVoiceInteractionSrv(4120): Creating AOHD: Keyphrase - Ok Google, Locale - en/en-GB
11-16 08:57:05.061: W/SearchServiceCore(10016): Abort, client detached.
11-16 08:57:05.061: W/SoundTriggerHelper(1144): Attempting stopRecognition without a successful startRecognition
11-16 08:57:05.061: W/AlwaysOnHotwordDetector(4120): stopRecognition() failed with error code -2147483648
11-16 08:57:05.062: W/AlwaysOnHotwordDetector(4120): Received message: 1 for an invalid detector
11-16 08:57:05.062: I/FirebaseJobDispatcher(3628): Schedule task: DefaultStickerUpdate. Success.
