11-16 08:57:23.117: E/llment.okgoogl(17477): Not starting debugger since process cannot load the jdwp agent.
11-16 08:57:23.142: I/MultiDex(17460): VM with version 2.1.0 has multidex support
11-16 08:57:23.142: I/MultiDex(17460): install
11-16 08:57:23.142: I/MultiDex(17460): VM has multidex support, MultiDex support library is disabled.
11-16 08:57:23.148: E/libc(17477): Access denied finding property "vendor.debug.egl.profiler"
11-16 08:57:23.144: W/com.android.hotwordenrollment.okgoogle(17477): type=1400 audit(0.0:244): avc: denied { read } for comm=45474C20496E6974 name="u:object_r:vendor_default_prop:s0" dev="tmpfs" ino=19771 scontext=u:r:priv_app:s0:c512,c768 tcontext=u:object_r:vendor_default_prop:s0 tclass=file permissive=0
11-16 08:57:23.160: I/EnrollmentActivity(17477): Started by non-activity for action: 0, keyphrase: Ok Google, locale: en-GB
11-16 08:57:23.161: D/OpenGLRenderer(17477): Skia GL Pipeline
11-16 08:57:23.167: D/BoundBrokerSvc(13816): onBind: Intent { act=com.google.android.gms.findmydevice.spot.service.locationreport.START cmp=com.google.android.gms/.chimera.GmsApiService }
11-16 08:57:23.167: D/BoundBrokerSvc(13816): Loading bound service for intent: Intent { act=com.google.android.gms.findmydevice.spot.service.locationreport.START cmp=com.google.android.gms/.chimera.GmsApiService }
11-16 08:57:23.172: I/Dialer(17381): SystemCallLogDataSource.handleInsertsAndUpdatesInternal - no results for REGULAR_CALL
11-16 08:57:23.172: I/Dialer(17381): SystemCallLogDataSource.handleInsertsAndUpdatesInternal - no results for CALL_IN_DIRECT_BOOT_MODE
11-16 08:57:23.175: I/Dialer(17381): SystemCallLogDataSource.handleDeletes - found 0 call log entries to remove
11-16 08:57:23.181: I/Adreno(17477): QUALCOMM build                   : 3f88ca2, I42f6fe38fb
11-16 08:57:23.181: I/Adreno(17477): Build Date                       : 07/13/18
11-16 08:57:23.181: I/Adreno(17477): OpenGL ES Shader Compiler Version: EV031.24.00.00
11-16 08:57:23.181: I/Adreno(17477): Local Branch                     : 50.04
11-16 08:57:23.181: I/Adreno(17477): Remote Branch                    : 
11-16 08:57:23.181: I/Adreno(17477): Remote Branch                    : 
11-16 08:57:23.181: I/Adreno(17477): Reconstruct Branch               : 
11-16 08:57:23.181: I/Adreno(17477): Build Config                     : S P 4.0.10 AArch64
11-16 08:57:23.183: D/MusicLifecycle(17460): com.google.android.music.store.ConfigContentProvider generated event: Content provider created
11-16 08:57:23.183: E/libc(17477): Access denied finding property "ro.vendor.graphics.memory"
11-16 08:57:23.181: W/RenderThread(17477): type=1400 audit(0.0:245): avc: denied { read } for name="u:object_r:vendor_default_prop:s0" dev="tmpfs" ino=19771 scontext=u:r:priv_app:s0:c512,c768 tcontext=u:object_r:vendor_default_prop:s0 tclass=file permissive=0
11-16 08:57:23.184: I/GoogleInputMethod(3639): onFinishInput() : Dummy InputConnection bound
11-16 08:57:23.184: I/GoogleInputMethod(3639): onStartInput() : Dummy InputConnection bound
11-16 08:57:23.185: I/Adreno(17477): PFP: 0x016ee170, ME: 0x00000000
11-16 08:57:23.189: I/ConfigStore(17477): android::hardware::configstore::V1_0::ISurfaceFlingerConfigs::hasWideColorDisplay retrieved: 1
11-16 08:57:23.189: I/ConfigStore(17477): android::hardware::configstore::V1_0::ISurfaceFlingerConfigs::hasHDRDisplay retrieved: 1
11-16 08:57:23.189: W/SoundTriggerHelper(1161): Attempting stopRecognition without a successful startRecognition
11-16 08:57:23.189: W/AlwaysOnHotwordDetector(4121): stopRecognition() failed with error code -2147483648
11-16 08:57:23.189: I/OpenGLRenderer(17477): Initialized EGL, version 1.4
11-16 08:57:23.189: D/OpenGLRenderer(17477): Swap behavior 2
11-16 08:57:23.191: D/MusicLifecycle(17460): com.google.android.music.api.MusicPublicContentProvider generated event: Content provider created
11-16 08:57:23.195: I/GsaVoiceInteractionSrv(4121): Not starting recognition
11-16 08:57:23.195: I/PeopleDatabaseHelper(13816): Updating DB locale: en_US -> en
11-16 08:57:23.194: W/RenderThread(17477): type=1400 audit(0.0:246): avc: denied { read } for name="u:object_r:vendor_default_prop:s0" dev="tmpfs" ino=19771 scontext=u:r:priv_app:s0:c512,c768 tcontext=u:object_r:vendor_default_prop:s0 tclass=file permissive=0
11-16 08:57:23.198: E/libc(17477): Access denied finding property "vendor.gralloc.enable_ahardware_buffer"
11-16 08:57:23.202: D/MusicLifecycle(17460): com.google.android.music.store.MusicContentProvider generated event: Content provider created
11-16 08:57:23.203: I/akia(11018): Removed 0 invalid users [CONTEXT service_id=51 ]
11-16 08:57:23.203: I/EnrollmentActivity(17477): Enroll keyphrase Ok Googleoperation succeeded for en-GB
11-16 08:57:23.213: D/SurfaceFlinger(641): duplicate layer name: changing Surface(name=ecf9f7c StatusBar)/@0x3d3c6c2 - animation-leash to Surface(name=ecf9f7c StatusBar)/@0x3d3c6c2 - animation-leash#1
11-16 08:57:23.218: I/Dialer(17381): SystemBlockedNumberPhoneLookup.getMostRecentPhoneLookupInfo - enter
11-16 08:57:23.221: I/HotwordHelper(10033): hasHotwordEverywhere-false
11-16 08:57:23.223: D/MusicLifecycle(17460): com.google.android.music.ui.PhoneMusicApplication generated event: Application created
11-16 08:57:23.223: I/GoogleInputMethod(3639): onFinishInput() : Dummy InputConnection bound
11-16 08:57:23.223: I/GoogleInputMethod(3639): onStartInput() : Dummy InputConnection bound
11-16 08:57:23.227: W/SessionLifecycleManager(10033): Client : AttachedClient[44127237727275506, ClientConfig[mFlags=[default, headless, launch_external_voice_search_ui, support_transparent_background, legacy_leave_behind_dirty_session_fixme] mSuggestFlags=[0] mClientId=HOTWORD_SERVICE mSessionType=search]] has no associated SessionController
11-16 08:57:23.227: W/SearchServiceCore(10033): Abort, client detached.
11-16 08:57:23.227: I/chatty(10033): uid=10047 com.google.android.googlequicksearchbox:search identical 1 line
11-16 08:57:23.227: W/SearchServiceCore(10033): Abort, client detached.
11-16 08:57:23.227: I/BackdropActivity(16403): onResume()
11-16 08:57:23.228: I/ActivityManager(1161): Displayed com.android.hotwordenrollment.okgoogle/.EnrollmentActivity: +139ms
11-16 08:57:23.245: I/ActivityManager(1161): Activity requesting to dismiss Keyguard: ActivityRecord{f4cf5b3 u0 com.google.android.apps.mtaas.backdrop/.BackdropActivity t4}
11-16 08:57:23.250: W/SurfaceFlinger(641): Attempting to set client state on removed layer: com.android.hotwordenrollment.okgoogle/com.android.hotwordenrollment.okgoogle.EnrollmentActivity#0
11-16 08:57:23.250: W/SurfaceFlinger(641): Attempting to destroy on removed layer: com.android.hotwordenrollment.okgoogle/com.android.hotwordenrollment.okgoogle.EnrollmentActivity#0
11-16 08:57:23.252: D/android.hardware.power@1.3-service.crosshatch-libperfmgr(776): LAUNCH OFF
11-16 08:57:23.256: W/SurfaceFlinger(641): Attempting to destroy on removed layer: AppWindowToken{7a5ed26 token=Token{ee6bc68 ActivityRecord{54fd55a u0 com.android.hotwordenrollment.okgoogle/.EnrollmentActivity t5}}}#0
11-16 08:57:23.261: W/RenderThread(1161): type=1400 audit(0.0:247): avc: denied { read } for name="u:object_r:vendor_default_prop:s0" dev="tmpfs" ino=19771 scontext=u:r:system_server:s0 tcontext=u:object_r:vendor_default_prop:s0 tclass=file permissive=0
11-16 08:57:23.263: E/libc(1161): Access denied finding property "vendor.debug.egl.profiler"
11-16 08:57:23.264: E/libc(1161): Access denied finding property "vendor.debug.prerotation.disable"
11-16 08:57:23.264: I/Adreno(1161): QUALCOMM build                   : 3f88ca2, I42f6fe38fb
11-16 08:57:23.264: I/Adreno(1161): Build Date                       : 07/13/18
11-16 08:57:23.264: I/Adreno(1161): OpenGL ES Shader Compiler Version: EV031.24.00.00
11-16 08:57:23.264: I/Adreno(1161): Local Branch                     : 50.04
11-16 08:57:23.264: I/Adreno(1161): Remote Branch                    : 
11-16 08:57:23.264: I/Adreno(1161): Remote Branch                    : 
11-16 08:57:23.264: I/Adreno(1161): Reconstruct Branch               : 
11-16 08:57:23.264: I/Adreno(1161): Build Config                     : S P 4.0.10 AArch64
11-16 08:57:23.267: E/libc(1161): Access denied finding property "vendor.debug.prerotation.disable"
11-16 08:57:23.269: E/libc(1161): Access denied finding property "vendor.debug.prerotation.disable"
11-16 08:57:23.270: I/Adreno(1161): PFP: 0x016ee170, ME: 0x00000000
11-16 08:57:23.270: E/libc(1161): Access denied finding property "vendor.debug.prerotation.disable"
11-16 08:57:23.274: I/ConfigStore(1161): android::hardware::configstore::V1_0::ISurfaceFlingerConfigs::hasWideColorDisplay retrieved: 1
11-16 08:57:23.274: I/ConfigStore(1161): android::hardware::configstore::V1_0::ISurfaceFlingerConfigs::hasHDRDisplay retrieved: 1
11-16 08:57:23.275: I/OpenGLRenderer(1161): Initialized EGL, version 1.4
11-16 08:57:23.275: D/OpenGLRenderer(1161): Swap behavior 2
11-16 08:57:23.276: I/PeopleSearchIndexManage(13816): Marking for index update.
11-16 08:57:23.279: D/MusicLifecycle(17460): com.google.android.music.store.ConfigContentProvider generated event: initializing
11-16 08:57:23.281: I/BaseStore(17460): ConfigStore database version: 1
11-16 08:57:23.288: I/PeopleDatabaseHelper(13816): cleanUpNonGplusAccounts done.
11-16 08:57:23.290: I/PeopleSearchIndexManage(13816): Index version changed from 0
11-16 08:57:23.297: I/PeopleSearchIndexManage(13816): Rebuilding index...
11-16 08:57:23.309: W/roid.music:mai(17460): Unknown chunk type '200'.
11-16 08:57:23.315: I/roid.music:mai(17460): The ClassLoaderContext is a special shared library.
11-16 08:57:23.316: I/chatty(17460): uid=10075 com.google.android.music:main identical 1 line
11-16 08:57:23.318: I/roid.music:mai(17460): The ClassLoaderContext is a special shared library.
11-16 08:57:23.330: I/PeopleASM(13816): Rebuilding autocomplete index...
11-16 08:57:23.345: V/NativeCrypto(17460): Registering com/google/android/gms/org/conscrypt/NativeCrypto's 294 native methods...
11-16 08:57:23.349: I/NearbyDiscovery(11018): Show notifications: 0 total, no changes since last shown, no-op. [CONTEXT service_id=49 ]
11-16 08:57:23.350: I/PeopleSearchIndexManage(13816): Rebuilding index done.
11-16 08:57:23.363: D/NetworkSecurityConfig(17460): No Network Security Config specified, using platform default
11-16 08:57:23.364: I/ProviderInstaller(17460): Installed default security provider GmsCore_OpenSSL
11-16 08:57:23.364: D/AndroidMusic(17460): GMSCore installation verified
11-16 08:57:23.431: I/Icing(13816): IndexChimeraService.getServiceInterface callingPackage=com.google.android.gms componentName=AppsCorpus serviceId=32
11-16 08:57:23.442: I/MusicExperimentManager(17460): Received config change, experiments list is null
11-16 08:57:23.442: W/MusicExperimentManager(17460): Parsing error while updating analysis experiments
11-16 08:57:23.456: I/Wear_Controller(11018): Wearable module requires a companion app to be installed.
11-16 08:57:23.456: I/WearableService(11018): onCreate: Wearable Services not starting. Wear is not available on this device.
11-16 08:57:23.458: I/Icing(13816): Query from package: com.google.android.gms, component: AppsCorpus, restrict package: com.google.android.gms, start: 0, num: 100
11-16 08:57:23.460: W/Icing(13816): No valid account for uploading user actions
11-16 08:57:23.462: I/TopChartsIcing(17460): Starting 'com.google.android.music.sync.google.MusicGcmTaskService
11-16 08:57:23.468: I/BaseStore(17460): Store database version: 146
11-16 08:57:23.497: W/Nearby(11018): Bind call too late - someone already tried to get: interface bopq [CONTEXT service_id=49 ]
11-16 08:57:23.502: I/PlaybackClient(17460): init: Initializing
11-16 08:57:23.502: I/Icing(13816): Usage reports ok 1, Failed Usage reports 0, indexed 0, rejected 0
11-16 08:57:23.514: I/NearbyMessages(11018): OfflineCache: old scanner cache is not enabled [CONTEXT service_id=62 ]
11-16 08:57:23.522: D/ConnectivityService(1161): Returning BLOCKED NetworkInfo to uid=10075
11-16 08:57:23.562: W/WearableService(11018): onGetService: Wear is not available on this device.
11-16 08:57:23.569: D/MusicLifecycle(17460): com.google.android.music.notifications.NotificationChannelInitializationBroadcastReceiver generated event: Broadcast received with context android.app.ReceiverRestrictedContext@100d0de and intent Intent { act=android.intent.action.LOCALE_CHANGED flg=0x11200010 cmp=com.google.android.music/.notifications.NotificationChannelInitializationBroadcastReceiver }
11-16 08:57:23.573: D/MusicLifecycle(17460): com.google.android.music.net.NetworkConnectivityMonitor$NetworkChangedReceiver generated event: Broadcast received with context com.google.android.music.ui.PhoneMusicApplication@c18615f and intent Intent { act=android.net.conn.CONNECTIVITY_CHANGE flg=0x4200010 (has extras) }
11-16 08:57:23.574: I/NetworkConnectivity(17460): Network state changed: [type: WIFI[], state: DISCONNECTED/BLOCKED, reason: (unspecified), extra: (none), failover: false, available: true, roaming: false]
11-16 08:57:23.581: D/MusicLifecycle(17460): com.google.android.music.download.EncapsulatedBroadcastReceiver$1 generated event: Broadcast received with context com.google.android.music.ui.PhoneMusicApplication@c18615f and intent Intent { act=com.google.android.music.ResumeStorageMigration flg=0x10 (has extras) }
11-16 08:57:23.583: D/MusicLifecycle(17460): com.google.android.music.download.artwork.ArtDownloadService generated event: Service created
11-16 08:57:23.584: I/NearbyDiscovery(11018): FastPairScanner2: isScreenOn=true, scanWithScreenOff=false, isLocationEnabled=true, disableLocationRequirement=false, isDiscoveryScanningEnabled=true [CONTEXT service_id=49 ]
11-16 08:57:23.590: I/ActivityManager(1161): Start proc 17541:com.google.android.youtube/u0a80 for broadcast com.google.android.youtube/com.google.android.apps.youtube.app.application.system.LocaleUpdatedReceiver
11-16 08:57:23.598: D/BluetoothAdapter(11018): isLeEnabled(): OFF
11-16 08:57:23.598: D/AndroidRuntime(17522): >>>>>> START com.android.internal.os.RuntimeInit uid 2000 <<<<<<
11-16 08:57:23.599: I/NearbyDiscovery(11018): FastPairScanner2: eventType=SERVICE_INITIALIZE, intReq=false, scanning=false, scanAllowed=true, bleEnabled=false, bleScanAvailable=false, lockScanRate=false [CONTEXT service_id=49 ]
11-16 08:57:23.600: E/android.youtub(17541): Not starting debugger since process cannot load the jdwp agent.
11-16 08:57:23.599: I/NearbyDiscovery(11018): FastPairScanner2: register location ble observer [CONTEXT service_id=49 ]
11-16 08:57:23.603: I/NearbyDiscovery(11018): FastPairScanner2: BLE not available, eventType=SERVICE_INITIALIZE [CONTEXT service_id=49 ]
11-16 08:57:23.607: I/NearbyDiscovery(11018): FastPair: HeadsetPieceImage, grant permission files:0 [CONTEXT service_id=49 ]
11-16 08:57:23.607: I/NearbyDiscovery(11018): FastPairEventStream: Initialize event stream [CONTEXT service_id=49 ]
11-16 08:57:23.608: W/AdvertisingIdClient(17460): Error while reading from SharedPreferences 
11-16 08:57:23.608: W/AdvertisingIdClient(17460): java.lang.SecurityException: MODE_WORLD_READABLE no longer supported
11-16 08:57:23.608: W/AdvertisingIdClient(17460): 	at android.app.ContextImpl.checkMode(ContextImpl.java:2495)
11-16 08:57:23.608: W/AdvertisingIdClient(17460): 	at android.app.ContextImpl.getSharedPreferences(ContextImpl.java:414)
11-16 08:57:23.608: W/AdvertisingIdClient(17460): 	at android.app.ContextImpl.getSharedPreferences(ContextImpl.java:404)
11-16 08:57:23.608: W/AdvertisingIdClient(17460): 	at com.google.android.gms.ads.identifier.AdvertisingIdClient.getAdvertisingIdInfo(Unknown Source:12)
11-16 08:57:23.608: W/AdvertisingIdClient(17460): 	at com.google.android.music.preferences.MusicPreferences.getAdvertisingIdInfo(MusicPreferences.java:2476)
11-16 08:57:23.608: W/AdvertisingIdClient(17460): 	at com.google.android.music.preferences.MusicPreferences.access$1000(MusicPreferences.java:83)
11-16 08:57:23.608: W/AdvertisingIdClient(17460): 	at com.google.android.music.preferences.MusicPreferences$7.run(MusicPreferences.java:2457)
11-16 08:57:23.608: W/AdvertisingIdClient(17460): 	at com.google.android.music.utils.async.TraceableRunnable.runLogged(TraceableRunnable.java:21)
11-16 08:57:23.608: W/AdvertisingIdClient(17460): 	at com.google.android.music.utils.async.LoggedRunnable.run(LoggedRunnable.java:30)
11-16 08:57:23.608: W/AdvertisingIdClient(17460): 	at android.os.Handler.handleCallback(Handler.java:873)
11-16 08:57:23.608: W/AdvertisingIdClient(17460): 	at android.os.Handler.dispatchMessage(Handler.java:99)
11-16 08:57:23.608: W/AdvertisingIdClient(17460): 	at com.google.android.music.utils.LoggableHandler.dispatchMessage(LoggableHandler.java:74)
11-16 08:57:23.608: W/AdvertisingIdClient(17460): 	at android.os.Looper.loop(Looper.java:193)
11-16 08:57:23.608: W/AdvertisingIdClient(17460): 	at android.os.HandlerThread.run(HandlerThread.java:65)
11-16 08:57:23.613: I/NearbyDiscovery(11018): Show notifications: 0 total, no changes since last shown, no-op. [CONTEXT service_id=49 ]
11-16 08:57:23.615: I/NearbyDiscovery(11018): FastPairHandler: Received action android.net.wifi.STATE_CHANGE [CONTEXT service_id=49 ]
11-16 08:57:23.617: I/NearbyDiscovery(11018): FastPairHandler: Received action android.net.conn.CONNECTIVITY_CHANGE [CONTEXT service_id=49 ]
11-16 08:57:23.622: I/android.youtub(17541): The ClassLoaderContext is a special shared library.
11-16 08:57:23.627: I/ActivityManager(1161): Killing 16517:com.google.android.apps.docs/u0a128 (adj 906): empty #17
11-16 08:57:23.628: W/libprocessgroup(1161): kill(-16517, 9) failed: No such process
11-16 08:57:23.638: D/MusicLifecycle(17460): com.google.android.music.download.EncapsulatedBroadcastReceiver$1 generated event: Broadcast received with context com.google.android.music.ui.PhoneMusicApplication@c18615f and intent Intent { act=com.google.android.music.download.keepon.KeeponSchedulingService.START_DOWNLOAD flg=0x10 }
11-16 08:57:23.653: I/Zygote(731): Process 16517 exited due to signal (9)
11-16 08:57:23.666: D/AwarenessRouter(17460): 0 new fences
11-16 08:57:23.672: W/libprocessgroup(1161): kill(-16517, 9) failed: No such process
11-16 08:57:23.672: I/libprocessgroup(1161): Successfully killed process cgroup uid 10128 pid 16517 in 43ms
11-16 08:57:23.673: D/AwarenessRouter(17460): 0 fences already registered
11-16 08:57:23.678: D/AwarenessRouter(17460): Successfully removed 0 context fences
11-16 08:57:23.680: W/YT(17541): Last known version:13.23.60
11-16 08:57:23.688: I/app_process(17522): The ClassLoaderContext is a special shared library.
11-16 08:57:23.711: D/AndroidRuntime(17522): Calling main entry com.android.commands.am.Am
11-16 08:57:23.717: I/ActivityManager(1161): Force stopping androidx.lifecycle.runtime.test appid=10172 user=0: start instr
11-16 08:57:23.720: W/YouTube(17541): Fetching the Gservices key 'failsafe_clear_cache_release_13_02' before the end of the bulk initialization
11-16 08:57:23.736: I/ActivityManager(1161): Start proc 17587:androidx.lifecycle.runtime.test/u0a172 for added application androidx.lifecycle.runtime.test
11-16 08:57:23.738: I/le.runtime.tes(17587): Late-enabling -Xcheck:jni
11-16 08:57:23.756: I/Dialer(17381): SpamCallDataSource.fill - enter
11-16 08:57:23.756: I/Dialer(17381): SpamCallDataSource.handleInserts - enter
11-16 08:57:23.762: I/Dialer(17381): Flags.register - phenotype register status: true
11-16 08:57:23.763: I/Dialer(17381): ConversationHistoryCoalescer.coalesce - enter
11-16 08:57:23.763: I/Dialer(17381): AnnotatedCallLogCoalescer.coalesce - enter
11-16 08:57:23.763: I/Dialer(17381): AnnotatedCallLogCoalescer.coalesceWithSelection - enter
11-16 08:57:23.767: I/Dialer(17381): AnnotatedCallLogCoalescer.coalesceWithSelection - enter
11-16 08:57:23.768: I/Dialer(17381): PrimesMetrics.startTimer - AnnotatedCallLogCoalescer.CoalesceForAllCalls is empty
11-16 08:57:23.769: I/Dialer(17381): PrimesMetrics.startTimer - AnnotatedCallLogCoalescer.CoalesceForMissedCalls is empty
11-16 08:57:23.771: I/Dialer(17381): AnnotatedCallLogCoalescer.coalesceInternal - enter
11-16 08:57:23.772: E/android.youtub(17541): The String#value field is not present on Android versions >= 6.0
11-16 08:57:23.773: I/Dialer(17381): AnnotatedCallLogCoalescer.coalesceInternal - enter
11-16 08:57:23.774: I/Dialer(17381): CoalescedRowsDao.saveToFileForMissedCalls - enter
11-16 08:57:23.774: I/Dialer(17381): CoalescedRowsDao.saveToFileForAllCalls - enter
11-16 08:57:23.775: I/Dialer(17381): PrimesMetrics.startTimer - CoalescedRowsDao.SaveAllCalls is empty
11-16 08:57:23.775: I/Dialer(17381): CoalescedRowsDao.save - acquiring write lock
11-16 08:57:23.775: I/Icing(13816): Indexing com.google.android.gms-apps from com.google.android.gms
11-16 08:57:23.775: I/Dialer(17381): PrimesMetrics.startTimer - CoalescedRowsDao.SaveMissedCalls is empty
11-16 08:57:23.776: I/Dialer(17381): CoalescedRowsDao.save - acquiring write lock
11-16 08:57:23.777: I/Dialer(17381): CoalescedRowsDao.save - start writing coalesced rows
11-16 08:57:23.777: I/Dialer(17381): ConversationHistoryCoalescer.coalesce - conversation history disabled
11-16 08:57:23.779: I/Dialer(17381): CoalescedRowsDao.save - write lock released
11-16 08:57:23.780: I/Dialer(17381): CoalescedRowsUpdatedNotifier.notifyForCallLogAllCalls - enter
11-16 08:57:23.780: I/Dialer(17381): CoalescedRowsDao.save - start writing coalesced rows
11-16 08:57:23.781: I/Dialer(17381): CoalescedRowsDao.save - write lock released
11-16 08:57:23.781: I/Dialer(17381): CoalescedRowsUpdatedNotifier.notifyForCallLogMissedCalls - enter
11-16 08:57:23.786: I/Dialer(17381): CallLogCacheUpdater.updateCache - updated 0 rows
11-16 08:57:23.791: E/YouTube(17541): flushBinderConnectionCallbacks is unverified on SDK 28
11-16 08:57:23.815: W/android.youtub(17541): Unknown chunk type '200'.
11-16 08:57:23.818: D/ConnectivityService(1161): Returning BLOCKED NetworkInfo to uid=10080
11-16 08:57:23.822: I/android.youtub(17541): The ClassLoaderContext is a special shared library.
11-16 08:57:23.822: I/chatty(17541): uid=10080(com.google.android.youtube) initCrit2-2 identical 1 line
11-16 08:57:23.832: I/android.youtub(17541): The ClassLoaderContext is a special shared library.
11-16 08:57:23.834: I/Dialer(17381): Flags.register - commit succeeded: true
11-16 08:57:23.835: I/le.runtime.tes(17587): The ClassLoaderContext is a special shared library.
11-16 08:57:23.837: I/le.runtime.tes(17587): The ClassLoaderContext is a special shared library.
11-16 08:57:23.847: I/android.youtub(17541): Waiting for a blocking GC AddRemoveAppImageSpace
11-16 08:57:23.868: I/android.youtub(17541): WaitForGcToComplete blocked AddRemoveAppImageSpace on HeapTrim for 21.189ms
11-16 08:57:23.869: W/le.runtime.tes(17587): Accessing hidden method Landroid/app/Instrumentation;->execStartActivity(Landroid/content/Context;Landroid/os/IBinder;Landroid/os/IBinder;Landroid/app/Activity;Landroid/content/Intent;ILandroid/os/Bundle;)Landroid/app/Instrumentation$ActivityResult; (light greylist, linking)
11-16 08:57:23.869: W/le.runtime.tes(17587): Accessing hidden method Landroid/app/Instrumentation;->execStartActivity(Landroid/content/Context;Landroid/os/IBinder;Landroid/os/IBinder;Ljava/lang/String;Landroid/content/Intent;ILandroid/os/Bundle;)Landroid/app/Instrumentation$ActivityResult; (light greylist, linking)
11-16 08:57:23.872: E/YouTube(17541): Failed delayed event dispatch, no dispatchers.
11-16 08:57:23.875: I/MonitoringInstr(17587): Instrumentation started!
11-16 08:57:23.883: V/TestEventClient(17587): No service name argument was given (testDiscoveryService, testRunEventService or orchestratorService)
11-16 08:57:23.885: I/MonitoringInstr(17587): No JSBridge.
11-16 08:57:23.901: D/InfraTrack(17587): Tracking disabled due to lack of internet permissions
11-16 08:57:23.901: I/UsageTrackerFacilitator(17587): Usage tracking disabled
11-16 08:57:23.916: I/TestRequestBuilder(17587): Scanning classpath to find tests in paths [/data/app/androidx.lifecycle.runtime.test-MzQd8U9ApKyHfsee-gwJLA==/base.apk]
11-16 08:57:23.919: W/le.runtime.tes(17587): Opening an oat file without a class loader. Are you using the deprecated DexFile APIs?
11-16 08:57:23.968: W/android.youtub(17541): Unsupported class loader
11-16 08:57:23.981: I/CrashMetricService(17541): Startup metric for 'PRIMES_CRASH_MONITORING_INITIALIZED' dropped.
11-16 08:57:23.981: I/Bugle(16622): VerifiedSmsStartupTask: Checking if Verified SMS tasks should be enqueued.
11-16 08:57:23.984: I/Bugle(16622): VerifiedSmsStartupTask: Not enqueuing Verified SMS periodic task, Verified SMS is disabled.
11-16 08:57:24.022: E/GCM(11018): Missing checkin config file
11-16 08:57:24.023: W/GCM(11018): GCM FAILED TO INITIALIZE - missing checkin
11-16 08:57:24.027: E/Bugle(16622): BugleFirebaseInstanceIDManagerImpl: Failed to refresh firebase instance ID
11-16 08:57:24.027: E/Bugle(16622): java.io.IOException: AUTHENTICATION_FAILED
11-16 08:57:24.027: E/Bugle(16622): 	at wik.a(SourceFile:9)
11-16 08:57:24.027: E/Bugle(16622): 	at nok.run(SourceFile:8)
11-16 08:57:24.027: E/Bugle(16622): 	at java.util.concurrent.ThreadPoolExecutor.runWorker(ThreadPoolExecutor.java:1167)
11-16 08:57:24.027: E/Bugle(16622): 	at java.util.concurrent.ThreadPoolExecutor$Worker.run(ThreadPoolExecutor.java:641)
11-16 08:57:24.027: E/Bugle(16622): 	at java.lang.Thread.run(Thread.java:764)
11-16 08:57:24.044: I/Icing(13816): Indexing done com.google.android.gms-apps
11-16 08:57:24.047: W/android.youtub(17541): Skipping duplicate class check due to unsupported classloader
11-16 08:57:24.066: I/DynamiteModule(17541): Considering local module com.google.android.gms.ads.dynamite:0 and remote module com.google.android.gms.ads.dynamite:213806100
11-16 08:57:24.067: I/DynamiteModule(17541): Selected remote version of com.google.android.gms.ads.dynamite, version >= 213806100
11-16 08:57:24.076: I/ActivityManager(1161): Killing 16586:com.google.android.apps.maps/u0a102 (adj 906): empty #17
11-16 08:57:24.077: W/libprocessgroup(1161): kill(-16586, 9) failed: No such process
11-16 08:57:24.089: I/ActivityManager(1161): Start proc 17673:com.google.intelligence.sense/u0a31 for broadcast com.google.intelligence.sense/.ambientmusic.SystemBroadcastReceiver
11-16 08:57:24.090: W/libprocessgroup(1161): kill(-16586, 9) failed: No such process
11-16 08:57:24.095: E/elligence.sens(17673): Not starting debugger since process cannot load the jdwp agent.
11-16 08:57:24.115: W/SearchServiceCore(10033): Abort, client detached.
11-16 08:57:24.115: W/SearchServiceCore(10033): Abort, client detached.
11-16 08:57:24.116: D/BoundBrokerSvc(11018): onUnbind: Intent { act=com.google.android.gms.clearcut.bootcount.service.START pkg=com.google.android.gms }
11-16 08:57:24.117: I/Zygote(731): Process 16586 exited due to signal (9)
11-16 08:57:24.132: W/libprocessgroup(1161): kill(-16586, 9) failed: No such process
11-16 08:57:24.132: I/libprocessgroup(1161): Successfully killed process cgroup uid 10102 pid 16586 in 55ms
11-16 08:57:24.135: W/native(17673): commandlineflags.cc:1511 Ignoring RegisterValidateFunction() for flag pointer 0x750085d598: no flag found at that address
11-16 08:57:24.143: I/BgTaskExecutorImpl(10033): Starting EXCLUSIVE background task FETCH_CONFIGS_FROM_PHENOTYPE.
11-16 08:57:24.160: W/android.youtub(17541): Unknown chunk type '200'.
11-16 08:57:24.160: E/ExecutionCriteria(11018): Package unavailable for task: com.google.android.apps.gcs/com.google.android.flib.phenotype.services.PhenotypeExperimentCommitService{u=0 tag="PhenotypeExpCommitSvc" trigger=window{start=0s,end=30s,earliest=-535s,latest=-505s} requirements=[NET_ANY] attributes=[PERSISTED] scheduled=-535s last_run=N/A exec_window_multiplier=1.0000 jid=N/A status=PENDING retries=0 client_lib=MANCHEGO_GCM-11732000} [CONTEXT service_id=218 ]
11-16 08:57:24.161: E/elligence.sens(17673): The String#value field is not present on Android versions >= 6.0
11-16 08:57:24.185: I/Superpacks(17673): Releasing all superpacks except ambientmusic-index-17_09_02
11-16 08:57:24.204: D/TestExecutor(17587): Adding listener androidx.test.internal.runner.listener.LogRunListener
11-16 08:57:24.204: D/TestExecutor(17587): Adding listener androidx.test.internal.runner.listener.InstrumentationResultPrinter
11-16 08:57:24.204: D/TestExecutor(17587): Adding listener androidx.test.internal.runner.listener.ActivityFinisherRunListener
11-16 08:57:24.204: I/akhr(11018): Scheduling Phenotype for a PhenotypeSyncImmediately(13, com.google.android.googlequicksearchbox) one off with window [1, 2] in seconds [CONTEXT service_id=51 ]
11-16 08:57:24.207: I/TestRunner(17587): run started: 3 tests
11-16 08:57:24.209: I/TestRunner(17587): started: getAncestorOwner(androidx.lifecycle.ViewTreeLifecycleOwnerTest)
11-16 08:57:24.253: I/TestRunner(17587): finished: getAncestorOwner(androidx.lifecycle.ViewTreeLifecycleOwnerTest)
11-16 08:57:24.262: W/android.youtub(17541): Unsupported class loader
11-16 08:57:24.263: I/TestRunner(17587): started: shadowedOwner(androidx.lifecycle.ViewTreeLifecycleOwnerTest)
11-16 08:57:24.268: I/TestRunner(17587): finished: shadowedOwner(androidx.lifecycle.ViewTreeLifecycleOwnerTest)
11-16 08:57:24.272: I/TestRunner(17587): started: setGetSameView(androidx.lifecycle.ViewTreeLifecycleOwnerTest)
11-16 08:57:24.274: I/TestRunner(17587): finished: setGetSameView(androidx.lifecycle.ViewTreeLifecycleOwnerTest)
11-16 08:57:24.281: I/TestRunner(17587): run finished: 3 tests, 0 failed, 0 ignored
11-16 08:57:24.286: I/Superpacks(17673): Starting garbage collection
11-16 08:57:24.289: W/NotificationService(1161): Notification policy access denied calling getAutomaticZenRules
11-16 08:57:24.290: I/MonitoringInstr(17587): waitForActivitiesToComplete() took: 0ms
11-16 08:57:24.294: I/ActivityManager(1161): Killing 16622:com.google.android.apps.messaging/u0a111 (adj 906): empty #17
11-16 08:57:24.294: W/Superpacks(17673): isDirectory returned false while listing files for /data/user/0/com.google.intelligence.sense/files/superpacks
11-16 08:57:24.295: W/libprocessgroup(1161): kill(-16622, 9) failed: No such process
11-16 08:57:24.295: I/ActivityManager(1161): Force stopping androidx.lifecycle.runtime.test appid=10172 user=0: finished inst
11-16 08:57:24.295: W/Binder(1161): Outgoing transactions from this process must be FLAG_ONEWAY
11-16 08:57:24.295: W/Binder(1161): java.lang.Throwable
11-16 08:57:24.295: W/Binder(1161): 	at android.os.BinderProxy.transact(Binder.java:1116)
11-16 08:57:24.295: W/Binder(1161): 	at android.app.IInstrumentationWatcher$Stub$Proxy.instrumentationFinished(IInstrumentationWatcher.java:164)
11-16 08:57:24.295: W/Binder(1161): 	at com.android.server.am.InstrumentationReporter$MyThread.run(InstrumentationReporter.java:86)
11-16 08:57:24.295: I/ActivityManager(1161): Killing 17587:androidx.lifecycle.runtime.test/u0a172 (adj 0): stop androidx.lifecycle.runtime.test
11-16 08:57:24.296: D/AndroidRuntime(17522): Shutting down VM
11-16 08:57:24.311: W/app_process(17522): Thread attaching while runtime is shutting down: Binder:17522_3
11-16 08:57:24.311: I/AndroidRuntime(17522): NOTE: attach of thread 'Binder:17522_3' failed
11-16 08:57:24.314: I/Zygote(731): Process 17587 exited due to signal (9)
11-16 08:57:24.314: I/ActivityManager(1161): Start proc 17716:com.google.android.apps.chromecast.app/u0a149 for broadcast com.google.android.apps.chromecast.app/com.google.android.libraries.notifications.entrypoints.localechanged.LocaleChangedReceiver
11-16 08:57:24.316: E/.chromecast.ap(17716): Not starting debugger since process cannot load the jdwp agent.
11-16 08:57:24.320: W/android.youtub(17541): Skipping duplicate class check due to unsupported classloader
11-16 08:57:24.322: E/ExecutionCriteria(11018): Package unavailable for task: com.google.android.apps.gcs/com.google.android.flib.phenotype.services.PhenotypeExperimentCommitService{u=0 tag="PhenotypeExpCommitSvc" trigger=window{start=0s,end=30s,earliest=-535s,latest=-505s} requirements=[NET_ANY] attributes=[PERSISTED] scheduled=-535s last_run=N/A exec_window_multiplier=1.0000 jid=N/A status=PENDING retries=0 client_lib=MANCHEGO_GCM-11732000} [CONTEXT service_id=218 ]
11-16 08:57:24.326: I/FirebaseJobDispatcher(3639): onStartJob(): DefaultStickerUpdate.
11-16 08:57:24.326: I/DefaultStickerUpdate(3639): Submitted task to executor service with data=DefaultStickerTaskData{enabled=true, metadataUriPrefix=https://www.gstatic.com/android/keyboard/stickers/configs/v5/, supportedLanguage=en}
11-16 08:57:24.330: I/NetworkScheduler.Stats(11018): Task com.google.android.inputmethod.latin/ started execution. cause:7 exec_start_elapsed_seconds: 638 [CONTEXT service_id=218 ]
11-16 08:57:24.333: I/.chromecast.ap(17716): The ClassLoaderContext is a special shared library.
11-16 08:57:24.338: W/libprocessgroup(1161): kill(-16622, 9) failed: No such process
11-16 08:57:24.347: D/NetworkSecurityConfig(3639): No Network Security Config specified, using platform default
11-16 08:57:24.351: I/Zygote(731): Process 16622 exited due to signal (9)
11-16 08:57:24.351: D/BoundBrokerSvc(13816): onUnbind: Intent { act=com.google.android.gms.measurement.START pkg=com.google.android.gms }
11-16 08:57:24.352: D/BoundBrokerSvc(13816): onUnbind: Intent { act=com.google.android.mdd.service.START pkg=com.google.android.gms }
11-16 08:57:24.352: D/BoundBrokerSvc(13816): onUnbind: Intent { act=com.google.android.gms.walletp2p.service.firstparty.BIND pkg=com.google.android.gms }
11-16 08:57:24.352: D/BoundBrokerSvc(13816): onUnbind: Intent { act=com.google.android.mobstore.service.START pkg=com.google.android.gms }
11-16 08:57:24.369: I/DefaultStickerUpdate(3639): Started update task with DefaultStickerTaskData{enabled=true, metadataUriPrefix=https://www.gstatic.com/android/keyboard/stickers/configs/v5/, supportedLanguage=en}
11-16 08:57:24.372: D/DynamitePackage(17541): Instantiated singleton DynamitePackage.
11-16 08:57:24.372: D/DynamitePackage(17541): Instantiating com.google.android.gms.ads.adshield.ChimeraAdShieldCreatorImpl
11-16 08:57:24.382: W/libprocessgroup(1161): kill(-16622, 9) failed: No such process
11-16 08:57:24.382: I/libprocessgroup(1161): Successfully killed process cgroup uid 10111 pid 16622 in 87ms
11-16 08:57:24.382: W/libprocessgroup(1161): kill(-17587, 9) failed: No such process
11-16 08:57:24.382: I/libprocessgroup(1161): Successfully killed process cgroup uid 10172 pid 17587 in 0ms
11-16 08:57:24.401: I/DefaultStickerUpdate(3639): Read metadata file from cache with 267141 bytes
11-16 08:57:24.447: D/fpc_hidl(17738): fpc fingerprint hwbinder service starting
11-16 08:57:24.448: D/QSEECOMAPI(17738): QSEECom_get_handle sb_length = 0x80
11-16 08:57:24.448: D/QSEECOMAPI(17738): App is not loaded in QSEE
11-16 08:57:24.450: D/QSEECOMAPI(17738): app_arch = 2, total_files = 9
11-16 08:57:24.511: D/QSEECOMAPI(17738): Loaded image: APP id = 130
11-16 08:57:24.515: E/fpc_tac(17738): fpcbuildinfo : 575ddab5b91efea67ee1d200fc813ff2fpc_bio=bd35c3fec78219829149bea6c9ec961e6f655b90C:prodtestlib=4304cf5c884c198624b749af3482befacbd3028eC:fpc_c_core=dc194509594e837dedfb5452aaf06fcb61977135C:fpc_lib=cd5b7b876c3d69afa68a11ac6fd86f873e70817bC:cac=297e11552c60a3607ed664cf44c3e4b36ab2e737C:fpc_bio_interface=94a457caecae31eca8ef04b64c3f82a018e9bbc0C:fpc_sensor=ba909a5500944acafe47a0ef3a49f89509aadfb6C:tools_core=94ddf1e684cfa6c99f0f237f7cc35f3962e0e597C:sensor_settings=4fcf864fb493ae0272a9b2806446b379d99fd8ceC:fingerprint_ta=066bc0ab880960a4a69b74a328c7d7871c72225bC:fingerprint_pal=0deb9a478a3572872639f9cb2559ccc464ee3f9bC:manifests=dcb3d8ab0bdb7a5b341839d8c75bb88fc7f5e1a4C:Manifesttag=SW23.3.0-PDR1.0.5:jenkins@84ffd74dac44:Thu,17May201810:17:08+0200:FPC_SENSOR_TYPE=FPC_SENSOR_TYPE_FPC1270:FPC_CC_TYPE=FPC_COMPANION_CHIP_FPC2050:FPC_C_TYPE=FPC_COATING_NORMAL
11-16 08:57:24.515: E/fpc_tac(17738): fpcbuildtype : build=RELEASE sensor=9
11-16 08:57:24.519: W/EventHub(1161): Unable to disable kernel key repeat for /dev/input/event3: Function not implemented
11-16 08:57:24.519: I/EventHub(1161): wakeMechanism=EPOLLWAKEUP, usingClockIoctl=true
11-16 08:57:24.519: I/EventHub(1161): New device: id=130, fd=307, path='/dev/input/event3', name='uinput-fpc', classes=0x101, configuration='/system/usr/idc/uinput-fpc.idc', keyLayout='/system/usr/keylayout/uinput-fpc.kl', keyCharacterMap='/system/usr/keychars/Generic.kcm', builtinKeyboard=true, 
11-16 08:57:24.519: W/InputReader(1161): Ignoring spurious device added event for deviceId 0.
11-16 08:57:24.675: W/.chromecast.ap(17716): JIT profile information will not be recorded: profile file does not exits.
11-16 08:57:24.675: I/chatty(17716): uid=10149(com.google.android.apps.chromecast.app) identical 1 line
11-16 08:57:24.675: W/.chromecast.ap(17716): JIT profile information will not be recorded: profile file does not exits.
11-16 08:57:24.676: I/DefaultStickerUpdate(3639): Received 6 sticker packs in metadata
11-16 08:57:24.705: I/dex2oat(17748): The ClassLoaderContext is a special shared library.
11-16 08:57:24.706: I/dex2oat(17748): /system/bin/dex2oat --dex-file=/data/user/0/com.google.android.youtube/cache/1629828815138.jar --output-vdex-fd=85 --oat-fd=87 --oat-location=/data/user/0/com.google.android.youtube/cache/oat/arm64/1629828815138.odex --compiler-filter=quicken --class-loader-context=&
11-16 08:57:24.710: W/PrimesInit(17716): Primes instant initialization
11-16 08:57:24.711: W/Primes(17716): background initialization
11-16 08:57:24.742: I/PrimesTesting(17716): GserviceFlagsSupplier.get()
11-16 08:57:24.758: W/SilentFeedbackConfig(10033): Renaming current_experiments.bin.tmp to current_experiments.bin failed
11-16 08:57:24.777: I/DefaultStickerUpdate(3639): Created 152 indexables
11-16 08:57:24.791: I/Icing(13816): Indexing com.google.android.gms-internal.3p:MobileApplication from com.google.android.gms
11-16 08:57:24.811: I/OpaEnabledReceiver(3657): Dispatching OPA eligble = true; AGSA = true; OPA enabled = true
11-16 08:57:24.811: I/OpaLayout(3657): Setting opa enabled to true
11-16 08:57:24.812: I/OpaLayout(3657): Setting opa enabled to true
11-16 08:57:24.814: I/OpaEnabledReceiver(3657): Dispatching OPA eligble = true; AGSA = true; OPA enabled = true
11-16 08:57:24.814: I/OpaLayout(3657): Setting opa enabled to true
11-16 08:57:24.814: I/OpaLayout(3657): Setting opa enabled to true
11-16 08:57:24.836: I/OpaEligibilityChecker(10033): send OpaEligibilityChange broadcast to CommonBroadcastReceiver
11-16 08:57:24.836: I/OpaEnabledReceiver(3657): Dispatching OPA eligble = true; AGSA = true; OPA enabled = true
11-16 08:57:24.836: I/OpaLayout(3657): Setting opa enabled to true
11-16 08:57:24.836: I/OpaLayout(3657): Setting opa enabled to true
11-16 08:57:24.841: I/OpaEnabledReceiver(3657): Dispatching OPA eligble = true; AGSA = true; OPA enabled = true
11-16 08:57:24.841: I/OpaLayout(3657): Setting opa enabled to true
11-16 08:57:24.841: I/OpaLayout(3657): Setting opa enabled to true
11-16 08:57:24.846: I/OpaEligibilityChecker(10033): send OpaEligibilityChange broadcast to CommonBroadcastReceiver
11-16 08:57:24.867: I/Icing(13816): Indexing done com.google.android.gms-internal.3p:MobileApplication
11-16 08:57:24.867: I/Icing(13816): Indexing com.android.chrome-internal.3p:WebPage from com.android.chrome
11-16 08:57:24.872: I/dex2oat(17748): dex2oat took 170.392ms (65.039ms cpu) (threads: 8) arena alloc=8KB (9160B) java alloc=48KB (49168B) native alloc=904KB (926392B) free=1655KB (1695048B)
11-16 08:57:24.873: I/BlobLobber(10033): Canceling downloads: [odws2_en:us:807_2019-07-21_260300236_release_signed]
11-16 08:57:24.878: E/SQLiteLog(13816): (1) no such table: WebPage_com.android.chrome_seq_table
11-16 08:57:24.879: E/Icing(13816): Cursor call threw an exception: no such table: WebPage_com.android.chrome_seq_table (code 1 SQLITE_ERROR): , while compiling: SELECT * FROM [WebPage_com.android.chrome_seq_table] WHERE seqno>0 AND tag IS NULL ORDER BY seqno LIMIT 20
11-16 08:57:24.879: I/Icing(13816): Indexing done com.android.chrome-internal.3p:WebPage
11-16 08:57:24.879: E/Icing(13816): Aborting indexing of corpus internal.3p:WebPage
11-16 08:57:24.880: I/BlobLobber(10033): Failed to cancel [odws2_en:us:807_2019-07-21_260300236_release_signed]
11-16 08:57:24.883: I/BgTaskExecutorImpl(10033): Starting EXCLUSIVE background task BLOBLOBBER_SYNC.
11-16 08:57:24.893: I/android.youtub(17541): The ClassLoaderContext is a special shared library.
11-16 08:57:24.894: I/VelourConfigListener(10033): Received new velour config
11-16 08:57:24.919: D/ConnectivityService(1161): requestNetwork for uid/pid:10080/17541 NetworkRequest [ TRACK_DEFAULT id=55, [ Capabilities: INTERNET&NOT_RESTRICTED&TRUSTED Unwanted:  Uid: 10080] ]
11-16 08:57:24.920: D/Ethernet(1161): got request NetworkRequest [ TRACK_DEFAULT id=55, [ Capabilities: INTERNET&NOT_RESTRICTED&TRUSTED Unwanted:  Uid: 10080] ] with score 60
11-16 08:57:24.920: D/WIFI_UT(1161): got request NetworkRequest [ TRACK_DEFAULT id=55, [ Capabilities: INTERNET&NOT_RESTRICTED&TRUSTED Unwanted:  Uid: 10080] ] with score 60
11-16 08:57:24.920: D/WIFI(1161): got request NetworkRequest [ TRACK_DEFAULT id=55, [ Capabilities: INTERNET&NOT_RESTRICTED&TRUSTED Unwanted:  Uid: 10080] ] with score 60
11-16 08:57:24.920: D/WIFI_AWARE_FACTORY(1161): got request NetworkRequest [ TRACK_DEFAULT id=55, [ Capabilities: INTERNET&NOT_RESTRICTED&TRUSTED Unwanted:  Uid: 10080] ] with score 60
11-16 08:57:24.920: D/PhoneSwitcherNetworkRequstListener(3783): got request NetworkRequest [ TRACK_DEFAULT id=55, [ Capabilities: INTERNET&NOT_RESTRICTED&TRUSTED Unwanted:  Uid: 10080] ] with score 60
11-16 08:57:24.922: I/BgTaskExecutorImpl(10033): Starting EXCLUSIVE background task VELOUR_BACKGROUND_MAINTENANCE.
11-16 08:57:24.943: W/earchbox:searc(10033): Unsupported class loader
11-16 08:57:24.976: I/android.youtub(17541): Rejecting re-init on previously-failed class java.lang.Class<com.google.android.ads.tasks.appdigest.a>: java.lang.NoClassDefFoundError: Failed resolution of: Landroid/content/pm/PackageManager$OnChecksumsReadyListener;
11-16 08:57:24.976: I/android.youtub(17541):   at java.lang.Class dalvik.system.DexFile.defineClassNative(java.lang.String, java.lang.ClassLoader, java.lang.Object, dalvik.system.DexFile) (DexFile.java:-2)
11-16 08:57:24.976: I/android.youtub(17541):   at java.lang.Class dalvik.system.DexFile.defineClass(java.lang.String, java.lang.ClassLoader, java.lang.Object, dalvik.system.DexFile, java.util.List) (DexFile.java:283)
11-16 08:57:24.976: I/android.youtub(17541):   at java.lang.Class dalvik.system.DexFile.loadClassBinaryName(java.lang.String, java.lang.ClassLoader, java.util.List) (DexFile.java:276)
11-16 08:57:24.976: I/android.youtub(17541):   at java.lang.Class dalvik.system.DexPathList$Element.findClass(java.lang.String, java.lang.ClassLoader, java.util.List) (DexPathList.java:724)
11-16 08:57:24.976: I/android.youtub(17541):   at java.lang.Class dalvik.system.DexPathList.findClass(java.lang.String, java.util.List) (DexPathList.java:486)
11-16 08:57:24.976: I/android.youtub(17541):   at java.lang.Class dalvik.system.BaseDexClassLoader.findClass(java.lang.String) (BaseDexClassLoader.java:132)
11-16 08:57:24.976: I/android.youtub(17541):   at java.lang.Class bg.loadClass(java.lang.String, boolean) (:com.google.android.gms.dynamite_dynamiteloader@213614065@21.36.14 (100400-0):2)
11-16 08:57:24.976: I/android.youtub(17541):   at java.lang.Class java.lang.ClassLoader.loadClass(java.lang.String) (ClassLoader.java:312)
11-16 08:57:24.976: I/android.youtub(17541):   at java.util.List xu.r(yv, android.content.Context, bqi, com.google.ads.afma.g) (:com.google.android.gms.policy_ads_fdr_dynamite@213806100@213806100057.397311113.397311113:5)
11-16 08:57:24.976: I/android.youtub(17541):   at java.util.List xv.r(yv, android.content.Context, bqi, com.google.ads.afma.g) (:com.google.android.gms.policy_ads_fdr_dynamite@213806100@213806100057.397311113.397311113:4)
11-16 08:57:24.976: I/android.youtub(17541):   at void xu.s(yv, android.content.Context, bqi, com.google.ads.afma.g) (:com.google.android.gms.policy_ads_fdr_dynamite@213806100@213806100057.397311113.397311113:0)
11-16 08:57:24.976: I/android.youtub(17541):   at bqi xu.m(android.content.Context, com.google.ads.afma.g) (:com.google.android.gms.policy_ads_fdr_dynamite@213806100@213806100057.397311113.397311113:7)
11-16 08:57:24.976: I/android.youtub(17541):   at java.lang.String xp.r(android.content.Context, java.lang.String, int, android.view.View, android.app.Activity, byte[]) (:com.google.android.gms.policy_ads_fdr_dynamite@213806100@213806100057.397311113.397311113:8)
11-16 08:57:24.976: I/android.youtub(17541):   at java.lang.String xp.g(android.content.Context, byte[]) (:com.google.android.gms.policy_ads_fdr_dynamite@213806100@213806100057.397311113.397311113:2)
11-16 08:57:24.976: I/android.youtub(17541):   at java.lang.String com.google.android.gms.ads.adshield.internal.a.b(aqh, byte[]) (:com.google.android.gms.policy_ads_fdr_dynamite@213806100@213806100057.397311113.397311113:1)
11-16 08:57:24.976: I/android.youtub(17541):   at boolean com.google.android.gms.ads.adshield.internal.a.bJ(int, android.os.Parcel, android.os.Parcel) (:com.google.android.gms.policy_ads_fdr_dynamite@213806100@213806100057.397311113.397311113:54)
11-16 08:57:24.976: I/android.youtub(17541):   at boolean zg.onTransact(int, android.os.Parcel, android.os.Parcel, int) (:com.google.android.gms.policy_ads_fdr_dynamite@213806100@213806100057.397311113.397311113:4)
11-16 08:57:24.976: I/android.youtub(17541):   at boolean android.os.Binder.transact(int, android.os.Parcel, android.os.Parcel, int) (Binder.java:667)
11-16 08:57:24.976: I/android.youtub(17541):   at android.os.Parcel pcs.a(int, android.os.Parcel) (SourceFile:7)
11-16 08:57:24.976: I/android.youtub(17541):   at java.lang.String pkk.a(oms, byte[]) (SourceFile:40)
11-16 08:57:24.976: I/android.youtub(17541):   at java.lang.String nrc.a(android.content.Context, byte[]) (SourceFile:6)
11-16 08:57:24.976: I/android.youtub(17541):   at java.lang.String qis.a(android.content.Context, byte[]) (SourceFile:10)
11-16 08:57:24.976: I/android.youtub(17541):   at java.lang.String skv.a(qio, byte[]) (SourceFile:59)
11-16 08:57:24.976: I/android.youtub(17541):   at java.lang.String skv.g() (SourceFile:41)
11-16 08:57:24.976: I/android.youtub(17541):   at java.lang.String skv.b() (SourceFile:69)
11-16 08:57:24.976: I/android.youtub(17541):   at java.lang.String slq.i() (SourceFile:56)
11-16 08:57:24.976: I/android.youtub(17541):   at java.lang.String slq.b() (SourceFile:32)
11-16 08:57:24.976: I/android.youtub(17541):   at void slq.e() (SourceFile:37)
11-16 08:57:24.976: I/android.youtub(17541):   at void cmk.run() (SourceFile:7)
11-16 08:57:24.976: I/android.youtub(17541):   at java.lang.Object java.util.concurrent.Executors$RunnableAdapter.call() (Executors.java:458)
11-16 08:57:24.976: I/android.youtub(17541):   at void java.util.concurrent.FutureTask.run() (FutureTask.java:266)
11-16 08:57:24.976: I/android.youtub(17541):   at void java.util.concurrent.ScheduledThreadPoolExecutor$ScheduledFutureTask.run() (ScheduledThreadPoolExecutor.java:301)
11-16 08:57:24.976: I/android.youtub(17541):   at void java.util.concurrent.ThreadPoolExecutor.runWorker(java.util.concurrent.ThreadPoolExecutor$Worker) (ThreadPoolExecutor.java:1167)
11-16 08:57:24.976: I/android.youtub(17541):   at void java.util.concurrent.ThreadPoolExecutor$Worker.run() (ThreadPoolExecutor.java:641)
11-16 08:57:24.976: I/android.youtub(17541):   at void ubi.run() (SourceFile:20)
11-16 08:57:24.976: I/android.youtub(17541):   at void java.lang.Thread.run() (Thread.java:764)
11-16 08:57:24.976: I/android.youtub(17541): Caused by: java.lang.ClassNotFoundException: Didn't find class "android.content.pm.PackageManager$OnChecksumsReadyListener" on path: DexPathList[[zip file "/data/user_de/0/com.google.android.gms/app_chimera/m/00000011/dl-AdsFdrDynamite.integ_213806100100000.apk"],nativeLibraryDirectories=[/data/user_de/0/com.google.android.gms/app_chimera/m/00000011/dl-AdsFdrDynamite.integ_213806100100000.apk!/lib/arm64-v8a, /system/lib64]]
11-16 08:57:24.976: I/android.youtub(17541):   at java.lang.Class dalvik.system.BaseDexClassLoader.findClass(java.lang.String) (BaseDexClassLoader.java:134)
11-16 08:57:24.976: I/android.youtub(17541):   at java.lang.Class java.lang.ClassLoader.loadClass(java.lang.String, boolean) (ClassLoader.java:379)
11-16 08:57:24.976: I/android.youtub(17541):   at java.lang.Class bg.loadClass(java.lang.String, boolean) (:com.google.android.gms.dynamite_dynamiteloader@213614065@21.36.14 (100400-0):3)
11-16 08:57:24.976: I/android.youtub(17541):   at java.lang.Class java.lang.ClassLoader.loadClass(java.lang.String) (ClassLoader.java:312)
11-16 08:57:24.976: I/android.youtub(17541):   at java.lang.Class dalvik.system.DexFile.defineClassNative(java.lang.String, java.lang.ClassLoader, java.lang.Object, dalvik.system.DexFile) (DexFile.java:-2)
11-16 08:57:24.976: I/android.youtub(17541):   at java.lang.Class dalvik.system.DexFile.defineClass(java.lang.String, java.lang.ClassLoader, java.lang.Object, dalvik.system.DexFile, java.util.List) (DexFile.java:283)
11-16 08:57:24.976: I/android.youtub(17541):   at java.lang.Class dalvik.system.DexFile.loadClassBinaryName(java.lang.String, java.lang.ClassLoader, java.util.List) (DexFile.java:276)
11-16 08:57:24.976: I/android.youtub(17541):   at java.lang.Class dalvik.system.DexPathList$Element.findClass(java.lang.String, java.lang.ClassLoader, java.util.List) (DexPathList.java:724)
11-16 08:57:24.976: I/android.youtub(17541):   at java.lang.Class dalvik.system.DexPathList.findClass(java.lang.String, java.util.List) (DexPathList.java:486)
11-16 08:57:24.976: I/android.youtub(17541):   at java.lang.Class dalvik.system.BaseDexClassLoader.findClass(java.lang.String) (BaseDexClassLoader.java:132)
