11-16 08:57:09.555: W/EventHub(1161): Unable to disable kernel key repeat for /dev/input/event3: Function not implemented
11-16 08:57:09.555: I/EventHub(1161): wakeMechanism=EPOLLWAKEUP, usingClockIoctl=true
11-16 08:57:09.555: I/EventHub(1161): New device: id=127, fd=167, path='/dev/input/event3', name='uinput-fpc', classes=0x101, configuration='/system/usr/idc/uinput-fpc.idc', keyLayout='/system/usr/keylayout/uinput-fpc.kl', keyCharacterMap='/system/usr/keychars/Generic.kcm', builtinKeyboard=true, 
11-16 08:57:09.555: W/InputReader(1161): Ignoring spurious device added event for deviceId 0.
11-16 08:57:09.608: W/sh(15965): type=1400 audit(0.0:232): avc: denied { read } for name="cache" dev="dm-0" ino=48 scontext=u:r:shell:s0 tcontext=u:object_r:cache_file:s0 tclass=lnk_file permissive=0
11-16 08:57:09.935: I/PackageManager.DexOptimizer(1161): Running dexopt (dexoptNeeded=1) on: /data/app/com.google.android.gms.policy_test_support-M6zl6oaY4RK97hj7nFiEUw==/base.apk pkg=com.google.android.gms.policy_test_support isa=arm64 dexoptFlags=boot_complete,profile_guided,public,enable_hidden_api_checks targetFilter=speed-profile oatDir=/data/app/com.google.android.gms.policy_test_support-M6zl6oaY4RK97hj7nFiEUw==/oat classLoaderContext=PCL[]
11-16 08:57:09.935: V/installed(832): DexInv: --- BEGIN '/data/app/com.google.android.gms.policy_test_support-M6zl6oaY4RK97hj7nFiEUw==/base.apk' ---
11-16 08:57:09.952: I/dex2oat(15981): /system/bin/dex2oat --input-vdex-fd=-1 --output-vdex-fd=19 --compiler-filter=speed-profile --classpath-dir=/data/app/com.google.android.gms.policy_test_support-M6zl6oaY4RK97hj7nFiEUw== --class-loader-context=PCL[] --generate-mini-debug-info --compact-dex-level=none --compilation-reason=install
11-16 08:57:09.971: D/QtiCarrierConfigHelper(3783): WARNING, no carrier configs on phone Id: 0
11-16 08:57:10.189: I/dex2oat(15981): Explicit concurrent copying GC freed 10439(1505KB) AllocSpace objects, 0(0B) LOS objects, 99% free, 728B/1536KB, paused 30us total 2.743ms
11-16 08:57:10.255: I/dex2oat(15981): dex2oat took 304.544ms (513.200ms cpu) (threads: 8) arena alloc=51KB (52224B) java alloc=16KB (17112B) native alloc=2MB (3020928B) free=3MB (3270528B)
11-16 08:57:10.260: V/installed(832): DexInv: --- END '/data/app/com.google.android.gms.policy_test_support-M6zl6oaY4RK97hj7nFiEUw==/base.apk' (success) ---
11-16 08:57:10.260: V/installed(832): [ 11-16 08:57:10.261   832: 1374 E/         ]
11-16 08:57:10.260: V/installed(832): Couldn't opendir /data/app/vmdl1727885347.tmp: No such file or directory
11-16 08:57:10.261: E/installd(832): Failed to delete /data/app/vmdl1727885347.tmp: No such file or directory
11-16 08:57:10.267: I/Finsky(13130): [2] yeh.d(13): PackageMonitorReceiverImpl - Received: android.intent.action.PACKAGE_ADDED, [TAsD3pqu7qg-JZYPvpWmQGEwsDQ0NnuVQpcaQGQjJQU]
11-16 08:57:10.268: I/Finsky(13130): [2] yfi.g(1): Invalidating cached PackageState for com.google.android.gms.policy_test_support
11-16 08:57:10.268: I/Telecom(1161): DefaultDialerCache: Refreshing default dialer for user 0: now com.google.android.dialer: DDC.oR@AI4
11-16 08:57:10.279: I/CarrierServices(10069): [2] RcsAutoStartReceiver.b: carrierServicesJibeServiceEnabled changed from true to true
11-16 08:57:10.279: I/InputReader(1161): Reconfiguring input devices.  changes=0x00000010
11-16 08:57:10.279: I/CarrierServices(10069): [2] RcsAutoStartReceiver.b: enableRcs changed from true to true
11-16 08:57:10.281: I/CarrierServices(10069): [2] RcsAutoStartReceiver.b: RcsAutoStartReceiver triggered. Fetching RCS State. Action: android.intent.action.PACKAGE_ADDED
11-16 08:57:10.282: W/BroadcastQueue(1161): Background execution not allowed: receiving Intent { act=android.intent.action.PACKAGE_ADDED dat=package:com.google.android.gms.policy_test_support flg=0x4000010 (has extras) } to com.android.musicfx/.Compatibility$Receiver
11-16 08:57:10.282: W/BroadcastQueue(1161): Background execution not allowed: receiving Intent { act=android.intent.action.PACKAGE_ADDED dat=package:com.google.android.gms.policy_test_support flg=0x4000010 (has extras) } to com.android.vending/com.google.android.finsky.packagemanager.impl.PackageMonitorReceiverImpl$RegisteredReceiver
11-16 08:57:10.282: W/BroadcastQueue(1161): Background execution not allowed: receiving Intent { act=android.intent.action.PACKAGE_ADDED dat=package:com.google.android.gms.policy_test_support flg=0x4000010 (has extras) } to com.google.android.gms/.games.chimera.GamesSystemBroadcastReceiverProxy
11-16 08:57:10.282: W/BroadcastQueue(1161): Background execution not allowed: receiving Intent { act=android.intent.action.PACKAGE_ADDED dat=package:com.google.android.gms.policy_test_support flg=0x4000010 (has extras) } to com.google.android.gms/.gass.chimera.PackageChangeBroadcastReceiver
11-16 08:57:10.283: W/BroadcastQueue(1161): Background execution not allowed: receiving Intent { act=android.intent.action.PACKAGE_ADDED dat=package:com.google.android.gms.policy_test_support flg=0x4000010 (has extras) } to com.google.android.gms/.chimera.GmsIntentOperationService$PersistentTrustedReceiver
11-16 08:57:10.283: W/BroadcastQueue(1161): Background execution not allowed: receiving Intent { act=android.intent.action.PACKAGE_ADDED dat=package:com.google.android.gms.policy_test_support flg=0x4000010 (has extras) } to com.google.android.googlequicksearchbox/com.google.android.apps.gsa.googlequicksearchbox.GelStubAppWatcher
11-16 08:57:10.283: W/BroadcastQueue(1161): Background execution not allowed: receiving Intent { act=android.intent.action.PACKAGE_ADDED dat=package:com.google.android.gms.policy_test_support flg=0x4000010 (has extras) } to com.google.android.ims/.receivers.RcsAutoStartReceiver
11-16 08:57:10.283: I/CarrierServices(10069): [2] aws.a: Migration binding to RcsMigrationService
11-16 08:57:10.284: I/Finsky(13130): [2] owk.d(2): Frosting ID looked up on UI thread. Caller should move to a background thread.
11-16 08:57:10.288: I/BugleDataModel(10170): RcsMigrationService: Returning RCS state provider.
11-16 08:57:10.290: V/BackupManagerConstants(1161): getFullBackupIntervalMilliseconds(...) returns 86400000
11-16 08:57:10.292: I/Finsky(13130): [266] ovx.run(16): Wrote row to frosting DB: 208
11-16 08:57:10.295: I/BugleRcsEngine(10170): [637] pot.a: Sim state is not ready. Returning last known operation mode.
11-16 08:57:10.297: I/Finsky(13130): [2] amas.a(3): Do not start WearSupportService due to Wear service optimization
11-16 08:57:10.294: W/sh(15996): type=1400 audit(0.0:233): avc: denied { read } for name="cache" dev="dm-0" ino=48 scontext=u:r:shell:s0 tcontext=u:object_r:cache_file:s0 tclass=lnk_file permissive=0
11-16 08:57:10.297: I/Finsky(13130): [2] amas.a(3): Do not start WearSupportService due to Wear service optimization
11-16 08:57:10.299: I/CarrierServices(10069): [596] awt.doInBackground: Saving RCS State
11-16 08:57:10.299: I/CarrierServices(10069): [596] awt.doInBackground: Old operation mode: 0
11-16 08:57:10.299: I/Finsky(13130): [2] aeak.a(8): Clearing split related stale data.
11-16 08:57:10.301: I/Finsky(13130): [267] gxq.a(12): Asset module storage cleared for package com.google.android.gms.policy_test_support.
11-16 08:57:10.301: I/CarrierServices(10069): [596] awt.doInBackground: New operation mode: 0
11-16 08:57:10.302: I/CarrierServices(10069): [2] aww.a: Unbinding RcsMigrationService
11-16 08:57:10.304: W/GCM(11018): Unexpected forwarded intent: Intent { act=android.intent.action.PACKAGE_ADDED dat=package:com.google.android.gms.policy_test_support flg=0x4000010 pkg=com.google.android.gms cmp=com.google.android.gms/.chimera.PersistentIntentOperationService (has extras) }
11-16 08:57:10.305: I/Finsky(13130): [2] owk.d(2): Frosting ID looked up on UI thread. Caller should move to a background thread.
11-16 08:57:10.308: D/RegisteredNfcFServicesCache(4138): Service unchanged, not updating
11-16 08:57:10.308: E/PhoneInterfaceManager(3783): [PhoneIntfMgr] getCarrierPackageNamesForIntent: No UICC
11-16 08:57:10.308: D/CarrierSvcBindHelper(3783): No carrier app for: 0
11-16 08:57:10.310: W/GCM(11018): Unexpected forwarded intent: Intent { act=android.intent.action.PACKAGE_ADDED dat=package:com.google.android.gms.policy_test_support flg=0x4000010 pkg=com.google.android.gms cmp=com.google.android.gms/.chimera.PersistentIntentOperationService (has extras) }
11-16 08:57:10.311: I/Finsky(13130): [266] ovx.run(16): Wrote row to frosting DB: 209
11-16 08:57:10.311: E/VvmPkgInstalledRcvr(3783): cannot create TelephonyManager from ComponentInfo{com.android.phone/com.android.services.telephony.TelephonyConnectionService}, ***, UserHandle{0}
11-16 08:57:10.312: D/ImsResolver(3783): maybeAddedImsService, packageName: com.google.android.gms.policy_test_support
11-16 08:57:10.312: D/CarrierConfigLoader(3783): mHandler: 9 phoneId: 0
11-16 08:57:10.317: I/GmsModuleFndr(13816): Beginning GMS chimera module scan
11-16 08:57:10.323: W/system_server(1161): Unknown chunk type '200'.
11-16 08:57:10.326: I/ModuleSetMgr(13816): Computing pending module set with APKs: [[AdsFdrDynamite.integ:213806100100000], [Enpromo.integ:214106000100000], [Pay.optional:213614100000], [VisionOcr.optional:213614100400], [AdsFdrDynamite.integ:212104400100000], [Cronetdynamite:213614100400], [Dynamiteloader:213614100000], [Dynamitemodulesa:213614100000], [Dynamitemodulesc:213614100000], [Googlecertificates:213614100000], [Mapsdynamite:213614100000], [Measurementdynamite:213614100000]]
11-16 08:57:10.341: I/ModuleSetMgr(13816): Pending container module APKs: [[Pay.optional:213614100000], [VisionOcr.optional:213614100400]]
11-16 08:57:10.341: I/ModuleSetMgr(13816): Pending non-container module APKs: [[Enpromo.integ:214106000100000], [AdsFdrDynamite.integ:213806100100000]]
11-16 08:57:10.346: I/Finsky(13130): [2] abzb.b(5): SCH: Jobs in database: 1-1337 3-1 12-1 24-77777777 26-1414141414 31-305419896 
11-16 08:57:10.353: I/Finsky(13130): [2] abxn.d(37): SCH: ConstraintMapping: 24-77777777,  -> L: 0ms, D: 82411880ms, C: false, I: true, N: 0
11-16 08:57:10.354: I/Finsky(13130): [2] abxn.d(37): SCH: ConstraintMapping: 1-1337, 12-1, 31-305419896,  -> L: 14951ms, D: 51655637ms, C: false, I: false, N: 1
11-16 08:57:10.354: I/Finsky(13130): [2] abxn.d(37): SCH: ConstraintMapping: 3-1,  -> L: 0ms, D: 86018067ms, C: true, I: true, N: 2
11-16 08:57:10.354: I/Finsky(13130): [2] abxn.d(37): SCH: ConstraintMapping: 26-1414141414,  -> L: 42634503ms, D: 43534503ms, C: false, I: false, N: 0
11-16 08:57:10.355: I/Finsky(13130): [265] jnw.a(15): [ContentSync] finished, scheduled=true
11-16 08:57:10.357: W/PackageParser(13816): Unknown element under <manifest>: queries at /data/user_de/0/com.google.android.gms/app_chimera/m/00000007/AdsDynamite.apk Binary XML file line #5
11-16 08:57:10.367: I/Finsky(13130): [2] abxn.f(7): SCH: Cancelling existing jobscheduler jobs: 9000 9007 9003 9005 
11-16 08:57:10.367: I/Finsky(13130): [2] abxn.e(8): SCH: Throttling wakeup for job 9001 (expected to run in 0 ms) due to recent wakeup
11-16 08:57:10.368: I/Finsky(13130): [2] abxn.e(23): SCH: Scheduling job Id: 9001, L: 30000, D: 82411880, C: false, I: true, N: 0
11-16 08:57:10.370: I/Finsky(13130): [2] abxn.e(8): SCH: Throttling wakeup for job 9002 (expected to run in 14951 ms) due to recent wakeup
11-16 08:57:10.370: I/Finsky(13130): [2] abxn.e(23): SCH: Scheduling job Id: 9002, L: 30000, D: 51655637, C: false, I: false, N: 1
11-16 08:57:10.372: I/Finsky(13130): [2] abxn.e(8): SCH: Throttling wakeup for job 9004 (expected to run in 0 ms) due to recent wakeup
11-16 08:57:10.372: I/Finsky(13130): [2] abxn.e(23): SCH: Scheduling job Id: 9004, L: 30000, D: 86018067, C: true, I: true, N: 2
11-16 08:57:10.374: I/Finsky(13130): [2] abxn.e(23): SCH: Scheduling job Id: 9006, L: 42634503, D: 43534503, C: false, I: false, N: 0
11-16 08:57:10.377: I/system_server(1161): Background concurrent copying GC freed 32085(1633KB) AllocSpace objects, 12(560KB) LOS objects, 42% free, 17MB/31MB, paused 84us total 115.329ms
11-16 08:57:10.378: W/PackageParser(13816): Unknown element under <manifest>: queries at /data/user_de/0/com.google.android.gms/app_chimera/m/00000011/dl-AdsFdrDynamite.integ_213806100100000.apk Binary XML file line #11
11-16 08:57:10.459: I/ChimeraCfgMgr(13816): Updating module config: ads_fdr:2138061005100000,container:2136149100400+pay+vision.ocr,enpromo:2141060005100000 -> ads_fdr:2138061005100000,container:2136149100400+pay+vision.ocr,enpromo:2141060005100000
11-16 08:57:10.460: E/DowngradeHelper(13816): isModuleDowngradeRequired false
11-16 08:57:10.477: W/BroadcastQueue(1161): Background execution not allowed: receiving Intent { act=com.google.android.chimera.MODULE_CONFIGURATION_CHANGED flg=0x10 (has extras) } to com.google.android.gms/.chimera.GmsIntentOperationService$PersistentInternalReceiver
11-16 08:57:10.481: D/QSEECOMAPI(15959): QSEECom_get_handle sb_length = 0x400
11-16 08:57:10.481: D/QSEECOMAPI(15959): App is already loaded QSEE and app id = 1
11-16 08:57:10.483: E/fpc_tac(15959): qsee_km_get_encapsulated_key KEYMASTER_GET_AUTH_TOKEN_KEY returned status=-24
11-16 08:57:10.483: D/QSEECOMAPI(15959): QSEECom_dealloc_memory 
11-16 08:57:10.483: D/QSEECOMAPI(15959): QSEECom_shutdown_app, app_id = 1
11-16 08:57:10.483: E/fpc_fingerprint_hal(15959): fpc_hal_open failed
11-16 08:57:10.485: I/EventHub(1161): Removing device uinput-fpc due to epoll hang-up event.
11-16 08:57:10.485: I/EventHub(1161): Removed device: path=/dev/input/event3 name=uinput-fpc id=127 fd=167 classes=0x101
11-16 08:57:10.485: W/EventHub(1161): built-in keyboard device /dev/input/event3 (id=127) is closing! the apps will not like this
11-16 08:57:10.485: I/EventHub(1161): Removing device '/dev/input/event3' due to inotify event
11-16 08:57:10.485: W/InputReader(1161): Ignoring spurious device removed event for deviceId 127.
11-16 08:57:10.486: I/ChimeraCfgMgr(13816): Sending com.google.android.chimera.IntentOperation.NEW_MODULE Intents: 1,false,true
11-16 08:57:10.492: I/GmsDebugLogger(13816): [46] ads_fdr:2138061005100000,container:2136149100400+pay+vision.ocr,enpromo:2141060005100000
11-16 08:57:10.496: I/Auth(13816): [SupervisedAccountIntentOperation] onHandleIntent(): android.intent.action.PACKAGE_ADDED
11-16 08:57:10.501: W/gle.android.gm(13816): Unsupported class loader
11-16 08:57:10.501: D/QSEECOMAPI(15959): QSEECom_dealloc_memory 
11-16 08:57:10.501: D/QSEECOMAPI(15959): QSEECom_shutdown_app, app_id = 127
11-16 08:57:10.503: W/gle.android.gm(13816): Skipping duplicate class check due to unsupported classloader
11-16 08:57:10.504: I/gle.android.gm(13816): Failed to add image file Failed to flatten class loader hierarchy 'Unknown class loader type drb'
11-16 08:57:10.508: I/BlockstoreStorage(13816): Clearing Blockstore Data for package com.google.android.gms.policy_test_support [CONTEXT service_id=258 ]
11-16 08:57:10.514: I/BlockstoreStorage(13816): No metadata found. Skipping deletion. [CONTEXT service_id=258 ]
11-16 08:57:10.583: I/PackageManager.DexOptimizer(1161): Running dexopt (dexoptNeeded=1) on: /data/app/com.google.android.gmscore.testing.testsupport-ehzH5Vamy0MoPFpjUlKiOA==/base.apk pkg=com.google.android.gmscore.testing.testsupport isa=arm64 dexoptFlags=boot_complete,profile_guided,public,enable_hidden_api_checks targetFilter=speed-profile oatDir=/data/app/com.google.android.gmscore.testing.testsupport-ehzH5Vamy0MoPFpjUlKiOA==/oat classLoaderContext=PCL[/system/framework/org.apache.http.legacy.boot.jar]
11-16 08:57:10.583: V/installed(832): DexInv: --- BEGIN '/data/app/com.google.android.gmscore.testing.testsupport-ehzH5Vamy0MoPFpjUlKiOA==/base.apk' ---
11-16 08:57:10.602: W/ChimeraUtils(11018): Module com.google.android.gms.nearby_en has empty metadata display_name_string_id
11-16 08:57:10.607: I/chatty(11018): uid=10007(com.google.android.gms) highpool[1] identical 1 line
11-16 08:57:10.607: W/ChimeraUtils(11018): Module com.google.android.gms.nearby_en has empty metadata display_name_string_id
11-16 08:57:10.623: D/BoundBrokerSvc(11018): onBind: Intent { act=com.google.android.gms.nearby.exposurenotification.START cmp=com.google.android.gms/.chimera.PersistentApiService }
11-16 08:57:10.623: D/BoundBrokerSvc(11018): Loading bound service for intent: Intent { act=com.google.android.gms.nearby.exposurenotification.START cmp=com.google.android.gms/.chimera.PersistentApiService }
11-16 08:57:10.627: D/BoundBrokerSvc(13816): onBind: Intent { act=com.google.android.gms.common.BIND_SHARED_PREFS pkg=com.google.android.gms }
11-16 08:57:10.627: D/BoundBrokerSvc(13816): Loading bound service for intent: Intent { act=com.google.android.gms.common.BIND_SHARED_PREFS pkg=com.google.android.gms }
11-16 08:57:10.630: I/dex2oat(16039): /system/bin/dex2oat --input-vdex-fd=-1 --output-vdex-fd=19 --compiler-filter=speed-profile --classpath-dir=/data/app/com.google.android.gmscore.testing.testsupport-ehzH5Vamy0MoPFpjUlKiOA== --class-loader-context=PCL[/system/framework/org.apache.http.legacy.boot.jar] --generate-mini-debug-info --compact-dex-level=none --compilation-reason=install
11-16 08:57:10.649: D/BoundBrokerSvc(13816): onUnbind: Intent { act=com.google.android.gms.common.BIND_SHARED_PREFS pkg=com.google.android.gms }
11-16 08:57:10.649: I/Icing(13816): IndexChimeraService.getServiceInterface callingPackage=com.google.android.gms componentName=AppsCorpus serviceId=36
11-16 08:57:10.656: I/GmsModuleFndr(13816): Beginning GMS chimera module scan
11-16 08:57:10.657: I/TestSupport(13816): Activate: 1636963200000@1637081830646 [CONTEXT service_id=133 ]
11-16 08:57:10.657: I/TestSupport(13816): Boot time: 1637081206248 [CONTEXT service_id=133 ]
11-16 08:57:10.658: I/TestSupport(13816): Updated: /data/data/com.google.android.gms/app_testsupport/.startup [CONTEXT service_id=133 ]
11-16 08:57:10.659: I/ChimeraCfgMgr(13816): Received com.google.android.chimera.IntentOperation.NEW_MODULE(1/0): 1,false
11-16 08:57:10.663: I/ModuleSetMgr(13816): Computing pending module set with APKs: [[AdsFdrDynamite.integ:213806100100000], [Enpromo.integ:214106000100000], [Pay.optional:213614100000], [VisionOcr.optional:213614100400], [AdsFdrDynamite.integ:212104400100000], [Cronetdynamite:213614100400], [Dynamiteloader:213614100000], [Dynamitemodulesa:213614100000], [Dynamitemodulesc:213614100000], [Googlecertificates:213614100000], [Mapsdynamite:213614100000], [Measurementdynamite:213614100000]]
11-16 08:57:10.669: I/ModuleSetMgr(13816): Pending container module APKs: [[Pay.optional:213614100000], [VisionOcr.optional:213614100400]]
11-16 08:57:10.669: I/ModuleSetMgr(13816): Pending non-container module APKs: [[Enpromo.integ:214106000100000], [AdsFdrDynamite.integ:213806100100000]]
11-16 08:57:10.670: E/PhenotypeRegOp(13816): Attempting to overwrite config package for com.google.android.gms.games [CONTEXT service_id=231 ]
11-16 08:57:10.670: E/PhenotypeRegOp(13816): Attempting to overwrite config package for com.google.android.gms.maps#com.google.android.gms [CONTEXT service_id=231 ]
11-16 08:57:10.670: W/Icing(13816): No valid account for uploading user actions
11-16 08:57:10.670: E/PhenotypeRegOp(13816): Attempting to overwrite config package for com.google.android.gms.cast [CONTEXT service_id=231 ]
11-16 08:57:10.671: E/PhenotypeRegOp(13816): Attempting to overwrite config package for com.google.android.gms.mobile_data_plan [CONTEXT service_id=231 ]
11-16 08:57:10.671: E/PhenotypeRegOp(13816): Attempting to overwrite config package for com.google.android.gms.udc [CONTEXT service_id=231 ]
11-16 08:57:10.677: W/PackageParser(13816): Unknown element under <manifest>: queries at /data/user_de/0/com.google.android.gms/app_chimera/m/00000007/AdsDynamite.apk Binary XML file line #5
11-16 08:57:10.689: W/PackageParser(13816): Unknown element under <manifest>: queries at /data/user_de/0/com.google.android.gms/app_chimera/m/00000011/dl-AdsFdrDynamite.integ_213806100100000.apk Binary XML file line #11
11-16 08:57:10.695: I/Icing(13816): IndexChimeraService.getServiceInterface callingPackage=com.google.android.gms componentName=null serviceId=30
11-16 08:57:10.708: I/Icing(13816): Usage reports ok 0, Failed Usage reports 0, indexed 0, rejected 0
11-16 08:57:10.716: W/Icing(13816): No valid account for uploading user actions
11-16 08:57:10.723: I/Icing(13816): Usage reports ok 0, Failed Usage reports 0, indexed 0, rejected 0
11-16 08:57:10.727: I/Icing(13816): Indexing com.google.android.gms-apps from com.google.android.gms
11-16 08:57:10.734: I/Icing(13816): Indexing done com.google.android.gms-apps
11-16 08:57:11.104: I/dex2oat(16039): Explicit concurrent copying GC freed 11040(2MB) AllocSpace objects, 0(0B) LOS objects, 99% free, 896B/1536KB, paused 30us total 2.822ms
11-16 08:57:11.215: I/dex2oat(16039): dex2oat took 586.249ms (1.224s cpu) (threads: 8) arena alloc=16KB (16832B) java alloc=16KB (17280B) native alloc=5MB (5283104B) free=2MB (3105504B)
11-16 08:57:11.221: V/installed(832): DexInv: --- END '/data/app/com.google.android.gmscore.testing.testsupport-ehzH5Vamy0MoPFpjUlKiOA==/base.apk' (success) ---
11-16 08:57:11.221: V/installed(832): [ 11-16 08:57:11.223   832: 1374 E/         ]
11-16 08:57:11.221: V/installed(832): Couldn't opendir /data/app/vmdl324598339.tmp: No such file or directory
11-16 08:57:11.223: E/installd(832): Failed to delete /data/app/vmdl324598339.tmp: No such file or directory
11-16 08:57:11.240: D/ImsResolver(3783): maybeAddedImsService, packageName: com.google.android.gmscore.testing.testsupport
11-16 08:57:11.243: I/Finsky(13130): [2] yeh.d(13): PackageMonitorReceiverImpl - Received: android.intent.action.PACKAGE_ADDED, [Cfp7IzF5TvVG3xiSuASXeJDeHWm6HS2AulwLaqmOV14]
11-16 08:57:11.243: I/Finsky(13130): [2] yfi.g(1): Invalidating cached PackageState for com.google.android.gmscore.testing.testsupport
11-16 08:57:11.245: W/BroadcastQueue(1161): Background execution not allowed: receiving Intent { act=android.intent.action.PACKAGE_ADDED dat=package:com.google.android.gmscore.testing.testsupport flg=0x4000010 (has extras) } to com.android.musicfx/.Compatibility$Receiver
11-16 08:57:11.246: W/BroadcastQueue(1161): Background execution not allowed: receiving Intent { act=android.intent.action.PACKAGE_ADDED dat=package:com.google.android.gmscore.testing.testsupport flg=0x4000010 (has extras) } to com.android.vending/com.google.android.finsky.packagemanager.impl.PackageMonitorReceiverImpl$RegisteredReceiver
11-16 08:57:11.246: W/BroadcastQueue(1161): Background execution not allowed: receiving Intent { act=android.intent.action.PACKAGE_ADDED dat=package:com.google.android.gmscore.testing.testsupport flg=0x4000010 (has extras) } to com.google.android.gms/.games.chimera.GamesSystemBroadcastReceiverProxy
11-16 08:57:11.246: W/BroadcastQueue(1161): Background execution not allowed: receiving Intent { act=android.intent.action.PACKAGE_ADDED dat=package:com.google.android.gmscore.testing.testsupport flg=0x4000010 (has extras) } to com.google.android.gms/.gass.chimera.PackageChangeBroadcastReceiver
11-16 08:57:11.246: W/BroadcastQueue(1161): Background execution not allowed: receiving Intent { act=android.intent.action.PACKAGE_ADDED dat=package:com.google.android.gmscore.testing.testsupport flg=0x4000010 (has extras) } to com.google.android.gms/.chimera.GmsIntentOperationService$PersistentTrustedReceiver
11-16 08:57:11.246: W/BroadcastQueue(1161): Background execution not allowed: receiving Intent { act=android.intent.action.PACKAGE_ADDED dat=package:com.google.android.gmscore.testing.testsupport flg=0x4000010 (has extras) } to com.google.android.googlequicksearchbox/com.google.android.apps.gsa.googlequicksearchbox.GelStubAppWatcher
11-16 08:57:11.247: I/InputReader(1161): Reconfiguring input devices.  changes=0x00000010
11-16 08:57:11.247: W/BroadcastQueue(1161): Background execution not allowed: receiving Intent { act=android.intent.action.PACKAGE_ADDED dat=package:com.google.android.gmscore.testing.testsupport flg=0x4000010 (has extras) } to com.google.android.ims/.receivers.RcsAutoStartReceiver
11-16 08:57:11.248: I/CarrierServices(10069): [2] RcsAutoStartReceiver.b: carrierServicesJibeServiceEnabled changed from true to true
11-16 08:57:11.248: I/CarrierServices(10069): [2] RcsAutoStartReceiver.b: enableRcs changed from true to true
11-16 08:57:11.249: I/CarrierServices(10069): [2] RcsAutoStartReceiver.b: RcsAutoStartReceiver triggered. Fetching RCS State. Action: android.intent.action.PACKAGE_ADDED
11-16 08:57:11.250: I/Telecom(1161): DefaultDialerCache: Refreshing default dialer for user 0: now com.google.android.dialer: DDC.oR@AJI
11-16 08:57:11.251: I/Finsky(13130): [2] owk.d(2): Frosting ID looked up on UI thread. Caller should move to a background thread.
11-16 08:57:11.253: I/CarrierServices(10069): [2] aws.a: Migration binding to RcsMigrationService
11-16 08:57:11.254: I/Finsky(13130): [266] ovx.run(16): Wrote row to frosting DB: 210
11-16 08:57:11.268: I/Finsky(13130): [2] amas.a(3): Do not start WearSupportService due to Wear service optimization
11-16 08:57:11.269: I/BugleDataModel(10170): RcsMigrationService: Returning RCS state provider.
11-16 08:57:11.270: I/Finsky(13130): [265] jnw.a(15): [ContentSync] finished, scheduled=false
11-16 08:57:11.273: I/Finsky(13130): [2] amas.a(3): Do not start WearSupportService due to Wear service optimization
11-16 08:57:11.274: I/Finsky(13130): [2] aeak.a(8): Clearing split related stale data.
11-16 08:57:11.275: I/Finsky(13130): [267] gxq.a(12): Asset module storage cleared for package com.google.android.gmscore.testing.testsupport.
11-16 08:57:11.277: I/BugleRcsEngine(10170): [640] pot.a: Sim state is not ready. Returning last known operation mode.
11-16 08:57:11.279: I/CarrierServices(10069): [597] awt.doInBackground: Saving RCS State
11-16 08:57:11.280: I/CarrierServices(10069): [597] awt.doInBackground: Old operation mode: 0
11-16 08:57:11.280: I/Finsky(13130): [2] owk.d(2): Frosting ID looked up on UI thread. Caller should move to a background thread.
11-16 08:57:11.282: I/CarrierServices(10069): [597] awt.doInBackground: New operation mode: 0
11-16 08:57:11.283: E/PhoneInterfaceManager(3783): [PhoneIntfMgr] getCarrierPackageNamesForIntent: No UICC
11-16 08:57:11.283: D/CarrierSvcBindHelper(3783): No carrier app for: 0
11-16 08:57:11.283: I/CarrierServices(10069): [2] aww.a: Unbinding RcsMigrationService
11-16 08:57:11.283: D/RegisteredNfcFServicesCache(4138): Service unchanged, not updating
11-16 08:57:11.287: I/Auth(13816): [SupervisedAccountIntentOperation] onHandleIntent(): android.intent.action.PACKAGE_ADDED
11-16 08:57:11.288: I/Finsky(13130): [266] ovx.run(16): Wrote row to frosting DB: 211
11-16 08:57:11.289: I/BlockstoreStorage(13816): Clearing Blockstore Data for package com.google.android.gmscore.testing.testsupport [CONTEXT service_id=258 ]
11-16 08:57:11.291: I/BlockstoreStorage(13816): No metadata found. Skipping deletion. [CONTEXT service_id=258 ]
11-16 08:57:11.294: E/VvmPkgInstalledRcvr(3783): cannot create TelephonyManager from ComponentInfo{com.android.phone/com.android.services.telephony.TelephonyConnectionService}, ***, UserHandle{0}
11-16 08:57:11.294: D/CarrierConfigLoader(3783): mHandler: 9 phoneId: 0
11-16 08:57:11.296: D/BoundBrokerSvc(13816): onBind: Intent { act=com.google.android.gms.common.BIND_SHARED_PREFS pkg=com.google.android.gms }
11-16 08:57:11.296: W/GCM(11018): Unexpected forwarded intent: Intent { act=android.intent.action.PACKAGE_ADDED dat=package:com.google.android.gmscore.testing.testsupport flg=0x4000010 pkg=com.google.android.gms cmp=com.google.android.gms/.chimera.PersistentIntentOperationService (has extras) }
11-16 08:57:11.296: D/BoundBrokerSvc(13816): Loading bound service for intent: Intent { act=com.google.android.gms.common.BIND_SHARED_PREFS pkg=com.google.android.gms }
11-16 08:57:11.297: W/GCM(11018): Unexpected forwarded intent: Intent { act=android.intent.action.PACKAGE_ADDED dat=package:com.google.android.gmscore.testing.testsupport flg=0x4000010 pkg=com.google.android.gms cmp=com.google.android.gms/.chimera.PersistentIntentOperationService (has extras) }
11-16 08:57:11.301: I/ActivityManager(1161): Start proc 16060:com.google.android.gmscore.testing.testsupport/u0a170 for service com.google.android.gmscore.testing.testsupport/.CommandService
11-16 08:57:11.307: D/BoundBrokerSvc(13816): onUnbind: Intent { act=com.google.android.gms.common.BIND_SHARED_PREFS pkg=com.google.android.gms }
11-16 08:57:11.308: E/ing.testsuppor(16060): Not starting debugger since process cannot load the jdwp agent.
11-16 08:57:11.334: I/ing.testsuppor(16060): The ClassLoaderContext is a special shared library.
11-16 08:57:11.337: W/ChimeraUtils(11018): Module com.google.android.gms.nearby_en has empty metadata display_name_string_id
11-16 08:57:11.340: I/Icing(13816): Indexing com.google.android.gms-apps from com.google.android.gms
11-16 08:57:11.344: I/Icing(13816): Indexing done com.google.android.gms-apps
11-16 08:57:11.348: I/TSDRIVER(16060): CommandService onHandleIntent()
11-16 08:57:11.348: I/TSDRIVER(16060): Got command: PACKAGE
11-16 08:57:11.348: W/ChimeraUtils(11018): Module com.google.android.gms.nearby_en has empty metadata display_name_string_id
11-16 08:57:11.349: W/ChimeraUtils(11018): Module com.google.android.gms.nearby_en has empty metadata display_name_string_id
11-16 08:57:11.366: I/TSDRIVER(16060): flag package: Eglnc2VydmljZXMaLAooZmluc2t5LnBsYXlfc2VydmljZXNfYXV0b191cGRhdGVfZW5hYmxlZBgAGjUKMWZpbnNreS5zZXR1cF93aXphcmRfYWRkaXRpb25hbF9hY2NvdW50X3ZwYV9lbmFibGUYABoxCi1maW5za3kuZGFpbHlfaHlnaWVuZV9zY2hlZHVsZV91bmF1dGhlbnRpY2F0ZWQYABpyCipmaW5za3kuYmFja2dyb3VuZF9zcGxpdF9pbnN0YWxsc19ibGFja2xpc3QSRGNvbS5hbmRyb2lkLmNocm9tZSxjb20uZ29vZ2xlLmFuZHJvaWQuZ21zLGNvbS5nb29nbGUuYW5kcm9pZC53ZWJ2aWV3KPgB
11-16 08:57:11.369: E/GooglePlayServicesUtil(16060): The Google Play services resources were not found. Check your project configuration to ensure that the resources are included.
11-16 08:57:11.370: I/TSDRIVER(16060): flag package: gservices
11-16 08:57:11.374: D/BoundBrokerSvc(13816): onBind: Intent { act=com.google.android.gms.testsupport.service.START pkg=com.google.android.gms }
11-16 08:57:11.374: D/BoundBrokerSvc(13816): Loading bound service for intent: Intent { act=com.google.android.gms.testsupport.service.START pkg=com.google.android.gms }
11-16 08:57:11.394: I/m.akt(13816): Primes not initialized, returning default (no-op) Primes instance which will ignore all calls. Please call Primes.initialize(...) before using any Primes API.
11-16 08:57:11.407: W/DynamiteModule(13816): Local module descriptor class for com.google.android.gms.googlecertificates not found.
11-16 08:57:11.413: W/gle.android.gm(13816): Unsupported class loader
11-16 08:57:11.415: W/gle.android.gm(13816): Skipping duplicate class check due to unsupported classloader
11-16 08:57:11.417: I/DynamiteModule(13816): Considering local module com.google.android.gms.googlecertificates:0 and remote module com.google.android.gms.googlecertificates:6
11-16 08:57:11.417: I/DynamiteModule(13816): Selected remote version of com.google.android.gms.googlecertificates, version >= 6
11-16 08:57:11.436: W/gle.android.gm(13816): Unsupported class loader
11-16 08:57:11.442: W/gle.android.gm(13816): Skipping duplicate class check due to unsupported classloader
11-16 08:57:11.462: I/TestSupport(13816): Activated: 1636963200000@1637081830646 [CONTEXT service_id=133 ]
11-16 08:57:11.463: I/TestSupport(13816): Boot time: 1637081206248 [CONTEXT service_id=133 ]
11-16 08:57:11.463: I/TestSupport(13816): Passing package and signature checks: com.google.android.gmscore.testing.testsupport [CONTEXT service_id=133 ]
11-16 08:57:11.473: I/TestSupport(13816): SetOverrideOperation: finsky.play_services_auto_update_enabled = false [CONTEXT service_id=133 ]
11-16 08:57:11.503: I/GservicesProvider(4365): override update completed
11-16 08:57:11.517: I/TestSupport(13816): GServices override confirmed: finsky.play_services_auto_update_enabled=false [CONTEXT service_id=133 ]
11-16 08:57:11.528: I/ActivityManager(1161): Start proc 16090:com.android.connectivity.metrics/u0a57 for broadcast com.android.connectivity.metrics/.SnapshotSchedulingReceiver
11-16 08:57:11.533: I/TestSupport(13816): SetOverrideOperation: finsky.setup_wizard_additional_account_vpa_enable = false [CONTEXT service_id=133 ]
11-16 08:57:11.536: E/ctivity.metric(16090): Not starting debugger since process cannot load the jdwp agent.
11-16 08:57:11.537: I/CarrierServices(10069): [2] bxu.e: Carrier Services GServices flags:
11-16 08:57:11.537: I/CarrierServices(10069):    carrier_services_security_flags_ec_api_white_listed_packages: com.google.android.apps.messaging,com.google.android.dialer,com.google.android.ims.client.sampleapp,com.android.contacts,com.lge.rcscall,com.android.incallui,com.huawei.incallui.appfeature.rcsfeature
11-16 08:57:11.537: I/CarrierServices(10069):    carrier_services_security_flags_ec_api_white_listed_signatures: B28C3EDB665DF32686224DF800F603E9959BBE4E,0980A12BE993528C19107BC21AD811478C63CEFC,B38FA7B5ECFAEC44620A020752B07E063B3120A8,203997BC46B8792DC9747ABD230569071F9A0439,EDA6413C3E3A95492114FE07CD953AD897E40D1A,760EBB9F4200B3DFB1B817B40FF0563A3C150D39,5B368CFF2DA2686996BC95EAC190EAA4F5630FE5,01D845B26B688D8EF647205A5944E9407E52E06E,27196E386B875E76ADF700E7EA84E4C6EEE33DFA,1CDD04F1E4A732BB0352FDFAEE26D2315526DF85,025D5212BF3B5F5CDA6117A518721D70A94D84E0
11-16 08:57:11.537: I/CarrierServices(10069):    carrier_services_security_flags_test_service_white_listed_packages: com.google.android.ims.mobly.snippets
11-16 08:57:11.537: I/CarrierServices(10069):    carrier_services_security_flags_test_service_white_listed_signatures: AE41481F52E0F58DF2806D5A38EB3DBCA5AE02B0,E165542B31953CC282AA4EF2F4D5F07F7663A2A2
11-16 08:57:11.537: I/CarrierServices(10069):    carrier_services_security_flags_white_listed_packages: com.google.android.apps.messaging,com.google.android.dialer,com.google.android.ims.client.sampleapp,com.android.contacts,com.lge.rcscall,com.android.incallui,com.huawei.incallui.appfeature.rcsfeature
11-16 08:57:11.537: I/CarrierServices(10069):    carrier_services_security_flags_white_listed_signatures: B28C3EDB665DF32686224DF800F603E9959BBE4E,0980A12BE993528C19107BC21AD811478C63CEFC,B38FA7B5ECFAEC44620A020752B07E063B3120A8,203997BC46B8792DC9747ABD230569071F9A0439,EDA6413C3E3A95492114FE07CD953AD897E40D1A,760EBB9F4200B3DFB1B817B40FF0563A3C150D39,5B368CFF2DA2686996BC95EAC190EAA4F5630FE5,01D845B26B688D8EF647205A5944E9407E52E06E,27196E386B875E76ADF700E7EA84E4C6EEE33DFA,1CDD04F1E4A732BB0352FDFAEE26D2315526DF85,025D5212BF3B5F5CDA6117A518721D70A94D84E0
11-16 08:57:11.537: I/CarrierServices(10069):    carrier_services_video_share_disabled_user_agent_substrings: SM-G930,SM-G935,SM-A320
11-16 08:57:11.537: I/CarrierServices(10069): ====================
11-16 08:57:11.541: I/Bugle(10170): ApnsOta: OTA version -1
11-16 08:57:11.556: D/CarrierServices(10069): log_saver already enabled
11-16 08:57:11.559: I/ctivity.metric(16090): The ClassLoaderContext is a special shared library.
11-16 08:57:11.579: D/ConnMetrics:App(16090): onCreate()
11-16 08:57:11.582: I/GservicesProvider(4365): override update completed
11-16 08:57:11.600: E/tidevice.clien(16111): Not starting debugger since process cannot load the jdwp agent.
11-16 08:57:11.603: I/ActivityManager(1161): Start proc 16111:com.google.android.apps.multidevice.client/u0a72 for broadcast com.google.android.apps.multidevice.client/.ui.pixel.SettingsActivityAvailabilityReceiver
11-16 08:57:11.606: I/TestSupport(13816): GServices override confirmed: finsky.setup_wizard_additional_account_vpa_enable=false [CONTEXT service_id=133 ]
11-16 08:57:11.613: I/Bugle(10170): ApnsOta: OTA version -1
11-16 08:57:11.623: I/TestSupport(13816): SetOverrideOperation: finsky.daily_hygiene_schedule_unauthenticated = false [CONTEXT service_id=133 ]
11-16 08:57:11.625: I/CarrierServices(10069): [2] bxu.e: Carrier Services GServices flags:
11-16 08:57:11.625: I/CarrierServices(10069):    carrier_services_security_flags_ec_api_white_listed_packages: com.google.android.apps.messaging,com.google.android.dialer,com.google.android.ims.client.sampleapp,com.android.contacts,com.lge.rcscall,com.android.incallui,com.huawei.incallui.appfeature.rcsfeature
11-16 08:57:11.625: I/CarrierServices(10069):    carrier_services_security_flags_ec_api_white_listed_signatures: B28C3EDB665DF32686224DF800F603E9959BBE4E,0980A12BE993528C19107BC21AD811478C63CEFC,B38FA7B5ECFAEC44620A020752B07E063B3120A8,203997BC46B8792DC9747ABD230569071F9A0439,EDA6413C3E3A95492114FE07CD953AD897E40D1A,760EBB9F4200B3DFB1B817B40FF0563A3C150D39,5B368CFF2DA2686996BC95EAC190EAA4F5630FE5,01D845B26B688D8EF647205A5944E9407E52E06E,27196E386B875E76ADF700E7EA84E4C6EEE33DFA,1CDD04F1E4A732BB0352FDFAEE26D2315526DF85,025D5212BF3B5F5CDA6117A518721D70A94D84E0
11-16 08:57:11.625: I/CarrierServices(10069):    carrier_services_security_flags_test_service_white_listed_packages: com.google.android.ims.mobly.snippets
11-16 08:57:11.625: I/CarrierServices(10069):    carrier_services_security_flags_test_service_white_listed_signatures: AE41481F52E0F58DF2806D5A38EB3DBCA5AE02B0,E165542B31953CC282AA4EF2F4D5F07F7663A2A2
11-16 08:57:11.625: I/CarrierServices(10069):    carrier_services_security_flags_white_listed_packages: com.google.android.apps.messaging,com.google.android.dialer,com.google.android.ims.client.sampleapp,com.android.contacts,com.lge.rcscall,com.android.incallui,com.huawei.incallui.appfeature.rcsfeature
11-16 08:57:11.625: I/CarrierServices(10069):    carrier_services_security_flags_white_listed_signatures: B28C3EDB665DF32686224DF800F603E9959BBE4E,0980A12BE993528C19107BC21AD811478C63CEFC,B38FA7B5ECFAEC44620A020752B07E063B3120A8,203997BC46B8792DC9747ABD230569071F9A0439,EDA6413C3E3A95492114FE07CD953AD897E40D1A,760EBB9F4200B3DFB1B817B40FF0563A3C150D39,5B368CFF2DA2686996BC95EAC190EAA4F5630FE5,01D845B26B688D8EF647205A5944E9407E52E06E,27196E386B875E76ADF700E7EA84E4C6EEE33DFA,1CDD04F1E4A732BB0352FDFAEE26D2315526DF85,025D5212BF3B5F5CDA6117A518721D70A94D84E0
11-16 08:57:11.625: I/CarrierServices(10069):    carrier_services_video_share_disabled_user_agent_substrings: SM-G930,SM-G935,SM-A320
11-16 08:57:11.625: I/CarrierServices(10069): ====================
11-16 08:57:11.636: E/GooglePlayServicesUtil(16090): The Google Play services resources were not found. Check your project configuration to ensure that the resources are included.
11-16 08:57:11.643: I/tidevice.clien(16111): The ClassLoaderContext is a special shared library.
11-16 08:57:11.652: I/GservicesProvider(4365): override update completed
11-16 08:57:11.667: D/ConnMetrics:App(16090): IsOptedIn = false
11-16 08:57:11.673: I/TestSupport(13816): GServices override confirmed: finsky.daily_hygiene_schedule_unauthenticated=false [CONTEXT service_id=133 ]
11-16 08:57:11.681: I/TestSupport(13816): SetOverrideOperation: finsky.background_split_installs_blacklist = com.android.chrome,com.google.android.gms,com.google.android.webview [CONTEXT service_id=133 ]
11-16 08:57:11.688: I/CarrierServices(10069): [2] bxu.e: Carrier Services GServices flags:
11-16 08:57:11.688: I/CarrierServices(10069):    carrier_services_security_flags_ec_api_white_listed_packages: com.google.android.apps.messaging,com.google.android.dialer,com.google.android.ims.client.sampleapp,com.android.contacts,com.lge.rcscall,com.android.incallui,com.huawei.incallui.appfeature.rcsfeature
11-16 08:57:11.688: I/CarrierServices(10069):    carrier_services_security_flags_ec_api_white_listed_signatures: B28C3EDB665DF32686224DF800F603E9959BBE4E,0980A12BE993528C19107BC21AD811478C63CEFC,B38FA7B5ECFAEC44620A020752B07E063B3120A8,203997BC46B8792DC9747ABD230569071F9A0439,EDA6413C3E3A95492114FE07CD953AD897E40D1A,760EBB9F4200B3DFB1B817B40FF0563A3C150D39,5B368CFF2DA2686996BC95EAC190EAA4F5630FE5,01D845B26B688D8EF647205A5944E9407E52E06E,27196E386B875E76ADF700E7EA84E4C6EEE33DFA,1CDD04F1E4A732BB0352FDFAEE26D2315526DF85,025D5212BF3B5F5CDA6117A518721D70A94D84E0
11-16 08:57:11.688: I/CarrierServices(10069):    carrier_services_security_flags_test_service_white_listed_packages: com.google.android.ims.mobly.snippets
11-16 08:57:11.688: I/CarrierServices(10069):    carrier_services_security_flags_test_service_white_listed_signatures: AE41481F52E0F58DF2806D5A38EB3DBCA5AE02B0,E165542B31953CC282AA4EF2F4D5F07F7663A2A2
11-16 08:57:11.688: I/CarrierServices(10069):    carrier_services_security_flags_white_listed_packages: com.google.android.apps.messaging,com.google.android.dialer,com.google.android.ims.client.sampleapp,com.android.contacts,com.lge.rcscall,com.android.incallui,com.huawei.incallui.appfeature.rcsfeature
11-16 08:57:11.688: I/CarrierServices(10069):    carrier_services_security_flags_white_listed_signatures: B28C3EDB665DF32686224DF800F603E9959BBE4E,0980A12BE993528C19107BC21AD811478C63CEFC,B38FA7B5ECFAEC44620A020752B07E063B3120A8,203997BC46B8792DC9747ABD230569071F9A0439,EDA6413C3E3A95492114FE07CD953AD897E40D1A,760EBB9F4200B3DFB1B817B40FF0563A3C150D39,5B368CFF2DA2686996BC95EAC190EAA4F5630FE5,01D845B26B688D8EF647205A5944E9407E52E06E,27196E386B875E76ADF700E7EA84E4C6EEE33DFA,1CDD04F1E4A732BB0352FDFAEE26D2315526DF85,025D5212BF3B5F5CDA6117A518721D70A94D84E0
11-16 08:57:11.688: I/CarrierServices(10069):    carrier_services_video_share_disabled_user_agent_substrings: SM-G930,SM-G935,SM-A320
11-16 08:57:11.688: I/CarrierServices(10069): ====================
11-16 08:57:11.694: I/Bugle(10170): ApnsOta: OTA version -1
11-16 08:57:11.696: D/CarrierServices(10069): log_saver already enabled
11-16 08:57:11.707: I/SettingsActivityAvailab(16111): Disabling com.google.android.apps.multidevice.client.ui.pixel.SettingsActivity.
11-16 08:57:11.710: D/GservicesChangeReceiver(6213): Gservices Changed broadcast Received. context is android.app.ReceiverRestrictedContext@4af834c
11-16 08:57:11.713: D/CarrierServices(10069): log_saver already enabled
11-16 08:57:11.714: D/GservicesChangeReceiver(6213): Gservices allowPowerAnomalyData is False.
11-16 08:57:11.715: D/ConnectivityMonitorManager(6213): Service com.google.android.connectivitymonitor.PowerAnomalyDetectorService is not running...
11-16 08:57:11.722: D/BugleRcsEngine(10190): log_saver already enabled
11-16 08:57:11.727: D/GservicesChangeReceiver(6213): Gservices allowLowPowerMonitoring is False.
11-16 08:57:11.729: D/ConnectivityMonitorManager(6213): Service com.google.android.connectivitymonitor.LowPowerMonitorService is not running...
11-16 08:57:11.739: I/GservicesProvider(4365): override update completed
11-16 08:57:11.755: D/GservicesChangeReceiver(6213): Gservices isConnectivityMonitorEnabled is True.
11-16 08:57:11.757: D/ConnectivityMonitorManager(6213): Service com.google.android.connectivitymonitor.ConnectivityMonitorService is running...
11-16 08:57:11.758: I/TestSupport(13816): GServices override confirmed: finsky.background_split_installs_blacklist=com.android.chrome,com.google.android.gms,com.google.android.webview [CONTEXT service_id=133 ]
11-16 08:57:11.758: I/Bugle(10170): ApnsOta: OTA version -1
11-16 08:57:11.758: I/TSDRIVER(16060): Handled command: PACKAGE
11-16 08:57:11.760: I/ActivityManager(1161): Killing 13262:com.android.vending:instant_app_installer/u0a14 (adj 906): empty #17
11-16 08:57:11.760: W/libprocessgroup(1161): kill(-13262, 9) failed: No such process
11-16 08:57:11.766: I/CarrierServices(10069): [2] bxu.e: Carrier Services GServices flags:
11-16 08:57:11.766: I/CarrierServices(10069):    carrier_services_security_flags_ec_api_white_listed_packages: com.google.android.apps.messaging,com.google.android.dialer,com.google.android.ims.client.sampleapp,com.android.contacts,com.lge.rcscall,com.android.incallui,com.huawei.incallui.appfeature.rcsfeature
11-16 08:57:11.766: I/CarrierServices(10069):    carrier_services_security_flags_ec_api_white_listed_signatures: B28C3EDB665DF32686224DF800F603E9959BBE4E,0980A12BE993528C19107BC21AD811478C63CEFC,B38FA7B5ECFAEC44620A020752B07E063B3120A8,203997BC46B8792DC9747ABD230569071F9A0439,EDA6413C3E3A95492114FE07CD953AD897E40D1A,760EBB9F4200B3DFB1B817B40FF0563A3C150D39,5B368CFF2DA2686996BC95EAC190EAA4F5630FE5,01D845B26B688D8EF647205A5944E9407E52E06E,27196E386B875E76ADF700E7EA84E4C6EEE33DFA,1CDD04F1E4A732BB0352FDFAEE26D2315526DF85,025D5212BF3B5F5CDA6117A518721D70A94D84E0
11-16 08:57:11.766: I/CarrierServices(10069):    carrier_services_security_flags_test_service_white_listed_packages: com.google.android.ims.mobly.snippets
11-16 08:57:11.766: I/CarrierServices(10069):    carrier_services_security_flags_test_service_white_listed_signatures: AE41481F52E0F58DF2806D5A38EB3DBCA5AE02B0,E165542B31953CC282AA4EF2F4D5F07F7663A2A2
11-16 08:57:11.766: I/CarrierServices(10069):    carrier_services_security_flags_white_listed_packages: com.google.android.apps.messaging,com.google.android.dialer,com.google.android.ims.client.sampleapp,com.android.contacts,com.lge.rcscall,com.android.incallui,com.huawei.incallui.appfeature.rcsfeature
11-16 08:57:11.766: I/CarrierServices(10069):    carrier_services_security_flags_white_listed_signatures: B28C3EDB665DF32686224DF800F603E9959BBE4E,0980A12BE993528C19107BC21AD811478C63CEFC,B38FA7B5ECFAEC44620A020752B07E063B3120A8,203997BC46B8792DC9747ABD230569071F9A0439,EDA6413C3E3A95492114FE07CD953AD897E40D1A,760EBB9F4200B3DFB1B817B40FF0563A3C150D39,5B368CFF2DA2686996BC95EAC190EAA4F5630FE5,01D845B26B688D8EF647205A5944E9407E52E06E,27196E386B875E76ADF700E7EA84E4C6EEE33DFA,1CDD04F1E4A732BB0352FDFAEE26D2315526DF85,025D5212BF3B5F5CDA6117A518721D70A94D84E0
11-16 08:57:11.766: I/CarrierServices(10069):    carrier_services_video_share_disabled_user_agent_substrings: SM-G930,SM-G935,SM-A320
11-16 08:57:11.766: I/CarrierServices(10069): ====================
11-16 08:57:11.772: I/ActivityManager(1161): Start proc 16132:com.google.android.euicc/u0a67 for broadcast com.google.android.euicc/com.android.euicc.receiver.GservicesChangedReceiver
11-16 08:57:11.774: E/e.android.euic(16132): Not starting debugger since process cannot load the jdwp agent.
11-16 08:57:11.775: W/libprocessgroup(1161): kill(-13262, 9) failed: No such process
11-16 08:57:11.782: D/BoundBrokerSvc(11018): onUnbind: Intent { act=com.google.android.gms.instantapps.START pkg=com.google.android.gms }
11-16 08:57:11.784: I/Zygote(732): Process 13262 exited due to signal (9)
11-16 08:57:11.787: D/CarrierServices(10069): log_saver already enabled
11-16 08:57:11.811: I/TSDRIVER(16060): CommandService onHandleIntent()
11-16 08:57:11.811: I/TSDRIVER(16060): Got command: PACKAGE
11-16 08:57:11.811: I/TSDRIVER(16060): flag package: Eitjb20uZ29vZ2xlLmFuZHJvaWQuZ21zLmF1dGguYXBpLmNyZWRlbnRpYWxzGh4KGlNhdmVTdHJhdGVneV9fZW5hYmxlU2F2aW5nGAAoPg
11-16 08:57:11.811: I/TSDRIVER(16060): flag package: com.google.android.gms.auth.api.credentials
11-16 08:57:11.818: W/libprocessgroup(1161): kill(-13262, 9) failed: No such process
11-16 08:57:11.818: I/libprocessgroup(1161): Successfully killed process cgroup uid 10014 pid 13262 in 58ms
11-16 08:57:11.825: I/TestSupport(13816): SetOverrideOperation: gms:phenotype:phenotype_flag:debug_bypass_phenotype = false [CONTEXT service_id=133 ]
11-16 08:57:11.848: I/GservicesProvider(4365): override update completed
11-16 08:57:11.862: I/TestSupport(13816): GServices override confirmed: gms:phenotype:phenotype_flag:debug_bypass_phenotype=false [CONTEXT service_id=133 ]
11-16 08:57:11.874: I/TestSupport(13816): SetFlagOverridesOperation: com.google.android.gms.auth.api.credentials, '', [Flag(SaveStrategy__enableSaving, false, 2, 0)] [CONTEXT service_id=133 ]
11-16 08:57:11.875: I/CarrierServices(10069): [2] bxu.e: Carrier Services GServices flags:
11-16 08:57:11.875: I/CarrierServices(10069):    carrier_services_security_flags_ec_api_white_listed_packages: com.google.android.apps.messaging,com.google.android.dialer,com.google.android.ims.client.sampleapp,com.android.contacts,com.lge.rcscall,com.android.incallui,com.huawei.incallui.appfeature.rcsfeature
11-16 08:57:11.875: I/CarrierServices(10069):    carrier_services_security_flags_ec_api_white_listed_signatures: B28C3EDB665DF32686224DF800F603E9959BBE4E,0980A12BE993528C19107BC21AD811478C63CEFC,B38FA7B5ECFAEC44620A020752B07E063B3120A8,203997BC46B8792DC9747ABD230569071F9A0439,EDA6413C3E3A95492114FE07CD953AD897E40D1A,760EBB9F4200B3DFB1B817B40FF0563A3C150D39,5B368CFF2DA2686996BC95EAC190EAA4F5630FE5,01D845B26B688D8EF647205A5944E9407E52E06E,27196E386B875E76ADF700E7EA84E4C6EEE33DFA,1CDD04F1E4A732BB0352FDFAEE26D2315526DF85,025D5212BF3B5F5CDA6117A518721D70A94D84E0
11-16 08:57:11.875: I/CarrierServices(10069):    carrier_services_security_flags_test_service_white_listed_packages: com.google.android.ims.mobly.snippets
11-16 08:57:11.875: I/CarrierServices(10069):    carrier_services_security_flags_test_service_white_listed_signatures: AE41481F52E0F58DF2806D5A38EB3DBCA5AE02B0,E165542B31953CC282AA4EF2F4D5F07F7663A2A2
11-16 08:57:11.875: I/CarrierServices(10069):    carrier_services_security_flags_white_listed_packages: com.google.android.apps.messaging,com.google.android.dialer,com.google.android.ims.client.sampleapp,com.android.contacts,com.lge.rcscall,com.android.incallui,com.huawei.incallui.appfeature.rcsfeature
11-16 08:57:11.875: I/CarrierServices(10069):    carrier_services_security_flags_white_listed_signatures: B28C3EDB665DF32686224DF800F603E9959BBE4E,0980A12BE993528C19107BC21AD811478C63CEFC,B38FA7B5ECFAEC44620A020752B07E063B3120A8,203997BC46B8792DC9747ABD230569071F9A0439,EDA6413C3E3A95492114FE07CD953AD897E40D1A,760EBB9F4200B3DFB1B817B40FF0563A3C150D39,5B368CFF2DA2686996BC95EAC190EAA4F5630FE5,01D845B26B688D8EF647205A5944E9407E52E06E,27196E386B875E76ADF700E7EA84E4C6EEE33DFA,1CDD04F1E4A732BB0352FDFAEE26D2315526DF85,025D5212BF3B5F5CDA6117A518721D70A94D84E0
11-16 08:57:11.875: I/CarrierServices(10069):    carrier_services_video_share_disabled_user_agent_substrings: SM-G930,SM-G935,SM-A320
11-16 08:57:11.875: I/CarrierServices(10069): ====================
11-16 08:57:11.882: I/Bugle(10170): ApnsOta: OTA version -1
11-16 08:57:11.900: D/CarrierServices(10069): log_saver already enabled
