11-16 08:57:24.976: I/android.youtub(17541):   at java.lang.Class bg.loadClass(java.lang.String, boolean) (:com.google.android.gms.dynamite_dynamiteloader@213614065@21.36.14 (100400-0):2)
11-16 08:57:24.976: I/android.youtub(17541):   at java.lang.Class java.lang.ClassLoader.loadClass(java.lang.String) (ClassLoader.java:312)
11-16 08:57:24.976: I/android.youtub(17541):   at java.util.List xu.r(yv, android.content.Context, bqi, com.google.ads.afma.g) (:com.google.android.gms.policy_ads_fdr_dynamite@213806100@213806100057.397311113.397311113:5)
11-16 08:57:24.976: I/android.youtub(17541):   at java.util.List xv.r(yv, android.content.Context, bqi, com.google.ads.afma.g) (:com.google.android.gms.policy_ads_fdr_dynamite@213806100@213806100057.397311113.397311113:4)
11-16 08:57:24.976: I/android.youtub(17541):   at void xu.s(yv, android.content.Context, bqi, com.google.ads.afma.g) (:com.google.android.gms.policy_ads_fdr_dynamite@213806100@213806100057.397311113.397311113:0)
11-16 08:57:24.976: I/android.youtub(17541):   at bqi xu.m(android.content.Context, com.google.ads.afma.g) (:com.google.android.gms.policy_ads_fdr_dynamite@213806100@213806100057.397311113.397311113:7)
11-16 08:57:24.976: I/android.youtub(17541):   at java.lang.String xp.r(android.content.Context, java.lang.String, int, android.view.View, android.app.Activity, byte[]) (:com.google.android.gms.policy_ads_fdr_dynamite@213806100@213806100057.397311113.397311113:8)
11-16 08:57:24.976: I/android.youtub(17541):   at java.lang.String xp.g(android.content.Context, byte[]) (:com.google.android.gms.policy_ads_fdr_dynamite@213806100@213806100057.397311113.397311113:2)
11-16 08:57:24.976: I/android.youtub(17541):   at java.lang.String com.google.android.gms.ads.adshield.internal.a.b(aqh, byte[]) (:com.google.android.gms.policy_ads_fdr_dynamite@213806100@213806100057.397311113.397311113:1)
11-16 08:57:24.976: I/android.youtub(17541):   at boolean com.google.android.gms.ads.adshield.internal.a.bJ(int, android.os.Parcel, android.os.Parcel) (:com.google.android.gms.policy_ads_fdr_dynamite@213806100@213806100057.397311113.397311113:54)
11-16 08:57:24.976: I/android.youtub(17541):   at boolean zg.onTransact(int, android.os.Parcel, android.os.Parcel, int) (:com.google.android.gms.policy_ads_fdr_dynamite@213806100@213806100057.397311113.397311113:4)
11-16 08:57:24.976: I/android.youtub(17541):   at boolean android.os.Binder.transact(int, android.os.Parcel, android.os.Parcel, int) (Binder.java:667)
11-16 08:57:24.976: I/android.youtub(17541):   at android.os.Parcel pcs.a(int, android.os.Parcel) (SourceFile:7)
11-16 08:57:24.976: I/android.youtub(17541):   at java.lang.String pkk.a(oms, byte[]) (SourceFile:40)
11-16 08:57:24.976: I/android.youtub(17541):   at java.lang.String nrc.a(android.content.Context, byte[]) (SourceFile:6)
11-16 08:57:24.976: I/android.youtub(17541):   at java.lang.String qis.a(android.content.Context, byte[]) (SourceFile:10)
11-16 08:57:24.976: I/android.youtub(17541):   at java.lang.String skv.a(qio, byte[]) (SourceFile:59)
11-16 08:57:24.976: I/android.youtub(17541):   at java.lang.String skv.g() (SourceFile:41)
11-16 08:57:24.976: I/android.youtub(17541):   at java.lang.String skv.b() (SourceFile:69)
11-16 08:57:24.976: I/android.youtub(17541):   at java.lang.String slq.i() (SourceFile:56)
11-16 08:57:24.976: I/android.youtub(17541):   at java.lang.String slq.b() (SourceFile:32)
11-16 08:57:24.976: I/android.youtub(17541):   at void slq.e() (SourceFile:37)
11-16 08:57:24.976: I/android.youtub(17541):   at void cmk.run() (SourceFile:7)
11-16 08:57:24.976: I/android.youtub(17541):   at java.lang.Object java.util.concurrent.Executors$RunnableAdapter.call() (Executors.java:458)
11-16 08:57:24.976: I/android.youtub(17541):   at void java.util.concurrent.FutureTask.run() (FutureTask.java:266)
11-16 08:57:24.976: I/android.youtub(17541):   at void java.util.concurrent.ScheduledThreadPoolExecutor$ScheduledFutureTask.run() (ScheduledThreadPoolExecutor.java:301)
11-16 08:57:24.976: I/android.youtub(17541):   at void java.util.concurrent.ThreadPoolExecutor.runWorker(java.util.concurrent.ThreadPoolExecutor$Worker) (ThreadPoolExecutor.java:1167)
11-16 08:57:24.976: I/android.youtub(17541):   at void java.util.concurrent.ThreadPoolExecutor$Worker.run() (ThreadPoolExecutor.java:641)
11-16 08:57:24.976: I/android.youtub(17541):   at void ubi.run() (SourceFile:20)
11-16 08:57:24.976: I/android.youtub(17541):   at void java.lang.Thread.run() (Thread.java:764)
11-16 08:57:24.977: I/android.youtub(17541): Rejecting re-init on previously-failed class java.lang.Class<com.google.android.ads.tasks.appdigest.a>: java.lang.NoClassDefFoundError: Failed resolution of: Landroid/content/pm/PackageManager$OnChecksumsReadyListener;
11-16 08:57:24.977: I/android.youtub(17541):   at java.lang.Class dalvik.system.DexFile.defineClassNative(java.lang.String, java.lang.ClassLoader, java.lang.Object, dalvik.system.DexFile) (DexFile.java:-2)
11-16 08:57:24.977: I/android.youtub(17541):   at java.lang.Class dalvik.system.DexFile.defineClass(java.lang.String, java.lang.ClassLoader, java.lang.Object, dalvik.system.DexFile, java.util.List) (DexFile.java:283)
11-16 08:57:24.977: I/android.youtub(17541):   at java.lang.Class dalvik.system.DexFile.loadClassBinaryName(java.lang.String, java.lang.ClassLoader, java.util.List) (DexFile.java:276)
11-16 08:57:24.977: I/android.youtub(17541):   at java.lang.Class dalvik.system.DexPathList$Element.findClass(java.lang.String, java.lang.ClassLoader, java.util.List) (DexPathList.java:724)
11-16 08:57:24.977: I/android.youtub(17541):   at java.lang.Class dalvik.system.DexPathList.findClass(java.lang.String, java.util.List) (DexPathList.java:486)
11-16 08:57:24.977: I/android.youtub(17541):   at java.lang.Class dalvik.system.BaseDexClassLoader.findClass(java.lang.String) (BaseDexClassLoader.java:132)
11-16 08:57:24.977: I/android.youtub(17541):   at java.lang.Class bg.loadClass(java.lang.String, boolean) (:com.google.android.gms.dynamite_dynamiteloader@213614065@21.36.14 (100400-0):2)
11-16 08:57:24.977: I/android.youtub(17541):   at java.lang.Class java.lang.ClassLoader.loadClass(java.lang.String) (ClassLoader.java:312)
11-16 08:57:24.977: I/android.youtub(17541):   at java.util.List xu.r(yv, android.content.Context, bqi, com.google.ads.afma.g) (:com.google.android.gms.policy_ads_fdr_dynamite@213806100@213806100057.397311113.397311113:5)
11-16 08:57:24.977: I/android.youtub(17541):   at java.util.List xv.r(yv, android.content.Context, bqi, com.google.ads.afma.g) (:com.google.android.gms.policy_ads_fdr_dynamite@213806100@213806100057.397311113.397311113:4)
11-16 08:57:24.977: I/android.youtub(17541):   at void xu.s(yv, android.content.Context, bqi, com.google.ads.afma.g) (:com.google.android.gms.policy_ads_fdr_dynamite@213806100@213806100057.397311113.397311113:0)
11-16 08:57:24.977: I/android.youtub(17541):   at bqi xu.m(android.content.Context, com.google.ads.afma.g) (:com.google.android.gms.policy_ads_fdr_dynamite@213806100@213806100057.397311113.397311113:7)
11-16 08:57:24.977: I/android.youtub(17541):   at java.lang.String xp.r(android.content.Context, java.lang.String, int, android.view.View, android.app.Activity, byte[]) (:com.google.android.gms.policy_ads_fdr_dynamite@213806100@213806100057.397311113.397311113:8)
11-16 08:57:24.977: I/android.youtub(17541):   at java.lang.String xp.g(android.content.Context, byte[]) (:com.google.android.gms.policy_ads_fdr_dynamite@213806100@213806100057.397311113.397311113:2)
11-16 08:57:24.977: I/android.youtub(17541):   at java.lang.String com.google.android.gms.ads.adshield.internal.a.b(aqh, byte[]) (:com.google.android.gms.policy_ads_fdr_dynamite@213806100@213806100057.397311113.397311113:1)
11-16 08:57:24.977: I/android.youtub(17541):   at boolean com.google.android.gms.ads.adshield.internal.a.bJ(int, android.os.Parcel, android.os.Parcel) (:com.google.android.gms.policy_ads_fdr_dynamite@213806100@213806100057.397311113.397311113:54)
11-16 08:57:24.977: I/android.youtub(17541):   at boolean zg.onTransact(int, android.os.Parcel, android.os.Parcel, int) (:com.google.android.gms.policy_ads_fdr_dynamite@213806100@213806100057.397311113.397311113:4)
11-16 08:57:24.977: I/android.youtub(17541):   at boolean android.os.Binder.transact(int, android.os.Parcel, android.os.Parcel, int) (Binder.java:667)
11-16 08:57:24.977: I/android.youtub(17541):   at android.os.Parcel pcs.a(int, android.os.Parcel) (SourceFile:7)
11-16 08:57:24.977: I/android.youtub(17541):   at java.lang.String pkk.a(oms, byte[]) (SourceFile:40)
11-16 08:57:24.977: I/android.youtub(17541):   at java.lang.String nrc.a(android.content.Context, byte[]) (SourceFile:6)
11-16 08:57:24.977: I/android.youtub(17541):   at java.lang.String qis.a(android.content.Context, byte[]) (SourceFile:10)
11-16 08:57:24.977: I/android.youtub(17541):   at java.lang.String skv.a(qio, byte[]) (SourceFile:59)
11-16 08:57:24.977: I/android.youtub(17541):   at java.lang.String skv.g() (SourceFile:41)
11-16 08:57:24.977: I/android.youtub(17541):   at java.lang.String skv.b() (SourceFile:69)
11-16 08:57:24.977: I/android.youtub(17541):   at java.lang.String slq.i() (SourceFile:56)
11-16 08:57:24.977: I/android.youtub(17541):   at java.lang.String slq.b() (SourceFile:32)
11-16 08:57:24.977: I/android.youtub(17541):   at void slq.e() (SourceFile:37)
11-16 08:57:24.977: I/android.youtub(17541):   at void cmk.run() (SourceFile:7)
11-16 08:57:24.977: I/android.youtub(17541):   at java.lang.Object java.util.concurrent.Executors$RunnableAdapter.call() (Executors.java:458)
11-16 08:57:24.977: I/android.youtub(17541):   at void java.util.concurrent.FutureTask.run() (FutureTask.java:266)
11-16 08:57:24.977: I/android.youtub(17541):   at void java.util.concurrent.ScheduledThreadPoolExecutor$ScheduledFutureTask.run() (ScheduledThreadPoolExecutor.java:301)
11-16 08:57:24.977: I/android.youtub(17541):   at void java.util.concurrent.ThreadPoolExecutor.runWorker(java.util.concurrent.ThreadPoolExecutor$Worker) (ThreadPoolExecutor.java:1167)
11-16 08:57:24.977: I/android.youtub(17541):   at void java.util.concurrent.ThreadPoolExecutor$Worker.run() (ThreadPoolExecutor.java:641)
11-16 08:57:24.977: I/android.youtub(17541):   at void ubi.run() (SourceFile:20)
11-16 08:57:24.977: I/android.youtub(17541):   at void java.lang.Thread.run() (Thread.java:764)
11-16 08:57:24.977: I/android.youtub(17541): Caused by: java.lang.ClassNotFoundException: Didn't find class "android.content.pm.PackageManager$OnChecksumsReadyListener" on path: DexPathList[[zip file "/data/user_de/0/com.google.android.gms/app_chimera/m/00000011/dl-AdsFdrDynamite.integ_213806100100000.apk"],nativeLibraryDirectories=[/data/user_de/0/com.google.android.gms/app_chimera/m/00000011/dl-AdsFdrDynamite.integ_213806100100000.apk!/lib/arm64-v8a, /system/lib64]]
11-16 08:57:24.977: I/android.youtub(17541):   at java.lang.Class dalvik.system.BaseDexClassLoader.findClass(java.lang.String) (BaseDexClassLoader.java:134)
11-16 08:57:24.977: I/android.youtub(17541):   at java.lang.Class java.lang.ClassLoader.loadClass(java.lang.String, boolean) (ClassLoader.java:379)
11-16 08:57:24.977: I/android.youtub(17541):   at java.lang.Class bg.loadClass(java.lang.String, boolean) (:com.google.android.gms.dynamite_dynamiteloader@213614065@21.36.14 (100400-0):3)
11-16 08:57:24.977: I/android.youtub(17541):   at java.lang.Class java.lang.ClassLoader.loadClass(java.lang.String) (ClassLoader.java:312)
11-16 08:57:24.977: I/android.youtub(17541):   at java.lang.Class dalvik.system.DexFile.defineClassNative(java.lang.String, java.lang.ClassLoader, java.lang.Object, dalvik.system.DexFile) (DexFile.java:-2)
11-16 08:57:24.977: I/android.youtub(17541):   at java.lang.Class dalvik.system.DexFile.defineClass(java.lang.String, java.lang.ClassLoader, java.lang.Object, dalvik.system.DexFile, java.util.List) (DexFile.java:283)
11-16 08:57:24.977: I/android.youtub(17541):   at java.lang.Class dalvik.system.DexFile.loadClassBinaryName(java.lang.String, java.lang.ClassLoader, java.util.List) (DexFile.java:276)
11-16 08:57:24.977: I/android.youtub(17541):   at java.lang.Class dalvik.system.DexPathList$Element.findClass(java.lang.String, java.lang.ClassLoader, java.util.List) (DexPathList.java:724)
11-16 08:57:24.977: I/android.youtub(17541):   at java.lang.Class dalvik.system.DexPathList.findClass(java.lang.String, java.util.List) (DexPathList.java:486)
11-16 08:57:24.977: I/android.youtub(17541):   at java.lang.Class dalvik.system.BaseDexClassLoader.findClass(java.lang.String) (BaseDexClassLoader.java:132)
11-16 08:57:24.977: I/android.youtub(17541):   at java.lang.Class bg.loadClass(java.lang.String, boolean) (:com.google.android.gms.dynamite_dynamiteloader@213614065@21.36.14 (100400-0):2)
11-16 08:57:24.977: I/android.youtub(17541):   at java.lang.Class java.lang.ClassLoader.loadClass(java.lang.String) (ClassLoader.java:312)
11-16 08:57:24.977: I/android.youtub(17541):   at java.util.List xu.r(yv, android.content.Context, bqi, com.google.ads.afma.g) (:com.google.android.gms.policy_ads_fdr_dynamite@213806100@213806100057.397311113.397311113:5)
11-16 08:57:24.977: I/android.youtub(17541):   at java.util.List xv.r(yv, android.content.Context, bqi, com.google.ads.afma.g) (:com.google.android.gms.policy_ads_fdr_dynamite@213806100@213806100057.397311113.397311113:4)
11-16 08:57:24.977: I/android.youtub(17541):   at void xu.s(yv, android.content.Context, bqi, com.google.ads.afma.g) (:com.google.android.gms.policy_ads_fdr_dynamite@213806100@213806100057.397311113.397311113:0)
11-16 08:57:24.977: I/android.youtub(17541):   at bqi xu.m(android.content.Context, com.google.ads.afma.g) (:com.google.android.gms.policy_ads_fdr_dynamite@213806100@213806100057.397311113.397311113:7)
11-16 08:57:24.977: I/android.youtub(17541):   at java.lang.String xp.r(android.content.Context, java.lang.String, int, android.view.View, android.app.Activity, byte[]) (:com.google.android.gms.policy_ads_fdr_dynamite@213806100@213806100057.397311113.397311113:8)
11-16 08:57:24.977: I/android.youtub(17541):   at java.lang.String xp.g(android.content.Context, byte[]) (:com.google.android.gms.policy_ads_fdr_dynamite@213806100@213806100057.397311113.397311113:2)
11-16 08:57:24.977: I/android.youtub(17541):   at java.lang.String com.google.android.gms.ads.adshield.internal.a.b(aqh, byte[]) (:com.google.android.gms.policy_ads_fdr_dynamite@213806100@213806100057.397311113.397311113:1)
11-16 08:57:24.977: I/android.youtub(17541):   at boolean com.google.android.gms.ads.adshield.internal.a.bJ(int, android.os.Parcel, android.os.Parcel) (:com.google.android.gms.policy_ads_fdr_dynamite@213806100@213806100057.397311113.397311113:54)
11-16 08:57:24.977: I/android.youtub(17541):   at boolean zg.onTransact(int, android.os.Parcel, android.os.Parcel, int) (:com.google.android.gms.policy_ads_fdr_dynamite@213806100@213806100057.397311113.397311113:4)
11-16 08:57:24.977: I/android.youtub(17541):   at boolean android.os.Binder.transact(int, android.os.Parcel, android.os.Parcel, int) (Binder.java:667)
11-16 08:57:24.977: I/android.youtub(17541):   at android.os.Parcel pcs.a(int, android.os.Parcel) (SourceFile:7)
11-16 08:57:24.977: I/android.youtub(17541):   at java.lang.String pkk.a(oms, byte[]) (SourceFile:40)
11-16 08:57:24.978: I/android.youtub(17541):   at java.lang.String nrc.a(android.content.Context, byte[]) (SourceFile:6)
11-16 08:57:24.978: I/android.youtub(17541):   at java.lang.String qis.a(android.content.Context, byte[]) (SourceFile:10)
11-16 08:57:24.978: I/android.youtub(17541):   at java.lang.String skv.a(qio, byte[]) (SourceFile:59)
11-16 08:57:24.978: I/android.youtub(17541):   at java.lang.String skv.g() (SourceFile:41)
11-16 08:57:24.978: I/android.youtub(17541):   at java.lang.String skv.b() (SourceFile:69)
11-16 08:57:24.978: I/android.youtub(17541):   at java.lang.String slq.i() (SourceFile:56)
11-16 08:57:24.978: I/android.youtub(17541):   at java.lang.String slq.b() (SourceFile:32)
11-16 08:57:24.978: I/android.youtub(17541):   at void slq.e() (SourceFile:37)
11-16 08:57:24.978: I/android.youtub(17541):   at void cmk.run() (SourceFile:7)
11-16 08:57:24.978: I/android.youtub(17541):   at java.lang.Object java.util.concurrent.Executors$RunnableAdapter.call() (Executors.java:458)
11-16 08:57:24.978: I/android.youtub(17541):   at void java.util.concurrent.FutureTask.run() (FutureTask.java:266)
11-16 08:57:24.978: I/android.youtub(17541):   at void java.util.concurrent.ScheduledThreadPoolExecutor$ScheduledFutureTask.run() (ScheduledThreadPoolExecutor.java:301)
11-16 08:57:24.978: I/android.youtub(17541):   at void java.util.concurrent.ThreadPoolExecutor.runWorker(java.util.concurrent.ThreadPoolExecutor$Worker) (ThreadPoolExecutor.java:1167)
11-16 08:57:24.978: I/android.youtub(17541):   at void java.util.concurrent.ThreadPoolExecutor$Worker.run() (ThreadPoolExecutor.java:641)
11-16 08:57:24.978: I/android.youtub(17541):   at void ubi.run() (SourceFile:20)
11-16 08:57:24.978: I/android.youtub(17541):   at void java.lang.Thread.run() (Thread.java:764)
11-16 08:57:24.981: I/FA(17716): App measurement is starting up, version: 18100
11-16 08:57:24.981: I/FA(17716): To enable debug logging run: adb shell setprop log.tag.FA VERBOSE
11-16 08:57:24.981: I/FA(17716): To enable faster debug mode event logging run:
11-16 08:57:24.981: I/FA(17716):   adb shell setprop debug.firebase.analytics.app com.google.android.apps.chromecast.app
11-16 08:57:25.047: D/BoundBrokerSvc(13816): onBind: Intent { act=com.google.android.gms.measurement.START pkg=com.google.android.gms }
11-16 08:57:25.047: D/BoundBrokerSvc(13816): Loading bound service for intent: Intent { act=com.google.android.gms.measurement.START pkg=com.google.android.gms }
11-16 08:57:25.051: W/HomeApp|huv(17716): Can't load devices as there is no network connection! Will retry later.
11-16 08:57:25.084: I/Icing(13816): IndexChimeraService.getServiceInterface callingPackage=com.google.android.googlequicksearchbox componentName=agsa_icing_connection serviceId=32
11-16 08:57:25.088: I/Icing(13816): IndexChimeraService.getServiceInterface callingPackage=com.google.android.googlequicksearchbox componentName=agsa_icing_connection serviceId=33
11-16 08:57:25.099: W/Icing(13816): No valid account for uploading user actions
11-16 08:57:25.104: I/Icing(13816): Usage reports ok 0, Failed Usage reports 0, indexed 0, rejected 0
11-16 08:57:25.120: W/Icing(13816): No valid account for uploading user actions
11-16 08:57:25.137: I/Icing(13816): Usage reports ok 0, Failed Usage reports 0, indexed 0, rejected 0
11-16 08:57:25.137: I/FontLog(11018): Received query Google Sans, URI content://com.google.android.gms.fonts [CONTEXT service_id=132 ]
11-16 08:57:25.137: I/FontLog(11018): Query [Google Sans] resolved to {Google Sans, wdth 100.0, wght 400, ital 0.0, bestEffort false} [CONTEXT service_id=132 ]
11-16 08:57:25.140: I/FontLog(11018): Font PFD returned from cache for {Google Sans, wdth 100.0, wght 400, ital 0.0, bestEffort false} [CONTEXT service_id=132 ]
11-16 08:57:25.141: I/FontLog(11018): Fetch {Google Sans, wdth 100.0, wght 400, ital 0.0, bestEffort false} end status Status{statusCode=SUCCESS, resolution=null} [CONTEXT service_id=132 ]
11-16 08:57:25.141: I/BlobLobber(10033): Canceling downloads: []
11-16 08:57:25.144: I/dex2oat(17779): The ClassLoaderContext is a special shared library.
11-16 08:57:25.145: I/dex2oat(17779): /system/bin/dex2oat --dex-file=/data/user/0/com.google.android.googlequicksearchbox/files/velour/verified_jars/Jkk1AICSm8V3ZDlxbl8SBoQ_1.jar --output-vdex-fd=55 --oat-fd=87 --oat-location=/data/user/0/com.google.android.googlequicksearchbox/files/velour/verified_jars/oat/arm64/Jkk1AICSm8V3ZDlxbl8SBoQ_1.odex --compiler-filter=quicken --class-loader-context=&
11-16 08:57:25.150: I/FontLog(11018): Pulling font file for id = 13, cache size = 7 [CONTEXT service_id=132 ]
11-16 08:57:25.153: I/VelourConfigListener(10033): Received new velour config
11-16 08:57:25.158: I/FontLog(11018): Received query Google Sans:500, URI content://com.google.android.gms.fonts [CONTEXT service_id=132 ]
11-16 08:57:25.159: I/FontLog(11018): Query [Google Sans:500] resolved to {Google Sans, wdth 100.0, wght 500, ital 0.0, bestEffort false} [CONTEXT service_id=132 ]
11-16 08:57:25.162: I/FontLog(11018): Font PFD returned from cache for {Google Sans, wdth 100.0, wght 500, ital 0.0, bestEffort false} [CONTEXT service_id=132 ]
11-16 08:57:25.162: I/FontLog(11018): Fetch {Google Sans, wdth 100.0, wght 500, ital 0.0, bestEffort false} end status Status{statusCode=SUCCESS, resolution=null} [CONTEXT service_id=132 ]
11-16 08:57:25.165: I/FontLog(11018): Pulling font file for id = 14, cache size = 8 [CONTEXT service_id=132 ]
11-16 08:57:25.173: I/FontLog(11018): Received query Google Sans Display, URI content://com.google.android.gms.fonts [CONTEXT service_id=132 ]
11-16 08:57:25.173: I/FontLog(11018): Query [Google Sans Display] resolved to {Google Sans Display, wdth 100.0, wght 400, ital 0.0, bestEffort false} [CONTEXT service_id=132 ]
11-16 08:57:25.175: I/FontLog(11018): Font PFD returned from cache for {Google Sans Display, wdth 100.0, wght 400, ital 0.0, bestEffort false} [CONTEXT service_id=132 ]
11-16 08:57:25.175: I/FontLog(11018): Fetch {Google Sans Display, wdth 100.0, wght 400, ital 0.0, bestEffort false} end status Status{statusCode=SUCCESS, resolution=null} [CONTEXT service_id=132 ]
11-16 08:57:25.178: W/SearchServiceCore(10033): Abort, client detached.
11-16 08:57:25.178: I/chatty(10033): uid=10047 com.google.android.googlequicksearchbox:search identical 4 lines
11-16 08:57:25.178: W/SearchServiceCore(10033): Abort, client detached.
11-16 08:57:25.178: I/FontLog(11018): Pulling font file for id = 15, cache size = 9 [CONTEXT service_id=132 ]
11-16 08:57:25.183: W/SearchServiceCore(10033): Abort, client detached.
11-16 08:57:25.183: I/chatty(10033): uid=10047 com.google.android.googlequicksearchbox:search identical 3 lines
11-16 08:57:25.183: W/SearchServiceCore(10033): Abort, client detached.
11-16 08:57:25.188: D/DownloadManager(16204): [83] Starting
11-16 08:57:25.192: W/GCM(17716): GCM SDK is deprecated, com.google.android.apps.chromecast.app should update to use FCM
11-16 08:57:25.205: D/NetworkSecurityConfig(16204): Using Network Security Config from resource network_security_config debugBuild: false
11-16 08:57:25.206: D/NetworkSecurityConfig(16204): Using Network Security Config from resource network_security_config debugBuild: false
11-16 08:57:25.218: D/NetworkSecurityConfig(16204): No Network Security Config specified, using platform default
11-16 08:57:25.220: I/PeopleChimeraService(13816): onService. callbacks = xmw@da7332c, request = com.google.android.gms.common.internal.GetServiceRequest@1d061f5
11-16 08:57:25.224: I/ActivityManager(1161): Killing 16976:com.google.android.gms.unstable/u0a7 (adj 906): empty #17
11-16 08:57:25.224: W/libprocessgroup(1161): kill(-16976, 9) failed: No such process
11-16 08:57:25.235: I/ActivityManager(1161): Start proc 17819:com.google.android.apps.tachyon/u0a148 for broadcast com.google.android.apps.tachyon/.common.applifecycle.LocaleChangeReceiver
11-16 08:57:25.245: I/Zygote(731): Process 16976 exited due to signal (9)
11-16 08:57:25.246: E/id.apps.tachyo(17819): Not starting debugger since process cannot load the jdwp agent.
11-16 08:57:25.268: W/libprocessgroup(1161): kill(-16976, 9) failed: No such process
11-16 08:57:25.268: I/libprocessgroup(1161): Successfully killed process cgroup uid 10007 pid 16976 in 44ms
11-16 08:57:25.285: I/EventLogSendingHelper(10033): Sending log events.
11-16 08:57:25.313: I/dex2oat(17779): dex2oat took 178.988ms (58.052ms cpu) (threads: 8) arena alloc=13KB (13584B) java alloc=32KB (32784B) native alloc=870KB (891552B) free=1689KB (1729888B)
11-16 08:57:25.314: W/SearchServiceCore(10033): Abort, client detached.
11-16 08:57:25.316: I/chatty(10033): uid=10047 com.google.android.googlequicksearchbox:search identical 5 lines
11-16 08:57:25.316: W/SearchServiceCore(10033): Abort, client detached.
11-16 08:57:25.362: D/QSEECOMAPI(17738): QSEECom_get_handle sb_length = 0x400
11-16 08:57:25.362: D/QSEECOMAPI(17738): App is already loaded QSEE and app id = 1
11-16 08:57:25.364: E/fpc_tac(17738): qsee_km_get_encapsulated_key KEYMASTER_GET_AUTH_TOKEN_KEY returned status=-24
11-16 08:57:25.364: D/QSEECOMAPI(17738): QSEECom_dealloc_memory 
11-16 08:57:25.364: D/QSEECOMAPI(17738): QSEECom_shutdown_app, app_id = 1
11-16 08:57:25.364: E/fpc_fingerprint_hal(17738): fpc_hal_open failed
11-16 08:57:25.365: I/EventHub(1161): Removing device uinput-fpc due to epoll hang-up event.
11-16 08:57:25.365: I/EventHub(1161): Removed device: path=/dev/input/event3 name=uinput-fpc id=130 fd=307 classes=0x101
11-16 08:57:25.365: W/EventHub(1161): built-in keyboard device /dev/input/event3 (id=130) is closing! the apps will not like this
11-16 08:57:25.365: W/InputReader(1161): Ignoring spurious device removed event for deviceId 130.
11-16 08:57:25.365: I/EventHub(1161): Removing device '/dev/input/event3' due to inotify event
11-16 08:57:25.382: D/QSEECOMAPI(17738): QSEECom_dealloc_memory 
11-16 08:57:25.382: D/QSEECOMAPI(17738): QSEECom_shutdown_app, app_id = 130
11-16 08:57:25.422: I/EventLogSendingHelper(10033): Sending log events.
11-16 08:57:25.463: W/earchbox:searc(10033): Skipping duplicate class check due to unsupported classloader
11-16 08:57:25.502: W/earchbox:searc(10033): Unsupported class loader
11-16 08:57:25.510: W/StorageManager(16204): fallocate() not supported; falling back to ftruncate()
11-16 08:57:25.532: I/ActivityManager(1161): Start proc 17836:com.google.android.apps.messaging/u0a111 for service com.google.android.apps.messaging/.shared.datamodel.action.execution.ActionJobService
11-16 08:57:25.533: E/.apps.messagin(17836): Not starting debugger since process cannot load the jdwp agent.
11-16 08:57:25.544: W/id.apps.tachyo(17819): JIT profile information will not be recorded: profile file does not exits.
11-16 08:57:25.544: I/chatty(17819): uid=10148(com.google.android.apps.tachyon) identical 1 line
11-16 08:57:25.544: W/id.apps.tachyo(17819): JIT profile information will not be recorded: profile file does not exits.
11-16 08:57:25.555: I/.apps.messagin(17836): The ClassLoaderContext is a special shared library.
11-16 08:57:25.562: I/ActivityManager(1161): Killing 13380:com.google.android.gms.ui/u0a7 (adj 906): empty #17
11-16 08:57:25.562: W/libprocessgroup(1161): kill(-13380, 9) failed: No such process
11-16 08:57:25.583: I/Zygote(731): Process 13380 exited due to signal (9)
11-16 08:57:25.608: W/libprocessgroup(1161): kill(-13380, 9) failed: No such process
11-16 08:57:25.608: I/libprocessgroup(1161): Successfully killed process cgroup uid 10007 pid 13380 in 46ms
11-16 08:57:25.611: I/dex2oat(17835): The ClassLoaderContext is a special shared library.
11-16 08:57:25.612: I/dex2oat(17835): /system/bin/dex2oat --dex-file=/data/user/0/com.google.android.googlequicksearchbox/files/velour/verified_jars/JkypVPMhDohv1875CeSftSg_1.jar --output-vdex-fd=87 --oat-fd=90 --oat-location=/data/user/0/com.google.android.googlequicksearchbox/files/velour/verified_jars/oat/arm64/JkypVPMhDohv1875CeSftSg_1.odex --compiler-filter=quicken --class-loader-context=&
11-16 08:57:25.624: I/system_server(1161): Background concurrent copying GC freed 203743(9MB) AllocSpace objects, 118(5MB) LOS objects, 42% free, 16MB/29MB, paused 6.357ms total 104.571ms
11-16 08:57:25.667: D/BoundBrokerSvc(11018): onUnbind: Intent { act=com.google.android.gms.nearby.exposurenotification.START cmp=com.google.android.gms/.chimera.PersistentApiService }
11-16 08:57:25.674: D/DownloadManager(16204): [83] Finished with status SUCCESS
11-16 08:57:25.688: I/dex2oat(17835): dex2oat took 81.067ms (45.680ms cpu) (threads: 8) arena alloc=2344B (2344B) java alloc=16KB (16400B) native alloc=809KB (828784B) free=1238KB (1268368B)
11-16 08:57:25.696: W/earchbox:searc(10033): Skipping duplicate class check due to unsupported classloader
11-16 08:57:25.702: W/SearchServiceCore(10033): Abort, client detached.
11-16 08:57:25.703: I/chatty(10033): uid=10047 com.google.android.googlequicksearchbox:search identical 1 line
11-16 08:57:25.704: W/SearchServiceCore(10033): Abort, client detached.
11-16 08:57:25.705: W/PrimesInit(17819): Primes instant initialization
11-16 08:57:25.707: I/BgTaskExecutorImpl(10033): Starting EXCLUSIVE background task VELOUR_BACKGROUND_MAINTENANCE.
11-16 08:57:25.711: I/BgTaskExecutorImpl(10033): Starting EXCLUSIVE background task BLOBLOBBER_SYNC.
11-16 08:57:25.714: W/Primes(17819): background initialization
11-16 08:57:25.721: W/earchbox:searc(10033): Unsupported class loader
11-16 08:57:25.721: W/BlobLobber(10033): Skipping download (already active): odws2_en:us:807_2019-09-12_270573492_release_signed
11-16 08:57:25.724: W/earchbox:searc(10033): Skipping duplicate class check due to unsupported classloader
11-16 08:57:25.726: W/earchbox:searc(10033): Unsupported class loader
11-16 08:57:25.728: W/earchbox:searc(10033): Skipping duplicate class check due to unsupported classloader
11-16 08:57:25.731: W/SearchServiceCore(10033): Abort, client detached.
11-16 08:57:25.731: I/chatty(10033): uid=10047 com.google.android.googlequicksearchbox:search identical 1 line
11-16 08:57:25.733: W/SearchServiceCore(10033): Abort, client detached.
11-16 08:57:25.891: E/ExecutionCriteria(11018): Package unavailable for task: com.google.android.apps.gcs/com.google.android.flib.phenotype.services.PhenotypeExperimentCommitService{u=0 tag="PhenotypeExpCommitSvc" trigger=window{start=0s,end=30s,earliest=-536s,latest=-506s} requirements=[NET_ANY] attributes=[PERSISTED] scheduled=-536s last_run=N/A exec_window_multiplier=1.0000 jid=N/A status=PENDING retries=0 client_lib=MANCHEGO_GCM-11732000} [CONTEXT service_id=218 ]
11-16 08:57:25.895: I/PrimesTesting(17819): GserviceFlagsSupplier.get()
11-16 08:57:25.900: I/org.webrtc.Logging(17819): NativeLibrary: Loading native library: jingle_peerconnection_so
11-16 08:57:25.902: I/org.webrtc.Logging(17819): PeerConnectionFactory: PeerConnectionFactory was initialized without an injected Loggable. Any existing Loggable will be deleted.
11-16 08:57:25.930: I/NetworkScheduler.Stats(11018): Task com.google.android.gms/com.google.android.gms.ipa.base.IpaGcmTaskService started execution. cause:9 exec_start_elapsed_seconds: 639 [CONTEXT service_id=218 ]
11-16 08:57:25.949: I/NetworkScheduler.Stats(11018): Task com.google.android.gms/com.google.android.gms.ipa.base.IpaGcmTaskService finished executing. cause:9 result: 1 elapsed_millis: 39 uptime_millis: 39 exec_start_elapsed_seconds: 639 [CONTEXT service_id=218 ]
11-16 08:57:25.964: I/ThreadRunner(10033): setContextAndRunner
11-16 08:57:25.966: E/ExecutionCriteria(11018): Package unavailable for task: com.google.android.apps.gcs/com.google.android.flib.phenotype.services.PhenotypeExperimentCommitService{u=0 tag="PhenotypeExpCommitSvc" trigger=window{start=0s,end=30s,earliest=-537s,latest=-507s} requirements=[NET_ANY] attributes=[PERSISTED] scheduled=-537s last_run=N/A exec_window_multiplier=1.0000 jid=N/A status=PENDING retries=0 client_lib=MANCHEGO_GCM-11732000} [CONTEXT service_id=218 ]
11-16 08:57:26.013: W/id.apps.tachyo(17819): Unknown chunk type '200'.
11-16 08:57:26.034: I/NetworkScheduler.Stats(11018): Task com.google.android.gms/com.google.android.gms.phenotype.service.sync.PhenotypeConfigurator started execution. cause:5 exec_start_elapsed_seconds: 639 [CONTEXT service_id=218 ]
11-16 08:57:26.063: D/EventBus(17819): No subscribers registered for event class gzh
11-16 08:57:26.063: D/EventBus(17819): No subscribers registered for event class sfa
11-16 08:57:26.129: D/EventBus(17819): No subscribers registered for event class gzh
11-16 08:57:26.129: D/EventBus(17819): No subscribers registered for event class sfa
11-16 08:57:26.140: I/ActivityManager(1161): Start proc 17900:com.google.android.apps.walletnfcrel/u0a152 for broadcast com.google.android.apps.walletnfcrel/com.google.android.libraries.notifications.entrypoints.localechanged.LocaleChangedReceiver
11-16 08:57:26.153: W/id.apps.tachyo(17819): Unknown chunk type '200'.
11-16 08:57:26.159: E/ps.walletnfcre(17900): Not starting debugger since process cannot load the jdwp agent.
11-16 08:57:26.162: I/PeopleChimeraService(13816): onService. callbacks = xmw@873bf5c, request = com.google.android.gms.common.internal.GetServiceRequest@abeb265
11-16 08:57:26.178: I/ps.walletnfcre(17900): The ClassLoaderContext is a special shared library.
11-16 08:57:26.367: I/FA(17819): App measurement is starting up, version: 18079
11-16 08:57:26.368: I/FA(17819): To enable debug logging run: adb shell setprop log.tag.FA VERBOSE
11-16 08:57:26.368: I/FA(17819): To enable faster debug mode event logging run:
11-16 08:57:26.368: I/FA(17819):   adb shell setprop debug.firebase.analytics.app com.google.android.apps.tachyon
11-16 08:57:26.373: E/FA(17819): AppMeasurementReceiver not registered/enabled
11-16 08:57:26.374: E/FA(17819): AppMeasurementService not registered/enabled
11-16 08:57:26.374: E/FA(17819): Uploading is not possible. App measurement disabled
11-16 08:57:26.601: I/akia(11018): Removed 0 invalid users [CONTEXT service_id=51 ]
11-16 08:57:26.629: I/DefaultStickerUpdate(3639): Successfully updated sticker index for DefaultStickerTaskData{enabled=true, metadataUriPrefix=https://www.gstatic.com/android/keyboard/stickers/configs/v5/, supportedLanguage=en}
11-16 08:57:26.629: I/FirebaseJobDispatcher(3639): Task: DefaultStickerUpdate successes.
11-16 08:57:26.630: I/Icing(13816): Indexing com.google.android.inputmethod.latin-internal.3p:StickerPack from com.google.android.inputmethod.latin
11-16 08:57:26.634: I/NetworkScheduler.Stats(11018): Task com.google.android.inputmethod.latin/ finished executing. cause:7 result: 1 elapsed_millis: 2353 uptime_millis: 2353 exec_start_elapsed_seconds: 638 [CONTEXT service_id=218 ]
11-16 08:57:26.635: E/SQLiteLog(13816): (1) no such table: StickerPack_com.google.android.inputmethod.latin_seq_table
11-16 08:57:26.636: E/Icing(13816): Cursor call threw an exception: no such table: StickerPack_com.google.android.inputmethod.latin_seq_table (code 1 SQLITE_ERROR): , while compiling: SELECT * FROM [StickerPack_com.google.android.inputmethod.latin_seq_table] WHERE seqno>0 AND tag IS NULL ORDER BY seqno LIMIT 20
11-16 08:57:26.636: I/Icing(13816): Indexing done com.google.android.inputmethod.latin-internal.3p:StickerPack
11-16 08:57:26.637: E/Icing(13816): Aborting indexing of corpus internal.3p:StickerPack
11-16 08:57:26.639: I/Icing(13816): Indexing com.google.android.inputmethod.latin-internal.3p:Sticker from com.google.android.inputmethod.latin
11-16 08:57:26.644: E/SQLiteLog(13816): (1) no such table: Sticker_com.google.android.inputmethod.latin_seq_table
11-16 08:57:26.645: E/Icing(13816): Cursor call threw an exception: no such table: Sticker_com.google.android.inputmethod.latin_seq_table (code 1 SQLITE_ERROR): , while compiling: SELECT * FROM [Sticker_com.google.android.inputmethod.latin_seq_table] WHERE seqno>0 AND tag IS NULL ORDER BY seqno LIMIT 20
11-16 08:57:26.646: I/Icing(13816): Indexing done com.google.android.inputmethod.latin-internal.3p:Sticker
11-16 08:57:26.646: E/Icing(13816): Aborting indexing of corpus internal.3p:Sticker
11-16 08:57:26.659: E/ExecutionCriteria(11018): Package unavailable for task: com.google.android.apps.gcs/com.google.android.flib.phenotype.services.PhenotypeExperimentCommitService{u=0 tag="PhenotypeExpCommitSvc" trigger=window{start=0s,end=30s,earliest=-537s,latest=-507s} requirements=[NET_ANY] attributes=[PERSISTED] scheduled=-537s last_run=N/A exec_window_multiplier=1.0000 jid=N/A status=PENDING retries=0 client_lib=MANCHEGO_GCM-11732000} [CONTEXT service_id=218 ]
11-16 08:57:26.706: I/MultiDex(17836): VM with version 2.1.0 has multidex support
11-16 08:57:26.707: I/MultiDex(17836): install
11-16 08:57:26.707: I/MultiDex(17836): VM has multidex support, MultiDex support library is disabled.
11-16 08:57:26.707: I/MultiDex(17836): install
11-16 08:57:26.707: I/MultiDex(17836): VM has multidex support, MultiDex support library is disabled.
11-16 08:57:26.761: W/DynamiteModule(17900): Local module descriptor class for providerinstaller not found.
11-16 08:57:26.765: I/DynamiteModule(17900): Considering local module providerinstaller:0 and remote module providerinstaller:0
11-16 08:57:26.766: W/ProviderInstaller(17900): Failed to load providerinstaller module: No acceptable module found. Local version is 0 and remote version is 0.
11-16 08:57:26.767: W/ps.walletnfcre(17900): Unknown chunk type '200'.
11-16 08:57:26.770: I/ps.walletnfcre(17900): The ClassLoaderContext is a special shared library.
11-16 08:57:26.771: I/chatty(17900): uid=10152(com.google.android.apps.walletnfcrel) identical 1 line
11-16 08:57:26.772: I/ps.walletnfcre(17900): The ClassLoaderContext is a special shared library.
11-16 08:57:26.782: V/NativeCrypto(17900): Registering com/google/android/gms/org/conscrypt/NativeCrypto's 294 native methods...
11-16 08:57:26.788: D/FirebaseApp(17836): com.google.firebase.auth.FirebaseAuth is not linked. Skipping initialization.
11-16 08:57:26.788: D/FirebaseApp(17836): com.google.firebase.crash.FirebaseCrash is not linked. Skipping initialization.
11-16 08:57:26.788: I/FirebaseInitProvider(17836): FirebaseApp initialization successful
11-16 08:57:26.793: D/NetworkSecurityConfig(17900): No Network Security Config specified, using platform default
11-16 08:57:26.794: I/ProviderInstaller(17900): Installed default security provider GmsCore_OpenSSL
11-16 08:57:26.874: I/BackgroundTaskManager(17900): Executing task PhenotypeRegistrationTask.phenotype_registration with PARALLEL execution policy.
11-16 08:57:26.906: I/Bugle(17836): GServicesValues:
11-16 08:57:26.906: I/Bugle(17836): bugle_enable_primes_crash_metrics: true
11-16 08:57:26.906: I/Bugle(17836): bugle_max_telemetry_upload_retries: 10
11-16 08:57:26.906: I/Bugle(17836): bugle_sticker_set_list_version: 3
11-16 08:57:26.912: D/BoundBrokerSvc(11018): onBind: Intent { act=com.google.android.gms.tapandpay.service.BIND pkg=com.google.android.gms }
11-16 08:57:26.912: D/BoundBrokerSvc(11018): Loading bound service for intent: Intent { act=com.google.android.gms.tapandpay.service.BIND pkg=com.google.android.gms }
11-16 08:57:26.945: W/PrimesInit(17900): Primes instant initialization
11-16 08:57:26.946: W/Primes(17900): background initialization
11-16 08:57:26.969: I/FA(17836): App measurement is starting up, version: 16250
11-16 08:57:26.969: I/FA(17836): To enable debug logging run: adb shell setprop log.tag.FA VERBOSE
11-16 08:57:26.969: I/FA(17836): To enable faster debug mode event logging run:
11-16 08:57:26.969: I/FA(17836):   adb shell setprop debug.firebase.analytics.app com.google.android.apps.messaging
11-16 08:57:26.975: I/PrimesTesting(17900): GserviceFlagsSupplier.get()
11-16 08:57:26.988: E/Backup(13816): [BackupTransportMigratorChimeraService] Could not migrate transport!
11-16 08:57:26.989: I/Backup(13816): [BackupTransportMigratorChimeraService] Starting migration...
11-16 08:57:27.011: W/NetworkScheduler(11018): Immediate task was not started com.google.android.apps.chromecast.app/.gcm.GcmRegistrationService{u=0 tag="GcmRegistrationService" trigger=window{start=0s,end=1s,earliest=0s,latest=0s} requirements=[NET_CONNECTED] attributes=[] scheduled=0s last_run=N/A exec_window_multiplier=1.0000 jid=N/A status=PENDING retries=0 client_lib=MANCHEGO_GCM-18944000}. Rescheduling immediate tasks can cause excessive battery drain.
11-16 08:57:27.011: I/tmp(17836): SslGuard completed installation.
11-16 08:57:27.016: I/BlobLobber(10033): Handling download id 83 (blob odws2_en:us:807_2019-09-12_270573492_release_signed)
11-16 08:57:27.034: W/NetworkScheduler(11018): Immediate task was not started com.google.android.apps.chromecast.app/.gcm.GcmRegistrationService{u=0 tag="GcmRegistrationService" trigger=window{start=0s,end=1s,earliest=0s,latest=0s} requirements=[NET_CONNECTED] attributes=[] scheduled=0s last_run=N/A exec_window_multiplier=1.0000 jid=N/A status=PENDING retries=0 client_lib=MANCHEGO_GCM-18944000}. Rescheduling immediate tasks can cause excessive battery drain.
11-16 08:57:27.042: I/TapAndPayApplication(17900): Successfully initialized Firebase App
11-16 08:57:27.047: I/BackgroundTaskManager(17900): Executing task AccountFreshener.freshen with SEQUENTIAL execution policy.
11-16 08:57:27.050: I/Notifications(17900): [ChimeBroadcastReceiver] Intent received for action [android.intent.action.LOCALE_CHANGED] package [com.google.android.apps.walletnfcrel].
11-16 08:57:27.055: W/GCM(17900): GCM SDK is deprecated, com.google.android.apps.walletnfcrel should update to use FCM
11-16 08:57:27.058: W/BugleStartup(17836): StartupHandler: ContentProvider startup tasks did not execute before Application onCreate(), executed in onApplicationCreated().
11-16 08:57:27.061: V/DownloadManager(16204): Deleting /storage/emulated/0/Android/data/com.google.android.googlequicksearchbox/files/pending_blobs/odws2_en:us:807_2019-09-12_270573492_release_signed via provider delete
11-16 08:57:27.070: I/Bugle(17836): Initializing EmojiCompat
11-16 08:57:27.076: I/earchbox:searc(10033): The ClassLoaderContext is a special shared library.
11-16 08:57:27.078: I/chatty(10033): uid=10047(com.google.android.googlequicksearchbox) NonUserFacing9 identical 1 line
11-16 08:57:27.080: I/earchbox:searc(10033): The ClassLoaderContext is a special shared library.
11-16 08:57:27.089: I/Notifications(17900): [ChimeBroadcastReceiver] Validation OK for action [android.intent.action.LOCALE_CHANGED].
11-16 08:57:27.095: I/FontLog(11018): Received query Noto Color Emoji Compat, URI content://com.google.android.gms.fonts [CONTEXT service_id=132 ]
11-16 08:57:27.097: I/FontLog(11018): Query [Noto Color Emoji Compat] resolved to {Noto Color Emoji Compat, wdth 100.0, wght 400, ital 0.0, bestEffort false} [CONTEXT service_id=132 ]
11-16 08:57:27.097: I/Notifications(17900): [ChimeBroadcastReceiver] Executing action in BroadcastReceiver [android.intent.action.LOCALE_CHANGED].
11-16 08:57:27.099: I/FontLog(11018): Fetch {Noto Color Emoji Compat, wdth 100.0, wght 400, ital 0.0, bestEffort false} end status Status{statusCode=SUCCESS, resolution=null} [CONTEXT service_id=132 ]
11-16 08:57:27.102: V/NativeCrypto(10033): Registering com/google/android/gms/org/conscrypt/NativeCrypto's 294 native methods...
11-16 08:57:27.105: E/ExecutionCriteria(11018): Package unavailable for task: com.google.android.apps.gcs/com.google.android.flib.phenotype.services.PhenotypeExperimentCommitService{u=0 tag="PhenotypeExpCommitSvc" trigger=window{start=0s,end=30s,earliest=-538s,latest=-508s} requirements=[NET_ANY] attributes=[PERSISTED] scheduled=-538s last_run=N/A exec_window_multiplier=1.0000 jid=N/A status=PENDING retries=0 client_lib=MANCHEGO_GCM-11732000} [CONTEXT service_id=218 ]
11-16 08:57:27.105: I/Bugle(17836): BugleApplicationBase: Bugle version: 4.6.375 (imp_rc21_xxhdpi.arm64-v8a.phone)
11-16 08:57:27.114: I/FontLog(11018): Pulling font file for id = 16, cache size = 10 [CONTEXT service_id=132 ]
11-16 08:57:27.124: I/ActivityManager(1161): Killing 10069:com.google.android.ims/u0a25 (adj 1001): empty #17
11-16 08:57:27.125: W/libprocessgroup(1161): kill(-10069, 9) failed: No such process
11-16 08:57:27.130: I/Bugle(17836): DarkModeUtilImpl: Setting system dark mode to off
11-16 08:57:27.132: D/NetworkSecurityConfig(10033): Using Network Security Config from resource network_security_config debugBuild: false
11-16 08:57:27.136: I/FontLog(11018): Pulling font file for id = 16, cache size = 10 [CONTEXT service_id=132 ]
11-16 08:57:27.136: I/ProviderInstaller(10033): Installed default security provider GmsCore_OpenSSL
11-16 08:57:27.136: I/ActivityManager(1161): Start proc 17979:com.google.android.keep/u0a150 for broadcast com.google.android.keep/.notification.ReminderNotificationReceiver
11-16 08:57:27.138: I/ActivityManager(1161): Killing 10190:com.google.android.apps.messaging:rcs/u0a111 (adj 1001): empty #17
11-16 08:57:27.144: W/PrimesInit(17836): Primes instant initialization
11-16 08:57:27.147: W/Primes(17836): background initialization
11-16 08:57:27.154: E/le.android.kee(17979): Not starting debugger since process cannot load the jdwp agent.
11-16 08:57:27.167: I/NetworkScheduler.Stats(11018): Task com.google.android.gms/com.google.android.gms.ipa.base.IpaGcmTaskService started execution. cause:9 exec_start_elapsed_seconds: 640 [CONTEXT service_id=218 ]
11-16 08:57:27.171: W/libprocessgroup(1161): kill(-10069, 9) failed: No such process
11-16 08:57:27.177: W/ActivityManager(1161): Background start not allowed: service Intent { cmp=com.google.android.apps.messaging/.shared.datamodel.action.execution.ActionExecutorImpl$EmptyService } to com.google.android.apps.messaging/.shared.datamodel.action.execution.ActionExecutorImpl$EmptyService from pid=17836 uid=10111 pkg=com.google.android.apps.messaging startFg?=false
11-16 08:57:27.181: I/le.android.kee(17979): The ClassLoaderContext is a special shared library.
11-16 08:57:27.182: I/NetworkScheduler.Stats(11018): Task com.google.android.gms/com.google.android.gms.ipa.base.IpaGcmTaskService finished executing. cause:9 result: 1 elapsed_millis: 30 uptime_millis: 30 exec_start_elapsed_seconds: 640 [CONTEXT service_id=218 ]
11-16 08:57:27.189: W/BugleDataModel(17836): ActionExecutorImpl: Action started execution, but we can't guarantee it will complete, the app may be killed. Action: class com.google.android.apps.messaging.shared.datamodel.action.CountryCodeDetectorAction-CountryCodeDetectorAction:640788003
11-16 08:57:27.189: W/BugleDataModel(17836): java.lang.IllegalStateException: Not allowed to start service Intent { cmp=com.google.android.apps.messaging/.shared.datamodel.action.execution.ActionExecutorImpl$EmptyService }: app is in background uid UidRecord{ae19b6e u0a111 TRNB idle change:uncached procs:2 seq(0,0,0)}
11-16 08:57:27.189: W/BugleDataModel(17836): 	at android.app.ContextImpl.startServiceCommon(ContextImpl.java:1577)
11-16 08:57:27.189: W/BugleDataModel(17836): 	at android.app.ContextImpl.startService(ContextImpl.java:1532)
11-16 08:57:27.189: W/BugleDataModel(17836): 	at android.content.ContextWrapper.startService(ContextWrapper.java:664)
11-16 08:57:27.189: W/BugleDataModel(17836): 	at com.google.android.apps.messaging.shared.datamodel.action.execution.ActionExecutorImpl.a(SourceFile:21)
11-16 08:57:27.189: W/BugleDataModel(17836): 	at com.google.android.apps.messaging.shared.datamodel.action.execution.ActionExecutorImpl.b(SourceFile:18)
11-16 08:57:27.189: W/BugleDataModel(17836): 	at ecp.a(SourceFile:137)
11-16 08:57:27.189: W/BugleDataModel(17836): 	at ecp.a(SourceFile:85)
11-16 08:57:27.189: W/BugleDataModel(17836): 	at eca.b(SourceFile:56)
11-16 08:57:27.189: W/BugleDataModel(17836): 	at eca.a(SourceFile:23)
11-16 08:57:27.189: W/BugleDataModel(17836): 	at com.google.android.apps.messaging.shared.datamodel.action.common.ThrottledAction.h(SourceFile:37)
11-16 08:57:27.189: W/BugleDataModel(17836): 	at dne.a(SourceFile:4)
11-16 08:57:27.189: W/BugleDataModel(17836): 	at gmv.a(SourceFile:6)
11-16 08:57:27.189: W/BugleDataModel(17836): 	at geh.onReceive(SourceFile:12)
11-16 08:57:27.189: W/BugleDataModel(17836): 	at gnw.onReceive(SourceFile:5)
11-16 08:57:27.189: W/BugleDataModel(17836): 	at gmv.onReceive(SourceFile:8)
11-16 08:57:27.189: W/BugleDataModel(17836): 	at android.app.LoadedApk$ReceiverDispatcher$Args.lambda$getRunnable$0(LoadedApk.java:1391)
11-16 08:57:27.189: W/BugleDataModel(17836): 	at android.app.-$$Lambda$LoadedApk$ReceiverDispatcher$Args$_BumDX2UKsnxLVrE6UJsJZkotuA.run(Unknown Source:2)
11-16 08:57:27.189: W/BugleDataModel(17836): 	at android.os.Handler.handleCallback(Handler.java:873)
11-16 08:57:27.189: W/BugleDataModel(17836): 	at android.os.Handler.dispatchMessage(Handler.java:99)
11-16 08:57:27.189: W/BugleDataModel(17836): 	at android.os.Looper.loop(Looper.java:193)
11-16 08:57:27.189: W/BugleDataModel(17836): 	at android.app.ActivityThread.main(ActivityThread.java:6718)
11-16 08:57:27.189: W/BugleDataModel(17836): 	at java.lang.reflect.Method.invoke(Native Method)
11-16 08:57:27.189: W/BugleDataModel(17836): 	at com.android.internal.os.RuntimeInit$MethodAndArgsCaller.run(RuntimeInit.java:493)
11-16 08:57:27.189: W/BugleDataModel(17836): 	at com.android.internal.os.ZygoteInit.main(ZygoteInit.java:858)
11-16 08:57:27.189: I/BugleAction(17836): ActionSchedulerImpl: class com.google.android.apps.messaging.shared.datamodel.action.CountryCodeDetectorAction-CountryCodeDetectorAction:640788003 deferred since it was started from unsafe context
11-16 08:57:27.200: D/ConnectivityService(1161): ConnectivityService NetworkRequestInfo binderDied(NetworkRequest [ TRACK_DEFAULT id=26, [ Capabilities: INTERNET&NOT_RESTRICTED&TRUSTED Unwanted:  Uid: 10025] ], android.os.BinderProxy@3aa8789)
11-16 08:57:27.200: D/ConnectivityService(1161): releasing NetworkRequest [ TRACK_DEFAULT id=26, [ Capabilities: INTERNET&NOT_RESTRICTED&TRUSTED Unwanted:  Uid: 10025] ] (release request)
11-16 08:57:27.200: W/ActivityManager(1161): Scheduling restart of crashed service com.google.android.ims/.services.NetworkConnectionsService in 1000ms
11-16 08:57:27.201: I/Zygote(731): Process 10069 exited due to signal (9)
11-16 08:57:27.213: E/ExecutionCriteria(11018): Package unavailable for task: com.google.android.apps.gcs/com.google.android.flib.phenotype.services.PhenotypeExperimentCommitService{u=0 tag="PhenotypeExpCommitSvc" trigger=window{start=0s,end=30s,earliest=-538s,latest=-508s} requirements=[NET_ANY] attributes=[PERSISTED] scheduled=-538s last_run=N/A exec_window_multiplier=1.0000 jid=N/A status=PENDING retries=0 client_lib=MANCHEGO_GCM-11732000} [CONTEXT service_id=218 ]
11-16 08:57:27.217: W/libprocessgroup(1161): kill(-10069, 9) failed: No such process
