11-16 08:57:19.514: E/Bugle(16622): 	at vvt.a(SourceFile:4)
11-16 08:57:19.514: E/Bugle(16622): 	at vuq.run(SourceFile:5)
11-16 08:57:19.514: E/Bugle(16622): 	at vvr.run(SourceFile:9)
11-16 08:57:19.514: E/Bugle(16622): 	at java.util.concurrent.ThreadPoolExecutor.runWorker(ThreadPoolExecutor.java:1167)
11-16 08:57:19.514: E/Bugle(16622): 	at java.util.concurrent.ThreadPoolExecutor$Worker.run(ThreadPoolExecutor.java:641)
11-16 08:57:19.514: E/Bugle(16622): 	at tyn.run(SourceFile:5)
11-16 08:57:19.514: E/Bugle(16622): 	at java.lang.Thread.run(Thread.java:764)
11-16 08:57:19.522: W/.apps.messagin(16622): Verification of void dng.g(android.database.sqlite.SQLiteDatabase) took 133.793ms
11-16 08:57:19.552: E/LibraryVersion(16622): Failed to get app version for libraryName: firebase-iid
11-16 08:57:19.552: V/BackupManagerConstants(1161): getFullBackupRequiredNetworkType(...) returns 2
11-16 08:57:19.552: V/BackupManagerConstants(1161): getFullBackupRequireCharging(...) returns true
11-16 08:57:19.554: D/BoundBrokerSvc(13816): onBind: Intent { act=com.google.android.mdd.service.START cmp=com.google.android.gms/.chimera.GmsBoundBrokerService }
11-16 08:57:19.554: D/BoundBrokerSvc(13816): Loading bound service for intent: Intent { act=com.google.android.mdd.service.START cmp=com.google.android.gms/.chimera.GmsBoundBrokerService }
11-16 08:57:19.568: I/Icing(13816): Usage reports ok 1, Failed Usage reports 0, indexed 0, rejected 0
11-16 08:57:19.572: E/Bugle(16622): AssistantIntegrationStartupTask: Error getting assistant availability.
11-16 08:57:19.572: E/Bugle(16622): java.lang.IllegalStateException: Failed to query to AGSA.
11-16 08:57:19.572: E/Bugle(16622): 	at pxf.onPostExecute(SourceFile:5)
11-16 08:57:19.572: E/Bugle(16622): 	at android.os.AsyncTask.finish(AsyncTask.java:695)
11-16 08:57:19.572: E/Bugle(16622): 	at android.os.AsyncTask.access$600(AsyncTask.java:180)
11-16 08:57:19.572: E/Bugle(16622): 	at android.os.AsyncTask$InternalHandler.handleMessage(AsyncTask.java:712)
11-16 08:57:19.572: E/Bugle(16622): 	at android.os.Handler.dispatchMessage(Handler.java:106)
11-16 08:57:19.572: E/Bugle(16622): 	at android.os.Looper.loop(Looper.java:193)
11-16 08:57:19.572: E/Bugle(16622): 	at android.app.ActivityThread.main(ActivityThread.java:6718)
11-16 08:57:19.572: E/Bugle(16622): 	at java.lang.reflect.Method.invoke(Native Method)
11-16 08:57:19.572: E/Bugle(16622): 	at com.android.internal.os.RuntimeInit$MethodAndArgsCaller.run(RuntimeInit.java:493)
11-16 08:57:19.572: E/Bugle(16622): 	at com.android.internal.os.ZygoteInit.main(ZygoteInit.java:858)
11-16 08:57:19.574: W/Bugle(16622): SubscriptionMetadataUtils get: invalid subId = -1
11-16 08:57:19.598: I/BugleRcsEngine(16622): [920] pkj.b: Processing an intent
11-16 08:57:19.611: E/GCM(11018): Missing checkin config file
11-16 08:57:19.615: W/GCM(11018): GCM FAILED TO INITIALIZE - missing checkin
11-16 08:57:19.621: E/Bugle(16622): BugleFirebaseInstanceIDManagerImpl: Failed to refresh firebase instance ID
11-16 08:57:19.621: E/Bugle(16622): java.io.IOException: AUTHENTICATION_FAILED
11-16 08:57:19.621: E/Bugle(16622): 	at wik.a(SourceFile:9)
11-16 08:57:19.621: E/Bugle(16622): 	at nok.run(SourceFile:8)
11-16 08:57:19.621: E/Bugle(16622): 	at java.util.concurrent.ThreadPoolExecutor.runWorker(ThreadPoolExecutor.java:1167)
11-16 08:57:19.621: E/Bugle(16622): 	at java.util.concurrent.ThreadPoolExecutor$Worker.run(ThreadPoolExecutor.java:641)
11-16 08:57:19.621: E/Bugle(16622): 	at java.lang.Thread.run(Thread.java:764)
11-16 08:57:19.629: W/BugleRcsEngine(16622): [922] pot.a: Service with meta data key: SignupServiceVersions is not compatible. Service Version 4 is not supported. Supported versions: [1, 2]
11-16 08:57:19.629: I/Bugle(16622): ApnsOta: OTA version -1
11-16 08:57:19.630: I/BugleRcsEngine(16622): [922] pot.b: Not using CS JibeService because the CS migration has not completed.
11-16 08:57:19.631: I/BugleRcsEngine(16622): [2] txc.connect: Connecting SignupService
11-16 08:57:19.632: I/BugleRcsEngine(16622): [2] pot.b: Not using CS JibeService because the CS migration has not completed.
11-16 08:57:19.633: I/BugleRcsEngine(16622): [2] txc.connect: Binding to JibeService in Bugle. com.google.android.ims.rcsservice.signup.ISignup
11-16 08:57:19.642: I/BugleRcsEngine(16622): [920] pkj.handleSimState: SIM state ABSENT
11-16 08:57:19.657: I/RcsClientLib(16622): Service com.google.android.rcs.client.signup.SignupService connected. Will notify listeners: true
11-16 08:57:19.696: I/Bugle(16622): BugleMddTaskScheduler: Scheduling MDD job, tag: MDD.CHARGING.PERIODIC.TASK, period: 21600
11-16 08:57:19.706: I/Bugle(16622): BugleMddTaskScheduler: Scheduling MDD job, tag: MDD.MAINTENANCE.PERIODIC.GCM.TASK, period: 86400
11-16 08:57:19.706: I/Bugle(16622): BugleMddTaskScheduler: Successfully updated period. tag: MDD.MAINTENANCE.PERIODIC.GCM.TASK, period: 86400
11-16 08:57:19.717: I/ActivityManager(1161): Start proc 16976:com.google.android.gms.unstable/u0a7 for service com.google.android.gms/.droidguard.DroidGuardService
11-16 08:57:19.735: I/Bugle(16622): CountryCodeDetector: updateMainDeviceCountry from system locale as fallback. detected country: null
11-16 08:57:19.744: I/BugleRcsEngine(16622): [920] pkj.sendBroadcastSimState: Broadcasting Intent { act=com.google.android.ims.SIM_ABSENT }
11-16 08:57:19.745: I/Bugle(16622): SimChangeReceiver: action: com.google.android.ims.SIM_ABSENT
11-16 08:57:19.746: E/id.gms.unstabl(16976): Not starting debugger since process cannot load the jdwp agent.
11-16 08:57:19.746: I/Bugle(16622): BugleMddTaskScheduler: Scheduling MDD job, tag: MDD.CELLULAR.CHARGING.PERIODIC.TASK, period: 21600
11-16 08:57:19.748: W/Bugle(16622): SubscriptionMetadataUtils get: invalid subId = -1
11-16 08:57:19.752: E/Bugle(16622): P2pConversationSuggestionsConfigUtils: Unknown suggestion type DUO_CALL
11-16 08:57:19.754: I/BugleRcsEngine(10190): [619] pev.a: RcsAvailabilityManager: Calculating Rcs Availability
11-16 08:57:19.765: E/Bugle(16622): java.lang.IllegalArgumentException: No enum constant xpe.DUO_CALL
11-16 08:57:19.765: E/Bugle(16622): 	at java.lang.Enum.valueOf(Enum.java:258)
11-16 08:57:19.765: E/Bugle(16622): 	at xpe.a(SourceFile:2)
11-16 08:57:19.765: E/Bugle(16622): 	at hak.a(SourceFile:353)
11-16 08:57:19.765: E/Bugle(16622): 	at hak.a(SourceFile:297)
11-16 08:57:19.765: E/Bugle(16622): 	at hak.a(SourceFile:313)
11-16 08:57:19.765: E/Bugle(16622): 	at haz.a(SourceFile:18)
11-16 08:57:19.765: E/Bugle(16622): 	at haz.c(SourceFile:31)
11-16 08:57:19.765: E/Bugle(16622): 	at dcn.run(Unknown Source:14)
11-16 08:57:19.765: E/Bugle(16622): 	at java.util.concurrent.Executors$RunnableAdapter.call(Executors.java:458)
11-16 08:57:19.765: E/Bugle(16622): 	at vvt.a(SourceFile:4)
11-16 08:57:19.765: E/Bugle(16622): 	at vuq.run(SourceFile:5)
11-16 08:57:19.765: E/Bugle(16622): 	at vvr.run(SourceFile:9)
11-16 08:57:19.765: E/Bugle(16622): 	at java.util.concurrent.ThreadPoolExecutor.runWorker(ThreadPoolExecutor.java:1167)
11-16 08:57:19.765: E/Bugle(16622): 	at java.util.concurrent.ThreadPoolExecutor$Worker.run(ThreadPoolExecutor.java:641)
11-16 08:57:19.765: E/Bugle(16622): 	at tyn.run(SourceFile:5)
11-16 08:57:19.765: E/Bugle(16622): 	at java.lang.Thread.run(Thread.java:764)
11-16 08:57:19.770: E/Bugle(16622): P2pConversationSuggestionsConfigUtils: Unknown suggestion type DUO_CALL
11-16 08:57:19.776: I/id.gms.unstabl(16976): The ClassLoaderContext is a special shared library.
11-16 08:57:19.777: I/chatty(16976): uid=10007 com.google.android.gms.unstable identical 1 line
11-16 08:57:19.779: I/id.gms.unstabl(16976): The ClassLoaderContext is a special shared library.
11-16 08:57:19.781: W/Bugle(16622): SubscriptionMetadataUtils get: invalid subId = -1
11-16 08:57:19.781: E/Bugle(16622): Get mms config failed: invalid subId. subId=-1, real subId=-1, map={ }
11-16 08:57:19.782: I/BugleBackup(16622): Registering preference change listener for "buglesub_-1".
11-16 08:57:19.790: V/BackupManagerConstants(1161): getFullBackupRequiredNetworkType(...) returns 2
11-16 08:57:19.790: V/BackupManagerConstants(1161): getFullBackupRequireCharging(...) returns true
11-16 08:57:19.798: W/id.gms.unstabl(16976): Unknown chunk type '200'.
11-16 08:57:19.800: E/Bugle(16622): java.lang.IllegalArgumentException: No enum constant xpe.DUO_CALL
11-16 08:57:19.800: E/Bugle(16622): 	at java.lang.Enum.valueOf(Enum.java:258)
11-16 08:57:19.800: E/Bugle(16622): 	at xpe.a(SourceFile:2)
11-16 08:57:19.800: E/Bugle(16622): 	at hak.a(SourceFile:353)
11-16 08:57:19.800: E/Bugle(16622): 	at hak.a(SourceFile:305)
11-16 08:57:19.800: E/Bugle(16622): 	at hak.a(SourceFile:314)
11-16 08:57:19.800: E/Bugle(16622): 	at haz.a(SourceFile:18)
11-16 08:57:19.800: E/Bugle(16622): 	at haz.c(SourceFile:31)
11-16 08:57:19.800: E/Bugle(16622): 	at dcn.run(Unknown Source:14)
11-16 08:57:19.800: E/Bugle(16622): 	at java.util.concurrent.Executors$RunnableAdapter.call(Executors.java:458)
11-16 08:57:19.800: E/Bugle(16622): 	at vvt.a(SourceFile:4)
11-16 08:57:19.800: E/Bugle(16622): 	at vuq.run(SourceFile:5)
11-16 08:57:19.800: E/Bugle(16622): 	at vvr.run(SourceFile:9)
11-16 08:57:19.800: E/Bugle(16622): 	at java.util.concurrent.ThreadPoolExecutor.runWorker(ThreadPoolExecutor.java:1167)
11-16 08:57:19.800: E/Bugle(16622): 	at java.util.concurrent.ThreadPoolExecutor$Worker.run(ThreadPoolExecutor.java:641)
11-16 08:57:19.800: E/Bugle(16622): 	at tyn.run(SourceFile:5)
11-16 08:57:19.800: E/Bugle(16622): 	at java.lang.Thread.run(Thread.java:764)
11-16 08:57:19.807: E/Bugle(16622): P2pConversationSuggestionsConfigUtils: Unknown suggestion type DUO_CALL
11-16 08:57:19.825: E/Bugle(16622): java.lang.IllegalArgumentException: No enum constant xpe.DUO_CALL
11-16 08:57:19.825: E/Bugle(16622): 	at java.lang.Enum.valueOf(Enum.java:258)
11-16 08:57:19.825: E/Bugle(16622): 	at xpe.a(SourceFile:2)
11-16 08:57:19.825: E/Bugle(16622): 	at hak.a(SourceFile:353)
11-16 08:57:19.825: E/Bugle(16622): 	at hak.a(SourceFile:308)
11-16 08:57:19.825: E/Bugle(16622): 	at hak.a(SourceFile:314)
11-16 08:57:19.825: E/Bugle(16622): 	at haz.a(SourceFile:18)
11-16 08:57:19.825: E/Bugle(16622): 	at haz.c(SourceFile:31)
11-16 08:57:19.825: E/Bugle(16622): 	at dcn.run(Unknown Source:14)
11-16 08:57:19.825: E/Bugle(16622): 	at java.util.concurrent.Executors$RunnableAdapter.call(Executors.java:458)
11-16 08:57:19.825: E/Bugle(16622): 	at vvt.a(SourceFile:4)
11-16 08:57:19.825: E/Bugle(16622): 	at vuq.run(SourceFile:5)
11-16 08:57:19.825: E/Bugle(16622): 	at vvr.run(SourceFile:9)
11-16 08:57:19.825: E/Bugle(16622): 	at java.util.concurrent.ThreadPoolExecutor.runWorker(ThreadPoolExecutor.java:1167)
11-16 08:57:19.825: E/Bugle(16622): 	at java.util.concurrent.ThreadPoolExecutor$Worker.run(ThreadPoolExecutor.java:641)
11-16 08:57:19.825: E/Bugle(16622): 	at tyn.run(SourceFile:5)
11-16 08:57:19.825: E/Bugle(16622): 	at java.lang.Thread.run(Thread.java:764)
11-16 08:57:19.830: W/Bugle(16622): SubscriptionMetadataUtils get: invalid subId = -1
11-16 08:57:19.832: W/Bugle(16622): SubscriptionMetadataUtils get: invalid subId = -1
11-16 08:57:19.833: I/Bugle(16622): BugleMddTaskScheduler: Successfully updated period. tag: MDD.CELLULAR.CHARGING.PERIODIC.TASK, period: 21600
11-16 08:57:19.837: W/Bugle(16622): SubscriptionMetadataUtils get: invalid subId = -1
11-16 08:57:19.839: I/chatty(16622): uid=10111(com.google.android.apps.messaging) identical 1 line
11-16 08:57:19.841: W/Bugle(16622): SubscriptionMetadataUtils get: invalid subId = -1
11-16 08:57:19.854: I/Bugle(16622): BugleMddTaskScheduler: Scheduling MDD job, tag: MDD.WIFI.CHARGING.PERIODIC.TASK, period: 3600
11-16 08:57:19.896: I/Bugle(16622): BugleMddTaskScheduler: Successfully updated period. tag: MDD.CHARGING.PERIODIC.TASK, period: 21600
11-16 08:57:19.902: I/BugleRcsEngine(16622): [927] pot.b: Not using CS JibeService because the CS migration has not completed.
11-16 08:57:19.904: I/BugleRcsEngine(10190): [2] ProvisioningEventReceiver.onReceive: Received Provisioning Event: [Bugle information (100)]
11-16 08:57:19.905: I/BugleRcsEngine(10190): [2] ProvisioningEventReceiver.onReceive: JibeService is running, passing event to provisioning engine.
11-16 08:57:19.905: I/BugleRcsEngine(10190): [2] pdz.a: Handling Provisioning Event: [Bugle information (100)]
11-16 08:57:19.906: I/BugleRcsEngine(10190): [2] pev.a: RcsAvailabilityManager: Calculating Rcs Availability
11-16 08:57:19.929: I/Bugle(16622): BugleMddTaskScheduler: Successfully updated period. tag: MDD.WIFI.CHARGING.PERIODIC.TASK, period: 3600
11-16 08:57:20.002: W/oid.apps.photo(16926): JIT profile information will not be recorded: profile file does not exits.
11-16 08:57:20.002: W/oid.apps.photo(16926): JIT profile information will not be recorded: profile file does not exits.
11-16 08:57:20.049: D/NetworkSecurityConfig(16622): No Network Security Config specified, using platform default
11-16 08:57:20.051: W/ProviderHelper(16976): Unknown dynamite feature providerinstaller.dynamite
11-16 08:57:20.053: I/DynamiteModule(16976): Considering local module com.google.android.gms.providerinstaller.dynamite:1 and remote module com.google.android.gms.providerinstaller.dynamite:0
11-16 08:57:20.053: I/DynamiteModule(16976): Selected local version of com.google.android.gms.providerinstaller.dynamite
11-16 08:57:20.087: V/NativeCrypto(16976): Registering com/google/android/gms/org/conscrypt/NativeCrypto's 294 native methods...
11-16 08:57:20.103: W/Bugle(16622): ChatContentDecoratorGrpc: Instance created but no relevant features are enabled
11-16 08:57:20.119: D/NetworkSecurityConfig(16976): Using Network Security Config from resource network_security_config debugBuild: false
11-16 08:57:20.122: I/ProviderInstaller(16976): Installed default security provider GmsCore_OpenSSL
11-16 08:57:20.163: I/axnn(16976): Primes not initialized, returning default (no-op) Primes instance which will ignore all calls. Please call Primes.initialize(...) before using any Primes API.
11-16 08:57:20.189: I/GMS_MM_Logger(16976): Started.
11-16 08:57:20.212: I/ActivityManager(1161): Killing 16132:com.google.android.euicc/u0a67 (adj 906): empty #17
11-16 08:57:20.213: W/libprocessgroup(1161): kill(-16132, 9) failed: No such process
11-16 08:57:20.221: I/ActivityManager(1161): Killing 16163:com.google.android.partnersetup/u0a49 (adj 906): empty #17
11-16 08:57:20.223: I/ActivityManager(1161): Start proc 17022:com.google.android.apps.tips/u0a52 for broadcast com.google.android.apps.tips/.onboarding.LocaleChangedReceiver
11-16 08:57:20.224: E/droid.apps.tip(17022): Not starting debugger since process cannot load the jdwp agent.
11-16 08:57:20.226: W/libprocessgroup(1161): kill(-16132, 9) failed: No such process
11-16 08:57:20.246: I/Zygote(731): Process 16132 exited due to signal (9)
11-16 08:57:20.253: W/libprocessgroup(1161): kill(-16132, 9) failed: No such process
11-16 08:57:20.253: I/libprocessgroup(1161): Successfully killed process cgroup uid 10067 pid 16132 in 39ms
11-16 08:57:20.253: W/libprocessgroup(1161): kill(-16163, 9) failed: No such process
11-16 08:57:20.262: I/Zygote(731): Process 16163 exited due to signal (9)
11-16 08:57:20.267: I/Watchcat(16976): Started
11-16 08:57:20.269: W/libprocessgroup(1161): kill(-16163, 9) failed: No such process
11-16 08:57:20.270: I/libprocessgroup(1161): Successfully killed process cgroup uid 10049 pid 16163 in 16ms
11-16 08:57:20.271: I/DynamiteModule(16976): Considering local module com.google.android.gms.googlecertificates:6 and remote module com.google.android.gms.googlecertificates:6
11-16 08:57:20.271: I/DynamiteModule(16976): Selected local version of com.google.android.gms.googlecertificates
11-16 08:57:20.291: I/EventLogSendingHelper(10033): Sending log events.
11-16 08:57:20.344: I/ActivityManager(1161): Start proc 17043:com.google.android.apps.wellbeing/u0a26 for broadcast com.google.android.apps.wellbeing/.api.launcher.impl.LauncherActionsChangedBroadcastReceiver_Receiver
11-16 08:57:20.347: E/.apps.wellbein(17043): Not starting debugger since process cannot load the jdwp agent.
11-16 08:57:20.348: D/QSEECOMAPI(16954): QSEECom_get_handle sb_length = 0x400
11-16 08:57:20.348: D/QSEECOMAPI(16954): App is already loaded QSEE and app id = 1
11-16 08:57:20.351: E/fpc_tac(16954): qsee_km_get_encapsulated_key KEYMASTER_GET_AUTH_TOKEN_KEY returned status=-24
11-16 08:57:20.351: D/QSEECOMAPI(16954): QSEECom_dealloc_memory 
11-16 08:57:20.351: D/QSEECOMAPI(16954): QSEECom_shutdown_app, app_id = 1
11-16 08:57:20.351: E/fpc_fingerprint_hal(16954): fpc_hal_open failed
11-16 08:57:20.353: I/EventHub(1161): Removing device uinput-fpc due to epoll hang-up event.
11-16 08:57:20.353: I/EventHub(1161): Removed device: path=/dev/input/event3 name=uinput-fpc id=129 fd=316 classes=0x101
11-16 08:57:20.353: W/EventHub(1161): built-in keyboard device /dev/input/event3 (id=129) is closing! the apps will not like this
11-16 08:57:20.353: W/InputReader(1161): Ignoring spurious device removed event for deviceId 129.
11-16 08:57:20.353: I/EventHub(1161): Removing device '/dev/input/event3' due to inotify event
11-16 08:57:20.366: I/.apps.wellbein(17043): The ClassLoaderContext is a special shared library.
11-16 08:57:20.374: D/QSEECOMAPI(16954): QSEECom_dealloc_memory 
11-16 08:57:20.374: D/QSEECOMAPI(16954): QSEECom_shutdown_app, app_id = 129
11-16 08:57:20.395: I/id.gms.unstabl(16976): The ClassLoaderContext is a special shared library.
11-16 08:57:20.412: I/PublicSearchService(10033): Calling beginSession().
11-16 08:57:20.413: W/PublicSearchService(10033): Invalid client config. Failed to begin session.
11-16 08:57:20.414: E/tips-smartspace-binder(17022): PSS session is null
11-16 08:57:20.427: I/ActivityManager(1161): Killing 4515:com.google.process.gapps/u0a7 (adj 906): empty #17
11-16 08:57:20.428: W/libprocessgroup(1161): kill(-4515, 9) failed: No such process
11-16 08:57:20.447: I/Zygote(731): Process 4515 exited due to signal (9)
11-16 08:57:20.473: W/libprocessgroup(1161): kill(-4515, 9) failed: No such process
11-16 08:57:20.473: I/libprocessgroup(1161): Successfully killed process cgroup uid 10007 pid 4515 in 45ms
11-16 08:57:20.510: I/MultiDex(17043): VM with version 2.1.0 has multidex support
11-16 08:57:20.510: I/MultiDex(17043): install
11-16 08:57:20.510: I/MultiDex(17043): VM has multidex support, MultiDex support library is disabled.
11-16 08:57:20.526: I/EventLogSendingHelper(10033): Sending log events.
11-16 08:57:20.555: I/lugins.sprintd(16445): Waiting for a blocking GC ProfileSaver
11-16 08:57:20.586: W/Bugle(16622): SubscriptionMetadataUtils get: invalid subId = -1
11-16 08:57:20.631: I/hiy(17043): SslGuard completed installation.
11-16 08:57:20.638: I/t_app_installe(16464): Waiting for a blocking GC ProfileSaver
11-16 08:57:20.645: I/t_app_installe(16464): WaitForGcToComplete blocked ProfileSaver on AddRemoveAppImageSpace for 6.326ms
11-16 08:57:20.681: W/PrimesInit(17043): Primes instant initialization
11-16 08:57:20.682: W/Primes(17043): background initialization
11-16 08:57:20.699: E/akgg(11018): Phenotype API error. Event # btlq@2c3419e5, EventCode: 5 [CONTEXT service_id=51 ]
11-16 08:57:20.699: E/akgg(11018): akfs: 29501: Stale snapshot (change count changed - expected 3  but was 2)
11-16 08:57:20.699: E/akgg(11018): 	at akgi.b(:com.google.android.gms@213614028@21.36.14 (100400-395708125):14)
11-16 08:57:20.699: E/akgg(11018): 	at akgh.e(:com.google.android.gms@213614028@21.36.14 (100400-395708125):0)
11-16 08:57:20.699: E/akgg(11018): 	at akgg.d(:com.google.android.gms@213614028@21.36.14 (100400-395708125):4)
11-16 08:57:20.699: E/akgg(11018): 	at akgg.f(:com.google.android.gms@213614028@21.36.14 (100400-395708125):2)
11-16 08:57:20.699: E/akgg(11018): 	at xna.run(:com.google.android.gms@213614028@21.36.14 (100400-395708125):17)
11-16 08:57:20.699: E/akgg(11018): 	at bfyg.run(:com.google.android.gms@213614028@21.36.14 (100400-395708125):2)
11-16 08:57:20.699: E/akgg(11018): 	at rgh.c(:com.google.android.gms@213614028@21.36.14 (100400-395708125):6)
11-16 08:57:20.699: E/akgg(11018): 	at rgh.run(:com.google.android.gms@213614028@21.36.14 (100400-395708125):7)
11-16 08:57:20.699: E/akgg(11018): 	at java.util.concurrent.ThreadPoolExecutor.runWorker(ThreadPoolExecutor.java:1167)
11-16 08:57:20.699: E/akgg(11018): 	at java.util.concurrent.ThreadPoolExecutor$Worker.run(ThreadPoolExecutor.java:641)
11-16 08:57:20.699: E/akgg(11018): 	at rkn.run(:com.google.android.gms@213614028@21.36.14 (100400-395708125):0)
11-16 08:57:20.699: E/akgg(11018): 	at java.lang.Thread.run(Thread.java:764)
11-16 08:57:20.700: E/AsyncOperation(11018): operation=CommitToConfigurationOperationCall, opStatusCode=29501 [CONTEXT service_id=51 ]
11-16 08:57:20.700: E/AsyncOperation(11018): OperationException[Status{statusCode=Stale snapshot (change count changed - expected 3  but was 2), resolution=null}]
11-16 08:57:20.700: E/AsyncOperation(11018): 	at akgg.d(:com.google.android.gms@213614028@21.36.14 (100400-395708125):6)
11-16 08:57:20.700: E/AsyncOperation(11018): 	at akgg.f(:com.google.android.gms@213614028@21.36.14 (100400-395708125):2)
11-16 08:57:20.700: E/AsyncOperation(11018): 	at xna.run(:com.google.android.gms@213614028@21.36.14 (100400-395708125):17)
11-16 08:57:20.700: E/AsyncOperation(11018): 	at bfyg.run(:com.google.android.gms@213614028@21.36.14 (100400-395708125):2)
11-16 08:57:20.700: E/AsyncOperation(11018): 	at rgh.c(:com.google.android.gms@213614028@21.36.14 (100400-395708125):6)
11-16 08:57:20.700: E/AsyncOperation(11018): 	at rgh.run(:com.google.android.gms@213614028@21.36.14 (100400-395708125):7)
11-16 08:57:20.700: E/AsyncOperation(11018): 	at java.util.concurrent.ThreadPoolExecutor.runWorker(ThreadPoolExecutor.java:1167)
11-16 08:57:20.700: E/AsyncOperation(11018): 	at java.util.concurrent.ThreadPoolExecutor$Worker.run(ThreadPoolExecutor.java:641)
11-16 08:57:20.700: E/AsyncOperation(11018): 	at rkn.run(:com.google.android.gms@213614028@21.36.14 (100400-395708125):0)
11-16 08:57:20.700: E/AsyncOperation(11018): 	at java.lang.Thread.run(Thread.java:764)
11-16 08:57:20.701: E/MendelPackageState(17043): Failed to commit to config
11-16 08:57:20.701: E/MendelPackageState(17043): fct: 29501: Stale snapshot (change count changed - expected 3  but was 2)
11-16 08:57:20.701: E/MendelPackageState(17043): 	at fhj.a(PG:4)
11-16 08:57:20.701: E/MendelPackageState(17043): 	at fhj.a(PG:1)
11-16 08:57:20.701: E/MendelPackageState(17043): 	at fss.e(PG:6)
11-16 08:57:20.701: E/MendelPackageState(17043): 	at fsx.a(PG:34)
11-16 08:57:20.701: E/MendelPackageState(17043): 	at bdt.onTransact(PG:4)
11-16 08:57:20.701: E/MendelPackageState(17043): 	at android.os.Binder.execTransact(Binder.java:731)
11-16 08:57:20.703: I/PrimesTesting(17043): GserviceFlagsSupplier.get()
11-16 08:57:20.655: W/DynamiteModule(16517): Local module descriptor class for providerinstaller not found.
11-16 08:57:20.733: W/ProviderHelper(11018): Unknown dynamite feature providerinstaller
11-16 08:57:20.752: W/ProviderInstaller(16517): Failed to load providerinstaller module: No acceptable module found. Local version is 0 and remote version is 0.
11-16 08:57:20.758: W/droid.apps.doc(16517): Unknown chunk type '200'.
11-16 08:57:20.813: I/droid.apps.doc(16517): The ClassLoaderContext is a special shared library.
11-16 08:57:20.815: I/chatty(16517): uid=10128(com.google.android.apps.docs) TaskSchedulerLo identical 1 line
11-16 08:57:20.860: I/droid.apps.doc(16517): The ClassLoaderContext is a special shared library.
11-16 08:57:20.926: V/NativeCrypto(16517): Registering com/google/android/gms/org/conscrypt/NativeCrypto's 294 native methods...
11-16 08:57:21.013: I/ActivityManager(1161): Killing 16179:com.google.intelligence.sense/u0a31 (adj 906): empty #17
11-16 08:57:21.013: W/libprocessgroup(1161): kill(-16179, 9) failed: No such process
11-16 08:57:21.024: E/s:nonpersisten(17110): Not starting debugger since process cannot load the jdwp agent.
11-16 08:57:21.024: D/NetworkSecurityConfig(16517): Using Network Security Config from resource network_security_config debugBuild: false
11-16 08:57:21.024: I/ActivityManager(1161): Start proc 17110:com.google.android.as:nonpersistent/u0a43 for broadcast com.google.android.as/com.google.android.apps.miphone.aiai.allapps.broadcastreceiver.SystemBroadcastReceiver
11-16 08:57:21.035: W/libprocessgroup(1161): kill(-16179, 9) failed: No such process
11-16 08:57:21.052: I/ProviderInstaller(16517): Installed default security provider GmsCore_OpenSSL
11-16 08:57:21.051: W/Binder:1161_4(1161): type=1400 audit(0.0:240): avc: denied { syslog_read } for scontext=u:r:system_server:s0 tcontext=u:r:kernel:s0 tclass=system permissive=0
11-16 08:57:21.052: D/wifi-jni(1161): no kernel logs
11-16 08:57:21.061: I/Zygote(731): Process 16179 exited due to signal (9)
11-16 08:57:21.071: W/libprocessgroup(1161): kill(-16179, 9) failed: No such process
11-16 08:57:21.071: I/libprocessgroup(1161): Successfully killed process cgroup uid 10031 pid 16179 in 58ms
11-16 08:57:21.079: I/cr_CronetLibraryLoader(17110): Cronet version: 68.0.3430.2, arch: armv8l
11-16 08:57:21.090: I/AiAi(17110): AiAi onCreate, isDebug: false
11-16 08:57:21.096: I/AiAiMatchmaker(17110): Install SilentFeedback Handler: true
11-16 08:57:21.101: I/ActivityManager(1161): Killing 16060:com.google.android.gmscore.testing.testsupport/u0a170 (adj 906): empty #17
11-16 08:57:21.102: W/libprocessgroup(1161): kill(-16060, 9) failed: No such process
11-16 08:57:21.112: I/ActivityManager(1161): Start proc 17145:com.google.android.calendar/u0a124 for broadcast com.google.android.calendar/com.android.calendar.widget.CalendarAppWidgetProvider
11-16 08:57:21.114: E/ndroid.calenda(17145): Not starting debugger since process cannot load the jdwp agent.
11-16 08:57:21.118: I/Zygote(731): Process 16060 exited due to signal (9)
11-16 08:57:21.119: D/BoundBrokerSvc(13816): onUnbind: Intent { act=com.google.android.gms.testsupport.service.START pkg=com.google.android.gms }
11-16 08:57:21.137: I/ndroid.calenda(17145): The ClassLoaderContext is a special shared library.
11-16 08:57:21.145: W/libprocessgroup(1161): kill(-16060, 9) failed: No such process
11-16 08:57:21.145: I/libprocessgroup(1161): Successfully killed process cgroup uid 10170 pid 16060 in 43ms
11-16 08:57:21.218: W/ip(17168): type=1400 audit(0.0:241): avc: denied { search } for name="net" dev="sda21" ino=4378 scontext=u:r:shell:s0 tcontext=u:object_r:net_data_file:s0 tclass=dir permissive=0
11-16 08:57:21.312: E/WifiHAL(783): wifi_get_ring_data: Error -5 happened. 
11-16 08:57:21.312: E/WifiVendorHal(1161): getRingBufferData(l.2057) failed {.code = ERROR_INVALID_ARGS, .description = }
11-16 08:57:21.332: D/wifi-jni(1161): no kernel logs
11-16 08:57:21.331: W/Binder:1161_1E(1161): type=1400 audit(0.0:242): avc: denied { syslog_read } for scontext=u:r:system_server:s0 tcontext=u:r:kernel:s0 tclass=system permissive=0
11-16 08:57:21.436: E/WifiHAL(783): wifi_get_ring_data: Error -5 happened. 
11-16 08:57:21.437: E/WifiVendorHal(1161): getRingBufferData(l.2057) failed {.code = ERROR_INVALID_ARGS, .description = }
11-16 08:57:21.453: D/wifi-jni(1161): no kernel logs
11-16 08:57:21.451: W/Binder:1161_20(1161): type=1400 audit(0.0:243): avc: denied { syslog_read } for scontext=u:r:system_server:s0 tcontext=u:r:kernel:s0 tclass=system permissive=0
11-16 08:57:21.548: W/.apps.wellbein(17043): Unknown chunk type '200'.
11-16 08:57:21.806: I/ActivityManager(1161): Start proc 17214:com.android.providers.calendar/u0a44 for content provider com.android.providers.calendar/.CalendarProvider2
11-16 08:57:21.812: E/viders.calenda(17214): Not starting debugger since process cannot load the jdwp agent.
11-16 08:57:21.820: W/Primes(17145): Primes not initialized, returning default (no-op) Primes instance which will ignore all calls. Please call Primes.initialize(...) before using any Primes API.
11-16 08:57:21.836: W/PrimesInit(17145): Primes instant initialization
11-16 08:57:21.836: W/Primes(17145): background initialization
11-16 08:57:21.860: I/ActivityManager(1161): Start proc 17237:com.google.android.configupdater/u0a29 for service com.google.android.configupdater/.MainJobService
11-16 08:57:21.862: I/CalendarProvider2(17214): Created com.android.providers.calendar.CalendarAlarmManager@a660c8f(com.android.providers.calendar.CalendarProvider2@ae11b1c)
11-16 08:57:21.870: E/d.configupdate(17237): Not starting debugger since process cannot load the jdwp agent.
11-16 08:57:21.893: I/d.configupdate(17237): The ClassLoaderContext is a special shared library.
11-16 08:57:21.957: I/ActivityManager(1161): Killing 16295:com.android.carrierdefaultapp/u0a84 (adj 906): empty #17
11-16 08:57:21.958: W/libprocessgroup(1161): kill(-16295, 9) failed: No such process
11-16 08:57:21.965: E/ndroid.contact(17276): Not starting debugger since process cannot load the jdwp agent.
11-16 08:57:21.965: I/ActivityManager(1161): Start proc 17276:com.google.android.contacts/u0a90 for broadcast com.google.android.contacts/com.google.android.apps.contacts.receiver.LocaleChangeReceiver
11-16 08:57:21.970: W/libprocessgroup(1161): kill(-16295, 9) failed: No such process
11-16 08:57:21.978: I/ndroid.contact(17276): The ClassLoaderContext is a special shared library.
11-16 08:57:21.985: E/Backup(13816): [BackupTransportMigratorChimeraService] Could not migrate transport!
11-16 08:57:21.986: I/Backup(13816): [BackupTransportMigratorChimeraService] Starting migration...
11-16 08:57:21.993: I/Zygote(731): Process 16295 exited due to signal (9)
11-16 08:57:22.015: W/libprocessgroup(1161): kill(-16295, 9) failed: No such process
11-16 08:57:22.015: I/libprocessgroup(1161): Successfully killed process cgroup uid 10084 pid 16295 in 57ms
11-16 08:57:22.029: I/a.x.s.s.a.AndroidDataba(17145): Obtained writable database SQLiteDatabase/194685218 instance with path /data/user/0/com.google.android.calendar/databases/cal_v2a
11-16 08:57:22.042: I/a.x.s.s.MigrationRunner(17145): The schema version is 13, the database version is 13, and there are 0 migrations
11-16 08:57:22.088: W/GrowthKit(17145): Failed to get phenotypeManager in PhenotypeBroadcastReceiver
11-16 08:57:22.088: W/GrowthKit(17145): java.lang.NullPointerException: Unable to get GrowthKit Component from host app.
11-16 08:57:22.088: W/GrowthKit(17145): 	at com.google.android.libraries.internal.growth.growthkit.inject.GrowthKit.get(GrowthKit.java:43)
11-16 08:57:22.088: W/GrowthKit(17145): 	at com.google.android.libraries.internal.growth.growthkit.internal.experiments.impl.PhenotypeBroadcastReceiver.onReceive(PhenotypeBroadcastReceiver.java:25)
11-16 08:57:22.088: W/GrowthKit(17145): 	at android.app.ActivityThread.handleReceiver(ActivityThread.java:3417)
11-16 08:57:22.088: W/GrowthKit(17145): 	at android.app.ActivityThread.access$1200(ActivityThread.java:200)
11-16 08:57:22.088: W/GrowthKit(17145): 	at android.app.ActivityThread$H.handleMessage(ActivityThread.java:1667)
11-16 08:57:22.088: W/GrowthKit(17145): 	at android.os.Handler.dispatchMessage(Handler.java:106)
11-16 08:57:22.088: W/GrowthKit(17145): 	at android.os.Looper.loop(Looper.java:193)
11-16 08:57:22.088: W/GrowthKit(17145): 	at android.app.ActivityThread.main(ActivityThread.java:6718)
11-16 08:57:22.088: W/GrowthKit(17145): 	at java.lang.reflect.Method.invoke(Native Method)
11-16 08:57:22.088: W/GrowthKit(17145): 	at com.android.internal.os.RuntimeInit$MethodAndArgsCaller.run(RuntimeInit.java:493)
11-16 08:57:22.088: W/GrowthKit(17145): 	at com.android.internal.os.ZygoteInit.main(ZygoteInit.java:858)
11-16 08:57:22.161: I/ActivityManager(1161): Killing 16314:com.android.cellbroadcastreceiver/u0a62 (adj 906): empty #17
11-16 08:57:22.162: W/libprocessgroup(1161): kill(-16314, 9) failed: No such process
11-16 08:57:22.187: W/libprocessgroup(1161): kill(-16314, 9) failed: No such process
11-16 08:57:22.188: I/Zygote(731): Process 16314 exited due to signal (9)
11-16 08:57:22.198: W/libprocessgroup(1161): kill(-16314, 9) failed: No such process
11-16 08:57:22.198: I/libprocessgroup(1161): Successfully killed process cgroup uid 10062 pid 16314 in 36ms
11-16 08:57:22.220: W/PrimesInit(17276): Primes instant initialization
11-16 08:57:22.221: W/Primes(17276): background initialization
11-16 08:57:22.227: I/ActivityManager(1161): Killing 16339:com.android.chrome/u0a107 (adj 906): empty #17
11-16 08:57:22.228: W/libprocessgroup(1161): kill(-16339, 9) failed: No such process
11-16 08:57:22.238: I/ActivityManager(1161): Start proc 17343:com.google.android.deskclock/u0a119 for broadcast com.google.android.deskclock/com.android.deskclock.AlarmInitReceiver
11-16 08:57:22.242: E/droid.deskcloc(17343): Not starting debugger since process cannot load the jdwp agent.
11-16 08:57:22.263: I/droid.deskcloc(17343): The ClassLoaderContext is a special shared library.
11-16 08:57:22.265: I/Zygote(732): Process 16339 exited due to signal (9)
11-16 08:57:22.268: W/libprocessgroup(1161): kill(-16339, 9) failed: No such process
11-16 08:57:22.268: I/libprocessgroup(1161): Successfully killed process cgroup uid 10107 pid 16339 in 40ms
11-16 08:57:22.369: W/PrimesInit(17343): Primes instant initialization
11-16 08:57:22.370: W/Primes(17343): background initialization
11-16 08:57:22.382: I/GAv4(17343): Google Analytics 18.5.89 is starting up. To enable debug logging on a device run:
11-16 08:57:22.382: I/GAv4(17343):   adb shell setprop log.tag.GAv4 DEBUG
11-16 08:57:22.382: I/GAv4(17343):   adb logcat -s GAv4
11-16 08:57:22.384: I/FontLog(11018): Received query Google Sans:500, URI content://com.google.android.gms.fonts [CONTEXT service_id=132 ]
11-16 08:57:22.385: I/FontLog(11018): Query [Google Sans:500] resolved to {Google Sans, wdth 100.0, wght 500, ital 0.0, bestEffort false} [CONTEXT service_id=132 ]
11-16 08:57:22.386: I/FontLog(11018): Font PFD returned from cache for {Google Sans, wdth 100.0, wght 500, ital 0.0, bestEffort false} [CONTEXT service_id=132 ]
11-16 08:57:22.386: I/FontLog(11018): Fetch {Google Sans, wdth 100.0, wght 500, ital 0.0, bestEffort false} end status Status{statusCode=SUCCESS, resolution=null} [CONTEXT service_id=132 ]
11-16 08:57:22.389: I/FontLog(11018): Pulling font file for id = 11, cache size = 7 [CONTEXT service_id=132 ]
11-16 08:57:22.396: I/PrimesTesting(17343): GserviceFlagsSupplier.get()
11-16 08:57:22.402: W/GAv4(17343): AnalyticsReceiver is not registered or is disabled. Register the receiver for reliable dispatching on non-Google Play devices. See http://goo.gl/8Rd3yj for instructions.
11-16 08:57:22.403: W/GAv4(17343): CampaignTrackingReceiver is not registered, not exported or is disabled. Installation campaign tracking is not possible. See http://goo.gl/8Rd3yj for instructions.
11-16 08:57:22.404: W/GAv4(17343): AnalyticsService not registered in the app manifest. Hits might not be delivered reliably. See http://goo.gl/8Rd3yj for instructions.
11-16 08:57:22.406: I/FontLog(11018): Received query Google Sans, URI content://com.google.android.gms.fonts [CONTEXT service_id=132 ]
11-16 08:57:22.407: I/FontLog(11018): Query [Google Sans] resolved to {Google Sans, wdth 100.0, wght 400, ital 0.0, bestEffort false} [CONTEXT service_id=132 ]
11-16 08:57:22.410: I/FontLog(11018): Font PFD returned from cache for {Google Sans, wdth 100.0, wght 400, ital 0.0, bestEffort false} [CONTEXT service_id=132 ]
11-16 08:57:22.410: I/FontLog(11018): Fetch {Google Sans, wdth 100.0, wght 400, ital 0.0, bestEffort false} end status Status{statusCode=SUCCESS, resolution=null} [CONTEXT service_id=132 ]
11-16 08:57:22.415: I/FontLog(11018): Pulling font file for id = 12, cache size = 6 [CONTEXT service_id=132 ]
11-16 08:57:22.417: I/AlarmClock(17343): AlarmInitReceiver android.intent.action.LOCALE_CHANGED
11-16 08:57:22.424: I/AlarmClock(17343): DigitalAppWidgetProvider processing Intent { act=android.intent.action.LOCALE_CHANGED flg=0x11200010 cmp=com.google.android.deskclock/com.android.alarmclock.DigitalAppWidgetProvider }
11-16 08:57:22.439: I/ActivityManager(1161): Killing 16445:com.android.sdm.plugins.sprintdm/1001 (adj 906): empty #17
11-16 08:57:22.439: W/libprocessgroup(1161): kill(-16445, 9) failed: No such process
11-16 08:57:22.449: E/.android.diale(17381): Not starting debugger since process cannot load the jdwp agent.
11-16 08:57:22.450: I/ActivityManager(1161): Start proc 17381:com.google.android.dialer/u0a64 for broadcast com.google.android.dialer/com.android.dialer.notification.channel.NotificationChannelUpdateReceiver
11-16 08:57:22.451: W/libprocessgroup(1161): kill(-16445, 9) failed: No such process
11-16 08:57:22.467: W/libprocessgroup(1161): kill(-16445, 9) failed: No such process
11-16 08:57:22.469: I/.android.diale(17381): The ClassLoaderContext is a special shared library.
11-16 08:57:22.471: I/.android.diale(17381): The ClassLoaderContext is a special shared library.
11-16 08:57:22.478: W/libprocessgroup(1161): kill(-16445, 9) failed: No such process
11-16 08:57:22.484: I/Zygote(731): Process 16445 exited due to signal (9)
11-16 08:57:22.486: W/libprocessgroup(1161): kill(-16445, 9) failed: No such process
11-16 08:57:22.486: I/libprocessgroup(1161): Successfully killed process cgroup uid 1001 pid 16445 in 46ms
11-16 08:57:22.498: I/PrimesTesting(17276): GserviceFlagsSupplier.get()
11-16 08:57:22.743: I/Dialer(17381): DuoModule.provideDuo - enabled, returning impl
11-16 08:57:22.807: D/BoundBrokerSvc(13816): onBind: Intent { act=com.google.android.gms.telephonyspam.service.START pkg=com.google.android.gms }
11-16 08:57:22.807: D/BoundBrokerSvc(13816): Loading bound service for intent: Intent { act=com.google.android.gms.telephonyspam.service.START pkg=com.google.android.gms }
11-16 08:57:22.824: D/BoundBrokerSvc(13816): onBind: Intent { act=com.google.android.gms.auth.service.START pkg=com.google.android.gms }
11-16 08:57:22.824: D/BoundBrokerSvc(13816): Loading bound service for intent: Intent { act=com.google.android.gms.auth.service.START pkg=com.google.android.gms }
11-16 08:57:22.851: D/WificondControl(1161): Scan result ready event
11-16 08:57:22.868: I/Dialer(17381): ClearcutMetricsInitializer.initialize - enter
11-16 08:57:22.875: W/PrimesInit(17381): Primes instant initialization
11-16 08:57:22.876: I/Dialer(17381): ClearcutMetricsInitializer.initialize - primes metrics monitoring started!
11-16 08:57:22.877: W/Primes(17381): background initialization
11-16 08:57:22.877: I/Dialer(17381): PrimesMetrics.startTimer - Application.onCreate is empty
11-16 08:57:22.896: I/PrimesTesting(17381): GserviceFlagsSupplier.get()
11-16 08:57:22.898: I/Dialer(17381): DialerExecutorModule.newThread - creating low priority thread
11-16 08:57:22.899: I/Dialer(17381): DialerExecutorModule.newThread - creating low priority thread
11-16 08:57:22.903: I/Dialer(17381): DialerExecutorModule.newThread - creating low priority thread
11-16 08:57:22.905: I/Dialer(17381): CallLogFramework.registerContentObserversAndRefreshReceiver - enter
11-16 08:57:22.905: I/Dialer(17381): SystemCallLogDataSource.registerContentObservers - enter
11-16 08:57:22.906: I/Dialer(17381): CallLogConfigImpl.schedulePollingJob - scheduling
11-16 08:57:22.912: I/Dialer(17381): RefreshAnnotatedCallLogNotifier.notify - checkDirty=true
11-16 08:57:22.921: I/Dialer(17381): NonUiTaskBuilder.newThread - creating serial thread
11-16 08:57:22.923: I/Dialer(17381): DialerExecutorModule.newThread - creating low priority thread
11-16 08:57:22.925: I/Dialer(17381): ShortcutsJobScheduler.scheduleAllJobs - enter
11-16 08:57:22.928: I/Dialer(17381): ShortcutsJobScheduler.scheduleAllJobs - enabling shortcuts
11-16 08:57:22.928: I/Dialer(17381): PeriodicJobService.schedulePeriodicJob - enter
11-16 08:57:22.928: I/Dialer(17381): PeriodicJobService.schedulePeriodicJob - job already scheduled.
11-16 08:57:22.951: I/Dialer(17381): NotificationChannelUpdateReceiver.onReceive - updateChannels
11-16 08:57:22.961: I/Dialer(17381): RefreshAnnotatedCallLogReceiver.onReceive - enter
11-16 08:57:22.961: I/Dialer(17381): RefreshAnnotatedCallLogReceiver.refreshAnnotatedCallLog - enter
11-16 08:57:22.961: I/Dialer(17381): RefreshAnnotatedCallLogReceiver.refreshAnnotatedCallLog - start refreshing, checkDirty=true
11-16 08:57:22.961: I/Dialer(17381): RefreshAnnotatedCallLogWorker.refresh - submitting serialized refresh request
11-16 08:57:22.964: I/Dialer(17381): DialerExecutorModule.newThread - creating low priority thread
11-16 08:57:22.967: I/Dialer(17381): RefreshAnnotatedCallLogWorker.checkDirtyAndRebuildIfNecessary - starting refresh flow
11-16 08:57:22.972: E/kvw(17381): RuntimeException while executing runnable bxg@6099b5e with executor MoreExecutors.directExecutor()
11-16 08:57:22.972: E/kvw(17381): java.util.concurrent.CancellationException: Task was cancelled.
11-16 08:57:22.972: E/kvw(17381): 	at kvw.b(PG:2)
11-16 08:57:22.972: E/kvw(17381): 	at kvw.get(PG:2)
11-16 08:57:22.972: E/kvw(17381): 	at kzp.a(PG:3)
11-16 08:57:22.972: E/kvw(17381): 	at kyu.a(PG:15)
11-16 08:57:22.972: E/kvw(17381): 	at bxg.run(PG:2)
11-16 08:57:22.972: E/kvw(17381): 	at kxm.execute(Unknown Source:0)
11-16 08:57:22.972: E/kvw(17381): 	at kvw.b(PG:24)
11-16 08:57:22.972: E/kvw(17381): 	at kvw.a(PG:15)
11-16 08:57:22.972: E/kvw(17381): 	at kvw.cancel(PG:8)
11-16 08:57:22.972: E/kvw(17381): 	at bxi.a(PG:4)
11-16 08:57:22.972: E/kvw(17381): 	at kvw.a(PG:7)
11-16 08:57:22.972: E/kvw(17381): 	at kvw.cancel(PG:8)
11-16 08:57:22.972: E/kvw(17381): 	at bxi.a(PG:4)
11-16 08:57:22.972: E/kvw(17381): 	at kvw.a(PG:7)
11-16 08:57:22.972: E/kvw(17381): 	at kvw.a(PG:40)
11-16 08:57:22.972: E/kvw(17381): 	at bxf.a(PG:1)
11-16 08:57:22.972: E/kvw(17381): 	at bxg.run(PG:5)
11-16 08:57:22.972: E/kvw(17381): 	at kxm.execute(Unknown Source:0)
11-16 08:57:22.972: E/kvw(17381): 	at kvw.b(PG:24)
11-16 08:57:22.972: E/kvw(17381): 	at kvw.a(PG:38)
11-16 08:57:22.972: E/kvw(17381): 	at bya.a(PG:18)
11-16 08:57:22.972: E/kvw(17381): 	at brp.a(Unknown Source:7)
11-16 08:57:22.972: E/kvw(17381): 	at kwm.a(PG:2)
11-16 08:57:22.972: E/kvw(17381): 	at kwj.run(PG:6)
11-16 08:57:22.972: E/kvw(17381): 	at kyw.run(Unknown Source:7)
11-16 08:57:22.972: E/kvw(17381): 	at java.util.concurrent.ThreadPoolExecutor.runWorker(ThreadPoolExecutor.java:1167)
11-16 08:57:22.972: E/kvw(17381): 	at java.util.concurrent.ThreadPoolExecutor$Worker.run(ThreadPoolExecutor.java:641)
11-16 08:57:22.972: E/kvw(17381): 	at java.lang.Thread.run(Thread.java:764)
11-16 08:57:22.982: E/kvw(17381): RuntimeException while executing runnable bxg@6ce0955 with executor MoreExecutors.directExecutor()
11-16 08:57:22.982: E/kvw(17381): java.util.concurrent.CancellationException: Task was cancelled.
11-16 08:57:22.982: E/kvw(17381): 	at kvw.b(PG:2)
11-16 08:57:22.982: E/kvw(17381): 	at kvw.get(PG:2)
11-16 08:57:22.982: E/kvw(17381): 	at kzp.a(PG:3)
11-16 08:57:22.982: E/kvw(17381): 	at kyu.a(PG:15)
11-16 08:57:22.982: E/kvw(17381): 	at bxg.run(PG:2)
11-16 08:57:22.982: E/kvw(17381): 	at kxm.execute(Unknown Source:0)
11-16 08:57:22.982: E/kvw(17381): 	at kvw.b(PG:24)
11-16 08:57:22.982: E/kvw(17381): 	at kvw.a(PG:15)
11-16 08:57:22.982: E/kvw(17381): 	at kvw.cancel(PG:8)
11-16 08:57:22.982: E/kvw(17381): 	at bxi.a(PG:4)
11-16 08:57:22.982: E/kvw(17381): 	at kvw.a(PG:7)
11-16 08:57:22.982: E/kvw(17381): 	at kvw.cancel(PG:8)
11-16 08:57:22.982: E/kvw(17381): 	at bxi.a(PG:4)
11-16 08:57:22.982: E/kvw(17381): 	at kvw.a(PG:7)
11-16 08:57:22.982: E/kvw(17381): 	at kvw.a(PG:40)
11-16 08:57:22.982: E/kvw(17381): 	at bxf.a(PG:1)
11-16 08:57:22.982: E/kvw(17381): 	at bxg.run(PG:5)
11-16 08:57:22.982: E/kvw(17381): 	at kxm.execute(Unknown Source:0)
11-16 08:57:22.982: E/kvw(17381): 	at kvw.b(PG:24)
11-16 08:57:22.982: E/kvw(17381): 	at kvw.a(PG:38)
11-16 08:57:22.982: E/kvw(17381): 	at bya.a(PG:18)
11-16 08:57:22.982: E/kvw(17381): 	at brp.a(Unknown Source:7)
11-16 08:57:22.982: E/kvw(17381): 	at kwm.a(PG:2)
11-16 08:57:22.982: E/kvw(17381): 	at kwj.run(PG:6)
11-16 08:57:22.982: E/kvw(17381): 	at kyw.run(Unknown Source:7)
11-16 08:57:22.982: E/kvw(17381): 	at java.util.concurrent.ThreadPoolExecutor.runWorker(ThreadPoolExecutor.java:1167)
11-16 08:57:22.982: E/kvw(17381): 	at java.util.concurrent.ThreadPoolExecutor$Worker.run(ThreadPoolExecutor.java:641)
11-16 08:57:22.982: E/kvw(17381): 	at java.lang.Thread.run(Thread.java:764)
11-16 08:57:22.983: I/Dialer(17381): RefreshAnnotatedCallLogWorker.checkDirtyAndRebuildIfNecessary - isDirty: true
11-16 08:57:22.994: I/LocaleChangeIO(11018): No action required after switch to en [CONTEXT service_id=231 ]
11-16 08:57:22.997: I/LanguageSettingsHelper(10033): Removing enrollment utterances : Locale changed
11-16 08:57:22.998: E/UtteranceHandler(10033): Called deleteEnrollmentUtterances for null account
11-16 08:57:23.015: I/NearbyDiscovery(11018): DiscoveryService created [CONTEXT service_id=49 ]
11-16 08:57:23.020: I/OpaEnabledReceiver(3657): Dispatching OPA eligble = true; AGSA = true; OPA enabled = true
11-16 08:57:23.020: I/OpaLayout(3657): Setting opa enabled to true
11-16 08:57:23.020: I/OpaLayout(3657): Setting opa enabled to true
11-16 08:57:23.025: W/ChimeraUtils(11018): Module com.google.android.gms.nearby has empty metadata display_name_string_id
11-16 08:57:23.027: I/OpaEligibilityChecker(10033): send OpaEligibilityChange broadcast to CommonBroadcastReceiver
11-16 08:57:23.034: I/DefaultSticker(3639): Received android.intent.action.LOCALE_CHANGED broadcast from null
11-16 08:57:23.039: I/FirebaseJobDispatcher(3639): Schedule task: DefaultStickerUpdate. Success.
11-16 08:57:23.039: I/DefaultStickerUpdate(3639): Scheduled update for locale=en, data=DefaultStickerTaskData{enabled=true, metadataUriPrefix=https://www.gstatic.com/android/keyboard/stickers/configs/v5/, supportedLanguage=en}, and reason=BROADCAST_LOCALE_CHANGED
11-16 08:57:23.051: I/Dialer(17381): SystemCallLogDataSource.fill - found 0 existing annotated call log ids
11-16 08:57:23.051: I/OpaEnabledReceiver(3657): Dispatching OPA eligble = true; AGSA = true; OPA enabled = true
11-16 08:57:23.051: I/OpaLayout(3657): Setting opa enabled to true
11-16 08:57:23.052: I/ActivityManager(1161): Start proc 17460:com.google.android.music:main/u0a75 for broadcast com.google.android.music/.notifications.NotificationChannelInitializationBroadcastReceiver
11-16 08:57:23.051: I/OpaLayout(3657): Setting opa enabled to true
11-16 08:57:23.055: I/BgTaskExecutorImpl(10033): Starting EXCLUSIVE background task SEND_GSA_HOME_REQUEST.
11-16 08:57:23.055: I/HotwordHelper(10033): hasHotwordEverywhere-false
11-16 08:57:23.059: I/ActivityManager(1161): Killing 16464:com.android.vending:instant_app_installer/u0a14 (adj 906): empty #17
11-16 08:57:23.059: E/roid.music:mai(17460): Not starting debugger since process cannot load the jdwp agent.
11-16 08:57:23.060: I/BgTaskExecutorImpl(10033): Starting EXCLUSIVE background task UPDATE_HOTWORD_MODELS.
11-16 08:57:23.060: W/ChimeraUtils(11018): Module com.google.android.gms.nearby has empty metadata display_name_string_id
11-16 08:57:23.060: W/libprocessgroup(1161): kill(-16464, 9) failed: No such process
11-16 08:57:23.060: W/KeyphraseEnrollmentInfo(4121): No enrollment application supports the given keyphrase/locale: 'Ok Google'/en
11-16 08:57:23.060: I/GsaVoiceInteractionSrv(4121): Creating AOHD: Keyphrase - Ok Google, Locale - en/en-GB
11-16 08:57:23.061: W/SoundTriggerHelper(1161): Attempting stopRecognition without a successful startRecognition
11-16 08:57:23.062: W/AlwaysOnHotwordDetector(4121): stopRecognition() failed with error code -2147483648
11-16 08:57:23.062: W/AlwaysOnHotwordDetector(4121): Received message: 1 for an invalid detector
11-16 08:57:23.062: W/SearchServiceCore(10033): Abort, client detached.
11-16 08:57:23.067: W/SoundModelDBHelper(1161): No SoundModel available for the given keyphrase
11-16 08:57:23.068: I/ActivityManager(1161): START u0 {act=com.android.intent.action.MANAGE_VOICE_KEYPHRASES flg=0x10000000 pkg=com.android.hotwordenrollment.okgoogle cmp=com.android.hotwordenrollment.okgoogle/.EnrollmentActivity (has extras)} from uid 10047
11-16 08:57:23.076: D/android.hardware.power@1.3-service.crosshatch-libperfmgr(776): LAUNCH ON
11-16 08:57:23.078: I/roid.music:mai(17460): The ClassLoaderContext is a special shared library.
11-16 08:57:23.080: I/Zygote(732): Process 16464 exited due to signal (9)
11-16 08:57:23.084: W/KeyphraseEnrollmentInfo(4121): No enrollment application supports the given keyphrase/locale: 'X Google'/en
11-16 08:57:23.087: I/ThreadRunner(10033): setContextAndRunner
11-16 08:57:23.091: I/ModelDownloadController(10033): requestHotwordModelUpdate modelType-OK_GOOGLE
11-16 08:57:23.104: I/ActivityManager(1161): Start proc 17477:com.android.hotwordenrollment.okgoogle/u0a45 for activity com.android.hotwordenrollment.okgoogle/.EnrollmentActivity
11-16 08:57:23.106: W/SessionLifecycleManager(10033): Client : AttachedClient[44127237727275501, ClientConfig[mFlags=[default, headless, launch_external_voice_search_ui, support_transparent_background, legacy_leave_behind_dirty_session_fixme] mSuggestFlags=[0] mClientId=HOTWORD_SERVICE mSessionType=search]] has no associated SessionController
11-16 08:57:23.106: W/SearchServiceCore(10033): Abort, client detached.
11-16 08:57:23.106: I/chatty(10033): uid=10047 com.google.android.googlequicksearchbox:search identical 2 lines
11-16 08:57:23.106: W/SearchServiceCore(10033): Abort, client detached.
11-16 08:57:23.106: W/libprocessgroup(1161): kill(-16464, 9) failed: No such process
11-16 08:57:23.106: I/libprocessgroup(1161): Successfully killed process cgroup uid 10014 pid 16464 in 46ms
11-16 08:57:23.112: W/ModelDownloadController(10033): Failed fetching the hotword model location configuration
11-16 08:57:23.112: E/ModelDownloadController(10033): Invalid hotword model location.
11-16 08:57:23.114: W/SearchServiceCore(10033): Abort, client detached.
11-16 08:57:23.114: I/chatty(10033): uid=10047 com.google.android.googlequicksearchbox:search identical 1 line
11-16 08:57:23.114: W/SearchServiceCore(10033): Abort, client detached.
