11-16 08:56:52.804: W/sh(26459): type=1400 audit(0.0:718): avc: denied { read } for name="cache" dev="dm-0" ino=48 scontext=u:r:shell:s0 tcontext=u:object_r:cache_file:s0 tclass=lnk_file permissive=0
11-16 08:56:53.241: I/PackageManager.DexOptimizer(1186): Running dexopt (dexoptNeeded=1) on: /data/app/com.google.android.gms.policy_test_support-oMSnVfw-CZ_cRsQRoKI63Q==/base.apk pkg=com.google.android.gms.policy_test_support isa=arm64 dexoptFlags=boot_complete,profile_guided,public,enable_hidden_api_checks targetFilter=speed-profile oatDir=/data/app/com.google.android.gms.policy_test_support-oMSnVfw-CZ_cRsQRoKI63Q==/oat classLoaderContext=PCL[]
11-16 08:56:53.241: V/installed(867): DexInv: --- BEGIN '/data/app/com.google.android.gms.policy_test_support-oMSnVfw-CZ_cRsQRoKI63Q==/base.apk' ---
11-16 08:56:53.305: I/dex2oat(26475): /system/bin/dex2oat --input-vdex-fd=-1 --output-vdex-fd=19 --compiler-filter=speed-profile --classpath-dir=/data/app/com.google.android.gms.policy_test_support-oMSnVfw-CZ_cRsQRoKI63Q== --class-loader-context=PCL[] --generate-mini-debug-info --compact-dex-level=none --compilation-reason=install
11-16 08:56:53.610: I/dex2oat(26475): Explicit concurrent copying GC freed 10435(1494KB) AllocSpace objects, 0(0B) LOS objects, 99% free, 728B/1536KB, paused 40us total 3.431ms
11-16 08:56:53.679: I/dex2oat(26475): dex2oat took 377.913ms (836.718ms cpu) (threads: 8) arena alloc=70KB (72120B) java alloc=16KB (17112B) native alloc=2MB (3020576B) free=3MB (3795168B)
11-16 08:56:53.684: V/installed(867): DexInv: --- END '/data/app/com.google.android.gms.policy_test_support-oMSnVfw-CZ_cRsQRoKI63Q==/base.apk' (success) ---
11-16 08:56:53.684: V/installed(867): [ 11-16 08:56:53.686   867: 1350 E/         ]
11-16 08:56:53.684: V/installed(867): Couldn't opendir /data/app/vmdl452015287.tmp: No such file or directory
11-16 08:56:53.686: E/installd(867): Failed to delete /data/app/vmdl452015287.tmp: No such file or directory
11-16 08:56:53.690: D/ImsResolver(3801): maybeAddedImsService, packageName: com.google.android.gms.policy_test_support
11-16 08:56:53.693: I/Finsky(12639): [2] yeh.d(13): PackageMonitorReceiverImpl - Received: android.intent.action.PACKAGE_ADDED, [TAsD3pqu7qg-JZYPvpWmQGEwsDQ0NnuVQpcaQGQjJQU]
11-16 08:56:53.693: I/Finsky(12639): [2] yfi.g(1): Invalidating cached PackageState for com.google.android.gms.policy_test_support
11-16 08:56:53.696: I/InputReader(1186): Reconfiguring input devices.  changes=0x00000010
11-16 08:56:53.700: W/BroadcastQueue(1186): Background execution not allowed: receiving Intent { act=android.intent.action.PACKAGE_ADDED dat=package:com.google.android.gms.policy_test_support flg=0x4000010 (has extras) } to com.android.musicfx/.Compatibility$Receiver
11-16 08:56:53.702: W/BroadcastQueue(1186): Background execution not allowed: receiving Intent { act=android.intent.action.PACKAGE_ADDED dat=package:com.google.android.gms.policy_test_support flg=0x4000010 (has extras) } to com.android.vending/com.google.android.finsky.packagemanager.impl.PackageMonitorReceiverImpl$RegisteredReceiver
11-16 08:56:53.703: W/BroadcastQueue(1186): Background execution not allowed: receiving Intent { act=android.intent.action.PACKAGE_ADDED dat=package:com.google.android.gms.policy_test_support flg=0x4000010 (has extras) } to com.google.android.gms/.games.chimera.GamesSystemBroadcastReceiverProxy
11-16 08:56:53.703: W/BroadcastQueue(1186): Background execution not allowed: receiving Intent { act=android.intent.action.PACKAGE_ADDED dat=package:com.google.android.gms.policy_test_support flg=0x4000010 (has extras) } to com.google.android.gms/.gass.chimera.PackageChangeBroadcastReceiver
11-16 08:56:53.703: W/BroadcastQueue(1186): Background execution not allowed: receiving Intent { act=android.intent.action.PACKAGE_ADDED dat=package:com.google.android.gms.policy_test_support flg=0x4000010 (has extras) } to com.google.android.gms/.chimera.GmsIntentOperationService$PersistentTrustedReceiver
11-16 08:56:53.703: I/Telecom(1186): DefaultDialerCache: Refreshing default dialer for user 0: now com.google.android.dialer: DDC.oR@AJU
11-16 08:56:53.710: I/Finsky(12639): [295] ovx.run(16): Wrote row to frosting DB: 221
11-16 08:56:53.718: W/sh(26486): type=1400 audit(0.0:719): avc: denied { read } for name="cache" dev="dm-0" ino=48 scontext=u:r:shell:s0 tcontext=u:object_r:cache_file:s0 tclass=lnk_file permissive=0
11-16 08:56:53.731: I/Finsky(12639): [2] owk.d(2): Frosting ID looked up on UI thread. Caller should move to a background thread.
11-16 08:56:53.734: W/BroadcastQueue(1186): Background execution not allowed: receiving Intent { act=android.intent.action.PACKAGE_ADDED dat=package:com.google.android.gms.policy_test_support flg=0x4000010 (has extras) } to com.google.android.googlequicksearchbox/com.google.android.apps.gsa.googlequicksearchbox.GelStubAppWatcher
11-16 08:56:53.735: D/RegisteredNfcFServicesCache(4156): Service unchanged, not updating
11-16 08:56:53.735: W/BroadcastQueue(1186): Background execution not allowed: receiving Intent { act=android.intent.action.PACKAGE_ADDED dat=package:com.google.android.gms.policy_test_support flg=0x4000010 (has extras) } to com.google.android.ims/.receivers.RcsAutoStartReceiver
11-16 08:56:53.735: V/BackupManagerConstants(1186): getFullBackupIntervalMilliseconds(...) returns 86400000
11-16 08:56:53.736: I/Finsky(12639): [2] amas.a(3): Do not start WearSupportService due to Wear service optimization
11-16 08:56:53.737: I/Finsky(12639): [2] amas.a(3): Do not start WearSupportService due to Wear service optimization
11-16 08:56:53.740: I/Finsky(12639): [2] aeak.a(8): Clearing split related stale data.
11-16 08:56:53.743: I/Finsky(12639): [2] owk.d(2): Frosting ID looked up on UI thread. Caller should move to a background thread.
11-16 08:56:53.745: I/Finsky(12639): [297] gxq.a(12): Asset module storage cleared for package com.google.android.gms.policy_test_support.
11-16 08:56:53.750: I/Finsky(12639): [295] ovx.run(16): Wrote row to frosting DB: 222
11-16 08:56:53.753: E/PhoneInterfaceManager(3801): [PhoneIntfMgr] getCarrierPackageNamesForIntent: No UICC
11-16 08:56:53.753: D/CarrierSvcBindHelper(3801): No carrier app for: 0
11-16 08:56:53.753: I/android.vendin(12639): Waiting for a blocking GC ProfileSaver
11-16 08:56:53.754: W/GCM(11203): Unexpected forwarded intent: Intent { act=android.intent.action.PACKAGE_ADDED dat=package:com.google.android.gms.policy_test_support flg=0x4000010 pkg=com.google.android.gms cmp=com.google.android.gms/.chimera.PersistentIntentOperationService (has extras) }
11-16 08:56:53.759: W/GCM(11203): Unexpected forwarded intent: Intent { act=android.intent.action.PACKAGE_ADDED dat=package:com.google.android.gms.policy_test_support flg=0x4000010 pkg=com.google.android.gms cmp=com.google.android.gms/.chimera.PersistentIntentOperationService (has extras) }
11-16 08:56:53.759: E/VvmPkgInstalledRcvr(3801): cannot create TelephonyManager from ComponentInfo{com.android.phone/com.android.services.telephony.TelephonyConnectionService}, ***, UserHandle{0}
11-16 08:56:53.759: D/CarrierConfigLoader(3801): mHandler: 9 phoneId: 0
11-16 08:56:53.764: I/GmsModuleFndr(13389): Beginning GMS chimera module scan
11-16 08:56:53.770: I/ModuleSetMgr(13389): Computing pending module set with APKs: [[AdsFdrDynamite.integ:213806100100000], [Enpromo.integ:214106000100000], [Pay.optional:213614100000], [VisionOcr.optional:213614100400], [AdsFdrDynamite.integ:212104400100000], [Cronetdynamite:213614100400], [Dynamiteloader:213614100000], [Dynamitemodulesa:213614100000], [Dynamitemodulesc:213614100000], [Googlecertificates:213614100000], [Mapsdynamite:213614100000], [Measurementdynamite:213614100000]]
11-16 08:56:53.777: I/ModuleSetMgr(13389): Pending container module APKs: [[Pay.optional:213614100000], [VisionOcr.optional:213614100400]]
11-16 08:56:53.777: I/ModuleSetMgr(13389): Pending non-container module APKs: [[Enpromo.integ:214106000100000], [AdsFdrDynamite.integ:213806100100000]]
11-16 08:56:53.780: I/android.vendin(12639): WaitForGcToComplete blocked ProfileSaver on ProfileSaver for 26.796ms
11-16 08:56:53.787: W/system_server(1186): Unknown chunk type '200'.
11-16 08:56:53.791: W/PackageParser(13389): Unknown element under <manifest>: queries at /data/user_de/0/com.google.android.gms/app_chimera/m/00000007/AdsDynamite.apk Binary XML file line #5
11-16 08:56:53.805: W/PackageParser(13389): Unknown element under <manifest>: queries at /data/user_de/0/com.google.android.gms/app_chimera/m/00000011/dl-AdsFdrDynamite.integ_213806100100000.apk Binary XML file line #11
11-16 08:56:53.869: I/ChimeraCfgMgr(13389): Updating module config: ads_fdr:2138061005100000,container:2136149100400+pay+vision.ocr,enpromo:2141060005100000 -> ads_fdr:2138061005100000,container:2136149100400+pay+vision.ocr,enpromo:2141060005100000
11-16 08:56:53.869: E/DowngradeHelper(13389): isModuleDowngradeRequired false
11-16 08:56:53.882: W/BroadcastQueue(1186): Background execution not allowed: receiving Intent { act=com.google.android.chimera.MODULE_CONFIGURATION_CHANGED flg=0x10 (has extras) } to com.google.android.gms/.chimera.GmsIntentOperationService$PersistentInternalReceiver
11-16 08:56:53.892: I/ChimeraCfgMgr(13389): Sending com.google.android.chimera.IntentOperation.NEW_MODULE Intents: 1,false,true
11-16 08:56:53.895: I/GmsDebugLogger(13389): [46] ads_fdr:2138061005100000,container:2136149100400+pay+vision.ocr,enpromo:2141060005100000
11-16 08:56:53.899: I/Auth(13389): [SupervisedAccountIntentOperation] onHandleIntent(): android.intent.action.PACKAGE_ADDED
11-16 08:56:53.905: I/BlockstoreStorage(13389): Clearing Blockstore Data for package com.google.android.gms.policy_test_support [CONTEXT service_id=258 ]
11-16 08:56:53.906: W/gle.android.gm(13389): Unsupported class loader
11-16 08:56:53.907: I/BlockstoreStorage(13389): No metadata found. Skipping deletion. [CONTEXT service_id=258 ]
11-16 08:56:53.908: W/gle.android.gm(13389): Skipping duplicate class check due to unsupported classloader
11-16 08:56:53.908: I/gle.android.gm(13389): Failed to add image file Failed to flatten class loader hierarchy 'Unknown class loader type drb'
11-16 08:56:53.931: W/ChimeraUtils(11203): Module com.google.android.gms.nearby_en has empty metadata display_name_string_id
11-16 08:56:53.940: I/chatty(11203): uid=10007(com.google.android.gms) highpool[0] identical 1 line
11-16 08:56:53.941: W/ChimeraUtils(11203): Module com.google.android.gms.nearby_en has empty metadata display_name_string_id
11-16 08:56:53.946: D/BoundBrokerSvc(13389): onBind: Intent { act=com.google.android.gms.common.BIND_SHARED_PREFS pkg=com.google.android.gms }
11-16 08:56:53.946: D/BoundBrokerSvc(13389): Loading bound service for intent: Intent { act=com.google.android.gms.common.BIND_SHARED_PREFS pkg=com.google.android.gms }
11-16 08:56:53.969: I/TestSupport(13389): Activate: 1636963200000@1637081813955 [CONTEXT service_id=133 ]
11-16 08:56:53.969: I/TestSupport(13389): Boot time: 1637077600894 [CONTEXT service_id=133 ]
11-16 08:56:53.974: I/TestSupport(13389): Updated: /data/data/com.google.android.gms/app_testsupport/.startup [CONTEXT service_id=133 ]
11-16 08:56:53.974: D/BoundBrokerSvc(13389): onUnbind: Intent { act=com.google.android.gms.common.BIND_SHARED_PREFS pkg=com.google.android.gms }
11-16 08:56:53.976: I/ChimeraCfgMgr(13389): Received com.google.android.chimera.IntentOperation.NEW_MODULE(1/0): 1,false
11-16 08:56:53.982: I/Icing(13389): IndexChimeraService.getServiceInterface callingPackage=com.google.android.gms componentName=AppsCorpus serviceId=36
11-16 08:56:53.990: E/PhenotypeRegOp(13389): Attempting to overwrite config package for com.google.android.gms.games [CONTEXT service_id=231 ]
11-16 08:56:53.993: E/PhenotypeRegOp(13389): Attempting to overwrite config package for com.google.android.gms.maps#com.google.android.gms [CONTEXT service_id=231 ]
11-16 08:56:53.994: E/PhenotypeRegOp(13389): Attempting to overwrite config package for com.google.android.gms.cast [CONTEXT service_id=231 ]
11-16 08:56:53.994: E/PhenotypeRegOp(13389): Attempting to overwrite config package for com.google.android.gms.mobile_data_plan [CONTEXT service_id=231 ]
11-16 08:56:53.996: E/PhenotypeRegOp(13389): Attempting to overwrite config package for com.google.android.gms.udc [CONTEXT service_id=231 ]
11-16 08:56:54.032: I/PackageManager.DexOptimizer(1186): Running dexopt (dexoptNeeded=1) on: /data/app/com.google.android.gmscore.testing.testsupport-7B4EFB0K_WrP2QSdydP62g==/base.apk pkg=com.google.android.gmscore.testing.testsupport isa=arm64 dexoptFlags=boot_complete,profile_guided,public,enable_hidden_api_checks targetFilter=speed-profile oatDir=/data/app/com.google.android.gmscore.testing.testsupport-7B4EFB0K_WrP2QSdydP62g==/oat classLoaderContext=PCL[/system/framework/org.apache.http.legacy.boot.jar]
11-16 08:56:54.032: V/installed(867): DexInv: --- BEGIN '/data/app/com.google.android.gmscore.testing.testsupport-7B4EFB0K_WrP2QSdydP62g==/base.apk' ---
11-16 08:56:54.037: I/GmsModuleFndr(13389): Beginning GMS chimera module scan
11-16 08:56:54.043: I/ModuleSetMgr(13389): Computing pending module set with APKs: [[AdsFdrDynamite.integ:213806100100000], [Enpromo.integ:214106000100000], [Pay.optional:213614100000], [VisionOcr.optional:213614100400], [AdsFdrDynamite.integ:212104400100000], [Cronetdynamite:213614100400], [Dynamiteloader:213614100000], [Dynamitemodulesa:213614100000], [Dynamitemodulesc:213614100000], [Googlecertificates:213614100000], [Mapsdynamite:213614100000], [Measurementdynamite:213614100000]]
11-16 08:56:54.049: I/ModuleSetMgr(13389): Pending container module APKs: [[Pay.optional:213614100000], [VisionOcr.optional:213614100400]]
11-16 08:56:54.049: I/ModuleSetMgr(13389): Pending non-container module APKs: [[Enpromo.integ:214106000100000], [AdsFdrDynamite.integ:213806100100000]]
11-16 08:56:54.057: W/Icing(13389): No valid account for uploading user actions
11-16 08:56:54.060: W/PackageParser(13389): Unknown element under <manifest>: queries at /data/user_de/0/com.google.android.gms/app_chimera/m/00000007/AdsDynamite.apk Binary XML file line #5
11-16 08:56:54.066: I/Icing(13389): Usage reports ok 0, Failed Usage reports 0, indexed 0, rejected 0
11-16 08:56:54.068: I/Icing(13389): Indexing com.google.android.gms-apps from com.google.android.gms
11-16 08:56:54.072: I/Icing(13389): Indexing done com.google.android.gms-apps
11-16 08:56:54.077: I/dex2oat(26535): /system/bin/dex2oat --input-vdex-fd=-1 --output-vdex-fd=19 --compiler-filter=speed-profile --classpath-dir=/data/app/com.google.android.gmscore.testing.testsupport-7B4EFB0K_WrP2QSdydP62g== --class-loader-context=PCL[/system/framework/org.apache.http.legacy.boot.jar] --generate-mini-debug-info --compact-dex-level=none --compilation-reason=install
11-16 08:56:54.078: W/PackageParser(13389): Unknown element under <manifest>: queries at /data/user_de/0/com.google.android.gms/app_chimera/m/00000011/dl-AdsFdrDynamite.integ_213806100100000.apk Binary XML file line #11
11-16 08:56:54.092: I/Icing(13389): IndexChimeraService.getServiceInterface callingPackage=com.google.android.gms componentName=null serviceId=30
11-16 08:56:54.097: W/Icing(13389): No valid account for uploading user actions
11-16 08:56:54.101: I/Finsky(12639): [2] abzb.b(5): SCH: Jobs in database: 1-1337 10-78 12-1 24-77777777 26-1414141414 31-305419896 
11-16 08:56:54.101: I/Finsky(12639): [296] jnw.a(15): [ContentSync] finished, scheduled=true
11-16 08:56:54.102: I/Icing(13389): Usage reports ok 0, Failed Usage reports 0, indexed 0, rejected 0
11-16 08:56:54.108: I/Finsky(12639): [2] abxn.d(37): SCH: ConstraintMapping: 10-78, 24-77777777,  -> L: 0ms, D: 78859409ms, C: false, I: true, N: 0
11-16 08:56:54.108: I/Finsky(12639): [2] abxn.d(37): SCH: ConstraintMapping: 1-1337, 12-1, 31-305419896,  -> L: 14646ms, D: 39303400ms, C: false, I: false, N: 1
11-16 08:56:54.109: I/Finsky(12639): [2] abxn.d(37): SCH: ConstraintMapping: 26-1414141414,  -> L: 39050788ms, D: 39950788ms, C: false, I: false, N: 0
11-16 08:56:54.115: I/Finsky(12639): [2] abxn.f(7): SCH: Cancelling existing jobscheduler jobs: 9003 9001 9002 
11-16 08:56:54.115: I/Finsky(12639): [2] abxn.e(23): SCH: Scheduling job Id: 9000, L: 0, D: 78859409, C: false, I: true, N: 0
11-16 08:56:54.116: I/Finsky(12639): [2] abxn.e(23): SCH: Scheduling job Id: 9004, L: 14646, D: 39303400, C: false, I: false, N: 1
11-16 08:56:54.118: I/Finsky(12639): [2] abxn.e(23): SCH: Scheduling job Id: 9005, L: 39050788, D: 39950788, C: false, I: false, N: 0
11-16 08:56:54.540: I/dex2oat(26535): Explicit concurrent copying GC freed 11041(2MB) AllocSpace objects, 0(0B) LOS objects, 99% free, 896B/1536KB, paused 27us total 2.927ms
11-16 08:56:54.659: I/dex2oat(26535): dex2oat took 584.493ms (1.204s cpu) (threads: 8) arena alloc=27KB (28416B) java alloc=16KB (17280B) native alloc=5MB (5283184B) free=2MB (3105424B)
11-16 08:56:54.664: V/installed(867): DexInv: --- END '/data/app/com.google.android.gmscore.testing.testsupport-7B4EFB0K_WrP2QSdydP62g==/base.apk' (success) ---
11-16 08:56:54.664: V/installed(867): [ 11-16 08:56:54.666   867: 1350 E/         ]
11-16 08:56:54.664: V/installed(867): Couldn't opendir /data/app/vmdl631084007.tmp: No such file or directory
11-16 08:56:54.666: E/installd(867): Failed to delete /data/app/vmdl631084007.tmp: No such file or directory
11-16 08:56:54.674: D/ImsResolver(3801): maybeAddedImsService, packageName: com.google.android.gmscore.testing.testsupport
11-16 08:56:54.675: I/InputReader(1186): Reconfiguring input devices.  changes=0x00000010
11-16 08:56:54.677: I/Finsky(12639): [2] yeh.d(13): PackageMonitorReceiverImpl - Received: android.intent.action.PACKAGE_ADDED, [Cfp7IzF5TvVG3xiSuASXeJDeHWm6HS2AulwLaqmOV14]
11-16 08:56:54.677: I/Finsky(12639): [2] yfi.g(1): Invalidating cached PackageState for com.google.android.gmscore.testing.testsupport
11-16 08:56:54.682: I/Finsky(12639): [2] owk.d(2): Frosting ID looked up on UI thread. Caller should move to a background thread.
11-16 08:56:54.683: W/BroadcastQueue(1186): Background execution not allowed: receiving Intent { act=android.intent.action.PACKAGE_ADDED dat=package:com.google.android.gmscore.testing.testsupport flg=0x4000010 (has extras) } to com.android.musicfx/.Compatibility$Receiver
11-16 08:56:54.683: I/Telecom(1186): DefaultDialerCache: Refreshing default dialer for user 0: now com.google.android.dialer: DDC.oR@AJk
11-16 08:56:54.684: W/BroadcastQueue(1186): Background execution not allowed: receiving Intent { act=android.intent.action.PACKAGE_ADDED dat=package:com.google.android.gmscore.testing.testsupport flg=0x4000010 (has extras) } to com.android.vending/com.google.android.finsky.packagemanager.impl.PackageMonitorReceiverImpl$RegisteredReceiver
11-16 08:56:54.684: W/BroadcastQueue(1186): Background execution not allowed: receiving Intent { act=android.intent.action.PACKAGE_ADDED dat=package:com.google.android.gmscore.testing.testsupport flg=0x4000010 (has extras) } to com.google.android.gms/.games.chimera.GamesSystemBroadcastReceiverProxy
11-16 08:56:54.686: I/Finsky(12639): [295] ovx.run(16): Wrote row to frosting DB: 223
11-16 08:56:54.692: W/BroadcastQueue(1186): Background execution not allowed: receiving Intent { act=android.intent.action.PACKAGE_ADDED dat=package:com.google.android.gmscore.testing.testsupport flg=0x4000010 (has extras) } to com.google.android.gms/.gass.chimera.PackageChangeBroadcastReceiver
11-16 08:56:54.693: W/BroadcastQueue(1186): Background execution not allowed: receiving Intent { act=android.intent.action.PACKAGE_ADDED dat=package:com.google.android.gmscore.testing.testsupport flg=0x4000010 (has extras) } to com.google.android.gms/.chimera.GmsIntentOperationService$PersistentTrustedReceiver
11-16 08:56:54.693: W/BroadcastQueue(1186): Background execution not allowed: receiving Intent { act=android.intent.action.PACKAGE_ADDED dat=package:com.google.android.gmscore.testing.testsupport flg=0x4000010 (has extras) } to com.google.android.googlequicksearchbox/com.google.android.apps.gsa.googlequicksearchbox.GelStubAppWatcher
11-16 08:56:54.694: W/BroadcastQueue(1186): Background execution not allowed: receiving Intent { act=android.intent.action.PACKAGE_ADDED dat=package:com.google.android.gmscore.testing.testsupport flg=0x4000010 (has extras) } to com.google.android.ims/.receivers.RcsAutoStartReceiver
11-16 08:56:54.696: I/Finsky(12639): [2] amas.a(3): Do not start WearSupportService due to Wear service optimization
11-16 08:56:54.699: D/RegisteredNfcFServicesCache(4156): Service unchanged, not updating
11-16 08:56:54.699: I/Finsky(12639): [2] amas.a(3): Do not start WearSupportService due to Wear service optimization
11-16 08:56:54.701: I/Finsky(12639): [2] aeak.a(8): Clearing split related stale data.
11-16 08:56:54.703: I/Finsky(12639): [296] jnw.a(15): [ContentSync] finished, scheduled=false
11-16 08:56:54.703: I/Finsky(12639): [297] gxq.a(12): Asset module storage cleared for package com.google.android.gmscore.testing.testsupport.
11-16 08:56:54.708: I/Finsky(12639): [2] owk.d(2): Frosting ID looked up on UI thread. Caller should move to a background thread.
11-16 08:56:54.709: I/Finsky(12639): [295] ovx.run(16): Wrote row to frosting DB: 224
11-16 08:56:54.710: W/GCM(11203): Unexpected forwarded intent: Intent { act=android.intent.action.PACKAGE_ADDED dat=package:com.google.android.gmscore.testing.testsupport flg=0x4000010 pkg=com.google.android.gms cmp=com.google.android.gms/.chimera.PersistentIntentOperationService (has extras) }
11-16 08:56:54.713: W/GCM(11203): Unexpected forwarded intent: Intent { act=android.intent.action.PACKAGE_ADDED dat=package:com.google.android.gmscore.testing.testsupport flg=0x4000010 pkg=com.google.android.gms cmp=com.google.android.gms/.chimera.PersistentIntentOperationService (has extras) }
11-16 08:56:54.722: I/Auth(13389): [SupervisedAccountIntentOperation] onHandleIntent(): android.intent.action.PACKAGE_ADDED
11-16 08:56:54.724: I/BlockstoreStorage(13389): Clearing Blockstore Data for package com.google.android.gmscore.testing.testsupport [CONTEXT service_id=258 ]
11-16 08:56:54.724: D/BoundBrokerSvc(13389): onBind: Intent { act=com.google.android.gms.common.BIND_SHARED_PREFS pkg=com.google.android.gms }
11-16 08:56:54.724: D/BoundBrokerSvc(13389): Loading bound service for intent: Intent { act=com.google.android.gms.common.BIND_SHARED_PREFS pkg=com.google.android.gms }
11-16 08:56:54.725: I/BlockstoreStorage(13389): No metadata found. Skipping deletion. [CONTEXT service_id=258 ]
11-16 08:56:54.726: E/PhoneInterfaceManager(3801): [PhoneIntfMgr] getCarrierPackageNamesForIntent: No UICC
11-16 08:56:54.726: D/CarrierSvcBindHelper(3801): No carrier app for: 0
11-16 08:56:54.732: I/ActivityManager(1186): Start proc 26555:com.google.android.gmscore.testing.testsupport/u0a170 for service com.google.android.gmscore.testing.testsupport/.CommandService
11-16 08:56:54.735: E/VvmPkgInstalledRcvr(3801): cannot create TelephonyManager from ComponentInfo{com.android.phone/com.android.services.telephony.TelephonyConnectionService}, ***, UserHandle{0}
11-16 08:56:54.735: D/CarrierConfigLoader(3801): mHandler: 9 phoneId: 0
11-16 08:56:54.739: E/ing.testsuppor(26555): Not starting debugger since process cannot load the jdwp agent.
11-16 08:56:54.763: D/BoundBrokerSvc(13389): onUnbind: Intent { act=com.google.android.gms.common.BIND_SHARED_PREFS pkg=com.google.android.gms }
11-16 08:56:54.765: W/ChimeraUtils(11203): Module com.google.android.gms.nearby_en has empty metadata display_name_string_id
11-16 08:56:54.769: I/system_server(1186): Background concurrent copying GC freed 333449(10MB) AllocSpace objects, 21(932KB) LOS objects, 42% free, 17MB/31MB, paused 50us total 102.574ms
11-16 08:56:54.769: I/ing.testsuppor(26555): The ClassLoaderContext is a special shared library.
11-16 08:56:54.773: W/ChimeraUtils(11203): Module com.google.android.gms.nearby_en has empty metadata display_name_string_id
11-16 08:56:54.773: I/Icing(13389): Indexing com.google.android.gms-apps from com.google.android.gms
11-16 08:56:54.775: I/Icing(13389): Indexing done com.google.android.gms-apps
11-16 08:56:54.775: W/ChimeraUtils(11203): Module com.google.android.gms.nearby_en has empty metadata display_name_string_id
11-16 08:56:54.780: I/TSDRIVER(26555): CommandService onHandleIntent()
11-16 08:56:54.781: I/TSDRIVER(26555): Got command: PACKAGE
11-16 08:56:54.798: I/TSDRIVER(26555): flag package: Eglnc2VydmljZXMaLAooZmluc2t5LnBsYXlfc2VydmljZXNfYXV0b191cGRhdGVfZW5hYmxlZBgAGjUKMWZpbnNreS5zZXR1cF93aXphcmRfYWRkaXRpb25hbF9hY2NvdW50X3ZwYV9lbmFibGUYABoxCi1maW5za3kuZGFpbHlfaHlnaWVuZV9zY2hlZHVsZV91bmF1dGhlbnRpY2F0ZWQYABpyCipmaW5za3kuYmFja2dyb3VuZF9zcGxpdF9pbnN0YWxsc19ibGFja2xpc3QSRGNvbS5hbmRyb2lkLmNocm9tZSxjb20uZ29vZ2xlLmFuZHJvaWQuZ21zLGNvbS5nb29nbGUuYW5kcm9pZC53ZWJ2aWV3KPgB
11-16 08:56:54.801: E/GooglePlayServicesUtil(26555): The Google Play services resources were not found. Check your project configuration to ensure that the resources are included.
11-16 08:56:54.802: I/TSDRIVER(26555): flag package: gservices
11-16 08:56:54.807: D/BoundBrokerSvc(13389): onBind: Intent { act=com.google.android.gms.testsupport.service.START pkg=com.google.android.gms }
11-16 08:56:54.807: D/BoundBrokerSvc(13389): Loading bound service for intent: Intent { act=com.google.android.gms.testsupport.service.START pkg=com.google.android.gms }
11-16 08:56:54.842: I/m.akt(13389): Primes not initialized, returning default (no-op) Primes instance which will ignore all calls. Please call Primes.initialize(...) before using any Primes API.
11-16 08:56:54.867: W/DynamiteModule(13389): Local module descriptor class for com.google.android.gms.googlecertificates not found.
11-16 08:56:54.871: W/gle.android.gm(13389): Unsupported class loader
11-16 08:56:54.874: W/gle.android.gm(13389): Skipping duplicate class check due to unsupported classloader
11-16 08:56:54.875: I/DynamiteModule(13389): Considering local module com.google.android.gms.googlecertificates:0 and remote module com.google.android.gms.googlecertificates:6
11-16 08:56:54.875: I/DynamiteModule(13389): Selected remote version of com.google.android.gms.googlecertificates, version >= 6
11-16 08:56:54.883: W/gle.android.gm(13389): Unsupported class loader
11-16 08:56:54.887: W/gle.android.gm(13389): Skipping duplicate class check due to unsupported classloader
11-16 08:56:54.912: I/TestSupport(13389): Activated: 1636963200000@1637081813955 [CONTEXT service_id=133 ]
11-16 08:56:54.912: I/TestSupport(13389): Boot time: 1637077600894 [CONTEXT service_id=133 ]
11-16 08:56:54.913: I/TestSupport(13389): Passing package and signature checks: com.google.android.gmscore.testing.testsupport [CONTEXT service_id=133 ]
11-16 08:56:54.925: I/TestSupport(13389): SetOverrideOperation: finsky.play_services_auto_update_enabled = false [CONTEXT service_id=133 ]
11-16 08:56:54.957: I/GservicesProvider(4393): override update completed
11-16 08:56:54.974: I/ActivityManager(1186): Start proc 26580:com.android.connectivity.metrics/u0a57 for broadcast com.android.connectivity.metrics/.SnapshotSchedulingReceiver
11-16 08:56:54.977: E/ctivity.metric(26580): Not starting debugger since process cannot load the jdwp agent.
11-16 08:56:54.977: I/TestSupport(13389): GServices override confirmed: finsky.play_services_auto_update_enabled=false [CONTEXT service_id=133 ]
11-16 08:56:54.984: I/Bugle(10094): ApnsOta: OTA version -1
11-16 08:56:54.987: I/TestSupport(13389): SetOverrideOperation: finsky.setup_wizard_additional_account_vpa_enable = false [CONTEXT service_id=133 ]
11-16 08:56:55.000: I/ctivity.metric(26580): The ClassLoaderContext is a special shared library.
11-16 08:56:55.012: D/ConnMetrics:App(26580): onCreate()
11-16 08:56:55.018: I/GservicesProvider(4393): override update completed
11-16 08:56:55.028: I/ActivityManager(1186): Start proc 26600:com.google.android.apps.multidevice.client/u0a72 for broadcast com.google.android.apps.multidevice.client/.ui.pixel.SettingsActivityAvailabilityReceiver
11-16 08:56:55.029: I/TestSupport(13389): GServices override confirmed: finsky.setup_wizard_additional_account_vpa_enable=false [CONTEXT service_id=133 ]
11-16 08:56:55.035: E/tidevice.clien(26600): Not starting debugger since process cannot load the jdwp agent.
11-16 08:56:55.038: I/Bugle(10094): ApnsOta: OTA version -1
11-16 08:56:55.043: I/TestSupport(13389): SetOverrideOperation: finsky.daily_hygiene_schedule_unauthenticated = false [CONTEXT service_id=133 ]
11-16 08:56:55.048: E/GooglePlayServicesUtil(26580): The Google Play services resources were not found. Check your project configuration to ensure that the resources are included.
11-16 08:56:55.059: I/tidevice.clien(26600): The ClassLoaderContext is a special shared library.
11-16 08:56:55.066: D/ConnMetrics:App(26580): IsOptedIn = false
11-16 08:56:55.074: I/GservicesProvider(4393): override update completed
11-16 08:56:55.090: I/TestSupport(13389): GServices override confirmed: finsky.daily_hygiene_schedule_unauthenticated=false [CONTEXT service_id=133 ]
11-16 08:56:55.091: I/Bugle(10094): ApnsOta: OTA version -1
11-16 08:56:55.100: I/TestSupport(13389): SetOverrideOperation: finsky.background_split_installs_blacklist = com.android.chrome,com.google.android.gms,com.google.android.webview [CONTEXT service_id=133 ]
11-16 08:56:55.101: I/SettingsActivityAvailab(26600): Disabling com.google.android.apps.multidevice.client.ui.pixel.SettingsActivity.
11-16 08:56:55.103: D/GservicesChangeReceiver(6244): Gservices Changed broadcast Received. context is android.app.ReceiverRestrictedContext@1b6f333
11-16 08:56:55.109: D/GservicesChangeReceiver(6244): Gservices allowPowerAnomalyData is False.
11-16 08:56:55.109: D/ConnectivityMonitorManager(6244): Service com.google.android.connectivitymonitor.PowerAnomalyDetectorService is not running...
11-16 08:56:55.128: D/GservicesChangeReceiver(6244): Gservices allowLowPowerMonitoring is False.
11-16 08:56:55.128: D/ConnectivityMonitorManager(6244): Service com.google.android.connectivitymonitor.LowPowerMonitorService is not running...
11-16 08:56:55.145: D/GservicesChangeReceiver(6244): Gservices isConnectivityMonitorEnabled is True.
11-16 08:56:55.146: I/GservicesProvider(4393): override update completed
11-16 08:56:55.147: D/ConnectivityMonitorManager(6244): Service com.google.android.connectivitymonitor.ConnectivityMonitorService is running...
11-16 08:56:55.159: I/Bugle(10094): ApnsOta: OTA version -1
11-16 08:56:55.161: I/TestSupport(13389): GServices override confirmed: finsky.background_split_installs_blacklist=com.android.chrome,com.google.android.gms,com.google.android.webview [CONTEXT service_id=133 ]
11-16 08:56:55.162: I/TSDRIVER(26555): Handled command: PACKAGE
11-16 08:56:55.164: I/ActivityManager(1186): Killing 8910:android.process.media/u0a8 (adj 906): empty for 2330s
11-16 08:56:55.165: W/libprocessgroup(1186): kill(-8910, 9) failed: No such process
11-16 08:56:55.166: I/ActivityManager(1186): Start proc 26621:com.google.android.euicc/u0a67 for broadcast com.google.android.euicc/com.android.euicc.receiver.GservicesChangedReceiver
11-16 08:56:55.168: E/e.android.euic(26621): Not starting debugger since process cannot load the jdwp agent.
11-16 08:56:55.181: I/Zygote(735): Process 8910 exited due to signal (9)
11-16 08:56:55.183: W/libprocessgroup(1186): kill(-8910, 9) failed: No such process
11-16 08:56:55.183: I/libprocessgroup(1186): Successfully killed process cgroup uid 10008 pid 8910 in 17ms
11-16 08:56:55.213: I/TSDRIVER(26555): CommandService onHandleIntent()
11-16 08:56:55.213: I/TSDRIVER(26555): Got command: PACKAGE
11-16 08:56:55.214: I/TSDRIVER(26555): flag package: Eitjb20uZ29vZ2xlLmFuZHJvaWQuZ21zLmF1dGguYXBpLmNyZWRlbnRpYWxzGh4KGlNhdmVTdHJhdGVneV9fZW5hYmxlU2F2aW5nGAAoPg
11-16 08:56:55.214: I/TSDRIVER(26555): flag package: com.google.android.gms.auth.api.credentials
11-16 08:56:55.223: I/TestSupport(13389): SetOverrideOperation: gms:phenotype:phenotype_flag:debug_bypass_phenotype = false [CONTEXT service_id=133 ]
11-16 08:56:55.247: I/GservicesProvider(4393): override update completed
11-16 08:56:55.259: I/Bugle(10094): ApnsOta: OTA version -1
11-16 08:56:55.260: I/TestSupport(13389): GServices override confirmed: gms:phenotype:phenotype_flag:debug_bypass_phenotype=false [CONTEXT service_id=133 ]
11-16 08:56:55.269: I/TestSupport(13389): SetFlagOverridesOperation: com.google.android.gms.auth.api.credentials, '', [Flag(SaveStrategy__enableSaving, false, 2, 0)] [CONTEXT service_id=133 ]
11-16 08:56:55.319: I/akhr(11203): Scheduling Phenotype for a PhenotypeSyncImmediately(6, com.google.android.gms.testsupport) one off with window [1, 2] in seconds [CONTEXT service_id=51 ]
11-16 08:56:55.330: I/TestSupport(13389): AwaitCommitOperation: SaveStrategy__enableSaving [CONTEXT service_id=133 ]
11-16 08:56:55.330: I/EuiccGoogle(26621): [2] GservicesChangedReceiver.onReceive: Setting EUICC_SUPPORTED_COUNTRIES to de,gb,in,us
11-16 08:56:55.334: I/TestSupport(13389): AwaitCommitOperation: uncommitted: FlagOverride(com.google.android.gms.auth.api.credentials, , Flag(SaveStrategy__enableSaving, false, 2, 0), false) [CONTEXT service_id=133 ]
11-16 08:56:55.334: I/TestSupport(13389): AwaitCommitOperation:  sleeping for 10 msec. [CONTEXT service_id=133 ]
11-16 08:56:55.340: I/Backup(13389): [GmsBackupStatusChangeReceiver] Going to enable gms backup transport.
11-16 08:56:55.350: I/Backup(13389): [BackupTransportMigratorChimeraService] Starting migration...
11-16 08:56:55.352: I/GmsModuleFndr(13389): Beginning GMS chimera module scan
11-16 08:56:55.355: I/NetRec(11203): [971] aiad.a: onConfigChanged()
11-16 08:56:55.355: D/fpc_hidl(26649): fpc fingerprint hwbinder service starting
11-16 08:56:55.355: D/QSEECOMAPI(26649): QSEECom_get_handle sb_length = 0x80
11-16 08:56:55.356: D/QSEECOMAPI(26649): App is not loaded in QSEE
11-16 08:56:55.356: D/QSEECOMAPI(26649): app_arch = 2, total_files = 9
11-16 08:56:55.360: I/Herrevad(11203): [976] zcq.a: updateListenState
11-16 08:56:55.364: I/BgTaskExecutorImpl(10050): Starting NONEXCLUSIVE background task UPDATE_GSERVICES_CONFIG.
11-16 08:56:55.365: I/NetRec(11203): [971] aiad.a: Cancelling all NetRec GCM tasks
11-16 08:56:55.366: I/Auth(11203): [AuthManaged, PasswordComplexityHelperImpl] Updating password complexity components state.
11-16 08:56:55.366: I/Auth(11203): [AuthManaged, PasswordComplexityHelperImpl] Enabling com.google.android.gms.auth.managed.ui.SetNewPasswordActivity
11-16 08:56:55.368: I/ModuleSetMgr(13389): Computing pending module set with APKs: [[AdsFdrDynamite.integ:213806100100000], [Enpromo.integ:214106000100000], [Pay.optional:213614100000], [VisionOcr.optional:213614100400], [AdsFdrDynamite.integ:212104400100000], [Cronetdynamite:213614100400], [Dynamiteloader:213614100000], [Dynamitemodulesa:213614100000], [Dynamitemodulesc:213614100000], [Googlecertificates:213614100000], [Mapsdynamite:213614100000], [Measurementdynamite:213614100000]]
11-16 08:56:55.372: I/NetRec(11203): [976] ClearDatabaseService.onHandleIntent: Clearing score cache
11-16 08:56:55.373: I/ActivityManager(1186): Start proc 26653:com.google.process.gapps/u0a7 for broadcast com.google.android.gsf/.loginservice.ServicesWatcher
11-16 08:56:55.375: W/SearchServiceCore(10050): Abort, client detached.
11-16 08:56:55.377: I/GservicesUpdateTask(10050): Updating Gservices keys
11-16 08:56:55.381: E/e.process.gapp(26653): Not starting debugger since process cannot load the jdwp agent.
11-16 08:56:55.386: I/ModuleSetMgr(13389): Pending container module APKs: [[Pay.optional:213614100000], [VisionOcr.optional:213614100400]]
11-16 08:56:55.386: I/ModuleSetMgr(13389): Pending non-container module APKs: [[Enpromo.integ:214106000100000], [AdsFdrDynamite.integ:213806100100000]]
11-16 08:56:55.389: I/TestSupport(13389): AwaitCommitOperation: uncommitted: FlagOverride(com.google.android.gms.auth.api.credentials, , Flag(SaveStrategy__enableSaving, false, 2, 0), false) [CONTEXT service_id=133 ]
11-16 08:56:55.390: I/TestSupport(13389): AwaitCommitOperation:  sleeping for 20 msec. [CONTEXT service_id=133 ]
11-16 08:56:55.400: W/PackageParser(13389): Unknown element under <manifest>: queries at /data/user_de/0/com.google.android.gms/app_chimera/m/00000007/AdsDynamite.apk Binary XML file line #5
11-16 08:56:55.401: I/e.process.gapp(26653): The ClassLoaderContext is a special shared library.
11-16 08:56:55.402: I/GCoreUlr(11203): WorldUpdater received intent Intent { act=com.google.android.location.reporting.ACTION_UPDATE_WORLD cmp=com.google.android.gms/com.google.android.location.reporting.service.DispatchingService (has extras) } with receiverAction com.google.gservices.intent.action.GSERVICES_CHANGED [CONTEXT service_id=22 ]
11-16 08:56:55.414: W/PackageParser(13389): Unknown element under <manifest>: queries at /data/user_de/0/com.google.android.gms/app_chimera/m/00000011/dl-AdsFdrDynamite.integ_213806100100000.apk Binary XML file line #11
11-16 08:56:55.414: D/QSEECOMAPI(26649): Loaded image: APP id = 844
11-16 08:56:55.415: I/GCoreUlr(11203): WorldUpdater:com.google.gservices.intent.action.GSERVICES_CHANGED: Ensuring that reporting is stopped because of reasons: (no Google accounts) [CONTEXT service_id=22 ]
11-16 08:56:55.420: W/EventHub(1186): Unable to disable kernel key repeat for /dev/input/event3: Function not implemented
11-16 08:56:55.420: I/EventHub(1186): wakeMechanism=EPOLLWAKEUP, usingClockIoctl=true
11-16 08:56:55.420: I/EventHub(1186): New device: id=844, fd=331, path='/dev/input/event3', name='uinput-fpc', classes=0x101, configuration='/system/usr/idc/uinput-fpc.idc', keyLayout='/system/usr/keylayout/uinput-fpc.kl', keyCharacterMap='/system/usr/keychars/Generic.kcm', builtinKeyboard=true, 
11-16 08:56:55.420: W/InputReader(1186): Ignoring spurious device added event for deviceId 0.
11-16 08:56:55.420: E/fpc_tac(26649): fpcbuildinfo : 575ddab5b91efea67ee1d200fc813ff2fpc_bio=bd35c3fec78219829149bea6c9ec961e6f655b90C:prodtestlib=4304cf5c884c198624b749af3482befacbd3028eC:fpc_c_core=dc194509594e837dedfb5452aaf06fcb61977135C:fpc_lib=cd5b7b876c3d69afa68a11ac6fd86f873e70817bC:cac=297e11552c60a3607ed664cf44c3e4b36ab2e737C:fpc_bio_interface=94a457caecae31eca8ef04b64c3f82a018e9bbc0C:fpc_sensor=ba909a5500944acafe47a0ef3a49f89509aadfb6C:tools_core=94ddf1e684cfa6c99f0f237f7cc35f3962e0e597C:sensor_settings=4fcf864fb493ae0272a9b2806446b379d99fd8ceC:fingerprint_ta=066bc0ab880960a4a69b74a328c7d7871c72225bC:fingerprint_pal=0deb9a478a3572872639f9cb2559ccc464ee3f9bC:manifests=dcb3d8ab0bdb7a5b341839d8c75bb88fc7f5e1a4C:Manifesttag=SW23.3.0-PDR1.0.5:jenkins@84ffd74dac44:Thu,17May201810:17:08+0200:FPC_SENSOR_TYPE=FPC_SENSOR_TYPE_FPC1270:FPC_CC_TYPE=FPC_COMPANION_CHIP_FPC2050:FPC_C_TYPE=FPC_COATING_NORMAL
11-16 08:56:55.420: E/fpc_tac(26649): fpcbuildtype : build=RELEASE sensor=9
11-16 08:56:55.428: I/RecoverableKeyStoreGms(13389): [RecoverableKeyStoreGmsInitOperation] Initializing auth_folsom
11-16 08:56:55.430: I/RecoverableKeyStoreGms(13389): [RecoverableKeyStoreGmsInitOperation] com.google.android.gms.auth.folsom.service.FolsomPublicKeyUpdateService is already enabled. Ignore.
11-16 08:56:55.430: I/RecoverableKeyStoreGms(13389): [RecoverableKeyStoreGmsInitOperation] com.google.android.gms.auth.folsom.service.GcmReceiverService is already enabled. Ignore.
11-16 08:56:55.431: I/GCoreUlr(11203): Unbound from all signal providers. [CONTEXT service_id=22 ]
11-16 08:56:55.432: V/RecoverableKeyStoreMgr(1186): Not updating secret types - same as old value.
11-16 08:56:55.434: D/BoundBrokerSvc(11203): onBind: Intent { act=com.google.android.gms.scheduler.ACTION_PROXY_SCHEDULE cmp=com.google.android.gms/.chimera.PersistentInternalBoundBrokerService }
11-16 08:56:55.434: D/BoundBrokerSvc(11203): Loading bound service for intent: Intent { act=com.google.android.gms.scheduler.ACTION_PROXY_SCHEDULE cmp=com.google.android.gms/.chimera.PersistentInternalBoundBrokerService }
11-16 08:56:55.435: I/RecoverableKeyStoreGms(13389): [RecoverableKeyStoreGmsInitOperation] Setting vault handle
11-16 08:56:55.436: V/RecoverableKeyStoreMgr(1186): Not updating server params - same as old value.
11-16 08:56:55.437: I/ChromeSync(13389): [Sync,SyncIntentOperation] Handling the intent: Intent { act=com.google.gservices.intent.action.GSERVICES_CHANGED flg=0x1000010 pkg=com.google.android.gms cmp=com.google.android.gms/.chimera.GmsIntentOperationService$PersistentInternalReceiver }.
11-16 08:56:55.441: I/GoogleHttpClient(26653): GMS http client unavailable, use old client
11-16 08:56:55.441: I/RecoverableKeyStoreGms(13389): [EnrollmentManager] Returning certificates list from cache
11-16 08:56:55.447: I/GCoreUlr(11203): Unbound from all signal providers. [CONTEXT service_id=22 ]
11-16 08:56:55.447: I/GCoreUlr(11203): Stopping handler for UlrDispSvcFast [CONTEXT service_id=22 ]
11-16 08:56:55.453: I/TestSupport(13389): AwaitCommitOperation: uncommitted: FlagOverride(com.google.android.gms.auth.api.credentials, , Flag(SaveStrategy__enableSaving, false, 2, 0), false) [CONTEXT service_id=133 ]
11-16 08:56:55.453: I/TestSupport(13389): AwaitCommitOperation:  sleeping for 40 msec. [CONTEXT service_id=133 ]
11-16 08:56:55.465: I/RecoverableKeyStoreMgr(1186): The cert file serial number is the same, so skip updating.
11-16 08:56:55.465: I/RecoverableKeyStoreGms(13389): [EnrollmentManager] Recovery service is initialized.
11-16 08:56:55.466: I/RecoverySnapshotLstnrs(1186): Registered listener for agent with uid 10007
11-16 08:56:55.467: E/RecoverySnapshotStorage(1186): Error reading snapshot for 10007 from disk
11-16 08:56:55.467: E/RecoverySnapshotStorage(1186): java.io.FileNotFoundException: /data/system/recoverablekeystore/snapshots/10007.xml (No such file or directory)
11-16 08:56:55.467: E/RecoverySnapshotStorage(1186): 	at java.io.FileInputStream.open0(Native Method)
11-16 08:56:55.467: E/RecoverySnapshotStorage(1186): 	at java.io.FileInputStream.open(FileInputStream.java:231)
11-16 08:56:55.467: E/RecoverySnapshotStorage(1186): 	at java.io.FileInputStream.<init>(FileInputStream.java:165)
11-16 08:56:55.467: E/RecoverySnapshotStorage(1186): 	at com.android.server.locksettings.recoverablekeystore.storage.RecoverySnapshotStorage.readFromDisk(RecoverySnapshotStorage.java:152)
11-16 08:56:55.467: E/RecoverySnapshotStorage(1186): 	at com.android.server.locksettings.recoverablekeystore.storage.RecoverySnapshotStorage.get(RecoverySnapshotStorage.java:104)
11-16 08:56:55.467: E/RecoverySnapshotStorage(1186): 	at com.android.server.locksettings.recoverablekeystore.RecoverableKeyStoreManager.getKeyChainSnapshot(RecoverableKeyStoreManager.java:331)
11-16 08:56:55.467: E/RecoverySnapshotStorage(1186): 	at com.android.server.locksettings.LockSettingsService.getKeyChainSnapshot(LockSettingsService.java:2032)
11-16 08:56:55.467: E/RecoverySnapshotStorage(1186): 	at com.android.internal.widget.ILockSettings$Stub.onTransact(ILockSettings.java:356)
11-16 08:56:55.467: E/RecoverySnapshotStorage(1186): 	at android.os.Binder.execTransact(Binder.java:731)
11-16 08:56:55.468: I/ActivityManager(1186): Killing 10094:com.google.android.apps.messaging/u0a111 (adj 906): empty for 2307s
11-16 08:56:55.468: I/RecoverableKeyStoreGms(13389): [WrappingKeyManager] Can't generate wrapping key - missing lock screeen
11-16 08:56:55.469: W/libprocessgroup(1186): kill(-10094, 9) failed: No such process
11-16 08:56:55.479: I/MobileDataHub(13389): Scheduling periodic tasks
11-16 08:56:55.485: I/MS_Utils(13389): version of com.google.android.apps.maps = 1022101040
11-16 08:56:55.485: I/ActivityManager(1186): Start proc 26673:com.google.android.ims/u0a25 for broadcast com.google.android.ims/.receivers.RcsAutoStartReceiver
11-16 08:56:55.486: I/MdiSyncModule(13389): flag handling is skipping irrelevant intent.
11-16 08:56:55.489: W/MobileDataHub(13389): [Service] appsupload-periodic periodic task disabled
11-16 08:56:55.492: I/SystemUpdate(13389): [Installation,ReceiverIntentOperation] Received intent: Intent { act=com.google.gservices.intent.action.GSERVICES_CHANGED flg=0x1000010 pkg=com.google.android.gms cmp=com.google.android.gms/.chimera.GmsIntentOperationService$PersistentInternalReceiver }.
11-16 08:56:55.495: E/gle.android.im(26673): Not starting debugger since process cannot load the jdwp agent.
11-16 08:56:55.497: D/BoundBrokerSvc(11203): onUnbind: Intent { act=com.google.android.gms.phenotype.service.START pkg=com.google.android.gms }
11-16 08:56:55.500: I/Zygote(735): Process 10094 exited due to signal (9)
11-16 08:56:55.514: W/libprocessgroup(1186): kill(-10094, 9) failed: No such process
11-16 08:56:55.514: I/libprocessgroup(1186): Successfully killed process cgroup uid 10111 pid 10094 in 45ms
11-16 08:56:55.520: I/gle.android.im(26673): The ClassLoaderContext is a special shared library.
11-16 08:56:55.533: I/TestSupport(13389): AwaitCommitOperation: uncommitted: FlagOverride(com.google.android.gms.auth.api.credentials, , Flag(SaveStrategy__enableSaving, false, 2, 0), false) [CONTEXT service_id=133 ]
11-16 08:56:55.533: I/TestSupport(13389): AwaitCommitOperation:  sleeping for 80 msec. [CONTEXT service_id=133 ]
11-16 08:56:55.545: I/CarrierServices(26673): [2] ait.a: Initializing Carrier Services Library.
11-16 08:56:55.550: W/DynamiteModule(13389): Local module descriptor class for com.google.android.gms.vision.dynamite.ocr not found.
11-16 08:56:55.551: W/ProviderHelper(13389): Unknown dynamite feature vision.dynamite.ocr
11-16 08:56:55.551: I/DynamiteModule(13389): Considering local module com.google.android.gms.vision.dynamite.ocr:0 and remote module com.google.android.gms.vision.dynamite.ocr:0
11-16 08:56:55.552: I/DynamiteModule(13389): Considering local module com.google.android.gms.vision.ocr:0 and remote module com.google.android.gms.vision.ocr:1
11-16 08:56:55.552: I/DynamiteModule(13389): Selected remote version of com.google.android.gms.vision.ocr, version >= 1
11-16 08:56:55.554: I/native(13389): I1116 08:56:55.554094   26501 start_ocr_856638336_langid.cc:35] StartOcr with label: latin_script_gmvapi_android
11-16 08:56:55.554: I/native(13389): I1116 08:56:55.554255   26501 start_ocr_856638336_langid.cc:44] StartOcr success
11-16 08:56:55.557: I/GmsModuleFndr(13389): Beginning GMS chimera module scan
11-16 08:56:55.561: I/OcrModelUpStIntentOp(13389): Downloading text recognizer
11-16 08:56:55.571: D/BoundBrokerSvc(13389): onBind: Intent { act=com.google.android.gms.ocr.service.internal.START cmp=com.google.android.gms/.chimera.GmsInternalApiService }
11-16 08:56:55.571: D/BoundBrokerSvc(13389): Loading bound service for intent: Intent { act=com.google.android.gms.ocr.service.internal.START cmp=com.google.android.gms/.chimera.GmsInternalApiService }
11-16 08:56:55.575: I/CarrierServices(26673): [2] ait.c: Initializing Carrier Services Logging.
11-16 08:56:55.581: I/bzp(26673): LogSaver new instance with filename: carrier_services
11-16 08:56:55.592: I/ModuleSetMgr(13389): Computing pending module set with APKs: [[AdsFdrDynamite.integ:213806100100000], [Enpromo.integ:214106000100000], [Pay.optional:213614100000], [VisionOcr.optional:213614100400], [AdsFdrDynamite.integ:212104400100000], [Cronetdynamite:213614100400], [Dynamiteloader:213614100000], [Dynamitemodulesa:213614100000], [Dynamitemodulesc:213614100000], [Googlecertificates:213614100000], [Mapsdynamite:213614100000], [Measurementdynamite:213614100000]]
11-16 08:56:55.593: I/CarrierServices(26673): [2] ait.c: Initializing Carrier Services Logging.
11-16 08:56:55.595: D/CarrierServices(26673): log_saver already enabled
11-16 08:56:55.595: I/CarrierServices(26673): [2] bxu.d: Checking if using CarrierServices.apk is possible. Enabled: true, isAtLeastM: true, runningInsideBugle: false
11-16 08:56:55.596: I/CarrierServices(26673): [2] bch.a: Using AndroidNetworkFactory
11-16 08:56:55.597: I/Bugle(26673): GServicesValues:
11-16 08:56:55.597: I/Bugle(26673): bugle_enable_primes_crash_metrics: true
11-16 08:56:55.597: I/Bugle(26673): bugle_max_telemetry_upload_retries: 10
11-16 08:56:55.597: I/Bugle(26673): bugle_sticker_set_list_version: 3
11-16 08:56:55.597: I/CarrierServices(26673): [2] bxu.d: Checking if using CarrierServices.apk is possible. Enabled: true, isAtLeastM: true, runningInsideBugle: false
11-16 08:56:55.599: W/NetworkScheduler(11203): The extras of the task is not valid to be persisted so that the task is not persisted [CONTEXT service_id=218 ]
11-16 08:56:55.599: W/NetworkScheduler(11203): java.lang.IllegalArgumentException: Only the following extra parameter types are supported: Integer, Long, Double, String, Boolean, and nested Bundles with the same restrictions.
11-16 08:56:55.599: W/NetworkScheduler(11203): 	at abno.f(:com.google.android.gms@213614028@21.36.14 (100400-395708125):6)
11-16 08:56:55.599: W/NetworkScheduler(11203): 	at amdu.g(:com.google.android.gms@213614028@21.36.14 (100400-395708125):37)
11-16 08:56:55.599: W/NetworkScheduler(11203): 	at amdd.n(:com.google.android.gms@213614028@21.36.14 (100400-395708125):3)
11-16 08:56:55.599: W/NetworkScheduler(11203): 	at amdd.u(:com.google.android.gms@213614028@21.36.14 (100400-395708125):20)
11-16 08:56:55.599: W/NetworkScheduler(11203): 	at amdd.g(:com.google.android.gms@213614028@21.36.14 (100400-395708125):3)
11-16 08:56:55.599: W/NetworkScheduler(11203): 	at alzy.run(:com.google.android.gms@213614028@21.36.14 (100400-395708125):9)
11-16 08:56:55.599: W/NetworkScheduler(11203): 	at rgh.c(:com.google.android.gms@213614028@21.36.14 (100400-395708125):6)
11-16 08:56:55.599: W/NetworkScheduler(11203): 	at rgh.run(:com.google.android.gms@213614028@21.36.14 (100400-395708125):8)
11-16 08:56:55.599: W/NetworkScheduler(11203): 	at java.util.concurrent.ThreadPoolExecutor.runWorker(ThreadPoolExecutor.java:1167)
11-16 08:56:55.599: W/NetworkScheduler(11203): 	at java.util.concurrent.ThreadPoolExecutor$Worker.run(ThreadPoolExecutor.java:641)
11-16 08:56:55.599: W/NetworkScheduler(11203): 	at rkn.run(:com.google.android.gms@213614028@21.36.14 (100400-395708125):0)
