11-16 08:56:55.599: W/NetworkScheduler(11203): 	at java.lang.Thread.run(Thread.java:764)
11-16 08:56:55.601: D/ConnectivityService(1186): requestNetwork for uid/pid:10025/26673 NetworkRequest [ TRACK_DEFAULT id=51, [ Capabilities: INTERNET&NOT_RESTRICTED&TRUSTED Unwanted:  Uid: 10025] ]
11-16 08:56:55.602: D/WIFI_UT(1186): got request NetworkRequest [ TRACK_DEFAULT id=51, [ Capabilities: INTERNET&NOT_RESTRICTED&TRUSTED Unwanted:  Uid: 10025] ] with score 60
11-16 08:56:55.602: D/WIFI_AWARE_FACTORY(1186): got request NetworkRequest [ TRACK_DEFAULT id=51, [ Capabilities: INTERNET&NOT_RESTRICTED&TRUSTED Unwanted:  Uid: 10025] ] with score 60
11-16 08:56:55.602: D/WIFI(1186): got request NetworkRequest [ TRACK_DEFAULT id=51, [ Capabilities: INTERNET&NOT_RESTRICTED&TRUSTED Unwanted:  Uid: 10025] ] with score 60
11-16 08:56:55.602: D/PhoneSwitcherNetworkRequstListener(3801): got request NetworkRequest [ TRACK_DEFAULT id=51, [ Capabilities: INTERNET&NOT_RESTRICTED&TRUSTED Unwanted:  Uid: 10025] ] with score 60
11-16 08:56:55.602: D/Ethernet(1186): got request NetworkRequest [ TRACK_DEFAULT id=51, [ Capabilities: INTERNET&NOT_RESTRICTED&TRUSTED Unwanted:  Uid: 10025] ] with score 60
11-16 08:56:55.604: I/CarrierServices(26673): [869] bai.b: Connected state: [1], networkType: [WIFI]
11-16 08:56:55.604: I/CarrierServices(26673): [2] bxu.e: Carrier Services GServices flags:
11-16 08:56:55.604: I/CarrierServices(26673):    carrier_services_security_flags_ec_api_white_listed_packages: com.google.android.apps.messaging,com.google.android.dialer,com.google.android.ims.client.sampleapp,com.android.contacts,com.lge.rcscall,com.android.incallui,com.huawei.incallui.appfeature.rcsfeature
11-16 08:56:55.604: I/CarrierServices(26673):    carrier_services_security_flags_ec_api_white_listed_signatures: B28C3EDB665DF32686224DF800F603E9959BBE4E,0980A12BE993528C19107BC21AD811478C63CEFC,B38FA7B5ECFAEC44620A020752B07E063B3120A8,203997BC46B8792DC9747ABD230569071F9A0439,EDA6413C3E3A95492114FE07CD953AD897E40D1A,760EBB9F4200B3DFB1B817B40FF0563A3C150D39,5B368CFF2DA2686996BC95EAC190EAA4F5630FE5,01D845B26B688D8EF647205A5944E9407E52E06E,27196E386B875E76ADF700E7EA84E4C6EEE33DFA,1CDD04F1E4A732BB0352FDFAEE26D2315526DF85,025D5212BF3B5F5CDA6117A518721D70A94D84E0
11-16 08:56:55.604: I/CarrierServices(26673):    carrier_services_security_flags_test_service_white_listed_packages: com.google.android.ims.mobly.snippets
11-16 08:56:55.604: I/CarrierServices(26673):    carrier_services_security_flags_test_service_white_listed_signatures: AE41481F52E0F58DF2806D5A38EB3DBCA5AE02B0,E165542B31953CC282AA4EF2F4D5F07F7663A2A2
11-16 08:56:55.604: I/CarrierServices(26673):    carrier_services_security_flags_white_listed_packages: com.google.android.apps.messaging,com.google.android.dialer,com.google.android.ims.client.sampleapp,com.android.contacts,com.lge.rcscall,com.android.incallui,com.huawei.incallui.appfeature.rcsfeature
11-16 08:56:55.604: I/CarrierServices(26673):    carrier_services_security_flags_white_listed_signatures: B28C3EDB665DF32686224DF800F603E9959BBE4E,0980A12BE993528C19107BC21AD811478C63CEFC,B38FA7B5ECFAEC44620A020752B07E063B3120A8,203997BC46B8792DC9747ABD230569071F9A0439,EDA6413C3E3A95492114FE07CD953AD897E40D1A,760EBB9F4200B3DFB1B817B40FF0563A3C150D39,5B368CFF2DA2686996BC95EAC190EAA4F5630FE5,01D845B26B688D8EF647205A5944E9407E52E06E,27196E386B875E76ADF700E7EA84E4C6EEE33DFA,1CDD04F1E4A732BB0352FDFAEE26D2315526DF85,025D5212BF3B5F5CDA6117A518721D70A94D84E0
11-16 08:56:55.604: I/CarrierServices(26673):    carrier_services_video_share_disabled_user_agent_substrings: SM-G930,SM-G935,SM-A320
11-16 08:56:55.604: I/CarrierServices(26673): ====================
11-16 08:56:55.612: I/ModuleSetMgr(13389): Pending container module APKs: [[Pay.optional:213614100000], [VisionOcr.optional:213614100400]]
11-16 08:56:55.612: I/ModuleSetMgr(13389): Pending non-container module APKs: [[Enpromo.integ:214106000100000], [AdsFdrDynamite.integ:213806100100000]]
11-16 08:56:55.623: I/CarrierServices(26673): [2] bth.a: Initializing SimStateTracker
11-16 08:56:55.624: I/CarrierServices(26673): [2] bth.b: SIM state ABSENT
11-16 08:56:55.626: W/PackageParser(13389): Unknown element under <manifest>: queries at /data/user_de/0/com.google.android.gms/app_chimera/m/00000007/AdsDynamite.apk Binary XML file line #5
11-16 08:56:55.626: I/TestSupport(13389): AwaitCommitOperation: uncommitted: FlagOverride(com.google.android.gms.auth.api.credentials, , Flag(SaveStrategy__enableSaving, false, 2, 0), false) [CONTEXT service_id=133 ]
11-16 08:56:55.626: I/TestSupport(13389): AwaitCommitOperation:  sleeping for 160 msec. [CONTEXT service_id=133 ]
11-16 08:56:55.637: W/PackageParser(13389): Unknown element under <manifest>: queries at /data/user_de/0/com.google.android.gms/app_chimera/m/00000011/dl-AdsFdrDynamite.integ_213806100100000.apk Binary XML file line #11
11-16 08:56:55.642: I/CarrierServices(26673): [2] bth.a: Broadcasting Intent { act=com.google.android.ims.SIM_ABSENT }
11-16 08:56:55.666: I/CarrierServices(26673): [2] CarrierServicesReleaseApp.onCreate: Primes set up successful
11-16 08:56:55.694: W/RcsProvisioning(26673): Failed to read configuration: /data/user/0/com.google.android.ims/files/hvconfig (No such file or directory)
11-16 08:56:55.695: W/RcsProvisioning(26673): java.io.FileNotFoundException: /data/user/0/com.google.android.ims/files/hvconfig (No such file or directory)
11-16 08:56:55.695: W/RcsProvisioning(26673): 	at java.io.FileInputStream.open0(Native Method)
11-16 08:56:55.695: W/RcsProvisioning(26673): 	at java.io.FileInputStream.open(FileInputStream.java:231)
11-16 08:56:55.695: W/RcsProvisioning(26673): 	at java.io.FileInputStream.<init>(FileInputStream.java:165)
11-16 08:56:55.695: W/RcsProvisioning(26673): 	at android.app.ContextImpl.openFileInput(ContextImpl.java:560)
11-16 08:56:55.695: W/RcsProvisioning(26673): 	at android.content.ContextWrapper.openFileInput(ContextWrapper.java:202)
11-16 08:56:55.695: W/RcsProvisioning(26673): 	at byy.a(SourceFile:2)
11-16 08:56:55.695: W/RcsProvisioning(26673): 	at bmj.a(SourceFile:4)
11-16 08:56:55.695: W/RcsProvisioning(26673): 	at bmk.a(SourceFile:7)
11-16 08:56:55.695: W/RcsProvisioning(26673): 	at bln.<init>(SourceFile:9)
11-16 08:56:55.695: W/RcsProvisioning(26673): 	at blx.<init>(SourceFile:9)
11-16 08:56:55.695: W/RcsProvisioning(26673): 	at com.google.android.ims.CarrierServicesReleaseApp.onCreate(SourceFile:98)
11-16 08:56:55.695: W/RcsProvisioning(26673): 	at android.app.Instrumentation.callApplicationOnCreate(Instrumentation.java:1154)
11-16 08:56:55.695: W/RcsProvisioning(26673): 	at android.app.ActivityThread.handleBindApplication(ActivityThread.java:5920)
11-16 08:56:55.695: W/RcsProvisioning(26673): 	at android.app.ActivityThread.access$1100(ActivityThread.java:200)
11-16 08:56:55.695: W/RcsProvisioning(26673): 	at android.app.ActivityThread$H.handleMessage(ActivityThread.java:1656)
11-16 08:56:55.695: W/RcsProvisioning(26673): 	at android.os.Handler.dispatchMessage(Handler.java:106)
11-16 08:56:55.695: W/RcsProvisioning(26673): 	at android.os.Looper.loop(Looper.java:193)
11-16 08:56:55.695: W/RcsProvisioning(26673): 	at android.app.ActivityThread.main(ActivityThread.java:6718)
11-16 08:56:55.695: W/RcsProvisioning(26673): 	at java.lang.reflect.Method.invoke(Native Method)
11-16 08:56:55.695: W/RcsProvisioning(26673): 	at com.android.internal.os.RuntimeInit$MethodAndArgsCaller.run(RuntimeInit.java:493)
11-16 08:56:55.695: W/RcsProvisioning(26673): 	at com.android.internal.os.ZygoteInit.main(ZygoteInit.java:858)
11-16 08:56:55.695: D/RcsProvisioning(26673): Retrieving backup token
11-16 08:56:55.715: W/Bugle(26673): SubscriptionMetadataUtils get: invalid subId = -1
11-16 08:56:55.798: I/TestSupport(13389): AwaitCommitOperation: uncommitted: FlagOverride(com.google.android.gms.auth.api.credentials, , Flag(SaveStrategy__enableSaving, false, 2, 0), false) [CONTEXT service_id=133 ]
11-16 08:56:55.798: I/TestSupport(13389): AwaitCommitOperation:  sleeping for 320 msec. [CONTEXT service_id=133 ]
11-16 08:56:55.827: D/RcsProvisioning(26673): No backup token found
11-16 08:56:55.833: I/CarrierServices(26673): [2] CarrierServicesReleaseApp.a: Initializing MMTel
11-16 08:56:55.843: I/CarrierServices(26673): [2] ccj.a: CarrierServices.apk is not sim call manager. Not enabling MMTel.
11-16 08:56:55.843: I/CarrierServices(26673): [2] ProvisioningService.a: Should not enable MMTel. Not scheduling provisioning.
11-16 08:56:55.850: I/CarrierServices(26673): [2] ajk.<init>: (MMTel): IMS module initialization with instance: "urn:gsma:imei:99001200-595306-0"
11-16 08:56:55.863: I/CarrierServices(26673): [2] ccj.a: CarrierServices.apk is not sim call manager. Not enabling MMTel.
11-16 08:56:55.863: I/CarrierServices(26673): [2] alv.e: Should not enable MMTel, not starting CallEngine.
11-16 08:56:55.867: I/CarrierServices(26673): [2] aws.a: Migration binding to RcsMigrationService
11-16 08:56:55.880: I/ActivityManager(1186): Start proc 26704:com.google.android.apps.messaging/u0a111 for service com.google.android.apps.messaging/.rcsmigration.RcsMigrationService
11-16 08:56:55.889: I/org.webrtc.Logging(26673): NativeLibrary: Loading native library.
11-16 08:56:55.889: I/org.webrtc.Logging(26673): NativeLibrary: Loading library: jingle_peerconnection_so
11-16 08:56:55.889: E/.apps.messagin(26704): Not starting debugger since process cannot load the jdwp agent.
11-16 08:56:55.892: I/CarrierServices(26673): [882] bti.run: Processing an intent
11-16 08:56:55.894: I/CarrierServices(26673): [882] bth.b: SIM state ABSENT
11-16 08:56:55.901: I/CarrierServices(26673): [882] bth.a: Broadcasting Intent { act=com.google.android.ims.SIM_ABSENT }
11-16 08:56:55.921: I/.apps.messagin(26704): The ClassLoaderContext is a special shared library.
11-16 08:56:55.923: W/native(26673): commandlineflags.cc:1511 Ignoring RegisterValidateFunction() for flag pointer 0x6fe0e2f798: no flag found at that address
11-16 08:56:55.926: I/libjingle(26673): [000:000] [26702] (default_audio_processing_jni.cc:32): APM: Post-processing: None.
11-16 08:56:55.926: I/libjingle(26673): [000:000] [26702] (default_audio_processing_jni.cc:44): APM: Echo controller: None.
11-16 08:56:55.926: I/libjingle(26673): [000:000] [26702] (audio_processing_impl.cc:441): Capture post processor activated: 0
11-16 08:56:55.926: I/libjingle(26673): Render pre processor activated: 0
11-16 08:56:55.941: I/BugleRcsEngine(17508): [2] pkj.a: Initializing SimStateTracker
11-16 08:56:55.949: I/BugleRcsEngine(17508): [2] oli.a: Creating JibeServiceComponent
11-16 08:56:55.961: I/BugleRcsEngine(17508): [2] oer.b: Initializing Carrier Services Logging.
11-16 08:56:55.980: D/BugleRcsEngine(17508): log_saver already enabled
11-16 08:56:55.982: D/ConnectivityService(1186): requestNetwork for uid/pid:10111/17508 NetworkRequest [ TRACK_DEFAULT id=52, [ Capabilities: INTERNET&NOT_RESTRICTED&TRUSTED Unwanted:  Uid: 10111] ]
11-16 08:56:55.983: D/Ethernet(1186): got request NetworkRequest [ TRACK_DEFAULT id=52, [ Capabilities: INTERNET&NOT_RESTRICTED&TRUSTED Unwanted:  Uid: 10111] ] with score 60
11-16 08:56:55.984: D/WIFI_AWARE_FACTORY(1186): got request NetworkRequest [ TRACK_DEFAULT id=52, [ Capabilities: INTERNET&NOT_RESTRICTED&TRUSTED Unwanted:  Uid: 10111] ] with score 60
11-16 08:56:55.985: D/PhoneSwitcherNetworkRequstListener(3801): got request NetworkRequest [ TRACK_DEFAULT id=52, [ Capabilities: INTERNET&NOT_RESTRICTED&TRUSTED Unwanted:  Uid: 10111] ] with score 60
11-16 08:56:55.989: I/Bugle(17508): GServicesValues:
11-16 08:56:55.989: I/Bugle(17508): bugle_enable_primes_crash_metrics: true
11-16 08:56:55.989: I/Bugle(17508): bugle_max_telemetry_upload_retries: 10
11-16 08:56:55.989: I/Bugle(17508): bugle_sticker_set_list_version: 3
11-16 08:56:55.990: I/BugleRcsEngine(17508): [832] ore.d: Connected state: [2], networkType: [WIFI]
11-16 08:56:55.993: I/BugleRcsEngine(17508): [832] ore.d: Connected state: [2], networkType: [WIFI]
11-16 08:56:55.994: I/BugleRcsEngine(17508): [2] ofm.<init>: RcsEngine: Constructor running in com.google.android.apps.messaging
11-16 08:56:55.995: I/BugleRcsEngine(17508): [2] pcm.a: Destroying ProvisioningEngineComponent
11-16 08:56:55.995: I/BugleRcsEngine(17508): [2] pcm.a: Initialize Provisioning Engine V2
11-16 08:56:55.996: I/ActivityManager(1186): Start proc 26727:com.google.intelligence.sense/u0a31 for broadcast com.google.intelligence.sense/.ambientmusic.SystemBroadcastReceiver
11-16 08:56:55.997: D/WIFI_UT(1186): got request NetworkRequest [ TRACK_DEFAULT id=52, [ Capabilities: INTERNET&NOT_RESTRICTED&TRUSTED Unwanted:  Uid: 10111] ] with score 60
11-16 08:56:55.997: D/WIFI(1186): got request NetworkRequest [ TRACK_DEFAULT id=52, [ Capabilities: INTERNET&NOT_RESTRICTED&TRUSTED Unwanted:  Uid: 10111] ] with score 60
11-16 08:56:56.000: I/BugleRcsEngine(17508): [2] pet.a: Sending ProvisioningEvent to Bugle [Enable PEv2 (17)], null
11-16 08:56:56.003: I/BugleRcsEngine(17508): [2] oli.a: Creating ProvisioningEngineComponent
11-16 08:56:56.003: E/elligence.sens(26727): Not starting debugger since process cannot load the jdwp agent.
11-16 08:56:56.006: W/VideoCapabilities(26673): Unrecognized profile 2130706433 for video/avc
11-16 08:56:56.006: W/VideoCapabilities(26673): Unrecognized profile 2130706434 for video/avc
11-16 08:56:56.011: W/VideoCapabilities(26673): Unrecognized profile 2130706433 for video/avc
11-16 08:56:56.011: W/VideoCapabilities(26673): Unrecognized profile 2130706434 for video/avc
11-16 08:56:56.025: I/BugleRcsEngine(17508): [2] JibeService.b: Ignoring call to disable RCS because PEv2 is enabled
11-16 08:56:56.031: I/BugleRcsEngine(17508): [857] ProvisioningEngineStateMachine$StateBase.a: Enter EnabledState
11-16 08:56:56.032: I/BugleRcsEngine(17508): [2] pet.a: Sending ProvisioningEvent to Bugle [Request Bugle information (15)], null
11-16 08:56:56.038: W/BugleRcsEngine(17508): [857] pcp.c: No config URL. RCS will be disabled!
11-16 08:56:56.046: W/VideoCapabilities(26673): Unrecognized profile 2130706433 for video/avc
11-16 08:56:56.046: W/VideoCapabilities(26673): Unrecognized profile 2130706434 for video/avc
11-16 08:56:56.048: I/BugleRcsEngine(17508): [857] pev.a: RcsAvailabilityManager: Calculating Rcs Availability
11-16 08:56:56.048: D/BugleRcsEngine(17508): log_saver already enabled
11-16 08:56:56.053: I/BugleRcsEngine(17508): [857] pdr.a: BatteryOptimizationManager: requestGmscoreUnbind
11-16 08:56:56.053: I/BugleRcsEngine(17508): [857] pev.a: RcsAvailabilityManager: Updating Rcs Availability to DISABLED_SIM_ABSENT (RCS is disabled due to SIM absent)
11-16 08:56:56.054: W/BugleRcsEngine(17508): [857] pcp.c: No config URL. RCS will be disabled!
11-16 08:56:56.059: I/BugleRcsEngine(17508): [857] pet.a: Sending ProvisioningEvent to Bugle [Availability updated (12)], [aQxmkSF8RuZ2gv9Q_9qD9VRmeTc]
11-16 08:56:56.062: I/BugleRcsEngine(17508): [858] pot.a: Sim state is not ready. Returning last known operation mode.
11-16 08:56:56.063: E/BugleRcsEngine(17508): [2] JibeService.a: onSimRemoved: not using a test number at the moment
11-16 08:56:56.063: I/BugleRcsEngine(17508): [2] JibeService.a: onSimRemoved: JibePreferences hasSim: [false], rcsEnabled: [false]
11-16 08:56:56.064: I/BugleRcsEngine(17508): [2] JibeService.a: SIM has been removed.
11-16 08:56:56.064: I/BugleRcsEngine(17508): [857] pev.a: Sending ProvisioningEvent Internal [Availability updated (12)], [aQxmkSF8RuZ2gv9Q_9qD9VRmeTc]
11-16 08:56:56.067: I/BugleRcsEngine(17508): [857] pet.a: Sending ProvisioningEvent to Bugle [Update provisioning status (11)], [aco8Kp25ZBCgUZalyGUIq1_Tamc]
11-16 08:56:56.068: W/VideoCapabilities(26673): Unrecognized profile 4 for video/hevc
11-16 08:56:56.069: I/BugleRcsEngine(17508): [858] pot.a: Sim state is not ready. Returning last known operation mode.
11-16 08:56:56.074: I/BugleRcsEngine(17508): [2] pev.a: RcsAvailabilityManager: Calculating Rcs Availability
11-16 08:56:56.082: I/BugleRcsEngine(17508): [857] ProvisioningEngineStateMachine$StateBase.a: EnabledState: Transition to disabled
11-16 08:56:56.082: I/BugleRcsEngine(17508): [857] ProvisioningEngineStateMachine$StateBase.c: Exit EnabledState
11-16 08:56:56.083: I/BugleRcsEngine(17508): [2] pet.a: Sending ProvisioningEvent to Bugle [Request Bugle information (15)], null
11-16 08:56:56.089: W/native(26727): commandlineflags.cc:1511 Ignoring RegisterValidateFunction() for flag pointer 0x6fe1a1c598: no flag found at that address
11-16 08:56:56.105: I/BugleRcsEngine(17508): [855] pkj.b: Processing an intent
11-16 08:56:56.107: W/VideoCapabilities(26673): Unrecognized profile 4 for video/hevc
11-16 08:56:56.117: I/BugleRcsEngine(17508): [855] pkj.handleSimState: SIM state ABSENT
11-16 08:56:56.122: I/BugleRcsEngine(17508): [855] pkj.sendBroadcastSimState: Broadcasting Intent { act=com.google.android.ims.SIM_ABSENT }
11-16 08:56:56.124: I/MediaCodecVideoEncoder(26673): [000:198] [26702] MediaCodecVideoEncoder: Found target encoder for mime video/x-vnd.on2.vp8 : OMX.qcom.video.encoder.vp8. Color: 0x15. Bitrate adjustment: NO_ADJUSTMENT
11-16 08:56:56.124: I/MediaCodecVideoEncoder(26673): [000:199] [26702] MediaCodecVideoEncoder: VP8 HW Encoder supported.
11-16 08:56:56.125: I/MediaCodecVideoDecoder(26673): [000:199] [26702] MediaCodecVideoDecoder: Trying to find HW decoder for mime video/avc
11-16 08:56:56.125: I/MediaCodecVideoDecoder(26673): [000:199] [26702] MediaCodecVideoDecoder: Found candidate decoder OMX.qcom.video.decoder.avc
11-16 08:56:56.125: I/MediaCodecVideoDecoder(26673): [000:200] [26702] MediaCodecVideoDecoder: Found target decoder OMX.qcom.video.decoder.avc. Color: 0x13
11-16 08:56:56.126: I/MediaCodecVideoEncoder(26673): [000:200] [26702] MediaCodecVideoEncoder: H.264 High Profile HW Encoder supported.
11-16 08:56:56.126: I/MediaCodecVideoEncoder(26673): [000:200] [26702] MediaCodecVideoEncoder: Found target encoder for mime video/avc : OMX.qcom.video.encoder.avc. Color: 0x15. Bitrate adjustment: NO_ADJUSTMENT
11-16 08:56:56.126: I/MediaCodecVideoEncoder(26673): [000:200] [26702] MediaCodecVideoEncoder: H.264 HW Encoder supported.
11-16 08:56:56.126: I/MediaCodecVideoDecoder(26673): [000:201] [26702] MediaCodecVideoDecoder: MediaCodecVideoDecoderFactory ctor
11-16 08:56:56.126: I/MediaCodecVideoDecoder(26673): [000:201] [26702] MediaCodecVideoDecoder: Trying to find HW decoder for mime video/x-vnd.on2.vp8
11-16 08:56:56.126: I/MediaCodecVideoDecoder(26673): [000:201] [26702] MediaCodecVideoDecoder: Found candidate decoder OMX.qcom.video.decoder.vp8
11-16 08:56:56.127: I/MediaCodecVideoDecoder(26673): [000:201] [26702] MediaCodecVideoDecoder: Found target decoder OMX.qcom.video.decoder.vp8. Color: 0x13
11-16 08:56:56.127: I/MediaCodecVideoDecoder(26673): [000:201] [26702] MediaCodecVideoDecoder: VP8 HW Decoder supported.
11-16 08:56:56.127: I/MediaCodecVideoDecoder(26673): [000:201] [26702] MediaCodecVideoDecoder: Trying to find HW decoder for mime video/x-vnd.on2.vp9
11-16 08:56:56.127: I/MediaCodecVideoDecoder(26673): [000:201] [26702] MediaCodecVideoDecoder: Found candidate decoder OMX.qcom.video.decoder.vp9
11-16 08:56:56.133: I/MediaCodecVideoDecoder(26673): [000:207] [26702] MediaCodecVideoDecoder: Found target decoder OMX.qcom.video.decoder.vp9. Color: 0x13
11-16 08:56:56.133: I/MediaCodecVideoDecoder(26673): [000:207] [26702] MediaCodecVideoDecoder: VP9 HW Decoder supported.
11-16 08:56:56.133: I/MediaCodecVideoDecoder(26673): [000:207] [26702] MediaCodecVideoDecoder: Trying to find HW decoder for mime video/avc
11-16 08:56:56.133: I/MediaCodecVideoDecoder(26673): [000:207] [26702] MediaCodecVideoDecoder: Found candidate decoder OMX.qcom.video.decoder.avc
11-16 08:56:56.133: I/MediaCodecVideoDecoder(26673): [000:208] [26702] MediaCodecVideoDecoder: Found target decoder OMX.qcom.video.decoder.avc. Color: 0x13
11-16 08:56:56.133: I/MediaCodecVideoDecoder(26673): [000:208] [26702] MediaCodecVideoDecoder: H264 HW Decoder supported.
11-16 08:56:56.133: I/libjingle(26673): [000:208] [26702] (webrtcvoiceengine.cc:210): WebRtcVoiceEngine::WebRtcVoiceEngine
11-16 08:56:56.133: I/libjingle(26673): [000:208] [26702] (webrtcvideoengine.cc:546): WebRtcVideoEngine::WebRtcVideoEngine()
11-16 08:56:56.134: I/libjingle(26673): [000:209] [26724] (webrtcvoiceengine.cc:233): WebRtcVoiceEngine::Init
11-16 08:56:56.134: I/libjingle(26673): [000:209] [26724] (webrtcvoiceengine.cc:240): Supported send codecs in order of preference:
11-16 08:56:56.135: I/libjingle(26673): [000:209] [26724] (webrtcvoiceengine.cc:243): opus/48000/2 { minptime=10 useinbandfec=1 } (111)
11-16 08:56:56.135: I/libjingle(26673): [000:209] [26724] (webrtcvoiceengine.cc:243): ISAC/16000/1 (103)
11-16 08:56:56.135: I/libjingle(26673): [000:209] [26724] (webrtcvoiceengine.cc:243): ISAC/32000/1 (104)
11-16 08:56:56.135: I/libjingle(26673): [000:209] [26724] (webrtcvoiceengine.cc:243): G722/8000/1 (9)
11-16 08:56:56.135: I/libjingle(26673): [000:209] [26724] (webrtcvoiceengine.cc:243): PCMU/8000/1 (0)
11-16 08:56:56.135: I/libjingle(26673): [000:209] [26724] (webrtcvoiceengine.cc:243): PCMA/8000/1 (8)
11-16 08:56:56.135: I/libjingle(26673): [000:209] [26724] (webrtcvoiceengine.cc:243): CN/32000/1 (106)
11-16 08:56:56.135: I/libjingle(26673): [000:209] [26724] (webrtcvoiceengine.cc:243): CN/16000/1 (105)
11-16 08:56:56.135: I/libjingle(26673): [000:209] [26724] (webrtcvoiceengine.cc:243): CN/8000/1 (13)
11-16 08:56:56.135: I/libjingle(26673): [000:209] [26724] (webrtcvoiceengine.cc:243): telephone-event/48000/1 (110)
11-16 08:56:56.135: I/libjingle(26673): [000:209] [26724] (webrtcvoiceengine.cc:243): telephone-event/32000/1 (112)
11-16 08:56:56.135: I/libjingle(26673): [000:210] [26724] (webrtcvoiceengine.cc:243): telephone-event/16000/1 (113)
11-16 08:56:56.135: I/libjingle(26673): [000:210] [26724] (webrtcvoiceengine.cc:243): telephone-event/8000/1 (126)
11-16 08:56:56.135: I/libjingle(26673): [000:210] [26724] (webrtcvoiceengine.cc:246): Supported recv codecs in order of preference:
11-16 08:56:56.135: I/libjingle(26673): [000:210] [26724] (webrtcvoiceengine.cc:249): opus/48000/2 { minptime=10 useinbandfec=1 } (111)
11-16 08:56:56.135: I/libjingle(26673): [000:210] [26724] (webrtcvoiceengine.cc:249): ISAC/16000/1 (103)
11-16 08:56:56.135: I/libjingle(26673): [000:210] [26724] (webrtcvoiceengine.cc:249): ISAC/32000/1 (104)
11-16 08:56:56.135: I/libjingle(26673): [000:210] [26724] (webrtcvoiceengine.cc:249): G722/8000/1 (9)
11-16 08:56:56.135: I/libjingle(26673): [000:210] [26724] (webrtcvoiceengine.cc:249): PCMU/8000/1 (0)
11-16 08:56:56.135: I/libjingle(26673): [000:210] [26724] (webrtcvoiceengine.cc:249): PCMA/8000/1 (8)
11-16 08:56:56.135: I/libjingle(26673): [000:210] [26724] (webrtcvoiceengine.cc:249): CN/32000/1 (106)
11-16 08:56:56.135: I/libjingle(26673): [000:210] [26724] (webrtcvoiceengine.cc:249): CN/16000/1 (105)
11-16 08:56:56.136: I/libjingle(26673): [000:210] [26724] (webrtcvoiceengine.cc:249): CN/8000/1 (13)
11-16 08:56:56.136: I/libjingle(26673): [000:210] [26724] (webrtcvoiceengine.cc:249): telephone-event/48000/1 (110)
11-16 08:56:56.136: I/libjingle(26673): [000:210] [26724] (webrtcvoiceengine.cc:249): telephone-event/32000/1 (112)
11-16 08:56:56.136: I/libjingle(26673): [000:210] [26724] (webrtcvoiceengine.cc:249): telephone-event/16000/1 (113)
11-16 08:56:56.136: I/libjingle(26673): [000:210] [26724] (webrtcvoiceengine.cc:249): telephone-event/8000/1 (126)
11-16 08:56:56.136: I/libjingle(26673): [000:210] [26724] (audio_device_impl.cc:74): Create
11-16 08:56:56.136: I/libjingle(26673): [000:210] [26724] (audio_device_buffer.cc:63): AudioDeviceBuffer::ctor
11-16 08:56:56.136: I/libjingle(26673): [000:210] [26724] (audio_device_impl.cc:108): AudioDeviceModuleImpl
11-16 08:56:56.136: I/libjingle(26673): [000:210] [26724] (audio_device_impl.cc:112): CheckPlatform
11-16 08:56:56.136: I/libjingle(26673): [000:210] [26724] (audio_device_impl.cc:120): current platform is Android
11-16 08:56:56.136: I/libjingle(26673): [000:210] [26724] (audio_device_impl.cc:142): CreatePlatformSpecificObjects
11-16 08:56:56.136: I/libjingle(26673): [000:210] [26724] (audio_device_impl.cc:906): PlatformAudioLayer
11-16 08:56:56.136: I/libjingle(26673): [000:210] [26724] (jvm_android.cc:73): AttachCurrentThreadIfNeeded::ctor
11-16 08:56:56.136: I/libjingle(26673): [000:210] [26724] (jvm_android.cc:78): Attaching thread to JVM
11-16 08:56:56.136: I/libjingle(26673): [000:211] [26724] (jvm_android.cc:262): JVM::environment
11-16 08:56:56.136: I/libjingle(26673): [000:211] [26724] (jvm_android.cc:186): JNIEnvironment::ctor
11-16 08:56:56.136: I/libjingle(26673): [000:211] [26724] (audio_manager.cc:71): ctor
11-16 08:56:56.136: I/libjingle(26673): [000:211] [26724] (jvm_android.cc:196): JNIEnvironment::RegisterNatives: org/webrtc/voiceengine/WebRtcAudioManager
11-16 08:56:56.136: I/libjingle(26673): [000:211] [26724] (jvm_android.cc:135): NativeRegistration::ctor
11-16 08:56:56.136: I/libjingle(26673): [000:211] [26724] (jvm_android.cc:146): NativeRegistration::NewObject
11-16 08:56:56.137: I/WebRtcAudioManager(26673): [000:211] [26724] WebRtcAudioManager: ctor@[name=Thread-3, id=888]
11-16 08:56:56.146: I/WebRtcAudioManager(26673): [000:220] [26724] WebRtcAudioManager: Sample rate is set to 48000 Hz
11-16 08:56:56.149: E/elligence.sens(26727): The String#value field is not present on Android versions >= 6.0
11-16 08:56:56.154: W/BugleRcsEngine(17508): [857] pcp.c: No config URL. RCS will be disabled!
11-16 08:56:56.160: I/BugleRcsEngine(17508): [857] ProvisioningEngineStateMachine$StateBase.a: Enter DisabledState
11-16 08:56:56.163: I/TestSupport(13389): AwaitCommitOperation: uncommitted: FlagOverride(com.google.android.gms.auth.api.credentials, , Flag(SaveStrategy__enableSaving, false, 2, 0), false) [CONTEXT service_id=133 ]
11-16 08:56:56.164: I/TestSupport(13389): AwaitCommitOperation:  sleeping for 640 msec. [CONTEXT service_id=133 ]
11-16 08:56:56.166: W/BugleRcsEngine(17508): [857] pcp.c: No config URL. RCS will be disabled!
11-16 08:56:56.177: I/BugleRcsEngine(17508): [858] pot.a: Sim state is not ready. Returning last known operation mode.
11-16 08:56:56.178: I/WebRtcAudioEffects(26673): [000:252] [26724] WebRtcAudioEffects: canUseAcousticEchoCanceler: true
11-16 08:56:56.178: I/WebRtcAudioEffects(26673): [000:252] [26724] WebRtcAudioEffects: canUseNoiseSuppressor: true
11-16 08:56:56.179: W/WebRtcAudioManager(26673): [000:253] [26724] WebRtcAudioManager: AAudio support is currently disabled on all devices!
11-16 08:56:56.180: I/libjingle(26673): [000:255] [26724] (audio_manager.cc:276): OnCacheAudioParameters: hardware_aec: 1, hardware_agc: 0, hardware_ns: 1, low_latency_output: 1, low_latency_input: 1, pro_audio: 1, a_audio: 0, sample_rate: 48000, output_channels: 1, input_channels: 1, output_buffer_size: 96, input_buffer_size: 96
11-16 08:56:56.181: I/WebRtcAudioManager(26673): [000:255] [26724] WebRtcAudioManager: Android SDK: 28, Release: 9, Brand: google, Device: blueline, Id: PQ3A.190801.002, Hardware: blueline, Manufacturer: Google, Model: Pixel 3, Product: blueline
11-16 08:56:56.182: W/DeviceHAL(754): Error from HAL Device in function get_mic_mute: Function not implemented
11-16 08:56:56.182: I/BugleRcsEngine(17508): [858] pot.a: Sim state is not ready. Returning last known operation mode.
11-16 08:56:56.182: W/DeviceHAL(754): Error from HAL Device in function get_mic_mute: Function not implemented
11-16 08:56:56.184: I/BugleRcsEngine(17508): [857] pet.a: Sending ProvisioningEvent to Bugle [Update provisioning status (11)], [pxpqh-Hb57ovsulQtknwWEmsBeY]
11-16 08:56:56.185: I/WebRtcAudioManager(26673): [000:259] [26724] WebRtcAudioManager: Audio State: audio mode: MODE_NORMAL, has mic: true, mic muted: false, music active: false, speakerphone: false, BT SCO: false
11-16 08:56:56.185: I/WebRtcAudioManager(26673): [000:259] [26724] WebRtcAudioManager: Audio State: 
11-16 08:56:56.185: I/WebRtcAudioManager(26673): [000:260] [26724] WebRtcAudioManager:   fixed volume=false
11-16 08:56:56.186: I/WebRtcAudioManager(26673): [000:261] [26724] WebRtcAudioManager:   STREAM_VOICE_CALL: volume=1, max=7, muted=false
11-16 08:56:56.188: I/WebRtcAudioManager(26673): [000:262] [26724] WebRtcAudioManager:   STREAM_MUSIC: volume=0, max=25, muted=false
11-16 08:56:56.188: I/BugleRcsEngine(17508): [857] ProvisioningEngineStateMachine.a: DisabledState: event SIM event
11-16 08:56:56.189: I/WebRtcAudioManager(26673): [000:264] [26724] WebRtcAudioManager:   STREAM_RING: volume=0, max=7, muted=true
11-16 08:56:56.193: I/WebRtcAudioManager(26673): [000:267] [26724] WebRtcAudioManager:   STREAM_ALARM: volume=1, max=7, muted=false
11-16 08:56:56.194: I/WebRtcAudioManager(26673): [000:268] [26724] WebRtcAudioManager:   STREAM_NOTIFICATION: volume=0, max=7, muted=true
11-16 08:56:56.195: I/WebRtcAudioManager(26673): [000:269] [26724] WebRtcAudioManager:   STREAM_SYSTEM: volume=0, max=7, muted=true
11-16 08:56:56.203: I/WebRtcAudioManager(26673): [000:277] [26724] WebRtcAudioManager: Audio Devices: 
11-16 08:56:56.203: I/WebRtcAudioManager(26673): [000:278] [26724] WebRtcAudioManager:   TYPE_BUILTIN_EARPIECE(out): id=2
11-16 08:56:56.203: I/WebRtcAudioManager(26673): [000:278] [26724] WebRtcAudioManager:   TYPE_BUILTIN_SPEAKER(out): id=3
11-16 08:56:56.203: I/WebRtcAudioManager(26673): [000:278] [26724] WebRtcAudioManager:   TYPE_TELEPHONY(out): id=11
11-16 08:56:56.204: I/WebRtcAudioManager(26673): [000:278] [26724] WebRtcAudioManager:   TYPE_BUILTIN_MIC(in): channels=[1, 2, 3], encodings=[4], sample rates=[8000, 11025, 12000, 16000, 22050, 24000, 32000, 44100, 48000], id=18
11-16 08:56:56.204: I/WebRtcAudioManager(26673): [000:278] [26724] WebRtcAudioManager:   TYPE_BUILTIN_MIC(in): channels=[1, 2, 3], encodings=[4], sample rates=[8000, 11025, 12000, 16000, 22050, 24000, 32000, 44100, 48000], id=19
11-16 08:56:56.204: I/WebRtcAudioManager(26673): [000:278] [26724] WebRtcAudioManager:   TYPE_TELEPHONY(in): channels=[1, 2], encodings=[2], sample rates=[8000, 16000, 48000], id=22
11-16 08:56:56.204: I/libjingle(26673): [000:278] [26724] (jvm_android.cc:98): GlobalRef::ctor
11-16 08:56:56.204: I/libjingle(26673): [000:278] [26724] (audio_manager.cc:36): JavaAudioManager::ctor
11-16 08:56:56.204: I/WebRtcAudioManager(26673): [000:278] [26724] WebRtcAudioManager: Pixel 3 is blacklisted for OpenSL ES usage!
11-16 08:56:56.204: I/WebRtcAudioManager(26673): [000:278] [26724] WebRtcAudioManager: Pixel 3 is blacklisted for OpenSL ES usage!
11-16 08:56:56.204: I/libjingle(26673): [000:278] [26724] (jvm_android.cc:73): AttachCurrentThreadIfNeeded::ctor
11-16 08:56:56.204: I/libjingle(26673): [000:278] [26724] (jvm_android.cc:262): JVM::environment
11-16 08:56:56.204: I/libjingle(26673): [000:279] [26724] (jvm_android.cc:186): JNIEnvironment::ctor
11-16 08:56:56.204: I/libjingle(26673): [000:279] [26724] (audio_track_jni.cc:73): ctor
11-16 08:56:56.204: I/libjingle(26673): [000:279] [26724] (jvm_android.cc:196): JNIEnvironment::RegisterNatives: org/webrtc/voiceengine/WebRtcAudioTrack
11-16 08:56:56.204: I/libjingle(26673): [000:279] [26724] (jvm_android.cc:135): NativeRegistration::ctor
11-16 08:56:56.204: I/libjingle(26673): [000:279] [26724] (jvm_android.cc:146): NativeRegistration::NewObject
11-16 08:56:56.205: I/WebRtcAudioTrack(26673): [000:279] [26724] WebRtcAudioTrack: ctor@[name=Thread-3, id=888]
11-16 08:56:56.205: I/libjingle(26673): [000:279] [26724] (jvm_android.cc:98): GlobalRef::ctor
11-16 08:56:56.205: I/libjingle(26673): [000:279] [26724] (jvm_android.cc:73): AttachCurrentThreadIfNeeded::ctor
11-16 08:56:56.205: I/libjingle(26673): [000:279] [26724] (jvm_android.cc:262): JVM::environment
11-16 08:56:56.205: I/libjingle(26673): [000:279] [26724] (jvm_android.cc:186): JNIEnvironment::ctor
11-16 08:56:56.205: I/libjingle(26673): [000:279] [26724] (audio_record_jni.cc:96): ctor
11-16 08:56:56.205: I/libjingle(26673): [000:279] [26724] (jvm_android.cc:196): JNIEnvironment::RegisterNatives: org/webrtc/voiceengine/WebRtcAudioRecord
11-16 08:56:56.205: I/libjingle(26673): [000:279] [26724] (jvm_android.cc:135): NativeRegistration::ctor
11-16 08:56:56.205: I/libjingle(26673): [000:279] [26724] (jvm_android.cc:146): NativeRegistration::NewObject
11-16 08:56:56.205: I/WebRtcAudioRecord(26673): [000:279] [26724] WebRtcAudioRecord: ctor@[name=Thread-3, id=888]
11-16 08:56:56.205: I/WebRtcAudioEffects(26673): [000:279] [26724] WebRtcAudioEffects: ctor@[name=Thread-3, id=888]
11-16 08:56:56.205: I/libjingle(26673): [000:280] [26724] (jvm_android.cc:98): GlobalRef::ctor
11-16 08:56:56.205: I/libjingle(26673): [000:280] [26724] (audio_device_template.h:42): AudioDeviceTemplate
11-16 08:56:56.205: I/libjingle(26673): [000:280] [26724] (audio_manager.cc:93): SetActiveAudioLayer: 5
11-16 08:56:56.205: I/libjingle(26673): [000:280] [26724] (audio_manager.cc:106): delay_estimate_in_milliseconds: 150
11-16 08:56:56.205: I/libjingle(26673): [000:280] [26724] (audio_device_impl.cc:282): AttachAudioBuffer
11-16 08:56:56.205: I/libjingle(26673): [000:280] [26724] (audio_device_template.h:371): AttachAudioBuffer
11-16 08:56:56.205: I/libjingle(26673): [000:280] [26724] (audio_track_jni.cc:196): AttachAudioBuffer
11-16 08:56:56.205: I/libjingle(26673): [000:280] [26724] (audio_track_jni.cc:200): SetPlayoutSampleRate(48000)
11-16 08:56:56.205: I/libjingle(26673): [000:280] [26724] (audio_device_buffer.cc:192): SetPlayoutSampleRate(48000)
11-16 08:56:56.205: I/libjingle(26673): [000:280] [26724] (audio_track_jni.cc:203): SetPlayoutChannels(1)
11-16 08:56:56.206: I/libjingle(26673): [000:280] [26724] (audio_device_buffer.cc:216): SetPlayoutChannels(1)
11-16 08:56:56.206: I/libjingle(26673): [000:280] [26724] (audio_record_jni.cc:198): AttachAudioBuffer
11-16 08:56:56.206: I/libjingle(26673): [000:280] [26724] (audio_record_jni.cc:202): SetRecordingSampleRate(48000)
11-16 08:56:56.206: I/libjingle(26673): [000:280] [26724] (audio_device_buffer.cc:185): SetRecordingSampleRate(48000)
11-16 08:56:56.206: I/libjingle(26673): [000:280] [26724] (audio_record_jni.cc:205): SetRecordingChannels(1)
11-16 08:56:56.206: I/libjingle(26673): [000:280] [26724] (audio_device_buffer.cc:209): SetRecordingChannels(1)
11-16 08:56:56.206: I/libjingle(26673): [000:280] [26724] (audio_record_jni.cc:210): total_delay_in_milliseconds: 150
11-16 08:56:56.206: I/libjingle(26673): [000:280] [26724] (audio_device_impl.cc:302): Init
11-16 08:56:56.206: I/libjingle(26673): [000:280] [26724] (audio_device_template.h:57): Init
11-16 08:56:56.206: I/libjingle(26673): [000:280] [26724] (audio_manager.cc:152): Init
11-16 08:56:56.206: I/WebRtcAudioManager(26673): [000:280] [26724] WebRtcAudioManager: init@[name=Thread-3, id=888]
11-16 08:56:56.208: I/WebRtcAudioManager(26673): [000:282] [26724] WebRtcAudioManager: audio mode is: MODE_NORMAL
11-16 08:56:56.213: I/libjingle(26673): [000:288] [26724] (audio_track_jni.cc:101): Init
11-16 08:56:56.213: I/libjingle(26673): [000:288] [26724] (audio_record_jni.cc:124): Init
11-16 08:56:56.213: I/libjingle(26673): [000:288] [26724] (audio_device_impl.cc:643): SetPlayoutDevice(0)
11-16 08:56:56.213: I/libjingle(26673): [000:288] [26724] (audio_device_template.h:120): SetPlayoutDevice
11-16 08:56:56.213: I/libjingle(26673): [000:288] [26724] (audio_device_impl.cc:335): InitSpeaker
11-16 08:56:56.214: I/libjingle(26673): [000:288] [26724] (audio_device_template.h:219): InitSpeaker
11-16 08:56:56.214: I/libjingle(26673): [000:288] [26724] (audio_device_impl.cc:547): StereoPlayoutIsAvailable
11-16 08:56:56.214: I/libjingle(26673): [000:288] [26724] (audio_device_template.h:321): StereoPlayoutIsAvailable
11-16 08:56:56.214: I/libjingle(26673): [000:288] [26724] (audio_device_impl.cc:554): output: 0
11-16 08:56:56.214: I/libjingle(26673): [000:288] [26724] (audio_device_impl.cc:559): SetStereoPlayout(0)
11-16 08:56:56.214: I/libjingle(26673): [000:288] [26724] (audio_device_template.h:155): PlayoutIsInitialized
11-16 08:56:56.214: I/libjingle(26673): [000:288] [26724] (audio_device_template.h:327): SetStereoPlayout
11-16 08:56:56.214: I/libjingle(26673): [000:288] [26724] (audio_device_buffer.cc:216): SetPlayoutChannels(1)
11-16 08:56:56.214: I/libjingle(26673): [000:288] [26724] (audio_device_impl.cc:705): SetRecordingDevice(0)
11-16 08:56:56.214: I/libjingle(26673): [000:288] [26724] (audio_device_template.h:133): SetRecordingDevice
11-16 08:56:56.214: I/libjingle(26673): [000:288] [26724] (audio_device_impl.cc:341): InitMicrophone
11-16 08:56:56.214: I/libjingle(26673): [000:288] [26724] (audio_device_template.h:229): InitMicrophone
11-16 08:56:56.214: I/libjingle(26673): [000:288] [26724] (audio_device_impl.cc:504): StereoRecordingIsAvailable
11-16 08:56:56.214: I/libjingle(26673): [000:288] [26724] (audio_device_template.h:342): StereoRecordingIsAvailable
11-16 08:56:56.214: I/libjingle(26673): [000:288] [26724] (audio_device_impl.cc:511): output: 0
11-16 08:56:56.214: I/libjingle(26673): [000:288] [26724] (audio_device_impl.cc:516): SetStereoRecording(0)
11-16 08:56:56.214: I/libjingle(26673): [000:288] [26724] (audio_device_template.h:171): RecordingIsInitialized
11-16 08:56:56.214: I/libjingle(26673): [000:288] [26724] (audio_device_template.h:348): SetStereoRecording
11-16 08:56:56.214: I/libjingle(26673): [000:288] [26724] (audio_device_buffer.cc:209): SetRecordingChannels(1)
11-16 08:56:56.214: I/libjingle(26673): [000:288] [26724] (audio_processing_impl.cc:441): Capture post processor activated: 0
11-16 08:56:56.214: I/libjingle(26673): Render pre processor activated: 0
11-16 08:56:56.215: I/libjingle(26673): [000:289] [26724] (audio_processing_impl.cc:704): Highpass filter activated: 0
11-16 08:56:56.215: I/libjingle(26673): [000:289] [26724] (audio_processing_impl.cc:717): Gain Controller 2 activated: 0
11-16 08:56:56.215: I/libjingle(26673): [000:289] [26724] (audio_device_impl.cc:818): RegisterAudioCallback
11-16 08:56:56.215: I/libjingle(26673): [000:289] [26724] (audio_device_buffer.cc:83): RegisterAudioCallback
11-16 08:56:56.215: I/libjingle(26673): [000:289] [26724] (webrtcvoiceengine.cc:323): WebRtcVoiceEngine::ApplyOptions: AudioOptions {aec: true, agc: true, ns: true, hf: true, swap: false, audio_jitter_buffer_max_packets: 50, audio_jitter_buffer_fast_accelerate: false, typing: true, experimental_agc: false, extended_filter_aec: false, delay_agnostic_aec: false, experimental_ns: false, intelligibility_enhancer: false, residual_echo_detector: true, }
11-16 08:56:56.215: I/libjingle(26673): [000:289] [26724] (webrtcvoiceengine.cc:401): Disable AGC according to field trial.
11-16 08:56:56.215: I/libjingle(26673): [000:289] [26724] (audio_device_impl.cc:834): BuiltInAECIsAvailable
11-16 08:56:56.215: I/libjingle(26673): [000:289] [26724] (audio_device_template.h:389): BuiltInAECIsAvailable
11-16 08:56:56.215: I/libjingle(26673): [000:289] [26724] (audio_device_impl.cc:837): output: 1
11-16 08:56:56.215: I/libjingle(26673): [000:289] [26724] (audio_device_impl.cc:842): EnableBuiltInAEC(1)
11-16 08:56:56.215: I/libjingle(26673): [000:289] [26724] (audio_device_template.h:395): EnableBuiltInAEC(1)
11-16 08:56:56.215: I/libjingle(26673): [000:289] [26724] (audio_device_template.h:389): BuiltInAECIsAvailable
11-16 08:56:56.215: I/libjingle(26673): [000:289] [26724] (audio_record_jni.cc:215): EnableBuiltInAEC(1)
11-16 08:56:56.215: I/WebRtcAudioRecord(26673): [000:290] [26724] WebRtcAudioRecord: enableBuiltInAEC(true)
11-16 08:56:56.215: I/WebRtcAudioEffects(26673): [000:290] [26724] WebRtcAudioEffects: setAEC(true)
11-16 08:56:56.215: I/WebRtcAudioEffects(26673): [000:290] [26724] WebRtcAudioEffects: canUseAcousticEchoCanceler: true
11-16 08:56:56.216: I/libjingle(26673): [000:290] [26724] (audio_device_impl.cc:845): output: 0
11-16 08:56:56.216: I/libjingle(26673): [000:290] [26724] (webrtcvoiceengine.cc:434): Disabling EC since built-in EC will be used instead
11-16 08:56:56.216: I/libjingle(26673): [000:290] [26724] (apm_helpers.cc:118): Echo control set to 0 with mode 1
11-16 08:56:56.216: I/libjingle(26673): [000:290] [26724] (apm_helpers.cc:139): CNG set to 0
11-16 08:56:56.216: I/libjingle(26673): [000:290] [26724] (audio_device_impl.cc:850): BuiltInAGCIsAvailable
11-16 08:56:56.216: I/libjingle(26673): [000:290] [26724] (audio_device_template.h:405): BuiltInAGCIsAvailable
11-16 08:56:56.216: I/libjingle(26673): [000:290] [26724] (audio_device_impl.cc:853): output: 0
11-16 08:56:56.216: I/libjingle(26673): [000:290] [26724] (apm_helpers.cc:82): AGC set to 0 with mode 2
11-16 08:56:56.216: I/libjingle(26673): [000:290] [26724] (audio_device_impl.cc:866): BuiltInNSIsAvailable
11-16 08:56:56.216: I/libjingle(26673): [000:290] [26724] (audio_device_template.h:421): BuiltInNSIsAvailable
11-16 08:56:56.216: I/libjingle(26673): [000:290] [26724] (audio_device_impl.cc:869): output: 1
11-16 08:56:56.216: I/libjingle(26673): [000:290] [26724] (audio_device_impl.cc:874): EnableBuiltInNS(1)
11-16 08:56:56.216: I/libjingle(26673): [000:290] [26724] (audio_device_template.h:427): EnableBuiltInNS(1)
11-16 08:56:56.216: I/libjingle(26673): [000:290] [26724] (audio_device_template.h:421): BuiltInNSIsAvailable
11-16 08:56:56.216: I/libjingle(26673): [000:290] [26724] (audio_record_jni.cc:227): EnableBuiltInNS(1)
11-16 08:56:56.216: I/WebRtcAudioRecord(26673): [000:290] [26724] WebRtcAudioRecord: enableBuiltInNS(true)
11-16 08:56:56.216: I/WebRtcAudioEffects(26673): [000:290] [26724] WebRtcAudioEffects: setNS(true)
11-16 08:56:56.216: I/WebRtcAudioEffects(26673): [000:291] [26724] WebRtcAudioEffects: canUseNoiseSuppressor: true
11-16 08:56:56.216: I/libjingle(26673): [000:291] [26724] (audio_device_impl.cc:877): output: 0
11-16 08:56:56.216: I/libjingle(26673): [000:291] [26724] (webrtcvoiceengine.cc:498): Disabling NS since built-in NS will be used instead
11-16 08:56:56.216: I/libjingle(26673): [000:291] [26724] (apm_helpers.cc:153): NS set to 0
11-16 08:56:56.216: I/libjingle(26673): [000:291] [26724] (webrtcvoiceengine.cc:506): Stereo swapping enabled? 0
11-16 08:56:56.216: I/libjingle(26673): [000:291] [26724] (webrtcvoiceengine.cc:511): NetEq capacity is 50
11-16 08:56:56.216: I/libjingle(26673): [000:291] [26724] (webrtcvoiceengine.cc:517): NetEq fast mode? 0
11-16 08:56:56.216: I/libjingle(26673): [000:291] [26724] (webrtcvoiceengine.cc:524): Typing detection is enabled? 0
11-16 08:56:56.216: I/libjingle(26673): [000:291] [26724] (apm_helpers.cc:167): VAD set to 0 for typing detection.
11-16 08:56:56.216: I/libjingle(26673): [000:291] [26724] (webrtcvoiceengine.cc:535): Delay agnostic aec is enabled? 0
11-16 08:56:56.216: I/libjingle(26673): [000:291] [26724] (webrtcvoiceengine.cc:545): Extended filter aec is enabled? 0
11-16 08:56:56.216: I/libjingle(26673): [000:291] [26724] (webrtcvoiceengine.cc:555): Experimental ns is enabled? 0
11-16 08:56:56.216: I/libjingle(26673): [000:291] [26724] (webrtcvoiceengine.cc:561): Intelligibility Enhancer is enabled? 0
11-16 08:56:56.216: I/libjingle(26673): [000:291] [26724] (audio_processing_impl.cc:704): Highpass filter activated: 1
11-16 08:56:56.217: I/libjingle(26673): [000:291] [26724] (audio_processing_impl.cc:717): Gain Controller 2 activated: 0
11-16 08:56:56.217: I/libjingle(26673): [000:291] [26725] (messagequeue.cc:535): Message took 83ms to dispatch. Posted from: CreateModularPeerConnectionFactory@third_party/webrtc/files/stable/webrtc/pc/peerconnectionfactory.cc:80
11-16 08:56:56.217: I/libjingle(26673): [000:291] [26702] (ownedfactoryandthreads.cc:31): InvokeJavaCallbacksOnFactoryThreads.
11-16 08:56:56.217: I/libjingle(26673): [000:291] [26723] (peerconnectionfactory.cc:91): Network thread JavaCallback
11-16 08:56:56.218: I/PeerConnectionFactory(26673): [000:292] [26723] PeerConnectionFactory: onNetworkThreadReady
11-16 08:56:56.218: I/libjingle(26673): [000:292] [26724] (peerconnectionfactory.cc:97): Worker thread JavaCallback
11-16 08:56:56.218: I/PeerConnectionFactory(26673): [000:292] [26724] PeerConnectionFactory: onWorkerThreadReady
11-16 08:56:56.218: I/libjingle(26673): [000:292] [26725] (peerconnectionfactory.cc:103): Signaling thread JavaCallback
11-16 08:56:56.218: I/PeerConnectionFactory(26673): [000:293] [26725] PeerConnectionFactory: onSignalingThreadReady
11-16 08:56:56.219: I/WebRtcAudioTrack(26673): [000:293] [26702] WebRtcAudioTrack: Set extended error callback
11-16 08:56:56.219: I/WebRtcAudioRecord(26673): [000:293] [26702] WebRtcAudioRecord: Set error callback
11-16 08:56:56.262: D/QSEECOMAPI(26649): QSEECom_get_handle sb_length = 0x400
11-16 08:56:56.263: D/QSEECOMAPI(26649): App is already loaded QSEE and app id = 1
11-16 08:56:56.263: I/Superpacks(26727): Releasing all superpacks except ambientmusic-index-17_09_02
11-16 08:56:56.265: E/fpc_tac(26649): qsee_km_get_encapsulated_key KEYMASTER_GET_AUTH_TOKEN_KEY returned status=-24
11-16 08:56:56.265: D/QSEECOMAPI(26649): QSEECom_dealloc_memory 
11-16 08:56:56.265: D/QSEECOMAPI(26649): QSEECom_shutdown_app, app_id = 1
11-16 08:56:56.265: E/fpc_fingerprint_hal(26649): fpc_hal_open failed
11-16 08:56:56.267: I/EventHub(1186): Removing device uinput-fpc due to epoll hang-up event.
11-16 08:56:56.267: I/EventHub(1186): Removed device: path=/dev/input/event3 name=uinput-fpc id=844 fd=331 classes=0x101
11-16 08:56:56.267: W/EventHub(1186): built-in keyboard device /dev/input/event3 (id=844) is closing! the apps will not like this
11-16 08:56:56.267: I/EventHub(1186): Removing device '/dev/input/event3' due to inotify event
11-16 08:56:56.267: W/InputReader(1186): Ignoring spurious device removed event for deviceId 844.
11-16 08:56:56.274: I/SoundTriggerModelLoader(26727): Unloading model 9f6ad62a-1f0b-11e7-87c5-40a8f03d3f15
11-16 08:56:56.274: V/BackupManagerConstants(1186): getFullBackupRequiredNetworkType(...) returns 2
11-16 08:56:56.274: V/BackupManagerConstants(1186): getFullBackupRequireCharging(...) returns true
11-16 08:56:56.276: I/SoundTriggerManagerComp(26727): Unloading model 9f6ad62a-1f0b-11e7-87c5-40a8f03d3f15
11-16 08:56:56.278: I/SoundTriggerService(1186): deleteSoundModel(): id = 9f6ad62a-1f0b-11e7-87c5-40a8f03d3f15
11-16 08:56:56.278: W/SoundTriggerHelper(1186): Unload error: Attempting unload invalid generic model with id:9f6ad62a-1f0b-11e7-87c5-40a8f03d3f15
11-16 08:56:56.285: D/QSEECOMAPI(26649): QSEECom_dealloc_memory 
11-16 08:56:56.285: D/QSEECOMAPI(26649): QSEECom_shutdown_app, app_id = 844
11-16 08:56:56.298: I/SettingsActivityAvailab(26600): Disabling com.google.android.apps.multidevice.client.ui.pixel.SettingsActivity.
11-16 08:56:56.300: D/GservicesChangeReceiver(6244): Gservices Changed broadcast Received. context is android.app.ReceiverRestrictedContext@1b6f333
11-16 08:56:56.300: I/Superpacks(26727): Starting garbage collection
11-16 08:56:56.301: W/Superpacks(26727): isDirectory returned false while listing files for /data/user/0/com.google.intelligence.sense/files/superpacks
11-16 08:56:56.304: D/GservicesChangeReceiver(6244): Gservices allowPowerAnomalyData is False.
11-16 08:56:56.304: E/GooglePlayServicesUtil(26580): The Google Play services resources were not found. Check your project configuration to ensure that the resources are included.
11-16 08:56:56.305: D/ConnectivityMonitorManager(6244): Service com.google.android.connectivitymonitor.PowerAnomalyDetectorService is not running...
11-16 08:56:56.314: D/GservicesChangeReceiver(6244): Gservices allowLowPowerMonitoring is False.
11-16 08:56:56.315: D/ConnectivityMonitorManager(6244): Service com.google.android.connectivitymonitor.LowPowerMonitorService is not running...
11-16 08:56:56.333: D/ConnMetrics:App(26580): IsOptedIn = false
11-16 08:56:56.349: D/GservicesChangeReceiver(6244): Gservices isConnectivityMonitorEnabled is True.
11-16 08:56:56.351: D/ConnectivityMonitorManager(6244): Service com.google.android.connectivitymonitor.ConnectivityMonitorService is running...
11-16 08:56:56.355: I/EuiccGoogle(26621): [2] GservicesChangedReceiver.onReceive: Setting EUICC_SUPPORTED_COUNTRIES to de,gb,in,us
11-16 08:56:56.365: I/Backup(13389): [GmsBackupStatusChangeReceiver] Going to enable gms backup transport.
11-16 08:56:56.379: I/GmsModuleFndr(13389): Beginning GMS chimera module scan
11-16 08:56:56.388: I/Herrevad(11203): [975] zcq.a: updateListenState
11-16 08:56:56.389: I/NetRec(11203): [976] aiad.a: onConfigChanged()
11-16 08:56:56.395: I/BgTaskExecutorImpl(10050): Starting NONEXCLUSIVE background task UPDATE_GSERVICES_CONFIG.
11-16 08:56:56.396: I/Auth(11203): [AuthManaged, PasswordComplexityHelperImpl] Updating password complexity components state.
11-16 08:56:56.397: I/Auth(11203): [AuthManaged, PasswordComplexityHelperImpl] Enabling com.google.android.gms.auth.managed.ui.SetNewPasswordActivity
11-16 08:56:56.399: I/NetRec(11203): [976] aiad.a: Cancelling all NetRec GCM tasks
11-16 08:56:56.402: W/SearchServiceCore(10050): Abort, client detached.
11-16 08:56:56.403: I/NetRec(11203): [976] ClearDatabaseService.onHandleIntent: Clearing score cache
11-16 08:56:56.404: I/GservicesUpdateTask(10050): Updating Gservices keys
11-16 08:56:56.406: I/ModuleSetMgr(13389): Computing pending module set with APKs: [[AdsFdrDynamite.integ:213806100100000], [Enpromo.integ:214106000100000], [Pay.optional:213614100000], [VisionOcr.optional:213614100400], [AdsFdrDynamite.integ:212104400100000], [Cronetdynamite:213614100400], [Dynamiteloader:213614100000], [Dynamitemodulesa:213614100000], [Dynamitemodulesc:213614100000], [Googlecertificates:213614100000], [Mapsdynamite:213614100000], [Measurementdynamite:213614100000]]
11-16 08:56:56.419: I/ModuleSetMgr(13389): Pending container module APKs: [[Pay.optional:213614100000], [VisionOcr.optional:213614100400]]
11-16 08:56:56.419: I/ModuleSetMgr(13389): Pending non-container module APKs: [[Enpromo.integ:214106000100000], [AdsFdrDynamite.integ:213806100100000]]
