11-16 08:57:12.034: I/Fitness(11203): OnPackageChangedOperation got intent: Intent { act=android.intent.action.PACKAGE_CHANGED dat=package:com.google.android.gms flg=0x45000010 pkg=com.google.android.gms cmp=com.google.android.gms/.chimera.PersistentIntentOperationService (has extras) } [CONTEXT service_id=17 ]
11-16 08:57:12.037: D/RegisteredNfcFServicesCache(4156): Service unchanged, not updating
11-16 08:57:12.041: D/android.hardware.power@1.3-service.crosshatch-libperfmgr(782): LAUNCH OFF
11-16 08:57:12.045: E/PhoneInterfaceManager(3801): [PhoneIntfMgr] getCarrierPackageNamesForIntent: No UICC
11-16 08:57:12.045: D/CarrierSvcBindHelper(3801): No carrier app for: 0
11-16 08:57:12.045: D/ImsResolver(3801): maybeAddedImsService, packageName: com.google.android.gms
11-16 08:57:12.050: I/Telecom(1186): DefaultDialerCache: Refreshing default dialer for user 0: now com.google.android.dialer: DDC.oR@AKw
11-16 08:57:12.051: D/ImsResolver(3801): maybeAddedImsService, packageName: com.google.android.calendar
11-16 08:57:12.051: W/SurfaceFlinger(642): Attempting to set client state on removed layer: Splash Screen androidx.activity.test#0
11-16 08:57:12.051: W/SurfaceFlinger(642): Attempting to destroy on removed layer: Splash Screen androidx.activity.test#0
11-16 08:57:12.062: D/LifecycleMonitor(28112): Lifecycle status change: androidx.test.core.app.InstrumentationActivityInvoker$BootstrapActivity@7401c4e in: STOPPED
11-16 08:57:12.062: V/ActivityScenario(28112): Activity lifecycle changed event received but ignored because the intent does not match. startActivityIntent=Intent { act=android.intent.action.MAIN cat=[android.intent.category.LAUNCHER] cmp=androidx.activity.test/androidx.activity.LifecycleComponentActivity }, activity.getIntent()=Intent { act=android.intent.action.MAIN cat=[android.intent.category.LAUNCHER] flg=0x10008000 cmp=androidx.activity.test/androidx.test.core.app.InstrumentationActivityInvoker$BootstrapActivity (has extras) }, activity=androidx.test.core.app.InstrumentationActivityInvoker$BootstrapActivity@7401c4e
11-16 08:57:12.067: I/Icing(13389): IndexChimeraService.getServiceInterface callingPackage=com.google.android.googlequicksearchbox componentName=agsa_icing_connection serviceId=32
11-16 08:57:12.071: I/Icing(13389): IndexChimeraService.getServiceInterface callingPackage=com.google.android.googlequicksearchbox componentName=agsa_icing_connection serviceId=33
11-16 08:57:12.085: I/ActivityManager(1186): START u0 {act=android.intent.action.MAIN cat=[android.intent.category.LAUNCHER] flg=0x10000000 cmp=androidx.activity.test/androidx.test.core.app.InstrumentationActivityInvoker$EmptyActivity} from uid 10172
11-16 08:57:12.088: D/android.hardware.power@1.3-service.crosshatch-libperfmgr(782): LAUNCH ON
11-16 08:57:12.091: W/ChimeraUtils(11203): Module com.google.android.gms.nearby_en has empty metadata display_name_string_id
11-16 08:57:12.092: W/ChimeraUtils(11203): Module com.google.android.gms.nearby_en has empty metadata display_name_string_id
11-16 08:57:12.092: D/LifecycleMonitor(28112): Lifecycle status change: androidx.activity.LifecycleComponentActivity@7a05a80 in: PAUSED
11-16 08:57:12.092: V/ActivityScenario(28112): Update currentActivityStage to PAUSED, currentActivity=androidx.activity.LifecycleComponentActivity@7a05a80
11-16 08:57:12.099: W/ActivityThread(28112): handleWindowVisibility: no activity for token android.os.BinderProxy@72c656b
11-16 08:57:12.106: D/LifecycleMonitor(28112): Lifecycle status change: androidx.test.core.app.InstrumentationActivityInvoker$EmptyActivity@9217086 in: PRE_ON_CREATE
11-16 08:57:12.106: V/ActivityScenario(28112): Activity lifecycle changed event received but ignored because the intent does not match. startActivityIntent=Intent { act=android.intent.action.MAIN cat=[android.intent.category.LAUNCHER] cmp=androidx.activity.test/androidx.activity.LifecycleComponentActivity }, activity.getIntent()=Intent { act=android.intent.action.MAIN cat=[android.intent.category.LAUNCHER] flg=0x10000000 cmp=androidx.activity.test/androidx.test.core.app.InstrumentationActivityInvoker$EmptyActivity }, activity=androidx.test.core.app.InstrumentationActivityInvoker$EmptyActivity@9217086
11-16 08:57:12.113: I/dex2oat(28496): The ClassLoaderContext is a special shared library.
11-16 08:57:12.114: D/LifecycleMonitor(28112): Lifecycle status change: androidx.test.core.app.InstrumentationActivityInvoker$EmptyActivity@9217086 in: CREATED
11-16 08:57:12.115: V/ActivityScenario(28112): Activity lifecycle changed event received but ignored because the intent does not match. startActivityIntent=Intent { act=android.intent.action.MAIN cat=[android.intent.category.LAUNCHER] cmp=androidx.activity.test/androidx.activity.LifecycleComponentActivity }, activity.getIntent()=Intent { act=android.intent.action.MAIN cat=[android.intent.category.LAUNCHER] flg=0x10000000 cmp=androidx.activity.test/androidx.test.core.app.InstrumentationActivityInvoker$EmptyActivity }, activity=androidx.test.core.app.InstrumentationActivityInvoker$EmptyActivity@9217086
11-16 08:57:12.122: I/dex2oat(28496): /system/bin/dex2oat --dex-file=/data/user/0/com.google.android.googlequicksearchbox/files/velour/verified_jars/Jkk1AICSm8V3ZDlxbl8SBoQ_1.jar --output-vdex-fd=87 --oat-fd=90 --oat-location=/data/user/0/com.google.android.googlequicksearchbox/files/velour/verified_jars/oat/arm64/Jkk1AICSm8V3ZDlxbl8SBoQ_1.odex --compiler-filter=quicken --class-loader-context=&
11-16 08:57:12.123: W/SearchServiceCore(10050): Abort, client detached.
11-16 08:57:12.123: I/chatty(10050): uid=10047 com.google.android.googlequicksearchbox:search identical 4 lines
11-16 08:57:12.123: W/SearchServiceCore(10050): Abort, client detached.
11-16 08:57:12.123: I/Fitness(11203): FitCleanupIntentOperation received Intent android.intent.action.PACKAGE_CHANGED [CONTEXT service_id=17 ]
11-16 08:57:12.124: D/LifecycleMonitor(28112): Lifecycle status change: androidx.test.core.app.InstrumentationActivityInvoker$EmptyActivity@9217086 in: STARTED
11-16 08:57:12.124: V/ActivityScenario(28112): Activity lifecycle changed event received but ignored because the intent does not match. startActivityIntent=Intent { act=android.intent.action.MAIN cat=[android.intent.category.LAUNCHER] cmp=androidx.activity.test/androidx.activity.LifecycleComponentActivity }, activity.getIntent()=Intent { act=android.intent.action.MAIN cat=[android.intent.category.LAUNCHER] flg=0x10000000 cmp=androidx.activity.test/androidx.test.core.app.InstrumentationActivityInvoker$EmptyActivity }, activity=androidx.test.core.app.InstrumentationActivityInvoker$EmptyActivity@9217086
11-16 08:57:12.124: W/SearchServiceCore(10050): Abort, client detached.
11-16 08:57:12.125: I/chatty(10050): uid=10047 com.google.android.googlequicksearchbox:search identical 3 lines
11-16 08:57:12.125: W/SearchServiceCore(10050): Abort, client detached.
11-16 08:57:12.125: I/Fitness(11203): OnPackageChangedOperation got intent: Intent { act=android.intent.action.PACKAGE_CHANGED dat=package:com.google.android.calendar flg=0x45000010 pkg=com.google.android.gms cmp=com.google.android.gms/.chimera.PersistentIntentOperationService (has extras) } [CONTEXT service_id=17 ]
11-16 08:57:12.127: D/LifecycleMonitor(28112): Lifecycle status change: androidx.test.core.app.InstrumentationActivityInvoker$EmptyActivity@9217086 in: RESUMED
11-16 08:57:12.128: V/ActivityScenario(28112): Activity lifecycle changed event received but ignored because the intent does not match. startActivityIntent=Intent { act=android.intent.action.MAIN cat=[android.intent.category.LAUNCHER] cmp=androidx.activity.test/androidx.activity.LifecycleComponentActivity }, activity.getIntent()=Intent { act=android.intent.action.MAIN cat=[android.intent.category.LAUNCHER] flg=0x10000000 cmp=androidx.activity.test/androidx.test.core.app.InstrumentationActivityInvoker$EmptyActivity }, activity=androidx.test.core.app.InstrumentationActivityInvoker$EmptyActivity@9217086
11-16 08:57:12.130: I/Telecom(1186): DefaultDialerCache: Refreshing default dialer for user 0: now com.google.android.dialer: DDC.oR@AK0
11-16 08:57:12.131: I/Fitness(11203): FitCleanupIntentOperation received Intent android.intent.action.PACKAGE_CHANGED [CONTEXT service_id=17 ]
11-16 08:57:12.146: D/BoundBrokerSvc(13389): onUnbind: Intent { act=com.google.android.gms.ocr.service.internal.START cmp=com.google.android.gms/.chimera.GmsInternalApiService }
11-16 08:57:12.151: W/GmsClient(10050): mServiceBroker is null, client disconnected
11-16 08:57:12.152: W/SearchServiceCore(10050): Abort, client detached.
11-16 08:57:12.153: I/chatty(10050): uid=10047 com.google.android.googlequicksearchbox:search identical 5 lines
11-16 08:57:12.153: W/SearchServiceCore(10050): Abort, client detached.
11-16 08:57:12.160: I/GoogleInputMethod(3656): onFinishInput() : Dummy InputConnection bound
11-16 08:57:12.160: I/GoogleInputMethod(3656): onStartInput() : Dummy InputConnection bound
11-16 08:57:12.161: I/ActivityManager(1186): START u0 {act=android.intent.action.MAIN cat=[android.intent.category.LAUNCHER] flg=0x10000000 cmp=androidx.activity.test/androidx.test.core.app.InstrumentationActivityInvoker$EmptyActivity} from uid 10172
11-16 08:57:12.164: D/android.hardware.power@1.3-service.crosshatch-libperfmgr(782): LAUNCH ON
11-16 08:57:12.169: W/ChimeraUtils(11203): Module com.google.android.gms.nearby_en has empty metadata display_name_string_id
11-16 08:57:12.166: D/DownloadManager(28468): [83] Starting
11-16 08:57:12.190: D/LifecycleMonitor(28112): Lifecycle status change: androidx.test.core.app.InstrumentationActivityInvoker$EmptyActivity@9217086 in: PAUSED
11-16 08:57:12.190: V/ActivityScenario(28112): Activity lifecycle changed event received but ignored because the intent does not match. startActivityIntent=Intent { act=android.intent.action.MAIN cat=[android.intent.category.LAUNCHER] cmp=androidx.activity.test/androidx.activity.LifecycleComponentActivity }, activity.getIntent()=Intent { act=android.intent.action.MAIN cat=[android.intent.category.LAUNCHER] flg=0x10000000 cmp=androidx.activity.test/androidx.test.core.app.InstrumentationActivityInvoker$EmptyActivity }, activity=androidx.test.core.app.InstrumentationActivityInvoker$EmptyActivity@9217086
11-16 08:57:12.199: D/NetworkSecurityConfig(28468): Using Network Security Config from resource network_security_config debugBuild: false
11-16 08:57:12.201: D/NetworkSecurityConfig(28468): Using Network Security Config from resource network_security_config debugBuild: false
11-16 08:57:12.204: D/NetworkSecurityConfig(28468): No Network Security Config specified, using platform default
11-16 08:57:12.208: I/FontLog(11203): Received query Google Sans, URI content://com.google.android.gms.fonts [CONTEXT service_id=132 ]
11-16 08:57:12.210: D/LeakCanary(28112): Watching instance of androidx.test.core.app.InstrumentationActivityInvoker$BootstrapActivity (androidx.test.core.app.InstrumentationActivityInvoker$BootstrapActivity received Activity#onDestroy() callback) with key ac26c7b9-1168-477e-9163-a814b56cd25c
11-16 08:57:12.211: D/LifecycleMonitor(28112): Lifecycle status change: androidx.test.core.app.InstrumentationActivityInvoker$BootstrapActivity@7401c4e in: DESTROYED
11-16 08:57:12.211: V/ActivityScenario(28112): Activity lifecycle changed event received but ignored because the intent does not match. startActivityIntent=Intent { act=android.intent.action.MAIN cat=[android.intent.category.LAUNCHER] cmp=androidx.activity.test/androidx.activity.LifecycleComponentActivity }, activity.getIntent()=Intent { act=android.intent.action.MAIN cat=[android.intent.category.LAUNCHER] flg=0x10008000 cmp=androidx.activity.test/androidx.test.core.app.InstrumentationActivityInvoker$BootstrapActivity (has extras) }, activity=androidx.test.core.app.InstrumentationActivityInvoker$BootstrapActivity@7401c4e
11-16 08:57:12.212: W/ActivityThread(28112): handleWindowVisibility: no activity for token android.os.BinderProxy@9200a5e
11-16 08:57:12.218: I/FontLog(11203): Query [Google Sans] resolved to {Google Sans, wdth 100.0, wght 400, ital 0.0, bestEffort false} [CONTEXT service_id=132 ]
11-16 08:57:12.221: D/BoundBrokerSvc(13389): onBind: Intent { act=com.google.android.gms.measurement.START pkg=com.google.android.gms }
11-16 08:57:12.221: D/BoundBrokerSvc(13389): Loading bound service for intent: Intent { act=com.google.android.gms.measurement.START pkg=com.google.android.gms }
11-16 08:57:12.223: D/LifecycleMonitor(28112): Lifecycle status change: androidx.test.core.app.InstrumentationActivityInvoker$EmptyActivity@3b8e30c in: PRE_ON_CREATE
11-16 08:57:12.223: V/ActivityScenario(28112): Activity lifecycle changed event received but ignored because the intent does not match. startActivityIntent=Intent { act=android.intent.action.MAIN cat=[android.intent.category.LAUNCHER] cmp=androidx.activity.test/androidx.activity.LifecycleComponentActivity }, activity.getIntent()=Intent { act=android.intent.action.MAIN cat=[android.intent.category.LAUNCHER] flg=0x10000000 cmp=androidx.activity.test/androidx.test.core.app.InstrumentationActivityInvoker$EmptyActivity }, activity=androidx.test.core.app.InstrumentationActivityInvoker$EmptyActivity@3b8e30c
11-16 08:57:12.227: I/FontLog(11203): Font PFD returned from cache for {Google Sans, wdth 100.0, wght 400, ital 0.0, bestEffort false} [CONTEXT service_id=132 ]
11-16 08:57:12.227: I/FontLog(11203): Fetch {Google Sans, wdth 100.0, wght 400, ital 0.0, bestEffort false} end status Status{statusCode=SUCCESS, resolution=null} [CONTEXT service_id=132 ]
11-16 08:57:12.230: D/LifecycleMonitor(28112): Lifecycle status change: androidx.test.core.app.InstrumentationActivityInvoker$EmptyActivity@3b8e30c in: CREATED
11-16 08:57:12.231: V/ActivityScenario(28112): Activity lifecycle changed event received but ignored because the intent does not match. startActivityIntent=Intent { act=android.intent.action.MAIN cat=[android.intent.category.LAUNCHER] cmp=androidx.activity.test/androidx.activity.LifecycleComponentActivity }, activity.getIntent()=Intent { act=android.intent.action.MAIN cat=[android.intent.category.LAUNCHER] flg=0x10000000 cmp=androidx.activity.test/androidx.test.core.app.InstrumentationActivityInvoker$EmptyActivity }, activity=androidx.test.core.app.InstrumentationActivityInvoker$EmptyActivity@3b8e30c
11-16 08:57:12.233: D/LifecycleMonitor(28112): Lifecycle status change: androidx.test.core.app.InstrumentationActivityInvoker$EmptyActivity@3b8e30c in: STARTED
11-16 08:57:12.233: V/ActivityScenario(28112): Activity lifecycle changed event received but ignored because the intent does not match. startActivityIntent=Intent { act=android.intent.action.MAIN cat=[android.intent.category.LAUNCHER] cmp=androidx.activity.test/androidx.activity.LifecycleComponentActivity }, activity.getIntent()=Intent { act=android.intent.action.MAIN cat=[android.intent.category.LAUNCHER] flg=0x10000000 cmp=androidx.activity.test/androidx.test.core.app.InstrumentationActivityInvoker$EmptyActivity }, activity=androidx.test.core.app.InstrumentationActivityInvoker$EmptyActivity@3b8e30c
11-16 08:57:12.233: I/FontLog(11203): Pulling font file for id = 6, cache size = 5 [CONTEXT service_id=132 ]
11-16 08:57:12.234: D/LifecycleMonitor(28112): Lifecycle status change: androidx.test.core.app.InstrumentationActivityInvoker$EmptyActivity@3b8e30c in: RESUMED
11-16 08:57:12.235: V/ActivityScenario(28112): Activity lifecycle changed event received but ignored because the intent does not match. startActivityIntent=Intent { act=android.intent.action.MAIN cat=[android.intent.category.LAUNCHER] cmp=androidx.activity.test/androidx.activity.LifecycleComponentActivity }, activity.getIntent()=Intent { act=android.intent.action.MAIN cat=[android.intent.category.LAUNCHER] flg=0x10000000 cmp=androidx.activity.test/androidx.test.core.app.InstrumentationActivityInvoker$EmptyActivity }, activity=androidx.test.core.app.InstrumentationActivityInvoker$EmptyActivity@3b8e30c
11-16 08:57:12.235: I/dex2oat(28496): dex2oat took 124.335ms (59.849ms cpu) (threads: 8) arena alloc=12KB (12376B) java alloc=16KB (16400B) native alloc=838KB (858800B) free=2MB (2286928B)
11-16 08:57:12.241: I/FontLog(11203): Received query Google Sans:500, URI content://com.google.android.gms.fonts [CONTEXT service_id=132 ]
11-16 08:57:12.242: I/FontLog(11203): Query [Google Sans:500] resolved to {Google Sans, wdth 100.0, wght 500, ital 0.0, bestEffort false} [CONTEXT service_id=132 ]
11-16 08:57:12.247: I/FontLog(11203): Font PFD returned from cache for {Google Sans, wdth 100.0, wght 500, ital 0.0, bestEffort false} [CONTEXT service_id=132 ]
11-16 08:57:12.247: I/FontLog(11203): Fetch {Google Sans, wdth 100.0, wght 500, ital 0.0, bestEffort false} end status Status{statusCode=SUCCESS, resolution=null} [CONTEXT service_id=132 ]
11-16 08:57:12.248: D/SurfaceFlinger(642): duplicate layer name: changing androidx.activity.test/androidx.test.core.app.InstrumentationActivityInvoker$EmptyActivity to androidx.activity.test/androidx.test.core.app.InstrumentationActivityInvoker$EmptyActivity#1
11-16 08:57:12.249: W/earchbox:searc(10050): Skipping duplicate class check due to unsupported classloader
11-16 08:57:12.252: I/FontLog(11203): Pulling font file for id = 7, cache size = 6 [CONTEXT service_id=132 ]
11-16 08:57:12.255: W/ActivityManager(1186): Duplicate finish request for ActivityRecord{9ff27b7 u0 androidx.activity.test/androidx.activity.LifecycleComponentActivity t6 f}
11-16 08:57:12.257: I/GoogleInputMethod(3656): onFinishInput() : Dummy InputConnection bound
11-16 08:57:12.257: I/GoogleInputMethod(3656): onStartInput() : Dummy InputConnection bound
11-16 08:57:12.261: I/FontLog(11203): Received query Google Sans Display, URI content://com.google.android.gms.fonts [CONTEXT service_id=132 ]
11-16 08:57:12.262: I/FontLog(11203): Query [Google Sans Display] resolved to {Google Sans Display, wdth 100.0, wght 400, ital 0.0, bestEffort false} [CONTEXT service_id=132 ]
11-16 08:57:12.263: I/FontLog(11203): Font PFD returned from cache for {Google Sans Display, wdth 100.0, wght 400, ital 0.0, bestEffort false} [CONTEXT service_id=132 ]
11-16 08:57:12.263: I/FontLog(11203): Fetch {Google Sans Display, wdth 100.0, wght 400, ital 0.0, bestEffort false} end status Status{statusCode=SUCCESS, resolution=null} [CONTEXT service_id=132 ]
11-16 08:57:12.265: W/earchbox:searc(10050): Unsupported class loader
11-16 08:57:12.272: D/LeakCanary(28112): Setting up flushing for Thread[LeakCanary-Heap-Dump,5,main]
11-16 08:57:12.273: D/LeakCanary(28112): Setting up flushing for Thread[InstrumentationConnectionThread,5,main]
11-16 08:57:12.273: D/LeakCanary(28112): Setting up flushing for Thread[queued-work-looper,5,main]
11-16 08:57:12.275: D/LifecycleMonitor(28112): Lifecycle status change: androidx.test.core.app.InstrumentationActivityInvoker$EmptyActivity@9217086 in: STOPPED
11-16 08:57:12.276: V/ActivityScenario(28112): Activity lifecycle changed event received but ignored because the intent does not match. startActivityIntent=Intent { act=android.intent.action.MAIN cat=[android.intent.category.LAUNCHER] cmp=androidx.activity.test/androidx.activity.LifecycleComponentActivity }, activity.getIntent()=Intent { act=android.intent.action.MAIN cat=[android.intent.category.LAUNCHER] flg=0x10000000 cmp=androidx.activity.test/androidx.test.core.app.InstrumentationActivityInvoker$EmptyActivity }, activity=androidx.test.core.app.InstrumentationActivityInvoker$EmptyActivity@9217086
11-16 08:57:12.278: I/FontLog(11203): Pulling font file for id = 8, cache size = 7 [CONTEXT service_id=132 ]
11-16 08:57:12.278: D/LeakCanary(28112): Watching instance of androidx.test.core.app.InstrumentationActivityInvoker$EmptyActivity (androidx.test.core.app.InstrumentationActivityInvoker$EmptyActivity received Activity#onDestroy() callback) with key d9129274-77ff-4898-be80-342aca1c366d
11-16 08:57:12.279: D/LifecycleMonitor(28112): Lifecycle status change: androidx.test.core.app.InstrumentationActivityInvoker$EmptyActivity@9217086 in: DESTROYED
11-16 08:57:12.279: V/ActivityScenario(28112): Activity lifecycle changed event received but ignored because the intent does not match. startActivityIntent=Intent { act=android.intent.action.MAIN cat=[android.intent.category.LAUNCHER] cmp=androidx.activity.test/androidx.activity.LifecycleComponentActivity }, activity.getIntent()=Intent { act=android.intent.action.MAIN cat=[android.intent.category.LAUNCHER] flg=0x10000000 cmp=androidx.activity.test/androidx.test.core.app.InstrumentationActivityInvoker$EmptyActivity }, activity=androidx.test.core.app.InstrumentationActivityInvoker$EmptyActivity@9217086
11-16 08:57:12.285: D/LifecycleMonitor(28112): Lifecycle status change: androidx.test.core.app.InstrumentationActivityInvoker$EmptyActivity@3b8e30c in: PAUSED
11-16 08:57:12.285: V/ActivityScenario(28112): Activity lifecycle changed event received but ignored because the intent does not match. startActivityIntent=Intent { act=android.intent.action.MAIN cat=[android.intent.category.LAUNCHER] cmp=androidx.activity.test/androidx.activity.LifecycleComponentActivity }, activity.getIntent()=Intent { act=android.intent.action.MAIN cat=[android.intent.category.LAUNCHER] flg=0x10000000 cmp=androidx.activity.test/androidx.test.core.app.InstrumentationActivityInvoker$EmptyActivity }, activity=androidx.test.core.app.InstrumentationActivityInvoker$EmptyActivity@3b8e30c
11-16 08:57:12.298: I/BackdropActivity(27083): onResume()
11-16 08:57:12.300: D/LifecycleMonitor(28112): Lifecycle status change: androidx.activity.LifecycleComponentActivity@7a05a80 in: STOPPED
11-16 08:57:12.300: V/ActivityScenario(28112): Update currentActivityStage to STOPPED, currentActivity=androidx.activity.LifecycleComponentActivity@7a05a80
11-16 08:57:12.300: I/ActivityManager(1186): Activity requesting to dismiss Keyguard: ActivityRecord{5cbb62c u0 com.google.android.apps.mtaas.backdrop/.BackdropActivity t4}
11-16 08:57:12.301: D/LeakCanary(28112): Watching instance of androidx.lifecycle.ReportFragment (androidx.lifecycle.ReportFragment received Fragment#onDestroy() callback) with key 3b815e9d-178d-485a-9751-9d55228daae6
11-16 08:57:12.302: D/LeakCanary(28112): Watching instance of androidx.activity.LifecycleComponentActivity (androidx.activity.LifecycleComponentActivity received Activity#onDestroy() callback) with key 80b1c0b2-83bd-4e10-ada1-94666184c430
11-16 08:57:12.302: D/LifecycleMonitor(28112): Lifecycle status change: androidx.activity.LifecycleComponentActivity@7a05a80 in: DESTROYED
11-16 08:57:12.302: V/ActivityScenario(28112): Update currentActivityStage to DESTROYED, currentActivity=null
11-16 08:57:12.314: I/GoogleInputMethod(3656): onFinishInput() : Dummy InputConnection bound
11-16 08:57:12.315: I/GoogleInputMethod(3656): onStartInput() : Dummy InputConnection bound
11-16 08:57:12.316: I/TestRunner(28112): finished: testLifecycleObserver(androidx.activity.ComponentActivityLifecycleTest)
11-16 08:57:12.320: I/MonitoringInstr(28112): Activities that are still in CREATED to STOPPED: 1
11-16 08:57:12.320: I/MonitoringInstr(28112): Unstopped activity count: 1
11-16 08:57:12.329: D/android.hardware.power@1.3-service.crosshatch-libperfmgr(782): LAUNCH OFF
11-16 08:57:12.331: W/GCM(28381): GCM SDK is deprecated, com.google.android.apps.chromecast.app should update to use FCM
11-16 08:57:12.334: E/system_server(1186): No package ID 7f found for ID 0x7f080152.
11-16 08:57:12.335: E/system_server(1186): No package ID 7f found for ID 0x7f130315.
11-16 08:57:12.335: E/system_server(1186): No package ID 7f found for ID 0x7f130316.
11-16 08:57:12.335: E/system_server(1186): No package ID 7f found for ID 0x7f080153.
11-16 08:57:12.335: E/system_server(1186): No package ID 7f found for ID 0x7f130317.
11-16 08:57:12.335: E/system_server(1186): No package ID 7f found for ID 0x7f130318.
11-16 08:57:12.352: I/dex2oat(28549): The ClassLoaderContext is a special shared library.
11-16 08:57:12.352: D/LifecycleMonitor(28112): Lifecycle status change: androidx.test.core.app.InstrumentationActivityInvoker$EmptyActivity@3b8e30c in: STOPPED
11-16 08:57:12.353: I/dex2oat(28549): /system/bin/dex2oat --dex-file=/data/user/0/com.google.android.googlequicksearchbox/files/velour/verified_jars/JkypVPMhDohv1875CeSftSg_1.jar --output-vdex-fd=87 --oat-fd=90 --oat-location=/data/user/0/com.google.android.googlequicksearchbox/files/velour/verified_jars/oat/arm64/JkypVPMhDohv1875CeSftSg_1.odex --compiler-filter=quicken --class-loader-context=&
11-16 08:57:12.354: D/LeakCanary(28112): Watching instance of androidx.test.core.app.InstrumentationActivityInvoker$EmptyActivity (androidx.test.core.app.InstrumentationActivityInvoker$EmptyActivity received Activity#onDestroy() callback) with key a8147a0e-b33c-4afe-9c8d-bbbb35f084c7
11-16 08:57:12.355: D/LifecycleMonitor(28112): Lifecycle status change: androidx.test.core.app.InstrumentationActivityInvoker$EmptyActivity@3b8e30c in: DESTROYED
11-16 08:57:12.362: I/ActivityManager(1186): Displayed androidx.activity.test/androidx.activity.LifecycleComponentActivity: +250ms
11-16 08:57:12.365: W/SurfaceFlinger(642): Attempting to destroy on removed layer: AppWindowToken{ec2dd86 token=Token{a890e61 ActivityRecord{ca93e6b u0 androidx.activity.test/androidx.test.core.app.InstrumentationActivityInvoker$EmptyActivity t6}}}#0
11-16 08:57:12.366: I/PeopleChimeraService(13389): onService. callbacks = xmw@94e0877, request = com.google.android.gms.common.internal.GetServiceRequest@fd80ce4
11-16 08:57:12.370: W/Binder(1186): Outgoing transactions from this process must be FLAG_ONEWAY
11-16 08:57:12.370: W/Binder(1186): java.lang.Throwable
11-16 08:57:12.370: W/Binder(1186): 	at android.os.BinderProxy.transact(Binder.java:1116)
11-16 08:57:12.370: W/Binder(1186): 	at com.android.internal.location.ILocationProvider$Stub$Proxy.getProperties(ILocationProvider.java:236)
11-16 08:57:12.370: W/Binder(1186): 	at com.android.server.location.LocationProviderProxy$1$1.run(LocationProviderProxy.java:117)
11-16 08:57:12.370: W/Binder(1186): 	at com.android.server.ServiceWatcher.runOnBinder(ServiceWatcher.java:425)
11-16 08:57:12.370: W/Binder(1186): 	at com.android.server.location.LocationProviderProxy$1.run(LocationProviderProxy.java:111)
11-16 08:57:12.370: W/Binder(1186): 	at android.os.Handler.handleCallback(Handler.java:873)
11-16 08:57:12.370: W/Binder(1186): 	at android.os.Handler.dispatchMessage(Handler.java:99)
11-16 08:57:12.370: W/Binder(1186): 	at android.os.Looper.loop(Looper.java:193)
11-16 08:57:12.370: W/Binder(1186): 	at android.os.HandlerThread.run(HandlerThread.java:65)
11-16 08:57:12.372: I/TestRunner(28112): started: menuItemSelected(androidx.activity.ComponentActivityMenuTest)
11-16 08:57:12.379: W/Binder(1186): Outgoing transactions from this process must be FLAG_ONEWAY
11-16 08:57:12.379: W/Binder(1186): java.lang.Throwable
11-16 08:57:12.379: W/Binder(1186): 	at android.os.BinderProxy.transact(Binder.java:1116)
11-16 08:57:12.379: W/Binder(1186): 	at com.android.internal.location.ILocationProvider$Stub$Proxy.getProperties(ILocationProvider.java:236)
11-16 08:57:12.379: W/Binder(1186): 	at com.android.server.location.LocationProviderProxy$1$1.run(LocationProviderProxy.java:117)
11-16 08:57:12.379: W/Binder(1186): 	at com.android.server.ServiceWatcher.runOnBinder(ServiceWatcher.java:425)
11-16 08:57:12.379: W/Binder(1186): 	at com.android.server.location.LocationProviderProxy$1.run(LocationProviderProxy.java:111)
11-16 08:57:12.379: W/Binder(1186): 	at android.os.Handler.handleCallback(Handler.java:873)
11-16 08:57:12.379: W/Binder(1186): 	at android.os.Handler.dispatchMessage(Handler.java:99)
11-16 08:57:12.379: W/Binder(1186): 	at android.os.Looper.loop(Looper.java:193)
11-16 08:57:12.379: W/Binder(1186): 	at android.os.HandlerThread.run(HandlerThread.java:65)
11-16 08:57:12.383: I/ActivityManager(1186): Killing 27653:com.google.android.configupdater/u0a29 (adj 906): empty #17
11-16 08:57:12.384: W/libprocessgroup(1186): kill(-27653, 9) failed: No such process
11-16 08:57:12.388: W/Settings(28112): Setting always_finish_activities has moved from android.provider.Settings.System to android.provider.Settings.Global, returning read-only value.
11-16 08:57:12.395: I/ActivityManager(1186): Start proc 28557:com.google.android.apps.tachyon/u0a148 for broadcast com.google.android.apps.tachyon/.common.applifecycle.LocaleChangeReceiver
11-16 08:57:12.397: I/ActivityManager(1186): START u0 {act=android.intent.action.MAIN cat=[android.intent.category.LAUNCHER] flg=0x10008000 cmp=androidx.activity.test/androidx.test.core.app.InstrumentationActivityInvoker$BootstrapActivity (has extras)} from uid 10172
11-16 08:57:12.403: I/Zygote(735): Process 27653 exited due to signal (9)
11-16 08:57:12.403: D/android.hardware.power@1.3-service.crosshatch-libperfmgr(782): LAUNCH ON
11-16 08:57:12.413: E/id.apps.tachyo(28557): Not starting debugger since process cannot load the jdwp agent.
11-16 08:57:12.418: W/ActivityThread(28112): handleWindowVisibility: no activity for token android.os.BinderProxy@50c352f
11-16 08:57:12.419: I/dex2oat(28549): dex2oat took 69.513ms (45.783ms cpu) (threads: 8) arena alloc=2344B (2344B) java alloc=16KB (16400B) native alloc=809KB (828784B) free=1238KB (1268368B)
11-16 08:57:12.425: D/LifecycleMonitor(28112): Lifecycle status change: androidx.test.core.app.InstrumentationActivityInvoker$BootstrapActivity@39a2cc5 in: PRE_ON_CREATE
11-16 08:57:12.425: V/ActivityScenario(28112): Activity lifecycle changed event received but ignored because the intent does not match. startActivityIntent=Intent { act=android.intent.action.MAIN cat=[android.intent.category.LAUNCHER] cmp=androidx.activity.test/androidx.activity.ComponentActivity }, activity.getIntent()=Intent { act=android.intent.action.MAIN cat=[android.intent.category.LAUNCHER] flg=0x10008000 cmp=androidx.activity.test/androidx.test.core.app.InstrumentationActivityInvoker$BootstrapActivity (has extras) }, activity=androidx.test.core.app.InstrumentationActivityInvoker$BootstrapActivity@39a2cc5
11-16 08:57:12.427: W/libprocessgroup(1186): kill(-27653, 9) failed: No such process
11-16 08:57:12.427: I/libprocessgroup(1186): Successfully killed process cgroup uid 10029 pid 27653 in 43ms
11-16 08:57:12.434: D/LifecycleMonitor(28112): Lifecycle status change: androidx.test.core.app.InstrumentationActivityInvoker$BootstrapActivity@39a2cc5 in: CREATED
11-16 08:57:12.434: V/ActivityScenario(28112): Activity lifecycle changed event received but ignored because the intent does not match. startActivityIntent=Intent { act=android.intent.action.MAIN cat=[android.intent.category.LAUNCHER] cmp=androidx.activity.test/androidx.activity.ComponentActivity }, activity.getIntent()=Intent { act=android.intent.action.MAIN cat=[android.intent.category.LAUNCHER] flg=0x10008000 cmp=androidx.activity.test/androidx.test.core.app.InstrumentationActivityInvoker$BootstrapActivity (has extras) }, activity=androidx.test.core.app.InstrumentationActivityInvoker$BootstrapActivity@39a2cc5
11-16 08:57:12.436: D/LifecycleMonitor(28112): Lifecycle status change: androidx.test.core.app.InstrumentationActivityInvoker$BootstrapActivity@39a2cc5 in: STARTED
11-16 08:57:12.437: V/ActivityScenario(28112): Activity lifecycle changed event received but ignored because the intent does not match. startActivityIntent=Intent { act=android.intent.action.MAIN cat=[android.intent.category.LAUNCHER] cmp=androidx.activity.test/androidx.activity.ComponentActivity }, activity.getIntent()=Intent { act=android.intent.action.MAIN cat=[android.intent.category.LAUNCHER] flg=0x10008000 cmp=androidx.activity.test/androidx.test.core.app.InstrumentationActivityInvoker$BootstrapActivity (has extras) }, activity=androidx.test.core.app.InstrumentationActivityInvoker$BootstrapActivity@39a2cc5
11-16 08:57:12.438: W/earchbox:searc(10050): Skipping duplicate class check due to unsupported classloader
11-16 08:57:12.439: I/ActivityManager(1186): START u0 {act=android.intent.action.MAIN cat=[android.intent.category.LAUNCHER] cmp=androidx.activity.test/androidx.activity.ComponentActivity} from uid 10172
11-16 08:57:12.440: D/android.hardware.power@1.3-service.crosshatch-libperfmgr(782): LAUNCH ON
11-16 08:57:12.446: D/LifecycleMonitor(28112): Lifecycle status change: androidx.test.core.app.InstrumentationActivityInvoker$BootstrapActivity@39a2cc5 in: RESUMED
11-16 08:57:12.446: V/ActivityScenario(28112): Activity lifecycle changed event received but ignored because the intent does not match. startActivityIntent=Intent { act=android.intent.action.MAIN cat=[android.intent.category.LAUNCHER] cmp=androidx.activity.test/androidx.activity.ComponentActivity }, activity.getIntent()=Intent { act=android.intent.action.MAIN cat=[android.intent.category.LAUNCHER] flg=0x10008000 cmp=androidx.activity.test/androidx.test.core.app.InstrumentationActivityInvoker$BootstrapActivity (has extras) }, activity=androidx.test.core.app.InstrumentationActivityInvoker$BootstrapActivity@39a2cc5
11-16 08:57:12.448: D/LifecycleMonitor(28112): Lifecycle status change: androidx.test.core.app.InstrumentationActivityInvoker$BootstrapActivity@39a2cc5 in: PAUSED
11-16 08:57:12.449: V/ActivityScenario(28112): Activity lifecycle changed event received but ignored because the intent does not match. startActivityIntent=Intent { act=android.intent.action.MAIN cat=[android.intent.category.LAUNCHER] cmp=androidx.activity.test/androidx.activity.ComponentActivity }, activity.getIntent()=Intent { act=android.intent.action.MAIN cat=[android.intent.category.LAUNCHER] flg=0x10008000 cmp=androidx.activity.test/androidx.test.core.app.InstrumentationActivityInvoker$BootstrapActivity (has extras) }, activity=androidx.test.core.app.InstrumentationActivityInvoker$BootstrapActivity@39a2cc5
11-16 08:57:12.453: W/SearchServiceCore(10050): Abort, client detached.
11-16 08:57:12.453: W/SearchServiceCore(10050): Abort, client detached.
11-16 08:57:12.458: I/BgTaskExecutorImpl(10050): Starting EXCLUSIVE background task VELOUR_BACKGROUND_MAINTENANCE.
11-16 08:57:12.461: W/ActivityThread(28112): handleWindowVisibility: no activity for token android.os.BinderProxy@bb0f54b
11-16 08:57:12.465: D/LifecycleMonitor(28112): Lifecycle status change: androidx.activity.ComponentActivity@20e2f7d in: PRE_ON_CREATE
11-16 08:57:12.465: V/ActivityScenario(28112): Activity lifecycle changed event received but ignored because the reported transition was not ON_CREATE while the last known transition was PRE_ON_CREATE
11-16 08:57:12.469: I/Adreno(1186): QUALCOMM build                   : 3f88ca2, I42f6fe38fb
11-16 08:57:12.469: I/Adreno(1186): Build Date                       : 07/13/18
11-16 08:57:12.469: I/Adreno(1186): OpenGL ES Shader Compiler Version: EV031.24.00.00
11-16 08:57:12.469: I/Adreno(1186): Local Branch                     : 50.04
11-16 08:57:12.469: I/Adreno(1186): Remote Branch                    : 
11-16 08:57:12.469: I/Adreno(1186): Remote Branch                    : 
11-16 08:57:12.469: I/Adreno(1186): Reconstruct Branch               : 
11-16 08:57:12.469: I/Adreno(1186): Build Config                     : S P 4.0.10 AArch64
11-16 08:57:12.471: E/libc(1186): Access denied finding property "vendor.debug.prerotation.disable"
11-16 08:57:12.471: E/libc(1186): Access denied finding property "vendor.debug.prerotation.disable"
11-16 08:57:12.472: I/Adreno(1186): PFP: 0x016ee170, ME: 0x00000000
11-16 08:57:12.472: E/libc(1186): Access denied finding property "vendor.debug.prerotation.disable"
11-16 08:57:12.473: I/ConfigStore(1186): android::hardware::configstore::V1_0::ISurfaceFlingerConfigs::hasWideColorDisplay retrieved: 1
11-16 08:57:12.473: I/ConfigStore(1186): android::hardware::configstore::V1_0::ISurfaceFlingerConfigs::hasHDRDisplay retrieved: 1
11-16 08:57:12.473: I/OpenGLRenderer(1186): Initialized EGL, version 1.4
11-16 08:57:12.473: D/OpenGLRenderer(1186): Swap behavior 2
11-16 08:57:12.473: W/SearchServiceCore(10050): Abort, client detached.
11-16 08:57:12.474: I/BgTaskExecutorImpl(10050): Starting EXCLUSIVE background task BLOBLOBBER_SYNC.
11-16 08:57:12.476: D/LifecycleMonitor(28112): Lifecycle status change: androidx.activity.ComponentActivity@20e2f7d in: CREATED
11-16 08:57:12.477: V/ActivityScenario(28112): Update currentActivityStage to CREATED, currentActivity=androidx.activity.ComponentActivity@20e2f7d
11-16 08:57:12.480: D/LifecycleMonitor(28112): Lifecycle status change: androidx.activity.ComponentActivity@20e2f7d in: STARTED
11-16 08:57:12.481: V/ActivityScenario(28112): Update currentActivityStage to STARTED, currentActivity=androidx.activity.ComponentActivity@20e2f7d
11-16 08:57:12.484: D/LifecycleMonitor(28112): Lifecycle status change: androidx.activity.ComponentActivity@20e2f7d in: RESUMED
11-16 08:57:12.484: V/ActivityScenario(28112): Update currentActivityStage to RESUMED, currentActivity=androidx.activity.ComponentActivity@20e2f7d
11-16 08:57:12.495: W/earchbox:searc(10050): Unsupported class loader
11-16 08:57:12.508: W/BlobLobber(10050): Skipping download (already active): odws2_en:us:807_2019-09-12_270573492_release_signed
11-16 08:57:12.526: I/GoogleInputMethod(3656): onFinishInput() : Dummy InputConnection bound
11-16 08:57:12.527: I/GoogleInputMethod(3656): onStartInput() : Dummy InputConnection bound
11-16 08:57:12.529: W/earchbox:searc(10050): Skipping duplicate class check due to unsupported classloader
11-16 08:57:12.534: W/earchbox:searc(10050): Unsupported class loader
11-16 08:57:12.543: W/earchbox:searc(10050): Skipping duplicate class check due to unsupported classloader
11-16 08:57:12.547: D/android.hardware.power@1.3-service.crosshatch-libperfmgr(782): LAUNCH OFF
11-16 08:57:12.562: W/SurfaceFlinger(642): Attempting to set client state on removed layer: Splash Screen androidx.activity.test#0
11-16 08:57:12.562: W/SurfaceFlinger(642): Attempting to destroy on removed layer: Splash Screen androidx.activity.test#0
11-16 08:57:12.571: D/LifecycleMonitor(28112): Lifecycle status change: androidx.test.core.app.InstrumentationActivityInvoker$BootstrapActivity@39a2cc5 in: STOPPED
11-16 08:57:12.572: V/ActivityScenario(28112): Activity lifecycle changed event received but ignored because the intent does not match. startActivityIntent=Intent { act=android.intent.action.MAIN cat=[android.intent.category.LAUNCHER] cmp=androidx.activity.test/androidx.activity.ComponentActivity }, activity.getIntent()=Intent { act=android.intent.action.MAIN cat=[android.intent.category.LAUNCHER] flg=0x10008000 cmp=androidx.activity.test/androidx.test.core.app.InstrumentationActivityInvoker$BootstrapActivity (has extras) }, activity=androidx.test.core.app.InstrumentationActivityInvoker$BootstrapActivity@39a2cc5
11-16 08:57:12.578: W/SearchServiceCore(10050): Abort, client detached.
11-16 08:57:12.578: W/SearchServiceCore(10050): Abort, client detached.
11-16 08:57:12.580: I/ActivityManager(1186): Displayed androidx.activity.test/androidx.activity.ComponentActivity: +151ms
11-16 08:57:12.592: W/SearchServiceCore(10050): Abort, client detached.
11-16 08:57:12.603: I/system_server(1186): NativeAlloc concurrent copying GC freed 98790(4MB) AllocSpace objects, 42(1864KB) LOS objects, 42% free, 17MB/30MB, paused 53us total 117.895ms
11-16 08:57:12.604: D/EventInjectionStrategy(28112): Creating injection strategy with input manager.
11-16 08:57:12.604: W/x.activity.tes(28112): Accessing hidden method Landroid/hardware/input/InputManager;->getInstance()Landroid/hardware/input/InputManager; (light greylist, reflection)
11-16 08:57:12.604: W/x.activity.tes(28112): Accessing hidden method Landroid/hardware/input/InputManager;->injectInputEvent(Landroid/view/InputEvent;I)Z (light greylist, reflection)
11-16 08:57:12.604: W/x.activity.tes(28112): Accessing hidden field Landroid/hardware/input/InputManager;->INJECT_INPUT_EVENT_MODE_WAIT_FOR_FINISH:I (light greylist, reflection)
11-16 08:57:12.614: D/IdlingResourceRegistry(28112): All idling resources are idle.
11-16 08:57:12.615: W/x.activity.tes(28112): Accessing hidden method Landroid/os/MessageQueue;->next()Landroid/os/Message; (light greylist, reflection)
11-16 08:57:12.615: W/x.activity.tes(28112): Accessing hidden field Landroid/os/MessageQueue;->mMessages:Landroid/os/Message; (light greylist, reflection)
11-16 08:57:12.615: W/x.activity.tes(28112): Accessing hidden method Landroid/os/Message;->recycleUnchecked()V (light greylist, reflection)
11-16 08:57:12.616: D/IdlingResourceRegistry(28112): All idling resources are idle.
11-16 08:57:12.618: W/x.activity.tes(28112): Accessing hidden field Landroid/view/WindowManagerGlobal;->mParams:Ljava/util/ArrayList; (light greylist, reflection)
11-16 08:57:12.621: I/ViewInteraction(28112): Performing 'Handle transition between action bar and action bar context.' action on view is a root view.
11-16 08:57:12.625: W/x.activity.tes(28112): Accessing hidden method Landroid/view/ViewConfiguration;->getDoubleTapMinTime()I (light greylist, reflection)
11-16 08:57:12.627: D/IdlingResourceRegistry(28112): All idling resources are idle.
11-16 08:57:12.628: D/IdlingResourceRegistry(28112): All idling resources are idle.
11-16 08:57:12.630: I/ViewInteraction(28112): Performing 'single click' action on view ((is displayed on the screen to the user and with content description text: is "More options") or (is displayed on the screen to the user and with class name: a string ending with "OverflowMenuButton"))
11-16 08:57:12.637: D/IdlingResourceRegistry(28112): All idling resources are idle.
11-16 08:57:12.674: I/chatty(28112): uid=10172(androidx.activity.test) identical 10 lines
11-16 08:57:12.674: D/IdlingResourceRegistry(28112): All idling resources are idle.
11-16 08:57:12.780: W/StorageManager(28468): fallocate() not supported; falling back to ftruncate()
11-16 08:57:12.785: D/IdlingResourceRegistry(28112): All idling resources are idle.
11-16 08:57:12.785: D/IdlingResourceRegistry(28112): All idling resources are idle.
11-16 08:57:12.787: W/id.apps.tachyo(28557): JIT profile information will not be recorded: profile file does not exits.
11-16 08:57:12.787: I/chatty(28557): uid=10148(com.google.android.apps.tachyon) identical 1 line
11-16 08:57:12.787: W/id.apps.tachyo(28557): JIT profile information will not be recorded: profile file does not exits.
11-16 08:57:12.880: I/ThreadRunner(10050): setContextAndRunner
11-16 08:57:12.903: I/ActivityManager(1186): Killing 26908:com.google.android.gms.unstable/u0a7 (adj 906): empty #17
11-16 08:57:12.904: W/libprocessgroup(1186): kill(-26908, 9) failed: No such process
11-16 08:57:12.909: W/libprocessgroup(1186): kill(-26908, 9) failed: No such process
11-16 08:57:12.913: W/PrimesInit(28557): Primes instant initialization
11-16 08:57:12.918: W/Primes(28557): background initialization
11-16 08:57:12.918: I/Adreno(1186): QUALCOMM build                   : 3f88ca2, I42f6fe38fb
11-16 08:57:12.918: I/Adreno(1186): Build Date                       : 07/13/18
11-16 08:57:12.918: I/Adreno(1186): OpenGL ES Shader Compiler Version: EV031.24.00.00
11-16 08:57:12.918: I/Adreno(1186): Local Branch                     : 50.04
11-16 08:57:12.918: I/Adreno(1186): Remote Branch                    : 
11-16 08:57:12.918: I/Adreno(1186): Remote Branch                    : 
11-16 08:57:12.918: I/Adreno(1186): Reconstruct Branch               : 
11-16 08:57:12.919: I/Adreno(1186): Build Config                     : S P 4.0.10 AArch64
11-16 08:57:12.920: E/libc(1186): Access denied finding property "vendor.debug.prerotation.disable"
11-16 08:57:12.921: E/libc(1186): Access denied finding property "vendor.debug.prerotation.disable"
11-16 08:57:12.921: I/Adreno(1186): PFP: 0x016ee170, ME: 0x00000000
11-16 08:57:12.921: E/libc(1186): Access denied finding property "vendor.debug.prerotation.disable"
11-16 08:57:12.922: I/ConfigStore(1186): android::hardware::configstore::V1_0::ISurfaceFlingerConfigs::hasWideColorDisplay retrieved: 1
11-16 08:57:12.922: I/ConfigStore(1186): android::hardware::configstore::V1_0::ISurfaceFlingerConfigs::hasHDRDisplay retrieved: 1
11-16 08:57:12.922: I/OpenGLRenderer(1186): Initialized EGL, version 1.4
11-16 08:57:12.922: D/OpenGLRenderer(1186): Swap behavior 2
11-16 08:57:12.926: I/Zygote(735): Process 26908 exited due to signal (9)
11-16 08:57:12.936: D/IdlingResourceRegistry(28112): All idling resources are idle.
11-16 08:57:12.936: D/IdlingResourceRegistry(28112): All idling resources are idle.
11-16 08:57:12.941: W/libprocessgroup(1186): kill(-26908, 9) failed: No such process
11-16 08:57:12.941: I/libprocessgroup(1186): Successfully killed process cgroup uid 10007 pid 26908 in 37ms
11-16 08:57:13.001: D/IdlingResourceRegistry(28112): All idling resources are idle.
11-16 08:57:13.029: I/chatty(28112): uid=10172(androidx.activity.test) identical 2 lines
11-16 08:57:13.030: D/IdlingResourceRegistry(28112): All idling resources are idle.
11-16 08:57:13.031: I/ViewInteraction(28112): Performing 'single click' action on view with text: is "Item1"
11-16 08:57:13.036: D/IdlingResourceRegistry(28112): All idling resources are idle.
11-16 08:57:13.065: I/chatty(28112): uid=10172(androidx.activity.test) identical 6 lines
11-16 08:57:13.065: D/IdlingResourceRegistry(28112): All idling resources are idle.
11-16 08:57:13.069: I/org.webrtc.Logging(28557): NativeLibrary: Loading native library: jingle_peerconnection_so
11-16 08:57:13.070: I/org.webrtc.Logging(28557): PeerConnectionFactory: PeerConnectionFactory was initialized without an injected Loggable. Any existing Loggable will be deleted.
11-16 08:57:13.070: D/IdlingResourceRegistry(28112): All idling resources are idle.
11-16 08:57:13.096: I/chatty(28112): uid=10172(androidx.activity.test) identical 4 lines
11-16 08:57:13.096: D/IdlingResourceRegistry(28112): All idling resources are idle.
11-16 08:57:13.105: I/PrimesTesting(28557): GserviceFlagsSupplier.get()
11-16 08:57:13.115: I/DefaultStickerUpdate(3656): Successfully updated sticker index for DefaultStickerTaskData{enabled=true, metadataUriPrefix=https://www.gstatic.com/android/keyboard/stickers/configs/v5/, supportedLanguage=en}
11-16 08:57:13.115: I/FirebaseJobDispatcher(3656): Task: DefaultStickerUpdate successes.
11-16 08:57:13.122: I/NetworkScheduler.Stats(11203): Task com.google.android.inputmethod.latin/ finished executing. cause:7 result: 1 elapsed_millis: 2348 uptime_millis: 2348 exec_start_elapsed_seconds: 4229 [CONTEXT service_id=218 ]
11-16 08:57:13.122: I/Icing(13389): Indexing com.google.android.inputmethod.latin-internal.3p:StickerPack from com.google.android.inputmethod.latin
11-16 08:57:13.127: E/SQLiteLog(13389): (1) no such table: StickerPack_com.google.android.inputmethod.latin_seq_table
11-16 08:57:13.128: E/Icing(13389): Cursor call threw an exception: no such table: StickerPack_com.google.android.inputmethod.latin_seq_table (code 1 SQLITE_ERROR): , while compiling: SELECT * FROM [StickerPack_com.google.android.inputmethod.latin_seq_table] WHERE seqno>0 AND tag IS NULL ORDER BY seqno LIMIT 20
11-16 08:57:13.129: I/Icing(13389): Indexing done com.google.android.inputmethod.latin-internal.3p:StickerPack
11-16 08:57:13.129: E/Icing(13389): Aborting indexing of corpus internal.3p:StickerPack
11-16 08:57:13.131: I/Icing(13389): Indexing com.google.android.inputmethod.latin-internal.3p:Sticker from com.google.android.inputmethod.latin
11-16 08:57:13.135: E/SQLiteLog(13389): (1) no such table: Sticker_com.google.android.inputmethod.latin_seq_table
11-16 08:57:13.136: E/Icing(13389): Cursor call threw an exception: no such table: Sticker_com.google.android.inputmethod.latin_seq_table (code 1 SQLITE_ERROR): , while compiling: SELECT * FROM [Sticker_com.google.android.inputmethod.latin_seq_table] WHERE seqno>0 AND tag IS NULL ORDER BY seqno LIMIT 20
11-16 08:57:13.137: I/Icing(13389): Indexing done com.google.android.inputmethod.latin-internal.3p:Sticker
11-16 08:57:13.137: E/Icing(13389): Aborting indexing of corpus internal.3p:Sticker
11-16 08:57:13.139: E/ExecutionCriteria(11203): Package unavailable for task: com.google.android.apps.gcs/com.google.android.flib.phenotype.services.PhenotypeExperimentCommitService{u=0 tag="PhenotypeExpCommitSvc" trigger=window{start=0s,end=30s,earliest=-4125s,latest=-4095s} requirements=[NET_ANY] attributes=[PERSISTED] scheduled=-4125s last_run=N/A exec_window_multiplier=1.0000 jid=N/A status=PENDING retries=0 client_lib=MANCHEGO_GCM-11732000} [CONTEXT service_id=218 ]
11-16 08:57:13.145: I/Icing(13389): updateResources: need to parse zml{com.google.android.gms}
11-16 08:57:13.169: I/NetworkScheduler.Stats(11203): Task com.google.android.gms/com.google.android.gms.phenotype.service.sync.PhenotypeConfigurator started execution. cause:5 exec_start_elapsed_seconds: 4232 [CONTEXT service_id=218 ]
11-16 08:57:13.214: W/Icing(13389): No valid account for uploading user actions
11-16 08:57:13.232: W/id.apps.tachyo(28557): Unknown chunk type '200'.
11-16 08:57:13.232: I/Icing(13389): Usage reports ok 3, Failed Usage reports 0, indexed 0, rejected 0
11-16 08:57:13.235: W/Icing(13389): No valid account for uploading user actions
11-16 08:57:13.237: D/EventBus(28557): No subscribers registered for event class gzh
11-16 08:57:13.237: D/EventBus(28557): No subscribers registered for event class sfa
11-16 08:57:13.246: D/IdlingResourceRegistry(28112): All idling resources are idle.
11-16 08:57:13.247: D/IdlingResourceRegistry(28112): All idling resources are idle.
11-16 08:57:13.250: I/Icing(13389): Usage reports ok 0, Failed Usage reports 0, indexed 0, rejected 0
11-16 08:57:13.277: I/Icing(13389): Indexing com.google.android.gms-apps from com.google.android.gms
11-16 08:57:13.297: D/EventBus(28557): No subscribers registered for event class gzh
11-16 08:57:13.298: D/EventBus(28557): No subscribers registered for event class sfa
11-16 08:57:13.303: I/Icing(13389): Indexing done com.google.android.gms-apps
11-16 08:57:13.305: I/Icing(13389): Indexing com.google.android.gms-apps from com.google.android.gms
