11-16 08:57:02.367: W/PhenotypeConfigurationU(11203): 	at com.google.android.gms.platformconfigurator.PhenotypeConfigurationUpdateListener.a(:com.google.android.gms@213614028@21.36.14 (100400-395708125):7)
11-16 08:57:02.367: W/PhenotypeConfigurationU(11203): 	at com.google.android.gms.platformconfigurator.PhenotypeConfigurationUpdateListener.onHandleIntent(:com.google.android.gms@213614028@21.36.14 (100400-395708125):5)
11-16 08:57:02.367: W/PhenotypeConfigurationU(11203): 	at com.google.android.chimera.IntentOperation.onHandleIntent(:com.google.android.gms@213614028@21.36.14 (100400-395708125):2)
11-16 08:57:02.367: W/PhenotypeConfigurationU(11203): 	at pld.onHandleIntent(:com.google.android.gms@213614028@21.36.14 (100400-395708125):4)
11-16 08:57:02.367: W/PhenotypeConfigurationU(11203): 	at dpb.run(:com.google.android.gms@213614028@21.36.14 (100400-395708125):5)
11-16 08:57:02.367: W/PhenotypeConfigurationU(11203): 	at dpa.run(:com.google.android.gms@213614028@21.36.14 (100400-395708125):11)
11-16 08:57:02.367: W/PhenotypeConfigurationU(11203): 	at bfyg.run(:com.google.android.gms@213614028@21.36.14 (100400-395708125):2)
11-16 08:57:02.367: W/PhenotypeConfigurationU(11203): 	at java.util.concurrent.ThreadPoolExecutor.runWorker(ThreadPoolExecutor.java:1167)
11-16 08:57:02.367: W/PhenotypeConfigurationU(11203): 	at java.util.concurrent.ThreadPoolExecutor$Worker.run(ThreadPoolExecutor.java:641)
11-16 08:57:02.367: W/PhenotypeConfigurationU(11203): 	at java.lang.Thread.run(Thread.java:764)
11-16 08:57:02.405: I/akhr(11203): Scheduling adaptive one off task with window [14400, 604800] in seconds [CONTEXT service_id=51 ]
11-16 08:57:02.429: I/ActivityManager(1186): Killing 26621:com.google.android.euicc/u0a67 (adj 906): empty #17
11-16 08:57:02.431: W/libprocessgroup(1186): kill(-26621, 9) failed: No such process
11-16 08:57:02.450: I/Zygote(735): Process 26621 exited due to signal (9)
11-16 08:57:02.454: D/GH.PhenotypeCommitter(4312): Committed Phenotype flags successfully!
11-16 08:57:02.458: W/PhenotypeConfigurationU(11203): Update for unknown DeviceConfig package com.google.android.gms.icing.mdd [CONTEXT service_id=204 ]
11-16 08:57:02.458: W/PhenotypeConfigurationU(11203): akjf: No package exists for config package: com.google.android.gms.icing.mdd
11-16 08:57:02.458: W/PhenotypeConfigurationU(11203): 	at com.google.android.gms.platformconfigurator.PhenotypeConfigurationUpdateListener.a(:com.google.android.gms@213614028@21.36.14 (100400-395708125):7)
11-16 08:57:02.458: W/PhenotypeConfigurationU(11203): 	at com.google.android.gms.platformconfigurator.PhenotypeConfigurationUpdateListener.onHandleIntent(:com.google.android.gms@213614028@21.36.14 (100400-395708125):5)
11-16 08:57:02.458: W/PhenotypeConfigurationU(11203): 	at com.google.android.chimera.IntentOperation.onHandleIntent(:com.google.android.gms@213614028@21.36.14 (100400-395708125):2)
11-16 08:57:02.458: W/PhenotypeConfigurationU(11203): 	at pld.onHandleIntent(:com.google.android.gms@213614028@21.36.14 (100400-395708125):4)
11-16 08:57:02.458: W/PhenotypeConfigurationU(11203): 	at dpb.run(:com.google.android.gms@213614028@21.36.14 (100400-395708125):5)
11-16 08:57:02.458: W/PhenotypeConfigurationU(11203): 	at dpa.run(:com.google.android.gms@213614028@21.36.14 (100400-395708125):11)
11-16 08:57:02.458: W/PhenotypeConfigurationU(11203): 	at bfyg.run(:com.google.android.gms@213614028@21.36.14 (100400-395708125):2)
11-16 08:57:02.458: W/PhenotypeConfigurationU(11203): 	at java.util.concurrent.ThreadPoolExecutor.runWorker(ThreadPoolExecutor.java:1167)
11-16 08:57:02.458: W/PhenotypeConfigurationU(11203): 	at java.util.concurrent.ThreadPoolExecutor$Worker.run(ThreadPoolExecutor.java:641)
11-16 08:57:02.458: W/PhenotypeConfigurationU(11203): 	at java.lang.Thread.run(Thread.java:764)
11-16 08:57:02.464: I/Finsky:download_service(27313): [156] mmd.c(1): getDownloads().
11-16 08:57:02.474: W/libprocessgroup(1186): kill(-26621, 9) failed: No such process
11-16 08:57:02.474: I/libprocessgroup(1186): Successfully killed process cgroup uid 10067 pid 26621 in 43ms
11-16 08:57:02.475: D/CAR.CLIENT(4312): connect
11-16 08:57:02.487: I/ActivityManager(1186): Start proc 27354:com.google.android.gms:car/u0a7 for service com.google.android.gms/.car.CarService
11-16 08:57:02.497: D/GH.CarApiClientManager(4312): registered listener cqq@8813e3f
11-16 08:57:02.497: D/GH.CarApiClientManager(4312): start
11-16 08:57:02.497: I/GH.SharedService(4312): Shared Service created
11-16 08:57:02.498: D/CAR.CLIENT(4312): connect
11-16 08:57:02.499: D/GH.NotifListenCNameMgr(4312): No set listener, returning default: com.google.android.gearhead.notifications.SharedNotificationListenerManager$ListenerService
11-16 08:57:02.499: D/GH.SharedNotifications(4312): Current notification listener: com.google.android.gearhead.notifications.SharedNotificationListenerManager$ListenerService
11-16 08:57:02.499: D/GH.NotifListenCNameMgr(4312): No set listener, returning default: com.google.android.gearhead.notifications.SharedNotificationListenerManager$ListenerService
11-16 08:57:02.504: D/BoundBrokerSvc(13389): onBind: Intent { act=com.google.android.mdd.service.START cmp=com.google.android.gms/.chimera.GmsBoundBrokerService }
11-16 08:57:02.504: D/BoundBrokerSvc(13389): Loading bound service for intent: Intent { act=com.google.android.mdd.service.START cmp=com.google.android.gms/.chimera.GmsBoundBrokerService }
11-16 08:57:02.522: E/android.gms:ca(27354): Not starting debugger since process cannot load the jdwp agent.
11-16 08:57:02.530: I/.gms.persisten(11203): Background concurrent copying GC freed 213624(11MB) AllocSpace objects, 24(1080KB) LOS objects, 49% free, 13MB/27MB, paused 37us total 180.380ms
11-16 08:57:02.541: I/android.gms:ca(27354): The ClassLoaderContext is a special shared library.
11-16 08:57:02.542: I/chatty(27354): uid=10007 com.google.android.gms:car identical 1 line
11-16 08:57:02.544: I/android.gms:ca(27354): The ClassLoaderContext is a special shared library.
11-16 08:57:02.545: I/Finsky(27171): [190] qnc.run(7): Installer: Installer starting.
11-16 08:57:02.545: I/Finsky(27171): [190] qnc.run(20): Installer: Installer started.
11-16 08:57:02.548: I/Finsky(27171): [2] qoo.O(7): Installer: found apps to install. isMultiUserMode=false, apps=[]
11-16 08:57:02.551: W/PhenotypeConfigurationU(11203): Update for unknown DeviceConfig package com.google.android.gms.car [CONTEXT service_id=204 ]
11-16 08:57:02.551: W/PhenotypeConfigurationU(11203): akjf: No package exists for config package: com.google.android.gms.car
11-16 08:57:02.551: W/PhenotypeConfigurationU(11203): 	at com.google.android.gms.platformconfigurator.PhenotypeConfigurationUpdateListener.a(:com.google.android.gms@213614028@21.36.14 (100400-395708125):7)
11-16 08:57:02.551: W/PhenotypeConfigurationU(11203): 	at com.google.android.gms.platformconfigurator.PhenotypeConfigurationUpdateListener.onHandleIntent(:com.google.android.gms@213614028@21.36.14 (100400-395708125):5)
11-16 08:57:02.551: W/PhenotypeConfigurationU(11203): 	at com.google.android.chimera.IntentOperation.onHandleIntent(:com.google.android.gms@213614028@21.36.14 (100400-395708125):2)
11-16 08:57:02.551: W/PhenotypeConfigurationU(11203): 	at pld.onHandleIntent(:com.google.android.gms@213614028@21.36.14 (100400-395708125):4)
11-16 08:57:02.551: W/PhenotypeConfigurationU(11203): 	at dpb.run(:com.google.android.gms@213614028@21.36.14 (100400-395708125):5)
11-16 08:57:02.551: W/PhenotypeConfigurationU(11203): 	at dpa.run(:com.google.android.gms@213614028@21.36.14 (100400-395708125):11)
11-16 08:57:02.551: W/PhenotypeConfigurationU(11203): 	at bfyg.run(:com.google.android.gms@213614028@21.36.14 (100400-395708125):2)
11-16 08:57:02.551: W/PhenotypeConfigurationU(11203): 	at java.util.concurrent.ThreadPoolExecutor.runWorker(ThreadPoolExecutor.java:1167)
11-16 08:57:02.551: W/PhenotypeConfigurationU(11203): 	at java.util.concurrent.ThreadPoolExecutor$Worker.run(ThreadPoolExecutor.java:641)
11-16 08:57:02.551: W/PhenotypeConfigurationU(11203): 	at java.lang.Thread.run(Thread.java:764)
11-16 08:57:02.560: W/android.gms:ca(27354): Unknown chunk type '200'.
11-16 08:57:02.569: V/SettingsProvider(1186): Notifying for 0: content://settings/system/gearhead:driving_mode_settings_enabled
11-16 08:57:02.597: I/Finsky(27171): [2] abxn.f(7): SCH: Cancelling existing jobscheduler jobs: 9005 9004 9000 
11-16 08:57:02.597: I/Finsky(27171): [2] abxn.c(4): SCH: Scheduling immediate wakeup job with id: 9000
11-16 08:57:02.662: I/NetworkScheduler.Stats(11203): Task com.google.android.gms/com.google.android.gms.phenotype.service.sync.PhenotypeConfigurator finished executing. cause:5 result: 1 elapsed_millis: 2319 uptime_millis: 2319 exec_start_elapsed_seconds: 4219 [CONTEXT service_id=218 ]
11-16 08:57:02.662: W/ActivityManager(1186): Slow operation: 62ms so far, now at getContentProviderImpl: incProviderCountLocked
11-16 08:57:02.662: W/ActivityManager(1186): Slow operation: 62ms so far, now at getContentProviderImpl: before updateLruProcess
11-16 08:57:02.662: W/ActivityManager(1186): Slow operation: 62ms so far, now at getContentProviderImpl: after updateLruProcess
11-16 08:57:02.662: W/ActivityManager(1186): Slow operation: 62ms so far, now at getContentProviderImpl: before updateOomAdj
11-16 08:57:02.662: W/ActivityManager(1186): Slow operation: 62ms so far, now at getContentProviderImpl: after updateOomAdj
11-16 08:57:02.662: W/ActivityManager(1186): Slow operation: 62ms so far, now at getContentProviderImpl: done!
11-16 08:57:02.662: W/ActivityManager(1186): [ 11-16 08:57:02.665   867: 1350 E/         ]
11-16 08:57:02.662: W/ActivityManager(1186): Couldn't opendir /data/app/vmdl160264042.tmp: No such file or directory
11-16 08:57:02.665: E/installd(867): Failed to delete /data/app/vmdl160264042.tmp: No such file or directory
11-16 08:57:02.688: I/Telecom(1186): DefaultDialerCache: Refreshing default dialer for user 0: now com.google.android.dialer: DDC.oR@AJ4
11-16 08:57:02.692: I/InputReader(1186): Reconfiguring input devices.  changes=0x00000010
11-16 08:57:02.699: I/Finsky(27171): [2] aeab.a(1): Connecting InstallListener to SplitInstallService broadcaster...
11-16 08:57:02.706: I/Finsky(27171): [2] ajut.a(3): Warm data store was already initialized.
11-16 08:57:02.708: I/CarrierServices(26673): [2] RcsAutoStartReceiver.b: carrierServicesJibeServiceEnabled changed from true to true
11-16 08:57:02.708: I/CarrierServices(26673): [2] RcsAutoStartReceiver.b: enableRcs changed from true to true
11-16 08:57:02.709: I/CarrierServices(26673): [2] RcsAutoStartReceiver.b: RcsAutoStartReceiver triggered. Fetching RCS State. Action: android.intent.action.PACKAGE_ADDED
11-16 08:57:02.711: I/Finsky(27171): [2] abxn.f(7): SCH: Cancelling existing jobscheduler jobs: 9000 
11-16 08:57:02.711: I/Finsky(27171): [2] abxn.c(4): SCH: Scheduling immediate wakeup job with id: 9000
11-16 08:57:02.711: W/PhenotypeConfigurationU(11203): Update for unknown DeviceConfig package com.google.android.gms.enpromo [CONTEXT service_id=204 ]
11-16 08:57:02.711: W/PhenotypeConfigurationU(11203): akjf: No package exists for config package: com.google.android.gms.enpromo
11-16 08:57:02.711: W/PhenotypeConfigurationU(11203): 	at com.google.android.gms.platformconfigurator.PhenotypeConfigurationUpdateListener.a(:com.google.android.gms@213614028@21.36.14 (100400-395708125):7)
11-16 08:57:02.711: W/PhenotypeConfigurationU(11203): 	at com.google.android.gms.platformconfigurator.PhenotypeConfigurationUpdateListener.onHandleIntent(:com.google.android.gms@213614028@21.36.14 (100400-395708125):5)
11-16 08:57:02.711: W/PhenotypeConfigurationU(11203): 	at com.google.android.chimera.IntentOperation.onHandleIntent(:com.google.android.gms@213614028@21.36.14 (100400-395708125):2)
11-16 08:57:02.711: W/PhenotypeConfigurationU(11203): 	at pld.onHandleIntent(:com.google.android.gms@213614028@21.36.14 (100400-395708125):4)
11-16 08:57:02.711: W/PhenotypeConfigurationU(11203): 	at dpb.run(:com.google.android.gms@213614028@21.36.14 (100400-395708125):5)
11-16 08:57:02.711: W/PhenotypeConfigurationU(11203): 	at dpa.run(:com.google.android.gms@213614028@21.36.14 (100400-395708125):11)
11-16 08:57:02.711: W/PhenotypeConfigurationU(11203): 	at bfyg.run(:com.google.android.gms@213614028@21.36.14 (100400-395708125):2)
11-16 08:57:02.711: W/PhenotypeConfigurationU(11203): 	at java.util.concurrent.ThreadPoolExecutor.runWorker(ThreadPoolExecutor.java:1167)
11-16 08:57:02.711: W/PhenotypeConfigurationU(11203): 	at java.util.concurrent.ThreadPoolExecutor$Worker.run(ThreadPoolExecutor.java:641)
11-16 08:57:02.711: W/PhenotypeConfigurationU(11203): 	at java.lang.Thread.run(Thread.java:764)
11-16 08:57:02.713: W/BroadcastQueue(1186): Background execution not allowed: receiving Intent { act=android.intent.action.PACKAGE_ADDED dat=package:dev.androidx.ci.emptyapp flg=0x4000010 (has extras) } to com.android.musicfx/.Compatibility$Receiver
11-16 08:57:02.713: W/BroadcastQueue(1186): Background execution not allowed: receiving Intent { act=android.intent.action.PACKAGE_ADDED dat=package:dev.androidx.ci.emptyapp flg=0x4000010 (has extras) } to com.android.vending/com.google.android.finsky.packagemanager.impl.PackageMonitorReceiverImpl$RegisteredReceiver
11-16 08:57:02.714: W/BroadcastQueue(1186): Background execution not allowed: receiving Intent { act=android.intent.action.PACKAGE_ADDED dat=package:dev.androidx.ci.emptyapp flg=0x4000010 (has extras) } to com.google.android.gms/.games.chimera.GamesSystemBroadcastReceiverProxy
11-16 08:57:02.714: W/BroadcastQueue(1186): Background execution not allowed: receiving Intent { act=android.intent.action.PACKAGE_ADDED dat=package:dev.androidx.ci.emptyapp flg=0x4000010 (has extras) } to com.google.android.gms/.gass.chimera.PackageChangeBroadcastReceiver
11-16 08:57:02.714: W/BroadcastQueue(1186): Background execution not allowed: receiving Intent { act=android.intent.action.PACKAGE_ADDED dat=package:dev.androidx.ci.emptyapp flg=0x4000010 (has extras) } to com.google.android.gms/.chimera.GmsIntentOperationService$PersistentTrustedReceiver
11-16 08:57:02.714: W/BroadcastQueue(1186): Background execution not allowed: receiving Intent { act=android.intent.action.PACKAGE_ADDED dat=package:dev.androidx.ci.emptyapp flg=0x4000010 (has extras) } to com.google.android.googlequicksearchbox/com.google.android.apps.gsa.googlequicksearchbox.GelStubAppWatcher
11-16 08:57:02.714: I/CarrierServices(26673): [2] aws.a: Migration binding to RcsMigrationService
11-16 08:57:02.714: W/BroadcastQueue(1186): Background execution not allowed: receiving Intent { act=android.intent.action.PACKAGE_ADDED dat=package:dev.androidx.ci.emptyapp flg=0x4000010 (has extras) } to com.google.android.ims/.receivers.RcsAutoStartReceiver
11-16 08:57:02.716: V/BackupManagerConstants(1186): getFullBackupIntervalMilliseconds(...) returns 86400000
11-16 08:57:02.724: I/BugleDataModel(26704): RcsMigrationService: Returning RCS state provider.
11-16 08:57:02.730: I/Finsky(27171): [2] yeh.d(13): PackageMonitorReceiverImpl - Received: android.intent.action.PACKAGE_ADDED, [EoF1oDWmz7ltTwAYqC40Qzd9iSBp2xrh_kkvq80SvGg]
11-16 08:57:02.731: I/Finsky(27171): [2] yfi.g(1): Invalidating cached PackageState for dev.androidx.ci.emptyapp
11-16 08:57:02.733: D/RegisteredNfcFServicesCache(4156): Service unchanged, not updating
11-16 08:57:02.733: E/PhoneInterfaceManager(3801): [PhoneIntfMgr] getCarrierPackageNamesForIntent: No UICC
11-16 08:57:02.733: D/CarrierSvcBindHelper(3801): No carrier app for: 0
11-16 08:57:02.739: E/ExecutionCriteria(11203): Package unavailable for task: com.google.android.apps.gcs/com.google.android.flib.phenotype.services.PhenotypeExperimentCommitService{u=0 tag="PhenotypeExpCommitSvc" trigger=window{start=0s,end=30s,earliest=-4115s,latest=-4085s} requirements=[NET_ANY] attributes=[PERSISTED] scheduled=-4115s last_run=N/A exec_window_multiplier=1.0000 jid=N/A status=PENDING retries=0 client_lib=MANCHEGO_GCM-11732000} [CONTEXT service_id=218 ]
11-16 08:57:02.743: I/BugleRcsEngine(26704): [940] pot.a: Sim state is not ready. Returning last known operation mode.
11-16 08:57:02.743: I/CarrierServices(26673): [882] awt.doInBackground: Saving RCS State
11-16 08:57:02.744: I/CarrierServices(26673): [882] awt.doInBackground: Old operation mode: 0
11-16 08:57:02.744: E/VvmPkgInstalledRcvr(3801): cannot create TelephonyManager from ComponentInfo{com.android.phone/com.android.services.telephony.TelephonyConnectionService}, ***, UserHandle{0}
11-16 08:57:02.744: D/ImsResolver(3801): maybeAddedImsService, packageName: dev.androidx.ci.emptyapp
11-16 08:57:02.747: I/CarrierServices(26673): [882] awt.doInBackground: New operation mode: 0
11-16 08:57:02.748: I/CarrierServices(26673): [2] aww.a: Unbinding RcsMigrationService
11-16 08:57:02.749: D/CarrierConfigLoader(3801): mHandler: 9 phoneId: 0
11-16 08:57:02.749: I/Finsky(27171): [2] owk.d(2): Frosting ID looked up on UI thread. Caller should move to a background thread.
11-16 08:57:02.759: I/Finsky(27171): [2] amas.a(3): Do not start WearSupportService due to Wear service optimization
11-16 08:57:02.762: I/Auth(13389): [SupervisedAccountIntentOperation] onHandleIntent(): android.intent.action.PACKAGE_ADDED
11-16 08:57:02.763: W/GCM(11203): Unexpected forwarded intent: Intent { act=android.intent.action.PACKAGE_ADDED dat=package:dev.androidx.ci.emptyapp flg=0x4000010 pkg=com.google.android.gms cmp=com.google.android.gms/.chimera.PersistentIntentOperationService (has extras) }
11-16 08:57:02.764: I/BlockstoreStorage(13389): Clearing Blockstore Data for package dev.androidx.ci.emptyapp [CONTEXT service_id=258 ]
11-16 08:57:02.764: I/BlockstoreStorage(13389): No metadata found. Skipping deletion. [CONTEXT service_id=258 ]
11-16 08:57:02.765: I/Finsky(27171): [2] amas.a(3): Do not start WearSupportService due to Wear service optimization
11-16 08:57:02.766: W/GCM(11203): Unexpected forwarded intent: Intent { act=android.intent.action.PACKAGE_ADDED dat=package:dev.androidx.ci.emptyapp flg=0x4000010 pkg=com.google.android.gms cmp=com.google.android.gms/.chimera.PersistentIntentOperationService (has extras) }
11-16 08:57:02.768: I/FontLog(11203): Package dev.androidx.ci.emptyapp has no metadata [CONTEXT service_id=132 ]
11-16 08:57:02.768: W/system_server(1186): Unknown chunk type '200'.
11-16 08:57:02.772: D/BoundBrokerSvc(13389): onBind: Intent { act=com.google.android.gms.common.BIND_SHARED_PREFS pkg=com.google.android.gms }
11-16 08:57:02.772: D/BoundBrokerSvc(13389): Loading bound service for intent: Intent { act=com.google.android.gms.common.BIND_SHARED_PREFS pkg=com.google.android.gms }
11-16 08:57:02.777: W/ProviderHelper(27354): Unknown dynamite feature providerinstaller.dynamite
11-16 08:57:02.779: I/Finsky(27171): [156] jnw.a(15): [ContentSync] finished, scheduled=false
11-16 08:57:02.779: I/DynamiteModule(27354): Considering local module com.google.android.gms.providerinstaller.dynamite:1 and remote module com.google.android.gms.providerinstaller.dynamite:0
11-16 08:57:02.779: I/DynamiteModule(27354): Selected local version of com.google.android.gms.providerinstaller.dynamite
11-16 08:57:02.781: I/Finsky(27171): [2] aeak.a(8): Clearing split related stale data.
11-16 08:57:02.784: I/Finsky(27171): [2] owk.d(2): Frosting ID looked up on UI thread. Caller should move to a background thread.
11-16 08:57:02.786: D/BoundBrokerSvc(13389): onUnbind: Intent { act=com.google.android.gms.common.BIND_SHARED_PREFS pkg=com.google.android.gms }
11-16 08:57:02.802: I/Finsky(27171): [2] abzb.b(5): SCH: Jobs in database: 1-1337 10-78 12-1 24-77777777 26-1414141414 29-29 31-305419896 37-0 
11-16 08:57:02.816: V/NativeCrypto(27354): Registering com/google/android/gms/org/conscrypt/NativeCrypto's 294 native methods...
11-16 08:57:02.828: I/Finsky(27171): [2] abxn.d(37): SCH: ConstraintMapping: 10-78, 24-77777777,  -> L: 0ms, D: 78850700ms, C: false, I: true, N: 0
11-16 08:57:02.829: I/Finsky(27171): [2] abxn.d(37): SCH: ConstraintMapping: 1-1337, 12-1, 31-305419896,  -> L: 0ms, D: 39294698ms, C: false, I: false, N: 1
11-16 08:57:02.830: I/Finsky(27171): [2] abxn.d(37): SCH: ConstraintMapping: 26-1414141414, 29-29, 37-0,  -> L: 0ms, D: 0ms, C: false, I: false, N: 0
11-16 08:57:02.835: I/Finsky(27171): [2] abxn.f(7): SCH: Cancelling existing jobscheduler jobs: 9000 
11-16 08:57:02.835: I/Finsky(27171): [2] abxn.e(23): SCH: Scheduling job Id: 9001, L: 0, D: 78850700, C: false, I: true, N: 0
11-16 08:57:02.838: I/Finsky(27171): [2] abxn.e(23): SCH: Scheduling job Id: 9002, L: 0, D: 39294698, C: false, I: false, N: 1
11-16 08:57:02.839: I/Finsky(27171): [2] abxn.e(23): SCH: Scheduling job Id: 9003, L: 0, D: 0, C: false, I: false, N: 0
11-16 08:57:02.843: I/Finsky(27171): [2] acbc.onStartJob(3): SCH: onJobSchedulerWakeup with jobId 9003
11-16 08:57:02.845: I/Finsky(27171): [204] ovx.run(16): Wrote row to frosting DB: 225
11-16 08:57:02.849: I/Finsky(27171): [2] abwh.a(9): SCH: Scheduling fallback job with id: 9034, and delay: 43200000 ms
11-16 08:57:02.855: I/Finsky(27171): [2] abwh.b(9): SCH: Scheduling fallback in 64799998 (absolute: 69021958)
11-16 08:57:02.861: I/Finsky(27171): [2] acbc.onStartJob(3): SCH: onJobSchedulerWakeup with jobId 9002
11-16 08:57:02.865: I/Finsky(27171): [2] abwh.a(9): SCH: Scheduling fallback job with id: 9034, and delay: 43200000 ms
11-16 08:57:02.866: I/Finsky(27171): [204] ovx.run(16): Wrote row to frosting DB: 226
11-16 08:57:02.866: W/ChimeraUtils(11203): Module com.google.android.gms.nearby_en has empty metadata display_name_string_id
11-16 08:57:02.867: D/NetworkSecurityConfig(27354): Using Network Security Config from resource network_security_config debugBuild: false
11-16 08:57:02.869: I/ProviderInstaller(27354): Installed default security provider GmsCore_OpenSSL
11-16 08:57:02.869: I/Finsky(27171): [2] abwh.b(9): SCH: Scheduling fallback in 64799997 (absolute: 69021971)
11-16 08:57:02.870: W/PackageParser(1186): Unknown element under <manifest>: queries at /data/app/vmdl1333098185.tmp/base.apk Binary XML file line #37
11-16 08:57:02.871: W/Finsky(27171): [2] acbc.onStartJob(10): SCH: onJobSchedulerWakeup while already running
11-16 08:57:02.890: I/system_server(1186): Background concurrent copying GC freed 107582(4MB) AllocSpace objects, 55(2MB) LOS objects, 42% free, 19MB/33MB, paused 52us total 224.680ms
11-16 08:57:02.891: I/Icing(13389): Indexing com.google.android.gms-apps from com.google.android.gms
11-16 08:57:02.894: I/Finsky(27171): [210] gxq.a(12): Asset module storage cleared for package dev.androidx.ci.emptyapp.
11-16 08:57:02.937: I/Finsky(27171): [2] abwq.handleMessage(8): SCH: DeviceState: DeviceState{currentTime=1637081822933, isCharging=true, isIdle=false, netAny=true, netNotRoaming=true, netUnmetered=true, batteryPercent=100.0}
11-16 08:57:02.941: W/ChimeraUtils(11203): Module com.google.android.gms.nearby_en has empty metadata display_name_string_id
11-16 08:57:02.942: W/ChimeraUtils(11203): Module com.google.android.gms.nearby_en has empty metadata display_name_string_id
11-16 08:57:02.943: I/axnn(27354): Primes not initialized, returning default (no-op) Primes instance which will ignore all calls. Please call Primes.initialize(...) before using any Primes API.
11-16 08:57:02.944: I/GMS_MM_Logger(27354): Started.
11-16 08:57:02.948: I/Finsky(27171): [156] abzb.b(5): SCH: Jobs in database: 1-1337 10-78 12-1 24-77777777 26-1414141414 29-29 31-305419896 37-0 
11-16 08:57:02.949: I/GnssLocationProvider(1186): WakeLock acquired by sendMessage(SET_REQUEST, 0, com.android.server.location.GnssLocationProvider$GpsRequest@2ded7cf)
11-16 08:57:02.950: D/vold(611): Remounting 10172 as mode read
11-16 08:57:02.951: I/GnssLocationProvider(1186): WakeLock released by handleMessage(SET_REQUEST, 0, com.android.server.location.GnssLocationProvider$GpsRequest@2ded7cf)
11-16 08:57:02.951: I/Watchcat(27354): Started
11-16 08:57:02.953: I/Icing(13389): Indexing done com.google.android.gms-apps
11-16 08:57:02.956: D/vold(611): Remounting 10172 as mode write
11-16 08:57:02.964: I/GnssLocationProvider(1186): WakeLock acquired by sendMessage(SET_REQUEST, 0, com.android.server.location.GnssLocationProvider$GpsRequest@e132065)
11-16 08:57:02.965: I/GnssLocationProvider(1186): WakeLock released by handleMessage(SET_REQUEST, 0, com.android.server.location.GnssLocationProvider$GpsRequest@e132065)
11-16 08:57:02.969: I/Finsky(27171): [2] abwr.b(10): SCH: Running job: 31-305419896
11-16 08:57:02.971: W/Finsky(27171): [2] fjv.c(22): For unauth, use getDfeApiNonAuthenticated() instead!
11-16 08:57:02.971: W/Finsky(27171): [ 11-16 08:57:02.977   867: 1350 E/         ]
11-16 08:57:02.971: W/Finsky(27171): Couldn't opendir /data/app/vmdl1333098185.tmp: No such file or directory
11-16 08:57:02.977: E/installd(867): Failed to delete /data/app/vmdl1333098185.tmp: No such file or directory
11-16 08:57:02.981: I/system_server(1186): Waiting for a blocking GC Explicit
11-16 08:57:02.988: I/CarrierServices(26673): [2] RcsAutoStartReceiver.b: carrierServicesJibeServiceEnabled changed from true to true
11-16 08:57:02.989: I/CarrierServices(26673): [2] RcsAutoStartReceiver.b: enableRcs changed from true to true
11-16 08:57:02.990: W/BroadcastQueue(1186): Background execution not allowed: receiving Intent { act=android.intent.action.PACKAGE_ADDED dat=package:androidx.activity.test flg=0x4000010 (has extras) } to com.android.musicfx/.Compatibility$Receiver
11-16 08:57:02.990: I/CarrierServices(26673): [2] RcsAutoStartReceiver.b: RcsAutoStartReceiver triggered. Fetching RCS State. Action: android.intent.action.PACKAGE_ADDED
11-16 08:57:02.993: W/CAR.VALIDATOR.LITE(27354): Invalid version in allow list flag [ALL] [CONTEXT service_id=13 ]
11-16 08:57:02.993: W/CAR.VALIDATOR.LITE(27354): java.lang.NumberFormatException: For input string: "ALL"
11-16 08:57:02.993: W/CAR.VALIDATOR.LITE(27354): 	at java.lang.Integer.parseInt(Integer.java:615)
11-16 08:57:02.993: W/CAR.VALIDATOR.LITE(27354): 	at java.lang.Integer.parseInt(Integer.java:650)
11-16 08:57:02.993: W/CAR.VALIDATOR.LITE(27354): 	at nnu.<init>(:com.google.android.gms@213614028@21.36.14 (100400-395708125):13)
11-16 08:57:02.993: W/CAR.VALIDATOR.LITE(27354): 	at nnu.d(:com.google.android.gms@213614028@21.36.14 (100400-395708125):2)
11-16 08:57:02.993: W/CAR.VALIDATOR.LITE(27354): 	at com.google.android.gms.car.CarChimeraService.onCreate(:com.google.android.gms@213614028@21.36.14 (100400-395708125):17)
11-16 08:57:02.993: W/CAR.VALIDATOR.LITE(27354): 	at dpx.onCreate(:com.google.android.gms@213614028@21.36.14 (100400-395708125):1)
11-16 08:57:02.993: W/CAR.VALIDATOR.LITE(27354): 	at plf.onCreate(:com.google.android.gms@213614028@21.36.14 (100400-395708125):4)
11-16 08:57:02.993: W/CAR.VALIDATOR.LITE(27354): 	at android.app.ActivityThread.handleCreateService(ActivityThread.java:3570)
11-16 08:57:02.993: W/CAR.VALIDATOR.LITE(27354): 	at android.app.ActivityThread.access$1300(ActivityThread.java:200)
11-16 08:57:02.993: W/CAR.VALIDATOR.LITE(27354): 	at android.app.ActivityThread$H.handleMessage(ActivityThread.java:1672)
11-16 08:57:02.993: W/CAR.VALIDATOR.LITE(27354): 	at android.os.Handler.dispatchMessage(Handler.java:106)
11-16 08:57:02.993: W/CAR.VALIDATOR.LITE(27354): 	at android.os.Looper.loop(Looper.java:193)
11-16 08:57:02.993: W/CAR.VALIDATOR.LITE(27354): 	at android.app.ActivityThread.main(ActivityThread.java:6718)
11-16 08:57:02.993: W/CAR.VALIDATOR.LITE(27354): 	at java.lang.reflect.Method.invoke(Native Method)
11-16 08:57:02.993: W/CAR.VALIDATOR.LITE(27354): 	at com.android.internal.os.RuntimeInit$MethodAndArgsCaller.run(RuntimeInit.java:493)
11-16 08:57:02.993: W/CAR.VALIDATOR.LITE(27354): 	at com.android.internal.os.ZygoteInit.main(ZygoteInit.java:858)
11-16 08:57:02.993: I/CarrierServices(26673): [2] aws.a: Migration binding to RcsMigrationService
11-16 08:57:02.995: W/BroadcastQueue(1186): Background execution not allowed: receiving Intent { act=android.intent.action.PACKAGE_ADDED dat=package:androidx.activity.test flg=0x4000010 (has extras) } to com.android.vending/com.google.android.finsky.packagemanager.impl.PackageMonitorReceiverImpl$RegisteredReceiver
11-16 08:57:02.996: W/BroadcastQueue(1186): Background execution not allowed: receiving Intent { act=android.intent.action.PACKAGE_ADDED dat=package:androidx.activity.test flg=0x4000010 (has extras) } to com.google.android.gms/.games.chimera.GamesSystemBroadcastReceiverProxy
11-16 08:57:02.996: W/BroadcastQueue(1186): Background execution not allowed: receiving Intent { act=android.intent.action.PACKAGE_ADDED dat=package:androidx.activity.test flg=0x4000010 (has extras) } to com.google.android.gms/.gass.chimera.PackageChangeBroadcastReceiver
11-16 08:57:02.996: W/BroadcastQueue(1186): Background execution not allowed: receiving Intent { act=android.intent.action.PACKAGE_ADDED dat=package:androidx.activity.test flg=0x4000010 (has extras) } to com.google.android.gms/.chimera.GmsIntentOperationService$PersistentTrustedReceiver
11-16 08:57:02.996: W/BroadcastQueue(1186): Background execution not allowed: receiving Intent { act=android.intent.action.PACKAGE_ADDED dat=package:androidx.activity.test flg=0x4000010 (has extras) } to com.google.android.googlequicksearchbox/com.google.android.apps.gsa.googlequicksearchbox.GelStubAppWatcher
11-16 08:57:02.996: W/BroadcastQueue(1186): Background execution not allowed: receiving Intent { act=android.intent.action.PACKAGE_ADDED dat=package:androidx.activity.test flg=0x4000010 (has extras) } to com.google.android.ims/.receivers.RcsAutoStartReceiver
11-16 08:57:02.998: I/BugleDataModel(26704): RcsMigrationService: Returning RCS state provider.
11-16 08:57:03.004: D/RegisteredNfcFServicesCache(4156): Service unchanged, not updating
11-16 08:57:03.004: I/Telecom(1186): DefaultDialerCache: Refreshing default dialer for user 0: now com.google.android.dialer: DDC.oR@AKI
11-16 08:57:03.006: I/BugleRcsEngine(26704): [868] pot.a: Sim state is not ready. Returning last known operation mode.
11-16 08:57:03.007: I/CarrierServices(26673): [883] awt.doInBackground: Saving RCS State
11-16 08:57:03.008: I/CarrierServices(26673): [883] awt.doInBackground: Old operation mode: 0
11-16 08:57:03.008: I/CarrierServices(26673): [883] awt.doInBackground: New operation mode: 0
11-16 08:57:03.009: I/CarrierServices(26673): [2] aww.a: Unbinding RcsMigrationService
11-16 08:57:03.028: V/BackupManagerConstants(1186): getFullBackupIntervalMilliseconds(...) returns 86400000
11-16 08:57:03.031: W/GCM(11203): Unexpected forwarded intent: Intent { act=android.intent.action.PACKAGE_ADDED dat=package:androidx.activity.test flg=0x4000010 pkg=com.google.android.gms cmp=com.google.android.gms/.chimera.PersistentIntentOperationService (has extras) }
11-16 08:57:03.033: W/GCM(11203): Unexpected forwarded intent: Intent { act=android.intent.action.PACKAGE_ADDED dat=package:androidx.activity.test flg=0x4000010 pkg=com.google.android.gms cmp=com.google.android.gms/.chimera.PersistentIntentOperationService (has extras) }
11-16 08:57:03.033: I/FontLog(11203): Package androidx.activity.test has no metadata [CONTEXT service_id=132 ]
11-16 08:57:03.042: I/Auth(13389): [SupervisedAccountIntentOperation] onHandleIntent(): android.intent.action.PACKAGE_ADDED
11-16 08:57:03.043: D/ImsResolver(3801): maybeAddedImsService, packageName: androidx.activity.test
11-16 08:57:03.044: E/PhoneInterfaceManager(3801): [PhoneIntfMgr] getCarrierPackageNamesForIntent: No UICC
11-16 08:57:03.044: D/CarrierSvcBindHelper(3801): No carrier app for: 0
11-16 08:57:03.045: I/BlockstoreStorage(13389): Clearing Blockstore Data for package androidx.activity.test [CONTEXT service_id=258 ]
11-16 08:57:03.048: I/BlockstoreStorage(13389): No metadata found. Skipping deletion. [CONTEXT service_id=258 ]
11-16 08:57:03.049: D/BoundBrokerSvc(13389): onBind: Intent { act=com.google.android.gms.common.BIND_SHARED_PREFS pkg=com.google.android.gms }
11-16 08:57:03.049: D/BoundBrokerSvc(13389): Loading bound service for intent: Intent { act=com.google.android.gms.common.BIND_SHARED_PREFS pkg=com.google.android.gms }
11-16 08:57:03.051: E/VvmPkgInstalledRcvr(3801): cannot create TelephonyManager from ComponentInfo{com.android.phone/com.android.services.telephony.TelephonyConnectionService}, ***, UserHandle{0}
11-16 08:57:03.051: D/CarrierConfigLoader(3801): mHandler: 9 phoneId: 0
11-16 08:57:03.069: I/Finsky(27171): [2] abwr.b(10): SCH: Running job: 37-0
11-16 08:57:03.083: D/BoundBrokerSvc(13389): onUnbind: Intent { act=com.google.android.gms.common.BIND_SHARED_PREFS pkg=com.google.android.gms }
11-16 08:57:03.091: W/ChimeraUtils(11203): Module com.google.android.gms.nearby_en has empty metadata display_name_string_id
11-16 08:57:03.107: I/DynamiteModule(27354): Considering local module com.google.android.gms.googlecertificates:6 and remote module com.google.android.gms.googlecertificates:6
11-16 08:57:03.107: I/DynamiteModule(27354): Selected local version of com.google.android.gms.googlecertificates
11-16 08:57:03.127: I/Finsky(27171): [2] LanguageSplitInstallEventJob.d(5): Clear bulk acquire cache.
11-16 08:57:03.129: I/Finsky(27171): [166] hzi.h(3): Commerce cache was cleared.
11-16 08:57:03.129: I/Finsky(27171): [2] ajki.a(1): Checking for new language splits.
11-16 08:57:03.130: I/Finsky(27171): [2] ajki.a(2): Updating language store, changed to [en]
11-16 08:57:03.132: W/ChimeraUtils(11203): Module com.google.android.gms.nearby_en has empty metadata display_name_string_id
11-16 08:57:03.133: W/ChimeraUtils(11203): Module com.google.android.gms.nearby_en has empty metadata display_name_string_id
11-16 08:57:03.133: I/Finsky(27171): [2] alsm.b(5): Clearing cache.
11-16 08:57:03.135: D/Volley(27171): [168] alsu.e: Cache cleared.
11-16 08:57:03.138: I/Finsky(27171): [171] lth.l(1): Account name null when calculating account hash
11-16 08:57:03.138: I/Finsky(27171): [183] ajjw.a(14): Existing languages: []
11-16 08:57:03.139: D/CAR.CLIENT(4312): onICarAvailable
11-16 08:57:03.147: I/Finsky(27171): [183] ajjz.a(24): Language change to [en], of which [en] are new, removed [].
11-16 08:57:03.154: I/Finsky(27171): [183] ajkf.a(16): Language store updated - wasNewLanguageAdded=true
11-16 08:57:03.158: I/GH.CarApiClientManager(4312): connected
11-16 08:57:03.158: D/GH.CarApiClientManager(4312): calling onConnected on cqq@8813e3f
11-16 08:57:03.158: D/GH.FeedbackNotifManager(4312): Starting FeedbackNotificationManager.
11-16 08:57:03.160: D/Volley(27171): [212] alsu.e: Cache cleared.
11-16 08:57:03.160: I/GH.HatsManager(4312): HaTS feature flag is not enabled. Not starting HatsManager.
11-16 08:57:03.160: D/GH.RatingPromptManager(4312): Starting RatingPromptManager.
11-16 08:57:03.163: I/Finsky(27171): [151] ajia.run(13): Checking for language splits...
11-16 08:57:03.166: D/GH.AutoLaunchPromptMgr(4312): AutoLaunchPromptManager disabled.
11-16 08:57:03.166: D/GH.CarApiClientManager(4312): notifying listener that the client was already connected
11-16 08:57:03.167: D/GH.CarApiClientManager(4312): registered listener cqp@4006b11
11-16 08:57:03.167: D/GH.CarApiClientManager(4312): unregistered listener cqq@8813e3f
11-16 08:57:03.169: D/Volley(27171): [2] alst.e: Cache cleared.
11-16 08:57:03.174: D/CAR.CLIENT(4312): onICarAvailable
11-16 08:57:03.186: I/gle.android.gm(13389): Background concurrent copying GC freed 169371(8MB) AllocSpace objects, 44(1720KB) LOS objects, 49% free, 11MB/22MB, paused 33us total 106.470ms
11-16 08:57:03.187: I/Finsky(27171): [2] abwq.handleMessage(59): SCH: RunningQueue size: 2, PendingQueue size: 0
11-16 08:57:03.187: I/system_server(1186): Background concurrent copying GC freed 55475(2MB) AllocSpace objects, 21(932KB) LOS objects, 42% free, 18MB/32MB, paused 54us total 202.303ms
11-16 08:57:03.188: I/Finsky(27171): [2] abwr.p(3): SCH: Running queue: 31-305419896 37-0 
11-16 08:57:03.188: I/system_server(1186): WaitForGcToComplete blocked Explicit on HeapTrim for 206.961ms
11-16 08:57:03.190: I/Finsky(27171): [2] yeh.d(13): PackageMonitorReceiverImpl - Received: android.intent.action.PACKAGE_ADDED, [VI3IcbPSNYvAYLNifExAykAmt6qe3aPJ9Iol-5qnxB0]
11-16 08:57:03.192: I/Finsky(27171): [2] yfi.g(1): Invalidating cached PackageState for androidx.activity.test
11-16 08:57:03.212: I/Finsky(27171): [204] ovx.run(16): Wrote row to frosting DB: 227
11-16 08:57:03.238: I/Finsky(27171): [2] owk.d(2): Frosting ID looked up on UI thread. Caller should move to a background thread.
11-16 08:57:03.245: I/Finsky(27171): [2] amas.a(3): Do not start WearSupportService due to Wear service optimization
11-16 08:57:03.248: I/Finsky(27171): [2] amas.a(3): Do not start WearSupportService due to Wear service optimization
11-16 08:57:03.250: I/Finsky(27171): [2] aeak.a(8): Clearing split related stale data.
11-16 08:57:03.253: I/Finsky(27171): [156] jnw.a(15): [ContentSync] finished, scheduled=false
11-16 08:57:03.256: I/Finsky(27171): [2] owk.d(2): Frosting ID looked up on UI thread. Caller should move to a background thread.
11-16 08:57:03.259: I/Finsky(27171): [210] gxq.a(12): Asset module storage cleared for package androidx.activity.test.
11-16 08:57:03.260: I/GAv4(27300): Google Analytics 18.8.27 is starting up. To enable debug logging on a device run:
11-16 08:57:03.260: I/GAv4(27300):   adb shell setprop log.tag.GAv4 DEBUG
11-16 08:57:03.260: I/GAv4(27300):   adb logcat -s GAv4
11-16 08:57:03.264: I/Finsky(27171): [204] ovx.run(16): Wrote row to frosting DB: 228
11-16 08:57:03.282: I/Icing(13389): Indexing com.google.android.gms-apps from com.google.android.gms
11-16 08:57:03.295: I/system_server(1186): Explicit concurrent copying GC freed 37651(2MB) AllocSpace objects, 13(452KB) LOS objects, 42% free, 16MB/28MB, paused 137us total 106.887ms
11-16 08:57:03.317: I/InputReader(1186): Reconfiguring input devices.  changes=0x00000010
11-16 08:57:03.320: W/GAv4(27300): CampaignTrackingReceiver is not registered, not exported or is disabled. Installation campaign tracking is not possible. See http://goo.gl/8Rd3yj for instructions.
11-16 08:57:03.334: W/PrimesInit(27300): Primes instant initialization
11-16 08:57:03.335: W/Primes(27300): background initialization
11-16 08:57:03.366: I/Bugle(26704): VerifiedSmsStartupTask: Checking if Verified SMS tasks should be enqueued.
11-16 08:57:03.366: I/Bugle(26704): VerifiedSmsStartupTask: Not enqueuing Verified SMS periodic task, Verified SMS is disabled.
11-16 08:57:03.377: D/AndroidRuntime(27474): >>>>>> START com.android.internal.os.RuntimeInit uid 2000 <<<<<<
11-16 08:57:03.398: W/FieldDefinition(27300): [main] Ignoring isIndexed constraint as field also has uniqueness constraint (on just this field, and therefore SQLite will have to create an index on that. For field: cxk$b@a1228ef
11-16 08:57:03.406: I/Icing(13389): Indexing done com.google.android.gms-apps
11-16 08:57:03.431: I/app_process(27474): The ClassLoaderContext is a special shared library.
11-16 08:57:03.453: D/AndroidRuntime(27474): Calling main entry com.android.commands.am.Am
11-16 08:57:03.458: I/ActivityManager(1186): Force stopping com.google.android.apps.mtaas.tools appid=10156 user=0: start instr
11-16 08:57:03.473: I/ActivityManager(1186): Start proc 27495:com.google.android.apps.mtaas.tools/u0a156 for added application com.google.android.apps.mtaas.tools
11-16 08:57:03.477: E/pps.mtaas.tool(27495): Not starting debugger since process cannot load the jdwp agent.
11-16 08:57:03.495: I/pps.mtaas.tool(27495): The ClassLoaderContext is a special shared library.
11-16 08:57:03.510: D/DumpStaticPerfEnv(27495): Instrumentation completed successfully
11-16 08:57:03.510: I/ActivityManager(1186): Force stopping com.google.android.apps.mtaas.tools appid=10156 user=0: finished inst
11-16 08:57:03.510: I/ActivityManager(1186): Killing 27495:com.google.android.apps.mtaas.tools/u0a156 (adj 0): stop com.google.android.apps.mtaas.tools
11-16 08:57:03.511: W/libprocessgroup(1186): kill(-27495, 9) failed: No such process
11-16 08:57:03.511: W/Binder(1186): Outgoing transactions from this process must be FLAG_ONEWAY
11-16 08:57:03.511: W/Binder(1186): java.lang.Throwable
11-16 08:57:03.511: W/Binder(1186): 	at android.os.BinderProxy.transact(Binder.java:1116)
11-16 08:57:03.511: W/Binder(1186): 	at android.app.IInstrumentationWatcher$Stub$Proxy.instrumentationFinished(IInstrumentationWatcher.java:164)
11-16 08:57:03.511: W/Binder(1186): 	at com.android.server.am.InstrumentationReporter$MyThread.run(InstrumentationReporter.java:86)
11-16 08:57:03.513: D/AndroidRuntime(27474): Shutting down VM
11-16 08:57:03.517: I/Zygote(735): Process 27495 exited due to signal (9)
11-16 08:57:03.532: W/libprocessgroup(1186): kill(-27495, 9) failed: No such process
11-16 08:57:03.532: I/libprocessgroup(1186): Successfully killed process cgroup uid 10156 pid 27495 in 21ms
11-16 08:57:03.577: W/ComponentDiscovery(27300): Application info not found.
11-16 08:57:03.577: W/ComponentDiscovery(27300): Could not retrieve metadata, returning empty list of registrars.
11-16 08:57:03.600: I/ActivityManager(1186): Start proc 27524:com.google.android.apps.maps/u0a102 for broadcast com.google.android.apps.maps/com.google.android.apps.gmm.notification.channels.NotificationChannelBroadcastReceiver
11-16 08:57:03.607: E/droid.apps.map(27524): Not starting debugger since process cannot load the jdwp agent.
11-16 08:57:03.628: I/droid.apps.map(27524): The ClassLoaderContext is a special shared library.
11-16 08:57:03.656: E/akgg(11203): Phenotype API error. Event # btlq@134061a8, EventCode: 32 [CONTEXT service_id=51 ]
11-16 08:57:03.656: E/akgg(11203): akfs: 29503
11-16 08:57:03.656: E/akgg(11203): 	at akhi.e(:com.google.android.gms@213614028@21.36.14 (100400-395708125):19)
11-16 08:57:03.656: E/akgg(11203): 	at akgg.d(:com.google.android.gms@213614028@21.36.14 (100400-395708125):4)
11-16 08:57:03.656: E/akgg(11203): 	at akgg.f(:com.google.android.gms@213614028@21.36.14 (100400-395708125):2)
11-16 08:57:03.656: E/akgg(11203): 	at xna.run(:com.google.android.gms@213614028@21.36.14 (100400-395708125):17)
11-16 08:57:03.656: E/akgg(11203): 	at bfyg.run(:com.google.android.gms@213614028@21.36.14 (100400-395708125):2)
11-16 08:57:03.656: E/akgg(11203): 	at rgh.c(:com.google.android.gms@213614028@21.36.14 (100400-395708125):6)
11-16 08:57:03.656: E/akgg(11203): 	at rgh.run(:com.google.android.gms@213614028@21.36.14 (100400-395708125):7)
11-16 08:57:03.656: E/akgg(11203): 	at java.util.concurrent.ThreadPoolExecutor.runWorker(ThreadPoolExecutor.java:1167)
11-16 08:57:03.656: E/akgg(11203): 	at java.util.concurrent.ThreadPoolExecutor$Worker.run(ThreadPoolExecutor.java:641)
11-16 08:57:03.656: E/akgg(11203): 	at rkn.run(:com.google.android.gms@213614028@21.36.14 (100400-395708125):0)
11-16 08:57:03.656: E/akgg(11203): 	at java.lang.Thread.run(Thread.java:764)
11-16 08:57:03.657: E/AsyncOperation(11203): operation=SetAppSpecificPropertiesOperationCall, opStatusCode=29503 [CONTEXT service_id=51 ]
11-16 08:57:03.657: E/AsyncOperation(11203): OperationException[Status{statusCode=unknown status code: 29503, resolution=null}]
11-16 08:57:03.657: E/AsyncOperation(11203): 	at akgg.d(:com.google.android.gms@213614028@21.36.14 (100400-395708125):6)
11-16 08:57:03.657: E/AsyncOperation(11203): 	at akgg.f(:com.google.android.gms@213614028@21.36.14 (100400-395708125):2)
11-16 08:57:03.657: E/AsyncOperation(11203): 	at xna.run(:com.google.android.gms@213614028@21.36.14 (100400-395708125):17)
11-16 08:57:03.657: E/AsyncOperation(11203): 	at bfyg.run(:com.google.android.gms@213614028@21.36.14 (100400-395708125):2)
11-16 08:57:03.657: E/AsyncOperation(11203): 	at rgh.c(:com.google.android.gms@213614028@21.36.14 (100400-395708125):6)
11-16 08:57:03.657: E/AsyncOperation(11203): 	at rgh.run(:com.google.android.gms@213614028@21.36.14 (100400-395708125):7)
11-16 08:57:03.657: E/AsyncOperation(11203): 	at java.util.concurrent.ThreadPoolExecutor.runWorker(ThreadPoolExecutor.java:1167)
11-16 08:57:03.657: E/AsyncOperation(11203): 	at java.util.concurrent.ThreadPoolExecutor$Worker.run(ThreadPoolExecutor.java:641)
11-16 08:57:03.657: E/AsyncOperation(11203): 	at rkn.run(:com.google.android.gms@213614028@21.36.14 (100400-395708125):0)
11-16 08:57:03.657: E/AsyncOperation(11203): 	at java.lang.Thread.run(Thread.java:764)
11-16 08:57:03.683: W/Finsky(27171): [151] fjv.c(22): For unauth, use getDfeApiNonAuthenticated() instead!
11-16 08:57:03.683: I/Finsky(27171): [151] fjv.f(2): getDfeApiOrNonauthenticated is returning unauth api
11-16 08:57:03.730: D/AndroidRuntime(27530): >>>>>> START com.android.internal.os.RuntimeInit uid 2000 <<<<<<
11-16 08:57:03.737: I/Finsky(27171): [174] lth.l(1): Account name null when calculating account hash
11-16 08:57:03.781: I/app_process(27530): The ClassLoaderContext is a special shared library.
11-16 08:57:03.803: D/AndroidRuntime(27530): Calling main entry com.android.commands.am.Am
11-16 08:57:03.807: I/ActivityManager(1186): Force stopping com.google.android.apps.mtaas.tools appid=10156 user=0: start instr
11-16 08:57:03.822: I/ActivityManager(1186): Start proc 27548:com.google.android.apps.mtaas.tools/u0a156 for added application com.google.android.apps.mtaas.tools
11-16 08:57:03.824: E/pps.mtaas.tool(27548): Not starting debugger since process cannot load the jdwp agent.
11-16 08:57:03.839: I/pps.mtaas.tool(27548): The ClassLoaderContext is a special shared library.
11-16 08:57:03.849: D/GetPackageUid(27548): Instrumentation completed successfully
11-16 08:57:03.849: I/ActivityManager(1186): Force stopping com.google.android.apps.mtaas.tools appid=10156 user=0: finished inst
11-16 08:57:03.850: I/ActivityManager(1186): Killing 27548:com.google.android.apps.mtaas.tools/u0a156 (adj 0): stop com.google.android.apps.mtaas.tools
11-16 08:57:03.850: W/Binder(1186): Outgoing transactions from this process must be FLAG_ONEWAY
11-16 08:57:03.850: W/Binder(1186): java.lang.Throwable
11-16 08:57:03.850: W/Binder(1186): 	at android.os.BinderProxy.transact(Binder.java:1116)
11-16 08:57:03.850: W/Binder(1186): 	at android.app.IInstrumentationWatcher$Stub$Proxy.instrumentationFinished(IInstrumentationWatcher.java:164)
11-16 08:57:03.850: W/Binder(1186): 	at com.android.server.am.InstrumentationReporter$MyThread.run(InstrumentationReporter.java:86)
11-16 08:57:03.850: W/libprocessgroup(1186): kill(-27548, 9) failed: No such process
11-16 08:57:03.852: D/AndroidRuntime(27530): Shutting down VM
11-16 08:57:03.856: I/Zygote(735): Process 27548 exited due to signal (9)
11-16 08:57:03.860: W/libprocessgroup(1186): kill(-27548, 9) failed: No such process
11-16 08:57:03.860: I/libprocessgroup(1186): Successfully killed process cgroup uid 10156 pid 27548 in 10ms
11-16 08:57:03.976: E/Volley(27171): [171] ddz.a: Unexpected response code 404 for https://play-fe.googleapis.com/fdfe/deviceSettings
11-16 08:57:03.980: W/Finsky(27171): [171] fla.h(9): IOException while manually unzipping request.
11-16 08:57:03.985: E/Finsky(27171): [163] lwd.b(5): Error getting device settings.
11-16 08:57:03.985: E/Finsky(27171): network time: 908, HTTP status code: 404, exception com.android.volley.ClientError
11-16 08:57:03.985: E/Finsky(27171): 	at wcl.hn(Unknown Source:4)
11-16 08:57:03.985: E/Finsky(27171): 	at ddj.r(PG:2)
11-16 08:57:03.985: E/Finsky(27171): 	at fcf.r(PG:3)
11-16 08:57:03.985: E/Finsky(27171): 	at ddc.run(PG:3)
11-16 08:57:03.985: E/Finsky(27171): 	at android.os.Handler.handleCallback(Handler.java:873)
11-16 08:57:03.985: E/Finsky(27171): 	at android.os.Handler.dispatchMessage(Handler.java:99)
11-16 08:57:03.985: E/Finsky(27171): 	at android.os.Looper.loop(Looper.java:193)
11-16 08:57:03.985: E/Finsky(27171): 	at android.app.ActivityThread.main(ActivityThread.java:6718)
11-16 08:57:03.985: E/Finsky(27171): 	at java.lang.reflect.Method.invoke(Native Method)
11-16 08:57:03.985: E/Finsky(27171): 	at com.android.internal.os.RuntimeInit$MethodAndArgsCaller.run(RuntimeInit.java:493)
11-16 08:57:03.985: E/Finsky(27171): 	at com.android.internal.os.ZygoteInit.main(ZygoteInit.java:858)
11-16 08:57:03.985: E/Finsky(27171): [163] lvw.b(1): Error while refreshing device settings: network time: 908, HTTP status code: 404, exception com.android.volley.ClientError. Retrying.
11-16 08:57:03.985: E/Finsky(27171): network time: 908, HTTP status code: 404, exception com.android.volley.ClientError
11-16 08:57:03.985: E/Finsky(27171): 	at wcl.hn(Unknown Source:4)
11-16 08:57:03.985: E/Finsky(27171): 	at ddj.r(PG:2)
11-16 08:57:03.985: E/Finsky(27171): 	at fcf.r(PG:3)
11-16 08:57:03.985: E/Finsky(27171): 	at ddc.run(PG:3)
11-16 08:57:03.985: E/Finsky(27171): 	at android.os.Handler.handleCallback(Handler.java:873)
11-16 08:57:03.985: E/Finsky(27171): 	at android.os.Handler.dispatchMessage(Handler.java:99)
11-16 08:57:03.985: E/Finsky(27171): 	at android.os.Looper.loop(Looper.java:193)
11-16 08:57:03.985: E/Finsky(27171): 	at android.app.ActivityThread.main(ActivityThread.java:6718)
11-16 08:57:03.985: E/Finsky(27171): 	at java.lang.reflect.Method.invoke(Native Method)
11-16 08:57:03.985: E/Finsky(27171): 	at com.android.internal.os.RuntimeInit$MethodAndArgsCaller.run(RuntimeInit.java:493)
11-16 08:57:03.985: E/Finsky(27171): 	at com.android.internal.os.ZygoteInit.main(ZygoteInit.java:858)
11-16 08:57:03.989: I/Finsky(27171): [163] abya.n(4): SCH: jobFinished: 31-305419896. TimeElapsed: 1019ms.
11-16 08:57:03.992: I/Finsky(27171): [2] abwr.e(7): SCH: Job 31-305419896 finished. Rescheduling.
11-16 08:57:03.995: I/Finsky(27171): [2] abwq.handleMessage(59): SCH: RunningQueue size: 1, PendingQueue size: 0
11-16 08:57:03.996: I/Finsky(27171): [2] abwr.p(3): SCH: Running queue: 37-0 
11-16 08:57:04.322: W/ActivityManager(1186): Background start not allowed: service Intent { cmp=com.google.android.apps.messaging/.shared.datamodel.action.execution.ActionExecutorImpl$EmptyService } to com.google.android.apps.messaging/.shared.datamodel.action.execution.ActionExecutorImpl$EmptyService from pid=26704 uid=10111 pkg=com.google.android.apps.messaging startFg?=false
