11-16 08:56:55.871: V/ActivityScenario(19424): Activity lifecycle changed event received but ignored because the intent does not match. startActivityIntent=Intent { act=android.intent.action.MAIN cat=[android.intent.category.LAUNCHER] cmp=androidx.activity.ktx.test/androidx.activity.result.EmptyContentActivity }, activity.getIntent()=Intent { act=android.intent.action.MAIN cat=[android.intent.category.LAUNCHER] flg=0x10008000 cmp=androidx.activity.ktx.test/androidx.test.core.app.InstrumentationActivityInvoker$BootstrapActivity (has extras) }, activity=androidx.test.core.app.InstrumentationActivityInvoker$BootstrapActivity@fbcc6f2
11-16 08:56:55.872: W/StorageManager(18275): fallocate() not supported; falling back to ftruncate()
11-16 08:56:55.873: I/BackdropActivity(18237): onResume()
11-16 08:56:55.876: D/LifecycleMonitor(19424): Lifecycle status change: androidx.test.core.app.InstrumentationActivityInvoker$BootstrapActivity@fbcc6f2 in: DESTROYED
11-16 08:56:55.876: V/ActivityScenario(19424): Activity lifecycle changed event received but ignored because the intent does not match. startActivityIntent=Intent { act=android.intent.action.MAIN cat=[android.intent.category.LAUNCHER] cmp=androidx.activity.ktx.test/androidx.activity.result.EmptyContentActivity }, activity.getIntent()=Intent { act=android.intent.action.MAIN cat=[android.intent.category.LAUNCHER] flg=0x10008000 cmp=androidx.activity.ktx.test/androidx.test.core.app.InstrumentationActivityInvoker$BootstrapActivity (has extras) }, activity=androidx.test.core.app.InstrumentationActivityInvoker$BootstrapActivity@fbcc6f2
11-16 08:56:55.879: I/ActivityManager(1151): Activity requesting to dismiss Keyguard: ActivityRecord{b1641cd u0 com.google.android.apps.mtaas.backdrop/.BackdropActivity t4}
11-16 08:56:55.895: I/GoogleInputMethod(3633): onFinishInput() : Dummy InputConnection bound
11-16 08:56:55.896: I/GoogleInputMethod(3633): onStartInput() : Dummy InputConnection bound
11-16 08:56:55.898: I/MonitoringInstr(19424): Unstopped activity count: 1
11-16 08:56:55.900: E/WifiHAL(789): wifi_get_ring_data: Error -5 happened. 
11-16 08:56:55.901: E/WifiVendorHal(1151): getRingBufferData(l.2057) failed {.code = ERROR_INVALID_ARGS, .description = }
11-16 08:56:55.910: D/LifecycleMonitor(19424): Lifecycle status change: androidx.activity.result.EmptyContentActivity@6d0ac6d in: STOPPED
11-16 08:56:55.910: V/ActivityScenario(19424): Update currentActivityStage to STOPPED, currentActivity=androidx.activity.result.EmptyContentActivity@6d0ac6d
11-16 08:56:55.911: D/LifecycleMonitor(19424): Lifecycle status change: androidx.activity.result.EmptyContentActivity@6d0ac6d in: DESTROYED
11-16 08:56:55.911: V/ActivityScenario(19424): Update currentActivityStage to DESTROYED, currentActivity=null
11-16 08:56:55.924: W/SurfaceFlinger(644): Attempting to destroy on removed layer: AppWindowToken{820f420 token=Token{cb15723 ActivityRecord{bb72852 u0 androidx.activity.ktx.test/androidx.activity.result.EmptyContentActivity t7}}}#0
11-16 08:56:55.929: D/wifi-jni(1151): no kernel logs
11-16 08:56:55.949: I/TestRunner(19424): started: testUnitLaunch(androidx.activity.result.ActivityResultLauncherTest)
11-16 08:56:55.954: I/TestRunner(19424): finished: testUnitLaunch(androidx.activity.result.ActivityResultLauncherTest)
11-16 08:56:55.959: I/TestRunner(19424): started: testDestructure(androidx.activity.result.ActivityResultTest)
11-16 08:56:55.964: I/TestRunner(19424): finished: testDestructure(androidx.activity.result.ActivityResultTest)
11-16 08:56:55.967: I/dex2oat(19797): The ClassLoaderContext is a special shared library.
11-16 08:56:55.968: W/HomeApp|huv(19613): Can't load devices as there is no network connection! Will retry later.
11-16 08:56:55.968: I/TestRunner(19424): run finished: 11 tests, 0 failed, 0 ignored
11-16 08:56:55.968: I/dex2oat(19797): /system/bin/dex2oat --dex-file=/data/user/0/com.google.android.googlequicksearchbox/files/velour/verified_jars/JkypVPMhDohv1875CeSftSg_1.jar --output-vdex-fd=87 --oat-fd=90 --oat-location=/data/user/0/com.google.android.googlequicksearchbox/files/velour/verified_jars/oat/arm64/JkypVPMhDohv1875CeSftSg_1.odex --compiler-filter=quicken --class-loader-context=&
11-16 08:56:55.982: I/MonitoringInstr(19424): waitForActivitiesToComplete() took: 0ms
11-16 08:56:55.983: I/ActivityManager(1151): Force stopping androidx.activity.ktx.test appid=10172 user=0: finished inst
11-16 08:56:55.983: I/ActivityManager(1151): Killing 19424:androidx.activity.ktx.test/u0a172 (adj 0): stop androidx.activity.ktx.test
11-16 08:56:55.983: W/Binder(1151): Outgoing transactions from this process must be FLAG_ONEWAY
11-16 08:56:55.983: W/Binder(1151): java.lang.Throwable
11-16 08:56:55.983: W/Binder(1151): 	at android.os.BinderProxy.transact(Binder.java:1116)
11-16 08:56:55.983: W/Binder(1151): 	at android.app.IInstrumentationWatcher$Stub$Proxy.instrumentationFinished(IInstrumentationWatcher.java:164)
11-16 08:56:55.983: W/Binder(1151): 	at com.android.server.am.InstrumentationReporter$MyThread.run(InstrumentationReporter.java:86)
11-16 08:56:55.984: D/AndroidRuntime(19382): Shutting down VM
11-16 08:56:55.991: E/NotificationService(1151): Muting recently noisy 0|com.google.android.apps.mtaas.backdrop|1|null|10163
11-16 08:56:55.994: W/libprocessgroup(1151): kill(-19424, 9) failed: No such process
11-16 08:56:56.003: I/system_server(1151): NativeAlloc concurrent copying GC freed 156607(7MB) AllocSpace objects, 80(3MB) LOS objects, 42% free, 20MB/35MB, paused 61us total 261.367ms
11-16 08:56:56.006: I/ActivityManager(1151): Start proc 19810:com.google.android.apps.messaging/u0a111 for service com.google.android.apps.messaging/.shared.datamodel.action.execution.ActionJobService
11-16 08:56:56.010: I/Telecom(1151): DefaultDialerCache: Refreshing default dialer for user 0: now com.google.android.dialer: DDC.oR@AKg
11-16 08:56:56.012: I/InputReader(1151): Reconfiguring input devices.  changes=0x00000010
11-16 08:56:56.012: I/Zygote(740): Process 19424 exited due to signal (9)
11-16 08:56:56.019: W/ActivityManager(1151): setHasOverlayUi called on unknown pid: 19424
11-16 08:56:56.021: E/.apps.messagin(19810): Not starting debugger since process cannot load the jdwp agent.
11-16 08:56:56.021: D/RegisteredNfcFServicesCache(4128): Service unchanged, not updating
11-16 08:56:56.038: W/libprocessgroup(1151): kill(-19424, 9) failed: No such process
11-16 08:56:56.038: I/libprocessgroup(1151): Successfully killed process cgroup uid 10172 pid 19424 in 43ms
11-16 08:56:56.049: I/PeopleGalProvider(13100): Gal directories started.
11-16 08:56:56.061: I/.apps.messagin(19810): The ClassLoaderContext is a special shared library.
11-16 08:56:56.063: E/system_server(1151): No package ID 7f found for ID 0x7f080273.
11-16 08:56:56.064: E/system_server(1151): No package ID 7f found for ID 0x7f19000b.
11-16 08:56:56.069: W/system_server(1151): Unknown chunk type '200'.
11-16 08:56:56.072: I/InputReader(1151): Reconfiguring input devices.  changes=0x00000010
11-16 08:56:56.075: I/PeopleGalProvider(13100): Method 1 completed.
11-16 08:56:56.075: I/PeopleGalProvider(13100): Method 1 finished successfully.
11-16 08:56:56.076: I/Telecom(1151): DefaultDialerCache: Refreshing default dialer for user 0: now com.google.android.dialer: DDC.oR@AKk
11-16 08:56:56.081: D/RegisteredNfcFServicesCache(4128): Service unchanged, not updating
11-16 08:56:56.082: I/dex2oat(19797): dex2oat took 119.500ms (52.202ms cpu) (threads: 8) arena alloc=4KB (4256B) java alloc=16KB (16400B) native alloc=808KB (827432B) free=1239KB (1269720B)
11-16 08:56:56.094: W/earchbox:searc(10019): Skipping duplicate class check due to unsupported classloader
11-16 08:56:56.094: E/PhoneInterfaceManager(3785): [PhoneIntfMgr] getCarrierPackageNamesForIntent: No UICC
11-16 08:56:56.094: D/CarrierSvcBindHelper(3785): No carrier app for: 0
11-16 08:56:56.094: D/ImsResolver(3785): maybeAddedImsService, packageName: com.android.vending
11-16 08:56:56.106: I/Fitness(10485): OnPackageChangedOperation got intent: Intent { act=android.intent.action.PACKAGE_CHANGED dat=package:com.android.vending flg=0x45000010 pkg=com.google.android.gms cmp=com.google.android.gms/.chimera.PersistentIntentOperationService (has extras) } [CONTEXT service_id=17 ]
11-16 08:56:56.109: D/DownloadManager(18275): [83] Finished with status SUCCESS
11-16 08:56:56.111: W/SearchServiceCore(10019): Abort, client detached.
11-16 08:56:56.112: W/SearchServiceCore(10019): Abort, client detached.
11-16 08:56:56.116: I/BgTaskExecutorImpl(10019): Starting EXCLUSIVE background task VELOUR_BACKGROUND_MAINTENANCE.
11-16 08:56:56.121: E/WifiHAL(789): wifi_get_ring_data: Error -5 happened. 
11-16 08:56:56.121: E/WifiVendorHal(1151): getRingBufferData(l.2057) failed {.code = ERROR_INVALID_ARGS, .description = }
11-16 08:56:56.127: W/SearchServiceCore(10019): Abort, client detached.
11-16 08:56:56.127: W/SearchServiceCore(10019): Abort, client detached.
11-16 08:56:56.131: E/PhoneInterfaceManager(3785): [PhoneIntfMgr] getCarrierPackageNamesForIntent: No UICC
11-16 08:56:56.131: D/CarrierSvcBindHelper(3785): No carrier app for: 0
11-16 08:56:56.131: D/ImsResolver(3785): maybeAddedImsService, packageName: com.google.android.gms
11-16 08:56:56.136: W/SearchServiceCore(10019): Abort, client detached.
11-16 08:56:56.138: W/earchbox:searc(10019): Unsupported class loader
11-16 08:56:56.140: W/earchbox:searc(10019): Skipping duplicate class check due to unsupported classloader
11-16 08:56:56.145: W/earchbox:searc(10019): Unsupported class loader
11-16 08:56:56.150: I/Fitness(10485): FitCleanupIntentOperation received Intent android.intent.action.PACKAGE_CHANGED [CONTEXT service_id=17 ]
11-16 08:56:56.153: I/Fitness(10485): OnPackageChangedOperation got intent: Intent { act=android.intent.action.PACKAGE_CHANGED dat=package:com.google.android.gms flg=0x45000010 pkg=com.google.android.gms cmp=com.google.android.gms/.chimera.PersistentIntentOperationService (has extras) } [CONTEXT service_id=17 ]
11-16 08:56:56.155: W/earchbox:searc(10019): Skipping duplicate class check due to unsupported classloader
11-16 08:56:56.156: D/wifi-jni(1151): no kernel logs
11-16 08:56:56.160: W/SearchServiceCore(10019): Abort, client detached.
11-16 08:56:56.178: I/Fitness(10485): FitCleanupIntentOperation received Intent android.intent.action.PACKAGE_CHANGED [CONTEXT service_id=17 ]
11-16 08:56:56.197: W/ChimeraUtils(10485): Module com.google.android.gms.nearby_en has empty metadata display_name_string_id
11-16 08:56:56.218: I/FontLog(10485): Received query Google Sans, URI content://com.google.android.gms.fonts [CONTEXT service_id=132 ]
11-16 08:56:56.218: I/FontLog(10485): Query [Google Sans] resolved to {Google Sans, wdth 100.0, wght 400, ital 0.0, bestEffort false} [CONTEXT service_id=132 ]
11-16 08:56:56.220: I/FontLog(10485): Font PFD returned from cache for {Google Sans, wdth 100.0, wght 400, ital 0.0, bestEffort false} [CONTEXT service_id=132 ]
11-16 08:56:56.221: I/FontLog(10485): Fetch {Google Sans, wdth 100.0, wght 400, ital 0.0, bestEffort false} end status Status{statusCode=SUCCESS, resolution=null} [CONTEXT service_id=132 ]
11-16 08:56:56.229: I/FontLog(10485): Pulling font file for id = 7, cache size = 7 [CONTEXT service_id=132 ]
11-16 08:56:56.233: W/ChimeraUtils(10485): Module com.google.android.gms.nearby_en has empty metadata display_name_string_id
11-16 08:56:56.238: W/ChimeraUtils(10485): Module com.google.android.gms.nearby_en has empty metadata display_name_string_id
11-16 08:56:56.245: I/FontLog(10485): Received query Google Sans:500, URI content://com.google.android.gms.fonts [CONTEXT service_id=132 ]
11-16 08:56:56.245: I/FontLog(10485): Query [Google Sans:500] resolved to {Google Sans, wdth 100.0, wght 500, ital 0.0, bestEffort false} [CONTEXT service_id=132 ]
11-16 08:56:56.247: I/FontLog(10485): Font PFD returned from cache for {Google Sans, wdth 100.0, wght 500, ital 0.0, bestEffort false} [CONTEXT service_id=132 ]
11-16 08:56:56.247: I/FontLog(10485): Fetch {Google Sans, wdth 100.0, wght 500, ital 0.0, bestEffort false} end status Status{statusCode=SUCCESS, resolution=null} [CONTEXT service_id=132 ]
11-16 08:56:56.258: I/FA(19613): App measurement is starting up, version: 18100
11-16 08:56:56.258: I/FA(19613): To enable debug logging run: adb shell setprop log.tag.FA VERBOSE
11-16 08:56:56.258: I/FA(19613): To enable faster debug mode event logging run:
11-16 08:56:56.258: I/FA(19613):   adb shell setprop debug.firebase.analytics.app com.google.android.apps.chromecast.app
11-16 08:56:56.262: I/FontLog(10485): Pulling font file for id = 8, cache size = 8 [CONTEXT service_id=132 ]
11-16 08:56:56.283: I/FontLog(10485): Received query Google Sans Display, URI content://com.google.android.gms.fonts [CONTEXT service_id=132 ]
11-16 08:56:56.285: W/Binder(1151): Outgoing transactions from this process must be FLAG_ONEWAY
11-16 08:56:56.285: W/Binder(1151): java.lang.Throwable
11-16 08:56:56.285: W/Binder(1151): 	at android.os.BinderProxy.transact(Binder.java:1116)
11-16 08:56:56.285: W/Binder(1151): 	at com.android.internal.location.ILocationProvider$Stub$Proxy.getProperties(ILocationProvider.java:236)
11-16 08:56:56.285: W/Binder(1151): 	at com.android.server.location.LocationProviderProxy$1$1.run(LocationProviderProxy.java:117)
11-16 08:56:56.285: W/Binder(1151): 	at com.android.server.ServiceWatcher.runOnBinder(ServiceWatcher.java:425)
11-16 08:56:56.285: W/Binder(1151): 	at com.android.server.location.LocationProviderProxy$1.run(LocationProviderProxy.java:111)
11-16 08:56:56.285: W/Binder(1151): 	at android.os.Handler.handleCallback(Handler.java:873)
11-16 08:56:56.285: W/Binder(1151): 	at android.os.Handler.dispatchMessage(Handler.java:99)
11-16 08:56:56.285: W/Binder(1151): 	at android.os.Looper.loop(Looper.java:193)
11-16 08:56:56.285: W/Binder(1151): 	at android.os.HandlerThread.run(HandlerThread.java:65)
11-16 08:56:56.285: I/FontLog(10485): Query [Google Sans Display] resolved to {Google Sans Display, wdth 100.0, wght 400, ital 0.0, bestEffort false} [CONTEXT service_id=132 ]
11-16 08:56:56.287: I/FontLog(10485): Font PFD returned from cache for {Google Sans Display, wdth 100.0, wght 400, ital 0.0, bestEffort false} [CONTEXT service_id=132 ]
11-16 08:56:56.287: I/FontLog(10485): Fetch {Google Sans Display, wdth 100.0, wght 400, ital 0.0, bestEffort false} end status Status{statusCode=SUCCESS, resolution=null} [CONTEXT service_id=132 ]
11-16 08:56:56.296: I/gle.android.gm(13100): Background concurrent copying GC freed 144559(7MB) AllocSpace objects, 62(2MB) LOS objects, 49% free, 13MB/27MB, paused 215us total 221.987ms
11-16 08:56:56.298: W/Binder(1151): Outgoing transactions from this process must be FLAG_ONEWAY
11-16 08:56:56.298: W/Binder(1151): java.lang.Throwable
11-16 08:56:56.298: W/Binder(1151): 	at android.os.BinderProxy.transact(Binder.java:1116)
11-16 08:56:56.298: W/Binder(1151): 	at com.android.internal.location.ILocationProvider$Stub$Proxy.getProperties(ILocationProvider.java:236)
11-16 08:56:56.298: W/Binder(1151): 	at com.android.server.location.LocationProviderProxy$1$1.run(LocationProviderProxy.java:117)
11-16 08:56:56.298: W/Binder(1151): 	at com.android.server.ServiceWatcher.runOnBinder(ServiceWatcher.java:425)
11-16 08:56:56.298: W/Binder(1151): 	at com.android.server.location.LocationProviderProxy$1.run(LocationProviderProxy.java:111)
11-16 08:56:56.298: W/Binder(1151): 	at android.os.Handler.handleCallback(Handler.java:873)
11-16 08:56:56.298: W/Binder(1151): 	at android.os.Handler.dispatchMessage(Handler.java:99)
11-16 08:56:56.298: W/Binder(1151): 	at android.os.Looper.loop(Looper.java:193)
11-16 08:56:56.298: W/Binder(1151): 	at android.os.HandlerThread.run(HandlerThread.java:65)
11-16 08:56:56.300: D/QSEECOMAPI(19680): QSEECom_get_handle sb_length = 0x400
11-16 08:56:56.300: D/QSEECOMAPI(19680): App is already loaded QSEE and app id = 1
11-16 08:56:56.302: E/fpc_tac(19680): qsee_km_get_encapsulated_key KEYMASTER_GET_AUTH_TOKEN_KEY returned status=-24
11-16 08:56:56.302: D/QSEECOMAPI(19680): QSEECom_dealloc_memory 
11-16 08:56:56.302: D/QSEECOMAPI(19680): QSEECom_shutdown_app, app_id = 1
11-16 08:56:56.302: E/fpc_fingerprint_hal(19680): fpc_hal_open failed
11-16 08:56:56.304: I/EventHub(1151): Removing device uinput-fpc due to epoll hang-up event.
11-16 08:56:56.304: I/EventHub(1151): Removed device: path=/dev/input/event3 name=uinput-fpc id=297 fd=337 classes=0x101
11-16 08:56:56.304: W/EventHub(1151): built-in keyboard device /dev/input/event3 (id=297) is closing! the apps will not like this
11-16 08:56:56.304: W/InputReader(1151): Ignoring spurious device removed event for deviceId 297.
11-16 08:56:56.305: I/EventHub(1151): Removing device '/dev/input/event3' due to inotify event
11-16 08:56:56.312: I/FontLog(10485): Pulling font file for id = 9, cache size = 7 [CONTEXT service_id=132 ]
11-16 08:56:56.321: W/ChimeraUtils(10485): Module com.google.android.gms.nearby_en has empty metadata display_name_string_id
11-16 08:56:56.321: D/QSEECOMAPI(19680): QSEECom_dealloc_memory 
11-16 08:56:56.321: D/QSEECOMAPI(19680): QSEECom_shutdown_app, app_id = 297
11-16 08:56:56.332: W/GCM(19613): GCM SDK is deprecated, com.google.android.apps.chromecast.app should update to use FCM
11-16 08:56:56.340: I/s:nonpersisten(19041): Waiting for a blocking GC ProfileSaver
11-16 08:56:56.349: E/ExecutionCriteria(10485): Package unavailable for task: com.google.android.apps.gcs/com.google.android.flib.phenotype.services.PhenotypeExperimentCommitService{u=0 tag="PhenotypeExpCommitSvc" trigger=window{start=0s,end=30s,earliest=-1378s,latest=-1348s} requirements=[NET_ANY] attributes=[PERSISTED] scheduled=-1378s last_run=N/A exec_window_multiplier=1.0000 jid=N/A status=PENDING retries=0 client_lib=MANCHEGO_GCM-11732000} [CONTEXT service_id=218 ]
11-16 08:56:56.370: I/NetworkScheduler.Stats(10485): Task com.google.android.gms/com.google.android.gms.ipa.base.IpaGcmTaskService started execution. cause:9 exec_start_elapsed_seconds: 1475 [CONTEXT service_id=218 ]
11-16 08:56:56.376: I/ActivityManager(1151): Killing 18046:com.google.android.gms.ui/u0a7 (adj 906): empty #17
11-16 08:56:56.377: W/libprocessgroup(1151): kill(-18046, 9) failed: No such process
11-16 08:56:56.378: I/PeopleChimeraService(13100): onService. callbacks = xmw@977307, request = com.google.android.gms.common.internal.GetServiceRequest@3f24c34
11-16 08:56:56.387: I/NetworkScheduler.Stats(10485): Task com.google.android.gms/com.google.android.gms.ipa.base.IpaGcmTaskService finished executing. cause:9 result: 1 elapsed_millis: 29 uptime_millis: 29 exec_start_elapsed_seconds: 1475 [CONTEXT service_id=218 ]
11-16 08:56:56.388: I/ActivityManager(1151): Start proc 19878:com.google.android.apps.tachyon/u0a148 for broadcast com.google.android.apps.tachyon/.common.applifecycle.LocaleChangeReceiver
11-16 08:56:56.392: E/id.apps.tachyo(19878): Not starting debugger since process cannot load the jdwp agent.
11-16 08:56:56.403: I/Zygote(740): Process 18046 exited due to signal (9)
11-16 08:56:56.425: E/ExecutionCriteria(10485): Package unavailable for task: com.google.android.apps.gcs/com.google.android.flib.phenotype.services.PhenotypeExperimentCommitService{u=0 tag="PhenotypeExpCommitSvc" trigger=window{start=0s,end=30s,earliest=-1378s,latest=-1348s} requirements=[NET_ANY] attributes=[PERSISTED] scheduled=-1378s last_run=N/A exec_window_multiplier=1.0000 jid=N/A status=PENDING retries=0 client_lib=MANCHEGO_GCM-11732000} [CONTEXT service_id=218 ]
11-16 08:56:56.428: W/libprocessgroup(1151): kill(-18046, 9) failed: No such process
11-16 08:56:56.428: I/libprocessgroup(1151): Successfully killed process cgroup uid 10007 pid 18046 in 50ms
11-16 08:56:56.444: D/BoundBrokerSvc(13100): onBind: Intent { act=com.google.android.gms.measurement.START pkg=com.google.android.gms }
11-16 08:56:56.444: D/BoundBrokerSvc(13100): Loading bound service for intent: Intent { act=com.google.android.gms.measurement.START pkg=com.google.android.gms }
11-16 08:56:56.458: I/akia(10485): Removed 0 invalid users [CONTEXT service_id=51 ]
11-16 08:56:56.492: I/NetworkScheduler.Stats(10485): Task com.google.android.gms/com.google.android.gms.phenotype.service.sync.PhenotypeConfigurator started execution. cause:5 exec_start_elapsed_seconds: 1475 [CONTEXT service_id=218 ]
11-16 08:56:56.521: I/Adreno(1151): QUALCOMM build                   : 3f88ca2, I42f6fe38fb
11-16 08:56:56.521: I/Adreno(1151): Build Date                       : 07/13/18
11-16 08:56:56.521: I/Adreno(1151): OpenGL ES Shader Compiler Version: EV031.24.00.00
11-16 08:56:56.521: I/Adreno(1151): Local Branch                     : 50.04
11-16 08:56:56.521: I/Adreno(1151): Remote Branch                    : 
11-16 08:56:56.521: I/Adreno(1151): Remote Branch                    : 
11-16 08:56:56.521: I/Adreno(1151): Reconstruct Branch               : 
11-16 08:56:56.521: I/Adreno(1151): Build Config                     : S P 4.0.10 AArch64
11-16 08:56:56.523: E/libc(1151): Access denied finding property "vendor.debug.prerotation.disable"
11-16 08:56:56.524: E/libc(1151): Access denied finding property "vendor.debug.prerotation.disable"
11-16 08:56:56.524: I/Adreno(1151): PFP: 0x016ee170, ME: 0x00000000
11-16 08:56:56.524: E/libc(1151): Access denied finding property "vendor.debug.prerotation.disable"
11-16 08:56:56.525: I/ConfigStore(1151): android::hardware::configstore::V1_0::ISurfaceFlingerConfigs::hasWideColorDisplay retrieved: 1
11-16 08:56:56.525: I/ConfigStore(1151): android::hardware::configstore::V1_0::ISurfaceFlingerConfigs::hasHDRDisplay retrieved: 1
11-16 08:56:56.525: I/OpenGLRenderer(1151): Initialized EGL, version 1.4
11-16 08:56:56.525: D/OpenGLRenderer(1151): Swap behavior 2
11-16 08:56:56.628: I/d.configupdate(19093): Waiting for a blocking GC ProfileSaver
11-16 08:56:56.660: I/.gms.persisten(10485): Background concurrent copying GC freed 168196(9MB) AllocSpace objects, 81(4MB) LOS objects, 49% free, 13MB/26MB, paused 31us total 101.311ms
11-16 08:56:56.667: E/Backup(13100): [BackupTransportMigratorChimeraService] Could not migrate transport!
11-16 08:56:56.668: I/Backup(13100): [BackupTransportMigratorChimeraService] Starting migration...
11-16 08:56:56.699: W/id.apps.tachyo(19878): JIT profile information will not be recorded: profile file does not exits.
11-16 08:56:56.699: I/chatty(19878): uid=10148(com.google.android.apps.tachyon) identical 1 line
11-16 08:56:56.699: W/id.apps.tachyo(19878): JIT profile information will not be recorded: profile file does not exits.
11-16 08:56:56.841: W/PrimesInit(19878): Primes instant initialization
11-16 08:56:56.870: W/Primes(19878): background initialization
11-16 08:56:56.982: I/system_server(1151): NativeAlloc concurrent copying GC freed 175845(9MB) AllocSpace objects, 56(1772KB) LOS objects, 42% free, 17MB/29MB, paused 55us total 173.080ms
11-16 08:56:56.996: I/PrimesTesting(19878): GserviceFlagsSupplier.get()
11-16 08:56:57.012: I/org.webrtc.Logging(19878): NativeLibrary: Loading native library: jingle_peerconnection_so
11-16 08:56:57.015: I/org.webrtc.Logging(19878): PeerConnectionFactory: PeerConnectionFactory was initialized without an injected Loggable. Any existing Loggable will be deleted.
11-16 08:56:57.112: I/ActivityManager(1151): Killing 18966:com.google.android.apps.tips/u0a52 (adj 906): empty #17
11-16 08:56:57.113: W/libprocessgroup(1151): kill(-18966, 9) failed: No such process
11-16 08:56:57.124: I/viders.calenda(19159): Waiting for a blocking GC ProfileSaver
11-16 08:56:57.128: I/Zygote(740): Process 18966 exited due to signal (9)
11-16 08:56:57.136: W/id.apps.tachyo(19878): Unknown chunk type '200'.
11-16 08:56:57.160: W/libprocessgroup(1151): kill(-18966, 9) failed: No such process
11-16 08:56:57.160: I/libprocessgroup(1151): Successfully killed process cgroup uid 10052 pid 18966 in 47ms
11-16 08:56:57.167: D/ConnectivityService(1151): Returning BLOCKED NetworkInfo to uid=10148
11-16 08:56:57.168: D/EventBus(19878): No subscribers registered for event class gzh
11-16 08:56:57.168: D/EventBus(19878): No subscribers registered for event class sfa
11-16 08:56:57.210: I/BlobLobber(10019): Handling download id 83 (blob odws2_en:us:807_2019-09-12_270573492_release_signed)
11-16 08:56:57.221: D/EventBus(19878): No subscribers registered for event class gzh
11-16 08:56:57.221: D/EventBus(19878): No subscribers registered for event class sfa
11-16 08:56:57.235: I/ActivityManager(1151): Start proc 19951:com.google.android.apps.walletnfcrel/u0a152 for broadcast com.google.android.apps.walletnfcrel/com.google.android.libraries.notifications.entrypoints.localechanged.LocaleChangedReceiver
11-16 08:56:57.248: E/ps.walletnfcre(19951): Not starting debugger since process cannot load the jdwp agent.
11-16 08:56:57.270: I/ps.walletnfcre(19951): The ClassLoaderContext is a special shared library.
11-16 08:56:57.274: I/akhr(10485): Scheduling Phenotype for a PhenotypeSyncImmediately(15, com.google.android.apps.chromecast.app) one off with window [1, 2] in seconds [CONTEXT service_id=51 ]
11-16 08:56:57.282: I/PeopleChimeraService(13100): onService. callbacks = xmw@960e71e, request = com.google.android.gms.common.internal.GetServiceRequest@3e1bbff
11-16 08:56:57.289: I/MultiDex(19810): VM with version 2.1.0 has multidex support
11-16 08:56:57.289: I/MultiDex(19810): install
11-16 08:56:57.289: I/MultiDex(19810): VM has multidex support, MultiDex support library is disabled.
11-16 08:56:57.289: I/MultiDex(19810): install
11-16 08:56:57.289: I/MultiDex(19810): VM has multidex support, MultiDex support library is disabled.
11-16 08:56:57.305: V/DownloadManager(18275): Deleting /storage/emulated/0/Android/data/com.google.android.googlequicksearchbox/files/pending_blobs/odws2_en:us:807_2019-09-12_270573492_release_signed via provider delete
11-16 08:56:57.337: I/earchbox:searc(10019): The ClassLoaderContext is a special shared library.
11-16 08:56:57.339: I/chatty(10019): uid=10047(com.google.android.googlequicksearchbox) NonUserFacing9 identical 1 line
11-16 08:56:57.345: I/earchbox:searc(10019): The ClassLoaderContext is a special shared library.
11-16 08:56:57.376: V/NativeCrypto(10019): Registering com/google/android/gms/org/conscrypt/NativeCrypto's 294 native methods...
11-16 08:56:57.381: E/ExecutionCriteria(10485): Package unavailable for task: com.google.android.apps.gcs/com.google.android.flib.phenotype.services.PhenotypeExperimentCommitService{u=0 tag="PhenotypeExpCommitSvc" trigger=window{start=0s,end=30s,earliest=-1379s,latest=-1349s} requirements=[NET_ANY] attributes=[PERSISTED] scheduled=-1379s last_run=N/A exec_window_multiplier=1.0000 jid=N/A status=PENDING retries=0 client_lib=MANCHEGO_GCM-11732000} [CONTEXT service_id=218 ]
11-16 08:56:57.386: D/FirebaseApp(19810): com.google.firebase.auth.FirebaseAuth is not linked. Skipping initialization.
11-16 08:56:57.386: D/FirebaseApp(19810): com.google.firebase.crash.FirebaseCrash is not linked. Skipping initialization.
11-16 08:56:57.386: I/FirebaseInitProvider(19810): FirebaseApp initialization successful
11-16 08:56:57.404: D/NetworkSecurityConfig(10019): Using Network Security Config from resource network_security_config debugBuild: false
11-16 08:56:57.406: I/ProviderInstaller(10019): Installed default security provider GmsCore_OpenSSL
11-16 08:56:57.418: E/ExecutionCriteria(10485): Package unavailable for task: com.google.android.apps.gcs/com.google.android.flib.phenotype.services.PhenotypeExperimentCommitService{u=0 tag="PhenotypeExpCommitSvc" trigger=window{start=0s,end=30s,earliest=-1379s,latest=-1349s} requirements=[NET_ANY] attributes=[PERSISTED] scheduled=-1379s last_run=N/A exec_window_multiplier=1.0000 jid=N/A status=PENDING retries=0 client_lib=MANCHEGO_GCM-11732000} [CONTEXT service_id=218 ]
11-16 08:56:57.446: I/BgTaskExecutorImpl(10019): Starting NONEXCLUSIVE background task ZIP_DOWNLOAD_PROCESSOR.
11-16 08:56:57.524: I/Bugle(19810): GServicesValues:
11-16 08:56:57.524: I/Bugle(19810): bugle_enable_primes_crash_metrics: true
11-16 08:56:57.524: I/Bugle(19810): bugle_max_telemetry_upload_retries: 10
11-16 08:56:57.524: I/Bugle(19810): bugle_sticker_set_list_version: 3
11-16 08:56:57.526: I/akia(10485): Removed 0 invalid users [CONTEXT service_id=51 ]
11-16 08:56:57.530: I/ThreadRunner(10019): setContextAndRunner
11-16 08:56:57.534: E/ModelDnldProcssHelpr(10019): pending download info for pending_hotword_model_download_info is null
11-16 08:56:57.534: E/ModelDnldProcssHelpr(10019): pending download info for pending_xgoogle_hotword_model_download_info is null
11-16 08:56:57.552: E/DownloadManagerWrapper(10019): Can't find downloadId=83
11-16 08:56:57.546: W/LanguagePackUpdateContr(10019): Querying download manager failed for ID : 83
11-16 08:56:57.556: W/SearchServiceCore(10019): Abort, client detached.
11-16 08:56:57.586: I/tmp(19810): SslGuard completed installation.
11-16 08:56:57.622: W/BugleStartup(19810): StartupHandler: ContentProvider startup tasks did not execute before Application onCreate(), executed in onApplicationCreated().
11-16 08:56:57.625: I/Bugle(19810): Initializing EmojiCompat
11-16 08:56:57.653: I/FA(19810): App measurement is starting up, version: 16250
11-16 08:56:57.653: I/FA(19810): To enable debug logging run: adb shell setprop log.tag.FA VERBOSE
11-16 08:56:57.653: I/FA(19810): To enable faster debug mode event logging run:
11-16 08:56:57.653: I/FA(19810):   adb shell setprop debug.firebase.analytics.app com.google.android.apps.messaging
11-16 08:56:57.656: I/FontLog(10485): Received query Noto Color Emoji Compat, URI content://com.google.android.gms.fonts [CONTEXT service_id=132 ]
11-16 08:56:57.656: I/FontLog(10485): Query [Noto Color Emoji Compat] resolved to {Noto Color Emoji Compat, wdth 100.0, wght 400, ital 0.0, bestEffort false} [CONTEXT service_id=132 ]
11-16 08:56:57.658: I/Bugle(19810): BugleApplicationBase: Bugle version: 4.6.375 (imp_rc21_xxhdpi.arm64-v8a.phone)
11-16 08:56:57.672: I/FontLog(10485): Fetch {Noto Color Emoji Compat, wdth 100.0, wght 400, ital 0.0, bestEffort false} end status Status{statusCode=SUCCESS, resolution=null} [CONTEXT service_id=132 ]
11-16 08:56:57.681: I/Bugle(19810): DarkModeUtilImpl: Setting system dark mode to off
11-16 08:56:57.683: I/FA(19878): App measurement is starting up, version: 18079
11-16 08:56:57.684: I/FA(19878): To enable debug logging run: adb shell setprop log.tag.FA VERBOSE
11-16 08:56:57.684: I/FA(19878): To enable faster debug mode event logging run:
11-16 08:56:57.684: I/FA(19878):   adb shell setprop debug.firebase.analytics.app com.google.android.apps.tachyon
11-16 08:56:57.691: E/FA(19878): AppMeasurementReceiver not registered/enabled
11-16 08:56:57.692: E/FA(19878): AppMeasurementService not registered/enabled
11-16 08:56:57.692: E/FA(19878): Uploading is not possible. App measurement disabled
11-16 08:56:57.695: I/FontLog(10485): Pulling font file for id = 10, cache size = 8 [CONTEXT service_id=132 ]
11-16 08:56:57.695: W/PrimesInit(19810): Primes instant initialization
11-16 08:56:57.698: W/Primes(19810): background initialization
11-16 08:56:57.714: W/ActivityManager(1151): Background start not allowed: service Intent { cmp=com.google.android.apps.messaging/.shared.datamodel.action.execution.ActionExecutorImpl$EmptyService } to com.google.android.apps.messaging/.shared.datamodel.action.execution.ActionExecutorImpl$EmptyService from pid=19810 uid=10111 pkg=com.google.android.apps.messaging startFg?=false
11-16 08:56:57.718: D/BoundBrokerSvc(13100): onUnbind: Intent { act=com.google.android.gms.ocr.service.internal.START cmp=com.google.android.gms/.chimera.GmsInternalApiService }
11-16 08:56:57.728: W/BugleDataModel(19810): ActionExecutorImpl: Action started execution, but we can't guarantee it will complete, the app may be killed. Action: class com.google.android.apps.messaging.shared.datamodel.action.CountryCodeDetectorAction-CountryCodeDetectorAction:1476966003
11-16 08:56:57.728: W/BugleDataModel(19810): java.lang.IllegalStateException: Not allowed to start service Intent { cmp=com.google.android.apps.messaging/.shared.datamodel.action.execution.ActionExecutorImpl$EmptyService }: app is in background uid UidRecord{a5c4db5 u0a111 TRNB idle change:uncached procs:2 seq(0,0,0)}
11-16 08:56:57.728: W/BugleDataModel(19810): 	at android.app.ContextImpl.startServiceCommon(ContextImpl.java:1577)
11-16 08:56:57.728: W/BugleDataModel(19810): 	at android.app.ContextImpl.startService(ContextImpl.java:1532)
11-16 08:56:57.728: W/BugleDataModel(19810): 	at android.content.ContextWrapper.startService(ContextWrapper.java:664)
11-16 08:56:57.728: W/BugleDataModel(19810): 	at com.google.android.apps.messaging.shared.datamodel.action.execution.ActionExecutorImpl.a(SourceFile:21)
11-16 08:56:57.728: W/BugleDataModel(19810): 	at com.google.android.apps.messaging.shared.datamodel.action.execution.ActionExecutorImpl.b(SourceFile:18)
11-16 08:56:57.728: W/BugleDataModel(19810): 	at ecp.a(SourceFile:137)
11-16 08:56:57.728: W/BugleDataModel(19810): 	at ecp.a(SourceFile:85)
11-16 08:56:57.728: W/BugleDataModel(19810): 	at eca.b(SourceFile:56)
11-16 08:56:57.728: W/BugleDataModel(19810): 	at eca.a(SourceFile:23)
11-16 08:56:57.728: W/BugleDataModel(19810): 	at com.google.android.apps.messaging.shared.datamodel.action.common.ThrottledAction.h(SourceFile:37)
11-16 08:56:57.728: W/BugleDataModel(19810): 	at dne.a(SourceFile:4)
11-16 08:56:57.728: W/BugleDataModel(19810): 	at gmv.a(SourceFile:6)
11-16 08:56:57.728: W/BugleDataModel(19810): 	at geh.onReceive(SourceFile:12)
11-16 08:56:57.728: W/BugleDataModel(19810): 	at gnw.onReceive(SourceFile:5)
11-16 08:56:57.728: W/BugleDataModel(19810): 	at gmv.onReceive(SourceFile:8)
11-16 08:56:57.728: W/BugleDataModel(19810): 	at android.app.LoadedApk$ReceiverDispatcher$Args.lambda$getRunnable$0(LoadedApk.java:1391)
11-16 08:56:57.728: W/BugleDataModel(19810): 	at android.app.-$$Lambda$LoadedApk$ReceiverDispatcher$Args$_BumDX2UKsnxLVrE6UJsJZkotuA.run(Unknown Source:2)
11-16 08:56:57.728: W/BugleDataModel(19810): 	at android.os.Handler.handleCallback(Handler.java:873)
11-16 08:56:57.728: W/BugleDataModel(19810): 	at android.os.Handler.dispatchMessage(Handler.java:99)
11-16 08:56:57.728: W/BugleDataModel(19810): 	at android.os.Looper.loop(Looper.java:193)
11-16 08:56:57.728: W/BugleDataModel(19810): 	at android.app.ActivityThread.main(ActivityThread.java:6718)
11-16 08:56:57.728: W/BugleDataModel(19810): 	at java.lang.reflect.Method.invoke(Native Method)
11-16 08:56:57.728: W/BugleDataModel(19810): 	at com.android.internal.os.RuntimeInit$MethodAndArgsCaller.run(RuntimeInit.java:493)
11-16 08:56:57.728: W/BugleDataModel(19810): 	at com.android.internal.os.ZygoteInit.main(ZygoteInit.java:858)
11-16 08:56:57.728: I/BugleAction(19810): ActionSchedulerImpl: class com.google.android.apps.messaging.shared.datamodel.action.CountryCodeDetectorAction-CountryCodeDetectorAction:1476966003 deferred since it was started from unsafe context
11-16 08:56:57.744: I/FontLog(10485): Pulling font file for id = 10, cache size = 8 [CONTEXT service_id=132 ]
11-16 08:56:57.797: I/DefaultStickerUpdate(3633): Successfully updated sticker index for DefaultStickerTaskData{enabled=true, metadataUriPrefix=https://www.gstatic.com/android/keyboard/stickers/configs/v5/, supportedLanguage=en}
11-16 08:56:57.798: I/FirebaseJobDispatcher(3633): Task: DefaultStickerUpdate successes.
11-16 08:56:57.802: I/NetworkScheduler.Stats(10485): Task com.google.android.inputmethod.latin/ finished executing. cause:7 result: 1 elapsed_millis: 3389 uptime_millis: 3389 exec_start_elapsed_seconds: 1473 [CONTEXT service_id=218 ]
11-16 08:56:57.810: E/ExecutionCriteria(10485): Package unavailable for task: com.google.android.apps.gcs/com.google.android.flib.phenotype.services.PhenotypeExperimentCommitService{u=0 tag="PhenotypeExpCommitSvc" trigger=window{start=0s,end=30s,earliest=-1380s,latest=-1350s} requirements=[NET_ANY] attributes=[PERSISTED] scheduled=-1380s last_run=N/A exec_window_multiplier=1.0000 jid=N/A status=PENDING retries=0 client_lib=MANCHEGO_GCM-11732000} [CONTEXT service_id=218 ]
11-16 08:56:57.814: W/Icing(13100): No valid account for uploading user actions
11-16 08:56:57.831: I/Icing(13100): Usage reports ok 1, Failed Usage reports 0, indexed 0, rejected 0
11-16 08:56:57.832: I/NetworkScheduler.Stats(10485): Task com.google.android.gms/com.google.android.gms.ipa.base.IpaGcmTaskService started execution. cause:5 exec_start_elapsed_seconds: 1477 [CONTEXT service_id=218 ]
11-16 08:56:57.834: W/Icing(13100): No valid account for uploading user actions
11-16 08:56:57.840: I/NetworkScheduler.Stats(10485): Task com.google.android.gms/com.google.android.gms.ipa.base.IpaGcmTaskService finished executing. cause:5 result: 1 elapsed_millis: 18 uptime_millis: 18 exec_start_elapsed_seconds: 1477 [CONTEXT service_id=218 ]
11-16 08:56:57.843: I/PrimesTesting(19810): GserviceFlagsSupplier.get()
11-16 08:56:57.848: I/Icing(13100): Usage reports ok 0, Failed Usage reports 0, indexed 0, rejected 0
11-16 08:56:57.850: I/Icing(13100): Indexing com.google.android.inputmethod.latin-internal.3p:StickerPack from com.google.android.inputmethod.latin
11-16 08:56:57.854: E/SQLiteLog(13100): (1) no such table: StickerPack_com.google.android.inputmethod.latin_seq_table
11-16 08:56:57.854: E/Icing(13100): Cursor call threw an exception: no such table: StickerPack_com.google.android.inputmethod.latin_seq_table (code 1 SQLITE_ERROR): , while compiling: SELECT * FROM [StickerPack_com.google.android.inputmethod.latin_seq_table] WHERE seqno>0 AND tag IS NULL ORDER BY seqno LIMIT 20
11-16 08:56:57.855: I/Icing(13100): Indexing done com.google.android.inputmethod.latin-internal.3p:StickerPack
11-16 08:56:57.855: E/Icing(13100): Aborting indexing of corpus internal.3p:StickerPack
11-16 08:56:57.856: I/Icing(13100): Indexing com.google.android.inputmethod.latin-internal.3p:Sticker from com.google.android.inputmethod.latin
11-16 08:56:57.858: E/SQLiteLog(13100): (1) no such table: Sticker_com.google.android.inputmethod.latin_seq_table
11-16 08:56:57.859: E/Icing(13100): Cursor call threw an exception: no such table: Sticker_com.google.android.inputmethod.latin_seq_table (code 1 SQLITE_ERROR): , while compiling: SELECT * FROM [Sticker_com.google.android.inputmethod.latin_seq_table] WHERE seqno>0 AND tag IS NULL ORDER BY seqno LIMIT 20
11-16 08:56:57.859: I/Icing(13100): Indexing done com.google.android.inputmethod.latin-internal.3p:Sticker
11-16 08:56:57.859: E/Icing(13100): Aborting indexing of corpus internal.3p:Sticker
11-16 08:56:57.863: E/ExecutionCriteria(10485): Package unavailable for task: com.google.android.apps.gcs/com.google.android.flib.phenotype.services.PhenotypeExperimentCommitService{u=0 tag="PhenotypeExpCommitSvc" trigger=window{start=0s,end=30s,earliest=-1380s,latest=-1350s} requirements=[NET_ANY] attributes=[PERSISTED] scheduled=-1380s last_run=N/A exec_window_multiplier=1.0000 jid=N/A status=PENDING retries=0 client_lib=MANCHEGO_GCM-11732000} [CONTEXT service_id=218 ]
11-16 08:56:57.869: I/BugleRcsEngine(19810): [923] pot.b: Not using CS JibeService because the CS migration has not completed.
11-16 08:56:57.876: I/Icing(13100): updateResources: need to parse zml{com.google.android.gms}
11-16 08:56:57.885: W/Bugle(19810): SubscriptionMetadataUtils get: invalid subId = -1
11-16 08:56:57.918: I/chatty(19810): uid=10111(com.google.android.apps.messaging) StartupThread#1 identical 3 lines
11-16 08:56:57.923: W/Bugle(19810): SubscriptionMetadataUtils get: invalid subId = -1
11-16 08:56:57.931: I/Icing(13100): Indexing com.google.android.gms-apps from com.google.android.gms
11-16 08:56:57.956: I/Icing(13100): Indexing done com.google.android.gms-apps
11-16 08:56:57.957: I/Icing(13100): Indexing com.google.android.gms-apps from com.google.android.gms
11-16 08:56:57.971: I/Icing(13100): Indexing done com.google.android.gms-apps
11-16 08:56:58.058: I/akhr(10485): Scheduling adaptive one off task with window [14400, 604800] in seconds [CONTEXT service_id=51 ]
11-16 08:56:58.086: I/NetworkScheduler.Stats(10485): Task com.google.android.gms/com.google.android.gms.phenotype.service.sync.PhenotypeConfigurator finished executing. cause:5 result: 1 elapsed_millis: 1630 uptime_millis: 1630 exec_start_elapsed_seconds: 1475 [CONTEXT service_id=218 ]
11-16 08:56:58.097: W/DynamiteModule(19951): Local module descriptor class for providerinstaller not found.
11-16 08:56:58.098: E/ExecutionCriteria(10485): Package unavailable for task: com.google.android.apps.gcs/com.google.android.flib.phenotype.services.PhenotypeExperimentCommitService{u=0 tag="PhenotypeExpCommitSvc" trigger=window{start=0s,end=30s,earliest=-1380s,latest=-1350s} requirements=[NET_ANY] attributes=[PERSISTED] scheduled=-1380s last_run=N/A exec_window_multiplier=1.0000 jid=N/A status=PENDING retries=0 client_lib=MANCHEGO_GCM-11732000} [CONTEXT service_id=218 ]
11-16 08:56:58.103: I/DynamiteModule(19951): Considering local module providerinstaller:0 and remote module providerinstaller:0
11-16 08:56:58.103: W/ProviderInstaller(19951): Failed to load providerinstaller module: No acceptable module found. Local version is 0 and remote version is 0.
11-16 08:56:58.105: W/ps.walletnfcre(19951): Unknown chunk type '200'.
11-16 08:56:58.108: I/ps.walletnfcre(19951): The ClassLoaderContext is a special shared library.
11-16 08:56:58.109: I/chatty(19951): uid=10152(com.google.android.apps.walletnfcrel) identical 1 line
11-16 08:56:58.109: I/ps.walletnfcre(19951): The ClassLoaderContext is a special shared library.
11-16 08:56:58.119: V/NativeCrypto(19951): Registering com/google/android/gms/org/conscrypt/NativeCrypto's 294 native methods...
11-16 08:56:58.129: D/NetworkSecurityConfig(19951): No Network Security Config specified, using platform default
11-16 08:56:58.130: I/ProviderInstaller(19951): Installed default security provider GmsCore_OpenSSL
11-16 08:56:58.191: D/VSC(772): @ 1489.557: [Significant Motion] Request motion_detect, interval 18446744073709551615 ns, latency 0 ns
11-16 08:56:58.191: D/VSC(772): @ 1489.558: [Significant Motion] Stop accel
11-16 08:56:58.192: I/BackgroundTaskManager(19951): Executing task PhenotypeRegistrationTask.phenotype_registration with PARALLEL execution policy.
11-16 08:56:58.213: D/BoundBrokerSvc(10485): onBind: Intent { act=com.google.android.gms.tapandpay.service.BIND pkg=com.google.android.gms }
11-16 08:56:58.214: D/BoundBrokerSvc(10485): Loading bound service for intent: Intent { act=com.google.android.gms.tapandpay.service.BIND pkg=com.google.android.gms }
11-16 08:56:58.242: W/PrimesInit(19951): Primes instant initialization
11-16 08:56:58.242: W/Primes(19951): background initialization
11-16 08:56:58.257: I/PrimesTesting(19951): GserviceFlagsSupplier.get()
11-16 08:56:58.309: I/TapAndPayApplication(19951): Successfully initialized Firebase App
11-16 08:56:58.314: I/BackgroundTaskManager(19951): Executing task AccountFreshener.freshen with SEQUENTIAL execution policy.
11-16 08:56:58.315: I/Notifications(19951): [ChimeBroadcastReceiver] Intent received for action [android.intent.action.LOCALE_CHANGED] package [com.google.android.apps.walletnfcrel].
11-16 08:56:58.319: W/GCM(19951): GCM SDK is deprecated, com.google.android.apps.walletnfcrel should update to use FCM
11-16 08:56:58.333: I/BugleRcsEngine(19810): [923] oer.register: Initializing Carrier Services Library.
11-16 08:56:58.334: I/Notifications(19951): [ChimeBroadcastReceiver] Validation OK for action [android.intent.action.LOCALE_CHANGED].
11-16 08:56:58.336: I/Notifications(19951): [ChimeBroadcastReceiver] Executing action in BroadcastReceiver [android.intent.action.LOCALE_CHANGED].
11-16 08:56:57.778: W/ActivityManager(1151): Background start not allowed: service Intent { cmp=com.google.android.apps.messaging/.shared.datamodel.action.execution.ActionExecutorImpl$EmptyService } to com.google.android.apps.messaging/.shared.datamodel.action.execution.ActionExecutorImpl$EmptyService from pid=19810 uid=10111 pkg=com.google.android.apps.messaging startFg?=false
11-16 08:56:58.360: I/ActivityManager(1151): Killing 18983:com.google.android.apps.wellbeing/u0a26 (adj 906): empty #17
11-16 08:56:58.360: W/libprocessgroup(1151): kill(-18983, 9) failed: No such process
11-16 08:56:58.363: I/BugleNetwork(19810): Startup: registering tachyon.
11-16 08:56:58.373: I/BugleBackup(19810): Registering preference change listener for "bugle".
11-16 08:56:58.374: I/ActivityManager(1151): Start proc 20037:com.google.android.keep/u0a150 for broadcast com.google.android.keep/.notification.ReminderNotificationReceiver
11-16 08:56:58.378: E/le.android.kee(20037): Not starting debugger since process cannot load the jdwp agent.
11-16 08:56:58.397: I/le.android.kee(20037): The ClassLoaderContext is a special shared library.
11-16 08:56:58.398: W/libprocessgroup(1151): kill(-18983, 9) failed: No such process
11-16 08:56:58.417: W/ActivityManager(1151): Background start not allowed: service Intent { cmp=com.google.android.apps.messaging/.shared.datamodel.action.execution.ActionExecutorImpl$EmptyService } to com.google.android.apps.messaging/.shared.datamodel.action.execution.ActionExecutorImpl$EmptyService from pid=19810 uid=10111 pkg=com.google.android.apps.messaging startFg?=false
11-16 08:56:58.423: I/BugleRcsEngine(19810): [946] pot.b: Not using CS JibeService because the CS migration has not completed.
11-16 08:56:58.441: I/roid.music:mai(19353): Waiting for a blocking GC ProfileSaver
11-16 08:56:58.444: W/libprocessgroup(1151): kill(-18983, 9) failed: No such process
11-16 08:56:58.449: W/libprocessgroup(1151): kill(-18983, 9) failed: No such process
11-16 08:56:58.463: I/ShortcutBadger(19810): Checking if platform supports badge counters, attempt 1/3.
11-16 08:56:58.464: I/Icing(13100): IndexChimeraService.getServiceInterface callingPackage=com.google.android.apps.messaging componentName=null serviceId=32
11-16 08:56:58.472: I/ShortcutBadger(19810): Checking if platform supports badge counters, attempt 2/3.
11-16 08:56:58.474: I/ShortcutBadger(19810): Checking if platform supports badge counters, attempt 3/3.
11-16 08:56:58.476: W/ShortcutBadger(19810): Badge counter seems not supported in this platform: unable to resolve intent: Intent { act=android.intent.action.BADGE_COUNT_UPDATE (has extras) }
11-16 08:56:58.481: W/Icing(13100): No valid account for uploading user actions
11-16 08:56:58.483: I/BugleRcsEngine(19810): [933] pkj.a: Initializing SimStateTracker
11-16 08:56:58.486: I/Icing(13100): Usage reports ok 0, Failed Usage reports 0, indexed 0, rejected 0
11-16 08:56:58.494: W/libprocessgroup(1151): kill(-18983, 9) failed: No such process
11-16 08:56:58.516: I/roid.music:mai(19353): WaitForGcToComplete blocked ProfileSaver on AddRemoveAppImageSpace for 75.212ms
11-16 08:56:58.522: W/ps.walletnfcre(19951): Verification of java.util.List com.google.android.gms.measurement.internal.LocalDatabase.getAndDeleteEntries$514IIJ3AC5R62BRLEHKMOBQCD5PN8EO_0() took 150.984ms
11-16 08:56:58.526: W/libprocessgroup(1151): kill(-18983, 9) failed: No such process
11-16 08:56:58.538: W/libprocessgroup(1151): kill(-18983, 9) failed: No such process
11-16 08:56:58.547: W/Bugle(19810): SubscriptionMetadataUtils get: invalid subId = -1
11-16 08:56:58.549: I/Zygote(740): Process 18983 exited due to signal (9)
11-16 08:56:58.553: W/libprocessgroup(1151): kill(-18983, 9) failed: No such process
11-16 08:56:58.553: I/libprocessgroup(1151): Successfully killed process cgroup uid 10026 pid 18983 in 192ms
11-16 08:56:58.554: D/BoundBrokerSvc(13100): onUnbind: Intent { act=com.google.android.gms.auth.service.START pkg=com.google.android.gms }
11-16 08:56:58.562: I/FA(19951): App measurement is starting up, version: 18079
11-16 08:56:58.563: I/FA(19951): To enable debug logging run: adb shell setprop log.tag.FA VERBOSE
11-16 08:56:58.563: I/FA(19951): To enable faster debug mode event logging run:
11-16 08:56:58.563: I/FA(19951):   adb shell setprop debug.firebase.analytics.app com.google.android.apps.walletnfcrel
11-16 08:56:58.614: I/BugleRcsEngine(10422): [2] ProvisioningEventReceiver.onReceive: Received Provisioning Event: [Bugle information (100)]
11-16 08:56:58.614: I/BugleRcsEngine(10422): [2] ProvisioningEventReceiver.onReceive: JibeService is not running
11-16 08:56:58.614: W/BugleRcsEngine(10422): [2] ProvisioningEventReceiver.onReceive: Event is not a valid user action. Discarding it.
11-16 08:56:58.636: E/ExecutionCriteria(10485): Package unavailable for task: com.google.android.apps.gcs/com.google.android.flib.phenotype.services.PhenotypeExperimentCommitService{u=0 tag="PhenotypeExpCommitSvc" trigger=window{start=0s,end=30s,earliest=-1381s,latest=-1351s} requirements=[NET_ANY] attributes=[PERSISTED] scheduled=-1381s last_run=N/A exec_window_multiplier=1.0000 jid=N/A status=PENDING retries=0 client_lib=MANCHEGO_GCM-11732000} [CONTEXT service_id=218 ]
11-16 08:56:58.641: W/.apps.messagin(19810): Verification of void dni.doDataUpgradeWithExceptions(android.database.sqlite.SQLiteDatabase, int, int) took 159.000ms
11-16 08:56:58.641: D/BoundBrokerSvc(13100): onUnbind: Intent { act=com.google.android.gms.findmydevice.spot.service.locationreport.START cmp=com.google.android.gms/.chimera.GmsApiService }
11-16 08:56:58.654: W/NetworkScheduler(10485): Immediate task was not started com.google.android.apps.chromecast.app/.gcm.GcmRegistrationService{u=0 tag="GcmRegistrationService" trigger=window{start=0s,end=1s,earliest=0s,latest=0s} requirements=[NET_CONNECTED] attributes=[] scheduled=0s last_run=N/A exec_window_multiplier=1.0000 jid=N/A status=PENDING retries=0 client_lib=MANCHEGO_GCM-18944000}. Rescheduling immediate tasks can cause excessive battery drain.
11-16 08:56:58.658: W/Bugle(19810): SubscriptionMetadataUtils get: invalid subId = -1
11-16 08:56:58.671: W/ComponentDiscovery(20037): Application info not found.
11-16 08:56:58.671: W/ComponentDiscovery(20037): Could not retrieve metadata, returning empty list of registrars.
