11-16 08:56:53.192: W/Primes(19286): background initialization
11-16 08:56:53.192: I/Dialer(19286): PrimesMetrics.startTimer - Application.onCreate is empty
11-16 08:56:53.197: I/Dialer(19286): DialerExecutorModule.newThread - creating low priority thread
11-16 08:56:53.199: I/Dialer(19286): CallLogConfigImpl.schedulePollingJob - scheduling
11-16 08:56:53.208: I/Dialer(19286): NonUiTaskBuilder.newThread - creating serial thread
11-16 08:56:53.210: I/Dialer(19286): DialerExecutorModule.newThread - creating low priority thread
11-16 08:56:53.211: I/Dialer(19286): ShortcutsJobScheduler.scheduleAllJobs - enter
11-16 08:56:53.216: I/Dialer(19286): ShortcutsJobScheduler.scheduleAllJobs - enabling shortcuts
11-16 08:56:53.216: I/Dialer(19286): PeriodicJobService.schedulePeriodicJob - enter
11-16 08:56:53.217: I/Dialer(19286): PeriodicJobService.schedulePeriodicJob - job already scheduled.
11-16 08:56:53.219: I/Dialer(19286): SpamJobScheduler.scheduleJob - job with id SPAM_JOB_WIFI is already scheduled
11-16 08:56:53.225: I/Dialer(19286): SpamJobScheduler.scheduleJob - job with id SPAM_JOB_ANY_NETWORK is already scheduled
11-16 08:56:53.226: I/PrimesTesting(19286): GserviceFlagsSupplier.get()
11-16 08:56:53.235: I/Finsky(18331): [162] lth.l(1): Account name null when calculating account hash
11-16 08:56:53.238: I/Dialer(19286): NotificationChannelUpdateReceiver.onReceive - updateChannels
11-16 08:56:53.283: I/LanguageSettingsHelper(10019): Removing enrollment utterances : Locale changed
11-16 08:56:53.283: E/UtteranceHandler(10019): Called deleteEnrollmentUtterances for null account
11-16 08:56:53.285: I/LocaleChangeIO(10485): No action required after switch to en [CONTEXT service_id=231 ]
11-16 08:56:53.293: I/NearbyDiscovery(10485): DiscoveryService created [CONTEXT service_id=49 ]
11-16 08:56:53.311: I/OpaEnabledReceiver(3644): Dispatching OPA eligble = true; AGSA = true; OPA enabled = true
11-16 08:56:53.311: I/OpaLayout(3644): Setting opa enabled to true
11-16 08:56:53.311: I/OpaLayout(3644): Setting opa enabled to true
11-16 08:56:53.313: I/OpaEligibilityChecker(10019): send OpaEligibilityChange broadcast to CommonBroadcastReceiver
11-16 08:56:53.314: W/System(18331): A resource failed to call end. 
11-16 08:56:53.316: I/DefaultSticker(3633): Received android.intent.action.LOCALE_CHANGED broadcast from null
11-16 08:56:53.325: I/FirebaseJobDispatcher(3633): Schedule task: DefaultStickerUpdate. Success.
11-16 08:56:53.325: I/DefaultStickerUpdate(3633): Scheduled update for locale=en, data=DefaultStickerTaskData{enabled=true, metadataUriPrefix=https://www.gstatic.com/android/keyboard/stickers/configs/v5/, supportedLanguage=en}, and reason=BROADCAST_LOCALE_CHANGED
11-16 08:56:53.328: I/HotwordHelper(10019): hasHotwordEverywhere-false
11-16 08:56:53.329: I/BgTaskExecutorImpl(10019): Starting EXCLUSIVE background task SEND_GSA_HOME_REQUEST.
11-16 08:56:53.334: I/OpaEnabledReceiver(3644): Dispatching OPA eligble = true; AGSA = true; OPA enabled = true
11-16 08:56:53.334: I/OpaLayout(3644): Setting opa enabled to true
11-16 08:56:53.334: I/OpaLayout(3644): Setting opa enabled to true
11-16 08:56:53.335: I/BgTaskExecutorImpl(10019): Starting EXCLUSIVE background task UPDATE_HOTWORD_MODELS.
11-16 08:56:53.339: W/ChimeraUtils(10485): Module com.google.android.gms.nearby has empty metadata display_name_string_id
11-16 08:56:53.343: W/KeyphraseEnrollmentInfo(4119): No enrollment application supports the given keyphrase/locale: 'Ok Google'/en
11-16 08:56:53.341: W/ChimeraUtils(10485): Module com.google.android.gms.nearby has empty metadata display_name_string_id
11-16 08:56:53.344: I/GsaVoiceInteractionSrv(4119): Creating AOHD: Keyphrase - Ok Google, Locale - en/en-GB
11-16 08:56:53.344: W/SoundTriggerHelper(1151): Attempting stopRecognition without a successful startRecognition
11-16 08:56:53.344: W/AlwaysOnHotwordDetector(4119): stopRecognition() failed with error code -2147483648
11-16 08:56:53.345: W/AlwaysOnHotwordDetector(4119): Received message: 1 for an invalid detector
11-16 08:56:53.346: I/ActivityManager(1151): Start proc 19353:com.google.android.music:main/u0a75 for broadcast com.google.android.music/.notifications.NotificationChannelInitializationBroadcastReceiver
11-16 08:56:53.346: W/SearchServiceCore(10019): Abort, client detached.
11-16 08:56:53.353: I/ThreadRunner(10019): setContextAndRunner
11-16 08:56:53.354: I/ModelDownloadController(10019): requestHotwordModelUpdate modelType-OK_GOOGLE
11-16 08:56:53.355: W/ModelDownloadController(10019): Failed fetching the hotword model location configuration
11-16 08:56:53.355: E/ModelDownloadController(10019): Invalid hotword model location.
11-16 08:56:53.356: W/SoundModelDBHelper(1151): No SoundModel available for the given keyphrase
11-16 08:56:53.370: W/SearchServiceCore(10019): Abort, client detached.
11-16 08:56:53.371: I/ActivityManager(1151): START u0 {act=com.android.intent.action.MANAGE_VOICE_KEYPHRASES flg=0x10000000 pkg=com.android.hotwordenrollment.okgoogle cmp=com.android.hotwordenrollment.okgoogle/.EnrollmentActivity (has extras)} from uid 10047
11-16 08:56:53.370: I/chatty(10019): uid=10047 com.google.android.googlequicksearchbox:search identical 2 lines
11-16 08:56:53.370: W/SearchServiceCore(10019): Abort, client detached.
11-16 08:56:53.375: E/roid.music:mai(19353): Not starting debugger since process cannot load the jdwp agent.
11-16 08:56:53.385: D/android.hardware.power@1.3-service.crosshatch-libperfmgr(771): LAUNCH ON
11-16 08:56:53.395: W/KeyphraseEnrollmentInfo(4119): No enrollment application supports the given keyphrase/locale: 'X Google'/en
11-16 08:56:53.412: I/system_server(1151): Background concurrent copying GC freed 189960(9MB) AllocSpace objects, 78(3MB) LOS objects, 42% free, 17MB/30MB, paused 65us total 173.009ms
11-16 08:56:53.417: W/SessionLifecycleManager(10019): Client : AttachedClient[44065665075256249, ClientConfig[mFlags=[default, headless, launch_external_voice_search_ui, support_transparent_background, legacy_leave_behind_dirty_session_fixme] mSuggestFlags=[0] mClientId=HOTWORD_SERVICE mSessionType=search]] has no associated SessionController
11-16 08:56:53.417: W/SearchServiceCore(10019): Abort, client detached.
11-16 08:56:53.420: I/ActivityManager(1151): Killing 18420:com.android.vending:instant_app_installer/u0a14 (adj 906): empty #17
11-16 08:56:53.417: I/chatty(10019): uid=10047 com.google.android.googlequicksearchbox:search identical 1 line
11-16 08:56:53.417: W/SearchServiceCore(10019): Abort, client detached.
11-16 08:56:53.420: I/roid.music:mai(19353): The ClassLoaderContext is a special shared library.
11-16 08:56:53.421: W/libprocessgroup(1151): kill(-18420, 9) failed: No such process
11-16 08:56:53.429: I/ActivityManager(1151): Start proc 19373:com.android.hotwordenrollment.okgoogle/u0a45 for activity com.android.hotwordenrollment.okgoogle/.EnrollmentActivity
11-16 08:56:53.441: E/llment.okgoogl(19373): Not starting debugger since process cannot load the jdwp agent.
11-16 08:56:53.443: D/BoundBrokerSvc(13100): onBind: Intent { act=com.google.android.gms.findmydevice.spot.service.locationreport.START cmp=com.google.android.gms/.chimera.GmsApiService }
11-16 08:56:53.443: D/BoundBrokerSvc(13100): Loading bound service for intent: Intent { act=com.google.android.gms.findmydevice.spot.service.locationreport.START cmp=com.google.android.gms/.chimera.GmsApiService }
11-16 08:56:53.451: I/Zygote(741): Process 18420 exited due to signal (9)
11-16 08:56:53.464: W/libprocessgroup(1151): kill(-18420, 9) failed: No such process
11-16 08:56:53.464: I/libprocessgroup(1151): Successfully killed process cgroup uid 10014 pid 18420 in 43ms
11-16 08:56:53.469: I/MultiDex(19353): VM with version 2.1.0 has multidex support
11-16 08:56:53.469: I/MultiDex(19353): install
11-16 08:56:53.469: I/MultiDex(19353): VM has multidex support, MultiDex support library is disabled.
11-16 08:56:53.484: E/libc(19373): Access denied finding property "vendor.debug.egl.profiler"
11-16 08:56:53.478: W/com.android.hotwordenrollment.okgoogle(19373): type=1400 audit(0.0:348): avc: denied { read } for comm=45474C20496E6974 name="u:object_r:vendor_default_prop:s0" dev="tmpfs" ino=20871 scontext=u:r:priv_app:s0:c512,c768 tcontext=u:object_r:vendor_default_prop:s0 tclass=file permissive=0
11-16 08:56:53.485: I/akia(10485): Removed 0 invalid users [CONTEXT service_id=51 ]
11-16 08:56:53.497: I/PeopleDatabaseHelper(13100): Updating DB locale: en_US -> en
11-16 08:56:53.498: I/NearbyDiscovery(10485): Show notifications: 0 total, no changes since last shown, no-op. [CONTEXT service_id=49 ]
11-16 08:56:53.503: I/EnrollmentActivity(19373): Started by non-activity for action: 0, keyphrase: Ok Google, locale: en-GB
11-16 08:56:53.512: D/OpenGLRenderer(19373): Skia GL Pipeline
11-16 08:56:53.519: D/MusicLifecycle(19353): com.google.android.music.store.ConfigContentProvider generated event: Content provider created
11-16 08:56:53.523: D/MusicLifecycle(19353): com.google.android.music.api.MusicPublicContentProvider generated event: Content provider created
11-16 08:56:53.533: I/PeopleSearchIndexManage(13100): Marking for index update.
11-16 08:56:53.537: W/SoundTriggerHelper(1151): Attempting stopRecognition without a successful startRecognition
11-16 08:56:53.537: W/AlwaysOnHotwordDetector(4119): stopRecognition() failed with error code -2147483648
11-16 08:56:53.541: I/Adreno(19373): QUALCOMM build                   : 3f88ca2, I42f6fe38fb
11-16 08:56:53.541: I/Adreno(19373): Build Date                       : 07/13/18
11-16 08:56:53.541: I/Adreno(19373): OpenGL ES Shader Compiler Version: EV031.24.00.00
11-16 08:56:53.541: I/Adreno(19373): Local Branch                     : 50.04
11-16 08:56:53.541: I/Adreno(19373): Remote Branch                    : 
11-16 08:56:53.541: I/Adreno(19373): Remote Branch                    : 
11-16 08:56:53.541: I/Adreno(19373): Reconstruct Branch               : 
11-16 08:56:53.541: I/Adreno(19373): Build Config                     : S P 4.0.10 AArch64
11-16 08:56:53.542: D/MusicLifecycle(19353): com.google.android.music.store.MusicContentProvider generated event: Content provider created
11-16 08:56:53.543: I/EnrollmentActivity(19373): Enroll keyphrase Ok Googleoperation succeeded for en-GB
11-16 08:56:53.543: E/libc(19373): Access denied finding property "ro.vendor.graphics.memory"
11-16 08:56:53.538: W/RenderThread(19373): type=1400 audit(0.0:349): avc: denied { read } for name="u:object_r:vendor_default_prop:s0" dev="tmpfs" ino=20871 scontext=u:r:priv_app:s0:c512,c768 tcontext=u:object_r:vendor_default_prop:s0 tclass=file permissive=0
11-16 08:56:53.544: I/Adreno(19373): PFP: 0x016ee170, ME: 0x00000000
11-16 08:56:53.547: I/GsaVoiceInteractionSrv(4119): Not starting recognition
11-16 08:56:53.547: I/ConfigStore(19373): android::hardware::configstore::V1_0::ISurfaceFlingerConfigs::hasWideColorDisplay retrieved: 1
11-16 08:56:53.547: I/ConfigStore(19373): android::hardware::configstore::V1_0::ISurfaceFlingerConfigs::hasHDRDisplay retrieved: 1
11-16 08:56:53.548: I/OpenGLRenderer(19373): Initialized EGL, version 1.4
11-16 08:56:53.548: D/OpenGLRenderer(19373): Swap behavior 2
11-16 08:56:53.554: I/PeopleDatabaseHelper(13100): cleanUpNonGplusAccounts done.
11-16 08:56:53.555: I/PeopleSearchIndexManage(13100): Index version changed from 0
11-16 08:56:53.556: I/HotwordHelper(10019): hasHotwordEverywhere-false
11-16 08:56:53.559: D/MusicLifecycle(19353): com.google.android.music.ui.PhoneMusicApplication generated event: Application created
11-16 08:56:53.560: W/SessionLifecycleManager(10019): Client : AttachedClient[44065665075256254, ClientConfig[mFlags=[default, headless, launch_external_voice_search_ui, support_transparent_background, legacy_leave_behind_dirty_session_fixme] mSuggestFlags=[0] mClientId=HOTWORD_SERVICE mSessionType=search]] has no associated SessionController
11-16 08:56:53.560: W/SearchServiceCore(10019): Abort, client detached.
11-16 08:56:53.560: I/chatty(10019): uid=10047 com.google.android.googlequicksearchbox:search identical 1 line
11-16 08:56:53.560: W/SearchServiceCore(10019): Abort, client detached.
11-16 08:56:53.562: I/PeopleSearchIndexManage(13100): Rebuilding index...
11-16 08:56:53.565: W/RenderThread(19373): type=1400 audit(0.0:350): avc: denied { read } for name="u:object_r:vendor_default_prop:s0" dev="tmpfs" ino=20871 scontext=u:r:priv_app:s0:c512,c768 tcontext=u:object_r:vendor_default_prop:s0 tclass=file permissive=0
11-16 08:56:53.571: E/libc(19373): Access denied finding property "vendor.gralloc.enable_ahardware_buffer"
11-16 08:56:53.573: D/AndroidRuntime(19382): >>>>>> START com.android.internal.os.RuntimeInit uid 2000 <<<<<<
11-16 08:56:53.594: I/BackdropActivity(18237): onResume()
11-16 08:56:53.600: I/ActivityManager(1151): Activity requesting to dismiss Keyguard: ActivityRecord{b1641cd u0 com.google.android.apps.mtaas.backdrop/.BackdropActivity t4}
11-16 08:56:53.614: I/PeopleASM(13100): Rebuilding autocomplete index...
11-16 08:56:53.620: I/Wear_Controller(10485): Wearable module requires a companion app to be installed.
11-16 08:56:53.620: I/WearableService(10485): onCreate: Wearable Services not starting. Wear is not available on this device.
11-16 08:56:53.620: I/PeopleSearchIndexManage(13100): Rebuilding index done.
11-16 08:56:53.621: D/android.hardware.power@1.3-service.crosshatch-libperfmgr(771): LAUNCH OFF
11-16 08:56:53.633: D/MusicLifecycle(19353): com.google.android.music.store.ConfigContentProvider generated event: initializing
11-16 08:56:53.635: I/BaseStore(19353): ConfigStore database version: 1
11-16 08:56:53.650: W/Nearby(10485): Bind call too late - someone already tried to get: interface bopq [CONTEXT service_id=49 ]
11-16 08:56:53.654: I/app_process(19382): The ClassLoaderContext is a special shared library.
11-16 08:56:53.665: W/roid.music:mai(19353): Unknown chunk type '200'.
11-16 08:56:53.670: I/roid.music:mai(19353): The ClassLoaderContext is a special shared library.
11-16 08:56:53.671: I/chatty(19353): uid=10075 com.google.android.music:main identical 1 line
11-16 08:56:53.672: I/roid.music:mai(19353): The ClassLoaderContext is a special shared library.
11-16 08:56:53.676: D/AndroidRuntime(19382): Calling main entry com.android.commands.am.Am
11-16 08:56:53.680: I/ActivityManager(1151): Force stopping androidx.activity.ktx.test appid=10172 user=0: start instr
11-16 08:56:53.685: I/NearbyMessages(10485): OfflineCache: old scanner cache is not enabled [CONTEXT service_id=62 ]
11-16 08:56:53.692: I/ActivityManager(1151): Start proc 19424:androidx.activity.ktx.test/u0a172 for added application androidx.activity.ktx.test
11-16 08:56:53.704: V/NativeCrypto(19353): Registering com/google/android/gms/org/conscrypt/NativeCrypto's 294 native methods...
11-16 08:56:53.711: I/tivity.ktx.tes(19424): Late-enabling -Xcheck:jni
11-16 08:56:53.726: D/NetworkSecurityConfig(19353): No Network Security Config specified, using platform default
11-16 08:56:53.727: I/ProviderInstaller(19353): Installed default security provider GmsCore_OpenSSL
11-16 08:56:53.727: D/AndroidMusic(19353): GMSCore installation verified
11-16 08:56:53.736: W/WearableService(10485): onGetService: Wear is not available on this device.
11-16 08:56:53.773: I/Finsky(18331): [2] ajih.kw(11): BulkDetails response obtained.
11-16 08:56:53.775: I/NearbyDiscovery(10485): FastPairScanner2: isScreenOn=true, scanWithScreenOff=false, isLocationEnabled=true, disableLocationRequirement=false, isDiscoveryScanningEnabled=true [CONTEXT service_id=49 ]
11-16 08:56:53.778: I/Finsky(18331): [2] ajja.a(21): No new splits to download.
11-16 08:56:53.779: I/Finsky(18331): [2] ajkh.run(138): Skipping check for new language splits in self-update.
11-16 08:56:53.779: I/Icing(13100): IndexChimeraService.getServiceInterface callingPackage=com.google.android.gms componentName=AppsCorpus serviceId=32
11-16 08:56:53.781: I/Finsky(18331): [2] abya.n(4): SCH: jobFinished: 37-0. TimeElapsed: 1474ms.
11-16 08:56:53.784: I/tivity.ktx.tes(19424): The ClassLoaderContext is a special shared library.
11-16 08:56:53.786: D/BluetoothAdapter(10485): isLeEnabled(): OFF
11-16 08:56:53.787: I/NearbyDiscovery(10485): FastPairScanner2: eventType=SERVICE_INITIALIZE, intReq=false, scanning=false, scanAllowed=true, bleEnabled=false, bleScanAvailable=false, lockScanRate=false [CONTEXT service_id=49 ]
11-16 08:56:53.788: I/tivity.ktx.tes(19424): The ClassLoaderContext is a special shared library.
11-16 08:56:53.788: I/Finsky(18331): [2] abwr.e(4): SCH: Job 37-0 finished. Not rescheduling.
11-16 08:56:53.789: I/Finsky(18331): [2] abwq.handleMessage(59): SCH: RunningQueue size: 0, PendingQueue size: 0
11-16 08:56:53.789: I/NearbyDiscovery(10485): FastPairScanner2: register location ble observer [CONTEXT service_id=49 ]
11-16 08:56:53.789: I/Finsky(18331): [2] abwq.handleMessage(26): SCH: Executor finished
11-16 08:56:53.798: I/NearbyDiscovery(10485): FastPairScanner2: BLE not available, eventType=SERVICE_INITIALIZE [CONTEXT service_id=49 ]
11-16 08:56:53.800: I/ActivityManager(1151): Killing 18620:com.google.android.apps.maps/u0a102 (adj 906): empty #17
11-16 08:56:53.800: I/ActivityManager(1151): Killing 18451:com.google.android.apps.docs/u0a128 (adj 906): empty #18
11-16 08:56:53.800: I/Finsky(18331): [2] abzb.b(5): SCH: Jobs in database: 1-1337 12-1 24-77777777 26-1414141414 29-29 31-305419896 
11-16 08:56:53.801: W/libprocessgroup(1151): kill(-18620, 9) failed: No such process
11-16 08:56:53.803: I/MusicExperimentManager(19353): Received config change, experiments list is null
11-16 08:56:53.803: W/MusicExperimentManager(19353): Parsing error while updating analysis experiments
11-16 08:56:53.806: I/NearbyDiscovery(10485): FastPair: HeadsetPieceImage, grant permission files:0 [CONTEXT service_id=49 ]
11-16 08:56:53.809: I/NearbyDiscovery(10485): FastPairEventStream: Initialize event stream [CONTEXT service_id=49 ]
11-16 08:56:53.814: I/NearbyDiscovery(10485): Show notifications: 0 total, no changes since last shown, no-op. [CONTEXT service_id=49 ]
11-16 08:56:53.815: I/NearbyDiscovery(10485): FastPairHandler: Received action android.net.wifi.STATE_CHANGE [CONTEXT service_id=49 ]
11-16 08:56:53.817: I/TopChartsIcing(19353): Starting 'com.google.android.music.sync.google.MusicGcmTaskService
11-16 08:56:53.820: I/NearbyDiscovery(10485): FastPairHandler: Received action android.net.conn.CONNECTIVITY_CHANGE [CONTEXT service_id=49 ]
11-16 08:56:53.821: I/BaseStore(19353): Store database version: 146
11-16 08:56:53.822: I/Finsky(18331): [2] abxn.d(37): SCH: ConstraintMapping: 24-77777777,  -> L: 0ms, D: 81552179ms, C: false, I: true, N: 0
11-16 08:56:53.823: I/Finsky(18331): [2] abxn.d(37): SCH: ConstraintMapping: 1-1337, 12-1, 31-305419896,  -> L: 652ms, D: 46992494ms, C: false, I: false, N: 1
11-16 08:56:53.824: I/Finsky(18331): [2] abxn.d(37): SCH: ConstraintMapping: 26-1414141414, 29-29,  -> L: 22134ms, D: 52134ms, C: false, I: false, N: 0
11-16 08:56:53.824: I/Finsky(18331): [2] abxn.f(7): SCH: Cancelling existing jobscheduler jobs: 
11-16 08:56:53.825: I/Finsky(18331): [2] abxn.e(8): SCH: Throttling wakeup for job 9001 (expected to run in 0 ms) due to recent wakeup
11-16 08:56:53.825: I/Finsky(18331): [2] abxn.e(23): SCH: Scheduling job Id: 9001, L: 30000, D: 81552179, C: false, I: true, N: 0
11-16 08:56:53.826: I/Finsky(18331): [2] abxn.e(8): SCH: Throttling wakeup for job 9002 (expected to run in 652 ms) due to recent wakeup
11-16 08:56:53.826: I/Icing(13100): Query from package: com.google.android.gms, component: AppsCorpus, restrict package: com.google.android.gms, start: 0, num: 100
11-16 08:56:53.826: I/Finsky(18331): [2] abxn.e(23): SCH: Scheduling job Id: 9002, L: 30000, D: 46992494, C: false, I: false, N: 1
11-16 08:56:53.827: I/Finsky(18331): [2] abxn.e(8): SCH: Throttling wakeup for job 9003 (expected to run in 22134 ms) due to recent wakeup
11-16 08:56:53.828: I/Finsky(18331): [2] abxn.e(23): SCH: Scheduling job Id: 9003, L: 30000, D: 52134, C: false, I: false, N: 0
11-16 08:56:53.833: W/Icing(13100): No valid account for uploading user actions
11-16 08:56:53.844: W/libprocessgroup(1151): kill(-18620, 9) failed: No such process
11-16 08:56:53.853: D/BoundBrokerSvc(10485): onUnbind: Intent { act=com.google.android.gms.clearcut.bootcount.service.START pkg=com.google.android.gms }
11-16 08:56:53.853: I/Zygote(740): Process 18620 exited due to signal (9)
11-16 08:56:53.863: I/Zygote(740): Process 18451 exited due to signal (9)
11-16 08:56:53.868: I/PlaybackClient(19353): init: Initializing
11-16 08:56:53.885: D/ConnectivityService(1151): Returning BLOCKED NetworkInfo to uid=10075
11-16 08:56:53.886: I/Icing(13100): Usage reports ok 1, Failed Usage reports 0, indexed 0, rejected 0
11-16 08:56:53.888: W/libprocessgroup(1151): kill(-18620, 9) failed: No such process
11-16 08:56:53.888: I/libprocessgroup(1151): Successfully killed process cgroup uid 10102 pid 18620 in 86ms
11-16 08:56:53.888: W/libprocessgroup(1151): kill(-18451, 9) failed: No such process
11-16 08:56:53.888: I/libprocessgroup(1151): Successfully killed process cgroup uid 10128 pid 18451 in 0ms
11-16 08:56:53.931: D/MusicLifecycle(19353): com.google.android.music.notifications.NotificationChannelInitializationBroadcastReceiver generated event: Broadcast received with context android.app.ReceiverRestrictedContext@13fda4 and intent Intent { act=android.intent.action.LOCALE_CHANGED flg=0x11200010 cmp=com.google.android.music/.notifications.NotificationChannelInitializationBroadcastReceiver }
11-16 08:56:53.934: D/MusicLifecycle(19353): com.google.android.music.net.NetworkConnectivityMonitor$NetworkChangedReceiver generated event: Broadcast received with context com.google.android.music.ui.PhoneMusicApplication@13a0aad and intent Intent { act=android.net.conn.CONNECTIVITY_CHANGE flg=0x4200010 (has extras) }
11-16 08:56:53.935: I/NetworkConnectivity(19353): Network state changed: [type: WIFI[], state: DISCONNECTED/BLOCKED, reason: (unspecified), extra: (none), failover: false, available: true, roaming: false]
11-16 08:56:53.942: D/MusicLifecycle(19353): com.google.android.music.download.EncapsulatedBroadcastReceiver$1 generated event: Broadcast received with context com.google.android.music.ui.PhoneMusicApplication@13a0aad and intent Intent { act=com.google.android.music.ResumeStorageMigration flg=0x10 (has extras) }
11-16 08:56:53.945: D/MusicLifecycle(19353): com.google.android.music.download.artwork.ArtDownloadService generated event: Service created
11-16 08:56:53.946: I/Dialer(19286): Flags.register - phenotype register status: true
11-16 08:56:53.950: I/ActivityManager(1151): Start proc 19465:com.google.android.youtube/u0a80 for broadcast com.google.android.youtube/com.google.android.apps.youtube.app.application.system.LocaleUpdatedReceiver
11-16 08:56:53.959: E/android.youtub(19465): Not starting debugger since process cannot load the jdwp agent.
11-16 08:56:53.984: W/AdvertisingIdClient(19353): Error while reading from SharedPreferences 
11-16 08:56:53.984: W/AdvertisingIdClient(19353): java.lang.SecurityException: MODE_WORLD_READABLE no longer supported
11-16 08:56:53.984: W/AdvertisingIdClient(19353): 	at android.app.ContextImpl.checkMode(ContextImpl.java:2495)
11-16 08:56:53.984: W/AdvertisingIdClient(19353): 	at android.app.ContextImpl.getSharedPreferences(ContextImpl.java:414)
11-16 08:56:53.984: W/AdvertisingIdClient(19353): 	at android.app.ContextImpl.getSharedPreferences(ContextImpl.java:404)
11-16 08:56:53.984: W/AdvertisingIdClient(19353): 	at com.google.android.gms.ads.identifier.AdvertisingIdClient.getAdvertisingIdInfo(Unknown Source:12)
11-16 08:56:53.984: W/AdvertisingIdClient(19353): 	at com.google.android.music.preferences.MusicPreferences.getAdvertisingIdInfo(MusicPreferences.java:2476)
11-16 08:56:53.984: W/AdvertisingIdClient(19353): 	at com.google.android.music.preferences.MusicPreferences.access$1000(MusicPreferences.java:83)
11-16 08:56:53.984: W/AdvertisingIdClient(19353): 	at com.google.android.music.preferences.MusicPreferences$7.run(MusicPreferences.java:2457)
11-16 08:56:53.984: W/AdvertisingIdClient(19353): 	at com.google.android.music.utils.async.TraceableRunnable.runLogged(TraceableRunnable.java:21)
11-16 08:56:53.984: W/AdvertisingIdClient(19353): 	at com.google.android.music.utils.async.LoggedRunnable.run(LoggedRunnable.java:30)
11-16 08:56:53.984: W/AdvertisingIdClient(19353): 	at android.os.Handler.handleCallback(Handler.java:873)
11-16 08:56:53.984: W/AdvertisingIdClient(19353): 	at android.os.Handler.dispatchMessage(Handler.java:99)
11-16 08:56:53.984: W/AdvertisingIdClient(19353): 	at com.google.android.music.utils.LoggableHandler.dispatchMessage(LoggableHandler.java:74)
11-16 08:56:53.984: W/AdvertisingIdClient(19353): 	at android.os.Looper.loop(Looper.java:193)
11-16 08:56:53.984: W/AdvertisingIdClient(19353): 	at android.os.HandlerThread.run(HandlerThread.java:65)
11-16 08:56:53.994: I/ActivityManager(1151): Killing 11341:com.google.android.ims/u0a25 (adj 1001): empty #17
11-16 08:56:53.994: W/libprocessgroup(1151): kill(-11341, 9) failed: No such process
11-16 08:56:53.997: D/MusicLifecycle(19353): com.google.android.music.download.EncapsulatedBroadcastReceiver$1 generated event: Broadcast received with context com.google.android.music.ui.PhoneMusicApplication@13a0aad and intent Intent { act=com.google.android.music.download.keepon.KeeponSchedulingService.START_DOWNLOAD flg=0x10 }
11-16 08:56:54.006: I/android.youtub(19465): The ClassLoaderContext is a special shared library.
11-16 08:56:54.023: D/ConnectivityService(1151): ConnectivityService NetworkRequestInfo binderDied(NetworkRequest [ TRACK_DEFAULT id=36, [ Capabilities: INTERNET&NOT_RESTRICTED&TRUSTED Unwanted:  Uid: 10025] ], android.os.BinderProxy@4b25908)
11-16 08:56:54.024: D/ConnectivityService(1151): releasing NetworkRequest [ TRACK_DEFAULT id=36, [ Capabilities: INTERNET&NOT_RESTRICTED&TRUSTED Unwanted:  Uid: 10025] ] (release request)
11-16 08:56:54.025: I/Zygote(740): Process 11341 exited due to signal (9)
11-16 08:56:54.026: W/ActivityManager(1151): Scheduling restart of crashed service com.google.android.ims/.services.NetworkConnectionsService in 1000ms
11-16 08:56:54.034: D/AwarenessRouter(19353): 0 new fences
11-16 08:56:54.035: I/BugleRcsEngine(10422): [613] ProvisioningEngineStateMachine$StateBase.c: Exit DisabledState
11-16 08:56:54.036: W/BugleRcsEngine(10422): [613] pcp.c: No config URL. RCS will be disabled!
11-16 08:56:54.038: W/libprocessgroup(1151): kill(-11341, 9) failed: No such process
11-16 08:56:54.038: I/libprocessgroup(1151): Successfully killed process cgroup uid 10025 pid 11341 in 43ms
11-16 08:56:54.045: E/BugleRcsEngine(10422): [2] pkf.a: TelephonyChangeReceiver is not registered.
11-16 08:56:54.047: D/AwarenessRouter(19353): 0 fences already registered
11-16 08:56:54.051: D/AwarenessRouter(19353): Successfully removed 0 context fences
11-16 08:56:54.053: D/ConnectivityService(1151): releasing NetworkRequest [ TRACK_DEFAULT id=37, [ Capabilities: INTERNET&NOT_RESTRICTED&TRUSTED Unwanted:  Uid: 10111] ] (release request)
11-16 08:56:54.054: I/BugleRcsEngine(10422): [2] oli.a: Destroying JibeServiceComponent
11-16 08:56:54.054: I/BugleRcsEngine(10422): [2] pkj.h: Shutting down SimStateTracker
11-16 08:56:54.086: W/YT(19465): Last known version:13.23.60
11-16 08:56:54.091: I/Dialer(19286): CallLogFramework.enable - enter
11-16 08:56:54.091: I/Dialer(19286): CallLogFramework.registerContentObserversAndRefreshReceiver - enter
11-16 08:56:54.092: I/Dialer(19286): SystemCallLogDataSource.registerContentObservers - enter
11-16 08:56:54.107: I/.gms.persisten(10485): Background concurrent copying GC freed 176736(10MB) AllocSpace objects, 58(2MB) LOS objects, 50% free, 13MB/26MB, paused 33us total 113.260ms
11-16 08:56:54.133: I/Icing(13100): Indexing com.google.android.gms-apps from com.google.android.gms
11-16 08:56:54.168: W/tivity.ktx.tes(19424): Accessing hidden method Landroid/app/Instrumentation;->execStartActivity(Landroid/content/Context;Landroid/os/IBinder;Landroid/os/IBinder;Landroid/app/Activity;Landroid/content/Intent;ILandroid/os/Bundle;)Landroid/app/Instrumentation$ActivityResult; (light greylist, linking)
11-16 08:56:54.168: W/tivity.ktx.tes(19424): Accessing hidden method Landroid/app/Instrumentation;->execStartActivity(Landroid/content/Context;Landroid/os/IBinder;Landroid/os/IBinder;Ljava/lang/String;Landroid/content/Intent;ILandroid/os/Bundle;)Landroid/app/Instrumentation$ActivityResult; (light greylist, linking)
11-16 08:56:54.170: I/Dialer(19286): DialerExecutorModule.newThread - creating low priority thread
11-16 08:56:54.175: I/MonitoringInstr(19424): Instrumentation started!
11-16 08:56:54.175: I/Dialer(19286): AnnotatedCallLogMigrator.migrate - migrating annotated call log
11-16 08:56:54.175: I/Dialer(19286): RefreshAnnotatedCallLogWorker.refresh - submitting serialized refresh request
11-16 08:56:54.183: I/Dialer(19286): DialerExecutorModule.newThread - creating low priority thread
11-16 08:56:54.190: V/TestEventClient(19424): No service name argument was given (testDiscoveryService, testRunEventService or orchestratorService)
11-16 08:56:54.192: I/MonitoringInstr(19424): No JSBridge.
11-16 08:56:54.194: I/Dialer(19286): RefreshAnnotatedCallLogWorker.checkDirtyAndRebuildIfNecessary - starting refresh flow
11-16 08:56:54.194: I/Dialer(19286): Flags.register - commit succeeded: true
11-16 08:56:54.201: D/InfraTrack(19424): Tracking disabled due to lack of internet permissions
11-16 08:56:54.201: I/UsageTrackerFacilitator(19424): Usage tracking disabled
11-16 08:56:54.202: I/Dialer(19286): RefreshAnnotatedCallLogWorker.checkDirtyAndRebuildIfNecessary - isDirty: true
11-16 08:56:54.204: I/Dialer(19286): DialerExecutorModule.newThread - creating low priority thread
11-16 08:56:54.208: I/TestRequestBuilder(19424): Scanning classpath to find tests in paths [/data/app/androidx.activity.ktx.test-WfUz8VvZa1P7sr-r1xaGZA==/base.apk]
11-16 08:56:54.209: W/tivity.ktx.tes(19424): Opening an oat file without a class loader. Are you using the deprecated DexFile APIs?
11-16 08:56:54.217: W/YouTube(19465): Fetching the Gservices key 'failsafe_clear_cache_release_13_02' before the end of the bulk initialization
11-16 08:56:54.225: I/Dialer(19286): AnnotatedCallLogDatabaseHelper.onCreate - enter
11-16 08:56:54.227: I/Dialer(19286): AnnotatedCallLogDatabaseHelper.createTable - took: 2ms
11-16 08:56:54.230: I/Dialer(19286): SystemCallLogDataSource.fill - found 0 existing annotated call log ids
11-16 08:56:54.285: I/Icing(13100): Indexing done com.google.android.gms-apps
11-16 08:56:54.289: E/android.youtub(19465): The String#value field is not present on Android versions >= 6.0
11-16 08:56:54.291: I/Dialer(19286): SystemCallLogDataSource.handleInsertsAndUpdatesInternal - no results for CALL_IN_DIRECT_BOOT_MODE
11-16 08:56:54.292: I/Dialer(19286): SystemCallLogDataSource.handleInsertsAndUpdatesInternal - no results for REGULAR_CALL
11-16 08:56:54.297: I/Dialer(19286): SystemCallLogDataSource.handleDeletes - found 0 call log entries to remove
11-16 08:56:54.316: I/Dialer(19286): SystemBlockedNumberPhoneLookup.getMostRecentPhoneLookupInfo - enter
11-16 08:56:54.319: E/YouTube(19465): flushBinderConnectionCallbacks is unverified on SDK 28
11-16 08:56:54.320: D/ConnectivityService(1151): Returning BLOCKED NetworkInfo to uid=10080
11-16 08:56:54.357: W/android.youtub(19465): Unknown chunk type '200'.
11-16 08:56:54.364: E/YouTube(19465): Failed delayed event dispatch, no dispatchers.
11-16 08:56:54.369: W/SearchServiceCore(10019): Abort, client detached.
11-16 08:56:54.370: W/SearchServiceCore(10019): Abort, client detached.
11-16 08:56:54.378: I/android.youtub(19465): The ClassLoaderContext is a special shared library.
11-16 08:56:54.388: I/Dialer(19286): SpamCallDataSource.fill - enter
11-16 08:56:54.388: I/Dialer(19286): SpamCallDataSource.handleInserts - enter
11-16 08:56:54.391: I/android.youtub(19465): The ClassLoaderContext is a special shared library.
11-16 08:56:54.392: I/Dialer(19286): AnnotatedCallLogCoalescer.coalesce - enter
11-16 08:56:54.392: I/Dialer(19286): AnnotatedCallLogCoalescer.coalesceWithSelection - enter
11-16 08:56:54.396: I/Dialer(19286): AnnotatedCallLogCoalescer.coalesceWithSelection - enter
11-16 08:56:54.396: I/Dialer(19286): PrimesMetrics.startTimer - AnnotatedCallLogCoalescer.CoalesceForAllCalls is empty
11-16 08:56:54.397: I/Dialer(19286): ConversationHistoryCoalescer.coalesce - enter
11-16 08:56:54.398: I/Dialer(19286): ConversationHistoryCoalescer.coalesce - conversation history disabled
11-16 08:56:54.399: I/Dialer(19286): PrimesMetrics.startTimer - AnnotatedCallLogCoalescer.CoalesceForMissedCalls is empty
11-16 08:56:54.401: I/Dialer(19286): AnnotatedCallLogCoalescer.coalesceInternal - enter
11-16 08:56:54.401: I/Dialer(19286): AnnotatedCallLogCoalescer.coalesceInternal - enter
11-16 08:56:54.403: E/ExecutionCriteria(10485): Package unavailable for task: com.google.android.apps.gcs/com.google.android.flib.phenotype.services.PhenotypeExperimentCommitService{u=0 tag="PhenotypeExpCommitSvc" trigger=window{start=0s,end=30s,earliest=-1376s,latest=-1346s} requirements=[NET_ANY] attributes=[PERSISTED] scheduled=-1376s last_run=N/A exec_window_multiplier=1.0000 jid=N/A status=PENDING retries=0 client_lib=MANCHEGO_GCM-11732000} [CONTEXT service_id=218 ]
11-16 08:56:54.406: I/Dialer(19286): CoalescedRowsDao.saveToFileForAllCalls - enter
11-16 08:56:54.408: I/Dialer(19286): PrimesMetrics.startTimer - CoalescedRowsDao.SaveAllCalls is empty
11-16 08:56:54.408: I/Dialer(19286): CoalescedRowsDao.save - acquiring write lock
11-16 08:56:54.409: I/Dialer(19286): CoalescedRowsDao.save - start writing coalesced rows
11-16 08:56:54.410: I/Dialer(19286): CoalescedRowsDao.saveToFileForMissedCalls - enter
11-16 08:56:54.410: I/Bugle(18529): VerifiedSmsStartupTask: Checking if Verified SMS tasks should be enqueued.
11-16 08:56:54.411: I/Bugle(18529): VerifiedSmsStartupTask: Not enqueuing Verified SMS periodic task, Verified SMS is disabled.
11-16 08:56:54.416: I/Dialer(19286): CoalescedRowsDao.save - write lock released
11-16 08:56:54.416: I/Dialer(19286): PrimesMetrics.startTimer - CoalescedRowsDao.SaveMissedCalls is empty
11-16 08:56:54.416: I/Dialer(19286): CoalescedRowsDao.save - acquiring write lock
11-16 08:56:54.417: I/Dialer(19286): CoalescedRowsDao.save - start writing coalesced rows
11-16 08:56:54.417: I/Dialer(19286): CoalescedRowsDao.save - write lock released
11-16 08:56:54.418: I/Dialer(19286): CoalescedRowsUpdatedNotifier.notifyForCallLogMissedCalls - enter
11-16 08:56:54.419: I/Dialer(19286): CoalescedRowsUpdatedNotifier.notifyForCallLogAllCalls - enter
11-16 08:56:54.421: I/Dialer(19286): CallLogCacheUpdater.updateCache - not updating cache for initial build
11-16 08:56:54.429: I/FirebaseJobDispatcher(3633): onStartJob(): DefaultStickerUpdate.
11-16 08:56:54.429: I/DefaultStickerUpdate(3633): Submitted task to executor service with data=DefaultStickerTaskData{enabled=true, metadataUriPrefix=https://www.gstatic.com/android/keyboard/stickers/configs/v5/, supportedLanguage=en}
11-16 08:56:54.438: I/android.youtub(19465): The ClassLoaderContext is a special shared library.
11-16 08:56:54.441: D/NetworkSecurityConfig(3633): No Network Security Config specified, using platform default
11-16 08:56:54.447: I/DefaultStickerUpdate(3633): Started update task with DefaultStickerTaskData{enabled=true, metadataUriPrefix=https://www.gstatic.com/android/keyboard/stickers/configs/v5/, supportedLanguage=en}
11-16 08:56:54.448: I/NetworkScheduler.Stats(10485): Task com.google.android.inputmethod.latin/ started execution. cause:7 exec_start_elapsed_seconds: 1473 [CONTEXT service_id=218 ]
11-16 08:56:54.451: I/DefaultStickerUpdate(3633): Read metadata file from cache with 267141 bytes
11-16 08:56:54.526: I/android.youtub(19465): Waiting for a blocking GC AddRemoveAppImageSpace
11-16 08:56:54.527: I/BgTaskExecutorImpl(10019): Starting EXCLUSIVE background task FETCH_CONFIGS_FROM_PHENOTYPE.
11-16 08:56:54.530: I/CrashMetricService(19465): Startup metric for 'PRIMES_CRASH_MONITORING_INITIALIZED' dropped.
11-16 08:56:54.535: I/android.youtub(19465): WaitForGcToComplete blocked AddRemoveAppImageSpace on HeapTrim for 9.159ms
11-16 08:56:54.552: I/akhr(10485): Scheduling Phenotype for a PhenotypeSyncImmediately(13, com.google.android.googlequicksearchbox) one off with window [1, 2] in seconds [CONTEXT service_id=51 ]
11-16 08:56:54.577: I/DefaultStickerUpdate(3633): Received 6 sticker packs in metadata
11-16 08:56:54.609: I/ActivityManager(1151): Killing 18928:com.google.android.gms.unstable/u0a7 (adj 906): empty #17
11-16 08:56:54.610: W/libprocessgroup(1151): kill(-18928, 9) failed: No such process
11-16 08:56:54.624: E/ExecutionCriteria(10485): Package unavailable for task: com.google.android.apps.gcs/com.google.android.flib.phenotype.services.PhenotypeExperimentCommitService{u=0 tag="PhenotypeExpCommitSvc" trigger=window{start=0s,end=30s,earliest=-1377s,latest=-1347s} requirements=[NET_ANY] attributes=[PERSISTED] scheduled=-1377s last_run=N/A exec_window_multiplier=1.0000 jid=N/A status=PENDING retries=0 client_lib=MANCHEGO_GCM-11732000} [CONTEXT service_id=218 ]
11-16 08:56:54.625: I/ActivityManager(1151): Start proc 19587:com.google.intelligence.sense/u0a31 for broadcast com.google.intelligence.sense/.ambientmusic.SystemBroadcastReceiver
11-16 08:56:54.629: E/elligence.sens(19587): Not starting debugger since process cannot load the jdwp agent.
11-16 08:56:54.652: I/Zygote(740): Process 18928 exited due to signal (9)
11-16 08:56:54.652: W/ActivityManager(1151): Scheduling restart of crashed service com.google.android.gms/.droidguard.DroidGuardService in 1000ms
11-16 08:56:54.654: W/libprocessgroup(1151): kill(-18928, 9) failed: No such process
11-16 08:56:54.654: I/libprocessgroup(1151): Successfully killed process cgroup uid 10007 pid 18928 in 44ms
11-16 08:56:54.666: W/native(19587): commandlineflags.cc:1511 Ignoring RegisterValidateFunction() for flag pointer 0x7d114d6598: no flag found at that address
11-16 08:56:54.681: E/elligence.sens(19587): The String#value field is not present on Android versions >= 6.0
11-16 08:56:54.706: I/Superpacks(19587): Releasing all superpacks except ambientmusic-index-17_09_02
11-16 08:56:54.723: W/NotificationService(1151): Notification policy access denied calling getAutomaticZenRules
11-16 08:56:54.726: I/ActivityManager(1151): Killing 18529:com.google.android.apps.messaging/u0a111 (adj 906): empty #17
11-16 08:56:54.727: W/libprocessgroup(1151): kill(-18529, 9) failed: No such process
11-16 08:56:54.739: I/ActivityManager(1151): Start proc 19613:com.google.android.apps.chromecast.app/u0a149 for broadcast com.google.android.apps.chromecast.app/com.google.android.libraries.notifications.entrypoints.localechanged.LocaleChangedReceiver
11-16 08:56:54.734: I/chatty(1151): uid=1000(system) ActivityManager identical 1 line
11-16 08:56:54.744: W/libprocessgroup(1151): kill(-18529, 9) failed: No such process
11-16 08:56:54.747: E/.chromecast.ap(19613): Not starting debugger since process cannot load the jdwp agent.
11-16 08:56:54.750: W/libprocessgroup(1151): kill(-18529, 9) failed: No such process
11-16 08:56:54.759: I/Superpacks(19587): Starting garbage collection
11-16 08:56:54.760: W/Superpacks(19587): isDirectory returned false while listing files for /data/user/0/com.google.intelligence.sense/files/superpacks
11-16 08:56:54.764: W/libprocessgroup(1151): kill(-18529, 9) failed: No such process
11-16 08:56:54.770: I/.chromecast.ap(19613): The ClassLoaderContext is a special shared library.
11-16 08:56:54.786: I/DefaultStickerUpdate(3633): Created 152 indexables
11-16 08:56:54.796: I/Zygote(740): Process 18529 exited due to signal (9)
11-16 08:56:54.798: D/BoundBrokerSvc(13100): onUnbind: Intent { act=com.google.android.gms.walletp2p.service.firstparty.BIND pkg=com.google.android.gms }
11-16 08:56:54.798: D/BoundBrokerSvc(13100): onUnbind: Intent { act=com.google.android.mobstore.service.START pkg=com.google.android.gms }
11-16 08:56:54.798: D/BoundBrokerSvc(13100): onUnbind: Intent { act=com.google.android.mdd.service.START pkg=com.google.android.gms }
11-16 08:56:54.798: W/android.youtub(19465): Unsupported class loader
11-16 08:56:54.798: D/BoundBrokerSvc(13100): onUnbind: Intent { act=com.google.android.gms.measurement.START pkg=com.google.android.gms }
11-16 08:56:54.810: W/libprocessgroup(1151): kill(-18529, 9) failed: No such process
11-16 08:56:54.810: I/libprocessgroup(1151): Successfully killed process cgroup uid 10111 pid 18529 in 83ms
11-16 08:56:54.818: I/Finsky(18331): [2] alsm.a(4): Exiting following cache clear.
11-16 08:56:54.819: I/Icing(13100): Indexing com.google.android.gms-internal.3p:MobileApplication from com.google.android.gms
11-16 08:56:54.819: I/Finsky(18331): [2] gik.run(63): Exit with reason: 375, called from : java.lang.Throwable
11-16 08:56:54.819: I/Finsky(18331): 	at gik.run(Unknown Source:9)
11-16 08:56:54.819: I/Finsky(18331): 	at android.os.Handler.handleCallback(Handler.java:873)
11-16 08:56:54.819: I/Finsky(18331): 	at android.os.Handler.dispatchMessage(Handler.java:99)
11-16 08:56:54.819: I/Finsky(18331): 	at android.os.Looper.loop(Looper.java:193)
11-16 08:56:54.819: I/Finsky(18331): 	at android.app.ActivityThread.main(ActivityThread.java:6718)
11-16 08:56:54.819: I/Finsky(18331): 	at java.lang.reflect.Method.invoke(Native Method)
11-16 08:56:54.819: I/Finsky(18331): 	at com.android.internal.os.RuntimeInit$MethodAndArgsCaller.run(RuntimeInit.java:493)
11-16 08:56:54.819: I/Finsky(18331): 	at com.android.internal.os.ZygoteInit.main(ZygoteInit.java:858)
11-16 08:56:54.830: E/SQLiteLog(13100): (1) no such table: MobileApplication_com.google.android.gms_seq_table
11-16 08:56:54.833: I/android.vendin(18331): System.exit called, status: 0
11-16 08:56:54.833: I/AndroidRuntime(18331): VM exiting with result code 0, cleanup skipped.
11-16 08:56:54.834: E/Icing(13100): Cursor call threw an exception: no such table: MobileApplication_com.google.android.gms_seq_table (code 1 SQLITE_ERROR): , while compiling: SELECT * FROM [MobileApplication_com.google.android.gms_seq_table] WHERE seqno>0 AND tag IS NULL ORDER BY seqno LIMIT 20
11-16 08:56:54.835: I/Icing(13100): Indexing done com.google.android.gms-internal.3p:MobileApplication
11-16 08:56:54.835: E/Icing(13100): Aborting indexing of corpus internal.3p:MobileApplication
11-16 08:56:54.837: I/Icing(13100): Indexing com.android.chrome-internal.3p:WebPage from com.android.chrome
11-16 08:56:54.858: E/SQLiteLog(13100): (1) no such table: WebPage_com.android.chrome_seq_table
11-16 08:56:54.859: E/Icing(13100): Cursor call threw an exception: no such table: WebPage_com.android.chrome_seq_table (code 1 SQLITE_ERROR): , while compiling: SELECT * FROM [WebPage_com.android.chrome_seq_table] WHERE seqno>0 AND tag IS NULL ORDER BY seqno LIMIT 20
11-16 08:56:54.860: I/Icing(13100): Indexing done com.android.chrome-internal.3p:WebPage
11-16 08:56:54.860: E/Icing(13100): Aborting indexing of corpus internal.3p:WebPage
11-16 08:56:54.897: W/android.youtub(19465): Skipping duplicate class check due to unsupported classloader
11-16 08:56:54.899: I/DynamiteModule(19465): Considering local module com.google.android.gms.ads.dynamite:0 and remote module com.google.android.gms.ads.dynamite:213806100
11-16 08:56:54.899: I/DynamiteModule(19465): Selected remote version of com.google.android.gms.ads.dynamite, version >= 213806100
11-16 08:56:54.904: D/ConnectivityService(1151): ConnectivityService NetworkRequestInfo binderDied(NetworkRequest [ LISTEN id=57, [ Capabilities: INTERNET&NOT_RESTRICTED&TRUSTED Unwanted:  Uid: 10014] ], android.os.BinderProxy@dc3cdc5)
11-16 08:56:54.904: D/ConnectivityService(1151): ConnectivityService NetworkRequestInfo binderDied(NetworkRequest [ TRACK_DEFAULT id=56, [ Capabilities: INTERNET&NOT_RESTRICTED&TRUSTED Unwanted:  Uid: 10014] ], android.os.BinderProxy@1f8ac3c)
11-16 08:56:54.904: D/ConnectivityService(1151): releasing NetworkRequest [ TRACK_DEFAULT id=56, [ Capabilities: INTERNET&NOT_RESTRICTED&TRUSTED Unwanted:  Uid: 10014] ] (release request)
11-16 08:56:54.904: I/ActivityManager(1151): Process com.android.vending (pid 18331) has died: cch  CEM 
11-16 08:56:54.906: W/libprocessgroup(1151): kill(-18331, 9) failed: No such process
11-16 08:56:54.907: I/Finsky:download_service(18478): [2] szp.onDestroy(8): IPC-SERVER: Stopping gRPC host service...
11-16 08:56:54.911: I/Zygote(741): Process 18331 exited cleanly (0)
11-16 08:56:54.916: W/libprocessgroup(1151): kill(-18331, 9) failed: No such process
11-16 08:56:54.916: I/libprocessgroup(1151): Successfully killed process cgroup uid 10014 pid 18331 in 11ms
11-16 08:56:54.997: W/android.youtub(19465): Unsupported class loader
11-16 08:56:55.038: W/android.youtub(19465): Skipping duplicate class check due to unsupported classloader
11-16 08:56:55.051: W/SilentFeedbackConfig(10019): Renaming current_experiments.bin.tmp to current_experiments.bin failed
11-16 08:56:55.102: I/OpaEnabledReceiver(3644): Dispatching OPA eligble = true; AGSA = true; OPA enabled = true
11-16 08:56:55.102: I/OpaLayout(3644): Setting opa enabled to true
11-16 08:56:55.102: I/OpaLayout(3644): Setting opa enabled to true
11-16 08:56:55.105: D/DynamitePackage(19465): Instantiated singleton DynamitePackage.
11-16 08:56:55.105: D/DynamitePackage(19465): Instantiating com.google.android.gms.ads.adshield.ChimeraAdShieldCreatorImpl
11-16 08:56:55.110: I/OpaEligibilityChecker(10019): send OpaEligibilityChange broadcast to CommonBroadcastReceiver
11-16 08:56:55.114: I/OpaEnabledReceiver(3644): Dispatching OPA eligble = true; AGSA = true; OPA enabled = true
11-16 08:56:55.114: I/OpaLayout(3644): Setting opa enabled to true
11-16 08:56:55.114: I/OpaLayout(3644): Setting opa enabled to true
11-16 08:56:55.119: I/OpaEnabledReceiver(3644): Dispatching OPA eligble = true; AGSA = true; OPA enabled = true
11-16 08:56:55.119: I/OpaLayout(3644): Setting opa enabled to true
11-16 08:56:55.119: I/OpaLayout(3644): Setting opa enabled to true
11-16 08:56:55.122: D/TestExecutor(19424): Adding listener androidx.test.internal.runner.listener.LogRunListener
11-16 08:56:55.122: D/TestExecutor(19424): Adding listener androidx.test.internal.runner.listener.InstrumentationResultPrinter
11-16 08:56:55.122: D/TestExecutor(19424): Adding listener androidx.test.internal.runner.listener.ActivityFinisherRunListener
11-16 08:56:55.123: I/OpaEligibilityChecker(10019): send OpaEligibilityChange broadcast to CommonBroadcastReceiver
11-16 08:56:55.128: I/TestRunner(19424): run started: 11 tests
11-16 08:56:55.130: I/OpaEnabledReceiver(3644): Dispatching OPA eligble = true; AGSA = true; OPA enabled = true
11-16 08:56:55.130: I/OpaLayout(3644): Setting opa enabled to true
11-16 08:56:55.131: I/OpaLayout(3644): Setting opa enabled to true
11-16 08:56:55.132: I/TestRunner(19424): started: vmInitialization(androidx.activity.ActivityViewModelLazyTest)
11-16 08:56:55.135: W/ActivityTestRule(19424): getActivityIntent() returned null using default: Intent(Intent.ACTION_MAIN)
11-16 08:56:55.138: I/ActivityManager(1151): START u0 {act=android.intent.action.MAIN flg=0x14000000 cmp=androidx.activity.ktx.test/androidx.activity.ActivityViewModelLazyTest$TestActivity} from uid 10172
11-16 08:56:55.143: I/BlobLobber(10019): Canceling downloads: [odws2_en:us:807_2019-07-21_260300236_release_signed]
11-16 08:56:55.143: I/BlobLobber(10019): Failed to cancel [odws2_en:us:807_2019-07-21_260300236_release_signed]
11-16 08:56:55.147: D/android.hardware.power@1.3-service.crosshatch-libperfmgr(771): LAUNCH ON
11-16 08:56:55.150: I/BlobLobber(10019): Canceling downloads: []
11-16 08:56:55.152: W/ActivityThread(19424): handleWindowVisibility: no activity for token android.os.BinderProxy@e6602fc
11-16 08:56:55.159: I/BgTaskExecutorImpl(10019): Starting EXCLUSIVE background task BLOBLOBBER_SYNC.
11-16 08:56:55.160: E/libc(19424): Access denied finding property "vendor.debug.egl.profiler"
11-16 08:56:55.155: W/androidx.activity.ktx.test(19424): type=1400 audit(0.0:351): avc: denied { read } for comm=45474C20496E6974 name="u:object_r:vendor_default_prop:s0" dev="tmpfs" ino=20871 scontext=u:r:untrusted_app:s0:c172,c256,c512,c768 tcontext=u:object_r:vendor_default_prop:s0 tclass=file permissive=0
11-16 08:56:55.171: I/VelourConfigListener(10019): Received new velour config
11-16 08:56:55.174: I/VelourConfigListener(10019): Received new velour config
11-16 08:56:55.187: D/LifecycleMonitor(19424): Lifecycle status change: androidx.activity.ActivityViewModelLazyTest$TestActivity@c99a4a9 in: PRE_ON_CREATE
11-16 08:56:55.194: W/.chromecast.ap(19613): JIT profile information will not be recorded: profile file does not exits.
11-16 08:56:55.194: I/chatty(19613): uid=10149(com.google.android.apps.chromecast.app) identical 1 line
11-16 08:56:55.194: W/.chromecast.ap(19613): JIT profile information will not be recorded: profile file does not exits.
11-16 08:56:55.203: I/BgTaskExecutorImpl(10019): Starting EXCLUSIVE background task VELOUR_BACKGROUND_MAINTENANCE.
11-16 08:56:55.218: D/OpenGLRenderer(19424): Skia GL Pipeline
11-16 08:56:55.228: D/LifecycleMonitor(19424): Lifecycle status change: androidx.activity.ActivityViewModelLazyTest$TestActivity@c99a4a9 in: CREATED
11-16 08:56:55.230: D/LifecycleMonitor(19424): Lifecycle status change: androidx.activity.ActivityViewModelLazyTest$TestActivity@c99a4a9 in: STARTED
11-16 08:56:55.235: D/LifecycleMonitor(19424): Lifecycle status change: androidx.activity.ActivityViewModelLazyTest$TestActivity@c99a4a9 in: RESUMED
11-16 08:56:55.235: I/Icing(13100): IndexChimeraService.getServiceInterface callingPackage=com.google.android.googlequicksearchbox componentName=agsa_icing_connection serviceId=33
