11-16 08:56:41.531: W/libprocessgroup(1151): kill(-4595, 9) failed: No such process
11-16 08:56:41.531: I/libprocessgroup(1151): Successfully killed process cgroup uid 10007 pid 4595 in 44ms
11-16 08:56:41.537: D/CarrierServices(11341): log_saver already enabled
11-16 08:56:41.538: I/TestSupport(13100): SetOverrideOperation: gms:phenotype:phenotype_flag:debug_bypass_phenotype = false [CONTEXT service_id=133 ]
11-16 08:56:41.576: I/GservicesProvider(4341): override update completed
11-16 08:56:41.595: I/TestSupport(13100): GServices override confirmed: gms:phenotype:phenotype_flag:debug_bypass_phenotype=false [CONTEXT service_id=133 ]
11-16 08:56:41.602: I/Bugle(11378): ApnsOta: OTA version -1
11-16 08:56:41.606: I/TestSupport(13100): SetFlagOverridesOperation: com.google.android.gms.auth.api.credentials, '', [Flag(SaveStrategy__enableSaving, false, 2, 0)] [CONTEXT service_id=133 ]
11-16 08:56:41.613: E/ExecutionCriteria(10485): Package unavailable for task: com.google.android.apps.gcs/com.google.android.flib.phenotype.services.PhenotypeExperimentCommitService{u=0 tag="PhenotypeExpCommitSvc" trigger=window{start=0s,end=30s,earliest=-1364s,latest=-1334s} requirements=[NET_ANY] attributes=[PERSISTED] scheduled=-1364s last_run=N/A exec_window_multiplier=1.0000 jid=N/A status=PENDING retries=0 client_lib=MANCHEGO_GCM-11732000} [CONTEXT service_id=218 ]
11-16 08:56:41.616: I/EuiccGoogle(17934): [2] GservicesChangedReceiver.onReceive: Setting EUICC_SUPPORTED_COUNTRIES to de,gb,in,us
11-16 08:56:41.618: I/CarrierServices(11341): [2] bxu.e: Carrier Services GServices flags:
11-16 08:56:41.618: I/CarrierServices(11341):    carrier_services_security_flags_ec_api_white_listed_packages: com.google.android.apps.messaging,com.google.android.dialer,com.google.android.ims.client.sampleapp,com.android.contacts,com.lge.rcscall,com.android.incallui,com.huawei.incallui.appfeature.rcsfeature
11-16 08:56:41.618: I/CarrierServices(11341):    carrier_services_security_flags_ec_api_white_listed_signatures: B28C3EDB665DF32686224DF800F603E9959BBE4E,0980A12BE993528C19107BC21AD811478C63CEFC,B38FA7B5ECFAEC44620A020752B07E063B3120A8,203997BC46B8792DC9747ABD230569071F9A0439,EDA6413C3E3A95492114FE07CD953AD897E40D1A,760EBB9F4200B3DFB1B817B40FF0563A3C150D39,5B368CFF2DA2686996BC95EAC190EAA4F5630FE5,01D845B26B688D8EF647205A5944E9407E52E06E,27196E386B875E76ADF700E7EA84E4C6EEE33DFA,1CDD04F1E4A732BB0352FDFAEE26D2315526DF85,025D5212BF3B5F5CDA6117A518721D70A94D84E0
11-16 08:56:41.618: I/CarrierServices(11341):    carrier_services_security_flags_test_service_white_listed_packages: com.google.android.ims.mobly.snippets
11-16 08:56:41.618: I/CarrierServices(11341):    carrier_services_security_flags_test_service_white_listed_signatures: AE41481F52E0F58DF2806D5A38EB3DBCA5AE02B0,E165542B31953CC282AA4EF2F4D5F07F7663A2A2
11-16 08:56:41.618: I/CarrierServices(11341):    carrier_services_security_flags_white_listed_packages: com.google.android.apps.messaging,com.google.android.dialer,com.google.android.ims.client.sampleapp,com.android.contacts,com.lge.rcscall,com.android.incallui,com.huawei.incallui.appfeature.rcsfeature
11-16 08:56:41.618: I/CarrierServices(11341):    carrier_services_security_flags_white_listed_signatures: B28C3EDB665DF32686224DF800F603E9959BBE4E,0980A12BE993528C19107BC21AD811478C63CEFC,B38FA7B5ECFAEC44620A020752B07E063B3120A8,203997BC46B8792DC9747ABD230569071F9A0439,EDA6413C3E3A95492114FE07CD953AD897E40D1A,760EBB9F4200B3DFB1B817B40FF0563A3C150D39,5B368CFF2DA2686996BC95EAC190EAA4F5630FE5,01D845B26B688D8EF647205A5944E9407E52E06E,27196E386B875E76ADF700E7EA84E4C6EEE33DFA,1CDD04F1E4A732BB0352FDFAEE26D2315526DF85,025D5212BF3B5F5CDA6117A518721D70A94D84E0
11-16 08:56:41.618: I/CarrierServices(11341):    carrier_services_video_share_disabled_user_agent_substrings: SM-G930,SM-G935,SM-A320
11-16 08:56:41.618: I/CarrierServices(11341): ====================
11-16 08:56:41.625: D/BugleRcsEngine(10422): log_saver already enabled
11-16 08:56:41.625: I/Backup(13100): [GmsBackupStatusChangeReceiver] Going to enable gms backup transport.
11-16 08:56:41.640: I/GmsModuleFndr(13100): Beginning GMS chimera module scan
11-16 08:56:41.643: I/NetRec(10485): [924] aiad.a: onConfigChanged()
11-16 08:56:41.644: I/BgTaskExecutorImpl(10019): Starting NONEXCLUSIVE background task UPDATE_GSERVICES_CONFIG.
11-16 08:56:41.645: I/Backup(13100): [BackupTransportMigratorChimeraService] Starting migration...
11-16 08:56:41.651: I/Auth(10485): [AuthManaged, PasswordComplexityHelperImpl] Updating password complexity components state.
11-16 08:56:41.651: I/Auth(10485): [AuthManaged, PasswordComplexityHelperImpl] Enabling com.google.android.gms.auth.managed.ui.SetNewPasswordActivity
11-16 08:56:41.652: W/SearchServiceCore(10019): Abort, client detached.
11-16 08:56:41.652: D/CarrierServices(11341): log_saver already enabled
11-16 08:56:41.653: I/NetRec(10485): [924] aiad.a: Cancelling all NetRec GCM tasks
11-16 08:56:41.653: I/Herrevad(10485): [927] zcq.a: updateListenState
11-16 08:56:41.653: I/NetRec(10485): [920] ClearDatabaseService.onHandleIntent: Clearing score cache
11-16 08:56:41.656: I/GservicesUpdateTask(10019): Updating Gservices keys
11-16 08:56:41.658: I/ActivityManager(1151): Start proc 17969:com.google.process.gapps/u0a7 for broadcast com.google.android.gsf/.loginservice.ServicesWatcher
11-16 08:56:41.663: I/ModuleSetMgr(13100): Computing pending module set with APKs: [[AdsFdrDynamite.integ:213806100100000], [Enpromo.integ:214106000100000], [Pay.optional:213614100000], [VisionOcr.optional:213614100400], [AdsFdrDynamite.integ:212104400100000], [Cronetdynamite:213614100400], [Dynamiteloader:213614100000], [Dynamitemodulesa:213614100000], [Dynamitemodulesc:213614100000], [Googlecertificates:213614100000], [Mapsdynamite:213614100000], [Measurementdynamite:213614100000]]
11-16 08:56:41.665: E/e.process.gapp(17969): Not starting debugger since process cannot load the jdwp agent.
11-16 08:56:41.681: I/ModuleSetMgr(13100): Pending container module APKs: [[Pay.optional:213614100000], [VisionOcr.optional:213614100400]]
11-16 08:56:41.681: I/ModuleSetMgr(13100): Pending non-container module APKs: [[Enpromo.integ:214106000100000], [AdsFdrDynamite.integ:213806100100000]]
11-16 08:56:41.690: I/e.process.gapp(17969): The ClassLoaderContext is a special shared library.
11-16 08:56:41.691: W/PackageParser(13100): Unknown element under <manifest>: queries at /data/user_de/0/com.google.android.gms/app_chimera/m/00000007/AdsDynamite.apk Binary XML file line #5
11-16 08:56:41.705: D/BugleRcsEngine(10422): log_saver already enabled
11-16 08:56:41.708: I/GCoreUlr(10485): WorldUpdater received intent Intent { act=com.google.android.location.reporting.ACTION_UPDATE_WORLD cmp=com.google.android.gms/com.google.android.location.reporting.service.DispatchingService (has extras) } with receiverAction com.google.gservices.intent.action.GSERVICES_CHANGED [CONTEXT service_id=22 ]
11-16 08:56:41.709: D/BugleRcsEngine(10422): log_saver already enabled
11-16 08:56:41.711: W/PackageParser(13100): Unknown element under <manifest>: queries at /data/user_de/0/com.google.android.gms/app_chimera/m/00000011/dl-AdsFdrDynamite.integ_213806100100000.apk Binary XML file line #11
11-16 08:56:41.722: I/RecoverableKeyStoreGms(13100): [RecoverableKeyStoreGmsInitOperation] Initializing auth_folsom
11-16 08:56:41.723: I/GoogleHttpClient(17969): GMS http client unavailable, use old client
11-16 08:56:41.726: D/BoundBrokerSvc(10485): onBind: Intent { act=com.google.android.gms.scheduler.ACTION_PROXY_SCHEDULE cmp=com.google.android.gms/.chimera.PersistentInternalBoundBrokerService }
11-16 08:56:41.726: D/BoundBrokerSvc(10485): Loading bound service for intent: Intent { act=com.google.android.gms.scheduler.ACTION_PROXY_SCHEDULE cmp=com.google.android.gms/.chimera.PersistentInternalBoundBrokerService }
11-16 08:56:41.727: I/ChromeSync(13100): [Sync,SyncIntentOperation] Handling the intent: Intent { act=com.google.gservices.intent.action.GSERVICES_CHANGED flg=0x1000010 pkg=com.google.android.gms cmp=com.google.android.gms/.chimera.GmsIntentOperationService$PersistentInternalReceiver }.
11-16 08:56:41.733: I/RecoverableKeyStoreGms(13100): [RecoverableKeyStoreGmsInitOperation] com.google.android.gms.auth.folsom.service.FolsomPublicKeyUpdateService is already enabled. Ignore.
11-16 08:56:41.733: I/RecoverableKeyStoreGms(13100): [RecoverableKeyStoreGmsInitOperation] com.google.android.gms.auth.folsom.service.GcmReceiverService is already enabled. Ignore.
11-16 08:56:41.737: V/RecoverableKeyStoreMgr(1151): Not updating secret types - same as old value.
11-16 08:56:41.738: I/RecoverableKeyStoreGms(13100): [RecoverableKeyStoreGmsInitOperation] Setting vault handle
11-16 08:56:41.739: V/RecoverableKeyStoreMgr(1151): Not updating server params - same as old value.
11-16 08:56:41.743: I/RecoverableKeyStoreGms(13100): [EnrollmentManager] Returning certificates list from cache
11-16 08:56:41.745: I/GCoreUlr(10485): WorldUpdater:com.google.gservices.intent.action.GSERVICES_CHANGED: Ensuring that reporting is stopped because of reasons: (no Google accounts) [CONTEXT service_id=22 ]
11-16 08:56:41.756: I/ActivityManager(1151): Killing 12513:com.android.vending:download_service/u0a14 (adj 906): empty #17
11-16 08:56:41.758: W/libprocessgroup(1151): kill(-12513, 9) failed: No such process
11-16 08:56:41.764: I/MobileDataHub(13100): Scheduling periodic tasks
11-16 08:56:41.769: I/GCoreUlr(10485): Unbound from all signal providers. [CONTEXT service_id=22 ]
11-16 08:56:41.769: W/MobileDataHub(13100): [Service] appsupload-periodic periodic task disabled
11-16 08:56:41.771: D/ConnectivityService(1151): ConnectivityService NetworkRequestInfo binderDied(NetworkRequest [ TRACK_DEFAULT id=43, [ Capabilities: INTERNET&NOT_RESTRICTED&TRUSTED Unwanted:  Uid: 10014] ], android.os.BinderProxy@c7a8a77)
11-16 08:56:41.771: D/ConnectivityService(1151): releasing NetworkRequest [ TRACK_DEFAULT id=43, [ Capabilities: INTERNET&NOT_RESTRICTED&TRUSTED Unwanted:  Uid: 10014] ] (release request)
11-16 08:56:41.772: I/Zygote(741): Process 12513 exited due to signal (9)
11-16 08:56:41.772: I/GmsModuleFndr(13100): Beginning GMS chimera module scan
11-16 08:56:41.773: I/ActivityManager(1151): Start proc 17990:com.google.android.partnersetup/u0a49 for broadcast com.google.android.partnersetup/.RlzPingBroadcastReceiver
11-16 08:56:41.778: I/MS_Utils(13100): version of com.google.android.apps.maps = 1022101040
11-16 08:56:41.779: I/MdiSyncModule(13100): flag handling is skipping irrelevant intent.
11-16 08:56:41.781: E/id.partnersetu(17990): Not starting debugger since process cannot load the jdwp agent.
11-16 08:56:41.781: I/RecoverableKeyStoreMgr(1151): The cert file serial number is the same, so skip updating.
11-16 08:56:41.781: I/RecoverableKeyStoreGms(13100): [EnrollmentManager] Recovery service is initialized.
11-16 08:56:41.783: I/RecoverySnapshotLstnrs(1151): Registered listener for agent with uid 10007
11-16 08:56:41.785: E/RecoverySnapshotStorage(1151): Error reading snapshot for 10007 from disk
11-16 08:56:41.785: E/RecoverySnapshotStorage(1151): java.io.FileNotFoundException: /data/system/recoverablekeystore/snapshots/10007.xml (No such file or directory)
11-16 08:56:41.785: E/RecoverySnapshotStorage(1151): 	at java.io.FileInputStream.open0(Native Method)
11-16 08:56:41.785: E/RecoverySnapshotStorage(1151): 	at java.io.FileInputStream.open(FileInputStream.java:231)
11-16 08:56:41.785: E/RecoverySnapshotStorage(1151): 	at java.io.FileInputStream.<init>(FileInputStream.java:165)
11-16 08:56:41.785: E/RecoverySnapshotStorage(1151): 	at com.android.server.locksettings.recoverablekeystore.storage.RecoverySnapshotStorage.readFromDisk(RecoverySnapshotStorage.java:152)
11-16 08:56:41.785: E/RecoverySnapshotStorage(1151): 	at com.android.server.locksettings.recoverablekeystore.storage.RecoverySnapshotStorage.get(RecoverySnapshotStorage.java:104)
11-16 08:56:41.785: E/RecoverySnapshotStorage(1151): 	at com.android.server.locksettings.recoverablekeystore.RecoverableKeyStoreManager.getKeyChainSnapshot(RecoverableKeyStoreManager.java:331)
11-16 08:56:41.785: E/RecoverySnapshotStorage(1151): 	at com.android.server.locksettings.LockSettingsService.getKeyChainSnapshot(LockSettingsService.java:2032)
11-16 08:56:41.785: E/RecoverySnapshotStorage(1151): 	at com.android.internal.widget.ILockSettings$Stub.onTransact(ILockSettings.java:356)
11-16 08:56:41.785: E/RecoverySnapshotStorage(1151): 	at android.os.Binder.execTransact(Binder.java:731)
11-16 08:56:41.789: I/GCoreUlr(10485): Unbound from all signal providers. [CONTEXT service_id=22 ]
11-16 08:56:41.789: I/GCoreUlr(10485): Stopping handler for UlrDispSvcFast [CONTEXT service_id=22 ]
11-16 08:56:41.791: I/RecoverableKeyStoreGms(13100): [WrappingKeyManager] Can't generate wrapping key - missing lock screeen
11-16 08:56:41.792: I/GCoreUlr(10485): DispatchingService ignoring Intent { act=android.net.wifi.WIFI_STATE_CHANGED flg=0x4000010 (has extras) } because ULR inactive [CONTEXT service_id=22 ]
11-16 08:56:41.799: I/SystemUpdate(13100): [Installation,ReceiverIntentOperation] Received intent: Intent { act=com.google.gservices.intent.action.GSERVICES_CHANGED flg=0x1000010 pkg=com.google.android.gms cmp=com.google.android.gms/.chimera.GmsIntentOperationService$PersistentInternalReceiver }.
11-16 08:56:41.801: W/libprocessgroup(1151): kill(-12513, 9) failed: No such process
11-16 08:56:41.801: I/libprocessgroup(1151): Successfully killed process cgroup uid 10014 pid 12513 in 43ms
11-16 08:56:41.805: I/id.partnersetu(17990): The ClassLoaderContext is a special shared library.
11-16 08:56:41.818: I/ModuleSetMgr(13100): Computing pending module set with APKs: [[AdsFdrDynamite.integ:213806100100000], [Enpromo.integ:214106000100000], [Pay.optional:213614100000], [VisionOcr.optional:213614100400], [AdsFdrDynamite.integ:212104400100000], [Cronetdynamite:213614100400], [Dynamiteloader:213614100000], [Dynamitemodulesa:213614100000], [Dynamitemodulesc:213614100000], [Googlecertificates:213614100000], [Mapsdynamite:213614100000], [Measurementdynamite:213614100000]]
11-16 08:56:41.837: W/DynamiteModule(13100): Local module descriptor class for com.google.android.gms.vision.dynamite.ocr not found.
11-16 08:56:41.837: W/ProviderHelper(13100): Unknown dynamite feature vision.dynamite.ocr
11-16 08:56:41.838: I/DynamiteModule(13100): Considering local module com.google.android.gms.vision.dynamite.ocr:0 and remote module com.google.android.gms.vision.dynamite.ocr:0
11-16 08:56:41.838: I/DynamiteModule(13100): Considering local module com.google.android.gms.vision.ocr:0 and remote module com.google.android.gms.vision.ocr:1
11-16 08:56:41.838: I/DynamiteModule(13100): Selected remote version of com.google.android.gms.vision.ocr, version >= 1
11-16 08:56:41.840: I/native(13100): I1116 08:56:41.840554   17798 start_ocr_856638336_langid.cc:35] StartOcr with label: latin_script_gmvapi_android
11-16 08:56:41.840: I/native(13100): I1116 08:56:41.840687   17798 start_ocr_856638336_langid.cc:44] StartOcr success
11-16 08:56:41.845: I/OcrModelUpStIntentOp(13100): Downloading text recognizer
11-16 08:56:41.854: D/BoundBrokerSvc(13100): onBind: Intent { act=com.google.android.gms.ocr.service.internal.START cmp=com.google.android.gms/.chimera.GmsInternalApiService }
11-16 08:56:41.854: D/BoundBrokerSvc(13100): Loading bound service for intent: Intent { act=com.google.android.gms.ocr.service.internal.START cmp=com.google.android.gms/.chimera.GmsInternalApiService }
11-16 08:56:41.861: W/NetworkScheduler(10485): The extras of the task is not valid to be persisted so that the task is not persisted [CONTEXT service_id=218 ]
11-16 08:56:41.861: W/NetworkScheduler(10485): java.lang.IllegalArgumentException: Only the following extra parameter types are supported: Integer, Long, Double, String, Boolean, and nested Bundles with the same restrictions.
11-16 08:56:41.861: W/NetworkScheduler(10485): 	at abno.f(:com.google.android.gms@213614028@21.36.14 (100400-395708125):6)
11-16 08:56:41.861: W/NetworkScheduler(10485): 	at amdu.g(:com.google.android.gms@213614028@21.36.14 (100400-395708125):37)
11-16 08:56:41.861: W/NetworkScheduler(10485): 	at amdd.n(:com.google.android.gms@213614028@21.36.14 (100400-395708125):3)
11-16 08:56:41.861: W/NetworkScheduler(10485): 	at amdd.u(:com.google.android.gms@213614028@21.36.14 (100400-395708125):20)
11-16 08:56:41.861: W/NetworkScheduler(10485): 	at amdd.g(:com.google.android.gms@213614028@21.36.14 (100400-395708125):3)
11-16 08:56:41.861: W/NetworkScheduler(10485): 	at alzy.run(:com.google.android.gms@213614028@21.36.14 (100400-395708125):9)
11-16 08:56:41.861: W/NetworkScheduler(10485): 	at rgh.c(:com.google.android.gms@213614028@21.36.14 (100400-395708125):6)
11-16 08:56:41.861: W/NetworkScheduler(10485): 	at rgh.run(:com.google.android.gms@213614028@21.36.14 (100400-395708125):7)
11-16 08:56:41.861: W/NetworkScheduler(10485): 	at java.util.concurrent.ThreadPoolExecutor.runWorker(ThreadPoolExecutor.java:1167)
11-16 08:56:41.861: W/NetworkScheduler(10485): 	at java.util.concurrent.ThreadPoolExecutor$Worker.run(ThreadPoolExecutor.java:641)
11-16 08:56:41.861: W/NetworkScheduler(10485): 	at rkn.run(:com.google.android.gms@213614028@21.36.14 (100400-395708125):0)
11-16 08:56:41.861: W/NetworkScheduler(10485): 	at java.lang.Thread.run(Thread.java:764)
11-16 08:56:41.886: I/ModuleSetMgr(13100): Pending container module APKs: [[Pay.optional:213614100000], [VisionOcr.optional:213614100400]]
11-16 08:56:41.886: I/ModuleSetMgr(13100): Pending non-container module APKs: [[Enpromo.integ:214106000100000], [AdsFdrDynamite.integ:213806100100000]]
11-16 08:56:41.887: I/ActivityManager(1151): Killing 13782:com.google.android.configupdater/u0a29 (adj 906): empty #17
11-16 08:56:41.889: W/libprocessgroup(1151): kill(-13782, 9) failed: No such process
11-16 08:56:41.900: I/ActivityManager(1151): Start proc 18008:com.google.intelligence.sense/u0a31 for broadcast com.google.intelligence.sense/.ambientmusic.SystemBroadcastReceiver
11-16 08:56:41.901: W/libprocessgroup(1151): kill(-13782, 9) failed: No such process
11-16 08:56:41.903: I/Zygote(740): Process 13782 exited due to signal (9)
11-16 08:56:41.908: E/elligence.sens(18008): Not starting debugger since process cannot load the jdwp agent.
11-16 08:56:41.916: W/libprocessgroup(1151): kill(-13782, 9) failed: No such process
11-16 08:56:41.916: I/libprocessgroup(1151): Successfully killed process cgroup uid 10029 pid 13782 in 27ms
11-16 08:56:41.916: W/PackageParser(13100): Unknown element under <manifest>: queries at /data/user_de/0/com.google.android.gms/app_chimera/m/00000007/AdsDynamite.apk Binary XML file line #5
11-16 08:56:41.940: W/PackageParser(13100): Unknown element under <manifest>: queries at /data/user_de/0/com.google.android.gms/app_chimera/m/00000011/dl-AdsFdrDynamite.integ_213806100100000.apk Binary XML file line #11
11-16 08:56:41.940: W/native(18008): commandlineflags.cc:1511 Ignoring RegisterValidateFunction() for flag pointer 0x7d114d6598: no flag found at that address
11-16 08:56:41.970: E/elligence.sens(18008): The String#value field is not present on Android versions >= 6.0
11-16 08:56:42.012: I/Superpacks(18008): Releasing all superpacks except ambientmusic-index-17_09_02
11-16 08:56:42.025: I/SoundTriggerModelLoader(18008): Unloading model 9f6ad62a-1f0b-11e7-87c5-40a8f03d3f15
11-16 08:56:42.025: I/SoundTriggerManagerComp(18008): Unloading model 9f6ad62a-1f0b-11e7-87c5-40a8f03d3f15
11-16 08:56:42.025: I/SoundTriggerService(1151): deleteSoundModel(): id = 9f6ad62a-1f0b-11e7-87c5-40a8f03d3f15
11-16 08:56:42.025: W/SoundTriggerHelper(1151): Unload error: Attempting unload invalid generic model with id:9f6ad62a-1f0b-11e7-87c5-40a8f03d3f15
11-16 08:56:42.026: I/Superpacks(18008): Starting garbage collection
11-16 08:56:42.027: W/Superpacks(18008): isDirectory returned false while listing files for /data/user/0/com.google.intelligence.sense/files/superpacks
11-16 08:56:42.037: I/SettingsActivityAvailab(17910): Disabling com.google.android.apps.multidevice.client.ui.pixel.SettingsActivity.
11-16 08:56:42.038: I/ActivityManager(1151): Killing 12666:com.google.android.gms.ui/u0a7 (adj 906): empty #17
11-16 08:56:42.038: D/GservicesChangeReceiver(5984): Gservices Changed broadcast Received. context is android.app.ReceiverRestrictedContext@268a82
11-16 08:56:42.040: W/libprocessgroup(1151): kill(-12666, 9) failed: No such process
11-16 08:56:42.041: E/GooglePlayServicesUtil(17893): The Google Play services resources were not found. Check your project configuration to ensure that the resources are included.
11-16 08:56:42.045: D/GservicesChangeReceiver(5984): Gservices allowPowerAnomalyData is False.
11-16 08:56:42.046: D/ConnectivityMonitorManager(5984): Service com.google.android.connectivitymonitor.PowerAnomalyDetectorService is not running...
11-16 08:56:42.047: W/libprocessgroup(1151): kill(-12666, 9) failed: No such process
11-16 08:56:42.052: D/GservicesChangeReceiver(5984): Gservices allowLowPowerMonitoring is False.
11-16 08:56:42.053: D/ConnMetrics:App(17893): IsOptedIn = false
11-16 08:56:42.054: D/ConnectivityMonitorManager(5984): Service com.google.android.connectivitymonitor.LowPowerMonitorService is not running...
11-16 08:56:42.057: I/akhr(10485): Scheduling Phenotype for a PhenotypeSyncImmediately(6, com.google.android.gms.testsupport) one off with window [1, 2] in seconds [CONTEXT service_id=51 ]
11-16 08:56:42.064: I/TestSupport(13100): AwaitCommitOperation: SaveStrategy__enableSaving [CONTEXT service_id=133 ]
11-16 08:56:42.068: I/Zygote(740): Process 12666 exited due to signal (9)
11-16 08:56:42.069: I/TestSupport(13100): AwaitCommitOperation: uncommitted: FlagOverride(com.google.android.gms.auth.api.credentials, , Flag(SaveStrategy__enableSaving, false, 2, 0), false) [CONTEXT service_id=133 ]
11-16 08:56:42.069: I/TestSupport(13100): AwaitCommitOperation:  sleeping for 10 msec. [CONTEXT service_id=133 ]
11-16 08:56:42.078: D/GservicesChangeReceiver(5984): Gservices isConnectivityMonitorEnabled is True.
11-16 08:56:42.080: D/ConnectivityMonitorManager(5984): Service com.google.android.connectivitymonitor.ConnectivityMonitorService is running...
11-16 08:56:42.080: W/libprocessgroup(1151): kill(-12666, 9) failed: No such process
11-16 08:56:42.080: I/libprocessgroup(1151): Successfully killed process cgroup uid 10007 pid 12666 in 40ms
11-16 08:56:42.083: I/EuiccGoogle(17934): [2] GservicesChangedReceiver.onReceive: Setting EUICC_SUPPORTED_COUNTRIES to de,gb,in,us
11-16 08:56:42.090: I/Backup(13100): [GmsBackupStatusChangeReceiver] Going to enable gms backup transport.
11-16 08:56:42.103: I/GmsModuleFndr(13100): Beginning GMS chimera module scan
11-16 08:56:42.103: I/Herrevad(10485): [924] zcq.a: updateListenState
11-16 08:56:42.103: I/NetRec(10485): [927] aiad.a: onConfigChanged()
11-16 08:56:42.113: I/Auth(10485): [AuthManaged, PasswordComplexityHelperImpl] Updating password complexity components state.
11-16 08:56:42.113: I/Auth(10485): [AuthManaged, PasswordComplexityHelperImpl] Enabling com.google.android.gms.auth.managed.ui.SetNewPasswordActivity
11-16 08:56:42.115: I/BgTaskExecutorImpl(10019): Starting NONEXCLUSIVE background task UPDATE_GSERVICES_CONFIG.
11-16 08:56:42.118: I/NetRec(10485): [927] aiad.a: Cancelling all NetRec GCM tasks
11-16 08:56:42.120: W/SearchServiceCore(10019): Abort, client detached.
11-16 08:56:42.121: I/GservicesUpdateTask(10019): Updating Gservices keys
11-16 08:56:42.122: I/NetRec(10485): [930] ClearDatabaseService.onHandleIntent: Clearing score cache
11-16 08:56:42.125: I/TestSupport(13100): AwaitCommitOperation: uncommitted: FlagOverride(com.google.android.gms.auth.api.credentials, , Flag(SaveStrategy__enableSaving, false, 2, 0), false) [CONTEXT service_id=133 ]
11-16 08:56:42.126: I/TestSupport(13100): AwaitCommitOperation:  sleeping for 20 msec. [CONTEXT service_id=133 ]
11-16 08:56:42.126: I/ModuleSetMgr(13100): Computing pending module set with APKs: [[AdsFdrDynamite.integ:213806100100000], [Enpromo.integ:214106000100000], [Pay.optional:213614100000], [VisionOcr.optional:213614100400], [AdsFdrDynamite.integ:212104400100000], [Cronetdynamite:213614100400], [Dynamiteloader:213614100000], [Dynamitemodulesa:213614100000], [Dynamitemodulesc:213614100000], [Googlecertificates:213614100000], [Mapsdynamite:213614100000], [Measurementdynamite:213614100000]]
11-16 08:56:42.139: I/GCoreUlr(10485): WorldUpdater received intent Intent { act=com.google.android.location.reporting.ACTION_UPDATE_WORLD cmp=com.google.android.gms/com.google.android.location.reporting.service.DispatchingService (has extras) } with receiverAction com.google.gservices.intent.action.GSERVICES_CHANGED [CONTEXT service_id=22 ]
11-16 08:56:42.141: I/GCoreUlr(10485): WorldUpdater:com.google.gservices.intent.action.GSERVICES_CHANGED: Ensuring that reporting is stopped because of reasons: (no Google accounts) [CONTEXT service_id=22 ]
11-16 08:56:42.144: I/GCoreUlr(10485): Unbound from all signal providers. [CONTEXT service_id=22 ]
11-16 08:56:42.145: I/ModuleSetMgr(13100): Pending container module APKs: [[Pay.optional:213614100000], [VisionOcr.optional:213614100400]]
11-16 08:56:42.145: I/ModuleSetMgr(13100): Pending non-container module APKs: [[Enpromo.integ:214106000100000], [AdsFdrDynamite.integ:213806100100000]]
11-16 08:56:42.149: I/GCoreUlr(10485): DispatchingService ignoring Intent { act=android.net.wifi.WIFI_STATE_CHANGED flg=0x4000010 (has extras) } because ULR inactive [CONTEXT service_id=22 ]
11-16 08:56:42.157: W/PackageParser(13100): Unknown element under <manifest>: queries at /data/user_de/0/com.google.android.gms/app_chimera/m/00000007/AdsDynamite.apk Binary XML file line #5
11-16 08:56:42.157: I/GCoreUlr(10485): Unbound from all signal providers. [CONTEXT service_id=22 ]
11-16 08:56:42.157: I/GCoreUlr(10485): Stopping handler for UlrDispSvcFast [CONTEXT service_id=22 ]
11-16 08:56:42.165: I/TestSupport(13100): AwaitCommitOperation: uncommitted: FlagOverride(com.google.android.gms.auth.api.credentials, , Flag(SaveStrategy__enableSaving, false, 2, 0), false) [CONTEXT service_id=133 ]
11-16 08:56:42.166: I/TestSupport(13100): AwaitCommitOperation:  sleeping for 40 msec. [CONTEXT service_id=133 ]
11-16 08:56:42.176: W/PackageParser(13100): Unknown element under <manifest>: queries at /data/user_de/0/com.google.android.gms/app_chimera/m/00000011/dl-AdsFdrDynamite.integ_213806100100000.apk Binary XML file line #11
11-16 08:56:42.183: I/RecoverableKeyStoreGms(13100): [RecoverableKeyStoreGmsInitOperation] Initializing auth_folsom
11-16 08:56:42.184: I/ChromeSync(13100): [Sync,SyncIntentOperation] Handling the intent: Intent { act=com.google.gservices.intent.action.GSERVICES_CHANGED flg=0x1000010 pkg=com.google.android.gms cmp=com.google.android.gms/.chimera.GmsIntentOperationService$PersistentInternalReceiver }.
11-16 08:56:42.185: I/RecoverableKeyStoreGms(13100): [RecoverableKeyStoreGmsInitOperation] com.google.android.gms.auth.folsom.service.FolsomPublicKeyUpdateService is already enabled. Ignore.
11-16 08:56:42.186: I/RecoverableKeyStoreGms(13100): [RecoverableKeyStoreGmsInitOperation] com.google.android.gms.auth.folsom.service.GcmReceiverService is already enabled. Ignore.
11-16 08:56:42.186: I/SoundTriggerModelLoader(18008): Unloading model 9f6ad62a-1f0b-11e7-87c5-40a8f03d3f15
11-16 08:56:42.186: I/SoundTriggerManagerComp(18008): Unloading model 9f6ad62a-1f0b-11e7-87c5-40a8f03d3f15
11-16 08:56:42.186: I/SoundTriggerService(1151): deleteSoundModel(): id = 9f6ad62a-1f0b-11e7-87c5-40a8f03d3f15
11-16 08:56:42.186: W/SoundTriggerHelper(1151): Unload error: Attempting unload invalid generic model with id:9f6ad62a-1f0b-11e7-87c5-40a8f03d3f15
11-16 08:56:42.189: V/RecoverableKeyStoreMgr(1151): Not updating secret types - same as old value.
11-16 08:56:42.190: I/RecoverableKeyStoreGms(13100): [RecoverableKeyStoreGmsInitOperation] Setting vault handle
11-16 08:56:42.190: V/RecoverableKeyStoreMgr(1151): Not updating server params - same as old value.
11-16 08:56:42.191: I/RecoverableKeyStoreGms(13100): [EnrollmentManager] Returning certificates list from cache
11-16 08:56:42.191: I/MS_Utils(13100): version of com.google.android.apps.maps = 1022101040
11-16 08:56:42.192: I/MobileDataHub(13100): Scheduling periodic tasks
11-16 08:56:42.193: I/MdiSyncModule(13100): flag handling is skipping irrelevant intent.
11-16 08:56:42.193: W/MobileDataHub(13100): [Service] appsupload-periodic periodic task disabled
11-16 08:56:42.195: W/DynamiteModule(13100): Local module descriptor class for com.google.android.gms.vision.dynamite.ocr not found.
11-16 08:56:42.195: I/SettingsActivityAvailab(17910): Disabling com.google.android.apps.multidevice.client.ui.pixel.SettingsActivity.
11-16 08:56:42.195: I/DynamiteModule(13100): Considering local module com.google.android.gms.vision.dynamite.ocr:0 and remote module com.google.android.gms.vision.dynamite.ocr:0
11-16 08:56:42.196: I/DynamiteModule(13100): Considering local module com.google.android.gms.vision.ocr:0 and remote module com.google.android.gms.vision.ocr:1
11-16 08:56:42.196: I/DynamiteModule(13100): Selected remote version of com.google.android.gms.vision.ocr, version >= 1
11-16 08:56:42.196: E/GooglePlayServicesUtil(17893): The Google Play services resources were not found. Check your project configuration to ensure that the resources are included.
11-16 08:56:42.197: D/GservicesChangeReceiver(5984): Gservices Changed broadcast Received. context is android.app.ReceiverRestrictedContext@268a82
11-16 08:56:42.197: D/GservicesChangeReceiver(5984): Gservices allowPowerAnomalyData is False.
11-16 08:56:42.197: I/SystemUpdate(13100): [Installation,ReceiverIntentOperation] Received intent: Intent { act=com.google.gservices.intent.action.GSERVICES_CHANGED flg=0x1000010 pkg=com.google.android.gms cmp=com.google.android.gms/.chimera.GmsIntentOperationService$PersistentInternalReceiver }.
11-16 08:56:42.197: I/native(13100): I1116 08:56:42.197759   17833 start_ocr_856638336_langid.cc:35] StartOcr with label: latin_script_gmvapi_android
11-16 08:56:42.197: I/native(13100): I1116 08:56:42.197831   17833 start_ocr_856638336_langid.cc:44] StartOcr success
11-16 08:56:42.201: D/ConnectivityMonitorManager(5984): Service com.google.android.connectivitymonitor.PowerAnomalyDetectorService is not running...
11-16 08:56:42.205: D/GservicesChangeReceiver(5984): Gservices allowLowPowerMonitoring is False.
11-16 08:56:42.206: I/OcrModelUpStIntentOp(13100): Downloading text recognizer
11-16 08:56:42.206: D/ConnectivityMonitorManager(5984): Service com.google.android.connectivitymonitor.LowPowerMonitorService is not running...
11-16 08:56:42.208: D/ConnMetrics:App(17893): IsOptedIn = false
11-16 08:56:42.209: D/GservicesChangeReceiver(5984): Gservices isConnectivityMonitorEnabled is True.
11-16 08:56:42.210: D/ConnectivityMonitorManager(5984): Service com.google.android.connectivitymonitor.ConnectivityMonitorService is running...
11-16 08:56:42.214: I/EuiccGoogle(17934): [2] GservicesChangedReceiver.onReceive: Setting EUICC_SUPPORTED_COUNTRIES to de,gb,in,us
11-16 08:56:42.221: I/Backup(13100): [GmsBackupStatusChangeReceiver] Going to enable gms backup transport.
11-16 08:56:42.226: I/RecoverableKeyStoreMgr(1151): The cert file serial number is the same, so skip updating.
11-16 08:56:42.226: I/RecoverableKeyStoreGms(13100): [EnrollmentManager] Recovery service is initialized.
11-16 08:56:42.229: W/NetworkScheduler(10485): The extras of the task is not valid to be persisted so that the task is not persisted [CONTEXT service_id=218 ]
11-16 08:56:42.229: W/NetworkScheduler(10485): java.lang.IllegalArgumentException: Only the following extra parameter types are supported: Integer, Long, Double, String, Boolean, and nested Bundles with the same restrictions.
11-16 08:56:42.229: W/NetworkScheduler(10485): 	at abno.f(:com.google.android.gms@213614028@21.36.14 (100400-395708125):6)
11-16 08:56:42.229: W/NetworkScheduler(10485): 	at amdu.g(:com.google.android.gms@213614028@21.36.14 (100400-395708125):37)
11-16 08:56:42.229: W/NetworkScheduler(10485): 	at amdd.n(:com.google.android.gms@213614028@21.36.14 (100400-395708125):3)
11-16 08:56:42.229: W/NetworkScheduler(10485): 	at amdd.u(:com.google.android.gms@213614028@21.36.14 (100400-395708125):20)
11-16 08:56:42.229: W/NetworkScheduler(10485): 	at amdd.g(:com.google.android.gms@213614028@21.36.14 (100400-395708125):3)
11-16 08:56:42.229: W/NetworkScheduler(10485): 	at alzy.run(:com.google.android.gms@213614028@21.36.14 (100400-395708125):9)
11-16 08:56:42.229: W/NetworkScheduler(10485): 	at rgh.c(:com.google.android.gms@213614028@21.36.14 (100400-395708125):6)
11-16 08:56:42.229: W/NetworkScheduler(10485): 	at rgh.run(:com.google.android.gms@213614028@21.36.14 (100400-395708125):8)
11-16 08:56:42.229: W/NetworkScheduler(10485): 	at java.util.concurrent.ThreadPoolExecutor.runWorker(ThreadPoolExecutor.java:1167)
11-16 08:56:42.229: W/NetworkScheduler(10485): 	at java.util.concurrent.ThreadPoolExecutor$Worker.run(ThreadPoolExecutor.java:641)
11-16 08:56:42.229: W/NetworkScheduler(10485): 	at rkn.run(:com.google.android.gms@213614028@21.36.14 (100400-395708125):0)
11-16 08:56:42.229: W/NetworkScheduler(10485): 	at java.lang.Thread.run(Thread.java:764)
11-16 08:56:42.234: I/NetRec(10485): [920] aiad.a: onConfigChanged()
11-16 08:56:42.234: I/Herrevad(10485): [927] zcq.a: updateListenState
11-16 08:56:42.236: I/RecoverySnapshotLstnrs(1151): Registered listener for agent with uid 10007
11-16 08:56:42.239: E/RecoverySnapshotStorage(1151): Error reading snapshot for 10007 from disk
11-16 08:56:42.239: E/RecoverySnapshotStorage(1151): java.io.FileNotFoundException: /data/system/recoverablekeystore/snapshots/10007.xml (No such file or directory)
11-16 08:56:42.239: E/RecoverySnapshotStorage(1151): 	at java.io.FileInputStream.open0(Native Method)
11-16 08:56:42.239: E/RecoverySnapshotStorage(1151): 	at java.io.FileInputStream.open(FileInputStream.java:231)
11-16 08:56:42.239: E/RecoverySnapshotStorage(1151): 	at java.io.FileInputStream.<init>(FileInputStream.java:165)
11-16 08:56:42.239: E/RecoverySnapshotStorage(1151): 	at com.android.server.locksettings.recoverablekeystore.storage.RecoverySnapshotStorage.readFromDisk(RecoverySnapshotStorage.java:152)
11-16 08:56:42.239: E/RecoverySnapshotStorage(1151): 	at com.android.server.locksettings.recoverablekeystore.storage.RecoverySnapshotStorage.get(RecoverySnapshotStorage.java:104)
11-16 08:56:42.239: E/RecoverySnapshotStorage(1151): 	at com.android.server.locksettings.recoverablekeystore.RecoverableKeyStoreManager.getKeyChainSnapshot(RecoverableKeyStoreManager.java:331)
11-16 08:56:42.239: E/RecoverySnapshotStorage(1151): 	at com.android.server.locksettings.LockSettingsService.getKeyChainSnapshot(LockSettingsService.java:2032)
11-16 08:56:42.239: E/RecoverySnapshotStorage(1151): 	at com.android.internal.widget.ILockSettings$Stub.onTransact(ILockSettings.java:356)
11-16 08:56:42.239: E/RecoverySnapshotStorage(1151): 	at android.os.Binder.execTransact(Binder.java:731)
11-16 08:56:42.239: I/RecoverableKeyStoreGms(13100): [WrappingKeyManager] Can't generate wrapping key - missing lock screeen
11-16 08:56:42.243: I/Auth(10485): [AuthManaged, PasswordComplexityHelperImpl] Updating password complexity components state.
11-16 08:56:42.243: I/Auth(10485): [AuthManaged, PasswordComplexityHelperImpl] Enabling com.google.android.gms.auth.managed.ui.SetNewPasswordActivity
11-16 08:56:42.244: I/BgTaskExecutorImpl(10019): Starting NONEXCLUSIVE background task UPDATE_GSERVICES_CONFIG.
11-16 08:56:42.245: I/NetRec(10485): [920] aiad.a: Cancelling all NetRec GCM tasks
11-16 08:56:42.254: I/GservicesUpdateTask(10019): Updating Gservices keys
11-16 08:56:42.254: I/NetRec(10485): [930] ClearDatabaseService.onHandleIntent: Clearing score cache
11-16 08:56:42.269: I/GmsModuleFndr(13100): Beginning GMS chimera module scan
11-16 08:56:42.283: I/TestSupport(13100): AwaitCommitOperation: uncommitted: FlagOverride(com.google.android.gms.auth.api.credentials, , Flag(SaveStrategy__enableSaving, false, 2, 0), false) [CONTEXT service_id=133 ]
11-16 08:56:42.283: I/TestSupport(13100): AwaitCommitOperation:  sleeping for 80 msec. [CONTEXT service_id=133 ]
11-16 08:56:42.283: I/GCoreUlr(10485): DispatchingService ignoring Intent { act=android.net.wifi.WIFI_STATE_CHANGED flg=0x4000010 (has extras) } because ULR inactive [CONTEXT service_id=22 ]
11-16 08:56:42.289: I/ModuleSetMgr(13100): Computing pending module set with APKs: [[AdsFdrDynamite.integ:213806100100000], [Enpromo.integ:214106000100000], [Pay.optional:213614100000], [VisionOcr.optional:213614100400], [AdsFdrDynamite.integ:212104400100000], [Cronetdynamite:213614100400], [Dynamiteloader:213614100000], [Dynamitemodulesa:213614100000], [Dynamitemodulesc:213614100000], [Googlecertificates:213614100000], [Mapsdynamite:213614100000], [Measurementdynamite:213614100000]]
11-16 08:56:42.292: I/GCoreUlr(10485): WorldUpdater received intent Intent { act=com.google.android.location.reporting.ACTION_UPDATE_WORLD cmp=com.google.android.gms/com.google.android.location.reporting.service.DispatchingService (has extras) } with receiverAction com.google.gservices.intent.action.GSERVICES_CHANGED [CONTEXT service_id=22 ]
11-16 08:56:42.299: I/GCoreUlr(10485): WorldUpdater:com.google.gservices.intent.action.GSERVICES_CHANGED: Ensuring that reporting is stopped because of reasons: (no Google accounts) [CONTEXT service_id=22 ]
11-16 08:56:42.310: I/ModuleSetMgr(13100): Pending container module APKs: [[Pay.optional:213614100000], [VisionOcr.optional:213614100400]]
11-16 08:56:42.310: I/ModuleSetMgr(13100): Pending non-container module APKs: [[Enpromo.integ:214106000100000], [AdsFdrDynamite.integ:213806100100000]]
11-16 08:56:42.316: I/GCoreUlr(10485): Unbound from all signal providers. [CONTEXT service_id=22 ]
11-16 08:56:42.319: I/SoundTriggerModelLoader(18008): Unloading model 9f6ad62a-1f0b-11e7-87c5-40a8f03d3f15
11-16 08:56:42.319: I/SoundTriggerManagerComp(18008): Unloading model 9f6ad62a-1f0b-11e7-87c5-40a8f03d3f15
11-16 08:56:42.320: I/SoundTriggerService(1151): deleteSoundModel(): id = 9f6ad62a-1f0b-11e7-87c5-40a8f03d3f15
11-16 08:56:42.320: W/SoundTriggerHelper(1151): Unload error: Attempting unload invalid generic model with id:9f6ad62a-1f0b-11e7-87c5-40a8f03d3f15
11-16 08:56:42.325: I/system_server(1151): Background concurrent copying GC freed 376074(14MB) AllocSpace objects, 45(1092KB) LOS objects, 42% free, 17MB/30MB, paused 241us total 103.014ms
11-16 08:56:42.329: I/SettingsActivityAvailab(17910): Disabling com.google.android.apps.multidevice.client.ui.pixel.SettingsActivity.
11-16 08:56:42.330: E/GooglePlayServicesUtil(17893): The Google Play services resources were not found. Check your project configuration to ensure that the resources are included.
11-16 08:56:42.330: I/gle.android.gm(13100): Background concurrent copying GC freed 192366(10MB) AllocSpace objects, 33(1816KB) LOS objects, 49% free, 12MB/24MB, paused 278us total 145.137ms
11-16 08:56:42.332: D/GservicesChangeReceiver(5984): Gservices Changed broadcast Received. context is android.app.ReceiverRestrictedContext@268a82
11-16 08:56:42.332: D/GservicesChangeReceiver(5984): Gservices allowPowerAnomalyData is False.
11-16 08:56:42.335: W/PackageParser(13100): Unknown element under <manifest>: queries at /data/user_de/0/com.google.android.gms/app_chimera/m/00000007/AdsDynamite.apk Binary XML file line #5
11-16 08:56:42.336: D/ConnectivityMonitorManager(5984): Service com.google.android.connectivitymonitor.PowerAnomalyDetectorService is not running...
11-16 08:56:42.338: I/GCoreUlr(10485): Unbound from all signal providers. [CONTEXT service_id=22 ]
11-16 08:56:42.339: I/GCoreUlr(10485): Stopping handler for UlrDispSvcFast [CONTEXT service_id=22 ]
11-16 08:56:42.339: D/GservicesChangeReceiver(5984): Gservices allowLowPowerMonitoring is False.
11-16 08:56:42.343: D/ConnectivityMonitorManager(5984): Service com.google.android.connectivitymonitor.LowPowerMonitorService is not running...
11-16 08:56:42.352: D/GservicesChangeReceiver(5984): Gservices isConnectivityMonitorEnabled is True.
11-16 08:56:42.354: D/ConnectivityMonitorManager(5984): Service com.google.android.connectivitymonitor.ConnectivityMonitorService is running...
11-16 08:56:42.357: W/PackageParser(13100): Unknown element under <manifest>: queries at /data/user_de/0/com.google.android.gms/app_chimera/m/00000011/dl-AdsFdrDynamite.integ_213806100100000.apk Binary XML file line #11
11-16 08:56:42.357: D/ConnMetrics:App(17893): IsOptedIn = false
11-16 08:56:42.358: I/EuiccGoogle(17934): [2] GservicesChangedReceiver.onReceive: Setting EUICC_SUPPORTED_COUNTRIES to de,gb,in,us
11-16 08:56:42.362: I/GmsModuleFndr(13100): Beginning GMS chimera module scan
11-16 08:56:42.364: I/Backup(13100): [GmsBackupStatusChangeReceiver] Going to enable gms backup transport.
11-16 08:56:42.365: I/RecoverableKeyStoreGms(13100): [RecoverableKeyStoreGmsInitOperation] Initializing auth_folsom
11-16 08:56:42.366: I/RecoverableKeyStoreGms(13100): [RecoverableKeyStoreGmsInitOperation] com.google.android.gms.auth.folsom.service.FolsomPublicKeyUpdateService is already enabled. Ignore.
11-16 08:56:42.366: I/RecoverableKeyStoreGms(13100): [RecoverableKeyStoreGmsInitOperation] com.google.android.gms.auth.folsom.service.GcmReceiverService is already enabled. Ignore.
11-16 08:56:42.367: I/ChromeSync(13100): [Sync,SyncIntentOperation] Handling the intent: Intent { act=com.google.gservices.intent.action.GSERVICES_CHANGED flg=0x1000010 pkg=com.google.android.gms cmp=com.google.android.gms/.chimera.GmsIntentOperationService$PersistentInternalReceiver }.
11-16 08:56:42.370: V/RecoverableKeyStoreMgr(1151): Not updating secret types - same as old value.
11-16 08:56:42.371: I/MobileDataHub(13100): Scheduling periodic tasks
11-16 08:56:42.371: I/RecoverableKeyStoreGms(13100): [RecoverableKeyStoreGmsInitOperation] Setting vault handle
11-16 08:56:42.371: I/MdiSyncModule(13100): flag handling is skipping irrelevant intent.
11-16 08:56:42.372: W/MobileDataHub(13100): [Service] appsupload-periodic periodic task disabled
11-16 08:56:42.372: I/MS_Utils(13100): version of com.google.android.apps.maps = 1022101040
11-16 08:56:42.373: V/RecoverableKeyStoreMgr(1151): Not updating server params - same as old value.
11-16 08:56:42.373: I/RecoverableKeyStoreGms(13100): [EnrollmentManager] Returning certificates list from cache
11-16 08:56:42.375: I/SystemUpdate(13100): [Installation,ReceiverIntentOperation] Received intent: Intent { act=com.google.gservices.intent.action.GSERVICES_CHANGED flg=0x1000010 pkg=com.google.android.gms cmp=com.google.android.gms/.chimera.GmsIntentOperationService$PersistentInternalReceiver }.
11-16 08:56:42.379: I/NetRec(10485): [927] aiad.a: onConfigChanged()
11-16 08:56:42.379: I/Herrevad(10485): [920] zcq.a: updateListenState
11-16 08:56:42.385: W/DynamiteModule(13100): Local module descriptor class for com.google.android.gms.vision.dynamite.ocr not found.
11-16 08:56:42.385: I/DynamiteModule(13100): Considering local module com.google.android.gms.vision.dynamite.ocr:0 and remote module com.google.android.gms.vision.dynamite.ocr:0
11-16 08:56:42.386: I/DynamiteModule(13100): Considering local module com.google.android.gms.vision.ocr:0 and remote module com.google.android.gms.vision.ocr:1
11-16 08:56:42.386: I/DynamiteModule(13100): Selected remote version of com.google.android.gms.vision.ocr, version >= 1
11-16 08:56:42.387: I/native(13100): I1116 08:56:42.387586   17844 start_ocr_856638336_langid.cc:35] StartOcr with label: latin_script_gmvapi_android
11-16 08:56:42.387: I/native(13100): I1116 08:56:42.387670   17844 start_ocr_856638336_langid.cc:44] StartOcr success
11-16 08:56:42.387: I/BgTaskExecutorImpl(10019): Starting NONEXCLUSIVE background task UPDATE_GSERVICES_CONFIG.
11-16 08:56:42.389: I/OcrModelUpStIntentOp(13100): Downloading text recognizer
11-16 08:56:42.390: I/Auth(10485): [AuthManaged, PasswordComplexityHelperImpl] Updating password complexity components state.
11-16 08:56:42.390: I/Auth(10485): [AuthManaged, PasswordComplexityHelperImpl] Enabling com.google.android.gms.auth.managed.ui.SetNewPasswordActivity
11-16 08:56:42.395: W/SearchServiceCore(10019): Abort, client detached.
11-16 08:56:42.395: I/NetRec(10485): [927] aiad.a: Cancelling all NetRec GCM tasks
11-16 08:56:42.396: I/GservicesUpdateTask(10019): Updating Gservices keys
11-16 08:56:42.397: I/NetRec(10485): [923] ClearDatabaseService.onHandleIntent: Clearing score cache
11-16 08:56:42.400: I/ModuleSetMgr(13100): Computing pending module set with APKs: [[AdsFdrDynamite.integ:213806100100000], [Enpromo.integ:214106000100000], [Pay.optional:213614100000], [VisionOcr.optional:213614100400], [AdsFdrDynamite.integ:212104400100000], [Cronetdynamite:213614100400], [Dynamiteloader:213614100000], [Dynamitemodulesa:213614100000], [Dynamitemodulesc:213614100000], [Googlecertificates:213614100000], [Mapsdynamite:213614100000], [Measurementdynamite:213614100000]]
11-16 08:56:42.406: I/TestSupport(13100): AwaitCommitOperation: uncommitted: FlagOverride(com.google.android.gms.auth.api.credentials, , Flag(SaveStrategy__enableSaving, false, 2, 0), false) [CONTEXT service_id=133 ]
11-16 08:56:42.406: I/TestSupport(13100): AwaitCommitOperation:  sleeping for 160 msec. [CONTEXT service_id=133 ]
11-16 08:56:42.412: W/NetworkScheduler(10485): The extras of the task is not valid to be persisted so that the task is not persisted [CONTEXT service_id=218 ]
11-16 08:56:42.412: W/NetworkScheduler(10485): java.lang.IllegalArgumentException: Only the following extra parameter types are supported: Integer, Long, Double, String, Boolean, and nested Bundles with the same restrictions.
11-16 08:56:42.412: W/NetworkScheduler(10485): 	at abno.f(:com.google.android.gms@213614028@21.36.14 (100400-395708125):6)
11-16 08:56:42.412: W/NetworkScheduler(10485): 	at amdu.g(:com.google.android.gms@213614028@21.36.14 (100400-395708125):37)
11-16 08:56:42.412: W/NetworkScheduler(10485): 	at amdd.n(:com.google.android.gms@213614028@21.36.14 (100400-395708125):3)
11-16 08:56:42.412: W/NetworkScheduler(10485): 	at amdd.u(:com.google.android.gms@213614028@21.36.14 (100400-395708125):20)
11-16 08:56:42.412: W/NetworkScheduler(10485): 	at amdd.g(:com.google.android.gms@213614028@21.36.14 (100400-395708125):3)
11-16 08:56:42.412: W/NetworkScheduler(10485): 	at alzy.run(:com.google.android.gms@213614028@21.36.14 (100400-395708125):9)
11-16 08:56:42.412: W/NetworkScheduler(10485): 	at rgh.c(:com.google.android.gms@213614028@21.36.14 (100400-395708125):6)
11-16 08:56:42.412: W/NetworkScheduler(10485): 	at rgh.run(:com.google.android.gms@213614028@21.36.14 (100400-395708125):7)
11-16 08:56:42.412: W/NetworkScheduler(10485): 	at java.util.concurrent.ThreadPoolExecutor.runWorker(ThreadPoolExecutor.java:1167)
11-16 08:56:42.412: W/NetworkScheduler(10485): 	at java.util.concurrent.ThreadPoolExecutor$Worker.run(ThreadPoolExecutor.java:641)
11-16 08:56:42.412: W/NetworkScheduler(10485): 	at rkn.run(:com.google.android.gms@213614028@21.36.14 (100400-395708125):0)
11-16 08:56:42.412: W/NetworkScheduler(10485): 	at java.lang.Thread.run(Thread.java:764)
11-16 08:56:42.418: I/RecoverableKeyStoreMgr(1151): The cert file serial number is the same, so skip updating.
11-16 08:56:42.419: I/RecoverableKeyStoreGms(13100): [EnrollmentManager] Recovery service is initialized.
11-16 08:56:42.421: I/RecoverySnapshotLstnrs(1151): Registered listener for agent with uid 10007
11-16 08:56:42.422: E/RecoverySnapshotStorage(1151): Error reading snapshot for 10007 from disk
11-16 08:56:42.422: E/RecoverySnapshotStorage(1151): java.io.FileNotFoundException: /data/system/recoverablekeystore/snapshots/10007.xml (No such file or directory)
11-16 08:56:42.422: E/RecoverySnapshotStorage(1151): 	at java.io.FileInputStream.open0(Native Method)
11-16 08:56:42.422: E/RecoverySnapshotStorage(1151): 	at java.io.FileInputStream.open(FileInputStream.java:231)
11-16 08:56:42.422: E/RecoverySnapshotStorage(1151): 	at java.io.FileInputStream.<init>(FileInputStream.java:165)
11-16 08:56:42.422: E/RecoverySnapshotStorage(1151): 	at com.android.server.locksettings.recoverablekeystore.storage.RecoverySnapshotStorage.readFromDisk(RecoverySnapshotStorage.java:152)
11-16 08:56:42.422: E/RecoverySnapshotStorage(1151): 	at com.android.server.locksettings.recoverablekeystore.storage.RecoverySnapshotStorage.get(RecoverySnapshotStorage.java:104)
11-16 08:56:42.422: E/RecoverySnapshotStorage(1151): 	at com.android.server.locksettings.recoverablekeystore.RecoverableKeyStoreManager.getKeyChainSnapshot(RecoverableKeyStoreManager.java:331)
11-16 08:56:42.422: E/RecoverySnapshotStorage(1151): 	at com.android.server.locksettings.LockSettingsService.getKeyChainSnapshot(LockSettingsService.java:2032)
11-16 08:56:42.422: E/RecoverySnapshotStorage(1151): 	at com.android.internal.widget.ILockSettings$Stub.onTransact(ILockSettings.java:356)
11-16 08:56:42.422: E/RecoverySnapshotStorage(1151): 	at android.os.Binder.execTransact(Binder.java:731)
11-16 08:56:42.422: I/RecoverableKeyStoreGms(13100): [WrappingKeyManager] Can't generate wrapping key - missing lock screeen
11-16 08:56:42.426: I/GCoreUlr(10485): WorldUpdater received intent Intent { act=com.google.android.location.reporting.ACTION_UPDATE_WORLD cmp=com.google.android.gms/com.google.android.location.reporting.service.DispatchingService (has extras) } with receiverAction com.google.gservices.intent.action.GSERVICES_CHANGED [CONTEXT service_id=22 ]
11-16 08:56:42.428: I/GCoreUlr(10485): WorldUpdater:com.google.gservices.intent.action.GSERVICES_CHANGED: Ensuring that reporting is stopped because of reasons: (no Google accounts) [CONTEXT service_id=22 ]
11-16 08:56:42.429: I/GCoreUlr(10485): Unbound from all signal providers. [CONTEXT service_id=22 ]
11-16 08:56:42.432: I/ModuleSetMgr(13100): Pending container module APKs: [[Pay.optional:213614100000], [VisionOcr.optional:213614100400]]
