11-16 08:56:44.731: I/ActivityManager(1151): Process com.android.chrome:privileged_process0 (pid 13492) has died: cch  CACC
11-16 08:56:44.745: W/libprocessgroup(1151): kill(-14411, 9) failed: No such process
11-16 08:56:44.745: I/libprocessgroup(1151): Successfully killed process cgroup uid 10054 pid 14411 in 56ms
11-16 08:56:44.745: W/libprocessgroup(1151): kill(-13352, 9) failed: No such process
11-16 08:56:44.745: I/libprocessgroup(1151): Successfully killed process cgroup uid 10107 pid 13352 in 0ms
11-16 08:56:44.745: W/libprocessgroup(1151): kill(-13492, 9) failed: No such process
11-16 08:56:44.745: I/libprocessgroup(1151): Successfully killed process cgroup uid 10107 pid 13492 in 0ms
11-16 08:56:44.768: D/CellBroadcastReceiver(18152): onReceive Intent { act=android.intent.action.LOCALE_CHANGED flg=0x11200010 cmp=com.android.cellbroadcastreceiver/.PrivilegedCellBroadcastReceiver }
11-16 08:56:44.772: I/ActivityManager(1151): Killing 11048:com.google.android.gms:car/u0a7 (adj 906): empty #17
11-16 08:56:44.772: W/libprocessgroup(1151): kill(-11048, 9) failed: No such process
11-16 08:56:44.782: I/ActivityManager(1151): Start proc 18176:com.android.chrome/u0a107 for broadcast com.android.chrome/org.chromium.chrome.browser.locale.LocaleChangedBroadcastReceiver
11-16 08:56:44.785: E/.android.chrom(18176): Not starting debugger since process cannot load the jdwp agent.
11-16 08:56:44.789: W/libprocessgroup(1151): kill(-11048, 9) failed: No such process
11-16 08:56:44.794: I/Zygote(740): Process 11048 exited due to signal (9)
11-16 08:56:44.799: W/libprocessgroup(1151): kill(-11048, 9) failed: No such process
11-16 08:56:44.800: I/libprocessgroup(1151): Successfully killed process cgroup uid 10007 pid 11048 in 27ms
11-16 08:56:44.823: W/SurfaceFlinger(644): Attempting to destroy on removed layer: d878150 AssistPreviewPanel#0
11-16 08:56:44.833: W/SurfaceFlinger(644): Attempting to destroy on removed layer: 70bb3b2 DockedStackDivider#0
11-16 08:56:44.850: W/StatusBar/NavBarView(3644): *** Invalid layout in navigation bar (sizeChanged this=1080x132 cur=1036x132)
11-16 08:56:45.019: W/Looper(1151): Slow dispatch took 408ms main h=android.app.ActivityThread$H c=android.app.-$$Lambda$LoadedApk$ReceiverDispatcher$Args$_BumDX2UKsnxLVrE6UJsJZkotuA@a6dfb55 m=0
11-16 08:56:45.019: W/Looper(1151): Slow delivery took 408ms main h=android.app.ActivityThread$H c=android.app.-$$Lambda$LoadedApk$ReceiverDispatcher$Args$_BumDX2UKsnxLVrE6UJsJZkotuA@c26196a m=0
11-16 08:56:45.021: D/UsbDeviceManager(1151): Clear notification
11-16 08:56:45.022: D/UsbDeviceManager(1151): push notification:Charging this device via USB
11-16 08:56:45.032: W/InputMethodManagerService(1151): Illegal subtype state: old subtype = null, new subtype = android.view.inputmethod.InputMethodSubtype@70bfcd7e
11-16 08:56:45.033: I/Telecom(1151): : Locale change; recreating channels.
11-16 08:56:45.034: V/SettingsProvider(1151): Notifying for 0: content://settings/system/user_rotation
11-16 08:56:45.036: V/SettingsProvider(1151): Notifying for 0: content://settings/system/accelerometer_rotation
11-16 08:56:45.037: V/SettingsProvider(1151): Notifying for 0: content://settings/system/firebase.test.lab
11-16 08:56:45.037: V/SettingsProvider(1151): Notifying for 0: content://settings/secure/autofill_service
11-16 08:56:45.039: V/SettingsProvider(1151): Notifying for 0: content://settings/secure/enabled_input_methods
11-16 08:56:45.039: W/Looper(1151): Drained
11-16 08:56:45.039: V/SettingsProvider(1151): Notifying for 0: content://settings/secure/selected_input_method_subtype
11-16 08:56:45.039: V/SettingsProvider(1151): Notifying for 0: content://settings/secure/default_input_method
11-16 08:56:45.065: D/LoaderTask(4248): loadWorkspace: loading default favorites
11-16 08:56:45.075: D/AndroidRuntime(18207): >>>>>> START com.android.internal.os.RuntimeInit uid 2000 <<<<<<
11-16 08:56:45.096: D/SurfaceFlinger(644): duplicate layer name: changing com.google.android.apps.nexuslauncher/com.google.android.apps.nexuslauncher.NexusLauncherActivity to com.google.android.apps.nexuslauncher/com.google.android.apps.nexuslauncher.NexusLauncherActivity#1
11-16 08:56:45.127: I/GoogleInputMethod(3633): onFinishInput() : Dummy InputConnection bound
11-16 08:56:45.127: I/GoogleInputMethod(3633): onStartInput() : Dummy InputConnection bound
11-16 08:56:45.133: I/app_process(18207): The ClassLoaderContext is a special shared library.
11-16 08:56:45.140: W/PhoneWindow(10019): Previously focused view reported id 2131820715 during save, but can't be found during restore.
11-16 08:56:45.150: I/ImageWallpaper(3644): Redrawing in rect: RectF(0.0, 0.0, 1214.0515, 2160.0) with surface size: 1080x2160
11-16 08:56:45.159: D/AndroidRuntime(18207): Calling main entry com.android.commands.input.Input
11-16 08:56:45.159: I/Input(18207): injectKeyEvent: KeyEvent { action=ACTION_DOWN, keyCode=KEYCODE_HOME, scanCode=0, metaState=0, flags=0x0, repeatCount=0, eventTime=1464511, downTime=1464511, deviceId=-1, source=0x101 }
11-16 08:56:45.192: W/SessionLifecycleManager(10019): Handover failed. Creating new session controller.
11-16 08:56:45.194: I/WindowManager(1151): Screen frozen for +605ms due to Window{5c13396 u0 com.google.android.apps.nexuslauncher/com.google.android.apps.nexuslauncher.NexusLauncherActivity}
11-16 08:56:45.195: I/Input(18207): injectKeyEvent: KeyEvent { action=ACTION_UP, keyCode=KEYCODE_HOME, scanCode=0, metaState=0, flags=0x0, repeatCount=0, eventTime=1464511, downTime=1464511, deviceId=-1, source=0x101 }
11-16 08:56:45.198: D/SurfaceFlinger(644): duplicate layer name: changing BlackSurface to BlackSurface#1
11-16 08:56:45.198: D/SurfaceFlinger(644): duplicate layer name: changing BlackSurface to BlackSurface#2
11-16 08:56:45.198: D/SurfaceFlinger(644): duplicate layer name: changing BlackSurface to BlackSurface#3
11-16 08:56:45.201: I/ActivityManager(1151): START u0 {act=android.intent.action.MAIN cat=[android.intent.category.HOME] flg=0x10200000 cmp=com.google.android.apps.nexuslauncher/.NexusLauncherActivity (has extras)} from uid 1000
11-16 08:56:45.203: V/StatusBar(3644): mStatusBarWindow: com.android.systemui.statusbar.phone.StatusBarWindowView{75a63dc V.ED..... ........ 0,0-1080,66} canPanelBeCollapsed(): false
11-16 08:56:45.203: I/vol.Events(3644): writeEvent dismiss_dialog volume_controller
11-16 08:56:45.206: D/AndroidRuntime(18207): Shutting down VM
11-16 08:56:45.212: I/GoogleInputMethod(3633): onFinishInput() : Dummy InputConnection bound
11-16 08:56:45.212: I/GoogleInputMethod(3633): onStartInput() : Dummy InputConnection bound
11-16 08:56:45.273: W/LocationOracle(10019): No location history returned by ContextManager
11-16 08:56:45.306: W/.android.chrom(18176): JIT profile information will not be recorded: profile file does not exits.
11-16 08:56:45.321: D/fpc_hidl(18228): fpc fingerprint hwbinder service starting
11-16 08:56:45.321: D/QSEECOMAPI(18228): QSEECom_get_handle sb_length = 0x80
11-16 08:56:45.321: D/QSEECOMAPI(18228): App is not loaded in QSEE
11-16 08:56:45.321: D/QSEECOMAPI(18228): app_arch = 2, total_files = 9
11-16 08:56:45.324: W/ctxmgr(10485): [AclManager] null policy map (0) 67, clientInfo=(accnt=account#-517948760#, com.google.android.googlequicksearchbox(10047):com.google.android.googlequicksearchbox, vrsn=12211000, 1, 3pPkg = null ,  3pMdlId = null ,  pid = 10019 ,  featureId = null) [CONTEXT service_id=47 ]
11-16 08:56:45.327: E/GmsContextObserver(10019): Failed to register context manager listener: Status{statusCode=unknown status code: 7503, resolution=null}
11-16 08:56:45.330: W/ctxmgr(10485): [AclManager] null policy map (0) 67, clientInfo=(accnt=account#-517948760#, com.google.android.googlequicksearchbox(10047):com.google.android.googlequicksearchbox, vrsn=12211000, 1, 3pPkg = null ,  3pMdlId = null ,  pid = 10019 ,  featureId = null) [CONTEXT service_id=47 ]
11-16 08:56:45.344: I/ActivityManager(1151): START u0 {flg=0x10000000 cmp=com.google.android.apps.mtaas.backdrop/.BackdropActivity} from uid 2000
11-16 08:56:45.354: D/android.hardware.power@1.3-service.crosshatch-libperfmgr(771): LAUNCH ON
11-16 08:56:45.378: D/QSEECOMAPI(18228): Loaded image: APP id = 295
11-16 08:56:45.380: I/ActivityManager(1151): Start proc 18237:com.google.android.apps.mtaas.backdrop/u0a163 for activity com.google.android.apps.mtaas.backdrop/.BackdropActivity
11-16 08:56:45.382: W/EventHub(1151): Unable to disable kernel key repeat for /dev/input/event3: Function not implemented
11-16 08:56:45.382: I/EventHub(1151): wakeMechanism=EPOLLWAKEUP, usingClockIoctl=true
11-16 08:56:45.382: I/EventHub(1151): New device: id=295, fd=340, path='/dev/input/event3', name='uinput-fpc', classes=0x101, configuration='/system/usr/idc/uinput-fpc.idc', keyLayout='/system/usr/keylayout/uinput-fpc.kl', keyCharacterMap='/system/usr/keychars/Generic.kcm', builtinKeyboard=true, 
11-16 08:56:45.382: W/InputReader(1151): Ignoring spurious device added event for deviceId 0.
11-16 08:56:45.383: E/fpc_tac(18228): fpcbuildinfo : 575ddab5b91efea67ee1d200fc813ff2fpc_bio=bd35c3fec78219829149bea6c9ec961e6f655b90C:prodtestlib=4304cf5c884c198624b749af3482befacbd3028eC:fpc_c_core=dc194509594e837dedfb5452aaf06fcb61977135C:fpc_lib=cd5b7b876c3d69afa68a11ac6fd86f873e70817bC:cac=297e11552c60a3607ed664cf44c3e4b36ab2e737C:fpc_bio_interface=94a457caecae31eca8ef04b64c3f82a018e9bbc0C:fpc_sensor=ba909a5500944acafe47a0ef3a49f89509aadfb6C:tools_core=94ddf1e684cfa6c99f0f237f7cc35f3962e0e597C:sensor_settings=4fcf864fb493ae0272a9b2806446b379d99fd8ceC:fingerprint_ta=066bc0ab880960a4a69b74a328c7d7871c72225bC:fingerprint_pal=0deb9a478a3572872639f9cb2559ccc464ee3f9bC:manifests=dcb3d8ab0bdb7a5b341839d8c75bb88fc7f5e1a4C:Manifesttag=SW23.3.0-PDR1.0.5:jenkins@84ffd74dac44:Thu,17May201810:17:08+0200:FPC_SENSOR_TYPE=FPC_SENSOR_TYPE_FPC1270:FPC_CC_TYPE=FPC_COMPANION_CHIP_FPC2050:FPC_C_TYPE=FPC_COATING_NORMAL
11-16 08:56:45.383: E/fpc_tac(18228): fpcbuildtype : build=RELEASE sensor=9
11-16 08:56:45.384: D/sound_trigger_hw(754): stdev_start_recognition:[1] Enter
11-16 08:56:45.385: D/sound_trigger_hw(754): loaded_state_fn:[1] handle event id 2
11-16 08:56:45.385: D/sound_trigger_platform(754): platform_stdev_get_capture_device: available devices 0x80000004, device 0x80000004
11-16 08:56:45.385: D/sound_trigger_platform(754): platform_stdev_get_device_sample_rate: sample rate 16000
11-16 08:56:45.385: D/sound_trigger_platform(754): platform_stdev_send_hwmad_cal: previous acdb_id 128 matches new acdb_id 128 return
11-16 08:56:45.385: D/sound_trigger_platform(754): platform_stdev_send_calibration: sending device calibration for device(1) acdb_id(128)
11-16 08:56:45.385: D/ACDB-LOADER(754): ACDB -> send_afe_topology
11-16 08:56:45.385: D/ACDB-LOADER(754): ACDB -> ACDB_CMD_GET_AFE_TOPOLOGY_ID
11-16 08:56:45.385: D/ACDB-LOADER(754): ACDB -> GET_AFE_TOPOLOGY_ID for adcd_id 128, Topology Id 12e19
11-16 08:56:45.385: D/ACDB-LOADER(754): ACDB -> send_afe_cal
11-16 08:56:45.385: D/ACDB-LOADER(754): ACDB -> ACDB_CMD_GET_AFE_COMMON_TABLE_SIZE
11-16 08:56:45.385: D/ACDB-LOADER(754): ACDB -> ACDB_CMD_GET_AFE_COMMON_TABLE
11-16 08:56:45.385: D/ACDB-LOADER(754): ACDB -> AUDIO_SET_AFE_CAL
11-16 08:56:45.385: D/sound_trigger_hw(754): set_device: enable device (1) = listen-cpe-handset-mic
11-16 08:56:45.385: D/audio_route(754): Apply path: listen-cpe-handset-mic
11-16 08:56:45.387: I/VSC(772): @ 1476.751: [SMD] Deleted SMD instance at 0xb28adfbc
11-16 08:56:45.388: D/VSC(772): @ 1476.751: [Significant Motion] Stop motion_detect
11-16 08:56:45.388: I/VSC(772): @ 1476.753: [SMD] Initializing activity algo instance
11-16 08:56:45.388: D/VSC(772): @ 1476.753: [Significant Motion] Request accel, interval 20000000 ns, latency 3200000000 ns
11-16 08:56:45.401: E/.mtaas.backdro(18237): Not starting debugger since process cannot load the jdwp agent.
11-16 08:56:45.405: D/sound_trigger_hw(754): get_confidence_levels_payload: No smlib for uuid, sending opaque data
11-16 08:56:45.405: D/sound_trigger_hw(754): start:[1] gcs start VA engine, enable 1 token 3
11-16 08:56:45.405: D/sound_trigger_hw(754): start:[1] calling gcs_enable with handle 1, non-persist cal 0xe9996820, sz 24
11-16 08:56:45.405: D/ACDB-LOADER(754): ACDB -> ACDB_WDSP_CMD_GET_SUBGRAPH_MODULE_CALIBRATION_SIZE
11-16 08:56:45.406: D/ACDB-LOADER(754): ACDB -> ACDB_WDSP_CMD_GET_SUBGRAPH_MODULE_CALIBRATION
11-16 08:56:45.406: D/ACDB-LOADER(754): ACDB -> ACDB_WDSP_CMD_GET_SUBGRAPH_MODULE_CALIBRATION_SIZE
11-16 08:56:45.406: D/ACDB-LOADER(754): ACDB -> ACDB_WDSP_CMD_GET_SUBGRAPH_MODULE_CALIBRATION
11-16 08:56:45.406: D/ACDB-LOADER(754): ACDB -> ACDB_WDSP_CMD_GET_SUBGRAPH_MODULE_CONNECTION_SIZE
11-16 08:56:45.406: D/ACDB-LOADER(754): [ 11-16 08:56:45.406   754: 3608 E/         ]
11-16 08:56:45.406: D/ACDB-LOADER(754): gcs_get_sg_mod_conn_and_update_pld: subgraph mod conn size 0. Exiting
11-16 08:56:45.406: D/ACDB-LOADER(754): ACDB -> ACDB_WDSP_CMD_GET_SUBGRAPH_MODULE_CONNECTION_SIZE
11-16 08:56:45.406: D/ACDB-LOADER(754): ACDB -> ACDB_WDSP_CMD_GET_SUBGRAPH_MODULE_CONNECTION
11-16 08:56:45.406: D/ACDB-LOADER(754): ACDB -> ACDB_WDSP_CMD_GET_SUBGRAPH_CONNECTIONS_SIZE
11-16 08:56:45.406: D/ACDB-LOADER(754): ACDB -> ACDB_WDSP_CMD_GET_SUBGRAPHS_CONNECTION
11-16 08:56:45.406: D/ACDB-LOADER(754): ACDB -> ACDB_WDSP_CMD_GET_SUBGRAPH_CONNECTIONS_SIZE
11-16 08:56:45.406: D/ACDB-LOADER(754): [ 11-16 08:56:45.406   754: 3608 E/         ]
11-16 08:56:45.406: D/ACDB-LOADER(754): __gcs_get_sg_conn_and_update_pld: subgraph conn size 0. Exiting
11-16 08:56:45.406: D/ACDB-LOADER(754): [ 11-16 08:56:45.406   754: 3608 D/         ]
11-16 08:56:45.406: D/ACDB-LOADER(754): pktzr_send_cmd: opcode = 0x3, size = 452, token = 8
11-16 08:56:45.406: D/ACDB-LOADER(754): [ 11-16 08:56:45.420   754: 1129 D/         ]
11-16 08:56:45.406: D/ACDB-LOADER(754): ipc_resp_thread: opcode: 0x2, payload_size: 4, resp_buf size: 16
11-16 08:56:45.406: D/ACDB-LOADER(754): [ 11-16 08:56:45.420   754: 1129 D/         ]
11-16 08:56:45.406: D/ACDB-LOADER(754): pktzr_resp_cb: opcode = 0x2 size = 4 token = 8
11-16 08:56:45.406: D/ACDB-LOADER(754): [ 11-16 08:56:45.420   754: 1129 D/         ]
11-16 08:56:45.406: D/ACDB-LOADER(754): pktzr_resp_cb: token 8 matched
11-16 08:56:45.420: D/sound_trigger_hw(754): reg_hal_event_session: ST_EVENT_SESSION_REGISTER capture_handle 62 p_ses 0xe99f40a0
11-16 08:56:45.420: D/sound_trigger_hw(754): session[1]: loaded_state_fn ---> active_state_fn 
11-16 08:56:45.420: D/sound_trigger_hw(754): stdev_start_recognition:[1] Exit
11-16 08:56:45.420: I/SoundTriggerHelper(1151): startRecognition successful.
11-16 08:56:45.420: I/GsaVoiceInteractionSrv(4119): Start Hotword Recognition Status: true
11-16 08:56:45.422: I/ActivityManager(1151): Killing 16510:com.google.android.carrier/u0a9 (adj 906): empty #17
11-16 08:56:45.423: W/libprocessgroup(1151): kill(-16510, 9) failed: No such process
11-16 08:56:45.434: E/PeriodStatsTracker(10485): Reference counting corrupted in usage statistics.
11-16 08:56:45.435: I/ActivityManager(1151): Start proc 18252:android.process.acore/u0a42 for broadcast com.android.providers.contacts/.LocaleChangeReceiver
11-16 08:56:45.442: I/Zygote(740): Process 16510 exited due to signal (9)
11-16 08:56:45.454: E/d.process.acor(18252): Not starting debugger since process cannot load the jdwp agent.
11-16 08:56:45.464: I/MultiDex(18237): VM with version 2.1.0 has multidex support
11-16 08:56:45.464: I/MultiDex(18237): install
11-16 08:56:45.464: I/MultiDex(18237): VM has multidex support, MultiDex support library is disabled.
11-16 08:56:45.468: W/libprocessgroup(1151): kill(-16510, 9) failed: No such process
11-16 08:56:45.468: I/libprocessgroup(1151): Successfully killed process cgroup uid 10009 pid 16510 in 45ms
11-16 08:56:45.468: E/libc(18237): Access denied finding property "vendor.debug.egl.profiler"
11-16 08:56:45.465: W/com.google.android.apps.mtaas.backdrop(18237): type=1400 audit(0.0:342): avc: denied { read } for comm=45474C20496E6974 name="u:object_r:vendor_default_prop:s0" dev="tmpfs" ino=20871 scontext=u:r:untrusted_app:s0:c163,c256,c512,c768 tcontext=u:object_r:vendor_default_prop:s0 tclass=file permissive=0
11-16 08:56:45.470: D/sound_trigger_hw(754): stdev_stop_recognition:[1] Enter
11-16 08:56:45.470: D/sound_trigger_hw(754): active_state_fn:[1] handle event id 7
11-16 08:56:45.470: D/sound_trigger_hw(754): active_state_fn:[1] unhandled event
11-16 08:56:45.470: D/sound_trigger_hw(754): active_state_fn:[1] handle event id 4
11-16 08:56:45.470: D/sound_trigger_hw(754): dereg_hal_event_session: ST_EVENT_SESSION_DEREGISTER capture_handle 62 p_ses 0xe99f40a0
11-16 08:56:45.470: D/sound_trigger_hw(754): stop:[1] gcs stop VA engine, size=24
11-16 08:56:45.470: D/sound_trigger_hw(754): [ 11-16 08:56:45.470   754: 3608 D/         ]
11-16 08:56:45.470: D/sound_trigger_hw(754): pktzr_send_cmd: opcode = 0x5, size = 24, token = 9
11-16 08:56:45.470: D/sound_trigger_hw(754): [ 11-16 08:56:45.475   754: 1129 D/         ]
11-16 08:56:45.470: D/sound_trigger_hw(754): ipc_resp_thread: opcode: 0x2, payload_size: 4, resp_buf size: 16
11-16 08:56:45.470: D/sound_trigger_hw(754): [ 11-16 08:56:45.475   754: 1129 D/         ]
11-16 08:56:45.470: D/sound_trigger_hw(754): pktzr_resp_cb: opcode = 0x2 size = 4 token = 9
11-16 08:56:45.470: D/sound_trigger_hw(754): [ 11-16 08:56:45.475   754: 1129 D/         ]
11-16 08:56:45.470: D/sound_trigger_hw(754): pktzr_resp_cb: token 9 matched
11-16 08:56:45.475: D/sound_trigger_hw(754): stop:[1] calling gcs_disable with handle 1
11-16 08:56:45.475: D/sound_trigger_hw(754): [ 11-16 08:56:45.475   754: 3608 E/         ]
11-16 08:56:45.475: D/sound_trigger_hw(754): __gcs_disable_update_pld: sgt_array[i] = 0x1
11-16 08:56:45.475: D/sound_trigger_hw(754): [ 11-16 08:56:45.475   754: 3608 E/         ]
11-16 08:56:45.475: D/sound_trigger_hw(754): __gcs_disable_update_pld: sgt_array[i] = 0x2
11-16 08:56:45.475: D/sound_trigger_hw(754): [ 11-16 08:56:45.475   754: 3608 D/         ]
11-16 08:56:45.475: D/sound_trigger_hw(754): pktzr_send_cmd: opcode = 0x4, size = 80, token = 10
11-16 08:56:45.475: D/sound_trigger_hw(754): [ 11-16 08:56:45.481   754: 1129 D/         ]
11-16 08:56:45.475: D/sound_trigger_hw(754): ipc_resp_thread: opcode: 0x2, payload_size: 4, resp_buf size: 16
11-16 08:56:45.475: D/sound_trigger_hw(754): [ 11-16 08:56:45.481   754: 1129 D/         ]
11-16 08:56:45.475: D/sound_trigger_hw(754): pktzr_resp_cb: opcode = 0x2 size = 4 token = 10
11-16 08:56:45.475: D/sound_trigger_hw(754): [ 11-16 08:56:45.481   754: 1129 D/         ]
11-16 08:56:45.475: D/sound_trigger_hw(754): pktzr_resp_cb: token 10 matched
11-16 08:56:45.481: D/sound_trigger_hw(754): set_device: disable device (1) = listen-cpe-handset-mic
11-16 08:56:45.483: D/sound_trigger_hw(754): session[1]: active_state_fn ---> loaded_state_fn 
11-16 08:56:45.483: D/sound_trigger_hw(754): stdev_stop_recognition:[1] Exit status 0
11-16 08:56:45.485: I/GsaVoiceInteractionSrv(4119): Stop Hotword Recognition status: true
11-16 08:56:45.490: I/BackdropActivity(18237): onCreate()
11-16 08:56:45.503: I/ActivityManager(1151): Activity requesting to dismiss Keyguard: ActivityRecord{b1641cd u0 com.google.android.apps.mtaas.backdrop/.BackdropActivity t4}
11-16 08:56:45.517: I/ContactsPerf(18252): VoicemailContentProvider.onCreate start
11-16 08:56:45.519: I/ContactsPerf(18252): VoicemailContentProvider.onCreate finish
11-16 08:56:45.532: D/ContactsDatabaseHelper(18252): WAL enabled for contacts2.db: true
11-16 08:56:45.536: I/FontLog(10485): Received query Google Sans, URI content://com.google.android.gms.fonts [CONTEXT service_id=132 ]
11-16 08:56:45.536: I/FontLog(10485): Query [Google Sans] resolved to {Google Sans, wdth 100.0, wght 400, ital 0.0, bestEffort false} [CONTEXT service_id=132 ]
11-16 08:56:45.546: I/ContactLocale(18252): AddressBook Labels [[en]]: [, A, B, C, D, E, F, G, H, I, J, K, L, M, N, O, P, Q, R, S, T, U, V, W, X, Y, Z, , , , , , , , , , , , , , , , , , , , , , , , , , , , , , , , , , , , , , , , , , , , , , , , , , , , , , , , , , , , , , , , , , , , , , , , , , , , , , , , , , , , , , , , , , , , , , , , , , , , , , , , , , , , , , , , , , , , , , , , , , , , , , , , , , , , , , , , , , , , , , , , , , , , , , , , , , , , , , , , , , , , , , , , , , , , , , , , , , , , , , , , , , , #, ]
11-16 08:56:45.561: I/FontLog(10485): Font PFD returned from cache for {Google Sans, wdth 100.0, wght 400, ital 0.0, bestEffort false} [CONTEXT service_id=132 ]
11-16 08:56:45.561: I/FontLog(10485): Fetch {Google Sans, wdth 100.0, wght 400, ital 0.0, bestEffort false} end status Status{statusCode=SUCCESS, resolution=null} [CONTEXT service_id=132 ]
11-16 08:56:45.562: I/system_server(1151): Background concurrent copying GC freed 116219(9MB) AllocSpace objects, 152(3MB) LOS objects, 42% free, 17MB/30MB, paused 165us total 144.647ms
11-16 08:56:45.572: D/ContactsDatabaseHelper(18252): WAL enabled for profile.db: false
11-16 08:56:45.576: I/FontLog(10485): Pulling font file for id = 3, cache size = 3 [CONTEXT service_id=132 ]
11-16 08:56:45.587: I/ActivityManager(1151): Killing 17074:com.google.android.apps.tips/u0a52 (adj 906): empty #17
11-16 08:56:45.587: W/libprocessgroup(1151): kill(-17074, 9) failed: No such process
11-16 08:56:45.600: I/ActivityManager(1151): Start proc 18275:android.process.media/u0a8 for broadcast com.android.providers.media/.MediaScannerReceiver
11-16 08:56:45.600: I/ContactDirectoryManager(18252): Directory provider packages have changed.
11-16 08:56:45.601: E/d.process.medi(18275): Not starting debugger since process cannot load the jdwp agent.
11-16 08:56:45.603: I/Zygote(740): Process 17074 exited due to signal (9)
11-16 08:56:45.603: I/BackdropActivity(18237): android_id: 3875883827745358735
11-16 08:56:45.615: I/BackdropActivity(18237): onResume()
11-16 08:56:45.618: I/ActivityManager(1151): Activity requesting to dismiss Keyguard: ActivityRecord{b1641cd u0 com.google.android.apps.mtaas.backdrop/.BackdropActivity t4}
11-16 08:56:45.622: D/OpenGLRenderer(18237): Skia GL Pipeline
11-16 08:56:45.628: I/ActivityManager(1151): Start proc 18291:com.google.android.gm/u0a100 for content provider com.google.android.gm/com.android.exchange.provider.ExchangeDirectoryProvider
11-16 08:56:45.629: I/FTLNetworkMonitor(18237): NetworkMonitoringService was created
11-16 08:56:45.633: W/libprocessgroup(1151): kill(-17074, 9) failed: No such process
11-16 08:56:45.633: I/libprocessgroup(1151): Successfully killed process cgroup uid 10052 pid 17074 in 46ms
11-16 08:56:45.635: E/ogle.android.g(18291): Not starting debugger since process cannot load the jdwp agent.
11-16 08:56:45.640: I/Adreno(18237): QUALCOMM build                   : 3f88ca2, I42f6fe38fb
11-16 08:56:45.640: I/Adreno(18237): Build Date                       : 07/13/18
11-16 08:56:45.640: I/Adreno(18237): OpenGL ES Shader Compiler Version: EV031.24.00.00
11-16 08:56:45.640: I/Adreno(18237): Local Branch                     : 50.04
11-16 08:56:45.640: I/Adreno(18237): Remote Branch                    : 
11-16 08:56:45.640: I/Adreno(18237): Remote Branch                    : 
11-16 08:56:45.640: I/Adreno(18237): Reconstruct Branch               : 
11-16 08:56:45.640: I/Adreno(18237): Build Config                     : S P 4.0.10 AArch64
11-16 08:56:45.644: E/libc(18237): Access denied finding property "ro.vendor.graphics.memory"
11-16 08:56:45.638: W/RenderThread(18237): type=1400 audit(0.0:343): avc: denied { read } for name="u:object_r:vendor_default_prop:s0" dev="tmpfs" ino=20871 scontext=u:r:untrusted_app:s0:c163,c256,c512,c768 tcontext=u:object_r:vendor_default_prop:s0 tclass=file permissive=0
11-16 08:56:45.644: I/Adreno(18237): PFP: 0x016ee170, ME: 0x00000000
11-16 08:56:45.646: I/ActivityManager(1151): Killing 12487:com.android.vending:instant_app_installer/u0a14 (adj 906): empty #17
11-16 08:56:45.646: W/libprocessgroup(1151): kill(-12487, 9) failed: No such process
11-16 08:56:45.649: I/ConfigStore(18237): android::hardware::configstore::V1_0::ISurfaceFlingerConfigs::hasWideColorDisplay retrieved: 1
11-16 08:56:45.650: I/ConfigStore(18237): android::hardware::configstore::V1_0::ISurfaceFlingerConfigs::hasHDRDisplay retrieved: 1
11-16 08:56:45.651: I/OpenGLRenderer(18237): Initialized EGL, version 1.4
11-16 08:56:45.651: D/OpenGLRenderer(18237): Swap behavior 2
11-16 08:56:45.656: W/libprocessgroup(1151): kill(-12487, 9) failed: No such process
11-16 08:56:45.659: I/FTLNetworkMonitor(18237): Network Info: [type: WIFI[], state: CONNECTED/CONNECTED, reason: (unspecified), extra: (none), failover: false, available: true, roaming: false]
11-16 08:56:45.659: I/FTLNetworkMonitor(18237): Network Info: [type: WIFI[], state: CONNECTED/CONNECTED, reason: (unspecified), extra: (none), failover: false, available: true, roaming: false]
11-16 08:56:45.662: I/ogle.android.g(18291): The ClassLoaderContext is a special shared library.
11-16 08:56:45.666: D/BoundBrokerSvc(10485): onUnbind: Intent { act=com.google.android.gms.instantapps.START pkg=com.google.android.gms }
11-16 08:56:45.668: I/Zygote(741): Process 12487 exited due to signal (9)
11-16 08:56:45.665: W/RenderThread(18237): type=1400 audit(0.0:344): avc: denied { read } for name="u:object_r:vendor_default_prop:s0" dev="tmpfs" ino=20871 scontext=u:r:untrusted_app:s0:c163,c256,c512,c768 tcontext=u:object_r:vendor_default_prop:s0 tclass=file permissive=0
11-16 08:56:45.669: E/libc(18237): Access denied finding property "vendor.gralloc.enable_ahardware_buffer"
11-16 08:56:45.695: I/ActivityManager(1151): Start proc 18311:com.android.sdm.plugins.sprintdm/1001 for broadcast com.android.sdm.plugins.sprintdm/.SprintDMReceiver
11-16 08:56:45.700: E/lugins.sprintd(18311): Not starting debugger since process cannot load the jdwp agent.
11-16 08:56:45.704: W/libprocessgroup(1151): kill(-12487, 9) failed: No such process
11-16 08:56:45.704: I/libprocessgroup(1151): Successfully killed process cgroup uid 10014 pid 12487 in 58ms
11-16 08:56:45.714: I/GoogleInputMethod(3633): onFinishInput() : Dummy InputConnection bound
11-16 08:56:45.715: I/GoogleInputMethod(3633): onStartInput() : Dummy InputConnection bound
11-16 08:56:45.717: I/ActivityManager(1151): Displayed com.google.android.apps.mtaas.backdrop/.BackdropActivity: +363ms
11-16 08:56:45.719: D/android.hardware.power@1.3-service.crosshatch-libperfmgr(771): LAUNCH OFF
11-16 08:56:45.722: W/SurfaceFlinger(644): Attempting to set client state on removed layer: Splash Screen com.google.android.apps.mtaas.backdrop#0
11-16 08:56:45.722: W/SurfaceFlinger(644): Attempting to destroy on removed layer: Splash Screen com.google.android.apps.mtaas.backdrop#0
11-16 08:56:45.726: I/lugins.sprintd(18311): The ClassLoaderContext is a special shared library.
11-16 08:56:45.727: I/lugins.sprintd(18311): The ClassLoaderContext is a special shared library.
11-16 08:56:45.750: D/SprintDMReceiver(18311): Received intent: android.intent.action.LOCALE_CHANGED
11-16 08:56:45.754: D/SprintDMHelper(18311): simOperator: 
11-16 08:56:45.754: D/SprintDMHelper(18311): Not Sprint UICC, don't do anything.
11-16 08:56:45.755: I/ActivityManager(1151): Killing 12366:com.android.vending/u0a14 (adj 906): empty #17
11-16 08:56:45.757: W/libprocessgroup(1151): kill(-12366, 9) failed: No such process
11-16 08:56:45.776: I/ActivityManager(1151): Start proc 18331:com.android.vending/u0a14 for broadcast com.android.vending/com.google.android.finsky.userlanguages.LocaleChangedReceiver
11-16 08:56:45.779: E/android.vendin(18331): Not starting debugger since process cannot load the jdwp agent.
11-16 08:56:45.782: D/ConnectivityService(1151): ConnectivityService NetworkRequestInfo binderDied(NetworkRequest [ LISTEN id=42, [ Capabilities: INTERNET&NOT_RESTRICTED&TRUSTED Unwanted:  Uid: 10014] ], android.os.BinderProxy@50231a7)
11-16 08:56:45.782: D/ConnectivityService(1151): ConnectivityService NetworkRequestInfo binderDied(NetworkRequest [ TRACK_DEFAULT id=41, [ Capabilities: INTERNET&NOT_RESTRICTED&TRUSTED Unwanted:  Uid: 10014] ], android.os.BinderProxy@b3a3654)
11-16 08:56:45.782: D/ConnectivityService(1151): releasing NetworkRequest [ TRACK_DEFAULT id=41, [ Capabilities: INTERNET&NOT_RESTRICTED&TRUSTED Unwanted:  Uid: 10014] ] (release request)
11-16 08:56:45.784: I/Zygote(741): Process 12366 exited due to signal (9)
11-16 08:56:45.794: W/libprocessgroup(1151): kill(-12366, 9) failed: No such process
11-16 08:56:45.794: I/libprocessgroup(1151): Successfully killed process cgroup uid 10014 pid 12366 in 36ms
11-16 08:56:45.794: W/libprocessgroup(1151): Failed to open process cgroup uid 10014 pid 12366: No such file or directory
11-16 08:56:45.794: E/libprocessgroup(1151): Error encountered killing process cgroup uid 10014 pid 12366: No such file or directory
11-16 08:56:45.809: I/android.vendin(18331): The ClassLoaderContext is a special shared library.
11-16 08:56:45.826: I/Finsky(18331): [2] gft.ay(5): Process created at version: 22.4.28-16 [0] [PR] 338099147
11-16 08:56:45.886: V/SettingsProvider(1151): Notifying for 0: content://settings/system/accelerometer_rotation
11-16 08:56:45.888: I/PBSessionCacheImpl(10019): Deleted sessionId[841004528638] from persistence.
11-16 08:56:45.927: I/Finsky(18331): [139] yuo.a(2): Started reading experiment flags from file [0tGUNCGIkbk4o6-fQ335kUYSKwVj4lusnHT-A5Dsy08].
11-16 08:56:45.932: I/Finsky(18331): [139] yuo.a(18): Finished reading experiment flags from file [0tGUNCGIkbk4o6-fQ335kUYSKwVj4lusnHT-A5Dsy08].
11-16 08:56:45.937: I/Finsky(18331): [135] yuo.a(2): Started reading experiment flags from file [Se-xCc4LzNyh3UrKMIU2sUf-PUKz4oQEbpKZDMuaFno].
11-16 08:56:45.939: W/SearchServiceCore(10019): Abort, client detached.
11-16 08:56:45.941: I/Finsky(18331): [135] yuo.a(18): Finished reading experiment flags from file [Se-xCc4LzNyh3UrKMIU2sUf-PUKz4oQEbpKZDMuaFno].
11-16 08:56:45.956: I/Finsky(18331): [2] abzb.<init>(3): Resetting scheduler db
11-16 08:56:45.960: V/SettingsProvider(1151): Notifying for 0: content://settings/system/user_rotation
11-16 08:56:45.964: I/Finsky(18331): [135] aiix.a(2): Not a unicorn account
11-16 08:56:45.977: I/Finsky(18331): [137] yeh.<init>(3): PackageMonitorReceiverImpl - Registering in memory receiver for android.intent.action.PACKAGE_ADDED and android.intent.action.PACKAGE_REMOVED
11-16 08:56:45.987: I/Finsky(18331): [135] agvb.a(2): Disable SystemUpdateActivity, because Android is lower than Q
11-16 08:56:45.998: I/ActivityManager(1151): Killing 11378:com.google.android.apps.messaging/u0a111 (adj 906): empty #17
11-16 08:56:46.000: W/Settings(18331): Setting download_manager_max_bytes_over_mobile has moved from android.provider.Settings.Secure to android.provider.Settings.Global.
11-16 08:56:46.006: W/libprocessgroup(1151): kill(-11378, 9) failed: No such process
11-16 08:56:46.006: I/Finsky(18331): [135] waq.i(3): SettingNotFoundException, fall through to G.downloadBytesOverMobileMaximum
11-16 08:56:46.007: I/cr_CronetLibraryLoader(18331): Cronet version: 87.0.4280.13, arch: armv8l
11-16 08:56:46.007: W/Settings(18331): Setting download_manager_recommended_max_bytes_over_mobile has moved from android.provider.Settings.Secure to android.provider.Settings.Global.
11-16 08:56:46.007: I/Finsky(18331): [154] agva.run(50): Set SystemUpdateActivity enabled state to 2
11-16 08:56:46.009: I/Finsky(18331): [135] waq.j(3): SettingNotFoundException, fall through to G.downloadBytesOverMobileRecommended
11-16 08:56:46.009: W/Finsky(18331): [136] fjv.c(22): For unauth, use getDfeApiNonAuthenticated() instead!
11-16 08:56:46.015: D/ConnectivityService(1151): requestNetwork for uid/pid:10014/18331 NetworkRequest [ TRACK_DEFAULT id=56, [ Capabilities: INTERNET&NOT_RESTRICTED&TRUSTED Unwanted:  Uid: 10014] ]
11-16 08:56:46.016: D/Ethernet(1151): got request NetworkRequest [ TRACK_DEFAULT id=56, [ Capabilities: INTERNET&NOT_RESTRICTED&TRUSTED Unwanted:  Uid: 10014] ] with score 60
11-16 08:56:46.016: D/WIFI(1151): got request NetworkRequest [ TRACK_DEFAULT id=56, [ Capabilities: INTERNET&NOT_RESTRICTED&TRUSTED Unwanted:  Uid: 10014] ] with score 60
11-16 08:56:46.016: D/WIFI_UT(1151): got request NetworkRequest [ TRACK_DEFAULT id=56, [ Capabilities: INTERNET&NOT_RESTRICTED&TRUSTED Unwanted:  Uid: 10014] ] with score 60
11-16 08:56:46.016: D/WIFI_AWARE_FACTORY(1151): got request NetworkRequest [ TRACK_DEFAULT id=56, [ Capabilities: INTERNET&NOT_RESTRICTED&TRUSTED Unwanted:  Uid: 10014] ] with score 60
11-16 08:56:46.016: D/PhoneSwitcherNetworkRequstListener(3785): got request NetworkRequest [ TRACK_DEFAULT id=56, [ Capabilities: INTERNET&NOT_RESTRICTED&TRUSTED Unwanted:  Uid: 10014] ] with score 60
11-16 08:56:46.021: I/Finsky(18331): [136] trj.n(5): Enqueuing libraries load for 0
11-16 08:56:46.022: I/Finsky(18331): [152] trj.o(1): Starting libraries load for 0
11-16 08:56:46.024: I/Finsky(18331): [136] jxe.j(5): Subscription detail: N/A
11-16 08:56:46.044: I/Zygote(740): Process 11378 exited due to signal (9)
11-16 08:56:46.052: W/libprocessgroup(1151): kill(-11378, 9) failed: No such process
11-16 08:56:46.052: I/libprocessgroup(1151): Successfully killed process cgroup uid 10111 pid 11378 in 46ms
11-16 08:56:46.063: I/Finsky(18331): [135] atsx.b(2): registerListener
11-16 08:56:46.067: I/Finsky(18331): [135] atsx.b(2): registerListener
11-16 08:56:46.074: I/ing.testsuppor(17866): Waiting for a blocking GC ProfileSaver
11-16 08:56:46.080: I/Finsky(18331): [136] akms.w(2): Setup app restrictions monitor
11-16 08:56:46.080: I/Finsky(18331): [152] trj.o(23): Finished loading 0 libraries.
11-16 08:56:46.084: I/Finsky(18331): [136] akoo.a(3): Device wide unknown source restriction is changed.
11-16 08:56:46.135: I/Finsky(18331): [2] qrt.<init>(13): Installer: Setting Parallelism[DEFAULT]
11-16 08:56:46.142: I/ActivityManager(1151): Start proc 18420:com.android.vending:instant_app_installer/u0a14 for broadcast com.android.vending/com.google.android.finsky.instantapps.InstantAppsConfigChangeListener
11-16 08:56:46.144: E/t_app_installe(18420): Not starting debugger since process cannot load the jdwp agent.
11-16 08:56:46.146: I/ActivityManager(1151): Killing 17893:com.android.connectivity.metrics/u0a57 (adj 906): empty #17
11-16 08:56:46.146: I/Finsky(18331): [2] qoo.v(2): Installer: Attempting to start installer
11-16 08:56:46.147: W/libprocessgroup(1151): kill(-17893, 9) failed: No such process
11-16 08:56:46.156: I/t_app_installe(18420): The ClassLoaderContext is a special shared library.
11-16 08:56:46.169: I/Finsky:instant_app_inst(18420): [2] gft.ay(5): Process created at version: 22.4.28-16 [0] [PR] 338099147
11-16 08:56:46.173: I/Zygote(740): Process 17893 exited due to signal (9)
11-16 08:56:46.173: I/Finsky(18331): [2] atsx.b(2): registerListener
11-16 08:56:46.189: I/Finsky(18331): [2] jxd.onSubscriptionsChanged(1): onSubscriptionsChanged
11-16 08:56:46.191: I/Finsky(18331): [2] qoo.O(1): Installer kick - no action, not running yet
11-16 08:56:46.194: W/libprocessgroup(1151): kill(-17893, 9) failed: No such process
11-16 08:56:46.194: I/libprocessgroup(1151): Successfully killed process cgroup uid 10057 pid 17893 in 47ms
11-16 08:56:46.207: I/ActivityManager(1151): Killing 17910:com.google.android.apps.multidevice.client/u0a72 (adj 906): empty #17
11-16 08:56:46.207: W/libprocessgroup(1151): kill(-17910, 9) failed: No such process
11-16 08:56:46.221: I/ActivityManager(1151): Start proc 18451:com.google.android.apps.docs/u0a128 for broadcast com.google.android.apps.docs/.notification.common.NotificationChannelReceiver
11-16 08:56:46.222: E/droid.apps.doc(18451): Not starting debugger since process cannot load the jdwp agent.
11-16 08:56:46.231: D/QSEECOMAPI(18228): QSEECom_get_handle sb_length = 0x400
11-16 08:56:46.231: D/QSEECOMAPI(18228): App is already loaded QSEE and app id = 1
11-16 08:56:46.233: E/fpc_tac(18228): qsee_km_get_encapsulated_key KEYMASTER_GET_AUTH_TOKEN_KEY returned status=-24
11-16 08:56:46.233: D/QSEECOMAPI(18228): QSEECom_dealloc_memory 
11-16 08:56:46.233: D/QSEECOMAPI(18228): QSEECom_shutdown_app, app_id = 1
11-16 08:56:46.233: E/fpc_fingerprint_hal(18228): fpc_hal_open failed
11-16 08:56:46.235: I/EventHub(1151): Removing device '/dev/input/event3' due to inotify event
11-16 08:56:46.235: I/EventHub(1151): Removed device: path=/dev/input/event3 name=uinput-fpc id=295 fd=340 classes=0x101
11-16 08:56:46.235: W/EventHub(1151): built-in keyboard device /dev/input/event3 (id=295) is closing! the apps will not like this
11-16 08:56:46.242: D/NetworkSecurityConfig(18331): No Network Security Config specified, using platform default
11-16 08:56:46.243: I/droid.apps.doc(18451): The ClassLoaderContext is a special shared library.
11-16 08:56:46.250: W/InputReader(1151): Ignoring spurious device removed event for deviceId 295.
11-16 08:56:46.251: I/Zygote(740): Process 17910 exited due to signal (9)
11-16 08:56:46.251: W/libprocessgroup(1151): kill(-17910, 9) failed: No such process
11-16 08:56:46.251: I/libprocessgroup(1151): Successfully killed process cgroup uid 10072 pid 17910 in 43ms
11-16 08:56:46.267: D/QSEECOMAPI(18228): QSEECom_dealloc_memory 
11-16 08:56:46.267: D/QSEECOMAPI(18228): QSEECom_shutdown_app, app_id = 295
11-16 08:56:46.296: I/Finsky(18331): [179] mtv.d(1): getDownloads()
11-16 08:56:46.386: I/ActivityManager(1151): Start proc 18478:com.android.vending:download_service/u0a14 for service com.android.vending/com.google.android.finsky.ipcservers.downloadservice.DownloadServiceGrpcServerAndroidService
11-16 08:56:46.386: E/ownload_servic(18478): Not starting debugger since process cannot load the jdwp agent.
11-16 08:56:46.405: I/ownload_servic(18478): The ClassLoaderContext is a special shared library.
11-16 08:56:46.411: I/Finsky(18331): [2] abzb.b(5): SCH: Jobs in database: 1-1337 12-1 24-77777777 26-1414141414 29-29 31-305419896 
11-16 08:56:46.456: I/Finsky:download_service(18478): [2] gft.ay(5): Process created at version: 22.4.28-16 [0] [PR] 338099147
11-16 08:56:46.464: I/Finsky(18331): [2] abxn.d(37): SCH: ConstraintMapping: 24-77777777,  -> L: 0ms, D: 81559554ms, C: false, I: true, N: 0
11-16 08:56:46.465: W/android.vendin(18331): Accessing hidden field Ljava/util/Collections$SynchronizedCollection;->mutex:Ljava/lang/Object; (dark greylist, reflection)
11-16 08:56:46.465: W/android.vendin(18331): Accessing hidden method Ljava/util/Collections$SynchronizedSet;-><init>(Ljava/util/Set;Ljava/lang/Object;)V (dark greylist, reflection)
11-16 08:56:46.465: W/android.vendin(18331): Accessing hidden method Ljava/util/Collections$SynchronizedCollection;-><init>(Ljava/util/Collection;Ljava/lang/Object;)V (dark greylist, reflection)
11-16 08:56:46.475: I/Finsky(18331): [2] abxn.d(37): SCH: ConstraintMapping: 1-1337, 12-1, 31-305419896,  -> L: 0ms, D: 46999884ms, C: false, I: false, N: 1
11-16 08:56:46.476: I/Finsky(18331): [2] abxn.d(37): SCH: ConstraintMapping: 26-1414141414, 29-29,  -> L: 29511ms, D: 59511ms, C: false, I: false, N: 0
11-16 08:56:46.493: I/Finsky(18331): [2] abxn.f(7): SCH: Cancelling existing jobscheduler jobs: 9002 9004 9001 
11-16 08:56:46.493: I/Finsky(18331): [2] abxn.e(8): SCH: Throttling wakeup for job 9000 (expected to run in 0 ms) due to recent wakeup
11-16 08:56:46.494: I/Finsky(18331): [2] abxn.e(23): SCH: Scheduling job Id: 9000, L: 30000, D: 81559554, C: false, I: true, N: 0
11-16 08:56:46.496: I/Finsky(18331): [2] abxn.e(8): SCH: Throttling wakeup for job 9003 (expected to run in 0 ms) due to recent wakeup
11-16 08:56:46.496: I/Finsky(18331): [2] abxn.e(23): SCH: Scheduling job Id: 9003, L: 30000, D: 46999884, C: false, I: false, N: 1
11-16 08:56:46.497: I/Finsky(18331): [2] abxn.e(23): SCH: Scheduling job Id: 9005, L: 29511, D: 59511, C: false, I: false, N: 0
11-16 08:56:46.505: I/Finsky(18331): [2] abxn.f(7): SCH: Cancelling existing jobscheduler jobs: 9005 9000 9003 
11-16 08:56:46.506: I/Finsky(18331): [2] abxn.c(4): SCH: Scheduling immediate wakeup job with id: 9000
11-16 08:56:46.527: I/Finsky:download_service(18478): [2] szp.onCreate(2): IPC-SERVER: Starting gRPC host service...
11-16 08:56:46.534: I/Finsky(18331): [2] acbc.onStartJob(3): SCH: onJobSchedulerWakeup with jobId 9000
11-16 08:56:46.535: I/Finsky(18331): [2] abwh.a(9): SCH: Scheduling fallback job with id: 9034, and delay: 43200000 ms
11-16 08:56:46.539: I/Finsky(18331): [2] abwh.b(9): SCH: Scheduling fallback in 64799998 (absolute: 66265888)
11-16 08:56:46.547: D/ConnectivityService(1151): requestNetwork for uid/pid:10014/18478 NetworkRequest [ TRACK_DEFAULT id=58, [ Capabilities: INTERNET&NOT_RESTRICTED&TRUSTED Unwanted:  Uid: 10014] ]
11-16 08:56:46.548: D/PhoneSwitcherNetworkRequstListener(3785): got request NetworkRequest [ TRACK_DEFAULT id=58, [ Capabilities: INTERNET&NOT_RESTRICTED&TRUSTED Unwanted:  Uid: 10014] ] with score 60
11-16 08:56:46.548: D/Ethernet(1151): got request NetworkRequest [ TRACK_DEFAULT id=58, [ Capabilities: INTERNET&NOT_RESTRICTED&TRUSTED Unwanted:  Uid: 10014] ] with score 60
11-16 08:56:46.548: D/WIFI(1151): got request NetworkRequest [ TRACK_DEFAULT id=58, [ Capabilities: INTERNET&NOT_RESTRICTED&TRUSTED Unwanted:  Uid: 10014] ] with score 60
11-16 08:56:46.548: D/WIFI_UT(1151): got request NetworkRequest [ TRACK_DEFAULT id=58, [ Capabilities: INTERNET&NOT_RESTRICTED&TRUSTED Unwanted:  Uid: 10014] ] with score 60
11-16 08:56:46.548: D/WIFI_AWARE_FACTORY(1151): got request NetworkRequest [ TRACK_DEFAULT id=58, [ Capabilities: INTERNET&NOT_RESTRICTED&TRUSTED Unwanted:  Uid: 10014] ] with score 60
11-16 08:56:46.558: I/Finsky(18331): [2] abwq.handleMessage(8): SCH: DeviceState: DeviceState{currentTime=1637081806555, isCharging=true, isIdle=false, netAny=true, netNotRoaming=true, netUnmetered=true, batteryPercent=100.0}
11-16 08:56:46.567: I/Finsky(18331): [146] abzb.b(5): SCH: Jobs in database: 1-1337 12-1 24-77777777 26-1414141414 29-29 31-305419896 
11-16 08:56:46.648: E/Backup(13100): [BackupTransportMigratorChimeraService] Could not migrate transport!
11-16 08:56:46.649: I/Backup(13100): [BackupTransportMigratorChimeraService] Starting migration...
11-16 08:56:46.650: I/Finsky:download_service(18478): [148] mmd.c(1): getDownloads().
11-16 08:56:46.658: I/Finsky(18331): [2] abwr.b(10): SCH: Running job: 31-305419896
11-16 08:56:46.660: W/Finsky(18331): [2] fjv.c(22): For unauth, use getDfeApiNonAuthenticated() instead!
11-16 08:56:46.660: W/Finsky(18331): [ 11-16 08:56:46.746   883: 1291 E/         ]
11-16 08:56:46.660: W/Finsky(18331): Couldn't opendir /data/app/vmdl629654393.tmp: No such file or directory
11-16 08:56:46.746: E/installd(883): Failed to delete /data/app/vmdl629654393.tmp: No such file or directory
11-16 08:56:46.761: W/BroadcastQueue(1151): Background execution not allowed: receiving Intent { act=android.intent.action.PACKAGE_ADDED dat=package:dev.androidx.ci.emptyapp flg=0x4000010 (has extras) } to com.android.musicfx/.Compatibility$Receiver
11-16 08:56:46.761: W/BroadcastQueue(1151): Background execution not allowed: receiving Intent { act=android.intent.action.PACKAGE_ADDED dat=package:dev.androidx.ci.emptyapp flg=0x4000010 (has extras) } to com.android.vending/com.google.android.finsky.packagemanager.impl.PackageMonitorReceiverImpl$RegisteredReceiver
11-16 08:56:46.761: W/BroadcastQueue(1151): Background execution not allowed: receiving Intent { act=android.intent.action.PACKAGE_ADDED dat=package:dev.androidx.ci.emptyapp flg=0x4000010 (has extras) } to com.google.android.gms/.games.chimera.GamesSystemBroadcastReceiverProxy
11-16 08:56:46.761: W/BroadcastQueue(1151): Background execution not allowed: receiving Intent { act=android.intent.action.PACKAGE_ADDED dat=package:dev.androidx.ci.emptyapp flg=0x4000010 (has extras) } to com.google.android.gms/.gass.chimera.PackageChangeBroadcastReceiver
11-16 08:56:46.762: W/BroadcastQueue(1151): Background execution not allowed: receiving Intent { act=android.intent.action.PACKAGE_ADDED dat=package:dev.androidx.ci.emptyapp flg=0x4000010 (has extras) } to com.google.android.gms/.chimera.GmsIntentOperationService$PersistentTrustedReceiver
11-16 08:56:46.762: W/BroadcastQueue(1151): Background execution not allowed: receiving Intent { act=android.intent.action.PACKAGE_ADDED dat=package:dev.androidx.ci.emptyapp flg=0x4000010 (has extras) } to com.google.android.googlequicksearchbox/com.google.android.apps.gsa.googlequicksearchbox.GelStubAppWatcher
11-16 08:56:46.762: W/BroadcastQueue(1151): Background execution not allowed: receiving Intent { act=android.intent.action.PACKAGE_ADDED dat=package:dev.androidx.ci.emptyapp flg=0x4000010 (has extras) } to com.google.android.ims/.receivers.RcsAutoStartReceiver
11-16 08:56:46.763: D/ImsResolver(3785): maybeAddedImsService, packageName: dev.androidx.ci.emptyapp
11-16 08:56:46.764: I/CarrierServices(11341): [2] RcsAutoStartReceiver.b: carrierServicesJibeServiceEnabled changed from true to true
11-16 08:56:46.765: I/CarrierServices(11341): [2] RcsAutoStartReceiver.b: enableRcs changed from true to true
11-16 08:56:46.766: I/CarrierServices(11341): [2] RcsAutoStartReceiver.b: RcsAutoStartReceiver triggered. Fetching RCS State. Action: android.intent.action.PACKAGE_ADDED
11-16 08:56:46.768: I/CarrierServices(11341): [2] aws.a: Migration binding to RcsMigrationService
11-16 08:56:46.772: I/Telecom(1151): DefaultDialerCache: Refreshing default dialer for user 0: now com.google.android.dialer: DDC.oR@AJs
11-16 08:56:46.774: I/InputReader(1151): Reconfiguring input devices.  changes=0x00000010
11-16 08:56:46.777: I/Finsky(18331): [2] abwq.handleMessage(59): SCH: RunningQueue size: 1, PendingQueue size: 0
11-16 08:56:46.777: I/Finsky(18331): [2] abwr.p(3): SCH: Running queue: 31-305419896 
11-16 08:56:46.792: I/ActivityManager(1151): Start proc 18529:com.google.android.apps.messaging/u0a111 for service com.google.android.apps.messaging/.rcsmigration.RcsMigrationService
11-16 08:56:46.795: V/BackupManagerConstants(1151): getFullBackupIntervalMilliseconds(...) returns 86400000
11-16 08:56:46.800: W/GCM(10485): Unexpected forwarded intent: Intent { act=android.intent.action.PACKAGE_ADDED dat=package:dev.androidx.ci.emptyapp flg=0x4000010 pkg=com.google.android.gms cmp=com.google.android.gms/.chimera.PersistentIntentOperationService (has extras) }
11-16 08:56:46.802: I/Finsky(18331): [2] yeh.d(13): PackageMonitorReceiverImpl - Received: android.intent.action.PACKAGE_ADDED, [EoF1oDWmz7ltTwAYqC40Qzd9iSBp2xrh_kkvq80SvGg]
11-16 08:56:46.802: I/FontLog(10485): Package dev.androidx.ci.emptyapp has no metadata [CONTEXT service_id=132 ]
11-16 08:56:46.802: I/Finsky(18331): [2] yfi.g(1): Invalidating cached PackageState for dev.androidx.ci.emptyapp
11-16 08:56:46.803: W/GCM(10485): Unexpected forwarded intent: Intent { act=android.intent.action.PACKAGE_ADDED dat=package:dev.androidx.ci.emptyapp flg=0x4000010 pkg=com.google.android.gms cmp=com.google.android.gms/.chimera.PersistentIntentOperationService (has extras) }
11-16 08:56:46.803: I/Auth(13100): [SupervisedAccountIntentOperation] onHandleIntent(): android.intent.action.PACKAGE_ADDED
11-16 08:56:46.805: I/BlockstoreStorage(13100): Clearing Blockstore Data for package dev.androidx.ci.emptyapp [CONTEXT service_id=258 ]
11-16 08:56:46.805: I/BlockstoreStorage(13100): No metadata found. Skipping deletion. [CONTEXT service_id=258 ]
11-16 08:56:46.808: D/RegisteredNfcFServicesCache(4128): Service unchanged, not updating
11-16 08:56:46.815: E/PhoneInterfaceManager(3785): [PhoneIntfMgr] getCarrierPackageNamesForIntent: No UICC
11-16 08:56:46.815: D/CarrierSvcBindHelper(3785): No carrier app for: 0
11-16 08:56:46.817: E/.apps.messagin(18529): Not starting debugger since process cannot load the jdwp agent.
11-16 08:56:46.817: D/BoundBrokerSvc(13100): onBind: Intent { act=com.google.android.gms.common.BIND_SHARED_PREFS pkg=com.google.android.gms }
11-16 08:56:46.817: D/BoundBrokerSvc(13100): Loading bound service for intent: Intent { act=com.google.android.gms.common.BIND_SHARED_PREFS pkg=com.google.android.gms }
11-16 08:56:46.819: I/Finsky(18331): [2] owk.d(2): Frosting ID looked up on UI thread. Caller should move to a background thread.
11-16 08:56:46.819: E/VvmPkgInstalledRcvr(3785): cannot create TelephonyManager from ComponentInfo{com.android.phone/com.android.services.telephony.TelephonyConnectionService}, ***, UserHandle{0}
11-16 08:56:46.820: D/CarrierConfigLoader(3785): mHandler: 9 phoneId: 0
11-16 08:56:46.840: I/Finsky(18331): [2] amas.a(3): Do not start WearSupportService due to Wear service optimization
11-16 08:56:46.841: I/Finsky(18331): [2] amas.a(3): Do not start WearSupportService due to Wear service optimization
11-16 08:56:46.847: I/Finsky(18331): [2] aeak.a(8): Clearing split related stale data.
11-16 08:56:46.848: I/id.partnersetu(17990): Waiting for a blocking GC ProfileSaver
11-16 08:56:46.857: D/BoundBrokerSvc(13100): onUnbind: Intent { act=com.google.android.gms.common.BIND_SHARED_PREFS pkg=com.google.android.gms }
11-16 08:56:46.865: W/ChimeraUtils(10485): Module com.google.android.gms.nearby_en has empty metadata display_name_string_id
11-16 08:56:46.871: I/.apps.messagin(18529): The ClassLoaderContext is a special shared library.
11-16 08:56:46.876: I/Finsky(18331): [2] owk.d(2): Frosting ID looked up on UI thread. Caller should move to a background thread.
11-16 08:56:46.881: I/id.partnersetu(17990): WaitForGcToComplete blocked ProfileSaver on HeapTrim for 33.186ms
11-16 08:56:46.889: W/ChimeraUtils(10485): Module com.google.android.gms.nearby_en has empty metadata display_name_string_id
11-16 08:56:46.890: W/ChimeraUtils(10485): Module com.google.android.gms.nearby_en has empty metadata display_name_string_id
11-16 08:56:46.919: I/Finsky(18331): [181] qnc.run(7): Installer: Installer starting.
11-16 08:56:46.919: I/system_server(1151): Background concurrent copying GC freed 100360(4MB) AllocSpace objects, 60(2MB) LOS objects, 42% free, 17MB/31MB, paused 51us total 173.787ms
11-16 08:56:46.920: I/Finsky(18331): [181] qnc.run(20): Installer: Installer started.
