11-16 08:56:49.537: E/AsyncOperation(10948): operation=CommitToConfigurationOperationCall, opStatusCode=29501 [CONTEXT service_id=51 ]
11-16 08:56:49.537: E/AsyncOperation(10948): OperationException[Status{statusCode=Stale snapshot (change count changed - expected 3  but was 1), resolution=null}]
11-16 08:56:49.537: E/AsyncOperation(10948): 	at akgg.d(:com.google.android.gms@213614028@21.36.14 (100400-395708125):6)
11-16 08:56:49.537: E/AsyncOperation(10948): 	at akgg.f(:com.google.android.gms@213614028@21.36.14 (100400-395708125):2)
11-16 08:56:49.537: E/AsyncOperation(10948): 	at xna.run(:com.google.android.gms@213614028@21.36.14 (100400-395708125):17)
11-16 08:56:49.537: E/AsyncOperation(10948): 	at bfyg.run(:com.google.android.gms@213614028@21.36.14 (100400-395708125):2)
11-16 08:56:49.537: E/AsyncOperation(10948): 	at rgh.c(:com.google.android.gms@213614028@21.36.14 (100400-395708125):6)
11-16 08:56:49.537: E/AsyncOperation(10948): 	at rgh.run(:com.google.android.gms@213614028@21.36.14 (100400-395708125):7)
11-16 08:56:49.537: E/AsyncOperation(10948): 	at java.util.concurrent.ThreadPoolExecutor.runWorker(ThreadPoolExecutor.java:1167)
11-16 08:56:49.537: E/AsyncOperation(10948): 	at java.util.concurrent.ThreadPoolExecutor$Worker.run(ThreadPoolExecutor.java:641)
11-16 08:56:49.537: E/AsyncOperation(10948): 	at rkn.run(:com.google.android.gms@213614028@21.36.14 (100400-395708125):0)
11-16 08:56:49.537: E/AsyncOperation(10948): 	at java.lang.Thread.run(Thread.java:764)
11-16 08:56:49.538: E/MendelPackageState(16500): Failed to commit to config
11-16 08:56:49.538: E/MendelPackageState(16500): fct: 29501: Stale snapshot (change count changed - expected 3  but was 1)
11-16 08:56:49.538: E/MendelPackageState(16500): 	at fhj.a(PG:4)
11-16 08:56:49.538: E/MendelPackageState(16500): 	at fhj.a(PG:1)
11-16 08:56:49.538: E/MendelPackageState(16500): 	at fss.e(PG:6)
11-16 08:56:49.538: E/MendelPackageState(16500): 	at fsx.a(PG:34)
11-16 08:56:49.538: E/MendelPackageState(16500): 	at bdt.onTransact(PG:4)
11-16 08:56:49.538: E/MendelPackageState(16500): 	at android.os.Binder.execTransact(Binder.java:731)
11-16 08:56:49.558: I/EventLogSendingHelper(10061): Sending log events.
11-16 08:56:49.796: I/ActivityManager(1193): Killing 10216:com.google.android.apps.messaging:rcs/u0a111 (adj 1001): empty #17
11-16 08:56:49.796: W/libprocessgroup(1193): kill(-10216, 9) failed: No such process
11-16 08:56:49.804: D/QSEECOMAPI(16465): QSEECom_get_handle sb_length = 0x400
11-16 08:56:49.804: D/QSEECOMAPI(16465): App is already loaded QSEE and app id = 1
11-16 08:56:49.806: E/s:nonpersisten(16541): Not starting debugger since process cannot load the jdwp agent.
11-16 08:56:49.807: E/fpc_tac(16465): qsee_km_get_encapsulated_key KEYMASTER_GET_AUTH_TOKEN_KEY returned status=-24
11-16 08:56:49.807: D/QSEECOMAPI(16465): QSEECom_dealloc_memory 
11-16 08:56:49.807: D/QSEECOMAPI(16465): QSEECom_shutdown_app, app_id = 1
11-16 08:56:49.807: E/fpc_fingerprint_hal(16465): fpc_hal_open failed
11-16 08:56:49.807: I/ActivityManager(1193): Start proc 16541:com.google.android.as:nonpersistent/u0a43 for broadcast com.google.android.as/com.google.android.apps.miphone.aiai.allapps.broadcastreceiver.SystemBroadcastReceiver
11-16 08:56:49.808: W/libprocessgroup(1193): kill(-10216, 9) failed: No such process
11-16 08:56:49.809: I/EventHub(1193): Removing device '/dev/input/event3' due to inotify event
11-16 08:56:49.809: I/EventHub(1193): Removed device: path=/dev/input/event3 name=uinput-fpc id=123 fd=257 classes=0x101
11-16 08:56:49.809: W/EventHub(1193): built-in keyboard device /dev/input/event3 (id=123) is closing! the apps will not like this
11-16 08:56:49.811: W/InputReader(1193): Ignoring spurious device removed event for deviceId 123.
11-16 08:56:49.817: W/libprocessgroup(1193): kill(-10216, 9) failed: No such process
11-16 08:56:49.827: D/QSEECOMAPI(16465): QSEECom_dealloc_memory 
11-16 08:56:49.827: D/QSEECOMAPI(16465): QSEECom_shutdown_app, app_id = 123
11-16 08:56:49.833: D/ConnectivityService(1193): ConnectivityService NetworkRequestInfo binderDied(NetworkRequest [ TRACK_DEFAULT id=28, [ Capabilities: INTERNET&NOT_RESTRICTED&TRUSTED Unwanted:  Uid: 10111] ], android.os.BinderProxy@8bb15c6)
11-16 08:56:49.833: D/ConnectivityService(1193): releasing NetworkRequest [ TRACK_DEFAULT id=28, [ Capabilities: INTERNET&NOT_RESTRICTED&TRUSTED Unwanted:  Uid: 10111] ] (release request)
11-16 08:56:49.835: W/ActivityManager(1193): Scheduling restart of crashed service com.google.android.apps.messaging/com.google.android.ims.service.JibeService in 1000ms
11-16 08:56:49.835: I/Zygote(735): Process 10216 exited due to signal (9)
11-16 08:56:49.845: W/libprocessgroup(1193): kill(-10216, 9) failed: No such process
11-16 08:56:49.845: I/libprocessgroup(1193): Successfully killed process cgroup uid 10111 pid 10216 in 49ms
11-16 08:56:49.854: I/cr_CronetLibraryLoader(16541): Cronet version: 68.0.3430.2, arch: armv8l
11-16 08:56:49.865: I/AiAi(16541): AiAi onCreate, isDebug: false
11-16 08:56:49.873: I/AiAiMatchmaker(16541): Install SilentFeedback Handler: true
11-16 08:56:49.880: I/ActivityManager(1193): Killing 10055:com.google.android.ims/u0a25 (adj 906): empty #17
11-16 08:56:49.880: W/libprocessgroup(1193): kill(-10055, 9) failed: No such process
11-16 08:56:49.891: I/ActivityManager(1193): Start proc 16572:com.google.android.calendar/u0a124 for broadcast com.google.android.calendar/com.android.calendar.widget.CalendarAppWidgetProvider
11-16 08:56:49.894: E/ndroid.calenda(16572): Not starting debugger since process cannot load the jdwp agent.
11-16 08:56:49.903: I/Zygote(735): Process 10055 exited due to signal (9)
11-16 08:56:49.904: D/ConnectivityService(1193): ConnectivityService NetworkRequestInfo binderDied(NetworkRequest [ TRACK_DEFAULT id=25, [ Capabilities: INTERNET&NOT_RESTRICTED&TRUSTED Unwanted:  Uid: 10025] ], android.os.BinderProxy@55a7c76)
11-16 08:56:49.904: D/ConnectivityService(1193): releasing NetworkRequest [ TRACK_DEFAULT id=25, [ Capabilities: INTERNET&NOT_RESTRICTED&TRUSTED Unwanted:  Uid: 10025] ] (release request)
11-16 08:56:49.911: I/ndroid.calenda(16572): The ClassLoaderContext is a special shared library.
11-16 08:56:49.916: W/libprocessgroup(1193): kill(-10055, 9) failed: No such process
11-16 08:56:49.916: I/libprocessgroup(1193): Successfully killed process cgroup uid 10025 pid 10055 in 35ms
11-16 08:56:50.184: W/.apps.wellbein(16500): Unknown chunk type '200'.
11-16 08:56:50.549: I/ActivityManager(1193): Start proc 16593:com.android.providers.calendar/u0a44 for content provider com.android.providers.calendar/.CalendarProvider2
11-16 08:56:50.550: E/viders.calenda(16593): Not starting debugger since process cannot load the jdwp agent.
11-16 08:56:50.567: W/Primes(16572): Primes not initialized, returning default (no-op) Primes instance which will ignore all calls. Please call Primes.initialize(...) before using any Primes API.
11-16 08:56:50.577: W/PrimesInit(16572): Primes instant initialization
11-16 08:56:50.578: W/Primes(16572): background initialization
11-16 08:56:50.595: I/CalendarProvider2(16593): Created com.android.providers.calendar.CalendarAlarmManager@e02fb26(com.android.providers.calendar.CalendarProvider2@52eb367)
11-16 08:56:50.628: I/ActivityManager(1193): Start proc 16630:com.google.android.configupdater/u0a29 for service com.google.android.configupdater/.MainJobService
11-16 08:56:50.634: E/d.configupdate(16630): Not starting debugger since process cannot load the jdwp agent.
11-16 08:56:50.657: I/d.configupdate(16630): The ClassLoaderContext is a special shared library.
11-16 08:56:50.687: I/ActivityManager(1193): Killing 15717:com.google.android.partnersetup/u0a49 (adj 906): empty #17
11-16 08:56:50.688: W/libprocessgroup(1193): kill(-15717, 9) failed: No such process
11-16 08:56:50.702: I/Zygote(735): Process 15717 exited due to signal (9)
11-16 08:56:50.706: W/libprocessgroup(1193): kill(-15717, 9) failed: No such process
11-16 08:56:50.706: I/libprocessgroup(1193): Successfully killed process cgroup uid 10049 pid 15717 in 17ms
11-16 08:56:50.721: I/ActivityManager(1193): Start proc 16669:com.google.android.contacts/u0a90 for broadcast com.google.android.contacts/com.google.android.apps.contacts.receiver.LocaleChangeReceiver
11-16 08:56:50.725: E/ndroid.contact(16669): Not starting debugger since process cannot load the jdwp agent.
11-16 08:56:50.748: I/ndroid.contact(16669): The ClassLoaderContext is a special shared library.
11-16 08:56:50.760: E/Backup(14293): [BackupTransportMigratorChimeraService] Could not migrate transport!
11-16 08:56:50.761: I/Backup(14293): [BackupTransportMigratorChimeraService] Starting migration...
11-16 08:56:50.785: I/a.x.s.s.a.AndroidDataba(16572): Obtained writable database SQLiteDatabase/46910085 instance with path /data/user/0/com.google.android.calendar/databases/cal_v2a
11-16 08:56:50.794: I/a.x.s.s.MigrationRunner(16572): Table xplat_schema_version not found. Falling back to no version.
11-16 08:56:50.803: W/GrowthKit(16572): Failed to get phenotypeManager in PhenotypeBroadcastReceiver
11-16 08:56:50.803: W/GrowthKit(16572): java.lang.NullPointerException: Unable to get GrowthKit Component from host app.
11-16 08:56:50.803: W/GrowthKit(16572): 	at com.google.android.libraries.internal.growth.growthkit.inject.GrowthKit.get(GrowthKit.java:43)
11-16 08:56:50.803: W/GrowthKit(16572): 	at com.google.android.libraries.internal.growth.growthkit.internal.experiments.impl.PhenotypeBroadcastReceiver.onReceive(PhenotypeBroadcastReceiver.java:25)
11-16 08:56:50.803: W/GrowthKit(16572): 	at android.app.ActivityThread.handleReceiver(ActivityThread.java:3417)
11-16 08:56:50.803: W/GrowthKit(16572): 	at android.app.ActivityThread.access$1200(ActivityThread.java:200)
11-16 08:56:50.803: W/GrowthKit(16572): 	at android.app.ActivityThread$H.handleMessage(ActivityThread.java:1667)
11-16 08:56:50.803: W/GrowthKit(16572): 	at android.os.Handler.dispatchMessage(Handler.java:106)
11-16 08:56:50.803: W/GrowthKit(16572): 	at android.os.Looper.loop(Looper.java:193)
11-16 08:56:50.803: W/GrowthKit(16572): 	at android.app.ActivityThread.main(ActivityThread.java:6718)
11-16 08:56:50.803: W/GrowthKit(16572): 	at java.lang.reflect.Method.invoke(Native Method)
11-16 08:56:50.803: W/GrowthKit(16572): 	at com.android.internal.os.RuntimeInit$MethodAndArgsCaller.run(RuntimeInit.java:493)
11-16 08:56:50.803: W/GrowthKit(16572): 	at com.android.internal.os.ZygoteInit.main(ZygoteInit.java:858)
11-16 08:56:50.806: I/a.x.s.s.MigrationRunner(16572): The schema version is 13, the database version is 0, and there are 18 migrations
11-16 08:56:50.815: I/a.x.s.s.SqliteMigration(16572): SqlDropAllTablesMigration is dropping tables in this order: []
11-16 08:56:50.845: I/ActivityManager(1193): Killing 15698:com.google.process.gapps/u0a7 (adj 906): empty #17
11-16 08:56:50.846: W/libprocessgroup(1193): kill(-15698, 9) failed: No such process
11-16 08:56:50.859: I/Zygote(735): Process 15698 exited due to signal (9)
11-16 08:56:50.876: W/libprocessgroup(1193): kill(-15698, 9) failed: No such process
11-16 08:56:50.876: I/libprocessgroup(1193): Successfully killed process cgroup uid 10007 pid 15698 in 30ms
11-16 08:56:50.989: W/PrimesInit(16669): Primes instant initialization
11-16 08:56:50.992: W/Primes(16669): background initialization
11-16 08:56:50.995: I/ActivityManager(1193): Killing 15741:com.google.intelligence.sense/u0a31 (adj 906): empty #17
11-16 08:56:50.996: W/libprocessgroup(1193): kill(-15741, 9) failed: No such process
11-16 08:56:51.008: I/ActivityManager(1193): Start proc 16736:com.google.android.deskclock/u0a119 for broadcast com.google.android.deskclock/com.android.deskclock.AlarmInitReceiver
11-16 08:56:51.008: W/libprocessgroup(1193): kill(-15741, 9) failed: No such process
11-16 08:56:51.011: I/Zygote(735): Process 15741 exited due to signal (9)
11-16 08:56:51.012: E/droid.deskcloc(16736): Not starting debugger since process cannot load the jdwp agent.
11-16 08:56:51.013: D/ActivityManager(1193): Raise procstate to external provider: ProcessRecord{a79c210 16008:android.process.acore/u0a42}
11-16 08:56:51.015: W/Binder(1193): Outgoing transactions from this process must be FLAG_ONEWAY
11-16 08:56:51.015: W/Binder(1193): java.lang.Throwable
11-16 08:56:51.015: W/Binder(1193): 	at android.os.BinderProxy.transact(Binder.java:1116)
11-16 08:56:51.015: W/Binder(1193): 	at android.content.ContentProviderProxy.getType(ContentProviderNative.java:451)
11-16 08:56:51.015: W/Binder(1193): 	at com.android.server.am.ActivityManagerService.getProviderMimeType(ActivityManagerService.java:13091)
11-16 08:56:51.015: W/Binder(1193): 	at android.app.IActivityManager$Stub.onTransact(IActivityManager.java:1417)
11-16 08:56:51.015: W/Binder(1193): 	at com.android.server.am.ActivityManagerService.onTransact(ActivityManagerService.java:3297)
11-16 08:56:51.015: W/Binder(1193): 	at android.os.Binder.execTransact(Binder.java:731)
11-16 08:56:51.021: W/libprocessgroup(1193): kill(-15741, 9) failed: No such process
11-16 08:56:51.021: I/libprocessgroup(1193): Successfully killed process cgroup uid 10031 pid 15741 in 25ms
11-16 08:56:51.024: I/droid.deskcloc(16736): The ClassLoaderContext is a special shared library.
11-16 08:56:51.133: W/PrimesInit(16736): Primes instant initialization
11-16 08:56:51.134: W/Primes(16736): background initialization
11-16 08:56:51.143: I/GAv4(16736): Google Analytics 18.5.89 is starting up. To enable debug logging on a device run:
11-16 08:56:51.143: I/GAv4(16736):   adb shell setprop log.tag.GAv4 DEBUG
11-16 08:56:51.143: I/GAv4(16736):   adb logcat -s GAv4
11-16 08:56:51.149: I/FontLog(10948): Received query Google Sans:500, URI content://com.google.android.gms.fonts [CONTEXT service_id=132 ]
11-16 08:56:51.149: I/FontLog(10948): Query [Google Sans:500] resolved to {Google Sans, wdth 100.0, wght 500, ital 0.0, bestEffort false} [CONTEXT service_id=132 ]
11-16 08:56:51.153: I/FontLog(10948): Font PFD returned from cache for {Google Sans, wdth 100.0, wght 500, ital 0.0, bestEffort false} [CONTEXT service_id=132 ]
11-16 08:56:51.153: I/FontLog(10948): Fetch {Google Sans, wdth 100.0, wght 500, ital 0.0, bestEffort false} end status Status{statusCode=SUCCESS, resolution=null} [CONTEXT service_id=132 ]
11-16 08:56:51.160: I/FontLog(10948): Pulling font file for id = 7, cache size = 6 [CONTEXT service_id=132 ]
11-16 08:56:51.168: I/FontLog(10948): Received query Google Sans, URI content://com.google.android.gms.fonts [CONTEXT service_id=132 ]
11-16 08:56:51.168: W/GAv4(16736): AnalyticsReceiver is not registered or is disabled. Register the receiver for reliable dispatching on non-Google Play devices. See http://goo.gl/8Rd3yj for instructions.
11-16 08:56:51.169: I/FontLog(10948): Query [Google Sans] resolved to {Google Sans, wdth 100.0, wght 400, ital 0.0, bestEffort false} [CONTEXT service_id=132 ]
11-16 08:56:51.169: W/GAv4(16736): CampaignTrackingReceiver is not registered, not exported or is disabled. Installation campaign tracking is not possible. See http://goo.gl/8Rd3yj for instructions.
11-16 08:56:51.170: W/GAv4(16736): AnalyticsService not registered in the app manifest. Hits might not be delivered reliably. See http://goo.gl/8Rd3yj for instructions.
11-16 08:56:51.173: I/FontLog(10948): Font PFD returned from cache for {Google Sans, wdth 100.0, wght 400, ital 0.0, bestEffort false} [CONTEXT service_id=132 ]
11-16 08:56:51.174: I/FontLog(10948): Fetch {Google Sans, wdth 100.0, wght 400, ital 0.0, bestEffort false} end status Status{statusCode=SUCCESS, resolution=null} [CONTEXT service_id=132 ]
11-16 08:56:51.175: I/PrimesTesting(16736): GserviceFlagsSupplier.get()
11-16 08:56:51.180: I/FontLog(10948): Pulling font file for id = 8, cache size = 7 [CONTEXT service_id=132 ]
11-16 08:56:51.183: I/AlarmClock(16736): AlarmInitReceiver android.intent.action.LOCALE_CHANGED
11-16 08:56:51.195: I/AlarmClock(16736): DigitalAppWidgetProvider processing Intent { act=android.intent.action.LOCALE_CHANGED flg=0x11200010 cmp=com.google.android.deskclock/com.android.alarmclock.DigitalAppWidgetProvider }
11-16 08:56:51.206: I/ActivityManager(1193): Killing 15593:com.google.android.gmscore.testing.testsupport/u0a170 (adj 906): empty #17
11-16 08:56:51.206: W/libprocessgroup(1193): kill(-15593, 9) failed: No such process
11-16 08:56:51.216: E/.android.diale(16778): Not starting debugger since process cannot load the jdwp agent.
11-16 08:56:51.217: I/ActivityManager(1193): Start proc 16778:com.google.android.dialer/u0a64 for broadcast com.google.android.dialer/com.android.dialer.notification.channel.NotificationChannelUpdateReceiver
11-16 08:56:51.231: W/libprocessgroup(1193): kill(-15593, 9) failed: No such process
11-16 08:56:51.237: I/.android.diale(16778): The ClassLoaderContext is a special shared library.
11-16 08:56:51.238: I/.android.diale(16778): The ClassLoaderContext is a special shared library.
11-16 08:56:51.241: I/Zygote(735): Process 15593 exited due to signal (9)
11-16 08:56:51.241: D/BoundBrokerSvc(14293): onUnbind: Intent { act=com.google.android.gms.testsupport.service.START pkg=com.google.android.gms }
11-16 08:56:51.247: I/ActivityManager(1193): Killing 15886:com.android.carrierdefaultapp/u0a84 (adj 906): empty #17
11-16 08:56:51.271: I/Zygote(735): Process 15886 exited due to signal (9)
11-16 08:56:51.274: W/libprocessgroup(1193): kill(-15593, 9) failed: No such process
11-16 08:56:51.274: I/libprocessgroup(1193): Successfully killed process cgroup uid 10170 pid 15593 in 67ms
11-16 08:56:51.274: W/libprocessgroup(1193): kill(-15886, 9) failed: No such process
11-16 08:56:51.274: I/libprocessgroup(1193): Successfully killed process cgroup uid 10084 pid 15886 in 0ms
11-16 08:56:51.288: I/PrimesTesting(16669): GserviceFlagsSupplier.get()
11-16 08:56:51.292: I/GAv4-SVC(14293): Google Analytics 213.6.14 is starting up.
11-16 08:56:51.509: I/Dialer(16778): DuoModule.provideDuo - enabled, returning impl
11-16 08:56:51.582: D/BoundBrokerSvc(14293): onBind: Intent { act=com.google.android.gms.telephonyspam.service.START pkg=com.google.android.gms }
11-16 08:56:51.582: D/BoundBrokerSvc(14293): Loading bound service for intent: Intent { act=com.google.android.gms.telephonyspam.service.START pkg=com.google.android.gms }
11-16 08:56:51.595: D/BoundBrokerSvc(14293): onBind: Intent { act=com.google.android.gms.auth.service.START pkg=com.google.android.gms }
11-16 08:56:51.595: D/BoundBrokerSvc(14293): Loading bound service for intent: Intent { act=com.google.android.gms.auth.service.START pkg=com.google.android.gms }
11-16 08:56:51.635: I/Dialer(16778): ClearcutMetricsInitializer.initialize - enter
11-16 08:56:51.643: W/PrimesInit(16778): Primes instant initialization
11-16 08:56:51.644: I/Dialer(16778): ClearcutMetricsInitializer.initialize - primes metrics monitoring started!
11-16 08:56:51.644: W/Primes(16778): background initialization
11-16 08:56:51.644: I/Dialer(16778): PrimesMetrics.startTimer - Application.onCreate is empty
11-16 08:56:51.657: D/wifi-jni(1193): no kernel logs
11-16 08:56:51.656: W/Binder:1193_B(1193): type=1400 audit(0.0:232): avc: denied { syslog_read } for scontext=u:r:system_server:s0 tcontext=u:r:kernel:s0 tclass=system permissive=0
11-16 08:56:51.665: I/Dialer(16778): DialerExecutorModule.newThread - creating low priority thread
11-16 08:56:51.666: I/PrimesTesting(16778): GserviceFlagsSupplier.get()
11-16 08:56:51.668: I/Dialer(16778): DialerExecutorModule.newThread - creating low priority thread
11-16 08:56:51.675: I/Dialer(16778): DialerExecutorModule.newThread - creating low priority thread
11-16 08:56:51.679: I/Dialer(16778): CallLogFramework.registerContentObserversAndRefreshReceiver - enter
11-16 08:56:51.680: I/Dialer(16778): SystemCallLogDataSource.registerContentObservers - enter
11-16 08:56:51.681: I/Dialer(16778): CallLogConfigImpl.schedulePollingJob - scheduling
11-16 08:56:51.685: I/Dialer(16778): RefreshAnnotatedCallLogNotifier.notify - checkDirty=true
11-16 08:56:51.697: I/Dialer(16778): NonUiTaskBuilder.newThread - creating serial thread
11-16 08:56:51.699: I/Dialer(16778): DialerExecutorModule.newThread - creating low priority thread
11-16 08:56:51.700: I/Dialer(16778): ShortcutsJobScheduler.scheduleAllJobs - enter
11-16 08:56:51.704: I/Dialer(16778): ShortcutsJobScheduler.scheduleAllJobs - enabling shortcuts
11-16 08:56:51.705: I/Dialer(16778): PeriodicJobService.schedulePeriodicJob - enter
11-16 08:56:51.705: I/Dialer(16778): PeriodicJobService.schedulePeriodicJob - job already scheduled.
11-16 08:56:51.719: I/Dialer(16778): NotificationChannelUpdateReceiver.onReceive - updateChannels
11-16 08:56:51.729: I/Dialer(16778): RefreshAnnotatedCallLogReceiver.onReceive - enter
11-16 08:56:51.729: I/Dialer(16778): RefreshAnnotatedCallLogReceiver.refreshAnnotatedCallLog - enter
11-16 08:56:51.729: I/Dialer(16778): RefreshAnnotatedCallLogReceiver.refreshAnnotatedCallLog - start refreshing, checkDirty=true
11-16 08:56:51.729: I/Dialer(16778): RefreshAnnotatedCallLogWorker.refresh - submitting serialized refresh request
11-16 08:56:51.731: I/ActivityManager(1193): Killing 15907:com.android.cellbroadcastreceiver/u0a62 (adj 906): empty #17
11-16 08:56:51.732: W/libprocessgroup(1193): kill(-15907, 9) failed: No such process
11-16 08:56:51.741: I/Dialer(16778): DialerExecutorModule.newThread - creating low priority thread
11-16 08:56:51.745: I/Dialer(16778): RefreshAnnotatedCallLogWorker.checkDirtyAndRebuildIfNecessary - starting refresh flow
11-16 08:56:51.754: I/ActivityManager(1193): Start proc 16872:com.google.android.gm/u0a100 for broadcast com.google.android.gm/.MailIntentReceiver
11-16 08:56:51.761: E/ogle.android.g(16872): Not starting debugger since process cannot load the jdwp agent.
11-16 08:56:51.764: E/kvw(16778): RuntimeException while executing runnable bxg@1c50c5b with executor MoreExecutors.directExecutor()
11-16 08:56:51.764: E/kvw(16778): java.util.concurrent.CancellationException: Task was cancelled.
11-16 08:56:51.764: E/kvw(16778): 	at kvw.b(PG:2)
11-16 08:56:51.764: E/kvw(16778): 	at kvw.get(PG:2)
11-16 08:56:51.764: E/kvw(16778): 	at kzp.a(PG:3)
11-16 08:56:51.764: E/kvw(16778): 	at kyu.a(PG:15)
11-16 08:56:51.764: E/kvw(16778): 	at bxg.run(PG:2)
11-16 08:56:51.764: E/kvw(16778): 	at kxm.execute(Unknown Source:0)
11-16 08:56:51.764: E/kvw(16778): 	at kvw.b(PG:24)
11-16 08:56:51.764: E/kvw(16778): 	at kvw.a(PG:15)
11-16 08:56:51.764: E/kvw(16778): 	at kvw.cancel(PG:8)
11-16 08:56:51.764: E/kvw(16778): 	at bxi.a(PG:4)
11-16 08:56:51.764: E/kvw(16778): 	at kvw.a(PG:7)
11-16 08:56:51.764: E/kvw(16778): 	at kvw.cancel(PG:8)
11-16 08:56:51.764: E/kvw(16778): 	at bxi.a(PG:4)
11-16 08:56:51.764: E/kvw(16778): 	at kvw.a(PG:7)
11-16 08:56:51.764: E/kvw(16778): 	at kvw.a(PG:40)
11-16 08:56:51.764: E/kvw(16778): 	at bxf.a(PG:1)
11-16 08:56:51.764: E/kvw(16778): 	at bxg.run(PG:5)
11-16 08:56:51.764: E/kvw(16778): 	at kxm.execute(Unknown Source:0)
11-16 08:56:51.764: E/kvw(16778): 	at kvw.b(PG:24)
11-16 08:56:51.764: E/kvw(16778): 	at kvw.a(PG:15)
11-16 08:56:51.764: E/kvw(16778): 	at kvw.a(PG:40)
11-16 08:56:51.764: E/kvw(16778): 	at kzn.a(PG:2)
11-16 08:56:51.764: E/kvw(16778): 	at kyl.run(PG:14)
11-16 08:56:51.764: E/kvw(16778): 	at kzl.run(PG:2)
11-16 08:56:51.764: E/kvw(16778): 	at java.util.concurrent.ThreadPoolExecutor.runWorker(ThreadPoolExecutor.java:1167)
11-16 08:56:51.764: E/kvw(16778): 	at java.util.concurrent.ThreadPoolExecutor$Worker.run(ThreadPoolExecutor.java:641)
11-16 08:56:51.764: E/kvw(16778): 	at java.lang.Thread.run(Thread.java:764)
11-16 08:56:51.764: I/Zygote(735): Process 15907 exited due to signal (9)
11-16 08:56:51.765: E/kvw(16778): RuntimeException while executing runnable bxg@9be1337 with executor MoreExecutors.directExecutor()
11-16 08:56:51.765: E/kvw(16778): java.util.concurrent.CancellationException: Task was cancelled.
11-16 08:56:51.765: E/kvw(16778): 	at kvw.b(PG:2)
11-16 08:56:51.765: E/kvw(16778): 	at kvw.get(PG:2)
11-16 08:56:51.765: E/kvw(16778): 	at kzp.a(PG:3)
11-16 08:56:51.765: E/kvw(16778): 	at kyu.a(PG:15)
11-16 08:56:51.765: E/kvw(16778): 	at bxg.run(PG:2)
11-16 08:56:51.765: E/kvw(16778): 	at kxm.execute(Unknown Source:0)
11-16 08:56:51.765: E/kvw(16778): 	at kvw.b(PG:24)
11-16 08:56:51.765: E/kvw(16778): 	at kvw.a(PG:15)
11-16 08:56:51.765: E/kvw(16778): 	at kvw.cancel(PG:8)
11-16 08:56:51.765: E/kvw(16778): 	at bxi.a(PG:4)
11-16 08:56:51.765: E/kvw(16778): 	at kvw.a(PG:7)
11-16 08:56:51.765: E/kvw(16778): 	at kvw.cancel(PG:8)
11-16 08:56:51.765: E/kvw(16778): 	at bxi.a(PG:4)
11-16 08:56:51.765: E/kvw(16778): 	at kvw.a(PG:7)
11-16 08:56:51.765: E/kvw(16778): 	at kvw.a(PG:40)
11-16 08:56:51.765: E/kvw(16778): 	at bxf.a(PG:1)
11-16 08:56:51.765: E/kvw(16778): 	at bxg.run(PG:5)
11-16 08:56:51.765: E/kvw(16778): 	at kxm.execute(Unknown Source:0)
11-16 08:56:51.765: E/kvw(16778): 	at kvw.b(PG:24)
11-16 08:56:51.765: E/kvw(16778): 	at kvw.a(PG:15)
11-16 08:56:51.765: E/kvw(16778): 	at kvw.a(PG:40)
11-16 08:56:51.765: E/kvw(16778): 	at kzn.a(PG:2)
11-16 08:56:51.765: E/kvw(16778): 	at kyl.run(PG:14)
11-16 08:56:51.765: E/kvw(16778): 	at kzl.run(PG:2)
11-16 08:56:51.765: E/kvw(16778): 	at java.util.concurrent.ThreadPoolExecutor.runWorker(ThreadPoolExecutor.java:1167)
11-16 08:56:51.765: E/kvw(16778): 	at java.util.concurrent.ThreadPoolExecutor$Worker.run(ThreadPoolExecutor.java:641)
11-16 08:56:51.765: E/kvw(16778): 	at java.lang.Thread.run(Thread.java:764)
11-16 08:56:51.766: I/Dialer(16778): RefreshAnnotatedCallLogWorker.checkDirtyAndRebuildIfNecessary - isDirty: true
11-16 08:56:51.778: W/libprocessgroup(1193): kill(-15907, 9) failed: No such process
11-16 08:56:51.778: I/libprocessgroup(1193): Successfully killed process cgroup uid 10062 pid 15907 in 46ms
11-16 08:56:51.788: I/ogle.android.g(16872): The ClassLoaderContext is a special shared library.
11-16 08:56:51.800: I/Dialer(16778): PhoneLookupHistoryDatabaseHelper.onCreate - enter
11-16 08:56:51.802: I/Dialer(16778): PhoneLookupHistoryDatabaseHelper.onCreate - took: 1ms
11-16 08:56:51.811: I/Dialer(16778): SystemCallLogDataSource.fill - found 0 existing annotated call log ids
11-16 08:56:51.813: W/ip(16892): type=1400 audit(0.0:233): avc: denied { search } for name="net" dev="sda21" ino=4378 scontext=u:r:shell:s0 tcontext=u:object_r:net_data_file:s0 tclass=dir permissive=0
11-16 08:56:51.863: I/Dialer(16778): Flags.register - phenotype register status: true
11-16 08:56:51.877: I/Dialer(16778): SystemCallLogDataSource.handleInsertsAndUpdatesInternal - no results for CALL_IN_DIRECT_BOOT_MODE
11-16 08:56:51.877: I/Dialer(16778): SystemCallLogDataSource.handleInsertsAndUpdatesInternal - no results for REGULAR_CALL
11-16 08:56:51.881: I/Dialer(16778): SystemCallLogDataSource.handleDeletes - found 0 call log entries to remove
11-16 08:56:51.902: E/WifiHAL(780): wifi_get_ring_data: Error -5 happened. 
11-16 08:56:51.903: E/WifiVendorHal(1193): getRingBufferData(l.2057) failed {.code = ERROR_INVALID_ARGS, .description = }
11-16 08:56:51.903: I/Dialer(16778): SystemBlockedNumberPhoneLookup.getMostRecentPhoneLookupInfo - enter
11-16 08:56:51.910: I/Dialer(16778): Flags.register - commit succeeded: true
11-16 08:56:51.919: W/Binder:1193_1(1193): type=1400 audit(0.0:234): avc: denied { syslog_read } for scontext=u:r:system_server:s0 tcontext=u:r:kernel:s0 tclass=system permissive=0
11-16 08:56:51.921: D/wifi-jni(1193): no kernel logs
11-16 08:56:51.973: I/Dialer(16778): SpamCallDataSource.fill - enter
11-16 08:56:51.973: I/Dialer(16778): SpamCallDataSource.handleInserts - enter
11-16 08:56:51.978: I/Dialer(16778): ConversationHistoryCoalescer.coalesce - enter
11-16 08:56:51.978: I/Dialer(16778): AnnotatedCallLogCoalescer.coalesce - enter
11-16 08:56:51.978: I/Dialer(16778): AnnotatedCallLogCoalescer.coalesceWithSelection - enter
11-16 08:56:51.979: I/Dialer(16778): ConversationHistoryCoalescer.coalesce - conversation history disabled
11-16 08:56:51.981: I/Dialer(16778): AnnotatedCallLogCoalescer.coalesceWithSelection - enter
11-16 08:56:51.983: I/Dialer(16778): AnnotatedCallLogCoalescer.coalesceInternal - enter
11-16 08:56:51.984: I/Dialer(16778): AnnotatedCallLogCoalescer.coalesceInternal - enter
11-16 08:56:51.998: I/Dialer(16778): CoalescedRowsDao.saveToFileForMissedCalls - enter
11-16 08:56:52.000: I/Dialer(16778): CoalescedRowsDao.save - acquiring write lock
11-16 08:56:52.004: I/Dialer(16778): CoalescedRowsDao.saveToFileForAllCalls - enter
11-16 08:56:52.004: I/Dialer(16778): CoalescedRowsDao.save - start writing coalesced rows
11-16 08:56:52.005: I/Dialer(16778): CoalescedRowsDao.save - acquiring write lock
11-16 08:56:52.007: I/Dialer(16778): CoalescedRowsDao.save - start writing coalesced rows
11-16 08:56:52.010: I/Dialer(16778): CoalescedRowsDao.save - write lock released
11-16 08:56:52.011: I/Dialer(16778): CoalescedRowsDao.save - write lock released
11-16 08:56:52.012: I/Dialer(16778): CoalescedRowsUpdatedNotifier.notifyForCallLogAllCalls - enter
11-16 08:56:52.016: I/Dialer(16778): CoalescedRowsUpdatedNotifier.notifyForCallLogMissedCalls - enter
11-16 08:56:52.025: I/Dialer(16778): CallLogCacheUpdater.updateCache - updated 0 rows
11-16 08:56:52.058: E/WifiHAL(780): wifi_get_ring_data: Error -5 happened. 
11-16 08:56:52.058: E/WifiVendorHal(1193): getRingBufferData(l.2057) failed {.code = ERROR_INVALID_ARGS, .description = }
11-16 08:56:52.078: D/wifi-jni(1193): no kernel logs
11-16 08:56:52.076: W/Binder:1193_11(1193): type=1400 audit(0.0:235): avc: denied { syslog_read } for scontext=u:r:system_server:s0 tcontext=u:r:kernel:s0 tclass=system permissive=0
11-16 08:56:52.481: W/ComponentDiscovery(16872): Application info not found.
11-16 08:56:52.481: W/ComponentDiscovery(16872): Could not retrieve metadata, returning empty list of registrars.
11-16 08:56:52.519: W/PrimesInit(16872): Primes instant initialization
11-16 08:56:52.520: W/Primes(16872): background initialization
11-16 08:56:52.536: W/GAV2(16872): Thread[main,5,main]: Need to call initialize() and be in fallback mode to start dispatch.
11-16 08:56:52.547: I/PrimesTesting(16872): GserviceFlagsSupplier.get()
11-16 08:56:52.551: E/Gmail(16872): Gmail:TotalBandwidthLoggerRunner: Bandwidth Value was not valid: BandwidthValue{txBytes=-1, rxBytes=-1, txPackets=-1, rxPackets=-1, startTimeMs=0, endTimeMs=606852, connectivityType=TYPE_COMBINED, tag=TOTAL_APP_UID}
11-16 08:56:52.612: D/AndroidRuntime(16953): >>>>>> START com.android.internal.os.RuntimeInit uid 2000 <<<<<<
11-16 08:56:52.665: I/app_process(16953): The ClassLoaderContext is a special shared library.
11-16 08:56:52.669: W/Gmail(16872): AccountUtils:For b/73513912, load account content://com.android.gmail.ui/account.-2137146394 from MailAppProvider. Is account valid result: 1.
11-16 08:56:52.672: W/Gmail(16872): AccountUtils:For b/73513912, load account content://com.google.android.gm.email.provider/account.-437561172?suppress_combined%3Dtrue from MailAppProvider. Is account valid result: 1.
11-16 08:56:52.689: D/AndroidRuntime(16953): Calling main entry com.android.commands.am.Am
11-16 08:56:52.695: I/ActivityManager(1193): Force stopping androidx.testutils.runtime.test appid=10172 user=0: start instr
11-16 08:56:52.700: I/LocaleChangeIO(10948): No action required after switch to en [CONTEXT service_id=231 ]
11-16 08:56:52.718: I/ActivityManager(1193): Start proc 16995:androidx.testutils.runtime.test/u0a172 for added application androidx.testutils.runtime.test
11-16 08:56:52.723: I/LanguageSettingsHelper(10061): Removing enrollment utterances : Locale changed
11-16 08:56:52.724: E/UtteranceHandler(10061): Called deleteEnrollmentUtterances for null account
11-16 08:56:52.731: I/ls.runtime.tes(16995): Late-enabling -Xcheck:jni
11-16 08:56:52.753: I/OpaEnabledReceiver(3635): Dispatching OPA eligble = true; AGSA = true; OPA enabled = true
11-16 08:56:52.754: I/OpaLayout(3635): Setting opa enabled to true
11-16 08:56:52.754: I/OpaLayout(3635): Setting opa enabled to true
11-16 08:56:52.768: I/OpaEligibilityChecker(10061): send OpaEligibilityChange broadcast to CommonBroadcastReceiver
11-16 08:56:52.770: I/DefaultSticker(3625): Received android.intent.action.LOCALE_CHANGED broadcast from null
11-16 08:56:52.772: I/BgTaskExecutorImpl(10061): Starting EXCLUSIVE background task SEND_GSA_HOME_REQUEST.
11-16 08:56:52.773: I/HotwordHelper(10061): hasHotwordEverywhere-false
11-16 08:56:52.775: I/BgTaskExecutorImpl(10061): Starting EXCLUSIVE background task UPDATE_HOTWORD_MODELS.
11-16 08:56:52.776: W/KeyphraseEnrollmentInfo(4123): No enrollment application supports the given keyphrase/locale: 'Ok Google'/en
11-16 08:56:52.776: I/GsaVoiceInteractionSrv(4123): Creating AOHD: Keyphrase - Ok Google, Locale - en/en-GB
11-16 08:56:52.776: W/SoundTriggerHelper(1193): Attempting stopRecognition without a successful startRecognition
11-16 08:56:52.776: W/AlwaysOnHotwordDetector(4123): stopRecognition() failed with error code -2147483648
11-16 08:56:52.777: W/AlwaysOnHotwordDetector(4123): Received message: 1 for an invalid detector
11-16 08:56:52.777: I/FirebaseJobDispatcher(3625): Schedule task: DefaultStickerUpdate. Success.
11-16 08:56:52.777: I/DefaultStickerUpdate(3625): Scheduled update for locale=en, data=DefaultStickerTaskData{enabled=true, metadataUriPrefix=https://www.gstatic.com/android/keyboard/stickers/configs/v5/, supportedLanguage=en}, and reason=BROADCAST_LOCALE_CHANGED
11-16 08:56:52.778: I/NearbyDiscovery(10948): DiscoveryService created [CONTEXT service_id=49 ]
11-16 08:56:52.785: I/ThreadRunner(10061): setContextAndRunner
11-16 08:56:52.788: I/ModelDownloadController(10061): requestHotwordModelUpdate modelType-OK_GOOGLE
11-16 08:56:52.788: W/ModelDownloadController(10061): Failed fetching the hotword model location configuration
11-16 08:56:52.788: E/ModelDownloadController(10061): Invalid hotword model location.
11-16 08:56:52.789: W/SearchServiceCore(10061): Abort, client detached.
11-16 08:56:52.798: W/SoundModelDBHelper(1193): No SoundModel available for the given keyphrase
11-16 08:56:52.800: I/ActivityManager(1193): Start proc 17016:com.google.android.music:main/u0a75 for broadcast com.google.android.music/.notifications.NotificationChannelInitializationBroadcastReceiver
11-16 08:56:52.789: I/chatty(10061): uid=10047 com.google.android.googlequicksearchbox:search identical 1 line
11-16 08:56:52.789: W/SearchServiceCore(10061): Abort, client detached.
11-16 08:56:52.802: I/OpaEnabledReceiver(3635): Dispatching OPA eligble = true; AGSA = true; OPA enabled = true
11-16 08:56:52.802: I/OpaLayout(3635): Setting opa enabled to true
11-16 08:56:52.802: I/OpaLayout(3635): Setting opa enabled to true
11-16 08:56:52.808: W/ChimeraUtils(10948): Module com.google.android.gms.nearby has empty metadata display_name_string_id
11-16 08:56:52.815: E/roid.music:mai(17016): Not starting debugger since process cannot load the jdwp agent.
11-16 08:56:52.821: W/ChimeraUtils(10948): Module com.google.android.gms.nearby has empty metadata display_name_string_id
11-16 08:56:52.825: I/ActivityManager(1193): START u0 {act=com.android.intent.action.MANAGE_VOICE_KEYPHRASES flg=0x10000000 pkg=com.android.hotwordenrollment.okgoogle cmp=com.android.hotwordenrollment.okgoogle/.EnrollmentActivity (has extras)} from uid 10047
11-16 08:56:52.839: D/android.hardware.power@1.3-service.crosshatch-libperfmgr(773): LAUNCH ON
11-16 08:56:52.843: I/roid.music:mai(17016): The ClassLoaderContext is a special shared library.
11-16 08:56:52.845: W/KeyphraseEnrollmentInfo(4123): No enrollment application supports the given keyphrase/locale: 'X Google'/en
11-16 08:56:52.856: W/SessionLifecycleManager(10061): Client : AttachedClient[44250383029586252, ClientConfig[mFlags=[default, headless, launch_external_voice_search_ui, support_transparent_background, legacy_leave_behind_dirty_session_fixme] mSuggestFlags=[0] mClientId=HOTWORD_SERVICE mSessionType=search]] has no associated SessionController
11-16 08:56:52.856: W/SearchServiceCore(10061): Abort, client detached.
11-16 08:56:52.862: I/ActivityManager(1193): Start proc 17036:com.android.hotwordenrollment.okgoogle/u0a45 for activity com.android.hotwordenrollment.okgoogle/.EnrollmentActivity
11-16 08:56:52.856: I/chatty(10061): uid=10047 com.google.android.googlequicksearchbox:search identical 1 line
11-16 08:56:52.856: W/SearchServiceCore(10061): Abort, client detached.
11-16 08:56:52.869: E/llment.okgoogl(17036): Not starting debugger since process cannot load the jdwp agent.
11-16 08:56:52.872: I/ls.runtime.tes(16995): The ClassLoaderContext is a special shared library.
11-16 08:56:52.875: W/ActivityManager(1193): Unable to start service Intent { cmp=com.google.android.gm/com.android.email.service.AttachmentService } U=0: not found
11-16 08:56:52.891: I/ActivityManager(1193): Killing 15932:com.android.chrome/u0a107 (adj 906): empty #17
11-16 08:56:52.874: I/ls.runtime.tes(16995): The ClassLoaderContext is a special shared library.
11-16 08:56:52.892: W/libprocessgroup(1193): kill(-15932, 9) failed: No such process
11-16 08:56:52.902: I/akia(10948): Removed 0 invalid users [CONTEXT service_id=51 ]
11-16 08:56:52.913: E/libc(17036): Access denied finding property "vendor.debug.egl.profiler"
11-16 08:56:52.913: W/com.android.hotwordenrollment.okgoogle(17036): type=1400 audit(0.0:236): avc: denied { read } for comm=45474C20496E6974 name="u:object_r:vendor_default_prop:s0" dev="tmpfs" ino=21032 scontext=u:r:priv_app:s0:c512,c768 tcontext=u:object_r:vendor_default_prop:s0 tclass=file permissive=0
11-16 08:56:52.920: I/MultiDex(17016): VM with version 2.1.0 has multidex support
11-16 08:56:52.920: I/MultiDex(17016): install
11-16 08:56:52.920: I/MultiDex(17016): VM has multidex support, MultiDex support library is disabled.
11-16 08:56:52.921: D/BoundBrokerSvc(14293): onBind: Intent { act=com.google.android.gms.findmydevice.spot.service.locationreport.START cmp=com.google.android.gms/.chimera.GmsApiService }
11-16 08:56:52.921: D/BoundBrokerSvc(14293): Loading bound service for intent: Intent { act=com.google.android.gms.findmydevice.spot.service.locationreport.START cmp=com.google.android.gms/.chimera.GmsApiService }
11-16 08:56:52.928: I/EnrollmentActivity(17036): Started by non-activity for action: 0, keyphrase: Ok Google, locale: en-GB
11-16 08:56:52.932: D/OpenGLRenderer(17036): Skia GL Pipeline
11-16 08:56:52.939: W/libprocessgroup(1193): kill(-15932, 9) failed: No such process
11-16 08:56:52.951: I/Adreno(17036): QUALCOMM build                   : 3f88ca2, I42f6fe38fb
11-16 08:56:52.951: I/Adreno(17036): Build Date                       : 07/13/18
11-16 08:56:52.951: I/Adreno(17036): OpenGL ES Shader Compiler Version: EV031.24.00.00
11-16 08:56:52.951: I/Adreno(17036): Local Branch                     : 50.04
11-16 08:56:52.951: I/Adreno(17036): Remote Branch                    : 
11-16 08:56:52.951: I/Adreno(17036): Remote Branch                    : 
11-16 08:56:52.951: I/Adreno(17036): Reconstruct Branch               : 
11-16 08:56:52.951: I/Adreno(17036): Build Config                     : S P 4.0.10 AArch64
11-16 08:56:52.953: E/libc(17036): Access denied finding property "ro.vendor.graphics.memory"
11-16 08:56:52.953: W/RenderThread(17036): type=1400 audit(0.0:237): avc: denied { read } for name="u:object_r:vendor_default_prop:s0" dev="tmpfs" ino=21032 scontext=u:r:priv_app:s0:c512,c768 tcontext=u:object_r:vendor_default_prop:s0 tclass=file permissive=0
11-16 08:56:52.954: I/Adreno(17036): PFP: 0x016ee170, ME: 0x00000000
11-16 08:56:52.956: I/ConfigStore(17036): android::hardware::configstore::V1_0::ISurfaceFlingerConfigs::hasWideColorDisplay retrieved: 1
11-16 08:56:52.956: I/ConfigStore(17036): android::hardware::configstore::V1_0::ISurfaceFlingerConfigs::hasHDRDisplay retrieved: 1
11-16 08:56:52.957: I/OpenGLRenderer(17036): Initialized EGL, version 1.4
11-16 08:56:52.957: D/OpenGLRenderer(17036): Swap behavior 2
11-16 08:56:52.958: I/GoogleInputMethod(3625): onFinishInput() : Dummy InputConnection bound
11-16 08:56:52.958: I/GoogleInputMethod(3625): onStartInput() : Dummy InputConnection bound
11-16 08:56:52.958: W/SoundTriggerHelper(1193): Attempting stopRecognition without a successful startRecognition
11-16 08:56:52.959: W/AlwaysOnHotwordDetector(4123): stopRecognition() failed with error code -2147483648
11-16 08:56:52.960: I/Zygote(736): Process 15932 exited due to signal (9)
11-16 08:56:52.965: E/libc(17036): Access denied finding property "vendor.gralloc.enable_ahardware_buffer"
11-16 08:56:52.965: D/MusicLifecycle(17016): com.google.android.music.store.ConfigContentProvider generated event: Content provider created
11-16 08:56:52.965: I/GsaVoiceInteractionSrv(4123): Not starting recognition
11-16 08:56:52.963: W/RenderThread(17036): type=1400 audit(0.0:238): avc: denied { read } for name="u:object_r:vendor_default_prop:s0" dev="tmpfs" ino=21032 scontext=u:r:priv_app:s0:c512,c768 tcontext=u:object_r:vendor_default_prop:s0 tclass=file permissive=0
11-16 08:56:52.968: I/EnrollmentActivity(17036): Enroll keyphrase Ok Googleoperation succeeded for en-GB
11-16 08:56:52.976: D/SurfaceFlinger(644): duplicate layer name: changing Surface(name=45142e3 StatusBar)/@0x4e00e7b - animation-leash to Surface(name=45142e3 StatusBar)/@0x4e00e7b - animation-leash#1
11-16 08:56:52.978: D/MusicLifecycle(17016): com.google.android.music.api.MusicPublicContentProvider generated event: Content provider created
11-16 08:56:52.983: W/libprocessgroup(1193): kill(-15932, 9) failed: No such process
11-16 08:56:52.984: I/libprocessgroup(1193): Successfully killed process cgroup uid 10107 pid 15932 in 91ms
11-16 08:56:52.986: I/BackdropActivity(15993): onResume()
11-16 08:56:52.988: D/MusicLifecycle(17016): com.google.android.music.store.MusicContentProvider generated event: Content provider created
11-16 08:56:53.007: I/HotwordHelper(10061): hasHotwordEverywhere-false
11-16 08:56:53.011: I/NearbyDiscovery(10948): Show notifications: 0 total, no changes since last shown, no-op. [CONTEXT service_id=49 ]
11-16 08:56:53.015: D/MusicLifecycle(17016): com.google.android.music.ui.PhoneMusicApplication generated event: Application created
11-16 08:56:53.015: W/SurfaceFlinger(644): Attempting to set client state on removed layer: com.android.hotwordenrollment.okgoogle/com.android.hotwordenrollment.okgoogle.EnrollmentActivity#0
11-16 08:56:53.015: W/SurfaceFlinger(644): Attempting to destroy on removed layer: com.android.hotwordenrollment.okgoogle/com.android.hotwordenrollment.okgoogle.EnrollmentActivity#0
11-16 08:56:53.015: I/ActivityManager(1193): Displayed com.android.hotwordenrollment.okgoogle/.EnrollmentActivity: +149ms
11-16 08:56:53.016: I/ActivityManager(1193): Activity requesting to dismiss Keyguard: ActivityRecord{3d2c6f5 u0 com.google.android.apps.mtaas.backdrop/.BackdropActivity t4}
11-16 08:56:53.018: W/SessionLifecycleManager(10061): Client : AttachedClient[44250383029586257, ClientConfig[mFlags=[default, headless, launch_external_voice_search_ui, support_transparent_background, legacy_leave_behind_dirty_session_fixme] mSuggestFlags=[0] mClientId=HOTWORD_SERVICE mSessionType=search]] has no associated SessionController
11-16 08:56:53.018: W/SearchServiceCore(10061): Abort, client detached.
11-16 08:56:53.018: I/chatty(10061): uid=10047 com.google.android.googlequicksearchbox:search identical 1 line
11-16 08:56:53.018: W/SearchServiceCore(10061): Abort, client detached.
11-16 08:56:53.027: W/SurfaceFlinger(644): Attempting to destroy on removed layer: AppWindowToken{84f20c6 token=Token{9db56a1 ActivityRecord{df9f08 u0 com.android.hotwordenrollment.okgoogle/.EnrollmentActivity t5}}}#0
11-16 08:56:53.033: W/RenderThread(1193): type=1400 audit(0.0:239): avc: denied { read } for name="u:object_r:vendor_default_prop:s0" dev="tmpfs" ino=21032 scontext=u:r:system_server:s0 tcontext=u:object_r:vendor_default_prop:s0 tclass=file permissive=0
11-16 08:56:53.036: E/libc(1193): Access denied finding property "vendor.debug.egl.profiler"
11-16 08:56:53.037: E/libc(1193): Access denied finding property "vendor.debug.prerotation.disable"
11-16 08:56:53.037: I/GoogleInputMethod(3625): onFinishInput() : Dummy InputConnection bound
11-16 08:56:53.037: I/GoogleInputMethod(3625): onStartInput() : Dummy InputConnection bound
11-16 08:56:53.037: I/Adreno(1193): QUALCOMM build                   : 3f88ca2, I42f6fe38fb
11-16 08:56:53.037: I/Adreno(1193): Build Date                       : 07/13/18
11-16 08:56:53.037: I/Adreno(1193): OpenGL ES Shader Compiler Version: EV031.24.00.00
11-16 08:56:53.037: I/Adreno(1193): Local Branch                     : 50.04
11-16 08:56:53.037: I/Adreno(1193): Remote Branch                    : 
11-16 08:56:53.037: I/Adreno(1193): Remote Branch                    : 
11-16 08:56:53.037: I/Adreno(1193): Reconstruct Branch               : 
11-16 08:56:53.037: I/Adreno(1193): Build Config                     : S P 4.0.10 AArch64
11-16 08:56:53.039: E/libc(1193): Access denied finding property "vendor.debug.prerotation.disable"
11-16 08:56:53.041: E/libc(1193): Access denied finding property "vendor.debug.prerotation.disable"
11-16 08:56:53.041: I/Adreno(1193): PFP: 0x016ee170, ME: 0x00000000
11-16 08:56:53.042: E/libc(1193): Access denied finding property "vendor.debug.prerotation.disable"
11-16 08:56:53.042: D/android.hardware.power@1.3-service.crosshatch-libperfmgr(773): LAUNCH OFF
11-16 08:56:53.042: I/PeopleDatabaseHelper(14293): Updating DB locale: en_US -> en
11-16 08:56:53.045: I/ConfigStore(1193): android::hardware::configstore::V1_0::ISurfaceFlingerConfigs::hasWideColorDisplay retrieved: 1
11-16 08:56:53.046: I/ConfigStore(1193): android::hardware::configstore::V1_0::ISurfaceFlingerConfigs::hasHDRDisplay retrieved: 1
11-16 08:56:53.047: I/OpenGLRenderer(1193): Initialized EGL, version 1.4
11-16 08:56:53.047: D/OpenGLRenderer(1193): Swap behavior 2
11-16 08:56:53.055: D/MusicLifecycle(17016): com.google.android.music.store.ConfigContentProvider generated event: initializing
11-16 08:56:53.058: I/BaseStore(17016): ConfigStore database version: 1
11-16 08:56:53.069: W/ls.runtime.tes(16995): Accessing hidden method Landroid/app/Instrumentation;->execStartActivity(Landroid/content/Context;Landroid/os/IBinder;Landroid/os/IBinder;Landroid/app/Activity;Landroid/content/Intent;ILandroid/os/Bundle;)Landroid/app/Instrumentation$ActivityResult; (light greylist, linking)
11-16 08:56:53.069: W/ls.runtime.tes(16995): Accessing hidden method Landroid/app/Instrumentation;->execStartActivity(Landroid/content/Context;Landroid/os/IBinder;Landroid/os/IBinder;Ljava/lang/String;Landroid/content/Intent;ILandroid/os/Bundle;)Landroid/app/Instrumentation$ActivityResult; (light greylist, linking)
11-16 08:56:53.076: I/PeopleSearchIndexManage(14293): Marking for index update.
11-16 08:56:53.080: I/MonitoringInstr(16995): Instrumentation started!
11-16 08:56:53.090: W/roid.music:mai(17016): Unknown chunk type '200'.
11-16 08:56:53.093: I/roid.music:mai(17016): The ClassLoaderContext is a special shared library.
11-16 08:56:53.093: I/chatty(17016): uid=10075 com.google.android.music:main identical 1 line
11-16 08:56:53.094: I/roid.music:mai(17016): The ClassLoaderContext is a special shared library.
11-16 08:56:53.097: I/roid.music:mai(17016): Waiting for a blocking GC AddRemoveAppImageSpace
11-16 08:56:53.104: V/TestEventClient(16995): No service name argument was given (testDiscoveryService, testRunEventService or orchestratorService)
11-16 08:56:53.107: V/NativeCrypto(17016): Registering com/google/android/gms/org/conscrypt/NativeCrypto's 294 native methods...
11-16 08:56:53.110: I/MonitoringInstr(16995): No JSBridge.
11-16 08:56:53.126: D/NetworkSecurityConfig(17016): No Network Security Config specified, using platform default
11-16 08:56:53.127: I/ProviderInstaller(17016): Installed default security provider GmsCore_OpenSSL
11-16 08:56:53.127: D/AndroidMusic(17016): GMSCore installation verified
11-16 08:56:53.132: D/InfraTrack(16995): Tracking disabled due to lack of internet permissions
11-16 08:56:53.132: I/UsageTrackerFacilitator(16995): Usage tracking disabled
11-16 08:56:53.134: I/PeopleDatabaseHelper(14293): cleanUpNonGplusAccounts done.
11-16 08:56:53.147: I/TestRequestBuilder(16995): Scanning classpath to find tests in paths [/data/app/androidx.testutils.runtime.test-VuA8oJObXcEJUTZ3s1buqg==/base.apk]
11-16 08:56:53.149: I/ndroid.systemu(3635): NativeAlloc concurrent copying GC freed 42582(2MB) AllocSpace objects, 12(252KB) LOS objects, 50% free, 7MB/14MB, paused 28us total 119.269ms
11-16 08:56:53.151: W/ls.runtime.tes(16995): Opening an oat file without a class loader. Are you using the deprecated DexFile APIs?
11-16 08:56:53.158: I/PeopleSearchIndexManage(14293): Index version changed from 0
11-16 08:56:53.164: I/PeopleSearchIndexManage(14293): Rebuilding index...
11-16 08:56:53.187: I/PeopleASM(14293): Rebuilding autocomplete index...
11-16 08:56:53.189: I/PeopleSearchIndexManage(14293): Rebuilding index done.
11-16 08:56:53.201: I/Wear_Controller(10948): Wearable module requires a companion app to be installed.
11-16 08:56:53.201: I/WearableService(10948): onCreate: Wearable Services not starting. Wear is not available on this device.
11-16 08:56:53.210: I/MusicExperimentManager(17016): Received config change, experiments list is null
11-16 08:56:53.210: W/MusicExperimentManager(17016): Parsing error while updating analysis experiments
11-16 08:56:53.240: I/TopChartsIcing(17016): Starting 'com.google.android.music.sync.google.MusicGcmTaskService
11-16 08:56:53.245: I/BaseStore(17016): Store database version: 146
11-16 08:56:53.283: I/PlaybackClient(17016): init: Initializing
11-16 08:56:53.286: W/Nearby(10948): Bind call too late - someone already tried to get: interface bopq [CONTEXT service_id=49 ]
11-16 08:56:53.309: D/ConnectivityService(1193): Returning BLOCKED NetworkInfo to uid=10075
11-16 08:56:53.318: I/NearbyMessages(10948): OfflineCache: old scanner cache is not enabled [CONTEXT service_id=62 ]
