11-16 08:56:54.477: W/libprocessgroup(1193): kill(-16088, 9) failed: No such process
11-16 08:56:54.478: W/ActivityThread(16995): handleWindowVisibility: no activity for token android.os.BinderProxy@43b95ed
11-16 08:56:54.481: D/LifecycleMonitor(16995): Lifecycle status change: androidx.testutils.TestActivity@27726b3 in: PRE_ON_CREATE
11-16 08:56:54.482: V/ActivityScenario(16995): Activity lifecycle changed event received but ignored because the reported transition was not ON_CREATE while the last known transition was PRE_ON_CREATE
11-16 08:56:54.487: I/System.out(16995): onCreate
11-16 08:56:54.499: D/LifecycleMonitor(16995): Lifecycle status change: androidx.testutils.TestActivity@27726b3 in: CREATED
11-16 08:56:54.499: V/ActivityScenario(16995): Update currentActivityStage to CREATED, currentActivity=androidx.testutils.TestActivity@27726b3
11-16 08:56:54.501: D/LifecycleMonitor(16995): Lifecycle status change: androidx.testutils.TestActivity@27726b3 in: STARTED
11-16 08:56:54.501: V/ActivityScenario(16995): Update currentActivityStage to STARTED, currentActivity=androidx.testutils.TestActivity@27726b3
11-16 08:56:54.502: D/LifecycleMonitor(16995): Lifecycle status change: androidx.testutils.TestActivity@27726b3 in: RESUMED
11-16 08:56:54.502: V/ActivityScenario(16995): Update currentActivityStage to RESUMED, currentActivity=androidx.testutils.TestActivity@27726b3
11-16 08:56:54.507: I/EventLogSendingHelper(10061): Sending log events.
11-16 08:56:54.520: W/libprocessgroup(1193): kill(-16088, 9) failed: No such process
11-16 08:56:54.526: I/GoogleInputMethod(3625): onFinishInput() : Dummy InputConnection bound
11-16 08:56:54.526: I/GoogleInputMethod(3625): onStartInput() : Dummy InputConnection bound
11-16 08:56:54.536: D/android.hardware.power@1.3-service.crosshatch-libperfmgr(773): LAUNCH OFF
11-16 08:56:54.543: W/libprocessgroup(1193): kill(-16088, 9) failed: No such process
11-16 08:56:54.547: I/ActivityManager(1193): START u0 {act=android.intent.action.MAIN cat=[android.intent.category.LAUNCHER] flg=0x10000000 cmp=androidx.testutils.runtime.test/androidx.test.core.app.InstrumentationActivityInvoker$EmptyActivity} from uid 10172
11-16 08:56:54.548: I/ActivityManager(1193): Displayed androidx.testutils.runtime.test/androidx.testutils.TestActivity: +115ms
11-16 08:56:54.549: D/android.hardware.power@1.3-service.crosshatch-libperfmgr(773): LAUNCH ON
11-16 08:56:54.555: D/LifecycleMonitor(16995): Lifecycle status change: androidx.testutils.TestActivity@27726b3 in: PAUSED
11-16 08:56:54.555: V/ActivityScenario(16995): Update currentActivityStage to PAUSED, currentActivity=androidx.testutils.TestActivity@27726b3
11-16 08:56:54.564: W/SurfaceFlinger(644): Attempting to set client state on removed layer: Splash Screen androidx.testutils.runtime.test#0
11-16 08:56:54.564: W/SurfaceFlinger(644): Attempting to destroy on removed layer: Splash Screen androidx.testutils.runtime.test#0
11-16 08:56:54.574: D/LifecycleMonitor(16995): Lifecycle status change: androidx.test.core.app.InstrumentationActivityInvoker$BootstrapActivity@cf2a017 in: STOPPED
11-16 08:56:54.575: V/ActivityScenario(16995): Activity lifecycle changed event received but ignored because the intent does not match. startActivityIntent=Intent { act=android.intent.action.MAIN cat=[android.intent.category.LAUNCHER] cmp=androidx.testutils.runtime.test/androidx.testutils.TestActivity }, activity.getIntent()=Intent { act=android.intent.action.MAIN cat=[android.intent.category.LAUNCHER] flg=0x10008000 cmp=androidx.testutils.runtime.test/androidx.test.core.app.InstrumentationActivityInvoker$BootstrapActivity (has extras) }, activity=androidx.test.core.app.InstrumentationActivityInvoker$BootstrapActivity@cf2a017
11-16 08:56:54.575: W/ActivityThread(16995): handleWindowVisibility: no activity for token android.os.BinderProxy@fe95a5
11-16 08:56:54.582: D/LifecycleMonitor(16995): Lifecycle status change: androidx.test.core.app.InstrumentationActivityInvoker$EmptyActivity@eb6b92b in: PRE_ON_CREATE
11-16 08:56:54.583: V/ActivityScenario(16995): Activity lifecycle changed event received but ignored because the intent does not match. startActivityIntent=Intent { act=android.intent.action.MAIN cat=[android.intent.category.LAUNCHER] cmp=androidx.testutils.runtime.test/androidx.testutils.TestActivity }, activity.getIntent()=Intent { act=android.intent.action.MAIN cat=[android.intent.category.LAUNCHER] flg=0x10000000 cmp=androidx.testutils.runtime.test/androidx.test.core.app.InstrumentationActivityInvoker$EmptyActivity }, activity=androidx.test.core.app.InstrumentationActivityInvoker$EmptyActivity@eb6b92b
11-16 08:56:54.589: W/libprocessgroup(1193): kill(-16088, 9) failed: No such process
11-16 08:56:54.591: D/LifecycleMonitor(16995): Lifecycle status change: androidx.test.core.app.InstrumentationActivityInvoker$EmptyActivity@eb6b92b in: CREATED
11-16 08:56:54.591: V/ActivityScenario(16995): Activity lifecycle changed event received but ignored because the intent does not match. startActivityIntent=Intent { act=android.intent.action.MAIN cat=[android.intent.category.LAUNCHER] cmp=androidx.testutils.runtime.test/androidx.testutils.TestActivity }, activity.getIntent()=Intent { act=android.intent.action.MAIN cat=[android.intent.category.LAUNCHER] flg=0x10000000 cmp=androidx.testutils.runtime.test/androidx.test.core.app.InstrumentationActivityInvoker$EmptyActivity }, activity=androidx.test.core.app.InstrumentationActivityInvoker$EmptyActivity@eb6b92b
11-16 08:56:54.594: D/LifecycleMonitor(16995): Lifecycle status change: androidx.test.core.app.InstrumentationActivityInvoker$EmptyActivity@eb6b92b in: STARTED
11-16 08:56:54.594: V/ActivityScenario(16995): Activity lifecycle changed event received but ignored because the intent does not match. startActivityIntent=Intent { act=android.intent.action.MAIN cat=[android.intent.category.LAUNCHER] cmp=androidx.testutils.runtime.test/androidx.testutils.TestActivity }, activity.getIntent()=Intent { act=android.intent.action.MAIN cat=[android.intent.category.LAUNCHER] flg=0x10000000 cmp=androidx.testutils.runtime.test/androidx.test.core.app.InstrumentationActivityInvoker$EmptyActivity }, activity=androidx.test.core.app.InstrumentationActivityInvoker$EmptyActivity@eb6b92b
11-16 08:56:54.596: D/LifecycleMonitor(16995): Lifecycle status change: androidx.test.core.app.InstrumentationActivityInvoker$EmptyActivity@eb6b92b in: RESUMED
11-16 08:56:54.596: V/ActivityScenario(16995): Activity lifecycle changed event received but ignored because the intent does not match. startActivityIntent=Intent { act=android.intent.action.MAIN cat=[android.intent.category.LAUNCHER] cmp=androidx.testutils.runtime.test/androidx.testutils.TestActivity }, activity.getIntent()=Intent { act=android.intent.action.MAIN cat=[android.intent.category.LAUNCHER] flg=0x10000000 cmp=androidx.testutils.runtime.test/androidx.test.core.app.InstrumentationActivityInvoker$EmptyActivity }, activity=androidx.test.core.app.InstrumentationActivityInvoker$EmptyActivity@eb6b92b
11-16 08:56:54.614: W/libprocessgroup(1193): kill(-16088, 9) failed: No such process
11-16 08:56:54.625: W/libprocessgroup(1193): kill(-16088, 9) failed: No such process
11-16 08:56:54.628: I/GoogleInputMethod(3625): onFinishInput() : Dummy InputConnection bound
11-16 08:56:54.628: I/GoogleInputMethod(3625): onStartInput() : Dummy InputConnection bound
11-16 08:56:54.629: I/ActivityManager(1193): START u0 {act=android.intent.action.MAIN cat=[android.intent.category.LAUNCHER] flg=0x10000000 cmp=androidx.testutils.runtime.test/androidx.test.core.app.InstrumentationActivityInvoker$EmptyActivity} from uid 10172
11-16 08:56:54.631: D/android.hardware.power@1.3-service.crosshatch-libperfmgr(773): LAUNCH ON
11-16 08:56:54.635: W/libprocessgroup(1193): kill(-16088, 9) failed: No such process
11-16 08:56:54.641: W/libprocessgroup(1193): kill(-16088, 9) failed: No such process
11-16 08:56:54.647: D/LifecycleMonitor(16995): Lifecycle status change: androidx.test.core.app.InstrumentationActivityInvoker$EmptyActivity@eb6b92b in: PAUSED
11-16 08:56:54.647: V/ActivityScenario(16995): Activity lifecycle changed event received but ignored because the intent does not match. startActivityIntent=Intent { act=android.intent.action.MAIN cat=[android.intent.category.LAUNCHER] cmp=androidx.testutils.runtime.test/androidx.testutils.TestActivity }, activity.getIntent()=Intent { act=android.intent.action.MAIN cat=[android.intent.category.LAUNCHER] flg=0x10000000 cmp=androidx.testutils.runtime.test/androidx.test.core.app.InstrumentationActivityInvoker$EmptyActivity }, activity=androidx.test.core.app.InstrumentationActivityInvoker$EmptyActivity@eb6b92b
11-16 08:56:54.653: W/libprocessgroup(1193): kill(-16088, 9) failed: No such process
11-16 08:56:54.653: D/LifecycleMonitor(16995): Lifecycle status change: androidx.test.core.app.InstrumentationActivityInvoker$BootstrapActivity@cf2a017 in: DESTROYED
11-16 08:56:54.654: V/ActivityScenario(16995): Activity lifecycle changed event received but ignored because the intent does not match. startActivityIntent=Intent { act=android.intent.action.MAIN cat=[android.intent.category.LAUNCHER] cmp=androidx.testutils.runtime.test/androidx.testutils.TestActivity }, activity.getIntent()=Intent { act=android.intent.action.MAIN cat=[android.intent.category.LAUNCHER] flg=0x10008000 cmp=androidx.testutils.runtime.test/androidx.test.core.app.InstrumentationActivityInvoker$BootstrapActivity (has extras) }, activity=androidx.test.core.app.InstrumentationActivityInvoker$BootstrapActivity@cf2a017
11-16 08:56:54.654: W/ActivityThread(16995): handleWindowVisibility: no activity for token android.os.BinderProxy@d1722a3
11-16 08:56:54.659: D/LifecycleMonitor(16995): Lifecycle status change: androidx.test.core.app.InstrumentationActivityInvoker$EmptyActivity@e555959 in: PRE_ON_CREATE
11-16 08:56:54.659: V/ActivityScenario(16995): Activity lifecycle changed event received but ignored because the intent does not match. startActivityIntent=Intent { act=android.intent.action.MAIN cat=[android.intent.category.LAUNCHER] cmp=androidx.testutils.runtime.test/androidx.testutils.TestActivity }, activity.getIntent()=Intent { act=android.intent.action.MAIN cat=[android.intent.category.LAUNCHER] flg=0x10000000 cmp=androidx.testutils.runtime.test/androidx.test.core.app.InstrumentationActivityInvoker$EmptyActivity }, activity=androidx.test.core.app.InstrumentationActivityInvoker$EmptyActivity@e555959
11-16 08:56:54.666: D/LifecycleMonitor(16995): Lifecycle status change: androidx.test.core.app.InstrumentationActivityInvoker$EmptyActivity@e555959 in: CREATED
11-16 08:56:54.667: V/ActivityScenario(16995): Activity lifecycle changed event received but ignored because the intent does not match. startActivityIntent=Intent { act=android.intent.action.MAIN cat=[android.intent.category.LAUNCHER] cmp=androidx.testutils.runtime.test/androidx.testutils.TestActivity }, activity.getIntent()=Intent { act=android.intent.action.MAIN cat=[android.intent.category.LAUNCHER] flg=0x10000000 cmp=androidx.testutils.runtime.test/androidx.test.core.app.InstrumentationActivityInvoker$EmptyActivity }, activity=androidx.test.core.app.InstrumentationActivityInvoker$EmptyActivity@e555959
11-16 08:56:54.668: D/LifecycleMonitor(16995): Lifecycle status change: androidx.test.core.app.InstrumentationActivityInvoker$EmptyActivity@e555959 in: STARTED
11-16 08:56:54.668: V/ActivityScenario(16995): Activity lifecycle changed event received but ignored because the intent does not match. startActivityIntent=Intent { act=android.intent.action.MAIN cat=[android.intent.category.LAUNCHER] cmp=androidx.testutils.runtime.test/androidx.testutils.TestActivity }, activity.getIntent()=Intent { act=android.intent.action.MAIN cat=[android.intent.category.LAUNCHER] flg=0x10000000 cmp=androidx.testutils.runtime.test/androidx.test.core.app.InstrumentationActivityInvoker$EmptyActivity }, activity=androidx.test.core.app.InstrumentationActivityInvoker$EmptyActivity@e555959
11-16 08:56:54.670: D/LifecycleMonitor(16995): Lifecycle status change: androidx.test.core.app.InstrumentationActivityInvoker$EmptyActivity@e555959 in: RESUMED
11-16 08:56:54.670: V/ActivityScenario(16995): Activity lifecycle changed event received but ignored because the intent does not match. startActivityIntent=Intent { act=android.intent.action.MAIN cat=[android.intent.category.LAUNCHER] cmp=androidx.testutils.runtime.test/androidx.testutils.TestActivity }, activity.getIntent()=Intent { act=android.intent.action.MAIN cat=[android.intent.category.LAUNCHER] flg=0x10000000 cmp=androidx.testutils.runtime.test/androidx.test.core.app.InstrumentationActivityInvoker$EmptyActivity }, activity=androidx.test.core.app.InstrumentationActivityInvoker$EmptyActivity@e555959
11-16 08:56:54.674: W/libprocessgroup(1193): kill(-16088, 9) failed: No such process
11-16 08:56:54.682: D/SurfaceFlinger(644): duplicate layer name: changing androidx.testutils.runtime.test/androidx.test.core.app.InstrumentationActivityInvoker$EmptyActivity to androidx.testutils.runtime.test/androidx.test.core.app.InstrumentationActivityInvoker$EmptyActivity#1
11-16 08:56:54.688: W/ActivityManager(1193): Duplicate finish request for ActivityRecord{69221b1 u0 androidx.testutils.runtime.test/androidx.testutils.TestActivity t7 f}
11-16 08:56:54.690: I/GoogleInputMethod(3625): onFinishInput() : Dummy InputConnection bound
11-16 08:56:54.690: I/GoogleInputMethod(3625): onStartInput() : Dummy InputConnection bound
11-16 08:56:54.710: D/LifecycleMonitor(16995): Lifecycle status change: androidx.test.core.app.InstrumentationActivityInvoker$EmptyActivity@eb6b92b in: STOPPED
11-16 08:56:54.711: V/ActivityScenario(16995): Activity lifecycle changed event received but ignored because the intent does not match. startActivityIntent=Intent { act=android.intent.action.MAIN cat=[android.intent.category.LAUNCHER] cmp=androidx.testutils.runtime.test/androidx.testutils.TestActivity }, activity.getIntent()=Intent { act=android.intent.action.MAIN cat=[android.intent.category.LAUNCHER] flg=0x10000000 cmp=androidx.testutils.runtime.test/androidx.test.core.app.InstrumentationActivityInvoker$EmptyActivity }, activity=androidx.test.core.app.InstrumentationActivityInvoker$EmptyActivity@eb6b92b
11-16 08:56:54.712: D/LifecycleMonitor(16995): Lifecycle status change: androidx.test.core.app.InstrumentationActivityInvoker$EmptyActivity@eb6b92b in: DESTROYED
11-16 08:56:54.712: V/ActivityScenario(16995): Activity lifecycle changed event received but ignored because the intent does not match. startActivityIntent=Intent { act=android.intent.action.MAIN cat=[android.intent.category.LAUNCHER] cmp=androidx.testutils.runtime.test/androidx.testutils.TestActivity }, activity.getIntent()=Intent { act=android.intent.action.MAIN cat=[android.intent.category.LAUNCHER] flg=0x10000000 cmp=androidx.testutils.runtime.test/androidx.test.core.app.InstrumentationActivityInvoker$EmptyActivity }, activity=androidx.test.core.app.InstrumentationActivityInvoker$EmptyActivity@eb6b92b
11-16 08:56:54.719: W/libprocessgroup(1193): kill(-16088, 9) failed: No such process
11-16 08:56:54.720: D/BoundBrokerSvc(10948): onUnbind: Intent { act=com.google.android.gms.nearby.exposurenotification.START cmp=com.google.android.gms/.chimera.PersistentApiService }
11-16 08:56:54.721: D/LifecycleMonitor(16995): Lifecycle status change: androidx.test.core.app.InstrumentationActivityInvoker$EmptyActivity@e555959 in: PAUSED
11-16 08:56:54.722: V/ActivityScenario(16995): Activity lifecycle changed event received but ignored because the intent does not match. startActivityIntent=Intent { act=android.intent.action.MAIN cat=[android.intent.category.LAUNCHER] cmp=androidx.testutils.runtime.test/androidx.testutils.TestActivity }, activity.getIntent()=Intent { act=android.intent.action.MAIN cat=[android.intent.category.LAUNCHER] flg=0x10000000 cmp=androidx.testutils.runtime.test/androidx.test.core.app.InstrumentationActivityInvoker$EmptyActivity }, activity=androidx.test.core.app.InstrumentationActivityInvoker$EmptyActivity@e555959
11-16 08:56:54.732: I/BackdropActivity(15993): onResume()
11-16 08:56:54.733: I/ActivityManager(1193): Activity requesting to dismiss Keyguard: ActivityRecord{3d2c6f5 u0 com.google.android.apps.mtaas.backdrop/.BackdropActivity t4}
11-16 08:56:54.750: I/GoogleInputMethod(3625): onFinishInput() : Dummy InputConnection bound
11-16 08:56:54.750: I/GoogleInputMethod(3625): onStartInput() : Dummy InputConnection bound
11-16 08:56:54.757: D/LifecycleMonitor(16995): Lifecycle status change: androidx.testutils.TestActivity@27726b3 in: STOPPED
11-16 08:56:54.757: V/ActivityScenario(16995): Update currentActivityStage to STOPPED, currentActivity=androidx.testutils.TestActivity@27726b3
11-16 08:56:54.758: D/LifecycleMonitor(16995): Lifecycle status change: androidx.testutils.TestActivity@27726b3 in: DESTROYED
11-16 08:56:54.758: V/ActivityScenario(16995): Update currentActivityStage to DESTROYED, currentActivity=null
11-16 08:56:54.763: W/libprocessgroup(1193): kill(-16088, 9) failed: No such process
11-16 08:56:54.765: I/TestRunner(16995): finished: test[2](androidx.testutils.ActivityNoPersist)
11-16 08:56:54.773: D/android.hardware.power@1.3-service.crosshatch-libperfmgr(773): LAUNCH OFF
11-16 08:56:54.781: I/dex2oat(17294): The ClassLoaderContext is a special shared library.
11-16 08:56:54.782: W/libprocessgroup(1193): kill(-16088, 9) failed: No such process
11-16 08:56:54.785: I/dex2oat(17294): /system/bin/dex2oat --dex-file=/data/user/0/com.google.android.youtube/cache/1629828815138.jar --output-vdex-fd=78 --oat-fd=79 --oat-location=/data/user/0/com.google.android.youtube/cache/oat/arm64/1629828815138.odex --compiler-filter=quicken --class-loader-context=&
11-16 08:56:54.790: I/MonitoringInstr(16995): Activities that are still in CREATED to STOPPED: 1
11-16 08:56:54.790: W/dex2oat(17294): Could not reserve sentinel fault page
11-16 08:56:54.791: D/LifecycleMonitor(16995): Lifecycle status change: androidx.test.core.app.InstrumentationActivityInvoker$EmptyActivity@e555959 in: STOPPED
11-16 08:56:54.791: I/TestRunner(16995): started: test[3](androidx.testutils.ActivityNoPersist)
11-16 08:56:54.792: D/LifecycleMonitor(16995): Lifecycle status change: androidx.test.core.app.InstrumentationActivityInvoker$EmptyActivity@e555959 in: DESTROYED
11-16 08:56:54.798: W/SurfaceFlinger(644): Attempting to destroy on removed layer: AppWindowToken{2aaeef token=Token{89b0fce ActivityRecord{904fcc9 u0 androidx.testutils.runtime.test/androidx.test.core.app.InstrumentationActivityInvoker$EmptyActivity t7}}}#0
11-16 08:56:54.805: W/Settings(16995): Setting always_finish_activities has moved from android.provider.Settings.System to android.provider.Settings.Global, returning read-only value.
11-16 08:56:54.808: I/ActivityManager(1193): START u0 {act=android.intent.action.MAIN cat=[android.intent.category.LAUNCHER] flg=0x10008000 cmp=androidx.testutils.runtime.test/androidx.test.core.app.InstrumentationActivityInvoker$BootstrapActivity (has extras)} from uid 10172
11-16 08:56:54.814: D/android.hardware.power@1.3-service.crosshatch-libperfmgr(773): LAUNCH ON
11-16 08:56:54.816: D/QSEECOMAPI(17183): QSEECom_get_handle sb_length = 0x400
11-16 08:56:54.816: D/QSEECOMAPI(17183): App is already loaded QSEE and app id = 1
11-16 08:56:54.818: E/fpc_tac(17183): qsee_km_get_encapsulated_key KEYMASTER_GET_AUTH_TOKEN_KEY returned status=-24
11-16 08:56:54.818: D/QSEECOMAPI(17183): QSEECom_dealloc_memory 
11-16 08:56:54.818: D/QSEECOMAPI(17183): QSEECom_shutdown_app, app_id = 1
11-16 08:56:54.818: E/fpc_fingerprint_hal(17183): fpc_hal_open failed
11-16 08:56:54.820: I/EventHub(1193): Removing device uinput-fpc due to epoll hang-up event.
11-16 08:56:54.820: I/EventHub(1193): Removed device: path=/dev/input/event3 name=uinput-fpc id=124 fd=309 classes=0x101
11-16 08:56:54.820: W/EventHub(1193): built-in keyboard device /dev/input/event3 (id=124) is closing! the apps will not like this
11-16 08:56:54.820: I/EventHub(1193): Removing device '/dev/input/event3' due to inotify event
11-16 08:56:54.820: W/InputReader(1193): Ignoring spurious device removed event for deviceId 124.
11-16 08:56:54.823: W/ActivityThread(16995): handleWindowVisibility: no activity for token android.os.BinderProxy@1d66df6
11-16 08:56:54.827: W/libprocessgroup(1193): kill(-16088, 9) failed: No such process
11-16 08:56:54.832: W/libprocessgroup(1193): kill(-16088, 9) failed: No such process
11-16 08:56:54.836: D/QSEECOMAPI(17183): QSEECom_dealloc_memory 
11-16 08:56:54.837: D/QSEECOMAPI(17183): QSEECom_shutdown_app, app_id = 124
11-16 08:56:54.841: E/NotificationService(1193): Muting recently noisy 0|com.google.android.apps.mtaas.backdrop|1|null|10163
11-16 08:56:54.847: D/LifecycleMonitor(16995): Lifecycle status change: androidx.test.core.app.InstrumentationActivityInvoker$BootstrapActivity@4a12c64 in: PRE_ON_CREATE
11-16 08:56:54.848: V/ActivityScenario(16995): Activity lifecycle changed event received but ignored because the intent does not match. startActivityIntent=Intent { act=android.intent.action.MAIN cat=[android.intent.category.LAUNCHER] cmp=androidx.testutils.runtime.test/androidx.testutils.TestActivity }, activity.getIntent()=Intent { act=android.intent.action.MAIN cat=[android.intent.category.LAUNCHER] flg=0x10008000 cmp=androidx.testutils.runtime.test/androidx.test.core.app.InstrumentationActivityInvoker$BootstrapActivity (has extras) }, activity=androidx.test.core.app.InstrumentationActivityInvoker$BootstrapActivity@4a12c64
11-16 08:56:54.855: D/LifecycleMonitor(16995): Lifecycle status change: androidx.test.core.app.InstrumentationActivityInvoker$BootstrapActivity@4a12c64 in: CREATED
11-16 08:56:54.855: I/WindowManager(1193): Queue is too deep! Purged item with taskid=4
11-16 08:56:54.855: V/ActivityScenario(16995): Activity lifecycle changed event received but ignored because the intent does not match. startActivityIntent=Intent { act=android.intent.action.MAIN cat=[android.intent.category.LAUNCHER] cmp=androidx.testutils.runtime.test/androidx.testutils.TestActivity }, activity.getIntent()=Intent { act=android.intent.action.MAIN cat=[android.intent.category.LAUNCHER] flg=0x10008000 cmp=androidx.testutils.runtime.test/androidx.test.core.app.InstrumentationActivityInvoker$BootstrapActivity (has extras) }, activity=androidx.test.core.app.InstrumentationActivityInvoker$BootstrapActivity@4a12c64
11-16 08:56:54.856: D/LifecycleMonitor(16995): Lifecycle status change: androidx.test.core.app.InstrumentationActivityInvoker$BootstrapActivity@4a12c64 in: STARTED
11-16 08:56:54.857: V/ActivityScenario(16995): Activity lifecycle changed event received but ignored because the intent does not match. startActivityIntent=Intent { act=android.intent.action.MAIN cat=[android.intent.category.LAUNCHER] cmp=androidx.testutils.runtime.test/androidx.testutils.TestActivity }, activity.getIntent()=Intent { act=android.intent.action.MAIN cat=[android.intent.category.LAUNCHER] flg=0x10008000 cmp=androidx.testutils.runtime.test/androidx.test.core.app.InstrumentationActivityInvoker$BootstrapActivity (has extras) }, activity=androidx.test.core.app.InstrumentationActivityInvoker$BootstrapActivity@4a12c64
11-16 08:56:54.858: I/ActivityManager(1193): START u0 {act=android.intent.action.MAIN cat=[android.intent.category.LAUNCHER] cmp=androidx.testutils.runtime.test/androidx.testutils.TestActivity} from uid 10172
11-16 08:56:54.859: D/android.hardware.power@1.3-service.crosshatch-libperfmgr(773): LAUNCH ON
11-16 08:56:54.870: D/LifecycleMonitor(16995): Lifecycle status change: androidx.test.core.app.InstrumentationActivityInvoker$BootstrapActivity@4a12c64 in: RESUMED
11-16 08:56:54.870: V/ActivityScenario(16995): Activity lifecycle changed event received but ignored because the intent does not match. startActivityIntent=Intent { act=android.intent.action.MAIN cat=[android.intent.category.LAUNCHER] cmp=androidx.testutils.runtime.test/androidx.testutils.TestActivity }, activity.getIntent()=Intent { act=android.intent.action.MAIN cat=[android.intent.category.LAUNCHER] flg=0x10008000 cmp=androidx.testutils.runtime.test/androidx.test.core.app.InstrumentationActivityInvoker$BootstrapActivity (has extras) }, activity=androidx.test.core.app.InstrumentationActivityInvoker$BootstrapActivity@4a12c64
11-16 08:56:54.872: D/LifecycleMonitor(16995): Lifecycle status change: androidx.test.core.app.InstrumentationActivityInvoker$BootstrapActivity@4a12c64 in: PAUSED
11-16 08:56:54.872: V/ActivityScenario(16995): Activity lifecycle changed event received but ignored because the intent does not match. startActivityIntent=Intent { act=android.intent.action.MAIN cat=[android.intent.category.LAUNCHER] cmp=androidx.testutils.runtime.test/androidx.testutils.TestActivity }, activity.getIntent()=Intent { act=android.intent.action.MAIN cat=[android.intent.category.LAUNCHER] flg=0x10008000 cmp=androidx.testutils.runtime.test/androidx.test.core.app.InstrumentationActivityInvoker$BootstrapActivity (has extras) }, activity=androidx.test.core.app.InstrumentationActivityInvoker$BootstrapActivity@4a12c64
11-16 08:56:54.880: W/libprocessgroup(1193): kill(-16088, 9) failed: No such process
11-16 08:56:54.884: W/ActivityThread(16995): handleWindowVisibility: no activity for token android.os.BinderProxy@df37382
11-16 08:56:54.885: W/SilentFeedbackConfig(10061): Renaming current_experiments.bin.tmp to current_experiments.bin failed
11-16 08:56:54.888: D/LifecycleMonitor(16995): Lifecycle status change: androidx.testutils.TestActivity@c76aad0 in: PRE_ON_CREATE
11-16 08:56:54.889: V/ActivityScenario(16995): Activity lifecycle changed event received but ignored because the reported transition was not ON_CREATE while the last known transition was PRE_ON_CREATE
11-16 08:56:54.892: W/.chromecast.ap(17267): JIT profile information will not be recorded: profile file does not exits.
11-16 08:56:54.892: I/chatty(17267): uid=10149(com.google.android.apps.chromecast.app) identical 1 line
11-16 08:56:54.892: W/.chromecast.ap(17267): JIT profile information will not be recorded: profile file does not exits.
11-16 08:56:54.894: I/System.out(16995): onCreate
11-16 08:56:54.895: D/LifecycleMonitor(16995): Lifecycle status change: androidx.testutils.TestActivity@c76aad0 in: CREATED
11-16 08:56:54.895: V/ActivityScenario(16995): Update currentActivityStage to CREATED, currentActivity=androidx.testutils.TestActivity@c76aad0
11-16 08:56:54.896: D/LifecycleMonitor(16995): Lifecycle status change: androidx.testutils.TestActivity@c76aad0 in: STARTED
11-16 08:56:54.896: V/ActivityScenario(16995): Update currentActivityStage to STARTED, currentActivity=androidx.testutils.TestActivity@c76aad0
11-16 08:56:54.897: D/LifecycleMonitor(16995): Lifecycle status change: androidx.testutils.TestActivity@c76aad0 in: RESUMED
11-16 08:56:54.897: V/ActivityScenario(16995): Update currentActivityStage to RESUMED, currentActivity=androidx.testutils.TestActivity@c76aad0
11-16 08:56:54.904: W/libprocessgroup(1193): kill(-16088, 9) failed: No such process
11-16 08:56:54.916: I/Zygote(735): Process 16088 exited due to signal (9)
11-16 08:56:54.919: W/libprocessgroup(1193): kill(-16088, 9) failed: No such process
11-16 08:56:54.919: I/libprocessgroup(1193): Successfully killed process cgroup uid 10128 pid 16088 in 538ms
11-16 08:56:54.919: I/Adreno(1193): QUALCOMM build                   : 3f88ca2, I42f6fe38fb
11-16 08:56:54.919: I/Adreno(1193): Build Date                       : 07/13/18
11-16 08:56:54.919: I/Adreno(1193): OpenGL ES Shader Compiler Version: EV031.24.00.00
11-16 08:56:54.919: I/Adreno(1193): Local Branch                     : 50.04
11-16 08:56:54.919: I/Adreno(1193): Remote Branch                    : 
11-16 08:56:54.919: I/Adreno(1193): Remote Branch                    : 
11-16 08:56:54.919: I/Adreno(1193): Reconstruct Branch               : 
11-16 08:56:54.919: I/Adreno(1193): Build Config                     : S P 4.0.10 AArch64
11-16 08:56:54.919: I/GoogleInputMethod(3625): onFinishInput() : Dummy InputConnection bound
11-16 08:56:54.920: I/GoogleInputMethod(3625): onStartInput() : Dummy InputConnection bound
11-16 08:56:54.922: E/libc(1193): Access denied finding property "vendor.debug.prerotation.disable"
11-16 08:56:54.924: E/libc(1193): Access denied finding property "vendor.debug.prerotation.disable"
11-16 08:56:54.924: I/Adreno(1193): PFP: 0x016ee170, ME: 0x00000000
11-16 08:56:54.925: E/libc(1193): Access denied finding property "vendor.debug.prerotation.disable"
11-16 08:56:54.931: I/ConfigStore(1193): android::hardware::configstore::V1_0::ISurfaceFlingerConfigs::hasWideColorDisplay retrieved: 1
11-16 08:56:54.931: I/ConfigStore(1193): android::hardware::configstore::V1_0::ISurfaceFlingerConfigs::hasHDRDisplay retrieved: 1
11-16 08:56:54.932: I/OpenGLRenderer(1193): Initialized EGL, version 1.4
11-16 08:56:54.932: D/OpenGLRenderer(1193): Swap behavior 2
11-16 08:56:54.933: D/android.hardware.power@1.3-service.crosshatch-libperfmgr(773): LAUNCH OFF
11-16 08:56:54.940: D/LifecycleMonitor(16995): Lifecycle status change: androidx.test.core.app.InstrumentationActivityInvoker$BootstrapActivity@4a12c64 in: STOPPED
11-16 08:56:54.940: V/ActivityScenario(16995): Activity lifecycle changed event received but ignored because the intent does not match. startActivityIntent=Intent { act=android.intent.action.MAIN cat=[android.intent.category.LAUNCHER] cmp=androidx.testutils.runtime.test/androidx.testutils.TestActivity }, activity.getIntent()=Intent { act=android.intent.action.MAIN cat=[android.intent.category.LAUNCHER] flg=0x10008000 cmp=androidx.testutils.runtime.test/androidx.test.core.app.InstrumentationActivityInvoker$BootstrapActivity (has extras) }, activity=androidx.test.core.app.InstrumentationActivityInvoker$BootstrapActivity@4a12c64
11-16 08:56:54.945: I/ActivityManager(1193): Displayed androidx.testutils.runtime.test/androidx.testutils.TestActivity: +125ms
11-16 08:56:54.946: I/ActivityManager(1193): START u0 {act=android.intent.action.MAIN cat=[android.intent.category.LAUNCHER] flg=0x10000000 cmp=androidx.testutils.runtime.test/androidx.test.core.app.InstrumentationActivityInvoker$EmptyActivity} from uid 10172
11-16 08:56:54.950: W/PrimesInit(17267): Primes instant initialization
11-16 08:56:54.951: W/SurfaceFlinger(644): Attempting to set client state on removed layer: Splash Screen androidx.testutils.runtime.test#0
11-16 08:56:54.952: W/SurfaceFlinger(644): Attempting to destroy on removed layer: Splash Screen androidx.testutils.runtime.test#0
11-16 08:56:54.952: W/Primes(17267): background initialization
11-16 08:56:54.954: D/android.hardware.power@1.3-service.crosshatch-libperfmgr(773): LAUNCH ON
11-16 08:56:54.961: D/LifecycleMonitor(16995): Lifecycle status change: androidx.testutils.TestActivity@c76aad0 in: PAUSED
11-16 08:56:54.962: V/ActivityScenario(16995): Update currentActivityStage to PAUSED, currentActivity=androidx.testutils.TestActivity@c76aad0
11-16 08:56:54.970: W/ActivityThread(16995): handleWindowVisibility: no activity for token android.os.BinderProxy@57f0da
11-16 08:56:54.976: D/LifecycleMonitor(16995): Lifecycle status change: androidx.test.core.app.InstrumentationActivityInvoker$EmptyActivity@cc503e8 in: PRE_ON_CREATE
11-16 08:56:54.976: V/ActivityScenario(16995): Activity lifecycle changed event received but ignored because the intent does not match. startActivityIntent=Intent { act=android.intent.action.MAIN cat=[android.intent.category.LAUNCHER] cmp=androidx.testutils.runtime.test/androidx.testutils.TestActivity }, activity.getIntent()=Intent { act=android.intent.action.MAIN cat=[android.intent.category.LAUNCHER] flg=0x10000000 cmp=androidx.testutils.runtime.test/androidx.test.core.app.InstrumentationActivityInvoker$EmptyActivity }, activity=androidx.test.core.app.InstrumentationActivityInvoker$EmptyActivity@cc503e8
11-16 08:56:54.981: I/BlobLobber(10061): Canceling downloads: [odws2_en:us:807_2019-07-21_260300236_release_signed]
11-16 08:56:54.981: I/BlobLobber(10061): Failed to cancel [odws2_en:us:807_2019-07-21_260300236_release_signed]
11-16 08:56:54.984: I/BgTaskExecutorImpl(10061): Starting EXCLUSIVE background task BLOBLOBBER_SYNC.
11-16 08:56:54.984: D/LifecycleMonitor(16995): Lifecycle status change: androidx.test.core.app.InstrumentationActivityInvoker$EmptyActivity@cc503e8 in: CREATED
11-16 08:56:54.984: V/ActivityScenario(16995): Activity lifecycle changed event received but ignored because the intent does not match. startActivityIntent=Intent { act=android.intent.action.MAIN cat=[android.intent.category.LAUNCHER] cmp=androidx.testutils.runtime.test/androidx.testutils.TestActivity }, activity.getIntent()=Intent { act=android.intent.action.MAIN cat=[android.intent.category.LAUNCHER] flg=0x10000000 cmp=androidx.testutils.runtime.test/androidx.test.core.app.InstrumentationActivityInvoker$EmptyActivity }, activity=androidx.test.core.app.InstrumentationActivityInvoker$EmptyActivity@cc503e8
11-16 08:56:54.985: D/LifecycleMonitor(16995): Lifecycle status change: androidx.test.core.app.InstrumentationActivityInvoker$EmptyActivity@cc503e8 in: STARTED
11-16 08:56:54.986: V/ActivityScenario(16995): Activity lifecycle changed event received but ignored because the intent does not match. startActivityIntent=Intent { act=android.intent.action.MAIN cat=[android.intent.category.LAUNCHER] cmp=androidx.testutils.runtime.test/androidx.testutils.TestActivity }, activity.getIntent()=Intent { act=android.intent.action.MAIN cat=[android.intent.category.LAUNCHER] flg=0x10000000 cmp=androidx.testutils.runtime.test/androidx.test.core.app.InstrumentationActivityInvoker$EmptyActivity }, activity=androidx.test.core.app.InstrumentationActivityInvoker$EmptyActivity@cc503e8
11-16 08:56:54.987: D/LifecycleMonitor(16995): Lifecycle status change: androidx.test.core.app.InstrumentationActivityInvoker$EmptyActivity@cc503e8 in: RESUMED
11-16 08:56:54.987: V/ActivityScenario(16995): Activity lifecycle changed event received but ignored because the intent does not match. startActivityIntent=Intent { act=android.intent.action.MAIN cat=[android.intent.category.LAUNCHER] cmp=androidx.testutils.runtime.test/androidx.testutils.TestActivity }, activity.getIntent()=Intent { act=android.intent.action.MAIN cat=[android.intent.category.LAUNCHER] flg=0x10000000 cmp=androidx.testutils.runtime.test/androidx.test.core.app.InstrumentationActivityInvoker$EmptyActivity }, activity=androidx.test.core.app.InstrumentationActivityInvoker$EmptyActivity@cc503e8
11-16 08:56:55.006: I/GoogleInputMethod(3625): onFinishInput() : Dummy InputConnection bound
11-16 08:56:55.007: I/GoogleInputMethod(3625): onStartInput() : Dummy InputConnection bound
11-16 08:56:55.009: I/OpaEligibilityChecker(10061): send OpaEligibilityChange broadcast to CommonBroadcastReceiver
11-16 08:56:55.012: I/OpaEnabledReceiver(3635): Dispatching OPA eligble = true; AGSA = true; OPA enabled = true
11-16 08:56:55.012: I/OpaLayout(3635): Setting opa enabled to true
11-16 08:56:55.012: I/OpaLayout(3635): Setting opa enabled to true
11-16 08:56:55.014: I/dex2oat(17294): dex2oat took 242.151ms (72.128ms cpu) (threads: 8) arena alloc=11KB (11352B) java alloc=48KB (49168B) native alloc=904KB (926400B) free=1655KB (1695040B)
11-16 08:56:55.027: I/ActivityManager(1193): START u0 {act=android.intent.action.MAIN cat=[android.intent.category.LAUNCHER] flg=0x10000000 cmp=androidx.testutils.runtime.test/androidx.test.core.app.InstrumentationActivityInvoker$EmptyActivity} from uid 10172
11-16 08:56:55.028: I/OpaEnabledReceiver(3635): Dispatching OPA eligble = true; AGSA = true; OPA enabled = true
11-16 08:56:55.028: I/OpaLayout(3635): Setting opa enabled to true
11-16 08:56:55.028: I/OpaLayout(3635): Setting opa enabled to true
11-16 08:56:55.029: I/android.youtub(17103): The ClassLoaderContext is a special shared library.
11-16 08:56:55.029: D/android.hardware.power@1.3-service.crosshatch-libperfmgr(773): LAUNCH ON
11-16 08:56:55.035: I/PrimesTesting(17267): GserviceFlagsSupplier.get()
11-16 08:56:55.041: I/OpaEnabledReceiver(3635): Dispatching OPA eligble = true; AGSA = true; OPA enabled = true
11-16 08:56:55.041: I/OpaLayout(3635): Setting opa enabled to true
11-16 08:56:55.042: I/OpaLayout(3635): Setting opa enabled to true
11-16 08:56:55.048: I/OpaEligibilityChecker(10061): send OpaEligibilityChange broadcast to CommonBroadcastReceiver
11-16 08:56:55.059: I/OpaEnabledReceiver(3635): Dispatching OPA eligble = true; AGSA = true; OPA enabled = true
11-16 08:56:55.059: I/OpaLayout(3635): Setting opa enabled to true
11-16 08:56:55.059: I/OpaLayout(3635): Setting opa enabled to true
11-16 08:56:55.066: D/LifecycleMonitor(16995): Lifecycle status change: androidx.test.core.app.InstrumentationActivityInvoker$EmptyActivity@cc503e8 in: PAUSED
11-16 08:56:55.066: V/ActivityScenario(16995): Activity lifecycle changed event received but ignored because the intent does not match. startActivityIntent=Intent { act=android.intent.action.MAIN cat=[android.intent.category.LAUNCHER] cmp=androidx.testutils.runtime.test/androidx.testutils.TestActivity }, activity.getIntent()=Intent { act=android.intent.action.MAIN cat=[android.intent.category.LAUNCHER] flg=0x10000000 cmp=androidx.testutils.runtime.test/androidx.test.core.app.InstrumentationActivityInvoker$EmptyActivity }, activity=androidx.test.core.app.InstrumentationActivityInvoker$EmptyActivity@cc503e8
11-16 08:56:55.067: D/ConnectivityService(1193): requestNetwork for uid/pid:10080/17103 NetworkRequest [ TRACK_DEFAULT id=52, [ Capabilities: INTERNET&NOT_RESTRICTED&TRUSTED Unwanted:  Uid: 10080] ]
11-16 08:56:55.068: D/PhoneSwitcherNetworkRequstListener(3781): got request NetworkRequest [ TRACK_DEFAULT id=52, [ Capabilities: INTERNET&NOT_RESTRICTED&TRUSTED Unwanted:  Uid: 10080] ] with score 60
11-16 08:56:55.068: D/WIFI_AWARE_FACTORY(1193): got request NetworkRequest [ TRACK_DEFAULT id=52, [ Capabilities: INTERNET&NOT_RESTRICTED&TRUSTED Unwanted:  Uid: 10080] ] with score 60
11-16 08:56:55.069: D/WIFI_UT(1193): got request NetworkRequest [ TRACK_DEFAULT id=52, [ Capabilities: INTERNET&NOT_RESTRICTED&TRUSTED Unwanted:  Uid: 10080] ] with score 60
11-16 08:56:55.069: D/WIFI(1193): got request NetworkRequest [ TRACK_DEFAULT id=52, [ Capabilities: INTERNET&NOT_RESTRICTED&TRUSTED Unwanted:  Uid: 10080] ] with score 60
11-16 08:56:55.069: D/Ethernet(1193): got request NetworkRequest [ TRACK_DEFAULT id=52, [ Capabilities: INTERNET&NOT_RESTRICTED&TRUSTED Unwanted:  Uid: 10080] ] with score 60
11-16 08:56:55.076: D/LifecycleMonitor(16995): Lifecycle status change: androidx.test.core.app.InstrumentationActivityInvoker$BootstrapActivity@4a12c64 in: DESTROYED
11-16 08:56:55.077: V/ActivityScenario(16995): Activity lifecycle changed event received but ignored because the intent does not match. startActivityIntent=Intent { act=android.intent.action.MAIN cat=[android.intent.category.LAUNCHER] cmp=androidx.testutils.runtime.test/androidx.testutils.TestActivity }, activity.getIntent()=Intent { act=android.intent.action.MAIN cat=[android.intent.category.LAUNCHER] flg=0x10008000 cmp=androidx.testutils.runtime.test/androidx.test.core.app.InstrumentationActivityInvoker$BootstrapActivity (has extras) }, activity=androidx.test.core.app.InstrumentationActivityInvoker$BootstrapActivity@4a12c64
11-16 08:56:55.077: W/ActivityThread(16995): handleWindowVisibility: no activity for token android.os.BinderProxy@9267839
11-16 08:56:55.081: D/LifecycleMonitor(16995): Lifecycle status change: androidx.test.core.app.InstrumentationActivityInvoker$EmptyActivity@f07afdf in: PRE_ON_CREATE
11-16 08:56:55.082: V/ActivityScenario(16995): Activity lifecycle changed event received but ignored because the intent does not match. startActivityIntent=Intent { act=android.intent.action.MAIN cat=[android.intent.category.LAUNCHER] cmp=androidx.testutils.runtime.test/androidx.testutils.TestActivity }, activity.getIntent()=Intent { act=android.intent.action.MAIN cat=[android.intent.category.LAUNCHER] flg=0x10000000 cmp=androidx.testutils.runtime.test/androidx.test.core.app.InstrumentationActivityInvoker$EmptyActivity }, activity=androidx.test.core.app.InstrumentationActivityInvoker$EmptyActivity@f07afdf
11-16 08:56:55.089: D/LifecycleMonitor(16995): Lifecycle status change: androidx.test.core.app.InstrumentationActivityInvoker$EmptyActivity@f07afdf in: CREATED
11-16 08:56:55.089: V/ActivityScenario(16995): Activity lifecycle changed event received but ignored because the intent does not match. startActivityIntent=Intent { act=android.intent.action.MAIN cat=[android.intent.category.LAUNCHER] cmp=androidx.testutils.runtime.test/androidx.testutils.TestActivity }, activity.getIntent()=Intent { act=android.intent.action.MAIN cat=[android.intent.category.LAUNCHER] flg=0x10000000 cmp=androidx.testutils.runtime.test/androidx.test.core.app.InstrumentationActivityInvoker$EmptyActivity }, activity=androidx.test.core.app.InstrumentationActivityInvoker$EmptyActivity@f07afdf
11-16 08:56:55.091: D/LifecycleMonitor(16995): Lifecycle status change: androidx.test.core.app.InstrumentationActivityInvoker$EmptyActivity@f07afdf in: STARTED
11-16 08:56:55.091: V/ActivityScenario(16995): Activity lifecycle changed event received but ignored because the intent does not match. startActivityIntent=Intent { act=android.intent.action.MAIN cat=[android.intent.category.LAUNCHER] cmp=androidx.testutils.runtime.test/androidx.testutils.TestActivity }, activity.getIntent()=Intent { act=android.intent.action.MAIN cat=[android.intent.category.LAUNCHER] flg=0x10000000 cmp=androidx.testutils.runtime.test/androidx.test.core.app.InstrumentationActivityInvoker$EmptyActivity }, activity=androidx.test.core.app.InstrumentationActivityInvoker$EmptyActivity@f07afdf
11-16 08:56:55.093: D/LifecycleMonitor(16995): Lifecycle status change: androidx.test.core.app.InstrumentationActivityInvoker$EmptyActivity@f07afdf in: RESUMED
11-16 08:56:55.093: V/ActivityScenario(16995): Activity lifecycle changed event received but ignored because the intent does not match. startActivityIntent=Intent { act=android.intent.action.MAIN cat=[android.intent.category.LAUNCHER] cmp=androidx.testutils.runtime.test/androidx.testutils.TestActivity }, activity.getIntent()=Intent { act=android.intent.action.MAIN cat=[android.intent.category.LAUNCHER] flg=0x10000000 cmp=androidx.testutils.runtime.test/androidx.test.core.app.InstrumentationActivityInvoker$EmptyActivity }, activity=androidx.test.core.app.InstrumentationActivityInvoker$EmptyActivity@f07afdf
11-16 08:56:55.097: I/system_server(1193): NativeAlloc concurrent copying GC freed 34589(2031KB) AllocSpace objects, 14(660KB) LOS objects, 42% free, 17MB/30MB, paused 55us total 169.338ms
11-16 08:56:55.100: I/android.youtub(17103): Rejecting re-init on previously-failed class java.lang.Class<com.google.android.ads.tasks.appdigest.a>: java.lang.NoClassDefFoundError: Failed resolution of: Landroid/content/pm/PackageManager$OnChecksumsReadyListener;
11-16 08:56:55.101: I/android.youtub(17103):   at java.lang.Class dalvik.system.DexFile.defineClassNative(java.lang.String, java.lang.ClassLoader, java.lang.Object, dalvik.system.DexFile) (DexFile.java:-2)
11-16 08:56:55.101: I/android.youtub(17103):   at java.lang.Class dalvik.system.DexFile.defineClass(java.lang.String, java.lang.ClassLoader, java.lang.Object, dalvik.system.DexFile, java.util.List) (DexFile.java:283)
11-16 08:56:55.101: I/android.youtub(17103):   at java.lang.Class dalvik.system.DexFile.loadClassBinaryName(java.lang.String, java.lang.ClassLoader, java.util.List) (DexFile.java:276)
11-16 08:56:55.101: I/android.youtub(17103):   at java.lang.Class dalvik.system.DexPathList$Element.findClass(java.lang.String, java.lang.ClassLoader, java.util.List) (DexPathList.java:724)
11-16 08:56:55.101: I/android.youtub(17103):   at java.lang.Class dalvik.system.DexPathList.findClass(java.lang.String, java.util.List) (DexPathList.java:486)
11-16 08:56:55.101: I/android.youtub(17103):   at java.lang.Class dalvik.system.BaseDexClassLoader.findClass(java.lang.String) (BaseDexClassLoader.java:132)
11-16 08:56:55.101: I/android.youtub(17103):   at java.lang.Class bg.loadClass(java.lang.String, boolean) (:com.google.android.gms.dynamite_dynamiteloader@213614065@21.36.14 (100400-0):2)
11-16 08:56:55.101: I/android.youtub(17103):   at java.lang.Class java.lang.ClassLoader.loadClass(java.lang.String) (ClassLoader.java:312)
11-16 08:56:55.101: I/android.youtub(17103):   at java.util.List xu.r(yv, android.content.Context, bqi, com.google.ads.afma.g) (:com.google.android.gms.policy_ads_fdr_dynamite@213806100@213806100057.397311113.397311113:5)
11-16 08:56:55.101: I/android.youtub(17103):   at java.util.List xv.r(yv, android.content.Context, bqi, com.google.ads.afma.g) (:com.google.android.gms.policy_ads_fdr_dynamite@213806100@213806100057.397311113.397311113:4)
11-16 08:56:55.101: I/android.youtub(17103):   at void xu.s(yv, android.content.Context, bqi, com.google.ads.afma.g) (:com.google.android.gms.policy_ads_fdr_dynamite@213806100@213806100057.397311113.397311113:0)
11-16 08:56:55.101: I/android.youtub(17103):   at bqi xu.m(android.content.Context, com.google.ads.afma.g) (:com.google.android.gms.policy_ads_fdr_dynamite@213806100@213806100057.397311113.397311113:7)
11-16 08:56:55.101: I/android.youtub(17103):   at java.lang.String xp.r(android.content.Context, java.lang.String, int, android.view.View, android.app.Activity, byte[]) (:com.google.android.gms.policy_ads_fdr_dynamite@213806100@213806100057.397311113.397311113:8)
11-16 08:56:55.101: I/android.youtub(17103):   at java.lang.String xp.g(android.content.Context, byte[]) (:com.google.android.gms.policy_ads_fdr_dynamite@213806100@213806100057.397311113.397311113:2)
11-16 08:56:55.101: I/android.youtub(17103):   at java.lang.String com.google.android.gms.ads.adshield.internal.a.b(aqh, byte[]) (:com.google.android.gms.policy_ads_fdr_dynamite@213806100@213806100057.397311113.397311113:1)
11-16 08:56:55.101: I/android.youtub(17103):   at boolean com.google.android.gms.ads.adshield.internal.a.bJ(int, android.os.Parcel, android.os.Parcel) (:com.google.android.gms.policy_ads_fdr_dynamite@213806100@213806100057.397311113.397311113:54)
11-16 08:56:55.101: I/android.youtub(17103):   at boolean zg.onTransact(int, android.os.Parcel, android.os.Parcel, int) (:com.google.android.gms.policy_ads_fdr_dynamite@213806100@213806100057.397311113.397311113:4)
11-16 08:56:55.101: I/android.youtub(17103):   at boolean android.os.Binder.transact(int, android.os.Parcel, android.os.Parcel, int) (Binder.java:667)
11-16 08:56:55.101: I/android.youtub(17103):   at android.os.Parcel pcs.a(int, android.os.Parcel) (SourceFile:7)
11-16 08:56:55.101: I/android.youtub(17103):   at java.lang.String pkk.a(oms, byte[]) (SourceFile:40)
11-16 08:56:55.101: I/android.youtub(17103):   at java.lang.String nrc.a(android.content.Context, byte[]) (SourceFile:6)
11-16 08:56:55.101: I/android.youtub(17103):   at java.lang.String qis.a(android.content.Context, byte[]) (SourceFile:10)
11-16 08:56:55.101: I/android.youtub(17103):   at java.lang.String skv.a(qio, byte[]) (SourceFile:59)
11-16 08:56:55.101: I/android.youtub(17103):   at java.lang.String skv.g() (SourceFile:41)
11-16 08:56:55.101: I/android.youtub(17103):   at java.lang.String skv.b() (SourceFile:69)
11-16 08:56:55.101: I/android.youtub(17103):   at java.lang.String slq.i() (SourceFile:56)
11-16 08:56:55.101: I/android.youtub(17103):   at java.lang.String slq.b() (SourceFile:32)
11-16 08:56:55.101: I/android.youtub(17103):   at void slq.e() (SourceFile:37)
11-16 08:56:55.101: I/android.youtub(17103):   at void cmk.run() (SourceFile:7)
11-16 08:56:55.101: I/android.youtub(17103):   at java.lang.Object java.util.concurrent.Executors$RunnableAdapter.call() (Executors.java:458)
11-16 08:56:55.101: I/android.youtub(17103):   at void java.util.concurrent.FutureTask.run() (FutureTask.java:266)
11-16 08:56:55.101: I/android.youtub(17103):   at void java.util.concurrent.ScheduledThreadPoolExecutor$ScheduledFutureTask.run() (ScheduledThreadPoolExecutor.java:301)
11-16 08:56:55.101: I/android.youtub(17103):   at void java.util.concurrent.ThreadPoolExecutor.runWorker(java.util.concurrent.ThreadPoolExecutor$Worker) (ThreadPoolExecutor.java:1167)
11-16 08:56:55.101: I/android.youtub(17103):   at void java.util.concurrent.ThreadPoolExecutor$Worker.run() (ThreadPoolExecutor.java:641)
11-16 08:56:55.101: I/android.youtub(17103):   at void ubi.run() (SourceFile:20)
11-16 08:56:55.101: I/android.youtub(17103):   at void java.lang.Thread.run() (Thread.java:764)
11-16 08:56:55.101: I/android.youtub(17103): Caused by: java.lang.ClassNotFoundException: Didn't find class "android.content.pm.PackageManager$OnChecksumsReadyListener" on path: DexPathList[[zip file "/data/user_de/0/com.google.android.gms/app_chimera/m/00000010/dl-AdsFdrDynamite.integ_213806100100000.apk"],nativeLibraryDirectories=[/data/user_de/0/com.google.android.gms/app_chimera/m/00000010/dl-AdsFdrDynamite.integ_213806100100000.apk!/lib/arm64-v8a, /system/lib64]]
11-16 08:56:55.101: I/android.youtub(17103):   at java.lang.Class dalvik.system.BaseDexClassLoader.findClass(java.lang.String) (BaseDexClassLoader.java:134)
11-16 08:56:55.101: I/android.youtub(17103):   at java.lang.Class java.lang.ClassLoader.loadClass(java.lang.String, boolean) (ClassLoader.java:379)
11-16 08:56:55.101: I/android.youtub(17103):   at java.lang.Class bg.loadClass(java.lang.String, boolean) (:com.google.android.gms.dynamite_dynamiteloader@213614065@21.36.14 (100400-0):3)
11-16 08:56:55.101: I/android.youtub(17103):   at java.lang.Class java.lang.ClassLoader.loadClass(java.lang.String) (ClassLoader.java:312)
11-16 08:56:55.101: I/android.youtub(17103):   at java.lang.Class dalvik.system.DexFile.defineClassNative(java.lang.String, java.lang.ClassLoader, java.lang.Object, dalvik.system.DexFile) (DexFile.java:-2)
