11-16 08:56:40.646: I/CarrierServices(10055):    carrier_services_security_flags_ec_api_white_listed_packages: com.google.android.apps.messaging,com.google.android.dialer,com.google.android.ims.client.sampleapp,com.android.contacts,com.lge.rcscall,com.android.incallui,com.huawei.incallui.appfeature.rcsfeature
11-16 08:56:40.646: I/CarrierServices(10055):    carrier_services_security_flags_ec_api_white_listed_signatures: B28C3EDB665DF32686224DF800F603E9959BBE4E,0980A12BE993528C19107BC21AD811478C63CEFC,B38FA7B5ECFAEC44620A020752B07E063B3120A8,203997BC46B8792DC9747ABD230569071F9A0439,EDA6413C3E3A95492114FE07CD953AD897E40D1A,760EBB9F4200B3DFB1B817B40FF0563A3C150D39,5B368CFF2DA2686996BC95EAC190EAA4F5630FE5,01D845B26B688D8EF647205A5944E9407E52E06E,27196E386B875E76ADF700E7EA84E4C6EEE33DFA,1CDD04F1E4A732BB0352FDFAEE26D2315526DF85,025D5212BF3B5F5CDA6117A518721D70A94D84E0
11-16 08:56:40.646: I/CarrierServices(10055):    carrier_services_security_flags_test_service_white_listed_packages: com.google.android.ims.mobly.snippets
11-16 08:56:40.646: I/CarrierServices(10055):    carrier_services_security_flags_test_service_white_listed_signatures: AE41481F52E0F58DF2806D5A38EB3DBCA5AE02B0,E165542B31953CC282AA4EF2F4D5F07F7663A2A2
11-16 08:56:40.646: I/CarrierServices(10055):    carrier_services_security_flags_white_listed_packages: com.google.android.apps.messaging,com.google.android.dialer,com.google.android.ims.client.sampleapp,com.android.contacts,com.lge.rcscall,com.android.incallui,com.huawei.incallui.appfeature.rcsfeature
11-16 08:56:40.646: I/CarrierServices(10055):    carrier_services_security_flags_white_listed_signatures: B28C3EDB665DF32686224DF800F603E9959BBE4E,0980A12BE993528C19107BC21AD811478C63CEFC,B38FA7B5ECFAEC44620A020752B07E063B3120A8,203997BC46B8792DC9747ABD230569071F9A0439,EDA6413C3E3A95492114FE07CD953AD897E40D1A,760EBB9F4200B3DFB1B817B40FF0563A3C150D39,5B368CFF2DA2686996BC95EAC190EAA4F5630FE5,01D845B26B688D8EF647205A5944E9407E52E06E,27196E386B875E76ADF700E7EA84E4C6EEE33DFA,1CDD04F1E4A732BB0352FDFAEE26D2315526DF85,025D5212BF3B5F5CDA6117A518721D70A94D84E0
11-16 08:56:40.646: I/CarrierServices(10055):    carrier_services_video_share_disabled_user_agent_substrings: SM-G930,SM-G935,SM-A320
11-16 08:56:40.646: I/CarrierServices(10055): ====================
11-16 08:56:40.650: I/Bugle(10197): ApnsOta: OTA version -1
11-16 08:56:40.679: D/CarrierServices(10055): log_saver already enabled
11-16 08:56:40.711: I/EuiccGoogle(15667): [2] GservicesChangedReceiver.onReceive: Setting EUICC_SUPPORTED_COUNTRIES to de,gb,in,us
11-16 08:56:40.712: D/BugleRcsEngine(10216): log_saver already enabled
11-16 08:56:40.727: I/Backup(14293): [GmsBackupStatusChangeReceiver] Going to enable gms backup transport.
11-16 08:56:40.739: D/BugleRcsEngine(10216): log_saver already enabled
11-16 08:56:40.742: I/chatty(10216): uid=10111(com.google.android.apps.messaging) AsyncTask #12 identical 1 line
11-16 08:56:40.744: D/BugleRcsEngine(10216): log_saver already enabled
11-16 08:56:40.746: I/Backup(14293): [BackupTransportMigratorChimeraService] Starting migration...
11-16 08:56:40.750: I/NetRec(10948): [920] aiad.a: onConfigChanged()
11-16 08:56:40.754: I/Herrevad(10948): [917] zcq.a: updateListenState
11-16 08:56:40.754: I/BgTaskExecutorImpl(10061): Starting NONEXCLUSIVE background task UPDATE_GSERVICES_CONFIG.
11-16 08:56:40.759: W/SearchServiceCore(10061): Abort, client detached.
11-16 08:56:40.759: I/GmsModuleFndr(14293): Beginning GMS chimera module scan
11-16 08:56:40.759: I/NetRec(10948): [920] aiad.a: Cancelling all NetRec GCM tasks
11-16 08:56:40.760: I/GservicesUpdateTask(10061): Updating Gservices keys
11-16 08:56:40.764: I/ActivityManager(1193): Start proc 15698:com.google.process.gapps/u0a7 for broadcast com.google.android.gsf/.loginservice.ServicesWatcher
11-16 08:56:40.768: I/NetRec(10948): [915] ClearDatabaseService.onHandleIntent: Clearing score cache
11-16 08:56:40.770: I/Auth(10948): [AuthManaged, PasswordComplexityHelperImpl] Updating password complexity components state.
11-16 08:56:40.770: I/Auth(10948): [AuthManaged, PasswordComplexityHelperImpl] Enabling com.google.android.gms.auth.managed.ui.SetNewPasswordActivity
11-16 08:56:40.777: I/ModuleSetMgr(14293): Computing pending module set with APKs: [[AdsFdrDynamite.integ:213806100100000], [Enpromo.integ:214106000100000], [Pay.optional:213614100000], [VisionOcr.optional:213614100400], [AdsFdrDynamite.integ:212104400100000], [Cronetdynamite:213614100400], [Dynamiteloader:213614100000], [Dynamitemodulesa:213614100000], [Dynamitemodulesc:213614100000], [Googlecertificates:213614100000], [Mapsdynamite:213614100000], [Measurementdynamite:213614100000]]
11-16 08:56:40.782: D/BoundBrokerSvc(14293): onBind: Intent { act=com.google.android.gms.auth.key.retrieval.service.START cmp=com.google.android.gms/.chimera.GmsApiService }
11-16 08:56:40.782: D/BoundBrokerSvc(14293): Loading bound service for intent: Intent { act=com.google.android.gms.auth.key.retrieval.service.START cmp=com.google.android.gms/.chimera.GmsApiService }
11-16 08:56:40.784: E/e.process.gapp(15698): Not starting debugger since process cannot load the jdwp agent.
11-16 08:56:40.803: I/e.process.gapp(15698): The ClassLoaderContext is a special shared library.
11-16 08:56:40.820: I/ModuleSetMgr(14293): Pending container module APKs: [[Pay.optional:213614100000], [VisionOcr.optional:213614100400]]
11-16 08:56:40.820: I/ModuleSetMgr(14293): Pending non-container module APKs: [[Enpromo.integ:214106000100000], [AdsFdrDynamite.integ:213806100100000]]
11-16 08:56:40.824: I/GCoreUlr(10948): WorldUpdater received intent Intent { act=com.google.android.location.reporting.ACTION_UPDATE_WORLD cmp=com.google.android.gms/com.google.android.location.reporting.service.DispatchingService (has extras) } with receiverAction com.google.gservices.intent.action.GSERVICES_CHANGED [CONTEXT service_id=22 ]
11-16 08:56:40.835: W/PackageParser(14293): Unknown element under <manifest>: queries at /data/user_de/0/com.google.android.gms/app_chimera/m/00000007/AdsDynamite.apk Binary XML file line #5
11-16 08:56:40.842: I/.gms.persisten(10948): Background concurrent copying GC freed 151510(12MB) AllocSpace objects, 10(480KB) LOS objects, 49% free, 12MB/24MB, paused 978us total 119.869ms
11-16 08:56:40.843: I/GoogleHttpClient(15698): GMS http client unavailable, use old client
11-16 08:56:40.853: W/PackageParser(14293): Unknown element under <manifest>: queries at /data/user_de/0/com.google.android.gms/app_chimera/m/00000010/dl-AdsFdrDynamite.integ_213806100100000.apk Binary XML file line #11
11-16 08:56:40.858: I/GCoreUlr(10948): WorldUpdater:com.google.gservices.intent.action.GSERVICES_CHANGED: Ensuring that reporting is stopped because of reasons: (no Google accounts) [CONTEXT service_id=22 ]
11-16 08:56:40.869: I/GCoreUlr(10948): Unbound from all signal providers. [CONTEXT service_id=22 ]
11-16 08:56:40.875: I/RecoverableKeyStoreGms(14293): [RecoverableKeyStoreGmsInitOperation] Initializing auth_folsom
11-16 08:56:40.884: I/ActivityManager(1193): Killing 14137:com.google.intelligence.sense/u0a31 (adj 906): empty #17
11-16 08:56:40.885: W/libprocessgroup(1193): kill(-14137, 9) failed: No such process
11-16 08:56:40.890: I/RecoverableKeyStoreGms(14293): [RecoverableKeyStoreGmsInitOperation] com.google.android.gms.auth.folsom.service.FolsomPublicKeyUpdateService is already enabled. Ignore.
11-16 08:56:40.891: I/RecoverableKeyStoreGms(14293): [RecoverableKeyStoreGmsInitOperation] com.google.android.gms.auth.folsom.service.GcmReceiverService is already enabled. Ignore.
11-16 08:56:40.891: I/GCoreUlr(10948): Unbound from all signal providers. [CONTEXT service_id=22 ]
11-16 08:56:40.891: I/ChromeSync(14293): [Sync,SyncIntentOperation] Handling the intent: Intent { act=com.google.gservices.intent.action.GSERVICES_CHANGED flg=0x1000010 pkg=com.google.android.gms cmp=com.google.android.gms/.chimera.GmsIntentOperationService$PersistentInternalReceiver }.
11-16 08:56:40.891: I/GCoreUlr(10948): Stopping handler for UlrDispSvcFast [CONTEXT service_id=22 ]
11-16 08:56:40.894: D/BoundBrokerSvc(10948): onBind: Intent { act=com.google.android.gms.scheduler.ACTION_PROXY_SCHEDULE cmp=com.google.android.gms/.chimera.PersistentInternalBoundBrokerService }
11-16 08:56:40.894: D/BoundBrokerSvc(10948): Loading bound service for intent: Intent { act=com.google.android.gms.scheduler.ACTION_PROXY_SCHEDULE cmp=com.google.android.gms/.chimera.PersistentInternalBoundBrokerService }
11-16 08:56:40.894: V/RecoverableKeyStoreMgr(1193): Not updating secret types - same as old value.
11-16 08:56:40.898: I/ActivityManager(1193): Start proc 15717:com.google.android.partnersetup/u0a49 for broadcast com.google.android.partnersetup/.RlzPingBroadcastReceiver
11-16 08:56:40.901: I/GCoreUlr(10948): DispatchingService ignoring Intent { act=android.net.wifi.WIFI_STATE_CHANGED flg=0x4000010 (has extras) } because ULR inactive [CONTEXT service_id=22 ]
11-16 08:56:40.905: I/Zygote(735): Process 14137 exited due to signal (9)
11-16 08:56:40.906: I/RecoverableKeyStoreGms(14293): [RecoverableKeyStoreGmsInitOperation] Setting vault handle
11-16 08:56:40.907: V/RecoverableKeyStoreMgr(1193): Not updating server params - same as old value.
11-16 08:56:40.910: I/DynamiteModule(14293): Considering local module com.google.android.gms.flags:3 and remote module com.google.android.gms.flags:3
11-16 08:56:40.910: I/DynamiteModule(14293): Selected local version of com.google.android.gms.flags
11-16 08:56:40.911: E/id.partnersetu(15717): Not starting debugger since process cannot load the jdwp agent.
11-16 08:56:40.918: W/libprocessgroup(1193): kill(-14137, 9) failed: No such process
11-16 08:56:40.918: I/libprocessgroup(1193): Successfully killed process cgroup uid 10031 pid 14137 in 33ms
11-16 08:56:40.918: I/RecoverableKeyStoreGms(14293): [EnrollmentManager] Returning certificates list from cache
11-16 08:56:40.924: I/GmsModuleFndr(14293): Beginning GMS chimera module scan
11-16 08:56:40.936: I/id.partnersetu(15717): The ClassLoaderContext is a special shared library.
11-16 08:56:40.948: I/MobileDataHub(14293): Scheduling periodic tasks
11-16 08:56:40.958: I/ModuleSetMgr(14293): Computing pending module set with APKs: [[AdsFdrDynamite.integ:213806100100000], [Enpromo.integ:214106000100000], [Pay.optional:213614100000], [VisionOcr.optional:213614100400], [AdsFdrDynamite.integ:212104400100000], [Cronetdynamite:213614100400], [Dynamiteloader:213614100000], [Dynamitemodulesa:213614100000], [Dynamitemodulesc:213614100000], [Googlecertificates:213614100000], [Mapsdynamite:213614100000], [Measurementdynamite:213614100000]]
11-16 08:56:40.963: I/RecoverableKeyStoreMgr(1193): The cert file serial number is the same, so skip updating.
11-16 08:56:40.963: I/RecoverableKeyStoreGms(14293): [EnrollmentManager] Recovery service is initialized.
11-16 08:56:40.967: W/MobileDataHub(14293): [Service] appsupload-periodic periodic task disabled
11-16 08:56:40.972: I/RecoverySnapshotLstnrs(1193): Registered listener for agent with uid 10007
11-16 08:56:40.975: E/RecoverySnapshotStorage(1193): Error reading snapshot for 10007 from disk
11-16 08:56:40.975: E/RecoverySnapshotStorage(1193): java.io.FileNotFoundException: /data/system/recoverablekeystore/snapshots/10007.xml (No such file or directory)
11-16 08:56:40.975: E/RecoverySnapshotStorage(1193): 	at java.io.FileInputStream.open0(Native Method)
11-16 08:56:40.975: E/RecoverySnapshotStorage(1193): 	at java.io.FileInputStream.open(FileInputStream.java:231)
11-16 08:56:40.975: E/RecoverySnapshotStorage(1193): 	at java.io.FileInputStream.<init>(FileInputStream.java:165)
11-16 08:56:40.975: E/RecoverySnapshotStorage(1193): 	at com.android.server.locksettings.recoverablekeystore.storage.RecoverySnapshotStorage.readFromDisk(RecoverySnapshotStorage.java:152)
11-16 08:56:40.975: E/RecoverySnapshotStorage(1193): 	at com.android.server.locksettings.recoverablekeystore.storage.RecoverySnapshotStorage.get(RecoverySnapshotStorage.java:104)
11-16 08:56:40.975: E/RecoverySnapshotStorage(1193): 	at com.android.server.locksettings.recoverablekeystore.RecoverableKeyStoreManager.getKeyChainSnapshot(RecoverableKeyStoreManager.java:331)
11-16 08:56:40.975: E/RecoverySnapshotStorage(1193): 	at com.android.server.locksettings.LockSettingsService.getKeyChainSnapshot(LockSettingsService.java:2032)
11-16 08:56:40.975: E/RecoverySnapshotStorage(1193): 	at com.android.internal.widget.ILockSettings$Stub.onTransact(ILockSettings.java:356)
11-16 08:56:40.975: E/RecoverySnapshotStorage(1193): 	at android.os.Binder.execTransact(Binder.java:731)
11-16 08:56:40.977: I/RecoverableKeyStoreGms(14293): [WrappingKeyManager] Can't generate wrapping key - missing lock screeen
11-16 08:56:41.011: I/MS_Utils(14293): version of com.google.android.apps.maps = 1022101040
11-16 08:56:41.018: I/ActivityManager(1193): Killing 9562:android.process.media/u0a8 (adj 906): empty #17
11-16 08:56:41.019: W/libprocessgroup(1193): kill(-9562, 9) failed: No such process
11-16 08:56:41.032: I/ActivityManager(1193): Start proc 15741:com.google.intelligence.sense/u0a31 for broadcast com.google.intelligence.sense/.ambientmusic.SystemBroadcastReceiver
11-16 08:56:41.033: I/Zygote(735): Process 9562 exited due to signal (9)
11-16 08:56:41.036: I/MdiSyncModule(14293): flag handling is skipping irrelevant intent.
11-16 08:56:41.039: E/elligence.sens(15741): Not starting debugger since process cannot load the jdwp agent.
11-16 08:56:41.043: I/ModuleSetMgr(14293): Pending container module APKs: [[Pay.optional:213614100000], [VisionOcr.optional:213614100400]]
11-16 08:56:41.046: I/ModuleSetMgr(14293): Pending non-container module APKs: [[Enpromo.integ:214106000100000], [AdsFdrDynamite.integ:213806100100000]]
11-16 08:56:41.063: W/libprocessgroup(1193): kill(-9562, 9) failed: No such process
11-16 08:56:41.063: I/libprocessgroup(1193): Successfully killed process cgroup uid 10008 pid 9562 in 44ms
11-16 08:56:41.068: I/SystemUpdate(14293): [Installation,ReceiverIntentOperation] Received intent: Intent { act=com.google.gservices.intent.action.GSERVICES_CHANGED flg=0x1000010 pkg=com.google.android.gms cmp=com.google.android.gms/.chimera.GmsIntentOperationService$PersistentInternalReceiver }.
11-16 08:56:41.080: W/native(15741): commandlineflags.cc:1511 Ignoring RegisterValidateFunction() for flag pointer 0x798c858598: no flag found at that address
11-16 08:56:41.101: W/PackageParser(14293): Unknown element under <manifest>: queries at /data/user_de/0/com.google.android.gms/app_chimera/m/00000007/AdsDynamite.apk Binary XML file line #5
11-16 08:56:41.112: E/elligence.sens(15741): The String#value field is not present on Android versions >= 6.0
11-16 08:56:41.146: W/DynamiteModule(14293): Local module descriptor class for com.google.android.gms.vision.dynamite.ocr not found.
11-16 08:56:41.146: W/ProviderHelper(14293): Unknown dynamite feature vision.dynamite.ocr
11-16 08:56:41.146: I/DynamiteModule(14293): Considering local module com.google.android.gms.vision.dynamite.ocr:0 and remote module com.google.android.gms.vision.dynamite.ocr:0
11-16 08:56:41.147: I/DynamiteModule(14293): Considering local module com.google.android.gms.vision.ocr:0 and remote module com.google.android.gms.vision.ocr:1
11-16 08:56:41.147: I/DynamiteModule(14293): Selected remote version of com.google.android.gms.vision.ocr, version >= 1
11-16 08:56:41.149: I/Superpacks(15741): Releasing all superpacks except ambientmusic-index-17_09_02
11-16 08:56:41.149: W/gle.android.gm(14293): Unsupported class loader
11-16 08:56:41.150: W/gle.android.gm(14293): Skipping duplicate class check due to unsupported classloader
11-16 08:56:41.190: I/native(14293): I1116 08:56:41.190040   15545 start_ocr_856638336_langid.cc:35] StartOcr with label: latin_script_gmvapi_android
11-16 08:56:41.190: I/native(14293): I1116 08:56:41.190206   15545 jni_helper.cc:122] Loading model config /data/user/0/com.google.android.gms/cache/vision/ocr/data/models/semanticlift_rpn_lstm_engine_tfmini.bincfg
11-16 08:56:41.193: I/Superpacks(15741): Starting garbage collection
11-16 08:56:41.194: W/Superpacks(15741): isDirectory returned false while listing files for /data/user/0/com.google.intelligence.sense/files/superpacks
11-16 08:56:41.197: I/SoundTriggerModelLoader(15741): Unloading model 9f6ad62a-1f0b-11e7-87c5-40a8f03d3f15
11-16 08:56:41.198: I/SoundTriggerManagerComp(15741): Unloading model 9f6ad62a-1f0b-11e7-87c5-40a8f03d3f15
11-16 08:56:41.198: I/native(14293): I1116 08:56:41.198122   15545 common_util.h:35] Resizing Thread Pool: ocr_det_0 to 4
11-16 08:56:41.198: I/native(14293): I1116 08:56:41.198480   15545 tfmini_model_interface.cc:127] Loaded weights from /data/user/0/com.google.android.gms/cache/vision/ocr/data/models/tfmini_rpn_detector_space_to_depth_gray_quantized_v2_model.data
11-16 08:56:41.198: I/SoundTriggerService(1193): deleteSoundModel(): id = 9f6ad62a-1f0b-11e7-87c5-40a8f03d3f15
11-16 08:56:41.198: W/SoundTriggerHelper(1193): Unload error: Attempting unload invalid generic model with id:9f6ad62a-1f0b-11e7-87c5-40a8f03d3f15
11-16 08:56:41.198: I/native(14293): I1116 08:56:41.198541   15545 timer.cc:72] PhotoOcrEngine::Init (detector): 8.26063 ms (elapsed)
11-16 08:56:41.198: I/native(14293): I1116 08:56:41.198724   15545 assist_recognizer.cc:96] Initializing nugget matcher with /data/user/0/com.google.android.gms/cache/vision/ocr/data/models/nugget_stats_1.0.dat
11-16 08:56:41.198: I/native(14293): I1116 08:56:41.198767   15545 timer.cc:72] PhotoOcrEngine::Init (assist recognizer): 0.078594 ms (elapsed)
11-16 08:56:41.200: I/native(14293): I1116 08:56:41.200639   15545 timer.cc:72] LanguageIdMutator: 1.70042 ms (elapsed)
11-16 08:56:41.200: I/native(14293): I1116 08:56:41.200703   15545 timer.cc:72] BeamSearch::Init (mutator): 1.77016 ms (elapsed)
11-16 08:56:41.202: I/native(14293): I1116 08:56:41.202386   15545 common_util.h:35] Resizing Thread Pool: ocr_segm to 4
11-16 08:56:41.204: I/native(14293): I1116 08:56:41.204355   15545 tfmini_model_interface.cc:105] Loaded fp16 weights from /data/user/0/com.google.android.gms/cache/vision/ocr/data/models/tfmini_latin_conv_model.data_fp16
11-16 08:56:41.205: I/native(14293): I1116 08:56:41.205537   15545 tfmini_model_interface.cc:105] Loaded fp16 weights from /data/user/0/com.google.android.gms/cache/vision/ocr/data/models/tfmini_latin_lstm_model.data_fp16
11-16 08:56:41.205: I/native(14293): I1116 08:56:41.205623   15545 timer.cc:72] PhotoOcrEngine::Init (recognizer): 6.83938 ms (elapsed)
11-16 08:56:41.205: I/native(14293): I1116 08:56:41.205660   15545 timer.cc:72] Init: 15.3877 ms (elapsed)
11-16 08:56:41.205: I/native(14293): I1116 08:56:41.205675   15545 start_ocr_856638336_langid.cc:44] StartOcr success
11-16 08:56:41.207: I/gle.android.gm(14293): Background concurrent copying GC freed 129980(6MB) AllocSpace objects, 40(1252KB) LOS objects, 49% free, 8MB/17MB, paused 36us total 124.976ms
11-16 08:56:41.213: I/OcrModelUpStIntentOp(14293): Downloading text recognizer
11-16 08:56:41.213: E/GooglePlayServicesUtil(15625): The Google Play services resources were not found. Check your project configuration to ensure that the resources are included.
11-16 08:56:41.216: D/BoundBrokerSvc(14293): onBind: Intent { act=com.google.android.gms.common.download.START cmp=com.google.android.gms/.chimera.GmsBoundBrokerService }
11-16 08:56:41.216: D/BoundBrokerSvc(14293): Loading bound service for intent: Intent { act=com.google.android.gms.common.download.START cmp=com.google.android.gms/.chimera.GmsBoundBrokerService }
11-16 08:56:41.218: I/SettingsActivityAvailab(15644): Disabling com.google.android.apps.multidevice.client.ui.pixel.SettingsActivity.
11-16 08:56:41.221: I/ActivityManager(1193): Killing 14251:com.google.android.configupdater/u0a29 (adj 906): empty #17
11-16 08:56:41.221: W/PackageParser(14293): Unknown element under <manifest>: queries at /data/user_de/0/com.google.android.gms/app_chimera/m/00000010/dl-AdsFdrDynamite.integ_213806100100000.apk Binary XML file line #11
11-16 08:56:41.221: D/GservicesChangeReceiver(6245): Gservices Changed broadcast Received. context is android.app.ReceiverRestrictedContext@b54457
11-16 08:56:41.221: W/libprocessgroup(1193): kill(-14251, 9) failed: No such process
11-16 08:56:41.227: D/GservicesChangeReceiver(6245): Gservices allowPowerAnomalyData is False.
11-16 08:56:41.227: D/ConnMetrics:App(15625): IsOptedIn = false
11-16 08:56:41.229: D/ConnectivityMonitorManager(6245): Service com.google.android.connectivitymonitor.PowerAnomalyDetectorService is not running...
11-16 08:56:41.235: D/BoundBrokerSvc(14293): onBind: Intent { act=com.google.android.gms.ocr.service.internal.START cmp=com.google.android.gms/.chimera.GmsInternalApiService }
11-16 08:56:41.235: D/BoundBrokerSvc(14293): Loading bound service for intent: Intent { act=com.google.android.gms.ocr.service.internal.START cmp=com.google.android.gms/.chimera.GmsInternalApiService }
11-16 08:56:41.240: I/Zygote(735): Process 14251 exited due to signal (9)
11-16 08:56:41.243: D/GservicesChangeReceiver(6245): Gservices allowLowPowerMonitoring is False.
11-16 08:56:41.244: D/ConnectivityMonitorManager(6245): Service com.google.android.connectivitymonitor.LowPowerMonitorService is not running...
11-16 08:56:41.245: W/NetworkScheduler(10948): The extras of the task is not valid to be persisted so that the task is not persisted [CONTEXT service_id=218 ]
11-16 08:56:41.245: W/NetworkScheduler(10948): java.lang.IllegalArgumentException: Only the following extra parameter types are supported: Integer, Long, Double, String, Boolean, and nested Bundles with the same restrictions.
11-16 08:56:41.245: W/NetworkScheduler(10948): 	at abno.f(:com.google.android.gms@213614028@21.36.14 (100400-395708125):6)
11-16 08:56:41.245: W/NetworkScheduler(10948): 	at amdu.g(:com.google.android.gms@213614028@21.36.14 (100400-395708125):37)
11-16 08:56:41.245: W/NetworkScheduler(10948): 	at amdd.n(:com.google.android.gms@213614028@21.36.14 (100400-395708125):3)
11-16 08:56:41.245: W/NetworkScheduler(10948): 	at amdd.u(:com.google.android.gms@213614028@21.36.14 (100400-395708125):20)
11-16 08:56:41.245: W/NetworkScheduler(10948): 	at amdd.g(:com.google.android.gms@213614028@21.36.14 (100400-395708125):3)
11-16 08:56:41.245: W/NetworkScheduler(10948): 	at alzy.run(:com.google.android.gms@213614028@21.36.14 (100400-395708125):9)
11-16 08:56:41.245: W/NetworkScheduler(10948): 	at rgh.c(:com.google.android.gms@213614028@21.36.14 (100400-395708125):6)
11-16 08:56:41.245: W/NetworkScheduler(10948): 	at rgh.run(:com.google.android.gms@213614028@21.36.14 (100400-395708125):7)
11-16 08:56:41.245: W/NetworkScheduler(10948): 	at java.util.concurrent.ThreadPoolExecutor.runWorker(ThreadPoolExecutor.java:1167)
11-16 08:56:41.245: W/NetworkScheduler(10948): 	at java.util.concurrent.ThreadPoolExecutor$Worker.run(ThreadPoolExecutor.java:641)
11-16 08:56:41.245: W/NetworkScheduler(10948): 	at rkn.run(:com.google.android.gms@213614028@21.36.14 (100400-395708125):0)
11-16 08:56:41.245: W/NetworkScheduler(10948): 	at java.lang.Thread.run(Thread.java:764)
11-16 08:56:41.266: W/libprocessgroup(1193): kill(-14251, 9) failed: No such process
11-16 08:56:41.266: I/libprocessgroup(1193): Successfully killed process cgroup uid 10029 pid 14251 in 45ms
11-16 08:56:41.268: D/GservicesChangeReceiver(6245): Gservices isConnectivityMonitorEnabled is True.
11-16 08:56:41.270: D/ConnectivityMonitorManager(6245): Service com.google.android.connectivitymonitor.ConnectivityMonitorService is running...
11-16 08:56:41.275: I/EuiccGoogle(15667): [2] GservicesChangedReceiver.onReceive: Setting EUICC_SUPPORTED_COUNTRIES to de,gb,in,us
11-16 08:56:41.281: I/Backup(14293): [GmsBackupStatusChangeReceiver] Going to enable gms backup transport.
11-16 08:56:41.282: I/ActivityManager(1193): Start proc 15780:android.process.media/u0a8 for content provider com.android.providers.downloads/.DownloadProvider
11-16 08:56:41.285: E/d.process.medi(15780): Not starting debugger since process cannot load the jdwp agent.
11-16 08:56:41.296: I/GmsModuleFndr(14293): Beginning GMS chimera module scan
11-16 08:56:41.303: I/BgTaskExecutorImpl(10061): Starting NONEXCLUSIVE background task UPDATE_GSERVICES_CONFIG.
11-16 08:56:41.306: I/Herrevad(10948): [915] zcq.a: updateListenState
11-16 08:56:41.307: I/NetRec(10948): [920] aiad.a: onConfigChanged()
11-16 08:56:41.308: W/SearchServiceCore(10061): Abort, client detached.
11-16 08:56:41.310: I/GservicesUpdateTask(10061): Updating Gservices keys
11-16 08:56:41.311: I/Auth(10948): [AuthManaged, PasswordComplexityHelperImpl] Updating password complexity components state.
11-16 08:56:41.311: I/Auth(10948): [AuthManaged, PasswordComplexityHelperImpl] Enabling com.google.android.gms.auth.managed.ui.SetNewPasswordActivity
11-16 08:56:41.314: I/NetRec(10948): [920] aiad.a: Cancelling all NetRec GCM tasks
11-16 08:56:41.314: I/ModuleSetMgr(14293): Computing pending module set with APKs: [[AdsFdrDynamite.integ:213806100100000], [Enpromo.integ:214106000100000], [Pay.optional:213614100000], [VisionOcr.optional:213614100400], [AdsFdrDynamite.integ:212104400100000], [Cronetdynamite:213614100400], [Dynamiteloader:213614100000], [Dynamitemodulesa:213614100000], [Dynamitemodulesc:213614100000], [Googlecertificates:213614100000], [Mapsdynamite:213614100000], [Measurementdynamite:213614100000]]
11-16 08:56:41.316: I/NetRec(10948): [916] ClearDatabaseService.onHandleIntent: Clearing score cache
11-16 08:56:41.345: I/GCoreUlr(10948): DispatchingService ignoring Intent { act=android.net.wifi.WIFI_STATE_CHANGED flg=0x4000010 (has extras) } because ULR inactive [CONTEXT service_id=22 ]
11-16 08:56:41.350: I/ModuleSetMgr(14293): Pending container module APKs: [[Pay.optional:213614100000], [VisionOcr.optional:213614100400]]
11-16 08:56:41.350: I/ModuleSetMgr(14293): Pending non-container module APKs: [[Enpromo.integ:214106000100000], [AdsFdrDynamite.integ:213806100100000]]
11-16 08:56:41.351: I/GCoreUlr(10948): WorldUpdater received intent Intent { act=com.google.android.location.reporting.ACTION_UPDATE_WORLD cmp=com.google.android.gms/com.google.android.location.reporting.service.DispatchingService (has extras) } with receiverAction com.google.gservices.intent.action.GSERVICES_CHANGED [CONTEXT service_id=22 ]
11-16 08:56:41.356: I/GCoreUlr(10948): WorldUpdater:com.google.gservices.intent.action.GSERVICES_CHANGED: Ensuring that reporting is stopped because of reasons: (no Google accounts) [CONTEXT service_id=22 ]
11-16 08:56:41.359: I/GCoreUlr(10948): Unbound from all signal providers. [CONTEXT service_id=22 ]
11-16 08:56:41.371: I/GCoreUlr(10948): Unbound from all signal providers. [CONTEXT service_id=22 ]
11-16 08:56:41.371: W/PackageParser(14293): Unknown element under <manifest>: queries at /data/user_de/0/com.google.android.gms/app_chimera/m/00000007/AdsDynamite.apk Binary XML file line #5
11-16 08:56:41.371: I/GCoreUlr(10948): Stopping handler for UlrDispSvcFast [CONTEXT service_id=22 ]
11-16 08:56:41.382: I/SoundTriggerModelLoader(15741): Unloading model 9f6ad62a-1f0b-11e7-87c5-40a8f03d3f15
11-16 08:56:41.382: I/SoundTriggerManagerComp(15741): Unloading model 9f6ad62a-1f0b-11e7-87c5-40a8f03d3f15
11-16 08:56:41.382: I/SoundTriggerService(1193): deleteSoundModel(): id = 9f6ad62a-1f0b-11e7-87c5-40a8f03d3f15
11-16 08:56:41.383: W/SoundTriggerHelper(1193): Unload error: Attempting unload invalid generic model with id:9f6ad62a-1f0b-11e7-87c5-40a8f03d3f15
11-16 08:56:41.388: I/SettingsActivityAvailab(15644): Disabling com.google.android.apps.multidevice.client.ui.pixel.SettingsActivity.
11-16 08:56:41.389: D/GservicesChangeReceiver(6245): Gservices Changed broadcast Received. context is android.app.ReceiverRestrictedContext@b54457
11-16 08:56:41.389: D/GservicesChangeReceiver(6245): Gservices allowPowerAnomalyData is False.
11-16 08:56:41.389: E/GooglePlayServicesUtil(15625): The Google Play services resources were not found. Check your project configuration to ensure that the resources are included.
11-16 08:56:41.390: D/ConnectivityMonitorManager(6245): Service com.google.android.connectivitymonitor.PowerAnomalyDetectorService is not running...
11-16 08:56:41.391: D/GservicesChangeReceiver(6245): Gservices allowLowPowerMonitoring is False.
11-16 08:56:41.392: D/ConnectivityMonitorManager(6245): Service com.google.android.connectivitymonitor.LowPowerMonitorService is not running...
11-16 08:56:41.394: D/GservicesChangeReceiver(6245): Gservices isConnectivityMonitorEnabled is True.
11-16 08:56:41.396: D/ConnectivityMonitorManager(6245): Service com.google.android.connectivitymonitor.ConnectivityMonitorService is running...
11-16 08:56:41.398: W/PackageParser(14293): Unknown element under <manifest>: queries at /data/user_de/0/com.google.android.gms/app_chimera/m/00000010/dl-AdsFdrDynamite.integ_213806100100000.apk Binary XML file line #11
11-16 08:56:41.399: I/EuiccGoogle(15667): [2] GservicesChangedReceiver.onReceive: Setting EUICC_SUPPORTED_COUNTRIES to de,gb,in,us
11-16 08:56:41.402: D/ConnMetrics:App(15625): IsOptedIn = false
11-16 08:56:41.405: I/RecoverableKeyStoreGms(14293): [RecoverableKeyStoreGmsInitOperation] Initializing auth_folsom
11-16 08:56:41.406: I/RecoverableKeyStoreGms(14293): [RecoverableKeyStoreGmsInitOperation] com.google.android.gms.auth.folsom.service.FolsomPublicKeyUpdateService is already enabled. Ignore.
11-16 08:56:41.406: I/RecoverableKeyStoreGms(14293): [RecoverableKeyStoreGmsInitOperation] com.google.android.gms.auth.folsom.service.GcmReceiverService is already enabled. Ignore.
11-16 08:56:41.407: I/Backup(14293): [GmsBackupStatusChangeReceiver] Going to enable gms backup transport.
11-16 08:56:41.410: I/ChromeSync(14293): [Sync,SyncIntentOperation] Handling the intent: Intent { act=com.google.gservices.intent.action.GSERVICES_CHANGED flg=0x1000010 pkg=com.google.android.gms cmp=com.google.android.gms/.chimera.GmsIntentOperationService$PersistentInternalReceiver }.
11-16 08:56:41.411: V/RecoverableKeyStoreMgr(1193): Not updating secret types - same as old value.
11-16 08:56:41.411: I/RecoverableKeyStoreGms(14293): [RecoverableKeyStoreGmsInitOperation] Setting vault handle
11-16 08:56:41.413: V/RecoverableKeyStoreMgr(1193): Not updating server params - same as old value.
11-16 08:56:41.414: I/RecoverableKeyStoreGms(14293): [EnrollmentManager] Returning certificates list from cache
11-16 08:56:41.415: I/MobileDataHub(14293): Scheduling periodic tasks
11-16 08:56:41.416: I/MS_Utils(14293): version of com.google.android.apps.maps = 1022101040
11-16 08:56:41.417: I/MdiSyncModule(14293): flag handling is skipping irrelevant intent.
11-16 08:56:41.420: I/SystemUpdate(14293): [Installation,ReceiverIntentOperation] Received intent: Intent { act=com.google.gservices.intent.action.GSERVICES_CHANGED flg=0x1000010 pkg=com.google.android.gms cmp=com.google.android.gms/.chimera.GmsIntentOperationService$PersistentInternalReceiver }.
11-16 08:56:41.423: W/DynamiteModule(14293): Local module descriptor class for com.google.android.gms.vision.dynamite.ocr not found.
11-16 08:56:41.423: I/DynamiteModule(14293): Considering local module com.google.android.gms.vision.dynamite.ocr:0 and remote module com.google.android.gms.vision.dynamite.ocr:0
11-16 08:56:41.424: I/DynamiteModule(14293): Considering local module com.google.android.gms.vision.ocr:0 and remote module com.google.android.gms.vision.ocr:1
11-16 08:56:41.424: I/DynamiteModule(14293): Selected remote version of com.google.android.gms.vision.ocr, version >= 1
11-16 08:56:41.425: I/native(14293): I1116 08:56:41.425654   15531 start_ocr_856638336_langid.cc:35] StartOcr with label: latin_script_gmvapi_android
11-16 08:56:41.425: I/native(14293): I1116 08:56:41.425741   15531 start_ocr_856638336_langid.cc:44] StartOcr success
11-16 08:56:41.429: I/OcrModelUpStIntentOp(14293): Downloading text recognizer
11-16 08:56:41.441: W/MobileDataHub(14293): [Service] appsupload-periodic periodic task disabled
11-16 08:56:41.443: I/Herrevad(10948): [915] zcq.a: updateListenState
11-16 08:56:41.443: I/NetRec(10948): [916] aiad.a: onConfigChanged()
11-16 08:56:41.452: I/BgTaskExecutorImpl(10061): Starting NONEXCLUSIVE background task UPDATE_GSERVICES_CONFIG.
11-16 08:56:41.454: I/Auth(10948): [AuthManaged, PasswordComplexityHelperImpl] Updating password complexity components state.
11-16 08:56:41.454: I/Auth(10948): [AuthManaged, PasswordComplexityHelperImpl] Enabling com.google.android.gms.auth.managed.ui.SetNewPasswordActivity
11-16 08:56:41.455: I/NetRec(10948): [916] aiad.a: Cancelling all NetRec GCM tasks
11-16 08:56:41.457: I/NetRec(10948): [917] ClearDatabaseService.onHandleIntent: Clearing score cache
11-16 08:56:41.459: I/GservicesUpdateTask(10061): Updating Gservices keys
11-16 08:56:41.459: I/RecoverableKeyStoreMgr(1193): The cert file serial number is the same, so skip updating.
11-16 08:56:41.459: I/RecoverableKeyStoreGms(14293): [EnrollmentManager] Recovery service is initialized.
11-16 08:56:41.461: I/RecoverySnapshotLstnrs(1193): Registered listener for agent with uid 10007
11-16 08:56:41.463: E/RecoverySnapshotStorage(1193): Error reading snapshot for 10007 from disk
11-16 08:56:41.463: E/RecoverySnapshotStorage(1193): java.io.FileNotFoundException: /data/system/recoverablekeystore/snapshots/10007.xml (No such file or directory)
11-16 08:56:41.463: E/RecoverySnapshotStorage(1193): 	at java.io.FileInputStream.open0(Native Method)
11-16 08:56:41.463: E/RecoverySnapshotStorage(1193): 	at java.io.FileInputStream.open(FileInputStream.java:231)
11-16 08:56:41.463: E/RecoverySnapshotStorage(1193): 	at java.io.FileInputStream.<init>(FileInputStream.java:165)
11-16 08:56:41.463: E/RecoverySnapshotStorage(1193): 	at com.android.server.locksettings.recoverablekeystore.storage.RecoverySnapshotStorage.readFromDisk(RecoverySnapshotStorage.java:152)
11-16 08:56:41.463: E/RecoverySnapshotStorage(1193): 	at com.android.server.locksettings.recoverablekeystore.storage.RecoverySnapshotStorage.get(RecoverySnapshotStorage.java:104)
11-16 08:56:41.463: E/RecoverySnapshotStorage(1193): 	at com.android.server.locksettings.recoverablekeystore.RecoverableKeyStoreManager.getKeyChainSnapshot(RecoverableKeyStoreManager.java:331)
11-16 08:56:41.463: E/RecoverySnapshotStorage(1193): 	at com.android.server.locksettings.LockSettingsService.getKeyChainSnapshot(LockSettingsService.java:2032)
11-16 08:56:41.463: E/RecoverySnapshotStorage(1193): 	at com.android.internal.widget.ILockSettings$Stub.onTransact(ILockSettings.java:356)
11-16 08:56:41.463: E/RecoverySnapshotStorage(1193): 	at android.os.Binder.execTransact(Binder.java:731)
11-16 08:56:41.463: I/RecoverableKeyStoreGms(14293): [WrappingKeyManager] Can't generate wrapping key - missing lock screeen
11-16 08:56:41.484: I/GCoreUlr(10948): WorldUpdater received intent Intent { act=com.google.android.location.reporting.ACTION_UPDATE_WORLD cmp=com.google.android.gms/com.google.android.location.reporting.service.DispatchingService (has extras) } with receiverAction com.google.gservices.intent.action.GSERVICES_CHANGED [CONTEXT service_id=22 ]
11-16 08:56:41.487: I/GmsModuleFndr(14293): Beginning GMS chimera module scan
11-16 08:56:41.494: I/ModuleSetMgr(14293): Computing pending module set with APKs: [[AdsFdrDynamite.integ:213806100100000], [Enpromo.integ:214106000100000], [Pay.optional:213614100000], [VisionOcr.optional:213614100400], [AdsFdrDynamite.integ:212104400100000], [Cronetdynamite:213614100400], [Dynamiteloader:213614100000], [Dynamitemodulesa:213614100000], [Dynamitemodulesc:213614100000], [Googlecertificates:213614100000], [Mapsdynamite:213614100000], [Measurementdynamite:213614100000]]
11-16 08:56:41.497: I/GCoreUlr(10948): WorldUpdater:com.google.gservices.intent.action.GSERVICES_CHANGED: Ensuring that reporting is stopped because of reasons: (no Google accounts) [CONTEXT service_id=22 ]
11-16 08:56:41.499: W/NetworkScheduler(10948): The extras of the task is not valid to be persisted so that the task is not persisted [CONTEXT service_id=218 ]
11-16 08:56:41.499: W/NetworkScheduler(10948): java.lang.IllegalArgumentException: Only the following extra parameter types are supported: Integer, Long, Double, String, Boolean, and nested Bundles with the same restrictions.
11-16 08:56:41.499: W/NetworkScheduler(10948): 	at abno.f(:com.google.android.gms@213614028@21.36.14 (100400-395708125):6)
11-16 08:56:41.499: W/NetworkScheduler(10948): 	at amdu.g(:com.google.android.gms@213614028@21.36.14 (100400-395708125):37)
11-16 08:56:41.499: W/NetworkScheduler(10948): 	at amdd.n(:com.google.android.gms@213614028@21.36.14 (100400-395708125):3)
11-16 08:56:41.499: W/NetworkScheduler(10948): 	at amdd.u(:com.google.android.gms@213614028@21.36.14 (100400-395708125):20)
11-16 08:56:41.499: W/NetworkScheduler(10948): 	at amdd.g(:com.google.android.gms@213614028@21.36.14 (100400-395708125):3)
11-16 08:56:41.499: W/NetworkScheduler(10948): 	at alzy.run(:com.google.android.gms@213614028@21.36.14 (100400-395708125):9)
11-16 08:56:41.499: W/NetworkScheduler(10948): 	at rgh.c(:com.google.android.gms@213614028@21.36.14 (100400-395708125):6)
11-16 08:56:41.499: W/NetworkScheduler(10948): 	at rgh.run(:com.google.android.gms@213614028@21.36.14 (100400-395708125):7)
11-16 08:56:41.499: W/NetworkScheduler(10948): 	at java.util.concurrent.ThreadPoolExecutor.runWorker(ThreadPoolExecutor.java:1167)
11-16 08:56:41.499: W/NetworkScheduler(10948): 	at java.util.concurrent.ThreadPoolExecutor$Worker.run(ThreadPoolExecutor.java:641)
11-16 08:56:41.499: W/NetworkScheduler(10948): 	at rkn.run(:com.google.android.gms@213614028@21.36.14 (100400-395708125):0)
11-16 08:56:41.499: W/NetworkScheduler(10948): 	at java.lang.Thread.run(Thread.java:764)
11-16 08:56:41.503: I/GCoreUlr(10948): Unbound from all signal providers. [CONTEXT service_id=22 ]
11-16 08:56:41.510: I/ModuleSetMgr(14293): Pending container module APKs: [[Pay.optional:213614100000], [VisionOcr.optional:213614100400]]
11-16 08:56:41.510: I/ModuleSetMgr(14293): Pending non-container module APKs: [[Enpromo.integ:214106000100000], [AdsFdrDynamite.integ:213806100100000]]
11-16 08:56:41.516: I/GCoreUlr(10948): DispatchingService ignoring Intent { act=android.net.wifi.WIFI_STATE_CHANGED flg=0x4000010 (has extras) } because ULR inactive [CONTEXT service_id=22 ]
11-16 08:56:41.518: I/GCoreUlr(10948): Unbound from all signal providers. [CONTEXT service_id=22 ]
11-16 08:56:41.519: I/GCoreUlr(10948): Stopping handler for UlrDispSvcFast [CONTEXT service_id=22 ]
11-16 08:56:41.524: I/SoundTriggerModelLoader(15741): Unloading model 9f6ad62a-1f0b-11e7-87c5-40a8f03d3f15
11-16 08:56:41.525: I/SoundTriggerManagerComp(15741): Unloading model 9f6ad62a-1f0b-11e7-87c5-40a8f03d3f15
11-16 08:56:41.526: I/SoundTriggerService(1193): deleteSoundModel(): id = 9f6ad62a-1f0b-11e7-87c5-40a8f03d3f15
11-16 08:56:41.526: W/SoundTriggerHelper(1193): Unload error: Attempting unload invalid generic model with id:9f6ad62a-1f0b-11e7-87c5-40a8f03d3f15
11-16 08:56:41.532: I/SettingsActivityAvailab(15644): Disabling com.google.android.apps.multidevice.client.ui.pixel.SettingsActivity.
11-16 08:56:41.533: D/GservicesChangeReceiver(6245): Gservices Changed broadcast Received. context is android.app.ReceiverRestrictedContext@b54457
11-16 08:56:41.533: D/GservicesChangeReceiver(6245): Gservices allowPowerAnomalyData is False.
11-16 08:56:41.533: E/GooglePlayServicesUtil(15625): The Google Play services resources were not found. Check your project configuration to ensure that the resources are included.
11-16 08:56:41.534: D/ConnectivityMonitorManager(6245): Service com.google.android.connectivitymonitor.PowerAnomalyDetectorService is not running...
11-16 08:56:41.535: W/PackageParser(14293): Unknown element under <manifest>: queries at /data/user_de/0/com.google.android.gms/app_chimera/m/00000007/AdsDynamite.apk Binary XML file line #5
11-16 08:56:41.536: D/GservicesChangeReceiver(6245): Gservices allowLowPowerMonitoring is False.
11-16 08:56:41.536: V/BackupManagerConstants(1193): getFullBackupRequiredNetworkType(...) returns 2
11-16 08:56:41.536: V/BackupManagerConstants(1193): getFullBackupRequireCharging(...) returns true
11-16 08:56:41.538: D/ConnectivityMonitorManager(6245): Service com.google.android.connectivitymonitor.LowPowerMonitorService is not running...
11-16 08:56:41.540: D/GservicesChangeReceiver(6245): Gservices isConnectivityMonitorEnabled is True.
11-16 08:56:41.541: D/ConnectivityMonitorManager(6245): Service com.google.android.connectivitymonitor.ConnectivityMonitorService is running...
11-16 08:56:41.544: I/EuiccGoogle(15667): [2] GservicesChangedReceiver.onReceive: Setting EUICC_SUPPORTED_COUNTRIES to de,gb,in,us
11-16 08:56:41.547: D/ConnMetrics:App(15625): IsOptedIn = false
11-16 08:56:41.549: I/Backup(14293): [GmsBackupStatusChangeReceiver] Going to enable gms backup transport.
11-16 08:56:41.562: I/Herrevad(10948): [917] zcq.a: updateListenState
11-16 08:56:41.564: W/PackageParser(14293): Unknown element under <manifest>: queries at /data/user_de/0/com.google.android.gms/app_chimera/m/00000010/dl-AdsFdrDynamite.integ_213806100100000.apk Binary XML file line #11
11-16 08:56:41.566: I/NetRec(10948): [916] aiad.a: onConfigChanged()
11-16 08:56:41.567: I/Auth(10948): [AuthManaged, PasswordComplexityHelperImpl] Updating password complexity components state.
11-16 08:56:41.567: I/Auth(10948): [AuthManaged, PasswordComplexityHelperImpl] Enabling com.google.android.gms.auth.managed.ui.SetNewPasswordActivity
11-16 08:56:41.573: I/BgTaskExecutorImpl(10061): Starting NONEXCLUSIVE background task UPDATE_GSERVICES_CONFIG.
11-16 08:56:41.574: I/NetRec(10948): [916] aiad.a: Cancelling all NetRec GCM tasks
11-16 08:56:41.575: I/NetRec(10948): [914] ClearDatabaseService.onHandleIntent: Clearing score cache
11-16 08:56:41.578: W/SearchServiceCore(10061): Abort, client detached.
11-16 08:56:41.578: I/RecoverableKeyStoreGms(14293): [RecoverableKeyStoreGmsInitOperation] Initializing auth_folsom
11-16 08:56:41.579: I/GservicesUpdateTask(10061): Updating Gservices keys
11-16 08:56:41.582: I/ChromeSync(14293): [Sync,SyncIntentOperation] Handling the intent: Intent { act=com.google.gservices.intent.action.GSERVICES_CHANGED flg=0x1000010 pkg=com.google.android.gms cmp=com.google.android.gms/.chimera.GmsIntentOperationService$PersistentInternalReceiver }.
11-16 08:56:41.585: I/RecoverableKeyStoreGms(14293): [RecoverableKeyStoreGmsInitOperation] com.google.android.gms.auth.folsom.service.FolsomPublicKeyUpdateService is already enabled. Ignore.
11-16 08:56:41.585: I/RecoverableKeyStoreGms(14293): [RecoverableKeyStoreGmsInitOperation] com.google.android.gms.auth.folsom.service.GcmReceiverService is already enabled. Ignore.
11-16 08:56:41.587: I/MobileDataHub(14293): Scheduling periodic tasks
11-16 08:56:41.588: W/MobileDataHub(14293): [Service] appsupload-periodic periodic task disabled
11-16 08:56:41.589: V/RecoverableKeyStoreMgr(1193): Not updating secret types - same as old value.
11-16 08:56:41.590: I/MdiSyncModule(14293): flag handling is skipping irrelevant intent.
11-16 08:56:41.590: I/RecoverableKeyStoreGms(14293): [RecoverableKeyStoreGmsInitOperation] Setting vault handle
11-16 08:56:41.591: V/RecoverableKeyStoreMgr(1193): Not updating server params - same as old value.
11-16 08:56:41.591: I/MS_Utils(14293): version of com.google.android.apps.maps = 1022101040
11-16 08:56:41.592: I/GmsModuleFndr(14293): Beginning GMS chimera module scan
11-16 08:56:41.594: I/RecoverableKeyStoreGms(14293): [EnrollmentManager] Returning certificates list from cache
11-16 08:56:41.594: I/NetworkManagementSocketTagger(14293): tagSocketFd(-1, 6913, -1) failed with errno-9
11-16 08:56:41.597: I/SystemUpdate(14293): [Installation,ReceiverIntentOperation] Received intent: Intent { act=com.google.gservices.intent.action.GSERVICES_CHANGED flg=0x1000010 pkg=com.google.android.gms cmp=com.google.android.gms/.chimera.GmsIntentOperationService$PersistentInternalReceiver }.
11-16 08:56:41.603: W/DynamiteModule(14293): Local module descriptor class for com.google.android.gms.vision.dynamite.ocr not found.
11-16 08:56:41.604: I/DynamiteModule(14293): Considering local module com.google.android.gms.vision.dynamite.ocr:0 and remote module com.google.android.gms.vision.dynamite.ocr:0
11-16 08:56:41.604: I/DynamiteModule(14293): Considering local module com.google.android.gms.vision.ocr:0 and remote module com.google.android.gms.vision.ocr:1
11-16 08:56:41.605: I/DynamiteModule(14293): Selected remote version of com.google.android.gms.vision.ocr, version >= 1
11-16 08:56:41.606: I/native(14293): I1116 08:56:41.606395   15545 start_ocr_856638336_langid.cc:35] StartOcr with label: latin_script_gmvapi_android
11-16 08:56:41.606: I/native(14293): I1116 08:56:41.606499   15545 start_ocr_856638336_langid.cc:44] StartOcr success
11-16 08:56:41.610: I/OcrModelUpStIntentOp(14293): Downloading text recognizer
11-16 08:56:41.619: I/system_server(1193): Background concurrent copying GC freed 391365(13MB) AllocSpace objects, 35(892KB) LOS objects, 42% free, 19MB/34MB, paused 71us total 199.800ms
11-16 08:56:41.620: W/NetworkScheduler(10948): The extras of the task is not valid to be persisted so that the task is not persisted [CONTEXT service_id=218 ]
11-16 08:56:41.620: W/NetworkScheduler(10948): java.lang.IllegalArgumentException: Only the following extra parameter types are supported: Integer, Long, Double, String, Boolean, and nested Bundles with the same restrictions.
11-16 08:56:41.620: W/NetworkScheduler(10948): 	at abno.f(:com.google.android.gms@213614028@21.36.14 (100400-395708125):6)
11-16 08:56:41.620: W/NetworkScheduler(10948): 	at amdu.g(:com.google.android.gms@213614028@21.36.14 (100400-395708125):37)
11-16 08:56:41.620: W/NetworkScheduler(10948): 	at amdd.n(:com.google.android.gms@213614028@21.36.14 (100400-395708125):3)
11-16 08:56:41.620: W/NetworkScheduler(10948): 	at amdd.u(:com.google.android.gms@213614028@21.36.14 (100400-395708125):20)
11-16 08:56:41.620: W/NetworkScheduler(10948): 	at amdd.g(:com.google.android.gms@213614028@21.36.14 (100400-395708125):3)
11-16 08:56:41.620: W/NetworkScheduler(10948): 	at alzy.run(:com.google.android.gms@213614028@21.36.14 (100400-395708125):9)
11-16 08:56:41.620: W/NetworkScheduler(10948): 	at rgh.c(:com.google.android.gms@213614028@21.36.14 (100400-395708125):6)
11-16 08:56:41.620: W/NetworkScheduler(10948): 	at rgh.run(:com.google.android.gms@213614028@21.36.14 (100400-395708125):7)
11-16 08:56:41.620: W/NetworkScheduler(10948): 	at java.util.concurrent.ThreadPoolExecutor.runWorker(ThreadPoolExecutor.java:1167)
11-16 08:56:41.620: W/NetworkScheduler(10948): 	at java.util.concurrent.ThreadPoolExecutor$Worker.run(ThreadPoolExecutor.java:641)
11-16 08:56:41.620: W/NetworkScheduler(10948): 	at rkn.run(:com.google.android.gms@213614028@21.36.14 (100400-395708125):0)
11-16 08:56:41.620: W/NetworkScheduler(10948): 	at java.lang.Thread.run(Thread.java:764)
11-16 08:56:41.632: I/RecoverableKeyStoreMgr(1193): The cert file serial number is the same, so skip updating.
11-16 08:56:41.632: I/RecoverableKeyStoreGms(14293): [EnrollmentManager] Recovery service is initialized.
11-16 08:56:41.634: I/GCoreUlr(10948): WorldUpdater received intent Intent { act=com.google.android.location.reporting.ACTION_UPDATE_WORLD cmp=com.google.android.gms/com.google.android.location.reporting.service.DispatchingService (has extras) } with receiverAction com.google.gservices.intent.action.GSERVICES_CHANGED [CONTEXT service_id=22 ]
11-16 08:56:41.635: I/RecoverySnapshotLstnrs(1193): Registered listener for agent with uid 10007
11-16 08:56:41.636: E/RecoverySnapshotStorage(1193): Error reading snapshot for 10007 from disk
11-16 08:56:41.636: E/RecoverySnapshotStorage(1193): java.io.FileNotFoundException: /data/system/recoverablekeystore/snapshots/10007.xml (No such file or directory)
11-16 08:56:41.636: E/RecoverySnapshotStorage(1193): 	at java.io.FileInputStream.open0(Native Method)
11-16 08:56:41.636: E/RecoverySnapshotStorage(1193): 	at java.io.FileInputStream.open(FileInputStream.java:231)
11-16 08:56:41.636: E/RecoverySnapshotStorage(1193): 	at java.io.FileInputStream.<init>(FileInputStream.java:165)
11-16 08:56:41.636: E/RecoverySnapshotStorage(1193): 	at com.android.server.locksettings.recoverablekeystore.storage.RecoverySnapshotStorage.readFromDisk(RecoverySnapshotStorage.java:152)
11-16 08:56:41.636: E/RecoverySnapshotStorage(1193): 	at com.android.server.locksettings.recoverablekeystore.storage.RecoverySnapshotStorage.get(RecoverySnapshotStorage.java:104)
11-16 08:56:41.636: E/RecoverySnapshotStorage(1193): 	at com.android.server.locksettings.recoverablekeystore.RecoverableKeyStoreManager.getKeyChainSnapshot(RecoverableKeyStoreManager.java:331)
11-16 08:56:41.636: E/RecoverySnapshotStorage(1193): 	at com.android.server.locksettings.LockSettingsService.getKeyChainSnapshot(LockSettingsService.java:2032)
11-16 08:56:41.636: E/RecoverySnapshotStorage(1193): 	at com.android.internal.widget.ILockSettings$Stub.onTransact(ILockSettings.java:356)
11-16 08:56:41.636: E/RecoverySnapshotStorage(1193): 	at android.os.Binder.execTransact(Binder.java:731)
11-16 08:56:41.637: I/RecoverableKeyStoreGms(14293): [WrappingKeyManager] Can't generate wrapping key - missing lock screeen
11-16 08:56:41.643: I/GCoreUlr(10948): WorldUpdater:com.google.gservices.intent.action.GSERVICES_CHANGED: Ensuring that reporting is stopped because of reasons: (no Google accounts) [CONTEXT service_id=22 ]
11-16 08:56:41.643: I/ModuleSetMgr(14293): Computing pending module set with APKs: [[AdsFdrDynamite.integ:213806100100000], [Enpromo.integ:214106000100000], [Pay.optional:213614100000], [VisionOcr.optional:213614100400], [AdsFdrDynamite.integ:212104400100000], [Cronetdynamite:213614100400], [Dynamiteloader:213614100000], [Dynamitemodulesa:213614100000], [Dynamitemodulesc:213614100000], [Googlecertificates:213614100000], [Mapsdynamite:213614100000], [Measurementdynamite:213614100000]]
