11-16 08:56:53.349: I/Icing(14293): IndexChimeraService.getServiceInterface callingPackage=com.google.android.gms componentName=AppsCorpus serviceId=32
11-16 08:56:53.357: D/MusicLifecycle(17016): com.google.android.music.notifications.NotificationChannelInitializationBroadcastReceiver generated event: Broadcast received with context android.app.ReceiverRestrictedContext@ae2fb31 and intent Intent { act=android.intent.action.LOCALE_CHANGED flg=0x11200010 cmp=com.google.android.music/.notifications.NotificationChannelInitializationBroadcastReceiver }
11-16 08:56:53.373: W/WearableService(10948): onGetService: Wear is not available on this device.
11-16 08:56:53.417: W/ActivityManager(1193): Slow operation: 55ms so far, now at getContentProviderImpl: incProviderCountLocked
11-16 08:56:53.417: W/ActivityManager(1193): Slow operation: 55ms so far, now at getContentProviderImpl: before updateLruProcess
11-16 08:56:53.417: W/ActivityManager(1193): Slow operation: 55ms so far, now at getContentProviderImpl: after updateLruProcess
11-16 08:56:53.417: W/ActivityManager(1193): Slow operation: 55ms so far, now at getContentProviderImpl: before updateOomAdj
11-16 08:56:53.418: W/ActivityManager(1193): Slow operation: 55ms so far, now at getContentProviderImpl: after updateOomAdj
11-16 08:56:53.418: W/ActivityManager(1193): Slow operation: 55ms so far, now at getContentProviderImpl: done!
11-16 08:56:53.419: D/MusicLifecycle(17016): com.google.android.music.net.NetworkConnectivityMonitor$NetworkChangedReceiver generated event: Broadcast received with context com.google.android.music.ui.PhoneMusicApplication@5f79b36 and intent Intent { act=android.net.conn.CONNECTIVITY_CHANGE flg=0x4200010 (has extras) }
11-16 08:56:53.420: I/NetworkConnectivity(17016): Network state changed: [type: WIFI[], state: DISCONNECTED/BLOCKED, reason: (unspecified), extra: (none), failover: false, available: true, roaming: false]
11-16 08:56:53.431: D/MusicLifecycle(17016): com.google.android.music.download.EncapsulatedBroadcastReceiver$1 generated event: Broadcast received with context com.google.android.music.ui.PhoneMusicApplication@5f79b36 and intent Intent { act=com.google.android.music.ResumeStorageMigration flg=0x10 (has extras) }
11-16 08:56:53.434: I/ActivityManager(1193): Start proc 17103:com.google.android.youtube/u0a80 for broadcast com.google.android.youtube/com.google.android.apps.youtube.app.application.system.LocaleUpdatedReceiver
11-16 08:56:53.434: D/MusicLifecycle(17016): com.google.android.music.download.artwork.ArtDownloadService generated event: Service created
11-16 08:56:53.437: I/Icing(14293): Query from package: com.google.android.gms, component: AppsCorpus, restrict package: com.google.android.gms, start: 0, num: 100
11-16 08:56:53.440: E/android.youtub(17103): Not starting debugger since process cannot load the jdwp agent.
11-16 08:56:53.447: I/NearbyDiscovery(10948): Show notifications: 0 total, no changes since last shown, no-op. [CONTEXT service_id=49 ]
11-16 08:56:53.464: W/AdvertisingIdClient(17016): Error while reading from SharedPreferences 
11-16 08:56:53.464: W/AdvertisingIdClient(17016): java.lang.SecurityException: MODE_WORLD_READABLE no longer supported
11-16 08:56:53.464: W/AdvertisingIdClient(17016): 	at android.app.ContextImpl.checkMode(ContextImpl.java:2495)
11-16 08:56:53.464: W/AdvertisingIdClient(17016): 	at android.app.ContextImpl.getSharedPreferences(ContextImpl.java:414)
11-16 08:56:53.464: W/AdvertisingIdClient(17016): 	at android.app.ContextImpl.getSharedPreferences(ContextImpl.java:404)
11-16 08:56:53.464: W/AdvertisingIdClient(17016): 	at com.google.android.gms.ads.identifier.AdvertisingIdClient.getAdvertisingIdInfo(Unknown Source:12)
11-16 08:56:53.464: W/AdvertisingIdClient(17016): 	at com.google.android.music.preferences.MusicPreferences.getAdvertisingIdInfo(MusicPreferences.java:2476)
11-16 08:56:53.464: W/AdvertisingIdClient(17016): 	at com.google.android.music.preferences.MusicPreferences.access$1000(MusicPreferences.java:83)
11-16 08:56:53.464: W/AdvertisingIdClient(17016): 	at com.google.android.music.preferences.MusicPreferences$7.run(MusicPreferences.java:2457)
11-16 08:56:53.464: W/AdvertisingIdClient(17016): 	at com.google.android.music.utils.async.TraceableRunnable.runLogged(TraceableRunnable.java:21)
11-16 08:56:53.464: W/AdvertisingIdClient(17016): 	at com.google.android.music.utils.async.LoggedRunnable.run(LoggedRunnable.java:30)
11-16 08:56:53.464: W/AdvertisingIdClient(17016): 	at android.os.Handler.handleCallback(Handler.java:873)
11-16 08:56:53.464: W/AdvertisingIdClient(17016): 	at android.os.Handler.dispatchMessage(Handler.java:99)
11-16 08:56:53.464: W/AdvertisingIdClient(17016): 	at com.google.android.music.utils.LoggableHandler.dispatchMessage(LoggableHandler.java:74)
11-16 08:56:53.464: W/AdvertisingIdClient(17016): 	at android.os.Looper.loop(Looper.java:193)
11-16 08:56:53.464: W/AdvertisingIdClient(17016): 	at android.os.HandlerThread.run(HandlerThread.java:65)
11-16 08:56:53.465: I/android.youtub(17103): The ClassLoaderContext is a special shared library.
11-16 08:56:53.483: I/ActivityManager(1193): Killing 16032:com.android.sdm.plugins.sprintdm/1001 (adj 906): empty #17
11-16 08:56:53.483: W/libprocessgroup(1193): kill(-16032, 9) failed: No such process
11-16 08:56:53.486: I/NearbyDiscovery(10948): FastPairScanner2: isScreenOn=true, scanWithScreenOff=false, isLocationEnabled=true, disableLocationRequirement=false, isDiscoveryScanningEnabled=true [CONTEXT service_id=49 ]
11-16 08:56:53.487: D/MusicLifecycle(17016): com.google.android.music.download.EncapsulatedBroadcastReceiver$1 generated event: Broadcast received with context com.google.android.music.ui.PhoneMusicApplication@5f79b36 and intent Intent { act=com.google.android.music.download.keepon.KeeponSchedulingService.START_DOWNLOAD flg=0x10 }
11-16 08:56:53.496: D/BluetoothAdapter(10948): isLeEnabled(): OFF
11-16 08:56:53.501: I/Zygote(735): Process 16032 exited due to signal (9)
11-16 08:56:53.504: I/NearbyDiscovery(10948): FastPairScanner2: eventType=SERVICE_INITIALIZE, intReq=false, scanning=false, scanAllowed=true, bleEnabled=false, bleScanAvailable=false, lockScanRate=false [CONTEXT service_id=49 ]
11-16 08:56:53.507: I/NearbyDiscovery(10948): FastPairScanner2: register location ble observer [CONTEXT service_id=49 ]
11-16 08:56:53.508: I/NearbyDiscovery(10948): FastPairScanner2: BLE not available, eventType=SERVICE_INITIALIZE [CONTEXT service_id=49 ]
11-16 08:56:53.513: I/NearbyDiscovery(10948): FastPair: HeadsetPieceImage, grant permission files:0 [CONTEXT service_id=49 ]
11-16 08:56:53.513: D/AwarenessRouter(17016): 0 new fences
11-16 08:56:53.513: I/NearbyDiscovery(10948): FastPairEventStream: Initialize event stream [CONTEXT service_id=49 ]
11-16 08:56:53.521: D/AwarenessRouter(17016): 0 fences already registered
11-16 08:56:53.524: I/NearbyDiscovery(10948): FastPairHandler: Received action android.net.wifi.STATE_CHANGE [CONTEXT service_id=49 ]
11-16 08:56:53.528: W/YT(17103): Last known version:13.23.60
11-16 08:56:53.528: W/libprocessgroup(1193): kill(-16032, 9) failed: No such process
11-16 08:56:53.528: I/libprocessgroup(1193): Successfully killed process cgroup uid 1001 pid 16032 in 45ms
11-16 08:56:53.530: D/AwarenessRouter(17016): Successfully removed 0 context fences
11-16 08:56:53.532: I/NearbyDiscovery(10948): FastPairHandler: Received action android.net.conn.CONNECTIVITY_CHANGE [CONTEXT service_id=49 ]
11-16 08:56:53.573: W/YouTube(17103): Fetching the Gservices key 'failsafe_clear_cache_release_13_02' before the end of the bulk initialization
11-16 08:56:53.639: E/android.youtub(17103): The String#value field is not present on Android versions >= 6.0
11-16 08:56:53.671: D/ConnectivityService(1193): Returning BLOCKED NetworkInfo to uid=10080
11-16 08:56:53.671: E/YouTube(17103): flushBinderConnectionCallbacks is unverified on SDK 28
11-16 08:56:53.683: W/android.youtub(17103): Unknown chunk type '200'.
11-16 08:56:53.692: I/android.youtub(17103): The ClassLoaderContext is a special shared library.
11-16 08:56:53.694: I/chatty(17103): uid=10080(com.google.android.youtube) initCrit2-1 identical 1 line
11-16 08:56:53.699: I/android.youtub(17103): The ClassLoaderContext is a special shared library.
11-16 08:56:53.727: E/YouTube(17103): Failed delayed event dispatch, no dispatchers.
11-16 08:56:53.749: W/Icing(14293): No valid account for uploading user actions
11-16 08:56:53.763: I/Icing(14293): IndexChimeraService.getServiceInterface callingPackage=com.google.android.gms componentName=null serviceId=30
11-16 08:56:53.772: I/ActivityManager(1193): Killing 14352:com.google.android.gms.ui/u0a7 (adj 906): empty #17
11-16 08:56:53.773: W/libprocessgroup(1193): kill(-14352, 9) failed: No such process
11-16 08:56:53.791: I/Zygote(735): Process 14352 exited due to signal (9)
11-16 08:56:53.810: I/Icing(14293): Usage reports ok 2, Failed Usage reports 0, indexed 0, rejected 0
11-16 08:56:53.816: W/libprocessgroup(1193): kill(-14352, 9) failed: No such process
11-16 08:56:53.816: I/libprocessgroup(1193): Successfully killed process cgroup uid 10007 pid 14352 in 43ms
11-16 08:56:53.825: W/Icing(14293): No valid account for uploading user actions
11-16 08:56:53.827: W/SearchServiceCore(10061): Abort, client detached.
11-16 08:56:53.827: W/SearchServiceCore(10061): Abort, client detached.
11-16 08:56:53.835: I/Icing(14293): Usage reports ok 0, Failed Usage reports 0, indexed 0, rejected 0
11-16 08:56:53.842: I/Icing(14293): Indexing com.google.android.gms-apps from com.google.android.gms
11-16 08:56:53.844: W/android.youtub(17103): Unsupported class loader
11-16 08:56:53.857: E/ExecutionCriteria(10948): Package unavailable for task: com.google.android.apps.gcs/com.google.android.flib.phenotype.services.PhenotypeExperimentCommitService{u=0 tag="PhenotypeExpCommitSvc" trigger=window{start=0s,end=30s,earliest=-506s,latest=-476s} requirements=[NET_ANY] attributes=[PERSISTED] scheduled=-506s last_run=N/A exec_window_multiplier=1.0000 jid=N/A status=PENDING retries=0 client_lib=MANCHEGO_GCM-11732000} [CONTEXT service_id=218 ]
11-16 08:56:53.859: D/TestExecutor(16995): Adding listener androidx.test.internal.runner.listener.LogRunListener
11-16 08:56:53.860: D/TestExecutor(16995): Adding listener androidx.test.internal.runner.listener.InstrumentationResultPrinter
11-16 08:56:53.860: D/TestExecutor(16995): Adding listener androidx.test.internal.runner.listener.ActivityFinisherRunListener
11-16 08:56:53.862: I/CrashMetricService(17103): Startup metric for 'PRIMES_CRASH_MONITORING_INITIALIZED' dropped.
11-16 08:56:53.876: I/NetworkScheduler.Stats(10948): Task com.google.android.inputmethod.latin/ started execution. cause:7 exec_start_elapsed_seconds: 608 [CONTEXT service_id=218 ]
11-16 08:56:53.877: I/TestRunner(16995): run started: 43 tests
11-16 08:56:53.881: W/android.youtub(17103): Skipping duplicate class check due to unsupported classloader
11-16 08:56:53.882: I/TestRunner(16995): started: test[1](androidx.testutils.ActivityNoPersist)
11-16 08:56:53.883: I/DynamiteModule(17103): Considering local module com.google.android.gms.ads.dynamite:0 and remote module com.google.android.gms.ads.dynamite:213806100
11-16 08:56:53.883: I/DynamiteModule(17103): Selected remote version of com.google.android.gms.ads.dynamite, version >= 213806100
11-16 08:56:53.887: I/FirebaseJobDispatcher(3625): onStartJob(): DefaultStickerUpdate.
11-16 08:56:53.887: I/DefaultStickerUpdate(3625): Submitted task to executor service with data=DefaultStickerTaskData{enabled=true, metadataUriPrefix=https://www.gstatic.com/android/keyboard/stickers/configs/v5/, supportedLanguage=en}
11-16 08:56:53.893: W/Settings(16995): Setting always_finish_activities has moved from android.provider.Settings.System to android.provider.Settings.Global, returning read-only value.
11-16 08:56:53.897: I/ActivityManager(1193): START u0 {act=android.intent.action.MAIN cat=[android.intent.category.LAUNCHER] flg=0x10008000 cmp=androidx.testutils.runtime.test/androidx.test.core.app.InstrumentationActivityInvoker$BootstrapActivity (has extras)} from uid 10172
11-16 08:56:53.901: D/NetworkSecurityConfig(3625): No Network Security Config specified, using platform default
11-16 08:56:53.904: D/android.hardware.power@1.3-service.crosshatch-libperfmgr(773): LAUNCH ON
11-16 08:56:53.906: I/DefaultStickerUpdate(3625): Started update task with DefaultStickerTaskData{enabled=true, metadataUriPrefix=https://www.gstatic.com/android/keyboard/stickers/configs/v5/, supportedLanguage=en}
11-16 08:56:53.911: I/DefaultStickerUpdate(3625): Read metadata file from cache with 267141 bytes
11-16 08:56:53.912: W/ActivityThread(16995): handleWindowVisibility: no activity for token android.os.BinderProxy@21f0486
11-16 08:56:53.917: D/fpc_hidl(17183): fpc fingerprint hwbinder service starting
11-16 08:56:53.917: D/QSEECOMAPI(17183): QSEECom_get_handle sb_length = 0x80
11-16 08:56:53.917: D/QSEECOMAPI(17183): App is not loaded in QSEE
11-16 08:56:53.919: D/QSEECOMAPI(17183): app_arch = 2, total_files = 9
11-16 08:56:53.926: W/androidx.testutils.runtime.test(16995): type=1400 audit(0.0:240): avc: denied { read } for comm=45474C20496E6974 name="u:object_r:vendor_default_prop:s0" dev="tmpfs" ino=21032 scontext=u:r:untrusted_app:s0:c172,c256,c512,c768 tcontext=u:object_r:vendor_default_prop:s0 tclass=file permissive=0
11-16 08:56:53.929: E/libc(16995): Access denied finding property "vendor.debug.egl.profiler"
11-16 08:56:53.943: D/LifecycleMonitor(16995): Lifecycle status change: androidx.test.core.app.InstrumentationActivityInvoker$BootstrapActivity@3b2c29d in: PRE_ON_CREATE
11-16 08:56:53.944: V/ActivityScenario(16995): Activity lifecycle changed event received but ignored because the intent does not match. startActivityIntent=Intent { act=android.intent.action.MAIN cat=[android.intent.category.LAUNCHER] cmp=androidx.testutils.runtime.test/androidx.testutils.TestActivity }, activity.getIntent()=Intent { act=android.intent.action.MAIN cat=[android.intent.category.LAUNCHER] flg=0x10008000 cmp=androidx.testutils.runtime.test/androidx.test.core.app.InstrumentationActivityInvoker$BootstrapActivity (has extras) }, activity=androidx.test.core.app.InstrumentationActivityInvoker$BootstrapActivity@3b2c29d
11-16 08:56:53.963: D/LifecycleMonitor(16995): Lifecycle status change: androidx.test.core.app.InstrumentationActivityInvoker$BootstrapActivity@3b2c29d in: CREATED
11-16 08:56:53.963: V/ActivityScenario(16995): Activity lifecycle changed event received but ignored because the intent does not match. startActivityIntent=Intent { act=android.intent.action.MAIN cat=[android.intent.category.LAUNCHER] cmp=androidx.testutils.runtime.test/androidx.testutils.TestActivity }, activity.getIntent()=Intent { act=android.intent.action.MAIN cat=[android.intent.category.LAUNCHER] flg=0x10008000 cmp=androidx.testutils.runtime.test/androidx.test.core.app.InstrumentationActivityInvoker$BootstrapActivity (has extras) }, activity=androidx.test.core.app.InstrumentationActivityInvoker$BootstrapActivity@3b2c29d
11-16 08:56:53.966: D/LifecycleMonitor(16995): Lifecycle status change: androidx.test.core.app.InstrumentationActivityInvoker$BootstrapActivity@3b2c29d in: STARTED
11-16 08:56:53.966: V/ActivityScenario(16995): Activity lifecycle changed event received but ignored because the intent does not match. startActivityIntent=Intent { act=android.intent.action.MAIN cat=[android.intent.category.LAUNCHER] cmp=androidx.testutils.runtime.test/androidx.testutils.TestActivity }, activity.getIntent()=Intent { act=android.intent.action.MAIN cat=[android.intent.category.LAUNCHER] flg=0x10008000 cmp=androidx.testutils.runtime.test/androidx.test.core.app.InstrumentationActivityInvoker$BootstrapActivity (has extras) }, activity=androidx.test.core.app.InstrumentationActivityInvoker$BootstrapActivity@3b2c29d
11-16 08:56:53.967: W/android.youtub(17103): Unsupported class loader
11-16 08:56:53.968: I/ActivityManager(1193): START u0 {act=android.intent.action.MAIN cat=[android.intent.category.LAUNCHER] cmp=androidx.testutils.runtime.test/androidx.testutils.TestActivity} from uid 10172
11-16 08:56:53.970: D/android.hardware.power@1.3-service.crosshatch-libperfmgr(773): LAUNCH ON
11-16 08:56:53.977: D/LifecycleMonitor(16995): Lifecycle status change: androidx.test.core.app.InstrumentationActivityInvoker$BootstrapActivity@3b2c29d in: RESUMED
11-16 08:56:53.978: V/ActivityScenario(16995): Activity lifecycle changed event received but ignored because the intent does not match. startActivityIntent=Intent { act=android.intent.action.MAIN cat=[android.intent.category.LAUNCHER] cmp=androidx.testutils.runtime.test/androidx.testutils.TestActivity }, activity.getIntent()=Intent { act=android.intent.action.MAIN cat=[android.intent.category.LAUNCHER] flg=0x10008000 cmp=androidx.testutils.runtime.test/androidx.test.core.app.InstrumentationActivityInvoker$BootstrapActivity (has extras) }, activity=androidx.test.core.app.InstrumentationActivityInvoker$BootstrapActivity@3b2c29d
11-16 08:56:53.980: D/LifecycleMonitor(16995): Lifecycle status change: androidx.test.core.app.InstrumentationActivityInvoker$BootstrapActivity@3b2c29d in: PAUSED
11-16 08:56:53.981: V/ActivityScenario(16995): Activity lifecycle changed event received but ignored because the intent does not match. startActivityIntent=Intent { act=android.intent.action.MAIN cat=[android.intent.category.LAUNCHER] cmp=androidx.testutils.runtime.test/androidx.testutils.TestActivity }, activity.getIntent()=Intent { act=android.intent.action.MAIN cat=[android.intent.category.LAUNCHER] flg=0x10008000 cmp=androidx.testutils.runtime.test/androidx.test.core.app.InstrumentationActivityInvoker$BootstrapActivity (has extras) }, activity=androidx.test.core.app.InstrumentationActivityInvoker$BootstrapActivity@3b2c29d
11-16 08:56:53.982: D/QSEECOMAPI(17183): Loaded image: APP id = 124
11-16 08:56:53.989: E/fpc_tac(17183): fpcbuildinfo : 575ddab5b91efea67ee1d200fc813ff2fpc_bio=bd35c3fec78219829149bea6c9ec961e6f655b90C:prodtestlib=4304cf5c884c198624b749af3482befacbd3028eC:fpc_c_core=dc194509594e837dedfb5452aaf06fcb61977135C:fpc_lib=cd5b7b876c3d69afa68a11ac6fd86f873e70817bC:cac=297e11552c60a3607ed664cf44c3e4b36ab2e737C:fpc_bio_interface=94a457caecae31eca8ef04b64c3f82a018e9bbc0C:fpc_sensor=ba909a5500944acafe47a0ef3a49f89509aadfb6C:tools_core=94ddf1e684cfa6c99f0f237f7cc35f3962e0e597C:sensor_settings=4fcf864fb493ae0272a9b2806446b379d99fd8ceC:fingerprint_ta=066bc0ab880960a4a69b74a328c7d7871c72225bC:fingerprint_pal=0deb9a478a3572872639f9cb2559ccc464ee3f9bC:manifests=dcb3d8ab0bdb7a5b341839d8c75bb88fc7f5e1a4C:Manifesttag=SW23.3.0-PDR1.0.5:jenkins@84ffd74dac44:Thu,17May201810:17:08+0200:FPC_SENSOR_TYPE=FPC_SENSOR_TYPE_FPC1270:FPC_CC_TYPE=FPC_COMPANION_CHIP_FPC2050:FPC_C_TYPE=FPC_COATING_NORMAL
11-16 08:56:53.989: E/fpc_tac(17183): fpcbuildtype : build=RELEASE sensor=9
11-16 08:56:53.997: W/EventHub(1193): Unable to disable kernel key repeat for /dev/input/event3: Function not implemented
11-16 08:56:53.997: I/EventHub(1193): wakeMechanism=EPOLLWAKEUP, usingClockIoctl=true
11-16 08:56:53.997: I/EventHub(1193): New device: id=124, fd=309, path='/dev/input/event3', name='uinput-fpc', classes=0x101, configuration='/system/usr/idc/uinput-fpc.idc', keyLayout='/system/usr/keylayout/uinput-fpc.kl', keyCharacterMap='/system/usr/keychars/Generic.kcm', builtinKeyboard=true, 
11-16 08:56:53.997: W/InputReader(1193): Ignoring spurious device added event for deviceId 0.
11-16 08:56:54.005: W/ActivityThread(16995): handleWindowVisibility: no activity for token android.os.BinderProxy@fc5170c
11-16 08:56:54.024: D/LifecycleMonitor(16995): Lifecycle status change: androidx.testutils.TestActivity@b26435b in: PRE_ON_CREATE
11-16 08:56:54.024: V/ActivityScenario(16995): Activity lifecycle changed event received but ignored because the reported transition was not ON_CREATE while the last known transition was PRE_ON_CREATE
11-16 08:56:54.029: I/System.out(16995): onCreate
11-16 08:56:54.031: D/LifecycleMonitor(16995): Lifecycle status change: androidx.testutils.TestActivity@b26435b in: CREATED
11-16 08:56:54.031: V/ActivityScenario(16995): Update currentActivityStage to CREATED, currentActivity=androidx.testutils.TestActivity@b26435b
11-16 08:56:54.033: D/LifecycleMonitor(16995): Lifecycle status change: androidx.testutils.TestActivity@b26435b in: STARTED
11-16 08:56:54.033: V/ActivityScenario(16995): Update currentActivityStage to STARTED, currentActivity=androidx.testutils.TestActivity@b26435b
11-16 08:56:54.034: D/LifecycleMonitor(16995): Lifecycle status change: androidx.testutils.TestActivity@b26435b in: RESUMED
11-16 08:56:54.034: V/ActivityScenario(16995): Update currentActivityStage to RESUMED, currentActivity=androidx.testutils.TestActivity@b26435b
11-16 08:56:54.035: D/OpenGLRenderer(16995): Skia GL Pipeline
11-16 08:56:54.064: I/Adreno(16995): QUALCOMM build                   : 3f88ca2, I42f6fe38fb
11-16 08:56:54.064: I/Adreno(16995): Build Date                       : 07/13/18
11-16 08:56:54.064: I/Adreno(16995): OpenGL ES Shader Compiler Version: EV031.24.00.00
11-16 08:56:54.064: I/Adreno(16995): Local Branch                     : 50.04
11-16 08:56:54.064: I/Adreno(16995): Remote Branch                    : 
11-16 08:56:54.064: I/Adreno(16995): Remote Branch                    : 
11-16 08:56:54.064: I/Adreno(16995): Reconstruct Branch               : 
11-16 08:56:54.064: I/Adreno(16995): Build Config                     : S P 4.0.10 AArch64
11-16 08:56:54.066: W/RenderThread(16995): type=1400 audit(0.0:241): avc: denied { read } for name="u:object_r:vendor_default_prop:s0" dev="tmpfs" ino=21032 scontext=u:r:untrusted_app:s0:c172,c256,c512,c768 tcontext=u:object_r:vendor_default_prop:s0 tclass=file permissive=0
11-16 08:56:54.067: E/libc(16995): Access denied finding property "ro.vendor.graphics.memory"
11-16 08:56:54.067: I/Adreno(16995): PFP: 0x016ee170, ME: 0x00000000
11-16 08:56:54.069: I/GoogleInputMethod(3625): onFinishInput() : Dummy InputConnection bound
11-16 08:56:54.070: I/ConfigStore(16995): android::hardware::configstore::V1_0::ISurfaceFlingerConfigs::hasWideColorDisplay retrieved: 1
11-16 08:56:54.070: I/GoogleInputMethod(3625): onStartInput() : Dummy InputConnection bound
11-16 08:56:54.070: I/ConfigStore(16995): android::hardware::configstore::V1_0::ISurfaceFlingerConfigs::hasHDRDisplay retrieved: 1
11-16 08:56:54.070: I/OpenGLRenderer(16995): Initialized EGL, version 1.4
11-16 08:56:54.070: D/OpenGLRenderer(16995): Swap behavior 2
11-16 08:56:54.079: E/libc(16995): Access denied finding property "vendor.gralloc.enable_ahardware_buffer"
11-16 08:56:54.079: W/RenderThread(16995): type=1400 audit(0.0:242): avc: denied { read } for name="u:object_r:vendor_default_prop:s0" dev="tmpfs" ino=21032 scontext=u:r:untrusted_app:s0:c172,c256,c512,c768 tcontext=u:object_r:vendor_default_prop:s0 tclass=file permissive=0
11-16 08:56:54.084: I/DefaultStickerUpdate(3625): Received 6 sticker packs in metadata
11-16 08:56:54.097: D/android.hardware.power@1.3-service.crosshatch-libperfmgr(773): LAUNCH OFF
11-16 08:56:54.112: I/system_server(1193): NativeAlloc concurrent copying GC freed 157667(7MB) AllocSpace objects, 74(2MB) LOS objects, 42% free, 16MB/29MB, paused 84us total 143.301ms
11-16 08:56:54.116: I/ActivityManager(1193): Displayed androidx.testutils.runtime.test/androidx.testutils.TestActivity: +205ms
11-16 08:56:54.116: D/LifecycleMonitor(16995): Lifecycle status change: androidx.test.core.app.InstrumentationActivityInvoker$BootstrapActivity@3b2c29d in: STOPPED
11-16 08:56:54.117: V/ActivityScenario(16995): Activity lifecycle changed event received but ignored because the intent does not match. startActivityIntent=Intent { act=android.intent.action.MAIN cat=[android.intent.category.LAUNCHER] cmp=androidx.testutils.runtime.test/androidx.testutils.TestActivity }, activity.getIntent()=Intent { act=android.intent.action.MAIN cat=[android.intent.category.LAUNCHER] flg=0x10008000 cmp=androidx.testutils.runtime.test/androidx.test.core.app.InstrumentationActivityInvoker$BootstrapActivity (has extras) }, activity=androidx.test.core.app.InstrumentationActivityInvoker$BootstrapActivity@3b2c29d
11-16 08:56:54.121: I/.gms.persisten(10948): Background concurrent copying GC freed 194359(10MB) AllocSpace objects, 40(1400KB) LOS objects, 49% free, 12MB/24MB, paused 35us total 119.615ms
11-16 08:56:54.122: I/ActivityManager(1193): START u0 {act=android.intent.action.MAIN cat=[android.intent.category.LAUNCHER] flg=0x10000000 cmp=androidx.testutils.runtime.test/androidx.test.core.app.InstrumentationActivityInvoker$EmptyActivity} from uid 10172
11-16 08:56:54.125: D/android.hardware.power@1.3-service.crosshatch-libperfmgr(773): LAUNCH ON
11-16 08:56:54.136: W/SurfaceFlinger(644): Attempting to set client state on removed layer: Splash Screen androidx.testutils.runtime.test#0
11-16 08:56:54.137: W/SurfaceFlinger(644): Attempting to destroy on removed layer: Splash Screen androidx.testutils.runtime.test#0
11-16 08:56:54.138: D/LifecycleMonitor(16995): Lifecycle status change: androidx.testutils.TestActivity@b26435b in: PAUSED
11-16 08:56:54.138: V/ActivityScenario(16995): Update currentActivityStage to PAUSED, currentActivity=androidx.testutils.TestActivity@b26435b
11-16 08:56:54.146: I/Adreno(1193): QUALCOMM build                   : 3f88ca2, I42f6fe38fb
11-16 08:56:54.146: I/Adreno(1193): Build Date                       : 07/13/18
11-16 08:56:54.146: I/Adreno(1193): OpenGL ES Shader Compiler Version: EV031.24.00.00
11-16 08:56:54.146: I/Adreno(1193): Local Branch                     : 50.04
11-16 08:56:54.146: I/Adreno(1193): Remote Branch                    : 
11-16 08:56:54.146: I/Adreno(1193): Remote Branch                    : 
11-16 08:56:54.146: I/Adreno(1193): Reconstruct Branch               : 
11-16 08:56:54.146: I/Adreno(1193): Build Config                     : S P 4.0.10 AArch64
11-16 08:56:54.146: W/ActivityThread(16995): handleWindowVisibility: no activity for token android.os.BinderProxy@e6e8d0d
11-16 08:56:54.147: I/Icing(14293): Indexing done com.google.android.gms-apps
11-16 08:56:54.147: E/libc(1193): Access denied finding property "vendor.debug.prerotation.disable"
11-16 08:56:54.148: E/libc(1193): Access denied finding property "vendor.debug.prerotation.disable"
11-16 08:56:54.148: I/Adreno(1193): PFP: 0x016ee170, ME: 0x00000000
11-16 08:56:54.148: E/libc(1193): Access denied finding property "vendor.debug.prerotation.disable"
11-16 08:56:54.149: I/ConfigStore(1193): android::hardware::configstore::V1_0::ISurfaceFlingerConfigs::hasWideColorDisplay retrieved: 1
11-16 08:56:54.149: I/ConfigStore(1193): android::hardware::configstore::V1_0::ISurfaceFlingerConfigs::hasHDRDisplay retrieved: 1
11-16 08:56:54.149: I/OpenGLRenderer(1193): Initialized EGL, version 1.4
11-16 08:56:54.149: D/OpenGLRenderer(1193): Swap behavior 2
11-16 08:56:54.152: I/DefaultStickerUpdate(3625): Created 152 indexables
11-16 08:56:54.154: D/LifecycleMonitor(16995): Lifecycle status change: androidx.test.core.app.InstrumentationActivityInvoker$EmptyActivity@a1c6e10 in: PRE_ON_CREATE
11-16 08:56:54.154: V/ActivityScenario(16995): Activity lifecycle changed event received but ignored because the intent does not match. startActivityIntent=Intent { act=android.intent.action.MAIN cat=[android.intent.category.LAUNCHER] cmp=androidx.testutils.runtime.test/androidx.testutils.TestActivity }, activity.getIntent()=Intent { act=android.intent.action.MAIN cat=[android.intent.category.LAUNCHER] flg=0x10000000 cmp=androidx.testutils.runtime.test/androidx.test.core.app.InstrumentationActivityInvoker$EmptyActivity }, activity=androidx.test.core.app.InstrumentationActivityInvoker$EmptyActivity@a1c6e10
11-16 08:56:54.158: I/droid.apps.tip(16481): Waiting for a blocking GC ProfileSaver
11-16 08:56:54.164: I/droid.apps.tip(16481): WaitForGcToComplete blocked ProfileSaver on HeapTrim for 5.434ms
11-16 08:56:54.170: D/LifecycleMonitor(16995): Lifecycle status change: androidx.test.core.app.InstrumentationActivityInvoker$EmptyActivity@a1c6e10 in: CREATED
11-16 08:56:54.170: V/ActivityScenario(16995): Activity lifecycle changed event received but ignored because the intent does not match. startActivityIntent=Intent { act=android.intent.action.MAIN cat=[android.intent.category.LAUNCHER] cmp=androidx.testutils.runtime.test/androidx.testutils.TestActivity }, activity.getIntent()=Intent { act=android.intent.action.MAIN cat=[android.intent.category.LAUNCHER] flg=0x10000000 cmp=androidx.testutils.runtime.test/androidx.test.core.app.InstrumentationActivityInvoker$EmptyActivity }, activity=androidx.test.core.app.InstrumentationActivityInvoker$EmptyActivity@a1c6e10
11-16 08:56:54.171: I/BgTaskExecutorImpl(10061): Starting EXCLUSIVE background task FETCH_CONFIGS_FROM_PHENOTYPE.
11-16 08:56:54.173: D/LifecycleMonitor(16995): Lifecycle status change: androidx.test.core.app.InstrumentationActivityInvoker$EmptyActivity@a1c6e10 in: STARTED
11-16 08:56:54.174: V/ActivityScenario(16995): Activity lifecycle changed event received but ignored because the intent does not match. startActivityIntent=Intent { act=android.intent.action.MAIN cat=[android.intent.category.LAUNCHER] cmp=androidx.testutils.runtime.test/androidx.testutils.TestActivity }, activity.getIntent()=Intent { act=android.intent.action.MAIN cat=[android.intent.category.LAUNCHER] flg=0x10000000 cmp=androidx.testutils.runtime.test/androidx.test.core.app.InstrumentationActivityInvoker$EmptyActivity }, activity=androidx.test.core.app.InstrumentationActivityInvoker$EmptyActivity@a1c6e10
11-16 08:56:54.175: D/LifecycleMonitor(16995): Lifecycle status change: androidx.test.core.app.InstrumentationActivityInvoker$EmptyActivity@a1c6e10 in: RESUMED
11-16 08:56:54.175: V/ActivityScenario(16995): Activity lifecycle changed event received but ignored because the intent does not match. startActivityIntent=Intent { act=android.intent.action.MAIN cat=[android.intent.category.LAUNCHER] cmp=androidx.testutils.runtime.test/androidx.testutils.TestActivity }, activity.getIntent()=Intent { act=android.intent.action.MAIN cat=[android.intent.category.LAUNCHER] flg=0x10000000 cmp=androidx.testutils.runtime.test/androidx.test.core.app.InstrumentationActivityInvoker$EmptyActivity }, activity=androidx.test.core.app.InstrumentationActivityInvoker$EmptyActivity@a1c6e10
11-16 08:56:54.178: W/android.youtub(17103): Skipping duplicate class check due to unsupported classloader
11-16 08:56:54.188: I/akhr(10948): Scheduling Phenotype for a PhenotypeSyncImmediately(13, com.google.android.googlequicksearchbox) one off with window [1, 2] in seconds [CONTEXT service_id=51 ]
11-16 08:56:54.195: I/Icing(14293): Indexing com.google.android.gms-internal.3p:MobileApplication from com.google.android.gms
11-16 08:56:54.203: I/GoogleInputMethod(3625): onFinishInput() : Dummy InputConnection bound
11-16 08:56:54.204: I/GoogleInputMethod(3625): onStartInput() : Dummy InputConnection bound
11-16 08:56:54.212: I/ActivityManager(1193): START u0 {act=android.intent.action.MAIN cat=[android.intent.category.LAUNCHER] flg=0x10000000 cmp=androidx.testutils.runtime.test/androidx.test.core.app.InstrumentationActivityInvoker$EmptyActivity} from uid 10172
11-16 08:56:54.213: D/android.hardware.power@1.3-service.crosshatch-libperfmgr(773): LAUNCH ON
11-16 08:56:54.227: I/ActivityManager(1193): Killing 16049:com.android.vending:instant_app_installer/u0a14 (adj 906): empty #17
11-16 08:56:54.233: D/LifecycleMonitor(16995): Lifecycle status change: androidx.test.core.app.InstrumentationActivityInvoker$EmptyActivity@a1c6e10 in: PAUSED
11-16 08:56:54.233: V/ActivityScenario(16995): Activity lifecycle changed event received but ignored because the intent does not match. startActivityIntent=Intent { act=android.intent.action.MAIN cat=[android.intent.category.LAUNCHER] cmp=androidx.testutils.runtime.test/androidx.testutils.TestActivity }, activity.getIntent()=Intent { act=android.intent.action.MAIN cat=[android.intent.category.LAUNCHER] flg=0x10000000 cmp=androidx.testutils.runtime.test/androidx.test.core.app.InstrumentationActivityInvoker$EmptyActivity }, activity=androidx.test.core.app.InstrumentationActivityInvoker$EmptyActivity@a1c6e10
11-16 08:56:54.236: W/libprocessgroup(1193): kill(-16049, 9) failed: No such process
11-16 08:56:54.240: I/Icing(14293): Indexing done com.google.android.gms-internal.3p:MobileApplication
11-16 08:56:54.241: D/LifecycleMonitor(16995): Lifecycle status change: androidx.test.core.app.InstrumentationActivityInvoker$BootstrapActivity@3b2c29d in: DESTROYED
11-16 08:56:54.241: I/Icing(14293): Indexing com.android.chrome-internal.3p:WebPage from com.android.chrome
11-16 08:56:54.241: V/ActivityScenario(16995): Activity lifecycle changed event received but ignored because the intent does not match. startActivityIntent=Intent { act=android.intent.action.MAIN cat=[android.intent.category.LAUNCHER] cmp=androidx.testutils.runtime.test/androidx.testutils.TestActivity }, activity.getIntent()=Intent { act=android.intent.action.MAIN cat=[android.intent.category.LAUNCHER] flg=0x10008000 cmp=androidx.testutils.runtime.test/androidx.test.core.app.InstrumentationActivityInvoker$BootstrapActivity (has extras) }, activity=androidx.test.core.app.InstrumentationActivityInvoker$BootstrapActivity@3b2c29d
11-16 08:56:54.242: W/ActivityThread(16995): handleWindowVisibility: no activity for token android.os.BinderProxy@277ef28
11-16 08:56:54.245: E/ExecutionCriteria(10948): Package unavailable for task: com.google.android.apps.gcs/com.google.android.flib.phenotype.services.PhenotypeExperimentCommitService{u=0 tag="PhenotypeExpCommitSvc" trigger=window{start=0s,end=30s,earliest=-506s,latest=-476s} requirements=[NET_ANY] attributes=[PERSISTED] scheduled=-506s last_run=N/A exec_window_multiplier=1.0000 jid=N/A status=PENDING retries=0 client_lib=MANCHEGO_GCM-11732000} [CONTEXT service_id=218 ]
11-16 08:56:54.246: D/LifecycleMonitor(16995): Lifecycle status change: androidx.test.core.app.InstrumentationActivityInvoker$EmptyActivity@43b3de6 in: PRE_ON_CREATE
11-16 08:56:54.246: V/ActivityScenario(16995): Activity lifecycle changed event received but ignored because the intent does not match. startActivityIntent=Intent { act=android.intent.action.MAIN cat=[android.intent.category.LAUNCHER] cmp=androidx.testutils.runtime.test/androidx.testutils.TestActivity }, activity.getIntent()=Intent { act=android.intent.action.MAIN cat=[android.intent.category.LAUNCHER] flg=0x10000000 cmp=androidx.testutils.runtime.test/androidx.test.core.app.InstrumentationActivityInvoker$EmptyActivity }, activity=androidx.test.core.app.InstrumentationActivityInvoker$EmptyActivity@43b3de6
11-16 08:56:54.246: I/ActivityManager(1193): Start proc 17232:com.google.intelligence.sense/u0a31 for broadcast com.google.intelligence.sense/.ambientmusic.SystemBroadcastReceiver
11-16 08:56:54.249: E/SQLiteLog(14293): (1) no such table: WebPage_com.android.chrome_seq_table
11-16 08:56:54.250: E/Icing(14293): Cursor call threw an exception: no such table: WebPage_com.android.chrome_seq_table (code 1 SQLITE_ERROR): , while compiling: SELECT * FROM [WebPage_com.android.chrome_seq_table] WHERE seqno>0 AND tag IS NULL ORDER BY seqno LIMIT 20
11-16 08:56:54.250: I/Icing(14293): Indexing done com.android.chrome-internal.3p:WebPage
11-16 08:56:54.250: E/Icing(14293): Aborting indexing of corpus internal.3p:WebPage
11-16 08:56:54.253: D/LifecycleMonitor(16995): Lifecycle status change: androidx.test.core.app.InstrumentationActivityInvoker$EmptyActivity@43b3de6 in: CREATED
11-16 08:56:54.253: V/ActivityScenario(16995): Activity lifecycle changed event received but ignored because the intent does not match. startActivityIntent=Intent { act=android.intent.action.MAIN cat=[android.intent.category.LAUNCHER] cmp=androidx.testutils.runtime.test/androidx.testutils.TestActivity }, activity.getIntent()=Intent { act=android.intent.action.MAIN cat=[android.intent.category.LAUNCHER] flg=0x10000000 cmp=androidx.testutils.runtime.test/androidx.test.core.app.InstrumentationActivityInvoker$EmptyActivity }, activity=androidx.test.core.app.InstrumentationActivityInvoker$EmptyActivity@43b3de6
11-16 08:56:54.254: I/Zygote(736): Process 16049 exited due to signal (9)
11-16 08:56:54.255: E/elligence.sens(17232): Not starting debugger since process cannot load the jdwp agent.
11-16 08:56:54.259: D/LifecycleMonitor(16995): Lifecycle status change: androidx.test.core.app.InstrumentationActivityInvoker$EmptyActivity@43b3de6 in: STARTED
11-16 08:56:54.259: V/ActivityScenario(16995): Activity lifecycle changed event received but ignored because the intent does not match. startActivityIntent=Intent { act=android.intent.action.MAIN cat=[android.intent.category.LAUNCHER] cmp=androidx.testutils.runtime.test/androidx.testutils.TestActivity }, activity.getIntent()=Intent { act=android.intent.action.MAIN cat=[android.intent.category.LAUNCHER] flg=0x10000000 cmp=androidx.testutils.runtime.test/androidx.test.core.app.InstrumentationActivityInvoker$EmptyActivity }, activity=androidx.test.core.app.InstrumentationActivityInvoker$EmptyActivity@43b3de6
11-16 08:56:54.260: D/LifecycleMonitor(16995): Lifecycle status change: androidx.test.core.app.InstrumentationActivityInvoker$EmptyActivity@43b3de6 in: RESUMED
11-16 08:56:54.261: V/ActivityScenario(16995): Activity lifecycle changed event received but ignored because the intent does not match. startActivityIntent=Intent { act=android.intent.action.MAIN cat=[android.intent.category.LAUNCHER] cmp=androidx.testutils.runtime.test/androidx.testutils.TestActivity }, activity.getIntent()=Intent { act=android.intent.action.MAIN cat=[android.intent.category.LAUNCHER] flg=0x10000000 cmp=androidx.testutils.runtime.test/androidx.test.core.app.InstrumentationActivityInvoker$EmptyActivity }, activity=androidx.test.core.app.InstrumentationActivityInvoker$EmptyActivity@43b3de6
11-16 08:56:54.272: D/SurfaceFlinger(644): duplicate layer name: changing androidx.testutils.runtime.test/androidx.test.core.app.InstrumentationActivityInvoker$EmptyActivity to androidx.testutils.runtime.test/androidx.test.core.app.InstrumentationActivityInvoker$EmptyActivity#1
11-16 08:56:54.277: W/ActivityManager(1193): Duplicate finish request for ActivityRecord{43cee54 u0 androidx.testutils.runtime.test/androidx.testutils.TestActivity t6 f}
11-16 08:56:54.278: I/GoogleInputMethod(3625): onFinishInput() : Dummy InputConnection bound
11-16 08:56:54.279: I/GoogleInputMethod(3625): onStartInput() : Dummy InputConnection bound
11-16 08:56:54.279: W/libprocessgroup(1193): kill(-16049, 9) failed: No such process
11-16 08:56:54.280: I/libprocessgroup(1193): Successfully killed process cgroup uid 10014 pid 16049 in 43ms
11-16 08:56:54.290: W/native(17232): commandlineflags.cc:1511 Ignoring RegisterValidateFunction() for flag pointer 0x798c9a5598: no flag found at that address
11-16 08:56:54.304: D/DynamitePackage(17103): Instantiated singleton DynamitePackage.
11-16 08:56:54.304: D/LifecycleMonitor(16995): Lifecycle status change: androidx.test.core.app.InstrumentationActivityInvoker$EmptyActivity@a1c6e10 in: STOPPED
11-16 08:56:54.304: D/DynamitePackage(17103): Instantiating com.google.android.gms.ads.adshield.ChimeraAdShieldCreatorImpl
11-16 08:56:54.304: V/ActivityScenario(16995): Activity lifecycle changed event received but ignored because the intent does not match. startActivityIntent=Intent { act=android.intent.action.MAIN cat=[android.intent.category.LAUNCHER] cmp=androidx.testutils.runtime.test/androidx.testutils.TestActivity }, activity.getIntent()=Intent { act=android.intent.action.MAIN cat=[android.intent.category.LAUNCHER] flg=0x10000000 cmp=androidx.testutils.runtime.test/androidx.test.core.app.InstrumentationActivityInvoker$EmptyActivity }, activity=androidx.test.core.app.InstrumentationActivityInvoker$EmptyActivity@a1c6e10
11-16 08:56:54.306: D/LifecycleMonitor(16995): Lifecycle status change: androidx.test.core.app.InstrumentationActivityInvoker$EmptyActivity@a1c6e10 in: DESTROYED
11-16 08:56:54.306: E/elligence.sens(17232): The String#value field is not present on Android versions >= 6.0
11-16 08:56:54.306: V/ActivityScenario(16995): Activity lifecycle changed event received but ignored because the intent does not match. startActivityIntent=Intent { act=android.intent.action.MAIN cat=[android.intent.category.LAUNCHER] cmp=androidx.testutils.runtime.test/androidx.testutils.TestActivity }, activity.getIntent()=Intent { act=android.intent.action.MAIN cat=[android.intent.category.LAUNCHER] flg=0x10000000 cmp=androidx.testutils.runtime.test/androidx.test.core.app.InstrumentationActivityInvoker$EmptyActivity }, activity=androidx.test.core.app.InstrumentationActivityInvoker$EmptyActivity@a1c6e10
11-16 08:56:54.311: D/LifecycleMonitor(16995): Lifecycle status change: androidx.test.core.app.InstrumentationActivityInvoker$EmptyActivity@43b3de6 in: PAUSED
11-16 08:56:54.312: V/ActivityScenario(16995): Activity lifecycle changed event received but ignored because the intent does not match. startActivityIntent=Intent { act=android.intent.action.MAIN cat=[android.intent.category.LAUNCHER] cmp=androidx.testutils.runtime.test/androidx.testutils.TestActivity }, activity.getIntent()=Intent { act=android.intent.action.MAIN cat=[android.intent.category.LAUNCHER] flg=0x10000000 cmp=androidx.testutils.runtime.test/androidx.test.core.app.InstrumentationActivityInvoker$EmptyActivity }, activity=androidx.test.core.app.InstrumentationActivityInvoker$EmptyActivity@43b3de6
11-16 08:56:54.322: I/BackdropActivity(15993): onResume()
11-16 08:56:54.322: I/ActivityManager(1193): Activity requesting to dismiss Keyguard: ActivityRecord{3d2c6f5 u0 com.google.android.apps.mtaas.backdrop/.BackdropActivity t4}
11-16 08:56:54.337: D/LifecycleMonitor(16995): Lifecycle status change: androidx.testutils.TestActivity@b26435b in: STOPPED
11-16 08:56:54.337: V/ActivityScenario(16995): Update currentActivityStage to STOPPED, currentActivity=androidx.testutils.TestActivity@b26435b
11-16 08:56:54.338: D/LifecycleMonitor(16995): Lifecycle status change: androidx.testutils.TestActivity@b26435b in: DESTROYED
11-16 08:56:54.338: V/ActivityScenario(16995): Update currentActivityStage to DESTROYED, currentActivity=null
11-16 08:56:54.339: I/GoogleInputMethod(3625): onFinishInput() : Dummy InputConnection bound
11-16 08:56:54.340: I/GoogleInputMethod(3625): onStartInput() : Dummy InputConnection bound
11-16 08:56:54.341: I/Superpacks(17232): Releasing all superpacks except ambientmusic-index-17_09_02
11-16 08:56:54.349: I/TestRunner(16995): finished: test[1](androidx.testutils.ActivityNoPersist)
11-16 08:56:54.353: I/Superpacks(17232): Starting garbage collection
11-16 08:56:54.353: W/Superpacks(17232): isDirectory returned false while listing files for /data/user/0/com.google.intelligence.sense/files/superpacks
11-16 08:56:54.353: I/MonitoringInstr(16995): Activities that are still in CREATED to STOPPED: 1
11-16 08:56:54.355: I/TestRunner(16995): started: test[2](androidx.testutils.ActivityNoPersist)
11-16 08:56:54.357: D/android.hardware.power@1.3-service.crosshatch-libperfmgr(773): LAUNCH OFF
11-16 08:56:54.359: I/MonitoringInstr(16995): Activities that are still in CREATED to STOPPED: 1
11-16 08:56:54.365: W/Settings(16995): Setting always_finish_activities has moved from android.provider.Settings.System to android.provider.Settings.Global, returning read-only value.
11-16 08:56:54.374: W/NotificationService(1193): Notification policy access denied calling getAutomaticZenRules
11-16 08:56:54.380: I/ActivityManager(1193): Killing 16088:com.google.android.apps.docs/u0a128 (adj 906): empty #17
11-16 08:56:54.381: W/libprocessgroup(1193): kill(-16088, 9) failed: No such process
11-16 08:56:54.400: I/ActivityManager(1193): Start proc 17267:com.google.android.apps.chromecast.app/u0a149 for broadcast com.google.android.apps.chromecast.app/com.google.android.libraries.notifications.entrypoints.localechanged.LocaleChangedReceiver
11-16 08:56:54.401: E/.chromecast.ap(17267): Not starting debugger since process cannot load the jdwp agent.
11-16 08:56:54.405: D/LifecycleMonitor(16995): Lifecycle status change: androidx.test.core.app.InstrumentationActivityInvoker$EmptyActivity@43b3de6 in: STOPPED
11-16 08:56:54.407: D/LifecycleMonitor(16995): Lifecycle status change: androidx.test.core.app.InstrumentationActivityInvoker$EmptyActivity@43b3de6 in: DESTROYED
11-16 08:56:54.413: W/SurfaceFlinger(644): Attempting to destroy on removed layer: AppWindowToken{1192cac token=Token{7b42a5f ActivityRecord{a1892fe u0 androidx.testutils.runtime.test/androidx.test.core.app.InstrumentationActivityInvoker$EmptyActivity t6}}}#0
11-16 08:56:54.415: W/libprocessgroup(1193): kill(-16088, 9) failed: No such process
11-16 08:56:54.423: I/ActivityManager(1193): START u0 {act=android.intent.action.MAIN cat=[android.intent.category.LAUNCHER] flg=0x10008000 cmp=androidx.testutils.runtime.test/androidx.test.core.app.InstrumentationActivityInvoker$BootstrapActivity (has extras)} from uid 10172
11-16 08:56:54.428: D/android.hardware.power@1.3-service.crosshatch-libperfmgr(773): LAUNCH ON
11-16 08:56:54.432: W/libprocessgroup(1193): kill(-16088, 9) failed: No such process
11-16 08:56:54.434: I/GMS_MM_Logger(14293): Memory Metric Logging not allowed. Stopping.
11-16 08:56:54.438: W/ActivityThread(16995): handleWindowVisibility: no activity for token android.os.BinderProxy@abcafb1
11-16 08:56:54.440: I/.chromecast.ap(17267): The ClassLoaderContext is a special shared library.
11-16 08:56:54.448: D/LifecycleMonitor(16995): Lifecycle status change: androidx.test.core.app.InstrumentationActivityInvoker$BootstrapActivity@cf2a017 in: PRE_ON_CREATE
11-16 08:56:54.448: V/ActivityScenario(16995): Activity lifecycle changed event received but ignored because the intent does not match. startActivityIntent=Intent { act=android.intent.action.MAIN cat=[android.intent.category.LAUNCHER] cmp=androidx.testutils.runtime.test/androidx.testutils.TestActivity }, activity.getIntent()=Intent { act=android.intent.action.MAIN cat=[android.intent.category.LAUNCHER] flg=0x10008000 cmp=androidx.testutils.runtime.test/androidx.test.core.app.InstrumentationActivityInvoker$BootstrapActivity (has extras) }, activity=androidx.test.core.app.InstrumentationActivityInvoker$BootstrapActivity@cf2a017
11-16 08:56:54.453: I/EventLogSendingHelper(10061): Sending log events.
11-16 08:56:54.456: D/LifecycleMonitor(16995): Lifecycle status change: androidx.test.core.app.InstrumentationActivityInvoker$BootstrapActivity@cf2a017 in: CREATED
11-16 08:56:54.457: V/ActivityScenario(16995): Activity lifecycle changed event received but ignored because the intent does not match. startActivityIntent=Intent { act=android.intent.action.MAIN cat=[android.intent.category.LAUNCHER] cmp=androidx.testutils.runtime.test/androidx.testutils.TestActivity }, activity.getIntent()=Intent { act=android.intent.action.MAIN cat=[android.intent.category.LAUNCHER] flg=0x10008000 cmp=androidx.testutils.runtime.test/androidx.test.core.app.InstrumentationActivityInvoker$BootstrapActivity (has extras) }, activity=androidx.test.core.app.InstrumentationActivityInvoker$BootstrapActivity@cf2a017
11-16 08:56:54.459: D/LifecycleMonitor(16995): Lifecycle status change: androidx.test.core.app.InstrumentationActivityInvoker$BootstrapActivity@cf2a017 in: STARTED
11-16 08:56:54.459: V/ActivityScenario(16995): Activity lifecycle changed event received but ignored because the intent does not match. startActivityIntent=Intent { act=android.intent.action.MAIN cat=[android.intent.category.LAUNCHER] cmp=androidx.testutils.runtime.test/androidx.testutils.TestActivity }, activity.getIntent()=Intent { act=android.intent.action.MAIN cat=[android.intent.category.LAUNCHER] flg=0x10008000 cmp=androidx.testutils.runtime.test/androidx.test.core.app.InstrumentationActivityInvoker$BootstrapActivity (has extras) }, activity=androidx.test.core.app.InstrumentationActivityInvoker$BootstrapActivity@cf2a017
11-16 08:56:54.461: I/ActivityManager(1193): START u0 {act=android.intent.action.MAIN cat=[android.intent.category.LAUNCHER] cmp=androidx.testutils.runtime.test/androidx.testutils.TestActivity} from uid 10172
11-16 08:56:54.462: D/android.hardware.power@1.3-service.crosshatch-libperfmgr(773): LAUNCH ON
11-16 08:56:54.465: D/LifecycleMonitor(16995): Lifecycle status change: androidx.test.core.app.InstrumentationActivityInvoker$BootstrapActivity@cf2a017 in: RESUMED
11-16 08:56:54.465: V/ActivityScenario(16995): Activity lifecycle changed event received but ignored because the intent does not match. startActivityIntent=Intent { act=android.intent.action.MAIN cat=[android.intent.category.LAUNCHER] cmp=androidx.testutils.runtime.test/androidx.testutils.TestActivity }, activity.getIntent()=Intent { act=android.intent.action.MAIN cat=[android.intent.category.LAUNCHER] flg=0x10008000 cmp=androidx.testutils.runtime.test/androidx.test.core.app.InstrumentationActivityInvoker$BootstrapActivity (has extras) }, activity=androidx.test.core.app.InstrumentationActivityInvoker$BootstrapActivity@cf2a017
11-16 08:56:54.468: D/LifecycleMonitor(16995): Lifecycle status change: androidx.test.core.app.InstrumentationActivityInvoker$BootstrapActivity@cf2a017 in: PAUSED
11-16 08:56:54.468: V/ActivityScenario(16995): Activity lifecycle changed event received but ignored because the intent does not match. startActivityIntent=Intent { act=android.intent.action.MAIN cat=[android.intent.category.LAUNCHER] cmp=androidx.testutils.runtime.test/androidx.testutils.TestActivity }, activity.getIntent()=Intent { act=android.intent.action.MAIN cat=[android.intent.category.LAUNCHER] flg=0x10008000 cmp=androidx.testutils.runtime.test/androidx.test.core.app.InstrumentationActivityInvoker$BootstrapActivity (has extras) }, activity=androidx.test.core.app.InstrumentationActivityInvoker$BootstrapActivity@cf2a017
