11-16 08:57:43.637: E/fpc_tac(16783): fpcbuildinfo : 575ddab5b91efea67ee1d200fc813ff2fpc_bio=bd35c3fec78219829149bea6c9ec961e6f655b90C:prodtestlib=4304cf5c884c198624b749af3482befacbd3028eC:fpc_c_core=dc194509594e837dedfb5452aaf06fcb61977135C:fpc_lib=cd5b7b876c3d69afa68a11ac6fd86f873e70817bC:cac=297e11552c60a3607ed664cf44c3e4b36ab2e737C:fpc_bio_interface=94a457caecae31eca8ef04b64c3f82a018e9bbc0C:fpc_sensor=ba909a5500944acafe47a0ef3a49f89509aadfb6C:tools_core=94ddf1e684cfa6c99f0f237f7cc35f3962e0e597C:sensor_settings=4fcf864fb493ae0272a9b2806446b379d99fd8ceC:fingerprint_ta=066bc0ab880960a4a69b74a328c7d7871c72225bC:fingerprint_pal=0deb9a478a3572872639f9cb2559ccc464ee3f9bC:manifests=dcb3d8ab0bdb7a5b341839d8c75bb88fc7f5e1a4C:Manifesttag=SW23.3.0-PDR1.0.5:jenkins@84ffd74dac44:Thu,17May201810:17:08+0200:FPC_SENSOR_TYPE=FPC_SENSOR_TYPE_FPC1270:FPC_CC_TYPE=FPC_COMPANION_CHIP_FPC2050:FPC_C_TYPE=FPC_COATING_NORMAL
11-16 08:57:43.637: E/fpc_tac(16783): fpcbuildtype : build=RELEASE sensor=9
11-16 08:57:43.637: D/WIFI_AWARE_FACTORY(1169): got request NetworkRequest [ TRACK_DEFAULT id=57, [ Capabilities: INTERNET&NOT_RESTRICTED&TRUSTED Unwanted:  Uid: 10080] ] with score 60
11-16 08:57:43.639: D/LifecycleMonitor(16375): Lifecycle status change: androidx.lifecycle.testapp.EmptyActivity@9d17be3 in: DESTROYED
11-16 08:57:43.639: D/PhoneSwitcherNetworkRequstListener(3799): got request NetworkRequest [ TRACK_DEFAULT id=57, [ Capabilities: INTERNET&NOT_RESTRICTED&TRUSTED Unwanted:  Uid: 10080] ] with score 60
11-16 08:57:43.640: D/WIFI(1169): got request NetworkRequest [ TRACK_DEFAULT id=57, [ Capabilities: INTERNET&NOT_RESTRICTED&TRUSTED Unwanted:  Uid: 10080] ] with score 60
11-16 08:57:43.640: D/WIFI_UT(1169): got request NetworkRequest [ TRACK_DEFAULT id=57, [ Capabilities: INTERNET&NOT_RESTRICTED&TRUSTED Unwanted:  Uid: 10080] ] with score 60
11-16 08:57:43.640: D/Ethernet(1169): got request NetworkRequest [ TRACK_DEFAULT id=57, [ Capabilities: INTERNET&NOT_RESTRICTED&TRUSTED Unwanted:  Uid: 10080] ] with score 60
11-16 08:57:43.641: W/PrimesInit(16718): Primes instant initialization
11-16 08:57:43.643: W/Primes(16718): background initialization
11-16 08:57:43.654: D/LifecycleMonitor(16375): Lifecycle status change: androidx.lifecycle.testapp.EmptyActivity@7ac927a in: PRE_ON_CREATE
11-16 08:57:43.671: D/LifecycleMonitor(16375): Lifecycle status change: androidx.lifecycle.testapp.EmptyActivity@7ac927a in: CREATED
11-16 08:57:43.676: D/LifecycleMonitor(16375): Lifecycle status change: androidx.lifecycle.testapp.EmptyActivity@7ac927a in: STARTED
11-16 08:57:43.681: D/LifecycleMonitor(16375): Lifecycle status change: androidx.lifecycle.testapp.EmptyActivity@7ac927a in: RESUMED
11-16 08:57:43.689: I/android.youtub(16512): Rejecting re-init on previously-failed class java.lang.Class<com.google.android.ads.tasks.appdigest.a>: java.lang.NoClassDefFoundError: Failed resolution of: Landroid/content/pm/PackageManager$OnChecksumsReadyListener;
11-16 08:57:43.689: I/android.youtub(16512):   at java.lang.Class dalvik.system.DexFile.defineClassNative(java.lang.String, java.lang.ClassLoader, java.lang.Object, dalvik.system.DexFile) (DexFile.java:-2)
11-16 08:57:43.689: I/android.youtub(16512):   at java.lang.Class dalvik.system.DexFile.defineClass(java.lang.String, java.lang.ClassLoader, java.lang.Object, dalvik.system.DexFile, java.util.List) (DexFile.java:283)
11-16 08:57:43.689: I/android.youtub(16512):   at java.lang.Class dalvik.system.DexFile.loadClassBinaryName(java.lang.String, java.lang.ClassLoader, java.util.List) (DexFile.java:276)
11-16 08:57:43.689: I/android.youtub(16512):   at java.lang.Class dalvik.system.DexPathList$Element.findClass(java.lang.String, java.lang.ClassLoader, java.util.List) (DexPathList.java:724)
11-16 08:57:43.689: I/android.youtub(16512):   at java.lang.Class dalvik.system.DexPathList.findClass(java.lang.String, java.util.List) (DexPathList.java:486)
11-16 08:57:43.689: I/android.youtub(16512):   at java.lang.Class dalvik.system.BaseDexClassLoader.findClass(java.lang.String) (BaseDexClassLoader.java:132)
11-16 08:57:43.689: I/android.youtub(16512):   at java.lang.Class bg.loadClass(java.lang.String, boolean) (:com.google.android.gms.dynamite_dynamiteloader@213614065@21.36.14 (100400-0):2)
11-16 08:57:43.689: I/android.youtub(16512):   at java.lang.Class java.lang.ClassLoader.loadClass(java.lang.String) (ClassLoader.java:312)
11-16 08:57:43.689: I/android.youtub(16512):   at java.util.List xu.r(yv, android.content.Context, bqi, com.google.ads.afma.g) (:com.google.android.gms.policy_ads_fdr_dynamite@213806100@213806100057.397311113.397311113:5)
11-16 08:57:43.689: I/android.youtub(16512):   at java.util.List xv.r(yv, android.content.Context, bqi, com.google.ads.afma.g) (:com.google.android.gms.policy_ads_fdr_dynamite@213806100@213806100057.397311113.397311113:4)
11-16 08:57:43.689: I/android.youtub(16512):   at void xu.s(yv, android.content.Context, bqi, com.google.ads.afma.g) (:com.google.android.gms.policy_ads_fdr_dynamite@213806100@213806100057.397311113.397311113:0)
11-16 08:57:43.689: I/android.youtub(16512):   at bqi xu.m(android.content.Context, com.google.ads.afma.g) (:com.google.android.gms.policy_ads_fdr_dynamite@213806100@213806100057.397311113.397311113:7)
11-16 08:57:43.689: I/android.youtub(16512):   at java.lang.String xp.r(android.content.Context, java.lang.String, int, android.view.View, android.app.Activity, byte[]) (:com.google.android.gms.policy_ads_fdr_dynamite@213806100@213806100057.397311113.397311113:8)
11-16 08:57:43.689: I/android.youtub(16512):   at java.lang.String xp.g(android.content.Context, byte[]) (:com.google.android.gms.policy_ads_fdr_dynamite@213806100@213806100057.397311113.397311113:2)
11-16 08:57:43.689: I/android.youtub(16512):   at java.lang.String com.google.android.gms.ads.adshield.internal.a.b(aqh, byte[]) (:com.google.android.gms.policy_ads_fdr_dynamite@213806100@213806100057.397311113.397311113:1)
11-16 08:57:43.689: I/android.youtub(16512):   at boolean com.google.android.gms.ads.adshield.internal.a.bJ(int, android.os.Parcel, android.os.Parcel) (:com.google.android.gms.policy_ads_fdr_dynamite@213806100@213806100057.397311113.397311113:54)
11-16 08:57:43.689: I/android.youtub(16512):   at boolean zg.onTransact(int, android.os.Parcel, android.os.Parcel, int) (:com.google.android.gms.policy_ads_fdr_dynamite@213806100@213806100057.397311113.397311113:4)
11-16 08:57:43.689: I/android.youtub(16512):   at boolean android.os.Binder.transact(int, android.os.Parcel, android.os.Parcel, int) (Binder.java:667)
11-16 08:57:43.689: I/android.youtub(16512):   at android.os.Parcel pcs.a(int, android.os.Parcel) (SourceFile:7)
11-16 08:57:43.689: I/android.youtub(16512):   at java.lang.String pkk.a(oms, byte[]) (SourceFile:40)
11-16 08:57:43.689: I/android.youtub(16512):   at java.lang.String nrc.a(android.content.Context, byte[]) (SourceFile:6)
11-16 08:57:43.689: I/android.youtub(16512):   at java.lang.String qis.a(android.content.Context, byte[]) (SourceFile:10)
11-16 08:57:43.689: I/android.youtub(16512):   at java.lang.String skv.a(qio, byte[]) (SourceFile:59)
11-16 08:57:43.689: I/android.youtub(16512):   at java.lang.String skv.g() (SourceFile:41)
11-16 08:57:43.689: I/android.youtub(16512):   at java.lang.String skv.b() (SourceFile:69)
11-16 08:57:43.689: I/android.youtub(16512):   at java.lang.String slq.i() (SourceFile:56)
11-16 08:57:43.689: I/android.youtub(16512):   at java.lang.String slq.b() (SourceFile:32)
11-16 08:57:43.689: I/android.youtub(16512):   at void slq.e() (SourceFile:37)
11-16 08:57:43.689: I/android.youtub(16512):   at void cmk.run() (SourceFile:7)
11-16 08:57:43.689: I/android.youtub(16512):   at java.lang.Object java.util.concurrent.Executors$RunnableAdapter.call() (Executors.java:458)
11-16 08:57:43.689: I/android.youtub(16512):   at void java.util.concurrent.FutureTask.run() (FutureTask.java:266)
11-16 08:57:43.689: I/android.youtub(16512):   at void java.util.concurrent.ScheduledThreadPoolExecutor$ScheduledFutureTask.run() (ScheduledThreadPoolExecutor.java:301)
11-16 08:57:43.689: I/android.youtub(16512):   at void java.util.concurrent.ThreadPoolExecutor.runWorker(java.util.concurrent.ThreadPoolExecutor$Worker) (ThreadPoolExecutor.java:1167)
11-16 08:57:43.689: I/android.youtub(16512):   at void java.util.concurrent.ThreadPoolExecutor$Worker.run() (ThreadPoolExecutor.java:641)
11-16 08:57:43.689: I/android.youtub(16512):   at void ubi.run() (SourceFile:20)
11-16 08:57:43.689: I/android.youtub(16512):   at void java.lang.Thread.run() (Thread.java:764)
11-16 08:57:43.689: I/android.youtub(16512): Caused by: java.lang.ClassNotFoundException: Didn't find class "android.content.pm.PackageManager$OnChecksumsReadyListener" on path: DexPathList[[zip file "/data/user_de/0/com.google.android.gms/app_chimera/m/00000010/dl-AdsFdrDynamite.integ_213806100100000.apk"],nativeLibraryDirectories=[/data/user_de/0/com.google.android.gms/app_chimera/m/00000010/dl-AdsFdrDynamite.integ_213806100100000.apk!/lib/arm64-v8a, /system/lib64]]
11-16 08:57:43.689: I/android.youtub(16512):   at java.lang.Class dalvik.system.BaseDexClassLoader.findClass(java.lang.String) (BaseDexClassLoader.java:134)
11-16 08:57:43.689: I/android.youtub(16512):   at java.lang.Class java.lang.ClassLoader.loadClass(java.lang.String, boolean) (ClassLoader.java:379)
11-16 08:57:43.689: I/android.youtub(16512):   at java.lang.Class bg.loadClass(java.lang.String, boolean) (:com.google.android.gms.dynamite_dynamiteloader@213614065@21.36.14 (100400-0):3)
11-16 08:57:43.689: I/android.youtub(16512):   at java.lang.Class java.lang.ClassLoader.loadClass(java.lang.String) (ClassLoader.java:312)
11-16 08:57:43.689: I/android.youtub(16512):   at java.lang.Class dalvik.system.DexFile.defineClassNative(java.lang.String, java.lang.ClassLoader, java.lang.Object, dalvik.system.DexFile) (DexFile.java:-2)
11-16 08:57:43.689: I/android.youtub(16512):   at java.lang.Class dalvik.system.DexFile.defineClass(java.lang.String, java.lang.ClassLoader, java.lang.Object, dalvik.system.DexFile, java.util.List) (DexFile.java:283)
11-16 08:57:43.689: I/android.youtub(16512):   at java.lang.Class dalvik.system.DexFile.loadClassBinaryName(java.lang.String, java.lang.ClassLoader, java.util.List) (DexFile.java:276)
11-16 08:57:43.689: I/android.youtub(16512):   at java.lang.Class dalvik.system.DexPathList$Element.findClass(java.lang.String, java.lang.ClassLoader, java.util.List) (DexPathList.java:724)
11-16 08:57:43.689: I/android.youtub(16512):   at java.lang.Class dalvik.system.DexPathList.findClass(java.lang.String, java.util.List) (DexPathList.java:486)
11-16 08:57:43.689: I/android.youtub(16512):   at java.lang.Class dalvik.system.BaseDexClassLoader.findClass(java.lang.String) (BaseDexClassLoader.java:132)
11-16 08:57:43.689: I/android.youtub(16512):   at java.lang.Class bg.loadClass(java.lang.String, boolean) (:com.google.android.gms.dynamite_dynamiteloader@213614065@21.36.14 (100400-0):2)
11-16 08:57:43.689: I/android.youtub(16512):   at java.lang.Class java.lang.ClassLoader.loadClass(java.lang.String) (ClassLoader.java:312)
11-16 08:57:43.689: I/android.youtub(16512):   at java.util.List xu.r(yv, android.content.Context, bqi, com.google.ads.afma.g) (:com.google.android.gms.policy_ads_fdr_dynamite@213806100@213806100057.397311113.397311113:5)
11-16 08:57:43.689: I/android.youtub(16512):   at java.util.List xv.r(yv, android.content.Context, bqi, com.google.ads.afma.g) (:com.google.android.gms.policy_ads_fdr_dynamite@213806100@213806100057.397311113.397311113:4)
11-16 08:57:43.689: I/android.youtub(16512):   at void xu.s(yv, android.content.Context, bqi, com.google.ads.afma.g) (:com.google.android.gms.policy_ads_fdr_dynamite@213806100@213806100057.397311113.397311113:0)
11-16 08:57:43.689: I/android.youtub(16512):   at bqi xu.m(android.content.Context, com.google.ads.afma.g) (:com.google.android.gms.policy_ads_fdr_dynamite@213806100@213806100057.397311113.397311113:7)
11-16 08:57:43.689: I/android.youtub(16512):   at java.lang.String xp.r(android.content.Context, java.lang.String, int, android.view.View, android.app.Activity, byte[]) (:com.google.android.gms.policy_ads_fdr_dynamite@213806100@213806100057.397311113.397311113:8)
11-16 08:57:43.689: I/android.youtub(16512):   at java.lang.String xp.g(android.content.Context, byte[]) (:com.google.android.gms.policy_ads_fdr_dynamite@213806100@213806100057.397311113.397311113:2)
11-16 08:57:43.689: I/android.youtub(16512):   at java.lang.String com.google.android.gms.ads.adshield.internal.a.b(aqh, byte[]) (:com.google.android.gms.policy_ads_fdr_dynamite@213806100@213806100057.397311113.397311113:1)
11-16 08:57:43.689: I/android.youtub(16512):   at boolean com.google.android.gms.ads.adshield.internal.a.bJ(int, android.os.Parcel, android.os.Parcel) (:com.google.android.gms.policy_ads_fdr_dynamite@213806100@213806100057.397311113.397311113:54)
11-16 08:57:43.689: I/android.youtub(16512):   at boolean zg.onTransact(int, android.os.Parcel, android.os.Parcel, int) (:com.google.android.gms.policy_ads_fdr_dynamite@213806100@213806100057.397311113.397311113:4)
11-16 08:57:43.689: I/android.youtub(16512):   at boolean android.os.Binder.transact(int, android.os.Parcel, android.os.Parcel, int) (Binder.java:667)
11-16 08:57:43.689: I/android.youtub(16512):   at android.os.Parcel pcs.a(int, android.os.Parcel) (SourceFile:7)
11-16 08:57:43.689: I/android.youtub(16512):   at java.lang.String pkk.a(oms, byte[]) (SourceFile:40)
11-16 08:57:43.689: I/android.youtub(16512):   at java.lang.String nrc.a(android.content.Context, byte[]) (SourceFile:6)
11-16 08:57:43.689: I/android.youtub(16512):   at java.lang.String qis.a(android.content.Context, byte[]) (SourceFile:10)
11-16 08:57:43.689: I/android.youtub(16512):   at java.lang.String skv.a(qio, byte[]) (SourceFile:59)
11-16 08:57:43.689: I/android.youtub(16512):   at java.lang.String skv.g() (SourceFile:41)
11-16 08:57:43.689: I/android.youtub(16512):   at java.lang.String skv.b() (SourceFile:69)
11-16 08:57:43.689: I/android.youtub(16512):   at java.lang.String slq.i() (SourceFile:56)
11-16 08:57:43.689: I/android.youtub(16512):   at java.lang.String slq.b() (SourceFile:32)
11-16 08:57:43.689: I/android.youtub(16512):   at void slq.e() (SourceFile:37)
11-16 08:57:43.689: I/android.youtub(16512):   at void cmk.run() (SourceFile:7)
11-16 08:57:43.689: I/android.youtub(16512):   at java.lang.Object java.util.concurrent.Executors$RunnableAdapter.call() (Executors.java:458)
11-16 08:57:43.689: I/android.youtub(16512):   at void java.util.concurrent.FutureTask.run() (FutureTask.java:266)
11-16 08:57:43.689: I/android.youtub(16512):   at void java.util.concurrent.ScheduledThreadPoolExecutor$ScheduledFutureTask.run() (ScheduledThreadPoolExecutor.java:301)
11-16 08:57:43.689: I/android.youtub(16512):   at void java.util.concurrent.ThreadPoolExecutor.runWorker(java.util.concurrent.ThreadPoolExecutor$Worker) (ThreadPoolExecutor.java:1167)
11-16 08:57:43.689: I/android.youtub(16512):   at void java.util.concurrent.ThreadPoolExecutor$Worker.run() (ThreadPoolExecutor.java:641)
11-16 08:57:43.689: I/android.youtub(16512):   at void ubi.run() (SourceFile:20)
11-16 08:57:43.689: I/android.youtub(16512):   at void java.lang.Thread.run() (Thread.java:764)
11-16 08:57:43.690: I/android.youtub(16512): Rejecting re-init on previously-failed class java.lang.Class<com.google.android.ads.tasks.appdigest.a>: java.lang.NoClassDefFoundError: Failed resolution of: Landroid/content/pm/PackageManager$OnChecksumsReadyListener;
11-16 08:57:43.690: I/android.youtub(16512):   at java.lang.Class dalvik.system.DexFile.defineClassNative(java.lang.String, java.lang.ClassLoader, java.lang.Object, dalvik.system.DexFile) (DexFile.java:-2)
11-16 08:57:43.690: I/android.youtub(16512):   at java.lang.Class dalvik.system.DexFile.defineClass(java.lang.String, java.lang.ClassLoader, java.lang.Object, dalvik.system.DexFile, java.util.List) (DexFile.java:283)
11-16 08:57:43.690: I/android.youtub(16512):   at java.lang.Class dalvik.system.DexFile.loadClassBinaryName(java.lang.String, java.lang.ClassLoader, java.util.List) (DexFile.java:276)
11-16 08:57:43.690: I/android.youtub(16512):   at java.lang.Class dalvik.system.DexPathList$Element.findClass(java.lang.String, java.lang.ClassLoader, java.util.List) (DexPathList.java:724)
11-16 08:57:43.690: I/android.youtub(16512):   at java.lang.Class dalvik.system.DexPathList.findClass(java.lang.String, java.util.List) (DexPathList.java:486)
11-16 08:57:43.690: I/android.youtub(16512):   at java.lang.Class dalvik.system.BaseDexClassLoader.findClass(java.lang.String) (BaseDexClassLoader.java:132)
11-16 08:57:43.690: I/android.youtub(16512):   at java.lang.Class bg.loadClass(java.lang.String, boolean) (:com.google.android.gms.dynamite_dynamiteloader@213614065@21.36.14 (100400-0):2)
11-16 08:57:43.690: I/android.youtub(16512):   at java.lang.Class java.lang.ClassLoader.loadClass(java.lang.String) (ClassLoader.java:312)
11-16 08:57:43.690: I/android.youtub(16512):   at java.util.List xu.r(yv, android.content.Context, bqi, com.google.ads.afma.g) (:com.google.android.gms.policy_ads_fdr_dynamite@213806100@213806100057.397311113.397311113:5)
11-16 08:57:43.690: I/android.youtub(16512):   at java.util.List xv.r(yv, android.content.Context, bqi, com.google.ads.afma.g) (:com.google.android.gms.policy_ads_fdr_dynamite@213806100@213806100057.397311113.397311113:4)
11-16 08:57:43.690: I/android.youtub(16512):   at void xu.s(yv, android.content.Context, bqi, com.google.ads.afma.g) (:com.google.android.gms.policy_ads_fdr_dynamite@213806100@213806100057.397311113.397311113:0)
11-16 08:57:43.690: I/android.youtub(16512):   at bqi xu.m(android.content.Context, com.google.ads.afma.g) (:com.google.android.gms.policy_ads_fdr_dynamite@213806100@213806100057.397311113.397311113:7)
11-16 08:57:43.690: I/android.youtub(16512):   at java.lang.String xp.r(android.content.Context, java.lang.String, int, android.view.View, android.app.Activity, byte[]) (:com.google.android.gms.policy_ads_fdr_dynamite@213806100@213806100057.397311113.397311113:8)
11-16 08:57:43.690: I/android.youtub(16512):   at java.lang.String xp.g(android.content.Context, byte[]) (:com.google.android.gms.policy_ads_fdr_dynamite@213806100@213806100057.397311113.397311113:2)
11-16 08:57:43.690: I/android.youtub(16512):   at java.lang.String com.google.android.gms.ads.adshield.internal.a.b(aqh, byte[]) (:com.google.android.gms.policy_ads_fdr_dynamite@213806100@213806100057.397311113.397311113:1)
11-16 08:57:43.690: I/android.youtub(16512):   at boolean com.google.android.gms.ads.adshield.internal.a.bJ(int, android.os.Parcel, android.os.Parcel) (:com.google.android.gms.policy_ads_fdr_dynamite@213806100@213806100057.397311113.397311113:54)
11-16 08:57:43.690: I/android.youtub(16512):   at boolean zg.onTransact(int, android.os.Parcel, android.os.Parcel, int) (:com.google.android.gms.policy_ads_fdr_dynamite@213806100@213806100057.397311113.397311113:4)
11-16 08:57:43.690: I/android.youtub(16512):   at boolean android.os.Binder.transact(int, android.os.Parcel, android.os.Parcel, int) (Binder.java:667)
11-16 08:57:43.690: I/android.youtub(16512):   at android.os.Parcel pcs.a(int, android.os.Parcel) (SourceFile:7)
11-16 08:57:43.690: I/android.youtub(16512):   at java.lang.String pkk.a(oms, byte[]) (SourceFile:40)
11-16 08:57:43.690: I/android.youtub(16512):   at java.lang.String nrc.a(android.content.Context, byte[]) (SourceFile:6)
11-16 08:57:43.690: I/android.youtub(16512):   at java.lang.String qis.a(android.content.Context, byte[]) (SourceFile:10)
11-16 08:57:43.690: I/android.youtub(16512):   at java.lang.String skv.a(qio, byte[]) (SourceFile:59)
11-16 08:57:43.690: I/android.youtub(16512):   at java.lang.String skv.g() (SourceFile:41)
11-16 08:57:43.690: I/android.youtub(16512):   at java.lang.String skv.b() (SourceFile:69)
11-16 08:57:43.690: I/android.youtub(16512):   at java.lang.String slq.i() (SourceFile:56)
11-16 08:57:43.690: I/android.youtub(16512):   at java.lang.String slq.b() (SourceFile:32)
11-16 08:57:43.690: I/android.youtub(16512):   at void slq.e() (SourceFile:37)
11-16 08:57:43.690: I/android.youtub(16512):   at void cmk.run() (SourceFile:7)
11-16 08:57:43.690: I/android.youtub(16512):   at java.lang.Object java.util.concurrent.Executors$RunnableAdapter.call() (Executors.java:458)
11-16 08:57:43.690: I/android.youtub(16512):   at void java.util.concurrent.FutureTask.run() (FutureTask.java:266)
11-16 08:57:43.690: I/android.youtub(16512):   at void java.util.concurrent.ScheduledThreadPoolExecutor$ScheduledFutureTask.run() (ScheduledThreadPoolExecutor.java:301)
11-16 08:57:43.690: I/android.youtub(16512):   at void java.util.concurrent.ThreadPoolExecutor.runWorker(java.util.concurrent.ThreadPoolExecutor$Worker) (ThreadPoolExecutor.java:1167)
11-16 08:57:43.690: I/android.youtub(16512):   at void java.util.concurrent.ThreadPoolExecutor$Worker.run() (ThreadPoolExecutor.java:641)
11-16 08:57:43.690: I/android.youtub(16512):   at void ubi.run() (SourceFile:20)
11-16 08:57:43.690: I/android.youtub(16512):   at void java.lang.Thread.run() (Thread.java:764)
11-16 08:57:43.690: I/android.youtub(16512): Caused by: java.lang.ClassNotFoundException: Didn't find class "android.content.pm.PackageManager$OnChecksumsReadyListener" on path: DexPathList[[zip file "/data/user_de/0/com.google.android.gms/app_chimera/m/00000010/dl-AdsFdrDynamite.integ_213806100100000.apk"],nativeLibraryDirectories=[/data/user_de/0/com.google.android.gms/app_chimera/m/00000010/dl-AdsFdrDynamite.integ_213806100100000.apk!/lib/arm64-v8a, /system/lib64]]
11-16 08:57:43.690: I/android.youtub(16512):   at java.lang.Class dalvik.system.BaseDexClassLoader.findClass(java.lang.String) (BaseDexClassLoader.java:134)
11-16 08:57:43.690: I/android.youtub(16512):   at java.lang.Class java.lang.ClassLoader.loadClass(java.lang.String, boolean) (ClassLoader.java:379)
11-16 08:57:43.690: I/android.youtub(16512):   at java.lang.Class bg.loadClass(java.lang.String, boolean) (:com.google.android.gms.dynamite_dynamiteloader@213614065@21.36.14 (100400-0):3)
11-16 08:57:43.690: I/android.youtub(16512):   at java.lang.Class java.lang.ClassLoader.loadClass(java.lang.String) (ClassLoader.java:312)
11-16 08:57:43.690: I/android.youtub(16512):   at java.lang.Class dalvik.system.DexFile.defineClassNative(java.lang.String, java.lang.ClassLoader, java.lang.Object, dalvik.system.DexFile) (DexFile.java:-2)
11-16 08:57:43.690: I/android.youtub(16512):   at java.lang.Class dalvik.system.DexFile.defineClass(java.lang.String, java.lang.ClassLoader, java.lang.Object, dalvik.system.DexFile, java.util.List) (DexFile.java:283)
11-16 08:57:43.690: I/android.youtub(16512):   at java.lang.Class dalvik.system.DexFile.loadClassBinaryName(java.lang.String, java.lang.ClassLoader, java.util.List) (DexFile.java:276)
11-16 08:57:43.690: I/android.youtub(16512):   at java.lang.Class dalvik.system.DexPathList$Element.findClass(java.lang.String, java.lang.ClassLoader, java.util.List) (DexPathList.java:724)
11-16 08:57:43.690: I/android.youtub(16512):   at java.lang.Class dalvik.system.DexPathList.findClass(java.lang.String, java.util.List) (DexPathList.java:486)
11-16 08:57:43.690: I/android.youtub(16512):   at java.lang.Class dalvik.system.BaseDexClassLoader.findClass(java.lang.String) (BaseDexClassLoader.java:132)
11-16 08:57:43.690: I/android.youtub(16512):   at java.lang.Class bg.loadClass(java.lang.String, boolean) (:com.google.android.gms.dynamite_dynamiteloader@213614065@21.36.14 (100400-0):2)
11-16 08:57:43.690: I/android.youtub(16512):   at java.lang.Class java.lang.ClassLoader.loadClass(java.lang.String) (ClassLoader.java:312)
11-16 08:57:43.690: I/android.youtub(16512):   at java.util.List xu.r(yv, android.content.Context, bqi, com.google.ads.afma.g) (:com.google.android.gms.policy_ads_fdr_dynamite@213806100@213806100057.397311113.397311113:5)
11-16 08:57:43.690: I/android.youtub(16512):   at java.util.List xv.r(yv, android.content.Context, bqi, com.google.ads.afma.g) (:com.google.android.gms.policy_ads_fdr_dynamite@213806100@213806100057.397311113.397311113:4)
11-16 08:57:43.690: I/android.youtub(16512):   at void xu.s(yv, android.content.Context, bqi, com.google.ads.afma.g) (:com.google.android.gms.policy_ads_fdr_dynamite@213806100@213806100057.397311113.397311113:0)
11-16 08:57:43.690: I/android.youtub(16512):   at bqi xu.m(android.content.Context, com.google.ads.afma.g) (:com.google.android.gms.policy_ads_fdr_dynamite@213806100@213806100057.397311113.397311113:7)
11-16 08:57:43.690: I/android.youtub(16512):   at java.lang.String xp.r(android.content.Context, java.lang.String, int, android.view.View, android.app.Activity, byte[]) (:com.google.android.gms.policy_ads_fdr_dynamite@213806100@213806100057.397311113.397311113:8)
11-16 08:57:43.690: I/android.youtub(16512):   at java.lang.String xp.g(android.content.Context, byte[]) (:com.google.android.gms.policy_ads_fdr_dynamite@213806100@213806100057.397311113.397311113:2)
11-16 08:57:43.690: I/android.youtub(16512):   at java.lang.String com.google.android.gms.ads.adshield.internal.a.b(aqh, byte[]) (:com.google.android.gms.policy_ads_fdr_dynamite@213806100@213806100057.397311113.397311113:1)
11-16 08:57:43.690: I/android.youtub(16512):   at boolean com.google.android.gms.ads.adshield.internal.a.bJ(int, android.os.Parcel, android.os.Parcel) (:com.google.android.gms.policy_ads_fdr_dynamite@213806100@213806100057.397311113.397311113:54)
11-16 08:57:43.690: I/android.youtub(16512):   at boolean zg.onTransact(int, android.os.Parcel, android.os.Parcel, int) (:com.google.android.gms.policy_ads_fdr_dynamite@213806100@213806100057.397311113.397311113:4)
11-16 08:57:43.690: I/android.youtub(16512):   at boolean android.os.Binder.transact(int, android.os.Parcel, android.os.Parcel, int) (Binder.java:667)
11-16 08:57:43.690: I/android.youtub(16512):   at android.os.Parcel pcs.a(int, android.os.Parcel) (SourceFile:7)
11-16 08:57:43.690: I/android.youtub(16512):   at java.lang.String pkk.a(oms, byte[]) (SourceFile:40)
11-16 08:57:43.690: I/android.youtub(16512):   at java.lang.String nrc.a(android.content.Context, byte[]) (SourceFile:6)
11-16 08:57:43.690: I/android.youtub(16512):   at java.lang.String qis.a(android.content.Context, byte[]) (SourceFile:10)
11-16 08:57:43.690: I/android.youtub(16512):   at java.lang.String skv.a(qio, byte[]) (SourceFile:59)
11-16 08:57:43.690: I/android.youtub(16512):   at java.lang.String skv.g() (SourceFile:41)
11-16 08:57:43.690: I/android.youtub(16512):   at java.lang.String skv.b() (SourceFile:69)
11-16 08:57:43.690: I/android.youtub(16512):   at java.lang.String slq.i() (SourceFile:56)
11-16 08:57:43.690: I/android.youtub(16512):   at java.lang.String slq.b() (SourceFile:32)
11-16 08:57:43.690: I/android.youtub(16512):   at void slq.e() (SourceFile:37)
11-16 08:57:43.690: I/android.youtub(16512):   at void cmk.run() (SourceFile:7)
11-16 08:57:43.690: I/android.youtub(16512):   at java.lang.Object java.util.concurrent.Executors$RunnableAdapter.call() (Executors.java:458)
11-16 08:57:43.690: I/android.youtub(16512):   at void java.util.concurrent.FutureTask.run() (FutureTask.java:266)
11-16 08:57:43.690: I/android.youtub(16512):   at void java.util.concurrent.ScheduledThreadPoolExecutor$ScheduledFutureTask.run() (ScheduledThreadPoolExecutor.java:301)
11-16 08:57:43.690: I/android.youtub(16512):   at void java.util.concurrent.ThreadPoolExecutor.runWorker(java.util.concurrent.ThreadPoolExecutor$Worker) (ThreadPoolExecutor.java:1167)
11-16 08:57:43.690: I/android.youtub(16512):   at void java.util.concurrent.ThreadPoolExecutor$Worker.run() (ThreadPoolExecutor.java:641)
11-16 08:57:43.690: I/android.youtub(16512):   at void ubi.run() (SourceFile:20)
11-16 08:57:43.690: I/android.youtub(16512):   at void java.lang.Thread.run() (Thread.java:764)
11-16 08:57:43.705: I/GoogleInputMethod(3664): onFinishInput() : Dummy InputConnection bound
11-16 08:57:43.706: I/GoogleInputMethod(3664): onStartInput() : Dummy InputConnection bound
11-16 08:57:43.717: I/PrimesTesting(16718): GserviceFlagsSupplier.get()
11-16 08:57:43.717: W/fecycle.testap(16375): Accessing hidden field Landroid/app/Activity;->mResultCode:I (light greylist, reflection)
11-16 08:57:43.717: W/fecycle.testap(16375): Accessing hidden field Landroid/app/Activity;->mResultData:Landroid/content/Intent; (light greylist, reflection)
11-16 08:57:43.719: D/LifecycleMonitor(16375): Lifecycle status change: androidx.lifecycle.testapp.EmptyActivity@7ac927a in: PAUSED
11-16 08:57:43.728: I/TestRunner(16375): finished: test(androidx.lifecycle.FragmentInBackStackLifecycleTest)
11-16 08:57:43.729: I/BackdropActivity(15455): onResume()
11-16 08:57:43.730: I/ActivityManager(1169): Activity requesting to dismiss Keyguard: ActivityRecord{6062ebc u0 com.google.android.apps.mtaas.backdrop/.BackdropActivity t4}
11-16 08:57:43.732: I/MonitoringInstr(16375): Activities that are still in CREATED to STOPPED: 1
11-16 08:57:43.732: I/MonitoringInstr(16375): Unstopped activity count: 1
11-16 08:57:43.744: I/GoogleInputMethod(3664): onFinishInput() : Dummy InputConnection bound
11-16 08:57:43.745: I/GoogleInputMethod(3664): onStartInput() : Dummy InputConnection bound
11-16 08:57:43.754: W/SilentFeedbackConfig(10002): Renaming current_experiments.bin.tmp to current_experiments.bin failed
11-16 08:57:43.778: I/Adreno(1169): QUALCOMM build                   : 3f88ca2, I42f6fe38fb
11-16 08:57:43.778: I/Adreno(1169): Build Date                       : 07/13/18
11-16 08:57:43.778: I/Adreno(1169): OpenGL ES Shader Compiler Version: EV031.24.00.00
11-16 08:57:43.778: I/Adreno(1169): Local Branch                     : 50.04
11-16 08:57:43.778: I/Adreno(1169): Remote Branch                    : 
11-16 08:57:43.778: I/Adreno(1169): Remote Branch                    : 
11-16 08:57:43.778: I/Adreno(1169): Reconstruct Branch               : 
11-16 08:57:43.778: I/Adreno(1169): Build Config                     : S P 4.0.10 AArch64
11-16 08:57:43.780: E/libc(1169): Access denied finding property "vendor.debug.prerotation.disable"
11-16 08:57:43.780: E/libc(1169): Access denied finding property "vendor.debug.prerotation.disable"
11-16 08:57:43.781: I/Adreno(1169): PFP: 0x016ee170, ME: 0x00000000
11-16 08:57:43.781: E/libc(1169): Access denied finding property "vendor.debug.prerotation.disable"
11-16 08:57:43.781: I/ConfigStore(1169): android::hardware::configstore::V1_0::ISurfaceFlingerConfigs::hasWideColorDisplay retrieved: 1
11-16 08:57:43.781: I/ConfigStore(1169): android::hardware::configstore::V1_0::ISurfaceFlingerConfigs::hasHDRDisplay retrieved: 1
11-16 08:57:43.782: I/OpenGLRenderer(1169): Initialized EGL, version 1.4
11-16 08:57:43.782: D/OpenGLRenderer(1169): Swap behavior 2
11-16 08:57:43.784: I/MonitoringInstr(16375): Unstopped activity count: 1
11-16 08:57:43.800: D/LifecycleMonitor(16375): Lifecycle status change: androidx.lifecycle.testapp.EmptyActivity@7ac927a in: STOPPED
11-16 08:57:43.802: D/LifecycleMonitor(16375): Lifecycle status change: androidx.lifecycle.testapp.EmptyActivity@7ac927a in: DESTROYED
11-16 08:57:43.806: I/OpaEnabledReceiver(3675): Dispatching OPA eligble = true; AGSA = true; OPA enabled = true
11-16 08:57:43.806: I/OpaLayout(3675): Setting opa enabled to true
11-16 08:57:43.806: I/OpaLayout(3675): Setting opa enabled to true
11-16 08:57:43.817: W/SurfaceFlinger(641): Attempting to destroy on removed layer: AppWindowToken{7dccd25 token=Token{ca28d1c ActivityRecord{15e068f u0 androidx.lifecycle.testapp/.EmptyActivity t8}}}#0
11-16 08:57:43.820: I/OpaEligibilityChecker(10002): send OpaEligibilityChange broadcast to CommonBroadcastReceiver
11-16 08:57:43.838: I/TestRunner(16375): started: liveData_partiallyObscuredActivityFragmentInFragment_minSdkN(androidx.lifecycle.LiveDataOnSaveInstanceStateTest)
11-16 08:57:43.842: W/ActivityTestRule(16375): getActivityIntent() returned null using default: Intent(Intent.ACTION_MAIN)
11-16 08:57:43.844: I/OpaEligibilityChecker(10002): send OpaEligibilityChange broadcast to CommonBroadcastReceiver
11-16 08:57:43.848: E/NotificationService(1169): Muting recently noisy 0|com.google.android.apps.mtaas.backdrop|1|null|10163
11-16 08:57:43.856: I/ActivityManager(1169): START u0 {act=android.intent.action.MAIN flg=0x10000000 cmp=androidx.lifecycle.testapp/.CollectingSupportActivity} from uid 10171
11-16 08:57:43.862: D/android.hardware.power@1.3-service.crosshatch-libperfmgr(776): LAUNCH ON
11-16 08:57:43.872: W/ActivityThread(16375): handleWindowVisibility: no activity for token android.os.BinderProxy@7a8698a
11-16 08:57:43.887: I/OpaEnabledReceiver(3675): Dispatching OPA eligble = true; AGSA = true; OPA enabled = true
11-16 08:57:43.887: I/OpaLayout(3675): Setting opa enabled to true
11-16 08:57:43.887: I/OpaLayout(3675): Setting opa enabled to true
11-16 08:57:43.888: D/LifecycleMonitor(16375): Lifecycle status change: androidx.lifecycle.testapp.CollectingSupportActivity@c448cd7 in: PRE_ON_CREATE
11-16 08:57:43.892: I/OpaEnabledReceiver(3675): Dispatching OPA eligble = true; AGSA = true; OPA enabled = true
11-16 08:57:43.892: I/OpaLayout(3675): Setting opa enabled to true
11-16 08:57:43.892: I/OpaLayout(3675): Setting opa enabled to true
11-16 08:57:43.895: I/OpaEnabledReceiver(3675): Dispatching OPA eligble = true; AGSA = true; OPA enabled = true
11-16 08:57:43.895: I/OpaLayout(3675): Setting opa enabled to true
11-16 08:57:43.895: I/OpaLayout(3675): Setting opa enabled to true
11-16 08:57:43.908: D/LifecycleMonitor(16375): Lifecycle status change: androidx.lifecycle.testapp.CollectingSupportActivity@c448cd7 in: CREATED
11-16 08:57:43.911: D/LifecycleMonitor(16375): Lifecycle status change: androidx.lifecycle.testapp.CollectingSupportActivity@c448cd7 in: STARTED
11-16 08:57:43.917: D/LifecycleMonitor(16375): Lifecycle status change: androidx.lifecycle.testapp.CollectingSupportActivity@c448cd7 in: RESUMED
11-16 08:57:43.959: I/GoogleInputMethod(3664): onFinishInput() : Dummy InputConnection bound
11-16 08:57:43.959: I/GoogleInputMethod(3664): onStartInput() : Dummy InputConnection bound
11-16 08:57:43.953: I/BlobLobber(10002): Canceling downloads: [odws2_en:us:807_2019-07-21_260300236_release_signed]
11-16 08:57:43.960: I/BlobLobber(10002): Failed to cancel [odws2_en:us:807_2019-07-21_260300236_release_signed]
11-16 08:57:43.968: I/BgTaskExecutorImpl(10002): Starting EXCLUSIVE background task BLOBLOBBER_SYNC.
11-16 08:57:43.973: I/BlobLobber(10002): Canceling downloads: []
11-16 08:57:43.978: D/android.hardware.power@1.3-service.crosshatch-libperfmgr(776): LAUNCH OFF
11-16 08:57:43.999: W/SurfaceFlinger(641): Attempting to set client state on removed layer: Splash Screen androidx.lifecycle.testapp#0
11-16 08:57:44.000: W/SurfaceFlinger(641): Attempting to destroy on removed layer: Splash Screen androidx.lifecycle.testapp#0
11-16 08:57:44.002: I/ActivityManager(1169): START u0 {flg=0x20010000 cmp=androidx.lifecycle.testapp/.NavigationDialogActivity} from uid 10171
11-16 08:57:44.003: D/android.hardware.power@1.3-service.crosshatch-libperfmgr(776): LAUNCH ON
11-16 08:57:44.013: I/ActivityManager(1169): Displayed androidx.lifecycle.testapp/.NavigationDialogActivity: +121ms
11-16 08:57:44.014: D/LifecycleMonitor(16375): Lifecycle status change: androidx.lifecycle.testapp.CollectingSupportActivity@c448cd7 in: PAUSED
11-16 08:57:44.014: I/VelourConfigListener(10002): Received new velour config
11-16 08:57:44.016: I/VelourConfigListener(10002): Received new velour config
11-16 08:57:44.022: W/ActivityThread(16375): handleWindowVisibility: no activity for token android.os.BinderProxy@cac2431
11-16 08:57:44.026: D/LifecycleMonitor(16375): Lifecycle status change: androidx.lifecycle.testapp.NavigationDialogActivity@2f6f733 in: PRE_ON_CREATE
11-16 08:57:44.030: I/BgTaskExecutorImpl(10002): Starting EXCLUSIVE background task VELOUR_BACKGROUND_MAINTENANCE.
11-16 08:57:44.043: D/LifecycleMonitor(16375): Lifecycle status change: androidx.lifecycle.testapp.NavigationDialogActivity@2f6f733 in: CREATED
11-16 08:57:44.046: D/LifecycleMonitor(16375): Lifecycle status change: androidx.lifecycle.testapp.NavigationDialogActivity@2f6f733 in: STARTED
11-16 08:57:44.048: D/LifecycleMonitor(16375): Lifecycle status change: androidx.lifecycle.testapp.NavigationDialogActivity@2f6f733 in: RESUMED
11-16 08:57:44.062: I/Icing(14414): IndexChimeraService.getServiceInterface callingPackage=com.google.android.googlequicksearchbox componentName=agsa_icing_connection serviceId=32
11-16 08:57:44.067: I/Icing(14414): IndexChimeraService.getServiceInterface callingPackage=com.google.android.googlequicksearchbox componentName=agsa_icing_connection serviceId=33
11-16 08:57:44.071: W/earchbox:searc(10002): Unsupported class loader
11-16 08:57:44.080: I/GoogleInputMethod(3664): onFinishInput() : Dummy InputConnection bound
11-16 08:57:44.080: I/GoogleInputMethod(3664): onStartInput() : Dummy InputConnection bound
11-16 08:57:44.097: D/android.hardware.power@1.3-service.crosshatch-libperfmgr(776): LAUNCH OFF
11-16 08:57:44.134: D/LifecycleMonitor(16375): Lifecycle status change: androidx.lifecycle.testapp.CollectingSupportActivity@c448cd7 in: STOPPED
11-16 08:57:44.137: I/BackdropActivity(15455): onResume()
11-16 08:57:44.137: I/ActivityManager(1169): Activity requesting to dismiss Keyguard: ActivityRecord{6062ebc u0 com.google.android.apps.mtaas.backdrop/.BackdropActivity t4}
11-16 08:57:44.138: D/LifecycleMonitor(16375): Lifecycle status change: androidx.lifecycle.testapp.CollectingSupportActivity@c448cd7 in: DESTROYED
11-16 08:57:44.144: I/TestRunner(16375): finished: liveData_partiallyObscuredActivityFragmentInFragment_minSdkN(androidx.lifecycle.LiveDataOnSaveInstanceStateTest)
11-16 08:57:44.146: I/MonitoringInstr(16375): Activities that are still in CREATED to STOPPED: 1
11-16 08:57:44.146: I/MonitoringInstr(16375): Finishing activity: androidx.lifecycle.testapp.NavigationDialogActivity@2f6f733
11-16 08:57:44.149: I/MonitoringInstr(16375): Unstopped activity count: 1
11-16 08:57:44.151: W/SearchServiceCore(10002): Abort, client detached.
11-16 08:57:44.151: I/chatty(10002): uid=10047 com.google.android.googlequicksearchbox:search identical 4 lines
11-16 08:57:44.151: W/SearchServiceCore(10002): Abort, client detached.
11-16 08:57:44.154: I/BgTaskExecutorImpl(10002): Starting EXCLUSIVE background task BLOBLOBBER_SYNC.
11-16 08:57:44.156: D/LifecycleMonitor(16375): Lifecycle status change: androidx.lifecycle.testapp.NavigationDialogActivity@2f6f733 in: PAUSED
11-16 08:57:44.171: D/DownloadManager(15258): [83] Starting
11-16 08:57:44.178: W/BlobLobber(10002): Skipping download (already active): odws2_en:us:511_2019-09-12_270573492_release_signed
11-16 08:57:44.182: I/BackdropActivity(15455): onResume()
11-16 08:57:44.183: I/ActivityManager(1169): Activity requesting to dismiss Keyguard: ActivityRecord{6062ebc u0 com.google.android.apps.mtaas.backdrop/.BackdropActivity t4}
11-16 08:57:44.184: I/GoogleInputMethod(3664): onFinishInput() : Dummy InputConnection bound
11-16 08:57:44.184: I/GoogleInputMethod(3664): onStartInput() : Dummy InputConnection bound
11-16 08:57:44.187: W/SurfaceFlinger(641): Attempting to set client state on removed layer: Dim Layer for - Task=9#0
11-16 08:57:44.187: W/SurfaceFlinger(641): Attempting to destroy on removed layer: Dim Layer for - Task=9#0
11-16 08:57:44.200: I/MonitoringInstr(16375): Unstopped activity count: 1
11-16 08:57:44.201: D/LifecycleMonitor(16375): Lifecycle status change: androidx.lifecycle.testapp.NavigationDialogActivity@2f6f733 in: STOPPED
11-16 08:57:44.207: D/LifecycleMonitor(16375): Lifecycle status change: androidx.lifecycle.testapp.NavigationDialogActivity@2f6f733 in: DESTROYED
11-16 08:57:44.210: D/NetworkSecurityConfig(15258): Using Network Security Config from resource network_security_config debugBuild: false
11-16 08:57:44.211: D/NetworkSecurityConfig(15258): Using Network Security Config from resource network_security_config debugBuild: false
11-16 08:57:44.214: D/NetworkSecurityConfig(15258): No Network Security Config specified, using platform default
11-16 08:57:44.219: W/HomeApp|huv(16718): Can't load devices as there is no network connection! Will retry later.
11-16 08:57:44.230: I/dex2oat(16848): The ClassLoaderContext is a special shared library.
11-16 08:57:44.230: I/dex2oat(16848): /system/bin/dex2oat --dex-file=/data/user/0/com.google.android.googlequicksearchbox/files/velour/verified_jars/Jkk1AICSm8V3ZDlxbl8SBoQ_1.jar --output-vdex-fd=43 --oat-fd=92 --oat-location=/data/user/0/com.google.android.googlequicksearchbox/files/velour/verified_jars/oat/arm64/Jkk1AICSm8V3ZDlxbl8SBoQ_1.odex --compiler-filter=quicken --class-loader-context=&
11-16 08:57:44.233: W/dex2oat(16848): Could not reserve sentinel fault page
11-16 08:57:44.251: I/TestRunner(16375): started: liveData_partiallyObscuredActivity_minSdkN(androidx.lifecycle.LiveDataOnSaveInstanceStateTest)
11-16 08:57:44.253: W/ActivityTestRule(16375): getActivityIntent() returned null using default: Intent(Intent.ACTION_MAIN)
11-16 08:57:44.256: I/ActivityManager(1169): START u0 {act=android.intent.action.MAIN flg=0x10000000 cmp=androidx.lifecycle.testapp/.CollectingSupportActivity} from uid 10171
11-16 08:57:44.261: D/android.hardware.power@1.3-service.crosshatch-libperfmgr(776): LAUNCH ON
11-16 08:57:44.271: W/ActivityThread(16375): handleWindowVisibility: no activity for token android.os.BinderProxy@febb514
11-16 08:57:44.282: D/LifecycleMonitor(16375): Lifecycle status change: androidx.lifecycle.testapp.CollectingSupportActivity@1565cb9 in: PRE_ON_CREATE
11-16 08:57:44.288: I/dex2oat(16848): dex2oat took 60.875ms (55.189ms cpu) (threads: 8) arena alloc=13KB (13584B) java alloc=48KB (49168B) native alloc=854KB (875176B) free=2MB (2270552B)
11-16 08:57:44.288: E/NotificationService(1169): Muting recently noisy 0|com.google.android.apps.mtaas.backdrop|1|null|10163
11-16 08:57:44.294: I/FA(16718): App measurement is starting up, version: 18100
11-16 08:57:44.302: I/FA(16718): To enable debug logging run: adb shell setprop log.tag.FA VERBOSE
11-16 08:57:44.304: D/LifecycleMonitor(16375): Lifecycle status change: androidx.lifecycle.testapp.CollectingSupportActivity@1565cb9 in: CREATED
11-16 08:57:44.305: D/LifecycleMonitor(16375): Lifecycle status change: androidx.lifecycle.testapp.CollectingSupportActivity@1565cb9 in: STARTED
11-16 08:57:44.308: W/earchbox:searc(10002): Skipping duplicate class check due to unsupported classloader
11-16 08:57:44.309: D/LifecycleMonitor(16375): Lifecycle status change: androidx.lifecycle.testapp.CollectingSupportActivity@1565cb9 in: RESUMED
11-16 08:57:44.314: I/WindowManager(1169): Queue is too deep! Purged item with taskid=4
11-16 08:57:44.315: I/FA(16718): To enable faster debug mode event logging run:
11-16 08:57:44.315: I/FA(16718):   adb shell setprop debug.firebase.analytics.app com.google.android.apps.chromecast.app
11-16 08:57:44.315: W/earchbox:searc(10002): Unsupported class loader
11-16 08:57:44.341: I/GoogleInputMethod(3664): onFinishInput() : Dummy InputConnection bound
11-16 08:57:44.341: I/GoogleInputMethod(3664): onStartInput() : Dummy InputConnection bound
11-16 08:57:44.351: I/FontLog(10842): Received query Google Sans, URI content://com.google.android.gms.fonts [CONTEXT service_id=132 ]
11-16 08:57:44.352: I/FontLog(10842): Query [Google Sans] resolved to {Google Sans, wdth 100.0, wght 400, ital 0.0, bestEffort false} [CONTEXT service_id=132 ]
11-16 08:57:44.355: D/android.hardware.power@1.3-service.crosshatch-libperfmgr(776): LAUNCH OFF
11-16 08:57:44.362: I/FontLog(10842): Font PFD returned from cache for {Google Sans, wdth 100.0, wght 400, ital 0.0, bestEffort false} [CONTEXT service_id=132 ]
11-16 08:57:44.362: I/FontLog(10842): Fetch {Google Sans, wdth 100.0, wght 400, ital 0.0, bestEffort false} end status Status{statusCode=SUCCESS, resolution=null} [CONTEXT service_id=132 ]
11-16 08:57:44.364: I/ActivityManager(1169): START u0 {flg=0x20010000 cmp=androidx.lifecycle.testapp/.NavigationDialogActivity} from uid 10171
11-16 08:57:44.366: I/Adreno(1169): QUALCOMM build                   : 3f88ca2, I42f6fe38fb
11-16 08:57:44.366: I/Adreno(1169): Build Date                       : 07/13/18
11-16 08:57:44.366: I/Adreno(1169): OpenGL ES Shader Compiler Version: EV031.24.00.00
11-16 08:57:44.366: I/Adreno(1169): Local Branch                     : 50.04
11-16 08:57:44.366: I/Adreno(1169): Remote Branch                    : 
11-16 08:57:44.366: I/Adreno(1169): Remote Branch                    : 
11-16 08:57:44.366: I/Adreno(1169): Reconstruct Branch               : 
11-16 08:57:44.366: I/Adreno(1169): Build Config                     : S P 4.0.10 AArch64
11-16 08:57:44.368: E/libc(1169): Access denied finding property "vendor.debug.prerotation.disable"
11-16 08:57:44.368: D/android.hardware.power@1.3-service.crosshatch-libperfmgr(776): LAUNCH ON
11-16 08:57:44.370: E/libc(1169): Access denied finding property "vendor.debug.prerotation.disable"
11-16 08:57:44.371: I/Adreno(1169): PFP: 0x016ee170, ME: 0x00000000
11-16 08:57:44.371: E/libc(1169): Access denied finding property "vendor.debug.prerotation.disable"
11-16 08:57:44.371: I/ConfigStore(1169): android::hardware::configstore::V1_0::ISurfaceFlingerConfigs::hasWideColorDisplay retrieved: 1
11-16 08:57:44.371: I/ConfigStore(1169): android::hardware::configstore::V1_0::ISurfaceFlingerConfigs::hasHDRDisplay retrieved: 1
11-16 08:57:44.372: I/OpenGLRenderer(1169): Initialized EGL, version 1.4
11-16 08:57:44.372: D/OpenGLRenderer(1169): Swap behavior 2
11-16 08:57:44.392: D/LifecycleMonitor(16375): Lifecycle status change: androidx.lifecycle.testapp.CollectingSupportActivity@1565cb9 in: PAUSED
11-16 08:57:44.396: I/ActivityManager(1169): Displayed androidx.lifecycle.testapp/.NavigationDialogActivity: +100ms
11-16 08:57:44.397: I/dex2oat(16895): The ClassLoaderContext is a special shared library.
11-16 08:57:44.397: I/dex2oat(16895): /system/bin/dex2oat --dex-file=/data/user/0/com.google.android.googlequicksearchbox/files/velour/verified_jars/JkypVPMhDohv1875CeSftSg_1.jar --output-vdex-fd=90 --oat-fd=91 --oat-location=/data/user/0/com.google.android.googlequicksearchbox/files/velour/verified_jars/oat/arm64/JkypVPMhDohv1875CeSftSg_1.odex --compiler-filter=quicken --class-loader-context=&
11-16 08:57:44.401: W/ActivityThread(16375): handleWindowVisibility: no activity for token android.os.BinderProxy@b8eb147
11-16 08:57:44.412: I/FontLog(10842): Pulling font file for id = 11, cache size = 6 [CONTEXT service_id=132 ]
11-16 08:57:44.412: D/LifecycleMonitor(16375): Lifecycle status change: androidx.lifecycle.testapp.NavigationDialogActivity@b2dcce0 in: PRE_ON_CREATE
11-16 08:57:44.423: D/LifecycleMonitor(16375): Lifecycle status change: androidx.lifecycle.testapp.NavigationDialogActivity@b2dcce0 in: CREATED
11-16 08:57:44.425: D/LifecycleMonitor(16375): Lifecycle status change: androidx.lifecycle.testapp.NavigationDialogActivity@b2dcce0 in: STARTED
11-16 08:57:44.426: D/LifecycleMonitor(16375): Lifecycle status change: androidx.lifecycle.testapp.NavigationDialogActivity@b2dcce0 in: RESUMED
11-16 08:57:44.426: I/FontLog(10842): Received query Google Sans:500, URI content://com.google.android.gms.fonts [CONTEXT service_id=132 ]
11-16 08:57:44.427: I/FontLog(10842): Query [Google Sans:500] resolved to {Google Sans, wdth 100.0, wght 500, ital 0.0, bestEffort false} [CONTEXT service_id=132 ]
11-16 08:57:44.432: I/FontLog(10842): Font PFD returned from cache for {Google Sans, wdth 100.0, wght 500, ital 0.0, bestEffort false} [CONTEXT service_id=132 ]
11-16 08:57:44.432: I/FontLog(10842): Fetch {Google Sans, wdth 100.0, wght 500, ital 0.0, bestEffort false} end status Status{statusCode=SUCCESS, resolution=null} [CONTEXT service_id=132 ]
11-16 08:57:44.443: I/FontLog(10842): Pulling font file for id = 12, cache size = 5 [CONTEXT service_id=132 ]
11-16 08:57:44.450: I/FontLog(10842): Received query Google Sans Display, URI content://com.google.android.gms.fonts [CONTEXT service_id=132 ]
11-16 08:57:44.452: I/FontLog(10842): Query [Google Sans Display] resolved to {Google Sans Display, wdth 100.0, wght 400, ital 0.0, bestEffort false} [CONTEXT service_id=132 ]
11-16 08:57:44.453: I/FontLog(10842): Font PFD returned from cache for {Google Sans Display, wdth 100.0, wght 400, ital 0.0, bestEffort false} [CONTEXT service_id=132 ]
11-16 08:57:44.454: I/FontLog(10842): Fetch {Google Sans Display, wdth 100.0, wght 400, ital 0.0, bestEffort false} end status Status{statusCode=SUCCESS, resolution=null} [CONTEXT service_id=132 ]
11-16 08:57:44.457: I/GoogleInputMethod(3664): onFinishInput() : Dummy InputConnection bound
11-16 08:57:44.457: I/GoogleInputMethod(3664): onStartInput() : Dummy InputConnection bound
11-16 08:57:44.467: D/QSEECOMAPI(16783): QSEECom_get_handle sb_length = 0x400
11-16 08:57:44.467: D/QSEECOMAPI(16783): App is already loaded QSEE and app id = 1
11-16 08:57:44.468: D/android.hardware.power@1.3-service.crosshatch-libperfmgr(776): LAUNCH OFF
11-16 08:57:44.470: E/fpc_tac(16783): qsee_km_get_encapsulated_key KEYMASTER_GET_AUTH_TOKEN_KEY returned status=-24
11-16 08:57:44.470: I/FontLog(10842): Pulling font file for id = 13, cache size = 6 [CONTEXT service_id=132 ]
11-16 08:57:44.470: D/QSEECOMAPI(16783): QSEECom_dealloc_memory 
11-16 08:57:44.470: D/QSEECOMAPI(16783): QSEECom_shutdown_app, app_id = 1
11-16 08:57:44.470: E/fpc_fingerprint_hal(16783): fpc_hal_open failed
11-16 08:57:44.472: I/EventHub(1169): Removing device uinput-fpc due to epoll hang-up event.
11-16 08:57:44.472: I/EventHub(1169): Removed device: path=/dev/input/event3 name=uinput-fpc id=85 fd=169 classes=0x101
11-16 08:57:44.472: W/EventHub(1169): built-in keyboard device /dev/input/event3 (id=85) is closing! the apps will not like this
11-16 08:57:44.472: I/EventHub(1169): Removing device '/dev/input/event3' due to inotify event
11-16 08:57:44.473: W/InputReader(1169): Ignoring spurious device removed event for deviceId 85.
