11-16 08:57:26.869: W/sh(14900): type=1400 audit(0.0:188): avc: denied { read } for name="cache" dev="dm-0" ino=48 scontext=u:r:shell:s0 tcontext=u:object_r:cache_file:s0 tclass=lnk_file permissive=0
11-16 08:57:27.399: I/PackageManager.DexOptimizer(1169): Running dexopt (dexoptNeeded=1) on: /data/app/com.google.android.gms.policy_test_support-OfOjhIBL6pw17BqapgD4kw==/base.apk pkg=com.google.android.gms.policy_test_support isa=arm64 dexoptFlags=boot_complete,profile_guided,public,enable_hidden_api_checks targetFilter=speed-profile oatDir=/data/app/com.google.android.gms.policy_test_support-OfOjhIBL6pw17BqapgD4kw==/oat classLoaderContext=PCL[]
11-16 08:57:27.399: V/installed(871): DexInv: --- BEGIN '/data/app/com.google.android.gms.policy_test_support-OfOjhIBL6pw17BqapgD4kw==/base.apk' ---
11-16 08:57:27.454: I/dex2oat(14916): /system/bin/dex2oat --input-vdex-fd=-1 --output-vdex-fd=19 --compiler-filter=speed-profile --classpath-dir=/data/app/com.google.android.gms.policy_test_support-OfOjhIBL6pw17BqapgD4kw== --class-loader-context=PCL[] --generate-mini-debug-info --compact-dex-level=none --compilation-reason=install
11-16 08:57:27.738: I/dex2oat(14916): Explicit concurrent copying GC freed 10438(1502KB) AllocSpace objects, 0(0B) LOS objects, 99% free, 728B/1536KB, paused 34us total 3.279ms
11-16 08:57:27.823: I/dex2oat(14916): dex2oat took 374.369ms (766.382ms cpu) (threads: 8) arena alloc=53KB (55080B) java alloc=16KB (17112B) native alloc=2MB (3033664B) free=3MB (3257792B)
11-16 08:57:27.828: V/installed(871): DexInv: --- END '/data/app/com.google.android.gms.policy_test_support-OfOjhIBL6pw17BqapgD4kw==/base.apk' (success) ---
11-16 08:57:27.828: V/installed(871): [ 11-16 08:57:27.832   871: 1355 E/         ]
11-16 08:57:27.828: V/installed(871): Couldn't opendir /data/app/vmdl835165139.tmp: No such file or directory
11-16 08:57:27.832: E/installd(871): Failed to delete /data/app/vmdl835165139.tmp: No such file or directory
11-16 08:57:27.853: I/Finsky(12665): [2] yeh.d(13): PackageMonitorReceiverImpl - Received: android.intent.action.PACKAGE_ADDED, [TAsD3pqu7qg-JZYPvpWmQGEwsDQ0NnuVQpcaQGQjJQU]
11-16 08:57:27.853: I/Finsky(12665): [2] yfi.g(1): Invalidating cached PackageState for com.google.android.gms.policy_test_support
11-16 08:57:27.854: I/Telecom(1169): DefaultDialerCache: Refreshing default dialer for user 0: now com.google.android.dialer: DDC.oR@AI0
11-16 08:57:27.860: I/InputReader(1169): Reconfiguring input devices.  changes=0x00000010
11-16 08:57:27.862: I/Finsky(12665): [256] ovx.run(16): Wrote row to frosting DB: 208
11-16 08:57:27.872: W/sh(14928): type=1400 audit(0.0:189): avc: denied { read } for name="cache" dev="dm-0" ino=48 scontext=u:r:shell:s0 tcontext=u:object_r:cache_file:s0 tclass=lnk_file permissive=0
11-16 08:57:27.865: V/BackupManagerConstants(1169): getFullBackupIntervalMilliseconds(...) returns 86400000
11-16 08:57:27.866: I/CarrierServices(13447): [2] RcsAutoStartReceiver.b: carrierServicesJibeServiceEnabled changed from true to true
11-16 08:57:27.867: I/CarrierServices(13447): [2] RcsAutoStartReceiver.b: enableRcs changed from true to true
11-16 08:57:27.868: I/Finsky(12665): [2] owk.d(2): Frosting ID looked up on UI thread. Caller should move to a background thread.
11-16 08:57:27.868: W/BroadcastQueue(1169): Background execution not allowed: receiving Intent { act=android.intent.action.PACKAGE_ADDED dat=package:com.google.android.gms.policy_test_support flg=0x4000010 (has extras) } to com.android.musicfx/.Compatibility$Receiver
11-16 08:57:27.869: I/CarrierServices(13447): [2] RcsAutoStartReceiver.b: RcsAutoStartReceiver triggered. Fetching RCS State. Action: android.intent.action.PACKAGE_ADDED
11-16 08:57:27.870: W/BroadcastQueue(1169): Background execution not allowed: receiving Intent { act=android.intent.action.PACKAGE_ADDED dat=package:com.google.android.gms.policy_test_support flg=0x4000010 (has extras) } to com.android.vending/com.google.android.finsky.packagemanager.impl.PackageMonitorReceiverImpl$RegisteredReceiver
11-16 08:57:27.870: W/BroadcastQueue(1169): Background execution not allowed: receiving Intent { act=android.intent.action.PACKAGE_ADDED dat=package:com.google.android.gms.policy_test_support flg=0x4000010 (has extras) } to com.google.android.gms/.games.chimera.GamesSystemBroadcastReceiverProxy
11-16 08:57:27.870: W/BroadcastQueue(1169): Background execution not allowed: receiving Intent { act=android.intent.action.PACKAGE_ADDED dat=package:com.google.android.gms.policy_test_support flg=0x4000010 (has extras) } to com.google.android.gms/.gass.chimera.PackageChangeBroadcastReceiver
11-16 08:57:27.870: W/BroadcastQueue(1169): Background execution not allowed: receiving Intent { act=android.intent.action.PACKAGE_ADDED dat=package:com.google.android.gms.policy_test_support flg=0x4000010 (has extras) } to com.google.android.gms/.chimera.GmsIntentOperationService$PersistentTrustedReceiver
11-16 08:57:27.870: W/BroadcastQueue(1169): Background execution not allowed: receiving Intent { act=android.intent.action.PACKAGE_ADDED dat=package:com.google.android.gms.policy_test_support flg=0x4000010 (has extras) } to com.google.android.googlequicksearchbox/com.google.android.apps.gsa.googlequicksearchbox.GelStubAppWatcher
11-16 08:57:27.871: W/BroadcastQueue(1169): Background execution not allowed: receiving Intent { act=android.intent.action.PACKAGE_ADDED dat=package:com.google.android.gms.policy_test_support flg=0x4000010 (has extras) } to com.google.android.ims/.receivers.RcsAutoStartReceiver
11-16 08:57:27.875: I/CarrierServices(13447): [2] aws.a: Migration binding to RcsMigrationService
11-16 08:57:27.880: I/BugleDataModel(7391): RcsMigrationService: Returning RCS state provider.
11-16 08:57:27.883: D/RegisteredNfcFServicesCache(4171): Service unchanged, not updating
11-16 08:57:27.892: I/Finsky(12665): [2] amas.a(3): Do not start WearSupportService due to Wear service optimization
11-16 08:57:27.893: I/Finsky(12665): [2] amas.a(3): Do not start WearSupportService due to Wear service optimization
11-16 08:57:27.894: E/PhoneInterfaceManager(3799): [PhoneIntfMgr] getCarrierPackageNamesForIntent: No UICC
11-16 08:57:27.894: D/CarrierSvcBindHelper(3799): No carrier app for: 0
11-16 08:57:27.895: I/Finsky(12665): [2] aeak.a(8): Clearing split related stale data.
11-16 08:57:27.895: I/BugleRcsEngine(7391): [471] pot.a: Sim state is not ready. Returning last known operation mode.
11-16 08:57:27.900: E/VvmPkgInstalledRcvr(3799): cannot create TelephonyManager from ComponentInfo{com.android.phone/com.android.services.telephony.TelephonyConnectionService}, ***, UserHandle{0}
11-16 08:57:27.900: D/ImsResolver(3799): maybeAddedImsService, packageName: com.google.android.gms.policy_test_support
11-16 08:57:27.901: D/CarrierConfigLoader(3799): mHandler: 9 phoneId: 0
11-16 08:57:27.901: W/GCM(10842): Unexpected forwarded intent: Intent { act=android.intent.action.PACKAGE_ADDED dat=package:com.google.android.gms.policy_test_support flg=0x4000010 pkg=com.google.android.gms cmp=com.google.android.gms/.chimera.PersistentIntentOperationService (has extras) }
11-16 08:57:27.901: I/CarrierServices(13447): [784] awt.doInBackground: Saving RCS State
11-16 08:57:27.902: I/CarrierServices(13447): [784] awt.doInBackground: Old operation mode: 0
11-16 08:57:27.902: W/GCM(10842): Unexpected forwarded intent: Intent { act=android.intent.action.PACKAGE_ADDED dat=package:com.google.android.gms.policy_test_support flg=0x4000010 pkg=com.google.android.gms cmp=com.google.android.gms/.chimera.PersistentIntentOperationService (has extras) }
11-16 08:57:27.903: I/CarrierServices(13447): [784] awt.doInBackground: New operation mode: 0
11-16 08:57:27.906: I/GmsModuleFndr(14414): Beginning GMS chimera module scan
11-16 08:57:27.906: I/Finsky(12665): [2] owk.d(2): Frosting ID looked up on UI thread. Caller should move to a background thread.
11-16 08:57:27.913: W/system_server(1169): Unknown chunk type '200'.
11-16 08:57:27.914: I/Finsky(12665): [257] gxq.a(12): Asset module storage cleared for package com.google.android.gms.policy_test_support.
11-16 08:57:27.915: I/CarrierServices(13447): [2] aww.a: Unbinding RcsMigrationService
11-16 08:57:27.920: I/Finsky(12665): [256] ovx.run(16): Wrote row to frosting DB: 209
11-16 08:57:27.921: I/ModuleSetMgr(14414): Computing pending module set with APKs: [[AdsFdrDynamite.integ:213806100100000], [Enpromo.integ:214106000100000], [Pay.optional:213614100000], [VisionOcr.optional:213614100400], [AdsFdrDynamite.integ:212104400100000], [Cronetdynamite:213614100400], [Dynamiteloader:213614100000], [Dynamitemodulesa:213614100000], [Dynamitemodulesc:213614100000], [Googlecertificates:213614100000], [Mapsdynamite:213614100000], [Measurementdynamite:213614100000]]
11-16 08:57:27.924: W/gle.android.gm(14414): Unsupported class loader
11-16 08:57:27.927: W/gle.android.gm(14414): Skipping duplicate class check due to unsupported classloader
11-16 08:57:27.985: I/Finsky(12665): [2] abzb.b(5): SCH: Jobs in database: 1-1337 3-1 12-1 24-77777777 26-1414141414 31-305419896 
11-16 08:57:27.988: I/ModuleSetMgr(14414): Pending container module APKs: [[Pay.optional:213614100000], [VisionOcr.optional:213614100400]]
11-16 08:57:27.988: I/ModuleSetMgr(14414): Pending non-container module APKs: [[Enpromo.integ:214106000100000], [AdsFdrDynamite.integ:213806100100000]]
11-16 08:57:27.993: I/Finsky(12665): [2] abxn.d(37): SCH: ConstraintMapping: 24-77777777,  -> L: 0ms, D: 82638706ms, C: false, I: true, N: 0
11-16 08:57:27.994: I/Finsky(12665): [2] abxn.d(37): SCH: ConstraintMapping: 1-1337, 12-1, 31-305419896,  -> L: 14905ms, D: 69277166ms, C: false, I: false, N: 1
11-16 08:57:27.995: I/Finsky(12665): [2] abxn.d(37): SCH: ConstraintMapping: 3-1,  -> L: 0ms, D: 86245342ms, C: true, I: true, N: 2
11-16 08:57:27.995: I/Finsky(12665): [2] abxn.d(37): SCH: ConstraintMapping: 26-1414141414,  -> L: 42857841ms, D: 43757841ms, C: false, I: false, N: 0
11-16 08:57:27.999: I/Finsky(12665): [255] jnw.a(15): [ContentSync] finished, scheduled=true
11-16 08:57:28.004: I/Finsky(12665): [2] abxn.f(7): SCH: Cancelling existing jobscheduler jobs: 9003 9005 9007 9001 
11-16 08:57:28.005: I/Finsky(12665): [2] abxn.e(8): SCH: Throttling wakeup for job 9000 (expected to run in 0 ms) due to recent wakeup
11-16 08:57:28.005: I/Finsky(12665): [2] abxn.e(23): SCH: Scheduling job Id: 9000, L: 30000, D: 82638706, C: false, I: true, N: 0
11-16 08:57:28.007: I/Finsky(12665): [2] abxn.e(8): SCH: Throttling wakeup for job 9002 (expected to run in 14905 ms) due to recent wakeup
11-16 08:57:28.007: I/Finsky(12665): [2] abxn.e(23): SCH: Scheduling job Id: 9002, L: 30000, D: 69277166, C: false, I: false, N: 1
11-16 08:57:28.008: W/PackageParser(14414): Unknown element under <manifest>: queries at /data/user_de/0/com.google.android.gms/app_chimera/m/00000007/AdsDynamite.apk Binary XML file line #5
11-16 08:57:28.009: I/Finsky(12665): [2] abxn.e(8): SCH: Throttling wakeup for job 9004 (expected to run in 0 ms) due to recent wakeup
11-16 08:57:28.009: I/Finsky(12665): [2] abxn.e(23): SCH: Scheduling job Id: 9004, L: 30000, D: 86245342, C: true, I: true, N: 2
11-16 08:57:28.011: I/Finsky(12665): [2] abxn.e(23): SCH: Scheduling job Id: 9006, L: 42857841, D: 43757841, C: false, I: false, N: 0
11-16 08:57:28.033: W/PackageParser(14414): Unknown element under <manifest>: queries at /data/user_de/0/com.google.android.gms/app_chimera/m/00000010/dl-AdsFdrDynamite.integ_213806100100000.apk Binary XML file line #11
11-16 08:57:28.060: W/System(12665): A resource failed to call end. 
11-16 08:57:28.060: W/System(12665): A resource failed to call end. 
11-16 08:57:28.117: I/gle.android.gm(14414): Compiler allocated 4MB to compile java.util.ArrayList dqw.b(java.util.List, boolean)
11-16 08:57:28.220: I/PackageManager.DexOptimizer(1169): Running dexopt (dexoptNeeded=1) on: /data/app/com.google.android.gmscore.testing.testsupport-DD_hY7PquV3Piy3i5WO6Zg==/base.apk pkg=com.google.android.gmscore.testing.testsupport isa=arm64 dexoptFlags=boot_complete,profile_guided,public,enable_hidden_api_checks targetFilter=speed-profile oatDir=/data/app/com.google.android.gmscore.testing.testsupport-DD_hY7PquV3Piy3i5WO6Zg==/oat classLoaderContext=PCL[/system/framework/org.apache.http.legacy.boot.jar]
11-16 08:57:28.221: V/installed(871): DexInv: --- BEGIN '/data/app/com.google.android.gmscore.testing.testsupport-DD_hY7PquV3Piy3i5WO6Zg==/base.apk' ---
11-16 08:57:28.256: I/dex2oat(14968): /system/bin/dex2oat --input-vdex-fd=-1 --output-vdex-fd=19 --compiler-filter=speed-profile --classpath-dir=/data/app/com.google.android.gmscore.testing.testsupport-DD_hY7PquV3Piy3i5WO6Zg== --class-loader-context=PCL[/system/framework/org.apache.http.legacy.boot.jar] --generate-mini-debug-info --compact-dex-level=none --compilation-reason=install
11-16 08:57:28.334: I/ChimeraCfgMgr(14414): Updating module config: ads_fdr:2138061005100000,container:2136149100400+pay+vision.ocr,enpromo:2141060005100000 -> ads_fdr:2138061005100000,container:2136149100400+pay+vision.ocr,enpromo:2141060005100000
11-16 08:57:28.334: E/DowngradeHelper(14414): isModuleDowngradeRequired false
11-16 08:57:28.347: W/BroadcastQueue(1169): Background execution not allowed: receiving Intent { act=com.google.android.chimera.MODULE_CONFIGURATION_CHANGED flg=0x10 (has extras) } to com.google.android.gms/.chimera.GmsIntentOperationService$PersistentInternalReceiver
11-16 08:57:28.366: I/ChimeraCfgMgr(14414): Sending com.google.android.chimera.IntentOperation.NEW_MODULE Intents: 1,false,true
11-16 08:57:28.370: I/GmsDebugLogger(14414): [46] ads_fdr:2138061005100000,container:2136149100400+pay+vision.ocr,enpromo:2141060005100000
11-16 08:57:28.378: I/Auth(14414): [SupervisedAccountIntentOperation] onHandleIntent(): android.intent.action.PACKAGE_ADDED
11-16 08:57:28.386: W/gle.android.gm(14414): Unsupported class loader
11-16 08:57:28.388: W/gle.android.gm(14414): Skipping duplicate class check due to unsupported classloader
11-16 08:57:28.389: I/gle.android.gm(14414): Failed to add image file Failed to flatten class loader hierarchy 'Unknown class loader type drb'
11-16 08:57:28.391: I/BlockstoreStorage(14414): Clearing Blockstore Data for package com.google.android.gms.policy_test_support [CONTEXT service_id=258 ]
11-16 08:57:28.394: I/BlockstoreStorage(14414): No metadata found. Skipping deletion. [CONTEXT service_id=258 ]
11-16 08:57:28.447: D/BoundBrokerSvc(14414): onBind: Intent { act=com.google.android.gms.common.BIND_SHARED_PREFS pkg=com.google.android.gms }
11-16 08:57:28.447: D/BoundBrokerSvc(14414): Loading bound service for intent: Intent { act=com.google.android.gms.common.BIND_SHARED_PREFS pkg=com.google.android.gms }
11-16 08:57:28.468: D/BoundBrokerSvc(10842): onBind: Intent { act=com.google.android.gms.nearby.exposurenotification.START cmp=com.google.android.gms/.chimera.PersistentApiService }
11-16 08:57:28.468: D/BoundBrokerSvc(10842): Loading bound service for intent: Intent { act=com.google.android.gms.nearby.exposurenotification.START cmp=com.google.android.gms/.chimera.PersistentApiService }
11-16 08:57:28.475: I/Icing(14414): IndexChimeraService.getServiceInterface callingPackage=com.google.android.gms componentName=AppsCorpus serviceId=36
11-16 08:57:28.498: D/BoundBrokerSvc(14414): onUnbind: Intent { act=com.google.android.gms.common.BIND_SHARED_PREFS pkg=com.google.android.gms }
11-16 08:57:28.514: W/ChimeraUtils(10842): Module com.google.android.gms.nearby_en has empty metadata display_name_string_id
11-16 08:57:28.514: I/TestSupport(14414): Activate: 1636963200000@1637081848471 [CONTEXT service_id=133 ]
11-16 08:57:28.515: I/TestSupport(14414): Boot time: 1637081450631 [CONTEXT service_id=133 ]
11-16 08:57:28.516: I/TestSupport(14414): Updated: /data/data/com.google.android.gms/app_testsupport/.startup [CONTEXT service_id=133 ]
11-16 08:57:28.519: I/ChimeraCfgMgr(14414): Received com.google.android.chimera.IntentOperation.NEW_MODULE(1/0): 1,false
11-16 08:57:28.530: W/ChimeraUtils(10842): Module com.google.android.gms.nearby_en has empty metadata display_name_string_id
11-16 08:57:28.530: W/ChimeraUtils(10842): Module com.google.android.gms.nearby_en has empty metadata display_name_string_id
11-16 08:57:28.538: E/PhenotypeRegOp(14414): Attempting to overwrite config package for com.google.android.gms.games [CONTEXT service_id=231 ]
11-16 08:57:28.540: E/PhenotypeRegOp(14414): Attempting to overwrite config package for com.google.android.gms.maps#com.google.android.gms [CONTEXT service_id=231 ]
11-16 08:57:28.540: E/PhenotypeRegOp(14414): Attempting to overwrite config package for com.google.android.gms.cast [CONTEXT service_id=231 ]
11-16 08:57:28.541: E/PhenotypeRegOp(14414): Attempting to overwrite config package for com.google.android.gms.mobile_data_plan [CONTEXT service_id=231 ]
11-16 08:57:28.543: E/PhenotypeRegOp(14414): Attempting to overwrite config package for com.google.android.gms.udc [CONTEXT service_id=231 ]
11-16 08:57:28.545: I/GmsModuleFndr(14414): Beginning GMS chimera module scan
11-16 08:57:28.551: I/ModuleSetMgr(14414): Computing pending module set with APKs: [[AdsFdrDynamite.integ:213806100100000], [Enpromo.integ:214106000100000], [Pay.optional:213614100000], [VisionOcr.optional:213614100400], [AdsFdrDynamite.integ:212104400100000], [Cronetdynamite:213614100400], [Dynamiteloader:213614100000], [Dynamitemodulesa:213614100000], [Dynamitemodulesc:213614100000], [Googlecertificates:213614100000], [Mapsdynamite:213614100000], [Measurementdynamite:213614100000]]
11-16 08:57:28.555: W/Icing(14414): No valid account for uploading user actions
11-16 08:57:28.560: D/fpc_hidl(15011): fpc fingerprint hwbinder service starting
11-16 08:57:28.560: D/QSEECOMAPI(15011): QSEECom_get_handle sb_length = 0x80
11-16 08:57:28.561: D/QSEECOMAPI(15011): App is not loaded in QSEE
11-16 08:57:28.561: D/QSEECOMAPI(15011): app_arch = 2, total_files = 9
11-16 08:57:28.576: I/Icing(14414): Usage reports ok 0, Failed Usage reports 0, indexed 0, rejected 0
11-16 08:57:28.585: I/Icing(14414): Indexing com.google.android.gms-apps from com.google.android.gms
11-16 08:57:28.592: I/ModuleSetMgr(14414): Pending container module APKs: [[Pay.optional:213614100000], [VisionOcr.optional:213614100400]]
11-16 08:57:28.592: I/ModuleSetMgr(14414): Pending non-container module APKs: [[Enpromo.integ:214106000100000], [AdsFdrDynamite.integ:213806100100000]]
11-16 08:57:28.593: I/Icing(14414): IndexChimeraService.getServiceInterface callingPackage=com.google.android.gms componentName=null serviceId=30
11-16 08:57:28.594: I/Icing(14414): Indexing done com.google.android.gms-apps
11-16 08:57:28.615: D/QSEECOMAPI(15011): Loaded image: APP id = 82
11-16 08:57:28.615: W/PackageParser(14414): Unknown element under <manifest>: queries at /data/user_de/0/com.google.android.gms/app_chimera/m/00000007/AdsDynamite.apk Binary XML file line #5
11-16 08:57:28.617: W/Icing(14414): No valid account for uploading user actions
11-16 08:57:28.619: E/fpc_tac(15011): fpcbuildinfo : 575ddab5b91efea67ee1d200fc813ff2fpc_bio=bd35c3fec78219829149bea6c9ec961e6f655b90C:prodtestlib=4304cf5c884c198624b749af3482befacbd3028eC:fpc_c_core=dc194509594e837dedfb5452aaf06fcb61977135C:fpc_lib=cd5b7b876c3d69afa68a11ac6fd86f873e70817bC:cac=297e11552c60a3607ed664cf44c3e4b36ab2e737C:fpc_bio_interface=94a457caecae31eca8ef04b64c3f82a018e9bbc0C:fpc_sensor=ba909a5500944acafe47a0ef3a49f89509aadfb6C:tools_core=94ddf1e684cfa6c99f0f237f7cc35f3962e0e597C:sensor_settings=4fcf864fb493ae0272a9b2806446b379d99fd8ceC:fingerprint_ta=066bc0ab880960a4a69b74a328c7d7871c72225bC:fingerprint_pal=0deb9a478a3572872639f9cb2559ccc464ee3f9bC:manifests=dcb3d8ab0bdb7a5b341839d8c75bb88fc7f5e1a4C:Manifesttag=SW23.3.0-PDR1.0.5:jenkins@84ffd74dac44:Thu,17May201810:17:08+0200:FPC_SENSOR_TYPE=FPC_SENSOR_TYPE_FPC1270:FPC_CC_TYPE=FPC_COMPANION_CHIP_FPC2050:FPC_C_TYPE=FPC_COATING_NORMAL
11-16 08:57:28.619: E/fpc_tac(15011): fpcbuildtype : build=RELEASE sensor=9
11-16 08:57:28.620: W/EventHub(1169): Unable to disable kernel key repeat for /dev/input/event3: Function not implemented
11-16 08:57:28.620: I/EventHub(1169): wakeMechanism=EPOLLWAKEUP, usingClockIoctl=true
11-16 08:57:28.620: I/EventHub(1169): New device: id=82, fd=342, path='/dev/input/event3', name='uinput-fpc', classes=0x101, configuration='/system/usr/idc/uinput-fpc.idc', keyLayout='/system/usr/keylayout/uinput-fpc.kl', keyCharacterMap='/system/usr/keychars/Generic.kcm', builtinKeyboard=true, 
11-16 08:57:28.620: W/InputReader(1169): Ignoring spurious device added event for deviceId 0.
11-16 08:57:28.629: I/Icing(14414): Usage reports ok 0, Failed Usage reports 0, indexed 0, rejected 0
11-16 08:57:28.691: W/PackageParser(14414): Unknown element under <manifest>: queries at /data/user_de/0/com.google.android.gms/app_chimera/m/00000010/dl-AdsFdrDynamite.integ_213806100100000.apk Binary XML file line #11
11-16 08:57:28.796: I/dex2oat(14968): Explicit concurrent copying GC freed 11042(2MB) AllocSpace objects, 0(0B) LOS objects, 99% free, 896B/1536KB, paused 35us total 3.014ms
11-16 08:57:28.910: I/dex2oat(14968): dex2oat took 655.465ms (1.131s cpu) (threads: 8) arena alloc=26KB (27016B) java alloc=16KB (17280B) native alloc=5MB (5287728B) free=2MB (3100880B)
11-16 08:57:28.916: V/installed(871): DexInv: --- END '/data/app/com.google.android.gmscore.testing.testsupport-DD_hY7PquV3Piy3i5WO6Zg==/base.apk' (success) ---
11-16 08:57:28.916: V/installed(871): [ 11-16 08:57:28.919   871: 1355 E/         ]
11-16 08:57:28.916: V/installed(871): Couldn't opendir /data/app/vmdl565133265.tmp: No such file or directory
11-16 08:57:28.919: E/installd(871): Failed to delete /data/app/vmdl565133265.tmp: No such file or directory
11-16 08:57:28.930: I/InputReader(1169): Reconfiguring input devices.  changes=0x00000010
11-16 08:57:28.930: I/Finsky(12665): [2] yeh.d(13): PackageMonitorReceiverImpl - Received: android.intent.action.PACKAGE_ADDED, [Cfp7IzF5TvVG3xiSuASXeJDeHWm6HS2AulwLaqmOV14]
11-16 08:57:28.930: I/Finsky(12665): [2] yfi.g(1): Invalidating cached PackageState for com.google.android.gmscore.testing.testsupport
11-16 08:57:28.932: W/BroadcastQueue(1169): Background execution not allowed: receiving Intent { act=android.intent.action.PACKAGE_ADDED dat=package:com.google.android.gmscore.testing.testsupport flg=0x4000010 (has extras) } to com.android.musicfx/.Compatibility$Receiver
11-16 08:57:28.932: W/BroadcastQueue(1169): Background execution not allowed: receiving Intent { act=android.intent.action.PACKAGE_ADDED dat=package:com.google.android.gmscore.testing.testsupport flg=0x4000010 (has extras) } to com.android.vending/com.google.android.finsky.packagemanager.impl.PackageMonitorReceiverImpl$RegisteredReceiver
11-16 08:57:28.932: I/CarrierServices(13447): [2] RcsAutoStartReceiver.b: carrierServicesJibeServiceEnabled changed from true to true
11-16 08:57:28.932: W/BroadcastQueue(1169): Background execution not allowed: receiving Intent { act=android.intent.action.PACKAGE_ADDED dat=package:com.google.android.gmscore.testing.testsupport flg=0x4000010 (has extras) } to com.google.android.gms/.games.chimera.GamesSystemBroadcastReceiverProxy
11-16 08:57:28.932: W/BroadcastQueue(1169): Background execution not allowed: receiving Intent { act=android.intent.action.PACKAGE_ADDED dat=package:com.google.android.gmscore.testing.testsupport flg=0x4000010 (has extras) } to com.google.android.gms/.gass.chimera.PackageChangeBroadcastReceiver
11-16 08:57:28.932: W/BroadcastQueue(1169): Background execution not allowed: receiving Intent { act=android.intent.action.PACKAGE_ADDED dat=package:com.google.android.gmscore.testing.testsupport flg=0x4000010 (has extras) } to com.google.android.gms/.chimera.GmsIntentOperationService$PersistentTrustedReceiver
11-16 08:57:28.932: W/BroadcastQueue(1169): Background execution not allowed: receiving Intent { act=android.intent.action.PACKAGE_ADDED dat=package:com.google.android.gmscore.testing.testsupport flg=0x4000010 (has extras) } to com.google.android.googlequicksearchbox/com.google.android.apps.gsa.googlequicksearchbox.GelStubAppWatcher
11-16 08:57:28.932: W/BroadcastQueue(1169): Background execution not allowed: receiving Intent { act=android.intent.action.PACKAGE_ADDED dat=package:com.google.android.gmscore.testing.testsupport flg=0x4000010 (has extras) } to com.google.android.ims/.receivers.RcsAutoStartReceiver
11-16 08:57:28.938: I/Finsky(12665): [2] owk.d(2): Frosting ID looked up on UI thread. Caller should move to a background thread.
11-16 08:57:28.939: I/CarrierServices(13447): [2] RcsAutoStartReceiver.b: enableRcs changed from true to true
11-16 08:57:28.944: I/CarrierServices(13447): [2] RcsAutoStartReceiver.b: RcsAutoStartReceiver triggered. Fetching RCS State. Action: android.intent.action.PACKAGE_ADDED
11-16 08:57:28.947: W/GCM(10842): Unexpected forwarded intent: Intent { act=android.intent.action.PACKAGE_ADDED dat=package:com.google.android.gmscore.testing.testsupport flg=0x4000010 pkg=com.google.android.gms cmp=com.google.android.gms/.chimera.PersistentIntentOperationService (has extras) }
11-16 08:57:28.948: W/GCM(10842): Unexpected forwarded intent: Intent { act=android.intent.action.PACKAGE_ADDED dat=package:com.google.android.gmscore.testing.testsupport flg=0x4000010 pkg=com.google.android.gms cmp=com.google.android.gms/.chimera.PersistentIntentOperationService (has extras) }
11-16 08:57:28.948: I/Telecom(1169): DefaultDialerCache: Refreshing default dialer for user 0: now com.google.android.dialer: DDC.oR@AJE
11-16 08:57:28.950: I/Finsky(12665): [255] jnw.a(15): [ContentSync] finished, scheduled=false
11-16 08:57:28.951: I/Finsky(12665): [2] amas.a(3): Do not start WearSupportService due to Wear service optimization
11-16 08:57:28.952: I/Finsky(12665): [256] ovx.run(16): Wrote row to frosting DB: 210
11-16 08:57:28.958: I/CarrierServices(13447): [2] aws.a: Migration binding to RcsMigrationService
11-16 08:57:28.959: I/Finsky(12665): [2] amas.a(3): Do not start WearSupportService due to Wear service optimization
11-16 08:57:28.960: I/Finsky(12665): [2] aeak.a(8): Clearing split related stale data.
11-16 08:57:28.961: I/Finsky(12665): [257] gxq.a(12): Asset module storage cleared for package com.google.android.gmscore.testing.testsupport.
11-16 08:57:28.962: D/RegisteredNfcFServicesCache(4171): Service unchanged, not updating
11-16 08:57:28.965: I/BugleDataModel(7391): RcsMigrationService: Returning RCS state provider.
11-16 08:57:28.967: I/Finsky(12665): [2] owk.d(2): Frosting ID looked up on UI thread. Caller should move to a background thread.
11-16 08:57:28.969: I/Finsky(12665): [256] ovx.run(16): Wrote row to frosting DB: 211
11-16 08:57:28.972: I/Auth(14414): [SupervisedAccountIntentOperation] onHandleIntent(): android.intent.action.PACKAGE_ADDED
11-16 08:57:28.975: I/BlockstoreStorage(14414): Clearing Blockstore Data for package com.google.android.gmscore.testing.testsupport [CONTEXT service_id=258 ]
11-16 08:57:28.976: I/BlockstoreStorage(14414): No metadata found. Skipping deletion. [CONTEXT service_id=258 ]
11-16 08:57:28.977: E/PhoneInterfaceManager(3799): [PhoneIntfMgr] getCarrierPackageNamesForIntent: No UICC
11-16 08:57:28.977: D/CarrierSvcBindHelper(3799): No carrier app for: 0
11-16 08:57:28.977: D/ImsResolver(3799): maybeAddedImsService, packageName: com.google.android.gmscore.testing.testsupport
11-16 08:57:28.979: I/BugleRcsEngine(7391): [441] pot.a: Sim state is not ready. Returning last known operation mode.
11-16 08:57:28.979: D/BoundBrokerSvc(14414): onBind: Intent { act=com.google.android.gms.common.BIND_SHARED_PREFS pkg=com.google.android.gms }
11-16 08:57:28.979: D/BoundBrokerSvc(14414): Loading bound service for intent: Intent { act=com.google.android.gms.common.BIND_SHARED_PREFS pkg=com.google.android.gms }
11-16 08:57:28.983: D/BoundBrokerSvc(14414): onUnbind: Intent { act=com.google.android.gms.common.BIND_SHARED_PREFS pkg=com.google.android.gms }
11-16 08:57:28.985: I/CarrierServices(13447): [785] awt.doInBackground: Saving RCS State
11-16 08:57:28.985: I/CarrierServices(13447): [785] awt.doInBackground: Old operation mode: 0
11-16 08:57:28.986: I/CarrierServices(13447): [785] awt.doInBackground: New operation mode: 0
11-16 08:57:28.987: I/ActivityManager(1169): Start proc 15073:com.google.android.gmscore.testing.testsupport/u0a170 for service com.google.android.gmscore.testing.testsupport/.CommandService
11-16 08:57:28.987: I/CarrierServices(13447): [2] aww.a: Unbinding RcsMigrationService
11-16 08:57:28.991: E/VvmPkgInstalledRcvr(3799): cannot create TelephonyManager from ComponentInfo{com.android.phone/com.android.services.telephony.TelephonyConnectionService}, ***, UserHandle{0}
11-16 08:57:28.991: D/CarrierConfigLoader(3799): mHandler: 9 phoneId: 0
11-16 08:57:29.004: E/ing.testsuppor(15073): Not starting debugger since process cannot load the jdwp agent.
11-16 08:57:29.028: W/ChimeraUtils(10842): Module com.google.android.gms.nearby_en has empty metadata display_name_string_id
11-16 08:57:29.033: I/Icing(14414): Indexing com.google.android.gms-apps from com.google.android.gms
11-16 08:57:29.039: D/wifi-jni(1169): no kernel logs
11-16 08:57:29.035: W/Binder:1169_1E(1169): type=1400 audit(0.0:190): avc: denied { syslog_read } for scontext=u:r:system_server:s0 tcontext=u:r:kernel:s0 tclass=system permissive=0
11-16 08:57:29.042: I/ing.testsuppor(15073): The ClassLoaderContext is a special shared library.
11-16 08:57:29.043: I/Icing(14414): Indexing done com.google.android.gms-apps
11-16 08:57:29.049: W/ChimeraUtils(10842): Module com.google.android.gms.nearby_en has empty metadata display_name_string_id
11-16 08:57:29.057: W/ChimeraUtils(10842): Module com.google.android.gms.nearby_en has empty metadata display_name_string_id
11-16 08:57:29.060: I/TSDRIVER(15073): CommandService onHandleIntent()
11-16 08:57:29.060: I/TSDRIVER(15073): Got command: PACKAGE
11-16 08:57:29.071: I/system_server(1169): Background concurrent copying GC freed 207715(8MB) AllocSpace objects, 22(952KB) LOS objects, 42% free, 21MB/36MB, paused 105us total 153.347ms
11-16 08:57:29.074: I/TSDRIVER(15073): flag package: Eglnc2VydmljZXMaLAooZmluc2t5LnBsYXlfc2VydmljZXNfYXV0b191cGRhdGVfZW5hYmxlZBgAGjUKMWZpbnNreS5zZXR1cF93aXphcmRfYWRkaXRpb25hbF9hY2NvdW50X3ZwYV9lbmFibGUYABoxCi1maW5za3kuZGFpbHlfaHlnaWVuZV9zY2hlZHVsZV91bmF1dGhlbnRpY2F0ZWQYABpyCipmaW5za3kuYmFja2dyb3VuZF9zcGxpdF9pbnN0YWxsc19ibGFja2xpc3QSRGNvbS5hbmRyb2lkLmNocm9tZSxjb20uZ29vZ2xlLmFuZHJvaWQuZ21zLGNvbS5nb29nbGUuYW5kcm9pZC53ZWJ2aWV3KPgB
11-16 08:57:29.081: I/TSDRIVER(15073): flag package: gservices
11-16 08:57:29.082: E/GooglePlayServicesUtil(15073): The Google Play services resources were not found. Check your project configuration to ensure that the resources are included.
11-16 08:57:29.089: D/BoundBrokerSvc(14414): onBind: Intent { act=com.google.android.gms.testsupport.service.START pkg=com.google.android.gms }
11-16 08:57:29.089: D/BoundBrokerSvc(14414): Loading bound service for intent: Intent { act=com.google.android.gms.testsupport.service.START pkg=com.google.android.gms }
11-16 08:57:29.110: I/m.akt(14414): Primes not initialized, returning default (no-op) Primes instance which will ignore all calls. Please call Primes.initialize(...) before using any Primes API.
11-16 08:57:29.123: W/DynamiteModule(14414): Local module descriptor class for com.google.android.gms.googlecertificates not found.
11-16 08:57:29.127: W/gle.android.gm(14414): Unsupported class loader
11-16 08:57:29.128: W/gle.android.gm(14414): Skipping duplicate class check due to unsupported classloader
11-16 08:57:29.129: I/DynamiteModule(14414): Considering local module com.google.android.gms.googlecertificates:0 and remote module com.google.android.gms.googlecertificates:6
11-16 08:57:29.129: I/DynamiteModule(14414): Selected remote version of com.google.android.gms.googlecertificates, version >= 6
11-16 08:57:29.146: W/gle.android.gm(14414): Unsupported class loader
11-16 08:57:29.154: W/gle.android.gm(14414): Skipping duplicate class check due to unsupported classloader
11-16 08:57:29.174: I/TestSupport(14414): Activated: 1636963200000@1637081848471 [CONTEXT service_id=133 ]
11-16 08:57:29.174: I/TestSupport(14414): Boot time: 1637081450631 [CONTEXT service_id=133 ]
11-16 08:57:29.175: I/TestSupport(14414): Passing package and signature checks: com.google.android.gmscore.testing.testsupport [CONTEXT service_id=133 ]
11-16 08:57:29.185: I/TestSupport(14414): SetOverrideOperation: finsky.play_services_auto_update_enabled = false [CONTEXT service_id=133 ]
11-16 08:57:29.211: I/GservicesProvider(4376): override update completed
11-16 08:57:29.224: I/ActivityManager(1169): Start proc 15110:com.android.connectivity.metrics/u0a57 for broadcast com.android.connectivity.metrics/.SnapshotSchedulingReceiver
11-16 08:57:29.229: E/ctivity.metric(15110): Not starting debugger since process cannot load the jdwp agent.
11-16 08:57:29.233: I/TestSupport(14414): GServices override confirmed: finsky.play_services_auto_update_enabled=false [CONTEXT service_id=133 ]
11-16 08:57:29.236: I/Bugle(7391): ApnsOta: OTA version -1
11-16 08:57:29.247: I/TestSupport(14414): SetOverrideOperation: finsky.setup_wizard_additional_account_vpa_enable = false [CONTEXT service_id=133 ]
11-16 08:57:29.248: I/CarrierServices(13447): [2] bxu.e: Carrier Services GServices flags:
11-16 08:57:29.248: I/CarrierServices(13447):    carrier_services_security_flags_ec_api_white_listed_packages: com.google.android.apps.messaging,com.google.android.dialer,com.google.android.ims.client.sampleapp,com.android.contacts,com.lge.rcscall,com.android.incallui,com.huawei.incallui.appfeature.rcsfeature
11-16 08:57:29.248: I/CarrierServices(13447):    carrier_services_security_flags_ec_api_white_listed_signatures: B28C3EDB665DF32686224DF800F603E9959BBE4E,0980A12BE993528C19107BC21AD811478C63CEFC,B38FA7B5ECFAEC44620A020752B07E063B3120A8,203997BC46B8792DC9747ABD230569071F9A0439,EDA6413C3E3A95492114FE07CD953AD897E40D1A,760EBB9F4200B3DFB1B817B40FF0563A3C150D39,5B368CFF2DA2686996BC95EAC190EAA4F5630FE5,01D845B26B688D8EF647205A5944E9407E52E06E,27196E386B875E76ADF700E7EA84E4C6EEE33DFA,1CDD04F1E4A732BB0352FDFAEE26D2315526DF85,025D5212BF3B5F5CDA6117A518721D70A94D84E0
11-16 08:57:29.248: I/CarrierServices(13447):    carrier_services_security_flags_test_service_white_listed_packages: com.google.android.ims.mobly.snippets
11-16 08:57:29.248: I/CarrierServices(13447):    carrier_services_security_flags_test_service_white_listed_signatures: AE41481F52E0F58DF2806D5A38EB3DBCA5AE02B0,E165542B31953CC282AA4EF2F4D5F07F7663A2A2
11-16 08:57:29.248: I/CarrierServices(13447):    carrier_services_security_flags_white_listed_packages: com.google.android.apps.messaging,com.google.android.dialer,com.google.android.ims.client.sampleapp,com.android.contacts,com.lge.rcscall,com.android.incallui,com.huawei.incallui.appfeature.rcsfeature
11-16 08:57:29.248: I/CarrierServices(13447):    carrier_services_security_flags_white_listed_signatures: B28C3EDB665DF32686224DF800F603E9959BBE4E,0980A12BE993528C19107BC21AD811478C63CEFC,B38FA7B5ECFAEC44620A020752B07E063B3120A8,203997BC46B8792DC9747ABD230569071F9A0439,EDA6413C3E3A95492114FE07CD953AD897E40D1A,760EBB9F4200B3DFB1B817B40FF0563A3C150D39,5B368CFF2DA2686996BC95EAC190EAA4F5630FE5,01D845B26B688D8EF647205A5944E9407E52E06E,27196E386B875E76ADF700E7EA84E4C6EEE33DFA,1CDD04F1E4A732BB0352FDFAEE26D2315526DF85,025D5212BF3B5F5CDA6117A518721D70A94D84E0
11-16 08:57:29.248: I/CarrierServices(13447):    carrier_services_video_share_disabled_user_agent_substrings: SM-G930,SM-G935,SM-A320
11-16 08:57:29.248: I/CarrierServices(13447): ====================
11-16 08:57:29.251: I/ctivity.metric(15110): The ClassLoaderContext is a special shared library.
11-16 08:57:29.263: D/ConnMetrics:App(15110): onCreate()
11-16 08:57:29.269: D/CarrierServices(13447): log_saver already enabled
11-16 08:57:29.276: I/GservicesProvider(4376): override update completed
11-16 08:57:29.279: I/ActivityManager(1169): Start proc 15129:com.google.android.apps.multidevice.client/u0a72 for broadcast com.google.android.apps.multidevice.client/.ui.pixel.SettingsActivityAvailabilityReceiver
11-16 08:57:29.287: E/tidevice.clien(15129): Not starting debugger since process cannot load the jdwp agent.
11-16 08:57:29.292: I/Bugle(7391): ApnsOta: OTA version -1
11-16 08:57:29.298: I/TestSupport(14414): GServices override confirmed: finsky.setup_wizard_additional_account_vpa_enable=false [CONTEXT service_id=133 ]
11-16 08:57:29.303: E/GooglePlayServicesUtil(15110): The Google Play services resources were not found. Check your project configuration to ensure that the resources are included.
11-16 08:57:29.311: I/TestSupport(14414): SetOverrideOperation: finsky.daily_hygiene_schedule_unauthenticated = false [CONTEXT service_id=133 ]
11-16 08:57:29.316: I/tidevice.clien(15129): The ClassLoaderContext is a special shared library.
11-16 08:57:29.322: I/CarrierServices(13447): [2] bxu.e: Carrier Services GServices flags:
11-16 08:57:29.322: I/CarrierServices(13447):    carrier_services_security_flags_ec_api_white_listed_packages: com.google.android.apps.messaging,com.google.android.dialer,com.google.android.ims.client.sampleapp,com.android.contacts,com.lge.rcscall,com.android.incallui,com.huawei.incallui.appfeature.rcsfeature
11-16 08:57:29.322: I/CarrierServices(13447):    carrier_services_security_flags_ec_api_white_listed_signatures: B28C3EDB665DF32686224DF800F603E9959BBE4E,0980A12BE993528C19107BC21AD811478C63CEFC,B38FA7B5ECFAEC44620A020752B07E063B3120A8,203997BC46B8792DC9747ABD230569071F9A0439,EDA6413C3E3A95492114FE07CD953AD897E40D1A,760EBB9F4200B3DFB1B817B40FF0563A3C150D39,5B368CFF2DA2686996BC95EAC190EAA4F5630FE5,01D845B26B688D8EF647205A5944E9407E52E06E,27196E386B875E76ADF700E7EA84E4C6EEE33DFA,1CDD04F1E4A732BB0352FDFAEE26D2315526DF85,025D5212BF3B5F5CDA6117A518721D70A94D84E0
11-16 08:57:29.322: I/CarrierServices(13447):    carrier_services_security_flags_test_service_white_listed_packages: com.google.android.ims.mobly.snippets
11-16 08:57:29.322: I/CarrierServices(13447):    carrier_services_security_flags_test_service_white_listed_signatures: AE41481F52E0F58DF2806D5A38EB3DBCA5AE02B0,E165542B31953CC282AA4EF2F4D5F07F7663A2A2
11-16 08:57:29.322: I/CarrierServices(13447):    carrier_services_security_flags_white_listed_packages: com.google.android.apps.messaging,com.google.android.dialer,com.google.android.ims.client.sampleapp,com.android.contacts,com.lge.rcscall,com.android.incallui,com.huawei.incallui.appfeature.rcsfeature
11-16 08:57:29.322: I/CarrierServices(13447):    carrier_services_security_flags_white_listed_signatures: B28C3EDB665DF32686224DF800F603E9959BBE4E,0980A12BE993528C19107BC21AD811478C63CEFC,B38FA7B5ECFAEC44620A020752B07E063B3120A8,203997BC46B8792DC9747ABD230569071F9A0439,EDA6413C3E3A95492114FE07CD953AD897E40D1A,760EBB9F4200B3DFB1B817B40FF0563A3C150D39,5B368CFF2DA2686996BC95EAC190EAA4F5630FE5,01D845B26B688D8EF647205A5944E9407E52E06E,27196E386B875E76ADF700E7EA84E4C6EEE33DFA,1CDD04F1E4A732BB0352FDFAEE26D2315526DF85,025D5212BF3B5F5CDA6117A518721D70A94D84E0
11-16 08:57:29.322: I/CarrierServices(13447):    carrier_services_video_share_disabled_user_agent_substrings: SM-G930,SM-G935,SM-A320
11-16 08:57:29.322: I/CarrierServices(13447): ====================
11-16 08:57:29.337: D/ConnMetrics:App(15110): IsOptedIn = false
11-16 08:57:29.345: I/GservicesProvider(4376): override update completed
11-16 08:57:29.352: D/CarrierServices(13447): log_saver already enabled
11-16 08:57:29.359: I/TestSupport(14414): GServices override confirmed: finsky.daily_hygiene_schedule_unauthenticated=false [CONTEXT service_id=133 ]
11-16 08:57:29.373: I/TestSupport(14414): SetOverrideOperation: finsky.background_split_installs_blacklist = com.android.chrome,com.google.android.gms,com.google.android.webview [CONTEXT service_id=133 ]
11-16 08:57:29.373: I/Bugle(7391): ApnsOta: OTA version -1
11-16 08:57:29.373: I/SettingsActivityAvailab(15129): Disabling com.google.android.apps.multidevice.client.ui.pixel.SettingsActivity.
11-16 08:57:29.375: D/GservicesChangeReceiver(6218): Gservices Changed broadcast Received. context is android.app.ReceiverRestrictedContext@f3384d0
11-16 08:57:29.377: D/GservicesChangeReceiver(6218): Gservices allowPowerAnomalyData is False.
11-16 08:57:29.379: D/ConnectivityMonitorManager(6218): Service com.google.android.connectivitymonitor.PowerAnomalyDetectorService is not running...
11-16 08:57:29.381: I/CarrierServices(13447): [2] bxu.e: Carrier Services GServices flags:
11-16 08:57:29.381: I/CarrierServices(13447):    carrier_services_security_flags_ec_api_white_listed_packages: com.google.android.apps.messaging,com.google.android.dialer,com.google.android.ims.client.sampleapp,com.android.contacts,com.lge.rcscall,com.android.incallui,com.huawei.incallui.appfeature.rcsfeature
11-16 08:57:29.381: I/CarrierServices(13447):    carrier_services_security_flags_ec_api_white_listed_signatures: B28C3EDB665DF32686224DF800F603E9959BBE4E,0980A12BE993528C19107BC21AD811478C63CEFC,B38FA7B5ECFAEC44620A020752B07E063B3120A8,203997BC46B8792DC9747ABD230569071F9A0439,EDA6413C3E3A95492114FE07CD953AD897E40D1A,760EBB9F4200B3DFB1B817B40FF0563A3C150D39,5B368CFF2DA2686996BC95EAC190EAA4F5630FE5,01D845B26B688D8EF647205A5944E9407E52E06E,27196E386B875E76ADF700E7EA84E4C6EEE33DFA,1CDD04F1E4A732BB0352FDFAEE26D2315526DF85,025D5212BF3B5F5CDA6117A518721D70A94D84E0
11-16 08:57:29.381: I/CarrierServices(13447):    carrier_services_security_flags_test_service_white_listed_packages: com.google.android.ims.mobly.snippets
11-16 08:57:29.381: I/CarrierServices(13447):    carrier_services_security_flags_test_service_white_listed_signatures: AE41481F52E0F58DF2806D5A38EB3DBCA5AE02B0,E165542B31953CC282AA4EF2F4D5F07F7663A2A2
11-16 08:57:29.381: I/CarrierServices(13447):    carrier_services_security_flags_white_listed_packages: com.google.android.apps.messaging,com.google.android.dialer,com.google.android.ims.client.sampleapp,com.android.contacts,com.lge.rcscall,com.android.incallui,com.huawei.incallui.appfeature.rcsfeature
11-16 08:57:29.381: I/CarrierServices(13447):    carrier_services_security_flags_white_listed_signatures: B28C3EDB665DF32686224DF800F603E9959BBE4E,0980A12BE993528C19107BC21AD811478C63CEFC,B38FA7B5ECFAEC44620A020752B07E063B3120A8,203997BC46B8792DC9747ABD230569071F9A0439,EDA6413C3E3A95492114FE07CD953AD897E40D1A,760EBB9F4200B3DFB1B817B40FF0563A3C150D39,5B368CFF2DA2686996BC95EAC190EAA4F5630FE5,01D845B26B688D8EF647205A5944E9407E52E06E,27196E386B875E76ADF700E7EA84E4C6EEE33DFA,1CDD04F1E4A732BB0352FDFAEE26D2315526DF85,025D5212BF3B5F5CDA6117A518721D70A94D84E0
11-16 08:57:29.381: I/CarrierServices(13447):    carrier_services_video_share_disabled_user_agent_substrings: SM-G930,SM-G935,SM-A320
11-16 08:57:29.381: I/CarrierServices(13447): ====================
11-16 08:57:29.386: D/CarrierServices(13447): log_saver already enabled
11-16 08:57:29.389: D/GservicesChangeReceiver(6218): Gservices allowLowPowerMonitoring is False.
11-16 08:57:29.391: D/ConnectivityMonitorManager(6218): Service com.google.android.connectivitymonitor.LowPowerMonitorService is not running...
11-16 08:57:29.408: D/GservicesChangeReceiver(6218): Gservices isConnectivityMonitorEnabled is True.
11-16 08:57:29.409: D/ConnectivityMonitorManager(6218): Service com.google.android.connectivitymonitor.ConnectivityMonitorService is running...
11-16 08:57:29.417: I/GservicesProvider(4376): override update completed
11-16 08:57:29.428: I/TestSupport(14414): GServices override confirmed: finsky.background_split_installs_blacklist=com.android.chrome,com.google.android.gms,com.google.android.webview [CONTEXT service_id=133 ]
11-16 08:57:29.429: I/TSDRIVER(15073): Handled command: PACKAGE
11-16 08:57:29.429: I/ActivityManager(1169): Start proc 15153:com.google.android.euicc/u0a67 for broadcast com.google.android.euicc/com.android.euicc.receiver.GservicesChangedReceiver
11-16 08:57:29.430: I/ActivityManager(1169): Killing 13843:com.google.android.packageinstaller/u0a36 (adj 906): empty #17
11-16 08:57:29.431: W/libprocessgroup(1169): kill(-13843, 9) failed: No such process
11-16 08:57:29.434: E/e.android.euic(15153): Not starting debugger since process cannot load the jdwp agent.
11-16 08:57:29.448: W/libprocessgroup(1169): kill(-13843, 9) failed: No such process
11-16 08:57:29.457: D/QSEECOMAPI(15011): QSEECom_get_handle sb_length = 0x400
11-16 08:57:29.458: D/QSEECOMAPI(15011): App is already loaded QSEE and app id = 1
11-16 08:57:29.460: E/fpc_tac(15011): qsee_km_get_encapsulated_key KEYMASTER_GET_AUTH_TOKEN_KEY returned status=-24
11-16 08:57:29.460: D/QSEECOMAPI(15011): QSEECom_dealloc_memory 
11-16 08:57:29.460: D/QSEECOMAPI(15011): QSEECom_shutdown_app, app_id = 1
11-16 08:57:29.460: E/fpc_fingerprint_hal(15011): fpc_hal_open failed
11-16 08:57:29.462: I/EventHub(1169): Removing device '/dev/input/event3' due to inotify event
11-16 08:57:29.462: I/EventHub(1169): Removed device: path=/dev/input/event3 name=uinput-fpc id=82 fd=342 classes=0x101
11-16 08:57:29.462: W/EventHub(1169): built-in keyboard device /dev/input/event3 (id=82) is closing! the apps will not like this
11-16 08:57:29.464: W/InputReader(1169): Ignoring spurious device removed event for deviceId 82.
11-16 08:57:29.465: I/TSDRIVER(15073): CommandService onHandleIntent()
11-16 08:57:29.465: I/TSDRIVER(15073): Got command: PACKAGE
11-16 08:57:29.465: I/TSDRIVER(15073): flag package: Eitjb20uZ29vZ2xlLmFuZHJvaWQuZ21zLmF1dGguYXBpLmNyZWRlbnRpYWxzGh4KGlNhdmVTdHJhdGVneV9fZW5hYmxlU2F2aW5nGAAoPg
11-16 08:57:29.465: I/TSDRIVER(15073): flag package: com.google.android.gms.auth.api.credentials
11-16 08:57:29.471: W/libprocessgroup(1169): kill(-13843, 9) failed: No such process
11-16 08:57:29.475: I/TestSupport(14414): SetOverrideOperation: gms:phenotype:phenotype_flag:debug_bypass_phenotype = false [CONTEXT service_id=133 ]
11-16 08:57:29.478: W/libprocessgroup(1169): kill(-13843, 9) failed: No such process
11-16 08:57:29.482: D/QSEECOMAPI(15011): QSEECom_dealloc_memory 
11-16 08:57:29.482: D/QSEECOMAPI(15011): QSEECom_shutdown_app, app_id = 82
11-16 08:57:29.482: I/CarrierServices(13447): [2] bxu.e: Carrier Services GServices flags:
11-16 08:57:29.482: I/CarrierServices(13447):    carrier_services_security_flags_ec_api_white_listed_packages: com.google.android.apps.messaging,com.google.android.dialer,com.google.android.ims.client.sampleapp,com.android.contacts,com.lge.rcscall,com.android.incallui,com.huawei.incallui.appfeature.rcsfeature
11-16 08:57:29.482: I/CarrierServices(13447):    carrier_services_security_flags_ec_api_white_listed_signatures: B28C3EDB665DF32686224DF800F603E9959BBE4E,0980A12BE993528C19107BC21AD811478C63CEFC,B38FA7B5ECFAEC44620A020752B07E063B3120A8,203997BC46B8792DC9747ABD230569071F9A0439,EDA6413C3E3A95492114FE07CD953AD897E40D1A,760EBB9F4200B3DFB1B817B40FF0563A3C150D39,5B368CFF2DA2686996BC95EAC190EAA4F5630FE5,01D845B26B688D8EF647205A5944E9407E52E06E,27196E386B875E76ADF700E7EA84E4C6EEE33DFA,1CDD04F1E4A732BB0352FDFAEE26D2315526DF85,025D5212BF3B5F5CDA6117A518721D70A94D84E0
11-16 08:57:29.482: I/CarrierServices(13447):    carrier_services_security_flags_test_service_white_listed_packages: com.google.android.ims.mobly.snippets
11-16 08:57:29.482: I/CarrierServices(13447):    carrier_services_security_flags_test_service_white_listed_signatures: AE41481F52E0F58DF2806D5A38EB3DBCA5AE02B0,E165542B31953CC282AA4EF2F4D5F07F7663A2A2
11-16 08:57:29.482: I/CarrierServices(13447):    carrier_services_security_flags_white_listed_packages: com.google.android.apps.messaging,com.google.android.dialer,com.google.android.ims.client.sampleapp,com.android.contacts,com.lge.rcscall,com.android.incallui,com.huawei.incallui.appfeature.rcsfeature
11-16 08:57:29.482: I/CarrierServices(13447):    carrier_services_security_flags_white_listed_signatures: B28C3EDB665DF32686224DF800F603E9959BBE4E,0980A12BE993528C19107BC21AD811478C63CEFC,B38FA7B5ECFAEC44620A020752B07E063B3120A8,203997BC46B8792DC9747ABD230569071F9A0439,EDA6413C3E3A95492114FE07CD953AD897E40D1A,760EBB9F4200B3DFB1B817B40FF0563A3C150D39,5B368CFF2DA2686996BC95EAC190EAA4F5630FE5,01D845B26B688D8EF647205A5944E9407E52E06E,27196E386B875E76ADF700E7EA84E4C6EEE33DFA,1CDD04F1E4A732BB0352FDFAEE26D2315526DF85,025D5212BF3B5F5CDA6117A518721D70A94D84E0
11-16 08:57:29.482: I/CarrierServices(13447):    carrier_services_video_share_disabled_user_agent_substrings: SM-G930,SM-G935,SM-A320
11-16 08:57:29.482: I/CarrierServices(13447): ====================
11-16 08:57:29.482: I/Zygote(732): Process 13843 exited due to signal (9)
11-16 08:57:29.483: W/ActivityManager(1169): setHasOverlayUi called on unknown pid: 13843
11-16 08:57:29.487: I/Bugle(7391): ApnsOta: OTA version -1
11-16 08:57:29.489: W/libprocessgroup(1169): kill(-13843, 9) failed: No such process
11-16 08:57:29.489: I/libprocessgroup(1169): Successfully killed process cgroup uid 10036 pid 13843 in 58ms
11-16 08:57:29.507: I/GservicesProvider(4376): override update completed
11-16 08:57:29.520: I/TestSupport(14414): GServices override confirmed: gms:phenotype:phenotype_flag:debug_bypass_phenotype=false [CONTEXT service_id=133 ]
11-16 08:57:29.534: I/CarrierServices(13447): [2] bxu.e: Carrier Services GServices flags:
11-16 08:57:29.534: I/CarrierServices(13447):    carrier_services_security_flags_ec_api_white_listed_packages: com.google.android.apps.messaging,com.google.android.dialer,com.google.android.ims.client.sampleapp,com.android.contacts,com.lge.rcscall,com.android.incallui,com.huawei.incallui.appfeature.rcsfeature
