11-16 08:57:46.360: D/LifecycleMonitor(16375): Lifecycle status change: androidx.lifecycle.testapp.CollectingSupportActivity@5dc9d0c in: CREATED
11-16 08:57:46.365: D/LifecycleMonitor(16375): Lifecycle status change: androidx.lifecycle.testapp.CollectingSupportActivity@5dc9d0c in: STARTED
11-16 08:57:46.368: I/NetworkScheduler.Stats(10842): Task com.google.android.gms/com.google.android.gms.ipa.base.IpaGcmTaskService started execution. cause:9 exec_start_elapsed_seconds: 415 [CONTEXT service_id=218 ]
11-16 08:57:46.368: D/LifecycleMonitor(16375): Lifecycle status change: androidx.lifecycle.testapp.CollectingSupportActivity@5dc9d0c in: RESUMED
11-16 08:57:46.380: I/WindowManager(1169): Queue is too deep! Purged item with taskid=4
11-16 08:57:46.383: I/NetworkScheduler.Stats(10842): Task com.google.android.gms/com.google.android.gms.ipa.base.IpaGcmTaskService finished executing. cause:9 result: 1 elapsed_millis: 35 uptime_millis: 35 exec_start_elapsed_seconds: 415 [CONTEXT service_id=218 ]
11-16 08:57:46.412: I/GoogleInputMethod(3664): onFinishInput() : Dummy InputConnection bound
11-16 08:57:46.413: I/GoogleInputMethod(3664): onStartInput() : Dummy InputConnection bound
11-16 08:57:46.418: I/BgTaskExecutorImpl(10002): Starting NONEXCLUSIVE background task ZIP_DOWNLOAD_PROCESSOR.
11-16 08:57:46.422: E/ExecutionCriteria(10842): Package unavailable for task: com.google.android.apps.gcs/com.google.android.flib.phenotype.services.PhenotypeExperimentCommitService{u=0 tag="PhenotypeExpCommitSvc" trigger=window{start=0s,end=30s,earliest=-318s,latest=-288s} requirements=[NET_ANY] attributes=[PERSISTED] scheduled=-318s last_run=N/A exec_window_multiplier=1.0000 jid=N/A status=PENDING retries=0 client_lib=MANCHEGO_GCM-11732000} [CONTEXT service_id=218 ]
11-16 08:57:46.424: W/SearchServiceCore(10002): Abort, client detached.
11-16 08:57:46.425: D/android.hardware.power@1.3-service.crosshatch-libperfmgr(776): LAUNCH OFF
11-16 08:57:46.428: E/ModelDnldProcssHelpr(10002): pending download info for pending_hotword_model_download_info is null
11-16 08:57:46.428: E/ModelDnldProcssHelpr(10002): pending download info for pending_xgoogle_hotword_model_download_info is null
11-16 08:57:46.431: I/ActivityManager(1169): START u0 {flg=0x20010000 cmp=androidx.lifecycle.testapp/.NavigationDialogActivity} from uid 10171
11-16 08:57:46.432: D/android.hardware.power@1.3-service.crosshatch-libperfmgr(776): LAUNCH ON
11-16 08:57:46.435: I/akia(10842): Removed 0 invalid users [CONTEXT service_id=51 ]
11-16 08:57:46.436: D/LifecycleMonitor(16375): Lifecycle status change: androidx.lifecycle.testapp.CollectingSupportActivity@5dc9d0c in: PAUSED
11-16 08:57:46.436: I/ActivityManager(1169): Displayed androidx.lifecycle.testapp/.NavigationDialogActivity: +110ms
11-16 08:57:46.441: W/SurfaceFlinger(641): Attempting to set client state on removed layer: Splash Screen androidx.lifecycle.testapp#0
11-16 08:57:46.441: W/SurfaceFlinger(641): Attempting to destroy on removed layer: Splash Screen androidx.lifecycle.testapp#0
11-16 08:57:46.441: W/ActivityThread(16375): handleWindowVisibility: no activity for token android.os.BinderProxy@d04bd27
11-16 08:57:46.446: D/LifecycleMonitor(16375): Lifecycle status change: androidx.lifecycle.testapp.NavigationDialogActivity@f85a140 in: PRE_ON_CREATE
11-16 08:57:46.453: D/LifecycleMonitor(16375): Lifecycle status change: androidx.lifecycle.testapp.NavigationDialogActivity@f85a140 in: CREATED
11-16 08:57:46.453: E/DownloadManagerWrapper(10002): Can't find downloadId=83
11-16 08:57:46.454: D/LifecycleMonitor(16375): Lifecycle status change: androidx.lifecycle.testapp.NavigationDialogActivity@f85a140 in: STARTED
11-16 08:57:46.455: D/LifecycleMonitor(16375): Lifecycle status change: androidx.lifecycle.testapp.NavigationDialogActivity@f85a140 in: RESUMED
11-16 08:57:46.457: W/LanguagePackUpdateContr(10002): Querying download manager failed for ID : 83
11-16 08:57:46.465: W/SearchServiceCore(10002): Abort, client detached.
11-16 08:57:46.479: I/GoogleInputMethod(3664): onFinishInput() : Dummy InputConnection bound
11-16 08:57:46.480: I/GoogleInputMethod(3664): onStartInput() : Dummy InputConnection bound
11-16 08:57:46.488: D/android.hardware.power@1.3-service.crosshatch-libperfmgr(776): LAUNCH OFF
11-16 08:57:46.517: D/LifecycleMonitor(16375): Lifecycle status change: androidx.lifecycle.testapp.CollectingSupportActivity@5dc9d0c in: STOPPED
11-16 08:57:46.518: I/Adreno(1169): QUALCOMM build                   : 3f88ca2, I42f6fe38fb
11-16 08:57:46.518: I/Adreno(1169): Build Date                       : 07/13/18
11-16 08:57:46.518: I/Adreno(1169): OpenGL ES Shader Compiler Version: EV031.24.00.00
11-16 08:57:46.518: I/Adreno(1169): Local Branch                     : 50.04
11-16 08:57:46.518: I/Adreno(1169): Remote Branch                    : 
11-16 08:57:46.518: I/Adreno(1169): Remote Branch                    : 
11-16 08:57:46.518: I/Adreno(1169): Reconstruct Branch               : 
11-16 08:57:46.518: I/Adreno(1169): Build Config                     : S P 4.0.10 AArch64
11-16 08:57:46.519: D/LifecycleMonitor(16375): Lifecycle status change: androidx.lifecycle.testapp.CollectingSupportActivity@5dc9d0c in: DESTROYED
11-16 08:57:46.520: E/libc(1169): Access denied finding property "vendor.debug.prerotation.disable"
11-16 08:57:46.521: I/BackdropActivity(15455): onResume()
11-16 08:57:46.521: E/libc(1169): Access denied finding property "vendor.debug.prerotation.disable"
11-16 08:57:46.521: I/Adreno(1169): PFP: 0x016ee170, ME: 0x00000000
11-16 08:57:46.522: E/libc(1169): Access denied finding property "vendor.debug.prerotation.disable"
11-16 08:57:46.522: I/ActivityManager(1169): Activity requesting to dismiss Keyguard: ActivityRecord{6062ebc u0 com.google.android.apps.mtaas.backdrop/.BackdropActivity t4}
11-16 08:57:46.522: I/ConfigStore(1169): android::hardware::configstore::V1_0::ISurfaceFlingerConfigs::hasWideColorDisplay retrieved: 1
11-16 08:57:46.522: I/ConfigStore(1169): android::hardware::configstore::V1_0::ISurfaceFlingerConfigs::hasHDRDisplay retrieved: 1
11-16 08:57:46.523: I/OpenGLRenderer(1169): Initialized EGL, version 1.4
11-16 08:57:46.523: D/OpenGLRenderer(1169): Swap behavior 2
11-16 08:57:46.525: I/TestRunner(16375): finished: coveredWithDialog_activity[dismissDialog_false](androidx.lifecycle.PartiallyCoveredActivityTest)
11-16 08:57:46.529: I/MonitoringInstr(16375): Activities that are still in CREATED to STOPPED: 1
11-16 08:57:46.529: I/MonitoringInstr(16375): Finishing activity: androidx.lifecycle.testapp.NavigationDialogActivity@f85a140
11-16 08:57:46.532: I/MonitoringInstr(16375): Unstopped activity count: 1
11-16 08:57:46.533: D/LifecycleMonitor(16375): Lifecycle status change: androidx.lifecycle.testapp.NavigationDialogActivity@f85a140 in: PAUSED
11-16 08:57:46.542: I/BackdropActivity(15455): onResume()
11-16 08:57:46.542: I/ActivityManager(1169): Activity requesting to dismiss Keyguard: ActivityRecord{6062ebc u0 com.google.android.apps.mtaas.backdrop/.BackdropActivity t4}
11-16 08:57:46.547: I/GoogleInputMethod(3664): onFinishInput() : Dummy InputConnection bound
11-16 08:57:46.547: I/GoogleInputMethod(3664): onStartInput() : Dummy InputConnection bound
11-16 08:57:46.580: D/LifecycleMonitor(16375): Lifecycle status change: androidx.lifecycle.testapp.NavigationDialogActivity@f85a140 in: STOPPED
11-16 08:57:46.581: D/LifecycleMonitor(16375): Lifecycle status change: androidx.lifecycle.testapp.NavigationDialogActivity@f85a140 in: DESTROYED
11-16 08:57:46.583: I/TestRunner(16375): started: coveredWithDialog_fragment[dismissDialog_false](androidx.lifecycle.PartiallyCoveredActivityTest)
11-16 08:57:46.583: W/SurfaceFlinger(641): Attempting to set client state on removed layer: Dim Layer for - Task=16#0
11-16 08:57:46.583: W/SurfaceFlinger(641): Attempting to set client state on removed layer: androidx.lifecycle.testapp/androidx.lifecycle.testapp.NavigationDialogActivity#0
11-16 08:57:46.583: W/SurfaceFlinger(641): Attempting to destroy on removed layer: Dim Layer for - Task=16#0
11-16 08:57:46.583: W/SurfaceFlinger(641): Attempting to destroy on removed layer: androidx.lifecycle.testapp/androidx.lifecycle.testapp.NavigationDialogActivity#0
11-16 08:57:46.590: W/SurfaceFlinger(641): Attempting to destroy on removed layer: AppWindowToken{726fc token=Token{42f5bef ActivityRecord{e4250ce u0 androidx.lifecycle.testapp/.NavigationDialogActivity t16}}}#0
11-16 08:57:46.599: I/ActivityManager(1169): START u0 {flg=0x30010000 cmp=androidx.lifecycle.testapp/.CollectingSupportActivity} from uid 10171
11-16 08:57:46.604: D/android.hardware.power@1.3-service.crosshatch-libperfmgr(776): LAUNCH ON
11-16 08:57:46.612: W/ActivityThread(16375): handleWindowVisibility: no activity for token android.os.BinderProxy@48e9434
11-16 08:57:46.618: D/LifecycleMonitor(16375): Lifecycle status change: androidx.lifecycle.testapp.CollectingSupportActivity@e068759 in: PRE_ON_CREATE
11-16 08:57:46.628: D/LifecycleMonitor(16375): Lifecycle status change: androidx.lifecycle.testapp.CollectingSupportActivity@e068759 in: CREATED
11-16 08:57:46.630: D/LifecycleMonitor(16375): Lifecycle status change: androidx.lifecycle.testapp.CollectingSupportActivity@e068759 in: STARTED
11-16 08:57:46.630: E/NotificationService(1169): Muting recently noisy 0|com.google.android.apps.mtaas.backdrop|1|null|10163
11-16 08:57:46.633: D/LifecycleMonitor(16375): Lifecycle status change: androidx.lifecycle.testapp.CollectingSupportActivity@e068759 in: RESUMED
11-16 08:57:46.644: I/WindowManager(1169): Queue is too deep! Purged item with taskid=4
11-16 08:57:46.649: E/NotificationService(1169): Muting recently noisy 0|com.google.android.apps.mtaas.backdrop|1|null|10163
11-16 08:57:46.664: I/GoogleInputMethod(3664): onFinishInput() : Dummy InputConnection bound
11-16 08:57:46.664: I/GoogleInputMethod(3664): onStartInput() : Dummy InputConnection bound
11-16 08:57:46.671: D/android.hardware.power@1.3-service.crosshatch-libperfmgr(776): LAUNCH OFF
11-16 08:57:46.675: I/ActivityManager(1169): Displayed androidx.lifecycle.testapp/.CollectingSupportActivity: +72ms
11-16 08:57:46.685: I/ActivityManager(1169): START u0 {flg=0x20010000 cmp=androidx.lifecycle.testapp/.NavigationDialogActivity} from uid 10171
11-16 08:57:46.686: D/android.hardware.power@1.3-service.crosshatch-libperfmgr(776): LAUNCH ON
11-16 08:57:46.691: W/SurfaceFlinger(641): Attempting to set client state on removed layer: Splash Screen androidx.lifecycle.testapp#0
11-16 08:57:46.691: W/SurfaceFlinger(641): Attempting to destroy on removed layer: Splash Screen androidx.lifecycle.testapp#0
11-16 08:57:46.692: D/LifecycleMonitor(16375): Lifecycle status change: androidx.lifecycle.testapp.CollectingSupportActivity@e068759 in: PAUSED
11-16 08:57:46.696: W/ActivityThread(16375): handleWindowVisibility: no activity for token android.os.BinderProxy@bf9e371
11-16 08:57:46.701: D/LifecycleMonitor(16375): Lifecycle status change: androidx.lifecycle.testapp.NavigationDialogActivity@53e90e2 in: PRE_ON_CREATE
11-16 08:57:46.708: D/LifecycleMonitor(16375): Lifecycle status change: androidx.lifecycle.testapp.NavigationDialogActivity@53e90e2 in: CREATED
11-16 08:57:46.709: D/LifecycleMonitor(16375): Lifecycle status change: androidx.lifecycle.testapp.NavigationDialogActivity@53e90e2 in: STARTED
11-16 08:57:46.710: D/LifecycleMonitor(16375): Lifecycle status change: androidx.lifecycle.testapp.NavigationDialogActivity@53e90e2 in: RESUMED
11-16 08:57:46.727: I/GoogleInputMethod(3664): onFinishInput() : Dummy InputConnection bound
11-16 08:57:46.727: I/GoogleInputMethod(3664): onStartInput() : Dummy InputConnection bound
11-16 08:57:46.736: D/android.hardware.power@1.3-service.crosshatch-libperfmgr(776): LAUNCH OFF
11-16 08:57:46.765: D/LifecycleMonitor(16375): Lifecycle status change: androidx.lifecycle.testapp.CollectingSupportActivity@e068759 in: STOPPED
11-16 08:57:46.768: D/LifecycleMonitor(16375): Lifecycle status change: androidx.lifecycle.testapp.CollectingSupportActivity@e068759 in: DESTROYED
11-16 08:57:46.769: I/BackdropActivity(15455): onResume()
11-16 08:57:46.771: I/ActivityManager(1169): Activity requesting to dismiss Keyguard: ActivityRecord{6062ebc u0 com.google.android.apps.mtaas.backdrop/.BackdropActivity t4}
11-16 08:57:46.774: I/TestRunner(16375): finished: coveredWithDialog_fragment[dismissDialog_false](androidx.lifecycle.PartiallyCoveredActivityTest)
11-16 08:57:46.775: I/MonitoringInstr(16375): Activities that are still in CREATED to STOPPED: 1
11-16 08:57:46.776: I/MonitoringInstr(16375): Finishing activity: androidx.lifecycle.testapp.NavigationDialogActivity@53e90e2
11-16 08:57:46.776: I/akhr(10842): Scheduling adaptive one off task with window [14400, 604800] in seconds [CONTEXT service_id=51 ]
11-16 08:57:46.778: I/MonitoringInstr(16375): Unstopped activity count: 1
11-16 08:57:46.779: D/LifecycleMonitor(16375): Lifecycle status change: androidx.lifecycle.testapp.NavigationDialogActivity@53e90e2 in: PAUSED
11-16 08:57:46.793: I/BackdropActivity(15455): onResume()
11-16 08:57:46.794: I/ActivityManager(1169): Activity requesting to dismiss Keyguard: ActivityRecord{6062ebc u0 com.google.android.apps.mtaas.backdrop/.BackdropActivity t4}
11-16 08:57:46.797: I/GoogleInputMethod(3664): onFinishInput() : Dummy InputConnection bound
11-16 08:57:46.798: I/GoogleInputMethod(3664): onStartInput() : Dummy InputConnection bound
11-16 08:57:46.811: I/WindowManager(1169): Queue is too deep! Purged item with taskid=16
11-16 08:57:46.817: W/SurfaceFlinger(641): Attempting to set client state on removed layer: Dim Layer for - Task=17#0
11-16 08:57:46.817: W/SurfaceFlinger(641): Attempting to destroy on removed layer: Dim Layer for - Task=17#0
11-16 08:57:46.823: W/DynamiteModule(17076): Local module descriptor class for providerinstaller not found.
11-16 08:57:46.827: I/NetworkScheduler.Stats(10842): Task com.google.android.gms/com.google.android.gms.phenotype.service.sync.PhenotypeConfigurator finished executing. cause:5 result: 1 elapsed_millis: 1527 uptime_millis: 1527 exec_start_elapsed_seconds: 414 [CONTEXT service_id=218 ]
11-16 08:57:46.828: I/MonitoringInstr(16375): Unstopped activity count: 1
11-16 08:57:46.829: D/LifecycleMonitor(16375): Lifecycle status change: androidx.lifecycle.testapp.NavigationDialogActivity@53e90e2 in: STOPPED
11-16 08:57:46.830: D/LifecycleMonitor(16375): Lifecycle status change: androidx.lifecycle.testapp.NavigationDialogActivity@53e90e2 in: DESTROYED
11-16 08:57:46.831: I/DynamiteModule(17076): Considering local module providerinstaller:0 and remote module providerinstaller:0
11-16 08:57:46.831: W/ProviderInstaller(17076): Failed to load providerinstaller module: No acceptable module found. Local version is 0 and remote version is 0.
11-16 08:57:46.834: W/ps.walletnfcre(17076): Unknown chunk type '200'.
11-16 08:57:46.840: I/ps.walletnfcre(17076): The ClassLoaderContext is a special shared library.
11-16 08:57:46.841: I/ps.walletnfcre(17076): The ClassLoaderContext is a special shared library.
11-16 08:57:46.841: W/SurfaceFlinger(641): Attempting to destroy on removed layer: AppWindowToken{968c29a token=Token{ab9cb45 ActivityRecord{3a2fbc u0 androidx.lifecycle.testapp/.NavigationDialogActivity t17}}}#0
11-16 08:57:46.843: I/ps.walletnfcre(17076): The ClassLoaderContext is a special shared library.
11-16 08:57:46.849: E/ExecutionCriteria(10842): Package unavailable for task: com.google.android.apps.gcs/com.google.android.flib.phenotype.services.PhenotypeExperimentCommitService{u=0 tag="PhenotypeExpCommitSvc" trigger=window{start=0s,end=30s,earliest=-319s,latest=-289s} requirements=[NET_ANY] attributes=[PERSISTED] scheduled=-319s last_run=N/A exec_window_multiplier=1.0000 jid=N/A status=PENDING retries=0 client_lib=MANCHEGO_GCM-11732000} [CONTEXT service_id=218 ]
11-16 08:57:46.854: V/NativeCrypto(17076): Registering com/google/android/gms/org/conscrypt/NativeCrypto's 294 native methods...
11-16 08:57:46.864: D/NetworkSecurityConfig(17076): No Network Security Config specified, using platform default
11-16 08:57:46.865: I/ProviderInstaller(17076): Installed default security provider GmsCore_OpenSSL
11-16 08:57:46.881: E/NotificationService(1169): Muting recently noisy 0|com.google.android.apps.mtaas.backdrop|1|null|10163
11-16 08:57:46.884: I/TestRunner(16375): started: testRecreation(androidx.lifecycle.ProcessOwnerTest)
11-16 08:57:46.887: W/ActivityTestRule(16375): getActivityIntent() returned null using default: Intent(Intent.ACTION_MAIN)
11-16 08:57:46.889: I/ActivityManager(1169): START u0 {act=android.intent.action.MAIN flg=0x10000000 cmp=androidx.lifecycle.testapp/.NavigationTestActivityFirst} from uid 10171
11-16 08:57:46.893: D/android.hardware.power@1.3-service.crosshatch-libperfmgr(776): LAUNCH ON
11-16 08:57:46.898: E/NotificationService(1169): Muting recently noisy 0|com.google.android.apps.mtaas.backdrop|1|null|10163
11-16 08:57:46.907: W/ActivityThread(16375): handleWindowVisibility: no activity for token android.os.BinderProxy@5884d90
11-16 08:57:46.915: D/LifecycleMonitor(16375): Lifecycle status change: androidx.lifecycle.testapp.NavigationTestActivityFirst@dce7d9a in: PRE_ON_CREATE
11-16 08:57:46.927: D/LifecycleMonitor(16375): Lifecycle status change: androidx.lifecycle.testapp.NavigationTestActivityFirst@dce7d9a in: CREATED
11-16 08:57:46.928: D/LifecycleMonitor(16375): Lifecycle status change: androidx.lifecycle.testapp.NavigationTestActivityFirst@dce7d9a in: STARTED
11-16 08:57:46.931: D/LifecycleMonitor(16375): Lifecycle status change: androidx.lifecycle.testapp.NavigationTestActivityFirst@dce7d9a in: RESUMED
11-16 08:57:46.940: I/WindowManager(1169): Queue is too deep! Purged item with taskid=4
11-16 08:57:46.943: I/BackgroundTaskManager(17076): Executing task PhenotypeRegistrationTask.phenotype_registration with PARALLEL execution policy.
11-16 08:57:46.966: I/GoogleInputMethod(3664): onFinishInput() : Dummy InputConnection bound
11-16 08:57:46.966: I/GoogleInputMethod(3664): onStartInput() : Dummy InputConnection bound
11-16 08:57:46.974: I/ActivityManager(1169): Displayed androidx.lifecycle.testapp/.NavigationTestActivityFirst: +83ms
11-16 08:57:46.981: D/android.hardware.power@1.3-service.crosshatch-libperfmgr(776): LAUNCH OFF
11-16 08:57:46.983: D/LifecycleMonitor(16375): Lifecycle status change: androidx.lifecycle.testapp.NavigationTestActivityFirst@dce7d9a in: PAUSED
11-16 08:57:46.983: W/SurfaceFlinger(641): Attempting to set client state on removed layer: Splash Screen androidx.lifecycle.testapp#0
11-16 08:57:46.983: W/SurfaceFlinger(641): Attempting to destroy on removed layer: Splash Screen androidx.lifecycle.testapp#0
11-16 08:57:46.984: D/LifecycleMonitor(16375): Lifecycle status change: androidx.lifecycle.testapp.NavigationTestActivityFirst@dce7d9a in: STOPPED
11-16 08:57:46.985: D/LifecycleMonitor(16375): Lifecycle status change: androidx.lifecycle.testapp.NavigationTestActivityFirst@dce7d9a in: DESTROYED
11-16 08:57:46.988: D/BoundBrokerSvc(10842): onBind: Intent { act=com.google.android.gms.tapandpay.service.BIND pkg=com.google.android.gms }
11-16 08:57:46.988: D/BoundBrokerSvc(10842): Loading bound service for intent: Intent { act=com.google.android.gms.tapandpay.service.BIND pkg=com.google.android.gms }
11-16 08:57:46.996: D/LifecycleMonitor(16375): Lifecycle status change: androidx.lifecycle.testapp.NavigationTestActivityFirst@88b408f in: PRE_ON_CREATE
11-16 08:57:47.009: D/LifecycleMonitor(16375): Lifecycle status change: androidx.lifecycle.testapp.NavigationTestActivityFirst@88b408f in: CREATED
11-16 08:57:47.011: D/LifecycleMonitor(16375): Lifecycle status change: androidx.lifecycle.testapp.NavigationTestActivityFirst@88b408f in: STARTED
11-16 08:57:47.016: D/LifecycleMonitor(16375): Lifecycle status change: androidx.lifecycle.testapp.NavigationTestActivityFirst@88b408f in: RESUMED
11-16 08:57:47.026: W/PrimesInit(17076): Primes instant initialization
11-16 08:57:47.027: W/Primes(17076): background initialization
11-16 08:57:47.033: I/GoogleInputMethod(3664): onFinishInput() : Dummy InputConnection bound
11-16 08:57:47.033: I/GoogleInputMethod(3664): onStartInput() : Dummy InputConnection bound
11-16 08:57:47.050: I/PrimesTesting(17076): GserviceFlagsSupplier.get()
11-16 08:57:47.054: D/LifecycleMonitor(16375): Lifecycle status change: androidx.lifecycle.testapp.NavigationTestActivityFirst@88b408f in: PAUSED
11-16 08:57:47.060: I/TestRunner(16375): finished: testRecreation(androidx.lifecycle.ProcessOwnerTest)
11-16 08:57:47.062: I/MonitoringInstr(16375): Activities that are still in CREATED to STOPPED: 1
11-16 08:57:47.062: I/BackdropActivity(15455): onResume()
11-16 08:57:47.062: I/MonitoringInstr(16375): Unstopped activity count: 1
11-16 08:57:47.063: I/ActivityManager(1169): Activity requesting to dismiss Keyguard: ActivityRecord{6062ebc u0 com.google.android.apps.mtaas.backdrop/.BackdropActivity t4}
11-16 08:57:47.082: I/GoogleInputMethod(3664): onFinishInput() : Dummy InputConnection bound
11-16 08:57:47.083: I/GoogleInputMethod(3664): onStartInput() : Dummy InputConnection bound
11-16 08:57:47.089: I/TapAndPayApplication(17076): Successfully initialized Firebase App
11-16 08:57:47.094: I/BackgroundTaskManager(17076): Executing task AccountFreshener.freshen with SEQUENTIAL execution policy.
11-16 08:57:47.098: D/BoundBrokerSvc(14414): onUnbind: Intent { act=com.google.android.gms.findmydevice.spot.service.locationreport.START cmp=com.google.android.gms/.chimera.GmsApiService }
11-16 08:57:47.107: I/WindowManager(1169): Queue is too deep! Purged item with taskid=17
11-16 08:57:47.112: I/Notifications(17076): [ChimeBroadcastReceiver] Intent received for action [android.intent.action.LOCALE_CHANGED] package [com.google.android.apps.walletnfcrel].
11-16 08:57:47.113: I/MonitoringInstr(16375): Unstopped activity count: 1
11-16 08:57:47.118: W/GCM(17076): GCM SDK is deprecated, com.google.android.apps.walletnfcrel should update to use FCM
11-16 08:57:47.128: D/LifecycleMonitor(16375): Lifecycle status change: androidx.lifecycle.testapp.NavigationTestActivityFirst@88b408f in: STOPPED
11-16 08:57:47.135: D/LifecycleMonitor(16375): Lifecycle status change: androidx.lifecycle.testapp.NavigationTestActivityFirst@88b408f in: DESTROYED
11-16 08:57:47.140: I/Notifications(17076): [ChimeBroadcastReceiver] Validation OK for action [android.intent.action.LOCALE_CHANGED].
11-16 08:57:47.142: I/Notifications(17076): [ChimeBroadcastReceiver] Executing action in BroadcastReceiver [android.intent.action.LOCALE_CHANGED].
11-16 08:57:47.164: I/TestRunner(16375): started: testPressHomeButton(androidx.lifecycle.ProcessOwnerTest)
11-16 08:57:47.167: W/ActivityTestRule(16375): getActivityIntent() returned null using default: Intent(Intent.ACTION_MAIN)
11-16 08:57:47.171: I/ActivityManager(1169): Killing 15946:com.google.android.apps.wellbeing/u0a26 (adj 906): empty #17
11-16 08:57:47.172: E/NotificationService(1169): Muting recently noisy 0|com.google.android.apps.mtaas.backdrop|1|null|10163
11-16 08:57:47.173: W/libprocessgroup(1169): kill(-15946, 9) failed: No such process
11-16 08:57:47.173: I/ActivityManager(1169): START u0 {act=android.intent.action.MAIN flg=0x10000000 cmp=androidx.lifecycle.testapp/.NavigationTestActivityFirst} from uid 10171
11-16 08:57:47.179: D/android.hardware.power@1.3-service.crosshatch-libperfmgr(776): LAUNCH ON
11-16 08:57:47.186: W/ActivityThread(16375): handleWindowVisibility: no activity for token android.os.BinderProxy@58e702
11-16 08:57:47.190: I/ActivityManager(1169): Start proc 17206:com.google.android.keep/u0a150 for broadcast com.google.android.keep/.notification.ReminderNotificationReceiver
11-16 08:57:47.191: D/LifecycleMonitor(16375): Lifecycle status change: androidx.lifecycle.testapp.NavigationTestActivityFirst@214326f in: PRE_ON_CREATE
11-16 08:57:47.194: I/Zygote(732): Process 15946 exited due to signal (9)
11-16 08:57:47.197: E/le.android.kee(17206): Not starting debugger since process cannot load the jdwp agent.
11-16 08:57:47.204: D/LifecycleMonitor(16375): Lifecycle status change: androidx.lifecycle.testapp.NavigationTestActivityFirst@214326f in: CREATED
11-16 08:57:47.205: W/libprocessgroup(1169): kill(-15946, 9) failed: No such process
11-16 08:57:47.205: I/libprocessgroup(1169): Successfully killed process cgroup uid 10026 pid 15946 in 32ms
11-16 08:57:47.207: D/LifecycleMonitor(16375): Lifecycle status change: androidx.lifecycle.testapp.NavigationTestActivityFirst@214326f in: STARTED
11-16 08:57:47.210: D/LifecycleMonitor(16375): Lifecycle status change: androidx.lifecycle.testapp.NavigationTestActivityFirst@214326f in: RESUMED
11-16 08:57:47.215: I/le.android.kee(17206): The ClassLoaderContext is a special shared library.
11-16 08:57:47.220: I/WindowManager(1169): Queue is too deep! Purged item with taskid=4
11-16 08:57:47.266: I/GoogleInputMethod(3664): onFinishInput() : Dummy InputConnection bound
11-16 08:57:47.266: I/ActivityManager(1169): Displayed androidx.lifecycle.testapp/.NavigationTestActivityFirst: +94ms
11-16 08:57:47.267: I/GoogleInputMethod(3664): onStartInput() : Dummy InputConnection bound
11-16 08:57:47.267: D/android.hardware.power@1.3-service.crosshatch-libperfmgr(776): LAUNCH OFF
11-16 08:57:47.269: I/ActivityManager(1169): START u0 {cmp=androidx.lifecycle.testapp/.NavigationDialogActivity} from uid 10171
11-16 08:57:47.270: D/android.hardware.power@1.3-service.crosshatch-libperfmgr(776): LAUNCH ON
11-16 08:57:47.273: D/LifecycleMonitor(16375): Lifecycle status change: androidx.lifecycle.testapp.NavigationTestActivityFirst@214326f in: PAUSED
11-16 08:57:47.280: W/SurfaceFlinger(641): Attempting to set client state on removed layer: Splash Screen androidx.lifecycle.testapp#0
11-16 08:57:47.280: W/SurfaceFlinger(641): Attempting to destroy on removed layer: Splash Screen androidx.lifecycle.testapp#0
11-16 08:57:47.280: W/ActivityThread(16375): handleWindowVisibility: no activity for token android.os.BinderProxy@19f287b
11-16 08:57:47.281: I/MediaStoreImporter(16407): Update: incremental Added music: 0 Updated music: 0 Deleted music: 0 Created playlists: 0 Updated playlists: 0 Deleted playlists: 0 Inserted playlist items: 0 Deleted playlist items: 0 Removed orphaned playlist items: 0
11-16 08:57:47.283: D/MusicLifecycle(16407): com.google.android.music.download.EncapsulatedBroadcastReceiver$1 generated event: Broadcast received with context com.google.android.music.ui.PhoneMusicApplication@3554073 and intent Intent { act=com.google.android.music.IMPORT_COMPLETE flg=0x10 }
11-16 08:57:47.285: D/LifecycleMonitor(16375): Lifecycle status change: androidx.lifecycle.testapp.NavigationDialogActivity@254d444 in: PRE_ON_CREATE
11-16 08:57:47.292: D/LifecycleMonitor(16375): Lifecycle status change: androidx.lifecycle.testapp.NavigationDialogActivity@254d444 in: CREATED
11-16 08:57:47.294: D/LifecycleMonitor(16375): Lifecycle status change: androidx.lifecycle.testapp.NavigationDialogActivity@254d444 in: STARTED
11-16 08:57:47.295: D/LifecycleMonitor(16375): Lifecycle status change: androidx.lifecycle.testapp.NavigationDialogActivity@254d444 in: RESUMED
11-16 08:57:47.315: I/GoogleInputMethod(3664): onFinishInput() : Dummy InputConnection bound
11-16 08:57:47.316: I/GoogleInputMethod(3664): onStartInput() : Dummy InputConnection bound
11-16 08:57:47.324: I/FA(17076): App measurement is starting up, version: 18079
11-16 08:57:47.324: I/FA(17076): To enable debug logging run: adb shell setprop log.tag.FA VERBOSE
11-16 08:57:47.324: I/FA(17076): To enable faster debug mode event logging run:
11-16 08:57:47.324: I/FA(17076):   adb shell setprop debug.firebase.analytics.app com.google.android.apps.walletnfcrel
11-16 08:57:47.329: I/ActivityManager(1169): moveTaskToBack: TaskRecord{8597b07 #19 A=androidx.lifecycle.testapp U=0 StackId=17 sz=2}
11-16 08:57:47.329: I/fecycle.testap(16375): Compiler allocated 4MB to compile void android.widget.TextView.<init>(android.content.Context, android.util.AttributeSet, int, int)
11-16 08:57:47.334: I/android.youtub(16512): WaitForGcToComplete blocked CollectorTransition on ProfileSaver for 9.966ms
11-16 08:57:47.341: D/LifecycleMonitor(16375): Lifecycle status change: androidx.lifecycle.testapp.NavigationDialogActivity@254d444 in: PAUSED
11-16 08:57:47.358: I/BackdropActivity(15455): onResume()
11-16 08:57:47.358: I/ActivityManager(1169): Activity requesting to dismiss Keyguard: ActivityRecord{6062ebc u0 com.google.android.apps.mtaas.backdrop/.BackdropActivity t4}
11-16 08:57:47.377: I/GoogleInputMethod(3664): onFinishInput() : Dummy InputConnection bound
11-16 08:57:47.377: I/GoogleInputMethod(3664): onStartInput() : Dummy InputConnection bound
11-16 08:57:47.393: D/android.hardware.power@1.3-service.crosshatch-libperfmgr(776): LAUNCH OFF
11-16 08:57:47.401: I/WindowManager(1169): Queue is too deep! Purged item with taskid=18
11-16 08:57:47.414: W/SurfaceFlinger(641): Attempting to set client state on removed layer: Dim Layer for - Task=19#0
11-16 08:57:47.414: W/SurfaceFlinger(641): Attempting to destroy on removed layer: Dim Layer for - Task=19#0
11-16 08:57:47.427: D/LifecycleMonitor(16375): Lifecycle status change: androidx.lifecycle.testapp.NavigationTestActivityFirst@214326f in: STOPPED
11-16 08:57:47.429: D/LifecycleMonitor(16375): Lifecycle status change: androidx.lifecycle.testapp.NavigationDialogActivity@254d444 in: STOPPED
11-16 08:57:47.484: W/BroadcastQueue(1169): Background execution not allowed: receiving Intent { act=com.google.android.music.START_DOWNLOAD_SCHEDULING flg=0x10 } to com.google.android.music/.autocache.AutoCacheSchedulingService$EnablingReceiver
11-16 08:57:47.497: E/ExecutionCriteria(10842): Package unavailable for task: com.google.android.apps.gcs/com.google.android.flib.phenotype.services.PhenotypeExperimentCommitService{u=0 tag="PhenotypeExpCommitSvc" trigger=window{start=0s,end=30s,earliest=-319s,latest=-289s} requirements=[NET_ANY] attributes=[PERSISTED] scheduled=-319s last_run=N/A exec_window_multiplier=1.0000 jid=N/A status=PENDING retries=0 client_lib=MANCHEGO_GCM-11732000} [CONTEXT service_id=218 ]
11-16 08:57:47.505: W/ComponentDiscovery(17206): Application info not found.
11-16 08:57:47.505: W/ComponentDiscovery(17206): Could not retrieve metadata, returning empty list of registrars.
11-16 08:57:47.530: W/TapAndPay(10842): No gcm id available, rescheduling [CONTEXT service_id=79 ]
11-16 08:57:47.535: I/NetworkScheduler.Stats(10842): Task com.google.android.gms/com.google.android.gms.tapandpay.gcmtask.TapAndPayGcmTaskService started execution. cause:7 exec_start_elapsed_seconds: 416 [CONTEXT service_id=218 ]
11-16 08:57:47.537: I/NetworkScheduler.Stats(10842): Task com.google.android.gms/com.google.android.gms.tapandpay.gcmtask.TapAndPayGcmTaskService finished executing. cause:7 result: 3 elapsed_millis: 28 uptime_millis: 28 exec_start_elapsed_seconds: 416 [CONTEXT service_id=218 ]
11-16 08:57:47.548: W/Primes(17206): Primes not initialized, returning default (no-op) Primes instance which will ignore all calls. Please call Primes.initialize(...) before using any Primes API.
11-16 08:57:47.550: E/ExecutionCriteria(10842): Package unavailable for task: com.google.android.apps.gcs/com.google.android.flib.phenotype.services.PhenotypeExperimentCommitService{u=0 tag="PhenotypeExpCommitSvc" trigger=window{start=0s,end=30s,earliest=-319s,latest=-289s} requirements=[NET_ANY] attributes=[PERSISTED] scheduled=-319s last_run=N/A exec_window_multiplier=1.0000 jid=N/A status=PENDING retries=0 client_lib=MANCHEGO_GCM-11732000} [CONTEXT service_id=218 ]
11-16 08:57:47.558: W/PrimesInit(17206): Primes instant initialization
11-16 08:57:47.558: W/Primes(17206): background initialization
11-16 08:57:47.569: I/Adreno(1169): QUALCOMM build                   : 3f88ca2, I42f6fe38fb
11-16 08:57:47.569: I/Adreno(1169): Build Date                       : 07/13/18
11-16 08:57:47.569: I/Adreno(1169): OpenGL ES Shader Compiler Version: EV031.24.00.00
11-16 08:57:47.569: I/Adreno(1169): Local Branch                     : 50.04
11-16 08:57:47.569: I/Adreno(1169): Remote Branch                    : 
11-16 08:57:47.569: I/Adreno(1169): Remote Branch                    : 
11-16 08:57:47.569: I/Adreno(1169): Reconstruct Branch               : 
11-16 08:57:47.569: I/Adreno(1169): Build Config                     : S P 4.0.10 AArch64
11-16 08:57:47.571: E/libc(1169): Access denied finding property "vendor.debug.prerotation.disable"
11-16 08:57:47.572: E/libc(1169): Access denied finding property "vendor.debug.prerotation.disable"
11-16 08:57:47.572: I/Adreno(1169): PFP: 0x016ee170, ME: 0x00000000
11-16 08:57:47.572: E/libc(1169): Access denied finding property "vendor.debug.prerotation.disable"
11-16 08:57:47.573: I/ConfigStore(1169): android::hardware::configstore::V1_0::ISurfaceFlingerConfigs::hasWideColorDisplay retrieved: 1
11-16 08:57:47.573: I/ConfigStore(1169): android::hardware::configstore::V1_0::ISurfaceFlingerConfigs::hasHDRDisplay retrieved: 1
11-16 08:57:47.574: I/OpenGLRenderer(1169): Initialized EGL, version 1.4
11-16 08:57:47.574: D/OpenGLRenderer(1169): Swap behavior 2
11-16 08:57:47.578: I/system_server(1169): IncrementDisableThreadFlip blocked for 8.340ms
11-16 08:57:47.634: I/PrimesTesting(17206): GserviceFlagsSupplier.get()
11-16 08:57:47.643: E/ExecutionCriteria(10842): Package unavailable for task: com.google.android.apps.gcs/com.google.android.flib.phenotype.services.PhenotypeExperimentCommitService{u=0 tag="PhenotypeExpCommitSvc" trigger=window{start=0s,end=30s,earliest=-319s,latest=-289s} requirements=[NET_ANY] attributes=[PERSISTED] scheduled=-319s last_run=N/A exec_window_multiplier=1.0000 jid=N/A status=PENDING retries=0 client_lib=MANCHEGO_GCM-11732000} [CONTEXT service_id=218 ]
11-16 08:57:47.677: W/KeepGATracker(17206): Disabling GA because no account was specified
11-16 08:57:47.694: I/system_server(1169): NativeAlloc concurrent copying GC freed 71820(3MB) AllocSpace objects, 31(1324KB) LOS objects, 42% free, 17MB/30MB, paused 7.917ms total 122.704ms
11-16 08:57:47.706: I/akhr(10842): Scheduling Phenotype for a PhenotypeSyncImmediately(16, com.google.android.keep) one off with window [1, 2] in seconds [CONTEXT service_id=51 ]
11-16 08:57:47.714: W/BroadcastQueue(1169): Background execution not allowed: receiving Intent { act=com.google.android.systemui.OPA_ENABLED flg=0x10000010 (has extras) } to com.google.android.apps.nexuslauncher/.qsb.OPAStatusReceiver
11-16 08:57:47.751: I/PeopleChimeraService(14414): onService. callbacks = xmw@2b07df5, request = com.google.android.gms.common.internal.GetServiceRequest@c04778a
11-16 08:57:47.719: I/chatty(1169): uid=1000(system) Binder:1169_D identical 1 line
11-16 08:57:47.720: W/BroadcastQueue(1169): Background execution not allowed: receiving Intent { act=com.google.android.systemui.OPA_ENABLED flg=0x10000010 (has extras) } to com.google.android.apps.nexuslauncher/.qsb.OPAStatusReceiver
11-16 08:57:47.765: I/ActivityManager(1169): Killing 15988:com.google.android.as:nonpersistent/u0a43 (adj 906): empty #17
11-16 08:57:47.766: W/libprocessgroup(1169): kill(-15988, 9) failed: No such process
11-16 08:57:47.778: D/ConnectivityService(1169): ConnectivityService NetworkRequestInfo binderDied(NetworkRequest [ LISTEN id=55, [ Capabilities: INTERNET&NOT_RESTRICTED&TRUSTED Unwanted:  Uid: 10043] ], android.os.BinderProxy@6ae5ea)
11-16 08:57:47.778: I/Zygote(733): Process 15988 exited due to signal (9)
11-16 08:57:47.812: W/libprocessgroup(1169): kill(-15988, 9) failed: No such process
11-16 08:57:47.812: I/libprocessgroup(1169): Successfully killed process cgroup uid 10043 pid 15988 in 46ms
11-16 08:57:47.968: I/elligence.sens(16678): Waiting for a blocking GC ProfileSaver
11-16 08:57:48.042: W/UiThreadStatement(16375): Already on the UI thread, this method should not be called from the main application thread
11-16 08:57:48.045: I/ActivityManager(1169): START u0 {flg=0x10000000 cmp=androidx.lifecycle.testapp/.NavigationDialogActivity} from uid 10171
11-16 08:57:48.047: D/android.hardware.power@1.3-service.crosshatch-libperfmgr(776): LAUNCH ON
11-16 08:57:48.065: D/LifecycleMonitor(16375): Lifecycle status change: androidx.lifecycle.testapp.NavigationTestActivityFirst@214326f in: RESTARTED
11-16 08:57:48.065: D/LifecycleMonitor(16375): Lifecycle status change: androidx.lifecycle.testapp.NavigationTestActivityFirst@214326f in: STARTED
11-16 08:57:48.066: D/LifecycleMonitor(16375): Lifecycle status change: androidx.lifecycle.testapp.NavigationDialogActivity@254d444 in: RESTARTED
11-16 08:57:48.067: D/LifecycleMonitor(16375): Lifecycle status change: androidx.lifecycle.testapp.NavigationDialogActivity@254d444 in: STARTED
11-16 08:57:48.068: D/LifecycleMonitor(16375): Lifecycle status change: androidx.lifecycle.testapp.NavigationDialogActivity@254d444 in: RESUMED
11-16 08:57:48.113: I/GoogleInputMethod(3664): onFinishInput() : Dummy InputConnection bound
11-16 08:57:48.113: I/GoogleInputMethod(3664): onStartInput() : Dummy InputConnection bound
11-16 08:57:48.117: D/LifecycleMonitor(16375): Lifecycle status change: androidx.lifecycle.testapp.NavigationDialogActivity@254d444 in: PAUSED
11-16 08:57:48.124: D/SurfaceFlinger(641): duplicate layer name: changing Surface(name=Dim Layer for - Task=19)/@0xf07b689 - animation-leash to Surface(name=Dim Layer for - Task=19)/@0xf07b689 - animation-leash#1
11-16 08:57:48.127: I/GoogleInputMethod(3664): onFinishInput() : Dummy InputConnection bound
11-16 08:57:48.128: D/LifecycleMonitor(16375): Lifecycle status change: androidx.lifecycle.testapp.NavigationTestActivityFirst@214326f in: RESUMED
11-16 08:57:48.131: I/GoogleInputMethod(3664): onStartInput() : Dummy InputConnection bound
11-16 08:57:48.132: W/SurfaceFlinger(641): Attempting to set client state on removed layer: Dim Layer for - Task=19#0
11-16 08:57:48.132: W/SurfaceFlinger(641): Attempting to destroy on removed layer: Dim Layer for - Task=19#0
11-16 08:57:48.148: D/LifecycleMonitor(16375): Lifecycle status change: androidx.lifecycle.testapp.NavigationTestActivityFirst@214326f in: PAUSED
11-16 08:57:48.156: I/ActivityManager(1169): Activity reported stop, but no longer stopping: ActivityRecord{6062ebc u0 com.google.android.apps.mtaas.backdrop/.BackdropActivity t4}
11-16 08:57:48.156: I/TestRunner(16375): finished: testPressHomeButton(androidx.lifecycle.ProcessOwnerTest)
11-16 08:57:48.157: D/LifecycleMonitor(16375): Lifecycle status change: androidx.lifecycle.testapp.NavigationDialogActivity@254d444 in: STOPPED
11-16 08:57:48.158: I/BackdropActivity(15455): onResume()
11-16 08:57:48.159: I/ActivityManager(1169): Activity requesting to dismiss Keyguard: ActivityRecord{6062ebc u0 com.google.android.apps.mtaas.backdrop/.BackdropActivity t4}
11-16 08:57:48.159: D/LifecycleMonitor(16375): Lifecycle status change: androidx.lifecycle.testapp.NavigationDialogActivity@254d444 in: DESTROYED
11-16 08:57:48.168: I/MonitoringInstr(16375): Activities that are still in CREATED to STOPPED: 1
11-16 08:57:48.168: I/MonitoringInstr(16375): Unstopped activity count: 1
11-16 08:57:48.181: I/GoogleInputMethod(3664): onFinishInput() : Dummy InputConnection bound
11-16 08:57:48.181: I/GoogleInputMethod(3664): onStartInput() : Dummy InputConnection bound
11-16 08:57:48.195: D/android.hardware.power@1.3-service.crosshatch-libperfmgr(776): LAUNCH OFF
11-16 08:57:48.197: D/LifecycleMonitor(16375): Lifecycle status change: androidx.lifecycle.testapp.NavigationTestActivityFirst@214326f in: STOPPED
11-16 08:57:48.199: D/LifecycleMonitor(16375): Lifecycle status change: androidx.lifecycle.testapp.NavigationTestActivityFirst@214326f in: DESTROYED
11-16 08:57:48.219: I/TestRunner(16375): started: testNavigationToNonSupport(androidx.lifecycle.ProcessOwnerTest)
11-16 08:57:48.221: W/ActivityTestRule(16375): getActivityIntent() returned null using default: Intent(Intent.ACTION_MAIN)
11-16 08:57:48.225: I/ActivityManager(1169): START u0 {act=android.intent.action.MAIN flg=0x10000000 cmp=androidx.lifecycle.testapp/.NavigationTestActivityFirst} from uid 10171
11-16 08:57:48.231: D/android.hardware.power@1.3-service.crosshatch-libperfmgr(776): LAUNCH ON
11-16 08:57:48.238: W/ActivityThread(16375): handleWindowVisibility: no activity for token android.os.BinderProxy@46f483b
11-16 08:57:48.248: D/LifecycleMonitor(16375): Lifecycle status change: androidx.lifecycle.testapp.NavigationTestActivityFirst@e9a6504 in: PRE_ON_CREATE
11-16 08:57:48.253: D/WificondControl(1169): Scan result ready event
11-16 08:57:48.257: D/LifecycleMonitor(16375): Lifecycle status change: androidx.lifecycle.testapp.NavigationTestActivityFirst@e9a6504 in: CREATED
11-16 08:57:48.259: D/LifecycleMonitor(16375): Lifecycle status change: androidx.lifecycle.testapp.NavigationTestActivityFirst@e9a6504 in: STARTED
11-16 08:57:48.261: D/LifecycleMonitor(16375): Lifecycle status change: androidx.lifecycle.testapp.NavigationTestActivityFirst@e9a6504 in: RESUMED
11-16 08:57:48.270: E/NotificationService(1169): Muting recently noisy 0|com.google.android.apps.mtaas.backdrop|1|null|10163
11-16 08:57:48.300: I/GoogleInputMethod(3664): onFinishInput() : Dummy InputConnection bound
11-16 08:57:48.300: I/GoogleInputMethod(3664): onStartInput() : Dummy InputConnection bound
11-16 08:57:48.316: I/ActivityManager(1169): Displayed androidx.lifecycle.testapp/.NavigationTestActivityFirst: +90ms
11-16 08:57:48.328: D/android.hardware.power@1.3-service.crosshatch-libperfmgr(776): LAUNCH OFF
11-16 08:57:48.330: W/SurfaceFlinger(641): Attempting to set client state on removed layer: Splash Screen androidx.lifecycle.testapp#0
11-16 08:57:48.331: W/SurfaceFlinger(641): Attempting to destroy on removed layer: Splash Screen androidx.lifecycle.testapp#0
11-16 08:57:48.334: D/LifecycleMonitor(16375): Lifecycle status change: androidx.lifecycle.testapp.NavigationTestActivityFirst@e9a6504 in: PAUSED
11-16 08:57:48.356: I/ActivityManager(1169): START u0 {cmp=androidx.lifecycle.testapp/.NonSupportActivity} from uid 10171
11-16 08:57:48.358: W/ActivityManager(1169): startActivity called from finishing ActivityRecord{46cf6ab u0 androidx.lifecycle.testapp/.NavigationTestActivityFirst t20 f}; forcing Intent.FLAG_ACTIVITY_NEW_TASK for: Intent { cmp=androidx.lifecycle.testapp/.NonSupportActivity }
11-16 08:57:48.363: D/android.hardware.power@1.3-service.crosshatch-libperfmgr(776): LAUNCH ON
11-16 08:57:48.371: I/ActivityManager(1169): Activity reported stop, but no longer stopping: ActivityRecord{6062ebc u0 com.google.android.apps.mtaas.backdrop/.BackdropActivity t4}
11-16 08:57:48.374: I/BackdropActivity(15455): onResume()
11-16 08:57:48.375: I/ActivityManager(1169): Activity requesting to dismiss Keyguard: ActivityRecord{6062ebc u0 com.google.android.apps.mtaas.backdrop/.BackdropActivity t4}
11-16 08:57:48.382: W/ActivityThread(16375): handleWindowVisibility: no activity for token android.os.BinderProxy@bb472a0
11-16 08:57:48.387: D/LifecycleMonitor(16375): Lifecycle status change: androidx.lifecycle.testapp.NonSupportActivity@9e6b2ff in: PRE_ON_CREATE
11-16 08:57:48.398: D/LifecycleMonitor(16375): Lifecycle status change: androidx.lifecycle.testapp.NonSupportActivity@9e6b2ff in: CREATED
11-16 08:57:48.400: D/LifecycleMonitor(16375): Lifecycle status change: androidx.lifecycle.testapp.NonSupportActivity@9e6b2ff in: STARTED
11-16 08:57:48.402: I/WindowManager(1169): Queue is too deep! Purged item with taskid=4
11-16 08:57:48.402: D/LifecycleMonitor(16375): Lifecycle status change: androidx.lifecycle.testapp.NonSupportActivity@9e6b2ff in: RESUMED
11-16 08:57:48.427: I/GoogleInputMethod(3664): onFinishInput() : Dummy InputConnection bound
11-16 08:57:48.427: I/GoogleInputMethod(3664): onStartInput() : Dummy InputConnection bound
11-16 08:57:48.446: W/ActivityManager(1169): Finishing task with all activities already finished
11-16 08:57:48.446: W/ActivityManager(1169): Duplicate finish request for ActivityRecord{46cf6ab u0 androidx.lifecycle.testapp/.NavigationTestActivityFirst t20 f}
11-16 08:57:48.459: I/TestRunner(16375): finished: testNavigationToNonSupport(androidx.lifecycle.ProcessOwnerTest)
11-16 08:57:48.459: D/android.hardware.power@1.3-service.crosshatch-libperfmgr(776): LAUNCH OFF
11-16 08:57:48.462: D/LifecycleMonitor(16375): Lifecycle status change: androidx.lifecycle.testapp.NavigationTestActivityFirst@e9a6504 in: STOPPED
11-16 08:57:48.463: W/SurfaceFlinger(641): Attempting to set client state on removed layer: Splash Screen androidx.lifecycle.testapp#0
11-16 08:57:48.463: W/SurfaceFlinger(641): Attempting to destroy on removed layer: Splash Screen androidx.lifecycle.testapp#0
11-16 08:57:48.463: D/LifecycleMonitor(16375): Lifecycle status change: androidx.lifecycle.testapp.NavigationTestActivityFirst@e9a6504 in: DESTROYED
11-16 08:57:48.467: I/MonitoringInstr(16375): Activities that are still in CREATED to STOPPED: 1
11-16 08:57:48.467: I/MonitoringInstr(16375): Finishing activity: androidx.lifecycle.testapp.NonSupportActivity@9e6b2ff
11-16 08:57:48.469: W/SurfaceFlinger(641): Attempting to destroy on removed layer: AppWindowToken{f2620a1 token=Token{8cf5108 ActivityRecord{46cf6ab u0 androidx.lifecycle.testapp/.NavigationTestActivityFirst t20}}}#0
11-16 08:57:48.472: I/MonitoringInstr(16375): Unstopped activity count: 1
11-16 08:57:48.472: D/LifecycleMonitor(16375): Lifecycle status change: androidx.lifecycle.testapp.NonSupportActivity@9e6b2ff in: PAUSED
11-16 08:57:48.480: I/ActivityManager(1169): Activity reported stop, but no longer stopping: ActivityRecord{6062ebc u0 com.google.android.apps.mtaas.backdrop/.BackdropActivity t4}
11-16 08:57:48.481: I/BackdropActivity(15455): onResume()
11-16 08:57:48.482: I/ActivityManager(1169): Activity requesting to dismiss Keyguard: ActivityRecord{6062ebc u0 com.google.android.apps.mtaas.backdrop/.BackdropActivity t4}
11-16 08:57:48.491: D/WindowManager(1169): relayoutVisibleWindow: Window{73e577f u0 com.google.android.apps.mtaas.backdrop/com.google.android.apps.mtaas.backdrop.BackdropActivity EXITING} mAnimatingExit=true, mRemoveOnExit=false, mDestroying=false
11-16 08:57:48.496: I/GoogleInputMethod(3664): onFinishInput() : Dummy InputConnection bound
11-16 08:57:48.497: I/GoogleInputMethod(3664): onStartInput() : Dummy InputConnection bound
11-16 08:57:48.518: I/WindowManager(1169): Queue is too deep! Purged item with taskid=20
11-16 08:57:48.522: I/MonitoringInstr(16375): Unstopped activity count: 1
11-16 08:57:48.546: D/LifecycleMonitor(16375): Lifecycle status change: androidx.lifecycle.testapp.NonSupportActivity@9e6b2ff in: STOPPED
11-16 08:57:48.548: D/LifecycleMonitor(16375): Lifecycle status change: androidx.lifecycle.testapp.NonSupportActivity@9e6b2ff in: DESTROYED
11-16 08:57:48.554: W/SurfaceFlinger(641): Attempting to destroy on removed layer: AppWindowToken{e1810e5 token=Token{ef587dc ActivityRecord{9a810b0 u0 androidx.lifecycle.testapp/.NonSupportActivity t21}}}#0
11-16 08:57:48.574: I/TestRunner(16375): started: testNavigation(androidx.lifecycle.ProcessOwnerTest)
11-16 08:57:48.577: W/ActivityTestRule(16375): getActivityIntent() returned null using default: Intent(Intent.ACTION_MAIN)
11-16 08:57:48.580: I/ActivityManager(1169): START u0 {act=android.intent.action.MAIN flg=0x10000000 cmp=androidx.lifecycle.testapp/.NavigationTestActivityFirst} from uid 10171
11-16 08:57:48.583: D/fpc_hidl(17326): fpc fingerprint hwbinder service starting
11-16 08:57:48.583: D/QSEECOMAPI(17326): QSEECom_get_handle sb_length = 0x80
11-16 08:57:48.584: D/QSEECOMAPI(17326): App is not loaded in QSEE
11-16 08:57:48.585: D/QSEECOMAPI(17326): app_arch = 2, total_files = 9
11-16 08:57:48.586: D/android.hardware.power@1.3-service.crosshatch-libperfmgr(776): LAUNCH ON
11-16 08:57:48.590: E/NotificationService(1169): Muting recently noisy 0|com.google.android.apps.mtaas.backdrop|1|null|10163
11-16 08:57:48.595: W/ActivityThread(16375): handleWindowVisibility: no activity for token android.os.BinderProxy@e01efc9
11-16 08:57:48.602: D/LifecycleMonitor(16375): Lifecycle status change: androidx.lifecycle.testapp.NavigationTestActivityFirst@ffa41da in: PRE_ON_CREATE
11-16 08:57:48.618: D/LifecycleMonitor(16375): Lifecycle status change: androidx.lifecycle.testapp.NavigationTestActivityFirst@ffa41da in: CREATED
11-16 08:57:48.620: D/LifecycleMonitor(16375): Lifecycle status change: androidx.lifecycle.testapp.NavigationTestActivityFirst@ffa41da in: STARTED
11-16 08:57:48.622: D/LifecycleMonitor(16375): Lifecycle status change: androidx.lifecycle.testapp.NavigationTestActivityFirst@ffa41da in: RESUMED
11-16 08:57:48.633: I/WindowManager(1169): Queue is too deep! Purged item with taskid=4
11-16 08:57:48.650: D/QSEECOMAPI(17326): Loaded image: APP id = 86
11-16 08:57:48.655: E/fpc_tac(17326): fpcbuildinfo : 575ddab5b91efea67ee1d200fc813ff2fpc_bio=bd35c3fec78219829149bea6c9ec961e6f655b90C:prodtestlib=4304cf5c884c198624b749af3482befacbd3028eC:fpc_c_core=dc194509594e837dedfb5452aaf06fcb61977135C:fpc_lib=cd5b7b876c3d69afa68a11ac6fd86f873e70817bC:cac=297e11552c60a3607ed664cf44c3e4b36ab2e737C:fpc_bio_interface=94a457caecae31eca8ef04b64c3f82a018e9bbc0C:fpc_sensor=ba909a5500944acafe47a0ef3a49f89509aadfb6C:tools_core=94ddf1e684cfa6c99f0f237f7cc35f3962e0e597C:sensor_settings=4fcf864fb493ae0272a9b2806446b379d99fd8ceC:fingerprint_ta=066bc0ab880960a4a69b74a328c7d7871c72225bC:fingerprint_pal=0deb9a478a3572872639f9cb2559ccc464ee3f9bC:manifests=dcb3d8ab0bdb7a5b341839d8c75bb88fc7f5e1a4C:Manifesttag=SW23.3.0-PDR1.0.5:jenkins@84ffd74dac44:Thu,17May201810:17:08+0200:FPC_SENSOR_TYPE=FPC_SENSOR_TYPE_FPC1270:FPC_CC_TYPE=FPC_COMPANION_CHIP_FPC2050:FPC_C_TYPE=FPC_COATING_NORMAL
11-16 08:57:48.655: E/fpc_tac(17326): fpcbuildtype : build=RELEASE sensor=9
11-16 08:57:48.659: I/GoogleInputMethod(3664): onFinishInput() : Dummy InputConnection bound
11-16 08:57:48.659: I/GoogleInputMethod(3664): onStartInput() : Dummy InputConnection bound
11-16 08:57:48.665: W/EventHub(1169): Unable to disable kernel key repeat for /dev/input/event3: Function not implemented
