11-16 08:57:32.939: W/SessionLifecycleManager(10002): Handover failed. Creating new session controller.
11-16 08:57:32.971: W/StatusBar/NavBarView(3675): *** Invalid layout in navigation bar (sizeChanged this=1080x132 cur=1036x132)
11-16 08:57:32.991: I/ImageWallpaper(3675): Redrawing in rect: RectF(0.0, 0.0, 1214.0515, 2160.0) with surface size: 1080x2160
11-16 08:57:32.994: W/LocationOracle(10002): No location history returned by ContextManager
11-16 08:57:33.007: I/WindowManager(1169): Screen frozen for +423ms due to Window{c0b7ce5 u0 com.android.systemui.ImageWallpaper}
11-16 08:57:33.010: D/SurfaceFlinger(641): duplicate layer name: changing BlackSurface to BlackSurface#1
11-16 08:57:33.011: D/SurfaceFlinger(641): duplicate layer name: changing BlackSurface to BlackSurface#2
11-16 08:57:33.012: D/SurfaceFlinger(641): duplicate layer name: changing BlackSurface to BlackSurface#3
11-16 08:57:33.058: W/ctxmgr(10842): [AclManager] null policy map (0) 67, clientInfo=(accnt=account#-517948760#, com.google.android.googlequicksearchbox(10047):com.google.android.googlequicksearchbox, vrsn=12211000, 1, 3pPkg = null ,  3pMdlId = null ,  pid = 10002 ,  featureId = null) [CONTEXT service_id=47 ]
11-16 08:57:33.061: E/GmsContextObserver(10002): Failed to register context manager listener: Status{statusCode=unknown status code: 7503, resolution=null}
11-16 08:57:33.077: W/ctxmgr(10842): [AclManager] null policy map (0) 67, clientInfo=(accnt=account#-517948760#, com.google.android.googlequicksearchbox(10047):com.google.android.googlequicksearchbox, vrsn=12211000, 1, 3pPkg = null ,  3pMdlId = null ,  pid = 10002 ,  featureId = null) [CONTEXT service_id=47 ]
11-16 08:57:33.080: V/ContextHubHal(764): sendMessageToHub
11-16 08:57:33.082: D/CHRE(777): @ 414.624: Parsed nanoapp message from host: app ID 0x476f6f676c00100b, endpoint 0x0, msgType 0, payload size 10
11-16 08:57:33.082: I/CHRE(777): @ 414.624: [NanoMinion] received MSG Type 0x70, Version 1, 6 bytes
11-16 08:57:33.082: I/CHRE(777): @ 414.624: [AR_CHRE] request.flush
11-16 08:57:33.082: I/CHRE(777): @ 414.624: [AR_CHRE] send to host, reason=3, sampleSize=18, transitionSize=0, lastAccelTime = 243768, lastAudioTime = 0 
11-16 08:57:33.082: I/CHRE(777): @ 414.625: [NanoMinion] sent MSG Type 0x72, Version 0, 291 bytes, MessageId 13
11-16 08:57:33.083: V/ContextHubClientManager(1169): Received NanoAppMessage[type = 1025, length = 299 bytes, broadcast, nanoapp = 0x476f6f676c00100b](data = 0xD1000127 00007200 08EF8E0C 1A0C0800 ...)
11-16 08:57:33.083: D/ContextHubService(1169): Sending message 1025 version 0 from hubHandle 0, appInstance 0, callBackCount 2
11-16 08:57:33.095: D/sound_trigger_hw(756): stdev_start_recognition:[1] Enter
11-16 08:57:33.095: D/sound_trigger_hw(756): loaded_state_fn:[1] handle event id 2
11-16 08:57:33.095: D/sound_trigger_platform(756): platform_stdev_get_capture_device: available devices 0x80000004, device 0x80000004
11-16 08:57:33.095: D/sound_trigger_platform(756): platform_stdev_get_device_sample_rate: sample rate 16000
11-16 08:57:33.095: D/sound_trigger_platform(756): platform_stdev_send_hwmad_cal: previous acdb_id 128 matches new acdb_id 128 return
11-16 08:57:33.095: D/sound_trigger_platform(756): platform_stdev_send_calibration: sending device calibration for device(1) acdb_id(128)
11-16 08:57:33.095: D/ACDB-LOADER(756): ACDB -> send_afe_topology
11-16 08:57:33.095: D/ACDB-LOADER(756): ACDB -> ACDB_CMD_GET_AFE_TOPOLOGY_ID
11-16 08:57:33.095: D/ACDB-LOADER(756): ACDB -> GET_AFE_TOPOLOGY_ID for adcd_id 128, Topology Id 12e19
11-16 08:57:33.095: D/ACDB-LOADER(756): ACDB -> send_afe_cal
11-16 08:57:33.095: D/ACDB-LOADER(756): ACDB -> ACDB_CMD_GET_AFE_COMMON_TABLE_SIZE
11-16 08:57:33.095: D/ACDB-LOADER(756): ACDB -> ACDB_CMD_GET_AFE_COMMON_TABLE
11-16 08:57:33.095: D/ACDB-LOADER(756): ACDB -> AUDIO_SET_AFE_CAL
11-16 08:57:33.095: D/sound_trigger_hw(756): set_device: enable device (1) = listen-cpe-handset-mic
11-16 08:57:33.095: D/audio_route(756): Apply path: listen-cpe-handset-mic
11-16 08:57:33.115: D/sound_trigger_hw(756): get_confidence_levels_payload: No smlib for uuid, sending opaque data
11-16 08:57:33.115: D/sound_trigger_hw(756): start:[1] gcs start VA engine, enable 1 token 3
11-16 08:57:33.115: D/sound_trigger_hw(756): start:[1] calling gcs_enable with handle 1, non-persist cal 0xed91a258, sz 24
11-16 08:57:33.115: D/ACDB-LOADER(756): ACDB -> ACDB_WDSP_CMD_GET_SUBGRAPH_MODULE_CALIBRATION_SIZE
11-16 08:57:33.115: D/ACDB-LOADER(756): ACDB -> ACDB_WDSP_CMD_GET_SUBGRAPH_MODULE_CALIBRATION
11-16 08:57:33.115: D/ACDB-LOADER(756): ACDB -> ACDB_WDSP_CMD_GET_SUBGRAPH_MODULE_CALIBRATION_SIZE
11-16 08:57:33.115: D/ACDB-LOADER(756): ACDB -> ACDB_WDSP_CMD_GET_SUBGRAPH_MODULE_CALIBRATION
11-16 08:57:33.115: D/ACDB-LOADER(756): ACDB -> ACDB_WDSP_CMD_GET_SUBGRAPH_MODULE_CONNECTION_SIZE
11-16 08:57:33.115: D/ACDB-LOADER(756): [ 11-16 08:57:33.115   756: 3641 E/         ]
11-16 08:57:33.115: D/ACDB-LOADER(756): gcs_get_sg_mod_conn_and_update_pld: subgraph mod conn size 0. Exiting
11-16 08:57:33.115: D/ACDB-LOADER(756): ACDB -> ACDB_WDSP_CMD_GET_SUBGRAPH_MODULE_CONNECTION_SIZE
11-16 08:57:33.115: D/ACDB-LOADER(756): ACDB -> ACDB_WDSP_CMD_GET_SUBGRAPH_MODULE_CONNECTION
11-16 08:57:33.115: D/ACDB-LOADER(756): ACDB -> ACDB_WDSP_CMD_GET_SUBGRAPH_CONNECTIONS_SIZE
11-16 08:57:33.115: D/ACDB-LOADER(756): ACDB -> ACDB_WDSP_CMD_GET_SUBGRAPHS_CONNECTION
11-16 08:57:33.115: D/ACDB-LOADER(756): ACDB -> ACDB_WDSP_CMD_GET_SUBGRAPH_CONNECTIONS_SIZE
11-16 08:57:33.115: D/ACDB-LOADER(756): [ 11-16 08:57:33.115   756: 3641 E/         ]
11-16 08:57:33.115: D/ACDB-LOADER(756): __gcs_get_sg_conn_and_update_pld: subgraph conn size 0. Exiting
11-16 08:57:33.115: D/ACDB-LOADER(756): [ 11-16 08:57:33.115   756: 3641 D/         ]
11-16 08:57:33.115: D/ACDB-LOADER(756): pktzr_send_cmd: opcode = 0x3, size = 452, token = 8
11-16 08:57:33.115: D/ACDB-LOADER(756): [ 11-16 08:57:33.131   756: 1137 D/         ]
11-16 08:57:33.115: D/ACDB-LOADER(756): ipc_resp_thread: opcode: 0x2, payload_size: 4, resp_buf size: 16
11-16 08:57:33.115: D/ACDB-LOADER(756): [ 11-16 08:57:33.131   756: 1137 D/         ]
11-16 08:57:33.115: D/ACDB-LOADER(756): pktzr_resp_cb: opcode = 0x2 size = 4 token = 8
11-16 08:57:33.115: D/ACDB-LOADER(756): [ 11-16 08:57:33.131   756: 1137 D/         ]
11-16 08:57:33.115: D/ACDB-LOADER(756): pktzr_resp_cb: token 8 matched
11-16 08:57:33.132: D/sound_trigger_hw(756): reg_hal_event_session: ST_EVENT_SESSION_REGISTER capture_handle 62 p_ses 0xed950000
11-16 08:57:33.132: D/sound_trigger_hw(756): session[1]: loaded_state_fn ---> active_state_fn 
11-16 08:57:33.132: D/sound_trigger_hw(756): stdev_start_recognition:[1] Exit
11-16 08:57:33.132: I/SoundTriggerHelper(1169): startRecognition successful.
11-16 08:57:33.133: I/GsaVoiceInteractionSrv(4163): Start Hotword Recognition Status: true
11-16 08:57:33.167: D/AndroidRuntime(15429): >>>>>> START com.android.internal.os.RuntimeInit uid 2000 <<<<<<
11-16 08:57:33.220: I/app_process(15429): The ClassLoaderContext is a special shared library.
11-16 08:57:33.243: D/AndroidRuntime(15429): Calling main entry com.android.commands.input.Input
11-16 08:57:33.243: I/Input(15429): injectKeyEvent: KeyEvent { action=ACTION_DOWN, keyCode=KEYCODE_HOME, scanCode=0, metaState=0, flags=0x0, repeatCount=0, eventTime=402612, downTime=402612, deviceId=-1, source=0x101 }
11-16 08:57:33.245: I/Input(15429): injectKeyEvent: KeyEvent { action=ACTION_UP, keyCode=KEYCODE_HOME, scanCode=0, metaState=0, flags=0x0, repeatCount=0, eventTime=402612, downTime=402612, deviceId=-1, source=0x101 }
11-16 08:57:33.247: V/StatusBar(3675): mStatusBarWindow: com.android.systemui.statusbar.phone.StatusBarWindowView{627f6ba V.ED..... ........ 0,0-1080,66} canPanelBeCollapsed(): false
11-16 08:57:33.247: I/vol.Events(3675): writeEvent dismiss_dialog volume_controller
11-16 08:57:33.248: I/ActivityManager(1169): START u0 {act=android.intent.action.MAIN cat=[android.intent.category.HOME] flg=0x10200000 cmp=com.google.android.apps.nexuslauncher/.NexusLauncherActivity (has extras)} from uid 1000
11-16 08:57:33.253: D/AndroidRuntime(15429): Shutting down VM
11-16 08:57:33.267: I/GoogleInputMethod(3664): onFinishInput() : Dummy InputConnection bound
11-16 08:57:33.268: I/GoogleInputMethod(3664): onStartInput() : Dummy InputConnection bound
11-16 08:57:33.355: W/.android.chrom(15396): JIT profile information will not be recorded: profile file does not exits.
11-16 08:57:33.377: I/ActivityManager(1169): START u0 {flg=0x10000000 cmp=com.google.android.apps.mtaas.backdrop/.BackdropActivity} from uid 2000
11-16 08:57:33.386: D/android.hardware.power@1.3-service.crosshatch-libperfmgr(776): LAUNCH ON
11-16 08:57:33.404: I/ActivityManager(1169): Start proc 15455:com.google.android.apps.mtaas.backdrop/u0a163 for activity com.google.android.apps.mtaas.backdrop/.BackdropActivity
11-16 08:57:33.412: E/.mtaas.backdro(15455): Not starting debugger since process cannot load the jdwp agent.
11-16 08:57:33.421: I/ActivityManager(1169): Killing 14553:com.google.android.contacts/u0a90 (adj 906): empty #17
11-16 08:57:33.422: W/libprocessgroup(1169): kill(-14553, 9) failed: No such process
11-16 08:57:33.434: I/ContactLocale(14473): AddressBook Labels [[en]]: [, A, B, C, D, E, F, G, H, I, J, K, L, M, N, O, P, Q, R, S, T, U, V, W, X, Y, Z, , , , , , , , , , , , , , , , , , , , , , , , , , , , , , , , , , , , , , , , , , , , , , , , , , , , , , , , , , , , , , , , , , , , , , , , , , , , , , , , , , , , , , , , , , , , , , , , , , , , , , , , , , , , , , , , , , , , , , , , , , , , , , , , , , , , , , , , , , , , , , , , , , , , , , , , , , , , , , , , , , , , , , , , , , , , , , , , , , , , , , , , , , , #, ]
11-16 08:57:33.440: I/ContactsProvider(14473): Locale has changed from [en_US] to [en]
11-16 08:57:33.441: I/ActivityManager(1169): Start proc 15472:com.android.sdm.plugins.sprintdm/1001 for broadcast com.android.sdm.plugins.sprintdm/.SprintDMReceiver
11-16 08:57:33.444: I/Zygote(732): Process 14553 exited due to signal (9)
11-16 08:57:33.446: I/MultiDex(15455): VM with version 2.1.0 has multidex support
11-16 08:57:33.446: I/MultiDex(15455): install
11-16 08:57:33.446: I/MultiDex(15455): VM has multidex support, MultiDex support library is disabled.
11-16 08:57:33.445: W/com.google.android.apps.mtaas.backdrop(15455): type=1400 audit(0.0:191): avc: denied { read } for comm=45474C20496E6974 name="u:object_r:vendor_default_prop:s0" dev="tmpfs" ino=20861 scontext=u:r:untrusted_app:s0:c163,c256,c512,c768 tcontext=u:object_r:vendor_default_prop:s0 tclass=file permissive=0
11-16 08:57:33.448: E/libc(15455): Access denied finding property "vendor.debug.egl.profiler"
11-16 08:57:33.453: I/ContactsDatabaseHelper(14473): Switching to locale [en] (ICU v60.2)
11-16 08:57:33.453: E/lugins.sprintd(15472): Not starting debugger since process cannot load the jdwp agent.
11-16 08:57:33.459: W/libprocessgroup(1169): kill(-14553, 9) failed: No such process
11-16 08:57:33.459: I/libprocessgroup(1169): Successfully killed process cgroup uid 10090 pid 14553 in 37ms
11-16 08:57:33.464: I/BackdropActivity(15455): onCreate()
11-16 08:57:33.470: I/ActivityManager(1169): Activity requesting to dismiss Keyguard: ActivityRecord{6062ebc u0 com.google.android.apps.mtaas.backdrop/.BackdropActivity t4}
11-16 08:57:33.476: E/ExecutionCriteria(10842): Package unavailable for task: com.google.android.apps.gcs/com.google.android.flib.phenotype.services.PhenotypeExperimentCommitService{u=0 tag="PhenotypeExpCommitSvc" trigger=window{start=0s,end=30s,earliest=-305s,latest=-275s} requirements=[NET_ANY] attributes=[PERSISTED] scheduled=-305s last_run=N/A exec_window_multiplier=1.0000 jid=N/A status=PENDING retries=0 client_lib=MANCHEGO_GCM-11732000} [CONTEXT service_id=218 ]
11-16 08:57:33.476: I/lugins.sprintd(15472): The ClassLoaderContext is a special shared library.
11-16 08:57:33.477: I/lugins.sprintd(15472): The ClassLoaderContext is a special shared library.
11-16 08:57:33.488: D/SprintDMReceiver(15472): Received intent: android.intent.action.LOCALE_CHANGED
11-16 08:57:33.501: D/sound_trigger_hw(756): stdev_stop_recognition:[1] Enter
11-16 08:57:33.501: D/sound_trigger_hw(756): active_state_fn:[1] handle event id 7
11-16 08:57:33.501: D/sound_trigger_hw(756): active_state_fn:[1] unhandled event
11-16 08:57:33.501: D/sound_trigger_hw(756): active_state_fn:[1] handle event id 4
11-16 08:57:33.501: D/sound_trigger_hw(756): dereg_hal_event_session: ST_EVENT_SESSION_DEREGISTER capture_handle 62 p_ses 0xed950000
11-16 08:57:33.501: D/sound_trigger_hw(756): stop:[1] gcs stop VA engine, size=24
11-16 08:57:33.501: D/sound_trigger_hw(756): [ 11-16 08:57:33.501   756: 3641 D/         ]
11-16 08:57:33.501: D/sound_trigger_hw(756): pktzr_send_cmd: opcode = 0x5, size = 24, token = 9
11-16 08:57:33.501: I/FontLog(10842): Received query Google Sans, URI content://com.google.android.gms.fonts [CONTEXT service_id=132 ]
11-16 08:57:33.502: I/FontLog(10842): Query [Google Sans] resolved to {Google Sans, wdth 100.0, wght 400, ital 0.0, bestEffort false} [CONTEXT service_id=132 ]
11-16 08:57:33.502: I/FontLog(10842): [ 11-16 08:57:33.504   756: 1137 D/         ]
11-16 08:57:33.502: I/FontLog(10842): ipc_resp_thread: opcode: 0x2, payload_size: 4, resp_buf size: 16
11-16 08:57:33.502: I/FontLog(10842): [ 11-16 08:57:33.504   756: 1137 D/         ]
11-16 08:57:33.502: I/FontLog(10842): pktzr_resp_cb: opcode = 0x2 size = 4 token = 9
11-16 08:57:33.502: I/FontLog(10842): [ 11-16 08:57:33.504   756: 1137 D/         ]
11-16 08:57:33.502: I/FontLog(10842): pktzr_resp_cb: token 9 matched
11-16 08:57:33.504: D/sound_trigger_hw(756): stop:[1] calling gcs_disable with handle 1
11-16 08:57:33.504: D/sound_trigger_hw(756): [ 11-16 08:57:33.504   756: 3641 E/         ]
11-16 08:57:33.504: D/sound_trigger_hw(756): __gcs_disable_update_pld: sgt_array[i] = 0x1
11-16 08:57:33.504: D/sound_trigger_hw(756): [ 11-16 08:57:33.504   756: 3641 E/         ]
11-16 08:57:33.504: D/sound_trigger_hw(756): __gcs_disable_update_pld: sgt_array[i] = 0x2
11-16 08:57:33.504: D/sound_trigger_hw(756): [ 11-16 08:57:33.504   756: 3641 D/         ]
11-16 08:57:33.504: D/sound_trigger_hw(756): pktzr_send_cmd: opcode = 0x4, size = 80, token = 10
11-16 08:57:33.505: D/SprintDMHelper(15472): simOperator: 
11-16 08:57:33.505: D/SprintDMHelper(15472): Not Sprint UICC, don't do anything.
11-16 08:57:33.508: I/ActivityManager(1169): Killing 11389:com.google.android.gms:car/u0a7 (adj 906): empty #17
11-16 08:57:33.508: W/libprocessgroup(1169): kill(-11389, 9) failed: No such process
11-16 08:57:33.514: I/FontLog(10842): Font PFD returned from cache for {Google Sans, wdth 100.0, wght 400, ital 0.0, bestEffort false} [CONTEXT service_id=132 ]
11-16 08:57:33.514: I/FontLog(10842): Fetch {Google Sans, wdth 100.0, wght 400, ital 0.0, bestEffort false} end status Status{statusCode=SUCCESS, resolution=null} [CONTEXT service_id=132 ]
11-16 08:57:33.520: I/FontLog(10842): Pulling font file for id = 8, cache size = 7 [CONTEXT service_id=132 ]
11-16 08:57:33.520: I/FontLog(10842): [ 11-16 08:57:33.520   756: 1137 D/         ]
11-16 08:57:33.520: I/FontLog(10842): ipc_resp_thread: opcode: 0x2, payload_size: 4, resp_buf size: 16
11-16 08:57:33.520: I/FontLog(10842): [ 11-16 08:57:33.520   756: 1137 D/         ]
11-16 08:57:33.520: I/FontLog(10842): pktzr_resp_cb: opcode = 0x2 size = 4 token = 10
11-16 08:57:33.520: I/FontLog(10842): [ 11-16 08:57:33.520   756: 1137 D/         ]
11-16 08:57:33.520: I/FontLog(10842): pktzr_resp_cb: token 10 matched
11-16 08:57:33.520: D/sound_trigger_hw(756): set_device: disable device (1) = listen-cpe-handset-mic
11-16 08:57:33.522: I/NetworkScheduler.Stats(10842): Task com.google.android.gms/com.google.android.gms.icing.proxy.IcingInternalCorporaUpdateService started execution. cause:9 exec_start_elapsed_seconds: 402 [CONTEXT service_id=218 ]
11-16 08:57:33.522: D/sound_trigger_hw(756): session[1]: active_state_fn ---> loaded_state_fn 
11-16 08:57:33.522: D/sound_trigger_hw(756): stdev_stop_recognition:[1] Exit status 0
11-16 08:57:33.526: I/GsaVoiceInteractionSrv(4163): Stop Hotword Recognition status: true
11-16 08:57:33.526: I/ContactsDatabaseHelper(14473): Locale change completed in 73ms
11-16 08:57:33.527: I/ContactsDatabaseHelper(14473): Switching to locale [en] (ICU v60.2)
11-16 08:57:33.535: I/BackdropActivity(15455): android_id: 3674464623176263251
11-16 08:57:33.541: I/BackdropActivity(15455): onResume()
11-16 08:57:33.542: I/ActivityManager(1169): Activity requesting to dismiss Keyguard: ActivityRecord{6062ebc u0 com.google.android.apps.mtaas.backdrop/.BackdropActivity t4}
11-16 08:57:33.547: D/OpenGLRenderer(15455): Skia GL Pipeline
11-16 08:57:33.551: I/ActivityManager(1169): Start proc 15493:com.android.vending:instant_app_installer/u0a14 for broadcast com.android.vending/com.google.android.finsky.instantapps.InstantAppsConfigChangeListener
11-16 08:57:33.551: W/libprocessgroup(1169): kill(-11389, 9) failed: No such process
11-16 08:57:33.558: I/NetworkScheduler.Stats(10842): Task com.google.android.gms/com.google.android.gms.phenotype.service.sync.PhenotypeConfigurator started execution. cause:9 exec_start_elapsed_seconds: 402 [CONTEXT service_id=218 ]
11-16 08:57:33.560: I/FTLNetworkMonitor(15455): NetworkMonitoringService was created
11-16 08:57:33.561: I/NetworkScheduler.Stats(10842): Task com.google.android.gms/com.google.android.gms.icing.proxy.IcingInternalCorporaUpdateService finished executing. cause:9 result: 1 elapsed_millis: 68 uptime_millis: 68 exec_start_elapsed_seconds: 402 [CONTEXT service_id=218 ]
11-16 08:57:33.564: D/fpc_hidl(15491): fpc fingerprint hwbinder service starting
11-16 08:57:33.564: D/QSEECOMAPI(15491): QSEECom_get_handle sb_length = 0x80
11-16 08:57:33.565: D/QSEECOMAPI(15491): App is not loaded in QSEE
11-16 08:57:33.565: D/QSEECOMAPI(15491): app_arch = 2, total_files = 9
11-16 08:57:33.565: E/t_app_installe(15493): Not starting debugger since process cannot load the jdwp agent.
11-16 08:57:33.572: I/Adreno(15455): QUALCOMM build                   : 3f88ca2, I42f6fe38fb
11-16 08:57:33.572: I/Adreno(15455): Build Date                       : 07/13/18
11-16 08:57:33.572: I/Adreno(15455): OpenGL ES Shader Compiler Version: EV031.24.00.00
11-16 08:57:33.572: I/Adreno(15455): Local Branch                     : 50.04
11-16 08:57:33.572: I/Adreno(15455): Remote Branch                    : 
11-16 08:57:33.572: I/Adreno(15455): Remote Branch                    : 
11-16 08:57:33.572: I/Adreno(15455): Reconstruct Branch               : 
11-16 08:57:33.572: I/Adreno(15455): Build Config                     : S P 4.0.10 AArch64
11-16 08:57:33.572: W/RenderThread(15455): type=1400 audit(0.0:192): avc: denied { read } for name="u:object_r:vendor_default_prop:s0" dev="tmpfs" ino=20861 scontext=u:r:untrusted_app:s0:c163,c256,c512,c768 tcontext=u:object_r:vendor_default_prop:s0 tclass=file permissive=0
11-16 08:57:33.576: E/libc(15455): Access denied finding property "ro.vendor.graphics.memory"
11-16 08:57:33.580: I/Adreno(15455): PFP: 0x016ee170, ME: 0x00000000
11-16 08:57:33.583: I/Zygote(732): Process 11389 exited due to signal (9)
11-16 08:57:33.588: I/t_app_installe(15493): The ClassLoaderContext is a special shared library.
11-16 08:57:33.589: I/ConfigStore(15455): android::hardware::configstore::V1_0::ISurfaceFlingerConfigs::hasWideColorDisplay retrieved: 1
11-16 08:57:33.589: I/ConfigStore(15455): android::hardware::configstore::V1_0::ISurfaceFlingerConfigs::hasHDRDisplay retrieved: 1
11-16 08:57:33.590: I/OpenGLRenderer(15455): Initialized EGL, version 1.4
11-16 08:57:33.590: D/OpenGLRenderer(15455): Swap behavior 2
11-16 08:57:33.592: I/ContactsDatabaseHelper(14473): Locale change completed in 65ms
11-16 08:57:33.594: W/libprocessgroup(1169): kill(-11389, 9) failed: No such process
11-16 08:57:33.594: I/libprocessgroup(1169): Successfully killed process cgroup uid 10007 pid 11389 in 86ms
11-16 08:57:33.596: I/FTLNetworkMonitor(15455): Network Info: [type: WIFI[], state: CONNECTED/CONNECTED, reason: (unspecified), extra: (none), failover: false, available: true, roaming: false]
11-16 08:57:33.599: W/RenderThread(15455): type=1400 audit(0.0:193): avc: denied { read } for name="u:object_r:vendor_default_prop:s0" dev="tmpfs" ino=20861 scontext=u:r:untrusted_app:s0:c163,c256,c512,c768 tcontext=u:object_r:vendor_default_prop:s0 tclass=file permissive=0
11-16 08:57:33.602: E/libc(15455): Access denied finding property "vendor.gralloc.enable_ahardware_buffer"
11-16 08:57:33.606: E/ExecutionCriteria(10842): Package unavailable for task: com.google.android.apps.gcs/com.google.android.flib.phenotype.services.PhenotypeExperimentCommitService{u=0 tag="PhenotypeExpCommitSvc" trigger=window{start=0s,end=30s,earliest=-305s,latest=-275s} requirements=[NET_ANY] attributes=[PERSISTED] scheduled=-305s last_run=N/A exec_window_multiplier=1.0000 jid=N/A status=PENDING retries=0 client_lib=MANCHEGO_GCM-11732000} [CONTEXT service_id=218 ]
11-16 08:57:33.618: I/ContactsFTS(14473): Rebuild contact search index in 24ms, 0 contacts
11-16 08:57:33.622: I/Finsky:instant_app_inst(15493): [2] gft.ay(5): Process created at version: 22.4.28-16 [0] [PR] 338099147
11-16 08:57:33.640: I/FTLNetworkMonitor(15455): Network Info: [type: WIFI[], state: CONNECTED/CONNECTED, reason: (unspecified), extra: (none), failover: false, available: true, roaming: false]
11-16 08:57:33.645: D/QSEECOMAPI(15491): Loaded image: APP id = 83
11-16 08:57:33.649: E/fpc_tac(15491): fpcbuildinfo : 575ddab5b91efea67ee1d200fc813ff2fpc_bio=bd35c3fec78219829149bea6c9ec961e6f655b90C:prodtestlib=4304cf5c884c198624b749af3482befacbd3028eC:fpc_c_core=dc194509594e837dedfb5452aaf06fcb61977135C:fpc_lib=cd5b7b876c3d69afa68a11ac6fd86f873e70817bC:cac=297e11552c60a3607ed664cf44c3e4b36ab2e737C:fpc_bio_interface=94a457caecae31eca8ef04b64c3f82a018e9bbc0C:fpc_sensor=ba909a5500944acafe47a0ef3a49f89509aadfb6C:tools_core=94ddf1e684cfa6c99f0f237f7cc35f3962e0e597C:sensor_settings=4fcf864fb493ae0272a9b2806446b379d99fd8ceC:fingerprint_ta=066bc0ab880960a4a69b74a328c7d7871c72225bC:fingerprint_pal=0deb9a478a3572872639f9cb2559ccc464ee3f9bC:manifests=dcb3d8ab0bdb7a5b341839d8c75bb88fc7f5e1a4C:Manifesttag=SW23.3.0-PDR1.0.5:jenkins@84ffd74dac44:Thu,17May201810:17:08+0200:FPC_SENSOR_TYPE=FPC_SENSOR_TYPE_FPC1270:FPC_CC_TYPE=FPC_COMPANION_CHIP_FPC2050:FPC_C_TYPE=FPC_COATING_NORMAL
11-16 08:57:33.649: E/fpc_tac(15491): fpcbuildtype : build=RELEASE sensor=9
11-16 08:57:33.649: I/NetworkScheduler.Stats(10842): Task com.google.android.gms/com.google.android.gms.clearcut.uploader.QosUploaderService started execution. cause:5 exec_start_elapsed_seconds: 403 [CONTEXT service_id=218 ]
11-16 08:57:33.649: W/SurfaceFlinger(641): Attempting to set client state on removed layer: Splash Screen com.google.android.apps.mtaas.backdrop#0
11-16 08:57:33.650: W/SurfaceFlinger(641): Attempting to destroy on removed layer: Splash Screen com.google.android.apps.mtaas.backdrop#0
11-16 08:57:33.652: W/EventHub(1169): Unable to disable kernel key repeat for /dev/input/event3: Function not implemented
11-16 08:57:33.652: I/EventHub(1169): wakeMechanism=EPOLLWAKEUP, usingClockIoctl=true
11-16 08:57:33.652: I/EventHub(1169): New device: id=83, fd=290, path='/dev/input/event3', name='uinput-fpc', classes=0x101, configuration='/system/usr/idc/uinput-fpc.idc', keyLayout='/system/usr/keylayout/uinput-fpc.kl', keyCharacterMap='/system/usr/keychars/Generic.kcm', builtinKeyboard=true, 
11-16 08:57:33.652: W/InputReader(1169): Ignoring spurious device added event for deviceId 0.
11-16 08:57:33.659: I/GoogleInputMethod(3664): onFinishInput() : Dummy InputConnection bound
11-16 08:57:33.660: D/android.hardware.power@1.3-service.crosshatch-libperfmgr(776): LAUNCH OFF
11-16 08:57:33.662: I/ActivityManager(1169): Displayed com.google.android.apps.mtaas.backdrop/.BackdropActivity: +265ms
11-16 08:57:33.663: I/GoogleInputMethod(3664): onStartInput() : Dummy InputConnection bound
11-16 08:57:33.681: I/Finsky(12665): [2] abxn.f(7): SCH: Cancelling existing jobscheduler jobs: 9002 9004 9000 9006 
11-16 08:57:33.682: I/Finsky(12665): [2] abxn.c(4): SCH: Scheduling immediate wakeup job with id: 9000
11-16 08:57:33.691: I/Finsky(12665): [2] acbc.onStartJob(3): SCH: onJobSchedulerWakeup with jobId 9000
11-16 08:57:33.696: I/Finsky(12665): [2] abwh.a(9): SCH: Scheduling fallback job with id: 9034, and delay: 43200000 ms
11-16 08:57:33.701: I/Finsky(12665): [2] abwh.b(9): SCH: Scheduling fallback in 64799997 (absolute: 65203067)
11-16 08:57:33.714: I/ActivityManager(1169): Start proc 15526:com.google.android.apps.docs/u0a128 for broadcast com.google.android.apps.docs/.notification.common.NotificationChannelReceiver
11-16 08:57:33.739: E/ExecutionCriteria(10842): Package unavailable for task: com.google.android.apps.gcs/com.google.android.flib.phenotype.services.PhenotypeExperimentCommitService{u=0 tag="PhenotypeExpCommitSvc" trigger=window{start=0s,end=30s,earliest=-305s,latest=-275s} requirements=[NET_ANY] attributes=[PERSISTED] scheduled=-305s last_run=N/A exec_window_multiplier=1.0000 jid=N/A status=PENDING retries=0 client_lib=MANCHEGO_GCM-11732000} [CONTEXT service_id=218 ]
11-16 08:57:33.744: E/droid.apps.doc(15526): Not starting debugger since process cannot load the jdwp agent.
11-16 08:57:33.751: I/system_server(1169): Background concurrent copying GC freed 195605(10MB) AllocSpace objects, 155(3MB) LOS objects, 42% free, 18MB/31MB, paused 88us total 143.027ms
11-16 08:57:33.788: I/droid.apps.doc(15526): The ClassLoaderContext is a special shared library.
11-16 08:57:33.788: I/Finsky(12665): [2] abwq.handleMessage(8): SCH: DeviceState: DeviceState{currentTime=1637081853772, isCharging=true, isIdle=false, netAny=true, netNotRoaming=true, netUnmetered=true, batteryPercent=100.0}
11-16 08:57:33.793: I/Finsky(12665): [255] abzb.b(5): SCH: Jobs in database: 1-1337 3-1 12-1 24-77777777 26-1414141414 31-305419896 37-0 
11-16 08:57:33.808: E/ExecutionCriteria(10842): Package unavailable for task: com.google.android.apps.gcs/com.google.android.flib.phenotype.services.PhenotypeExperimentCommitService{u=0 tag="PhenotypeExpCommitSvc" trigger=window{start=0s,end=30s,earliest=-305s,latest=-275s} requirements=[NET_ANY] attributes=[PERSISTED] scheduled=-305s last_run=N/A exec_window_multiplier=1.0000 jid=N/A status=PENDING retries=0 client_lib=MANCHEGO_GCM-11732000} [CONTEXT service_id=218 ]
11-16 08:57:33.845: I/PBSessionCacheImpl(10002): Deleted sessionId[841004539340] from persistence.
11-16 08:57:33.847: I/.gms.persisten(10842): Background concurrent copying GC freed 187405(11MB) AllocSpace objects, 24(828KB) LOS objects, 50% free, 11MB/23MB, paused 5.463ms total 159.035ms
11-16 08:57:33.862: V/SettingsProvider(1169): Notifying for 0: content://settings/system/accelerometer_rotation
11-16 08:57:33.864: I/Finsky(12665): [2] abwr.b(10): SCH: Running job: 37-0
11-16 08:57:33.868: I/Finsky(12665): [2] LanguageSplitInstallEventJob.d(5): Clear bulk acquire cache.
11-16 08:57:33.869: I/Finsky(12665): [2] ajki.a(1): Checking for new language splits.
11-16 08:57:33.870: I/Finsky(12665): [2] ajki.a(2): Updating language store, changed to [en]
11-16 08:57:33.871: I/NetworkScheduler.Stats(10842): Task com.google.android.gms/com.google.android.gms.clearcut.uploader.QosUploaderService finished executing. cause:5 result: 1 elapsed_millis: 237 uptime_millis: 237 exec_start_elapsed_seconds: 403 [CONTEXT service_id=218 ]
11-16 08:57:33.871: I/Finsky(12665): [2] alsm.b(5): Clearing cache.
11-16 08:57:33.878: I/Finsky(12665): [136] hzi.h(3): Commerce cache was cleared.
11-16 08:57:33.878: D/Volley(12665): [147] alsu.e: Cache cleared.
11-16 08:57:33.879: D/Volley(12665): [184] alsu.e: Cache cleared.
11-16 08:57:33.882: D/Volley(12665): [2] alst.e: Cache cleared.
11-16 08:57:33.885: I/Finsky(12665): [2] abwq.handleMessage(68): SCH: RunningQueue size: 1, PendingQueue size: 0
11-16 08:57:33.885: I/Finsky(12665): [2] abwr.p(3): SCH: Running queue: 37-0 
11-16 08:57:33.894: I/Finsky(12665): [264] ajjw.a(14): Existing languages: []
11-16 08:57:33.896: E/ExecutionCriteria(10842): Package unavailable for task: com.google.android.apps.gcs/com.google.android.flib.phenotype.services.PhenotypeExperimentCommitService{u=0 tag="PhenotypeExpCommitSvc" trigger=window{start=0s,end=30s,earliest=-306s,latest=-276s} requirements=[NET_ANY] attributes=[PERSISTED] scheduled=-306s last_run=N/A exec_window_multiplier=1.0000 jid=N/A status=PENDING retries=0 client_lib=MANCHEGO_GCM-11732000} [CONTEXT service_id=218 ]
11-16 08:57:33.903: W/SearchServiceCore(10002): Abort, client detached.
11-16 08:57:33.912: I/Finsky(12665): [264] ajjz.a(24): Language change to [en], of which [en] are new, removed [].
11-16 08:57:33.913: I/Finsky(12665): [264] ajkf.a(16): Language store updated - wasNewLanguageAdded=true
11-16 08:57:33.923: I/Finsky(12665): [127] ajia.run(13): Checking for language splits...
11-16 08:57:33.930: I/NetworkScheduler.Stats(10842): Task com.google.android.gms/com.google.android.gms.clearcut.uploader.QosUploaderService started execution. cause:5 exec_start_elapsed_seconds: 403 [CONTEXT service_id=218 ]
11-16 08:57:33.933: V/SettingsProvider(1169): Notifying for 0: content://settings/system/user_rotation
11-16 08:57:33.996: W/Finsky(12665): [127] fjv.c(22): For unauth, use getDfeApiNonAuthenticated() instead!
11-16 08:57:33.996: I/Finsky(12665): [127] fjv.f(2): getDfeApiOrNonauthenticated is returning unauth api
11-16 08:57:34.012: I/NetworkScheduler.Stats(10842): Task com.google.android.gms/com.google.android.gms.clearcut.uploader.QosUploaderService finished executing. cause:5 result: 1 elapsed_millis: 100 uptime_millis: 100 exec_start_elapsed_seconds: 403 [CONTEXT service_id=218 ]
11-16 08:57:34.028: E/ExecutionCriteria(10842): Package unavailable for task: com.google.android.apps.gcs/com.google.android.flib.phenotype.services.PhenotypeExperimentCommitService{u=0 tag="PhenotypeExpCommitSvc" trigger=window{start=0s,end=30s,earliest=-306s,latest=-276s} requirements=[NET_ANY] attributes=[PERSISTED] scheduled=-306s last_run=N/A exec_window_multiplier=1.0000 jid=N/A status=PENDING retries=0 client_lib=MANCHEGO_GCM-11732000} [CONTEXT service_id=218 ]
11-16 08:57:34.066: I/NetworkScheduler.Stats(10842): Task com.google.android.gms/com.google.android.gms.tapandpay.gcmtask.TapAndPayGcmTaskService started execution. cause:5 exec_start_elapsed_seconds: 403 [CONTEXT service_id=218 ]
11-16 08:57:34.077: I/NetworkScheduler.Stats(10842): Task com.google.android.gms/com.google.android.gms.tapandpay.gcmtask.TapAndPayGcmTaskService finished executing. cause:5 result: 1 elapsed_millis: 31 uptime_millis: 31 exec_start_elapsed_seconds: 403 [CONTEXT service_id=218 ]
11-16 08:57:34.084: E/ExecutionCriteria(10842): Package unavailable for task: com.google.android.apps.gcs/com.google.android.flib.phenotype.services.PhenotypeExperimentCommitService{u=0 tag="PhenotypeExpCommitSvc" trigger=window{start=0s,end=30s,earliest=-306s,latest=-276s} requirements=[NET_ANY] attributes=[PERSISTED] scheduled=-306s last_run=N/A exec_window_multiplier=1.0000 jid=N/A status=PENDING retries=0 client_lib=MANCHEGO_GCM-11732000} [CONTEXT service_id=218 ]
11-16 08:57:34.094: E/Finsky(12665): [154] ltt.a(17): Unable to fetch checkin consistency token: empty token
11-16 08:57:34.095: I/Finsky(12665): [154] lth.l(1): Account name null when calculating account hash
11-16 08:57:34.123: I/NetworkScheduler.Stats(10842): Task com.google.android.gms/com.google.android.gms.gass.chimera.SchedulePeriodicTasksService started execution. cause:5 exec_start_elapsed_seconds: 403 [CONTEXT service_id=218 ]
11-16 08:57:34.173: I/NetworkScheduler.Stats(10842): Task com.google.android.gms/com.google.android.gms.gass.chimera.SchedulePeriodicTasksService finished executing. cause:5 result: 1 elapsed_millis: 61 uptime_millis: 61 exec_start_elapsed_seconds: 403 [CONTEXT service_id=218 ]
11-16 08:57:34.191: E/ExecutionCriteria(10842): Package unavailable for task: com.google.android.apps.gcs/com.google.android.flib.phenotype.services.PhenotypeExperimentCommitService{u=0 tag="PhenotypeExpCommitSvc" trigger=window{start=0s,end=30s,earliest=-306s,latest=-276s} requirements=[NET_ANY] attributes=[PERSISTED] scheduled=-306s last_run=N/A exec_window_multiplier=1.0000 jid=N/A status=PENDING retries=0 client_lib=MANCHEGO_GCM-11732000} [CONTEXT service_id=218 ]
11-16 08:57:34.193: I/ActivityManager(1169): Start proc 15579:com.google.android.gms.unstable/u0a7 for service com.google.android.gms/.droidguard.DroidGuardService
11-16 08:57:34.208: E/id.gms.unstabl(15579): Not starting debugger since process cannot load the jdwp agent.
11-16 08:57:34.230: I/id.gms.unstabl(15579): The ClassLoaderContext is a special shared library.
11-16 08:57:34.231: I/chatty(15579): uid=10007 com.google.android.gms.unstable identical 1 line
11-16 08:57:34.233: I/id.gms.unstabl(15579): The ClassLoaderContext is a special shared library.
11-16 08:57:34.236: I/NetworkScheduler.Stats(10842): Task com.google.android.gms/com.google.android.gms.gass.chimera.SchedulePeriodicTasksService started execution. cause:5 exec_start_elapsed_seconds: 403 [CONTEXT service_id=218 ]
11-16 08:57:34.248: D/WificondControl(1169): Scan result ready event
11-16 08:57:34.250: I/WifiConnectivityManager(1169): Number of scan results ignored due to single radio chain scan: 2
11-16 08:57:34.253: W/id.gms.unstabl(15579): Unknown chunk type '200'.
11-16 08:57:34.281: I/NetworkScheduler.Stats(10842): Task com.google.android.gms/com.google.android.gms.gass.chimera.SchedulePeriodicTasksService finished executing. cause:5 result: 1 elapsed_millis: 58 uptime_millis: 58 exec_start_elapsed_seconds: 403 [CONTEXT service_id=218 ]
11-16 08:57:34.317: I/Places(10842): Converted 0 out of 0 WiFi scans
11-16 08:57:34.319: I/LogUtils(10842): [Places]: ?: Couldn't find platform key file. [CONTEXT service_id=253 ]
11-16 08:57:34.320: I/LogUtils(10842): [Places]: ?: Couldn't find platform key file. [CONTEXT service_id=253 ]
11-16 08:57:34.325: I/LogUtils(10842): [Places]: ?: Couldn't find platform key file. [CONTEXT service_id=253 ]
11-16 08:57:34.328: E/ExecutionCriteria(10842): Package unavailable for task: com.google.android.apps.gcs/com.google.android.flib.phenotype.services.PhenotypeExperimentCommitService{u=0 tag="PhenotypeExpCommitSvc" trigger=window{start=0s,end=30s,earliest=-306s,latest=-276s} requirements=[NET_ANY] attributes=[PERSISTED] scheduled=-306s last_run=N/A exec_window_multiplier=1.0000 jid=N/A status=PENDING retries=0 client_lib=MANCHEGO_GCM-11732000} [CONTEXT service_id=218 ]
11-16 08:57:34.369: I/PlacesLogger(10842): [PlaceInferenceEngine]: No beacon scan available - ignoring candidates. [CONTEXT service_id=253 ]
11-16 08:57:34.377: I/Finsky(12665): [2] ajih.kw(11): BulkDetails response obtained.
11-16 08:57:34.378: I/Finsky(12665): [2] ajja.a(21): No new splits to download.
11-16 08:57:34.379: I/Finsky(12665): [2] ajkh.run(138): Skipping check for new language splits in self-update.
11-16 08:57:34.380: I/Finsky(12665): [2] abya.n(4): SCH: jobFinished: 37-0. TimeElapsed: 515ms.
11-16 08:57:34.383: I/Finsky(12665): [2] abwr.e(4): SCH: Job 37-0 finished. Not rescheduling.
11-16 08:57:34.385: I/Finsky(12665): [2] abwq.handleMessage(68): SCH: RunningQueue size: 0, PendingQueue size: 0
11-16 08:57:34.385: I/Finsky(12665): [2] abwq.handleMessage(26): SCH: Executor finished
11-16 08:57:34.388: I/LogUtils(10842): [Places]: ?: Couldn't find platform key file. [CONTEXT service_id=253 ]
11-16 08:57:34.397: I/Finsky(12665): [2] abzb.b(5): SCH: Jobs in database: 1-1337 3-1 12-1 24-77777777 26-1414141414 31-305419896 
11-16 08:57:34.404: I/NetworkScheduler.Stats(10842): Task com.google.android.gms/com.google.android.gms.icing.proxy.IcingInternalCorporaUpdateService started execution. cause:5 exec_start_elapsed_seconds: 403 [CONTEXT service_id=218 ]
11-16 08:57:34.405: I/Finsky(12665): [2] abxn.d(37): SCH: ConstraintMapping: 24-77777777,  -> L: 0ms, D: 82632294ms, C: false, I: true, N: 0
11-16 08:57:34.406: I/Finsky(12665): [2] abxn.d(37): SCH: ConstraintMapping: 1-1337, 12-1, 31-305419896,  -> L: 8493ms, D: 69270754ms, C: false, I: false, N: 1
11-16 08:57:34.406: I/Finsky(12665): [2] abxn.d(37): SCH: ConstraintMapping: 3-1,  -> L: 0ms, D: 86238930ms, C: true, I: true, N: 2
11-16 08:57:34.406: I/Finsky(12665): [2] abxn.d(37): SCH: ConstraintMapping: 26-1414141414,  -> L: 42851429ms, D: 43751429ms, C: false, I: false, N: 0
11-16 08:57:34.407: I/Finsky(12665): [2] abxn.f(7): SCH: Cancelling existing jobscheduler jobs: 
11-16 08:57:34.408: I/Finsky(12665): [2] abxn.e(8): SCH: Throttling wakeup for job 9001 (expected to run in 0 ms) due to recent wakeup
11-16 08:57:34.408: I/Finsky(12665): [2] abxn.e(23): SCH: Scheduling job Id: 9001, L: 30000, D: 82632294, C: false, I: true, N: 0
11-16 08:57:34.409: I/Finsky(12665): [2] abxn.e(8): SCH: Throttling wakeup for job 9002 (expected to run in 8493 ms) due to recent wakeup
11-16 08:57:34.409: I/Finsky(12665): [2] abxn.e(23): SCH: Scheduling job Id: 9002, L: 30000, D: 69270754, C: false, I: false, N: 1
11-16 08:57:34.410: I/Finsky(12665): [2] abxn.e(8): SCH: Throttling wakeup for job 9003 (expected to run in 0 ms) due to recent wakeup
11-16 08:57:34.410: I/Finsky(12665): [2] abxn.e(23): SCH: Scheduling job Id: 9003, L: 30000, D: 86238930, C: true, I: true, N: 2
11-16 08:57:34.411: I/Finsky(12665): [2] abxn.e(23): SCH: Scheduling job Id: 9004, L: 42851429, D: 43751429, C: false, I: false, N: 0
11-16 08:57:34.427: I/NetworkScheduler.Stats(10842): Task com.google.android.gms/com.google.android.gms.icing.proxy.IcingInternalCorporaUpdateService finished executing. cause:5 result: 1 elapsed_millis: 49 uptime_millis: 49 exec_start_elapsed_seconds: 403 [CONTEXT service_id=218 ]
11-16 08:57:34.430: W/ProviderHelper(15579): Unknown dynamite feature providerinstaller.dynamite
11-16 08:57:34.431: I/DynamiteModule(15579): Considering local module com.google.android.gms.providerinstaller.dynamite:1 and remote module com.google.android.gms.providerinstaller.dynamite:0
11-16 08:57:34.431: I/DynamiteModule(15579): Selected local version of com.google.android.gms.providerinstaller.dynamite
11-16 08:57:34.450: V/NativeCrypto(15579): Registering com/google/android/gms/org/conscrypt/NativeCrypto's 294 native methods...
11-16 08:57:34.465: D/NetworkSecurityConfig(15579): Using Network Security Config from resource network_security_config debugBuild: false
11-16 08:57:34.467: I/ProviderInstaller(15579): Installed default security provider GmsCore_OpenSSL
11-16 08:57:34.470: D/QSEECOMAPI(15491): QSEECom_get_handle sb_length = 0x400
11-16 08:57:34.470: D/QSEECOMAPI(15491): App is already loaded QSEE and app id = 1
11-16 08:57:34.473: E/fpc_tac(15491): qsee_km_get_encapsulated_key KEYMASTER_GET_AUTH_TOKEN_KEY returned status=-24
11-16 08:57:34.473: D/QSEECOMAPI(15491): QSEECom_dealloc_memory 
11-16 08:57:34.473: D/QSEECOMAPI(15491): QSEECom_shutdown_app, app_id = 1
11-16 08:57:34.473: E/fpc_fingerprint_hal(15491): fpc_hal_open failed
11-16 08:57:34.474: I/EventHub(1169): Removing device uinput-fpc due to epoll hang-up event.
11-16 08:57:34.474: I/EventHub(1169): Removed device: path=/dev/input/event3 name=uinput-fpc id=83 fd=290 classes=0x101
11-16 08:57:34.474: W/EventHub(1169): built-in keyboard device /dev/input/event3 (id=83) is closing! the apps will not like this
11-16 08:57:34.475: W/InputReader(1169): Ignoring spurious device removed event for deviceId 83.
11-16 08:57:34.475: I/EventHub(1169): Removing device '/dev/input/event3' due to inotify event
11-16 08:57:34.491: D/QSEECOMAPI(15491): QSEECom_dealloc_memory 
11-16 08:57:34.492: D/QSEECOMAPI(15491): QSEECom_shutdown_app, app_id = 83
11-16 08:57:34.496: I/axnn(15579): Primes not initialized, returning default (no-op) Primes instance which will ignore all calls. Please call Primes.initialize(...) before using any Primes API.
11-16 08:57:34.510: I/GMS_MM_Logger(15579): Started.
11-16 08:57:34.510: I/Watchcat(15579): Started
11-16 08:57:34.586: E/ExecutionCriteria(10842): Package unavailable for task: com.google.android.apps.gcs/com.google.android.flib.phenotype.services.PhenotypeExperimentCommitService{u=0 tag="PhenotypeExpCommitSvc" trigger=window{start=0s,end=30s,earliest=-306s,latest=-276s} requirements=[NET_ANY] attributes=[PERSISTED] scheduled=-306s last_run=N/A exec_window_multiplier=1.0000 jid=N/A status=PENDING retries=0 client_lib=MANCHEGO_GCM-11732000} [CONTEXT service_id=218 ]
11-16 08:57:34.586: E/ExecutionCriteria(10842): [ 11-16 08:57:34.598   871: 1355 E/         ]
11-16 08:57:34.586: E/ExecutionCriteria(10842): Couldn't opendir /data/app/vmdl118967017.tmp: No such file or directory
11-16 08:57:34.599: E/installd(871): Failed to delete /data/app/vmdl118967017.tmp: No such file or directory
11-16 08:57:34.622: I/Finsky(12665): [2] yeh.d(13): PackageMonitorReceiverImpl - Received: android.intent.action.PACKAGE_ADDED, [y-GhCWPrLI4dbU6UHxZsMB4pB3ZWEiJpf2_c2OFDjoA]
11-16 08:57:34.622: I/Finsky(12665): [2] yfi.g(1): Invalidating cached PackageState for androidx.lifecycle.testapp
11-16 08:57:34.627: I/CarrierServices(13447): [2] RcsAutoStartReceiver.b: carrierServicesJibeServiceEnabled changed from true to true
11-16 08:57:34.628: I/CarrierServices(13447): [2] RcsAutoStartReceiver.b: enableRcs changed from true to true
11-16 08:57:34.628: I/CarrierServices(13447): [2] RcsAutoStartReceiver.b: RcsAutoStartReceiver triggered. Fetching RCS State. Action: android.intent.action.PACKAGE_ADDED
11-16 08:57:34.633: I/Finsky(12665): [2] owk.d(2): Frosting ID looked up on UI thread. Caller should move to a background thread.
11-16 08:57:34.636: I/Telecom(1169): DefaultDialerCache: Refreshing default dialer for user 0: now com.google.android.dialer: DDC.oR@AJY
11-16 08:57:34.637: D/RegisteredNfcFServicesCache(4171): Service unchanged, not updating
11-16 08:57:34.637: I/InputReader(1169): Reconfiguring input devices.  changes=0x00000010
11-16 08:57:34.641: I/Finsky(12665): [256] ovx.run(16): Wrote row to frosting DB: 212
11-16 08:57:34.642: I/Finsky(12665): [255] jnw.a(15): [ContentSync] finished, scheduled=false
11-16 08:57:34.646: W/BroadcastQueue(1169): Background execution not allowed: receiving Intent { act=android.intent.action.PACKAGE_ADDED dat=package:androidx.lifecycle.testapp flg=0x4000010 (has extras) } to com.android.musicfx/.Compatibility$Receiver
11-16 08:57:34.646: I/Finsky(12665): [2] amas.a(3): Do not start WearSupportService due to Wear service optimization
11-16 08:57:34.647: I/Finsky(12665): [2] amas.a(3): Do not start WearSupportService due to Wear service optimization
11-16 08:57:34.647: I/CarrierServices(13447): [2] aws.a: Migration binding to RcsMigrationService
11-16 08:57:34.647: W/BroadcastQueue(1169): Background execution not allowed: receiving Intent { act=android.intent.action.PACKAGE_ADDED dat=package:androidx.lifecycle.testapp flg=0x4000010 (has extras) } to com.android.vending/com.google.android.finsky.packagemanager.impl.PackageMonitorReceiverImpl$RegisteredReceiver
11-16 08:57:34.648: W/BroadcastQueue(1169): Background execution not allowed: receiving Intent { act=android.intent.action.PACKAGE_ADDED dat=package:androidx.lifecycle.testapp flg=0x4000010 (has extras) } to com.google.android.gms/.games.chimera.GamesSystemBroadcastReceiverProxy
11-16 08:57:34.648: W/BroadcastQueue(1169): Background execution not allowed: receiving Intent { act=android.intent.action.PACKAGE_ADDED dat=package:androidx.lifecycle.testapp flg=0x4000010 (has extras) } to com.google.android.gms/.gass.chimera.PackageChangeBroadcastReceiver
11-16 08:57:34.649: W/BroadcastQueue(1169): Background execution not allowed: receiving Intent { act=android.intent.action.PACKAGE_ADDED dat=package:androidx.lifecycle.testapp flg=0x4000010 (has extras) } to com.google.android.gms/.chimera.GmsIntentOperationService$PersistentTrustedReceiver
11-16 08:57:34.649: E/Backup(14414): [BackupTransportMigratorChimeraService] Could not migrate transport!
11-16 08:57:34.649: I/Finsky(12665): [2] aeak.a(8): Clearing split related stale data.
11-16 08:57:34.651: W/BroadcastQueue(1169): Background execution not allowed: receiving Intent { act=android.intent.action.PACKAGE_ADDED dat=package:androidx.lifecycle.testapp flg=0x4000010 (has extras) } to com.google.android.googlequicksearchbox/com.google.android.apps.gsa.googlequicksearchbox.GelStubAppWatcher
11-16 08:57:34.651: W/BroadcastQueue(1169): Background execution not allowed: receiving Intent { act=android.intent.action.PACKAGE_ADDED dat=package:androidx.lifecycle.testapp flg=0x4000010 (has extras) } to com.google.android.ims/.receivers.RcsAutoStartReceiver
11-16 08:57:34.652: V/BackupManagerConstants(1169): getFullBackupIntervalMilliseconds(...) returns 86400000
11-16 08:57:34.656: I/BugleDataModel(7391): RcsMigrationService: Returning RCS state provider.
11-16 08:57:34.657: I/Finsky(12665): [2] owk.d(2): Frosting ID looked up on UI thread. Caller should move to a background thread.
11-16 08:57:34.657: I/Backup(14414): [BackupTransportMigratorChimeraService] Starting migration...
11-16 08:57:34.658: I/Finsky(12665): [257] gxq.a(12): Asset module storage cleared for package androidx.lifecycle.testapp.
11-16 08:57:34.662: I/Finsky(12665): [256] ovx.run(16): Wrote row to frosting DB: 213
11-16 08:57:34.666: E/PhoneInterfaceManager(3799): [PhoneIntfMgr] getCarrierPackageNamesForIntent: No UICC
11-16 08:57:34.666: D/CarrierSvcBindHelper(3799): No carrier app for: 0
11-16 08:57:34.666: D/ImsResolver(3799): maybeAddedImsService, packageName: androidx.lifecycle.testapp
11-16 08:57:34.668: I/BugleRcsEngine(7391): [441] pot.a: Sim state is not ready. Returning last known operation mode.
11-16 08:57:34.674: I/Auth(14414): [SupervisedAccountIntentOperation] onHandleIntent(): android.intent.action.PACKAGE_ADDED
11-16 08:57:34.675: E/VvmPkgInstalledRcvr(3799): cannot create TelephonyManager from ComponentInfo{com.android.phone/com.android.services.telephony.TelephonyConnectionService}, ***, UserHandle{0}
11-16 08:57:34.676: D/CarrierConfigLoader(3799): mHandler: 9 phoneId: 0
11-16 08:57:34.677: W/GCM(10842): Unexpected forwarded intent: Intent { act=android.intent.action.PACKAGE_ADDED dat=package:androidx.lifecycle.testapp flg=0x4000010 pkg=com.google.android.gms cmp=com.google.android.gms/.chimera.PersistentIntentOperationService (has extras) }
11-16 08:57:34.678: I/BlockstoreStorage(14414): Clearing Blockstore Data for package androidx.lifecycle.testapp [CONTEXT service_id=258 ]
11-16 08:57:34.678: W/GCM(10842): Unexpected forwarded intent: Intent { act=android.intent.action.PACKAGE_ADDED dat=package:androidx.lifecycle.testapp flg=0x4000010 pkg=com.google.android.gms cmp=com.google.android.gms/.chimera.PersistentIntentOperationService (has extras) }
11-16 08:57:34.679: I/BlockstoreStorage(14414): No metadata found. Skipping deletion. [CONTEXT service_id=258 ]
11-16 08:57:34.681: W/system_server(1169): Unknown chunk type '200'.
11-16 08:57:34.683: I/FontLog(10842): Package androidx.lifecycle.testapp has no metadata [CONTEXT service_id=132 ]
11-16 08:57:34.687: D/BoundBrokerSvc(14414): onBind: Intent { act=com.google.android.gms.common.BIND_SHARED_PREFS pkg=com.google.android.gms }
11-16 08:57:34.687: D/BoundBrokerSvc(14414): Loading bound service for intent: Intent { act=com.google.android.gms.common.BIND_SHARED_PREFS pkg=com.google.android.gms }
11-16 08:57:34.692: I/CarrierServices(13447): [786] awt.doInBackground: Saving RCS State
11-16 08:57:34.693: I/CarrierServices(13447): [786] awt.doInBackground: Old operation mode: 0
11-16 08:57:34.693: I/CarrierServices(13447): [786] awt.doInBackground: New operation mode: 0
11-16 08:57:34.694: I/CarrierServices(13447): [2] aww.a: Unbinding RcsMigrationService
11-16 08:57:34.699: D/BoundBrokerSvc(14414): onUnbind: Intent { act=com.google.android.gms.common.BIND_SHARED_PREFS pkg=com.google.android.gms }
11-16 08:57:34.704: I/GAv4(15526): Google Analytics 18.8.27 is starting up. To enable debug logging on a device run:
11-16 08:57:34.704: I/GAv4(15526):   adb shell setprop log.tag.GAv4 DEBUG
11-16 08:57:34.704: I/GAv4(15526):   adb logcat -s GAv4
11-16 08:57:34.736: D/BoundBrokerSvc(14414): onUnbind: Intent { act=com.google.android.gms.auth.key.retrieval.service.START cmp=com.google.android.gms/.chimera.GmsApiService }
11-16 08:57:34.742: W/PackageParser(1169): Unknown element under <manifest>: queries at /data/app/vmdl835636751.tmp/base.apk Binary XML file line #18
11-16 08:57:34.749: I/id.partnersetu(15187): Waiting for a blocking GC ProfileSaver
11-16 08:57:34.754: W/ChimeraUtils(10842): Module com.google.android.gms.nearby_en has empty metadata display_name_string_id
11-16 08:57:34.760: I/id.partnersetu(15187): WaitForGcToComplete blocked ProfileSaver on HeapTrim for 10.180ms
11-16 08:57:34.769: I/PlacesLogger(10842): [PlaceInferenceEngine]: No beacon scan available - ignoring candidates. [CONTEXT service_id=253 ]
11-16 08:57:34.771: I/LogUtils(10842): [Places]: ?: Couldn't find platform key file. [CONTEXT service_id=253 ]
11-16 08:57:34.790: I/system_server(1169): Background concurrent copying GC freed 118641(5MB) AllocSpace objects, 18(680KB) LOS objects, 42% free, 19MB/33MB, paused 174us total 195.184ms
11-16 08:57:34.818: W/ActivityManager(1169): Slow operation: 60ms so far, now at getContentProviderImpl: incProviderCountLocked
11-16 08:57:34.818: W/ActivityManager(1169): Slow operation: 60ms so far, now at getContentProviderImpl: before updateLruProcess
11-16 08:57:34.818: W/ActivityManager(1169): Slow operation: 60ms so far, now at getContentProviderImpl: after updateLruProcess
11-16 08:57:34.819: W/ActivityManager(1169): Slow operation: 60ms so far, now at getContentProviderImpl: before updateOomAdj
11-16 08:57:34.819: W/ActivityManager(1169): Slow operation: 61ms so far, now at getContentProviderImpl: after updateOomAdj
11-16 08:57:34.819: W/ActivityManager(1169): Slow operation: 61ms so far, now at getContentProviderImpl: done!
