11-16 08:57:24.100: I/Adreno(16555): PFP: 0x016ee170, ME: 0x00000000
11-16 08:57:24.101: I/BlockstoreStorage(14622): Clearing Blockstore Data for package dev.androidx.ci.emptyapp [CONTEXT service_id=258 ]
11-16 08:57:24.096: W/Binder:16555_2(16555): type=1400 audit(0.0:227): avc: denied { read } for name="u:object_r:vendor_default_prop:s0" dev="tmpfs" ino=19843 scontext=u:r:priv_app:s0:c512,c768 tcontext=u:object_r:vendor_default_prop:s0 tclass=file permissive=0
11-16 08:57:24.103: E/Backup(14622): [BackupTransportMigratorChimeraService] Could not migrate transport!
11-16 08:57:24.104: I/ConfigStore(16555): android::hardware::configstore::V1_0::ISurfaceFlingerConfigs::hasWideColorDisplay retrieved: 1
11-16 08:57:24.104: I/BlockstoreStorage(14622): No metadata found. Skipping deletion. [CONTEXT service_id=258 ]
11-16 08:57:24.104: I/Finsky(13091): [257] ovx.run(16): Wrote row to frosting DB: 213
11-16 08:57:24.104: I/ConfigStore(16555): android::hardware::configstore::V1_0::ISurfaceFlingerConfigs::hasHDRDisplay retrieved: 1
11-16 08:57:24.105: I/CarrierServices(9978): [582] awt.doInBackground: Saving RCS State
11-16 08:57:24.105: I/CarrierServices(9978): [582] awt.doInBackground: Old operation mode: 0
11-16 08:57:24.105: I/Backup(14622): [BackupTransportMigratorChimeraService] Starting migration...
11-16 08:57:24.106: I/CarrierServices(9978): [582] awt.doInBackground: New operation mode: 0
11-16 08:57:24.107: I/CarrierServices(9978): [2] aww.a: Unbinding RcsMigrationService
11-16 08:57:24.115: D/BoundBrokerSvc(14622): onUnbind: Intent { act=com.google.android.gms.common.BIND_SHARED_PREFS pkg=com.google.android.gms }
11-16 08:57:24.125: I/system_server(1260): Waiting for a blocking GC Explicit
11-16 08:57:24.136: I/Adreno(16555): QUALCOMM build                   : 3f88ca2, I42f6fe38fb
11-16 08:57:24.136: I/Adreno(16555): Build Date                       : 07/13/18
11-16 08:57:24.136: I/Adreno(16555): OpenGL ES Shader Compiler Version: EV031.24.00.00
11-16 08:57:24.136: I/Adreno(16555): Local Branch                     : 50.04
11-16 08:57:24.136: I/Adreno(16555): Remote Branch                    : 
11-16 08:57:24.136: I/Adreno(16555): Remote Branch                    : 
11-16 08:57:24.136: I/Adreno(16555): Reconstruct Branch               : 
11-16 08:57:24.136: I/Adreno(16555): Build Config                     : S P 4.0.10 AArch64
11-16 08:57:24.137: I/Adreno(16555): PFP: 0x016ee170, ME: 0x00000000
11-16 08:57:24.138: I/ConfigStore(16555): android::hardware::configstore::V1_0::ISurfaceFlingerConfigs::hasWideColorDisplay retrieved: 1
11-16 08:57:24.138: I/ConfigStore(16555): android::hardware::configstore::V1_0::ISurfaceFlingerConfigs::hasHDRDisplay retrieved: 1
11-16 08:57:24.148: D/BoundBrokerSvc(14622): onUnbind: Intent { act=com.google.android.gms.auth.key.retrieval.service.START cmp=com.google.android.gms/.chimera.GmsApiService }
11-16 08:57:24.161: W/system_server(1260): Unknown chunk type '200'.
11-16 08:57:24.161: W/ChimeraUtils(11258): Module com.google.android.gms.nearby_en has empty metadata display_name_string_id
11-16 08:57:24.180: W/ChimeraUtils(11258): Module com.google.android.gms.nearby_en has empty metadata display_name_string_id
11-16 08:57:24.182: I/e.process.gapp(16128): Waiting for a blocking GC ProfileSaver
11-16 08:57:24.186: W/ChimeraUtils(11258): Module com.google.android.gms.nearby_en has empty metadata display_name_string_id
11-16 08:57:24.193: I/system_server(1260): Background concurrent copying GC freed 127924(6MB) AllocSpace objects, 24(992KB) LOS objects, 42% free, 18MB/32MB, paused 55us total 167.600ms
11-16 08:57:24.193: I/system_server(1260): WaitForGcToComplete blocked Explicit on HeapTrim for 68.390ms
11-16 08:57:24.194: I/Icing(14622): Indexing com.google.android.gms-apps from com.google.android.gms
11-16 08:57:24.199: W/PackageParser(1260): Unknown element under <manifest>: queries at /data/app/vmdl2142996688.tmp/base.apk Binary XML file line #18
11-16 08:57:24.273: I/Icing(14622): Indexing done com.google.android.gms-apps
11-16 08:57:24.273: I/Icing(14622): [ 11-16 08:57:24.276   821: 1446 E/         ]
11-16 08:57:24.273: I/Icing(14622): Couldn't opendir /data/app/vmdl2142996688.tmp: No such file or directory
11-16 08:57:24.276: W/ComponentDiscovery(16525): Application info not found.
11-16 08:57:24.276: W/ComponentDiscovery(16525): Could not retrieve metadata, returning empty list of registrars.
11-16 08:57:24.276: E/installd(821): Failed to delete /data/app/vmdl2142996688.tmp: No such file or directory
11-16 08:57:24.279: D/ImsResolver(3838): maybeAddedImsService, packageName: androidx.lifecycle.ktx.test
11-16 08:57:24.282: I/Finsky(13091): [2] yeh.d(13): PackageMonitorReceiverImpl - Received: android.intent.action.PACKAGE_ADDED, [12EpOb47UTKyExV0xCu3EyC5awyHK-nAeF1BkMlNmQE]
11-16 08:57:24.282: I/Finsky(13091): [2] yfi.g(1): Invalidating cached PackageState for androidx.lifecycle.ktx.test
11-16 08:57:24.287: I/CarrierServices(9978): [2] RcsAutoStartReceiver.b: carrierServicesJibeServiceEnabled changed from true to true
11-16 08:57:24.288: I/CarrierServices(9978): [2] RcsAutoStartReceiver.b: enableRcs changed from true to true
11-16 08:57:24.290: I/CarrierServices(9978): [2] RcsAutoStartReceiver.b: RcsAutoStartReceiver triggered. Fetching RCS State. Action: android.intent.action.PACKAGE_ADDED
11-16 08:57:24.290: I/Telecom(1260): DefaultDialerCache: Refreshing default dialer for user 0: now com.google.android.dialer: DDC.oR@AJo
11-16 08:57:24.294: W/BroadcastQueue(1260): Background execution not allowed: receiving Intent { act=android.intent.action.PACKAGE_ADDED dat=package:androidx.lifecycle.ktx.test flg=0x4000010 (has extras) } to com.android.musicfx/.Compatibility$Receiver
11-16 08:57:24.296: I/Finsky(13091): [2] owk.d(2): Frosting ID looked up on UI thread. Caller should move to a background thread.
11-16 08:57:24.297: I/Finsky(13091): [257] ovx.run(16): Wrote row to frosting DB: 214
11-16 08:57:24.303: I/CarrierServices(9978): [2] aws.a: Migration binding to RcsMigrationService
11-16 08:57:24.303: W/BroadcastQueue(1260): Background execution not allowed: receiving Intent { act=android.intent.action.PACKAGE_ADDED dat=package:androidx.lifecycle.ktx.test flg=0x4000010 (has extras) } to com.android.vending/com.google.android.finsky.packagemanager.impl.PackageMonitorReceiverImpl$RegisteredReceiver
11-16 08:57:24.303: W/BroadcastQueue(1260): Background execution not allowed: receiving Intent { act=android.intent.action.PACKAGE_ADDED dat=package:androidx.lifecycle.ktx.test flg=0x4000010 (has extras) } to com.google.android.gms/.games.chimera.GamesSystemBroadcastReceiverProxy
11-16 08:57:24.304: W/BroadcastQueue(1260): Background execution not allowed: receiving Intent { act=android.intent.action.PACKAGE_ADDED dat=package:androidx.lifecycle.ktx.test flg=0x4000010 (has extras) } to com.google.android.gms/.gass.chimera.PackageChangeBroadcastReceiver
11-16 08:57:24.304: W/BroadcastQueue(1260): Background execution not allowed: receiving Intent { act=android.intent.action.PACKAGE_ADDED dat=package:androidx.lifecycle.ktx.test flg=0x4000010 (has extras) } to com.google.android.gms/.chimera.GmsIntentOperationService$PersistentTrustedReceiver
11-16 08:57:24.304: W/BroadcastQueue(1260): Background execution not allowed: receiving Intent { act=android.intent.action.PACKAGE_ADDED dat=package:androidx.lifecycle.ktx.test flg=0x4000010 (has extras) } to com.google.android.googlequicksearchbox/com.google.android.apps.gsa.googlequicksearchbox.GelStubAppWatcher
11-16 08:57:24.304: W/BroadcastQueue(1260): Background execution not allowed: receiving Intent { act=android.intent.action.PACKAGE_ADDED dat=package:androidx.lifecycle.ktx.test flg=0x4000010 (has extras) } to com.google.android.ims/.receivers.RcsAutoStartReceiver
11-16 08:57:24.305: I/system_server(1260): Explicit concurrent copying GC freed 33468(1888KB) AllocSpace objects, 15(684KB) LOS objects, 42% free, 18MB/32MB, paused 145us total 111.403ms
11-16 08:57:24.306: V/BackupManagerConstants(1260): getFullBackupIntervalMilliseconds(...) returns 86400000
11-16 08:57:24.307: I/BugleDataModel(10028): RcsMigrationService: Returning RCS state provider.
11-16 08:57:24.308: I/system_server(1260): WaitForGcToComplete blocked Background on HeapTrim for 32.403ms
11-16 08:57:24.310: I/Finsky(13091): [2] amas.a(3): Do not start WearSupportService due to Wear service optimization
11-16 08:57:24.313: I/BugleRcsEngine(10028): [626] pot.a: Sim state is not ready. Returning last known operation mode.
11-16 08:57:24.314: I/CarrierServices(9978): [583] awt.doInBackground: Saving RCS State
11-16 08:57:24.314: I/CarrierServices(9978): [583] awt.doInBackground: Old operation mode: 0
11-16 08:57:24.315: I/CarrierServices(9978): [583] awt.doInBackground: New operation mode: 0
11-16 08:57:24.316: I/CarrierServices(9978): [2] aww.a: Unbinding RcsMigrationService
11-16 08:57:24.316: I/Finsky(13091): [2] amas.a(3): Do not start WearSupportService due to Wear service optimization
11-16 08:57:24.318: I/Finsky(13091): [2] aeak.a(8): Clearing split related stale data.
11-16 08:57:24.319: I/Finsky(13091): [259] gxq.a(12): Asset module storage cleared for package androidx.lifecycle.ktx.test.
11-16 08:57:24.321: I/id.partnersetu(16146): Waiting for a blocking GC ProfileSaver
11-16 08:57:24.322: D/RegisteredNfcFServicesCache(4186): Service unchanged, not updating
11-16 08:57:24.322: I/InputReader(1260): Reconfiguring input devices.  changes=0x00000010
11-16 08:57:24.323: I/Finsky(13091): [2] owk.d(2): Frosting ID looked up on UI thread. Caller should move to a background thread.
11-16 08:57:24.326: E/PhoneInterfaceManager(3838): [PhoneIntfMgr] getCarrierPackageNamesForIntent: No UICC
11-16 08:57:24.326: D/CarrierSvcBindHelper(3838): No carrier app for: 0
11-16 08:57:24.329: I/Finsky(13091): [258] jnw.a(15): [ContentSync] finished, scheduled=false
11-16 08:57:24.330: I/Auth(14622): [SupervisedAccountIntentOperation] onHandleIntent(): android.intent.action.PACKAGE_ADDED
11-16 08:57:24.331: I/ActivityManager(1260): Killing 15126:com.google.android.wfcactivation/u0a54 (adj 906): empty #17
11-16 08:57:24.331: W/libprocessgroup(1260): kill(-15126, 9) failed: No such process
11-16 08:57:24.332: I/BlockstoreStorage(14622): Clearing Blockstore Data for package androidx.lifecycle.ktx.test [CONTEXT service_id=258 ]
11-16 08:57:24.332: I/BlockstoreStorage(14622): No metadata found. Skipping deletion. [CONTEXT service_id=258 ]
11-16 08:57:24.333: I/id.partnersetu(16146): WaitForGcToComplete blocked ProfileSaver on HeapTrim for 12.568ms
11-16 08:57:24.337: D/BoundBrokerSvc(14622): onBind: Intent { act=com.google.android.gms.common.BIND_SHARED_PREFS pkg=com.google.android.gms }
11-16 08:57:24.338: D/BoundBrokerSvc(14622): Loading bound service for intent: Intent { act=com.google.android.gms.common.BIND_SHARED_PREFS pkg=com.google.android.gms }
11-16 08:57:24.339: W/GCM(11258): Unexpected forwarded intent: Intent { act=android.intent.action.PACKAGE_ADDED dat=package:androidx.lifecycle.ktx.test flg=0x4000010 pkg=com.google.android.gms cmp=com.google.android.gms/.chimera.PersistentIntentOperationService (has extras) }
11-16 08:57:24.339: I/FontLog(11258): Package androidx.lifecycle.ktx.test has no metadata [CONTEXT service_id=132 ]
11-16 08:57:24.339: E/VvmPkgInstalledRcvr(3838): cannot create TelephonyManager from ComponentInfo{com.android.phone/com.android.services.telephony.TelephonyConnectionService}, ***, UserHandle{0}
11-16 08:57:24.339: W/GCM(11258): Unexpected forwarded intent: Intent { act=android.intent.action.PACKAGE_ADDED dat=package:androidx.lifecycle.ktx.test flg=0x4000010 pkg=com.google.android.gms cmp=com.google.android.gms/.chimera.PersistentIntentOperationService (has extras) }
11-16 08:57:24.339: D/CarrierConfigLoader(3838): mHandler: 9 phoneId: 0
11-16 08:57:24.344: I/Finsky(13091): [257] ovx.run(16): Wrote row to frosting DB: 215
11-16 08:57:24.345: W/ProviderHelper(14622): Unknown dynamite feature providerinstaller.dynamite
11-16 08:57:24.346: I/DynamiteModule(14622): Considering local module com.google.android.gms.providerinstaller.dynamite:1 and remote module com.google.android.gms.providerinstaller.dynamite:0
11-16 08:57:24.346: I/DynamiteModule(14622): Selected local version of com.google.android.gms.providerinstaller.dynamite
11-16 08:57:24.348: I/Zygote(739): Process 15126 exited due to signal (9)
11-16 08:57:24.356: E/droid.apps.map(16661): Not starting debugger since process cannot load the jdwp agent.
11-16 08:57:24.359: I/ActivityManager(1260): Start proc 16661:com.google.android.apps.maps/u0a102 for broadcast com.google.android.apps.maps/com.google.android.apps.gmm.notification.channels.NotificationChannelBroadcastReceiver
11-16 08:57:24.367: D/BoundBrokerSvc(14622): onUnbind: Intent { act=com.google.android.gms.common.BIND_SHARED_PREFS pkg=com.google.android.gms }
11-16 08:57:24.373: W/libprocessgroup(1260): kill(-15126, 9) failed: No such process
11-16 08:57:24.373: I/libprocessgroup(1260): Successfully killed process cgroup uid 10054 pid 15126 in 42ms
11-16 08:57:24.379: W/Conscrypt(14622): Could not set socket write timeout: java.net.SocketException: Socket closed
11-16 08:57:24.379: W/ChimeraUtils(11258): Module com.google.android.gms.nearby_en has empty metadata display_name_string_id
11-16 08:57:24.380: W/Conscrypt(14622): 	at com.google.android.gms.org.conscrypt.Platform.setSocketWriteTimeout(:com.google.android.gms@213614028@21.36.14 (100400-395708125):2)
11-16 08:57:24.380: W/Conscrypt(14622): 	at com.google.android.gms.org.conscrypt.ConscryptFileDescriptorSocket.setSoWriteTimeout(:com.google.android.gms@213614028@21.36.14 (100400-395708125):0)
11-16 08:57:24.382: E/akgg(11258): Phenotype API error. Event # btlq@bf0186e3, EventCode: 32 [CONTEXT service_id=51 ]
11-16 08:57:24.382: E/akgg(11258): akfs: 29503
11-16 08:57:24.382: E/akgg(11258): 	at akhi.e(:com.google.android.gms@213614028@21.36.14 (100400-395708125):19)
11-16 08:57:24.382: E/akgg(11258): 	at akgg.d(:com.google.android.gms@213614028@21.36.14 (100400-395708125):4)
11-16 08:57:24.382: E/akgg(11258): 	at akgg.f(:com.google.android.gms@213614028@21.36.14 (100400-395708125):2)
11-16 08:57:24.382: E/akgg(11258): 	at xna.run(:com.google.android.gms@213614028@21.36.14 (100400-395708125):17)
11-16 08:57:24.382: E/akgg(11258): 	at bfyg.run(:com.google.android.gms@213614028@21.36.14 (100400-395708125):2)
11-16 08:57:24.382: E/akgg(11258): 	at rgh.c(:com.google.android.gms@213614028@21.36.14 (100400-395708125):6)
11-16 08:57:24.382: E/akgg(11258): 	at rgh.run(:com.google.android.gms@213614028@21.36.14 (100400-395708125):7)
11-16 08:57:24.382: E/akgg(11258): 	at java.util.concurrent.ThreadPoolExecutor.runWorker(ThreadPoolExecutor.java:1167)
11-16 08:57:24.382: E/akgg(11258): 	at java.util.concurrent.ThreadPoolExecutor$Worker.run(ThreadPoolExecutor.java:641)
11-16 08:57:24.382: E/akgg(11258): 	at rkn.run(:com.google.android.gms@213614028@21.36.14 (100400-395708125):0)
11-16 08:57:24.382: E/akgg(11258): 	at java.lang.Thread.run(Thread.java:764)
11-16 08:57:24.382: E/AsyncOperation(11258): operation=SetAppSpecificPropertiesOperationCall, opStatusCode=29503 [CONTEXT service_id=51 ]
11-16 08:57:24.382: E/AsyncOperation(11258): OperationException[Status{statusCode=unknown status code: 29503, resolution=null}]
11-16 08:57:24.382: E/AsyncOperation(11258): 	at akgg.d(:com.google.android.gms@213614028@21.36.14 (100400-395708125):6)
11-16 08:57:24.382: E/AsyncOperation(11258): 	at akgg.f(:com.google.android.gms@213614028@21.36.14 (100400-395708125):2)
11-16 08:57:24.382: E/AsyncOperation(11258): 	at xna.run(:com.google.android.gms@213614028@21.36.14 (100400-395708125):17)
11-16 08:57:24.382: E/AsyncOperation(11258): 	at bfyg.run(:com.google.android.gms@213614028@21.36.14 (100400-395708125):2)
11-16 08:57:24.382: E/AsyncOperation(11258): 	at rgh.c(:com.google.android.gms@213614028@21.36.14 (100400-395708125):6)
11-16 08:57:24.382: E/AsyncOperation(11258): 	at rgh.run(:com.google.android.gms@213614028@21.36.14 (100400-395708125):7)
11-16 08:57:24.382: E/AsyncOperation(11258): 	at java.util.concurrent.ThreadPoolExecutor.runWorker(ThreadPoolExecutor.java:1167)
11-16 08:57:24.382: E/AsyncOperation(11258): 	at java.util.concurrent.ThreadPoolExecutor$Worker.run(ThreadPoolExecutor.java:641)
11-16 08:57:24.382: E/AsyncOperation(11258): 	at rkn.run(:com.google.android.gms@213614028@21.36.14 (100400-395708125):0)
11-16 08:57:24.382: E/AsyncOperation(11258): 	at java.lang.Thread.run(Thread.java:764)
11-16 08:57:24.383: D/BoundBrokerSvc(14622): onBind: Intent { act=com.google.android.gms.checkin.START pkg=com.google.android.gms }
11-16 08:57:24.383: D/BoundBrokerSvc(14622): Loading bound service for intent: Intent { act=com.google.android.gms.checkin.START pkg=com.google.android.gms }
11-16 08:57:24.385: I/droid.apps.map(16661): The ClassLoaderContext is a special shared library.
11-16 08:57:24.401: W/ChimeraUtils(11258): Module com.google.android.gms.nearby_en has empty metadata display_name_string_id
11-16 08:57:24.405: W/ChimeraUtils(11258): Module com.google.android.gms.nearby_en has empty metadata display_name_string_id
11-16 08:57:24.408: I/Icing(14622): Indexing com.google.android.gms-apps from com.google.android.gms
11-16 08:57:24.409: I/Icing(14622): Indexing done com.google.android.gms-apps
11-16 08:57:24.425: I/elligence.sens(16168): Waiting for a blocking GC ProfileSaver
11-16 08:57:24.431: W/Conscrypt(14622): Could not set socket write timeout: java.net.SocketException: Socket closed
11-16 08:57:24.431: W/Conscrypt(14622): 	at com.google.android.gms.org.conscrypt.Platform.setSocketWriteTimeout(:com.google.android.gms@213614028@21.36.14 (100400-395708125):2)
11-16 08:57:24.431: W/Conscrypt(14622): 	at com.google.android.gms.org.conscrypt.ConscryptFileDescriptorSocket.setSoWriteTimeout(:com.google.android.gms@213614028@21.36.14 (100400-395708125):0)
11-16 08:57:24.439: I/elligence.sens(16168): WaitForGcToComplete blocked ProfileSaver on HeapTrim for 14.165ms
11-16 08:57:24.471: E/ExecutionCriteria(11258): Package unavailable for task: com.google.android.apps.gcs/com.google.android.flib.phenotype.services.PhenotypeExperimentCommitService{u=0 tag="PhenotypeExpCommitSvc" trigger=window{start=0s,end=30s,earliest=-506s,latest=-476s} requirements=[NET_ANY] attributes=[PERSISTED] scheduled=-506s last_run=N/A exec_window_multiplier=1.0000 jid=N/A status=PENDING retries=0 client_lib=MANCHEGO_GCM-11732000} [CONTEXT service_id=218 ]
11-16 08:57:24.729: D/AndroidRuntime(16696): >>>>>> START com.android.internal.os.RuntimeInit uid 2000 <<<<<<
11-16 08:57:24.785: I/app_process(16696): The ClassLoaderContext is a special shared library.
11-16 08:57:24.810: D/AndroidRuntime(16696): Calling main entry com.android.commands.am.Am
11-16 08:57:24.817: I/ActivityManager(1260): Force stopping com.google.android.apps.mtaas.tools appid=10156 user=0: start instr
11-16 08:57:24.839: I/ActivityManager(1260): Start proc 16705:com.google.android.apps.mtaas.tools/u0a156 for added application com.google.android.apps.mtaas.tools
11-16 08:57:24.849: E/pps.mtaas.tool(16705): Not starting debugger since process cannot load the jdwp agent.
11-16 08:57:24.883: I/pps.mtaas.tool(16705): The ClassLoaderContext is a special shared library.
11-16 08:57:24.905: D/DumpStaticPerfEnv(16705): Instrumentation completed successfully
11-16 08:57:24.905: I/ActivityManager(1260): Force stopping com.google.android.apps.mtaas.tools appid=10156 user=0: finished inst
11-16 08:57:24.905: I/ActivityManager(1260): Killing 16705:com.google.android.apps.mtaas.tools/u0a156 (adj 0): stop com.google.android.apps.mtaas.tools
11-16 08:57:24.906: W/Binder(1260): Outgoing transactions from this process must be FLAG_ONEWAY
11-16 08:57:24.906: W/Binder(1260): java.lang.Throwable
11-16 08:57:24.906: W/Binder(1260): 	at android.os.BinderProxy.transact(Binder.java:1116)
11-16 08:57:24.906: W/Binder(1260): 	at android.app.IInstrumentationWatcher$Stub$Proxy.instrumentationFinished(IInstrumentationWatcher.java:164)
11-16 08:57:24.906: W/Binder(1260): 	at com.android.server.am.InstrumentationReporter$MyThread.run(InstrumentationReporter.java:86)
11-16 08:57:24.907: W/libprocessgroup(1260): kill(-16705, 9) failed: No such process
11-16 08:57:24.910: D/AndroidRuntime(16696): Shutting down VM
11-16 08:57:24.913: W/libprocessgroup(1260): kill(-16705, 9) failed: No such process
11-16 08:57:24.919: I/Zygote(739): Process 16705 exited due to signal (9)
11-16 08:57:24.934: I/ActivityManager(1260): Failure reporting to instrumentation watcher: comp=ComponentInfo{com.google.android.apps.mtaas.tools/com.google.android.apps.mtaas.tools.instrumentations.DumpStaticPerfEnv} results=Bundle[mParcelledData.dataSize=848]
11-16 08:57:24.934: W/libprocessgroup(1260): kill(-16705, 9) failed: No such process
11-16 08:57:24.934: I/libprocessgroup(1260): Successfully killed process cgroup uid 10156 pid 16705 in 27ms
11-16 08:57:25.140: D/AndroidRuntime(16727): >>>>>> START com.android.internal.os.RuntimeInit uid 2000 <<<<<<
11-16 08:57:25.195: I/app_process(16727): The ClassLoaderContext is a special shared library.
11-16 08:57:25.220: D/AndroidRuntime(16727): Calling main entry com.android.commands.am.Am
11-16 08:57:25.225: I/ActivityManager(1260): Force stopping com.google.android.apps.mtaas.tools appid=10156 user=0: start instr
11-16 08:57:25.249: I/ActivityManager(1260): Start proc 16736:com.google.android.apps.mtaas.tools/u0a156 for added application com.google.android.apps.mtaas.tools
11-16 08:57:25.260: E/pps.mtaas.tool(16736): Not starting debugger since process cannot load the jdwp agent.
11-16 08:57:25.306: I/pps.mtaas.tool(16736): The ClassLoaderContext is a special shared library.
11-16 08:57:25.326: D/GetPackageUid(16736): Instrumentation completed successfully
11-16 08:57:25.326: I/ActivityManager(1260): Force stopping com.google.android.apps.mtaas.tools appid=10156 user=0: finished inst
11-16 08:57:25.326: W/Binder(1260): Outgoing transactions from this process must be FLAG_ONEWAY
11-16 08:57:25.326: W/Binder(1260): java.lang.Throwable
11-16 08:57:25.326: W/Binder(1260): 	at android.os.BinderProxy.transact(Binder.java:1116)
11-16 08:57:25.326: W/Binder(1260): 	at android.app.IInstrumentationWatcher$Stub$Proxy.instrumentationFinished(IInstrumentationWatcher.java:164)
11-16 08:57:25.326: W/Binder(1260): 	at com.android.server.am.InstrumentationReporter$MyThread.run(InstrumentationReporter.java:86)
11-16 08:57:25.326: I/ActivityManager(1260): Killing 16736:com.google.android.apps.mtaas.tools/u0a156 (adj 0): stop com.google.android.apps.mtaas.tools
11-16 08:57:25.327: W/libprocessgroup(1260): kill(-16736, 9) failed: No such process
11-16 08:57:25.329: D/AndroidRuntime(16727): Shutting down VM
11-16 08:57:25.334: I/Zygote(739): Process 16736 exited due to signal (9)
11-16 08:57:25.352: W/libprocessgroup(1260): kill(-16736, 9) failed: No such process
11-16 08:57:25.352: I/libprocessgroup(1260): Successfully killed process cgroup uid 10156 pid 16736 in 25ms
11-16 08:57:25.488: W/System(16215): A resource failed to call close. 
11-16 08:57:25.540: W/droid.apps.map(16661): JIT profile information will not be recorded: profile file does not exits.
11-16 08:57:25.892: E/libc(16661): Access denied finding property "vendor.debug.egl.profiler"
11-16 08:57:25.889: W/DefaultPool4(16661): type=1400 audit(0.0:228): avc: denied { read } for name="u:object_r:vendor_default_prop:s0" dev="tmpfs" ino=19843 scontext=u:r:untrusted_app:s0:c102,c256,c512,c768 tcontext=u:object_r:vendor_default_prop:s0 tclass=file permissive=0
11-16 08:57:25.894: I/Adreno(16661): QUALCOMM build                   : 3f88ca2, I42f6fe38fb
11-16 08:57:25.894: I/Adreno(16661): Build Date                       : 07/13/18
11-16 08:57:25.894: I/Adreno(16661): OpenGL ES Shader Compiler Version: EV031.24.00.00
11-16 08:57:25.894: I/Adreno(16661): Local Branch                     : 50.04
11-16 08:57:25.894: I/Adreno(16661): Remote Branch                    : 
11-16 08:57:25.894: I/Adreno(16661): Remote Branch                    : 
11-16 08:57:25.894: I/Adreno(16661): Reconstruct Branch               : 
11-16 08:57:25.894: I/Adreno(16661): Build Config                     : S P 4.0.10 AArch64
11-16 08:57:25.903: E/libc(16661): Access denied finding property "ro.vendor.graphics.memory"
11-16 08:57:25.904: I/Adreno(16661): PFP: 0x016ee170, ME: 0x00000000
11-16 08:57:25.899: W/DefaultPool4(16661): type=1400 audit(0.0:229): avc: denied { read } for name="u:object_r:vendor_default_prop:s0" dev="tmpfs" ino=19843 scontext=u:r:untrusted_app:s0:c102,c256,c512,c768 tcontext=u:object_r:vendor_default_prop:s0 tclass=file permissive=0
11-16 08:57:25.907: D/fpc_hidl(16787): fpc fingerprint hwbinder service starting
11-16 08:57:25.907: D/QSEECOMAPI(16787): QSEECom_get_handle sb_length = 0x80
11-16 08:57:25.908: D/QSEECOMAPI(16787): App is not loaded in QSEE
11-16 08:57:25.908: D/QSEECOMAPI(16787): app_arch = 2, total_files = 9
11-16 08:57:25.922: I/ConfigStore(16661): android::hardware::configstore::V1_0::ISurfaceFlingerConfigs::hasWideColorDisplay retrieved: 1
11-16 08:57:25.923: I/ConfigStore(16661): android::hardware::configstore::V1_0::ISurfaceFlingerConfigs::hasHDRDisplay retrieved: 1
11-16 08:57:25.955: D/BoundBrokerSvc(11258): onBind: Intent { act=com.google.android.gms.clearcut.bootcount.service.START pkg=com.google.android.gms }
11-16 08:57:25.955: D/BoundBrokerSvc(11258): Loading bound service for intent: Intent { act=com.google.android.gms.clearcut.bootcount.service.START pkg=com.google.android.gms }
11-16 08:57:25.965: D/QSEECOMAPI(16787): Loaded image: APP id = 125
11-16 08:57:25.969: E/fpc_tac(16787): fpcbuildinfo : 575ddab5b91efea67ee1d200fc813ff2fpc_bio=bd35c3fec78219829149bea6c9ec961e6f655b90C:prodtestlib=4304cf5c884c198624b749af3482befacbd3028eC:fpc_c_core=dc194509594e837dedfb5452aaf06fcb61977135C:fpc_lib=cd5b7b876c3d69afa68a11ac6fd86f873e70817bC:cac=297e11552c60a3607ed664cf44c3e4b36ab2e737C:fpc_bio_interface=94a457caecae31eca8ef04b64c3f82a018e9bbc0C:fpc_sensor=ba909a5500944acafe47a0ef3a49f89509aadfb6C:tools_core=94ddf1e684cfa6c99f0f237f7cc35f3962e0e597C:sensor_settings=4fcf864fb493ae0272a9b2806446b379d99fd8ceC:fingerprint_ta=066bc0ab880960a4a69b74a328c7d7871c72225bC:fingerprint_pal=0deb9a478a3572872639f9cb2559ccc464ee3f9bC:manifests=dcb3d8ab0bdb7a5b341839d8c75bb88fc7f5e1a4C:Manifesttag=SW23.3.0-PDR1.0.5:jenkins@84ffd74dac44:Thu,17May201810:17:08+0200:FPC_SENSOR_TYPE=FPC_SENSOR_TYPE_FPC1270:FPC_CC_TYPE=FPC_COMPANION_CHIP_FPC2050:FPC_C_TYPE=FPC_COATING_NORMAL
11-16 08:57:25.969: E/fpc_tac(16787): fpcbuildtype : build=RELEASE sensor=9
11-16 08:57:25.970: W/EventHub(1260): Unable to disable kernel key repeat for /dev/input/event3: Function not implemented
11-16 08:57:25.970: I/EventHub(1260): wakeMechanism=EPOLLWAKEUP, usingClockIoctl=true
11-16 08:57:25.970: I/EventHub(1260): New device: id=125, fd=344, path='/dev/input/event3', name='uinput-fpc', classes=0x101, configuration='/system/usr/idc/uinput-fpc.idc', keyLayout='/system/usr/keylayout/uinput-fpc.kl', keyCharacterMap='/system/usr/keychars/Generic.kcm', builtinKeyboard=true, 
11-16 08:57:25.970: W/InputReader(1260): Ignoring spurious device added event for deviceId 0.
11-16 08:57:26.003: I/ActivityManager(1260): Killing 16056:com.android.connectivity.metrics/u0a57 (adj 906): empty #17
11-16 08:57:26.003: W/libprocessgroup(1260): kill(-16056, 9) failed: No such process
11-16 08:57:26.014: I/ActivityManager(1260): Start proc 16806:com.google.android.apps.photos/u0a104 for broadcast com.google.android.apps.photos/.localization.LocaleChangedReceiver
11-16 08:57:26.015: E/oid.apps.photo(16806): Not starting debugger since process cannot load the jdwp agent.
11-16 08:57:26.017: W/libprocessgroup(1260): kill(-16056, 9) failed: No such process
11-16 08:57:26.028: W/libprocessgroup(1260): kill(-16056, 9) failed: No such process
11-16 08:57:26.028: I/oid.apps.photo(16806): The ClassLoaderContext is a special shared library.
11-16 08:57:26.034: W/libprocessgroup(1260): kill(-16056, 9) failed: No such process
11-16 08:57:26.049: I/Zygote(739): Process 16056 exited due to signal (9)
11-16 08:57:26.077: W/libprocessgroup(1260): kill(-16056, 9) failed: No such process
11-16 08:57:26.077: I/libprocessgroup(1260): Successfully killed process cgroup uid 10057 pid 16056 in 73ms
11-16 08:57:26.082: W/atrace(16831): type=1400 audit(0.0:230): avc: denied { write } for name="enable" dev="tracefs" ino=11987 scontext=u:r:shell:s0 tcontext=u:object_r:debugfs_tracing_debug:s0 tclass=file permissive=0
11-16 08:57:26.135: D/ConnectivityService(1260): Returning BLOCKED NetworkInfo to uid=10102
11-16 08:57:26.598: V/BackupManagerConstants(1260): getFullBackupRequiredNetworkType(...) returns 2
11-16 08:57:26.598: V/BackupManagerConstants(1260): getFullBackupRequireCharging(...) returns true
11-16 08:57:26.663: W/oid.apps.photo(16806): JIT profile information will not be recorded: profile file does not exits.
11-16 08:57:26.663: W/oid.apps.photo(16806): JIT profile information will not be recorded: profile file does not exits.
11-16 08:57:26.722: D/BoundBrokerSvc(14622): onBind: Intent { act=com.google.android.gms.measurement.START pkg=com.google.android.gms }
11-16 08:57:26.722: D/BoundBrokerSvc(14622): Loading bound service for intent: Intent { act=com.google.android.gms.measurement.START pkg=com.google.android.gms }
11-16 08:57:26.748: I/FA-SVC(14622): App measurement initialized, version: 213614
11-16 08:57:26.783: D/QSEECOMAPI(16787): QSEECom_get_handle sb_length = 0x400
11-16 08:57:26.783: D/QSEECOMAPI(16787): App is already loaded QSEE and app id = 1
11-16 08:57:26.786: E/fpc_tac(16787): qsee_km_get_encapsulated_key KEYMASTER_GET_AUTH_TOKEN_KEY returned status=-24
11-16 08:57:26.786: D/QSEECOMAPI(16787): QSEECom_dealloc_memory 
11-16 08:57:26.786: D/QSEECOMAPI(16787): QSEECom_shutdown_app, app_id = 1
11-16 08:57:26.786: E/fpc_fingerprint_hal(16787): fpc_hal_open failed
11-16 08:57:26.787: I/EventHub(1260): Removing device uinput-fpc due to epoll hang-up event.
11-16 08:57:26.787: I/EventHub(1260): Removed device: path=/dev/input/event3 name=uinput-fpc id=125 fd=344 classes=0x101
11-16 08:57:26.787: W/EventHub(1260): built-in keyboard device /dev/input/event3 (id=125) is closing! the apps will not like this
11-16 08:57:26.788: W/InputReader(1260): Ignoring spurious device removed event for deviceId 125.
11-16 08:57:26.789: I/EventHub(1260): Removing device '/dev/input/event3' due to inotify event
11-16 08:57:26.805: D/QSEECOMAPI(16787): QSEECom_dealloc_memory 
11-16 08:57:26.805: D/QSEECOMAPI(16787): QSEECom_shutdown_app, app_id = 125
11-16 08:57:26.844: V/BackupManagerConstants(1260): getFullBackupRequiredNetworkType(...) returns 2
11-16 08:57:26.844: V/BackupManagerConstants(1260): getFullBackupRequireCharging(...) returns true
11-16 08:57:26.892: W/DynamiteModule(16525): Local module descriptor class for providerinstaller not found.
11-16 08:57:26.896: W/ProviderHelper(11258): Unknown dynamite feature providerinstaller
11-16 08:57:26.901: W/ProviderInstaller(16525): Failed to load providerinstaller module: No acceptable module found. Local version is 0 and remote version is 0.
11-16 08:57:26.905: I/ActivityManager(1260): Killing 16075:com.google.android.apps.multidevice.client/u0a72 (adj 906): empty #17
11-16 08:57:26.905: W/libprocessgroup(1260): kill(-16075, 9) failed: No such process
11-16 08:57:26.905: W/droid.apps.doc(16525): Unknown chunk type '200'.
11-16 08:57:26.916: I/ActivityManager(1260): Start proc 16874:com.google.android.apps.tips/u0a52 for broadcast com.google.android.apps.tips/.onboarding.LocaleChangedReceiver
11-16 08:57:26.916: E/droid.apps.tip(16874): Not starting debugger since process cannot load the jdwp agent.
11-16 08:57:26.921: W/libprocessgroup(1260): kill(-16075, 9) failed: No such process
11-16 08:57:26.921: I/Zygote(739): Process 16075 exited due to signal (9)
11-16 08:57:26.921: I/libprocessgroup(1260): Successfully killed process cgroup uid 10072 pid 16075 in 15ms
11-16 08:57:26.928: I/droid.apps.doc(16525): The ClassLoaderContext is a special shared library.
11-16 08:57:26.962: I/ActivityManager(1260): Start proc 16891:com.google.android.apps.wellbeing/u0a26 for broadcast com.google.android.apps.wellbeing/.api.launcher.impl.LauncherActionsChangedBroadcastReceiver_Receiver
11-16 08:57:26.929: I/chatty(16525): uid=10128(com.google.android.apps.docs) TaskSchedulerLo identical 1 line
11-16 08:57:26.935: I/droid.apps.doc(16525): The ClassLoaderContext is a special shared library.
11-16 08:57:26.964: E/.apps.wellbein(16891): Not starting debugger since process cannot load the jdwp agent.
11-16 08:57:26.984: I/.apps.wellbein(16891): The ClassLoaderContext is a special shared library.
11-16 08:57:26.990: I/PublicSearchService(10234): Calling beginSession().
11-16 08:57:26.991: W/PublicSearchService(10234): Invalid client config. Failed to begin session.
11-16 08:57:26.991: E/tips-smartspace-binder(16874): PSS session is null
11-16 08:57:26.995: V/NativeCrypto(16525): Registering com/google/android/gms/org/conscrypt/NativeCrypto's 294 native methods...
11-16 08:57:27.005: I/ActivityManager(1260): Killing 16097:com.google.android.euicc/u0a67 (adj 906): empty #17
11-16 08:57:27.005: W/libprocessgroup(1260): kill(-16097, 9) failed: No such process
11-16 08:57:27.028: I/Zygote(739): Process 16097 exited due to signal (9)
11-16 08:57:27.050: W/libprocessgroup(1260): kill(-16097, 9) failed: No such process
11-16 08:57:27.050: I/libprocessgroup(1260): Successfully killed process cgroup uid 10067 pid 16097 in 45ms
11-16 08:57:27.055: D/NetworkSecurityConfig(16525): Using Network Security Config from resource network_security_config debugBuild: false
11-16 08:57:27.058: I/ProviderInstaller(16525): Installed default security provider GmsCore_OpenSSL
11-16 08:57:27.122: I/MultiDex(16891): VM with version 2.1.0 has multidex support
11-16 08:57:27.122: I/MultiDex(16891): install
11-16 08:57:27.122: I/MultiDex(16891): VM has multidex support, MultiDex support library is disabled.
11-16 08:57:27.241: I/EventLogSendingHelper(10234): Sending log events.
11-16 08:57:27.246: I/hiy(16891): SslGuard completed installation.
11-16 08:57:27.312: W/PrimesInit(16891): Primes instant initialization
11-16 08:57:27.313: W/Primes(16891): background initialization
11-16 08:57:27.330: I/PrimesTesting(16891): GserviceFlagsSupplier.get()
11-16 08:57:27.337: E/akgg(11258): Phenotype API error. Event # btlq@1e51bafc, EventCode: 5 [CONTEXT service_id=51 ]
11-16 08:57:27.337: E/akgg(11258): akfs: 29501: Stale snapshot (change count changed - expected 3  but was 2)
11-16 08:57:27.337: E/akgg(11258): 	at akgi.b(:com.google.android.gms@213614028@21.36.14 (100400-395708125):14)
11-16 08:57:27.337: E/akgg(11258): 	at akgh.e(:com.google.android.gms@213614028@21.36.14 (100400-395708125):0)
11-16 08:57:27.337: E/akgg(11258): 	at akgg.d(:com.google.android.gms@213614028@21.36.14 (100400-395708125):4)
11-16 08:57:27.337: E/akgg(11258): 	at akgg.f(:com.google.android.gms@213614028@21.36.14 (100400-395708125):2)
11-16 08:57:27.337: E/akgg(11258): 	at xna.run(:com.google.android.gms@213614028@21.36.14 (100400-395708125):17)
11-16 08:57:27.337: E/akgg(11258): 	at bfyg.run(:com.google.android.gms@213614028@21.36.14 (100400-395708125):2)
11-16 08:57:27.337: E/akgg(11258): 	at rgh.c(:com.google.android.gms@213614028@21.36.14 (100400-395708125):6)
11-16 08:57:27.337: E/akgg(11258): 	at rgh.run(:com.google.android.gms@213614028@21.36.14 (100400-395708125):7)
11-16 08:57:27.337: E/akgg(11258): 	at java.util.concurrent.ThreadPoolExecutor.runWorker(ThreadPoolExecutor.java:1167)
11-16 08:57:27.337: E/akgg(11258): 	at java.util.concurrent.ThreadPoolExecutor$Worker.run(ThreadPoolExecutor.java:641)
11-16 08:57:27.337: E/akgg(11258): 	at rkn.run(:com.google.android.gms@213614028@21.36.14 (100400-395708125):0)
11-16 08:57:27.337: E/akgg(11258): 	at java.lang.Thread.run(Thread.java:764)
11-16 08:57:27.338: E/AsyncOperation(11258): operation=CommitToConfigurationOperationCall, opStatusCode=29501 [CONTEXT service_id=51 ]
11-16 08:57:27.338: E/AsyncOperation(11258): OperationException[Status{statusCode=Stale snapshot (change count changed - expected 3  but was 2), resolution=null}]
11-16 08:57:27.338: E/AsyncOperation(11258): 	at akgg.d(:com.google.android.gms@213614028@21.36.14 (100400-395708125):6)
11-16 08:57:27.338: E/AsyncOperation(11258): 	at akgg.f(:com.google.android.gms@213614028@21.36.14 (100400-395708125):2)
11-16 08:57:27.338: E/AsyncOperation(11258): 	at xna.run(:com.google.android.gms@213614028@21.36.14 (100400-395708125):17)
11-16 08:57:27.338: E/AsyncOperation(11258): 	at bfyg.run(:com.google.android.gms@213614028@21.36.14 (100400-395708125):2)
11-16 08:57:27.338: E/AsyncOperation(11258): 	at rgh.c(:com.google.android.gms@213614028@21.36.14 (100400-395708125):6)
11-16 08:57:27.338: E/AsyncOperation(11258): 	at rgh.run(:com.google.android.gms@213614028@21.36.14 (100400-395708125):7)
11-16 08:57:27.338: E/AsyncOperation(11258): 	at java.util.concurrent.ThreadPoolExecutor.runWorker(ThreadPoolExecutor.java:1167)
11-16 08:57:27.338: E/AsyncOperation(11258): 	at java.util.concurrent.ThreadPoolExecutor$Worker.run(ThreadPoolExecutor.java:641)
11-16 08:57:27.338: E/AsyncOperation(11258): 	at rkn.run(:com.google.android.gms@213614028@21.36.14 (100400-395708125):0)
11-16 08:57:27.338: E/AsyncOperation(11258): 	at java.lang.Thread.run(Thread.java:764)
11-16 08:57:27.341: E/MendelPackageState(16891): Failed to commit to config
11-16 08:57:27.341: E/MendelPackageState(16891): fct: 29501: Stale snapshot (change count changed - expected 3  but was 2)
11-16 08:57:27.341: E/MendelPackageState(16891): 	at fhj.a(PG:4)
11-16 08:57:27.341: E/MendelPackageState(16891): 	at fhj.a(PG:1)
11-16 08:57:27.341: E/MendelPackageState(16891): 	at fss.e(PG:6)
11-16 08:57:27.341: E/MendelPackageState(16891): 	at fsx.a(PG:34)
11-16 08:57:27.341: E/MendelPackageState(16891): 	at bdt.onTransact(PG:4)
11-16 08:57:27.341: E/MendelPackageState(16891): 	at android.os.Binder.execTransact(Binder.java:731)
11-16 08:57:27.721: I/ActivityManager(1260): Killing 10045:com.google.android.apps.messaging:rcs/u0a111 (adj 1001): empty #17
11-16 08:57:27.723: W/libprocessgroup(1260): kill(-10045, 9) failed: No such process
11-16 08:57:27.732: I/ActivityManager(1260): Start proc 16934:com.google.android.as:nonpersistent/u0a43 for broadcast com.google.android.as/com.google.android.apps.miphone.aiai.allapps.broadcastreceiver.SystemBroadcastReceiver
11-16 08:57:27.738: E/s:nonpersisten(16934): Not starting debugger since process cannot load the jdwp agent.
11-16 08:57:27.742: W/libprocessgroup(1260): kill(-10045, 9) failed: No such process
11-16 08:57:27.747: D/ConnectivityService(1260): ConnectivityService NetworkRequestInfo binderDied(NetworkRequest [ TRACK_DEFAULT id=26, [ Capabilities: INTERNET&NOT_RESTRICTED&TRUSTED Unwanted:  Uid: 10111] ], android.os.BinderProxy@e1930ca)
11-16 08:57:27.747: D/ConnectivityService(1260): releasing NetworkRequest [ TRACK_DEFAULT id=26, [ Capabilities: INTERNET&NOT_RESTRICTED&TRUSTED Unwanted:  Uid: 10111] ] (release request)
11-16 08:57:27.748: I/Zygote(739): Process 10045 exited due to signal (9)
11-16 08:57:27.749: W/libprocessgroup(1260): kill(-10045, 9) failed: No such process
11-16 08:57:27.749: I/libprocessgroup(1260): Successfully killed process cgroup uid 10111 pid 10045 in 27ms
11-16 08:57:27.751: W/ActivityManager(1260): Scheduling restart of crashed service com.google.android.apps.messaging/com.google.android.ims.service.JibeService in 1000ms
11-16 08:57:27.788: I/cr_CronetLibraryLoader(16934): Cronet version: 68.0.3430.2, arch: armv8l
11-16 08:57:27.799: I/AiAi(16934): AiAi onCreate, isDebug: false
11-16 08:57:27.808: I/AiAiMatchmaker(16934): Install SilentFeedback Handler: true
11-16 08:57:27.811: I/ActivityManager(1260): Killing 9978:com.google.android.ims/u0a25 (adj 906): empty #17
11-16 08:57:27.812: W/libprocessgroup(1260): kill(-9978, 9) failed: No such process
11-16 08:57:27.825: I/ActivityManager(1260): Start proc 16965:com.google.android.calendar/u0a124 for broadcast com.google.android.calendar/com.android.calendar.widget.CalendarAppWidgetProvider
11-16 08:57:27.824: W/libprocessgroup(1260): kill(-9978, 9) failed: No such process
11-16 08:57:27.830: E/ndroid.calenda(16965): Not starting debugger since process cannot load the jdwp agent.
11-16 08:57:27.831: D/ConnectivityService(1260): ConnectivityService NetworkRequestInfo binderDied(NetworkRequest [ TRACK_DEFAULT id=25, [ Capabilities: INTERNET&NOT_RESTRICTED&TRUSTED Unwanted:  Uid: 10025] ], android.os.BinderProxy@3e00c88)
11-16 08:57:27.831: D/ConnectivityService(1260): releasing NetworkRequest [ TRACK_DEFAULT id=25, [ Capabilities: INTERNET&NOT_RESTRICTED&TRUSTED Unwanted:  Uid: 10025] ] (release request)
11-16 08:57:27.834: I/Zygote(739): Process 9978 exited due to signal (9)
11-16 08:57:27.854: I/Finsky(13091): [258] abzb.b(5): SCH: Jobs in database: 1-1337 3-1 12-1 24-77777777 26-1414141414 31-305419896 37-0 
11-16 08:57:27.857: I/ndroid.calenda(16965): The ClassLoaderContext is a special shared library.
11-16 08:57:27.869: W/libprocessgroup(1260): kill(-9978, 9) failed: No such process
11-16 08:57:27.869: I/libprocessgroup(1260): Successfully killed process cgroup uid 10025 pid 9978 in 57ms
11-16 08:57:27.879: I/Finsky(13091): [2] abwr.b(10): SCH: Running job: 37-0
11-16 08:57:27.883: I/Finsky(13091): [2] LanguageSplitInstallEventJob.d(5): Clear bulk acquire cache.
11-16 08:57:27.883: I/Finsky(13091): [2] ajki.a(1): Checking for new language splits.
11-16 08:57:27.884: I/Finsky(13091): [2] ajki.a(2): Updating language store, changed to [en]
11-16 08:57:27.885: I/Finsky(13091): [2] alsm.b(5): Clearing cache.
11-16 08:57:27.891: D/Volley(13091): [144] alsu.e: Cache cleared.
11-16 08:57:27.900: I/Finsky(13091): [127] hzi.h(3): Commerce cache was cleared.
11-16 08:57:27.910: I/t_app_installe(16494): Waiting for a blocking GC ProfileSaver
11-16 08:57:27.912: D/Volley(13091): [2] alst.e: Cache cleared.
11-16 08:57:27.913: D/Volley(13091): [189] alsu.e: Cache cleared.
11-16 08:57:27.925: I/Finsky(13091): [267] ajjw.a(14): Existing languages: []
11-16 08:57:27.926: I/t_app_installe(16494): WaitForGcToComplete blocked ProfileSaver on AddRemoveAppImageSpace for 16.203ms
11-16 08:57:27.928: I/Finsky(13091): [2] abwq.handleMessage(68): SCH: RunningQueue size: 1, PendingQueue size: 0
11-16 08:57:27.928: I/Finsky(13091): [2] abwr.p(3): SCH: Running queue: 37-0 
11-16 08:57:27.960: I/Finsky(13091): [267] ajjz.a(24): Language change to [en], of which [en] are new, removed [].
11-16 08:57:27.961: I/Finsky(13091): [267] ajkf.a(16): Language store updated - wasNewLanguageAdded=true
11-16 08:57:27.962: I/Finsky(13091): [138] ajia.run(13): Checking for language splits...
11-16 08:57:28.020: W/Finsky(13091): [138] fjv.c(22): For unauth, use getDfeApiNonAuthenticated() instead!
11-16 08:57:28.020: I/Finsky(13091): [138] fjv.f(2): getDfeApiOrNonauthenticated is returning unauth api
11-16 08:57:28.105: I/ActivityManager(1260): Killing 16146:com.google.android.partnersetup/u0a49 (adj 906): empty #17
11-16 08:57:28.106: W/libprocessgroup(1260): kill(-16146, 9) failed: No such process
11-16 08:57:28.117: W/System(13091): A resource failed to call end. 
11-16 08:57:28.123: I/Zygote(739): Process 16146 exited due to signal (9)
11-16 08:57:28.134: W/libprocessgroup(1260): kill(-16146, 9) failed: No such process
11-16 08:57:28.134: I/libprocessgroup(1260): Successfully killed process cgroup uid 10049 pid 16146 in 28ms
11-16 08:57:28.147: E/Finsky(13091): [146] ltt.a(17): Unable to fetch checkin consistency token: empty token
11-16 08:57:28.150: I/Finsky(13091): [146] lth.l(1): Account name null when calculating account hash
11-16 08:57:28.153: W/.apps.wellbein(16891): Unknown chunk type '200'.
11-16 08:57:28.399: I/Finsky(13091): [2] ajih.kw(11): BulkDetails response obtained.
11-16 08:57:28.400: I/Finsky(13091): [2] ajja.a(21): No new splits to download.
11-16 08:57:28.400: I/Finsky(13091): [2] ajkh.run(138): Skipping check for new language splits in self-update.
11-16 08:57:28.402: I/Finsky(13091): [2] abya.n(4): SCH: jobFinished: 37-0. TimeElapsed: 522ms.
11-16 08:57:28.403: I/Finsky(13091): [2] abwr.e(4): SCH: Job 37-0 finished. Not rescheduling.
11-16 08:57:28.407: I/Finsky(13091): [2] abwq.handleMessage(68): SCH: RunningQueue size: 0, PendingQueue size: 0
11-16 08:57:28.408: I/Finsky(13091): [2] abwq.handleMessage(26): SCH: Executor finished
11-16 08:57:28.416: I/Finsky(13091): [2] abzb.b(5): SCH: Jobs in database: 1-1337 3-1 12-1 24-77777777 26-1414141414 31-305419896 
11-16 08:57:28.423: I/Finsky(13091): [2] abxn.d(37): SCH: ConstraintMapping: 24-77777777,  -> L: 0ms, D: 82431979ms, C: false, I: true, N: 0
11-16 08:57:28.423: I/Finsky(13091): [2] abxn.d(37): SCH: ConstraintMapping: 1-1337, 12-1, 31-305419896,  -> L: 3967ms, D: 55110437ms, C: false, I: false, N: 1
11-16 08:57:28.424: I/Finsky(13091): [2] abxn.d(37): SCH: ConstraintMapping: 3-1,  -> L: 0ms, D: 86037317ms, C: true, I: true, N: 2
11-16 08:57:28.424: I/Finsky(13091): [2] abxn.d(37): SCH: ConstraintMapping: 26-1414141414,  -> L: 42647353ms, D: 43547353ms, C: false, I: false, N: 0
11-16 08:57:28.436: I/Finsky(13091): [2] abxn.f(7): SCH: Cancelling existing jobscheduler jobs: 9006 9000 9007 
11-16 08:57:28.436: I/Finsky(13091): [2] abxn.e(8): SCH: Throttling wakeup for job 9001 (expected to run in 0 ms) due to recent wakeup
11-16 08:57:28.436: I/Finsky(13091): [2] abxn.e(23): SCH: Scheduling job Id: 9001, L: 30000, D: 82431979, C: false, I: true, N: 0
11-16 08:57:28.437: I/Finsky(13091): [2] abxn.e(8): SCH: Throttling wakeup for job 9002 (expected to run in 3967 ms) due to recent wakeup
11-16 08:57:28.438: I/Finsky(13091): [2] abxn.e(23): SCH: Scheduling job Id: 9002, L: 30000, D: 55110437, C: false, I: false, N: 1
11-16 08:57:28.439: I/Finsky(13091): [2] abxn.e(8): SCH: Throttling wakeup for job 9003 (expected to run in 0 ms) due to recent wakeup
11-16 08:57:28.439: I/Finsky(13091): [2] abxn.e(23): SCH: Scheduling job Id: 9003, L: 30000, D: 86037317, C: true, I: true, N: 2
11-16 08:57:28.440: I/Finsky(13091): [2] abxn.e(23): SCH: Scheduling job Id: 9004, L: 42647353, D: 43547353, C: false, I: false, N: 0
11-16 08:57:28.444: I/ActivityManager(1260): Killing 16128:com.google.process.gapps/u0a7 (adj 906): empty #17
11-16 08:57:28.444: W/libprocessgroup(1260): kill(-16128, 9) failed: No such process
11-16 08:57:28.454: W/libprocessgroup(1260): kill(-16128, 9) failed: No such process
11-16 08:57:28.456: I/Zygote(739): Process 16128 exited due to signal (9)
11-16 08:57:28.467: W/libprocessgroup(1260): kill(-16128, 9) failed: No such process
11-16 08:57:28.467: I/libprocessgroup(1260): Successfully killed process cgroup uid 10007 pid 16128 in 22ms
11-16 08:57:28.497: I/ActivityManager(1260): Start proc 16989:com.android.providers.calendar/u0a44 for content provider com.android.providers.calendar/.CalendarProvider2
11-16 08:57:28.500: E/viders.calenda(16989): Not starting debugger since process cannot load the jdwp agent.
11-16 08:57:28.510: W/Primes(16965): Primes not initialized, returning default (no-op) Primes instance which will ignore all calls. Please call Primes.initialize(...) before using any Primes API.
11-16 08:57:28.547: I/CalendarProvider2(16989): Created com.android.providers.calendar.CalendarAlarmManager@8d8e2a2(com.android.providers.calendar.CalendarProvider2@4b20b33)
11-16 08:57:28.619: I/ActivityManager(1260): Start proc 17019:com.google.android.contacts/u0a90 for broadcast com.google.android.contacts/com.google.android.apps.contacts.receiver.LocaleChangeReceiver
11-16 08:57:28.627: E/ndroid.contact(17019): Not starting debugger since process cannot load the jdwp agent.
11-16 08:57:28.653: I/ndroid.contact(17019): The ClassLoaderContext is a special shared library.
11-16 08:57:28.689: I/a.x.s.s.a.AndroidDataba(16965): Obtained writable database SQLiteDatabase/72212283 instance with path /data/user/0/com.google.android.calendar/databases/cal_v2a
11-16 08:57:28.701: I/a.x.s.s.MigrationRunner(16965): The schema version is 13, the database version is 13, and there are 0 migrations
11-16 08:57:28.713: W/GrowthKit(16965): Failed to get phenotypeManager in PhenotypeBroadcastReceiver
11-16 08:57:28.713: W/GrowthKit(16965): java.lang.NullPointerException: Unable to get GrowthKit Component from host app.
11-16 08:57:28.713: W/GrowthKit(16965): 	at com.google.android.libraries.internal.growth.growthkit.inject.GrowthKit.get(GrowthKit.java:43)
11-16 08:57:28.713: W/GrowthKit(16965): 	at com.google.android.libraries.internal.growth.growthkit.internal.experiments.impl.PhenotypeBroadcastReceiver.onReceive(PhenotypeBroadcastReceiver.java:25)
11-16 08:57:28.713: W/GrowthKit(16965): 	at android.app.ActivityThread.handleReceiver(ActivityThread.java:3417)
11-16 08:57:28.713: W/GrowthKit(16965): 	at android.app.ActivityThread.access$1200(ActivityThread.java:200)
11-16 08:57:28.713: W/GrowthKit(16965): 	at android.app.ActivityThread$H.handleMessage(ActivityThread.java:1667)
11-16 08:57:28.713: W/GrowthKit(16965): 	at android.os.Handler.dispatchMessage(Handler.java:106)
11-16 08:57:28.713: W/GrowthKit(16965): 	at android.os.Looper.loop(Looper.java:193)
11-16 08:57:28.713: W/GrowthKit(16965): 	at android.app.ActivityThread.main(ActivityThread.java:6718)
11-16 08:57:28.713: W/GrowthKit(16965): 	at java.lang.reflect.Method.invoke(Native Method)
11-16 08:57:28.713: W/GrowthKit(16965): 	at com.android.internal.os.RuntimeInit$MethodAndArgsCaller.run(RuntimeInit.java:493)
11-16 08:57:28.713: W/GrowthKit(16965): 	at com.android.internal.os.ZygoteInit.main(ZygoteInit.java:858)
11-16 08:57:28.714: I/ActivityManager(1260): Killing 16168:com.google.intelligence.sense/u0a31 (adj 906): empty #17
11-16 08:57:28.715: W/libprocessgroup(1260): kill(-16168, 9) failed: No such process
11-16 08:57:28.734: I/chatty(1260): uid=1000(system) ActivityManager identical 2 lines
