11-16 08:57:16.596: W/sh(15844): type=1400 audit(0.0:217): avc: denied { read } for name="cache" dev="dm-0" ino=48 scontext=u:r:shell:s0 tcontext=u:object_r:cache_file:s0 tclass=lnk_file permissive=0
11-16 08:57:16.885: I/ActivityManager(1260): Start proc 15881:com.android.defcontainer/u0a23 for service com.android.defcontainer/.DefaultContainerService
11-16 08:57:16.888: E/id.defcontaine(15881): Not starting debugger since process cannot load the jdwp agent.
11-16 08:57:16.992: I/PackageManager.DexOptimizer(1260): Running dexopt (dexoptNeeded=1) on: /data/app/com.google.android.gms.policy_test_support-8nqvTsVlwWgkz-hGbscBeA==/base.apk pkg=com.google.android.gms.policy_test_support isa=arm64 dexoptFlags=boot_complete,profile_guided,public,enable_hidden_api_checks targetFilter=speed-profile oatDir=/data/app/com.google.android.gms.policy_test_support-8nqvTsVlwWgkz-hGbscBeA==/oat classLoaderContext=PCL[]
11-16 08:57:16.992: V/installed(821): DexInv: --- BEGIN '/data/app/com.google.android.gms.policy_test_support-8nqvTsVlwWgkz-hGbscBeA==/base.apk' ---
11-16 08:57:17.012: I/dex2oat(15902): /system/bin/dex2oat --input-vdex-fd=-1 --output-vdex-fd=19 --compiler-filter=speed-profile --classpath-dir=/data/app/com.google.android.gms.policy_test_support-8nqvTsVlwWgkz-hGbscBeA== --class-loader-context=PCL[] --generate-mini-debug-info --compact-dex-level=none --compilation-reason=install
11-16 08:57:17.036: W/Binder:1260_4(1260): type=1400 audit(0.0:218): avc: denied { syslog_read } for scontext=u:r:system_server:s0 tcontext=u:r:kernel:s0 tclass=system permissive=0
11-16 08:57:17.037: D/wifi-jni(1260): no kernel logs
11-16 08:57:17.096: D/QSEECOMAPI(15838): QSEECom_get_handle sb_length = 0x400
11-16 08:57:17.096: D/QSEECOMAPI(15838): App is already loaded QSEE and app id = 1
11-16 08:57:17.098: E/fpc_tac(15838): qsee_km_get_encapsulated_key KEYMASTER_GET_AUTH_TOKEN_KEY returned status=-24
11-16 08:57:17.098: D/QSEECOMAPI(15838): QSEECom_dealloc_memory 
11-16 08:57:17.098: D/QSEECOMAPI(15838): QSEECom_shutdown_app, app_id = 1
11-16 08:57:17.098: E/fpc_fingerprint_hal(15838): fpc_hal_open failed
11-16 08:57:17.100: I/EventHub(1260): Removing device uinput-fpc due to epoll hang-up event.
11-16 08:57:17.100: I/EventHub(1260): Removed device: path=/dev/input/event3 name=uinput-fpc id=123 fd=167 classes=0x101
11-16 08:57:17.100: W/EventHub(1260): built-in keyboard device /dev/input/event3 (id=123) is closing! the apps will not like this
11-16 08:57:17.101: W/InputReader(1260): Ignoring spurious device removed event for deviceId 123.
11-16 08:57:17.101: I/EventHub(1260): Removing device '/dev/input/event3' due to inotify event
11-16 08:57:17.118: D/QSEECOMAPI(15838): QSEECom_dealloc_memory 
11-16 08:57:17.118: D/QSEECOMAPI(15838): QSEECom_shutdown_app, app_id = 123
11-16 08:57:17.128: I//vendor/bin/hw/android.hardware.health@2.0-service.crosshatch(764): Entry state_: 0 charger_status: Charging batteryLevel: 100
11-16 08:57:17.128: I//vendor/bin/hw/android.hardware.health@2.0-service.crosshatch(764): Exit state_: 0 batteryLevel: 100
11-16 08:57:17.212: W/ip(15924): type=1400 audit(0.0:219): avc: denied { search } for name="net" dev="sda21" ino=4378 scontext=u:r:shell:s0 tcontext=u:object_r:net_data_file:s0 tclass=dir permissive=0
11-16 08:57:17.266: I/dex2oat(15902): Explicit concurrent copying GC freed 10436(1500KB) AllocSpace objects, 0(0B) LOS objects, 99% free, 728B/1536KB, paused 31us total 3.306ms
11-16 08:57:17.303: E/WifiHAL(778): wifi_get_ring_data: Error -5 happened. 
11-16 08:57:17.303: E/WifiVendorHal(1260): getRingBufferData(l.2057) failed {.code = ERROR_INVALID_ARGS, .description = }
11-16 08:57:17.319: D/wifi-jni(1260): no kernel logs
11-16 08:57:17.316: W/Binder:1260_4(1260): type=1400 audit(0.0:220): avc: denied { syslog_read } for scontext=u:r:system_server:s0 tcontext=u:r:kernel:s0 tclass=system permissive=0
11-16 08:57:17.336: I/dex2oat(15902): dex2oat took 325.358ms (565.197ms cpu) (threads: 8) arena alloc=71KB (72896B) java alloc=16KB (17112B) native alloc=2MB (3019904B) free=3MB (3795840B)
11-16 08:57:17.341: V/installed(821): DexInv: --- END '/data/app/com.google.android.gms.policy_test_support-8nqvTsVlwWgkz-hGbscBeA==/base.apk' (success) ---
11-16 08:57:17.341: V/installed(821): [ 11-16 08:57:17.343   821: 1446 E/         ]
11-16 08:57:17.341: V/installed(821): Couldn't opendir /data/app/vmdl2014812504.tmp: No such file or directory
11-16 08:57:17.344: E/installd(821): Failed to delete /data/app/vmdl2014812504.tmp: No such file or directory
11-16 08:57:17.354: I/Finsky(13091): [2] yeh.d(13): PackageMonitorReceiverImpl - Received: android.intent.action.PACKAGE_ADDED, [TAsD3pqu7qg-JZYPvpWmQGEwsDQ0NnuVQpcaQGQjJQU]
11-16 08:57:17.355: I/Finsky(13091): [2] yfi.g(1): Invalidating cached PackageState for com.google.android.gms.policy_test_support
11-16 08:57:17.355: I/CarrierServices(9978): [2] RcsAutoStartReceiver.b: carrierServicesJibeServiceEnabled changed from true to true
11-16 08:57:17.356: I/CarrierServices(9978): [2] RcsAutoStartReceiver.b: enableRcs changed from true to true
11-16 08:57:17.357: I/CarrierServices(9978): [2] RcsAutoStartReceiver.b: RcsAutoStartReceiver triggered. Fetching RCS State. Action: android.intent.action.PACKAGE_ADDED
11-16 08:57:17.360: I/CarrierServices(9978): [2] aws.a: Migration binding to RcsMigrationService
11-16 08:57:17.360: W/BroadcastQueue(1260): Background execution not allowed: receiving Intent { act=android.intent.action.PACKAGE_ADDED dat=package:com.google.android.gms.policy_test_support flg=0x4000010 (has extras) } to com.android.musicfx/.Compatibility$Receiver
11-16 08:57:17.363: I/BugleDataModel(10028): RcsMigrationService: Returning RCS state provider.
11-16 08:57:17.363: W/BroadcastQueue(1260): Background execution not allowed: receiving Intent { act=android.intent.action.PACKAGE_ADDED dat=package:com.google.android.gms.policy_test_support flg=0x4000010 (has extras) } to com.android.vending/com.google.android.finsky.packagemanager.impl.PackageMonitorReceiverImpl$RegisteredReceiver
11-16 08:57:17.364: W/BroadcastQueue(1260): Background execution not allowed: receiving Intent { act=android.intent.action.PACKAGE_ADDED dat=package:com.google.android.gms.policy_test_support flg=0x4000010 (has extras) } to com.google.android.gms/.games.chimera.GamesSystemBroadcastReceiverProxy
11-16 08:57:17.364: I/Finsky(13091): [2] owk.d(2): Frosting ID looked up on UI thread. Caller should move to a background thread.
11-16 08:57:17.364: W/BroadcastQueue(1260): Background execution not allowed: receiving Intent { act=android.intent.action.PACKAGE_ADDED dat=package:com.google.android.gms.policy_test_support flg=0x4000010 (has extras) } to com.google.android.gms/.gass.chimera.PackageChangeBroadcastReceiver
11-16 08:57:17.364: W/BroadcastQueue(1260): Background execution not allowed: receiving Intent { act=android.intent.action.PACKAGE_ADDED dat=package:com.google.android.gms.policy_test_support flg=0x4000010 (has extras) } to com.google.android.gms/.chimera.GmsIntentOperationService$PersistentTrustedReceiver
11-16 08:57:17.364: W/BroadcastQueue(1260): Background execution not allowed: receiving Intent { act=android.intent.action.PACKAGE_ADDED dat=package:com.google.android.gms.policy_test_support flg=0x4000010 (has extras) } to com.google.android.googlequicksearchbox/com.google.android.apps.gsa.googlequicksearchbox.GelStubAppWatcher
11-16 08:57:17.364: W/BroadcastQueue(1260): Background execution not allowed: receiving Intent { act=android.intent.action.PACKAGE_ADDED dat=package:com.google.android.gms.policy_test_support flg=0x4000010 (has extras) } to com.google.android.ims/.receivers.RcsAutoStartReceiver
11-16 08:57:17.365: I/Telecom(1260): DefaultDialerCache: Refreshing default dialer for user 0: now com.google.android.dialer: DDC.oR@AI0
11-16 08:57:17.369: I/BugleRcsEngine(10028): [547] pot.a: Sim state is not ready. Returning last known operation mode.
11-16 08:57:17.371: I/CarrierServices(9978): [581] awt.doInBackground: Saving RCS State
11-16 08:57:17.371: I/CarrierServices(9978): [581] awt.doInBackground: Old operation mode: 0
11-16 08:57:17.372: I/CarrierServices(9978): [581] awt.doInBackground: New operation mode: 0
11-16 08:57:17.373: I/InputReader(1260): Reconfiguring input devices.  changes=0x00000010
11-16 08:57:17.374: I/CarrierServices(9978): [2] aww.a: Unbinding RcsMigrationService
11-16 08:57:17.377: V/BackupManagerConstants(1260): getFullBackupIntervalMilliseconds(...) returns 86400000
11-16 08:57:17.378: I/Finsky(13091): [257] ovx.run(16): Wrote row to frosting DB: 208
11-16 08:57:17.379: W/sh(15942): type=1400 audit(0.0:221): avc: denied { read } for name="cache" dev="dm-0" ino=48 scontext=u:r:shell:s0 tcontext=u:object_r:cache_file:s0 tclass=lnk_file permissive=0
11-16 08:57:17.382: I/Finsky(13091): [2] amas.a(3): Do not start WearSupportService due to Wear service optimization
11-16 08:57:17.382: I/Finsky(13091): [2] amas.a(3): Do not start WearSupportService due to Wear service optimization
11-16 08:57:17.384: I/Finsky(13091): [2] aeak.a(8): Clearing split related stale data.
11-16 08:57:17.384: D/RegisteredNfcFServicesCache(4186): Service unchanged, not updating
11-16 08:57:17.386: I/Finsky(13091): [259] gxq.a(12): Asset module storage cleared for package com.google.android.gms.policy_test_support.
11-16 08:57:17.388: I/Finsky(13091): [2] owk.d(2): Frosting ID looked up on UI thread. Caller should move to a background thread.
11-16 08:57:17.389: E/PhoneInterfaceManager(3838): [PhoneIntfMgr] getCarrierPackageNamesForIntent: No UICC
11-16 08:57:17.389: D/CarrierSvcBindHelper(3838): No carrier app for: 0
11-16 08:57:17.389: D/ImsResolver(3838): maybeAddedImsService, packageName: com.google.android.gms.policy_test_support
11-16 08:57:17.394: I/Finsky(13091): [257] ovx.run(16): Wrote row to frosting DB: 209
11-16 08:57:17.396: E/VvmPkgInstalledRcvr(3838): cannot create TelephonyManager from ComponentInfo{com.android.phone/com.android.services.telephony.TelephonyConnectionService}, ***, UserHandle{0}
11-16 08:57:17.396: D/CarrierConfigLoader(3838): mHandler: 9 phoneId: 0
11-16 08:57:17.398: W/GCM(11258): Unexpected forwarded intent: Intent { act=android.intent.action.PACKAGE_ADDED dat=package:com.google.android.gms.policy_test_support flg=0x4000010 pkg=com.google.android.gms cmp=com.google.android.gms/.chimera.PersistentIntentOperationService (has extras) }
11-16 08:57:17.400: W/GCM(11258): Unexpected forwarded intent: Intent { act=android.intent.action.PACKAGE_ADDED dat=package:com.google.android.gms.policy_test_support flg=0x4000010 pkg=com.google.android.gms cmp=com.google.android.gms/.chimera.PersistentIntentOperationService (has extras) }
11-16 08:57:17.409: I/GmsModuleFndr(14622): Beginning GMS chimera module scan
11-16 08:57:17.412: W/system_server(1260): Unknown chunk type '200'.
11-16 08:57:17.422: W/gle.android.gm(14622): Unsupported class loader
11-16 08:57:17.423: I/Finsky(13091): [2] abzb.b(5): SCH: Jobs in database: 1-1337 3-1 12-1 24-77777777 26-1414141414 31-305419896 
11-16 08:57:17.423: I/Finsky(13091): [258] jnw.a(15): [ContentSync] finished, scheduled=true
11-16 08:57:17.431: I/Finsky(13091): [2] abxn.d(37): SCH: ConstraintMapping: 24-77777777,  -> L: 0ms, D: 82442971ms, C: false, I: true, N: 0
11-16 08:57:17.431: E/WifiHAL(778): wifi_get_ring_data: Error -5 happened. 
11-16 08:57:17.431: I/Finsky(13091): [2] abxn.d(37): SCH: ConstraintMapping: 1-1337, 12-1, 31-305419896,  -> L: 5227ms, D: 55121430ms, C: false, I: false, N: 1
11-16 08:57:17.431: E/WifiVendorHal(1260): getRingBufferData(l.2057) failed {.code = ERROR_INVALID_ARGS, .description = }
11-16 08:57:17.432: I/Finsky(13091): [2] abxn.d(37): SCH: ConstraintMapping: 3-1,  -> L: 0ms, D: 86048310ms, C: true, I: true, N: 2
11-16 08:57:17.432: I/Finsky(13091): [2] abxn.d(37): SCH: ConstraintMapping: 26-1414141414,  -> L: 42658345ms, D: 43558345ms, C: false, I: false, N: 0
11-16 08:57:17.432: W/gle.android.gm(14622): Skipping duplicate class check due to unsupported classloader
11-16 08:57:17.441: I/Finsky(13091): [2] abxn.f(7): SCH: Cancelling existing jobscheduler jobs: 9004 9002 9003 9001 
11-16 08:57:17.441: I/Finsky(13091): [2] abxn.e(23): SCH: Scheduling job Id: 9000, L: 0, D: 82442971, C: false, I: true, N: 0
11-16 08:57:17.442: I/Finsky(13091): [2] abxn.e(23): SCH: Scheduling job Id: 9005, L: 5227, D: 55121430, C: false, I: false, N: 1
11-16 08:57:17.444: I/Finsky(13091): [2] abxn.e(23): SCH: Scheduling job Id: 9006, L: 0, D: 86048310, C: true, I: true, N: 2
11-16 08:57:17.446: I/Finsky(13091): [2] abxn.e(23): SCH: Scheduling job Id: 9007, L: 42658345, D: 43558345, C: false, I: false, N: 0
11-16 08:57:17.449: D/wifi-jni(1260): no kernel logs
11-16 08:57:17.473: I/ModuleSetMgr(14622): Computing pending module set with APKs: [[AdsFdrDynamite.integ:213806100100000], [Enpromo.integ:214106000100000], [Pay.optional:213614100000], [VisionOcr.optional:213614100400], [AdsFdrDynamite.integ:212104400100000], [Cronetdynamite:213614100400], [Dynamiteloader:213614100000], [Dynamitemodulesa:213614100000], [Dynamitemodulesc:213614100000], [Googlecertificates:213614100000], [Mapsdynamite:213614100000], [Measurementdynamite:213614100000]]
11-16 08:57:17.530: I/ModuleSetMgr(14622): Pending container module APKs: [[Pay.optional:213614100000], [VisionOcr.optional:213614100400]]
11-16 08:57:17.530: I/ModuleSetMgr(14622): Pending non-container module APKs: [[Enpromo.integ:214106000100000], [AdsFdrDynamite.integ:213806100100000]]
11-16 08:57:17.543: W/PackageParser(14622): Unknown element under <manifest>: queries at /data/user_de/0/com.google.android.gms/app_chimera/m/00000007/AdsDynamite.apk Binary XML file line #5
11-16 08:57:17.556: W/PackageParser(14622): Unknown element under <manifest>: queries at /data/user_de/0/com.google.android.gms/app_chimera/m/00000010/dl-AdsFdrDynamite.integ_213806100100000.apk Binary XML file line #11
11-16 08:57:17.642: I/gle.android.gm(14622): Compiler allocated 4MB to compile java.util.ArrayList dqw.b(java.util.List, boolean)
11-16 08:57:17.729: I/PackageManager.DexOptimizer(1260): Running dexopt (dexoptNeeded=1) on: /data/app/com.google.android.gmscore.testing.testsupport-R1k88S9rCCZj0Sic26ZfGg==/base.apk pkg=com.google.android.gmscore.testing.testsupport isa=arm64 dexoptFlags=boot_complete,profile_guided,public,enable_hidden_api_checks targetFilter=speed-profile oatDir=/data/app/com.google.android.gmscore.testing.testsupport-R1k88S9rCCZj0Sic26ZfGg==/oat classLoaderContext=PCL[/system/framework/org.apache.http.legacy.boot.jar]
11-16 08:57:17.730: V/installed(821): DexInv: --- BEGIN '/data/app/com.google.android.gmscore.testing.testsupport-R1k88S9rCCZj0Sic26ZfGg==/base.apk' ---
11-16 08:57:17.763: I/dex2oat(15995): /system/bin/dex2oat --input-vdex-fd=-1 --output-vdex-fd=19 --compiler-filter=speed-profile --classpath-dir=/data/app/com.google.android.gmscore.testing.testsupport-R1k88S9rCCZj0Sic26ZfGg== --class-loader-context=PCL[/system/framework/org.apache.http.legacy.boot.jar] --generate-mini-debug-info --compact-dex-level=none --compilation-reason=install
11-16 08:57:17.809: I/gle.android.gm(14622): Compiler allocated 4MB to compile drx dqy.h(int, java.util.List, java.util.List, dub, java.lang.String, java.util.List, java.util.List, java.util.List, java.lang.String, java.util.List, java.util.List)
11-16 08:57:17.839: I/ChimeraCfgMgr(14622): Updating module config: ads_fdr:2138061005100000,container:2136149100400+pay+vision.ocr,enpromo:2141060005100000 -> ads_fdr:2138061005100000,container:2136149100400+pay+vision.ocr,enpromo:2141060005100000
11-16 08:57:17.839: E/DowngradeHelper(14622): isModuleDowngradeRequired false
11-16 08:57:17.853: W/BroadcastQueue(1260): Background execution not allowed: receiving Intent { act=com.google.android.chimera.MODULE_CONFIGURATION_CHANGED flg=0x10 (has extras) } to com.google.android.gms/.chimera.GmsIntentOperationService$PersistentInternalReceiver
11-16 08:57:17.869: I/ChimeraCfgMgr(14622): Sending com.google.android.chimera.IntentOperation.NEW_MODULE Intents: 1,false,true
11-16 08:57:17.873: I/GmsDebugLogger(14622): [46] ads_fdr:2138061005100000,container:2136149100400+pay+vision.ocr,enpromo:2141060005100000
11-16 08:57:17.878: I/Auth(14622): [SupervisedAccountIntentOperation] onHandleIntent(): android.intent.action.PACKAGE_ADDED
11-16 08:57:17.882: W/gle.android.gm(14622): Unsupported class loader
11-16 08:57:17.883: W/gle.android.gm(14622): Skipping duplicate class check due to unsupported classloader
11-16 08:57:17.885: I/gle.android.gm(14622): Failed to add image file Failed to flatten class loader hierarchy 'Unknown class loader type drb'
11-16 08:57:17.894: I/BlockstoreStorage(14622): Clearing Blockstore Data for package com.google.android.gms.policy_test_support [CONTEXT service_id=258 ]
11-16 08:57:17.899: I/BlockstoreStorage(14622): No metadata found. Skipping deletion. [CONTEXT service_id=258 ]
11-16 08:57:17.942: D/BoundBrokerSvc(14622): onBind: Intent { act=com.google.android.gms.common.BIND_SHARED_PREFS pkg=com.google.android.gms }
11-16 08:57:17.942: D/BoundBrokerSvc(14622): Loading bound service for intent: Intent { act=com.google.android.gms.common.BIND_SHARED_PREFS pkg=com.google.android.gms }
11-16 08:57:17.995: I/TestSupport(14622): Activate: 1636963200000@1637081837967 [CONTEXT service_id=133 ]
11-16 08:57:17.995: I/TestSupport(14622): Boot time: 1637081232797 [CONTEXT service_id=133 ]
11-16 08:57:17.997: D/BoundBrokerSvc(14622): onUnbind: Intent { act=com.google.android.gms.common.BIND_SHARED_PREFS pkg=com.google.android.gms }
11-16 08:57:18.001: D/BoundBrokerSvc(11258): onBind: Intent { act=com.google.android.gms.nearby.exposurenotification.START cmp=com.google.android.gms/.chimera.PersistentApiService }
11-16 08:57:18.001: D/BoundBrokerSvc(11258): Loading bound service for intent: Intent { act=com.google.android.gms.nearby.exposurenotification.START cmp=com.google.android.gms/.chimera.PersistentApiService }
11-16 08:57:18.006: I/Icing(14622): IndexChimeraService.getServiceInterface callingPackage=com.google.android.gms componentName=AppsCorpus serviceId=36
11-16 08:57:18.006: I/TestSupport(14622): Updated: /data/data/com.google.android.gms/app_testsupport/.startup [CONTEXT service_id=133 ]
11-16 08:57:18.016: I/ChimeraCfgMgr(14622): Received com.google.android.chimera.IntentOperation.NEW_MODULE(1/0): 1,false
11-16 08:57:18.019: W/ChimeraUtils(11258): Module com.google.android.gms.nearby_en has empty metadata display_name_string_id
11-16 08:57:18.041: I/.gms.persisten(11258): Waiting for a blocking GC ProfileSaver
11-16 08:57:18.044: W/ChimeraUtils(11258): Module com.google.android.gms.nearby_en has empty metadata display_name_string_id
11-16 08:57:18.046: W/ChimeraUtils(11258): Module com.google.android.gms.nearby_en has empty metadata display_name_string_id
11-16 08:57:18.061: I/gle.android.gm(14622): Background concurrent copying GC freed 96467(6MB) AllocSpace objects, 3(444KB) LOS objects, 49% free, 8MB/17MB, paused 905us total 114.379ms
11-16 08:57:18.061: I/GmsModuleFndr(14622): Beginning GMS chimera module scan
11-16 08:57:18.062: W/Icing(14622): No valid account for uploading user actions
11-16 08:57:18.071: E/PhenotypeRegOp(14622): Attempting to overwrite config package for com.google.android.gms.games [CONTEXT service_id=231 ]
11-16 08:57:18.072: E/PhenotypeRegOp(14622): Attempting to overwrite config package for com.google.android.gms.maps#com.google.android.gms [CONTEXT service_id=231 ]
11-16 08:57:18.073: E/PhenotypeRegOp(14622): Attempting to overwrite config package for com.google.android.gms.cast [CONTEXT service_id=231 ]
11-16 08:57:18.074: I/Icing(14622): Usage reports ok 0, Failed Usage reports 0, indexed 0, rejected 0
11-16 08:57:18.075: E/PhenotypeRegOp(14622): Attempting to overwrite config package for com.google.android.gms.mobile_data_plan [CONTEXT service_id=231 ]
11-16 08:57:18.077: I/ModuleSetMgr(14622): Computing pending module set with APKs: [[AdsFdrDynamite.integ:213806100100000], [Enpromo.integ:214106000100000], [Pay.optional:213614100000], [VisionOcr.optional:213614100400], [AdsFdrDynamite.integ:212104400100000], [Cronetdynamite:213614100400], [Dynamiteloader:213614100000], [Dynamitemodulesa:213614100000], [Dynamitemodulesc:213614100000], [Googlecertificates:213614100000], [Mapsdynamite:213614100000], [Measurementdynamite:213614100000]]
11-16 08:57:18.079: E/PhenotypeRegOp(14622): Attempting to overwrite config package for com.google.android.gms.udc [CONTEXT service_id=231 ]
11-16 08:57:18.089: I/Icing(14622): Indexing com.google.android.gms-apps from com.google.android.gms
11-16 08:57:18.091: I/Icing(14622): IndexChimeraService.getServiceInterface callingPackage=com.google.android.gms componentName=null serviceId=30
11-16 08:57:18.100: I/Icing(14622): Indexing done com.google.android.gms-apps
11-16 08:57:18.106: W/Icing(14622): No valid account for uploading user actions
11-16 08:57:18.108: I/.gms.persisten(11258): WaitForGcToComplete blocked ProfileSaver on ProfileSaver for 66.795ms
11-16 08:57:18.118: I/Icing(14622): Usage reports ok 0, Failed Usage reports 0, indexed 0, rejected 0
11-16 08:57:18.156: I/ModuleSetMgr(14622): Pending container module APKs: [[Pay.optional:213614100000], [VisionOcr.optional:213614100400]]
11-16 08:57:18.156: I/ModuleSetMgr(14622): Pending non-container module APKs: [[Enpromo.integ:214106000100000], [AdsFdrDynamite.integ:213806100100000]]
11-16 08:57:18.168: W/PackageParser(14622): Unknown element under <manifest>: queries at /data/user_de/0/com.google.android.gms/app_chimera/m/00000007/AdsDynamite.apk Binary XML file line #5
11-16 08:57:18.186: W/PackageParser(14622): Unknown element under <manifest>: queries at /data/user_de/0/com.google.android.gms/app_chimera/m/00000010/dl-AdsFdrDynamite.integ_213806100100000.apk Binary XML file line #11
11-16 08:57:18.268: I/dex2oat(15995): Explicit concurrent copying GC freed 11041(2MB) AllocSpace objects, 0(0B) LOS objects, 99% free, 896B/1536KB, paused 29us total 3.645ms
11-16 08:57:18.374: I/dex2oat(15995): dex2oat took 612.317ms (1.124s cpu) (threads: 8) arena alloc=17KB (18384B) java alloc=16KB (17280B) native alloc=5MB (5282864B) free=2MB (3105744B)
11-16 08:57:18.380: V/installed(821): DexInv: --- END '/data/app/com.google.android.gmscore.testing.testsupport-R1k88S9rCCZj0Sic26ZfGg==/base.apk' (success) ---
11-16 08:57:18.380: V/installed(821): [ 11-16 08:57:18.381   821: 1446 E/         ]
11-16 08:57:18.380: V/installed(821): Couldn't opendir /data/app/vmdl410363946.tmp: No such file or directory
11-16 08:57:18.381: E/installd(821): Failed to delete /data/app/vmdl410363946.tmp: No such file or directory
11-16 08:57:18.387: D/ImsResolver(3838): maybeAddedImsService, packageName: com.google.android.gmscore.testing.testsupport
11-16 08:57:18.390: I/Finsky(13091): [2] yeh.d(13): PackageMonitorReceiverImpl - Received: android.intent.action.PACKAGE_ADDED, [Cfp7IzF5TvVG3xiSuASXeJDeHWm6HS2AulwLaqmOV14]
11-16 08:57:18.390: I/Finsky(13091): [2] yfi.g(1): Invalidating cached PackageState for com.google.android.gmscore.testing.testsupport
11-16 08:57:18.390: W/BroadcastQueue(1260): Background execution not allowed: receiving Intent { act=android.intent.action.PACKAGE_ADDED dat=package:com.google.android.gmscore.testing.testsupport flg=0x4000010 (has extras) } to com.android.musicfx/.Compatibility$Receiver
11-16 08:57:18.391: W/BroadcastQueue(1260): Background execution not allowed: receiving Intent { act=android.intent.action.PACKAGE_ADDED dat=package:com.google.android.gmscore.testing.testsupport flg=0x4000010 (has extras) } to com.android.vending/com.google.android.finsky.packagemanager.impl.PackageMonitorReceiverImpl$RegisteredReceiver
11-16 08:57:18.392: W/BroadcastQueue(1260): Background execution not allowed: receiving Intent { act=android.intent.action.PACKAGE_ADDED dat=package:com.google.android.gmscore.testing.testsupport flg=0x4000010 (has extras) } to com.google.android.gms/.games.chimera.GamesSystemBroadcastReceiverProxy
11-16 08:57:18.392: W/BroadcastQueue(1260): Background execution not allowed: receiving Intent { act=android.intent.action.PACKAGE_ADDED dat=package:com.google.android.gmscore.testing.testsupport flg=0x4000010 (has extras) } to com.google.android.gms/.gass.chimera.PackageChangeBroadcastReceiver
11-16 08:57:18.392: W/BroadcastQueue(1260): Background execution not allowed: receiving Intent { act=android.intent.action.PACKAGE_ADDED dat=package:com.google.android.gmscore.testing.testsupport flg=0x4000010 (has extras) } to com.google.android.gms/.chimera.GmsIntentOperationService$PersistentTrustedReceiver
11-16 08:57:18.392: I/InputReader(1260): Reconfiguring input devices.  changes=0x00000010
11-16 08:57:18.393: I/CarrierServices(9978): [2] RcsAutoStartReceiver.b: carrierServicesJibeServiceEnabled changed from true to true
11-16 08:57:18.393: I/CarrierServices(9978): [2] RcsAutoStartReceiver.b: enableRcs changed from true to true
11-16 08:57:18.393: W/BroadcastQueue(1260): Background execution not allowed: receiving Intent { act=android.intent.action.PACKAGE_ADDED dat=package:com.google.android.gmscore.testing.testsupport flg=0x4000010 (has extras) } to com.google.android.googlequicksearchbox/com.google.android.apps.gsa.googlequicksearchbox.GelStubAppWatcher
11-16 08:57:18.394: I/CarrierServices(9978): [2] RcsAutoStartReceiver.b: RcsAutoStartReceiver triggered. Fetching RCS State. Action: android.intent.action.PACKAGE_ADDED
11-16 08:57:18.394: W/BroadcastQueue(1260): Background execution not allowed: receiving Intent { act=android.intent.action.PACKAGE_ADDED dat=package:com.google.android.gmscore.testing.testsupport flg=0x4000010 (has extras) } to com.google.android.ims/.receivers.RcsAutoStartReceiver
11-16 08:57:18.398: I/Finsky(13091): [2] owk.d(2): Frosting ID looked up on UI thread. Caller should move to a background thread.
11-16 08:57:18.398: I/Telecom(1260): DefaultDialerCache: Refreshing default dialer for user 0: now com.google.android.dialer: DDC.oR@AJE
11-16 08:57:18.399: I/CarrierServices(9978): [2] aws.a: Migration binding to RcsMigrationService
11-16 08:57:18.401: I/Finsky(13091): [257] ovx.run(16): Wrote row to frosting DB: 210
11-16 08:57:18.423: I/Finsky(13091): [258] jnw.a(15): [ContentSync] finished, scheduled=false
11-16 08:57:18.426: I/BugleDataModel(10028): RcsMigrationService: Returning RCS state provider.
11-16 08:57:18.427: I/Finsky(13091): [2] amas.a(3): Do not start WearSupportService due to Wear service optimization
11-16 08:57:18.428: I/Finsky(13091): [2] amas.a(3): Do not start WearSupportService due to Wear service optimization
11-16 08:57:18.429: D/RegisteredNfcFServicesCache(4186): Service unchanged, not updating
11-16 08:57:18.430: I/Finsky(13091): [2] aeak.a(8): Clearing split related stale data.
11-16 08:57:18.431: I/BugleRcsEngine(10028): [547] pot.a: Sim state is not ready. Returning last known operation mode.
11-16 08:57:18.434: I/Finsky(13091): [259] gxq.a(12): Asset module storage cleared for package com.google.android.gmscore.testing.testsupport.
11-16 08:57:18.436: I/CarrierServices(9978): [582] awt.doInBackground: Saving RCS State
11-16 08:57:18.437: I/Finsky(13091): [2] owk.d(2): Frosting ID looked up on UI thread. Caller should move to a background thread.
11-16 08:57:18.437: I/CarrierServices(9978): [582] awt.doInBackground: Old operation mode: 0
11-16 08:57:18.439: E/PhoneInterfaceManager(3838): [PhoneIntfMgr] getCarrierPackageNamesForIntent: No UICC
11-16 08:57:18.439: D/CarrierSvcBindHelper(3838): No carrier app for: 0
11-16 08:57:18.442: E/VvmPkgInstalledRcvr(3838): cannot create TelephonyManager from ComponentInfo{com.android.phone/com.android.services.telephony.TelephonyConnectionService}, ***, UserHandle{0}
11-16 08:57:18.442: D/CarrierConfigLoader(3838): mHandler: 9 phoneId: 0
11-16 08:57:18.444: I/CarrierServices(9978): [582] awt.doInBackground: New operation mode: 0
11-16 08:57:18.444: I/CarrierServices(9978): [2] aww.a: Unbinding RcsMigrationService
11-16 08:57:18.445: W/GCM(11258): Unexpected forwarded intent: Intent { act=android.intent.action.PACKAGE_ADDED dat=package:com.google.android.gmscore.testing.testsupport flg=0x4000010 pkg=com.google.android.gms cmp=com.google.android.gms/.chimera.PersistentIntentOperationService (has extras) }
11-16 08:57:18.446: W/GCM(11258): Unexpected forwarded intent: Intent { act=android.intent.action.PACKAGE_ADDED dat=package:com.google.android.gmscore.testing.testsupport flg=0x4000010 pkg=com.google.android.gms cmp=com.google.android.gms/.chimera.PersistentIntentOperationService (has extras) }
11-16 08:57:18.447: I/Finsky(13091): [257] ovx.run(16): Wrote row to frosting DB: 211
11-16 08:57:18.449: I/ActivityManager(1260): Start proc 16026:com.google.android.gmscore.testing.testsupport/u0a170 for service com.google.android.gmscore.testing.testsupport/.CommandService
11-16 08:57:18.455: E/ing.testsuppor(16026): Not starting debugger since process cannot load the jdwp agent.
11-16 08:57:18.465: I/Auth(14622): [SupervisedAccountIntentOperation] onHandleIntent(): android.intent.action.PACKAGE_ADDED
11-16 08:57:18.467: I/BlockstoreStorage(14622): Clearing Blockstore Data for package com.google.android.gmscore.testing.testsupport [CONTEXT service_id=258 ]
11-16 08:57:18.468: W/System(13091): A resource failed to call end. 
11-16 08:57:18.469: W/System(13091): A resource failed to call end. 
11-16 08:57:18.469: I/BlockstoreStorage(14622): No metadata found. Skipping deletion. [CONTEXT service_id=258 ]
11-16 08:57:18.476: I/ing.testsuppor(16026): The ClassLoaderContext is a special shared library.
11-16 08:57:18.476: D/BoundBrokerSvc(14622): onBind: Intent { act=com.google.android.gms.common.BIND_SHARED_PREFS pkg=com.google.android.gms }
11-16 08:57:18.478: I/ing.testsuppor(16026): Waiting for a blocking GC AddRemoveAppImageSpace
11-16 08:57:18.478: D/BoundBrokerSvc(14622): Loading bound service for intent: Intent { act=com.google.android.gms.common.BIND_SHARED_PREFS pkg=com.google.android.gms }
11-16 08:57:18.484: D/BoundBrokerSvc(14622): onUnbind: Intent { act=com.google.android.gms.common.BIND_SHARED_PREFS pkg=com.google.android.gms }
11-16 08:57:18.499: I/TSDRIVER(16026): CommandService onHandleIntent()
11-16 08:57:18.500: I/TSDRIVER(16026): Got command: PACKAGE
11-16 08:57:18.505: W/ChimeraUtils(11258): Module com.google.android.gms.nearby_en has empty metadata display_name_string_id
11-16 08:57:18.511: I/Icing(14622): Indexing com.google.android.gms-apps from com.google.android.gms
11-16 08:57:18.512: W/ChimeraUtils(11258): Module com.google.android.gms.nearby_en has empty metadata display_name_string_id
11-16 08:57:18.513: W/ChimeraUtils(11258): Module com.google.android.gms.nearby_en has empty metadata display_name_string_id
11-16 08:57:18.517: I/Icing(14622): Indexing done com.google.android.gms-apps
11-16 08:57:18.518: I/TSDRIVER(16026): flag package: Eglnc2VydmljZXMaLAooZmluc2t5LnBsYXlfc2VydmljZXNfYXV0b191cGRhdGVfZW5hYmxlZBgAGjUKMWZpbnNreS5zZXR1cF93aXphcmRfYWRkaXRpb25hbF9hY2NvdW50X3ZwYV9lbmFibGUYABoxCi1maW5za3kuZGFpbHlfaHlnaWVuZV9zY2hlZHVsZV91bmF1dGhlbnRpY2F0ZWQYABpyCipmaW5za3kuYmFja2dyb3VuZF9zcGxpdF9pbnN0YWxsc19ibGFja2xpc3QSRGNvbS5hbmRyb2lkLmNocm9tZSxjb20uZ29vZ2xlLmFuZHJvaWQuZ21zLGNvbS5nb29nbGUuYW5kcm9pZC53ZWJ2aWV3KPgB
11-16 08:57:18.520: E/GooglePlayServicesUtil(16026): The Google Play services resources were not found. Check your project configuration to ensure that the resources are included.
11-16 08:57:18.521: I/TSDRIVER(16026): flag package: gservices
11-16 08:57:18.528: D/BoundBrokerSvc(14622): onBind: Intent { act=com.google.android.gms.testsupport.service.START pkg=com.google.android.gms }
11-16 08:57:18.528: D/BoundBrokerSvc(14622): Loading bound service for intent: Intent { act=com.google.android.gms.testsupport.service.START pkg=com.google.android.gms }
11-16 08:57:18.552: I/m.akt(14622): Primes not initialized, returning default (no-op) Primes instance which will ignore all calls. Please call Primes.initialize(...) before using any Primes API.
11-16 08:57:18.565: W/DynamiteModule(14622): Local module descriptor class for com.google.android.gms.googlecertificates not found.
11-16 08:57:18.569: W/gle.android.gm(14622): Unsupported class loader
11-16 08:57:18.570: W/gle.android.gm(14622): Skipping duplicate class check due to unsupported classloader
11-16 08:57:18.572: I/DynamiteModule(14622): Considering local module com.google.android.gms.googlecertificates:0 and remote module com.google.android.gms.googlecertificates:6
11-16 08:57:18.572: I/DynamiteModule(14622): Selected remote version of com.google.android.gms.googlecertificates, version >= 6
11-16 08:57:18.580: W/gle.android.gm(14622): Unsupported class loader
11-16 08:57:18.581: W/gle.android.gm(14622): Skipping duplicate class check due to unsupported classloader
11-16 08:57:18.603: I/TestSupport(14622): Activated: 1636963200000@1637081837967 [CONTEXT service_id=133 ]
11-16 08:57:18.604: I/TestSupport(14622): Boot time: 1637081232797 [CONTEXT service_id=133 ]
11-16 08:57:18.604: I/TestSupport(14622): Passing package and signature checks: com.google.android.gmscore.testing.testsupport [CONTEXT service_id=133 ]
11-16 08:57:18.616: I/TestSupport(14622): SetOverrideOperation: finsky.play_services_auto_update_enabled = false [CONTEXT service_id=133 ]
11-16 08:57:18.652: I/GservicesProvider(4421): override update completed
11-16 08:57:18.664: I/ActivityManager(1260): Start proc 16056:com.android.connectivity.metrics/u0a57 for broadcast com.android.connectivity.metrics/.SnapshotSchedulingReceiver
11-16 08:57:18.669: E/ctivity.metric(16056): Not starting debugger since process cannot load the jdwp agent.
11-16 08:57:18.683: I/TestSupport(14622): GServices override confirmed: finsky.play_services_auto_update_enabled=false [CONTEXT service_id=133 ]
11-16 08:57:18.691: I/ctivity.metric(16056): The ClassLoaderContext is a special shared library.
11-16 08:57:18.692: I/TestSupport(14622): SetOverrideOperation: finsky.setup_wizard_additional_account_vpa_enable = false [CONTEXT service_id=133 ]
11-16 08:57:18.700: I/Bugle(10028): ApnsOta: OTA version -1
11-16 08:57:18.702: I/CarrierServices(9978): [2] bxu.e: Carrier Services GServices flags:
11-16 08:57:18.702: I/CarrierServices(9978):    carrier_services_security_flags_ec_api_white_listed_packages: com.google.android.apps.messaging,com.google.android.dialer,com.google.android.ims.client.sampleapp,com.android.contacts,com.lge.rcscall,com.android.incallui,com.huawei.incallui.appfeature.rcsfeature
11-16 08:57:18.702: I/CarrierServices(9978):    carrier_services_security_flags_ec_api_white_listed_signatures: B28C3EDB665DF32686224DF800F603E9959BBE4E,0980A12BE993528C19107BC21AD811478C63CEFC,B38FA7B5ECFAEC44620A020752B07E063B3120A8,203997BC46B8792DC9747ABD230569071F9A0439,EDA6413C3E3A95492114FE07CD953AD897E40D1A,760EBB9F4200B3DFB1B817B40FF0563A3C150D39,5B368CFF2DA2686996BC95EAC190EAA4F5630FE5,01D845B26B688D8EF647205A5944E9407E52E06E,27196E386B875E76ADF700E7EA84E4C6EEE33DFA,1CDD04F1E4A732BB0352FDFAEE26D2315526DF85,025D5212BF3B5F5CDA6117A518721D70A94D84E0
11-16 08:57:18.702: I/CarrierServices(9978):    carrier_services_security_flags_test_service_white_listed_packages: com.google.android.ims.mobly.snippets
11-16 08:57:18.702: I/CarrierServices(9978):    carrier_services_security_flags_test_service_white_listed_signatures: AE41481F52E0F58DF2806D5A38EB3DBCA5AE02B0,E165542B31953CC282AA4EF2F4D5F07F7663A2A2
11-16 08:57:18.702: I/CarrierServices(9978):    carrier_services_security_flags_white_listed_packages: com.google.android.apps.messaging,com.google.android.dialer,com.google.android.ims.client.sampleapp,com.android.contacts,com.lge.rcscall,com.android.incallui,com.huawei.incallui.appfeature.rcsfeature
11-16 08:57:18.702: I/CarrierServices(9978):    carrier_services_security_flags_white_listed_signatures: B28C3EDB665DF32686224DF800F603E9959BBE4E,0980A12BE993528C19107BC21AD811478C63CEFC,B38FA7B5ECFAEC44620A020752B07E063B3120A8,203997BC46B8792DC9747ABD230569071F9A0439,EDA6413C3E3A95492114FE07CD953AD897E40D1A,760EBB9F4200B3DFB1B817B40FF0563A3C150D39,5B368CFF2DA2686996BC95EAC190EAA4F5630FE5,01D845B26B688D8EF647205A5944E9407E52E06E,27196E386B875E76ADF700E7EA84E4C6EEE33DFA,1CDD04F1E4A732BB0352FDFAEE26D2315526DF85,025D5212BF3B5F5CDA6117A518721D70A94D84E0
11-16 08:57:18.702: I/CarrierServices(9978):    carrier_services_video_share_disabled_user_agent_substrings: SM-G930,SM-G935,SM-A320
11-16 08:57:18.702: I/CarrierServices(9978): ====================
11-16 08:57:18.716: D/ConnMetrics:App(16056): onCreate()
11-16 08:57:18.730: I/ActivityManager(1260): Start proc 16075:com.google.android.apps.multidevice.client/u0a72 for broadcast com.google.android.apps.multidevice.client/.ui.pixel.SettingsActivityAvailabilityReceiver
11-16 08:57:18.732: I/GservicesProvider(4421): override update completed
11-16 08:57:18.738: E/tidevice.clien(16075): Not starting debugger since process cannot load the jdwp agent.
11-16 08:57:18.752: E/GooglePlayServicesUtil(16056): The Google Play services resources were not found. Check your project configuration to ensure that the resources are included.
11-16 08:57:18.756: I/TestSupport(14622): GServices override confirmed: finsky.setup_wizard_additional_account_vpa_enable=false [CONTEXT service_id=133 ]
11-16 08:57:18.767: I/TestSupport(14622): SetOverrideOperation: finsky.daily_hygiene_schedule_unauthenticated = false [CONTEXT service_id=133 ]
11-16 08:57:18.774: I/tidevice.clien(16075): The ClassLoaderContext is a special shared library.
11-16 08:57:18.788: D/ConnMetrics:App(16056): IsOptedIn = false
11-16 08:57:18.800: I/GservicesProvider(4421): override update completed
11-16 08:57:18.825: I/SettingsActivityAvailab(16075): Disabling com.google.android.apps.multidevice.client.ui.pixel.SettingsActivity.
11-16 08:57:18.826: I/ActivityManager(1260): Killing 14166:com.google.android.packageinstaller/u0a36 (adj 906): empty #17
11-16 08:57:18.827: D/GservicesChangeReceiver(6046): Gservices Changed broadcast Received. context is android.app.ReceiverRestrictedContext@142723
11-16 08:57:18.827: W/libprocessgroup(1260): kill(-14166, 9) failed: No such process
11-16 08:57:18.827: I/TestSupport(14622): GServices override confirmed: finsky.daily_hygiene_schedule_unauthenticated=false [CONTEXT service_id=133 ]
11-16 08:57:18.836: D/GservicesChangeReceiver(6046): Gservices allowPowerAnomalyData is False.
11-16 08:57:18.837: I/Bugle(10028): ApnsOta: OTA version -1
11-16 08:57:18.838: I/TestSupport(14622): SetOverrideOperation: finsky.background_split_installs_blacklist = com.android.chrome,com.google.android.gms,com.google.android.webview [CONTEXT service_id=133 ]
11-16 08:57:18.838: D/ConnectivityMonitorManager(6046): Service com.google.android.connectivitymonitor.PowerAnomalyDetectorService is not running...
11-16 08:57:18.841: I/CarrierServices(9978): [2] bxu.e: Carrier Services GServices flags:
11-16 08:57:18.841: I/CarrierServices(9978):    carrier_services_security_flags_ec_api_white_listed_packages: com.google.android.apps.messaging,com.google.android.dialer,com.google.android.ims.client.sampleapp,com.android.contacts,com.lge.rcscall,com.android.incallui,com.huawei.incallui.appfeature.rcsfeature
11-16 08:57:18.841: I/CarrierServices(9978):    carrier_services_security_flags_ec_api_white_listed_signatures: B28C3EDB665DF32686224DF800F603E9959BBE4E,0980A12BE993528C19107BC21AD811478C63CEFC,B38FA7B5ECFAEC44620A020752B07E063B3120A8,203997BC46B8792DC9747ABD230569071F9A0439,EDA6413C3E3A95492114FE07CD953AD897E40D1A,760EBB9F4200B3DFB1B817B40FF0563A3C150D39,5B368CFF2DA2686996BC95EAC190EAA4F5630FE5,01D845B26B688D8EF647205A5944E9407E52E06E,27196E386B875E76ADF700E7EA84E4C6EEE33DFA,1CDD04F1E4A732BB0352FDFAEE26D2315526DF85,025D5212BF3B5F5CDA6117A518721D70A94D84E0
11-16 08:57:18.841: I/CarrierServices(9978):    carrier_services_security_flags_test_service_white_listed_packages: com.google.android.ims.mobly.snippets
11-16 08:57:18.841: I/CarrierServices(9978):    carrier_services_security_flags_test_service_white_listed_signatures: AE41481F52E0F58DF2806D5A38EB3DBCA5AE02B0,E165542B31953CC282AA4EF2F4D5F07F7663A2A2
11-16 08:57:18.841: I/CarrierServices(9978):    carrier_services_security_flags_white_listed_packages: com.google.android.apps.messaging,com.google.android.dialer,com.google.android.ims.client.sampleapp,com.android.contacts,com.lge.rcscall,com.android.incallui,com.huawei.incallui.appfeature.rcsfeature
11-16 08:57:18.841: I/CarrierServices(9978):    carrier_services_security_flags_white_listed_signatures: B28C3EDB665DF32686224DF800F603E9959BBE4E,0980A12BE993528C19107BC21AD811478C63CEFC,B38FA7B5ECFAEC44620A020752B07E063B3120A8,203997BC46B8792DC9747ABD230569071F9A0439,EDA6413C3E3A95492114FE07CD953AD897E40D1A,760EBB9F4200B3DFB1B817B40FF0563A3C150D39,5B368CFF2DA2686996BC95EAC190EAA4F5630FE5,01D845B26B688D8EF647205A5944E9407E52E06E,27196E386B875E76ADF700E7EA84E4C6EEE33DFA,1CDD04F1E4A732BB0352FDFAEE26D2315526DF85,025D5212BF3B5F5CDA6117A518721D70A94D84E0
11-16 08:57:18.841: I/CarrierServices(9978):    carrier_services_video_share_disabled_user_agent_substrings: SM-G930,SM-G935,SM-A320
11-16 08:57:18.841: I/CarrierServices(9978): ====================
11-16 08:57:18.847: D/GservicesChangeReceiver(6046): Gservices allowLowPowerMonitoring is False.
11-16 08:57:18.849: D/ConnectivityMonitorManager(6046): Service com.google.android.connectivitymonitor.LowPowerMonitorService is not running...
11-16 08:57:18.850: D/CarrierServices(9978): log_saver already enabled
11-16 08:57:18.854: I/CarrierServices(9978): [2] bxu.e: Carrier Services GServices flags:
11-16 08:57:18.854: I/CarrierServices(9978):    carrier_services_security_flags_ec_api_white_listed_packages: com.google.android.apps.messaging,com.google.android.dialer,com.google.android.ims.client.sampleapp,com.android.contacts,com.lge.rcscall,com.android.incallui,com.huawei.incallui.appfeature.rcsfeature
11-16 08:57:18.854: I/CarrierServices(9978):    carrier_services_security_flags_ec_api_white_listed_signatures: B28C3EDB665DF32686224DF800F603E9959BBE4E,0980A12BE993528C19107BC21AD811478C63CEFC,B38FA7B5ECFAEC44620A020752B07E063B3120A8,203997BC46B8792DC9747ABD230569071F9A0439,EDA6413C3E3A95492114FE07CD953AD897E40D1A,760EBB9F4200B3DFB1B817B40FF0563A3C150D39,5B368CFF2DA2686996BC95EAC190EAA4F5630FE5,01D845B26B688D8EF647205A5944E9407E52E06E,27196E386B875E76ADF700E7EA84E4C6EEE33DFA,1CDD04F1E4A732BB0352FDFAEE26D2315526DF85,025D5212BF3B5F5CDA6117A518721D70A94D84E0
11-16 08:57:18.854: I/CarrierServices(9978):    carrier_services_security_flags_test_service_white_listed_packages: com.google.android.ims.mobly.snippets
11-16 08:57:18.854: I/CarrierServices(9978):    carrier_services_security_flags_test_service_white_listed_signatures: AE41481F52E0F58DF2806D5A38EB3DBCA5AE02B0,E165542B31953CC282AA4EF2F4D5F07F7663A2A2
11-16 08:57:18.854: I/CarrierServices(9978):    carrier_services_security_flags_white_listed_packages: com.google.android.apps.messaging,com.google.android.dialer,com.google.android.ims.client.sampleapp,com.android.contacts,com.lge.rcscall,com.android.incallui,com.huawei.incallui.appfeature.rcsfeature
11-16 08:57:18.854: I/CarrierServices(9978):    carrier_services_security_flags_white_listed_signatures: B28C3EDB665DF32686224DF800F603E9959BBE4E,0980A12BE993528C19107BC21AD811478C63CEFC,B38FA7B5ECFAEC44620A020752B07E063B3120A8,203997BC46B8792DC9747ABD230569071F9A0439,EDA6413C3E3A95492114FE07CD953AD897E40D1A,760EBB9F4200B3DFB1B817B40FF0563A3C150D39,5B368CFF2DA2686996BC95EAC190EAA4F5630FE5,01D845B26B688D8EF647205A5944E9407E52E06E,27196E386B875E76ADF700E7EA84E4C6EEE33DFA,1CDD04F1E4A732BB0352FDFAEE26D2315526DF85,025D5212BF3B5F5CDA6117A518721D70A94D84E0
11-16 08:57:18.854: I/CarrierServices(9978):    carrier_services_video_share_disabled_user_agent_substrings: SM-G930,SM-G935,SM-A320
11-16 08:57:18.854: I/CarrierServices(9978): ====================
11-16 08:57:18.866: I/Bugle(10028): ApnsOta: OTA version -1
11-16 08:57:18.871: W/libprocessgroup(1260): kill(-14166, 9) failed: No such process
11-16 08:57:18.874: D/GservicesChangeReceiver(6046): Gservices isConnectivityMonitorEnabled is True.
11-16 08:57:18.875: D/ConnectivityMonitorManager(6046): Service com.google.android.connectivitymonitor.ConnectivityMonitorService is running...
11-16 08:57:18.875: D/CarrierServices(9978): log_saver already enabled
11-16 08:57:18.876: D/CarrierServices(9978): log_saver already enabled
11-16 08:57:18.879: I/Zygote(739): Process 14166 exited due to signal (9)
11-16 08:57:18.882: W/ActivityManager(1260): setHasOverlayUi called on unknown pid: 14166
11-16 08:57:18.888: I/ActivityManager(1260): Start proc 16097:com.google.android.euicc/u0a67 for broadcast com.google.android.euicc/com.android.euicc.receiver.GservicesChangedReceiver
11-16 08:57:18.890: E/e.android.euic(16097): Not starting debugger since process cannot load the jdwp agent.
11-16 08:57:18.893: W/libprocessgroup(1260): kill(-14166, 9) failed: No such process
11-16 08:57:18.893: I/libprocessgroup(1260): Successfully killed process cgroup uid 10036 pid 14166 in 66ms
11-16 08:57:18.902: I/GservicesProvider(4421): override update completed
11-16 08:57:18.923: I/TestSupport(14622): GServices override confirmed: finsky.background_split_installs_blacklist=com.android.chrome,com.google.android.gms,com.google.android.webview [CONTEXT service_id=133 ]
11-16 08:57:18.924: I/TSDRIVER(16026): Handled command: PACKAGE
11-16 08:57:18.926: I/ActivityManager(1260): Killing 4724:com.google.process.gapps/u0a7 (adj 906): empty #17
11-16 08:57:18.927: W/libprocessgroup(1260): kill(-4724, 9) failed: No such process
11-16 08:57:18.927: I/Bugle(10028): ApnsOta: OTA version -1
11-16 08:57:18.940: W/libprocessgroup(1260): kill(-4724, 9) failed: No such process
11-16 08:57:18.944: I/CarrierServices(9978): [2] bxu.e: Carrier Services GServices flags:
11-16 08:57:18.944: I/CarrierServices(9978):    carrier_services_security_flags_ec_api_white_listed_packages: com.google.android.apps.messaging,com.google.android.dialer,com.google.android.ims.client.sampleapp,com.android.contacts,com.lge.rcscall,com.android.incallui,com.huawei.incallui.appfeature.rcsfeature
11-16 08:57:18.944: I/CarrierServices(9978):    carrier_services_security_flags_ec_api_white_listed_signatures: B28C3EDB665DF32686224DF800F603E9959BBE4E,0980A12BE993528C19107BC21AD811478C63CEFC,B38FA7B5ECFAEC44620A020752B07E063B3120A8,203997BC46B8792DC9747ABD230569071F9A0439,EDA6413C3E3A95492114FE07CD953AD897E40D1A,760EBB9F4200B3DFB1B817B40FF0563A3C150D39,5B368CFF2DA2686996BC95EAC190EAA4F5630FE5,01D845B26B688D8EF647205A5944E9407E52E06E,27196E386B875E76ADF700E7EA84E4C6EEE33DFA,1CDD04F1E4A732BB0352FDFAEE26D2315526DF85,025D5212BF3B5F5CDA6117A518721D70A94D84E0
11-16 08:57:18.944: I/CarrierServices(9978):    carrier_services_security_flags_test_service_white_listed_packages: com.google.android.ims.mobly.snippets
11-16 08:57:18.944: I/CarrierServices(9978):    carrier_services_security_flags_test_service_white_listed_signatures: AE41481F52E0F58DF2806D5A38EB3DBCA5AE02B0,E165542B31953CC282AA4EF2F4D5F07F7663A2A2
11-16 08:57:18.944: I/CarrierServices(9978):    carrier_services_security_flags_white_listed_packages: com.google.android.apps.messaging,com.google.android.dialer,com.google.android.ims.client.sampleapp,com.android.contacts,com.lge.rcscall,com.android.incallui,com.huawei.incallui.appfeature.rcsfeature
11-16 08:57:18.944: I/CarrierServices(9978):    carrier_services_security_flags_white_listed_signatures: B28C3EDB665DF32686224DF800F603E9959BBE4E,0980A12BE993528C19107BC21AD811478C63CEFC,B38FA7B5ECFAEC44620A020752B07E063B3120A8,203997BC46B8792DC9747ABD230569071F9A0439,EDA6413C3E3A95492114FE07CD953AD897E40D1A,760EBB9F4200B3DFB1B817B40FF0563A3C150D39,5B368CFF2DA2686996BC95EAC190EAA4F5630FE5,01D845B26B688D8EF647205A5944E9407E52E06E,27196E386B875E76ADF700E7EA84E4C6EEE33DFA,1CDD04F1E4A732BB0352FDFAEE26D2315526DF85,025D5212BF3B5F5CDA6117A518721D70A94D84E0
11-16 08:57:18.944: I/CarrierServices(9978):    carrier_services_video_share_disabled_user_agent_substrings: SM-G930,SM-G935,SM-A320
11-16 08:57:18.944: I/CarrierServices(9978): ====================
11-16 08:57:18.946: I/Zygote(739): Process 4724 exited due to signal (9)
11-16 08:57:18.947: D/BugleRcsEngine(10045): log_saver already enabled
11-16 08:57:18.967: W/libprocessgroup(1260): kill(-4724, 9) failed: No such process
11-16 08:57:18.967: I/libprocessgroup(1260): Successfully killed process cgroup uid 10007 pid 4724 in 40ms
11-16 08:57:18.971: D/CarrierServices(9978): log_saver already enabled
11-16 08:57:18.977: I/TSDRIVER(16026): CommandService onHandleIntent()
11-16 08:57:18.977: I/TSDRIVER(16026): Got command: PACKAGE
11-16 08:57:18.977: I/TSDRIVER(16026): flag package: Eitjb20uZ29vZ2xlLmFuZHJvaWQuZ21zLmF1dGguYXBpLmNyZWRlbnRpYWxzGh4KGlNhdmVTdHJhdGVneV9fZW5hYmxlU2F2aW5nGAAoPg
11-16 08:57:18.978: I/TSDRIVER(16026): flag package: com.google.android.gms.auth.api.credentials
11-16 08:57:18.988: I/TestSupport(14622): SetOverrideOperation: gms:phenotype:phenotype_flag:debug_bypass_phenotype = false [CONTEXT service_id=133 ]
11-16 08:57:19.018: I/GservicesProvider(4421): override update completed
11-16 08:57:19.031: I/TestSupport(14622): GServices override confirmed: gms:phenotype:phenotype_flag:debug_bypass_phenotype=false [CONTEXT service_id=133 ]
11-16 08:57:19.041: I/Bugle(10028): ApnsOta: OTA version -1
11-16 08:57:19.044: I/TestSupport(14622): SetFlagOverridesOperation: com.google.android.gms.auth.api.credentials, '', [Flag(SaveStrategy__enableSaving, false, 2, 0)] [CONTEXT service_id=133 ]
11-16 08:57:19.055: I/CarrierServices(9978): [2] bxu.e: Carrier Services GServices flags:
11-16 08:57:19.055: I/CarrierServices(9978):    carrier_services_security_flags_ec_api_white_listed_packages: com.google.android.apps.messaging,com.google.android.dialer,com.google.android.ims.client.sampleapp,com.android.contacts,com.lge.rcscall,com.android.incallui,com.huawei.incallui.appfeature.rcsfeature
