11-16 08:57:33.722: W/PhenotypeConfigurationU(11258): Update for unknown DeviceConfig package com.google.android.gms.car#car [CONTEXT service_id=204 ]
11-16 08:57:33.722: W/PhenotypeConfigurationU(11258): akjf: No package exists for config package: com.google.android.gms.car#car
11-16 08:57:33.722: W/PhenotypeConfigurationU(11258): 	at com.google.android.gms.platformconfigurator.PhenotypeConfigurationUpdateListener.a(:com.google.android.gms@213614028@21.36.14 (100400-395708125):7)
11-16 08:57:33.722: W/PhenotypeConfigurationU(11258): 	at com.google.android.gms.platformconfigurator.PhenotypeConfigurationUpdateListener.onHandleIntent(:com.google.android.gms@213614028@21.36.14 (100400-395708125):5)
11-16 08:57:33.722: W/PhenotypeConfigurationU(11258): 	at com.google.android.chimera.IntentOperation.onHandleIntent(:com.google.android.gms@213614028@21.36.14 (100400-395708125):2)
11-16 08:57:33.722: W/PhenotypeConfigurationU(11258): 	at pld.onHandleIntent(:com.google.android.gms@213614028@21.36.14 (100400-395708125):4)
11-16 08:57:33.722: W/PhenotypeConfigurationU(11258): 	at dpb.run(:com.google.android.gms@213614028@21.36.14 (100400-395708125):5)
11-16 08:57:33.722: W/PhenotypeConfigurationU(11258): 	at dpa.run(:com.google.android.gms@213614028@21.36.14 (100400-395708125):11)
11-16 08:57:33.722: W/PhenotypeConfigurationU(11258): 	at bfyg.run(:com.google.android.gms@213614028@21.36.14 (100400-395708125):2)
11-16 08:57:33.722: W/PhenotypeConfigurationU(11258): 	at java.util.concurrent.ThreadPoolExecutor.runWorker(ThreadPoolExecutor.java:1167)
11-16 08:57:33.722: W/PhenotypeConfigurationU(11258): 	at java.util.concurrent.ThreadPoolExecutor$Worker.run(ThreadPoolExecutor.java:641)
11-16 08:57:33.722: W/PhenotypeConfigurationU(11258): 	at java.lang.Thread.run(Thread.java:764)
11-16 08:57:33.725: I/GMS_MM_Logger(14622): Memory Metric Logging not allowed. Stopping.
11-16 08:57:33.728: W/PhenotypeConfigurationU(11258): Update for unknown DeviceConfig package com.google.android.gms.icing.mdd#com.google.android.gms [CONTEXT service_id=204 ]
11-16 08:57:33.728: W/PhenotypeConfigurationU(11258): akjf: No package exists for config package: com.google.android.gms.icing.mdd#com.google.android.gms
11-16 08:57:33.728: W/PhenotypeConfigurationU(11258): 	at com.google.android.gms.platformconfigurator.PhenotypeConfigurationUpdateListener.a(:com.google.android.gms@213614028@21.36.14 (100400-395708125):7)
11-16 08:57:33.728: W/PhenotypeConfigurationU(11258): 	at com.google.android.gms.platformconfigurator.PhenotypeConfigurationUpdateListener.onHandleIntent(:com.google.android.gms@213614028@21.36.14 (100400-395708125):5)
11-16 08:57:33.728: W/PhenotypeConfigurationU(11258): 	at com.google.android.chimera.IntentOperation.onHandleIntent(:com.google.android.gms@213614028@21.36.14 (100400-395708125):2)
11-16 08:57:33.728: W/PhenotypeConfigurationU(11258): 	at pld.onHandleIntent(:com.google.android.gms@213614028@21.36.14 (100400-395708125):4)
11-16 08:57:33.728: W/PhenotypeConfigurationU(11258): 	at dpb.run(:com.google.android.gms@213614028@21.36.14 (100400-395708125):5)
11-16 08:57:33.728: W/PhenotypeConfigurationU(11258): 	at dpa.run(:com.google.android.gms@213614028@21.36.14 (100400-395708125):11)
11-16 08:57:33.728: W/PhenotypeConfigurationU(11258): 	at bfyg.run(:com.google.android.gms@213614028@21.36.14 (100400-395708125):2)
11-16 08:57:33.728: W/PhenotypeConfigurationU(11258): 	at java.util.concurrent.ThreadPoolExecutor.runWorker(ThreadPoolExecutor.java:1167)
11-16 08:57:33.728: W/PhenotypeConfigurationU(11258): 	at java.util.concurrent.ThreadPoolExecutor$Worker.run(ThreadPoolExecutor.java:641)
11-16 08:57:33.728: W/PhenotypeConfigurationU(11258): 	at java.lang.Thread.run(Thread.java:764)
11-16 08:57:33.730: E/.android.gms.u(17794): Not starting debugger since process cannot load the jdwp agent.
11-16 08:57:33.735: I/ActivityManager(1260): Start proc 17806:com.google.android.apps.tachyon/u0a148 for broadcast com.google.android.apps.tachyon/.common.applifecycle.LocaleChangeReceiver
11-16 08:57:33.745: E/id.apps.tachyo(17806): Not starting debugger since process cannot load the jdwp agent.
11-16 08:57:33.751: I/.android.gms.u(17794): The ClassLoaderContext is a special shared library.
11-16 08:57:33.756: I/.android.gms.u(17794): The ClassLoaderContext is a special shared library.
11-16 08:57:33.756: W/libprocessgroup(1260): kill(-16661, 9) failed: No such process
11-16 08:57:33.758: I/.android.gms.u(17794): The ClassLoaderContext is a special shared library.
11-16 08:57:33.762: W/PhenotypeConfigurationU(11258): Update for unknown DeviceConfig package com.google.android.gms.icing.mdd [CONTEXT service_id=204 ]
11-16 08:57:33.762: W/PhenotypeConfigurationU(11258): akjf: No package exists for config package: com.google.android.gms.icing.mdd
11-16 08:57:33.762: W/PhenotypeConfigurationU(11258): 	at com.google.android.gms.platformconfigurator.PhenotypeConfigurationUpdateListener.a(:com.google.android.gms@213614028@21.36.14 (100400-395708125):7)
11-16 08:57:33.762: W/PhenotypeConfigurationU(11258): 	at com.google.android.gms.platformconfigurator.PhenotypeConfigurationUpdateListener.onHandleIntent(:com.google.android.gms@213614028@21.36.14 (100400-395708125):5)
11-16 08:57:33.762: W/PhenotypeConfigurationU(11258): 	at com.google.android.chimera.IntentOperation.onHandleIntent(:com.google.android.gms@213614028@21.36.14 (100400-395708125):2)
11-16 08:57:33.762: W/PhenotypeConfigurationU(11258): 	at pld.onHandleIntent(:com.google.android.gms@213614028@21.36.14 (100400-395708125):4)
11-16 08:57:33.762: W/PhenotypeConfigurationU(11258): 	at dpb.run(:com.google.android.gms@213614028@21.36.14 (100400-395708125):5)
11-16 08:57:33.762: W/PhenotypeConfigurationU(11258): 	at dpa.run(:com.google.android.gms@213614028@21.36.14 (100400-395708125):11)
11-16 08:57:33.762: W/PhenotypeConfigurationU(11258): 	at bfyg.run(:com.google.android.gms@213614028@21.36.14 (100400-395708125):2)
11-16 08:57:33.762: W/PhenotypeConfigurationU(11258): 	at java.util.concurrent.ThreadPoolExecutor.runWorker(ThreadPoolExecutor.java:1167)
11-16 08:57:33.762: W/PhenotypeConfigurationU(11258): 	at java.util.concurrent.ThreadPoolExecutor$Worker.run(ThreadPoolExecutor.java:641)
11-16 08:57:33.762: W/PhenotypeConfigurationU(11258): 	at java.lang.Thread.run(Thread.java:764)
11-16 08:57:33.774: I/Zygote(739): Process 16661 exited due to signal (9)
11-16 08:57:33.774: W/.android.gms.u(17794): Unknown chunk type '200'.
11-16 08:57:33.777: D/BoundBrokerSvc(11258): onUnbind: Intent { act=com.google.android.gms.clearcut.bootcount.service.START pkg=com.google.android.gms }
11-16 08:57:33.800: W/libprocessgroup(1260): kill(-16661, 9) failed: No such process
11-16 08:57:33.800: I/libprocessgroup(1260): Successfully killed process cgroup uid 10102 pid 16661 in 89ms
11-16 08:57:33.854: W/PhenotypeConfigurationU(11258): Update for unknown DeviceConfig package com.google.android.gms.car [CONTEXT service_id=204 ]
11-16 08:57:33.854: W/PhenotypeConfigurationU(11258): akjf: No package exists for config package: com.google.android.gms.car
11-16 08:57:33.854: W/PhenotypeConfigurationU(11258): 	at com.google.android.gms.platformconfigurator.PhenotypeConfigurationUpdateListener.a(:com.google.android.gms@213614028@21.36.14 (100400-395708125):7)
11-16 08:57:33.854: W/PhenotypeConfigurationU(11258): 	at com.google.android.gms.platformconfigurator.PhenotypeConfigurationUpdateListener.onHandleIntent(:com.google.android.gms@213614028@21.36.14 (100400-395708125):5)
11-16 08:57:33.854: W/PhenotypeConfigurationU(11258): 	at com.google.android.chimera.IntentOperation.onHandleIntent(:com.google.android.gms@213614028@21.36.14 (100400-395708125):2)
11-16 08:57:33.854: W/PhenotypeConfigurationU(11258): 	at pld.onHandleIntent(:com.google.android.gms@213614028@21.36.14 (100400-395708125):4)
11-16 08:57:33.854: W/PhenotypeConfigurationU(11258): 	at dpb.run(:com.google.android.gms@213614028@21.36.14 (100400-395708125):5)
11-16 08:57:33.854: W/PhenotypeConfigurationU(11258): 	at dpa.run(:com.google.android.gms@213614028@21.36.14 (100400-395708125):11)
11-16 08:57:33.854: W/PhenotypeConfigurationU(11258): 	at bfyg.run(:com.google.android.gms@213614028@21.36.14 (100400-395708125):2)
11-16 08:57:33.854: W/PhenotypeConfigurationU(11258): 	at java.util.concurrent.ThreadPoolExecutor.runWorker(ThreadPoolExecutor.java:1167)
11-16 08:57:33.854: W/PhenotypeConfigurationU(11258): 	at java.util.concurrent.ThreadPoolExecutor$Worker.run(ThreadPoolExecutor.java:641)
11-16 08:57:33.854: W/PhenotypeConfigurationU(11258): 	at java.lang.Thread.run(Thread.java:764)
11-16 08:57:33.868: I/ThreadRunner(10234): setContextAndRunner
11-16 08:57:33.892: W/ProviderHelper(17794): Unknown dynamite feature providerinstaller.dynamite
11-16 08:57:33.893: I/DynamiteModule(17794): Considering local module com.google.android.gms.providerinstaller.dynamite:1 and remote module com.google.android.gms.providerinstaller.dynamite:0
11-16 08:57:33.893: I/DynamiteModule(17794): Selected local version of com.google.android.gms.providerinstaller.dynamite
11-16 08:57:33.904: I/.gms.persisten(11258): Background concurrent copying GC freed 166395(9MB) AllocSpace objects, 74(3MB) LOS objects, 49% free, 13MB/26MB, paused 30us total 100.138ms
11-16 08:57:33.907: V/NativeCrypto(17794): Registering com/google/android/gms/org/conscrypt/NativeCrypto's 294 native methods...
11-16 08:57:33.922: D/NetworkSecurityConfig(17794): Using Network Security Config from resource network_security_config debugBuild: false
11-16 08:57:33.924: I/ProviderInstaller(17794): Installed default security provider GmsCore_OpenSSL
11-16 08:57:33.945: I/axnn(17794): Primes not initialized, returning default (no-op) Primes instance which will ignore all calls. Please call Primes.initialize(...) before using any Primes API.
11-16 08:57:33.953: I/GMS_MM_Logger(17794): Started.
11-16 08:57:34.089: I/d.configupdate(17081): Waiting for a blocking GC ProfileSaver
11-16 08:57:34.098: I/d.configupdate(17081): Waiting for a blocking GC ProfileSaver
11-16 08:57:34.098: I/d.configupdate(17081): WaitForGcToComplete blocked ProfileSaver on HeapTrim for 9.448ms
11-16 08:57:34.134: E/Backup(14622): [BackupTransportMigratorChimeraService] Could not migrate transport!
11-16 08:57:34.135: I/Backup(14622): [BackupTransportMigratorChimeraService] Starting migration...
11-16 08:57:34.143: W/id.apps.tachyo(17806): JIT profile information will not be recorded: profile file does not exits.
11-16 08:57:34.143: I/chatty(17806): uid=10148(com.google.android.apps.tachyon) identical 1 line
11-16 08:57:34.143: W/id.apps.tachyo(17806): JIT profile information will not be recorded: profile file does not exits.
11-16 08:57:34.189: D/DownloadManager(16215): [83] Finished with status SUCCESS
11-16 08:57:34.241: I/ActivityManager(1260): Killing 16874:com.google.android.apps.tips/u0a52 (adj 906): empty #17
11-16 08:57:34.241: W/libprocessgroup(1260): kill(-16874, 9) failed: No such process
11-16 08:57:34.257: I/Zygote(739): Process 16874 exited due to signal (9)
11-16 08:57:34.270: W/PrimesInit(17806): Primes instant initialization
11-16 08:57:34.275: W/Primes(17806): background initialization
11-16 08:57:34.280: E/ExecutionCriteria(11258): Package unavailable for task: com.google.android.apps.gcs/com.google.android.flib.phenotype.services.PhenotypeExperimentCommitService{u=0 tag="PhenotypeExpCommitSvc" trigger=window{start=0s,end=30s,earliest=-516s,latest=-486s} requirements=[NET_ANY] attributes=[PERSISTED] scheduled=-516s last_run=N/A exec_window_multiplier=1.0000 jid=N/A status=PENDING retries=0 client_lib=MANCHEGO_GCM-11732000} [CONTEXT service_id=218 ]
11-16 08:57:34.287: W/libprocessgroup(1260): kill(-16874, 9) failed: No such process
11-16 08:57:34.287: I/libprocessgroup(1260): Successfully killed process cgroup uid 10052 pid 16874 in 45ms
11-16 08:57:34.302: I/NetworkScheduler.Stats(11258): Task com.google.android.gms/com.google.android.gms.ipa.base.IpaGcmTaskService started execution. cause:9 exec_start_elapsed_seconds: 621 [CONTEXT service_id=218 ]
11-16 08:57:34.317: I/NetworkScheduler.Stats(11258): Task com.google.android.gms/com.google.android.gms.ipa.base.IpaGcmTaskService finished executing. cause:9 result: 1 elapsed_millis: 27 uptime_millis: 27 exec_start_elapsed_seconds: 621 [CONTEXT service_id=218 ]
11-16 08:57:34.337: I/DefaultStickerUpdate(3691): Successfully updated sticker index for DefaultStickerTaskData{enabled=true, metadataUriPrefix=https://www.gstatic.com/android/keyboard/stickers/configs/v5/, supportedLanguage=en}
11-16 08:57:34.338: I/FirebaseJobDispatcher(3691): Task: DefaultStickerUpdate successes.
11-16 08:57:34.339: I/Icing(14622): Indexing done com.google.android.gms-apps
11-16 08:57:34.340: I/Icing(14622): Indexing com.google.android.inputmethod.latin-internal.3p:StickerPack from com.google.android.inputmethod.latin
11-16 08:57:34.344: E/SQLiteLog(14622): (1) no such table: StickerPack_com.google.android.inputmethod.latin_seq_table
11-16 08:57:34.345: E/Icing(14622): Cursor call threw an exception: no such table: StickerPack_com.google.android.inputmethod.latin_seq_table (code 1 SQLITE_ERROR): , while compiling: SELECT * FROM [StickerPack_com.google.android.inputmethod.latin_seq_table] WHERE seqno>0 AND tag IS NULL ORDER BY seqno LIMIT 20
11-16 08:57:34.346: E/ExecutionCriteria(11258): Package unavailable for task: com.google.android.apps.gcs/com.google.android.flib.phenotype.services.PhenotypeExperimentCommitService{u=0 tag="PhenotypeExpCommitSvc" trigger=window{start=0s,end=30s,earliest=-516s,latest=-486s} requirements=[NET_ANY] attributes=[PERSISTED] scheduled=-516s last_run=N/A exec_window_multiplier=1.0000 jid=N/A status=PENDING retries=0 client_lib=MANCHEGO_GCM-11732000} [CONTEXT service_id=218 ]
11-16 08:57:34.346: I/Icing(14622): Indexing done com.google.android.inputmethod.latin-internal.3p:StickerPack
11-16 08:57:34.346: E/Icing(14622): Aborting indexing of corpus internal.3p:StickerPack
11-16 08:57:34.348: I/Icing(14622): Indexing com.google.android.inputmethod.latin-internal.3p:Sticker from com.google.android.inputmethod.latin
11-16 08:57:34.355: E/SQLiteLog(14622): (1) no such table: Sticker_com.google.android.inputmethod.latin_seq_table
11-16 08:57:34.356: E/Icing(14622): Cursor call threw an exception: no such table: Sticker_com.google.android.inputmethod.latin_seq_table (code 1 SQLITE_ERROR): , while compiling: SELECT * FROM [Sticker_com.google.android.inputmethod.latin_seq_table] WHERE seqno>0 AND tag IS NULL ORDER BY seqno LIMIT 20
11-16 08:57:34.357: I/Icing(14622): Indexing done com.google.android.inputmethod.latin-internal.3p:Sticker
11-16 08:57:34.357: E/Icing(14622): Aborting indexing of corpus internal.3p:Sticker
11-16 08:57:34.364: I/NetworkScheduler.Stats(11258): Task com.google.android.inputmethod.latin/ finished executing. cause:7 result: 1 elapsed_millis: 2467 uptime_millis: 2467 exec_start_elapsed_seconds: 619 [CONTEXT service_id=218 ]
11-16 08:57:34.365: W/Icing(14622): No valid account for uploading user actions
11-16 08:57:34.369: I/Icing(14622): Usage reports ok 0, Failed Usage reports 0, indexed 0, rejected 0
11-16 08:57:34.375: E/ExecutionCriteria(11258): Package unavailable for task: com.google.android.apps.gcs/com.google.android.flib.phenotype.services.PhenotypeExperimentCommitService{u=0 tag="PhenotypeExpCommitSvc" trigger=window{start=0s,end=30s,earliest=-516s,latest=-486s} requirements=[NET_ANY] attributes=[PERSISTED] scheduled=-516s last_run=N/A exec_window_multiplier=1.0000 jid=N/A status=PENDING retries=0 client_lib=MANCHEGO_GCM-11732000} [CONTEXT service_id=218 ]
11-16 08:57:34.377: W/Icing(14622): No valid account for uploading user actions
11-16 08:57:34.385: I/org.webrtc.Logging(17806): NativeLibrary: Loading native library: jingle_peerconnection_so
11-16 08:57:34.386: I/org.webrtc.Logging(17806): PeerConnectionFactory: PeerConnectionFactory was initialized without an injected Loggable. Any existing Loggable will be deleted.
11-16 08:57:34.386: I/Icing(14622): Usage reports ok 0, Failed Usage reports 0, indexed 0, rejected 0
11-16 08:57:34.417: I/PrimesTesting(17806): GserviceFlagsSupplier.get()
11-16 08:57:34.515: W/id.apps.tachyo(17806): Unknown chunk type '200'.
11-16 08:57:34.531: D/EventBus(17806): No subscribers registered for event class gzh
11-16 08:57:34.532: D/EventBus(17806): No subscribers registered for event class sfa
11-16 08:57:34.549: W/ChimeraUtils(11258): Module com.google.android.gms.nearby_en has empty metadata display_name_string_id
11-16 08:57:34.550: W/ChimeraUtils(11258): Module com.google.android.gms.nearby_en has empty metadata display_name_string_id
11-16 08:57:34.599: D/EventBus(17806): No subscribers registered for event class gzh
11-16 08:57:34.599: D/EventBus(17806): No subscribers registered for event class sfa
11-16 08:57:34.613: I/ActivityManager(1260): Start proc 17913:com.google.android.apps.walletnfcrel/u0a152 for broadcast com.google.android.apps.walletnfcrel/com.google.android.libraries.notifications.entrypoints.localechanged.LocaleChangedReceiver
11-16 08:57:34.620: E/ps.walletnfcre(17913): Not starting debugger since process cannot load the jdwp agent.
11-16 08:57:34.642: I/ps.walletnfcre(17913): The ClassLoaderContext is a special shared library.
11-16 08:57:34.668: I/PeopleChimeraService(14622): onService. callbacks = xmw@4e4905a, request = com.google.android.gms.common.internal.GetServiceRequest@8e9128b
11-16 08:57:34.721: I/FA(17806): App measurement is starting up, version: 18079
11-16 08:57:34.721: I/FA(17806): To enable debug logging run: adb shell setprop log.tag.FA VERBOSE
11-16 08:57:34.721: I/FA(17806): To enable faster debug mode event logging run:
11-16 08:57:34.721: I/FA(17806):   adb shell setprop debug.firebase.analytics.app com.google.android.apps.tachyon
11-16 08:57:34.727: E/FA(17806): AppMeasurementReceiver not registered/enabled
11-16 08:57:34.728: E/FA(17806): AppMeasurementService not registered/enabled
11-16 08:57:34.728: E/FA(17806): Uploading is not possible. App measurement disabled
11-16 08:57:34.812: D/BoundBrokerSvc(14622): onUnbind: Intent { act=com.google.android.gms.auth.service.START pkg=com.google.android.gms }
11-16 08:57:34.949: W/SearchServiceCore(10234): Abort, client detached.
11-16 08:57:35.191: W/DynamiteModule(17913): Local module descriptor class for providerinstaller not found.
11-16 08:57:35.195: I/DynamiteModule(17913): Considering local module providerinstaller:0 and remote module providerinstaller:0
11-16 08:57:35.195: W/ProviderInstaller(17913): Failed to load providerinstaller module: No acceptable module found. Local version is 0 and remote version is 0.
11-16 08:57:35.197: W/ps.walletnfcre(17913): Unknown chunk type '200'.
11-16 08:57:35.200: I/ps.walletnfcre(17913): The ClassLoaderContext is a special shared library.
11-16 08:57:35.201: I/chatty(17913): uid=10152(com.google.android.apps.walletnfcrel) identical 1 line
11-16 08:57:35.202: I/ps.walletnfcre(17913): The ClassLoaderContext is a special shared library.
11-16 08:57:35.212: V/NativeCrypto(17913): Registering com/google/android/gms/org/conscrypt/NativeCrypto's 294 native methods...
11-16 08:57:35.222: D/NetworkSecurityConfig(17913): No Network Security Config specified, using platform default
11-16 08:57:35.223: I/ProviderInstaller(17913): Installed default security provider GmsCore_OpenSSL
11-16 08:57:35.317: I/BackgroundTaskManager(17913): Executing task PhenotypeRegistrationTask.phenotype_registration with PARALLEL execution policy.
11-16 08:57:35.339: D/BoundBrokerSvc(11258): onBind: Intent { act=com.google.android.gms.tapandpay.service.BIND pkg=com.google.android.gms }
11-16 08:57:35.339: D/BoundBrokerSvc(11258): Loading bound service for intent: Intent { act=com.google.android.gms.tapandpay.service.BIND pkg=com.google.android.gms }
11-16 08:57:35.373: W/PrimesInit(17913): Primes instant initialization
11-16 08:57:35.374: W/Primes(17913): background initialization
11-16 08:57:35.395: I/PrimesTesting(17913): GserviceFlagsSupplier.get()
11-16 08:57:35.415: D/BoundBrokerSvc(14622): onUnbind: Intent { act=com.google.android.gms.common.download.START cmp=com.google.android.gms/.chimera.GmsBoundBrokerService }
11-16 08:57:35.416: D/BoundBrokerSvc(14622): onUnbind: Intent { act=com.google.android.gms.ocr.service.internal.START cmp=com.google.android.gms/.chimera.GmsInternalApiService }
11-16 08:57:35.433: I/TapAndPayApplication(17913): Successfully initialized Firebase App
11-16 08:57:35.444: I/BackgroundTaskManager(17913): Executing task AccountFreshener.freshen with SEQUENTIAL execution policy.
11-16 08:57:35.446: I/Notifications(17913): [ChimeBroadcastReceiver] Intent received for action [android.intent.action.LOCALE_CHANGED] package [com.google.android.apps.walletnfcrel].
11-16 08:57:35.453: W/GCM(17913): GCM SDK is deprecated, com.google.android.apps.walletnfcrel should update to use FCM
11-16 08:57:35.474: I/Notifications(17913): [ChimeBroadcastReceiver] Validation OK for action [android.intent.action.LOCALE_CHANGED].
11-16 08:57:35.480: I/Notifications(17913): [ChimeBroadcastReceiver] Executing action in BroadcastReceiver [android.intent.action.LOCALE_CHANGED].
11-16 08:57:35.509: I/ActivityManager(1260): Killing 16891:com.google.android.apps.wellbeing/u0a26 (adj 906): empty #17
11-16 08:57:35.510: W/libprocessgroup(1260): kill(-16891, 9) failed: No such process
11-16 08:57:35.522: I/ActivityManager(1260): Start proc 17947:com.google.android.keep/u0a150 for broadcast com.google.android.keep/.notification.ReminderNotificationReceiver
11-16 08:57:35.521: W/libprocessgroup(1260): kill(-16891, 9) failed: No such process
11-16 08:57:35.528: E/le.android.kee(17947): Not starting debugger since process cannot load the jdwp agent.
11-16 08:57:35.537: I/Zygote(739): Process 16891 exited due to signal (9)
11-16 08:57:35.547: W/libprocessgroup(1260): kill(-16891, 9) failed: No such process
11-16 08:57:35.547: I/libprocessgroup(1260): Successfully killed process cgroup uid 10026 pid 16891 in 37ms
11-16 08:57:35.559: I/le.android.kee(17947): The ClassLoaderContext is a special shared library.
11-16 08:57:35.614: I/FA(17913): App measurement is starting up, version: 18079
11-16 08:57:35.614: I/FA(17913): To enable debug logging run: adb shell setprop log.tag.FA VERBOSE
11-16 08:57:35.614: I/FA(17913): To enable faster debug mode event logging run:
11-16 08:57:35.614: I/FA(17913):   adb shell setprop debug.firebase.analytics.app com.google.android.apps.walletnfcrel
11-16 08:57:35.819: W/ComponentDiscovery(17947): Application info not found.
11-16 08:57:35.819: W/ComponentDiscovery(17947): Could not retrieve metadata, returning empty list of registrars.
11-16 08:57:35.857: W/Primes(17947): Primes not initialized, returning default (no-op) Primes instance which will ignore all calls. Please call Primes.initialize(...) before using any Primes API.
11-16 08:57:35.867: W/PrimesInit(17947): Primes instant initialization
11-16 08:57:35.868: W/Primes(17947): background initialization
11-16 08:57:35.901: D/fpc_hidl(17966): fpc fingerprint hwbinder service starting
11-16 08:57:35.901: D/QSEECOMAPI(17966): QSEECom_get_handle sb_length = 0x80
11-16 08:57:35.901: D/QSEECOMAPI(17966): App is not loaded in QSEE
11-16 08:57:35.901: D/QSEECOMAPI(17966): app_arch = 2, total_files = 9
11-16 08:57:35.913: I/PrimesTesting(17947): GserviceFlagsSupplier.get()
11-16 08:57:35.953: W/KeepGATracker(17947): Disabling GA because no account was specified
11-16 08:57:35.959: D/QSEECOMAPI(17966): Loaded image: APP id = 127
11-16 08:57:35.964: E/fpc_tac(17966): fpcbuildinfo : 575ddab5b91efea67ee1d200fc813ff2fpc_bio=bd35c3fec78219829149bea6c9ec961e6f655b90C:prodtestlib=4304cf5c884c198624b749af3482befacbd3028eC:fpc_c_core=dc194509594e837dedfb5452aaf06fcb61977135C:fpc_lib=cd5b7b876c3d69afa68a11ac6fd86f873e70817bC:cac=297e11552c60a3607ed664cf44c3e4b36ab2e737C:fpc_bio_interface=94a457caecae31eca8ef04b64c3f82a018e9bbc0C:fpc_sensor=ba909a5500944acafe47a0ef3a49f89509aadfb6C:tools_core=94ddf1e684cfa6c99f0f237f7cc35f3962e0e597C:sensor_settings=4fcf864fb493ae0272a9b2806446b379d99fd8ceC:fingerprint_ta=066bc0ab880960a4a69b74a328c7d7871c72225bC:fingerprint_pal=0deb9a478a3572872639f9cb2559ccc464ee3f9bC:manifests=dcb3d8ab0bdb7a5b341839d8c75bb88fc7f5e1a4C:Manifesttag=SW23.3.0-PDR1.0.5:jenkins@84ffd74dac44:Thu,17May201810:17:08+0200:FPC_SENSOR_TYPE=FPC_SENSOR_TYPE_FPC1270:FPC_CC_TYPE=FPC_COMPANION_CHIP_FPC2050:FPC_C_TYPE=FPC_COATING_NORMAL
11-16 08:57:35.964: E/fpc_tac(17966): fpcbuildtype : build=RELEASE sensor=9
11-16 08:57:35.967: W/EventHub(1260): Unable to disable kernel key repeat for /dev/input/event3: Function not implemented
11-16 08:57:35.967: I/EventHub(1260): wakeMechanism=EPOLLWAKEUP, usingClockIoctl=true
11-16 08:57:35.967: I/EventHub(1260): New device: id=127, fd=166, path='/dev/input/event3', name='uinput-fpc', classes=0x101, configuration='/system/usr/idc/uinput-fpc.idc', keyLayout='/system/usr/keylayout/uinput-fpc.kl', keyCharacterMap='/system/usr/keychars/Generic.kcm', builtinKeyboard=true, 
11-16 08:57:35.967: W/InputReader(1260): Ignoring spurious device added event for deviceId 0.
11-16 08:57:35.980: V/SettingsProvider(1260): Notifying for 0: content://settings/system/gearhead:driving_mode_settings_enabled
11-16 08:57:35.982: W/NetworkScheduler(11258): Immediate task was not started com.google.android.apps.chromecast.app/.gcm.GcmRegistrationService{u=0 tag="GcmRegistrationService" trigger=window{start=0s,end=1s,earliest=0s,latest=0s} requirements=[NET_CONNECTED] attributes=[] scheduled=0s last_run=N/A exec_window_multiplier=1.0000 jid=N/A status=PENDING retries=0 client_lib=MANCHEGO_GCM-18944000}. Rescheduling immediate tasks can cause excessive battery drain.
11-16 08:57:35.983: W/NetworkScheduler(11258): Immediate task was not started com.google.android.apps.chromecast.app/.gcm.GcmRegistrationService{u=0 tag="GcmRegistrationService" trigger=window{start=0s,end=1s,earliest=0s,latest=0s} requirements=[NET_CONNECTED] attributes=[] scheduled=0s last_run=N/A exec_window_multiplier=1.0000 jid=N/A status=PENDING retries=0 client_lib=MANCHEGO_GCM-18944000}. Rescheduling immediate tasks can cause excessive battery drain.
11-16 08:57:35.990: I/akhr(11258): Scheduling Phenotype for a PhenotypeSyncImmediately(16, com.google.android.keep) one off with window [1, 2] in seconds [CONTEXT service_id=51 ]
11-16 08:57:35.994: W/BroadcastQueue(1260): Background execution not allowed: receiving Intent { act=com.google.android.systemui.OPA_ENABLED flg=0x10000010 (has extras) } to com.google.android.apps.nexuslauncher/.qsb.OPAStatusReceiver
11-16 08:57:35.997: W/BroadcastQueue(1260): Background execution not allowed: receiving Intent { act=com.google.android.systemui.OPA_ENABLED flg=0x10000010 (has extras) } to com.google.android.apps.nexuslauncher/.qsb.OPAStatusReceiver
11-16 08:57:35.999: W/BroadcastQueue(1260): Background execution not allowed: receiving Intent { act=com.google.android.systemui.OPA_ENABLED flg=0x10000010 (has extras) } to com.google.android.apps.nexuslauncher/.qsb.OPAStatusReceiver
11-16 08:57:36.006: D/BoundBrokerSvc(14622): onBind: Intent { act=com.google.android.mdd.service.START cmp=com.google.android.gms/.chimera.GmsBoundBrokerService }
11-16 08:57:36.006: D/BoundBrokerSvc(14622): Loading bound service for intent: Intent { act=com.google.android.mdd.service.START cmp=com.google.android.gms/.chimera.GmsBoundBrokerService }
11-16 08:57:36.032: I/PeopleChimeraService(14622): onService. callbacks = xmw@fa7b47b, request = com.google.android.gms.common.internal.GetServiceRequest@5878298
11-16 08:57:36.035: I/BlobLobber(10234): Handling download id 83 (blob odws2_en:us:511_2019-09-12_270573492_release_signed)
11-16 08:57:36.053: I/ActivityManager(1260): Killing 16934:com.google.android.as:nonpersistent/u0a43 (adj 906): empty #17
11-16 08:57:36.054: W/libprocessgroup(1260): kill(-16934, 9) failed: No such process
11-16 08:57:36.077: D/ConnectivityService(1260): ConnectivityService NetworkRequestInfo binderDied(NetworkRequest [ LISTEN id=50, [ Capabilities: INTERNET&NOT_RESTRICTED&TRUSTED Unwanted:  Uid: 10043] ], android.os.BinderProxy@a0850bc)
11-16 08:57:36.078: I/Zygote(740): Process 16934 exited due to signal (9)
11-16 08:57:36.089: V/DownloadManager(16215): Deleting /storage/emulated/0/Android/data/com.google.android.googlequicksearchbox/files/pending_blobs/odws2_en:us:511_2019-09-12_270573492_release_signed via provider delete
11-16 08:57:36.098: W/libprocessgroup(1260): kill(-16934, 9) failed: No such process
11-16 08:57:36.099: I/libprocessgroup(1260): Successfully killed process cgroup uid 10043 pid 16934 in 44ms
11-16 08:57:36.104: E/ExecutionCriteria(11258): Package unavailable for task: com.google.android.apps.gcs/com.google.android.flib.phenotype.services.PhenotypeExperimentCommitService{u=0 tag="PhenotypeExpCommitSvc" trigger=window{start=0s,end=30s,earliest=-517s,latest=-487s} requirements=[NET_ANY] attributes=[PERSISTED] scheduled=-517s last_run=N/A exec_window_multiplier=1.0000 jid=N/A status=PENDING retries=0 client_lib=MANCHEGO_GCM-11732000} [CONTEXT service_id=218 ]
11-16 08:57:36.105: I/earchbox:searc(10234): The ClassLoaderContext is a special shared library.
11-16 08:57:36.107: I/chatty(10234): uid=10047(com.google.android.googlequicksearchbox) NonUserFacing9 identical 1 line
11-16 08:57:36.109: I/earchbox:searc(10234): The ClassLoaderContext is a special shared library.
11-16 08:57:36.117: I/earchbox:searc(10234): Waiting for a blocking GC AddRemoveAppImageSpace
11-16 08:57:36.124: I/NetworkScheduler.Stats(11258): Task com.google.android.gms/com.google.android.gms.ipa.base.IpaGcmTaskService started execution. cause:9 exec_start_elapsed_seconds: 623 [CONTEXT service_id=218 ]
11-16 08:57:36.126: I/earchbox:searc(10234): WaitForGcToComplete blocked AddRemoveAppImageSpace on HeapTrim for 8.703ms
11-16 08:57:36.139: V/NativeCrypto(10234): Registering com/google/android/gms/org/conscrypt/NativeCrypto's 294 native methods...
11-16 08:57:36.141: E/ExecutionCriteria(11258): Package unavailable for task: com.google.android.apps.gcs/com.google.android.flib.phenotype.services.PhenotypeExperimentCommitService{u=0 tag="PhenotypeExpCommitSvc" trigger=window{start=0s,end=30s,earliest=-518s,latest=-488s} requirements=[NET_ANY] attributes=[PERSISTED] scheduled=-518s last_run=N/A exec_window_multiplier=1.0000 jid=N/A status=PENDING retries=0 client_lib=MANCHEGO_GCM-11732000} [CONTEXT service_id=218 ]
11-16 08:57:36.147: I/NetworkScheduler.Stats(11258): Task com.google.android.gms/com.google.android.gms.phenotype.service.sync.PhenotypeConfigurator started execution. cause:9 exec_start_elapsed_seconds: 623 [CONTEXT service_id=218 ]
11-16 08:57:36.151: I/NetworkScheduler.Stats(11258): Task com.google.android.gms/com.google.android.gms.ipa.base.IpaGcmTaskService finished executing. cause:9 result: 1 elapsed_millis: 37 uptime_millis: 37 exec_start_elapsed_seconds: 623 [CONTEXT service_id=218 ]
11-16 08:57:36.163: D/NetworkSecurityConfig(10234): Using Network Security Config from resource network_security_config debugBuild: false
11-16 08:57:36.164: E/ExecutionCriteria(11258): Package unavailable for task: com.google.android.apps.gcs/com.google.android.flib.phenotype.services.PhenotypeExperimentCommitService{u=0 tag="PhenotypeExpCommitSvc" trigger=window{start=0s,end=30s,earliest=-518s,latest=-488s} requirements=[NET_ANY] attributes=[PERSISTED] scheduled=-518s last_run=N/A exec_window_multiplier=1.0000 jid=N/A status=PENDING retries=0 client_lib=MANCHEGO_GCM-11732000} [CONTEXT service_id=218 ]
11-16 08:57:36.165: I/ProviderInstaller(10234): Installed default security provider GmsCore_OpenSSL
11-16 08:57:36.200: I/BgTaskExecutorImpl(10234): Starting NONEXCLUSIVE background task ZIP_DOWNLOAD_PROCESSOR.
11-16 08:57:36.204: W/SearchServiceCore(10234): Abort, client detached.
11-16 08:57:36.208: E/ModelDnldProcssHelpr(10234): pending download info for pending_hotword_model_download_info is null
11-16 08:57:36.208: E/ModelDnldProcssHelpr(10234): pending download info for pending_xgoogle_hotword_model_download_info is null
11-16 08:57:36.219: W/LanguagePackUpdateContr(10234): Querying download manager failed for ID : 83
11-16 08:57:36.221: E/DownloadManagerWrapper(10234): Can't find downloadId=83
11-16 08:57:36.227: W/SearchServiceCore(10234): Abort, client detached.
11-16 08:57:36.280: D/BoundBrokerSvc(14622): onUnbind: Intent { act=com.google.android.gms.findmydevice.spot.service.locationreport.START cmp=com.google.android.gms/.chimera.GmsApiService }
11-16 08:57:36.381: I/MediaStoreImporter(17306): Update: incremental Added music: 0 Updated music: 0 Deleted music: 0 Created playlists: 0 Updated playlists: 0 Deleted playlists: 0 Inserted playlist items: 0 Deleted playlist items: 0 Removed orphaned playlist items: 0
11-16 08:57:36.382: D/MusicLifecycle(17306): com.google.android.music.download.EncapsulatedBroadcastReceiver$1 generated event: Broadcast received with context com.google.android.music.ui.PhoneMusicApplication@18d47b2 and intent Intent { act=com.google.android.music.IMPORT_COMPLETE flg=0x10 }
11-16 08:57:36.404: I/akia(11258): Removed 0 invalid users [CONTEXT service_id=51 ]
11-16 08:57:36.819: I/akhr(11258): Scheduling adaptive one off task with window [14400, 604800] in seconds [CONTEXT service_id=51 ]
11-16 08:57:36.835: D/QSEECOMAPI(17966): QSEECom_get_handle sb_length = 0x400
11-16 08:57:36.836: D/QSEECOMAPI(17966): App is already loaded QSEE and app id = 1
11-16 08:57:36.838: E/fpc_tac(17966): qsee_km_get_encapsulated_key KEYMASTER_GET_AUTH_TOKEN_KEY returned status=-24
11-16 08:57:36.838: D/QSEECOMAPI(17966): QSEECom_dealloc_memory 
11-16 08:57:36.838: D/QSEECOMAPI(17966): QSEECom_shutdown_app, app_id = 1
11-16 08:57:36.838: E/fpc_fingerprint_hal(17966): fpc_hal_open failed
11-16 08:57:36.840: I/EventHub(1260): Removing device uinput-fpc due to epoll hang-up event.
11-16 08:57:36.840: I/EventHub(1260): Removed device: path=/dev/input/event3 name=uinput-fpc id=127 fd=166 classes=0x101
11-16 08:57:36.840: W/EventHub(1260): built-in keyboard device /dev/input/event3 (id=127) is closing! the apps will not like this
11-16 08:57:36.841: W/InputReader(1260): Ignoring spurious device removed event for deviceId 127.
11-16 08:57:36.841: I/EventHub(1260): Removing device '/dev/input/event3' due to inotify event
11-16 08:57:36.848: I/NetworkScheduler.Stats(11258): Task com.google.android.gms/com.google.android.gms.phenotype.service.sync.PhenotypeConfigurator finished executing. cause:9 result: 1 elapsed_millis: 722 uptime_millis: 722 exec_start_elapsed_seconds: 623 [CONTEXT service_id=218 ]
11-16 08:57:36.855: E/ExecutionCriteria(11258): Package unavailable for task: com.google.android.apps.gcs/com.google.android.flib.phenotype.services.PhenotypeExperimentCommitService{u=0 tag="PhenotypeExpCommitSvc" trigger=window{start=0s,end=30s,earliest=-518s,latest=-488s} requirements=[NET_ANY] attributes=[PERSISTED] scheduled=-518s last_run=N/A exec_window_multiplier=1.0000 jid=N/A status=PENDING retries=0 client_lib=MANCHEGO_GCM-11732000} [CONTEXT service_id=218 ]
11-16 08:57:36.857: D/QSEECOMAPI(17966): QSEECom_dealloc_memory 
11-16 08:57:36.857: D/QSEECOMAPI(17966): QSEECom_shutdown_app, app_id = 127
11-16 08:57:37.087: I/elligence.sens(17524): Waiting for a blocking GC ProfileSaver
11-16 08:57:37.099: I/elligence.sens(17524): WaitForGcToComplete blocked ProfileSaver on HeapTrim for 12.274ms
11-16 08:57:37.299: W/BroadcastQueue(1260): Background execution not allowed: receiving Intent { act=com.google.android.music.START_DOWNLOAD_SCHEDULING flg=0x10 } to com.google.android.music/.autocache.AutoCacheSchedulingService$EnablingReceiver
11-16 08:57:37.301: E/ExecutionCriteria(11258): Package unavailable for task: com.google.android.apps.gcs/com.google.android.flib.phenotype.services.PhenotypeExperimentCommitService{u=0 tag="PhenotypeExpCommitSvc" trigger=window{start=0s,end=30s,earliest=-519s,latest=-489s} requirements=[NET_ANY] attributes=[PERSISTED] scheduled=-519s last_run=N/A exec_window_multiplier=1.0000 jid=N/A status=PENDING retries=0 client_lib=MANCHEGO_GCM-11732000} [CONTEXT service_id=218 ]
11-16 08:57:38.135: I/ActivityManager(1260): Force stopping androidx.lifecycle.ktx.test appid=10172 user=-1: deletePackageX
11-16 08:57:37.325: I/chatty(11258): uid=10007(com.google.android.gms) netscheduler-qu identical 1 line
11-16 08:57:37.348: E/ExecutionCriteria(11258): Package unavailable for task: com.google.android.apps.gcs/com.google.android.flib.phenotype.services.PhenotypeExperimentCommitService{u=0 tag="PhenotypeExpCommitSvc" trigger=window{start=0s,end=30s,earliest=-519s,latest=-489s} requirements=[NET_ANY] attributes=[PERSISTED] scheduled=-519s last_run=N/A exec_window_multiplier=1.0000 jid=N/A status=PENDING retries=0 client_lib=MANCHEGO_GCM-11732000} [CONTEXT service_id=218 ]
11-16 08:57:38.209: I/keystore(822): clear_uid 10172
11-16 08:57:38.242: D/WificondControl(1260): Scan result ready event
11-16 08:57:38.322: I/system_server(1260): Explicit concurrent copying GC freed 210792(10MB) AllocSpace objects, 65(3MB) LOS objects, 42% free, 15MB/27MB, paused 80us total 111.712ms
11-16 08:57:38.329: I/ActivityManager(1260): Force stopping androidx.lifecycle.ktx.test appid=10172 user=0: pkg removed
11-16 08:57:38.336: W/BroadcastQueue(1260): Background execution not allowed: receiving Intent { act=android.intent.action.PACKAGE_REMOVED dat=package:androidx.lifecycle.ktx.test flg=0x4000010 (has extras) } to com.android.musicfx/.Compatibility$Receiver
11-16 08:57:38.336: W/BroadcastQueue(1260): Background execution not allowed: receiving Intent { act=android.intent.action.PACKAGE_REMOVED dat=package:androidx.lifecycle.ktx.test flg=0x4000010 (has extras) } to com.android.vending/com.google.android.finsky.packagemanager.impl.PackageMonitorReceiverImpl$RegisteredReceiver
11-16 08:57:38.341: I/ConditionProviders(1260): Disallowing condition provider androidx.lifecycle.ktx.test
11-16 08:57:38.342: E/PackageManager(1260): failed to find package androidx.lifecycle.ktx.test
11-16 08:57:38.342: E/OverlayManager(1260): Failed to change enabled overlays for androidx.lifecycle.ktx.test user 0
11-16 08:57:38.343: W/BroadcastQueue(1260): Background execution not allowed: receiving Intent { act=android.intent.action.PACKAGE_REMOVED dat=package:androidx.lifecycle.ktx.test flg=0x4000010 (has extras) } to com.android.vending/com.google.android.finsky.instantapps.appmanagement.InstantAppRemoveMonitor
11-16 08:57:38.343: W/BroadcastQueue(1260): Background execution not allowed: receiving Intent { act=android.intent.action.PACKAGE_REMOVED dat=package:androidx.lifecycle.ktx.test flg=0x4000010 (has extras) } to com.google.android.gms/.games.chimera.GamesSystemBroadcastReceiverProxy
11-16 08:57:38.343: W/BroadcastQueue(1260): Background execution not allowed: receiving Intent { act=android.intent.action.PACKAGE_REMOVED dat=package:androidx.lifecycle.ktx.test flg=0x4000010 (has extras) } to com.google.android.gms/.chimera.GmsIntentOperationService$PersistentTrustedReceiver
11-16 08:57:38.344: I/InputReader(1260): Reconfiguring input devices.  changes=0x00000010
11-16 08:57:38.345: W/BroadcastQueue(1260): Background execution not allowed: receiving Intent { act=android.intent.action.PACKAGE_REMOVED dat=package:androidx.lifecycle.ktx.test flg=0x4000010 (has extras) } to com.google.android.googlequicksearchbox/com.google.android.apps.gsa.googlequicksearchbox.GelStubAppWatcher
11-16 08:57:38.346: V/ConditionProviders(1260): enabling condition provider for 0: ComponentInfo{com.google.android.gms/com.google.android.location.settings.DrivingConditionProvider}
11-16 08:57:38.347: I/ActivityManager(1260): Start proc 18009:com.android.keychain/1000 for service com.android.keychain/.KeyChainService
11-16 08:57:38.351: V/ConditionProviders(1260): binding: Intent { act=android.service.notification.ConditionProviderService cmp=com.google.android.gms/com.google.android.location.settings.DrivingConditionProvider (has extras) }
11-16 08:57:38.354: D/WifiConfigManager(1260): Remove all networks for app ApplicationInfo{2fbba5c androidx.lifecycle.ktx.test}
11-16 08:57:38.359: E/ndroid.keychai(18009): Not starting debugger since process cannot load the jdwp agent.
11-16 08:57:38.360: D/RegisteredNfcFServicesCache(4186): Service unchanged, not updating
11-16 08:57:38.364: D/ConditionProviders(1260): Subscribing to condition://com.google.android.gms/false/4?provider=Driving with ComponentInfo{com.google.android.gms/com.google.android.location.settings.DrivingConditionProvider}
11-16 08:57:38.366: I/ActivityManager(1260): Start proc 18024:com.android.chrome/u0a107 for broadcast com.android.chrome/org.chromium.chrome.browser.browserservices.ClientAppBroadcastReceiver
11-16 08:57:38.368: E/PhoneInterfaceManager(3838): [PhoneIntfMgr] getCarrierPackageNamesForIntent: No UICC
11-16 08:57:38.368: D/CarrierSvcBindHelper(3838): No carrier app for: 0
11-16 08:57:38.369: W/ChimeraUtils(11258): Module com.google.android.gms.location__nonwearable has empty metadata display_name_string_id
11-16 08:57:38.370: D/ConditionProviders(1260): Disabling component com.google.android.gms/com.google.android.location.settings.DrivingConditionProvider
11-16 08:57:38.372: W/ConditionProviderService[dmm](11258): Condition provider service not yet bound.
11-16 08:57:38.375: E/.android.chrom(18024): Not starting debugger since process cannot load the jdwp agent.
11-16 08:57:38.376: I/ActivityManager(1260): Force stopping dev.androidx.ci.emptyapp appid=10171 user=-1: deletePackageX
11-16 08:57:38.388: I/ndroid.keychai(18009): The ClassLoaderContext is a special shared library.
11-16 08:57:38.408: I/keystore(822): clear_uid 10171
11-16 08:57:38.422: W/system_server(1260): Unknown chunk type '200'.
11-16 08:57:38.422: I/Fitness(11258): FitCleanupIntentOperation received Intent android.intent.action.PACKAGE_REMOVED [CONTEXT service_id=17 ]
11-16 08:57:38.435: I/BlockstoreStorage(14622): Clearing all the Blockstore Data for package androidx.lifecycle.ktx.test [CONTEXT service_id=258 ]
11-16 08:57:38.435: I/BlockstoreStorage(14622): Clearing all the Blockstore Data for 1 packages [CONTEXT service_id=258 ]
11-16 08:57:38.445: I/ActivityManager(1260): Killing 16965:com.google.android.calendar/u0a124 (adj 906): empty #17
11-16 08:57:38.446: W/libprocessgroup(1260): kill(-16965, 9) failed: No such process
11-16 08:57:38.455: I/Icing(14622): doRemovePackageData androidx.lifecycle.ktx.test
11-16 08:57:38.472: I/Zygote(739): Process 16965 exited due to signal (9)
11-16 08:57:38.477: I/DatabaseOpenHelper(14622): Upgrading DocList.db from version 172 to 173, databasePath=/data/user/0/com.google.android.gms/databases/DocList.db
11-16 08:57:38.491: W/libprocessgroup(1260): kill(-16965, 9) failed: No such process
11-16 08:57:38.491: I/libprocessgroup(1260): Successfully killed process cgroup uid 10124 pid 16965 in 45ms
11-16 08:57:38.505: I/Icing(14622): Indexing com.google.android.gms-apps from com.google.android.gms
11-16 08:57:38.508: I/Icing(14622): Indexing done com.google.android.gms-apps
11-16 08:57:38.580: I/system_server(1260): Explicit concurrent copying GC freed 49499(2MB) AllocSpace objects, 14(600KB) LOS objects, 42% free, 16MB/28MB, paused 140us total 171.235ms
11-16 08:57:38.581: W/DriveInitializer(14622): Awaiting to be initialized
11-16 08:57:38.584: I/ActivityManager(1260): Force stopping dev.androidx.ci.emptyapp appid=10171 user=0: pkg removed
11-16 08:57:38.591: I/InputReader(1260): Reconfiguring input devices.  changes=0x00000010
11-16 08:57:38.593: E/PackageManager(1260): failed to find package dev.androidx.ci.emptyapp
11-16 08:57:38.593: E/OverlayManager(1260): Failed to change enabled overlays for dev.androidx.ci.emptyapp user 0
11-16 08:57:38.597: I/ConditionProviders(1260): Disallowing condition provider dev.androidx.ci.emptyapp
11-16 08:57:38.606: E/SchedPolicy(1260): set_timerslack_ns write failed: No such process
11-16 08:57:38.608: D/RegisteredNfcFServicesCache(4186): Service unchanged, not updating
11-16 08:57:38.609: D/WifiConfigManager(1260): Remove all networks for app ApplicationInfo{a0248a7 dev.androidx.ci.emptyapp}
11-16 08:57:38.611: E/PhoneInterfaceManager(3838): [PhoneIntfMgr] getCarrierPackageNamesForIntent: No UICC
11-16 08:57:38.611: D/CarrierSvcBindHelper(3838): No carrier app for: 0
11-16 08:57:38.621: I/Fitness(11258): FitCleanupIntentOperation received Intent android.intent.action.PACKAGE_REMOVED [CONTEXT service_id=17 ]
11-16 08:57:38.630: I/PinnedContentDownloader(14622): Finished downloading pinned content.
11-16 08:57:38.630: I/ContentMaintenance(14622): Internal cache bytes used: 0; limit: 100000000; download size: 0
11-16 08:57:38.637: I/BlockstoreStorage(14622): Clearing all the Blockstore Data for package dev.androidx.ci.emptyapp [CONTEXT service_id=258 ]
11-16 08:57:38.637: I/BlockstoreStorage(14622): Clearing all the Blockstore Data for 1 packages [CONTEXT service_id=258 ]
11-16 08:57:38.647: I/RealtimeCacheCleanup(14622): Beginning Realtime garbage collection.
11-16 08:57:38.650: I/RealtimeCacheCleanup(14622): Finished Realtime garbage collection.
11-16 08:57:38.655: I/Icing(14622): doRemovePackageData dev.androidx.ci.emptyapp
11-16 08:57:38.668: I/Icing(14622): Indexing com.google.android.gms-apps from com.google.android.gms
11-16 08:57:38.669: I/Icing(14622): Indexing done com.google.android.gms-apps
