11-16 08:57:28.747: W/libprocessgroup(1260): kill(-16168, 9) failed: No such process
11-16 08:57:28.750: I/Zygote(739): Process 16168 exited due to signal (9)
11-16 08:57:28.767: W/libprocessgroup(1260): kill(-16168, 9) failed: No such process
11-16 08:57:28.767: I/libprocessgroup(1260): Successfully killed process cgroup uid 10031 pid 16168 in 52ms
11-16 08:57:28.894: W/PrimesInit(17019): Primes instant initialization
11-16 08:57:28.894: W/Primes(17019): background initialization
11-16 08:57:28.899: I/ActivityManager(1260): Killing 12538:com.google.android.gms.ui/u0a7 (adj 906): empty #17
11-16 08:57:28.899: W/libprocessgroup(1260): kill(-12538, 9) failed: No such process
11-16 08:57:28.903: D/ActivityManager(1260): Raise procstate to external provider: ProcessRecord{6a9ade2 16444:android.process.acore/u0a42}
11-16 08:57:28.904: W/Binder(1260): Outgoing transactions from this process must be FLAG_ONEWAY
11-16 08:57:28.904: W/Binder(1260): java.lang.Throwable
11-16 08:57:28.904: W/Binder(1260): 	at android.os.BinderProxy.transact(Binder.java:1116)
11-16 08:57:28.904: W/Binder(1260): 	at android.content.ContentProviderProxy.getType(ContentProviderNative.java:451)
11-16 08:57:28.904: W/Binder(1260): 	at com.android.server.am.ActivityManagerService.getProviderMimeType(ActivityManagerService.java:13091)
11-16 08:57:28.904: W/Binder(1260): 	at android.app.IActivityManager$Stub.onTransact(IActivityManager.java:1417)
11-16 08:57:28.904: W/Binder(1260): 	at com.android.server.am.ActivityManagerService.onTransact(ActivityManagerService.java:3297)
11-16 08:57:28.904: W/Binder(1260): 	at android.os.Binder.execTransact(Binder.java:731)
11-16 08:57:28.914: I/ActivityManager(1260): Start proc 17061:com.google.android.deskclock/u0a119 for broadcast com.google.android.deskclock/com.android.deskclock.AlarmInitReceiver
11-16 08:57:28.917: E/droid.deskcloc(17061): Not starting debugger since process cannot load the jdwp agent.
11-16 08:57:28.918: I/Zygote(739): Process 12538 exited due to signal (9)
11-16 08:57:28.941: I/droid.deskcloc(17061): The ClassLoaderContext is a special shared library.
11-16 08:57:28.944: W/libprocessgroup(1260): kill(-12538, 9) failed: No such process
11-16 08:57:28.945: I/libprocessgroup(1260): Successfully killed process cgroup uid 10007 pid 12538 in 45ms
11-16 08:57:28.974: I/PrimesTesting(17019): GserviceFlagsSupplier.get()
11-16 08:57:29.033: I/ActivityManager(1260): Start proc 17081:com.google.android.configupdater/u0a29 for service com.google.android.configupdater/.MainJobService
11-16 08:57:29.042: E/d.configupdate(17081): Not starting debugger since process cannot load the jdwp agent.
11-16 08:57:29.053: W/PrimesInit(17061): Primes instant initialization
11-16 08:57:29.058: I/d.configupdate(17081): The ClassLoaderContext is a special shared library.
11-16 08:57:29.061: W/Primes(17061): background initialization
11-16 08:57:29.067: I/GAv4(17061): Google Analytics 18.5.89 is starting up. To enable debug logging on a device run:
11-16 08:57:29.067: I/GAv4(17061):   adb shell setprop log.tag.GAv4 DEBUG
11-16 08:57:29.067: I/GAv4(17061):   adb logcat -s GAv4
11-16 08:57:29.074: I/FontLog(11258): Received query Google Sans:500, URI content://com.google.android.gms.fonts [CONTEXT service_id=132 ]
11-16 08:57:29.074: I/FontLog(11258): Query [Google Sans:500] resolved to {Google Sans, wdth 100.0, wght 500, ital 0.0, bestEffort false} [CONTEXT service_id=132 ]
11-16 08:57:29.076: I/FontLog(11258): Font PFD returned from cache for {Google Sans, wdth 100.0, wght 500, ital 0.0, bestEffort false} [CONTEXT service_id=132 ]
11-16 08:57:29.077: I/FontLog(11258): Fetch {Google Sans, wdth 100.0, wght 500, ital 0.0, bestEffort false} end status Status{statusCode=SUCCESS, resolution=null} [CONTEXT service_id=132 ]
11-16 08:57:29.086: I/FontLog(11258): Pulling font file for id = 6, cache size = 6 [CONTEXT service_id=132 ]
11-16 08:57:29.086: I/ActivityManager(1260): Killing 16026:com.google.android.gmscore.testing.testsupport/u0a170 (adj 906): empty #17
11-16 08:57:29.087: W/libprocessgroup(1260): kill(-16026, 9) failed: No such process
11-16 08:57:29.095: I/FontLog(11258): Received query Google Sans, URI content://com.google.android.gms.fonts [CONTEXT service_id=132 ]
11-16 08:57:29.095: I/FontLog(11258): Query [Google Sans] resolved to {Google Sans, wdth 100.0, wght 400, ital 0.0, bestEffort false} [CONTEXT service_id=132 ]
11-16 08:57:29.098: I/FontLog(11258): Font PFD returned from cache for {Google Sans, wdth 100.0, wght 400, ital 0.0, bestEffort false} [CONTEXT service_id=132 ]
11-16 08:57:29.098: I/FontLog(11258): Fetch {Google Sans, wdth 100.0, wght 400, ital 0.0, bestEffort false} end status Status{statusCode=SUCCESS, resolution=null} [CONTEXT service_id=132 ]
11-16 08:57:29.103: I/FontLog(11258): Pulling font file for id = 7, cache size = 7 [CONTEXT service_id=132 ]
11-16 08:57:29.106: W/GAv4(17061): AnalyticsReceiver is not registered or is disabled. Register the receiver for reliable dispatching on non-Google Play devices. See http://goo.gl/8Rd3yj for instructions.
11-16 08:57:29.109: I/Zygote(739): Process 16026 exited due to signal (9)
11-16 08:57:29.109: W/libprocessgroup(1260): kill(-16026, 9) failed: No such process
11-16 08:57:29.109: I/libprocessgroup(1260): Successfully killed process cgroup uid 10170 pid 16026 in 22ms
11-16 08:57:29.111: D/BoundBrokerSvc(14622): onUnbind: Intent { act=com.google.android.gms.testsupport.service.START pkg=com.google.android.gms }
11-16 08:57:29.113: I/AlarmClock(17061): AlarmInitReceiver android.intent.action.LOCALE_CHANGED
11-16 08:57:29.120: W/GAv4(17061): CampaignTrackingReceiver is not registered, not exported or is disabled. Installation campaign tracking is not possible. See http://goo.gl/8Rd3yj for instructions.
11-16 08:57:29.121: I/PrimesTesting(17061): GserviceFlagsSupplier.get()
11-16 08:57:29.124: W/GAv4(17061): AnalyticsService not registered in the app manifest. Hits might not be delivered reliably. See http://goo.gl/8Rd3yj for instructions.
11-16 08:57:29.125: I/AlarmClock(17061): DigitalAppWidgetProvider processing Intent { act=android.intent.action.LOCALE_CHANGED flg=0x11200010 cmp=com.google.android.deskclock/com.android.alarmclock.DigitalAppWidgetProvider }
11-16 08:57:29.128: E/Backup(14622): [BackupTransportMigratorChimeraService] Could not migrate transport!
11-16 08:57:29.131: I/Backup(14622): [BackupTransportMigratorChimeraService] Starting migration...
11-16 08:57:29.154: I/ActivityManager(1260): Start proc 17135:com.google.android.dialer/u0a64 for broadcast com.google.android.dialer/com.android.dialer.notification.channel.NotificationChannelUpdateReceiver
11-16 08:57:29.158: E/.android.diale(17135): Not starting debugger since process cannot load the jdwp agent.
11-16 08:57:29.178: I/.android.diale(17135): The ClassLoaderContext is a special shared library.
11-16 08:57:29.184: I/ActivityManager(1260): Killing 16314:com.android.carrierdefaultapp/u0a84 (adj 906): empty #17
11-16 08:57:29.179: I/.android.diale(17135): The ClassLoaderContext is a special shared library.
11-16 08:57:29.185: W/libprocessgroup(1260): kill(-16314, 9) failed: No such process
11-16 08:57:29.194: I/chatty(1260): uid=1000(system) ActivityManager identical 1 line
11-16 08:57:29.207: W/libprocessgroup(1260): kill(-16314, 9) failed: No such process
11-16 08:57:29.234: I/GAv4-SVC(14622): Google Analytics 213.6.14 is starting up.
11-16 08:57:29.252: W/libprocessgroup(1260): kill(-16314, 9) failed: No such process
11-16 08:57:29.257: I/ActivityManager(1260): Killing 16341:com.android.cellbroadcastreceiver/u0a62 (adj 906): empty #17
11-16 08:57:29.264: I/Zygote(739): Process 16314 exited due to signal (9)
11-16 08:57:29.281: I/Zygote(739): Process 16341 exited due to signal (9)
11-16 08:57:29.297: W/libprocessgroup(1260): kill(-16314, 9) failed: No such process
11-16 08:57:29.297: I/libprocessgroup(1260): Successfully killed process cgroup uid 10084 pid 16314 in 111ms
11-16 08:57:29.297: W/libprocessgroup(1260): kill(-16341, 9) failed: No such process
11-16 08:57:29.297: I/libprocessgroup(1260): Successfully killed process cgroup uid 10062 pid 16341 in 0ms
11-16 08:57:29.415: D/ImsResolver(3838): maybeAddedImsService, packageName: com.google.android.gms
11-16 08:57:29.418: I/InputReader(1260): Reconfiguring input devices.  changes=0x00000010
11-16 08:57:29.435: D/RegisteredNfcFServicesCache(4186): Service unchanged, not updating
11-16 08:57:29.441: I/Finsky(13091): [2] alsm.a(4): Exiting following cache clear.
11-16 08:57:29.442: I/Finsky(13091): [2] gik.run(63): Exit with reason: 375, called from : java.lang.Throwable
11-16 08:57:29.442: I/Finsky(13091): 	at gik.run(Unknown Source:9)
11-16 08:57:29.442: I/Finsky(13091): 	at android.os.Handler.handleCallback(Handler.java:873)
11-16 08:57:29.442: I/Finsky(13091): 	at android.os.Handler.dispatchMessage(Handler.java:99)
11-16 08:57:29.442: I/Finsky(13091): 	at android.os.Looper.loop(Looper.java:193)
11-16 08:57:29.442: I/Finsky(13091): 	at android.app.ActivityThread.main(ActivityThread.java:6718)
11-16 08:57:29.442: I/Finsky(13091): 	at java.lang.reflect.Method.invoke(Native Method)
11-16 08:57:29.442: I/Finsky(13091): 	at com.android.internal.os.RuntimeInit$MethodAndArgsCaller.run(RuntimeInit.java:493)
11-16 08:57:29.442: I/Finsky(13091): 	at com.android.internal.os.ZygoteInit.main(ZygoteInit.java:858)
11-16 08:57:29.445: I/Telecom(1260): DefaultDialerCache: Refreshing default dialer for user 0: now com.google.android.dialer: DDC.oR@AKE
11-16 08:57:29.447: I/android.vendin(13091): System.exit called, status: 0
11-16 08:57:29.447: I/AndroidRuntime(13091): VM exiting with result code 0, cleanup skipped.
11-16 08:57:29.452: E/PhoneInterfaceManager(3838): [PhoneIntfMgr] getCarrierPackageNamesForIntent: No UICC
11-16 08:57:29.452: D/CarrierSvcBindHelper(3838): No carrier app for: 0
11-16 08:57:29.454: I/Fitness(11258): OnPackageChangedOperation got intent: Intent { act=android.intent.action.PACKAGE_CHANGED dat=package:com.google.android.gms flg=0x45000010 pkg=com.google.android.gms cmp=com.google.android.gms/.chimera.PersistentIntentOperationService (has extras) } [CONTEXT service_id=17 ]
11-16 08:57:29.459: I/Dialer(17135): DuoModule.provideDuo - enabled, returning impl
11-16 08:57:29.463: W/PeopleGalProvider(14622): Not enabled to outside of GmsCore.
11-16 08:57:29.463: I/PeopleGalProvider(14622): Method 0 completed.
11-16 08:57:29.472: I/Fitness(11258): FitCleanupIntentOperation received Intent android.intent.action.PACKAGE_CHANGED [CONTEXT service_id=17 ]
11-16 08:57:29.474: I/ContactDirectoryManager(16444): Directory provider com.google.android.gms(com.google.android.gms.people.gal.provider) returned a NULL cursor.
11-16 08:57:29.499: W/Binder(1260): Outgoing transactions from this process must be FLAG_ONEWAY
11-16 08:57:29.499: W/Binder(1260): java.lang.Throwable
11-16 08:57:29.499: W/Binder(1260): 	at android.os.BinderProxy.transact(Binder.java:1116)
11-16 08:57:29.499: W/Binder(1260): 	at com.android.internal.location.ILocationProvider$Stub$Proxy.getProperties(ILocationProvider.java:236)
11-16 08:57:29.499: W/Binder(1260): 	at com.android.server.location.LocationProviderProxy$1$1.run(LocationProviderProxy.java:117)
11-16 08:57:29.499: W/Binder(1260): 	at com.android.server.ServiceWatcher.runOnBinder(ServiceWatcher.java:425)
11-16 08:57:29.499: W/Binder(1260): 	at com.android.server.location.LocationProviderProxy$1.run(LocationProviderProxy.java:111)
11-16 08:57:29.499: W/Binder(1260): 	at android.os.Handler.handleCallback(Handler.java:873)
11-16 08:57:29.499: W/Binder(1260): 	at android.os.Handler.dispatchMessage(Handler.java:99)
11-16 08:57:29.499: W/Binder(1260): 	at android.os.Looper.loop(Looper.java:193)
11-16 08:57:29.499: W/Binder(1260): 	at android.os.HandlerThread.run(HandlerThread.java:65)
11-16 08:57:29.510: D/ConnectivityService(1260): ConnectivityService NetworkRequestInfo binderDied(NetworkRequest [ LISTEN id=38, [ Capabilities: INTERNET&NOT_RESTRICTED&TRUSTED Unwanted:  Uid: 10014] ], android.os.BinderProxy@2a31314)
11-16 08:57:29.510: D/ConnectivityService(1260): ConnectivityService NetworkRequestInfo binderDied(NetworkRequest [ TRACK_DEFAULT id=37, [ Capabilities: INTERNET&NOT_RESTRICTED&TRUSTED Unwanted:  Uid: 10014] ], android.os.BinderProxy@4b767bd)
11-16 08:57:29.511: I/ActivityManager(1260): Process com.android.vending (pid 13091) has died: cch+2CEM 
11-16 08:57:29.503: W/Binder(1260): Outgoing transactions from this process must be FLAG_ONEWAY
11-16 08:57:29.503: W/Binder(1260): java.lang.Throwable
11-16 08:57:29.503: W/Binder(1260): 	at android.os.BinderProxy.transact(Binder.java:1116)
11-16 08:57:29.503: W/Binder(1260): 	at com.android.internal.location.ILocationProvider$Stub$Proxy.getProperties(ILocationProvider.java:236)
11-16 08:57:29.503: W/Binder(1260): 	at com.android.server.location.LocationProviderProxy$1$1.run(LocationProviderProxy.java:117)
11-16 08:57:29.503: W/Binder(1260): 	at com.android.server.ServiceWatcher.runOnBinder(ServiceWatcher.java:425)
11-16 08:57:29.503: W/Binder(1260): 	at com.android.server.location.LocationProviderProxy$1.run(LocationProviderProxy.java:111)
11-16 08:57:29.503: W/Binder(1260): 	at android.os.Handler.handleCallback(Handler.java:873)
11-16 08:57:29.503: W/Binder(1260): 	at android.os.Handler.dispatchMessage(Handler.java:99)
11-16 08:57:29.503: W/Binder(1260): 	at android.os.Looper.loop(Looper.java:193)
11-16 08:57:29.503: W/Binder(1260): 	at android.os.HandlerThread.run(HandlerThread.java:65)
11-16 08:57:29.512: I/Zygote(740): Process 13091 exited cleanly (0)
11-16 08:57:29.512: W/libprocessgroup(1260): kill(-13091, 9) failed: No such process
11-16 08:57:29.512: I/libprocessgroup(1260): Successfully killed process cgroup uid 10014 pid 13091 in 0ms
11-16 08:57:29.514: D/ConnectivityService(1260): releasing NetworkRequest [ TRACK_DEFAULT id=37, [ Capabilities: INTERNET&NOT_RESTRICTED&TRUSTED Unwanted:  Uid: 10014] ] (release request)
11-16 08:57:29.524: I/Icing(14622): updateResources: need to parse zml{com.google.android.gms}
11-16 08:57:29.533: W/ChimeraUtils(11258): Module com.google.android.gms.nearby_en has empty metadata display_name_string_id
11-16 08:57:29.545: D/BoundBrokerSvc(14622): onBind: Intent { act=com.google.android.gms.telephonyspam.service.START pkg=com.google.android.gms }
11-16 08:57:29.545: D/BoundBrokerSvc(14622): Loading bound service for intent: Intent { act=com.google.android.gms.telephonyspam.service.START pkg=com.google.android.gms }
11-16 08:57:29.559: I/Icing(14622): Indexing com.google.android.gms-apps from com.google.android.gms
11-16 08:57:29.562: I/Icing(14622): Indexing done com.google.android.gms-apps
11-16 08:57:29.566: D/BoundBrokerSvc(14622): onBind: Intent { act=com.google.android.gms.auth.service.START pkg=com.google.android.gms }
11-16 08:57:29.566: D/BoundBrokerSvc(14622): Loading bound service for intent: Intent { act=com.google.android.gms.auth.service.START pkg=com.google.android.gms }
11-16 08:57:29.612: I/Dialer(17135): ClearcutMetricsInitializer.initialize - enter
11-16 08:57:29.619: W/PrimesInit(17135): Primes instant initialization
11-16 08:57:29.620: I/Dialer(17135): ClearcutMetricsInitializer.initialize - primes metrics monitoring started!
11-16 08:57:29.620: W/Primes(17135): background initialization
11-16 08:57:29.621: I/Dialer(17135): PrimesMetrics.startTimer - Application.onCreate is empty
11-16 08:57:29.641: I/Dialer(17135): DialerExecutorModule.newThread - creating low priority thread
11-16 08:57:29.642: I/Dialer(17135): DialerExecutorModule.newThread - creating low priority thread
11-16 08:57:29.645: I/PrimesTesting(17135): GserviceFlagsSupplier.get()
11-16 08:57:29.647: I/Dialer(17135): DialerExecutorModule.newThread - creating low priority thread
11-16 08:57:29.648: I/Dialer(17135): CallLogFramework.registerContentObserversAndRefreshReceiver - enter
11-16 08:57:29.648: I/Dialer(17135): SystemCallLogDataSource.registerContentObservers - enter
11-16 08:57:29.649: I/Dialer(17135): CallLogConfigImpl.schedulePollingJob - scheduling
11-16 08:57:29.651: I/Dialer(17135): RefreshAnnotatedCallLogNotifier.notify - checkDirty=true
11-16 08:57:29.665: I/Dialer(17135): NonUiTaskBuilder.newThread - creating serial thread
11-16 08:57:29.669: I/Dialer(17135): DialerExecutorModule.newThread - creating low priority thread
11-16 08:57:29.670: I/Dialer(17135): ShortcutsJobScheduler.scheduleAllJobs - enter
11-16 08:57:29.672: I/Dialer(17135): ShortcutsJobScheduler.scheduleAllJobs - enabling shortcuts
11-16 08:57:29.672: I/Dialer(17135): PeriodicJobService.schedulePeriodicJob - enter
11-16 08:57:29.672: I/Dialer(17135): PeriodicJobService.schedulePeriodicJob - job already scheduled.
11-16 08:57:29.694: I/Dialer(17135): NotificationChannelUpdateReceiver.onReceive - updateChannels
11-16 08:57:29.719: I/Dialer(17135): RefreshAnnotatedCallLogReceiver.onReceive - enter
11-16 08:57:29.720: I/Dialer(17135): RefreshAnnotatedCallLogReceiver.refreshAnnotatedCallLog - enter
11-16 08:57:29.720: I/Dialer(17135): RefreshAnnotatedCallLogReceiver.refreshAnnotatedCallLog - start refreshing, checkDirty=true
11-16 08:57:29.720: I/Dialer(17135): RefreshAnnotatedCallLogWorker.refresh - submitting serialized refresh request
11-16 08:57:29.721: I/Dialer(17135): DialerExecutorModule.newThread - creating low priority thread
11-16 08:57:29.723: I/Dialer(17135): RefreshAnnotatedCallLogWorker.checkDirtyAndRebuildIfNecessary - starting refresh flow
11-16 08:57:29.734: I/ActivityManager(1260): Start proc 17224:com.google.android.gm/u0a100 for broadcast com.google.android.gm/.MailIntentReceiver
11-16 08:57:29.742: E/ogle.android.g(17224): Not starting debugger since process cannot load the jdwp agent.
11-16 08:57:29.745: E/kvw(17135): RuntimeException while executing runnable bxg@f572ee3 with executor MoreExecutors.directExecutor()
11-16 08:57:29.745: E/kvw(17135): java.util.concurrent.CancellationException: Task was cancelled.
11-16 08:57:29.745: E/kvw(17135): 	at kvw.b(PG:2)
11-16 08:57:29.745: E/kvw(17135): 	at kvw.get(PG:2)
11-16 08:57:29.745: E/kvw(17135): 	at kzp.a(PG:3)
11-16 08:57:29.745: E/kvw(17135): 	at kyu.a(PG:15)
11-16 08:57:29.745: E/kvw(17135): 	at bxg.run(PG:2)
11-16 08:57:29.745: E/kvw(17135): 	at kxm.execute(Unknown Source:0)
11-16 08:57:29.745: E/kvw(17135): 	at kvw.b(PG:24)
11-16 08:57:29.745: E/kvw(17135): 	at kvw.a(PG:15)
11-16 08:57:29.745: E/kvw(17135): 	at kvw.cancel(PG:8)
11-16 08:57:29.745: E/kvw(17135): 	at bxi.a(PG:4)
11-16 08:57:29.745: E/kvw(17135): 	at kvw.a(PG:7)
11-16 08:57:29.745: E/kvw(17135): 	at kvw.cancel(PG:8)
11-16 08:57:29.745: E/kvw(17135): 	at bxi.a(PG:4)
11-16 08:57:29.745: E/kvw(17135): 	at kvw.a(PG:7)
11-16 08:57:29.745: E/kvw(17135): 	at kvw.a(PG:40)
11-16 08:57:29.745: E/kvw(17135): 	at bxf.a(PG:1)
11-16 08:57:29.745: E/kvw(17135): 	at bxg.run(PG:5)
11-16 08:57:29.745: E/kvw(17135): 	at kxm.execute(Unknown Source:0)
11-16 08:57:29.745: E/kvw(17135): 	at kvw.b(PG:24)
11-16 08:57:29.745: E/kvw(17135): 	at kvw.a(PG:38)
11-16 08:57:29.745: E/kvw(17135): 	at bya.a(PG:18)
11-16 08:57:29.745: E/kvw(17135): 	at brp.a(Unknown Source:7)
11-16 08:57:29.745: E/kvw(17135): 	at kwm.a(PG:2)
11-16 08:57:29.745: E/kvw(17135): 	at kwj.run(PG:6)
11-16 08:57:29.745: E/kvw(17135): 	at kyw.run(Unknown Source:7)
11-16 08:57:29.745: E/kvw(17135): 	at java.util.concurrent.ThreadPoolExecutor.runWorker(ThreadPoolExecutor.java:1167)
11-16 08:57:29.745: E/kvw(17135): 	at java.util.concurrent.ThreadPoolExecutor$Worker.run(ThreadPoolExecutor.java:641)
11-16 08:57:29.745: E/kvw(17135): 	at java.lang.Thread.run(Thread.java:764)
11-16 08:57:29.746: E/kvw(17135): RuntimeException while executing runnable bxg@2eedc55 with executor MoreExecutors.directExecutor()
11-16 08:57:29.746: E/kvw(17135): java.util.concurrent.CancellationException: Task was cancelled.
11-16 08:57:29.746: E/kvw(17135): 	at kvw.b(PG:2)
11-16 08:57:29.746: E/kvw(17135): 	at kvw.get(PG:2)
11-16 08:57:29.746: E/kvw(17135): 	at kzp.a(PG:3)
11-16 08:57:29.746: E/kvw(17135): 	at kyu.a(PG:15)
11-16 08:57:29.746: E/kvw(17135): 	at bxg.run(PG:2)
11-16 08:57:29.746: E/kvw(17135): 	at kxm.execute(Unknown Source:0)
11-16 08:57:29.746: E/kvw(17135): 	at kvw.b(PG:24)
11-16 08:57:29.746: E/kvw(17135): 	at kvw.a(PG:15)
11-16 08:57:29.746: E/kvw(17135): 	at kvw.cancel(PG:8)
11-16 08:57:29.746: E/kvw(17135): 	at bxi.a(PG:4)
11-16 08:57:29.746: E/kvw(17135): 	at kvw.a(PG:7)
11-16 08:57:29.746: E/kvw(17135): 	at kvw.cancel(PG:8)
11-16 08:57:29.746: E/kvw(17135): 	at bxi.a(PG:4)
11-16 08:57:29.746: E/kvw(17135): 	at kvw.a(PG:7)
11-16 08:57:29.746: E/kvw(17135): 	at kvw.a(PG:40)
11-16 08:57:29.746: E/kvw(17135): 	at bxf.a(PG:1)
11-16 08:57:29.746: E/kvw(17135): 	at bxg.run(PG:5)
11-16 08:57:29.746: E/kvw(17135): 	at kxm.execute(Unknown Source:0)
11-16 08:57:29.746: E/kvw(17135): 	at kvw.b(PG:24)
11-16 08:57:29.746: E/kvw(17135): 	at kvw.a(PG:38)
11-16 08:57:29.746: E/kvw(17135): 	at bya.a(PG:18)
11-16 08:57:29.746: E/kvw(17135): 	at brp.a(Unknown Source:7)
11-16 08:57:29.746: E/kvw(17135): 	at kwm.a(PG:2)
11-16 08:57:29.746: E/kvw(17135): 	at kwj.run(PG:6)
11-16 08:57:29.746: E/kvw(17135): 	at kyw.run(Unknown Source:7)
11-16 08:57:29.746: E/kvw(17135): 	at java.util.concurrent.ThreadPoolExecutor.runWorker(ThreadPoolExecutor.java:1167)
11-16 08:57:29.746: E/kvw(17135): 	at java.util.concurrent.ThreadPoolExecutor$Worker.run(ThreadPoolExecutor.java:641)
11-16 08:57:29.746: E/kvw(17135): 	at java.lang.Thread.run(Thread.java:764)
11-16 08:57:29.750: I/Dialer(17135): RefreshAnnotatedCallLogWorker.checkDirtyAndRebuildIfNecessary - isDirty: true
11-16 08:57:29.762: I/Dialer(17135): SystemCallLogDataSource.fill - found 0 existing annotated call log ids
11-16 08:57:29.768: I/ogle.android.g(17224): The ClassLoaderContext is a special shared library.
11-16 08:57:29.826: I/Dialer(17135): SystemCallLogDataSource.handleInsertsAndUpdatesInternal - no results for REGULAR_CALL
11-16 08:57:29.828: I/Dialer(17135): Flags.register - phenotype register status: true
11-16 08:57:29.833: I/Dialer(17135): SystemCallLogDataSource.handleInsertsAndUpdatesInternal - no results for CALL_IN_DIRECT_BOOT_MODE
11-16 08:57:29.836: I/Dialer(17135): SystemCallLogDataSource.handleDeletes - found 0 call log entries to remove
11-16 08:57:29.855: I/Dialer(17135): SystemBlockedNumberPhoneLookup.getMostRecentPhoneLookupInfo - enter
11-16 08:57:29.886: I/Dialer(17135): Flags.register - commit succeeded: true
11-16 08:57:29.914: I/Dialer(17135): SpamCallDataSource.fill - enter
11-16 08:57:29.914: I/Dialer(17135): SpamCallDataSource.handleInserts - enter
11-16 08:57:29.921: I/Dialer(17135): AnnotatedCallLogCoalescer.coalesce - enter
11-16 08:57:29.921: I/Dialer(17135): ConversationHistoryCoalescer.coalesce - enter
11-16 08:57:29.921: I/Dialer(17135): AnnotatedCallLogCoalescer.coalesceWithSelection - enter
11-16 08:57:29.924: I/Dialer(17135): ConversationHistoryCoalescer.coalesce - conversation history disabled
11-16 08:57:29.925: I/Dialer(17135): AnnotatedCallLogCoalescer.coalesceWithSelection - enter
11-16 08:57:29.926: I/Dialer(17135): PrimesMetrics.startTimer - AnnotatedCallLogCoalescer.CoalesceForAllCalls is empty
11-16 08:57:29.927: I/Dialer(17135): PrimesMetrics.startTimer - AnnotatedCallLogCoalescer.CoalesceForMissedCalls is empty
11-16 08:57:29.930: I/Dialer(17135): AnnotatedCallLogCoalescer.coalesceInternal - enter
11-16 08:57:29.930: I/Dialer(17135): AnnotatedCallLogCoalescer.coalesceInternal - enter
11-16 08:57:29.932: I/Dialer(17135): CoalescedRowsDao.saveToFileForMissedCalls - enter
11-16 08:57:29.932: I/Dialer(17135): CoalescedRowsDao.saveToFileForAllCalls - enter
11-16 08:57:29.933: I/Dialer(17135): PrimesMetrics.startTimer - CoalescedRowsDao.SaveAllCalls is empty
11-16 08:57:29.933: I/Dialer(17135): PrimesMetrics.startTimer - CoalescedRowsDao.SaveMissedCalls is empty
11-16 08:57:29.933: I/Dialer(17135): CoalescedRowsDao.save - acquiring write lock
11-16 08:57:29.933: I/Dialer(17135): CoalescedRowsDao.save - acquiring write lock
11-16 08:57:29.934: I/Dialer(17135): CoalescedRowsDao.save - start writing coalesced rows
11-16 08:57:29.934: I/Dialer(17135): CoalescedRowsDao.save - start writing coalesced rows
11-16 08:57:29.937: I/Dialer(17135): CoalescedRowsDao.save - write lock released
11-16 08:57:29.938: I/Dialer(17135): CoalescedRowsDao.save - write lock released
11-16 08:57:29.938: I/Dialer(17135): CoalescedRowsUpdatedNotifier.notifyForCallLogMissedCalls - enter
11-16 08:57:29.938: I/Dialer(17135): CoalescedRowsUpdatedNotifier.notifyForCallLogAllCalls - enter
11-16 08:57:29.942: I/Dialer(17135): CallLogCacheUpdater.updateCache - updated 0 rows
11-16 08:57:30.478: W/ComponentDiscovery(17224): Application info not found.
11-16 08:57:30.478: W/ComponentDiscovery(17224): Could not retrieve metadata, returning empty list of registrars.
11-16 08:57:30.519: W/PrimesInit(17224): Primes instant initialization
11-16 08:57:30.520: W/Primes(17224): background initialization
11-16 08:57:30.546: W/GAV2(17224): Thread[main,5,main]: Need to call initialize() and be in fallback mode to start dispatch.
11-16 08:57:30.562: E/Gmail(17224): Gmail:TotalBandwidthLoggerRunner: Bandwidth Value was not valid: BandwidthValue{txBytes=-1, rxBytes=-1, txPackets=-1, rxPackets=-1, startTimeMs=0, endTimeMs=617763, connectivityType=TYPE_COMBINED, tag=TOTAL_APP_UID}
11-16 08:57:30.563: I/PrimesTesting(17224): GserviceFlagsSupplier.get()
11-16 08:57:30.677: W/Gmail(17224): AccountUtils:For b/73513912, load account content://com.android.gmail.ui/account.-2137146394 from MailAppProvider. Is account valid result: 1.
11-16 08:57:30.680: W/Gmail(17224): AccountUtils:For b/73513912, load account content://com.google.android.gm.email.provider/account.-437561172?suppress_combined%3Dtrue from MailAppProvider. Is account valid result: 1.
11-16 08:57:30.714: I/LocaleChangeIO(11258): No action required after switch to en [CONTEXT service_id=231 ]
11-16 08:57:30.725: I/LanguageSettingsHelper(10234): Removing enrollment utterances : Locale changed
11-16 08:57:30.725: E/UtteranceHandler(10234): Called deleteEnrollmentUtterances for null account
11-16 08:57:30.747: I/NearbyDiscovery(11258): DiscoveryService created [CONTEXT service_id=49 ]
11-16 08:57:30.761: I/OpaEnabledReceiver(3703): Dispatching OPA eligble = true; AGSA = true; OPA enabled = true
11-16 08:57:30.761: I/OpaLayout(3703): Setting opa enabled to true
11-16 08:57:30.761: I/OpaLayout(3703): Setting opa enabled to true
11-16 08:57:30.763: I/OpaEligibilityChecker(10234): send OpaEligibilityChange broadcast to CommonBroadcastReceiver
11-16 08:57:30.767: I/DefaultSticker(3691): Received android.intent.action.LOCALE_CHANGED broadcast from null
11-16 08:57:30.775: I/HotwordHelper(10234): hasHotwordEverywhere-false
11-16 08:57:30.775: I/BgTaskExecutorImpl(10234): Starting EXCLUSIVE background task SEND_GSA_HOME_REQUEST.
11-16 08:57:30.776: I/FirebaseJobDispatcher(3691): Schedule task: DefaultStickerUpdate. Success.
11-16 08:57:30.776: I/DefaultStickerUpdate(3691): Scheduled update for locale=en, data=DefaultStickerTaskData{enabled=true, metadataUriPrefix=https://www.gstatic.com/android/keyboard/stickers/configs/v5/, supportedLanguage=en}, and reason=BROADCAST_LOCALE_CHANGED
11-16 08:57:30.777: I/BgTaskExecutorImpl(10234): Starting EXCLUSIVE background task UPDATE_HOTWORD_MODELS.
11-16 08:57:30.777: W/KeyphraseEnrollmentInfo(4180): No enrollment application supports the given keyphrase/locale: 'Ok Google'/en
11-16 08:57:30.777: I/GsaVoiceInteractionSrv(4180): Creating AOHD: Keyphrase - Ok Google, Locale - en/en-GB
11-16 08:57:30.778: W/SoundTriggerHelper(1260): Attempting stopRecognition without a successful startRecognition
11-16 08:57:30.778: W/AlwaysOnHotwordDetector(4180): stopRecognition() failed with error code -2147483648
11-16 08:57:30.778: W/AlwaysOnHotwordDetector(4180): Received message: 1 for an invalid detector
11-16 08:57:30.778: W/SearchServiceCore(10234): Abort, client detached.
11-16 08:57:30.783: W/ChimeraUtils(11258): Module com.google.android.gms.nearby has empty metadata display_name_string_id
11-16 08:57:30.784: I/OpaEnabledReceiver(3703): Dispatching OPA eligble = true; AGSA = true; OPA enabled = true
11-16 08:57:30.784: I/OpaLayout(3703): Setting opa enabled to true
11-16 08:57:30.784: I/OpaLayout(3703): Setting opa enabled to true
11-16 08:57:30.785: W/ChimeraUtils(11258): Module com.google.android.gms.nearby has empty metadata display_name_string_id
11-16 08:57:30.786: W/SoundModelDBHelper(1260): No SoundModel available for the given keyphrase
11-16 08:57:30.788: I/ActivityManager(1260): START u0 {act=com.android.intent.action.MANAGE_VOICE_KEYPHRASES flg=0x10000000 pkg=com.android.hotwordenrollment.okgoogle cmp=com.android.hotwordenrollment.okgoogle/.EnrollmentActivity (has extras)} from uid 10047
11-16 08:57:30.802: E/roid.music:mai(17306): Not starting debugger since process cannot load the jdwp agent.
11-16 08:57:30.804: D/android.hardware.power@1.3-service.crosshatch-libperfmgr(769): LAUNCH ON
11-16 08:57:30.810: I/ActivityManager(1260): Start proc 17306:com.google.android.music:main/u0a75 for broadcast com.google.android.music/.notifications.NotificationChannelInitializationBroadcastReceiver
11-16 08:57:30.812: W/KeyphraseEnrollmentInfo(4180): No enrollment application supports the given keyphrase/locale: 'X Google'/en
11-16 08:57:30.823: I/ThreadRunner(10234): setContextAndRunner
11-16 08:57:30.828: I/ModelDownloadController(10234): requestHotwordModelUpdate modelType-OK_GOOGLE
11-16 08:57:30.828: W/ModelDownloadController(10234): Failed fetching the hotword model location configuration
11-16 08:57:30.828: E/ModelDownloadController(10234): Invalid hotword model location.
11-16 08:57:30.833: I/ActivityManager(1260): Start proc 17321:com.android.hotwordenrollment.okgoogle/u0a45 for activity com.android.hotwordenrollment.okgoogle/.EnrollmentActivity
11-16 08:57:30.835: I/ActivityManager(1260): Killing 16366:com.android.chrome/u0a107 (adj 906): empty #17
11-16 08:57:30.836: W/libprocessgroup(1260): kill(-16366, 9) failed: No such process
11-16 08:57:30.839: I/roid.music:mai(17306): The ClassLoaderContext is a special shared library.
11-16 08:57:30.844: W/SearchServiceCore(10234): Abort, client detached.
11-16 08:57:30.844: I/chatty(10234): uid=10047 com.google.android.googlequicksearchbox:search identical 2 lines
11-16 08:57:30.844: W/SearchServiceCore(10234): Abort, client detached.
11-16 08:57:30.845: E/llment.okgoogl(17321): Not starting debugger since process cannot load the jdwp agent.
11-16 08:57:30.850: W/ActivityManager(1260): Unable to start service Intent { cmp=com.google.android.gm/com.android.email.service.AttachmentService } U=0: not found
11-16 08:57:30.858: W/SessionLifecycleManager(10234): Client : AttachedClient[45011245076037672, ClientConfig[mFlags=[default, headless, launch_external_voice_search_ui, support_transparent_background, legacy_leave_behind_dirty_session_fixme] mSuggestFlags=[0] mClientId=HOTWORD_SERVICE mSessionType=search]] has no associated SessionController
11-16 08:57:30.859: W/SearchServiceCore(10234): Abort, client detached.
11-16 08:57:30.859: I/chatty(10234): uid=10047 com.google.android.googlequicksearchbox:search identical 1 line
11-16 08:57:30.859: W/SearchServiceCore(10234): Abort, client detached.
11-16 08:57:30.871: D/BoundBrokerSvc(14622): onBind: Intent { act=com.google.android.gms.findmydevice.spot.service.locationreport.START cmp=com.google.android.gms/.chimera.GmsApiService }
11-16 08:57:30.871: D/BoundBrokerSvc(14622): Loading bound service for intent: Intent { act=com.google.android.gms.findmydevice.spot.service.locationreport.START cmp=com.google.android.gms/.chimera.GmsApiService }
11-16 08:57:30.876: W/com.android.hotwordenrollment.okgoogle(17321): type=1400 audit(0.0:231): avc: denied { read } for comm=45474C20496E6974 name="u:object_r:vendor_default_prop:s0" dev="tmpfs" ino=19843 scontext=u:r:priv_app:s0:c512,c768 tcontext=u:object_r:vendor_default_prop:s0 tclass=file permissive=0
11-16 08:57:30.878: E/libc(17321): Access denied finding property "vendor.debug.egl.profiler"
11-16 08:57:30.880: W/libprocessgroup(1260): kill(-16366, 9) failed: No such process
11-16 08:57:30.887: I/Zygote(740): Process 16366 exited due to signal (9)
11-16 08:57:30.892: D/AndroidRuntime(17293): >>>>>> START com.android.internal.os.RuntimeInit uid 2000 <<<<<<
11-16 08:57:30.892: I/EnrollmentActivity(17321): Started by non-activity for action: 0, keyphrase: Ok Google, locale: en-GB
11-16 08:57:30.897: I/MultiDex(17306): VM with version 2.1.0 has multidex support
11-16 08:57:30.897: D/fpc_hidl(17337): fpc fingerprint hwbinder service starting
11-16 08:57:30.897: I/MultiDex(17306): install
11-16 08:57:30.897: I/MultiDex(17306): VM has multidex support, MultiDex support library is disabled.
11-16 08:57:30.897: D/QSEECOMAPI(17337): QSEECom_get_handle sb_length = 0x80
11-16 08:57:30.897: D/QSEECOMAPI(17337): App is not loaded in QSEE
11-16 08:57:30.897: D/QSEECOMAPI(17337): app_arch = 2, total_files = 9
11-16 08:57:30.898: D/OpenGLRenderer(17321): Skia GL Pipeline
11-16 08:57:30.908: W/libprocessgroup(1260): kill(-16366, 9) failed: No such process
11-16 08:57:30.908: I/libprocessgroup(1260): Successfully killed process cgroup uid 10107 pid 16366 in 72ms
11-16 08:57:30.927: I/Adreno(17321): QUALCOMM build                   : 3f88ca2, I42f6fe38fb
11-16 08:57:30.927: I/Adreno(17321): Build Date                       : 07/13/18
11-16 08:57:30.927: I/Adreno(17321): OpenGL ES Shader Compiler Version: EV031.24.00.00
11-16 08:57:30.927: I/Adreno(17321): Local Branch                     : 50.04
11-16 08:57:30.927: I/Adreno(17321): Remote Branch                    : 
11-16 08:57:30.927: I/Adreno(17321): Remote Branch                    : 
11-16 08:57:30.927: I/Adreno(17321): Reconstruct Branch               : 
11-16 08:57:30.927: I/Adreno(17321): Build Config                     : S P 4.0.10 AArch64
11-16 08:57:30.932: I/akia(11258): Removed 0 invalid users [CONTEXT service_id=51 ]
11-16 08:57:30.929: W/RenderThread(17321): type=1400 audit(0.0:232): avc: denied { read } for name="u:object_r:vendor_default_prop:s0" dev="tmpfs" ino=19843 scontext=u:r:priv_app:s0:c512,c768 tcontext=u:object_r:vendor_default_prop:s0 tclass=file permissive=0
11-16 08:57:30.932: E/libc(17321): Access denied finding property "ro.vendor.graphics.memory"
11-16 08:57:30.933: I/Adreno(17321): PFP: 0x016ee170, ME: 0x00000000
11-16 08:57:30.935: I/ConfigStore(17321): android::hardware::configstore::V1_0::ISurfaceFlingerConfigs::hasWideColorDisplay retrieved: 1
11-16 08:57:30.935: I/ConfigStore(17321): android::hardware::configstore::V1_0::ISurfaceFlingerConfigs::hasHDRDisplay retrieved: 1
11-16 08:57:30.936: I/OpenGLRenderer(17321): Initialized EGL, version 1.4
11-16 08:57:30.936: D/OpenGLRenderer(17321): Swap behavior 2
11-16 08:57:30.939: I/GoogleInputMethod(3691): onFinishInput() : Dummy InputConnection bound
11-16 08:57:30.939: I/GoogleInputMethod(3691): onStartInput() : Dummy InputConnection bound
11-16 08:57:30.942: I/PeopleDatabaseHelper(14622): Updating DB locale: en_US -> en
11-16 08:57:30.943: E/libc(17321): Access denied finding property "vendor.gralloc.enable_ahardware_buffer"
11-16 08:57:30.939: W/RenderThread(17321): type=1400 audit(0.0:233): avc: denied { read } for name="u:object_r:vendor_default_prop:s0" dev="tmpfs" ino=19843 scontext=u:r:priv_app:s0:c512,c768 tcontext=u:object_r:vendor_default_prop:s0 tclass=file permissive=0
11-16 08:57:30.949: W/SoundTriggerHelper(1260): Attempting stopRecognition without a successful startRecognition
11-16 08:57:30.949: W/AlwaysOnHotwordDetector(4180): stopRecognition() failed with error code -2147483648
11-16 08:57:30.949: I/EnrollmentActivity(17321): Enroll keyphrase Ok Googleoperation succeeded for en-GB
11-16 08:57:30.952: D/MusicLifecycle(17306): com.google.android.music.api.MusicPublicContentProvider generated event: Content provider created
11-16 08:57:30.960: D/SurfaceFlinger(648): duplicate layer name: changing Surface(name=78a9e7c StatusBar)/@0xb0cecf4 - animation-leash to Surface(name=78a9e7c StatusBar)/@0xb0cecf4 - animation-leash#1
11-16 08:57:30.962: D/QSEECOMAPI(17337): Loaded image: APP id = 126
11-16 08:57:30.963: I/app_process(17293): The ClassLoaderContext is a special shared library.
11-16 08:57:30.964: I/GsaVoiceInteractionSrv(4180): Not starting recognition
11-16 08:57:30.965: D/MusicLifecycle(17306): com.google.android.music.store.MusicContentProvider generated event: Content provider created
11-16 08:57:30.968: W/EventHub(1260): Unable to disable kernel key repeat for /dev/input/event3: Function not implemented
11-16 08:57:30.969: I/EventHub(1260): wakeMechanism=EPOLLWAKEUP, usingClockIoctl=true
11-16 08:57:30.969: I/EventHub(1260): New device: id=126, fd=344, path='/dev/input/event3', name='uinput-fpc', classes=0x101, configuration='/system/usr/idc/uinput-fpc.idc', keyLayout='/system/usr/keylayout/uinput-fpc.kl', keyCharacterMap='/system/usr/keychars/Generic.kcm', builtinKeyboard=true, 
11-16 08:57:30.969: W/InputReader(1260): Ignoring spurious device added event for deviceId 0.
11-16 08:57:30.969: E/fpc_tac(17337): fpcbuildinfo : 575ddab5b91efea67ee1d200fc813ff2fpc_bio=bd35c3fec78219829149bea6c9ec961e6f655b90C:prodtestlib=4304cf5c884c198624b749af3482befacbd3028eC:fpc_c_core=dc194509594e837dedfb5452aaf06fcb61977135C:fpc_lib=cd5b7b876c3d69afa68a11ac6fd86f873e70817bC:cac=297e11552c60a3607ed664cf44c3e4b36ab2e737C:fpc_bio_interface=94a457caecae31eca8ef04b64c3f82a018e9bbc0C:fpc_sensor=ba909a5500944acafe47a0ef3a49f89509aadfb6C:tools_core=94ddf1e684cfa6c99f0f237f7cc35f3962e0e597C:sensor_settings=4fcf864fb493ae0272a9b2806446b379d99fd8ceC:fingerprint_ta=066bc0ab880960a4a69b74a328c7d7871c72225bC:fingerprint_pal=0deb9a478a3572872639f9cb2559ccc464ee3f9bC:manifests=dcb3d8ab0bdb7a5b341839d8c75bb88fc7f5e1a4C:Manifesttag=SW23.3.0-PDR1.0.5:jenkins@84ffd74dac44:Thu,17May201810:17:08+0200:FPC_SENSOR_TYPE=FPC_SENSOR_TYPE_FPC1270:FPC_CC_TYPE=FPC_COMPANION_CHIP_FPC2050:FPC_C_TYPE=FPC_COATING_NORMAL
11-16 08:57:30.969: E/fpc_tac(17337): fpcbuildtype : build=RELEASE sensor=9
11-16 08:57:30.976: D/MusicLifecycle(17306): com.google.android.music.ui.PhoneMusicApplication generated event: Application created
11-16 08:57:30.977: I/NearbyDiscovery(11258): Show notifications: 0 total, no changes since last shown, no-op. [CONTEXT service_id=49 ]
11-16 08:57:30.980: I/BackdropActivity(16428): onResume()
11-16 08:57:30.987: D/AndroidRuntime(17293): Calling main entry com.android.commands.am.Am
11-16 08:57:31.000: I/HotwordHelper(10234): hasHotwordEverywhere-false
11-16 08:57:31.005: I/ActivityManager(1260): Activity requesting to dismiss Keyguard: ActivityRecord{3e1e128 u0 com.google.android.apps.mtaas.backdrop/.BackdropActivity t4}
11-16 08:57:31.008: I/NearbyDiscovery(11258): FastPairScanner2: isScreenOn=true, scanWithScreenOff=false, isLocationEnabled=true, disableLocationRequirement=false, isDiscoveryScanningEnabled=true [CONTEXT service_id=49 ]
11-16 08:57:31.011: W/SessionLifecycleManager(10234): Client : AttachedClient[45011245076037677, ClientConfig[mFlags=[default, headless, launch_external_voice_search_ui, support_transparent_background, legacy_leave_behind_dirty_session_fixme] mSuggestFlags=[0] mClientId=HOTWORD_SERVICE mSessionType=search]] has no associated SessionController
11-16 08:57:31.011: W/SearchServiceCore(10234): Abort, client detached.
11-16 08:57:31.011: I/chatty(10234): uid=10047 com.google.android.googlequicksearchbox:search identical 1 line
11-16 08:57:31.011: W/SearchServiceCore(10234): Abort, client detached.
11-16 08:57:31.014: E/libc(1260): Access denied finding property "vendor.debug.egl.profiler"
11-16 08:57:31.014: E/libc(1260): Access denied finding property "vendor.debug.prerotation.disable"
11-16 08:57:31.015: I/Adreno(1260): QUALCOMM build                   : 3f88ca2, I42f6fe38fb
11-16 08:57:31.015: I/Adreno(1260): Build Date                       : 07/13/18
11-16 08:57:31.015: I/Adreno(1260): OpenGL ES Shader Compiler Version: EV031.24.00.00
11-16 08:57:31.015: I/Adreno(1260): Local Branch                     : 50.04
11-16 08:57:31.015: I/Adreno(1260): Remote Branch                    : 
11-16 08:57:31.015: I/Adreno(1260): Remote Branch                    : 
11-16 08:57:31.015: I/Adreno(1260): Reconstruct Branch               : 
11-16 08:57:31.015: I/Adreno(1260): Build Config                     : S P 4.0.10 AArch64
11-16 08:57:31.012: W/RenderThread(1260): type=1400 audit(0.0:234): avc: denied { read } for name="u:object_r:vendor_default_prop:s0" dev="tmpfs" ino=19843 scontext=u:r:system_server:s0 tcontext=u:object_r:vendor_default_prop:s0 tclass=file permissive=0
11-16 08:57:31.017: I/ActivityManager(1260): Force stopping androidx.lifecycle.ktx.test appid=10172 user=0: start instr
11-16 08:57:31.017: E/libc(1260): Access denied finding property "vendor.debug.prerotation.disable"
11-16 08:57:31.019: E/libc(1260): Access denied finding property "vendor.debug.prerotation.disable"
11-16 08:57:31.020: I/Adreno(1260): PFP: 0x016ee170, ME: 0x00000000
11-16 08:57:31.020: E/libc(1260): Access denied finding property "vendor.debug.prerotation.disable"
11-16 08:57:31.024: I/ConfigStore(1260): android::hardware::configstore::V1_0::ISurfaceFlingerConfigs::hasWideColorDisplay retrieved: 1
11-16 08:57:31.024: I/GoogleInputMethod(3691): onFinishInput() : Dummy InputConnection bound
11-16 08:57:31.024: I/ConfigStore(1260): android::hardware::configstore::V1_0::ISurfaceFlingerConfigs::hasHDRDisplay retrieved: 1
11-16 08:57:31.024: I/GoogleInputMethod(3691): onStartInput() : Dummy InputConnection bound
11-16 08:57:31.025: I/OpenGLRenderer(1260): Initialized EGL, version 1.4
11-16 08:57:31.025: D/OpenGLRenderer(1260): Swap behavior 2
11-16 08:57:31.037: I/ActivityManager(1260): Start proc 17366:androidx.lifecycle.ktx.test/u0a172 for added application androidx.lifecycle.ktx.test
11-16 08:57:31.043: I/ecycle.ktx.tes(17366): Late-enabling -Xcheck:jni
11-16 08:57:31.043: I/PeopleSearchIndexManage(14622): Marking for index update.
11-16 08:57:31.045: D/MusicLifecycle(17306): com.google.android.music.store.ConfigContentProvider generated event: initializing
11-16 08:57:31.048: I/BaseStore(17306): ConfigStore database version: 1
11-16 08:57:31.061: I/PeopleSearchIndexManage(14622): Index version changed from 0
11-16 08:57:31.071: I/PeopleSearchIndexManage(14622): Rebuilding index...
11-16 08:57:31.094: W/roid.music:mai(17306): Unknown chunk type '200'.
11-16 08:57:31.098: I/roid.music:mai(17306): The ClassLoaderContext is a special shared library.
11-16 08:57:31.099: I/chatty(17306): uid=10075 com.google.android.music:main identical 1 line
11-16 08:57:31.100: I/roid.music:mai(17306): The ClassLoaderContext is a special shared library.
11-16 08:57:31.134: D/BluetoothAdapter(11258): isLeEnabled(): OFF
11-16 08:57:31.135: V/NativeCrypto(17306): Registering com/google/android/gms/org/conscrypt/NativeCrypto's 294 native methods...
11-16 08:57:31.137: I/ecycle.ktx.tes(17366): The ClassLoaderContext is a special shared library.
11-16 08:57:31.138: I/ecycle.ktx.tes(17366): The ClassLoaderContext is a special shared library.
11-16 08:57:31.143: I/NearbyDiscovery(11258): FastPairScanner2: eventType=SERVICE_INITIALIZE, intReq=false, scanning=false, scanAllowed=true, bleEnabled=false, bleScanAvailable=false, lockScanRate=false [CONTEXT service_id=49 ]
11-16 08:57:31.144: I/NearbyDiscovery(11258): FastPairScanner2: register location ble observer [CONTEXT service_id=49 ]
11-16 08:57:31.146: I/NearbyDiscovery(11258): FastPairScanner2: BLE not available, eventType=SERVICE_INITIALIZE [CONTEXT service_id=49 ]
11-16 08:57:31.149: D/NetworkSecurityConfig(17306): No Network Security Config specified, using platform default
11-16 08:57:31.150: I/ProviderInstaller(17306): Installed default security provider GmsCore_OpenSSL
11-16 08:57:31.151: D/AndroidMusic(17306): GMSCore installation verified
11-16 08:57:31.158: I/NearbyDiscovery(11258): FastPair: HeadsetPieceImage, grant permission files:0 [CONTEXT service_id=49 ]
11-16 08:57:31.158: I/NearbyDiscovery(11258): FastPairEventStream: Initialize event stream [CONTEXT service_id=49 ]
11-16 08:57:31.179: I/PeopleASM(14622): Rebuilding autocomplete index...
11-16 08:57:31.183: I/PeopleSearchIndexManage(14622): Rebuilding index done.
11-16 08:57:31.236: I/PeopleDatabaseHelper(14622): cleanUpNonGplusAccounts done.
11-16 08:57:31.281: I/MusicExperimentManager(17306): Received config change, experiments list is null
11-16 08:57:31.281: W/MusicExperimentManager(17306): Parsing error while updating analysis experiments
11-16 08:57:31.292: I/TopChartsIcing(17306): Starting 'com.google.android.music.sync.google.MusicGcmTaskService
11-16 08:57:31.301: I/Wear_Controller(11258): Wearable module requires a companion app to be installed.
11-16 08:57:31.301: I/WearableService(11258): onCreate: Wearable Services not starting. Wear is not available on this device.
11-16 08:57:31.306: I/BaseStore(17306): Store database version: 146
11-16 08:57:31.353: I/PlaybackClient(17306): init: Initializing
11-16 08:57:31.369: D/ConnectivityService(1260): Returning BLOCKED NetworkInfo to uid=10075
11-16 08:57:31.457: W/ecycle.ktx.tes(17366): Accessing hidden method Landroid/app/Instrumentation;->execStartActivity(Landroid/content/Context;Landroid/os/IBinder;Landroid/os/IBinder;Landroid/app/Activity;Landroid/content/Intent;ILandroid/os/Bundle;)Landroid/app/Instrumentation$ActivityResult; (light greylist, linking)
11-16 08:57:31.457: W/ecycle.ktx.tes(17366): Accessing hidden method Landroid/app/Instrumentation;->execStartActivity(Landroid/content/Context;Landroid/os/IBinder;Landroid/os/IBinder;Ljava/lang/String;Landroid/content/Intent;ILandroid/os/Bundle;)Landroid/app/Instrumentation$ActivityResult; (light greylist, linking)
11-16 08:57:31.473: I/MonitoringInstr(17366): Instrumentation started!
11-16 08:57:31.478: W/Nearby(11258): Bind call too late - someone already tried to get: interface bopq [CONTEXT service_id=49 ]
11-16 08:57:31.486: V/TestEventClient(17366): No service name argument was given (testDiscoveryService, testRunEventService or orchestratorService)
11-16 08:57:31.489: I/MonitoringInstr(17366): No JSBridge.
11-16 08:57:31.498: I/Icing(14622): IndexChimeraService.getServiceInterface callingPackage=com.google.android.gms componentName=AppsCorpus serviceId=32
11-16 08:57:31.506: I/NearbyMessages(11258): OfflineCache: old scanner cache is not enabled [CONTEXT service_id=62 ]
11-16 08:57:31.510: D/InfraTrack(17366): Tracking disabled due to lack of internet permissions
11-16 08:57:31.510: I/UsageTrackerFacilitator(17366): Usage tracking disabled
11-16 08:57:31.512: D/MusicLifecycle(17306): com.google.android.music.notifications.NotificationChannelInitializationBroadcastReceiver generated event: Broadcast received with context android.app.ReceiverRestrictedContext@6265a1d and intent Intent { act=android.intent.action.LOCALE_CHANGED flg=0x11200010 cmp=com.google.android.music/.notifications.NotificationChannelInitializationBroadcastReceiver }
11-16 08:57:31.516: I/TestRequestBuilder(17366): Scanning classpath to find tests in paths [/data/app/androidx.lifecycle.ktx.test-XBFw1NOu7ZrAZMyKMGxTlQ==/base.apk]
11-16 08:57:31.517: W/ecycle.ktx.tes(17366): Opening an oat file without a class loader. Are you using the deprecated DexFile APIs?
11-16 08:57:31.518: D/MusicLifecycle(17306): com.google.android.music.net.NetworkConnectivityMonitor$NetworkChangedReceiver generated event: Broadcast received with context com.google.android.music.ui.PhoneMusicApplication@18d47b2 and intent Intent { act=android.net.conn.CONNECTIVITY_CHANGE flg=0x4200010 (has extras) }
11-16 08:57:31.523: I/NetworkConnectivity(17306): Network state changed: [type: WIFI[], state: DISCONNECTED/BLOCKED, reason: (unspecified), extra: (none), failover: false, available: true, roaming: false]
11-16 08:57:31.533: I/ActivityManager(1260): Start proc 17415:com.google.android.youtube/u0a80 for broadcast com.google.android.youtube/com.google.android.apps.youtube.app.application.system.LocaleUpdatedReceiver
11-16 08:57:31.540: E/android.youtub(17415): Not starting debugger since process cannot load the jdwp agent.
11-16 08:57:31.542: D/MusicLifecycle(17306): com.google.android.music.download.EncapsulatedBroadcastReceiver$1 generated event: Broadcast received with context com.google.android.music.ui.PhoneMusicApplication@18d47b2 and intent Intent { act=com.google.android.music.ResumeStorageMigration flg=0x10 (has extras) }
11-16 08:57:31.546: D/MusicLifecycle(17306): com.google.android.music.download.artwork.ArtDownloadService generated event: Service created
11-16 08:57:31.561: I/Icing(14622): Query from package: com.google.android.gms, component: AppsCorpus, restrict package: com.google.android.gms, start: 0, num: 100
11-16 08:57:31.567: I/android.youtub(17415): The ClassLoaderContext is a special shared library.
11-16 08:57:31.577: W/AdvertisingIdClient(17306): Error while reading from SharedPreferences 
11-16 08:57:31.577: W/AdvertisingIdClient(17306): java.lang.SecurityException: MODE_WORLD_READABLE no longer supported
11-16 08:57:31.577: W/AdvertisingIdClient(17306): 	at android.app.ContextImpl.checkMode(ContextImpl.java:2495)
11-16 08:57:31.577: W/AdvertisingIdClient(17306): 	at android.app.ContextImpl.getSharedPreferences(ContextImpl.java:414)
11-16 08:57:31.577: W/AdvertisingIdClient(17306): 	at android.app.ContextImpl.getSharedPreferences(ContextImpl.java:404)
11-16 08:57:31.577: W/AdvertisingIdClient(17306): 	at com.google.android.gms.ads.identifier.AdvertisingIdClient.getAdvertisingIdInfo(Unknown Source:12)
11-16 08:57:31.577: W/AdvertisingIdClient(17306): 	at com.google.android.music.preferences.MusicPreferences.getAdvertisingIdInfo(MusicPreferences.java:2476)
11-16 08:57:31.577: W/AdvertisingIdClient(17306): 	at com.google.android.music.preferences.MusicPreferences.access$1000(MusicPreferences.java:83)
