11-16 08:57:23.019: I/ModuleSetMgr(11268): Pending container module APKs: [[Pay.optional:213614100000], [VisionOcr.optional:213614100400]]
11-16 08:57:23.019: I/ModuleSetMgr(11268): Pending non-container module APKs: [[Enpromo.integ:214106000100000], [AdsFdrDynamite.integ:213806100100000]]
11-16 08:57:23.025: I/GCoreUlr(9323): DispatchingService ignoring Intent { act=android.net.wifi.WIFI_STATE_CHANGED flg=0x4000010 (has extras) } because ULR inactive [CONTEXT service_id=22 ]
11-16 08:57:23.032: W/PackageParser(11268): Unknown element under <manifest>: queries at /data/user_de/0/com.google.android.gms/app_chimera/m/00000007/AdsDynamite.apk Binary XML file line #5
11-16 08:57:23.033: I/ActivityManager(1164): Start proc 13306:com.google.android.partnersetup/u0a49 for broadcast com.google.android.partnersetup/.RlzPingBroadcastReceiver
11-16 08:57:23.041: I/GservicesProvider(2195): override update completed
11-16 08:57:23.042: E/id.partnersetu(13306): Not starting debugger since process cannot load the jdwp agent.
11-16 08:57:23.051: I/GCoreUlr(9323): WorldUpdater received intent Intent { act=com.google.android.location.reporting.ACTION_UPDATE_WORLD cmp=com.google.android.gms/com.google.android.location.reporting.service.DispatchingService (has extras) } with receiverAction com.google.gservices.intent.action.GSERVICES_CHANGED [CONTEXT service_id=22 ]
11-16 08:57:23.052: W/PackageParser(11268): Unknown element under <manifest>: queries at /data/user_de/0/com.google.android.gms/app_chimera/m/00000012/dl-AdsFdrDynamite.integ_213806100100000.apk Binary XML file line #11
11-16 08:57:23.064: I/TestSupport(11268): GServices override confirmed: gms:phenotype:phenotype_flag:debug_bypass_phenotype=false [CONTEXT service_id=133 ]
11-16 08:57:23.066: I/Bugle(5046): ApnsOta: OTA version -1
11-16 08:57:23.071: I/RecoverableKeyStoreGms(11268): [RecoverableKeyStoreGmsInitOperation] Initializing auth_folsom
11-16 08:57:23.076: I/CarrierServices(9962): [2] bxu.e: Carrier Services GServices flags:
11-16 08:57:23.076: I/CarrierServices(9962):    carrier_services_security_flags_ec_api_white_listed_packages: com.google.android.apps.messaging,com.google.android.dialer,com.google.android.ims.client.sampleapp,com.android.contacts,com.lge.rcscall,com.android.incallui,com.huawei.incallui.appfeature.rcsfeature
11-16 08:57:23.076: I/CarrierServices(9962):    carrier_services_security_flags_ec_api_white_listed_signatures: B28C3EDB665DF32686224DF800F603E9959BBE4E,0980A12BE993528C19107BC21AD811478C63CEFC,B38FA7B5ECFAEC44620A020752B07E063B3120A8,203997BC46B8792DC9747ABD230569071F9A0439,EDA6413C3E3A95492114FE07CD953AD897E40D1A,760EBB9F4200B3DFB1B817B40FF0563A3C150D39,5B368CFF2DA2686996BC95EAC190EAA4F5630FE5,01D845B26B688D8EF647205A5944E9407E52E06E,27196E386B875E76ADF700E7EA84E4C6EEE33DFA,1CDD04F1E4A732BB0352FDFAEE26D2315526DF85,025D5212BF3B5F5CDA6117A518721D70A94D84E0
11-16 08:57:23.076: I/CarrierServices(9962):    carrier_services_security_flags_test_service_white_listed_packages: com.google.android.ims.mobly.snippets
11-16 08:57:23.076: I/CarrierServices(9962):    carrier_services_security_flags_test_service_white_listed_signatures: AE41481F52E0F58DF2806D5A38EB3DBCA5AE02B0,E165542B31953CC282AA4EF2F4D5F07F7663A2A2
11-16 08:57:23.076: I/CarrierServices(9962):    carrier_services_security_flags_white_listed_packages: com.google.android.apps.messaging,com.google.android.dialer,com.google.android.ims.client.sampleapp,com.android.contacts,com.lge.rcscall,com.android.incallui,com.huawei.incallui.appfeature.rcsfeature
11-16 08:57:23.076: I/CarrierServices(9962):    carrier_services_security_flags_white_listed_signatures: B28C3EDB665DF32686224DF800F603E9959BBE4E,0980A12BE993528C19107BC21AD811478C63CEFC,B38FA7B5ECFAEC44620A020752B07E063B3120A8,203997BC46B8792DC9747ABD230569071F9A0439,EDA6413C3E3A95492114FE07CD953AD897E40D1A,760EBB9F4200B3DFB1B817B40FF0563A3C150D39,5B368CFF2DA2686996BC95EAC190EAA4F5630FE5,01D845B26B688D8EF647205A5944E9407E52E06E,27196E386B875E76ADF700E7EA84E4C6EEE33DFA,1CDD04F1E4A732BB0352FDFAEE26D2315526DF85,025D5212BF3B5F5CDA6117A518721D70A94D84E0
11-16 08:57:23.076: I/CarrierServices(9962):    carrier_services_video_share_disabled_user_agent_substrings: SM-G930,SM-G935,SM-A320
11-16 08:57:23.076: I/CarrierServices(9962): ====================
11-16 08:57:23.076: I/id.partnersetu(13306): The ClassLoaderContext is a special shared library.
11-16 08:57:23.077: D/BoundBrokerSvc(9323): onBind: Intent { act=com.google.android.gms.scheduler.ACTION_PROXY_SCHEDULE cmp=com.google.android.gms/.chimera.PersistentInternalBoundBrokerService }
11-16 08:57:23.077: D/BoundBrokerSvc(9323): Loading bound service for intent: Intent { act=com.google.android.gms.scheduler.ACTION_PROXY_SCHEDULE cmp=com.google.android.gms/.chimera.PersistentInternalBoundBrokerService }
11-16 08:57:23.077: I/ChromeSync(11268): [Sync,SyncIntentOperation] Handling the intent: Intent { act=com.google.gservices.intent.action.GSERVICES_CHANGED flg=0x1000010 pkg=com.google.android.gms cmp=com.google.android.gms/.chimera.GmsIntentOperationService$PersistentInternalReceiver }.
11-16 08:57:23.078: I/id.partnersetu(13306): The ClassLoaderContext is a special shared library.
11-16 08:57:23.081: I/TestSupport(11268): SetFlagOverridesOperation: com.google.android.gms.auth.api.credentials, '', [Flag(SaveStrategy__enableSaving, false, 2, 0)] [CONTEXT service_id=133 ]
11-16 08:57:23.084: I/RecoverableKeyStoreGms(11268): [RecoverableKeyStoreGmsInitOperation] com.google.android.gms.auth.folsom.service.FolsomPublicKeyUpdateService is already enabled. Ignore.
11-16 08:57:23.084: I/RecoverableKeyStoreGms(11268): [RecoverableKeyStoreGmsInitOperation] com.google.android.gms.auth.folsom.service.GcmReceiverService is already enabled. Ignore.
11-16 08:57:23.088: V/RecoverableKeyStoreMgr(1164): Not updating secret types - same as old value.
11-16 08:57:23.089: I/RecoverableKeyStoreGms(11268): [RecoverableKeyStoreGmsInitOperation] Setting vault handle
11-16 08:57:23.090: V/RecoverableKeyStoreMgr(1164): Not updating server params - same as old value.
11-16 08:57:23.093: I/RecoverableKeyStoreGms(11268): [EnrollmentManager] Returning certificates list from cache
11-16 08:57:23.094: I/GCoreUlr(9323): WorldUpdater:com.google.gservices.intent.action.GSERVICES_CHANGED: Ensuring that reporting is stopped because of reasons: (no Google accounts) [CONTEXT service_id=22 ]
11-16 08:57:23.099: I/GCoreUlr(9323): Unbound from all signal providers. [CONTEXT service_id=22 ]
11-16 08:57:23.114: D/CarrierServices(9962): log_saver already enabled
11-16 08:57:23.114: I/MobileDataHub(11268): Scheduling periodic tasks
11-16 08:57:23.120: W/MobileDataHub(11268): [Service] appsupload-periodic periodic task disabled
11-16 08:57:23.123: I/GCoreUlr(9323): Unbound from all signal providers. [CONTEXT service_id=22 ]
11-16 08:57:23.123: I/GCoreUlr(9323): Stopping handler for UlrDispSvcFast [CONTEXT service_id=22 ]
11-16 08:57:23.124: I/MS_Utils(11268): version of com.google.android.apps.maps = 1022101040
11-16 08:57:23.125: I/RecoverableKeyStoreMgr(1164): The cert file serial number is the same, so skip updating.
11-16 08:57:23.125: I/RecoverableKeyStoreGms(11268): [EnrollmentManager] Recovery service is initialized.
11-16 08:57:23.126: I/MdiSyncModule(11268): flag handling is skipping irrelevant intent.
11-16 08:57:23.127: I/RecoverySnapshotLstnrs(1164): Registered listener for agent with uid 10007
11-16 08:57:23.132: E/RecoverySnapshotStorage(1164): Error reading snapshot for 10007 from disk
11-16 08:57:23.132: E/RecoverySnapshotStorage(1164): java.io.FileNotFoundException: /data/system/recoverablekeystore/snapshots/10007.xml (No such file or directory)
11-16 08:57:23.132: E/RecoverySnapshotStorage(1164): 	at java.io.FileInputStream.open0(Native Method)
11-16 08:57:23.132: E/RecoverySnapshotStorage(1164): 	at java.io.FileInputStream.open(FileInputStream.java:231)
11-16 08:57:23.132: E/RecoverySnapshotStorage(1164): 	at java.io.FileInputStream.<init>(FileInputStream.java:165)
11-16 08:57:23.132: E/RecoverySnapshotStorage(1164): 	at com.android.server.locksettings.recoverablekeystore.storage.RecoverySnapshotStorage.readFromDisk(RecoverySnapshotStorage.java:152)
11-16 08:57:23.132: E/RecoverySnapshotStorage(1164): 	at com.android.server.locksettings.recoverablekeystore.storage.RecoverySnapshotStorage.get(RecoverySnapshotStorage.java:104)
11-16 08:57:23.132: E/RecoverySnapshotStorage(1164): 	at com.android.server.locksettings.recoverablekeystore.RecoverableKeyStoreManager.getKeyChainSnapshot(RecoverableKeyStoreManager.java:331)
11-16 08:57:23.132: E/RecoverySnapshotStorage(1164): 	at com.android.server.locksettings.LockSettingsService.getKeyChainSnapshot(LockSettingsService.java:2032)
11-16 08:57:23.132: E/RecoverySnapshotStorage(1164): 	at com.android.internal.widget.ILockSettings$Stub.onTransact(ILockSettings.java:356)
11-16 08:57:23.132: E/RecoverySnapshotStorage(1164): 	at android.os.Binder.execTransact(Binder.java:731)
11-16 08:57:23.134: I/RecoverableKeyStoreGms(11268): [WrappingKeyManager] Can't generate wrapping key - missing lock screeen
11-16 08:57:23.141: I/SystemUpdate(11268): [Installation,ReceiverIntentOperation] Received intent: Intent { act=com.google.gservices.intent.action.GSERVICES_CHANGED flg=0x1000010 pkg=com.google.android.gms cmp=com.google.android.gms/.chimera.GmsIntentOperationService$PersistentInternalReceiver }.
11-16 08:57:23.157: I/GmsModuleFndr(11268): Beginning GMS chimera module scan
11-16 08:57:23.183: I/ModuleSetMgr(11268): Computing pending module set with APKs: [[AdsFdrDynamite.integ:213806100100000], [Enpromo.integ:214106000100000], [Pay.optional:213614100000], [VisionOcr.optional:213614100400], [AdsFdrDynamite.integ:212104400100000], [Cronetdynamite:213614100400], [Dynamiteloader:213614100000], [Dynamitemodulesa:213614100000], [Dynamitemodulesc:213614100000], [Googlecertificates:213614100000], [Mapsdynamite:213614100000], [Measurementdynamite:213614100000]]
11-16 08:57:23.187: W/DynamiteModule(11268): Local module descriptor class for com.google.android.gms.vision.dynamite.ocr not found.
11-16 08:57:23.188: W/ProviderHelper(11268): Unknown dynamite feature vision.dynamite.ocr
11-16 08:57:23.189: I/DynamiteModule(11268): Considering local module com.google.android.gms.vision.dynamite.ocr:0 and remote module com.google.android.gms.vision.dynamite.ocr:0
11-16 08:57:23.190: I/DynamiteModule(11268): Considering local module com.google.android.gms.vision.ocr:0 and remote module com.google.android.gms.vision.ocr:1
11-16 08:57:23.190: I/DynamiteModule(11268): Selected remote version of com.google.android.gms.vision.ocr, version >= 1
11-16 08:57:23.191: I/ActivityManager(1164): Start proc 13324:com.google.intelligence.sense/u0a31 for broadcast com.google.intelligence.sense/.ambientmusic.SystemBroadcastReceiver
11-16 08:57:23.193: I/native(11268): I1116 08:57:23.193277   13175 start_ocr_856638336_langid.cc:35] StartOcr with label: latin_script_gmvapi_android
11-16 08:57:23.193: I/native(11268): I1116 08:57:23.193449   13175 start_ocr_856638336_langid.cc:44] StartOcr success
11-16 08:57:23.193: E/elligence.sens(13324): Not starting debugger since process cannot load the jdwp agent.
11-16 08:57:23.195: I/OcrModelUpStIntentOp(11268): Downloading text recognizer
11-16 08:57:23.205: D/BoundBrokerSvc(11268): onBind: Intent { act=com.google.android.gms.ocr.service.internal.START cmp=com.google.android.gms/.chimera.GmsInternalApiService }
11-16 08:57:23.205: D/BoundBrokerSvc(11268): Loading bound service for intent: Intent { act=com.google.android.gms.ocr.service.internal.START cmp=com.google.android.gms/.chimera.GmsInternalApiService }
11-16 08:57:23.216: W/NetworkScheduler(9323): The extras of the task is not valid to be persisted so that the task is not persisted [CONTEXT service_id=218 ]
11-16 08:57:23.216: W/NetworkScheduler(9323): java.lang.IllegalArgumentException: Only the following extra parameter types are supported: Integer, Long, Double, String, Boolean, and nested Bundles with the same restrictions.
11-16 08:57:23.216: W/NetworkScheduler(9323): 	at abno.f(:com.google.android.gms@213614028@21.36.14 (100400-395708125):6)
11-16 08:57:23.216: W/NetworkScheduler(9323): 	at amdu.g(:com.google.android.gms@213614028@21.36.14 (100400-395708125):37)
11-16 08:57:23.216: W/NetworkScheduler(9323): 	at amdd.n(:com.google.android.gms@213614028@21.36.14 (100400-395708125):3)
11-16 08:57:23.216: W/NetworkScheduler(9323): 	at amdd.u(:com.google.android.gms@213614028@21.36.14 (100400-395708125):20)
11-16 08:57:23.216: W/NetworkScheduler(9323): 	at amdd.g(:com.google.android.gms@213614028@21.36.14 (100400-395708125):3)
11-16 08:57:23.216: W/NetworkScheduler(9323): 	at alzy.run(:com.google.android.gms@213614028@21.36.14 (100400-395708125):9)
11-16 08:57:23.216: W/NetworkScheduler(9323): 	at rgh.c(:com.google.android.gms@213614028@21.36.14 (100400-395708125):6)
11-16 08:57:23.216: W/NetworkScheduler(9323): 	at rgh.run(:com.google.android.gms@213614028@21.36.14 (100400-395708125):7)
11-16 08:57:23.216: W/NetworkScheduler(9323): 	at java.util.concurrent.ThreadPoolExecutor.runWorker(ThreadPoolExecutor.java:1167)
11-16 08:57:23.216: W/NetworkScheduler(9323): 	at java.util.concurrent.ThreadPoolExecutor$Worker.run(ThreadPoolExecutor.java:641)
11-16 08:57:23.216: W/NetworkScheduler(9323): 	at rkn.run(:com.google.android.gms@213614028@21.36.14 (100400-395708125):0)
11-16 08:57:23.216: W/NetworkScheduler(9323): 	at java.lang.Thread.run(Thread.java:764)
11-16 08:57:23.217: I/elligence.sens(13324): The ClassLoaderContext is a special shared library.
11-16 08:57:23.227: I/ModuleSetMgr(11268): Pending container module APKs: [[Pay.optional:213614100000], [VisionOcr.optional:213614100400]]
11-16 08:57:23.229: I/ModuleSetMgr(11268): Pending non-container module APKs: [[Enpromo.integ:214106000100000], [AdsFdrDynamite.integ:213806100100000]]
11-16 08:57:23.231: W/native(13324): commandlineflags.cc:1511 Ignoring RegisterValidateFunction() for flag pointer 0x7365e15598: no flag found at that address
11-16 08:57:23.259: W/PackageParser(11268): Unknown element under <manifest>: queries at /data/user_de/0/com.google.android.gms/app_chimera/m/00000007/AdsDynamite.apk Binary XML file line #5
11-16 08:57:23.268: E/elligence.sens(13324): The String#value field is not present on Android versions >= 6.0
11-16 08:57:23.285: W/PackageParser(11268): Unknown element under <manifest>: queries at /data/user_de/0/com.google.android.gms/app_chimera/m/00000012/dl-AdsFdrDynamite.integ_213806100100000.apk Binary XML file line #11
11-16 08:57:23.317: I/Superpacks(13324): Releasing all superpacks except ambientmusic-index-17_09_02
11-16 08:57:23.325: I/SoundTriggerModelLoader(13324): Unloading model 9f6ad62a-1f0b-11e7-87c5-40a8f03d3f15
11-16 08:57:23.325: I/SoundTriggerManagerComp(13324): Unloading model 9f6ad62a-1f0b-11e7-87c5-40a8f03d3f15
11-16 08:57:23.325: I/SoundTriggerService(1164): deleteSoundModel(): id = 9f6ad62a-1f0b-11e7-87c5-40a8f03d3f15
11-16 08:57:23.326: W/SoundTriggerHelper(1164): Unload error: Attempting unload invalid generic model with id:9f6ad62a-1f0b-11e7-87c5-40a8f03d3f15
11-16 08:57:23.335: I/Superpacks(13324): Starting garbage collection
11-16 08:57:23.336: W/Superpacks(13324): isDirectory returned false while listing files for /data/user/0/com.google.intelligence.sense/files/superpacks
11-16 08:57:23.341: I/SettingsActivityAvailab(13254): Disabling com.google.android.apps.multidevice.client.ui.pixel.SettingsActivity.
11-16 08:57:23.342: D/GservicesChangeReceiver(3933): Gservices Changed broadcast Received. context is android.app.ReceiverRestrictedContext@83c34ca
11-16 08:57:23.343: E/GooglePlayServicesUtil(13235): The Google Play services resources were not found. Check your project configuration to ensure that the resources are included.
11-16 08:57:23.347: D/GservicesChangeReceiver(3933): Gservices allowPowerAnomalyData is False.
11-16 08:57:23.348: D/ConnectivityMonitorManager(3933): Service com.google.android.connectivitymonitor.PowerAnomalyDetectorService is not running...
11-16 08:57:23.353: I/akhr(9323): Scheduling Phenotype for a PhenotypeSyncImmediately(6, com.google.android.gms.testsupport) one off with window [1, 2] in seconds [CONTEXT service_id=51 ]
11-16 08:57:23.354: D/ConnMetrics:App(13235): IsOptedIn = false
11-16 08:57:23.354: D/GservicesChangeReceiver(3933): Gservices allowLowPowerMonitoring is False.
11-16 08:57:23.356: D/ConnectivityMonitorManager(3933): Service com.google.android.connectivitymonitor.LowPowerMonitorService is not running...
11-16 08:57:23.361: I/TestSupport(11268): AwaitCommitOperation: SaveStrategy__enableSaving [CONTEXT service_id=133 ]
11-16 08:57:23.364: I/TestSupport(11268): AwaitCommitOperation: uncommitted: FlagOverride(com.google.android.gms.auth.api.credentials, , Flag(SaveStrategy__enableSaving, false, 2, 0), false) [CONTEXT service_id=133 ]
11-16 08:57:23.365: I/TestSupport(11268): AwaitCommitOperation:  sleeping for 10 msec. [CONTEXT service_id=133 ]
11-16 08:57:23.372: D/GservicesChangeReceiver(3933): Gservices isConnectivityMonitorEnabled is True.
11-16 08:57:23.374: D/ConnectivityMonitorManager(3933): Service com.google.android.connectivitymonitor.ConnectivityMonitorService is running...
11-16 08:57:23.382: I/EuiccGoogle(13275): [2] GservicesChangedReceiver.onReceive: Setting EUICC_SUPPORTED_COUNTRIES to de,gb,in,us
11-16 08:57:23.394: I/Backup(11268): [GmsBackupStatusChangeReceiver] Going to enable gms backup transport.
11-16 08:57:23.409: I/NetRec(9323): [904] aiad.a: onConfigChanged()
11-16 08:57:23.410: I/GmsModuleFndr(11268): Beginning GMS chimera module scan
11-16 08:57:23.418: I/BgTaskExecutorImpl(8302): Starting NONEXCLUSIVE background task UPDATE_GSERVICES_CONFIG.
11-16 08:57:23.419: I/TestSupport(11268): AwaitCommitOperation: uncommitted: FlagOverride(com.google.android.gms.auth.api.credentials, , Flag(SaveStrategy__enableSaving, false, 2, 0), false) [CONTEXT service_id=133 ]
11-16 08:57:23.420: I/TestSupport(11268): AwaitCommitOperation:  sleeping for 20 msec. [CONTEXT service_id=133 ]
11-16 08:57:23.423: I/Auth(9323): [AuthManaged, PasswordComplexityHelperImpl] Updating password complexity components state.
11-16 08:57:23.423: I/Auth(9323): [AuthManaged, PasswordComplexityHelperImpl] Enabling com.google.android.gms.auth.managed.ui.SetNewPasswordActivity
11-16 08:57:23.423: I/Herrevad(9323): [911] zcq.a: updateListenState
11-16 08:57:23.423: W/SearchServiceCore(8302): Abort, client detached.
11-16 08:57:23.425: I/GservicesUpdateTask(8302): Updating Gservices keys
11-16 08:57:23.428: I/NetRec(9323): [904] aiad.a: Cancelling all NetRec GCM tasks
11-16 08:57:23.430: I/ModuleSetMgr(11268): Computing pending module set with APKs: [[AdsFdrDynamite.integ:213806100100000], [Enpromo.integ:214106000100000], [Pay.optional:213614100000], [VisionOcr.optional:213614100400], [AdsFdrDynamite.integ:212104400100000], [Cronetdynamite:213614100400], [Dynamiteloader:213614100000], [Dynamitemodulesa:213614100000], [Dynamitemodulesc:213614100000], [Googlecertificates:213614100000], [Mapsdynamite:213614100000], [Measurementdynamite:213614100000]]
11-16 08:57:23.436: I/ModuleSetMgr(11268): Pending container module APKs: [[Pay.optional:213614100000], [VisionOcr.optional:213614100400]]
11-16 08:57:23.436: I/ModuleSetMgr(11268): Pending non-container module APKs: [[Enpromo.integ:214106000100000], [AdsFdrDynamite.integ:213806100100000]]
11-16 08:57:23.439: I/NetRec(9323): [907] ClearDatabaseService.onHandleIntent: Clearing score cache
11-16 08:57:23.447: W/PackageParser(11268): Unknown element under <manifest>: queries at /data/user_de/0/com.google.android.gms/app_chimera/m/00000007/AdsDynamite.apk Binary XML file line #5
11-16 08:57:23.451: I/TestSupport(11268): AwaitCommitOperation: uncommitted: FlagOverride(com.google.android.gms.auth.api.credentials, , Flag(SaveStrategy__enableSaving, false, 2, 0), false) [CONTEXT service_id=133 ]
11-16 08:57:23.451: I/TestSupport(11268): AwaitCommitOperation:  sleeping for 40 msec. [CONTEXT service_id=133 ]
11-16 08:57:23.457: I/GCoreUlr(9323): WorldUpdater received intent Intent { act=com.google.android.location.reporting.ACTION_UPDATE_WORLD cmp=com.google.android.gms/com.google.android.location.reporting.service.DispatchingService (has extras) } with receiverAction com.google.gservices.intent.action.GSERVICES_CHANGED [CONTEXT service_id=22 ]
11-16 08:57:23.459: I/GCoreUlr(9323): WorldUpdater:com.google.gservices.intent.action.GSERVICES_CHANGED: Ensuring that reporting is stopped because of reasons: (no Google accounts) [CONTEXT service_id=22 ]
11-16 08:57:23.459: W/PackageParser(11268): Unknown element under <manifest>: queries at /data/user_de/0/com.google.android.gms/app_chimera/m/00000012/dl-AdsFdrDynamite.integ_213806100100000.apk Binary XML file line #11
11-16 08:57:23.463: I/GCoreUlr(9323): Unbound from all signal providers. [CONTEXT service_id=22 ]
11-16 08:57:23.469: I/RecoverableKeyStoreGms(11268): [RecoverableKeyStoreGmsInitOperation] Initializing auth_folsom
11-16 08:57:23.470: I/RecoverableKeyStoreGms(11268): [RecoverableKeyStoreGmsInitOperation] com.google.android.gms.auth.folsom.service.FolsomPublicKeyUpdateService is already enabled. Ignore.
11-16 08:57:23.470: I/RecoverableKeyStoreGms(11268): [RecoverableKeyStoreGmsInitOperation] com.google.android.gms.auth.folsom.service.GcmReceiverService is already enabled. Ignore.
11-16 08:57:23.471: I/ChromeSync(11268): [Sync,SyncIntentOperation] Handling the intent: Intent { act=com.google.gservices.intent.action.GSERVICES_CHANGED flg=0x1000010 pkg=com.google.android.gms cmp=com.google.android.gms/.chimera.GmsIntentOperationService$PersistentInternalReceiver }.
11-16 08:57:23.472: I/GCoreUlr(9323): DispatchingService ignoring Intent { act=android.net.wifi.WIFI_STATE_CHANGED flg=0x4000010 (has extras) } because ULR inactive [CONTEXT service_id=22 ]
11-16 08:57:23.474: V/RecoverableKeyStoreMgr(1164): Not updating secret types - same as old value.
11-16 08:57:23.475: I/MS_Utils(11268): version of com.google.android.apps.maps = 1022101040
11-16 08:57:23.475: I/RecoverableKeyStoreGms(11268): [RecoverableKeyStoreGmsInitOperation] Setting vault handle
11-16 08:57:23.475: I/MdiSyncModule(11268): flag handling is skipping irrelevant intent.
11-16 08:57:23.476: V/RecoverableKeyStoreMgr(1164): Not updating server params - same as old value.
11-16 08:57:23.476: I/MobileDataHub(11268): Scheduling periodic tasks
11-16 08:57:23.476: I/RecoverableKeyStoreGms(11268): [EnrollmentManager] Returning certificates list from cache
11-16 08:57:23.477: W/MobileDataHub(11268): [Service] appsupload-periodic periodic task disabled
11-16 08:57:23.478: I/GCoreUlr(9323): Unbound from all signal providers. [CONTEXT service_id=22 ]
11-16 08:57:23.478: W/DynamiteModule(11268): Local module descriptor class for com.google.android.gms.vision.dynamite.ocr not found.
11-16 08:57:23.478: I/GCoreUlr(9323): Stopping handler for UlrDispSvcFast [CONTEXT service_id=22 ]
11-16 08:57:23.479: I/DynamiteModule(11268): Considering local module com.google.android.gms.vision.dynamite.ocr:0 and remote module com.google.android.gms.vision.dynamite.ocr:0
11-16 08:57:23.479: I/DynamiteModule(11268): Considering local module com.google.android.gms.vision.ocr:0 and remote module com.google.android.gms.vision.ocr:1
11-16 08:57:23.479: I/DynamiteModule(11268): Selected remote version of com.google.android.gms.vision.ocr, version >= 1
11-16 08:57:23.479: I/SystemUpdate(11268): [Installation,ReceiverIntentOperation] Received intent: Intent { act=com.google.gservices.intent.action.GSERVICES_CHANGED flg=0x1000010 pkg=com.google.android.gms cmp=com.google.android.gms/.chimera.GmsIntentOperationService$PersistentInternalReceiver }.
11-16 08:57:23.481: I/native(11268): I1116 08:57:23.480971   13182 start_ocr_856638336_langid.cc:35] StartOcr with label: latin_script_gmvapi_android
11-16 08:57:23.481: I/native(11268): I1116 08:57:23.481078   13182 start_ocr_856638336_langid.cc:44] StartOcr success
11-16 08:57:23.486: I/OcrModelUpStIntentOp(11268): Downloading text recognizer
11-16 08:57:23.497: W/NetworkScheduler(9323): The extras of the task is not valid to be persisted so that the task is not persisted [CONTEXT service_id=218 ]
11-16 08:57:23.497: W/NetworkScheduler(9323): java.lang.IllegalArgumentException: Only the following extra parameter types are supported: Integer, Long, Double, String, Boolean, and nested Bundles with the same restrictions.
11-16 08:57:23.497: W/NetworkScheduler(9323): 	at abno.f(:com.google.android.gms@213614028@21.36.14 (100400-395708125):6)
11-16 08:57:23.497: W/NetworkScheduler(9323): 	at amdu.g(:com.google.android.gms@213614028@21.36.14 (100400-395708125):37)
11-16 08:57:23.497: W/NetworkScheduler(9323): 	at amdd.n(:com.google.android.gms@213614028@21.36.14 (100400-395708125):3)
11-16 08:57:23.497: W/NetworkScheduler(9323): 	at amdd.u(:com.google.android.gms@213614028@21.36.14 (100400-395708125):20)
11-16 08:57:23.497: W/NetworkScheduler(9323): 	at amdd.g(:com.google.android.gms@213614028@21.36.14 (100400-395708125):3)
11-16 08:57:23.497: W/NetworkScheduler(9323): 	at alzy.run(:com.google.android.gms@213614028@21.36.14 (100400-395708125):9)
11-16 08:57:23.497: W/NetworkScheduler(9323): 	at rgh.c(:com.google.android.gms@213614028@21.36.14 (100400-395708125):6)
11-16 08:57:23.497: W/NetworkScheduler(9323): 	at rgh.run(:com.google.android.gms@213614028@21.36.14 (100400-395708125):7)
11-16 08:57:23.497: W/NetworkScheduler(9323): 	at java.util.concurrent.ThreadPoolExecutor.runWorker(ThreadPoolExecutor.java:1167)
11-16 08:57:23.497: W/NetworkScheduler(9323): 	at java.util.concurrent.ThreadPoolExecutor$Worker.run(ThreadPoolExecutor.java:641)
11-16 08:57:23.497: W/NetworkScheduler(9323): 	at rkn.run(:com.google.android.gms@213614028@21.36.14 (100400-395708125):0)
11-16 08:57:23.497: W/NetworkScheduler(9323): 	at java.lang.Thread.run(Thread.java:764)
11-16 08:57:23.505: I/SoundTriggerModelLoader(13324): Unloading model 9f6ad62a-1f0b-11e7-87c5-40a8f03d3f15
11-16 08:57:23.505: I/SoundTriggerManagerComp(13324): Unloading model 9f6ad62a-1f0b-11e7-87c5-40a8f03d3f15
11-16 08:57:23.506: I/SoundTriggerService(1164): deleteSoundModel(): id = 9f6ad62a-1f0b-11e7-87c5-40a8f03d3f15
11-16 08:57:23.506: W/SoundTriggerHelper(1164): Unload error: Attempting unload invalid generic model with id:9f6ad62a-1f0b-11e7-87c5-40a8f03d3f15
11-16 08:57:23.512: I/SettingsActivityAvailab(13254): Disabling com.google.android.apps.multidevice.client.ui.pixel.SettingsActivity.
11-16 08:57:23.513: D/GservicesChangeReceiver(3933): Gservices Changed broadcast Received. context is android.app.ReceiverRestrictedContext@83c34ca
11-16 08:57:23.513: D/GservicesChangeReceiver(3933): Gservices allowPowerAnomalyData is False.
11-16 08:57:23.514: I/GmsModuleFndr(11268): Beginning GMS chimera module scan
11-16 08:57:23.514: E/GooglePlayServicesUtil(13235): The Google Play services resources were not found. Check your project configuration to ensure that the resources are included.
11-16 08:57:23.514: D/ConnectivityMonitorManager(3933): Service com.google.android.connectivitymonitor.PowerAnomalyDetectorService is not running...
11-16 08:57:23.516: I/RecoverableKeyStoreMgr(1164): The cert file serial number is the same, so skip updating.
11-16 08:57:23.516: I/RecoverableKeyStoreGms(11268): [EnrollmentManager] Recovery service is initialized.
11-16 08:57:23.516: D/GservicesChangeReceiver(3933): Gservices allowLowPowerMonitoring is False.
11-16 08:57:23.517: I/RecoverySnapshotLstnrs(1164): Registered listener for agent with uid 10007
11-16 08:57:23.518: E/RecoverySnapshotStorage(1164): Error reading snapshot for 10007 from disk
11-16 08:57:23.518: E/RecoverySnapshotStorage(1164): java.io.FileNotFoundException: /data/system/recoverablekeystore/snapshots/10007.xml (No such file or directory)
11-16 08:57:23.518: E/RecoverySnapshotStorage(1164): 	at java.io.FileInputStream.open0(Native Method)
11-16 08:57:23.518: E/RecoverySnapshotStorage(1164): 	at java.io.FileInputStream.open(FileInputStream.java:231)
11-16 08:57:23.518: E/RecoverySnapshotStorage(1164): 	at java.io.FileInputStream.<init>(FileInputStream.java:165)
11-16 08:57:23.518: E/RecoverySnapshotStorage(1164): 	at com.android.server.locksettings.recoverablekeystore.storage.RecoverySnapshotStorage.readFromDisk(RecoverySnapshotStorage.java:152)
11-16 08:57:23.518: E/RecoverySnapshotStorage(1164): 	at com.android.server.locksettings.recoverablekeystore.storage.RecoverySnapshotStorage.get(RecoverySnapshotStorage.java:104)
11-16 08:57:23.518: E/RecoverySnapshotStorage(1164): 	at com.android.server.locksettings.recoverablekeystore.RecoverableKeyStoreManager.getKeyChainSnapshot(RecoverableKeyStoreManager.java:331)
11-16 08:57:23.518: E/RecoverySnapshotStorage(1164): 	at com.android.server.locksettings.LockSettingsService.getKeyChainSnapshot(LockSettingsService.java:2032)
11-16 08:57:23.518: E/RecoverySnapshotStorage(1164): 	at com.android.internal.widget.ILockSettings$Stub.onTransact(ILockSettings.java:356)
11-16 08:57:23.518: E/RecoverySnapshotStorage(1164): 	at android.os.Binder.execTransact(Binder.java:731)
11-16 08:57:23.518: I/RecoverableKeyStoreGms(11268): [WrappingKeyManager] Can't generate wrapping key - missing lock screeen
11-16 08:57:23.519: D/ConnectivityMonitorManager(3933): Service com.google.android.connectivitymonitor.LowPowerMonitorService is not running...
11-16 08:57:23.521: D/GservicesChangeReceiver(3933): Gservices isConnectivityMonitorEnabled is True.
11-16 08:57:23.522: I/ModuleSetMgr(11268): Computing pending module set with APKs: [[AdsFdrDynamite.integ:213806100100000], [Enpromo.integ:214106000100000], [Pay.optional:213614100000], [VisionOcr.optional:213614100400], [AdsFdrDynamite.integ:212104400100000], [Cronetdynamite:213614100400], [Dynamiteloader:213614100000], [Dynamitemodulesa:213614100000], [Dynamitemodulesc:213614100000], [Googlecertificates:213614100000], [Mapsdynamite:213614100000], [Measurementdynamite:213614100000]]
11-16 08:57:23.522: D/ConnectivityMonitorManager(3933): Service com.google.android.connectivitymonitor.ConnectivityMonitorService is running...
11-16 08:57:23.524: D/ConnMetrics:App(13235): IsOptedIn = false
11-16 08:57:23.527: I/EuiccGoogle(13275): [2] GservicesChangedReceiver.onReceive: Setting EUICC_SUPPORTED_COUNTRIES to de,gb,in,us
11-16 08:57:23.529: I/ModuleSetMgr(11268): Pending container module APKs: [[Pay.optional:213614100000], [VisionOcr.optional:213614100400]]
11-16 08:57:23.529: I/ModuleSetMgr(11268): Pending non-container module APKs: [[Enpromo.integ:214106000100000], [AdsFdrDynamite.integ:213806100100000]]
11-16 08:57:23.533: I/TestSupport(11268): AwaitCommitOperation: uncommitted: FlagOverride(com.google.android.gms.auth.api.credentials, , Flag(SaveStrategy__enableSaving, false, 2, 0), false) [CONTEXT service_id=133 ]
11-16 08:57:23.533: I/TestSupport(11268): AwaitCommitOperation:  sleeping for 80 msec. [CONTEXT service_id=133 ]
11-16 08:57:23.533: I/Backup(11268): [GmsBackupStatusChangeReceiver] Going to enable gms backup transport.
11-16 08:57:23.540: W/PackageParser(11268): Unknown element under <manifest>: queries at /data/user_de/0/com.google.android.gms/app_chimera/m/00000007/AdsDynamite.apk Binary XML file line #5
11-16 08:57:23.546: I/Herrevad(9323): [904] zcq.a: updateListenState
11-16 08:57:23.548: I/NetRec(9323): [904] aiad.a: onConfigChanged()
11-16 08:57:23.548: I/BgTaskExecutorImpl(8302): Starting NONEXCLUSIVE background task UPDATE_GSERVICES_CONFIG.
11-16 08:57:23.551: I/NetRec(9323): [904] aiad.a: Cancelling all NetRec GCM tasks
11-16 08:57:23.552: W/SearchServiceCore(8302): Abort, client detached.
11-16 08:57:23.554: I/GservicesUpdateTask(8302): Updating Gservices keys
11-16 08:57:23.554: I/Auth(9323): [AuthManaged, PasswordComplexityHelperImpl] Updating password complexity components state.
11-16 08:57:23.554: I/Auth(9323): [AuthManaged, PasswordComplexityHelperImpl] Enabling com.google.android.gms.auth.managed.ui.SetNewPasswordActivity
11-16 08:57:23.554: I/NetRec(9323): [910] ClearDatabaseService.onHandleIntent: Clearing score cache
11-16 08:57:23.568: W/PackageParser(11268): Unknown element under <manifest>: queries at /data/user_de/0/com.google.android.gms/app_chimera/m/00000012/dl-AdsFdrDynamite.integ_213806100100000.apk Binary XML file line #11
11-16 08:57:23.578: I/GmsModuleFndr(11268): Beginning GMS chimera module scan
11-16 08:57:23.580: I/GCoreUlr(9323): DispatchingService ignoring Intent { act=android.net.wifi.WIFI_STATE_CHANGED flg=0x4000010 (has extras) } because ULR inactive [CONTEXT service_id=22 ]
11-16 08:57:23.586: I/GCoreUlr(9323): WorldUpdater received intent Intent { act=com.google.android.location.reporting.ACTION_UPDATE_WORLD cmp=com.google.android.gms/com.google.android.location.reporting.service.DispatchingService (has extras) } with receiverAction com.google.gservices.intent.action.GSERVICES_CHANGED [CONTEXT service_id=22 ]
11-16 08:57:23.586: I/ModuleSetMgr(11268): Computing pending module set with APKs: [[AdsFdrDynamite.integ:213806100100000], [Enpromo.integ:214106000100000], [Pay.optional:213614100000], [VisionOcr.optional:213614100400], [AdsFdrDynamite.integ:212104400100000], [Cronetdynamite:213614100400], [Dynamiteloader:213614100000], [Dynamitemodulesa:213614100000], [Dynamitemodulesc:213614100000], [Googlecertificates:213614100000], [Mapsdynamite:213614100000], [Measurementdynamite:213614100000]]
11-16 08:57:23.591: I/GCoreUlr(9323): WorldUpdater:com.google.gservices.intent.action.GSERVICES_CHANGED: Ensuring that reporting is stopped because of reasons: (no Google accounts) [CONTEXT service_id=22 ]
11-16 08:57:23.593: I/GCoreUlr(9323): Unbound from all signal providers. [CONTEXT service_id=22 ]
11-16 08:57:23.601: I/GCoreUlr(9323): Unbound from all signal providers. [CONTEXT service_id=22 ]
11-16 08:57:23.601: I/GCoreUlr(9323): Stopping handler for UlrDispSvcFast [CONTEXT service_id=22 ]
11-16 08:57:23.604: I/ModuleSetMgr(11268): Pending container module APKs: [[Pay.optional:213614100000], [VisionOcr.optional:213614100400]]
11-16 08:57:23.604: I/ModuleSetMgr(11268): Pending non-container module APKs: [[Enpromo.integ:214106000100000], [AdsFdrDynamite.integ:213806100100000]]
11-16 08:57:23.617: I/SoundTriggerModelLoader(13324): Unloading model 9f6ad62a-1f0b-11e7-87c5-40a8f03d3f15
11-16 08:57:23.618: I/SoundTriggerManagerComp(13324): Unloading model 9f6ad62a-1f0b-11e7-87c5-40a8f03d3f15
11-16 08:57:23.618: I/SoundTriggerService(1164): deleteSoundModel(): id = 9f6ad62a-1f0b-11e7-87c5-40a8f03d3f15
11-16 08:57:23.618: W/SoundTriggerHelper(1164): Unload error: Attempting unload invalid generic model with id:9f6ad62a-1f0b-11e7-87c5-40a8f03d3f15
11-16 08:57:23.622: W/PackageParser(11268): Unknown element under <manifest>: queries at /data/user_de/0/com.google.android.gms/app_chimera/m/00000007/AdsDynamite.apk Binary XML file line #5
11-16 08:57:23.623: I/TestSupport(11268): AwaitCommitOperation: uncommitted: FlagOverride(com.google.android.gms.auth.api.credentials, , Flag(SaveStrategy__enableSaving, false, 2, 0), false) [CONTEXT service_id=133 ]
11-16 08:57:23.623: I/TestSupport(11268): AwaitCommitOperation:  sleeping for 160 msec. [CONTEXT service_id=133 ]
11-16 08:57:23.626: I/SettingsActivityAvailab(13254): Disabling com.google.android.apps.multidevice.client.ui.pixel.SettingsActivity.
11-16 08:57:23.627: E/GooglePlayServicesUtil(13235): The Google Play services resources were not found. Check your project configuration to ensure that the resources are included.
11-16 08:57:23.627: D/GservicesChangeReceiver(3933): Gservices Changed broadcast Received. context is android.app.ReceiverRestrictedContext@83c34ca
11-16 08:57:23.628: D/GservicesChangeReceiver(3933): Gservices allowPowerAnomalyData is False.
11-16 08:57:23.629: D/ConnectivityMonitorManager(3933): Service com.google.android.connectivitymonitor.PowerAnomalyDetectorService is not running...
11-16 08:57:23.631: D/GservicesChangeReceiver(3933): Gservices allowLowPowerMonitoring is False.
11-16 08:57:23.633: D/ConnectivityMonitorManager(3933): Service com.google.android.connectivitymonitor.LowPowerMonitorService is not running...
11-16 08:57:23.635: D/GservicesChangeReceiver(3933): Gservices isConnectivityMonitorEnabled is True.
11-16 08:57:23.636: D/ConnectivityMonitorManager(3933): Service com.google.android.connectivitymonitor.ConnectivityMonitorService is running...
11-16 08:57:23.640: I/EuiccGoogle(13275): [2] GservicesChangedReceiver.onReceive: Setting EUICC_SUPPORTED_COUNTRIES to de,gb,in,us
11-16 08:57:23.644: D/ConnMetrics:App(13235): IsOptedIn = false
11-16 08:57:23.647: I/Backup(11268): [GmsBackupStatusChangeReceiver] Going to enable gms backup transport.
11-16 08:57:23.649: W/PackageParser(11268): Unknown element under <manifest>: queries at /data/user_de/0/com.google.android.gms/app_chimera/m/00000012/dl-AdsFdrDynamite.integ_213806100100000.apk Binary XML file line #11
11-16 08:57:23.655: I/RecoverableKeyStoreGms(11268): [RecoverableKeyStoreGmsInitOperation] Initializing auth_folsom
11-16 08:57:23.655: I/RecoverableKeyStoreGms(11268): [RecoverableKeyStoreGmsInitOperation] com.google.android.gms.auth.folsom.service.FolsomPublicKeyUpdateService is already enabled. Ignore.
11-16 08:57:23.655: I/RecoverableKeyStoreGms(11268): [RecoverableKeyStoreGmsInitOperation] com.google.android.gms.auth.folsom.service.GcmReceiverService is already enabled. Ignore.
11-16 08:57:23.659: V/RecoverableKeyStoreMgr(1164): Not updating secret types - same as old value.
11-16 08:57:23.661: I/ChromeSync(11268): [Sync,SyncIntentOperation] Handling the intent: Intent { act=com.google.gservices.intent.action.GSERVICES_CHANGED flg=0x1000010 pkg=com.google.android.gms cmp=com.google.android.gms/.chimera.GmsIntentOperationService$PersistentInternalReceiver }.
11-16 08:57:23.661: I/Herrevad(9323): [910] zcq.a: updateListenState
11-16 08:57:23.662: I/RecoverableKeyStoreGms(11268): [RecoverableKeyStoreGmsInitOperation] Setting vault handle
11-16 08:57:23.662: V/RecoverableKeyStoreMgr(1164): Not updating server params - same as old value.
11-16 08:57:23.664: I/NetRec(9323): [910] aiad.a: onConfigChanged()
11-16 08:57:23.667: I/MS_Utils(11268): version of com.google.android.apps.maps = 1022101040
11-16 08:57:23.667: I/RecoverableKeyStoreGms(11268): [EnrollmentManager] Returning certificates list from cache
11-16 08:57:23.668: I/MdiSyncModule(11268): flag handling is skipping irrelevant intent.
11-16 08:57:23.674: I/MobileDataHub(11268): Scheduling periodic tasks
11-16 08:57:23.674: I/Auth(9323): [AuthManaged, PasswordComplexityHelperImpl] Updating password complexity components state.
11-16 08:57:23.674: I/Auth(9323): [AuthManaged, PasswordComplexityHelperImpl] Enabling com.google.android.gms.auth.managed.ui.SetNewPasswordActivity
11-16 08:57:23.678: I/BgTaskExecutorImpl(8302): Starting NONEXCLUSIVE background task UPDATE_GSERVICES_CONFIG.
11-16 08:57:23.679: I/NetRec(9323): [910] aiad.a: Cancelling all NetRec GCM tasks
11-16 08:57:23.681: I/NetRec(9323): [911] ClearDatabaseService.onHandleIntent: Clearing score cache
11-16 08:57:23.682: W/SearchServiceCore(8302): Abort, client detached.
11-16 08:57:23.685: W/MobileDataHub(11268): [Service] appsupload-periodic periodic task disabled
11-16 08:57:23.685: I/GservicesUpdateTask(8302): Updating Gservices keys
11-16 08:57:23.686: I/SystemUpdate(11268): [Installation,ReceiverIntentOperation] Received intent: Intent { act=com.google.gservices.intent.action.GSERVICES_CHANGED flg=0x1000010 pkg=com.google.android.gms cmp=com.google.android.gms/.chimera.GmsIntentOperationService$PersistentInternalReceiver }.
11-16 08:57:23.687: W/DynamiteModule(11268): Local module descriptor class for com.google.android.gms.vision.dynamite.ocr not found.
11-16 08:57:23.688: I/DynamiteModule(11268): Considering local module com.google.android.gms.vision.dynamite.ocr:0 and remote module com.google.android.gms.vision.dynamite.ocr:0
11-16 08:57:23.689: I/DynamiteModule(11268): Considering local module com.google.android.gms.vision.ocr:0 and remote module com.google.android.gms.vision.ocr:1
11-16 08:57:23.689: I/DynamiteModule(11268): Selected remote version of com.google.android.gms.vision.ocr, version >= 1
11-16 08:57:23.697: I/native(11268): I1116 08:57:23.697604   13175 start_ocr_856638336_langid.cc:35] StartOcr with label: latin_script_gmvapi_android
11-16 08:57:23.697: I/native(11268): I1116 08:57:23.697783   13175 start_ocr_856638336_langid.cc:44] StartOcr success
11-16 08:57:23.700: I/OcrModelUpStIntentOp(11268): Downloading text recognizer
11-16 08:57:23.717: I/GCoreUlr(9323): WorldUpdater received intent Intent { act=com.google.android.location.reporting.ACTION_UPDATE_WORLD cmp=com.google.android.gms/com.google.android.location.reporting.service.DispatchingService (has extras) } with receiverAction com.google.gservices.intent.action.GSERVICES_CHANGED [CONTEXT service_id=22 ]
11-16 08:57:23.720: W/NetworkScheduler(9323): The extras of the task is not valid to be persisted so that the task is not persisted [CONTEXT service_id=218 ]
11-16 08:57:23.720: W/NetworkScheduler(9323): java.lang.IllegalArgumentException: Only the following extra parameter types are supported: Integer, Long, Double, String, Boolean, and nested Bundles with the same restrictions.
11-16 08:57:23.720: W/NetworkScheduler(9323): 	at abno.f(:com.google.android.gms@213614028@21.36.14 (100400-395708125):6)
11-16 08:57:23.720: W/NetworkScheduler(9323): 	at amdu.g(:com.google.android.gms@213614028@21.36.14 (100400-395708125):37)
11-16 08:57:23.720: W/NetworkScheduler(9323): 	at amdd.n(:com.google.android.gms@213614028@21.36.14 (100400-395708125):3)
11-16 08:57:23.720: W/NetworkScheduler(9323): 	at amdd.u(:com.google.android.gms@213614028@21.36.14 (100400-395708125):20)
11-16 08:57:23.720: W/NetworkScheduler(9323): 	at amdd.g(:com.google.android.gms@213614028@21.36.14 (100400-395708125):3)
11-16 08:57:23.720: W/NetworkScheduler(9323): 	at alzy.run(:com.google.android.gms@213614028@21.36.14 (100400-395708125):9)
11-16 08:57:23.720: W/NetworkScheduler(9323): 	at rgh.c(:com.google.android.gms@213614028@21.36.14 (100400-395708125):6)
11-16 08:57:23.720: W/NetworkScheduler(9323): 	at rgh.run(:com.google.android.gms@213614028@21.36.14 (100400-395708125):7)
11-16 08:57:23.720: W/NetworkScheduler(9323): 	at java.util.concurrent.ThreadPoolExecutor.runWorker(ThreadPoolExecutor.java:1167)
11-16 08:57:23.720: W/NetworkScheduler(9323): 	at java.util.concurrent.ThreadPoolExecutor$Worker.run(ThreadPoolExecutor.java:641)
11-16 08:57:23.720: W/NetworkScheduler(9323): 	at rkn.run(:com.google.android.gms@213614028@21.36.14 (100400-395708125):0)
11-16 08:57:23.720: W/NetworkScheduler(9323): 	at java.lang.Thread.run(Thread.java:764)
11-16 08:57:23.727: I/RecoverableKeyStoreMgr(1164): The cert file serial number is the same, so skip updating.
11-16 08:57:23.727: I/RecoverableKeyStoreGms(11268): [EnrollmentManager] Recovery service is initialized.
11-16 08:57:23.728: I/RecoverySnapshotLstnrs(1164): Registered listener for agent with uid 10007
11-16 08:57:23.729: E/RecoverySnapshotStorage(1164): Error reading snapshot for 10007 from disk
11-16 08:57:23.729: E/RecoverySnapshotStorage(1164): java.io.FileNotFoundException: /data/system/recoverablekeystore/snapshots/10007.xml (No such file or directory)
11-16 08:57:23.729: E/RecoverySnapshotStorage(1164): 	at java.io.FileInputStream.open0(Native Method)
11-16 08:57:23.729: E/RecoverySnapshotStorage(1164): 	at java.io.FileInputStream.open(FileInputStream.java:231)
11-16 08:57:23.729: E/RecoverySnapshotStorage(1164): 	at java.io.FileInputStream.<init>(FileInputStream.java:165)
11-16 08:57:23.729: E/RecoverySnapshotStorage(1164): 	at com.android.server.locksettings.recoverablekeystore.storage.RecoverySnapshotStorage.readFromDisk(RecoverySnapshotStorage.java:152)
11-16 08:57:23.729: E/RecoverySnapshotStorage(1164): 	at com.android.server.locksettings.recoverablekeystore.storage.RecoverySnapshotStorage.get(RecoverySnapshotStorage.java:104)
11-16 08:57:23.729: E/RecoverySnapshotStorage(1164): 	at com.android.server.locksettings.recoverablekeystore.RecoverableKeyStoreManager.getKeyChainSnapshot(RecoverableKeyStoreManager.java:331)
11-16 08:57:23.729: E/RecoverySnapshotStorage(1164): 	at com.android.server.locksettings.LockSettingsService.getKeyChainSnapshot(LockSettingsService.java:2032)
11-16 08:57:23.729: E/RecoverySnapshotStorage(1164): 	at com.android.internal.widget.ILockSettings$Stub.onTransact(ILockSettings.java:356)
11-16 08:57:23.729: E/RecoverySnapshotStorage(1164): 	at android.os.Binder.execTransact(Binder.java:731)
11-16 08:57:23.730: I/RecoverableKeyStoreGms(11268): [WrappingKeyManager] Can't generate wrapping key - missing lock screeen
11-16 08:57:23.731: I/GCoreUlr(9323): WorldUpdater:com.google.gservices.intent.action.GSERVICES_CHANGED: Ensuring that reporting is stopped because of reasons: (no Google accounts) [CONTEXT service_id=22 ]
11-16 08:57:23.734: I/GCoreUlr(9323): Unbound from all signal providers. [CONTEXT service_id=22 ]
11-16 08:57:23.740: I/GCoreUlr(9323): DispatchingService ignoring Intent { act=android.net.wifi.WIFI_STATE_CHANGED flg=0x4000010 (has extras) } because ULR inactive [CONTEXT service_id=22 ]
11-16 08:57:23.745: I/GCoreUlr(9323): Unbound from all signal providers. [CONTEXT service_id=22 ]
11-16 08:57:23.745: I/GCoreUlr(9323): Stopping handler for UlrDispSvcFast [CONTEXT service_id=22 ]
11-16 08:57:23.753: I/SoundTriggerModelLoader(13324): Unloading model 9f6ad62a-1f0b-11e7-87c5-40a8f03d3f15
11-16 08:57:23.754: I/SoundTriggerManagerComp(13324): Unloading model 9f6ad62a-1f0b-11e7-87c5-40a8f03d3f15
11-16 08:57:23.754: I/SoundTriggerService(1164): deleteSoundModel(): id = 9f6ad62a-1f0b-11e7-87c5-40a8f03d3f15
11-16 08:57:23.754: W/SoundTriggerHelper(1164): Unload error: Attempting unload invalid generic model with id:9f6ad62a-1f0b-11e7-87c5-40a8f03d3f15
11-16 08:57:23.755: I/GmsModuleFndr(11268): Beginning GMS chimera module scan
11-16 08:57:23.764: I/SettingsActivityAvailab(13254): Disabling com.google.android.apps.multidevice.client.ui.pixel.SettingsActivity.
11-16 08:57:23.766: E/GooglePlayServicesUtil(13235): The Google Play services resources were not found. Check your project configuration to ensure that the resources are included.
11-16 08:57:23.768: D/GservicesChangeReceiver(3933): Gservices Changed broadcast Received. context is android.app.ReceiverRestrictedContext@83c34ca
11-16 08:57:23.768: D/GservicesChangeReceiver(3933): Gservices allowPowerAnomalyData is False.
11-16 08:57:23.768: I/ModuleSetMgr(11268): Computing pending module set with APKs: [[AdsFdrDynamite.integ:213806100100000], [Enpromo.integ:214106000100000], [Pay.optional:213614100000], [VisionOcr.optional:213614100400], [AdsFdrDynamite.integ:212104400100000], [Cronetdynamite:213614100400], [Dynamiteloader:213614100000], [Dynamitemodulesa:213614100000], [Dynamitemodulesc:213614100000], [Googlecertificates:213614100000], [Mapsdynamite:213614100000], [Measurementdynamite:213614100000]]
11-16 08:57:23.769: D/ConnectivityMonitorManager(3933): Service com.google.android.connectivitymonitor.PowerAnomalyDetectorService is not running...
11-16 08:57:23.771: D/GservicesChangeReceiver(3933): Gservices allowLowPowerMonitoring is False.
11-16 08:57:23.772: D/ConnectivityMonitorManager(3933): Service com.google.android.connectivitymonitor.LowPowerMonitorService is not running...
11-16 08:57:23.774: I/ModuleSetMgr(11268): Pending container module APKs: [[Pay.optional:213614100000], [VisionOcr.optional:213614100400]]
11-16 08:57:23.774: I/ModuleSetMgr(11268): Pending non-container module APKs: [[Enpromo.integ:214106000100000], [AdsFdrDynamite.integ:213806100100000]]
11-16 08:57:23.777: D/GservicesChangeReceiver(3933): Gservices isConnectivityMonitorEnabled is True.
11-16 08:57:23.778: D/ConnectivityMonitorManager(3933): Service com.google.android.connectivitymonitor.ConnectivityMonitorService is running...
11-16 08:57:23.780: D/ConnMetrics:App(13235): IsOptedIn = false
11-16 08:57:23.782: I/EuiccGoogle(13275): [2] GservicesChangedReceiver.onReceive: Setting EUICC_SUPPORTED_COUNTRIES to de,gb,in,us
11-16 08:57:23.793: W/PackageParser(11268): Unknown element under <manifest>: queries at /data/user_de/0/com.google.android.gms/app_chimera/m/00000007/AdsDynamite.apk Binary XML file line #5
11-16 08:57:23.794: I/Backup(11268): [GmsBackupStatusChangeReceiver] Going to enable gms backup transport.
11-16 08:57:23.810: I/Herrevad(9323): [911] zcq.a: updateListenState
11-16 08:57:23.811: I/NetRec(9323): [904] aiad.a: onConfigChanged()
11-16 08:57:23.816: I/BgTaskExecutorImpl(8302): Starting NONEXCLUSIVE background task UPDATE_GSERVICES_CONFIG.
11-16 08:57:23.820: W/SearchServiceCore(8302): Abort, client detached.
11-16 08:57:23.820: I/NetRec(9323): [904] aiad.a: Cancelling all NetRec GCM tasks
11-16 08:57:23.821: I/Auth(9323): [AuthManaged, PasswordComplexityHelperImpl] Updating password complexity components state.
11-16 08:57:23.821: I/Auth(9323): [AuthManaged, PasswordComplexityHelperImpl] Enabling com.google.android.gms.auth.managed.ui.SetNewPasswordActivity
11-16 08:57:23.821: I/GservicesUpdateTask(8302): Updating Gservices keys
11-16 08:57:23.824: I/NetRec(9323): [904] ClearDatabaseService.onHandleIntent: Clearing score cache
11-16 08:57:23.829: I/TestSupport(11268): AwaitCommitOperation: uncommitted: FlagOverride(com.google.android.gms.auth.api.credentials, , Flag(SaveStrategy__enableSaving, false, 2, 0), false) [CONTEXT service_id=133 ]
11-16 08:57:23.830: I/TestSupport(11268): AwaitCommitOperation:  sleeping for 320 msec. [CONTEXT service_id=133 ]
11-16 08:57:23.831: W/PackageParser(11268): Unknown element under <manifest>: queries at /data/user_de/0/com.google.android.gms/app_chimera/m/00000012/dl-AdsFdrDynamite.integ_213806100100000.apk Binary XML file line #11
11-16 08:57:23.841: I/RecoverableKeyStoreGms(11268): [RecoverableKeyStoreGmsInitOperation] Initializing auth_folsom
