11-16 08:57:29.112: W/PhenotypeConfigurationU(9323): 	at com.google.android.gms.platformconfigurator.PhenotypeConfigurationUpdateListener.onHandleIntent(:com.google.android.gms@213614028@21.36.14 (100400-395708125):5)
11-16 08:57:29.112: W/PhenotypeConfigurationU(9323): 	at com.google.android.chimera.IntentOperation.onHandleIntent(:com.google.android.gms@213614028@21.36.14 (100400-395708125):2)
11-16 08:57:29.112: W/PhenotypeConfigurationU(9323): 	at pld.onHandleIntent(:com.google.android.gms@213614028@21.36.14 (100400-395708125):4)
11-16 08:57:29.112: W/PhenotypeConfigurationU(9323): 	at dpb.run(:com.google.android.gms@213614028@21.36.14 (100400-395708125):5)
11-16 08:57:29.112: W/PhenotypeConfigurationU(9323): 	at dpa.run(:com.google.android.gms@213614028@21.36.14 (100400-395708125):11)
11-16 08:57:29.112: W/PhenotypeConfigurationU(9323): 	at bfyg.run(:com.google.android.gms@213614028@21.36.14 (100400-395708125):2)
11-16 08:57:29.112: W/PhenotypeConfigurationU(9323): 	at java.util.concurrent.ThreadPoolExecutor.runWorker(ThreadPoolExecutor.java:1167)
11-16 08:57:29.112: W/PhenotypeConfigurationU(9323): 	at java.util.concurrent.ThreadPoolExecutor$Worker.run(ThreadPoolExecutor.java:641)
11-16 08:57:29.112: W/PhenotypeConfigurationU(9323): 	at java.lang.Thread.run(Thread.java:764)
11-16 08:57:29.113: I/NetworkScheduler.Stats(9323): Task com.google.android.gms/com.google.android.gms.auth.account.be.legacy.AuthCronService started execution. cause:5 exec_start_elapsed_seconds: 445 [CONTEXT service_id=218 ]
11-16 08:57:29.117: D/AndroidRuntime(14131): Calling main entry com.android.commands.am.Am
11-16 08:57:29.118: W/libprocessgroup(1164): kill(-13205, 9) failed: No such process
11-16 08:57:29.118: I/libprocessgroup(1164): Successfully killed process cgroup uid 10170 pid 13205 in 44ms
11-16 08:57:29.119: I/GAv4(14168): Google Analytics 18.5.89 is starting up. To enable debug logging on a device run:
11-16 08:57:29.119: I/GAv4(14168):   adb shell setprop log.tag.GAv4 DEBUG
11-16 08:57:29.119: I/GAv4(14168):   adb logcat -s GAv4
11-16 08:57:29.123: I/ActivityManager(1164): Force stopping com.google.android.apps.mtaas.tools appid=10156 user=0: start instr
11-16 08:57:29.133: W/GAv4(14168): AnalyticsReceiver is not registered or is disabled. Register the receiver for reliable dispatching on non-Google Play devices. See http://goo.gl/8Rd3yj for instructions.
11-16 08:57:29.134: W/PhenotypeConfigurationU(9323): Update for unknown DeviceConfig package com.google.android.gms.icing.mdd#com.google.android.gms [CONTEXT service_id=204 ]
11-16 08:57:29.134: W/PhenotypeConfigurationU(9323): akjf: No package exists for config package: com.google.android.gms.icing.mdd#com.google.android.gms
11-16 08:57:29.134: W/PhenotypeConfigurationU(9323): 	at com.google.android.gms.platformconfigurator.PhenotypeConfigurationUpdateListener.a(:com.google.android.gms@213614028@21.36.14 (100400-395708125):7)
11-16 08:57:29.134: W/PhenotypeConfigurationU(9323): 	at com.google.android.gms.platformconfigurator.PhenotypeConfigurationUpdateListener.onHandleIntent(:com.google.android.gms@213614028@21.36.14 (100400-395708125):5)
11-16 08:57:29.134: W/PhenotypeConfigurationU(9323): 	at com.google.android.chimera.IntentOperation.onHandleIntent(:com.google.android.gms@213614028@21.36.14 (100400-395708125):2)
11-16 08:57:29.134: W/PhenotypeConfigurationU(9323): 	at pld.onHandleIntent(:com.google.android.gms@213614028@21.36.14 (100400-395708125):4)
11-16 08:57:29.134: W/PhenotypeConfigurationU(9323): 	at dpb.run(:com.google.android.gms@213614028@21.36.14 (100400-395708125):5)
11-16 08:57:29.134: W/PhenotypeConfigurationU(9323): 	at dpa.run(:com.google.android.gms@213614028@21.36.14 (100400-395708125):11)
11-16 08:57:29.134: W/PhenotypeConfigurationU(9323): 	at bfyg.run(:com.google.android.gms@213614028@21.36.14 (100400-395708125):2)
11-16 08:57:29.134: W/PhenotypeConfigurationU(9323): 	at java.util.concurrent.ThreadPoolExecutor.runWorker(ThreadPoolExecutor.java:1167)
11-16 08:57:29.134: W/PhenotypeConfigurationU(9323): 	at java.util.concurrent.ThreadPoolExecutor$Worker.run(ThreadPoolExecutor.java:641)
11-16 08:57:29.134: W/PhenotypeConfigurationU(9323): 	at java.lang.Thread.run(Thread.java:764)
11-16 08:57:29.135: W/GAv4(14168): CampaignTrackingReceiver is not registered, not exported or is disabled. Installation campaign tracking is not possible. See http://goo.gl/8Rd3yj for instructions.
11-16 08:57:29.137: I/ActivityManager(1164): Start proc 14209:com.google.android.apps.mtaas.tools/u0a156 for added application com.google.android.apps.mtaas.tools
11-16 08:57:29.139: W/GAv4(14168): AnalyticsService not registered in the app manifest. Hits might not be delivered reliably. See http://goo.gl/8Rd3yj for instructions.
11-16 08:57:29.149: I/PrimesTesting(14168): GserviceFlagsSupplier.get()
11-16 08:57:29.150: E/pps.mtaas.tool(14209): Not starting debugger since process cannot load the jdwp agent.
11-16 08:57:29.152: I/FontLog(9323): Received query Google Sans:500, URI content://com.google.android.gms.fonts [CONTEXT service_id=132 ]
11-16 08:57:29.153: I/FontLog(9323): Query [Google Sans:500] resolved to {Google Sans, wdth 100.0, wght 500, ital 0.0, bestEffort false} [CONTEXT service_id=132 ]
11-16 08:57:29.164: I/FontLog(9323): Font PFD returned from cache for {Google Sans, wdth 100.0, wght 500, ital 0.0, bestEffort false} [CONTEXT service_id=132 ]
11-16 08:57:29.167: I/FontLog(9323): Fetch {Google Sans, wdth 100.0, wght 500, ital 0.0, bestEffort false} end status Status{statusCode=SUCCESS, resolution=null} [CONTEXT service_id=132 ]
11-16 08:57:29.172: I/pps.mtaas.tool(14209): The ClassLoaderContext is a special shared library.
11-16 08:57:29.184: I/NetworkScheduler.Stats(9323): Task com.google.android.gms/com.google.android.gms.auth.account.be.legacy.AuthCronService finished executing. cause:5 result: 1 elapsed_millis: 88 uptime_millis: 88 exec_start_elapsed_seconds: 445 [CONTEXT service_id=218 ]
11-16 08:57:29.184: I/FontLog(9323): Pulling font file for id = 4, cache size = 3 [CONTEXT service_id=132 ]
11-16 08:57:29.184: D/GetPackageUid(14209): Instrumentation completed successfully
11-16 08:57:29.184: I/ActivityManager(1164): Force stopping com.google.android.apps.mtaas.tools appid=10156 user=0: finished inst
11-16 08:57:29.185: I/ActivityManager(1164): Killing 14209:com.google.android.apps.mtaas.tools/u0a156 (adj 0): stop com.google.android.apps.mtaas.tools
11-16 08:57:29.185: W/libprocessgroup(1164): kill(-14209, 9) failed: No such process
11-16 08:57:29.186: W/Binder(1164): Outgoing transactions from this process must be FLAG_ONEWAY
11-16 08:57:29.186: W/Binder(1164): java.lang.Throwable
11-16 08:57:29.186: W/Binder(1164): 	at android.os.BinderProxy.transact(Binder.java:1116)
11-16 08:57:29.186: W/Binder(1164): 	at android.app.IInstrumentationWatcher$Stub$Proxy.instrumentationFinished(IInstrumentationWatcher.java:164)
11-16 08:57:29.186: W/Binder(1164): 	at com.android.server.am.InstrumentationReporter$MyThread.run(InstrumentationReporter.java:86)
11-16 08:57:29.187: D/AndroidRuntime(14131): Shutting down VM
11-16 08:57:29.193: I/Zygote(736): Process 14209 exited due to signal (9)
11-16 08:57:29.197: W/libprocessgroup(1164): kill(-14209, 9) failed: No such process
11-16 08:57:29.197: I/libprocessgroup(1164): Successfully killed process cgroup uid 10156 pid 14209 in 11ms
11-16 08:57:29.199: I/FontLog(9323): Received query Google Sans, URI content://com.google.android.gms.fonts [CONTEXT service_id=132 ]
11-16 08:57:29.200: I/FontLog(9323): Query [Google Sans] resolved to {Google Sans, wdth 100.0, wght 400, ital 0.0, bestEffort false} [CONTEXT service_id=132 ]
11-16 08:57:29.206: I/FontLog(9323): Font PFD returned from cache for {Google Sans, wdth 100.0, wght 400, ital 0.0, bestEffort false} [CONTEXT service_id=132 ]
11-16 08:57:29.207: I/FontLog(9323): Fetch {Google Sans, wdth 100.0, wght 400, ital 0.0, bestEffort false} end status Status{statusCode=SUCCESS, resolution=null} [CONTEXT service_id=132 ]
11-16 08:57:29.212: I/FontLog(9323): Pulling font file for id = 5, cache size = 4 [CONTEXT service_id=132 ]
11-16 08:57:29.221: I/PrimesTesting(14140): GserviceFlagsSupplier.get()
11-16 08:57:29.223: I/.gms.persisten(9323): Waiting for a blocking GC ProfileSaver
11-16 08:57:29.224: I/AlarmClock(14168): AlarmInitReceiver android.intent.action.LOCALE_CHANGED
11-16 08:57:29.229: E/ExecutionCriteria(9323): Package unavailable for task: com.google.android.apps.gcs/com.google.android.flib.phenotype.services.PhenotypeExperimentCommitService{u=0 tag="PhenotypeExpCommitSvc" trigger=window{start=0s,end=30s,earliest=-416s,latest=-386s} requirements=[NET_ANY] attributes=[PERSISTED] scheduled=-416s last_run=N/A exec_window_multiplier=1.0000 jid=N/A status=PENDING retries=0 client_lib=MANCHEGO_GCM-11732000} [CONTEXT service_id=218 ]
11-16 08:57:29.232: I/AlarmClock(14168): DigitalAppWidgetProvider processing Intent { act=android.intent.action.LOCALE_CHANGED flg=0x11200010 cmp=com.google.android.deskclock/com.android.alarmclock.DigitalAppWidgetProvider }
11-16 08:57:29.251: I/ActivityManager(1164): Killing 13421:com.android.carrierdefaultapp/u0a84 (adj 906): empty #17
11-16 08:57:29.251: W/libprocessgroup(1164): kill(-13421, 9) failed: No such process
11-16 08:57:29.258: W/PhenotypeConfigurationU(9323): Update for unknown DeviceConfig package com.google.android.gms.icing.mdd [CONTEXT service_id=204 ]
11-16 08:57:29.258: W/PhenotypeConfigurationU(9323): akjf: No package exists for config package: com.google.android.gms.icing.mdd
11-16 08:57:29.258: W/PhenotypeConfigurationU(9323): 	at com.google.android.gms.platformconfigurator.PhenotypeConfigurationUpdateListener.a(:com.google.android.gms@213614028@21.36.14 (100400-395708125):7)
11-16 08:57:29.258: W/PhenotypeConfigurationU(9323): 	at com.google.android.gms.platformconfigurator.PhenotypeConfigurationUpdateListener.onHandleIntent(:com.google.android.gms@213614028@21.36.14 (100400-395708125):5)
11-16 08:57:29.258: W/PhenotypeConfigurationU(9323): 	at com.google.android.chimera.IntentOperation.onHandleIntent(:com.google.android.gms@213614028@21.36.14 (100400-395708125):2)
11-16 08:57:29.258: W/PhenotypeConfigurationU(9323): 	at pld.onHandleIntent(:com.google.android.gms@213614028@21.36.14 (100400-395708125):4)
11-16 08:57:29.258: W/PhenotypeConfigurationU(9323): 	at dpb.run(:com.google.android.gms@213614028@21.36.14 (100400-395708125):5)
11-16 08:57:29.258: W/PhenotypeConfigurationU(9323): 	at dpa.run(:com.google.android.gms@213614028@21.36.14 (100400-395708125):11)
11-16 08:57:29.258: W/PhenotypeConfigurationU(9323): 	at bfyg.run(:com.google.android.gms@213614028@21.36.14 (100400-395708125):2)
11-16 08:57:29.258: W/PhenotypeConfigurationU(9323): 	at java.util.concurrent.ThreadPoolExecutor.runWorker(ThreadPoolExecutor.java:1167)
11-16 08:57:29.258: W/PhenotypeConfigurationU(9323): 	at java.util.concurrent.ThreadPoolExecutor$Worker.run(ThreadPoolExecutor.java:641)
11-16 08:57:29.258: W/PhenotypeConfigurationU(9323): 	at java.lang.Thread.run(Thread.java:764)
11-16 08:57:29.262: I/ActivityManager(1164): Start proc 14244:com.google.android.dialer/u0a64 for broadcast com.google.android.dialer/com.android.dialer.notification.channel.NotificationChannelUpdateReceiver
11-16 08:57:29.266: I/Zygote(736): Process 13421 exited due to signal (9)
11-16 08:57:29.271: E/.android.diale(14244): Not starting debugger since process cannot load the jdwp agent.
11-16 08:57:29.273: I/.gms.persisten(9323): Background concurrent copying GC freed 166897(9MB) AllocSpace objects, 42(1736KB) LOS objects, 50% free, 14MB/28MB, paused 127us total 203.362ms
11-16 08:57:29.274: I/.gms.persisten(9323): WaitForGcToComplete blocked ProfileSaver on HeapTrim for 51.059ms
11-16 08:57:29.293: W/.apps.wellbein(13925): Unknown chunk type '200'.
11-16 08:57:29.297: W/libprocessgroup(1164): kill(-13421, 9) failed: No such process
11-16 08:57:29.297: I/libprocessgroup(1164): Successfully killed process cgroup uid 10084 pid 13421 in 45ms
11-16 08:57:29.297: D/GH.PhenotypeCommitter(2371): Committed Phenotype flags successfully!
11-16 08:57:29.300: I/GAv4-SVC(11268): Google Analytics 213.6.14 is starting up.
11-16 08:57:29.302: I/.android.diale(14244): The ClassLoaderContext is a special shared library.
11-16 08:57:29.302: I/.android.diale(14244): The ClassLoaderContext is a special shared library.
11-16 08:57:29.312: D/CAR.CLIENT(2371): connect
11-16 08:57:29.327: I/ActivityManager(1164): Start proc 14271:com.google.android.gms:car/u0a7 for service com.google.android.gms/.car.CarService
11-16 08:57:29.330: E/android.gms:ca(14271): Not starting debugger since process cannot load the jdwp agent.
11-16 08:57:29.334: D/GH.CarApiClientManager(2371): registered listener cqq@ae9d792
11-16 08:57:29.334: D/GH.CarApiClientManager(2371): start
11-16 08:57:29.334: I/GH.SharedService(2371): Shared Service created
11-16 08:57:29.335: D/BoundBrokerSvc(11268): onBind: Intent { act=com.google.android.mdd.service.START cmp=com.google.android.gms/.chimera.GmsBoundBrokerService }
11-16 08:57:29.335: D/BoundBrokerSvc(11268): Loading bound service for intent: Intent { act=com.google.android.mdd.service.START cmp=com.google.android.gms/.chimera.GmsBoundBrokerService }
11-16 08:57:29.337: D/CAR.CLIENT(2371): connect
11-16 08:57:29.339: D/GH.NotifListenCNameMgr(2371): No set listener, returning default: com.google.android.gearhead.notifications.SharedNotificationListenerManager$ListenerService
11-16 08:57:29.339: D/GH.SharedNotifications(2371): Current notification listener: com.google.android.gearhead.notifications.SharedNotificationListenerManager$ListenerService
11-16 08:57:29.339: D/GH.NotifListenCNameMgr(2371): No set listener, returning default: com.google.android.gearhead.notifications.SharedNotificationListenerManager$ListenerService
11-16 08:57:29.348: W/PhenotypeConfigurationU(9323): Update for unknown DeviceConfig package com.google.android.gms.car [CONTEXT service_id=204 ]
11-16 08:57:29.348: W/PhenotypeConfigurationU(9323): akjf: No package exists for config package: com.google.android.gms.car
11-16 08:57:29.348: W/PhenotypeConfigurationU(9323): 	at com.google.android.gms.platformconfigurator.PhenotypeConfigurationUpdateListener.a(:com.google.android.gms@213614028@21.36.14 (100400-395708125):7)
11-16 08:57:29.348: W/PhenotypeConfigurationU(9323): 	at com.google.android.gms.platformconfigurator.PhenotypeConfigurationUpdateListener.onHandleIntent(:com.google.android.gms@213614028@21.36.14 (100400-395708125):5)
11-16 08:57:29.348: W/PhenotypeConfigurationU(9323): 	at com.google.android.chimera.IntentOperation.onHandleIntent(:com.google.android.gms@213614028@21.36.14 (100400-395708125):2)
11-16 08:57:29.348: W/PhenotypeConfigurationU(9323): 	at pld.onHandleIntent(:com.google.android.gms@213614028@21.36.14 (100400-395708125):4)
11-16 08:57:29.348: W/PhenotypeConfigurationU(9323): 	at dpb.run(:com.google.android.gms@213614028@21.36.14 (100400-395708125):5)
11-16 08:57:29.348: W/PhenotypeConfigurationU(9323): 	at dpa.run(:com.google.android.gms@213614028@21.36.14 (100400-395708125):11)
11-16 08:57:29.348: W/PhenotypeConfigurationU(9323): 	at bfyg.run(:com.google.android.gms@213614028@21.36.14 (100400-395708125):2)
11-16 08:57:29.348: W/PhenotypeConfigurationU(9323): 	at java.util.concurrent.ThreadPoolExecutor.runWorker(ThreadPoolExecutor.java:1167)
11-16 08:57:29.348: W/PhenotypeConfigurationU(9323): 	at java.util.concurrent.ThreadPoolExecutor$Worker.run(ThreadPoolExecutor.java:641)
11-16 08:57:29.348: W/PhenotypeConfigurationU(9323): 	at java.lang.Thread.run(Thread.java:764)
11-16 08:57:29.354: I/android.gms:ca(14271): The ClassLoaderContext is a special shared library.
11-16 08:57:29.367: V/SettingsProvider(1164): Notifying for 0: content://settings/system/gearhead:driving_mode_settings_enabled
11-16 08:57:29.355: I/chatty(14271): uid=10007 com.google.android.gms:car identical 1 line
11-16 08:57:29.358: I/android.gms:ca(14271): The ClassLoaderContext is a special shared library.
11-16 08:57:29.369: W/android.gms:ca(14271): Unknown chunk type '200'.
11-16 08:57:29.378: I/Dialer(14244): DuoModule.provideDuo - enabled, returning impl
11-16 08:57:29.392: D/BoundBrokerSvc(11268): onBind: Intent { act=com.google.android.gms.telephonyspam.service.START pkg=com.google.android.gms }
11-16 08:57:29.392: D/BoundBrokerSvc(11268): Loading bound service for intent: Intent { act=com.google.android.gms.telephonyspam.service.START pkg=com.google.android.gms }
11-16 08:57:29.403: D/BoundBrokerSvc(11268): onBind: Intent { act=com.google.android.gms.auth.service.START pkg=com.google.android.gms }
11-16 08:57:29.403: D/BoundBrokerSvc(11268): Loading bound service for intent: Intent { act=com.google.android.gms.auth.service.START pkg=com.google.android.gms }
11-16 08:57:29.436: I/Dialer(14244): ClearcutMetricsInitializer.initialize - enter
11-16 08:57:29.437: W/PrimesInit(14244): Primes instant initialization
11-16 08:57:29.437: I/Dialer(14244): ClearcutMetricsInitializer.initialize - primes metrics monitoring started!
11-16 08:57:29.437: W/Primes(14244): background initialization
11-16 08:57:29.437: I/Dialer(14244): PrimesMetrics.startTimer - Application.onCreate is empty
11-16 08:57:29.443: I/Dialer(14244): DialerExecutorModule.newThread - creating low priority thread
11-16 08:57:29.445: I/Dialer(14244): DialerExecutorModule.newThread - creating low priority thread
11-16 08:57:29.446: I/Dialer(14244): DialerExecutorModule.newThread - creating low priority thread
11-16 08:57:29.448: I/Dialer(14244): CallLogFramework.registerContentObserversAndRefreshReceiver - enter
11-16 08:57:29.448: I/Dialer(14244): SystemCallLogDataSource.registerContentObservers - enter
11-16 08:57:29.450: I/Dialer(14244): CallLogConfigImpl.schedulePollingJob - scheduling
11-16 08:57:29.451: I/Dialer(14244): RefreshAnnotatedCallLogNotifier.notify - checkDirty=true
11-16 08:57:29.454: I/PrimesTesting(14244): GserviceFlagsSupplier.get()
11-16 08:57:29.459: I/gle.android.gm(11268): Background concurrent copying GC freed 219330(10MB) AllocSpace objects, 53(2MB) LOS objects, 49% free, 11MB/22MB, paused 758us total 152.628ms
11-16 08:57:29.462: I/Dialer(14244): NonUiTaskBuilder.newThread - creating serial thread
11-16 08:57:29.462: I/Dialer(14244): DialerExecutorModule.newThread - creating low priority thread
11-16 08:57:29.462: I/Dialer(14244): ShortcutsJobScheduler.scheduleAllJobs - enter
11-16 08:57:29.471: I/Dialer(14244): ShortcutsJobScheduler.scheduleAllJobs - enabling shortcuts
11-16 08:57:29.471: I/Dialer(14244): PeriodicJobService.schedulePeriodicJob - enter
11-16 08:57:29.472: I/Dialer(14244): PeriodicJobService.schedulePeriodicJob - job already scheduled.
11-16 08:57:29.483: I/Dialer(14244): NotificationChannelUpdateReceiver.onReceive - updateChannels
11-16 08:57:29.494: I/Dialer(14244): RefreshAnnotatedCallLogReceiver.onReceive - enter
11-16 08:57:29.498: I/Dialer(14244): RefreshAnnotatedCallLogReceiver.refreshAnnotatedCallLog - enter
11-16 08:57:29.498: I/Dialer(14244): RefreshAnnotatedCallLogReceiver.refreshAnnotatedCallLog - start refreshing, checkDirty=true
11-16 08:57:29.498: I/Dialer(14244): RefreshAnnotatedCallLogWorker.refresh - submitting serialized refresh request
11-16 08:57:29.500: I/Dialer(14244): DialerExecutorModule.newThread - creating low priority thread
11-16 08:57:29.501: I/Dialer(14244): RefreshAnnotatedCallLogWorker.checkDirtyAndRebuildIfNecessary - starting refresh flow
11-16 08:57:29.505: E/kvw(14244): RuntimeException while executing runnable bxg@f18bb8a with executor MoreExecutors.directExecutor()
11-16 08:57:29.505: E/kvw(14244): java.util.concurrent.CancellationException: Task was cancelled.
11-16 08:57:29.505: E/kvw(14244): 	at kvw.b(PG:2)
11-16 08:57:29.505: E/kvw(14244): 	at kvw.get(PG:2)
11-16 08:57:29.505: E/kvw(14244): 	at kzp.a(PG:3)
11-16 08:57:29.505: E/kvw(14244): 	at kyu.a(PG:15)
11-16 08:57:29.505: E/kvw(14244): 	at bxg.run(PG:2)
11-16 08:57:29.505: E/kvw(14244): 	at kxm.execute(Unknown Source:0)
11-16 08:57:29.505: E/kvw(14244): 	at kvw.b(PG:24)
11-16 08:57:29.505: E/kvw(14244): 	at kvw.a(PG:15)
11-16 08:57:29.505: E/kvw(14244): 	at kvw.cancel(PG:8)
11-16 08:57:29.505: E/kvw(14244): 	at bxi.a(PG:4)
11-16 08:57:29.505: E/kvw(14244): 	at kvw.a(PG:7)
11-16 08:57:29.505: E/kvw(14244): 	at kvw.cancel(PG:8)
11-16 08:57:29.505: E/kvw(14244): 	at bxi.a(PG:4)
11-16 08:57:29.505: E/kvw(14244): 	at kvw.a(PG:7)
11-16 08:57:29.505: E/kvw(14244): 	at kvw.a(PG:40)
11-16 08:57:29.505: E/kvw(14244): 	at bxf.a(PG:1)
11-16 08:57:29.505: E/kvw(14244): 	at bxg.run(PG:5)
11-16 08:57:29.505: E/kvw(14244): 	at kxm.execute(Unknown Source:0)
11-16 08:57:29.505: E/kvw(14244): 	at kvw.b(PG:24)
11-16 08:57:29.505: E/kvw(14244): 	at kvw.a(PG:15)
11-16 08:57:29.505: E/kvw(14244): 	at kvw.a(PG:40)
11-16 08:57:29.505: E/kvw(14244): 	at kzn.a(PG:2)
11-16 08:57:29.505: E/kvw(14244): 	at kyl.run(PG:14)
11-16 08:57:29.505: E/kvw(14244): 	at kzl.run(PG:2)
11-16 08:57:29.505: E/kvw(14244): 	at java.util.concurrent.ThreadPoolExecutor.runWorker(ThreadPoolExecutor.java:1167)
11-16 08:57:29.505: E/kvw(14244): 	at java.util.concurrent.ThreadPoolExecutor$Worker.run(ThreadPoolExecutor.java:641)
11-16 08:57:29.505: E/kvw(14244): 	at java.lang.Thread.run(Thread.java:764)
11-16 08:57:29.506: E/kvw(14244): RuntimeException while executing runnable bxg@f9c1871 with executor MoreExecutors.directExecutor()
11-16 08:57:29.506: E/kvw(14244): java.util.concurrent.CancellationException: Task was cancelled.
11-16 08:57:29.506: E/kvw(14244): 	at kvw.b(PG:2)
11-16 08:57:29.506: E/kvw(14244): 	at kvw.get(PG:2)
11-16 08:57:29.506: E/kvw(14244): 	at kzp.a(PG:3)
11-16 08:57:29.506: E/kvw(14244): 	at kyu.a(PG:15)
11-16 08:57:29.506: E/kvw(14244): 	at bxg.run(PG:2)
11-16 08:57:29.506: E/kvw(14244): 	at kxm.execute(Unknown Source:0)
11-16 08:57:29.506: E/kvw(14244): 	at kvw.b(PG:24)
11-16 08:57:29.506: E/kvw(14244): 	at kvw.a(PG:15)
11-16 08:57:29.506: E/kvw(14244): 	at kvw.cancel(PG:8)
11-16 08:57:29.506: E/kvw(14244): 	at bxi.a(PG:4)
11-16 08:57:29.506: E/kvw(14244): 	at kvw.a(PG:7)
11-16 08:57:29.506: E/kvw(14244): 	at kvw.cancel(PG:8)
11-16 08:57:29.506: E/kvw(14244): 	at bxi.a(PG:4)
11-16 08:57:29.506: E/kvw(14244): 	at kvw.a(PG:7)
11-16 08:57:29.506: E/kvw(14244): 	at kvw.a(PG:40)
11-16 08:57:29.506: E/kvw(14244): 	at bxf.a(PG:1)
11-16 08:57:29.506: E/kvw(14244): 	at bxg.run(PG:5)
11-16 08:57:29.506: E/kvw(14244): 	at kxm.execute(Unknown Source:0)
11-16 08:57:29.506: E/kvw(14244): 	at kvw.b(PG:24)
11-16 08:57:29.506: E/kvw(14244): 	at kvw.a(PG:15)
11-16 08:57:29.506: E/kvw(14244): 	at kvw.a(PG:40)
11-16 08:57:29.506: E/kvw(14244): 	at kzn.a(PG:2)
11-16 08:57:29.506: E/kvw(14244): 	at kyl.run(PG:14)
11-16 08:57:29.506: E/kvw(14244): 	at kzl.run(PG:2)
11-16 08:57:29.506: E/kvw(14244): 	at java.util.concurrent.ThreadPoolExecutor.runWorker(ThreadPoolExecutor.java:1167)
11-16 08:57:29.506: E/kvw(14244): 	at java.util.concurrent.ThreadPoolExecutor$Worker.run(ThreadPoolExecutor.java:641)
11-16 08:57:29.506: E/kvw(14244): 	at java.lang.Thread.run(Thread.java:764)
11-16 08:57:29.506: I/Dialer(14244): RefreshAnnotatedCallLogWorker.checkDirtyAndRebuildIfNecessary - isDirty: true
11-16 08:57:29.526: I/Dialer(14244): SystemCallLogDataSource.fill - found 0 existing annotated call log ids
11-16 08:57:29.529: W/ProviderHelper(14271): Unknown dynamite feature providerinstaller.dynamite
11-16 08:57:29.530: I/DynamiteModule(14271): Considering local module com.google.android.gms.providerinstaller.dynamite:1 and remote module com.google.android.gms.providerinstaller.dynamite:0
11-16 08:57:29.530: I/DynamiteModule(14271): Selected local version of com.google.android.gms.providerinstaller.dynamite
11-16 08:57:29.533: I/LocaleChangeIO(9323): No action required after switch to en [CONTEXT service_id=231 ]
11-16 08:57:29.539: I/LanguageSettingsHelper(8302): Removing enrollment utterances : Locale changed
11-16 08:57:29.539: E/UtteranceHandler(8302): Called deleteEnrollmentUtterances for null account
11-16 08:57:29.545: I/ActivityManager(1164): Killing 13443:com.android.cellbroadcastreceiver/u0a62 (adj 906): empty #17
11-16 08:57:29.546: W/libprocessgroup(1164): kill(-13443, 9) failed: No such process
11-16 08:57:29.550: I/NearbyDiscovery(9323): DiscoveryService created [CONTEXT service_id=49 ]
11-16 08:57:29.566: W/ChimeraUtils(9323): Module com.google.android.gms.nearby has empty metadata display_name_string_id
11-16 08:57:29.568: W/ChimeraUtils(9323): Module com.google.android.gms.nearby has empty metadata display_name_string_id
11-16 08:57:29.573: V/NativeCrypto(14271): Registering com/google/android/gms/org/conscrypt/NativeCrypto's 294 native methods...
11-16 08:57:29.581: I/Zygote(736): Process 13443 exited due to signal (9)
11-16 08:57:29.589: D/NetworkSecurityConfig(14271): Using Network Security Config from resource network_security_config debugBuild: false
11-16 08:57:29.590: I/ProviderInstaller(14271): Installed default security provider GmsCore_OpenSSL
11-16 08:57:29.592: W/libprocessgroup(1164): kill(-13443, 9) failed: No such process
11-16 08:57:29.592: I/libprocessgroup(1164): Successfully killed process cgroup uid 10062 pid 13443 in 45ms
11-16 08:57:29.593: I/Dialer(14244): SystemCallLogDataSource.handleInsertsAndUpdatesInternal - no results for REGULAR_CALL
11-16 08:57:29.594: I/OpaEnabledReceiver(1464): Dispatching OPA eligble = true; AGSA = true; OPA enabled = true
11-16 08:57:29.594: I/OpaLayout(1464): Setting opa enabled to true
11-16 08:57:29.594: I/OpaEligibilityChecker(8302): send OpaEligibilityChange broadcast to CommonBroadcastReceiver
11-16 08:57:29.594: I/OpaLayout(1464): Setting opa enabled to true
11-16 08:57:29.598: I/DefaultSticker(1433): Received android.intent.action.LOCALE_CHANGED broadcast from null
11-16 08:57:29.603: I/Dialer(14244): SystemCallLogDataSource.handleInsertsAndUpdatesInternal - no results for CALL_IN_DIRECT_BOOT_MODE
11-16 08:57:29.604: I/HotwordHelper(8302): hasHotwordEverywhere-false
11-16 08:57:29.605: I/BgTaskExecutorImpl(8302): Starting EXCLUSIVE background task UPDATE_HOTWORD_MODELS.
11-16 08:57:29.606: I/BgTaskExecutorImpl(8302): Starting EXCLUSIVE background task SEND_GSA_HOME_REQUEST.
11-16 08:57:29.607: I/FirebaseJobDispatcher(1433): Schedule task: DefaultStickerUpdate. Success.
11-16 08:57:29.607: I/DefaultStickerUpdate(1433): Scheduled update for locale=en, data=DefaultStickerTaskData{enabled=true, metadataUriPrefix=https://www.gstatic.com/android/keyboard/stickers/configs/v5/, supportedLanguage=en}, and reason=BROADCAST_LOCALE_CHANGED
11-16 08:57:29.608: W/SearchServiceCore(8302): Abort, client detached.
11-16 08:57:29.610: I/OpaEnabledReceiver(1464): Dispatching OPA eligble = true; AGSA = true; OPA enabled = true
11-16 08:57:29.610: I/OpaLayout(1464): Setting opa enabled to true
11-16 08:57:29.611: W/KeyphraseEnrollmentInfo(2213): No enrollment application supports the given keyphrase/locale: 'Ok Google'/en
11-16 08:57:29.610: I/OpaLayout(1464): Setting opa enabled to true
11-16 08:57:29.611: I/GsaVoiceInteractionSrv(2213): Creating AOHD: Keyphrase - Ok Google, Locale - en/en-GB
11-16 08:57:29.611: W/SoundTriggerHelper(1164): Attempting stopRecognition without a successful startRecognition
11-16 08:57:29.611: W/AlwaysOnHotwordDetector(2213): stopRecognition() failed with error code -2147483648
11-16 08:57:29.612: W/AlwaysOnHotwordDetector(2213): Received message: 1 for an invalid detector
11-16 08:57:29.614: I/Dialer(14244): SystemCallLogDataSource.handleDeletes - found 0 call log entries to remove
11-16 08:57:29.624: I/ModelDownloadController(8302): requestHotwordModelUpdate modelType-OK_GOOGLE
11-16 08:57:29.624: I/ActivityManager(1164): Start proc 14344:com.google.android.music:main/u0a75 for broadcast com.google.android.music/.notifications.NotificationChannelInitializationBroadcastReceiver
11-16 08:57:29.624: W/ModelDownloadController(8302): Failed fetching the hotword model location configuration
11-16 08:57:29.625: E/ModelDownloadController(8302): Invalid hotword model location.
11-16 08:57:29.625: I/ThreadRunner(8302): setContextAndRunner
11-16 08:57:29.628: W/SoundModelDBHelper(1164): No SoundModel available for the given keyphrase
11-16 08:57:29.633: W/SearchServiceCore(8302): Abort, client detached.
11-16 08:57:29.641: I/ActivityManager(1164): START u0 {act=com.android.intent.action.MANAGE_VOICE_KEYPHRASES flg=0x10000000 pkg=com.android.hotwordenrollment.okgoogle cmp=com.android.hotwordenrollment.okgoogle/.EnrollmentActivity (has extras)} from uid 10047
11-16 08:57:29.633: I/chatty(8302): uid=10047 com.google.android.googlequicksearchbox:search identical 2 lines
11-16 08:57:29.633: W/SearchServiceCore(8302): Abort, client detached.
11-16 08:57:29.642: E/roid.music:mai(14344): Not starting debugger since process cannot load the jdwp agent.
11-16 08:57:29.649: D/android.hardware.power@1.3-service.crosshatch-libperfmgr(783): LAUNCH ON
11-16 08:57:29.657: W/KeyphraseEnrollmentInfo(2213): No enrollment application supports the given keyphrase/locale: 'X Google'/en
11-16 08:57:29.665: I/axnn(14271): Primes not initialized, returning default (no-op) Primes instance which will ignore all calls. Please call Primes.initialize(...) before using any Primes API.
11-16 08:57:29.667: W/SessionLifecycleManager(8302): Client : AttachedClient[36514219216751957, ClientConfig[mFlags=[default, headless, launch_external_voice_search_ui, support_transparent_background, legacy_leave_behind_dirty_session_fixme] mSuggestFlags=[0] mClientId=HOTWORD_SERVICE mSessionType=search]] has no associated SessionController
11-16 08:57:29.667: W/SearchServiceCore(8302): Abort, client detached.
11-16 08:57:29.678: I/ActivityManager(1164): Start proc 14361:com.android.hotwordenrollment.okgoogle/u0a45 for activity com.android.hotwordenrollment.okgoogle/.EnrollmentActivity
11-16 08:57:29.667: I/chatty(8302): uid=10047 com.google.android.googlequicksearchbox:search identical 1 line
11-16 08:57:29.667: W/SearchServiceCore(8302): Abort, client detached.
11-16 08:57:29.679: I/Dialer(14244): SystemBlockedNumberPhoneLookup.getMostRecentPhoneLookupInfo - enter
11-16 08:57:29.680: I/roid.music:mai(14344): The ClassLoaderContext is a special shared library.
11-16 08:57:29.680: I/GMS_MM_Logger(14271): Started.
11-16 08:57:29.681: I/Dialer(14244): Flags.register - phenotype register status: true
11-16 08:57:29.682: I/roid.music:mai(14344): The ClassLoaderContext is a special shared library.
11-16 08:57:29.691: I/Watchcat(14271): Started
11-16 08:57:29.692: E/llment.okgoogl(14361): Not starting debugger since process cannot load the jdwp agent.
11-16 08:57:29.708: I/PeopleDatabaseHelper(11268): Updating DB locale: en_US -> en
11-16 08:57:29.711: I/llment.okgoogl(14361): The ClassLoaderContext is a special shared library.
11-16 08:57:29.723: E/libc(14361): Access denied finding property "vendor.debug.egl.profiler"
11-16 08:57:29.719: W/com.android.hotwordenrollment.okgoogle(14361): type=1400 audit(0.0:208): avc: denied { read } for comm=45474C20496E6974 name="u:object_r:vendor_default_prop:s0" dev="tmpfs" ino=20962 scontext=u:r:priv_app:s0:c512,c768 tcontext=u:object_r:vendor_default_prop:s0 tclass=file permissive=0
11-16 08:57:29.727: I/MultiDex(14344): VM with version 2.1.0 has multidex support
11-16 08:57:29.728: I/MultiDex(14344): install
11-16 08:57:29.728: I/MultiDex(14344): VM has multidex support, MultiDex support library is disabled.
11-16 08:57:29.736: I/EnrollmentActivity(14361): Started by non-activity for action: 0, keyphrase: Ok Google, locale: en-GB
11-16 08:57:29.738: D/OpenGLRenderer(14361): Skia GL Pipeline
11-16 08:57:29.738: D/BoundBrokerSvc(11268): onBind: Intent { act=com.google.android.gms.findmydevice.spot.service.locationreport.START cmp=com.google.android.gms/.chimera.GmsApiService }
11-16 08:57:29.738: D/BoundBrokerSvc(11268): Loading bound service for intent: Intent { act=com.google.android.gms.findmydevice.spot.service.locationreport.START cmp=com.google.android.gms/.chimera.GmsApiService }
11-16 08:57:29.747: I/akia(9323): Removed 0 invalid users [CONTEXT service_id=51 ]
11-16 08:57:29.748: I/PeopleSearchIndexManage(11268): Marking for index update.
11-16 08:57:29.758: W/SoundTriggerHelper(1164): Attempting stopRecognition without a successful startRecognition
11-16 08:57:29.758: W/AlwaysOnHotwordDetector(2213): stopRecognition() failed with error code -2147483648
11-16 08:57:29.759: I/PeopleDatabaseHelper(11268): cleanUpNonGplusAccounts done.
11-16 08:57:29.760: I/PeopleSearchIndexManage(11268): Index version changed from 0
11-16 08:57:29.764: I/GsaVoiceInteractionSrv(2213): Not starting recognition
11-16 08:57:29.767: I/Adreno(14361): QUALCOMM build                   : 3f88ca2, I42f6fe38fb
11-16 08:57:29.767: I/Adreno(14361): Build Date                       : 07/13/18
11-16 08:57:29.767: I/Adreno(14361): OpenGL ES Shader Compiler Version: EV031.24.00.00
11-16 08:57:29.767: I/Adreno(14361): Local Branch                     : 50.04
11-16 08:57:29.767: I/Adreno(14361): Remote Branch                    : 
11-16 08:57:29.767: I/Adreno(14361): Remote Branch                    : 
11-16 08:57:29.767: I/Adreno(14361): Reconstruct Branch               : 
11-16 08:57:29.767: I/Adreno(14361): Build Config                     : S P 4.0.10 AArch64
11-16 08:57:29.768: I/EnrollmentActivity(14361): Enroll keyphrase Ok Googleoperation succeeded for en-GB
11-16 08:57:29.766: W/RenderThread(14361): type=1400 audit(0.0:209): avc: denied { read } for name="u:object_r:vendor_default_prop:s0" dev="tmpfs" ino=20962 scontext=u:r:priv_app:s0:c512,c768 tcontext=u:object_r:vendor_default_prop:s0 tclass=file permissive=0
11-16 08:57:29.769: E/libc(14361): Access denied finding property "ro.vendor.graphics.memory"
11-16 08:57:29.770: I/Adreno(14361): PFP: 0x016ee170, ME: 0x00000000
11-16 08:57:29.773: I/ConfigStore(14361): android::hardware::configstore::V1_0::ISurfaceFlingerConfigs::hasWideColorDisplay retrieved: 1
11-16 08:57:29.773: I/ConfigStore(14361): android::hardware::configstore::V1_0::ISurfaceFlingerConfigs::hasHDRDisplay retrieved: 1
11-16 08:57:29.773: I/OpenGLRenderer(14361): Initialized EGL, version 1.4
11-16 08:57:29.774: D/OpenGLRenderer(14361): Swap behavior 2
11-16 08:57:29.774: D/MusicLifecycle(14344): com.google.android.music.store.ConfigContentProvider generated event: Content provider created
11-16 08:57:29.774: I/PeopleSearchIndexManage(11268): Rebuilding index...
11-16 08:57:29.779: I/HotwordHelper(8302): hasHotwordEverywhere-false
11-16 08:57:29.779: D/MusicLifecycle(14344): com.google.android.music.api.MusicPublicContentProvider generated event: Content provider created
11-16 08:57:29.779: W/RenderThread(14361): type=1400 audit(0.0:210): avc: denied { read } for name="u:object_r:vendor_default_prop:s0" dev="tmpfs" ino=20962 scontext=u:r:priv_app:s0:c512,c768 tcontext=u:object_r:vendor_default_prop:s0 tclass=file permissive=0
11-16 08:57:29.782: E/libc(14361): Access denied finding property "vendor.gralloc.enable_ahardware_buffer"
11-16 08:57:29.783: W/SessionLifecycleManager(8302): Client : AttachedClient[36514219216751962, ClientConfig[mFlags=[default, headless, launch_external_voice_search_ui, support_transparent_background, legacy_leave_behind_dirty_session_fixme] mSuggestFlags=[0] mClientId=HOTWORD_SERVICE mSessionType=search]] has no associated SessionController
11-16 08:57:29.783: W/SearchServiceCore(8302): Abort, client detached.
11-16 08:57:29.783: I/chatty(8302): uid=10047 com.google.android.googlequicksearchbox:search identical 1 line
11-16 08:57:29.783: W/SearchServiceCore(8302): Abort, client detached.
11-16 08:57:29.792: I/BackdropActivity(13642): onResume()
11-16 08:57:29.793: D/MusicLifecycle(14344): com.google.android.music.store.MusicContentProvider generated event: Content provider created
11-16 08:57:29.800: I/ActivityManager(1164): Activity requesting to dismiss Keyguard: ActivityRecord{d9dec35 u0 com.google.android.apps.mtaas.backdrop/.BackdropActivity t4}
11-16 08:57:29.809: D/MusicLifecycle(14344): com.google.android.music.ui.PhoneMusicApplication generated event: Application created
11-16 08:57:29.815: W/CAR.VALIDATOR.LITE(14271): Invalid version in allow list flag [ALL] [CONTEXT service_id=13 ]
11-16 08:57:29.815: W/CAR.VALIDATOR.LITE(14271): java.lang.NumberFormatException: For input string: "ALL"
11-16 08:57:29.815: W/CAR.VALIDATOR.LITE(14271): 	at java.lang.Integer.parseInt(Integer.java:615)
11-16 08:57:29.815: W/CAR.VALIDATOR.LITE(14271): 	at java.lang.Integer.parseInt(Integer.java:650)
11-16 08:57:29.815: W/CAR.VALIDATOR.LITE(14271): 	at nnu.<init>(:com.google.android.gms@213614028@21.36.14 (100400-395708125):13)
11-16 08:57:29.815: W/CAR.VALIDATOR.LITE(14271): 	at nnu.d(:com.google.android.gms@213614028@21.36.14 (100400-395708125):2)
11-16 08:57:29.815: W/CAR.VALIDATOR.LITE(14271): 	at com.google.android.gms.car.CarChimeraService.onCreate(:com.google.android.gms@213614028@21.36.14 (100400-395708125):17)
11-16 08:57:29.815: W/CAR.VALIDATOR.LITE(14271): 	at dpx.onCreate(:com.google.android.gms@213614028@21.36.14 (100400-395708125):1)
11-16 08:57:29.815: W/CAR.VALIDATOR.LITE(14271): 	at plf.onCreate(:com.google.android.gms@213614028@21.36.14 (100400-395708125):4)
11-16 08:57:29.815: W/CAR.VALIDATOR.LITE(14271): 	at android.app.ActivityThread.handleCreateService(ActivityThread.java:3570)
11-16 08:57:29.815: W/CAR.VALIDATOR.LITE(14271): 	at android.app.ActivityThread.access$1300(ActivityThread.java:200)
11-16 08:57:29.815: W/CAR.VALIDATOR.LITE(14271): 	at android.app.ActivityThread$H.handleMessage(ActivityThread.java:1672)
11-16 08:57:29.815: W/CAR.VALIDATOR.LITE(14271): 	at android.os.Handler.dispatchMessage(Handler.java:106)
11-16 08:57:29.815: W/CAR.VALIDATOR.LITE(14271): 	at android.os.Looper.loop(Looper.java:193)
11-16 08:57:29.815: W/CAR.VALIDATOR.LITE(14271): 	at android.app.ActivityThread.main(ActivityThread.java:6718)
11-16 08:57:29.815: W/CAR.VALIDATOR.LITE(14271): 	at java.lang.reflect.Method.invoke(Native Method)
11-16 08:57:29.815: W/CAR.VALIDATOR.LITE(14271): 	at com.android.internal.os.RuntimeInit$MethodAndArgsCaller.run(RuntimeInit.java:493)
11-16 08:57:29.815: W/CAR.VALIDATOR.LITE(14271): 	at com.android.internal.os.ZygoteInit.main(ZygoteInit.java:858)
11-16 08:57:29.817: D/android.hardware.power@1.3-service.crosshatch-libperfmgr(783): LAUNCH OFF
11-16 08:57:29.834: I/PeopleASM(11268): Rebuilding autocomplete index...
11-16 08:57:29.837: I/PeopleSearchIndexManage(11268): Rebuilding index done.
11-16 08:57:29.843: D/MusicLifecycle(14344): com.google.android.music.store.ConfigContentProvider generated event: initializing
11-16 08:57:29.851: I/BaseStore(14344): ConfigStore database version: 1
11-16 08:57:29.882: W/roid.music:mai(14344): Unknown chunk type '200'.
11-16 08:57:29.886: I/DynamiteModule(14271): Considering local module com.google.android.gms.googlecertificates:6 and remote module com.google.android.gms.googlecertificates:6
11-16 08:57:29.886: I/DynamiteModule(14271): Selected local version of com.google.android.gms.googlecertificates
11-16 08:57:29.887: I/roid.music:mai(14344): The ClassLoaderContext is a special shared library.
11-16 08:57:29.888: I/chatty(14344): uid=10075 com.google.android.music:main identical 1 line
11-16 08:57:29.889: I/roid.music:mai(14344): The ClassLoaderContext is a special shared library.
11-16 08:57:29.899: W/atrace(14410): type=1400 audit(0.0:211): avc: denied { write } for name="enable" dev="tracefs" ino=11987 scontext=u:r:shell:s0 tcontext=u:object_r:debugfs_tracing_debug:s0 tclass=file permissive=0
11-16 08:57:29.919: I/NearbyDiscovery(9323): Show notifications: 0 total, no changes since last shown, no-op. [CONTEXT service_id=49 ]
11-16 08:57:29.921: V/NativeCrypto(14344): Registering com/google/android/gms/org/conscrypt/NativeCrypto's 294 native methods...
11-16 08:57:29.938: D/NetworkSecurityConfig(14344): No Network Security Config specified, using platform default
11-16 08:57:29.940: I/ProviderInstaller(14344): Installed default security provider GmsCore_OpenSSL
11-16 08:57:29.940: D/AndroidMusic(14344): GMSCore installation verified
11-16 08:57:29.940: I/Dialer(14244): SpamCallDataSource.fill - enter
11-16 08:57:29.941: I/Dialer(14244): SpamCallDataSource.handleInserts - enter
11-16 08:57:29.943: I/Dialer(14244): AnnotatedCallLogCoalescer.coalesce - enter
11-16 08:57:29.943: I/Dialer(14244): AnnotatedCallLogCoalescer.coalesceWithSelection - enter
11-16 08:57:29.943: I/Dialer(14244): AnnotatedCallLogCoalescer.coalesceWithSelection - enter
11-16 08:57:29.943: I/Dialer(14244): ConversationHistoryCoalescer.coalesce - enter
11-16 08:57:29.944: I/Dialer(14244): PrimesMetrics.startTimer - AnnotatedCallLogCoalescer.CoalesceForAllCalls is empty
11-16 08:57:29.945: I/Dialer(14244): PrimesMetrics.startTimer - AnnotatedCallLogCoalescer.CoalesceForMissedCalls is empty
11-16 08:57:29.947: I/Dialer(14244): AnnotatedCallLogCoalescer.coalesceInternal - enter
11-16 08:57:29.949: I/Dialer(14244): CoalescedRowsDao.saveToFileForAllCalls - enter
11-16 08:57:29.949: I/Dialer(14244): PrimesMetrics.startTimer - CoalescedRowsDao.SaveAllCalls is empty
11-16 08:57:29.949: I/Dialer(14244): CoalescedRowsDao.save - acquiring write lock
11-16 08:57:29.949: I/Dialer(14244): ConversationHistoryCoalescer.coalesce - conversation history disabled
11-16 08:57:29.950: I/Dialer(14244): AnnotatedCallLogCoalescer.coalesceInternal - enter
11-16 08:57:29.950: I/Dialer(14244): CoalescedRowsDao.save - start writing coalesced rows
11-16 08:57:29.950: I/Dialer(14244): CoalescedRowsDao.save - write lock released
11-16 08:57:29.950: I/Dialer(14244): CoalescedRowsUpdatedNotifier.notifyForCallLogAllCalls - enter
11-16 08:57:29.951: I/Dialer(14244): CoalescedRowsDao.saveToFileForMissedCalls - enter
11-16 08:57:29.952: I/Dialer(14244): PrimesMetrics.startTimer - CoalescedRowsDao.SaveMissedCalls is empty
11-16 08:57:29.952: I/Dialer(14244): CoalescedRowsDao.save - acquiring write lock
11-16 08:57:29.953: I/Dialer(14244): CoalescedRowsDao.save - start writing coalesced rows
11-16 08:57:29.953: I/Dialer(14244): CoalescedRowsDao.save - write lock released
11-16 08:57:29.953: I/Dialer(14244): CoalescedRowsUpdatedNotifier.notifyForCallLogMissedCalls - enter
11-16 08:57:29.961: I/Dialer(14244): CallLogCacheUpdater.updateCache - updated 0 rows
11-16 08:57:29.975: W/DynamiteModule(13594): Local module descriptor class for providerinstaller not found.
11-16 08:57:29.979: D/CAR.CLIENT(2371): onICarAvailable
11-16 08:57:30.026: W/ProviderHelper(9323): Unknown dynamite feature providerinstaller
11-16 08:57:30.035: D/CAR.CLIENT(2371): onICarAvailable
11-16 08:57:30.037: I/GH.CarApiClientManager(2371): connected
11-16 08:57:30.037: D/GH.CarApiClientManager(2371): calling onConnected on cqq@ae9d792
11-16 08:57:30.037: D/GH.FeedbackNotifManager(2371): Starting FeedbackNotificationManager.
11-16 08:57:30.038: I/MusicExperimentManager(14344): Received config change, experiments list is null
11-16 08:57:30.038: W/MusicExperimentManager(14344): Parsing error while updating analysis experiments
11-16 08:57:30.040: I/GH.HatsManager(2371): HaTS feature flag is not enabled. Not starting HatsManager.
11-16 08:57:30.040: D/GH.RatingPromptManager(2371): Starting RatingPromptManager.
11-16 08:57:30.054: D/GH.AutoLaunchPromptMgr(2371): AutoLaunchPromptManager disabled.
11-16 08:57:30.054: D/GH.CarApiClientManager(2371): notifying listener that the client was already connected
11-16 08:57:30.054: D/GH.CarApiClientManager(2371): registered listener cqp@e994d34
11-16 08:57:30.054: D/GH.CarApiClientManager(2371): unregistered listener cqq@ae9d792
11-16 08:57:30.056: I/Icing(11268): IndexChimeraService.getServiceInterface callingPackage=com.google.android.gms componentName=AppsCorpus serviceId=32
11-16 08:57:30.063: I/TopChartsIcing(14344): Starting 'com.google.android.music.sync.google.MusicGcmTaskService
11-16 08:57:30.068: I/BaseStore(14344): Store database version: 146
11-16 08:57:30.075: I/Icing(11268): Query from package: com.google.android.gms, component: AppsCorpus, restrict package: com.google.android.gms, start: 0, num: 100
11-16 08:57:30.085: W/Icing(11268): No valid account for uploading user actions
11-16 08:57:30.095: I/Wear_Controller(9323): Wearable module requires a companion app to be installed.
11-16 08:57:30.095: I/WearableService(9323): onCreate: Wearable Services not starting. Wear is not available on this device.
11-16 08:57:30.098: I/PlaybackClient(14344): init: Initializing
11-16 08:57:30.110: W/ProviderInstaller(13594): Failed to load providerinstaller module: No acceptable module found. Local version is 0 and remote version is 0.
11-16 08:57:30.114: W/droid.apps.doc(13594): Unknown chunk type '200'.
11-16 08:57:30.117: D/ConnectivityService(1164): Returning BLOCKED NetworkInfo to uid=10075
11-16 08:57:30.124: I/droid.apps.doc(13594): The ClassLoaderContext is a special shared library.
11-16 08:57:30.125: I/chatty(13594): uid=10128(com.google.android.apps.docs) TaskSchedulerLo identical 1 line
11-16 08:57:30.127: I/droid.apps.doc(13594): The ClassLoaderContext is a special shared library.
11-16 08:57:30.130: I/Icing(11268): Usage reports ok 1, Failed Usage reports 0, indexed 0, rejected 0
11-16 08:57:30.131: W/Nearby(9323): Bind call too late - someone already tried to get: interface bopq [CONTEXT service_id=49 ]
11-16 08:57:30.150: I/NearbyMessages(9323): OfflineCache: old scanner cache is not enabled [CONTEXT service_id=62 ]
11-16 08:57:30.152: V/NativeCrypto(13594): Registering com/google/android/gms/org/conscrypt/NativeCrypto's 294 native methods...
11-16 08:57:30.171: D/MusicLifecycle(14344): com.google.android.music.notifications.NotificationChannelInitializationBroadcastReceiver generated event: Broadcast received with context android.app.ReceiverRestrictedContext@c1414ac and intent Intent { act=android.intent.action.LOCALE_CHANGED flg=0x11200010 cmp=com.google.android.music/.notifications.NotificationChannelInitializationBroadcastReceiver }
11-16 08:57:30.185: D/NetworkSecurityConfig(13594): Using Network Security Config from resource network_security_config debugBuild: false
11-16 08:57:30.186: D/MusicLifecycle(14344): com.google.android.music.net.NetworkConnectivityMonitor$NetworkChangedReceiver generated event: Broadcast received with context com.google.android.music.ui.PhoneMusicApplication@971a515 and intent Intent { act=android.net.conn.CONNECTIVITY_CHANGE flg=0x4200010 (has extras) }
11-16 08:57:30.187: I/NetworkConnectivity(14344): Network state changed: [type: WIFI[], state: DISCONNECTED/BLOCKED, reason: (unspecified), extra: (none), failover: false, available: true, roaming: false]
11-16 08:57:30.190: I/ProviderInstaller(13594): Installed default security provider GmsCore_OpenSSL
11-16 08:57:30.197: I/ActivityManager(1164): Start proc 14446:com.google.android.youtube/u0a80 for broadcast com.google.android.youtube/com.google.android.apps.youtube.app.application.system.LocaleUpdatedReceiver
11-16 08:57:30.199: D/MusicLifecycle(14344): com.google.android.music.download.EncapsulatedBroadcastReceiver$1 generated event: Broadcast received with context com.google.android.music.ui.PhoneMusicApplication@971a515 and intent Intent { act=com.google.android.music.ResumeStorageMigration flg=0x10 (has extras) }
11-16 08:57:30.202: D/MusicLifecycle(14344): com.google.android.music.download.artwork.ArtDownloadService generated event: Service created
11-16 08:57:30.205: W/WearableService(9323): onGetService: Wear is not available on this device.
11-16 08:57:30.210: E/android.youtub(14446): Not starting debugger since process cannot load the jdwp agent.
11-16 08:57:30.233: I/ActivityManager(1164): Killing 13470:com.android.chrome/u0a107 (adj 906): empty #17
11-16 08:57:30.233: W/libprocessgroup(1164): kill(-13470, 9) failed: No such process
11-16 08:57:30.235: I/android.youtub(14446): The ClassLoaderContext is a special shared library.
11-16 08:57:30.237: I/android.youtub(14446): The ClassLoaderContext is a special shared library.
11-16 08:57:30.241: D/MusicLifecycle(14344): com.google.android.music.download.EncapsulatedBroadcastReceiver$1 generated event: Broadcast received with context com.google.android.music.ui.PhoneMusicApplication@971a515 and intent Intent { act=com.google.android.music.download.keepon.KeeponSchedulingService.START_DOWNLOAD flg=0x10 }
11-16 08:57:30.250: I/NearbyDiscovery(9323): FastPairScanner2: isScreenOn=true, scanWithScreenOff=false, isLocationEnabled=true, disableLocationRequirement=false, isDiscoveryScanningEnabled=true [CONTEXT service_id=49 ]
11-16 08:57:30.254: I/Zygote(737): Process 13470 exited due to signal (9)
11-16 08:57:30.258: W/AdvertisingIdClient(14344): Error while reading from SharedPreferences 
11-16 08:57:30.258: W/AdvertisingIdClient(14344): java.lang.SecurityException: MODE_WORLD_READABLE no longer supported
11-16 08:57:30.258: W/AdvertisingIdClient(14344): 	at android.app.ContextImpl.checkMode(ContextImpl.java:2495)
11-16 08:57:30.258: W/AdvertisingIdClient(14344): 	at android.app.ContextImpl.getSharedPreferences(ContextImpl.java:414)
11-16 08:57:30.258: W/AdvertisingIdClient(14344): 	at android.app.ContextImpl.getSharedPreferences(ContextImpl.java:404)
11-16 08:57:30.258: W/AdvertisingIdClient(14344): 	at com.google.android.gms.ads.identifier.AdvertisingIdClient.getAdvertisingIdInfo(Unknown Source:12)
11-16 08:57:30.258: W/AdvertisingIdClient(14344): 	at com.google.android.music.preferences.MusicPreferences.getAdvertisingIdInfo(MusicPreferences.java:2476)
11-16 08:57:30.258: W/AdvertisingIdClient(14344): 	at com.google.android.music.preferences.MusicPreferences.access$1000(MusicPreferences.java:83)
11-16 08:57:30.258: W/AdvertisingIdClient(14344): 	at com.google.android.music.preferences.MusicPreferences$7.run(MusicPreferences.java:2457)
11-16 08:57:30.258: W/AdvertisingIdClient(14344): 	at com.google.android.music.utils.async.TraceableRunnable.runLogged(TraceableRunnable.java:21)
