11-16 08:57:23.841: I/system_server(1164): Background concurrent copying GC freed 342338(14MB) AllocSpace objects, 54(1272KB) LOS objects, 42% free, 18MB/31MB, paused 55us total 169.756ms
11-16 08:57:23.841: I/ChromeSync(11268): [Sync,SyncIntentOperation] Handling the intent: Intent { act=com.google.gservices.intent.action.GSERVICES_CHANGED flg=0x1000010 pkg=com.google.android.gms cmp=com.google.android.gms/.chimera.GmsIntentOperationService$PersistentInternalReceiver }.
11-16 08:57:23.841: I/GmsModuleFndr(11268): Beginning GMS chimera module scan
11-16 08:57:23.842: I/RecoverableKeyStoreGms(11268): [RecoverableKeyStoreGmsInitOperation] com.google.android.gms.auth.folsom.service.FolsomPublicKeyUpdateService is already enabled. Ignore.
11-16 08:57:23.842: I/RecoverableKeyStoreGms(11268): [RecoverableKeyStoreGmsInitOperation] com.google.android.gms.auth.folsom.service.GcmReceiverService is already enabled. Ignore.
11-16 08:57:23.847: I/MobileDataHub(11268): Scheduling periodic tasks
11-16 08:57:23.848: I/MdiSyncModule(11268): flag handling is skipping irrelevant intent.
11-16 08:57:23.849: I/MS_Utils(11268): version of com.google.android.apps.maps = 1022101040
11-16 08:57:23.850: W/MobileDataHub(11268): [Service] appsupload-periodic periodic task disabled
11-16 08:57:23.850: V/RecoverableKeyStoreMgr(1164): Not updating secret types - same as old value.
11-16 08:57:23.851: I/RecoverableKeyStoreGms(11268): [RecoverableKeyStoreGmsInitOperation] Setting vault handle
11-16 08:57:23.852: I/SystemUpdate(11268): [Installation,ReceiverIntentOperation] Received intent: Intent { act=com.google.gservices.intent.action.GSERVICES_CHANGED flg=0x1000010 pkg=com.google.android.gms cmp=com.google.android.gms/.chimera.GmsIntentOperationService$PersistentInternalReceiver }.
11-16 08:57:23.853: I/.gms.persisten(9323): Background concurrent copying GC freed 139866(10MB) AllocSpace objects, 8(352KB) LOS objects, 49% free, 11MB/23MB, paused 1.671ms total 146.369ms
11-16 08:57:23.853: V/RecoverableKeyStoreMgr(1164): Not updating server params - same as old value.
11-16 08:57:23.853: I/RecoverableKeyStoreGms(11268): [EnrollmentManager] Returning certificates list from cache
11-16 08:57:23.854: W/DynamiteModule(11268): Local module descriptor class for com.google.android.gms.vision.dynamite.ocr not found.
11-16 08:57:23.854: I/DynamiteModule(11268): Considering local module com.google.android.gms.vision.dynamite.ocr:0 and remote module com.google.android.gms.vision.dynamite.ocr:0
11-16 08:57:23.855: I/DynamiteModule(11268): Considering local module com.google.android.gms.vision.ocr:0 and remote module com.google.android.gms.vision.ocr:1
11-16 08:57:23.855: I/DynamiteModule(11268): Selected remote version of com.google.android.gms.vision.ocr, version >= 1
11-16 08:57:23.859: I/native(11268): I1116 08:57:23.858988   13222 start_ocr_856638336_langid.cc:35] StartOcr with label: latin_script_gmvapi_android
11-16 08:57:23.859: I/native(11268): I1116 08:57:23.859146   13222 start_ocr_856638336_langid.cc:44] StartOcr success
11-16 08:57:23.862: I/OcrModelUpStIntentOp(11268): Downloading text recognizer
11-16 08:57:23.869: I/GCoreUlr(9323): WorldUpdater received intent Intent { act=com.google.android.location.reporting.ACTION_UPDATE_WORLD cmp=com.google.android.gms/com.google.android.location.reporting.service.DispatchingService (has extras) } with receiverAction com.google.gservices.intent.action.GSERVICES_CHANGED [CONTEXT service_id=22 ]
11-16 08:57:23.875: I/RecoverableKeyStoreMgr(1164): The cert file serial number is the same, so skip updating.
11-16 08:57:23.875: I/RecoverableKeyStoreGms(11268): [EnrollmentManager] Recovery service is initialized.
11-16 08:57:23.876: I/RecoverySnapshotLstnrs(1164): Registered listener for agent with uid 10007
11-16 08:57:23.878: E/RecoverySnapshotStorage(1164): Error reading snapshot for 10007 from disk
11-16 08:57:23.878: E/RecoverySnapshotStorage(1164): java.io.FileNotFoundException: /data/system/recoverablekeystore/snapshots/10007.xml (No such file or directory)
11-16 08:57:23.878: E/RecoverySnapshotStorage(1164): 	at java.io.FileInputStream.open0(Native Method)
11-16 08:57:23.878: E/RecoverySnapshotStorage(1164): 	at java.io.FileInputStream.open(FileInputStream.java:231)
11-16 08:57:23.878: E/RecoverySnapshotStorage(1164): 	at java.io.FileInputStream.<init>(FileInputStream.java:165)
11-16 08:57:23.878: E/RecoverySnapshotStorage(1164): 	at com.android.server.locksettings.recoverablekeystore.storage.RecoverySnapshotStorage.readFromDisk(RecoverySnapshotStorage.java:152)
11-16 08:57:23.878: E/RecoverySnapshotStorage(1164): 	at com.android.server.locksettings.recoverablekeystore.storage.RecoverySnapshotStorage.get(RecoverySnapshotStorage.java:104)
11-16 08:57:23.878: E/RecoverySnapshotStorage(1164): 	at com.android.server.locksettings.recoverablekeystore.RecoverableKeyStoreManager.getKeyChainSnapshot(RecoverableKeyStoreManager.java:331)
11-16 08:57:23.878: E/RecoverySnapshotStorage(1164): 	at com.android.server.locksettings.LockSettingsService.getKeyChainSnapshot(LockSettingsService.java:2032)
11-16 08:57:23.878: E/RecoverySnapshotStorage(1164): 	at com.android.internal.widget.ILockSettings$Stub.onTransact(ILockSettings.java:356)
11-16 08:57:23.878: E/RecoverySnapshotStorage(1164): 	at android.os.Binder.execTransact(Binder.java:731)
11-16 08:57:23.879: I/GCoreUlr(9323): WorldUpdater:com.google.gservices.intent.action.GSERVICES_CHANGED: Ensuring that reporting is stopped because of reasons: (no Google accounts) [CONTEXT service_id=22 ]
11-16 08:57:23.880: I/RecoverableKeyStoreGms(11268): [WrappingKeyManager] Can't generate wrapping key - missing lock screeen
11-16 08:57:23.881: W/NetworkScheduler(9323): The extras of the task is not valid to be persisted so that the task is not persisted [CONTEXT service_id=218 ]
11-16 08:57:23.881: W/NetworkScheduler(9323): java.lang.IllegalArgumentException: Only the following extra parameter types are supported: Integer, Long, Double, String, Boolean, and nested Bundles with the same restrictions.
11-16 08:57:23.881: W/NetworkScheduler(9323): 	at abno.f(:com.google.android.gms@213614028@21.36.14 (100400-395708125):6)
11-16 08:57:23.881: W/NetworkScheduler(9323): 	at amdu.g(:com.google.android.gms@213614028@21.36.14 (100400-395708125):37)
11-16 08:57:23.881: W/NetworkScheduler(9323): 	at amdd.n(:com.google.android.gms@213614028@21.36.14 (100400-395708125):3)
11-16 08:57:23.881: W/NetworkScheduler(9323): 	at amdd.u(:com.google.android.gms@213614028@21.36.14 (100400-395708125):20)
11-16 08:57:23.881: W/NetworkScheduler(9323): 	at amdd.g(:com.google.android.gms@213614028@21.36.14 (100400-395708125):3)
11-16 08:57:23.881: W/NetworkScheduler(9323): 	at alzy.run(:com.google.android.gms@213614028@21.36.14 (100400-395708125):9)
11-16 08:57:23.881: W/NetworkScheduler(9323): 	at rgh.c(:com.google.android.gms@213614028@21.36.14 (100400-395708125):6)
11-16 08:57:23.881: W/NetworkScheduler(9323): 	at rgh.run(:com.google.android.gms@213614028@21.36.14 (100400-395708125):8)
11-16 08:57:23.881: W/NetworkScheduler(9323): 	at java.util.concurrent.ThreadPoolExecutor.runWorker(ThreadPoolExecutor.java:1167)
11-16 08:57:23.881: W/NetworkScheduler(9323): 	at java.util.concurrent.ThreadPoolExecutor$Worker.run(ThreadPoolExecutor.java:641)
11-16 08:57:23.881: W/NetworkScheduler(9323): 	at rkn.run(:com.google.android.gms@213614028@21.36.14 (100400-395708125):0)
11-16 08:57:23.881: W/NetworkScheduler(9323): 	at java.lang.Thread.run(Thread.java:764)
11-16 08:57:23.888: I/ModuleSetMgr(11268): Computing pending module set with APKs: [[AdsFdrDynamite.integ:213806100100000], [Enpromo.integ:214106000100000], [Pay.optional:213614100000], [VisionOcr.optional:213614100400], [AdsFdrDynamite.integ:212104400100000], [Cronetdynamite:213614100400], [Dynamiteloader:213614100000], [Dynamitemodulesa:213614100000], [Dynamitemodulesc:213614100000], [Googlecertificates:213614100000], [Mapsdynamite:213614100000], [Measurementdynamite:213614100000]]
11-16 08:57:23.889: I/GCoreUlr(9323): Unbound from all signal providers. [CONTEXT service_id=22 ]
11-16 08:57:23.894: I/GCoreUlr(9323): DispatchingService ignoring Intent { act=android.net.wifi.WIFI_STATE_CHANGED flg=0x4000010 (has extras) } because ULR inactive [CONTEXT service_id=22 ]
11-16 08:57:23.896: I/GCoreUlr(9323): Unbound from all signal providers. [CONTEXT service_id=22 ]
11-16 08:57:23.896: I/GCoreUlr(9323): Stopping handler for UlrDispSvcFast [CONTEXT service_id=22 ]
11-16 08:57:23.897: I/ModuleSetMgr(11268): Pending container module APKs: [[Pay.optional:213614100000], [VisionOcr.optional:213614100400]]
11-16 08:57:23.897: I/ModuleSetMgr(11268): Pending non-container module APKs: [[Enpromo.integ:214106000100000], [AdsFdrDynamite.integ:213806100100000]]
11-16 08:57:23.908: W/PackageParser(11268): Unknown element under <manifest>: queries at /data/user_de/0/com.google.android.gms/app_chimera/m/00000007/AdsDynamite.apk Binary XML file line #5
11-16 08:57:23.916: I/SoundTriggerModelLoader(13324): Unloading model 9f6ad62a-1f0b-11e7-87c5-40a8f03d3f15
11-16 08:57:23.916: I/SoundTriggerManagerComp(13324): Unloading model 9f6ad62a-1f0b-11e7-87c5-40a8f03d3f15
11-16 08:57:23.916: I/SoundTriggerService(1164): deleteSoundModel(): id = 9f6ad62a-1f0b-11e7-87c5-40a8f03d3f15
11-16 08:57:23.916: W/SoundTriggerHelper(1164): Unload error: Attempting unload invalid generic model with id:9f6ad62a-1f0b-11e7-87c5-40a8f03d3f15
11-16 08:57:23.919: W/PackageParser(11268): Unknown element under <manifest>: queries at /data/user_de/0/com.google.android.gms/app_chimera/m/00000012/dl-AdsFdrDynamite.integ_213806100100000.apk Binary XML file line #11
11-16 08:57:23.924: I/GmsModuleFndr(11268): Beginning GMS chimera module scan
11-16 08:57:23.939: I/ModuleSetMgr(11268): Computing pending module set with APKs: [[AdsFdrDynamite.integ:213806100100000], [Enpromo.integ:214106000100000], [Pay.optional:213614100000], [VisionOcr.optional:213614100400], [AdsFdrDynamite.integ:212104400100000], [Cronetdynamite:213614100400], [Dynamiteloader:213614100000], [Dynamitemodulesa:213614100000], [Dynamitemodulesc:213614100000], [Googlecertificates:213614100000], [Mapsdynamite:213614100000], [Measurementdynamite:213614100000]]
11-16 08:57:23.953: I/ModuleSetMgr(11268): Pending container module APKs: [[Pay.optional:213614100000], [VisionOcr.optional:213614100400]]
11-16 08:57:23.953: I/ModuleSetMgr(11268): Pending non-container module APKs: [[Enpromo.integ:214106000100000], [AdsFdrDynamite.integ:213806100100000]]
11-16 08:57:23.968: V/BackupManagerConstants(1164): getFullBackupRequiredNetworkType(...) returns 2
11-16 08:57:23.968: V/BackupManagerConstants(1164): getFullBackupRequireCharging(...) returns true
11-16 08:57:23.971: W/PhenotypeConfigurationU(9323): Update for unknown DeviceConfig package com.google.android.gms.auth.api.credentials [CONTEXT service_id=204 ]
11-16 08:57:23.971: W/PhenotypeConfigurationU(9323): akjf: No package exists for config package: com.google.android.gms.auth.api.credentials
11-16 08:57:23.971: W/PhenotypeConfigurationU(9323): 	at com.google.android.gms.platformconfigurator.PhenotypeConfigurationUpdateListener.a(:com.google.android.gms@213614028@21.36.14 (100400-395708125):7)
11-16 08:57:23.971: W/PhenotypeConfigurationU(9323): 	at com.google.android.gms.platformconfigurator.PhenotypeConfigurationUpdateListener.onHandleIntent(:com.google.android.gms@213614028@21.36.14 (100400-395708125):5)
11-16 08:57:23.971: W/PhenotypeConfigurationU(9323): 	at com.google.android.chimera.IntentOperation.onHandleIntent(:com.google.android.gms@213614028@21.36.14 (100400-395708125):2)
11-16 08:57:23.971: W/PhenotypeConfigurationU(9323): 	at pld.onHandleIntent(:com.google.android.gms@213614028@21.36.14 (100400-395708125):4)
11-16 08:57:23.971: W/PhenotypeConfigurationU(9323): 	at dpb.run(:com.google.android.gms@213614028@21.36.14 (100400-395708125):5)
11-16 08:57:23.971: W/PhenotypeConfigurationU(9323): 	at dpa.run(:com.google.android.gms@213614028@21.36.14 (100400-395708125):11)
11-16 08:57:23.971: W/PhenotypeConfigurationU(9323): 	at bfyg.run(:com.google.android.gms@213614028@21.36.14 (100400-395708125):2)
11-16 08:57:23.971: W/PhenotypeConfigurationU(9323): 	at java.util.concurrent.ThreadPoolExecutor.runWorker(ThreadPoolExecutor.java:1167)
11-16 08:57:23.971: W/PhenotypeConfigurationU(9323): 	at java.util.concurrent.ThreadPoolExecutor$Worker.run(ThreadPoolExecutor.java:641)
11-16 08:57:23.971: W/PhenotypeConfigurationU(9323): 	at java.lang.Thread.run(Thread.java:764)
11-16 08:57:23.973: W/PackageParser(11268): Unknown element under <manifest>: queries at /data/user_de/0/com.google.android.gms/app_chimera/m/00000007/AdsDynamite.apk Binary XML file line #5
11-16 08:57:23.984: W/PackageParser(11268): Unknown element under <manifest>: queries at /data/user_de/0/com.google.android.gms/app_chimera/m/00000012/dl-AdsFdrDynamite.integ_213806100100000.apk Binary XML file line #11
11-16 08:57:23.988: I/GmsModuleFndr(11268): Beginning GMS chimera module scan
11-16 08:57:23.989: I/RecoverableKeyStoreGms(11268): [RecoverableKeyStoreGmsInitOperation] Initializing auth_folsom
11-16 08:57:23.990: I/RecoverableKeyStoreGms(11268): [RecoverableKeyStoreGmsInitOperation] com.google.android.gms.auth.folsom.service.FolsomPublicKeyUpdateService is already enabled. Ignore.
11-16 08:57:23.991: I/RecoverableKeyStoreGms(11268): [RecoverableKeyStoreGmsInitOperation] com.google.android.gms.auth.folsom.service.GcmReceiverService is already enabled. Ignore.
11-16 08:57:23.991: I/ChromeSync(11268): [Sync,SyncIntentOperation] Handling the intent: Intent { act=com.google.gservices.intent.action.GSERVICES_CHANGED flg=0x1000010 pkg=com.google.android.gms cmp=com.google.android.gms/.chimera.GmsIntentOperationService$PersistentInternalReceiver }.
11-16 08:57:23.993: V/RecoverableKeyStoreMgr(1164): Not updating secret types - same as old value.
11-16 08:57:23.994: I/RecoverableKeyStoreGms(11268): [RecoverableKeyStoreGmsInitOperation] Setting vault handle
11-16 08:57:23.994: I/MobileDataHub(11268): Scheduling periodic tasks
11-16 08:57:23.995: V/RecoverableKeyStoreMgr(1164): Not updating server params - same as old value.
11-16 08:57:23.995: W/MobileDataHub(11268): [Service] appsupload-periodic periodic task disabled
11-16 08:57:23.995: I/RecoverableKeyStoreGms(11268): [EnrollmentManager] Returning certificates list from cache
11-16 08:57:23.995: I/MdiSyncModule(11268): flag handling is skipping irrelevant intent.
11-16 08:57:23.996: I/MS_Utils(11268): version of com.google.android.apps.maps = 1022101040
11-16 08:57:23.997: I/SystemUpdate(11268): [Installation,ReceiverIntentOperation] Received intent: Intent { act=com.google.gservices.intent.action.GSERVICES_CHANGED flg=0x1000010 pkg=com.google.android.gms cmp=com.google.android.gms/.chimera.GmsIntentOperationService$PersistentInternalReceiver }.
11-16 08:57:24.002: W/DynamiteModule(11268): Local module descriptor class for com.google.android.gms.vision.dynamite.ocr not found.
11-16 08:57:24.003: I/DynamiteModule(11268): Considering local module com.google.android.gms.vision.dynamite.ocr:0 and remote module com.google.android.gms.vision.dynamite.ocr:0
11-16 08:57:24.003: I/ModuleSetMgr(11268): Computing pending module set with APKs: [[AdsFdrDynamite.integ:213806100100000], [Enpromo.integ:214106000100000], [Pay.optional:213614100000], [VisionOcr.optional:213614100400], [AdsFdrDynamite.integ:212104400100000], [Cronetdynamite:213614100400], [Dynamiteloader:213614100000], [Dynamitemodulesa:213614100000], [Dynamitemodulesc:213614100000], [Googlecertificates:213614100000], [Mapsdynamite:213614100000], [Measurementdynamite:213614100000]]
11-16 08:57:24.004: I/DynamiteModule(11268): Considering local module com.google.android.gms.vision.ocr:0 and remote module com.google.android.gms.vision.ocr:1
11-16 08:57:24.004: I/DynamiteModule(11268): Selected remote version of com.google.android.gms.vision.ocr, version >= 1
11-16 08:57:24.007: I/native(11268): I1116 08:57:24.007179   13222 start_ocr_856638336_langid.cc:35] StartOcr with label: latin_script_gmvapi_android
11-16 08:57:24.007: I/native(11268): I1116 08:57:24.007319   13222 start_ocr_856638336_langid.cc:44] StartOcr success
11-16 08:57:24.009: I/OcrModelUpStIntentOp(11268): Downloading text recognizer
11-16 08:57:24.015: W/NetworkScheduler(9323): The extras of the task is not valid to be persisted so that the task is not persisted [CONTEXT service_id=218 ]
11-16 08:57:24.015: W/NetworkScheduler(9323): java.lang.IllegalArgumentException: Only the following extra parameter types are supported: Integer, Long, Double, String, Boolean, and nested Bundles with the same restrictions.
11-16 08:57:24.015: W/NetworkScheduler(9323): 	at abno.f(:com.google.android.gms@213614028@21.36.14 (100400-395708125):6)
11-16 08:57:24.015: W/NetworkScheduler(9323): 	at amdu.g(:com.google.android.gms@213614028@21.36.14 (100400-395708125):37)
11-16 08:57:24.015: W/NetworkScheduler(9323): 	at amdd.n(:com.google.android.gms@213614028@21.36.14 (100400-395708125):3)
11-16 08:57:24.015: W/NetworkScheduler(9323): 	at amdd.u(:com.google.android.gms@213614028@21.36.14 (100400-395708125):20)
11-16 08:57:24.015: W/NetworkScheduler(9323): 	at amdd.g(:com.google.android.gms@213614028@21.36.14 (100400-395708125):3)
11-16 08:57:24.015: W/NetworkScheduler(9323): 	at alzy.run(:com.google.android.gms@213614028@21.36.14 (100400-395708125):9)
11-16 08:57:24.015: W/NetworkScheduler(9323): 	at rgh.c(:com.google.android.gms@213614028@21.36.14 (100400-395708125):6)
11-16 08:57:24.015: W/NetworkScheduler(9323): 	at rgh.run(:com.google.android.gms@213614028@21.36.14 (100400-395708125):7)
11-16 08:57:24.015: W/NetworkScheduler(9323): 	at java.util.concurrent.ThreadPoolExecutor.runWorker(ThreadPoolExecutor.java:1167)
11-16 08:57:24.015: W/NetworkScheduler(9323): 	at java.util.concurrent.ThreadPoolExecutor$Worker.run(ThreadPoolExecutor.java:641)
11-16 08:57:24.015: W/NetworkScheduler(9323): 	at rkn.run(:com.google.android.gms@213614028@21.36.14 (100400-395708125):0)
11-16 08:57:24.015: W/NetworkScheduler(9323): 	at java.lang.Thread.run(Thread.java:764)
11-16 08:57:24.019: I/ModuleSetMgr(11268): Pending container module APKs: [[Pay.optional:213614100000], [VisionOcr.optional:213614100400]]
11-16 08:57:24.019: I/ModuleSetMgr(11268): Pending non-container module APKs: [[Enpromo.integ:214106000100000], [AdsFdrDynamite.integ:213806100100000]]
11-16 08:57:24.032: W/PackageParser(11268): Unknown element under <manifest>: queries at /data/user_de/0/com.google.android.gms/app_chimera/m/00000007/AdsDynamite.apk Binary XML file line #5
11-16 08:57:24.041: I/RecoverableKeyStoreMgr(1164): The cert file serial number is the same, so skip updating.
11-16 08:57:24.041: I/RecoverableKeyStoreGms(11268): [EnrollmentManager] Recovery service is initialized.
11-16 08:57:24.043: I/RecoverySnapshotLstnrs(1164): Registered listener for agent with uid 10007
11-16 08:57:24.044: W/PackageParser(11268): Unknown element under <manifest>: queries at /data/user_de/0/com.google.android.gms/app_chimera/m/00000012/dl-AdsFdrDynamite.integ_213806100100000.apk Binary XML file line #11
11-16 08:57:24.045: E/RecoverySnapshotStorage(1164): Error reading snapshot for 10007 from disk
11-16 08:57:24.045: E/RecoverySnapshotStorage(1164): java.io.FileNotFoundException: /data/system/recoverablekeystore/snapshots/10007.xml (No such file or directory)
11-16 08:57:24.045: E/RecoverySnapshotStorage(1164): 	at java.io.FileInputStream.open0(Native Method)
11-16 08:57:24.045: E/RecoverySnapshotStorage(1164): 	at java.io.FileInputStream.open(FileInputStream.java:231)
11-16 08:57:24.045: E/RecoverySnapshotStorage(1164): 	at java.io.FileInputStream.<init>(FileInputStream.java:165)
11-16 08:57:24.045: E/RecoverySnapshotStorage(1164): 	at com.android.server.locksettings.recoverablekeystore.storage.RecoverySnapshotStorage.readFromDisk(RecoverySnapshotStorage.java:152)
11-16 08:57:24.045: E/RecoverySnapshotStorage(1164): 	at com.android.server.locksettings.recoverablekeystore.storage.RecoverySnapshotStorage.get(RecoverySnapshotStorage.java:104)
11-16 08:57:24.045: E/RecoverySnapshotStorage(1164): 	at com.android.server.locksettings.recoverablekeystore.RecoverableKeyStoreManager.getKeyChainSnapshot(RecoverableKeyStoreManager.java:331)
11-16 08:57:24.045: E/RecoverySnapshotStorage(1164): 	at com.android.server.locksettings.LockSettingsService.getKeyChainSnapshot(LockSettingsService.java:2032)
11-16 08:57:24.045: E/RecoverySnapshotStorage(1164): 	at com.android.internal.widget.ILockSettings$Stub.onTransact(ILockSettings.java:356)
11-16 08:57:24.045: E/RecoverySnapshotStorage(1164): 	at android.os.Binder.execTransact(Binder.java:731)
11-16 08:57:24.046: I/RecoverableKeyStoreGms(11268): [WrappingKeyManager] Can't generate wrapping key - missing lock screeen
11-16 08:57:24.062: I/GmsModuleFndr(11268): Beginning GMS chimera module scan
11-16 08:57:24.068: I/ModuleSetMgr(11268): Computing pending module set with APKs: [[AdsFdrDynamite.integ:213806100100000], [Enpromo.integ:214106000100000], [Pay.optional:213614100000], [VisionOcr.optional:213614100400], [AdsFdrDynamite.integ:212104400100000], [Cronetdynamite:213614100400], [Dynamiteloader:213614100000], [Dynamitemodulesa:213614100000], [Dynamitemodulesc:213614100000], [Googlecertificates:213614100000], [Mapsdynamite:213614100000], [Measurementdynamite:213614100000]]
11-16 08:57:24.073: I/ModuleSetMgr(11268): Pending container module APKs: [[Pay.optional:213614100000], [VisionOcr.optional:213614100400]]
11-16 08:57:24.073: I/ModuleSetMgr(11268): Pending non-container module APKs: [[Enpromo.integ:214106000100000], [AdsFdrDynamite.integ:213806100100000]]
11-16 08:57:24.082: W/PackageParser(11268): Unknown element under <manifest>: queries at /data/user_de/0/com.google.android.gms/app_chimera/m/00000007/AdsDynamite.apk Binary XML file line #5
11-16 08:57:24.093: W/PackageParser(11268): Unknown element under <manifest>: queries at /data/user_de/0/com.google.android.gms/app_chimera/m/00000012/dl-AdsFdrDynamite.integ_213806100100000.apk Binary XML file line #11
11-16 08:57:24.207: I/TestSupport(11268): AwaitCommitOperation: FlagOverride(com.google.android.gms.auth.api.credentials, , Flag(SaveStrategy__enableSaving, false, 2, 0), true) committed [CONTEXT service_id=133 ]
11-16 08:57:24.209: I/TestSupport(11268): AwaitCommitOperation: no more uncommitted overrides [CONTEXT service_id=133 ]
11-16 08:57:24.339: I/TestSupport(11268): AwaitCommitOperation: * [CONTEXT service_id=133 ]
11-16 08:57:24.352: I/TestSupport(11268): AwaitCommitOperation: FlagOverride(com.google.android.gms.auth.api.credentials, , Flag(SaveStrategy__enableSaving, false, 2, 0), true) committed [CONTEXT service_id=133 ]
11-16 08:57:24.353: I/TestSupport(11268): AwaitCommitOperation: no more uncommitted overrides [CONTEXT service_id=133 ]
11-16 08:57:24.470: I/TSDRIVER(13205): Handled command: PACKAGE
11-16 08:57:24.562: I/TSDRIVER(13205): CommandService onHandleIntent()
11-16 08:57:24.562: I/TSDRIVER(13205): Got command: PACKAGE
11-16 08:57:24.563: I/TSDRIVER(13205): flag package: Eh9jb20uZ29vZ2xlLmFuZHJvaWQuZ21zLmF1dG9maWxsGhQKEGF1dG9maWxsX2VuYWJsZWQYACg+
11-16 08:57:24.563: I/TSDRIVER(13205): flag package: com.google.android.gms.autofill
11-16 08:57:24.573: I/TestSupport(11268): SetFlagOverridesOperation: com.google.android.gms.autofill, '', [Flag(autofill_enabled, false, 2, 0)] [CONTEXT service_id=133 ]
11-16 08:57:24.594: I/TestSupport(11268): AwaitCommitOperation: autofill_enabled [CONTEXT service_id=133 ]
11-16 08:57:24.603: I/TestSupport(11268): AwaitCommitOperation: uncommitted: FlagOverride(com.google.android.gms.autofill, , Flag(autofill_enabled, false, 2, 0), false) [CONTEXT service_id=133 ]
11-16 08:57:24.603: I/TestSupport(11268): AwaitCommitOperation:  sleeping for 10 msec. [CONTEXT service_id=133 ]
11-16 08:57:24.650: W/PhenotypeConfigurationU(9323): Update for unknown DeviceConfig package com.google.android.gms.autofill [CONTEXT service_id=204 ]
11-16 08:57:24.650: W/PhenotypeConfigurationU(9323): akjf: No package exists for config package: com.google.android.gms.autofill
11-16 08:57:24.650: W/PhenotypeConfigurationU(9323): 	at com.google.android.gms.platformconfigurator.PhenotypeConfigurationUpdateListener.a(:com.google.android.gms@213614028@21.36.14 (100400-395708125):7)
11-16 08:57:24.650: W/PhenotypeConfigurationU(9323): 	at com.google.android.gms.platformconfigurator.PhenotypeConfigurationUpdateListener.onHandleIntent(:com.google.android.gms@213614028@21.36.14 (100400-395708125):5)
11-16 08:57:24.650: W/PhenotypeConfigurationU(9323): 	at com.google.android.chimera.IntentOperation.onHandleIntent(:com.google.android.gms@213614028@21.36.14 (100400-395708125):2)
11-16 08:57:24.650: W/PhenotypeConfigurationU(9323): 	at pld.onHandleIntent(:com.google.android.gms@213614028@21.36.14 (100400-395708125):4)
11-16 08:57:24.650: W/PhenotypeConfigurationU(9323): 	at dpb.run(:com.google.android.gms@213614028@21.36.14 (100400-395708125):5)
11-16 08:57:24.650: W/PhenotypeConfigurationU(9323): 	at dpa.run(:com.google.android.gms@213614028@21.36.14 (100400-395708125):11)
11-16 08:57:24.650: W/PhenotypeConfigurationU(9323): 	at bfyg.run(:com.google.android.gms@213614028@21.36.14 (100400-395708125):2)
11-16 08:57:24.650: W/PhenotypeConfigurationU(9323): 	at java.util.concurrent.ThreadPoolExecutor.runWorker(ThreadPoolExecutor.java:1167)
11-16 08:57:24.650: W/PhenotypeConfigurationU(9323): 	at java.util.concurrent.ThreadPoolExecutor$Worker.run(ThreadPoolExecutor.java:641)
11-16 08:57:24.650: W/PhenotypeConfigurationU(9323): 	at java.lang.Thread.run(Thread.java:764)
11-16 08:57:24.658: I/PTCommittedOperation(9323): Receive new configuration for com.google.android.gms.autofill
11-16 08:57:24.659: W/ModuleInitIntentOp(11268): Dropping unexpected action com.google.android.gms.phenotype.COMMITTED
11-16 08:57:24.660: I/ChromeSync(11268): [Sync,SyncIntentOperation] Handling the intent: Intent { act=com.google.android.gms.phenotype.COMMITTED flg=0x10 pkg=com.google.android.gms cmp=com.google.android.gms/.chimera.GmsIntentOperationService (has extras) }.
11-16 08:57:24.665: I/TestSupport(11268): AwaitCommitOperation: FlagOverride(com.google.android.gms.autofill, , Flag(autofill_enabled, false, 2, 0), true) committed [CONTEXT service_id=133 ]
11-16 08:57:24.666: I/TestSupport(11268): AwaitCommitOperation: no more uncommitted overrides [CONTEXT service_id=133 ]
11-16 08:57:24.674: I/MdiSyncModule(11268): flag handling is skipping irrelevant intent.
11-16 08:57:24.686: W/ModuleInitIntentOp(11268): Dropping unexpected action com.google.android.gms.phenotype.COMMITTED
11-16 08:57:24.737: I/GmsSyncPolicyEngine(11268): Periodic sync 4 disabled by policy, cancelled.
11-16 08:57:24.753: I/TestSupport(11268): AwaitCommitOperation: * [CONTEXT service_id=133 ]
11-16 08:57:24.760: I/TestSupport(11268): AwaitCommitOperation: FlagOverride(com.google.android.gms.autofill, , Flag(autofill_enabled, false, 2, 0), true) committed [CONTEXT service_id=133 ]
11-16 08:57:24.761: I/TestSupport(11268): AwaitCommitOperation: no more uncommitted overrides [CONTEXT service_id=133 ]
11-16 08:57:24.877: I/TSDRIVER(13205): Handled command: PACKAGE
11-16 08:57:24.985: I/TSDRIVER(13205): CommandService onHandleIntent()
11-16 08:57:24.985: I/TSDRIVER(13205): Got command: PACKAGE
11-16 08:57:24.985: I/TSDRIVER(13205): flag package: EiNjb20uZ29vZ2xlLmFuZHJvaWQuZ21zLmF1dGhfYWNjb3VudBodChlhdXRoX3NpZ19vdmVycmlkZV9lbmFibGVkGAAoPg
11-16 08:57:24.985: I/TSDRIVER(13205): flag package: com.google.android.gms.auth_account
11-16 08:57:24.992: I/TestSupport(11268): SetFlagOverridesOperation: com.google.android.gms.auth_account, '', [Flag(auth_sig_override_enabled, false, 2, 0)] [CONTEXT service_id=133 ]
11-16 08:57:25.013: I/TestSupport(11268): AwaitCommitOperation: auth_sig_override_enabled [CONTEXT service_id=133 ]
11-16 08:57:25.025: I/TestSupport(11268): AwaitCommitOperation: uncommitted: FlagOverride(com.google.android.gms.auth_account, , Flag(auth_sig_override_enabled, false, 2, 0), false) [CONTEXT service_id=133 ]
11-16 08:57:25.025: I/TestSupport(11268): AwaitCommitOperation:  sleeping for 10 msec. [CONTEXT service_id=133 ]
11-16 08:57:25.053: W/PhenotypeConfigurationU(9323): Update for unknown DeviceConfig package com.google.android.gms.auth_account [CONTEXT service_id=204 ]
11-16 08:57:25.053: W/PhenotypeConfigurationU(9323): akjf: No package exists for config package: com.google.android.gms.auth_account
11-16 08:57:25.053: W/PhenotypeConfigurationU(9323): 	at com.google.android.gms.platformconfigurator.PhenotypeConfigurationUpdateListener.a(:com.google.android.gms@213614028@21.36.14 (100400-395708125):7)
11-16 08:57:25.053: W/PhenotypeConfigurationU(9323): 	at com.google.android.gms.platformconfigurator.PhenotypeConfigurationUpdateListener.onHandleIntent(:com.google.android.gms@213614028@21.36.14 (100400-395708125):5)
11-16 08:57:25.053: W/PhenotypeConfigurationU(9323): 	at com.google.android.chimera.IntentOperation.onHandleIntent(:com.google.android.gms@213614028@21.36.14 (100400-395708125):2)
11-16 08:57:25.053: W/PhenotypeConfigurationU(9323): 	at pld.onHandleIntent(:com.google.android.gms@213614028@21.36.14 (100400-395708125):4)
11-16 08:57:25.053: W/PhenotypeConfigurationU(9323): 	at dpb.run(:com.google.android.gms@213614028@21.36.14 (100400-395708125):5)
11-16 08:57:25.053: W/PhenotypeConfigurationU(9323): 	at dpa.run(:com.google.android.gms@213614028@21.36.14 (100400-395708125):11)
11-16 08:57:25.053: W/PhenotypeConfigurationU(9323): 	at bfyg.run(:com.google.android.gms@213614028@21.36.14 (100400-395708125):2)
11-16 08:57:25.053: W/PhenotypeConfigurationU(9323): 	at java.util.concurrent.ThreadPoolExecutor.runWorker(ThreadPoolExecutor.java:1167)
11-16 08:57:25.053: W/PhenotypeConfigurationU(9323): 	at java.util.concurrent.ThreadPoolExecutor$Worker.run(ThreadPoolExecutor.java:641)
11-16 08:57:25.053: W/PhenotypeConfigurationU(9323): 	at java.lang.Thread.run(Thread.java:764)
11-16 08:57:25.061: I/PTCommittedOperation(9323): Receive new configuration for com.google.android.gms.auth_account
11-16 08:57:25.063: W/ModuleInitIntentOp(11268): Dropping unexpected action com.google.android.gms.phenotype.COMMITTED
11-16 08:57:25.063: I/ChromeSync(11268): [Sync,SyncIntentOperation] Handling the intent: Intent { act=com.google.android.gms.phenotype.COMMITTED flg=0x10 pkg=com.google.android.gms cmp=com.google.android.gms/.chimera.GmsIntentOperationService (has extras) }.
11-16 08:57:25.068: I/MdiSyncModule(11268): flag handling is skipping irrelevant intent.
11-16 08:57:25.071: W/ModuleInitIntentOp(11268): Dropping unexpected action com.google.android.gms.phenotype.COMMITTED
11-16 08:57:25.082: I/TestSupport(11268): AwaitCommitOperation: FlagOverride(com.google.android.gms.auth_account, , Flag(auth_sig_override_enabled, false, 2, 0), true) committed [CONTEXT service_id=133 ]
11-16 08:57:25.082: I/TestSupport(11268): AwaitCommitOperation: no more uncommitted overrides [CONTEXT service_id=133 ]
11-16 08:57:25.211: I/TestSupport(11268): AwaitCommitOperation: * [CONTEXT service_id=133 ]
11-16 08:57:25.223: I/TestSupport(11268): AwaitCommitOperation: FlagOverride(com.google.android.gms.auth_account, , Flag(auth_sig_override_enabled, false, 2, 0), true) committed [CONTEXT service_id=133 ]
11-16 08:57:25.225: I/TestSupport(11268): AwaitCommitOperation: no more uncommitted overrides [CONTEXT service_id=133 ]
11-16 08:57:25.311: I/TSDRIVER(13205): Handled command: PACKAGE
11-16 08:57:25.647: D/AndroidRuntime(13393): >>>>>> START com.android.internal.os.RuntimeInit uid 2000 <<<<<<
11-16 08:57:25.702: I/app_process(13393): The ClassLoaderContext is a special shared library.
11-16 08:57:25.725: D/AndroidRuntime(13393): Calling main entry com.android.commands.am.Am
11-16 08:57:25.730: I/ActivityManager(1164): Force stopping com.google.android.apps.mtaas.tools appid=10156 user=0: start instr
11-16 08:57:25.755: I/ActivityManager(1164): Start proc 13402:com.google.android.apps.mtaas.tools/u0a156 for added application com.google.android.apps.mtaas.tools
11-16 08:57:25.770: E/pps.mtaas.tool(13402): Not starting debugger since process cannot load the jdwp agent.
11-16 08:57:25.812: I/pps.mtaas.tool(13402): The ClassLoaderContext is a special shared library.
11-16 08:57:25.854: I/ActivityManager(1164): Config changes=2004 {1.0 ?mcc?mnc [en] ldltr sw392dp w392dp h713dp 440dpi nrml long hdr widecg port finger -keyb/v/h -nav/h winConfig={ mBounds=Rect(0, 0 - 0, 0) mAppBounds=Rect(0, 0 - 1080, 2028) mWindowingMode=fullscreen mActivityType=undefined} s.9}
11-16 08:57:25.855: D/ActivityManager(1164): Storing locale en for decryption UI
11-16 08:57:25.905: I/ActivityManager(1164): Override config changes=2004 {1.0 ?mcc?mnc [en] ldltr sw392dp w392dp h713dp 440dpi nrml long hdr widecg port finger -keyb/v/h -nav/h winConfig={ mBounds=Rect(0, 0 - 1080, 2028) mAppBounds=Rect(0, 0 - 1080, 2028) mWindowingMode=fullscreen mActivityType=undefined} s.9} for displayId=0
11-16 08:57:25.948: D/ChangeLocale(13402): Instrumentation completed successfully
11-16 08:57:25.949: I/ActivityManager(1164): Force stopping com.google.android.apps.mtaas.tools appid=10156 user=0: finished inst
11-16 08:57:25.950: I/ActivityManager(1164): Killing 13402:com.google.android.apps.mtaas.tools/u0a156 (adj 0): stop com.google.android.apps.mtaas.tools
11-16 08:57:25.952: D/LoaderTask(2345): loadWorkspace: loading default favorites
11-16 08:57:25.952: W/Binder(1164): Outgoing transactions from this process must be FLAG_ONEWAY
11-16 08:57:25.952: W/Binder(1164): java.lang.Throwable
11-16 08:57:25.952: W/Binder(1164): 	at android.os.BinderProxy.transact(Binder.java:1116)
11-16 08:57:25.952: W/Binder(1164): 	at android.app.IInstrumentationWatcher$Stub$Proxy.instrumentationFinished(IInstrumentationWatcher.java:164)
11-16 08:57:25.952: W/Binder(1164): 	at com.android.server.am.InstrumentationReporter$MyThread.run(InstrumentationReporter.java:86)
11-16 08:57:25.953: W/libprocessgroup(1164): kill(-13402, 9) failed: No such process
11-16 08:57:25.954: D/AndroidRuntime(13393): Shutting down VM
11-16 08:57:25.960: D/ConnectivityService(1164): releasing NetworkRequest [ TRACK_DEFAULT id=50, [ Capabilities: INTERNET&NOT_RESTRICTED&TRUSTED Unwanted:  Uid: 10107] ] (release request)
11-16 08:57:25.964: I/EmojiSearchExtension(1433): onDestroy()
11-16 08:57:25.965: I/EmojiSearchExtension(1433): onDeactivate()
11-16 08:57:25.966: I/Zygote(736): Process 13402 exited due to signal (9)
11-16 08:57:25.967: I/ActivityManager(1164): Start proc 13421:com.android.carrierdefaultapp/u0a84 for broadcast com.android.carrierdefaultapp/.CarrierDefaultBroadcastReceiver
11-16 08:57:25.988: E/rrierdefaultap(13421): Not starting debugger since process cannot load the jdwp agent.
11-16 08:57:25.996: W/libprocessgroup(1164): kill(-13402, 9) failed: No such process
11-16 08:57:25.996: I/libprocessgroup(1164): Successfully killed process cgroup uid 10156 pid 13402 in 43ms
11-16 08:57:26.002: I/rrierdefaultap(13421): The ClassLoaderContext is a special shared library.
11-16 08:57:26.002: I/ModuleManager(1433): Module object of interface com.google.android.apps.inputmethod.libs.search.emoji.EmojiSearchExtension loaded.
11-16 08:57:26.007: W/cr_ContextualSearch(11859): Warning, the 0 state was aborted.
11-16 08:57:26.016: I/ActivityManager(1164): Killing 11891:com.android.chrome:sandboxed_process0/u0a107i0 (adj 0): isolated not needed
11-16 08:57:26.017: W/libprocessgroup(1164): Failed to open process cgroup uid 99000 pid 11891: No such file or directory
11-16 08:57:26.017: E/libprocessgroup(1164): Error encountered killing process cgroup uid 99000 pid 11891: No such file or directory
11-16 08:57:26.018: D/CarrierDefaultBroadcastReceiver(13421): onReceive intent: android.intent.action.LOCALE_CHANGED
11-16 08:57:26.022: I/MediaFocusControl(1164): abandonAudioFocus() from uid/pid 10107/11859 clientId=android.media.AudioManager@d0273d1org.chromium.content.browser.AudioFocusDelegate@dfb2e36
11-16 08:57:26.023: E/cr_BrowserInitializer(11859): Killing process because of locale change.
11-16 08:57:26.023: I/Process(11859): Sending signal. PID: 11859 SIG: 9
11-16 08:57:26.025: I/ActivityManager(1164): Killing 12025:com.google.android.packageinstaller/u0a36 (adj 906): empty #17
11-16 08:57:26.026: W/libprocessgroup(1164): kill(-12025, 9) failed: No such process
11-16 08:57:26.032: I/GoogleInputMethod(1433): onStartInput() : Dummy InputConnection bound
11-16 08:57:26.034: I/HWRSuperpacksManager(1433): onEnabledInputMethodEntriesChanged
11-16 08:57:26.034: I/DictSuperpacksManager(1433): onEnabledInputMethodEntriesChanged
11-16 08:57:26.037: I/Zygote(1511): Process 11891 exited due to signal (9)
11-16 08:57:26.042: D/KernelUidCpuTimeReader(1164): Removing uids 1037-1037
11-16 08:57:26.047: I/GoogleInputMethod(1433): onFinishInput() : Dummy InputConnection bound
11-16 08:57:26.047: I/GoogleInputMethod(1433): onStartInput() : Dummy InputConnection bound
11-16 08:57:26.045: D/KernelUidCpuTimeReader(1164): Removing uids 1037-1037
11-16 08:57:26.054: I/ActivityManager(1164): Start proc 13443:com.android.cellbroadcastreceiver/u0a62 for broadcast com.android.cellbroadcastreceiver/.PrivilegedCellBroadcastReceiver
11-16 08:57:26.060: W/Looper(1164): Slow dispatch took 114ms main h=android.app.ActivityThread$H c=android.app.-$$Lambda$LoadedApk$ReceiverDispatcher$Args$_BumDX2UKsnxLVrE6UJsJZkotuA@c2ecbd8 m=0
11-16 08:57:26.061: W/InputDispatcher(1164): channel 'cc9903e com.android.chrome/com.google.android.apps.chrome.Main (server)' ~ Consumer closed input channel or an error occurred.  events=0x9
11-16 08:57:26.061: E/InputDispatcher(1164): channel 'cc9903e com.android.chrome/com.google.android.apps.chrome.Main (server)' ~ Channel is unrecoverably broken and will be disposed!
11-16 08:57:26.061: D/ConnectivityService(1164): ConnectivityService NetworkRequestInfo binderDied(NetworkRequest [ LISTEN id=49, [ Capabilities: INTERNET&NOT_RESTRICTED&TRUSTED Unwanted:  Uid: 10107] ], android.os.BinderProxy@318cb31)
11-16 08:57:26.061: D/ConnectivityService(1164): ConnectivityService NetworkRequestInfo binderDied(NetworkRequest [ TRACK_DEFAULT id=48, [ Capabilities: INTERNET&NOT_RESTRICTED&TRUSTED Unwanted:  Uid: 10107] ], android.os.BinderProxy@85da216)
11-16 08:57:26.062: I/ActivityManager(1164): Process com.android.chrome (pid 11859) has died: fore TOP 
11-16 08:57:26.063: D/BoundBrokerSvc(11268): onUnbind: Intent { act=com.google.android.gms.safetynet.service.START pkg=com.google.android.gms }
11-16 08:57:26.063: I/WindowManager(1164): WIN DEATH: Window{cc9903e u0 com.android.chrome/com.google.android.apps.chrome.Main}
11-16 08:57:26.063: W/InputDispatcher(1164): Attempted to unregister already unregistered input channel 'cc9903e com.android.chrome/com.google.android.apps.chrome.Main (server)'
11-16 08:57:26.063: D/ConnectivityService(1164): ConnectivityService NetworkRequestInfo binderDied(NetworkRequest [ TRACK_DEFAULT id=54, [ Capabilities: INTERNET&NOT_RESTRICTED&TRUSTED Unwanted:  Uid: 10107] ], android.os.BinderProxy@3b0cd84)
11-16 08:57:26.063: D/ConnectivityService(1164): ConnectivityService NetworkRequestInfo binderDied(NetworkRequest [ LISTEN id=45, [ Capabilities: INTERNET&NOT_RESTRICTED&TRUSTED Unwanted:  Uid: 10107] ], android.os.BinderProxy@8fde96d)
11-16 08:57:26.063: D/ConnectivityService(1164): ConnectivityService NetworkRequestInfo binderDied(NetworkRequest [ TRACK_DEFAULT id=44, [ Capabilities: INTERNET&NOT_RESTRICTED&TRUSTED Unwanted:  Uid: 10107] ], android.os.BinderProxy@889c9a2)
11-16 08:57:26.064: W/ActivityManager(1164): Force removing ActivityRecord{cd2c6d7 u0 com.android.chrome/com.google.android.apps.chrome.Main t3}: app died, no saved state
11-16 08:57:26.064: D/ConnectivityService(1164): ConnectivityService NetworkRequestInfo binderDied(NetworkRequest [ LISTEN id=55, [ Capabilities: INTERNET&NOT_RESTRICTED&TRUSTED Unwanted:  Uid: 10107] ], android.os.BinderProxy@3666633)
11-16 08:57:26.064: D/BoundBrokerSvc(11268): onUnbind: Intent { act=com.google.android.gms.people.service.START pkg=com.google.android.gms }
11-16 08:57:26.064: D/ConnectivityService(1164): releasing NetworkRequest [ TRACK_DEFAULT id=48, [ Capabilities: INTERNET&NOT_RESTRICTED&TRUSTED Unwanted:  Uid: 10107] ] (release request)
11-16 08:57:26.066: E/oadcastreceive(13443): Not starting debugger since process cannot load the jdwp agent.
11-16 08:57:26.066: D/ConnectivityService(1164): releasing NetworkRequest [ TRACK_DEFAULT id=54, [ Capabilities: INTERNET&NOT_RESTRICTED&TRUSTED Unwanted:  Uid: 10107] ] (release request)
11-16 08:57:26.066: I/Zygote(737): Process 11859 exited due to signal (9)
11-16 08:57:26.066: D/ConnectivityService(1164): releasing NetworkRequest [ TRACK_DEFAULT id=44, [ Capabilities: INTERNET&NOT_RESTRICTED&TRUSTED Unwanted:  Uid: 10107] ] (release request)
11-16 08:57:26.070: W/libprocessgroup(1164): kill(-12025, 9) failed: No such process
11-16 08:57:26.071: W/SurfaceFlinger(643): Attempting to destroy on removed layer: AppWindowToken{3fafaad token=Token{f9e5bc4 ActivityRecord{cd2c6d7 u0 com.android.chrome/com.google.android.apps.chrome.Main t3}}}#0
11-16 08:57:26.089: W/ActivityManager(1164): setHasOverlayUi called on unknown pid: 11859
11-16 08:57:26.089: D/UsbDeviceManager(1164): Clear notification
11-16 08:57:26.090: D/UsbDeviceManager(1164): push notification:Charging this device via USB
11-16 08:57:26.092: I/Zygote(737): Process 11923 exited cleanly (0)
11-16 08:57:26.093: I/ActivityManager(1164): Process com.android.chrome:privileged_process0 (pid 11923) has died: fore SVC 
11-16 08:57:26.097: W/InputMethodManagerService(1164): Illegal subtype state: old subtype = null, new subtype = android.view.inputmethod.InputMethodSubtype@70bfcd7e
11-16 08:57:26.099: I/oadcastreceive(13443): The ClassLoaderContext is a special shared library.
11-16 08:57:26.103: I/Telecom(1164): : Locale change; recreating channels.
11-16 08:57:26.105: V/SettingsProvider(1164): Notifying for 0: content://settings/system/user_rotation
11-16 08:57:26.106: V/SettingsProvider(1164): Notifying for 0: content://settings/system/accelerometer_rotation
11-16 08:57:26.107: V/SettingsProvider(1164): Notifying for 0: content://settings/secure/enabled_input_methods
11-16 08:57:26.108: V/SettingsProvider(1164): Notifying for 0: content://settings/secure/selected_input_method_subtype
11-16 08:57:26.109: V/SettingsProvider(1164): Notifying for 0: content://settings/secure/default_input_method
11-16 08:57:26.114: W/libprocessgroup(1164): kill(-12025, 9) failed: No such process
11-16 08:57:26.127: D/CellBroadcastReceiver(13443): onReceive Intent { act=android.intent.action.LOCALE_CHANGED flg=0x11200010 cmp=com.android.cellbroadcastreceiver/.PrivilegedCellBroadcastReceiver }
11-16 08:57:26.132: I/Zygote(736): Process 12025 exited due to signal (9)
11-16 08:57:26.132: W/ActivityManager(1164): setHasOverlayUi called on unknown pid: 12025
11-16 08:57:26.135: I/ActivityManager(1164): Killing 11004:com.android.vending:download_service/u0a14 (adj 906): empty #17
11-16 08:57:26.141: W/libprocessgroup(1164): kill(-12025, 9) failed: No such process
11-16 08:57:26.141: I/libprocessgroup(1164): Successfully killed process cgroup uid 10036 pid 12025 in 115ms
11-16 08:57:26.141: W/libprocessgroup(1164): kill(-11859, 9) failed: No such process
11-16 08:57:26.141: I/libprocessgroup(1164): Successfully killed process cgroup uid 10107 pid 11859 in 0ms
11-16 08:57:26.141: D/LoaderTask(2345): loadWorkspace: loading default favorites
11-16 08:57:26.141: W/libprocessgroup(1164): kill(-11923, 9) failed: No such process
11-16 08:57:26.141: I/libprocessgroup(1164): Successfully killed process cgroup uid 10107 pid 11923 in 0ms
11-16 08:57:26.141: W/libprocessgroup(1164): kill(-11004, 9) failed: No such process
11-16 08:57:26.149: W/SurfaceFlinger(643): Attempting to destroy on removed layer: 9ad4514 AssistPreviewPanel#0
11-16 08:57:26.149: I/ActivityManager(1164): Start proc 13470:com.android.chrome/u0a107 for broadcast com.android.chrome/org.chromium.chrome.browser.locale.LocaleChangedBroadcastReceiver
11-16 08:57:26.151: I/Zygote(737): Process 11004 exited due to signal (9)
11-16 08:57:26.152: D/ConnectivityService(1164): ConnectivityService NetworkRequestInfo binderDied(NetworkRequest [ TRACK_DEFAULT id=43, [ Capabilities: INTERNET&NOT_RESTRICTED&TRUSTED Unwanted:  Uid: 10014] ], android.os.BinderProxy@3b49e9e)
11-16 08:57:26.152: D/ConnectivityService(1164): releasing NetworkRequest [ TRACK_DEFAULT id=43, [ Capabilities: INTERNET&NOT_RESTRICTED&TRUSTED Unwanted:  Uid: 10014] ] (release request)
11-16 08:57:26.157: E/.android.chrom(13470): Not starting debugger since process cannot load the jdwp agent.
11-16 08:57:26.179: D/SurfaceFlinger(643): duplicate layer name: changing com.google.android.apps.nexuslauncher/com.google.android.apps.nexuslauncher.NexusLauncherActivity to com.google.android.apps.nexuslauncher/com.google.android.apps.nexuslauncher.NexusLauncherActivity#1
11-16 08:57:26.189: W/SurfaceFlinger(643): Attempting to destroy on removed layer: 97f5ef3 DockedStackDivider#0
11-16 08:57:26.191: W/libprocessgroup(1164): kill(-11004, 9) failed: No such process
11-16 08:57:26.191: I/libprocessgroup(1164): Successfully killed process cgroup uid 10014 pid 11004 in 49ms
11-16 08:57:26.197: W/.android.chrom(13470): JIT profile information will not be recorded: profile file does not exits.
11-16 08:57:26.208: V/SettingsProvider(1164): Notifying for 0: content://settings/system/firebase.test.lab
11-16 08:57:26.220: W/StatusBar/NavBarView(1464): *** Invalid layout in navigation bar (sizeChanged this=1080x132 cur=1036x132)
11-16 08:57:26.224: I/GoogleInputMethod(1433): onFinishInput() : Dummy InputConnection bound
11-16 08:57:26.225: I/GoogleInputMethod(1433): onStartInput() : Dummy InputConnection bound
11-16 08:57:26.249: W/SessionLifecycleManager(8302): Handover failed. Creating new session controller.
11-16 08:57:26.253: I/ImageWallpaper(1464): Redrawing in rect: RectF(0.0, 0.0, 1214.0515, 2160.0) with surface size: 1080x2160
11-16 08:57:26.266: I/WindowManager(1164): Screen frozen for +356ms due to Window{161df45 u0 com.android.systemui.ImageWallpaper}
11-16 08:57:26.270: D/SurfaceFlinger(643): duplicate layer name: changing BlackSurface to BlackSurface#1
11-16 08:57:26.271: I/ActivityManager(1164): Killing 12176:com.google.android.configupdater/u0a29 (adj 906): empty #17
11-16 08:57:26.271: D/SurfaceFlinger(643): duplicate layer name: changing BlackSurface to BlackSurface#2
11-16 08:57:26.272: W/libprocessgroup(1164): kill(-12176, 9) failed: No such process
11-16 08:57:26.272: D/SurfaceFlinger(643): duplicate layer name: changing BlackSurface to BlackSurface#3
11-16 08:57:26.288: I/Zygote(736): Process 12176 exited due to signal (9)
11-16 08:57:26.291: I/ActivityManager(1164): Start proc 13502:android.process.acore/u0a42 for broadcast com.android.providers.contacts/.LocaleChangeReceiver
11-16 08:57:26.295: E/d.process.acor(13502): Not starting debugger since process cannot load the jdwp agent.
11-16 08:57:26.296: V/SettingsProvider(1164): Notifying for 0: content://settings/secure/autofill_service
11-16 08:57:26.299: W/libprocessgroup(1164): kill(-12176, 9) failed: No such process
11-16 08:57:26.299: I/libprocessgroup(1164): Successfully killed process cgroup uid 10029 pid 12176 in 27ms
11-16 08:57:26.309: W/LocationOracle(8302): No location history returned by ContextManager
11-16 08:57:26.319: I/d.process.acor(13502): The ClassLoaderContext is a special shared library.
11-16 08:57:26.353: I/ContactsPerf(13502): VoicemailContentProvider.onCreate start
11-16 08:57:26.355: I/ContactsPerf(13502): VoicemailContentProvider.onCreate finish
11-16 08:57:26.359: I/d.process.acor(13502): The ClassLoaderContext is a special shared library.
11-16 08:57:26.374: W/ctxmgr(9323): [AclManager] null policy map (0) 67, clientInfo=(accnt=account#-517948760#, com.google.android.googlequicksearchbox(10047):com.google.android.googlequicksearchbox, vrsn=12211000, 1, 3pPkg = null ,  3pMdlId = null ,  pid = 8302 ,  featureId = null) [CONTEXT service_id=47 ]
11-16 08:57:26.376: D/ContactsDatabaseHelper(13502): WAL enabled for contacts2.db: true
11-16 08:57:26.378: E/GmsContextObserver(8302): Failed to register context manager listener: Status{statusCode=unknown status code: 7503, resolution=null}
11-16 08:57:26.390: I/ContactLocale(13502): AddressBook Labels [[en]]: [, A, B, C, D, E, F, G, H, I, J, K, L, M, N, O, P, Q, R, S, T, U, V, W, X, Y, Z, , , , , , , , , , , , , , , , , , , , , , , , , , , , , , , , , , , , , , , , , , , , , , , , , , , , , , , , , , , , , , , , , , , , , , , , , , , , , , , , , , , , , , , , , , , , , , , , , , , , , , , , , , , , , , , , , , , , , , , , , , , , , , , , , , , , , , , , , , , , , , , , , , , , , , , , , , , , , , , , , , , , , , , , , , , , , , , , , , , , , , , , , , , #, ]
11-16 08:57:26.391: W/ctxmgr(9323): [AclManager] null policy map (0) 67, clientInfo=(accnt=account#-517948760#, com.google.android.googlequicksearchbox(10047):com.google.android.googlequicksearchbox, vrsn=12211000, 1, 3pPkg = null ,  3pMdlId = null ,  pid = 8302 ,  featureId = null) [CONTEXT service_id=47 ]
11-16 08:57:26.395: I/d.process.acor(13502): The ClassLoaderContext is a special shared library.
11-16 08:57:26.406: I/ActivityManager(1164): Killing 10011:com.google.android.gms:car/u0a7 (adj 906): empty #17
11-16 08:57:26.406: W/libprocessgroup(1164): kill(-10011, 9) failed: No such process
11-16 08:57:26.411: D/sound_trigger_hw(758): stdev_start_recognition:[1] Enter
11-16 08:57:26.411: D/sound_trigger_hw(758): loaded_state_fn:[1] handle event id 2
11-16 08:57:26.411: D/sound_trigger_platform(758): platform_stdev_get_capture_device: available devices 0x80000004, device 0x80000004
11-16 08:57:26.411: D/sound_trigger_platform(758): platform_stdev_get_device_sample_rate: sample rate 16000
