11-16 08:57:30.258: W/AdvertisingIdClient(14344): 	at com.google.android.music.utils.async.LoggedRunnable.run(LoggedRunnable.java:30)
11-16 08:57:30.258: W/AdvertisingIdClient(14344): 	at android.os.Handler.handleCallback(Handler.java:873)
11-16 08:57:30.258: W/AdvertisingIdClient(14344): 	at android.os.Handler.dispatchMessage(Handler.java:99)
11-16 08:57:30.258: W/AdvertisingIdClient(14344): 	at com.google.android.music.utils.LoggableHandler.dispatchMessage(LoggableHandler.java:74)
11-16 08:57:30.258: W/AdvertisingIdClient(14344): 	at android.os.Looper.loop(Looper.java:193)
11-16 08:57:30.258: W/AdvertisingIdClient(14344): 	at android.os.HandlerThread.run(HandlerThread.java:65)
11-16 08:57:30.266: D/AwarenessRouter(14344): 0 new fences
11-16 08:57:30.267: D/BluetoothAdapter(9323): isLeEnabled(): OFF
11-16 08:57:30.267: I/NearbyDiscovery(9323): FastPairScanner2: eventType=SERVICE_INITIALIZE, intReq=false, scanning=false, scanAllowed=true, bleEnabled=false, bleScanAvailable=false, lockScanRate=false [CONTEXT service_id=49 ]
11-16 08:57:30.268: I/NearbyDiscovery(9323): FastPairScanner2: register location ble observer [CONTEXT service_id=49 ]
11-16 08:57:30.269: I/NearbyDiscovery(9323): FastPairScanner2: BLE not available, eventType=SERVICE_INITIALIZE [CONTEXT service_id=49 ]
11-16 08:57:30.269: W/YT(14446): Last known version:13.23.60
11-16 08:57:30.272: I/NearbyDiscovery(9323): FastPair: HeadsetPieceImage, grant permission files:0 [CONTEXT service_id=49 ]
11-16 08:57:30.274: D/AwarenessRouter(14344): 0 fences already registered
11-16 08:57:30.274: I/NearbyDiscovery(9323): FastPairEventStream: Initialize event stream [CONTEXT service_id=49 ]
11-16 08:57:30.277: I/NearbyDiscovery(9323): Show notifications: 0 total, no changes since last shown, no-op. [CONTEXT service_id=49 ]
11-16 08:57:30.278: I/NearbyDiscovery(9323): FastPairHandler: Received action android.net.wifi.STATE_CHANGE [CONTEXT service_id=49 ]
11-16 08:57:30.279: W/libprocessgroup(1164): kill(-13470, 9) failed: No such process
11-16 08:57:30.279: I/NearbyDiscovery(9323): FastPairHandler: Received action android.net.conn.CONNECTIVITY_CHANGE [CONTEXT service_id=49 ]
11-16 08:57:30.279: I/libprocessgroup(1164): Successfully killed process cgroup uid 10107 pid 13470 in 45ms
11-16 08:57:30.281: D/AwarenessRouter(14344): Successfully removed 0 context fences
11-16 08:57:30.298: I/Dialer(14244): Flags.register - commit succeeded: true
11-16 08:57:30.307: W/YouTube(14446): Fetching the Gservices key 'failsafe_clear_cache_release_13_02' before the end of the bulk initialization
11-16 08:57:30.312: I/Icing(11268): Indexing com.google.android.gms-apps from com.google.android.gms
11-16 08:57:30.347: E/android.youtub(14446): The String#value field is not present on Android versions >= 6.0
11-16 08:57:30.357: E/YouTube(14446): flushBinderConnectionCallbacks is unverified on SDK 28
11-16 08:57:30.367: W/android.youtub(14446): Unknown chunk type '200'.
11-16 08:57:30.376: D/ConnectivityService(1164): Returning BLOCKED NetworkInfo to uid=10080
11-16 08:57:30.399: I/android.youtub(14446): The ClassLoaderContext is a special shared library.
11-16 08:57:30.403: I/Icing(11268): Indexing done com.google.android.gms-apps
11-16 08:57:30.412: I/android.youtub(14446): The ClassLoaderContext is a special shared library.
11-16 08:57:30.417: I/android.youtub(14446): The ClassLoaderContext is a special shared library.
11-16 08:57:30.424: E/YouTube(14446): Failed delayed event dispatch, no dispatchers.
11-16 08:57:30.457: I/android.youtub(14446): Waiting for a blocking GC AddRemoveAppImageSpace
11-16 08:57:30.463: I/android.youtub(14446): WaitForGcToComplete blocked AddRemoveAppImageSpace on AddRemoveAppImageSpace for 5.884ms
11-16 08:57:30.519: I/CrashMetricService(14446): Startup metric for 'PRIMES_CRASH_MONITORING_INITIALIZED' dropped.
11-16 08:57:30.556: I/ActivityManager(1164): Killing 13534:com.android.sdm.plugins.sprintdm/1001 (adj 906): empty #17
11-16 08:57:30.557: W/libprocessgroup(1164): kill(-13534, 9) failed: No such process
11-16 08:57:30.569: I/ActivityManager(1164): Start proc 14539:com.google.intelligence.sense/u0a31 for broadcast com.google.intelligence.sense/.ambientmusic.SystemBroadcastReceiver
11-16 08:57:30.574: V/BackupManagerConstants(1164): getFullBackupRequiredNetworkType(...) returns 2
11-16 08:57:30.574: V/BackupManagerConstants(1164): getFullBackupRequireCharging(...) returns true
11-16 08:57:30.567: W/libprocessgroup(1164): kill(-13534, 9) failed: No such process
11-16 08:57:30.575: I/Zygote(736): Process 13534 exited due to signal (9)
11-16 08:57:30.577: E/elligence.sens(14539): Not starting debugger since process cannot load the jdwp agent.
11-16 08:57:30.589: W/android.youtub(14446): Unsupported class loader
11-16 08:57:30.600: I/elligence.sens(14539): The ClassLoaderContext is a special shared library.
11-16 08:57:30.603: W/android.youtub(14446): Skipping duplicate class check due to unsupported classloader
11-16 08:57:30.605: I/DynamiteModule(14446): Considering local module com.google.android.gms.ads.dynamite:0 and remote module com.google.android.gms.ads.dynamite:213806100
11-16 08:57:30.605: I/DynamiteModule(14446): Selected remote version of com.google.android.gms.ads.dynamite, version >= 213806100
11-16 08:57:30.613: W/libprocessgroup(1164): kill(-13534, 9) failed: No such process
11-16 08:57:30.613: I/libprocessgroup(1164): Successfully killed process cgroup uid 1001 pid 13534 in 56ms
11-16 08:57:30.614: W/native(14539): commandlineflags.cc:1511 Ignoring RegisterValidateFunction() for flag pointer 0x7365e0f598: no flag found at that address
11-16 08:57:30.620: I/akhr(9323): Scheduling Phenotype for a PhenotypeSyncImmediately(13, com.google.android.googlequicksearchbox) one off with window [1, 2] in seconds [CONTEXT service_id=51 ]
11-16 08:57:30.621: W/android.youtub(14446): Unknown chunk type '200'.
11-16 08:57:30.631: E/elligence.sens(14539): The String#value field is not present on Android versions >= 6.0
11-16 08:57:30.652: I/Superpacks(14539): Releasing all superpacks except ambientmusic-index-17_09_02
11-16 08:57:30.667: I/Superpacks(14539): Starting garbage collection
11-16 08:57:30.667: W/Superpacks(14539): isDirectory returned false while listing files for /data/user/0/com.google.intelligence.sense/files/superpacks
11-16 08:57:30.668: W/android.youtub(14446): Unsupported class loader
11-16 08:57:30.668: W/NotificationService(1164): Notification policy access denied calling getAutomaticZenRules
11-16 08:57:30.671: W/SearchServiceCore(8302): Abort, client detached.
11-16 08:57:30.671: I/ActivityManager(1164): Killing 13563:com.android.vending:instant_app_installer/u0a14 (adj 906): empty #17
11-16 08:57:30.671: W/SearchServiceCore(8302): Abort, client detached.
11-16 08:57:30.672: W/libprocessgroup(1164): kill(-13563, 9) failed: No such process
11-16 08:57:30.676: W/android.youtub(14446): Skipping duplicate class check due to unsupported classloader
11-16 08:57:30.682: I/ActivityManager(1164): Start proc 14574:com.google.android.apps.chromecast.app/u0a149 for broadcast com.google.android.apps.chromecast.app/com.google.android.libraries.notifications.entrypoints.localechanged.LocaleChangedReceiver
11-16 08:57:30.684: E/.chromecast.ap(14574): Not starting debugger since process cannot load the jdwp agent.
11-16 08:57:30.690: I/BgTaskExecutorImpl(8302): Starting EXCLUSIVE background task FETCH_CONFIGS_FROM_PHENOTYPE.
11-16 08:57:30.690: W/libprocessgroup(1164): kill(-13563, 9) failed: No such process
11-16 08:57:30.691: E/ExecutionCriteria(9323): Package unavailable for task: com.google.android.apps.gcs/com.google.android.flib.phenotype.services.PhenotypeExperimentCommitService{u=0 tag="PhenotypeExpCommitSvc" trigger=window{start=0s,end=30s,earliest=-418s,latest=-388s} requirements=[NET_ANY] attributes=[PERSISTED] scheduled=-418s last_run=N/A exec_window_multiplier=1.0000 jid=N/A status=PENDING retries=0 client_lib=MANCHEGO_GCM-11732000} [CONTEXT service_id=218 ]
11-16 08:57:30.702: I/.chromecast.ap(14574): The ClassLoaderContext is a special shared library.
11-16 08:57:30.704: W/libprocessgroup(1164): kill(-13563, 9) failed: No such process
11-16 08:57:30.708: D/DynamitePackage(14446): Instantiated singleton DynamitePackage.
11-16 08:57:30.708: D/DynamitePackage(14446): Instantiating com.google.android.gms.ads.adshield.ChimeraAdShieldCreatorImpl
11-16 08:57:30.717: I/Zygote(737): Process 13563 exited due to signal (9)
11-16 08:57:30.723: W/libprocessgroup(1164): kill(-13563, 9) failed: No such process
11-16 08:57:30.723: I/libprocessgroup(1164): Successfully killed process cgroup uid 10014 pid 13563 in 51ms
11-16 08:57:30.724: I/FirebaseJobDispatcher(1433): onStartJob(): DefaultStickerUpdate.
11-16 08:57:30.724: I/DefaultStickerUpdate(1433): Submitted task to executor service with data=DefaultStickerTaskData{enabled=true, metadataUriPrefix=https://www.gstatic.com/android/keyboard/stickers/configs/v5/, supportedLanguage=en}
11-16 08:57:30.725: W/.chromecast.ap(14574): JIT profile information will not be recorded: profile file does not exits.
11-16 08:57:30.725: I/chatty(14574): uid=10149(com.google.android.apps.chromecast.app) identical 1 line
11-16 08:57:30.725: W/.chromecast.ap(14574): JIT profile information will not be recorded: profile file does not exits.
11-16 08:57:30.734: E/ExecutionCriteria(9323): Package unavailable for task: com.google.android.apps.gcs/com.google.android.flib.phenotype.services.PhenotypeExperimentCommitService{u=0 tag="PhenotypeExpCommitSvc" trigger=window{start=0s,end=30s,earliest=-418s,latest=-388s} requirements=[NET_ANY] attributes=[PERSISTED] scheduled=-418s last_run=N/A exec_window_multiplier=1.0000 jid=N/A status=PENDING retries=0 client_lib=MANCHEGO_GCM-11732000} [CONTEXT service_id=218 ]
11-16 08:57:30.744: D/NetworkSecurityConfig(1433): No Network Security Config specified, using platform default
11-16 08:57:30.748: I/NetworkScheduler.Stats(9323): Task com.google.android.inputmethod.latin/ started execution. cause:7 exec_start_elapsed_seconds: 446 [CONTEXT service_id=218 ]
11-16 08:57:30.755: I/DefaultStickerUpdate(1433): Started update task with DefaultStickerTaskData{enabled=true, metadataUriPrefix=https://www.gstatic.com/android/keyboard/stickers/configs/v5/, supportedLanguage=en}
11-16 08:57:30.767: I/DefaultStickerUpdate(1433): Read metadata file from cache with 267141 bytes
11-16 08:57:30.780: W/PrimesInit(14574): Primes instant initialization
11-16 08:57:30.781: W/Primes(14574): background initialization
11-16 08:57:30.806: I/PrimesTesting(14574): GserviceFlagsSupplier.get()
11-16 08:57:30.851: W/HomeApp|huv(14574): Can't load devices as there is no network connection! Will retry later.
11-16 08:57:30.878: V/BackupManagerConstants(1164): getFullBackupRequiredNetworkType(...) returns 2
11-16 08:57:30.878: V/BackupManagerConstants(1164): getFullBackupRequireCharging(...) returns true
11-16 08:57:30.881: I/FontLog(9323): Received query Google Sans, URI content://com.google.android.gms.fonts [CONTEXT service_id=132 ]
11-16 08:57:30.881: I/FontLog(9323): Query [Google Sans] resolved to {Google Sans, wdth 100.0, wght 400, ital 0.0, bestEffort false} [CONTEXT service_id=132 ]
11-16 08:57:30.882: I/FontLog(9323): Font PFD returned from cache for {Google Sans, wdth 100.0, wght 400, ital 0.0, bestEffort false} [CONTEXT service_id=132 ]
11-16 08:57:30.882: I/FontLog(9323): Fetch {Google Sans, wdth 100.0, wght 400, ital 0.0, bestEffort false} end status Status{statusCode=SUCCESS, resolution=null} [CONTEXT service_id=132 ]
11-16 08:57:30.884: I/FA(14574): App measurement is starting up, version: 18100
11-16 08:57:30.884: I/FA(14574): To enable debug logging run: adb shell setprop log.tag.FA VERBOSE
11-16 08:57:30.884: I/FA(14574): To enable faster debug mode event logging run:
11-16 08:57:30.884: I/FA(14574):   adb shell setprop debug.firebase.analytics.app com.google.android.apps.chromecast.app
11-16 08:57:30.890: I/FontLog(9323): Pulling font file for id = 6, cache size = 5 [CONTEXT service_id=132 ]
11-16 08:57:30.894: I/FontLog(9323): Received query Google Sans:500, URI content://com.google.android.gms.fonts [CONTEXT service_id=132 ]
11-16 08:57:30.894: I/FontLog(9323): Query [Google Sans:500] resolved to {Google Sans, wdth 100.0, wght 500, ital 0.0, bestEffort false} [CONTEXT service_id=132 ]
11-16 08:57:30.896: I/FontLog(9323): Font PFD returned from cache for {Google Sans, wdth 100.0, wght 500, ital 0.0, bestEffort false} [CONTEXT service_id=132 ]
11-16 08:57:30.896: I/FontLog(9323): Fetch {Google Sans, wdth 100.0, wght 500, ital 0.0, bestEffort false} end status Status{statusCode=SUCCESS, resolution=null} [CONTEXT service_id=132 ]
11-16 08:57:30.907: I/FontLog(9323): Pulling font file for id = 7, cache size = 6 [CONTEXT service_id=132 ]
11-16 08:57:30.910: I/FontLog(9323): Received query Google Sans Display, URI content://com.google.android.gms.fonts [CONTEXT service_id=132 ]
11-16 08:57:30.911: I/FontLog(9323): Query [Google Sans Display] resolved to {Google Sans Display, wdth 100.0, wght 400, ital 0.0, bestEffort false} [CONTEXT service_id=132 ]
11-16 08:57:30.912: I/FontLog(9323): Font PFD returned from cache for {Google Sans Display, wdth 100.0, wght 400, ital 0.0, bestEffort false} [CONTEXT service_id=132 ]
11-16 08:57:30.912: I/FontLog(9323): Fetch {Google Sans Display, wdth 100.0, wght 400, ital 0.0, bestEffort false} end status Status{statusCode=SUCCESS, resolution=null} [CONTEXT service_id=132 ]
11-16 08:57:30.916: I/FontLog(9323): Pulling font file for id = 8, cache size = 7 [CONTEXT service_id=132 ]
11-16 08:57:30.923: W/GCM(14574): GCM SDK is deprecated, com.google.android.apps.chromecast.app should update to use FCM
11-16 08:57:30.929: I/PeopleChimeraService(11268): onService. callbacks = xmw@346f69c, request = com.google.android.gms.common.internal.GetServiceRequest@d02b8a5
11-16 08:57:30.940: I/ActivityManager(1164): Killing 13594:com.google.android.apps.docs/u0a128 (adj 906): empty #17
11-16 08:57:30.940: W/libprocessgroup(1164): kill(-13594, 9) failed: No such process
11-16 08:57:30.951: I/ActivityManager(1164): Start proc 14649:com.google.android.apps.tachyon/u0a148 for broadcast com.google.android.apps.tachyon/.common.applifecycle.LocaleChangeReceiver
11-16 08:57:30.953: W/libprocessgroup(1164): kill(-13594, 9) failed: No such process
11-16 08:57:30.955: E/id.apps.tachyo(14649): Not starting debugger since process cannot load the jdwp agent.
11-16 08:57:30.959: W/libprocessgroup(1164): kill(-13594, 9) failed: No such process
11-16 08:57:30.967: W/libprocessgroup(1164): kill(-13594, 9) failed: No such process
11-16 08:57:30.978: I/Zygote(736): Process 13594 exited due to signal (9)
11-16 08:57:30.979: E/ExecutionCriteria(9323): Package unavailable for task: com.google.android.apps.gcs/com.google.android.flib.phenotype.services.PhenotypeExperimentCommitService{u=0 tag="PhenotypeExpCommitSvc" trigger=window{start=0s,end=30s,earliest=-418s,latest=-388s} requirements=[NET_ANY] attributes=[PERSISTED] scheduled=-418s last_run=N/A exec_window_multiplier=1.0000 jid=N/A status=PENDING retries=0 client_lib=MANCHEGO_GCM-11732000} [CONTEXT service_id=218 ]
11-16 08:57:30.985: W/NetworkScheduler(9323): Immediate task was not started com.google.android.apps.chromecast.app/.gcm.GcmRegistrationService{u=0 tag="GcmRegistrationService" trigger=window{start=0s,end=1s,earliest=0s,latest=0s} requirements=[NET_CONNECTED] attributes=[] scheduled=0s last_run=N/A exec_window_multiplier=1.0000 jid=N/A status=PENDING retries=0 client_lib=MANCHEGO_GCM-18944000}. Rescheduling immediate tasks can cause excessive battery drain.
11-16 08:57:31.005: W/libprocessgroup(1164): kill(-13594, 9) failed: No such process
11-16 08:57:31.005: I/libprocessgroup(1164): Successfully killed process cgroup uid 10128 pid 13594 in 64ms
11-16 08:57:31.008: W/id.apps.tachyo(14649): JIT profile information will not be recorded: profile file does not exits.
11-16 08:57:31.008: I/chatty(14649): uid=10148(com.google.android.apps.tachyon) identical 1 line
11-16 08:57:31.008: W/id.apps.tachyo(14649): JIT profile information will not be recorded: profile file does not exits.
11-16 08:57:31.041: I/DefaultStickerUpdate(1433): Received 6 sticker packs in metadata
11-16 08:57:31.048: I/dex2oat(14641): The ClassLoaderContext is a special shared library.
11-16 08:57:31.048: I/dex2oat(14641): /system/bin/dex2oat --dex-file=/data/user/0/com.google.android.youtube/cache/1629828815138.jar --output-vdex-fd=86 --oat-fd=87 --oat-location=/data/user/0/com.google.android.youtube/cache/oat/arm64/1629828815138.odex --compiler-filter=quicken --class-loader-context=&
11-16 08:57:31.070: W/PrimesInit(14649): Primes instant initialization
11-16 08:57:31.073: W/Primes(14649): background initialization
11-16 08:57:31.096: I/PrimesTesting(14649): GserviceFlagsSupplier.get()
11-16 08:57:31.161: I/org.webrtc.Logging(14649): NativeLibrary: Loading native library: jingle_peerconnection_so
11-16 08:57:31.163: I/org.webrtc.Logging(14649): PeerConnectionFactory: PeerConnectionFactory was initialized without an injected Loggable. Any existing Loggable will be deleted.
11-16 08:57:31.169: I/DefaultStickerUpdate(1433): Created 152 indexables
11-16 08:57:31.177: W/SilentFeedbackConfig(8302): Renaming current_experiments.bin.tmp to current_experiments.bin failed
11-16 08:57:31.184: I/Icing(11268): Indexing com.google.android.gms-internal.3p:MobileApplication from com.google.android.gms
11-16 08:57:31.205: I/Icing(11268): Indexing done com.google.android.gms-internal.3p:MobileApplication
11-16 08:57:31.209: I/OpaEnabledReceiver(1464): Dispatching OPA eligble = true; AGSA = true; OPA enabled = true
11-16 08:57:31.209: I/OpaLayout(1464): Setting opa enabled to true
11-16 08:57:31.209: I/OpaLayout(1464): Setting opa enabled to true
11-16 08:57:31.210: I/Icing(11268): Indexing com.android.chrome-internal.3p:WebPage from com.android.chrome
11-16 08:57:31.213: W/id.apps.tachyo(14649): Unknown chunk type '200'.
11-16 08:57:31.223: D/EventBus(14649): No subscribers registered for event class gzh
11-16 08:57:31.223: D/EventBus(14649): No subscribers registered for event class sfa
11-16 08:57:31.226: I/BlobLobber(8302): Canceling downloads: [odws2_en:us:807_2019-07-21_260300236_release_signed]
11-16 08:57:31.226: I/BlobLobber(8302): Failed to cancel [odws2_en:us:807_2019-07-21_260300236_release_signed]
11-16 08:57:31.227: E/SQLiteLog(11268): (1) no such table: WebPage_com.android.chrome_seq_table
11-16 08:57:31.228: E/Icing(11268): Cursor call threw an exception: no such table: WebPage_com.android.chrome_seq_table (code 1 SQLITE_ERROR): , while compiling: SELECT * FROM [WebPage_com.android.chrome_seq_table] WHERE seqno>0 AND tag IS NULL ORDER BY seqno LIMIT 20
11-16 08:57:31.228: I/OpaEnabledReceiver(1464): Dispatching OPA eligble = true; AGSA = true; OPA enabled = true
11-16 08:57:31.228: I/OpaLayout(1464): Setting opa enabled to true
11-16 08:57:31.228: I/Icing(11268): Indexing done com.android.chrome-internal.3p:WebPage
11-16 08:57:31.228: E/Icing(11268): Aborting indexing of corpus internal.3p:WebPage
11-16 08:57:31.228: I/OpaLayout(1464): Setting opa enabled to true
11-16 08:57:31.235: I/OpaEligibilityChecker(8302): send OpaEligibilityChange broadcast to CommonBroadcastReceiver
11-16 08:57:31.236: I/BgTaskExecutorImpl(8302): Starting EXCLUSIVE background task BLOBLOBBER_SYNC.
11-16 08:57:31.249: D/EventBus(14649): No subscribers registered for event class gzh
11-16 08:57:31.249: D/EventBus(14649): No subscribers registered for event class sfa
11-16 08:57:31.262: I/VelourConfigListener(8302): Received new velour config
11-16 08:57:31.266: I/ActivityManager(1164): Start proc 14709:com.google.android.apps.walletnfcrel/u0a152 for broadcast com.google.android.apps.walletnfcrel/com.google.android.libraries.notifications.entrypoints.localechanged.LocaleChangedReceiver
11-16 08:57:31.266: I/OpaEnabledReceiver(1464): Dispatching OPA eligble = true; AGSA = true; OPA enabled = true
11-16 08:57:31.266: I/OpaLayout(1464): Setting opa enabled to true
11-16 08:57:31.267: I/OpaLayout(1464): Setting opa enabled to true
11-16 08:57:31.274: E/ps.walletnfcre(14709): Not starting debugger since process cannot load the jdwp agent.
11-16 08:57:31.279: I/OpaEligibilityChecker(8302): send OpaEligibilityChange broadcast to CommonBroadcastReceiver
11-16 08:57:31.286: I/OpaEnabledReceiver(1464): Dispatching OPA eligble = true; AGSA = true; OPA enabled = true
11-16 08:57:31.286: I/OpaLayout(1464): Setting opa enabled to true
11-16 08:57:31.286: I/OpaLayout(1464): Setting opa enabled to true
11-16 08:57:31.291: I/ps.walletnfcre(14709): The ClassLoaderContext is a special shared library.
11-16 08:57:31.305: I/BgTaskExecutorImpl(8302): Starting EXCLUSIVE background task VELOUR_BACKGROUND_MAINTENANCE.
11-16 08:57:31.331: I/dex2oat(14641): dex2oat took 300.090ms (68.083ms cpu) (threads: 8) arena alloc=13KB (13840B) java alloc=48KB (49168B) native alloc=904KB (926624B) free=2MB (2219104B)
11-16 08:57:31.341: I/android.youtub(14446): The ClassLoaderContext is a special shared library.
11-16 08:57:31.348: W/DynamiteModule(14709): Local module descriptor class for providerinstaller not found.
11-16 08:57:31.356: I/DynamiteModule(14709): Considering local module providerinstaller:0 and remote module providerinstaller:0
11-16 08:57:31.356: W/ProviderInstaller(14709): Failed to load providerinstaller module: No acceptable module found. Local version is 0 and remote version is 0.
11-16 08:57:31.358: W/ps.walletnfcre(14709): Unknown chunk type '200'.
11-16 08:57:31.361: I/ps.walletnfcre(14709): The ClassLoaderContext is a special shared library.
11-16 08:57:31.361: I/chatty(14709): uid=10152(com.google.android.apps.walletnfcrel) identical 1 line
11-16 08:57:31.362: I/ps.walletnfcre(14709): The ClassLoaderContext is a special shared library.
11-16 08:57:31.373: V/NativeCrypto(14709): Registering com/google/android/gms/org/conscrypt/NativeCrypto's 294 native methods...
11-16 08:57:31.384: D/NetworkSecurityConfig(14709): No Network Security Config specified, using platform default
11-16 08:57:31.385: I/ProviderInstaller(14709): Installed default security provider GmsCore_OpenSSL
11-16 08:57:31.395: D/ConnectivityService(1164): requestNetwork for uid/pid:10080/14446 NetworkRequest [ TRACK_DEFAULT id=58, [ Capabilities: INTERNET&NOT_RESTRICTED&TRUSTED Unwanted:  Uid: 10080] ]
11-16 08:57:31.395: D/WIFI_UT(1164): got request NetworkRequest [ TRACK_DEFAULT id=58, [ Capabilities: INTERNET&NOT_RESTRICTED&TRUSTED Unwanted:  Uid: 10080] ] with score 60
11-16 08:57:31.395: D/WIFI(1164): got request NetworkRequest [ TRACK_DEFAULT id=58, [ Capabilities: INTERNET&NOT_RESTRICTED&TRUSTED Unwanted:  Uid: 10080] ] with score 60
11-16 08:57:31.395: D/WIFI_AWARE_FACTORY(1164): got request NetworkRequest [ TRACK_DEFAULT id=58, [ Capabilities: INTERNET&NOT_RESTRICTED&TRUSTED Unwanted:  Uid: 10080] ] with score 60
11-16 08:57:31.395: D/Ethernet(1164): got request NetworkRequest [ TRACK_DEFAULT id=58, [ Capabilities: INTERNET&NOT_RESTRICTED&TRUSTED Unwanted:  Uid: 10080] ] with score 60
11-16 08:57:31.396: D/PhoneSwitcherNetworkRequstListener(1617): got request NetworkRequest [ TRACK_DEFAULT id=58, [ Capabilities: INTERNET&NOT_RESTRICTED&TRUSTED Unwanted:  Uid: 10080] ] with score 60
11-16 08:57:31.404: I/EventLogSendingHelper(8302): Sending log events.
11-16 08:57:31.417: W/earchbox:searc(8302): Unsupported class loader
11-16 08:57:31.425: I/PeopleChimeraService(11268): onService. callbacks = xmw@d4457da, request = com.google.android.gms.common.internal.GetServiceRequest@57a040b
11-16 08:57:31.431: I/android.youtub(14446): Rejecting re-init on previously-failed class java.lang.Class<com.google.android.ads.tasks.appdigest.a>: java.lang.NoClassDefFoundError: Failed resolution of: Landroid/content/pm/PackageManager$OnChecksumsReadyListener;
11-16 08:57:31.431: I/android.youtub(14446):   at java.lang.Class dalvik.system.DexFile.defineClassNative(java.lang.String, java.lang.ClassLoader, java.lang.Object, dalvik.system.DexFile) (DexFile.java:-2)
11-16 08:57:31.431: I/android.youtub(14446):   at java.lang.Class dalvik.system.DexFile.defineClass(java.lang.String, java.lang.ClassLoader, java.lang.Object, dalvik.system.DexFile, java.util.List) (DexFile.java:283)
11-16 08:57:31.431: I/android.youtub(14446):   at java.lang.Class dalvik.system.DexFile.loadClassBinaryName(java.lang.String, java.lang.ClassLoader, java.util.List) (DexFile.java:276)
11-16 08:57:31.432: I/android.youtub(14446):   at java.lang.Class dalvik.system.DexPathList$Element.findClass(java.lang.String, java.lang.ClassLoader, java.util.List) (DexPathList.java:724)
11-16 08:57:31.432: I/android.youtub(14446):   at java.lang.Class dalvik.system.DexPathList.findClass(java.lang.String, java.util.List) (DexPathList.java:486)
11-16 08:57:31.432: I/android.youtub(14446):   at java.lang.Class dalvik.system.BaseDexClassLoader.findClass(java.lang.String) (BaseDexClassLoader.java:132)
11-16 08:57:31.432: I/android.youtub(14446):   at java.lang.Class bg.loadClass(java.lang.String, boolean) (:com.google.android.gms.dynamite_dynamiteloader@213614065@21.36.14 (100400-0):2)
11-16 08:57:31.432: I/android.youtub(14446):   at java.lang.Class java.lang.ClassLoader.loadClass(java.lang.String) (ClassLoader.java:312)
11-16 08:57:31.432: I/android.youtub(14446):   at java.util.List xu.r(yv, android.content.Context, bqi, com.google.ads.afma.g) (:com.google.android.gms.policy_ads_fdr_dynamite@213806100@213806100057.397311113.397311113:5)
11-16 08:57:31.432: I/android.youtub(14446):   at java.util.List xv.r(yv, android.content.Context, bqi, com.google.ads.afma.g) (:com.google.android.gms.policy_ads_fdr_dynamite@213806100@213806100057.397311113.397311113:4)
11-16 08:57:31.432: I/android.youtub(14446):   at void xu.s(yv, android.content.Context, bqi, com.google.ads.afma.g) (:com.google.android.gms.policy_ads_fdr_dynamite@213806100@213806100057.397311113.397311113:0)
11-16 08:57:31.432: I/android.youtub(14446):   at bqi xu.m(android.content.Context, com.google.ads.afma.g) (:com.google.android.gms.policy_ads_fdr_dynamite@213806100@213806100057.397311113.397311113:7)
11-16 08:57:31.432: I/android.youtub(14446):   at java.lang.String xp.r(android.content.Context, java.lang.String, int, android.view.View, android.app.Activity, byte[]) (:com.google.android.gms.policy_ads_fdr_dynamite@213806100@213806100057.397311113.397311113:8)
11-16 08:57:31.432: I/android.youtub(14446):   at java.lang.String xp.g(android.content.Context, byte[]) (:com.google.android.gms.policy_ads_fdr_dynamite@213806100@213806100057.397311113.397311113:2)
11-16 08:57:31.432: I/android.youtub(14446):   at java.lang.String com.google.android.gms.ads.adshield.internal.a.b(aqh, byte[]) (:com.google.android.gms.policy_ads_fdr_dynamite@213806100@213806100057.397311113.397311113:1)
11-16 08:57:31.432: I/android.youtub(14446):   at boolean com.google.android.gms.ads.adshield.internal.a.bJ(int, android.os.Parcel, android.os.Parcel) (:com.google.android.gms.policy_ads_fdr_dynamite@213806100@213806100057.397311113.397311113:54)
11-16 08:57:31.432: I/android.youtub(14446):   at boolean zg.onTransact(int, android.os.Parcel, android.os.Parcel, int) (:com.google.android.gms.policy_ads_fdr_dynamite@213806100@213806100057.397311113.397311113:4)
11-16 08:57:31.432: I/android.youtub(14446):   at boolean android.os.Binder.transact(int, android.os.Parcel, android.os.Parcel, int) (Binder.java:667)
11-16 08:57:31.432: I/android.youtub(14446):   at android.os.Parcel pcs.a(int, android.os.Parcel) (SourceFile:7)
11-16 08:57:31.432: I/android.youtub(14446):   at java.lang.String pkk.a(oms, byte[]) (SourceFile:40)
11-16 08:57:31.432: I/android.youtub(14446):   at java.lang.String nrc.a(android.content.Context, byte[]) (SourceFile:6)
11-16 08:57:31.432: I/android.youtub(14446):   at java.lang.String qis.a(android.content.Context, byte[]) (SourceFile:10)
11-16 08:57:31.432: I/android.youtub(14446):   at java.lang.String skv.a(qio, byte[]) (SourceFile:59)
11-16 08:57:31.432: I/android.youtub(14446):   at java.lang.String skv.g() (SourceFile:41)
11-16 08:57:31.432: I/android.youtub(14446):   at java.lang.String skv.b() (SourceFile:69)
11-16 08:57:31.432: I/android.youtub(14446):   at java.lang.String slq.i() (SourceFile:56)
11-16 08:57:31.432: I/android.youtub(14446):   at java.lang.String slq.b() (SourceFile:32)
11-16 08:57:31.432: I/android.youtub(14446):   at void slq.e() (SourceFile:37)
11-16 08:57:31.432: I/android.youtub(14446):   at void cmk.run() (SourceFile:7)
11-16 08:57:31.432: I/android.youtub(14446):   at java.lang.Object java.util.concurrent.Executors$RunnableAdapter.call() (Executors.java:458)
11-16 08:57:31.432: I/android.youtub(14446):   at void java.util.concurrent.FutureTask.run() (FutureTask.java:266)
11-16 08:57:31.432: I/android.youtub(14446):   at void java.util.concurrent.ScheduledThreadPoolExecutor$ScheduledFutureTask.run() (ScheduledThreadPoolExecutor.java:301)
11-16 08:57:31.432: I/android.youtub(14446):   at void java.util.concurrent.ThreadPoolExecutor.runWorker(java.util.concurrent.ThreadPoolExecutor$Worker) (ThreadPoolExecutor.java:1167)
11-16 08:57:31.432: I/android.youtub(14446):   at void java.util.concurrent.ThreadPoolExecutor$Worker.run() (ThreadPoolExecutor.java:641)
11-16 08:57:31.432: I/android.youtub(14446):   at void ubi.run() (SourceFile:20)
11-16 08:57:31.432: I/android.youtub(14446):   at void java.lang.Thread.run() (Thread.java:764)
11-16 08:57:31.432: I/android.youtub(14446): Caused by: java.lang.ClassNotFoundException: Didn't find class "android.content.pm.PackageManager$OnChecksumsReadyListener" on path: DexPathList[[zip file "/data/user_de/0/com.google.android.gms/app_chimera/m/00000012/dl-AdsFdrDynamite.integ_213806100100000.apk"],nativeLibraryDirectories=[/data/user_de/0/com.google.android.gms/app_chimera/m/00000012/dl-AdsFdrDynamite.integ_213806100100000.apk!/lib/arm64-v8a, /system/lib64]]
11-16 08:57:31.432: I/android.youtub(14446):   at java.lang.Class dalvik.system.BaseDexClassLoader.findClass(java.lang.String) (BaseDexClassLoader.java:134)
11-16 08:57:31.432: I/android.youtub(14446):   at java.lang.Class java.lang.ClassLoader.loadClass(java.lang.String, boolean) (ClassLoader.java:379)
11-16 08:57:31.432: I/android.youtub(14446):   at java.lang.Class bg.loadClass(java.lang.String, boolean) (:com.google.android.gms.dynamite_dynamiteloader@213614065@21.36.14 (100400-0):3)
11-16 08:57:31.432: I/android.youtub(14446):   at java.lang.Class java.lang.ClassLoader.loadClass(java.lang.String) (ClassLoader.java:312)
11-16 08:57:31.432: I/android.youtub(14446):   at java.lang.Class dalvik.system.DexFile.defineClassNative(java.lang.String, java.lang.ClassLoader, java.lang.Object, dalvik.system.DexFile) (DexFile.java:-2)
11-16 08:57:31.432: I/android.youtub(14446):   at java.lang.Class dalvik.system.DexFile.defineClass(java.lang.String, java.lang.ClassLoader, java.lang.Object, dalvik.system.DexFile, java.util.List) (DexFile.java:283)
11-16 08:57:31.432: I/android.youtub(14446):   at java.lang.Class dalvik.system.DexFile.loadClassBinaryName(java.lang.String, java.lang.ClassLoader, java.util.List) (DexFile.java:276)
11-16 08:57:31.432: I/android.youtub(14446):   at java.lang.Class dalvik.system.DexPathList$Element.findClass(java.lang.String, java.lang.ClassLoader, java.util.List) (DexPathList.java:724)
11-16 08:57:31.432: I/android.youtub(14446):   at java.lang.Class dalvik.system.DexPathList.findClass(java.lang.String, java.util.List) (DexPathList.java:486)
11-16 08:57:31.432: I/android.youtub(14446):   at java.lang.Class dalvik.system.BaseDexClassLoader.findClass(java.lang.String) (BaseDexClassLoader.java:132)
11-16 08:57:31.432: I/android.youtub(14446):   at java.lang.Class bg.loadClass(java.lang.String, boolean) (:com.google.android.gms.dynamite_dynamiteloader@213614065@21.36.14 (100400-0):2)
11-16 08:57:31.432: I/android.youtub(14446):   at java.lang.Class java.lang.ClassLoader.loadClass(java.lang.String) (ClassLoader.java:312)
11-16 08:57:31.432: I/android.youtub(14446):   at java.util.List xu.r(yv, android.content.Context, bqi, com.google.ads.afma.g) (:com.google.android.gms.policy_ads_fdr_dynamite@213806100@213806100057.397311113.397311113:5)
11-16 08:57:31.432: I/android.youtub(14446):   at java.util.List xv.r(yv, android.content.Context, bqi, com.google.ads.afma.g) (:com.google.android.gms.policy_ads_fdr_dynamite@213806100@213806100057.397311113.397311113:4)
11-16 08:57:31.432: I/android.youtub(14446):   at void xu.s(yv, android.content.Context, bqi, com.google.ads.afma.g) (:com.google.android.gms.policy_ads_fdr_dynamite@213806100@213806100057.397311113.397311113:0)
11-16 08:57:31.432: I/android.youtub(14446):   at bqi xu.m(android.content.Context, com.google.ads.afma.g) (:com.google.android.gms.policy_ads_fdr_dynamite@213806100@213806100057.397311113.397311113:7)
11-16 08:57:31.432: I/android.youtub(14446):   at java.lang.String xp.r(android.content.Context, java.lang.String, int, android.view.View, android.app.Activity, byte[]) (:com.google.android.gms.policy_ads_fdr_dynamite@213806100@213806100057.397311113.397311113:8)
11-16 08:57:31.432: I/android.youtub(14446):   at java.lang.String xp.g(android.content.Context, byte[]) (:com.google.android.gms.policy_ads_fdr_dynamite@213806100@213806100057.397311113.397311113:2)
11-16 08:57:31.432: I/android.youtub(14446):   at java.lang.String com.google.android.gms.ads.adshield.internal.a.b(aqh, byte[]) (:com.google.android.gms.policy_ads_fdr_dynamite@213806100@213806100057.397311113.397311113:1)
11-16 08:57:31.432: I/android.youtub(14446):   at boolean com.google.android.gms.ads.adshield.internal.a.bJ(int, android.os.Parcel, android.os.Parcel) (:com.google.android.gms.policy_ads_fdr_dynamite@213806100@213806100057.397311113.397311113:54)
11-16 08:57:31.432: I/android.youtub(14446):   at boolean zg.onTransact(int, android.os.Parcel, android.os.Parcel, int) (:com.google.android.gms.policy_ads_fdr_dynamite@213806100@213806100057.397311113.397311113:4)
11-16 08:57:31.432: I/android.youtub(14446):   at boolean android.os.Binder.transact(int, android.os.Parcel, android.os.Parcel, int) (Binder.java:667)
11-16 08:57:31.432: I/android.youtub(14446):   at android.os.Parcel pcs.a(int, android.os.Parcel) (SourceFile:7)
11-16 08:57:31.432: I/android.youtub(14446):   at java.lang.String pkk.a(oms, byte[]) (SourceFile:40)
11-16 08:57:31.432: I/android.youtub(14446):   at java.lang.String nrc.a(android.content.Context, byte[]) (SourceFile:6)
11-16 08:57:31.432: I/android.youtub(14446):   at java.lang.String qis.a(android.content.Context, byte[]) (SourceFile:10)
11-16 08:57:31.432: I/android.youtub(14446):   at java.lang.String skv.a(qio, byte[]) (SourceFile:59)
11-16 08:57:31.432: I/android.youtub(14446):   at java.lang.String skv.g() (SourceFile:41)
11-16 08:57:31.432: I/android.youtub(14446):   at java.lang.String skv.b() (SourceFile:69)
11-16 08:57:31.432: I/android.youtub(14446):   at java.lang.String slq.i() (SourceFile:56)
11-16 08:57:31.432: I/android.youtub(14446):   at java.lang.String slq.b() (SourceFile:32)
11-16 08:57:31.432: I/android.youtub(14446):   at void slq.e() (SourceFile:37)
11-16 08:57:31.432: I/android.youtub(14446):   at void cmk.run() (SourceFile:7)
11-16 08:57:31.432: I/android.youtub(14446):   at java.lang.Object java.util.concurrent.Executors$RunnableAdapter.call() (Executors.java:458)
11-16 08:57:31.432: I/android.youtub(14446):   at void java.util.concurrent.FutureTask.run() (FutureTask.java:266)
11-16 08:57:31.432: I/android.youtub(14446):   at void java.util.concurrent.ScheduledThreadPoolExecutor$ScheduledFutureTask.run() (ScheduledThreadPoolExecutor.java:301)
11-16 08:57:31.432: I/android.youtub(14446):   at void java.util.concurrent.ThreadPoolExecutor.runWorker(java.util.concurrent.ThreadPoolExecutor$Worker) (ThreadPoolExecutor.java:1167)
11-16 08:57:31.432: I/android.youtub(14446):   at void java.util.concurrent.ThreadPoolExecutor$Worker.run() (ThreadPoolExecutor.java:641)
11-16 08:57:31.432: I/android.youtub(14446):   at void ubi.run() (SourceFile:20)
11-16 08:57:31.432: I/android.youtub(14446):   at void java.lang.Thread.run() (Thread.java:764)
11-16 08:57:31.433: I/android.youtub(14446): Rejecting re-init on previously-failed class java.lang.Class<com.google.android.ads.tasks.appdigest.a>: java.lang.NoClassDefFoundError: Failed resolution of: Landroid/content/pm/PackageManager$OnChecksumsReadyListener;
11-16 08:57:31.433: I/android.youtub(14446):   at java.lang.Class dalvik.system.DexFile.defineClassNative(java.lang.String, java.lang.ClassLoader, java.lang.Object, dalvik.system.DexFile) (DexFile.java:-2)
11-16 08:57:31.433: I/android.youtub(14446):   at java.lang.Class dalvik.system.DexFile.defineClass(java.lang.String, java.lang.ClassLoader, java.lang.Object, dalvik.system.DexFile, java.util.List) (DexFile.java:283)
11-16 08:57:31.433: I/android.youtub(14446):   at java.lang.Class dalvik.system.DexFile.loadClassBinaryName(java.lang.String, java.lang.ClassLoader, java.util.List) (DexFile.java:276)
11-16 08:57:31.433: I/android.youtub(14446):   at java.lang.Class dalvik.system.DexPathList$Element.findClass(java.lang.String, java.lang.ClassLoader, java.util.List) (DexPathList.java:724)
11-16 08:57:31.433: I/android.youtub(14446):   at java.lang.Class dalvik.system.DexPathList.findClass(java.lang.String, java.util.List) (DexPathList.java:486)
11-16 08:57:31.433: I/android.youtub(14446):   at java.lang.Class dalvik.system.BaseDexClassLoader.findClass(java.lang.String) (BaseDexClassLoader.java:132)
11-16 08:57:31.433: I/android.youtub(14446):   at java.lang.Class bg.loadClass(java.lang.String, boolean) (:com.google.android.gms.dynamite_dynamiteloader@213614065@21.36.14 (100400-0):2)
11-16 08:57:31.433: I/android.youtub(14446):   at java.lang.Class java.lang.ClassLoader.loadClass(java.lang.String) (ClassLoader.java:312)
11-16 08:57:31.433: I/android.youtub(14446):   at java.util.List xu.r(yv, android.content.Context, bqi, com.google.ads.afma.g) (:com.google.android.gms.policy_ads_fdr_dynamite@213806100@213806100057.397311113.397311113:5)
11-16 08:57:31.433: I/android.youtub(14446):   at java.util.List xv.r(yv, android.content.Context, bqi, com.google.ads.afma.g) (:com.google.android.gms.policy_ads_fdr_dynamite@213806100@213806100057.397311113.397311113:4)
11-16 08:57:31.433: I/android.youtub(14446):   at void xu.s(yv, android.content.Context, bqi, com.google.ads.afma.g) (:com.google.android.gms.policy_ads_fdr_dynamite@213806100@213806100057.397311113.397311113:0)
11-16 08:57:31.433: I/android.youtub(14446):   at bqi xu.m(android.content.Context, com.google.ads.afma.g) (:com.google.android.gms.policy_ads_fdr_dynamite@213806100@213806100057.397311113.397311113:7)
11-16 08:57:31.433: I/android.youtub(14446):   at java.lang.String xp.r(android.content.Context, java.lang.String, int, android.view.View, android.app.Activity, byte[]) (:com.google.android.gms.policy_ads_fdr_dynamite@213806100@213806100057.397311113.397311113:8)
11-16 08:57:31.433: I/android.youtub(14446):   at java.lang.String xp.g(android.content.Context, byte[]) (:com.google.android.gms.policy_ads_fdr_dynamite@213806100@213806100057.397311113.397311113:2)
11-16 08:57:31.433: I/android.youtub(14446):   at java.lang.String com.google.android.gms.ads.adshield.internal.a.b(aqh, byte[]) (:com.google.android.gms.policy_ads_fdr_dynamite@213806100@213806100057.397311113.397311113:1)
11-16 08:57:31.433: I/android.youtub(14446):   at boolean com.google.android.gms.ads.adshield.internal.a.bJ(int, android.os.Parcel, android.os.Parcel) (:com.google.android.gms.policy_ads_fdr_dynamite@213806100@213806100057.397311113.397311113:54)
11-16 08:57:31.433: I/android.youtub(14446):   at boolean zg.onTransact(int, android.os.Parcel, android.os.Parcel, int) (:com.google.android.gms.policy_ads_fdr_dynamite@213806100@213806100057.397311113.397311113:4)
11-16 08:57:31.433: I/android.youtub(14446):   at boolean android.os.Binder.transact(int, android.os.Parcel, android.os.Parcel, int) (Binder.java:667)
11-16 08:57:31.433: I/android.youtub(14446):   at android.os.Parcel pcs.a(int, android.os.Parcel) (SourceFile:7)
11-16 08:57:31.433: I/android.youtub(14446):   at java.lang.String pkk.a(oms, byte[]) (SourceFile:40)
11-16 08:57:31.433: I/android.youtub(14446):   at java.lang.String nrc.a(android.content.Context, byte[]) (SourceFile:6)
11-16 08:57:31.433: I/android.youtub(14446):   at java.lang.String qis.a(android.content.Context, byte[]) (SourceFile:10)
11-16 08:57:31.433: I/android.youtub(14446):   at java.lang.String skv.a(qio, byte[]) (SourceFile:59)
11-16 08:57:31.433: I/android.youtub(14446):   at java.lang.String skv.g() (SourceFile:41)
11-16 08:57:31.433: I/android.youtub(14446):   at java.lang.String skv.b() (SourceFile:69)
11-16 08:57:31.433: I/android.youtub(14446):   at java.lang.String slq.i() (SourceFile:56)
11-16 08:57:31.433: I/android.youtub(14446):   at java.lang.String slq.b() (SourceFile:32)
11-16 08:57:31.433: I/android.youtub(14446):   at void slq.e() (SourceFile:37)
11-16 08:57:31.433: I/android.youtub(14446):   at void cmk.run() (SourceFile:7)
11-16 08:57:31.433: I/android.youtub(14446):   at java.lang.Object java.util.concurrent.Executors$RunnableAdapter.call() (Executors.java:458)
11-16 08:57:31.433: I/android.youtub(14446):   at void java.util.concurrent.FutureTask.run() (FutureTask.java:266)
11-16 08:57:31.433: I/android.youtub(14446):   at void java.util.concurrent.ScheduledThreadPoolExecutor$ScheduledFutureTask.run() (ScheduledThreadPoolExecutor.java:301)
11-16 08:57:31.433: I/android.youtub(14446):   at void java.util.concurrent.ThreadPoolExecutor.runWorker(java.util.concurrent.ThreadPoolExecutor$Worker) (ThreadPoolExecutor.java:1167)
11-16 08:57:31.433: I/android.youtub(14446):   at void java.util.concurrent.ThreadPoolExecutor$Worker.run() (ThreadPoolExecutor.java:641)
11-16 08:57:31.433: I/android.youtub(14446):   at void ubi.run() (SourceFile:20)
11-16 08:57:31.433: I/android.youtub(14446):   at void java.lang.Thread.run() (Thread.java:764)
11-16 08:57:31.433: I/android.youtub(14446): Caused by: java.lang.ClassNotFoundException: Didn't find class "android.content.pm.PackageManager$OnChecksumsReadyListener" on path: DexPathList[[zip file "/data/user_de/0/com.google.android.gms/app_chimera/m/00000012/dl-AdsFdrDynamite.integ_213806100100000.apk"],nativeLibraryDirectories=[/data/user_de/0/com.google.android.gms/app_chimera/m/00000012/dl-AdsFdrDynamite.integ_213806100100000.apk!/lib/arm64-v8a, /system/lib64]]
11-16 08:57:31.433: I/android.youtub(14446):   at java.lang.Class dalvik.system.BaseDexClassLoader.findClass(java.lang.String) (BaseDexClassLoader.java:134)
11-16 08:57:31.433: I/android.youtub(14446):   at java.lang.Class java.lang.ClassLoader.loadClass(java.lang.String, boolean) (ClassLoader.java:379)
11-16 08:57:31.433: I/android.youtub(14446):   at java.lang.Class bg.loadClass(java.lang.String, boolean) (:com.google.android.gms.dynamite_dynamiteloader@213614065@21.36.14 (100400-0):3)
11-16 08:57:31.433: I/android.youtub(14446):   at java.lang.Class java.lang.ClassLoader.loadClass(java.lang.String) (ClassLoader.java:312)
11-16 08:57:31.433: I/android.youtub(14446):   at java.lang.Class dalvik.system.DexFile.defineClassNative(java.lang.String, java.lang.ClassLoader, java.lang.Object, dalvik.system.DexFile) (DexFile.java:-2)
11-16 08:57:31.433: I/android.youtub(14446):   at java.lang.Class dalvik.system.DexFile.defineClass(java.lang.String, java.lang.ClassLoader, java.lang.Object, dalvik.system.DexFile, java.util.List) (DexFile.java:283)
11-16 08:57:31.433: I/android.youtub(14446):   at java.lang.Class dalvik.system.DexFile.loadClassBinaryName(java.lang.String, java.lang.ClassLoader, java.util.List) (DexFile.java:276)
11-16 08:57:31.433: I/android.youtub(14446):   at java.lang.Class dalvik.system.DexPathList$Element.findClass(java.lang.String, java.lang.ClassLoader, java.util.List) (DexPathList.java:724)
11-16 08:57:31.433: I/android.youtub(14446):   at java.lang.Class dalvik.system.DexPathList.findClass(java.lang.String, java.util.List) (DexPathList.java:486)
11-16 08:57:31.433: I/android.youtub(14446):   at java.lang.Class dalvik.system.BaseDexClassLoader.findClass(java.lang.String) (BaseDexClassLoader.java:132)
11-16 08:57:31.433: I/android.youtub(14446):   at java.lang.Class bg.loadClass(java.lang.String, boolean) (:com.google.android.gms.dynamite_dynamiteloader@213614065@21.36.14 (100400-0):2)
11-16 08:57:31.433: I/android.youtub(14446):   at java.lang.Class java.lang.ClassLoader.loadClass(java.lang.String) (ClassLoader.java:312)
11-16 08:57:31.433: I/android.youtub(14446):   at java.util.List xu.r(yv, android.content.Context, bqi, com.google.ads.afma.g) (:com.google.android.gms.policy_ads_fdr_dynamite@213806100@213806100057.397311113.397311113:5)
11-16 08:57:31.433: I/android.youtub(14446):   at java.util.List xv.r(yv, android.content.Context, bqi, com.google.ads.afma.g) (:com.google.android.gms.policy_ads_fdr_dynamite@213806100@213806100057.397311113.397311113:4)
11-16 08:57:31.433: I/android.youtub(14446):   at void xu.s(yv, android.content.Context, bqi, com.google.ads.afma.g) (:com.google.android.gms.policy_ads_fdr_dynamite@213806100@213806100057.397311113.397311113:0)
11-16 08:57:31.433: I/android.youtub(14446):   at bqi xu.m(android.content.Context, com.google.ads.afma.g) (:com.google.android.gms.policy_ads_fdr_dynamite@213806100@213806100057.397311113.397311113:7)
11-16 08:57:31.433: I/android.youtub(14446):   at java.lang.String xp.r(android.content.Context, java.lang.String, int, android.view.View, android.app.Activity, byte[]) (:com.google.android.gms.policy_ads_fdr_dynamite@213806100@213806100057.397311113.397311113:8)
11-16 08:57:31.433: I/android.youtub(14446):   at java.lang.String xp.g(android.content.Context, byte[]) (:com.google.android.gms.policy_ads_fdr_dynamite@213806100@213806100057.397311113.397311113:2)
11-16 08:57:31.433: I/android.youtub(14446):   at java.lang.String com.google.android.gms.ads.adshield.internal.a.b(aqh, byte[]) (:com.google.android.gms.policy_ads_fdr_dynamite@213806100@213806100057.397311113.397311113:1)
11-16 08:57:31.433: I/android.youtub(14446):   at boolean com.google.android.gms.ads.adshield.internal.a.bJ(int, android.os.Parcel, android.os.Parcel) (:com.google.android.gms.policy_ads_fdr_dynamite@213806100@213806100057.397311113.397311113:54)
11-16 08:57:31.433: I/android.youtub(14446):   at boolean zg.onTransact(int, android.os.Parcel, android.os.Parcel, int) (:com.google.android.gms.policy_ads_fdr_dynamite@213806100@213806100057.397311113.397311113:4)
11-16 08:57:31.433: I/android.youtub(14446):   at boolean android.os.Binder.transact(int, android.os.Parcel, android.os.Parcel, int) (Binder.java:667)
11-16 08:57:31.433: I/android.youtub(14446):   at android.os.Parcel pcs.a(int, android.os.Parcel) (SourceFile:7)
11-16 08:57:31.433: I/android.youtub(14446):   at java.lang.String pkk.a(oms, byte[]) (SourceFile:40)
11-16 08:57:31.433: I/android.youtub(14446):   at java.lang.String nrc.a(android.content.Context, byte[]) (SourceFile:6)
11-16 08:57:31.433: I/android.youtub(14446):   at java.lang.String qis.a(android.content.Context, byte[]) (SourceFile:10)
11-16 08:57:31.433: I/android.youtub(14446):   at java.lang.String skv.a(qio, byte[]) (SourceFile:59)
11-16 08:57:31.433: I/android.youtub(14446):   at java.lang.String skv.g() (SourceFile:41)
11-16 08:57:31.433: I/android.youtub(14446):   at java.lang.String skv.b() (SourceFile:69)
11-16 08:57:31.433: I/android.youtub(14446):   at java.lang.String slq.i() (SourceFile:56)
11-16 08:57:31.433: I/android.youtub(14446):   at java.lang.String slq.b() (SourceFile:32)
11-16 08:57:31.433: I/android.youtub(14446):   at void slq.e() (SourceFile:37)
11-16 08:57:31.433: I/android.youtub(14446):   at void cmk.run() (SourceFile:7)
11-16 08:57:31.433: I/android.youtub(14446):   at java.lang.Object java.util.concurrent.Executors$RunnableAdapter.call() (Executors.java:458)
11-16 08:57:31.433: I/android.youtub(14446):   at void java.util.concurrent.FutureTask.run() (FutureTask.java:266)
11-16 08:57:31.433: I/android.youtub(14446):   at void java.util.concurrent.ScheduledThreadPoolExecutor$ScheduledFutureTask.run() (ScheduledThreadPoolExecutor.java:301)
11-16 08:57:31.433: I/android.youtub(14446):   at void java.util.concurrent.ThreadPoolExecutor.runWorker(java.util.concurrent.ThreadPoolExecutor$Worker) (ThreadPoolExecutor.java:1167)
11-16 08:57:31.433: I/android.youtub(14446):   at void java.util.concurrent.ThreadPoolExecutor$Worker.run() (ThreadPoolExecutor.java:641)
11-16 08:57:31.433: I/android.youtub(14446):   at void ubi.run() (SourceFile:20)
11-16 08:57:31.433: I/android.youtub(14446):   at void java.lang.Thread.run() (Thread.java:764)
11-16 08:57:31.442: I/BackgroundTaskManager(14709): Executing task PhenotypeRegistrationTask.phenotype_registration with PARALLEL execution policy.
11-16 08:57:31.448: D/BoundBrokerSvc(9323): onBind: Intent { act=com.google.android.gms.tapandpay.service.BIND pkg=com.google.android.gms }
11-16 08:57:31.448: D/BoundBrokerSvc(9323): Loading bound service for intent: Intent { act=com.google.android.gms.tapandpay.service.BIND pkg=com.google.android.gms }
11-16 08:57:31.453: W/PrimesInit(14709): Primes instant initialization
11-16 08:57:31.454: W/Primes(14709): background initialization
11-16 08:57:31.474: I/PrimesTesting(14709): GserviceFlagsSupplier.get()
11-16 08:57:31.488: D/DownloadManager(6826): [83] Starting
11-16 08:57:31.493: I/TapAndPayApplication(14709): Successfully initialized Firebase App
11-16 08:57:31.502: I/BackgroundTaskManager(14709): Executing task AccountFreshener.freshen with SEQUENTIAL execution policy.
11-16 08:57:31.505: W/SearchServiceCore(8302): Abort, client detached.
11-16 08:57:31.505: I/chatty(8302): uid=10047 com.google.android.googlequicksearchbox:search identical 4 lines
11-16 08:57:31.505: W/SearchServiceCore(8302): Abort, client detached.
