11-16 08:57:39.946: I/ActivityManager(1164): Activity requesting to dismiss Keyguard: ActivityRecord{6a25770 u0 com.google.android.apps.mtaas.backdrop/.BackdropActivity t4}
11-16 08:57:39.966: I/GoogleInputMethod(3645): onFinishInput() : Dummy InputConnection bound
11-16 08:57:39.967: I/GoogleInputMethod(3645): onStartInput() : Dummy InputConnection bound
11-16 08:57:39.970: I/ActivityManager(1164): Killing 20351:com.google.android.as:nonpersistent/u0a43 (adj 906): empty #17
11-16 08:57:39.973: W/libprocessgroup(1164): kill(-20351, 9) failed: No such process
11-16 08:57:39.992: E/le.android.kee(21285): Not starting debugger since process cannot load the jdwp agent.
11-16 08:57:39.992: I/MonitoringInstr(20772): Unstopped activity count: 1
11-16 08:57:39.996: D/ConnectivityService(1164): ConnectivityService NetworkRequestInfo binderDied(NetworkRequest [ LISTEN id=54, [ Capabilities: INTERNET&NOT_RESTRICTED&TRUSTED Unwanted:  Uid: 10043] ], android.os.BinderProxy@e2f66af)
11-16 08:57:39.996: W/libprocessgroup(1164): kill(-20351, 9) failed: No such process
11-16 08:57:39.996: I/Zygote(733): Process 20351 exited due to signal (9)
11-16 08:57:40.000: I/ActivityManager(1164): Start proc 21285:com.google.android.keep/u0a150 for broadcast com.google.android.keep/.notification.ReminderNotificationReceiver
11-16 08:57:40.018: D/LifecycleMonitor(20772): Lifecycle status change: androidx.fragment.app.FragmentActivity@a129a46 in: STOPPED
11-16 08:57:40.020: I/le.android.kee(21285): The ClassLoaderContext is a special shared library.
11-16 08:57:40.024: D/LifecycleMonitor(20772): Lifecycle status change: androidx.fragment.app.FragmentActivity@a129a46 in: DESTROYED
11-16 08:57:40.036: W/SurfaceFlinger(643): Attempting to destroy on removed layer: AppWindowToken{49b10e7 token=Token{f185ea6 ActivityRecord{9ed6001 u0 androidx.lifecycle.viewmodel.compose.test/androidx.fragment.app.FragmentActivity t11}}}#0
11-16 08:57:40.041: W/libprocessgroup(1164): kill(-20351, 9) failed: No such process
11-16 08:57:40.041: I/libprocessgroup(1164): Successfully killed process cgroup uid 10043 pid 20351 in 68ms
11-16 08:57:40.044: I/TestRunner(20772): started: viewModelCreatedInFragment[class androidx.lifecycle.viewmodel.compose.SavedStateHandleViewModel](androidx.lifecycle.viewmodel.compose.ViewModelInFragmentTest)
11-16 08:57:40.048: W/ActivityTestRule(20772): getActivityIntent() returned null using default: Intent(Intent.ACTION_MAIN)
11-16 08:57:40.052: I/ActivityManager(1164): START u0 {act=android.intent.action.MAIN flg=0x10000000 cmp=androidx.lifecycle.viewmodel.compose.test/androidx.fragment.app.FragmentActivity} from uid 10172
11-16 08:57:40.056: D/android.hardware.power@1.3-service.crosshatch-libperfmgr(768): LAUNCH ON
11-16 08:57:40.062: E/NotificationService(1164): Muting recently noisy 0|com.google.android.apps.mtaas.backdrop|1|null|10163
11-16 08:57:40.073: W/ActivityThread(20772): handleWindowVisibility: no activity for token android.os.BinderProxy@1db751d
11-16 08:57:40.081: I/roid.music:mai(20695): Waiting for a blocking GC ProfileSaver
11-16 08:57:40.084: I/system_server(1164): NativeAlloc concurrent copying GC freed 18998(1048KB) AllocSpace objects, 14(536KB) LOS objects, 42% free, 17MB/29MB, paused 51us total 122.960ms
11-16 08:57:40.092: I/roid.music:mai(20695): WaitForGcToComplete blocked ProfileSaver on AddRemoveAppImageSpace for 10.797ms
11-16 08:57:40.092: D/LifecycleMonitor(20772): Lifecycle status change: androidx.fragment.app.FragmentActivity@e22a6de in: PRE_ON_CREATE
11-16 08:57:40.105: D/LifecycleMonitor(20772): Lifecycle status change: androidx.fragment.app.FragmentActivity@e22a6de in: CREATED
11-16 08:57:40.109: D/LifecycleMonitor(20772): Lifecycle status change: androidx.fragment.app.FragmentActivity@e22a6de in: STARTED
11-16 08:57:40.115: D/LifecycleMonitor(20772): Lifecycle status change: androidx.fragment.app.FragmentActivity@e22a6de in: RESUMED
11-16 08:57:40.119: I/WindowManager(1164): Queue is too deep! Purged item with taskid=4
11-16 08:57:40.143: I/GoogleInputMethod(3645): onFinishInput() : Dummy InputConnection bound
11-16 08:57:40.143: I/GoogleInputMethod(3645): onStartInput() : Dummy InputConnection bound
11-16 08:57:40.150: D/android.hardware.power@1.3-service.crosshatch-libperfmgr(768): LAUNCH OFF
11-16 08:57:40.156: I/FA(21203): App measurement is starting up, version: 18079
11-16 08:57:40.157: I/FA(21203): To enable debug logging run: adb shell setprop log.tag.FA VERBOSE
11-16 08:57:40.157: I/FA(21203): To enable faster debug mode event logging run:
11-16 08:57:40.157: I/FA(21203):   adb shell setprop debug.firebase.analytics.app com.google.android.apps.walletnfcrel
11-16 08:57:40.160: I/ActivityManager(1164): Displayed androidx.lifecycle.viewmodel.compose.test/androidx.fragment.app.FragmentActivity: +99ms
11-16 08:57:40.164: W/SurfaceFlinger(643): Attempting to set client state on removed layer: Splash Screen androidx.lifecycle.viewmodel.compose.test#0
11-16 08:57:40.164: W/SurfaceFlinger(643): Attempting to destroy on removed layer: Splash Screen androidx.lifecycle.viewmodel.compose.test#0
11-16 08:57:40.196: I/Adreno(1164): QUALCOMM build                   : 3f88ca2, I42f6fe38fb
11-16 08:57:40.196: I/Adreno(1164): Build Date                       : 07/13/18
11-16 08:57:40.196: I/Adreno(1164): OpenGL ES Shader Compiler Version: EV031.24.00.00
11-16 08:57:40.196: I/Adreno(1164): Local Branch                     : 50.04
11-16 08:57:40.196: I/Adreno(1164): Remote Branch                    : 
11-16 08:57:40.196: I/Adreno(1164): Remote Branch                    : 
11-16 08:57:40.196: I/Adreno(1164): Reconstruct Branch               : 
11-16 08:57:40.196: I/Adreno(1164): Build Config                     : S P 4.0.10 AArch64
11-16 08:57:40.197: D/LifecycleMonitor(20772): Lifecycle status change: androidx.fragment.app.FragmentActivity@e22a6de in: PAUSED
11-16 08:57:40.200: E/libc(1164): Access denied finding property "vendor.debug.prerotation.disable"
11-16 08:57:40.200: E/libc(1164): Access denied finding property "vendor.debug.prerotation.disable"
11-16 08:57:40.201: I/Adreno(1164): PFP: 0x016ee170, ME: 0x00000000
11-16 08:57:40.201: E/libc(1164): Access denied finding property "vendor.debug.prerotation.disable"
11-16 08:57:40.202: I/ConfigStore(1164): android::hardware::configstore::V1_0::ISurfaceFlingerConfigs::hasWideColorDisplay retrieved: 1
11-16 08:57:40.202: I/ConfigStore(1164): android::hardware::configstore::V1_0::ISurfaceFlingerConfigs::hasHDRDisplay retrieved: 1
11-16 08:57:40.202: I/OpenGLRenderer(1164): Initialized EGL, version 1.4
11-16 08:57:40.202: D/OpenGLRenderer(1164): Swap behavior 2
11-16 08:57:40.209: I/BackdropActivity(19780): onResume()
11-16 08:57:40.209: I/TestRunner(20772): finished: viewModelCreatedInFragment[class androidx.lifecycle.viewmodel.compose.SavedStateHandleViewModel](androidx.lifecycle.viewmodel.compose.ViewModelInFragmentTest)
11-16 08:57:40.210: I/ActivityManager(1164): Activity requesting to dismiss Keyguard: ActivityRecord{6a25770 u0 com.google.android.apps.mtaas.backdrop/.BackdropActivity t4}
11-16 08:57:40.213: I/MonitoringInstr(20772): Activities that are still in CREATED to STOPPED: 1
11-16 08:57:40.214: I/MonitoringInstr(20772): Unstopped activity count: 1
11-16 08:57:40.222: I/akhr(12097): Scheduling adaptive one off task with window [14400, 604800] in seconds [CONTEXT service_id=51 ]
11-16 08:57:40.227: I/GoogleInputMethod(3645): onFinishInput() : Dummy InputConnection bound
11-16 08:57:40.229: I/GoogleInputMethod(3645): onStartInput() : Dummy InputConnection bound
11-16 08:57:40.251: I/WindowManager(1164): Queue is too deep! Purged item with taskid=11
11-16 08:57:40.264: I/MonitoringInstr(20772): Unstopped activity count: 1
11-16 08:57:40.278: D/LifecycleMonitor(20772): Lifecycle status change: androidx.fragment.app.FragmentActivity@e22a6de in: STOPPED
11-16 08:57:40.283: I/NetworkScheduler.Stats(12097): Task com.google.android.gms/com.google.android.gms.phenotype.service.sync.PhenotypeConfigurator finished executing. cause:5 result: 1 elapsed_millis: 1793 uptime_millis: 1793 exec_start_elapsed_seconds: 1851 [CONTEXT service_id=218 ]
11-16 08:57:40.284: D/LifecycleMonitor(20772): Lifecycle status change: androidx.fragment.app.FragmentActivity@e22a6de in: DESTROYED
11-16 08:57:40.286: W/NetworkScheduler(12097): Error inserting period=2000 preferred_network_type=1 target_class=com.google.android.gms.phenotype.service.sync.PhenotypeConfigurator required_network_type=0 runtime=1637081859067 required_idleness_state=0 extras={"fetchReason":{"15":0},"fetchPackage":{"com.google.android.apps.chromecast.app":4}} source=16 service_kind=0 target_package=com.google.android.gms persistence_level=1 source_version=213614000 last_runtime=0 user_id=0 job_id=-1 requires_charging=0 tag=PhenotypeSyncImmediately flex_time=1000 task_type=0 retry_strategy={"maximum_backoff_seconds":{"3600":0},"initial_backoff_seconds":{"30":0},"retry_policy":{"0":0}}, error message: UNIQUE constraint failed: pending_ops.tag, pending_ops.target_class, pending_ops.target_package, pending_ops.user_id (code 2067 SQLITE_CONSTRAINT_UNIQUE) [CONTEXT service_id=218 ]
11-16 08:57:40.291: W/SurfaceFlinger(643): Attempting to destroy on removed layer: AppWindowToken{1bf7ca7 token=Token{b202166 ActivityRecord{58375c1 u0 androidx.lifecycle.viewmodel.compose.test/androidx.fragment.app.FragmentActivity t12}}}#0
11-16 08:57:40.299: E/ExecutionCriteria(12097): Package unavailable for task: com.google.android.apps.gcs/com.google.android.flib.phenotype.services.PhenotypeExperimentCommitService{u=0 tag="PhenotypeExpCommitSvc" trigger=window{start=0s,end=30s,earliest=-1753s,latest=-1723s} requirements=[NET_ANY] attributes=[PERSISTED] scheduled=-1753s last_run=N/A exec_window_multiplier=1.0000 jid=N/A status=PENDING retries=0 client_lib=MANCHEGO_GCM-11732000} [CONTEXT service_id=218 ]
11-16 08:57:40.315: D/BoundBrokerSvc(14067): onUnbind: Intent { act=com.google.android.gms.findmydevice.spot.service.locationreport.START cmp=com.google.android.gms/.chimera.GmsApiService }
11-16 08:57:40.315: I/TestRunner(20772): started: viewModelCreatedInFragment[class androidx.lifecycle.viewmodel.compose.SavedStateHandleAndApplicationViewModel](androidx.lifecycle.viewmodel.compose.ViewModelInFragmentTest)
11-16 08:57:40.317: W/ActivityTestRule(20772): getActivityIntent() returned null using default: Intent(Intent.ACTION_MAIN)
11-16 08:57:40.320: E/NotificationService(1164): Muting recently noisy 0|com.google.android.apps.mtaas.backdrop|1|null|10163
11-16 08:57:40.321: I/ActivityManager(1164): START u0 {act=android.intent.action.MAIN flg=0x10000000 cmp=androidx.lifecycle.viewmodel.compose.test/androidx.fragment.app.FragmentActivity} from uid 10172
11-16 08:57:40.329: D/android.hardware.power@1.3-service.crosshatch-libperfmgr(768): LAUNCH ON
11-16 08:57:40.335: I/NetworkScheduler.Stats(12097): Task com.google.android.gms/com.google.android.gms.phenotype.service.sync.PhenotypeConfigurator started execution. cause:5 exec_start_elapsed_seconds: 1853 [CONTEXT service_id=218 ]
11-16 08:57:40.336: W/ActivityThread(20772): handleWindowVisibility: no activity for token android.os.BinderProxy@c79499b
11-16 08:57:40.342: D/LifecycleMonitor(20772): Lifecycle status change: androidx.fragment.app.FragmentActivity@6bfb8e4 in: PRE_ON_CREATE
11-16 08:57:40.354: D/LifecycleMonitor(20772): Lifecycle status change: androidx.fragment.app.FragmentActivity@6bfb8e4 in: CREATED
11-16 08:57:40.360: D/LifecycleMonitor(20772): Lifecycle status change: androidx.fragment.app.FragmentActivity@6bfb8e4 in: STARTED
11-16 08:57:40.363: D/LifecycleMonitor(20772): Lifecycle status change: androidx.fragment.app.FragmentActivity@6bfb8e4 in: RESUMED
11-16 08:57:40.373: I/WindowManager(1164): Queue is too deep! Purged item with taskid=4
11-16 08:57:40.393: W/ComponentDiscovery(21285): Application info not found.
11-16 08:57:40.393: W/ComponentDiscovery(21285): Could not retrieve metadata, returning empty list of registrars.
11-16 08:57:40.398: E/ExecutionCriteria(12097): Package unavailable for task: com.google.android.apps.gcs/com.google.android.flib.phenotype.services.PhenotypeExperimentCommitService{u=0 tag="PhenotypeExpCommitSvc" trigger=window{start=0s,end=30s,earliest=-1753s,latest=-1723s} requirements=[NET_ANY] attributes=[PERSISTED] scheduled=-1753s last_run=N/A exec_window_multiplier=1.0000 jid=N/A status=PENDING retries=0 client_lib=MANCHEGO_GCM-11732000} [CONTEXT service_id=218 ]
11-16 08:57:40.418: E/ExecutionCriteria(12097): Package unavailable for task: com.google.android.apps.gcs/com.google.android.flib.phenotype.services.PhenotypeExperimentCommitService{u=0 tag="PhenotypeExpCommitSvc" trigger=window{start=0s,end=30s,earliest=-1753s,latest=-1723s} requirements=[NET_ANY] attributes=[PERSISTED] scheduled=-1753s last_run=N/A exec_window_multiplier=1.0000 jid=N/A status=PENDING retries=0 client_lib=MANCHEGO_GCM-11732000} [CONTEXT service_id=218 ]
11-16 08:57:40.419: D/android.hardware.power@1.3-service.crosshatch-libperfmgr(768): LAUNCH OFF
11-16 08:57:40.419: I/GoogleInputMethod(3645): onFinishInput() : Dummy InputConnection bound
11-16 08:57:40.420: I/GoogleInputMethod(3645): onStartInput() : Dummy InputConnection bound
11-16 08:57:40.420: I/ActivityManager(1164): Displayed androidx.lifecycle.viewmodel.compose.test/androidx.fragment.app.FragmentActivity: +93ms
11-16 08:57:40.426: W/SurfaceFlinger(643): Attempting to set client state on removed layer: Splash Screen androidx.lifecycle.viewmodel.compose.test#0
11-16 08:57:40.426: W/SurfaceFlinger(643): Attempting to destroy on removed layer: Splash Screen androidx.lifecycle.viewmodel.compose.test#0
11-16 08:57:40.434: E/ExecutionCriteria(12097): Package unavailable for task: com.google.android.apps.gcs/com.google.android.flib.phenotype.services.PhenotypeExperimentCommitService{u=0 tag="PhenotypeExpCommitSvc" trigger=window{start=0s,end=30s,earliest=-1753s,latest=-1723s} requirements=[NET_ANY] attributes=[PERSISTED] scheduled=-1753s last_run=N/A exec_window_multiplier=1.0000 jid=N/A status=PENDING retries=0 client_lib=MANCHEGO_GCM-11732000} [CONTEXT service_id=218 ]
11-16 08:57:40.438: W/BroadcastQueue(1164): Background execution not allowed: receiving Intent { act=com.google.android.music.START_DOWNLOAD_SCHEDULING flg=0x10 } to com.google.android.music/.autocache.AutoCacheSchedulingService$EnablingReceiver
11-16 08:57:40.457: I/Adreno(1164): QUALCOMM build                   : 3f88ca2, I42f6fe38fb
11-16 08:57:40.457: I/Adreno(1164): Build Date                       : 07/13/18
11-16 08:57:40.457: I/Adreno(1164): OpenGL ES Shader Compiler Version: EV031.24.00.00
11-16 08:57:40.457: I/Adreno(1164): Local Branch                     : 50.04
11-16 08:57:40.457: I/Adreno(1164): Remote Branch                    : 
11-16 08:57:40.457: I/Adreno(1164): Remote Branch                    : 
11-16 08:57:40.457: I/Adreno(1164): Reconstruct Branch               : 
11-16 08:57:40.457: I/Adreno(1164): Build Config                     : S P 4.0.10 AArch64
11-16 08:57:40.459: E/libc(1164): Access denied finding property "vendor.debug.prerotation.disable"
11-16 08:57:40.459: E/libc(1164): Access denied finding property "vendor.debug.prerotation.disable"
11-16 08:57:40.460: I/Adreno(1164): PFP: 0x016ee170, ME: 0x00000000
11-16 08:57:40.460: E/libc(1164): Access denied finding property "vendor.debug.prerotation.disable"
11-16 08:57:40.460: I/ConfigStore(1164): android::hardware::configstore::V1_0::ISurfaceFlingerConfigs::hasWideColorDisplay retrieved: 1
11-16 08:57:40.460: I/ConfigStore(1164): android::hardware::configstore::V1_0::ISurfaceFlingerConfigs::hasHDRDisplay retrieved: 1
11-16 08:57:40.461: I/OpenGLRenderer(1164): Initialized EGL, version 1.4
11-16 08:57:40.461: D/OpenGLRenderer(1164): Swap behavior 2
11-16 08:57:40.465: W/Primes(21285): Primes not initialized, returning default (no-op) Primes instance which will ignore all calls. Please call Primes.initialize(...) before using any Primes API.
11-16 08:57:40.474: D/LifecycleMonitor(20772): Lifecycle status change: androidx.fragment.app.FragmentActivity@6bfb8e4 in: PAUSED
11-16 08:57:40.476: W/PrimesInit(21285): Primes instant initialization
11-16 08:57:40.477: W/Primes(21285): background initialization
11-16 08:57:40.484: I/TestRunner(20772): finished: viewModelCreatedInFragment[class androidx.lifecycle.viewmodel.compose.SavedStateHandleAndApplicationViewModel](androidx.lifecycle.viewmodel.compose.ViewModelInFragmentTest)
11-16 08:57:40.486: I/MonitoringInstr(20772): Activities that are still in CREATED to STOPPED: 1
11-16 08:57:40.486: I/MonitoringInstr(20772): Unstopped activity count: 1
11-16 08:57:40.489: I/BackdropActivity(19780): onResume()
11-16 08:57:40.490: I/ActivityManager(1164): Activity requesting to dismiss Keyguard: ActivityRecord{6a25770 u0 com.google.android.apps.mtaas.backdrop/.BackdropActivity t4}
11-16 08:57:40.533: I/WindowManager(1164): Queue is too deep! Purged item with taskid=12
11-16 08:57:40.536: I/PrimesTesting(21285): GserviceFlagsSupplier.get()
11-16 08:57:40.536: I/MonitoringInstr(20772): Unstopped activity count: 1
11-16 08:57:40.538: I/GoogleInputMethod(3645): onFinishInput() : Dummy InputConnection bound
11-16 08:57:40.538: I/GoogleInputMethod(3645): onStartInput() : Dummy InputConnection bound
11-16 08:57:40.559: D/LifecycleMonitor(20772): Lifecycle status change: androidx.fragment.app.FragmentActivity@6bfb8e4 in: STOPPED
11-16 08:57:40.570: D/LifecycleMonitor(20772): Lifecycle status change: androidx.fragment.app.FragmentActivity@6bfb8e4 in: DESTROYED
11-16 08:57:40.584: I/MediaStoreImporter(20695): Update: incremental Added music: 0 Updated music: 0 Deleted music: 0 Created playlists: 0 Updated playlists: 0 Deleted playlists: 0 Inserted playlist items: 0 Deleted playlist items: 0 Removed orphaned playlist items: 0
11-16 08:57:40.585: W/KeepGATracker(21285): Disabling GA because no account was specified
11-16 08:57:40.586: D/MusicLifecycle(20695): com.google.android.music.download.EncapsulatedBroadcastReceiver$1 generated event: Broadcast received with context com.google.android.music.ui.PhoneMusicApplication@277812f and intent Intent { act=com.google.android.music.IMPORT_COMPLETE flg=0x10 }
11-16 08:57:40.595: E/NotificationService(1164): Muting recently noisy 0|com.google.android.apps.mtaas.backdrop|1|null|10163
11-16 08:57:40.609: I/TestRunner(20772): started: viewModelCreatedViaDefaultFactory(androidx.lifecycle.viewmodel.compose.ViewModelTest)
11-16 08:57:40.621: W/Settings(20772): Setting always_finish_activities has moved from android.provider.Settings.System to android.provider.Settings.Global, returning read-only value.
11-16 08:57:40.623: I/akhr(12097): Scheduling Phenotype for a PhenotypeSyncImmediately(16, com.google.android.keep) one off with window [1, 2] in seconds [CONTEXT service_id=51 ]
11-16 08:57:40.628: I/ActivityManager(1164): START u0 {act=android.intent.action.MAIN cat=[android.intent.category.LAUNCHER] flg=0x10008000 cmp=androidx.lifecycle.viewmodel.compose.test/androidx.test.core.app.InstrumentationActivityInvoker$BootstrapActivity (has extras)} from uid 10172
11-16 08:57:40.632: D/android.hardware.power@1.3-service.crosshatch-libperfmgr(768): LAUNCH ON
11-16 08:57:40.638: W/ActivityThread(20772): handleWindowVisibility: no activity for token android.os.BinderProxy@4d26a41
11-16 08:57:40.648: D/LifecycleMonitor(20772): Lifecycle status change: androidx.test.core.app.InstrumentationActivityInvoker$BootstrapActivity@78e03d4 in: PRE_ON_CREATE
11-16 08:57:40.649: V/ActivityScenario(20772): Activity lifecycle changed event received but ignored because the intent does not match. startActivityIntent=Intent { act=android.intent.action.MAIN cat=[android.intent.category.LAUNCHER] cmp=androidx.lifecycle.viewmodel.compose.test/androidx.activity.ComponentActivity }, activity.getIntent()=Intent { act=android.intent.action.MAIN cat=[android.intent.category.LAUNCHER] flg=0x10008000 cmp=androidx.lifecycle.viewmodel.compose.test/androidx.test.core.app.InstrumentationActivityInvoker$BootstrapActivity (has extras) }, activity=androidx.test.core.app.InstrumentationActivityInvoker$BootstrapActivity@78e03d4
11-16 08:57:40.650: W/BroadcastQueue(1164): Background execution not allowed: receiving Intent { act=com.google.android.systemui.OPA_ENABLED flg=0x10000010 (has extras) } to com.google.android.apps.nexuslauncher/.qsb.OPAStatusReceiver
11-16 08:57:40.653: W/BroadcastQueue(1164): Background execution not allowed: receiving Intent { act=com.google.android.systemui.OPA_ENABLED flg=0x10000010 (has extras) } to com.google.android.apps.nexuslauncher/.qsb.OPAStatusReceiver
11-16 08:57:40.659: D/LifecycleMonitor(20772): Lifecycle status change: androidx.test.core.app.InstrumentationActivityInvoker$BootstrapActivity@78e03d4 in: CREATED
11-16 08:57:40.659: V/ActivityScenario(20772): Activity lifecycle changed event received but ignored because the intent does not match. startActivityIntent=Intent { act=android.intent.action.MAIN cat=[android.intent.category.LAUNCHER] cmp=androidx.lifecycle.viewmodel.compose.test/androidx.activity.ComponentActivity }, activity.getIntent()=Intent { act=android.intent.action.MAIN cat=[android.intent.category.LAUNCHER] flg=0x10008000 cmp=androidx.lifecycle.viewmodel.compose.test/androidx.test.core.app.InstrumentationActivityInvoker$BootstrapActivity (has extras) }, activity=androidx.test.core.app.InstrumentationActivityInvoker$BootstrapActivity@78e03d4
11-16 08:57:40.661: D/LifecycleMonitor(20772): Lifecycle status change: androidx.test.core.app.InstrumentationActivityInvoker$BootstrapActivity@78e03d4 in: STARTED
11-16 08:57:40.661: V/ActivityScenario(20772): Activity lifecycle changed event received but ignored because the intent does not match. startActivityIntent=Intent { act=android.intent.action.MAIN cat=[android.intent.category.LAUNCHER] cmp=androidx.lifecycle.viewmodel.compose.test/androidx.activity.ComponentActivity }, activity.getIntent()=Intent { act=android.intent.action.MAIN cat=[android.intent.category.LAUNCHER] flg=0x10008000 cmp=androidx.lifecycle.viewmodel.compose.test/androidx.test.core.app.InstrumentationActivityInvoker$BootstrapActivity (has extras) }, activity=androidx.test.core.app.InstrumentationActivityInvoker$BootstrapActivity@78e03d4
11-16 08:57:40.654: W/BroadcastQueue(1164): Background execution not allowed: receiving Intent { act=com.google.android.systemui.OPA_ENABLED flg=0x10000010 (has extras) } to com.google.android.apps.nexuslauncher/.qsb.OPAStatusReceiver
11-16 08:57:40.662: I/ActivityManager(1164): START u0 {act=android.intent.action.MAIN cat=[android.intent.category.LAUNCHER] cmp=androidx.lifecycle.viewmodel.compose.test/androidx.activity.ComponentActivity} from uid 10172
11-16 08:57:40.663: D/android.hardware.power@1.3-service.crosshatch-libperfmgr(768): LAUNCH ON
11-16 08:57:40.667: D/LifecycleMonitor(20772): Lifecycle status change: androidx.test.core.app.InstrumentationActivityInvoker$BootstrapActivity@78e03d4 in: RESUMED
11-16 08:57:40.667: V/ActivityScenario(20772): Activity lifecycle changed event received but ignored because the intent does not match. startActivityIntent=Intent { act=android.intent.action.MAIN cat=[android.intent.category.LAUNCHER] cmp=androidx.lifecycle.viewmodel.compose.test/androidx.activity.ComponentActivity }, activity.getIntent()=Intent { act=android.intent.action.MAIN cat=[android.intent.category.LAUNCHER] flg=0x10008000 cmp=androidx.lifecycle.viewmodel.compose.test/androidx.test.core.app.InstrumentationActivityInvoker$BootstrapActivity (has extras) }, activity=androidx.test.core.app.InstrumentationActivityInvoker$BootstrapActivity@78e03d4
11-16 08:57:40.670: D/LifecycleMonitor(20772): Lifecycle status change: androidx.test.core.app.InstrumentationActivityInvoker$BootstrapActivity@78e03d4 in: PAUSED
11-16 08:57:40.670: V/ActivityScenario(20772): Activity lifecycle changed event received but ignored because the intent does not match. startActivityIntent=Intent { act=android.intent.action.MAIN cat=[android.intent.category.LAUNCHER] cmp=androidx.lifecycle.viewmodel.compose.test/androidx.activity.ComponentActivity }, activity.getIntent()=Intent { act=android.intent.action.MAIN cat=[android.intent.category.LAUNCHER] flg=0x10008000 cmp=androidx.lifecycle.viewmodel.compose.test/androidx.test.core.app.InstrumentationActivityInvoker$BootstrapActivity (has extras) }, activity=androidx.test.core.app.InstrumentationActivityInvoker$BootstrapActivity@78e03d4
11-16 08:57:40.680: I/WindowManager(1164): Queue is too deep! Purged item with taskid=4
11-16 08:57:40.682: W/ActivityThread(20772): handleWindowVisibility: no activity for token android.os.BinderProxy@695321f
11-16 08:57:40.691: I/.gms.persisten(12097): Background concurrent copying GC freed 244800(12MB) AllocSpace objects, 9(264KB) LOS objects, 49% free, 13MB/26MB, paused 32us total 112.932ms
11-16 08:57:40.692: D/LifecycleMonitor(20772): Lifecycle status change: androidx.activity.ComponentActivity@fcf4058 in: PRE_ON_CREATE
11-16 08:57:40.692: V/ActivityScenario(20772): Activity lifecycle changed event received but ignored because the reported transition was not ON_CREATE while the last known transition was PRE_ON_CREATE
11-16 08:57:40.697: D/LifecycleMonitor(20772): Lifecycle status change: androidx.activity.ComponentActivity@fcf4058 in: CREATED
11-16 08:57:40.698: V/ActivityScenario(20772): Update currentActivityStage to CREATED, currentActivity=androidx.activity.ComponentActivity@fcf4058
11-16 08:57:40.699: D/LifecycleMonitor(20772): Lifecycle status change: androidx.activity.ComponentActivity@fcf4058 in: STARTED
11-16 08:57:40.699: V/ActivityScenario(20772): Update currentActivityStage to STARTED, currentActivity=androidx.activity.ComponentActivity@fcf4058
11-16 08:57:40.700: D/LifecycleMonitor(20772): Lifecycle status change: androidx.activity.ComponentActivity@fcf4058 in: RESUMED
11-16 08:57:40.700: V/ActivityScenario(20772): Update currentActivityStage to RESUMED, currentActivity=androidx.activity.ComponentActivity@fcf4058
11-16 08:57:40.706: I/PeopleChimeraService(14067): onService. callbacks = xmw@61f40d7, request = com.google.android.gms.common.internal.GetServiceRequest@e5a4dc4
11-16 08:57:40.728: I/ActivityManager(1164): Killing 20381:com.google.android.calendar/u0a124 (adj 906): empty #17
11-16 08:57:40.730: W/libprocessgroup(1164): kill(-20381, 9) failed: No such process
11-16 08:57:40.743: D/android.hardware.power@1.3-service.crosshatch-libperfmgr(768): LAUNCH OFF
11-16 08:57:40.748: I/GoogleInputMethod(3645): onFinishInput() : Dummy InputConnection bound
11-16 08:57:40.749: I/GoogleInputMethod(3645): onStartInput() : Dummy InputConnection bound
11-16 08:57:40.754: W/libprocessgroup(1164): kill(-20381, 9) failed: No such process
11-16 08:57:40.757: I/ActivityManager(1164): Displayed androidx.lifecycle.viewmodel.compose.test/androidx.activity.ComponentActivity: +113ms
11-16 08:57:40.761: W/SurfaceFlinger(643): Attempting to set client state on removed layer: Splash Screen androidx.lifecycle.viewmodel.compose.test#0
11-16 08:57:40.762: W/SurfaceFlinger(643): Attempting to destroy on removed layer: Splash Screen androidx.lifecycle.viewmodel.compose.test#0
11-16 08:57:40.775: D/LifecycleMonitor(20772): Lifecycle status change: androidx.test.core.app.InstrumentationActivityInvoker$BootstrapActivity@78e03d4 in: STOPPED
11-16 08:57:40.775: V/ActivityScenario(20772): Activity lifecycle changed event received but ignored because the intent does not match. startActivityIntent=Intent { act=android.intent.action.MAIN cat=[android.intent.category.LAUNCHER] cmp=androidx.lifecycle.viewmodel.compose.test/androidx.activity.ComponentActivity }, activity.getIntent()=Intent { act=android.intent.action.MAIN cat=[android.intent.category.LAUNCHER] flg=0x10008000 cmp=androidx.lifecycle.viewmodel.compose.test/androidx.test.core.app.InstrumentationActivityInvoker$BootstrapActivity (has extras) }, activity=androidx.test.core.app.InstrumentationActivityInvoker$BootstrapActivity@78e03d4
11-16 08:57:40.778: I/Zygote(732): Process 20381 exited due to signal (9)
11-16 08:57:40.787: D/EventInjectionStrategy(20772): Creating injection strategy with input manager.
11-16 08:57:40.787: W/el.compose.tes(20772): Accessing hidden method Landroid/hardware/input/InputManager;->getInstance()Landroid/hardware/input/InputManager; (light greylist, reflection)
11-16 08:57:40.787: W/el.compose.tes(20772): Accessing hidden method Landroid/hardware/input/InputManager;->injectInputEvent(Landroid/view/InputEvent;I)Z (light greylist, reflection)
11-16 08:57:40.787: W/el.compose.tes(20772): Accessing hidden field Landroid/hardware/input/InputManager;->INJECT_INPUT_EVENT_MODE_WAIT_FOR_FINISH:I (light greylist, reflection)
11-16 08:57:40.795: D/IdlingResourceRegistry(20772): All idling resources are idle.
11-16 08:57:40.796: I/Adreno(1164): QUALCOMM build                   : 3f88ca2, I42f6fe38fb
11-16 08:57:40.796: I/Adreno(1164): Build Date                       : 07/13/18
11-16 08:57:40.796: I/Adreno(1164): OpenGL ES Shader Compiler Version: EV031.24.00.00
11-16 08:57:40.796: I/Adreno(1164): Local Branch                     : 50.04
11-16 08:57:40.796: I/Adreno(1164): Remote Branch                    : 
11-16 08:57:40.796: I/Adreno(1164): Remote Branch                    : 
11-16 08:57:40.796: I/Adreno(1164): Reconstruct Branch               : 
11-16 08:57:40.796: I/Adreno(1164): Build Config                     : S P 4.0.10 AArch64
11-16 08:57:40.796: W/el.compose.tes(20772): Accessing hidden method Landroid/os/MessageQueue;->next()Landroid/os/Message; (light greylist, reflection)
11-16 08:57:40.796: W/el.compose.tes(20772): Accessing hidden field Landroid/os/MessageQueue;->mMessages:Landroid/os/Message; (light greylist, reflection)
11-16 08:57:40.797: W/el.compose.tes(20772): Accessing hidden method Landroid/os/Message;->recycleUnchecked()V (light greylist, reflection)
11-16 08:57:40.797: E/libc(1164): Access denied finding property "vendor.debug.prerotation.disable"
11-16 08:57:40.798: W/libprocessgroup(1164): kill(-20381, 9) failed: No such process
11-16 08:57:40.798: I/libprocessgroup(1164): Successfully killed process cgroup uid 10124 pid 20381 in 67ms
11-16 08:57:40.798: E/libc(1164): Access denied finding property "vendor.debug.prerotation.disable"
11-16 08:57:40.798: I/Adreno(1164): PFP: 0x016ee170, ME: 0x00000000
11-16 08:57:40.798: E/libc(1164): Access denied finding property "vendor.debug.prerotation.disable"
11-16 08:57:40.799: I/ConfigStore(1164): android::hardware::configstore::V1_0::ISurfaceFlingerConfigs::hasWideColorDisplay retrieved: 1
11-16 08:57:40.799: I/ConfigStore(1164): android::hardware::configstore::V1_0::ISurfaceFlingerConfigs::hasHDRDisplay retrieved: 1
11-16 08:57:40.799: I/OpenGLRenderer(1164): Initialized EGL, version 1.4
11-16 08:57:40.800: D/OpenGLRenderer(1164): Swap behavior 2
11-16 08:57:40.802: D/IdlingResourceRegistry(20772): All idling resources are idle.
11-16 08:57:40.809: W/system_server(1164): Unknown chunk type '200'.
11-16 08:57:40.818: I/ActivityManager(1164): START u0 {act=android.intent.action.MAIN cat=[android.intent.category.LAUNCHER] flg=0x10000000 cmp=androidx.lifecycle.viewmodel.compose.test/androidx.test.core.app.InstrumentationActivityInvoker$EmptyActivity} from uid 10172
11-16 08:57:40.820: D/android.hardware.power@1.3-service.crosshatch-libperfmgr(768): LAUNCH ON
11-16 08:57:40.824: I/InputReader(1164): Reconfiguring input devices.  changes=0x00000010
11-16 08:57:40.826: D/LifecycleMonitor(20772): Lifecycle status change: androidx.activity.ComponentActivity@fcf4058 in: PAUSED
11-16 08:57:40.826: D/RegisteredNfcFServicesCache(4175): Service unchanged, not updating
11-16 08:57:40.826: V/ActivityScenario(20772): Update currentActivityStage to PAUSED, currentActivity=androidx.activity.ComponentActivity@fcf4058
11-16 08:57:40.830: E/PhoneInterfaceManager(3811): [PhoneIntfMgr] getCarrierPackageNamesForIntent: No UICC
11-16 08:57:40.830: D/CarrierSvcBindHelper(3811): No carrier app for: 0
11-16 08:57:40.830: D/ImsResolver(3811): maybeAddedImsService, packageName: com.google.android.gms
11-16 08:57:40.831: I/system_server(1164): NativeAlloc concurrent copying GC freed 54292(3MB) AllocSpace objects, 12(496KB) LOS objects, 42% free, 18MB/31MB, paused 54us total 112.608ms
11-16 08:57:40.838: I/Telecom(1164): DefaultDialerCache: Refreshing default dialer for user 0: now com.google.android.dialer: DDC.oR@AKM
11-16 08:57:40.843: W/ActivityThread(20772): handleWindowVisibility: no activity for token android.os.BinderProxy@855a494
11-16 08:57:40.848: I/CarrierServices(11245): [2] RcsAutoStartReceiver.b: carrierServicesJibeServiceEnabled changed from true to true
11-16 08:57:40.848: I/Fitness(12097): OnPackageChangedOperation got intent: Intent { act=android.intent.action.PACKAGE_CHANGED dat=package:com.google.android.gms flg=0x45000010 pkg=com.google.android.gms cmp=com.google.android.gms/.chimera.PersistentIntentOperationService (has extras) } [CONTEXT service_id=17 ]
11-16 08:57:40.849: I/CarrierServices(11245): [2] RcsAutoStartReceiver.b: enableRcs changed from true to true
11-16 08:57:40.849: I/CarrierServices(11245): [2] RcsAutoStartReceiver.b: RcsAutoStartReceiver triggered. Fetching RCS State. Action: android.intent.action.PACKAGE_CHANGED
11-16 08:57:40.852: I/CarrierServices(11245): [2] aws.a: Migration binding to RcsMigrationService
11-16 08:57:40.853: D/LifecycleMonitor(20772): Lifecycle status change: androidx.test.core.app.InstrumentationActivityInvoker$EmptyActivity@cb23483 in: PRE_ON_CREATE
11-16 08:57:40.854: V/ActivityScenario(20772): Activity lifecycle changed event received but ignored because the intent does not match. startActivityIntent=Intent { act=android.intent.action.MAIN cat=[android.intent.category.LAUNCHER] cmp=androidx.lifecycle.viewmodel.compose.test/androidx.activity.ComponentActivity }, activity.getIntent()=Intent { act=android.intent.action.MAIN cat=[android.intent.category.LAUNCHER] flg=0x10000000 cmp=androidx.lifecycle.viewmodel.compose.test/androidx.test.core.app.InstrumentationActivityInvoker$EmptyActivity }, activity=androidx.test.core.app.InstrumentationActivityInvoker$EmptyActivity@cb23483
11-16 08:57:40.856: I/BugleDataModel(19928): RcsMigrationService: Returning RCS state provider.
11-16 08:57:40.857: I/Fitness(12097): FitCleanupIntentOperation received Intent android.intent.action.PACKAGE_CHANGED [CONTEXT service_id=17 ]
11-16 08:57:40.860: I/akia(12097): Removed 0 invalid users [CONTEXT service_id=51 ]
11-16 08:57:40.864: I/BugleRcsEngine(19928): [915] pot.a: Sim state is not ready. Returning last known operation mode.
11-16 08:57:40.864: D/LifecycleMonitor(20772): Lifecycle status change: androidx.test.core.app.InstrumentationActivityInvoker$EmptyActivity@cb23483 in: CREATED
11-16 08:57:40.865: V/ActivityScenario(20772): Activity lifecycle changed event received but ignored because the intent does not match. startActivityIntent=Intent { act=android.intent.action.MAIN cat=[android.intent.category.LAUNCHER] cmp=androidx.lifecycle.viewmodel.compose.test/androidx.activity.ComponentActivity }, activity.getIntent()=Intent { act=android.intent.action.MAIN cat=[android.intent.category.LAUNCHER] flg=0x10000000 cmp=androidx.lifecycle.viewmodel.compose.test/androidx.test.core.app.InstrumentationActivityInvoker$EmptyActivity }, activity=androidx.test.core.app.InstrumentationActivityInvoker$EmptyActivity@cb23483
11-16 08:57:40.865: I/CarrierServices(11245): [635] awt.doInBackground: Saving RCS State
11-16 08:57:40.865: I/CarrierServices(11245): [635] awt.doInBackground: Old operation mode: 0
11-16 08:57:40.865: I/CarrierServices(11245): [635] awt.doInBackground: New operation mode: 0
11-16 08:57:40.867: D/LifecycleMonitor(20772): Lifecycle status change: androidx.test.core.app.InstrumentationActivityInvoker$EmptyActivity@cb23483 in: STARTED
11-16 08:57:40.867: V/ActivityScenario(20772): Activity lifecycle changed event received but ignored because the intent does not match. startActivityIntent=Intent { act=android.intent.action.MAIN cat=[android.intent.category.LAUNCHER] cmp=androidx.lifecycle.viewmodel.compose.test/androidx.activity.ComponentActivity }, activity.getIntent()=Intent { act=android.intent.action.MAIN cat=[android.intent.category.LAUNCHER] flg=0x10000000 cmp=androidx.lifecycle.viewmodel.compose.test/androidx.test.core.app.InstrumentationActivityInvoker$EmptyActivity }, activity=androidx.test.core.app.InstrumentationActivityInvoker$EmptyActivity@cb23483
11-16 08:57:40.869: I/CarrierServices(11245): [2] aww.a: Unbinding RcsMigrationService
11-16 08:57:40.874: D/LifecycleMonitor(20772): Lifecycle status change: androidx.test.core.app.InstrumentationActivityInvoker$EmptyActivity@cb23483 in: RESUMED
11-16 08:57:40.874: V/ActivityScenario(20772): Activity lifecycle changed event received but ignored because the intent does not match. startActivityIntent=Intent { act=android.intent.action.MAIN cat=[android.intent.category.LAUNCHER] cmp=androidx.lifecycle.viewmodel.compose.test/androidx.activity.ComponentActivity }, activity.getIntent()=Intent { act=android.intent.action.MAIN cat=[android.intent.category.LAUNCHER] flg=0x10000000 cmp=androidx.lifecycle.viewmodel.compose.test/androidx.test.core.app.InstrumentationActivityInvoker$EmptyActivity }, activity=androidx.test.core.app.InstrumentationActivityInvoker$EmptyActivity@cb23483
11-16 08:57:40.889: I/PeopleGalProvider(14067): Gal directories started.
11-16 08:57:40.894: W/ChimeraUtils(12097): Module com.google.android.gms.nearby_en has empty metadata display_name_string_id
11-16 08:57:40.898: I/GoogleInputMethod(3645): onFinishInput() : Dummy InputConnection bound
11-16 08:57:40.898: I/GoogleInputMethod(3645): onStartInput() : Dummy InputConnection bound
11-16 08:57:40.899: I/ActivityManager(1164): START u0 {act=android.intent.action.MAIN cat=[android.intent.category.LAUNCHER] flg=0x10000000 cmp=androidx.lifecycle.viewmodel.compose.test/androidx.test.core.app.InstrumentationActivityInvoker$EmptyActivity} from uid 10172
11-16 08:57:40.902: D/android.hardware.power@1.3-service.crosshatch-libperfmgr(768): LAUNCH ON
11-16 08:57:40.904: I/Icing(14067): updateResources: need to parse zml{com.google.android.gms}
11-16 08:57:40.913: I/PeopleGalProvider(14067): Method 1 completed.
11-16 08:57:40.913: I/PeopleGalProvider(14067): Method 1 finished successfully.
11-16 08:57:40.927: D/LifecycleMonitor(20772): Lifecycle status change: androidx.test.core.app.InstrumentationActivityInvoker$EmptyActivity@cb23483 in: PAUSED
11-16 08:57:40.927: V/ActivityScenario(20772): Activity lifecycle changed event received but ignored because the intent does not match. startActivityIntent=Intent { act=android.intent.action.MAIN cat=[android.intent.category.LAUNCHER] cmp=androidx.lifecycle.viewmodel.compose.test/androidx.activity.ComponentActivity }, activity.getIntent()=Intent { act=android.intent.action.MAIN cat=[android.intent.category.LAUNCHER] flg=0x10000000 cmp=androidx.lifecycle.viewmodel.compose.test/androidx.test.core.app.InstrumentationActivityInvoker$EmptyActivity }, activity=androidx.test.core.app.InstrumentationActivityInvoker$EmptyActivity@cb23483
11-16 08:57:40.934: D/LifecycleMonitor(20772): Lifecycle status change: androidx.test.core.app.InstrumentationActivityInvoker$BootstrapActivity@78e03d4 in: DESTROYED
11-16 08:57:40.934: V/ActivityScenario(20772): Activity lifecycle changed event received but ignored because the intent does not match. startActivityIntent=Intent { act=android.intent.action.MAIN cat=[android.intent.category.LAUNCHER] cmp=androidx.lifecycle.viewmodel.compose.test/androidx.activity.ComponentActivity }, activity.getIntent()=Intent { act=android.intent.action.MAIN cat=[android.intent.category.LAUNCHER] flg=0x10008000 cmp=androidx.lifecycle.viewmodel.compose.test/androidx.test.core.app.InstrumentationActivityInvoker$BootstrapActivity (has extras) }, activity=androidx.test.core.app.InstrumentationActivityInvoker$BootstrapActivity@78e03d4
11-16 08:57:40.935: W/ActivityThread(20772): handleWindowVisibility: no activity for token android.os.BinderProxy@debb0fb
11-16 08:57:40.938: D/LifecycleMonitor(20772): Lifecycle status change: androidx.test.core.app.InstrumentationActivityInvoker$EmptyActivity@6d4ab71 in: PRE_ON_CREATE
11-16 08:57:40.939: V/ActivityScenario(20772): Activity lifecycle changed event received but ignored because the intent does not match. startActivityIntent=Intent { act=android.intent.action.MAIN cat=[android.intent.category.LAUNCHER] cmp=androidx.lifecycle.viewmodel.compose.test/androidx.activity.ComponentActivity }, activity.getIntent()=Intent { act=android.intent.action.MAIN cat=[android.intent.category.LAUNCHER] flg=0x10000000 cmp=androidx.lifecycle.viewmodel.compose.test/androidx.test.core.app.InstrumentationActivityInvoker$EmptyActivity }, activity=androidx.test.core.app.InstrumentationActivityInvoker$EmptyActivity@6d4ab71
11-16 08:57:40.944: I/Icing(14067): Indexing com.google.android.gms-apps from com.google.android.gms
11-16 08:57:40.944: D/LifecycleMonitor(20772): Lifecycle status change: androidx.test.core.app.InstrumentationActivityInvoker$EmptyActivity@6d4ab71 in: CREATED
11-16 08:57:40.944: V/ActivityScenario(20772): Activity lifecycle changed event received but ignored because the intent does not match. startActivityIntent=Intent { act=android.intent.action.MAIN cat=[android.intent.category.LAUNCHER] cmp=androidx.lifecycle.viewmodel.compose.test/androidx.activity.ComponentActivity }, activity.getIntent()=Intent { act=android.intent.action.MAIN cat=[android.intent.category.LAUNCHER] flg=0x10000000 cmp=androidx.lifecycle.viewmodel.compose.test/androidx.test.core.app.InstrumentationActivityInvoker$EmptyActivity }, activity=androidx.test.core.app.InstrumentationActivityInvoker$EmptyActivity@6d4ab71
11-16 08:57:40.945: I/Icing(14067): Indexing done com.google.android.gms-apps
11-16 08:57:40.945: D/LifecycleMonitor(20772): Lifecycle status change: androidx.test.core.app.InstrumentationActivityInvoker$EmptyActivity@6d4ab71 in: STARTED
11-16 08:57:40.945: V/ActivityScenario(20772): Activity lifecycle changed event received but ignored because the intent does not match. startActivityIntent=Intent { act=android.intent.action.MAIN cat=[android.intent.category.LAUNCHER] cmp=androidx.lifecycle.viewmodel.compose.test/androidx.activity.ComponentActivity }, activity.getIntent()=Intent { act=android.intent.action.MAIN cat=[android.intent.category.LAUNCHER] flg=0x10000000 cmp=androidx.lifecycle.viewmodel.compose.test/androidx.test.core.app.InstrumentationActivityInvoker$EmptyActivity }, activity=androidx.test.core.app.InstrumentationActivityInvoker$EmptyActivity@6d4ab71
11-16 08:57:40.947: D/LifecycleMonitor(20772): Lifecycle status change: androidx.test.core.app.InstrumentationActivityInvoker$EmptyActivity@6d4ab71 in: RESUMED
11-16 08:57:40.947: V/ActivityScenario(20772): Activity lifecycle changed event received but ignored because the intent does not match. startActivityIntent=Intent { act=android.intent.action.MAIN cat=[android.intent.category.LAUNCHER] cmp=androidx.lifecycle.viewmodel.compose.test/androidx.activity.ComponentActivity }, activity.getIntent()=Intent { act=android.intent.action.MAIN cat=[android.intent.category.LAUNCHER] flg=0x10000000 cmp=androidx.lifecycle.viewmodel.compose.test/androidx.test.core.app.InstrumentationActivityInvoker$EmptyActivity }, activity=androidx.test.core.app.InstrumentationActivityInvoker$EmptyActivity@6d4ab71
11-16 08:57:40.965: W/Binder(1164): Outgoing transactions from this process must be FLAG_ONEWAY
11-16 08:57:40.965: W/Binder(1164): java.lang.Throwable
11-16 08:57:40.965: W/Binder(1164): 	at android.os.BinderProxy.transact(Binder.java:1116)
11-16 08:57:40.965: W/Binder(1164): 	at com.android.internal.location.ILocationProvider$Stub$Proxy.getProperties(ILocationProvider.java:236)
11-16 08:57:40.965: W/Binder(1164): 	at com.android.server.location.LocationProviderProxy$1$1.run(LocationProviderProxy.java:117)
11-16 08:57:40.965: W/Binder(1164): 	at com.android.server.ServiceWatcher.runOnBinder(ServiceWatcher.java:425)
11-16 08:57:40.965: W/Binder(1164): 	at com.android.server.location.LocationProviderProxy$1.run(LocationProviderProxy.java:111)
11-16 08:57:40.965: W/Binder(1164): 	at android.os.Handler.handleCallback(Handler.java:873)
11-16 08:57:40.965: W/Binder(1164): 	at android.os.Handler.dispatchMessage(Handler.java:99)
11-16 08:57:40.965: W/Binder(1164): 	at android.os.Looper.loop(Looper.java:193)
11-16 08:57:40.965: W/Binder(1164): 	at android.os.HandlerThread.run(HandlerThread.java:65)
11-16 08:57:40.966: W/Binder(1164): Outgoing transactions from this process must be FLAG_ONEWAY
11-16 08:57:40.966: W/Binder(1164): java.lang.Throwable
11-16 08:57:40.966: W/Binder(1164): 	at android.os.BinderProxy.transact(Binder.java:1116)
11-16 08:57:40.966: W/Binder(1164): 	at com.android.internal.location.ILocationProvider$Stub$Proxy.getProperties(ILocationProvider.java:236)
11-16 08:57:40.966: W/Binder(1164): 	at com.android.server.location.LocationProviderProxy$1$1.run(LocationProviderProxy.java:117)
11-16 08:57:40.966: W/Binder(1164): 	at com.android.server.ServiceWatcher.runOnBinder(ServiceWatcher.java:425)
11-16 08:57:40.966: W/Binder(1164): 	at com.android.server.location.LocationProviderProxy$1.run(LocationProviderProxy.java:111)
11-16 08:57:40.966: W/Binder(1164): 	at android.os.Handler.handleCallback(Handler.java:873)
11-16 08:57:40.966: W/Binder(1164): 	at android.os.Handler.dispatchMessage(Handler.java:99)
11-16 08:57:40.966: W/Binder(1164): 	at android.os.Looper.loop(Looper.java:193)
11-16 08:57:40.966: W/Binder(1164): 	at android.os.HandlerThread.run(HandlerThread.java:65)
11-16 08:57:40.968: D/SurfaceFlinger(643): duplicate layer name: changing androidx.lifecycle.viewmodel.compose.test/androidx.test.core.app.InstrumentationActivityInvoker$EmptyActivity to androidx.lifecycle.viewmodel.compose.test/androidx.test.core.app.InstrumentationActivityInvoker$EmptyActivity#1
11-16 08:57:40.973: W/ActivityManager(1164): Duplicate finish request for ActivityRecord{2bf0e85 u0 androidx.lifecycle.viewmodel.compose.test/androidx.activity.ComponentActivity t14 f}
11-16 08:57:40.974: I/GoogleInputMethod(3645): onFinishInput() : Dummy InputConnection bound
11-16 08:57:40.975: I/GoogleInputMethod(3645): onStartInput() : Dummy InputConnection bound
11-16 08:57:40.993: D/LifecycleMonitor(20772): Lifecycle status change: androidx.test.core.app.InstrumentationActivityInvoker$EmptyActivity@cb23483 in: STOPPED
11-16 08:57:40.994: V/ActivityScenario(20772): Activity lifecycle changed event received but ignored because the intent does not match. startActivityIntent=Intent { act=android.intent.action.MAIN cat=[android.intent.category.LAUNCHER] cmp=androidx.lifecycle.viewmodel.compose.test/androidx.activity.ComponentActivity }, activity.getIntent()=Intent { act=android.intent.action.MAIN cat=[android.intent.category.LAUNCHER] flg=0x10000000 cmp=androidx.lifecycle.viewmodel.compose.test/androidx.test.core.app.InstrumentationActivityInvoker$EmptyActivity }, activity=androidx.test.core.app.InstrumentationActivityInvoker$EmptyActivity@cb23483
11-16 08:57:40.995: D/LifecycleMonitor(20772): Lifecycle status change: androidx.test.core.app.InstrumentationActivityInvoker$EmptyActivity@cb23483 in: DESTROYED
11-16 08:57:40.995: V/ActivityScenario(20772): Activity lifecycle changed event received but ignored because the intent does not match. startActivityIntent=Intent { act=android.intent.action.MAIN cat=[android.intent.category.LAUNCHER] cmp=androidx.lifecycle.viewmodel.compose.test/androidx.activity.ComponentActivity }, activity.getIntent()=Intent { act=android.intent.action.MAIN cat=[android.intent.category.LAUNCHER] flg=0x10000000 cmp=androidx.lifecycle.viewmodel.compose.test/androidx.test.core.app.InstrumentationActivityInvoker$EmptyActivity }, activity=androidx.test.core.app.InstrumentationActivityInvoker$EmptyActivity@cb23483
11-16 08:57:40.999: D/LifecycleMonitor(20772): Lifecycle status change: androidx.test.core.app.InstrumentationActivityInvoker$EmptyActivity@6d4ab71 in: PAUSED
11-16 08:57:40.999: V/ActivityScenario(20772): Activity lifecycle changed event received but ignored because the intent does not match. startActivityIntent=Intent { act=android.intent.action.MAIN cat=[android.intent.category.LAUNCHER] cmp=androidx.lifecycle.viewmodel.compose.test/androidx.activity.ComponentActivity }, activity.getIntent()=Intent { act=android.intent.action.MAIN cat=[android.intent.category.LAUNCHER] flg=0x10000000 cmp=androidx.lifecycle.viewmodel.compose.test/androidx.test.core.app.InstrumentationActivityInvoker$EmptyActivity }, activity=androidx.test.core.app.InstrumentationActivityInvoker$EmptyActivity@6d4ab71
11-16 08:57:41.008: I/BackdropActivity(19780): onResume()
11-16 08:57:41.008: I/ActivityManager(1164): Activity requesting to dismiss Keyguard: ActivityRecord{6a25770 u0 com.google.android.apps.mtaas.backdrop/.BackdropActivity t4}
11-16 08:57:41.019: I/GoogleInputMethod(3645): onFinishInput() : Dummy InputConnection bound
11-16 08:57:41.019: I/GoogleInputMethod(3645): onStartInput() : Dummy InputConnection bound
11-16 08:57:41.021: D/LifecycleMonitor(20772): Lifecycle status change: androidx.activity.ComponentActivity@fcf4058 in: STOPPED
11-16 08:57:41.021: V/ActivityScenario(20772): Update currentActivityStage to STOPPED, currentActivity=androidx.activity.ComponentActivity@fcf4058
11-16 08:57:41.024: D/LifecycleMonitor(20772): Lifecycle status change: androidx.activity.ComponentActivity@fcf4058 in: DESTROYED
11-16 08:57:41.024: V/ActivityScenario(20772): Update currentActivityStage to DESTROYED, currentActivity=null
11-16 08:57:41.031: I/TestRunner(20772): finished: viewModelCreatedViaDefaultFactory(androidx.lifecycle.viewmodel.compose.ViewModelTest)
11-16 08:57:41.035: I/MonitoringInstr(20772): Activities that are still in CREATED to STOPPED: 1
