11-16 08:57:23.368: I/CarrierServices(11245):    carrier_services_security_flags_ec_api_white_listed_packages: com.google.android.apps.messaging,com.google.android.dialer,com.google.android.ims.client.sampleapp,com.android.contacts,com.lge.rcscall,com.android.incallui,com.huawei.incallui.appfeature.rcsfeature
11-16 08:57:23.368: I/CarrierServices(11245):    carrier_services_security_flags_ec_api_white_listed_signatures: B28C3EDB665DF32686224DF800F603E9959BBE4E,0980A12BE993528C19107BC21AD811478C63CEFC,B38FA7B5ECFAEC44620A020752B07E063B3120A8,203997BC46B8792DC9747ABD230569071F9A0439,EDA6413C3E3A95492114FE07CD953AD897E40D1A,760EBB9F4200B3DFB1B817B40FF0563A3C150D39,5B368CFF2DA2686996BC95EAC190EAA4F5630FE5,01D845B26B688D8EF647205A5944E9407E52E06E,27196E386B875E76ADF700E7EA84E4C6EEE33DFA,1CDD04F1E4A732BB0352FDFAEE26D2315526DF85,025D5212BF3B5F5CDA6117A518721D70A94D84E0
11-16 08:57:23.368: I/CarrierServices(11245):    carrier_services_security_flags_test_service_white_listed_packages: com.google.android.ims.mobly.snippets
11-16 08:57:23.368: I/CarrierServices(11245):    carrier_services_security_flags_test_service_white_listed_signatures: AE41481F52E0F58DF2806D5A38EB3DBCA5AE02B0,E165542B31953CC282AA4EF2F4D5F07F7663A2A2
11-16 08:57:23.368: I/CarrierServices(11245):    carrier_services_security_flags_white_listed_packages: com.google.android.apps.messaging,com.google.android.dialer,com.google.android.ims.client.sampleapp,com.android.contacts,com.lge.rcscall,com.android.incallui,com.huawei.incallui.appfeature.rcsfeature
11-16 08:57:23.368: I/CarrierServices(11245):    carrier_services_security_flags_white_listed_signatures: B28C3EDB665DF32686224DF800F603E9959BBE4E,0980A12BE993528C19107BC21AD811478C63CEFC,B38FA7B5ECFAEC44620A020752B07E063B3120A8,203997BC46B8792DC9747ABD230569071F9A0439,EDA6413C3E3A95492114FE07CD953AD897E40D1A,760EBB9F4200B3DFB1B817B40FF0563A3C150D39,5B368CFF2DA2686996BC95EAC190EAA4F5630FE5,01D845B26B688D8EF647205A5944E9407E52E06E,27196E386B875E76ADF700E7EA84E4C6EEE33DFA,1CDD04F1E4A732BB0352FDFAEE26D2315526DF85,025D5212BF3B5F5CDA6117A518721D70A94D84E0
11-16 08:57:23.368: I/CarrierServices(11245):    carrier_services_video_share_disabled_user_agent_substrings: SM-G930,SM-G935,SM-A320
11-16 08:57:23.368: I/CarrierServices(11245): ====================
11-16 08:57:23.371: I/Bugle(11282): ApnsOta: OTA version -1
11-16 08:57:23.381: I/EuiccGoogle(19485): [2] GservicesChangedReceiver.onReceive: Setting EUICC_SUPPORTED_COUNTRIES to de,gb,in,us
11-16 08:57:23.392: I/Backup(14067): [GmsBackupStatusChangeReceiver] Going to enable gms backup transport.
11-16 08:57:23.409: I/GmsModuleFndr(14067): Beginning GMS chimera module scan
11-16 08:57:23.410: I/Backup(14067): [BackupTransportMigratorChimeraService] Starting migration...
11-16 08:57:23.413: I/NetRec(12097): [955] aiad.a: onConfigChanged()
11-16 08:57:23.420: I/BgTaskExecutorImpl(11588): Starting NONEXCLUSIVE background task UPDATE_GSERVICES_CONFIG.
11-16 08:57:23.422: I/Auth(12097): [AuthManaged, PasswordComplexityHelperImpl] Updating password complexity components state.
11-16 08:57:23.422: I/Auth(12097): [AuthManaged, PasswordComplexityHelperImpl] Enabling com.google.android.gms.auth.managed.ui.SetNewPasswordActivity
11-16 08:57:23.424: I/Herrevad(12097): [953] zcq.a: updateListenState
11-16 08:57:23.427: W/SearchServiceCore(11588): Abort, client detached.
11-16 08:57:23.429: I/ActivityManager(1164): Start proc 19534:com.google.process.gapps/u0a7 for broadcast com.google.android.gsf/.loginservice.ServicesWatcher
11-16 08:57:23.430: I/GservicesUpdateTask(11588): Updating Gservices keys
11-16 08:57:23.431: D/CarrierServices(11245): log_saver already enabled
11-16 08:57:23.433: I/ModuleSetMgr(14067): Computing pending module set with APKs: [[AdsFdrDynamite.integ:213806100100000], [Enpromo.integ:214106000100000], [Pay.optional:213614100000], [VisionOcr.optional:213614100400], [AdsFdrDynamite.integ:212104400100000], [Cronetdynamite:213614100400], [Dynamiteloader:213614100000], [Dynamitemodulesa:213614100000], [Dynamitemodulesc:213614100000], [Googlecertificates:213614100000], [Mapsdynamite:213614100000], [Measurementdynamite:213614100000]]
11-16 08:57:23.436: E/e.process.gapp(19534): Not starting debugger since process cannot load the jdwp agent.
11-16 08:57:23.437: I/NetRec(12097): [955] aiad.a: Cancelling all NetRec GCM tasks
11-16 08:57:23.438: I/NetRec(12097): [950] ClearDatabaseService.onHandleIntent: Clearing score cache
11-16 08:57:23.439: W/ip(19547): type=1400 audit(0.0:407): avc: denied { search } for name="net" dev="sda21" ino=4378 scontext=u:r:shell:s0 tcontext=u:object_r:net_data_file:s0 tclass=dir permissive=0
11-16 08:57:23.445: D/BugleRcsEngine(11317): log_saver already enabled
11-16 08:57:23.457: I/ModuleSetMgr(14067): Pending container module APKs: [[Pay.optional:213614100000], [VisionOcr.optional:213614100400]]
11-16 08:57:23.457: I/ModuleSetMgr(14067): Pending non-container module APKs: [[Enpromo.integ:214106000100000], [AdsFdrDynamite.integ:213806100100000]]
11-16 08:57:23.468: I/e.process.gapp(19534): The ClassLoaderContext is a special shared library.
11-16 08:57:23.477: W/PackageParser(14067): Unknown element under <manifest>: queries at /data/user_de/0/com.google.android.gms/app_chimera/m/00000007/AdsDynamite.apk Binary XML file line #5
11-16 08:57:23.485: I/GCoreUlr(12097): DispatchingService ignoring Intent { act=android.net.wifi.WIFI_STATE_CHANGED flg=0x4000010 (has extras) } because ULR inactive [CONTEXT service_id=22 ]
11-16 08:57:23.495: I/GCoreUlr(12097): WorldUpdater received intent Intent { act=com.google.android.location.reporting.ACTION_UPDATE_WORLD cmp=com.google.android.gms/com.google.android.location.reporting.service.DispatchingService (has extras) } with receiverAction com.google.gservices.intent.action.GSERVICES_CHANGED [CONTEXT service_id=22 ]
11-16 08:57:23.498: W/PackageParser(14067): Unknown element under <manifest>: queries at /data/user_de/0/com.google.android.gms/app_chimera/m/00000011/dl-AdsFdrDynamite.integ_213806100100000.apk Binary XML file line #11
11-16 08:57:23.500: I/GoogleHttpClient(19534): GMS http client unavailable, use old client
11-16 08:57:23.513: I/RecoverableKeyStoreGms(14067): [RecoverableKeyStoreGmsInitOperation] Initializing auth_folsom
11-16 08:57:23.519: I/GCoreUlr(12097): WorldUpdater:com.google.gservices.intent.action.GSERVICES_CHANGED: Ensuring that reporting is stopped because of reasons: (no Google accounts) [CONTEXT service_id=22 ]
11-16 08:57:23.521: I/RecoverableKeyStoreGms(14067): [RecoverableKeyStoreGmsInitOperation] com.google.android.gms.auth.folsom.service.FolsomPublicKeyUpdateService is already enabled. Ignore.
11-16 08:57:23.521: I/RecoverableKeyStoreGms(14067): [RecoverableKeyStoreGmsInitOperation] com.google.android.gms.auth.folsom.service.GcmReceiverService is already enabled. Ignore.
11-16 08:57:23.529: V/RecoverableKeyStoreMgr(1164): Not updating secret types - same as old value.
11-16 08:57:23.529: D/BoundBrokerSvc(12097): onBind: Intent { act=com.google.android.gms.scheduler.ACTION_PROXY_SCHEDULE cmp=com.google.android.gms/.chimera.PersistentInternalBoundBrokerService }
11-16 08:57:23.529: D/BoundBrokerSvc(12097): Loading bound service for intent: Intent { act=com.google.android.gms.scheduler.ACTION_PROXY_SCHEDULE cmp=com.google.android.gms/.chimera.PersistentInternalBoundBrokerService }
11-16 08:57:23.531: I/RecoverableKeyStoreGms(14067): [RecoverableKeyStoreGmsInitOperation] Setting vault handle
11-16 08:57:23.532: V/RecoverableKeyStoreMgr(1164): Not updating server params - same as old value.
11-16 08:57:23.535: E/WifiHAL(775): wifi_get_ring_data: Error -5 happened. 
11-16 08:57:23.536: E/WifiVendorHal(1164): getRingBufferData(l.2057) failed {.code = ERROR_INVALID_ARGS, .description = }
11-16 08:57:23.536: I/GCoreUlr(12097): Unbound from all signal providers. [CONTEXT service_id=22 ]
11-16 08:57:23.540: I/ChromeSync(14067): [Sync,SyncIntentOperation] Handling the intent: Intent { act=com.google.gservices.intent.action.GSERVICES_CHANGED flg=0x1000010 pkg=com.google.android.gms cmp=com.google.android.gms/.chimera.GmsIntentOperationService$PersistentInternalReceiver }.
11-16 08:57:23.543: I/RecoverableKeyStoreGms(14067): [EnrollmentManager] Returning certificates list from cache
11-16 08:57:23.555: W/Binder:1164_19(1164): type=1400 audit(0.0:408): avc: denied { syslog_read } for scontext=u:r:system_server:s0 tcontext=u:r:kernel:s0 tclass=system permissive=0
11-16 08:57:23.558: D/wifi-jni(1164): no kernel logs
11-16 08:57:23.561: I/ActivityManager(1164): Killing 14947:com.google.android.configupdater/u0a29 (adj 906): empty #17
11-16 08:57:23.561: W/libprocessgroup(1164): kill(-14947, 9) failed: No such process
11-16 08:57:23.565: I/GCoreUlr(12097): Unbound from all signal providers. [CONTEXT service_id=22 ]
11-16 08:57:23.565: I/GCoreUlr(12097): Stopping handler for UlrDispSvcFast [CONTEXT service_id=22 ]
11-16 08:57:23.573: I/ActivityManager(1164): Start proc 19567:com.google.android.partnersetup/u0a49 for broadcast com.google.android.partnersetup/.RlzPingBroadcastReceiver
11-16 08:57:23.577: I/Zygote(732): Process 14947 exited due to signal (9)
11-16 08:57:23.577: E/id.partnersetu(19567): Not starting debugger since process cannot load the jdwp agent.
11-16 08:57:23.586: W/id.partnersetu(19567): Long wait of 1.023ms for Thread[1,tid=19567,Native,Thread*=0x7713614c00,peer=0x75815a18,"main"] suspension!
11-16 08:57:23.592: I/RecoverableKeyStoreMgr(1164): The cert file serial number is the same, so skip updating.
11-16 08:57:23.592: I/RecoverableKeyStoreGms(14067): [EnrollmentManager] Recovery service is initialized.
11-16 08:57:23.594: I/RecoverySnapshotLstnrs(1164): Registered listener for agent with uid 10007
11-16 08:57:23.597: E/RecoverySnapshotStorage(1164): Error reading snapshot for 10007 from disk
11-16 08:57:23.597: E/RecoverySnapshotStorage(1164): java.io.FileNotFoundException: /data/system/recoverablekeystore/snapshots/10007.xml (No such file or directory)
11-16 08:57:23.597: E/RecoverySnapshotStorage(1164): 	at java.io.FileInputStream.open0(Native Method)
11-16 08:57:23.597: E/RecoverySnapshotStorage(1164): 	at java.io.FileInputStream.open(FileInputStream.java:231)
11-16 08:57:23.597: E/RecoverySnapshotStorage(1164): 	at java.io.FileInputStream.<init>(FileInputStream.java:165)
11-16 08:57:23.597: E/RecoverySnapshotStorage(1164): 	at com.android.server.locksettings.recoverablekeystore.storage.RecoverySnapshotStorage.readFromDisk(RecoverySnapshotStorage.java:152)
11-16 08:57:23.597: E/RecoverySnapshotStorage(1164): 	at com.android.server.locksettings.recoverablekeystore.storage.RecoverySnapshotStorage.get(RecoverySnapshotStorage.java:104)
11-16 08:57:23.597: E/RecoverySnapshotStorage(1164): 	at com.android.server.locksettings.recoverablekeystore.RecoverableKeyStoreManager.getKeyChainSnapshot(RecoverableKeyStoreManager.java:331)
11-16 08:57:23.597: E/RecoverySnapshotStorage(1164): 	at com.android.server.locksettings.LockSettingsService.getKeyChainSnapshot(LockSettingsService.java:2032)
11-16 08:57:23.597: E/RecoverySnapshotStorage(1164): 	at com.android.internal.widget.ILockSettings$Stub.onTransact(ILockSettings.java:356)
11-16 08:57:23.597: E/RecoverySnapshotStorage(1164): 	at android.os.Binder.execTransact(Binder.java:731)
11-16 08:57:23.598: I/RecoverableKeyStoreGms(14067): [WrappingKeyManager] Can't generate wrapping key - missing lock screeen
11-16 08:57:23.604: I/id.partnersetu(19567): The ClassLoaderContext is a special shared library.
11-16 08:57:23.606: I/MobileDataHub(14067): Scheduling periodic tasks
11-16 08:57:23.607: W/libprocessgroup(1164): kill(-14947, 9) failed: No such process
11-16 08:57:23.607: I/libprocessgroup(1164): Successfully killed process cgroup uid 10029 pid 14947 in 45ms
11-16 08:57:23.612: I/MdiSyncModule(14067): flag handling is skipping irrelevant intent.
11-16 08:57:23.612: W/MobileDataHub(14067): [Service] appsupload-periodic periodic task disabled
11-16 08:57:23.613: I/MS_Utils(14067): version of com.google.android.apps.maps = 1022101040
11-16 08:57:23.618: I/SystemUpdate(14067): [Installation,ReceiverIntentOperation] Received intent: Intent { act=com.google.gservices.intent.action.GSERVICES_CHANGED flg=0x1000010 pkg=com.google.android.gms cmp=com.google.android.gms/.chimera.GmsIntentOperationService$PersistentInternalReceiver }.
11-16 08:57:23.619: I/GmsModuleFndr(14067): Beginning GMS chimera module scan
11-16 08:57:23.650: I/ModuleSetMgr(14067): Computing pending module set with APKs: [[AdsFdrDynamite.integ:213806100100000], [Enpromo.integ:214106000100000], [Pay.optional:213614100000], [VisionOcr.optional:213614100400], [AdsFdrDynamite.integ:212104400100000], [Cronetdynamite:213614100400], [Dynamiteloader:213614100000], [Dynamitemodulesa:213614100000], [Dynamitemodulesc:213614100000], [Googlecertificates:213614100000], [Mapsdynamite:213614100000], [Measurementdynamite:213614100000]]
11-16 08:57:23.679: I/ModuleSetMgr(14067): Pending container module APKs: [[Pay.optional:213614100000], [VisionOcr.optional:213614100400]]
11-16 08:57:23.679: I/ModuleSetMgr(14067): Pending non-container module APKs: [[Enpromo.integ:214106000100000], [AdsFdrDynamite.integ:213806100100000]]
11-16 08:57:23.679: W/DynamiteModule(14067): Local module descriptor class for com.google.android.gms.vision.dynamite.ocr not found.
11-16 08:57:23.680: W/ProviderHelper(14067): Unknown dynamite feature vision.dynamite.ocr
11-16 08:57:23.681: I/DynamiteModule(14067): Considering local module com.google.android.gms.vision.dynamite.ocr:0 and remote module com.google.android.gms.vision.dynamite.ocr:0
11-16 08:57:23.684: I/DynamiteModule(14067): Considering local module com.google.android.gms.vision.ocr:0 and remote module com.google.android.gms.vision.ocr:1
11-16 08:57:23.684: I/DynamiteModule(14067): Selected remote version of com.google.android.gms.vision.ocr, version >= 1
11-16 08:57:23.688: I/native(14067): I1116 08:57:23.687907   19404 start_ocr_856638336_langid.cc:35] StartOcr with label: latin_script_gmvapi_android
11-16 08:57:23.688: I/native(14067): I1116 08:57:23.688132   19404 start_ocr_856638336_langid.cc:44] StartOcr success
11-16 08:57:23.693: I/OcrModelUpStIntentOp(14067): Downloading text recognizer
11-16 08:57:23.703: D/BoundBrokerSvc(14067): onBind: Intent { act=com.google.android.gms.ocr.service.internal.START cmp=com.google.android.gms/.chimera.GmsInternalApiService }
11-16 08:57:23.704: D/BoundBrokerSvc(14067): Loading bound service for intent: Intent { act=com.google.android.gms.ocr.service.internal.START cmp=com.google.android.gms/.chimera.GmsInternalApiService }
11-16 08:57:23.715: I/system_server(1164): Background concurrent copying GC freed 368799(13MB) AllocSpace objects, 44(1440KB) LOS objects, 42% free, 23MB/40MB, paused 176us total 168.833ms
11-16 08:57:23.720: W/PackageParser(14067): Unknown element under <manifest>: queries at /data/user_de/0/com.google.android.gms/app_chimera/m/00000007/AdsDynamite.apk Binary XML file line #5
11-16 08:57:23.721: W/NetworkScheduler(12097): The extras of the task is not valid to be persisted so that the task is not persisted [CONTEXT service_id=218 ]
11-16 08:57:23.721: W/NetworkScheduler(12097): java.lang.IllegalArgumentException: Only the following extra parameter types are supported: Integer, Long, Double, String, Boolean, and nested Bundles with the same restrictions.
11-16 08:57:23.721: W/NetworkScheduler(12097): 	at abno.f(:com.google.android.gms@213614028@21.36.14 (100400-395708125):6)
11-16 08:57:23.721: W/NetworkScheduler(12097): 	at amdu.g(:com.google.android.gms@213614028@21.36.14 (100400-395708125):37)
11-16 08:57:23.721: W/NetworkScheduler(12097): 	at amdd.n(:com.google.android.gms@213614028@21.36.14 (100400-395708125):3)
11-16 08:57:23.721: W/NetworkScheduler(12097): 	at amdd.u(:com.google.android.gms@213614028@21.36.14 (100400-395708125):20)
11-16 08:57:23.721: W/NetworkScheduler(12097): 	at amdd.g(:com.google.android.gms@213614028@21.36.14 (100400-395708125):3)
11-16 08:57:23.721: W/NetworkScheduler(12097): 	at alzy.run(:com.google.android.gms@213614028@21.36.14 (100400-395708125):9)
11-16 08:57:23.721: W/NetworkScheduler(12097): 	at rgh.c(:com.google.android.gms@213614028@21.36.14 (100400-395708125):6)
11-16 08:57:23.721: W/NetworkScheduler(12097): 	at rgh.run(:com.google.android.gms@213614028@21.36.14 (100400-395708125):7)
11-16 08:57:23.721: W/NetworkScheduler(12097): 	at java.util.concurrent.ThreadPoolExecutor.runWorker(ThreadPoolExecutor.java:1167)
11-16 08:57:23.721: W/NetworkScheduler(12097): 	at java.util.concurrent.ThreadPoolExecutor$Worker.run(ThreadPoolExecutor.java:641)
11-16 08:57:23.721: W/NetworkScheduler(12097): 	at rkn.run(:com.google.android.gms@213614028@21.36.14 (100400-395708125):0)
11-16 08:57:23.721: W/NetworkScheduler(12097): 	at java.lang.Thread.run(Thread.java:764)
11-16 08:57:23.727: E/WifiHAL(775): wifi_get_ring_data: Error -5 happened. 
11-16 08:57:23.727: E/WifiVendorHal(1164): getRingBufferData(l.2057) failed {.code = ERROR_INVALID_ARGS, .description = }
11-16 08:57:23.733: I/SoundTriggerModelLoader(11350): Unloading model 9f6ad62a-1f0b-11e7-87c5-40a8f03d3f15
11-16 08:57:23.733: I/SoundTriggerManagerComp(11350): Unloading model 9f6ad62a-1f0b-11e7-87c5-40a8f03d3f15
11-16 08:57:23.734: I/SoundTriggerService(1164): deleteSoundModel(): id = 9f6ad62a-1f0b-11e7-87c5-40a8f03d3f15
11-16 08:57:23.734: W/SoundTriggerHelper(1164): Unload error: Attempting unload invalid generic model with id:9f6ad62a-1f0b-11e7-87c5-40a8f03d3f15
11-16 08:57:23.748: E/GooglePlayServicesUtil(19430): The Google Play services resources were not found. Check your project configuration to ensure that the resources are included.
11-16 08:57:23.751: W/PackageParser(14067): Unknown element under <manifest>: queries at /data/user_de/0/com.google.android.gms/app_chimera/m/00000011/dl-AdsFdrDynamite.integ_213806100100000.apk Binary XML file line #11
11-16 08:57:23.751: I/SettingsActivityAvailab(19451): Disabling com.google.android.apps.multidevice.client.ui.pixel.SettingsActivity.
11-16 08:57:23.749: W/Binder:1164_1A(1164): type=1400 audit(0.0:409): avc: denied { syslog_read } for scontext=u:r:system_server:s0 tcontext=u:r:kernel:s0 tclass=system permissive=0
11-16 08:57:23.752: D/wifi-jni(1164): no kernel logs
11-16 08:57:23.753: I/ActivityManager(1164): Killing 15724:com.google.android.wfcactivation/u0a54 (adj 906): empty #17
11-16 08:57:23.753: D/GservicesChangeReceiver(6062): Gservices Changed broadcast Received. context is android.app.ReceiverRestrictedContext@fa866dc
11-16 08:57:23.754: W/libprocessgroup(1164): kill(-15724, 9) failed: No such process
11-16 08:57:23.761: D/GservicesChangeReceiver(6062): Gservices allowPowerAnomalyData is False.
11-16 08:57:23.762: D/ConnMetrics:App(19430): IsOptedIn = false
11-16 08:57:23.764: D/ConnectivityMonitorManager(6062): Service com.google.android.connectivitymonitor.PowerAnomalyDetectorService is not running...
11-16 08:57:23.769: D/GservicesChangeReceiver(6062): Gservices allowLowPowerMonitoring is False.
11-16 08:57:23.770: D/ConnectivityMonitorManager(6062): Service com.google.android.connectivitymonitor.LowPowerMonitorService is not running...
11-16 08:57:23.774: I/Zygote(732): Process 15724 exited due to signal (9)
11-16 08:57:23.779: W/libprocessgroup(1164): kill(-15724, 9) failed: No such process
11-16 08:57:23.779: I/libprocessgroup(1164): Successfully killed process cgroup uid 10054 pid 15724 in 25ms
11-16 08:57:23.790: D/GservicesChangeReceiver(6062): Gservices isConnectivityMonitorEnabled is True.
11-16 08:57:23.791: D/ConnectivityMonitorManager(6062): Service com.google.android.connectivitymonitor.ConnectivityMonitorService is running...
11-16 08:57:23.794: I/EuiccGoogle(19485): [2] GservicesChangedReceiver.onReceive: Setting EUICC_SUPPORTED_COUNTRIES to de,gb,in,us
11-16 08:57:23.799: I/Backup(14067): [GmsBackupStatusChangeReceiver] Going to enable gms backup transport.
11-16 08:57:23.808: I/GmsModuleFndr(14067): Beginning GMS chimera module scan
11-16 08:57:23.808: I/Herrevad(12097): [954] zcq.a: updateListenState
11-16 08:57:23.809: I/NetRec(12097): [953] aiad.a: onConfigChanged()
11-16 08:57:23.814: I/Auth(12097): [AuthManaged, PasswordComplexityHelperImpl] Updating password complexity components state.
11-16 08:57:23.814: I/Auth(12097): [AuthManaged, PasswordComplexityHelperImpl] Enabling com.google.android.gms.auth.managed.ui.SetNewPasswordActivity
11-16 08:57:23.818: I/NetRec(12097): [953] aiad.a: Cancelling all NetRec GCM tasks
11-16 08:57:23.822: I/ModuleSetMgr(14067): Computing pending module set with APKs: [[AdsFdrDynamite.integ:213806100100000], [Enpromo.integ:214106000100000], [Pay.optional:213614100000], [VisionOcr.optional:213614100400], [AdsFdrDynamite.integ:212104400100000], [Cronetdynamite:213614100400], [Dynamiteloader:213614100000], [Dynamitemodulesa:213614100000], [Dynamitemodulesc:213614100000], [Googlecertificates:213614100000], [Mapsdynamite:213614100000], [Measurementdynamite:213614100000]]
11-16 08:57:23.822: I/BgTaskExecutorImpl(11588): Starting NONEXCLUSIVE background task UPDATE_GSERVICES_CONFIG.
11-16 08:57:23.825: I/NetRec(12097): [954] ClearDatabaseService.onHandleIntent: Clearing score cache
11-16 08:57:23.828: W/SearchServiceCore(11588): Abort, client detached.
11-16 08:57:23.833: I/GservicesUpdateTask(11588): Updating Gservices keys
11-16 08:57:23.836: I/ModuleSetMgr(14067): Pending container module APKs: [[Pay.optional:213614100000], [VisionOcr.optional:213614100400]]
11-16 08:57:23.836: I/ModuleSetMgr(14067): Pending non-container module APKs: [[Enpromo.integ:214106000100000], [AdsFdrDynamite.integ:213806100100000]]
11-16 08:57:23.838: I/GCoreUlr(12097): DispatchingService ignoring Intent { act=android.net.wifi.WIFI_STATE_CHANGED flg=0x4000010 (has extras) } because ULR inactive [CONTEXT service_id=22 ]
11-16 08:57:23.845: I/GCoreUlr(12097): WorldUpdater received intent Intent { act=com.google.android.location.reporting.ACTION_UPDATE_WORLD cmp=com.google.android.gms/com.google.android.location.reporting.service.DispatchingService (has extras) } with receiverAction com.google.gservices.intent.action.GSERVICES_CHANGED [CONTEXT service_id=22 ]
11-16 08:57:23.846: W/PackageParser(14067): Unknown element under <manifest>: queries at /data/user_de/0/com.google.android.gms/app_chimera/m/00000007/AdsDynamite.apk Binary XML file line #5
11-16 08:57:23.854: I/GCoreUlr(12097): WorldUpdater:com.google.gservices.intent.action.GSERVICES_CHANGED: Ensuring that reporting is stopped because of reasons: (no Google accounts) [CONTEXT service_id=22 ]
11-16 08:57:23.859: I/GCoreUlr(12097): Unbound from all signal providers. [CONTEXT service_id=22 ]
11-16 08:57:23.863: W/PackageParser(14067): Unknown element under <manifest>: queries at /data/user_de/0/com.google.android.gms/app_chimera/m/00000011/dl-AdsFdrDynamite.integ_213806100100000.apk Binary XML file line #11
11-16 08:57:23.867: I/GCoreUlr(12097): Unbound from all signal providers. [CONTEXT service_id=22 ]
11-16 08:57:23.868: I/GCoreUlr(12097): Stopping handler for UlrDispSvcFast [CONTEXT service_id=22 ]
11-16 08:57:23.871: I/RecoverableKeyStoreGms(14067): [RecoverableKeyStoreGmsInitOperation] Initializing auth_folsom
11-16 08:57:23.872: I/RecoverableKeyStoreGms(14067): [RecoverableKeyStoreGmsInitOperation] com.google.android.gms.auth.folsom.service.FolsomPublicKeyUpdateService is already enabled. Ignore.
11-16 08:57:23.872: I/RecoverableKeyStoreGms(14067): [RecoverableKeyStoreGmsInitOperation] com.google.android.gms.auth.folsom.service.GcmReceiverService is already enabled. Ignore.
11-16 08:57:23.872: I/ChromeSync(14067): [Sync,SyncIntentOperation] Handling the intent: Intent { act=com.google.gservices.intent.action.GSERVICES_CHANGED flg=0x1000010 pkg=com.google.android.gms cmp=com.google.android.gms/.chimera.GmsIntentOperationService$PersistentInternalReceiver }.
11-16 08:57:23.876: V/RecoverableKeyStoreMgr(1164): Not updating secret types - same as old value.
11-16 08:57:23.876: I/MobileDataHub(14067): Scheduling periodic tasks
11-16 08:57:23.876: I/RecoverableKeyStoreGms(14067): [RecoverableKeyStoreGmsInitOperation] Setting vault handle
11-16 08:57:23.877: W/MobileDataHub(14067): [Service] appsupload-periodic periodic task disabled
11-16 08:57:23.877: V/RecoverableKeyStoreMgr(1164): Not updating server params - same as old value.
11-16 08:57:23.877: I/MdiSyncModule(14067): flag handling is skipping irrelevant intent.
11-16 08:57:23.878: I/MS_Utils(14067): version of com.google.android.apps.maps = 1022101040
11-16 08:57:23.878: I/RecoverableKeyStoreGms(14067): [EnrollmentManager] Returning certificates list from cache
11-16 08:57:23.880: I/SystemUpdate(14067): [Installation,ReceiverIntentOperation] Received intent: Intent { act=com.google.gservices.intent.action.GSERVICES_CHANGED flg=0x1000010 pkg=com.google.android.gms cmp=com.google.android.gms/.chimera.GmsIntentOperationService$PersistentInternalReceiver }.
11-16 08:57:23.880: W/DynamiteModule(14067): Local module descriptor class for com.google.android.gms.vision.dynamite.ocr not found.
11-16 08:57:23.882: I/DynamiteModule(14067): Considering local module com.google.android.gms.vision.dynamite.ocr:0 and remote module com.google.android.gms.vision.dynamite.ocr:0
11-16 08:57:23.882: I/DynamiteModule(14067): Considering local module com.google.android.gms.vision.ocr:0 and remote module com.google.android.gms.vision.ocr:1
11-16 08:57:23.882: I/DynamiteModule(14067): Selected remote version of com.google.android.gms.vision.ocr, version >= 1
11-16 08:57:23.889: I/native(14067): I1116 08:57:23.889657   19374 start_ocr_856638336_langid.cc:35] StartOcr with label: latin_script_gmvapi_android
11-16 08:57:23.889: I/native(14067): I1116 08:57:23.889770   19374 start_ocr_856638336_langid.cc:44] StartOcr success
11-16 08:57:23.896: I/OcrModelUpStIntentOp(14067): Downloading text recognizer
11-16 08:57:23.899: I/SoundTriggerModelLoader(11350): Unloading model 9f6ad62a-1f0b-11e7-87c5-40a8f03d3f15
11-16 08:57:23.899: I/SoundTriggerManagerComp(11350): Unloading model 9f6ad62a-1f0b-11e7-87c5-40a8f03d3f15
11-16 08:57:23.899: I/SoundTriggerService(1164): deleteSoundModel(): id = 9f6ad62a-1f0b-11e7-87c5-40a8f03d3f15
11-16 08:57:23.899: W/SoundTriggerHelper(1164): Unload error: Attempting unload invalid generic model with id:9f6ad62a-1f0b-11e7-87c5-40a8f03d3f15
11-16 08:57:23.906: W/NetworkScheduler(12097): The extras of the task is not valid to be persisted so that the task is not persisted [CONTEXT service_id=218 ]
11-16 08:57:23.906: W/NetworkScheduler(12097): java.lang.IllegalArgumentException: Only the following extra parameter types are supported: Integer, Long, Double, String, Boolean, and nested Bundles with the same restrictions.
11-16 08:57:23.906: W/NetworkScheduler(12097): 	at abno.f(:com.google.android.gms@213614028@21.36.14 (100400-395708125):6)
11-16 08:57:23.906: W/NetworkScheduler(12097): 	at amdu.g(:com.google.android.gms@213614028@21.36.14 (100400-395708125):37)
11-16 08:57:23.906: W/NetworkScheduler(12097): 	at amdd.n(:com.google.android.gms@213614028@21.36.14 (100400-395708125):3)
11-16 08:57:23.906: W/NetworkScheduler(12097): 	at amdd.u(:com.google.android.gms@213614028@21.36.14 (100400-395708125):20)
11-16 08:57:23.906: W/NetworkScheduler(12097): 	at amdd.g(:com.google.android.gms@213614028@21.36.14 (100400-395708125):3)
11-16 08:57:23.906: W/NetworkScheduler(12097): 	at alzy.run(:com.google.android.gms@213614028@21.36.14 (100400-395708125):9)
11-16 08:57:23.906: W/NetworkScheduler(12097): 	at rgh.c(:com.google.android.gms@213614028@21.36.14 (100400-395708125):6)
11-16 08:57:23.906: W/NetworkScheduler(12097): 	at rgh.run(:com.google.android.gms@213614028@21.36.14 (100400-395708125):8)
11-16 08:57:23.906: W/NetworkScheduler(12097): 	at java.util.concurrent.ThreadPoolExecutor.runWorker(ThreadPoolExecutor.java:1167)
11-16 08:57:23.906: W/NetworkScheduler(12097): 	at java.util.concurrent.ThreadPoolExecutor$Worker.run(ThreadPoolExecutor.java:641)
11-16 08:57:23.906: W/NetworkScheduler(12097): 	at rkn.run(:com.google.android.gms@213614028@21.36.14 (100400-395708125):0)
11-16 08:57:23.906: W/NetworkScheduler(12097): 	at java.lang.Thread.run(Thread.java:764)
11-16 08:57:23.907: E/GooglePlayServicesUtil(19430): The Google Play services resources were not found. Check your project configuration to ensure that the resources are included.
11-16 08:57:23.907: I/SettingsActivityAvailab(19451): Disabling com.google.android.apps.multidevice.client.ui.pixel.SettingsActivity.
11-16 08:57:23.910: D/GservicesChangeReceiver(6062): Gservices Changed broadcast Received. context is android.app.ReceiverRestrictedContext@fa866dc
11-16 08:57:23.910: D/GservicesChangeReceiver(6062): Gservices allowPowerAnomalyData is False.
11-16 08:57:23.911: D/ConnectivityMonitorManager(6062): Service com.google.android.connectivitymonitor.PowerAnomalyDetectorService is not running...
11-16 08:57:23.913: I/RecoverableKeyStoreMgr(1164): The cert file serial number is the same, so skip updating.
11-16 08:57:23.913: I/RecoverableKeyStoreGms(14067): [EnrollmentManager] Recovery service is initialized.
11-16 08:57:23.913: D/GservicesChangeReceiver(6062): Gservices allowLowPowerMonitoring is False.
11-16 08:57:23.914: D/ConnectivityMonitorManager(6062): Service com.google.android.connectivitymonitor.LowPowerMonitorService is not running...
11-16 08:57:23.915: I/RecoverySnapshotLstnrs(1164): Registered listener for agent with uid 10007
11-16 08:57:23.916: D/GservicesChangeReceiver(6062): Gservices isConnectivityMonitorEnabled is True.
11-16 08:57:23.917: E/RecoverySnapshotStorage(1164): Error reading snapshot for 10007 from disk
11-16 08:57:23.917: E/RecoverySnapshotStorage(1164): java.io.FileNotFoundException: /data/system/recoverablekeystore/snapshots/10007.xml (No such file or directory)
11-16 08:57:23.917: E/RecoverySnapshotStorage(1164): 	at java.io.FileInputStream.open0(Native Method)
11-16 08:57:23.917: E/RecoverySnapshotStorage(1164): 	at java.io.FileInputStream.open(FileInputStream.java:231)
11-16 08:57:23.917: E/RecoverySnapshotStorage(1164): 	at java.io.FileInputStream.<init>(FileInputStream.java:165)
11-16 08:57:23.917: E/RecoverySnapshotStorage(1164): 	at com.android.server.locksettings.recoverablekeystore.storage.RecoverySnapshotStorage.readFromDisk(RecoverySnapshotStorage.java:152)
11-16 08:57:23.917: E/RecoverySnapshotStorage(1164): 	at com.android.server.locksettings.recoverablekeystore.storage.RecoverySnapshotStorage.get(RecoverySnapshotStorage.java:104)
11-16 08:57:23.917: E/RecoverySnapshotStorage(1164): 	at com.android.server.locksettings.recoverablekeystore.RecoverableKeyStoreManager.getKeyChainSnapshot(RecoverableKeyStoreManager.java:331)
11-16 08:57:23.917: E/RecoverySnapshotStorage(1164): 	at com.android.server.locksettings.LockSettingsService.getKeyChainSnapshot(LockSettingsService.java:2032)
11-16 08:57:23.917: E/RecoverySnapshotStorage(1164): 	at com.android.internal.widget.ILockSettings$Stub.onTransact(ILockSettings.java:356)
11-16 08:57:23.917: E/RecoverySnapshotStorage(1164): 	at android.os.Binder.execTransact(Binder.java:731)
11-16 08:57:23.918: I/RecoverableKeyStoreGms(14067): [WrappingKeyManager] Can't generate wrapping key - missing lock screeen
11-16 08:57:23.919: D/ConnectivityMonitorManager(6062): Service com.google.android.connectivitymonitor.ConnectivityMonitorService is running...
11-16 08:57:23.920: I/GmsModuleFndr(14067): Beginning GMS chimera module scan
11-16 08:57:23.922: D/ConnMetrics:App(19430): IsOptedIn = false
11-16 08:57:23.922: I/EuiccGoogle(19485): [2] GservicesChangedReceiver.onReceive: Setting EUICC_SUPPORTED_COUNTRIES to de,gb,in,us
11-16 08:57:23.927: I/Backup(14067): [GmsBackupStatusChangeReceiver] Going to enable gms backup transport.
11-16 08:57:23.932: I/ModuleSetMgr(14067): Computing pending module set with APKs: [[AdsFdrDynamite.integ:213806100100000], [Enpromo.integ:214106000100000], [Pay.optional:213614100000], [VisionOcr.optional:213614100400], [AdsFdrDynamite.integ:212104400100000], [Cronetdynamite:213614100400], [Dynamiteloader:213614100000], [Dynamitemodulesa:213614100000], [Dynamitemodulesc:213614100000], [Googlecertificates:213614100000], [Mapsdynamite:213614100000], [Measurementdynamite:213614100000]]
11-16 08:57:23.936: I/Herrevad(12097): [950] zcq.a: updateListenState
11-16 08:57:23.937: I/NetRec(12097): [950] aiad.a: onConfigChanged()
11-16 08:57:23.941: I/BgTaskExecutorImpl(11588): Starting NONEXCLUSIVE background task UPDATE_GSERVICES_CONFIG.
11-16 08:57:23.944: I/NetRec(12097): [950] aiad.a: Cancelling all NetRec GCM tasks
11-16 08:57:23.945: W/SearchServiceCore(11588): Abort, client detached.
11-16 08:57:23.948: I/GservicesUpdateTask(11588): Updating Gservices keys
11-16 08:57:23.949: I/NetRec(12097): [953] ClearDatabaseService.onHandleIntent: Clearing score cache
11-16 08:57:23.951: I/Auth(12097): [AuthManaged, PasswordComplexityHelperImpl] Updating password complexity components state.
11-16 08:57:23.951: I/Auth(12097): [AuthManaged, PasswordComplexityHelperImpl] Enabling com.google.android.gms.auth.managed.ui.SetNewPasswordActivity
11-16 08:57:23.952: I/ModuleSetMgr(14067): Pending container module APKs: [[Pay.optional:213614100000], [VisionOcr.optional:213614100400]]
11-16 08:57:23.952: I/ModuleSetMgr(14067): Pending non-container module APKs: [[Enpromo.integ:214106000100000], [AdsFdrDynamite.integ:213806100100000]]
11-16 08:57:23.965: W/PackageParser(14067): Unknown element under <manifest>: queries at /data/user_de/0/com.google.android.gms/app_chimera/m/00000007/AdsDynamite.apk Binary XML file line #5
11-16 08:57:23.973: I/GCoreUlr(12097): DispatchingService ignoring Intent { act=android.net.wifi.WIFI_STATE_CHANGED flg=0x4000010 (has extras) } because ULR inactive [CONTEXT service_id=22 ]
11-16 08:57:23.982: I/GCoreUlr(12097): WorldUpdater received intent Intent { act=com.google.android.location.reporting.ACTION_UPDATE_WORLD cmp=com.google.android.gms/com.google.android.location.reporting.service.DispatchingService (has extras) } with receiverAction com.google.gservices.intent.action.GSERVICES_CHANGED [CONTEXT service_id=22 ]
11-16 08:57:23.982: W/PackageParser(14067): Unknown element under <manifest>: queries at /data/user_de/0/com.google.android.gms/app_chimera/m/00000011/dl-AdsFdrDynamite.integ_213806100100000.apk Binary XML file line #11
11-16 08:57:23.984: I/GCoreUlr(12097): WorldUpdater:com.google.gservices.intent.action.GSERVICES_CHANGED: Ensuring that reporting is stopped because of reasons: (no Google accounts) [CONTEXT service_id=22 ]
11-16 08:57:23.986: I/GCoreUlr(12097): Unbound from all signal providers. [CONTEXT service_id=22 ]
11-16 08:57:23.988: I/GmsModuleFndr(14067): Beginning GMS chimera module scan
11-16 08:57:23.995: I/GCoreUlr(12097): Unbound from all signal providers. [CONTEXT service_id=22 ]
11-16 08:57:23.995: I/GCoreUlr(12097): Stopping handler for UlrDispSvcFast [CONTEXT service_id=22 ]
11-16 08:57:24.003: I/ModuleSetMgr(14067): Computing pending module set with APKs: [[AdsFdrDynamite.integ:213806100100000], [Enpromo.integ:214106000100000], [Pay.optional:213614100000], [VisionOcr.optional:213614100400], [AdsFdrDynamite.integ:212104400100000], [Cronetdynamite:213614100400], [Dynamiteloader:213614100000], [Dynamitemodulesa:213614100000], [Dynamitemodulesc:213614100000], [Googlecertificates:213614100000], [Mapsdynamite:213614100000], [Measurementdynamite:213614100000]]
11-16 08:57:24.009: I/ModuleSetMgr(14067): Pending container module APKs: [[Pay.optional:213614100000], [VisionOcr.optional:213614100400]]
11-16 08:57:24.009: I/ModuleSetMgr(14067): Pending non-container module APKs: [[Enpromo.integ:214106000100000], [AdsFdrDynamite.integ:213806100100000]]
11-16 08:57:24.010: I/SoundTriggerModelLoader(11350): Unloading model 9f6ad62a-1f0b-11e7-87c5-40a8f03d3f15
11-16 08:57:24.010: I/SoundTriggerManagerComp(11350): Unloading model 9f6ad62a-1f0b-11e7-87c5-40a8f03d3f15
11-16 08:57:24.010: I/SoundTriggerService(1164): deleteSoundModel(): id = 9f6ad62a-1f0b-11e7-87c5-40a8f03d3f15
11-16 08:57:24.010: W/SoundTriggerHelper(1164): Unload error: Attempting unload invalid generic model with id:9f6ad62a-1f0b-11e7-87c5-40a8f03d3f15
11-16 08:57:24.017: I/SettingsActivityAvailab(19451): Disabling com.google.android.apps.multidevice.client.ui.pixel.SettingsActivity.
11-16 08:57:24.019: E/GooglePlayServicesUtil(19430): The Google Play services resources were not found. Check your project configuration to ensure that the resources are included.
11-16 08:57:24.020: D/GservicesChangeReceiver(6062): Gservices Changed broadcast Received. context is android.app.ReceiverRestrictedContext@fa866dc
11-16 08:57:24.020: D/GservicesChangeReceiver(6062): Gservices allowPowerAnomalyData is False.
11-16 08:57:24.022: D/ConnectivityMonitorManager(6062): Service com.google.android.connectivitymonitor.PowerAnomalyDetectorService is not running...
11-16 08:57:24.022: W/PackageParser(14067): Unknown element under <manifest>: queries at /data/user_de/0/com.google.android.gms/app_chimera/m/00000007/AdsDynamite.apk Binary XML file line #5
11-16 08:57:24.024: D/GservicesChangeReceiver(6062): Gservices allowLowPowerMonitoring is False.
11-16 08:57:24.026: D/ConnectivityMonitorManager(6062): Service com.google.android.connectivitymonitor.LowPowerMonitorService is not running...
11-16 08:57:24.027: D/GservicesChangeReceiver(6062): Gservices isConnectivityMonitorEnabled is True.
11-16 08:57:24.028: I/akhr(12097): Scheduling Phenotype for a PhenotypeSyncImmediately(6, com.google.android.gms.testsupport) one off with window [1, 2] in seconds [CONTEXT service_id=51 ]
11-16 08:57:24.029: D/ConnectivityMonitorManager(6062): Service com.google.android.connectivitymonitor.ConnectivityMonitorService is running...
11-16 08:57:24.033: D/ConnMetrics:App(19430): IsOptedIn = false
11-16 08:57:24.034: I/EuiccGoogle(19485): [2] GservicesChangedReceiver.onReceive: Setting EUICC_SUPPORTED_COUNTRIES to de,gb,in,us
11-16 08:57:24.041: I/TestSupport(14067): AwaitCommitOperation: SaveStrategy__enableSaving [CONTEXT service_id=133 ]
11-16 08:57:24.041: I/Backup(14067): [GmsBackupStatusChangeReceiver] Going to enable gms backup transport.
11-16 08:57:24.043: W/PackageParser(14067): Unknown element under <manifest>: queries at /data/user_de/0/com.google.android.gms/app_chimera/m/00000011/dl-AdsFdrDynamite.integ_213806100100000.apk Binary XML file line #11
11-16 08:57:24.047: I/TestSupport(14067): AwaitCommitOperation: uncommitted: FlagOverride(com.google.android.gms.auth.api.credentials, , Flag(SaveStrategy__enableSaving, false, 2, 0), false) [CONTEXT service_id=133 ]
11-16 08:57:24.047: I/TestSupport(14067): AwaitCommitOperation:  sleeping for 10 msec. [CONTEXT service_id=133 ]
11-16 08:57:24.049: I/RecoverableKeyStoreGms(14067): [RecoverableKeyStoreGmsInitOperation] Initializing auth_folsom
11-16 08:57:24.051: I/ChromeSync(14067): [Sync,SyncIntentOperation] Handling the intent: Intent { act=com.google.gservices.intent.action.GSERVICES_CHANGED flg=0x1000010 pkg=com.google.android.gms cmp=com.google.android.gms/.chimera.GmsIntentOperationService$PersistentInternalReceiver }.
11-16 08:57:24.052: I/RecoverableKeyStoreGms(14067): [RecoverableKeyStoreGmsInitOperation] com.google.android.gms.auth.folsom.service.FolsomPublicKeyUpdateService is already enabled. Ignore.
11-16 08:57:24.052: I/RecoverableKeyStoreGms(14067): [RecoverableKeyStoreGmsInitOperation] com.google.android.gms.auth.folsom.service.GcmReceiverService is already enabled. Ignore.
11-16 08:57:24.054: V/RecoverableKeyStoreMgr(1164): Not updating secret types - same as old value.
11-16 08:57:24.055: I/RecoverableKeyStoreGms(14067): [RecoverableKeyStoreGmsInitOperation] Setting vault handle
11-16 08:57:24.055: I/Herrevad(12097): [953] zcq.a: updateListenState
11-16 08:57:24.055: I/MobileDataHub(14067): Scheduling periodic tasks
11-16 08:57:24.055: V/RecoverableKeyStoreMgr(1164): Not updating server params - same as old value.
11-16 08:57:24.056: I/RecoverableKeyStoreGms(14067): [EnrollmentManager] Returning certificates list from cache
11-16 08:57:24.056: W/MobileDataHub(14067): [Service] appsupload-periodic periodic task disabled
11-16 08:57:24.056: I/NetRec(12097): [953] aiad.a: onConfigChanged()
11-16 08:57:24.059: I/MS_Utils(14067): version of com.google.android.apps.maps = 1022101040
11-16 08:57:24.059: I/BgTaskExecutorImpl(11588): Starting NONEXCLUSIVE background task UPDATE_GSERVICES_CONFIG.
11-16 08:57:24.059: I/MdiSyncModule(14067): flag handling is skipping irrelevant intent.
11-16 08:57:24.062: W/DynamiteModule(14067): Local module descriptor class for com.google.android.gms.vision.dynamite.ocr not found.
11-16 08:57:24.063: I/DynamiteModule(14067): Considering local module com.google.android.gms.vision.dynamite.ocr:0 and remote module com.google.android.gms.vision.dynamite.ocr:0
11-16 08:57:24.063: I/DynamiteModule(14067): Considering local module com.google.android.gms.vision.ocr:0 and remote module com.google.android.gms.vision.ocr:1
11-16 08:57:24.063: I/DynamiteModule(14067): Selected remote version of com.google.android.gms.vision.ocr, version >= 1
11-16 08:57:24.063: I/NetRec(12097): [953] aiad.a: Cancelling all NetRec GCM tasks
11-16 08:57:24.064: I/native(14067): I1116 08:57:24.064767   19404 start_ocr_856638336_langid.cc:35] StartOcr with label: latin_script_gmvapi_android
11-16 08:57:24.064: I/native(14067): I1116 08:57:24.064845   19404 start_ocr_856638336_langid.cc:44] StartOcr success
11-16 08:57:24.065: W/SearchServiceCore(11588): Abort, client detached.
11-16 08:57:24.065: I/SystemUpdate(14067): [Installation,ReceiverIntentOperation] Received intent: Intent { act=com.google.gservices.intent.action.GSERVICES_CHANGED flg=0x1000010 pkg=com.google.android.gms cmp=com.google.android.gms/.chimera.GmsIntentOperationService$PersistentInternalReceiver }.
11-16 08:57:24.066: I/Auth(12097): [AuthManaged, PasswordComplexityHelperImpl] Updating password complexity components state.
11-16 08:57:24.066: I/Auth(12097): [AuthManaged, PasswordComplexityHelperImpl] Enabling com.google.android.gms.auth.managed.ui.SetNewPasswordActivity
11-16 08:57:24.066: I/OcrModelUpStIntentOp(14067): Downloading text recognizer
11-16 08:57:24.068: I/GservicesUpdateTask(11588): Updating Gservices keys
11-16 08:57:24.078: I/NetRec(12097): [953] ClearDatabaseService.onHandleIntent: Clearing score cache
11-16 08:57:24.092: W/NetworkScheduler(12097): The extras of the task is not valid to be persisted so that the task is not persisted [CONTEXT service_id=218 ]
11-16 08:57:24.092: W/NetworkScheduler(12097): java.lang.IllegalArgumentException: Only the following extra parameter types are supported: Integer, Long, Double, String, Boolean, and nested Bundles with the same restrictions.
11-16 08:57:24.092: W/NetworkScheduler(12097): 	at abno.f(:com.google.android.gms@213614028@21.36.14 (100400-395708125):6)
11-16 08:57:24.092: W/NetworkScheduler(12097): 	at amdu.g(:com.google.android.gms@213614028@21.36.14 (100400-395708125):37)
11-16 08:57:24.092: W/NetworkScheduler(12097): 	at amdd.n(:com.google.android.gms@213614028@21.36.14 (100400-395708125):3)
11-16 08:57:24.092: W/NetworkScheduler(12097): 	at amdd.u(:com.google.android.gms@213614028@21.36.14 (100400-395708125):20)
11-16 08:57:24.092: W/NetworkScheduler(12097): 	at amdd.g(:com.google.android.gms@213614028@21.36.14 (100400-395708125):3)
11-16 08:57:24.092: W/NetworkScheduler(12097): 	at alzy.run(:com.google.android.gms@213614028@21.36.14 (100400-395708125):9)
11-16 08:57:24.092: W/NetworkScheduler(12097): 	at rgh.c(:com.google.android.gms@213614028@21.36.14 (100400-395708125):6)
11-16 08:57:24.092: W/NetworkScheduler(12097): 	at rgh.run(:com.google.android.gms@213614028@21.36.14 (100400-395708125):8)
11-16 08:57:24.092: W/NetworkScheduler(12097): 	at java.util.concurrent.ThreadPoolExecutor.runWorker(ThreadPoolExecutor.java:1167)
11-16 08:57:24.092: W/NetworkScheduler(12097): 	at java.util.concurrent.ThreadPoolExecutor$Worker.run(ThreadPoolExecutor.java:641)
11-16 08:57:24.092: W/NetworkScheduler(12097): 	at rkn.run(:com.google.android.gms@213614028@21.36.14 (100400-395708125):0)
11-16 08:57:24.092: W/NetworkScheduler(12097): 	at java.lang.Thread.run(Thread.java:764)
11-16 08:57:24.097: I/GmsModuleFndr(14067): Beginning GMS chimera module scan
11-16 08:57:24.098: I/TestSupport(14067): AwaitCommitOperation: uncommitted: FlagOverride(com.google.android.gms.auth.api.credentials, , Flag(SaveStrategy__enableSaving, false, 2, 0), false) [CONTEXT service_id=133 ]
11-16 08:57:24.098: I/TestSupport(14067): AwaitCommitOperation:  sleeping for 20 msec. [CONTEXT service_id=133 ]
11-16 08:57:24.098: I/RecoverableKeyStoreMgr(1164): The cert file serial number is the same, so skip updating.
11-16 08:57:24.099: I/RecoverableKeyStoreGms(14067): [EnrollmentManager] Recovery service is initialized.
11-16 08:57:24.100: I/GCoreUlr(12097): DispatchingService ignoring Intent { act=android.net.wifi.WIFI_STATE_CHANGED flg=0x4000010 (has extras) } because ULR inactive [CONTEXT service_id=22 ]
11-16 08:57:24.101: I/RecoverySnapshotLstnrs(1164): Registered listener for agent with uid 10007
11-16 08:57:24.103: E/RecoverySnapshotStorage(1164): Error reading snapshot for 10007 from disk
11-16 08:57:24.103: E/RecoverySnapshotStorage(1164): java.io.FileNotFoundException: /data/system/recoverablekeystore/snapshots/10007.xml (No such file or directory)
11-16 08:57:24.103: E/RecoverySnapshotStorage(1164): 	at java.io.FileInputStream.open0(Native Method)
11-16 08:57:24.103: E/RecoverySnapshotStorage(1164): 	at java.io.FileInputStream.open(FileInputStream.java:231)
11-16 08:57:24.103: E/RecoverySnapshotStorage(1164): 	at java.io.FileInputStream.<init>(FileInputStream.java:165)
11-16 08:57:24.103: E/RecoverySnapshotStorage(1164): 	at com.android.server.locksettings.recoverablekeystore.storage.RecoverySnapshotStorage.readFromDisk(RecoverySnapshotStorage.java:152)
11-16 08:57:24.103: E/RecoverySnapshotStorage(1164): 	at com.android.server.locksettings.recoverablekeystore.storage.RecoverySnapshotStorage.get(RecoverySnapshotStorage.java:104)
11-16 08:57:24.103: E/RecoverySnapshotStorage(1164): 	at com.android.server.locksettings.recoverablekeystore.RecoverableKeyStoreManager.getKeyChainSnapshot(RecoverableKeyStoreManager.java:331)
11-16 08:57:24.103: E/RecoverySnapshotStorage(1164): 	at com.android.server.locksettings.LockSettingsService.getKeyChainSnapshot(LockSettingsService.java:2032)
11-16 08:57:24.103: E/RecoverySnapshotStorage(1164): 	at com.android.internal.widget.ILockSettings$Stub.onTransact(ILockSettings.java:356)
11-16 08:57:24.103: E/RecoverySnapshotStorage(1164): 	at android.os.Binder.execTransact(Binder.java:731)
11-16 08:57:24.104: I/ModuleSetMgr(14067): Computing pending module set with APKs: [[AdsFdrDynamite.integ:213806100100000], [Enpromo.integ:214106000100000], [Pay.optional:213614100000], [VisionOcr.optional:213614100400], [AdsFdrDynamite.integ:212104400100000], [Cronetdynamite:213614100400], [Dynamiteloader:213614100000], [Dynamitemodulesa:213614100000], [Dynamitemodulesc:213614100000], [Googlecertificates:213614100000], [Mapsdynamite:213614100000], [Measurementdynamite:213614100000]]
11-16 08:57:24.105: I/RecoverableKeyStoreGms(14067): [WrappingKeyManager] Can't generate wrapping key - missing lock screeen
11-16 08:57:24.105: I/GCoreUlr(12097): WorldUpdater received intent Intent { act=com.google.android.location.reporting.ACTION_UPDATE_WORLD cmp=com.google.android.gms/com.google.android.location.reporting.service.DispatchingService (has extras) } with receiverAction com.google.gservices.intent.action.GSERVICES_CHANGED [CONTEXT service_id=22 ]
11-16 08:57:24.108: I/ModuleSetMgr(14067): Pending container module APKs: [[Pay.optional:213614100000], [VisionOcr.optional:213614100400]]
11-16 08:57:24.109: I/ModuleSetMgr(14067): Pending non-container module APKs: [[Enpromo.integ:214106000100000], [AdsFdrDynamite.integ:213806100100000]]
11-16 08:57:24.109: I/GCoreUlr(12097): WorldUpdater:com.google.gservices.intent.action.GSERVICES_CHANGED: Ensuring that reporting is stopped because of reasons: (no Google accounts) [CONTEXT service_id=22 ]
11-16 08:57:24.113: I/GCoreUlr(12097): Unbound from all signal providers. [CONTEXT service_id=22 ]
11-16 08:57:24.120: W/PackageParser(14067): Unknown element under <manifest>: queries at /data/user_de/0/com.google.android.gms/app_chimera/m/00000007/AdsDynamite.apk Binary XML file line #5
11-16 08:57:24.124: I/GCoreUlr(12097): Unbound from all signal providers. [CONTEXT service_id=22 ]
11-16 08:57:24.124: I/GCoreUlr(12097): Stopping handler for UlrDispSvcFast [CONTEXT service_id=22 ]
11-16 08:57:24.133: W/PackageParser(14067): Unknown element under <manifest>: queries at /data/user_de/0/com.google.android.gms/app_chimera/m/00000011/dl-AdsFdrDynamite.integ_213806100100000.apk Binary XML file line #11
11-16 08:57:24.138: I/GmsModuleFndr(14067): Beginning GMS chimera module scan
11-16 08:57:24.141: I/SoundTriggerModelLoader(11350): Unloading model 9f6ad62a-1f0b-11e7-87c5-40a8f03d3f15
11-16 08:57:24.141: I/SoundTriggerManagerComp(11350): Unloading model 9f6ad62a-1f0b-11e7-87c5-40a8f03d3f15
11-16 08:57:24.141: I/SoundTriggerService(1164): deleteSoundModel(): id = 9f6ad62a-1f0b-11e7-87c5-40a8f03d3f15
11-16 08:57:24.141: W/SoundTriggerHelper(1164): Unload error: Attempting unload invalid generic model with id:9f6ad62a-1f0b-11e7-87c5-40a8f03d3f15
11-16 08:57:24.142: I/TestSupport(14067): AwaitCommitOperation: uncommitted: FlagOverride(com.google.android.gms.auth.api.credentials, , Flag(SaveStrategy__enableSaving, false, 2, 0), false) [CONTEXT service_id=133 ]
11-16 08:57:24.142: I/TestSupport(14067): AwaitCommitOperation:  sleeping for 40 msec. [CONTEXT service_id=133 ]
11-16 08:57:24.149: I/SettingsActivityAvailab(19451): Disabling com.google.android.apps.multidevice.client.ui.pixel.SettingsActivity.
