11-16 08:57:28.406: E/ExecutionCriteria(12097): Package unavailable for task: com.google.android.apps.gcs/com.google.android.flib.phenotype.services.PhenotypeExperimentCommitService{u=0 tag="PhenotypeExpCommitSvc" trigger=window{start=0s,end=30s,earliest=-1741s,latest=-1711s} requirements=[NET_ANY] attributes=[PERSISTED] scheduled=-1741s last_run=N/A exec_window_multiplier=1.0000 jid=N/A status=PENDING retries=0 client_lib=MANCHEGO_GCM-11732000} [CONTEXT service_id=218 ]
11-16 08:57:28.408: W/PhenotypeConfigurationU(12097): Update for unknown DeviceConfig package com.google.android.gms.car [CONTEXT service_id=204 ]
11-16 08:57:28.408: W/PhenotypeConfigurationU(12097): akjf: No package exists for config package: com.google.android.gms.car
11-16 08:57:28.408: W/PhenotypeConfigurationU(12097): 	at com.google.android.gms.platformconfigurator.PhenotypeConfigurationUpdateListener.a(:com.google.android.gms@213614028@21.36.14 (100400-395708125):7)
11-16 08:57:28.408: W/PhenotypeConfigurationU(12097): 	at com.google.android.gms.platformconfigurator.PhenotypeConfigurationUpdateListener.onHandleIntent(:com.google.android.gms@213614028@21.36.14 (100400-395708125):5)
11-16 08:57:28.408: W/PhenotypeConfigurationU(12097): 	at com.google.android.chimera.IntentOperation.onHandleIntent(:com.google.android.gms@213614028@21.36.14 (100400-395708125):2)
11-16 08:57:28.408: W/PhenotypeConfigurationU(12097): 	at pld.onHandleIntent(:com.google.android.gms@213614028@21.36.14 (100400-395708125):4)
11-16 08:57:28.408: W/PhenotypeConfigurationU(12097): 	at dpb.run(:com.google.android.gms@213614028@21.36.14 (100400-395708125):5)
11-16 08:57:28.408: W/PhenotypeConfigurationU(12097): 	at dpa.run(:com.google.android.gms@213614028@21.36.14 (100400-395708125):11)
11-16 08:57:28.408: W/PhenotypeConfigurationU(12097): 	at bfyg.run(:com.google.android.gms@213614028@21.36.14 (100400-395708125):2)
11-16 08:57:28.408: W/PhenotypeConfigurationU(12097): 	at java.util.concurrent.ThreadPoolExecutor.runWorker(ThreadPoolExecutor.java:1167)
11-16 08:57:28.408: W/PhenotypeConfigurationU(12097): 	at java.util.concurrent.ThreadPoolExecutor$Worker.run(ThreadPoolExecutor.java:641)
11-16 08:57:28.408: W/PhenotypeConfigurationU(12097): 	at java.lang.Thread.run(Thread.java:764)
11-16 08:57:28.409: I/android.gms:ca(19943): The ClassLoaderContext is a special shared library.
11-16 08:57:28.410: I/chatty(19943): uid=10007 com.google.android.gms:car identical 1 line
11-16 08:57:28.410: I/android.gms:ca(19943): The ClassLoaderContext is a special shared library.
11-16 08:57:28.413: E/Backup(14067): [BackupTransportMigratorChimeraService] Could not migrate transport!
11-16 08:57:28.414: W/libprocessgroup(1164): kill(-19430, 9) failed: No such process
11-16 08:57:28.414: I/libprocessgroup(1164): Successfully killed process cgroup uid 10057 pid 19430 in 44ms
11-16 08:57:28.415: I/Backup(14067): [BackupTransportMigratorChimeraService] Starting migration...
11-16 08:57:28.419: W/android.gms:ca(19943): Unknown chunk type '200'.
11-16 08:57:28.422: E/akgg(12097): Phenotype API error. Event # btlq@bf0186e3, EventCode: 32 [CONTEXT service_id=51 ]
11-16 08:57:28.422: E/akgg(12097): akfs: 29503
11-16 08:57:28.422: E/akgg(12097): 	at akhi.e(:com.google.android.gms@213614028@21.36.14 (100400-395708125):19)
11-16 08:57:28.422: E/akgg(12097): 	at akgg.d(:com.google.android.gms@213614028@21.36.14 (100400-395708125):4)
11-16 08:57:28.422: E/akgg(12097): 	at akgg.f(:com.google.android.gms@213614028@21.36.14 (100400-395708125):2)
11-16 08:57:28.422: E/akgg(12097): 	at xna.run(:com.google.android.gms@213614028@21.36.14 (100400-395708125):17)
11-16 08:57:28.422: E/akgg(12097): 	at bfyg.run(:com.google.android.gms@213614028@21.36.14 (100400-395708125):2)
11-16 08:57:28.422: E/akgg(12097): 	at rgh.c(:com.google.android.gms@213614028@21.36.14 (100400-395708125):6)
11-16 08:57:28.422: E/akgg(12097): 	at rgh.run(:com.google.android.gms@213614028@21.36.14 (100400-395708125):7)
11-16 08:57:28.422: E/akgg(12097): 	at java.util.concurrent.ThreadPoolExecutor.runWorker(ThreadPoolExecutor.java:1167)
11-16 08:57:28.422: E/akgg(12097): 	at java.util.concurrent.ThreadPoolExecutor$Worker.run(ThreadPoolExecutor.java:641)
11-16 08:57:28.422: E/akgg(12097): 	at rkn.run(:com.google.android.gms@213614028@21.36.14 (100400-395708125):0)
11-16 08:57:28.422: E/akgg(12097): 	at java.lang.Thread.run(Thread.java:764)
11-16 08:57:28.423: E/AsyncOperation(12097): operation=SetAppSpecificPropertiesOperationCall, opStatusCode=29503 [CONTEXT service_id=51 ]
11-16 08:57:28.423: E/AsyncOperation(12097): OperationException[Status{statusCode=unknown status code: 29503, resolution=null}]
11-16 08:57:28.423: E/AsyncOperation(12097): 	at akgg.d(:com.google.android.gms@213614028@21.36.14 (100400-395708125):6)
11-16 08:57:28.423: E/AsyncOperation(12097): 	at akgg.f(:com.google.android.gms@213614028@21.36.14 (100400-395708125):2)
11-16 08:57:28.423: E/AsyncOperation(12097): 	at xna.run(:com.google.android.gms@213614028@21.36.14 (100400-395708125):17)
11-16 08:57:28.423: E/AsyncOperation(12097): 	at bfyg.run(:com.google.android.gms@213614028@21.36.14 (100400-395708125):2)
11-16 08:57:28.423: E/AsyncOperation(12097): 	at rgh.c(:com.google.android.gms@213614028@21.36.14 (100400-395708125):6)
11-16 08:57:28.423: E/AsyncOperation(12097): 	at rgh.run(:com.google.android.gms@213614028@21.36.14 (100400-395708125):7)
11-16 08:57:28.423: E/AsyncOperation(12097): 	at java.util.concurrent.ThreadPoolExecutor.runWorker(ThreadPoolExecutor.java:1167)
11-16 08:57:28.423: E/AsyncOperation(12097): 	at java.util.concurrent.ThreadPoolExecutor$Worker.run(ThreadPoolExecutor.java:641)
11-16 08:57:28.423: E/AsyncOperation(12097): 	at rkn.run(:com.google.android.gms@213614028@21.36.14 (100400-395708125):0)
11-16 08:57:28.423: E/AsyncOperation(12097): 	at java.lang.Thread.run(Thread.java:764)
11-16 08:57:28.425: I/droid.apps.map(19958): The ClassLoaderContext is a special shared library.
11-16 08:57:28.518: W/ProviderHelper(19943): Unknown dynamite feature providerinstaller.dynamite
11-16 08:57:28.519: I/DynamiteModule(19943): Considering local module com.google.android.gms.providerinstaller.dynamite:1 and remote module com.google.android.gms.providerinstaller.dynamite:0
11-16 08:57:28.519: I/DynamiteModule(19943): Selected local version of com.google.android.gms.providerinstaller.dynamite
11-16 08:57:28.529: V/NativeCrypto(19943): Registering com/google/android/gms/org/conscrypt/NativeCrypto's 294 native methods...
11-16 08:57:28.542: D/NetworkSecurityConfig(19943): Using Network Security Config from resource network_security_config debugBuild: false
11-16 08:57:28.544: I/ProviderInstaller(19943): Installed default security provider GmsCore_OpenSSL
11-16 08:57:28.564: I/axnn(19943): Primes not initialized, returning default (no-op) Primes instance which will ignore all calls. Please call Primes.initialize(...) before using any Primes API.
11-16 08:57:28.572: I/GMS_MM_Logger(19943): Started.
11-16 08:57:28.576: I/Watchcat(19943): Started
11-16 08:57:28.579: I/system_server(1164): Explicit concurrent copying GC freed 164238(8MB) AllocSpace objects, 70(2MB) LOS objects, 42% free, 15MB/27MB, paused 57us total 92.665ms
11-16 08:57:28.610: W/CAR.VALIDATOR.LITE(19943): Invalid version in allow list flag [ALL] [CONTEXT service_id=13 ]
11-16 08:57:28.610: W/CAR.VALIDATOR.LITE(19943): java.lang.NumberFormatException: For input string: "ALL"
11-16 08:57:28.610: W/CAR.VALIDATOR.LITE(19943): 	at java.lang.Integer.parseInt(Integer.java:615)
11-16 08:57:28.610: W/CAR.VALIDATOR.LITE(19943): 	at java.lang.Integer.parseInt(Integer.java:650)
11-16 08:57:28.610: W/CAR.VALIDATOR.LITE(19943): 	at nnu.<init>(:com.google.android.gms@213614028@21.36.14 (100400-395708125):13)
11-16 08:57:28.610: W/CAR.VALIDATOR.LITE(19943): 	at nnu.d(:com.google.android.gms@213614028@21.36.14 (100400-395708125):2)
11-16 08:57:28.610: W/CAR.VALIDATOR.LITE(19943): 	at com.google.android.gms.car.CarChimeraService.onCreate(:com.google.android.gms@213614028@21.36.14 (100400-395708125):17)
11-16 08:57:28.610: W/CAR.VALIDATOR.LITE(19943): 	at dpx.onCreate(:com.google.android.gms@213614028@21.36.14 (100400-395708125):1)
11-16 08:57:28.610: W/CAR.VALIDATOR.LITE(19943): 	at plf.onCreate(:com.google.android.gms@213614028@21.36.14 (100400-395708125):4)
11-16 08:57:28.610: W/CAR.VALIDATOR.LITE(19943): 	at android.app.ActivityThread.handleCreateService(ActivityThread.java:3570)
11-16 08:57:28.610: W/CAR.VALIDATOR.LITE(19943): 	at android.app.ActivityThread.access$1300(ActivityThread.java:200)
11-16 08:57:28.610: W/CAR.VALIDATOR.LITE(19943): 	at android.app.ActivityThread$H.handleMessage(ActivityThread.java:1672)
11-16 08:57:28.610: W/CAR.VALIDATOR.LITE(19943): 	at android.os.Handler.dispatchMessage(Handler.java:106)
11-16 08:57:28.610: W/CAR.VALIDATOR.LITE(19943): 	at android.os.Looper.loop(Looper.java:193)
11-16 08:57:28.610: W/CAR.VALIDATOR.LITE(19943): 	at android.app.ActivityThread.main(ActivityThread.java:6718)
11-16 08:57:28.610: W/CAR.VALIDATOR.LITE(19943): 	at java.lang.reflect.Method.invoke(Native Method)
11-16 08:57:28.610: W/CAR.VALIDATOR.LITE(19943): 	at com.android.internal.os.RuntimeInit$MethodAndArgsCaller.run(RuntimeInit.java:493)
11-16 08:57:28.610: W/CAR.VALIDATOR.LITE(19943): 	at com.android.internal.os.ZygoteInit.main(ZygoteInit.java:858)
11-16 08:57:28.659: I/DynamiteModule(19943): Considering local module com.google.android.gms.googlecertificates:6 and remote module com.google.android.gms.googlecertificates:6
11-16 08:57:28.660: I/DynamiteModule(19943): Selected local version of com.google.android.gms.googlecertificates
11-16 08:57:28.691: D/CAR.CLIENT(4345): onICarAvailable
11-16 08:57:28.691: D/CAR.CLIENT(4345): [ 11-16 08:57:28.741   821: 1341 E/         ]
11-16 08:57:28.691: D/CAR.CLIENT(4345): Couldn't opendir /data/app/vmdl645984147.tmp: No such file or directory
11-16 08:57:28.741: E/installd(821): Failed to delete /data/app/vmdl645984147.tmp: No such file or directory
11-16 08:57:28.755: I/Finsky(13622): [2] alsm.a(4): Exiting following cache clear.
11-16 08:57:28.756: I/Finsky(13622): [2] gik.run(63): Exit with reason: 375, called from : java.lang.Throwable
11-16 08:57:28.756: I/Finsky(13622): 	at gik.run(Unknown Source:9)
11-16 08:57:28.756: I/Finsky(13622): 	at android.os.Handler.handleCallback(Handler.java:873)
11-16 08:57:28.756: I/Finsky(13622): 	at android.os.Handler.dispatchMessage(Handler.java:99)
11-16 08:57:28.756: I/Finsky(13622): 	at android.os.Looper.loop(Looper.java:193)
11-16 08:57:28.756: I/Finsky(13622): 	at android.app.ActivityThread.main(ActivityThread.java:6718)
11-16 08:57:28.756: I/Finsky(13622): 	at java.lang.reflect.Method.invoke(Native Method)
11-16 08:57:28.756: I/Finsky(13622): 	at com.android.internal.os.RuntimeInit$MethodAndArgsCaller.run(RuntimeInit.java:493)
11-16 08:57:28.756: I/Finsky(13622): 	at com.android.internal.os.ZygoteInit.main(ZygoteInit.java:858)
11-16 08:57:28.759: I/CarrierServices(11245): [2] RcsAutoStartReceiver.b: carrierServicesJibeServiceEnabled changed from true to true
11-16 08:57:28.761: I/CarrierServices(11245): [2] RcsAutoStartReceiver.b: enableRcs changed from true to true
11-16 08:57:28.762: I/InputReader(1164): Reconfiguring input devices.  changes=0x00000010
11-16 08:57:28.762: I/Telecom(1164): DefaultDialerCache: Refreshing default dialer for user 0: now com.google.android.dialer: DDC.oR@AJY
11-16 08:57:28.762: I/CarrierServices(11245): [2] RcsAutoStartReceiver.b: RcsAutoStartReceiver triggered. Fetching RCS State. Action: android.intent.action.PACKAGE_ADDED
11-16 08:57:28.764: I/android.vendin(13622): System.exit called, status: 0
11-16 08:57:28.764: I/AndroidRuntime(13622): VM exiting with result code 0, cleanup skipped.
11-16 08:57:28.779: I/CarrierServices(11245): [2] aws.a: Migration binding to RcsMigrationService
11-16 08:57:28.785: V/BackupManagerConstants(1164): getFullBackupIntervalMilliseconds(...) returns 86400000
11-16 08:57:28.787: D/RegisteredNfcFServicesCache(4175): Service unchanged, not updating
11-16 08:57:28.794: E/PhoneInterfaceManager(3811): [PhoneIntfMgr] getCarrierPackageNamesForIntent: No UICC
11-16 08:57:28.794: D/CarrierSvcBindHelper(3811): No carrier app for: 0
11-16 08:57:28.798: W/GCM(12097): Unexpected forwarded intent: Intent { act=android.intent.action.PACKAGE_ADDED dat=package:dev.androidx.ci.emptyapp flg=0x4000010 pkg=com.google.android.gms cmp=com.google.android.gms/.chimera.PersistentIntentOperationService (has extras) }
11-16 08:57:28.799: W/GCM(12097): Unexpected forwarded intent: Intent { act=android.intent.action.PACKAGE_ADDED dat=package:dev.androidx.ci.emptyapp flg=0x4000010 pkg=com.google.android.gms cmp=com.google.android.gms/.chimera.PersistentIntentOperationService (has extras) }
11-16 08:57:28.799: I/FontLog(12097): Package dev.androidx.ci.emptyapp has no metadata [CONTEXT service_id=132 ]
11-16 08:57:28.801: E/VvmPkgInstalledRcvr(3811): cannot create TelephonyManager from ComponentInfo{com.android.phone/com.android.services.telephony.TelephonyConnectionService}, ***, UserHandle{0}
11-16 08:57:28.801: D/ImsResolver(3811): maybeAddedImsService, packageName: dev.androidx.ci.emptyapp
11-16 08:57:28.801: D/CarrierConfigLoader(3811): mHandler: 9 phoneId: 0
11-16 08:57:28.803: D/CAR.CLIENT(4345): onICarAvailable
11-16 08:57:28.805: I/GH.CarApiClientManager(4345): connected
11-16 08:57:28.805: D/GH.CarApiClientManager(4345): calling onConnected on cqq@6b8d2c9
11-16 08:57:28.805: D/GH.FeedbackNotifManager(4345): Starting FeedbackNotificationManager.
11-16 08:57:28.808: I/GH.HatsManager(4345): HaTS feature flag is not enabled. Not starting HatsManager.
11-16 08:57:28.808: D/GH.RatingPromptManager(4345): Starting RatingPromptManager.
11-16 08:57:28.813: D/GH.AutoLaunchPromptMgr(4345): AutoLaunchPromptManager disabled.
11-16 08:57:28.813: D/GH.CarApiClientManager(4345): notifying listener that the client was already connected
11-16 08:57:28.813: D/GH.CarApiClientManager(4345): registered listener cqp@5608237
11-16 08:57:28.813: D/GH.CarApiClientManager(4345): unregistered listener cqq@6b8d2c9
11-16 08:57:28.826: I/Auth(14067): [SupervisedAccountIntentOperation] onHandleIntent(): android.intent.action.PACKAGE_ADDED
11-16 08:57:28.830: I/BlockstoreStorage(14067): Clearing Blockstore Data for package dev.androidx.ci.emptyapp [CONTEXT service_id=258 ]
11-16 08:57:28.831: I/BlockstoreStorage(14067): No metadata found. Skipping deletion. [CONTEXT service_id=258 ]
11-16 08:57:28.832: D/BoundBrokerSvc(14067): onBind: Intent { act=com.google.android.gms.common.BIND_SHARED_PREFS pkg=com.google.android.gms }
11-16 08:57:28.832: D/BoundBrokerSvc(14067): Loading bound service for intent: Intent { act=com.google.android.gms.common.BIND_SHARED_PREFS pkg=com.google.android.gms }
11-16 08:57:28.832: I/ActivityManager(1164): Process com.android.vending (pid 13622) has died: cch  CEM 
11-16 08:57:28.833: W/libprocessgroup(1164): kill(-13622, 9) failed: No such process
11-16 08:57:28.833: I/libprocessgroup(1164): Successfully killed process cgroup uid 10014 pid 13622 in 0ms
11-16 08:57:28.833: I/Zygote(733): Process 13622 exited cleanly (0)
11-16 08:57:28.841: D/BoundBrokerSvc(14067): onUnbind: Intent { act=com.google.android.gms.common.BIND_SHARED_PREFS pkg=com.google.android.gms }
11-16 08:57:28.847: W/system_server(1164): Unknown chunk type '200'.
11-16 08:57:28.871: W/ChimeraUtils(12097): Module com.google.android.gms.nearby_en has empty metadata display_name_string_id
11-16 08:57:28.923: I/chatty(12097): uid=10007(com.google.android.gms) highpool[2] identical 1 line
11-16 08:57:28.925: W/ChimeraUtils(12097): Module com.google.android.gms.nearby_en has empty metadata display_name_string_id
11-16 08:57:28.930: I/system_server(1164): Background concurrent copying GC freed 29074(1404KB) AllocSpace objects, 11(540KB) LOS objects, 42% free, 17MB/31MB, paused 47us total 194.516ms
11-16 08:57:28.932: W/PackageParser(1164): Unknown element under <manifest>: queries at /data/app/vmdl580719141.tmp/base.apk Binary XML file line #31
11-16 08:57:28.937: I/Icing(14067): Indexing com.google.android.gms-apps from com.google.android.gms
11-16 08:57:28.956: I/Icing(14067): Indexing done com.google.android.gms-apps
11-16 08:57:28.956: I/Icing(14067): [ 11-16 08:57:29.021   821: 1341 E/         ]
11-16 08:57:28.956: I/Icing(14067): Couldn't opendir /data/app/vmdl580719141.tmp: No such file or directory
11-16 08:57:29.021: E/installd(821): Failed to delete /data/app/vmdl580719141.tmp: No such file or directory
11-16 08:57:29.027: I/InputReader(1164): Reconfiguring input devices.  changes=0x00000010
11-16 08:57:29.029: I/CarrierServices(11245): [2] RcsAutoStartReceiver.b: carrierServicesJibeServiceEnabled changed from true to true
11-16 08:57:29.029: I/CarrierServices(11245): [2] RcsAutoStartReceiver.b: enableRcs changed from true to true
11-16 08:57:29.030: I/CarrierServices(11245): [2] RcsAutoStartReceiver.b: RcsAutoStartReceiver triggered. Fetching RCS State. Action: android.intent.action.PACKAGE_ADDED
11-16 08:57:29.033: I/Telecom(1164): DefaultDialerCache: Refreshing default dialer for user 0: now com.google.android.dialer: DDC.oR@AJo
11-16 08:57:29.036: I/CarrierServices(11245): [2] aws.a: Migration binding to RcsMigrationService
11-16 08:57:29.053: V/BackupManagerConstants(1164): getFullBackupIntervalMilliseconds(...) returns 86400000
11-16 08:57:29.064: D/RegisteredNfcFServicesCache(4175): Service unchanged, not updating
11-16 08:57:29.064: E/PhoneInterfaceManager(3811): [PhoneIntfMgr] getCarrierPackageNamesForIntent: No UICC
11-16 08:57:29.064: D/CarrierSvcBindHelper(3811): No carrier app for: 0
11-16 08:57:29.066: W/GCM(12097): Unexpected forwarded intent: Intent { act=android.intent.action.PACKAGE_ADDED dat=package:androidx.lifecycle.viewmodel.compose.test flg=0x4000010 pkg=com.google.android.gms cmp=com.google.android.gms/.chimera.PersistentIntentOperationService (has extras) }
11-16 08:57:29.067: W/GCM(12097): Unexpected forwarded intent: Intent { act=android.intent.action.PACKAGE_ADDED dat=package:androidx.lifecycle.viewmodel.compose.test flg=0x4000010 pkg=com.google.android.gms cmp=com.google.android.gms/.chimera.PersistentIntentOperationService (has extras) }
11-16 08:57:29.069: E/VvmPkgInstalledRcvr(3811): cannot create TelephonyManager from ComponentInfo{com.android.phone/com.android.services.telephony.TelephonyConnectionService}, ***, UserHandle{0}
11-16 08:57:29.069: D/ImsResolver(3811): maybeAddedImsService, packageName: androidx.lifecycle.viewmodel.compose.test
11-16 08:57:29.071: I/Auth(14067): [SupervisedAccountIntentOperation] onHandleIntent(): android.intent.action.PACKAGE_ADDED
11-16 08:57:29.071: I/FontLog(12097): Package androidx.lifecycle.viewmodel.compose.test has no metadata [CONTEXT service_id=132 ]
11-16 08:57:29.074: D/CarrierConfigLoader(3811): mHandler: 9 phoneId: 0
11-16 08:57:29.075: I/BlockstoreStorage(14067): Clearing Blockstore Data for package androidx.lifecycle.viewmodel.compose.test [CONTEXT service_id=258 ]
11-16 08:57:29.076: I/BlockstoreStorage(14067): No metadata found. Skipping deletion. [CONTEXT service_id=258 ]
11-16 08:57:29.077: D/BoundBrokerSvc(14067): onBind: Intent { act=com.google.android.gms.common.BIND_SHARED_PREFS pkg=com.google.android.gms }
11-16 08:57:29.077: D/BoundBrokerSvc(14067): Loading bound service for intent: Intent { act=com.google.android.gms.common.BIND_SHARED_PREFS pkg=com.google.android.gms }
11-16 08:57:29.096: W/ChimeraUtils(12097): Module com.google.android.gms.nearby_en has empty metadata display_name_string_id
11-16 08:57:29.114: W/ChimeraUtils(12097): Module com.google.android.gms.nearby_en has empty metadata display_name_string_id
11-16 08:57:29.120: D/BoundBrokerSvc(14067): onUnbind: Intent { act=com.google.android.gms.common.BIND_SHARED_PREFS pkg=com.google.android.gms }
11-16 08:57:29.129: I/Icing(14067): Indexing com.google.android.gms-apps from com.google.android.gms
11-16 08:57:29.131: W/ChimeraUtils(12097): Module com.google.android.gms.nearby_en has empty metadata display_name_string_id
11-16 08:57:29.132: I/Icing(14067): Indexing done com.google.android.gms-apps
11-16 08:57:29.175: I/system_server(1164): Background concurrent copying GC freed 47939(2MB) AllocSpace objects, 21(932KB) LOS objects, 42% free, 17MB/30MB, paused 48us total 155.515ms
11-16 08:57:29.377: D/AndroidRuntime(20043): >>>>>> START com.android.internal.os.RuntimeInit uid 2000 <<<<<<
11-16 08:57:29.431: I/app_process(20043): The ClassLoaderContext is a special shared library.
11-16 08:57:29.454: D/AndroidRuntime(20043): Calling main entry com.android.commands.am.Am
11-16 08:57:29.457: I/ActivityManager(1164): Force stopping com.google.android.apps.mtaas.tools appid=10156 user=0: start instr
11-16 08:57:29.469: I/ActivityManager(1164): Start proc 20053:com.google.android.apps.mtaas.tools/u0a156 for added application com.google.android.apps.mtaas.tools
11-16 08:57:29.470: E/pps.mtaas.tool(20053): Not starting debugger since process cannot load the jdwp agent.
11-16 08:57:29.489: I/pps.mtaas.tool(20053): The ClassLoaderContext is a special shared library.
11-16 08:57:29.507: D/DumpStaticPerfEnv(20053): Instrumentation completed successfully
11-16 08:57:29.507: I/ActivityManager(1164): Force stopping com.google.android.apps.mtaas.tools appid=10156 user=0: finished inst
11-16 08:57:29.507: W/Binder(1164): Outgoing transactions from this process must be FLAG_ONEWAY
11-16 08:57:29.507: W/Binder(1164): java.lang.Throwable
11-16 08:57:29.507: W/Binder(1164): 	at android.os.BinderProxy.transact(Binder.java:1116)
11-16 08:57:29.507: W/Binder(1164): 	at android.app.IInstrumentationWatcher$Stub$Proxy.instrumentationFinished(IInstrumentationWatcher.java:164)
11-16 08:57:29.507: W/Binder(1164): 	at com.android.server.am.InstrumentationReporter$MyThread.run(InstrumentationReporter.java:86)
11-16 08:57:29.507: I/ActivityManager(1164): Killing 20053:com.google.android.apps.mtaas.tools/u0a156 (adj 0): stop com.google.android.apps.mtaas.tools
11-16 08:57:29.508: W/libprocessgroup(1164): kill(-20053, 9) failed: No such process
11-16 08:57:29.513: D/AndroidRuntime(20043): Shutting down VM
11-16 08:57:29.516: I/Zygote(732): Process 20053 exited due to signal (9)
11-16 08:57:29.528: W/libprocessgroup(1164): kill(-20053, 9) failed: No such process
11-16 08:57:29.529: I/libprocessgroup(1164): Successfully killed process cgroup uid 10156 pid 20053 in 20ms
11-16 08:57:29.658: W/droid.apps.map(19958): JIT profile information will not be recorded: profile file does not exits.
11-16 08:57:29.704: D/AndroidRuntime(20075): >>>>>> START com.android.internal.os.RuntimeInit uid 2000 <<<<<<
11-16 08:57:29.758: I/app_process(20075): The ClassLoaderContext is a special shared library.
11-16 08:57:29.782: D/AndroidRuntime(20075): Calling main entry com.android.commands.am.Am
11-16 08:57:29.785: I/ActivityManager(1164): Force stopping com.google.android.apps.mtaas.tools appid=10156 user=0: start instr
11-16 08:57:29.798: I/ActivityManager(1164): Start proc 20087:com.google.android.apps.mtaas.tools/u0a156 for added application com.google.android.apps.mtaas.tools
11-16 08:57:29.801: E/pps.mtaas.tool(20087): Not starting debugger since process cannot load the jdwp agent.
11-16 08:57:29.816: I/pps.mtaas.tool(20087): The ClassLoaderContext is a special shared library.
11-16 08:57:29.824: D/GetPackageUid(20087): Instrumentation completed successfully
11-16 08:57:29.825: I/ActivityManager(1164): Force stopping com.google.android.apps.mtaas.tools appid=10156 user=0: finished inst
11-16 08:57:29.825: I/ActivityManager(1164): Killing 20087:com.google.android.apps.mtaas.tools/u0a156 (adj 0): stop com.google.android.apps.mtaas.tools
11-16 08:57:29.825: W/Binder(1164): Outgoing transactions from this process must be FLAG_ONEWAY
11-16 08:57:29.825: W/Binder(1164): java.lang.Throwable
11-16 08:57:29.825: W/Binder(1164): 	at android.os.BinderProxy.transact(Binder.java:1116)
11-16 08:57:29.825: W/Binder(1164): 	at android.app.IInstrumentationWatcher$Stub$Proxy.instrumentationFinished(IInstrumentationWatcher.java:164)
11-16 08:57:29.825: W/Binder(1164): 	at com.android.server.am.InstrumentationReporter$MyThread.run(InstrumentationReporter.java:86)
11-16 08:57:29.825: W/libprocessgroup(1164): kill(-20087, 9) failed: No such process
11-16 08:57:29.828: D/AndroidRuntime(20075): Shutting down VM
11-16 08:57:29.836: I/Zygote(732): Process 20087 exited due to signal (9)
11-16 08:57:29.842: W/libprocessgroup(1164): kill(-20087, 9) failed: No such process
11-16 08:57:29.842: I/libprocessgroup(1164): Successfully killed process cgroup uid 10156 pid 20087 in 16ms
11-16 08:57:29.855: I/MultiDex(19928): VM with version 2.1.0 has multidex support
11-16 08:57:29.855: I/MultiDex(19928): install
11-16 08:57:29.856: I/MultiDex(19928): VM has multidex support, MultiDex support library is disabled.
11-16 08:57:29.856: I/MultiDex(19928): install
11-16 08:57:29.856: I/MultiDex(19928): VM has multidex support, MultiDex support library is disabled.
11-16 08:57:29.929: W/DefaultPool4(19958): type=1400 audit(0.0:413): avc: denied { read } for name="u:object_r:vendor_default_prop:s0" dev="tmpfs" ino=24452 scontext=u:r:untrusted_app:s0:c102,c256,c512,c768 tcontext=u:object_r:vendor_default_prop:s0 tclass=file permissive=0
11-16 08:57:29.934: E/libc(19958): Access denied finding property "vendor.debug.egl.profiler"
11-16 08:57:29.935: I/Adreno(19958): QUALCOMM build                   : 3f88ca2, I42f6fe38fb
11-16 08:57:29.935: I/Adreno(19958): Build Date                       : 07/13/18
11-16 08:57:29.935: I/Adreno(19958): OpenGL ES Shader Compiler Version: EV031.24.00.00
11-16 08:57:29.935: I/Adreno(19958): Local Branch                     : 50.04
11-16 08:57:29.935: I/Adreno(19958): Remote Branch                    : 
11-16 08:57:29.935: I/Adreno(19958): Remote Branch                    : 
11-16 08:57:29.935: I/Adreno(19958): Reconstruct Branch               : 
11-16 08:57:29.935: I/Adreno(19958): Build Config                     : S P 4.0.10 AArch64
11-16 08:57:29.939: W/DefaultPool4(19958): type=1400 audit(0.0:414): avc: denied { read } for name="u:object_r:vendor_default_prop:s0" dev="tmpfs" ino=24452 scontext=u:r:untrusted_app:s0:c102,c256,c512,c768 tcontext=u:object_r:vendor_default_prop:s0 tclass=file permissive=0
11-16 08:57:29.943: E/libc(19958): Access denied finding property "ro.vendor.graphics.memory"
11-16 08:57:29.944: I/Adreno(19958): PFP: 0x016ee170, ME: 0x00000000
11-16 08:57:29.949: I/ConfigStore(19958): android::hardware::configstore::V1_0::ISurfaceFlingerConfigs::hasWideColorDisplay retrieved: 1
11-16 08:57:29.951: I/ConfigStore(19958): android::hardware::configstore::V1_0::ISurfaceFlingerConfigs::hasHDRDisplay retrieved: 1
11-16 08:57:30.009: D/FirebaseApp(19928): com.google.firebase.auth.FirebaseAuth is not linked. Skipping initialization.
11-16 08:57:30.009: D/FirebaseApp(19928): com.google.firebase.crash.FirebaseCrash is not linked. Skipping initialization.
11-16 08:57:30.009: I/FirebaseInitProvider(19928): FirebaseApp initialization successful
11-16 08:57:30.016: D/BoundBrokerSvc(12097): onBind: Intent { act=com.google.android.gms.clearcut.bootcount.service.START pkg=com.google.android.gms }
11-16 08:57:30.016: D/BoundBrokerSvc(12097): Loading bound service for intent: Intent { act=com.google.android.gms.clearcut.bootcount.service.START pkg=com.google.android.gms }
11-16 08:57:30.083: I/FA(19928): App measurement is starting up, version: 16250
11-16 08:57:30.084: I/FA(19928): To enable debug logging run: adb shell setprop log.tag.FA VERBOSE
11-16 08:57:30.084: I/FA(19928): To enable faster debug mode event logging run:
11-16 08:57:30.084: I/FA(19928):   adb shell setprop debug.firebase.analytics.app com.google.android.apps.messaging
11-16 08:57:30.118: I/Bugle(19928): GServicesValues:
11-16 08:57:30.118: I/Bugle(19928): bugle_enable_primes_crash_metrics: true
11-16 08:57:30.118: I/Bugle(19928): bugle_max_telemetry_upload_retries: 10
11-16 08:57:30.118: I/Bugle(19928): bugle_sticker_set_list_version: 3
11-16 08:57:30.134: D/BoundBrokerSvc(14067): onBind: Intent { act=com.google.android.gms.measurement.START pkg=com.google.android.gms }
11-16 08:57:30.134: D/BoundBrokerSvc(14067): Loading bound service for intent: Intent { act=com.google.android.gms.measurement.START pkg=com.google.android.gms }
11-16 08:57:30.177: I/tmp(19928): SslGuard completed installation.
11-16 08:57:30.213: W/BugleStartup(19928): StartupHandler: ContentProvider startup tasks did not execute before Application onCreate(), executed in onApplicationCreated().
11-16 08:57:30.218: I/Bugle(19928): Initializing EmojiCompat
11-16 08:57:30.230: I/FontLog(12097): Received query Noto Color Emoji Compat, URI content://com.google.android.gms.fonts [CONTEXT service_id=132 ]
11-16 08:57:30.230: I/FontLog(12097): Query [Noto Color Emoji Compat] resolved to {Noto Color Emoji Compat, wdth 100.0, wght 400, ital 0.0, bestEffort false} [CONTEXT service_id=132 ]
11-16 08:57:30.233: I/Bugle(19928): BugleApplicationBase: Bugle version: 4.6.375 (imp_rc21_xxhdpi.arm64-v8a.phone)
11-16 08:57:30.242: I/FontLog(12097): Fetch {Noto Color Emoji Compat, wdth 100.0, wght 400, ital 0.0, bestEffort false} end status Status{statusCode=SUCCESS, resolution=null} [CONTEXT service_id=132 ]
11-16 08:57:30.242: D/ConnectivityService(1164): Returning BLOCKED NetworkInfo to uid=10102
11-16 08:57:30.246: I/Bugle(19928): DarkModeUtilImpl: Setting system dark mode to off
11-16 08:57:30.252: I/FontLog(12097): Pulling font file for id = 3, cache size = 2 [CONTEXT service_id=132 ]
11-16 08:57:30.258: I/FontLog(12097): Pulling font file for id = 3, cache size = 2 [CONTEXT service_id=132 ]
11-16 08:57:30.259: W/PrimesInit(19928): Primes instant initialization
11-16 08:57:30.264: W/Primes(19928): background initialization
11-16 08:57:30.279: I/BugleDataModel(19928): RcsMigrationService: Returning RCS state provider.
11-16 08:57:30.290: I/BugleRcsEngine(19928): [861] pot.a: Sim state is not ready. Returning last known operation mode.
11-16 08:57:30.294: I/BugleRcsEngine(19928): [876] pot.b: Not using CS JibeService because the CS migration has not completed.
11-16 08:57:30.297: I/CarrierServices(11245): [634] awt.doInBackground: Saving RCS State
11-16 08:57:30.297: I/CarrierServices(11245): [634] awt.doInBackground: Old operation mode: 0
11-16 08:57:30.298: W/Bugle(19928): SubscriptionMetadataUtils get: invalid subId = -1
11-16 08:57:30.299: I/BugleRcsEngine(19928): [861] pot.a: Sim state is not ready. Returning last known operation mode.
11-16 08:57:30.303: I/PrimesTesting(19928): GserviceFlagsSupplier.get()
11-16 08:57:30.304: I/CarrierServices(11245): [634] awt.doInBackground: New operation mode: 0
11-16 08:57:30.305: I/CarrierServices(11245): [2] aww.a: Unbinding RcsMigrationService
11-16 08:57:30.305: I/CarrierServices(11245): [634] awt.doInBackground: Saving RCS State
11-16 08:57:30.306: I/CarrierServices(11245): [634] awt.doInBackground: Old operation mode: 0
11-16 08:57:30.306: I/CarrierServices(11245): [634] awt.doInBackground: New operation mode: 0
11-16 08:57:30.306: W/Bugle(19928): SubscriptionMetadataUtils get: invalid subId = -1
11-16 08:57:30.306: I/CarrierServices(11245): [2] aww.a: Unbinding RcsMigrationService
11-16 08:57:30.307: W/Bugle(19928): SubscriptionMetadataUtils get: invalid subId = -1
11-16 08:57:30.309: I/chatty(19928): uid=10111(com.google.android.apps.messaging) StartupThread#1 identical 1 line
11-16 08:57:30.310: W/Bugle(19928): SubscriptionMetadataUtils get: invalid subId = -1
11-16 08:57:30.388: D/BoundBrokerSvc(14067): onBind: Intent { act=com.google.android.mdd.service.START pkg=com.google.android.gms }
11-16 08:57:30.388: D/BoundBrokerSvc(14067): Loading bound service for intent: Intent { act=com.google.android.mdd.service.START pkg=com.google.android.gms }
11-16 08:57:30.390: D/BoundBrokerSvc(14067): onBind: Intent { act=com.google.android.mobstore.service.START pkg=com.google.android.gms }
11-16 08:57:30.391: D/BoundBrokerSvc(14067): Loading bound service for intent: Intent { act=com.google.android.mobstore.service.START pkg=com.google.android.gms }
11-16 08:57:30.402: D/BoundBrokerSvc(14067): onBind: Intent { act=com.google.android.gms.walletp2p.service.firstparty.BIND pkg=com.google.android.gms }
11-16 08:57:30.402: D/BoundBrokerSvc(14067): Loading bound service for intent: Intent { act=com.google.android.gms.walletp2p.service.firstparty.BIND pkg=com.google.android.gms }
11-16 08:57:30.443: I/ActivityManager(1164): Start proc 20196:com.google.android.apps.photos/u0a104 for broadcast com.google.android.apps.photos/.localization.LocaleChangedReceiver
11-16 08:57:30.445: E/oid.apps.photo(20196): Not starting debugger since process cannot load the jdwp agent.
11-16 08:57:30.447: W/ActivityManager(1164): Background start not allowed: service Intent { cmp=com.google.android.apps.messaging/.shared.datamodel.action.execution.ActionExecutorImpl$EmptyService } to com.google.android.apps.messaging/.shared.datamodel.action.execution.ActionExecutorImpl$EmptyService from pid=19928 uid=10111 pkg=com.google.android.apps.messaging startFg?=false
11-16 08:57:30.448: W/BugleDataModel(19928): ActionExecutorImpl: Action started execution, but we can't guarantee it will complete, the app may be killed. Action: class com.google.android.apps.messaging.shared.datamodel.action.CountryCodeDetectorAction-CountryCodeDetectorAction:1843707003
11-16 08:57:30.448: W/BugleDataModel(19928): java.lang.IllegalStateException: Not allowed to start service Intent { cmp=com.google.android.apps.messaging/.shared.datamodel.action.execution.ActionExecutorImpl$EmptyService }: app is in background uid UidRecord{dc9ec29 u0a111 RCVR idle change:uncached procs:2 seq(0,0,0)}
11-16 08:57:30.448: W/BugleDataModel(19928): 	at android.app.ContextImpl.startServiceCommon(ContextImpl.java:1577)
11-16 08:57:30.448: W/BugleDataModel(19928): 	at android.app.ContextImpl.startService(ContextImpl.java:1532)
11-16 08:57:30.448: W/BugleDataModel(19928): 	at android.content.ContextWrapper.startService(ContextWrapper.java:664)
11-16 08:57:30.448: W/BugleDataModel(19928): 	at com.google.android.apps.messaging.shared.datamodel.action.execution.ActionExecutorImpl.a(SourceFile:21)
11-16 08:57:30.448: W/BugleDataModel(19928): 	at com.google.android.apps.messaging.shared.datamodel.action.execution.ActionExecutorImpl.b(SourceFile:18)
11-16 08:57:30.448: W/BugleDataModel(19928): 	at ecp.a(SourceFile:137)
11-16 08:57:30.448: W/BugleDataModel(19928): 	at ecp.a(SourceFile:85)
11-16 08:57:30.448: W/BugleDataModel(19928): 	at eca.b(SourceFile:56)
11-16 08:57:30.448: W/BugleDataModel(19928): 	at eca.a(SourceFile:23)
11-16 08:57:30.448: W/BugleDataModel(19928): 	at com.google.android.apps.messaging.shared.datamodel.action.common.ThrottledAction.h(SourceFile:37)
11-16 08:57:30.448: W/BugleDataModel(19928): 	at dne.a(SourceFile:4)
11-16 08:57:30.448: W/BugleDataModel(19928): 	at gmv.a(SourceFile:6)
11-16 08:57:30.448: W/BugleDataModel(19928): 	at geh.onReceive(SourceFile:12)
11-16 08:57:30.448: W/BugleDataModel(19928): 	at gnw.onReceive(SourceFile:5)
11-16 08:57:30.448: W/BugleDataModel(19928): 	at gmv.onReceive(SourceFile:8)
11-16 08:57:30.448: W/BugleDataModel(19928): 	at android.app.LoadedApk$ReceiverDispatcher$Args.lambda$getRunnable$0(LoadedApk.java:1391)
11-16 08:57:30.448: W/BugleDataModel(19928): 	at android.app.-$$Lambda$LoadedApk$ReceiverDispatcher$Args$_BumDX2UKsnxLVrE6UJsJZkotuA.run(Unknown Source:2)
11-16 08:57:30.448: W/BugleDataModel(19928): 	at android.os.Handler.handleCallback(Handler.java:873)
11-16 08:57:30.448: W/BugleDataModel(19928): 	at android.os.Handler.dispatchMessage(Handler.java:99)
11-16 08:57:30.448: W/BugleDataModel(19928): 	at android.os.Looper.loop(Looper.java:193)
11-16 08:57:30.448: W/BugleDataModel(19928): 	at android.app.ActivityThread.main(ActivityThread.java:6718)
11-16 08:57:30.448: W/BugleDataModel(19928): 	at java.lang.reflect.Method.invoke(Native Method)
11-16 08:57:30.448: W/BugleDataModel(19928): 	at com.android.internal.os.RuntimeInit$MethodAndArgsCaller.run(RuntimeInit.java:493)
11-16 08:57:30.448: W/BugleDataModel(19928): 	at com.android.internal.os.ZygoteInit.main(ZygoteInit.java:858)
11-16 08:57:30.449: I/BugleAction(19928): ActionSchedulerImpl: class com.google.android.apps.messaging.shared.datamodel.action.CountryCodeDetectorAction-CountryCodeDetectorAction:1843707003 deferred since it was started from unsafe context
11-16 08:57:30.468: I/oid.apps.photo(20196): The ClassLoaderContext is a special shared library.
11-16 08:57:30.515: W/ActivityManager(1164): Background start not allowed: service Intent { cmp=com.google.android.apps.messaging/.shared.datamodel.action.execution.ActionExecutorImpl$EmptyService } to com.google.android.apps.messaging/.shared.datamodel.action.execution.ActionExecutorImpl$EmptyService from pid=19928 uid=10111 pkg=com.google.android.apps.messaging startFg?=false
11-16 08:57:30.517: I/Icing(14067): IndexChimeraService.getServiceInterface callingPackage=com.google.android.apps.messaging componentName=null serviceId=32
11-16 08:57:30.548: W/Icing(14067): No valid account for uploading user actions
11-16 08:57:30.567: I/BugleRcsEngine(19928): [871] pkj.a: Initializing SimStateTracker
11-16 08:57:30.567: I/BugleRcsEngine(19928): [876] oer.register: Initializing Carrier Services Library.
11-16 08:57:30.569: W/atrace(20229): type=1400 audit(0.0:415): avc: denied { write } for name="enable" dev="tracefs" ino=11987 scontext=u:r:shell:s0 tcontext=u:object_r:debugfs_tracing_debug:s0 tclass=file permissive=0
11-16 08:57:30.590: I/Icing(14067): Usage reports ok 1, Failed Usage reports 0, indexed 0, rejected 0
11-16 08:57:30.612: I/GsaConfigFlagsSyncer(11588): Flags already sync'ed.
11-16 08:57:30.614: I/BugleNetwork(19928): Startup: registering tachyon.
11-16 08:57:30.657: W/AssistantConfig(19928): appIntegrationDataInBase64 is null
11-16 08:57:30.668: I/Bugle(19928): ApnsOta: OTA version -1
11-16 08:57:30.702: W/BugleRcsEngine(19928): [890] pot.a: Service with meta data key: SignupServiceVersions is not compatible. Service Version 4 is not supported. Supported versions: [1, 2]
11-16 08:57:30.709: I/BugleRcsEngine(19928): [890] pot.b: Not using CS JibeService because the CS migration has not completed.
11-16 08:57:30.725: W/Bugle(19928): SubscriptionMetadataUtils get: invalid subId = -1
11-16 08:57:30.731: I/BugleRcsEngine(19928): [901] pot.b: Not using CS JibeService because the CS migration has not completed.
11-16 08:57:30.756: W/BroadcastQueue(1164): Background execution not allowed: receiving Intent { act=android.intent.action.PACKAGE_ADDED dat=package:dev.androidx.ci.emptyapp flg=0x4000010 (has extras) } to com.android.musicfx/.Compatibility$Receiver
11-16 08:57:30.756: W/BroadcastQueue(1164): Background execution not allowed: receiving Intent { act=android.intent.action.PACKAGE_ADDED dat=package:dev.androidx.ci.emptyapp flg=0x4000010 (has extras) } to com.android.vending/com.google.android.finsky.packagemanager.impl.PackageMonitorReceiverImpl$RegisteredReceiver
11-16 08:57:30.756: W/BroadcastQueue(1164): Background execution not allowed: receiving Intent { act=android.intent.action.PACKAGE_ADDED dat=package:dev.androidx.ci.emptyapp flg=0x4000010 (has extras) } to com.google.android.gms/.games.chimera.GamesSystemBroadcastReceiverProxy
11-16 08:57:30.756: W/BroadcastQueue(1164): Background execution not allowed: receiving Intent { act=android.intent.action.PACKAGE_ADDED dat=package:dev.androidx.ci.emptyapp flg=0x4000010 (has extras) } to com.google.android.gms/.gass.chimera.PackageChangeBroadcastReceiver
11-16 08:57:30.756: W/BroadcastQueue(1164): Background execution not allowed: receiving Intent { act=android.intent.action.PACKAGE_ADDED dat=package:dev.androidx.ci.emptyapp flg=0x4000010 (has extras) } to com.google.android.gms/.chimera.GmsIntentOperationService$PersistentTrustedReceiver
11-16 08:57:30.756: W/BroadcastQueue(1164): Background execution not allowed: receiving Intent { act=android.intent.action.PACKAGE_ADDED dat=package:dev.androidx.ci.emptyapp flg=0x4000010 (has extras) } to com.google.android.googlequicksearchbox/com.google.android.apps.gsa.googlequicksearchbox.GelStubAppWatcher
11-16 08:57:30.757: W/BroadcastQueue(1164): Background execution not allowed: receiving Intent { act=android.intent.action.PACKAGE_ADDED dat=package:dev.androidx.ci.emptyapp flg=0x4000010 (has extras) } to com.google.android.ims/.receivers.RcsAutoStartReceiver
11-16 08:57:30.758: W/BroadcastQueue(1164): Background execution not allowed: receiving Intent { act=android.intent.action.PACKAGE_ADDED dat=package:androidx.lifecycle.viewmodel.compose.test flg=0x4000010 (has extras) } to com.android.musicfx/.Compatibility$Receiver
11-16 08:57:30.759: W/BroadcastQueue(1164): Background execution not allowed: receiving Intent { act=android.intent.action.PACKAGE_ADDED dat=package:androidx.lifecycle.viewmodel.compose.test flg=0x4000010 (has extras) } to com.android.vending/com.google.android.finsky.packagemanager.impl.PackageMonitorReceiverImpl$RegisteredReceiver
11-16 08:57:30.759: W/BroadcastQueue(1164): Background execution not allowed: receiving Intent { act=android.intent.action.PACKAGE_ADDED dat=package:androidx.lifecycle.viewmodel.compose.test flg=0x4000010 (has extras) } to com.google.android.gms/.games.chimera.GamesSystemBroadcastReceiverProxy
11-16 08:57:30.759: W/BroadcastQueue(1164): Background execution not allowed: receiving Intent { act=android.intent.action.PACKAGE_ADDED dat=package:androidx.lifecycle.viewmodel.compose.test flg=0x4000010 (has extras) } to com.google.android.gms/.gass.chimera.PackageChangeBroadcastReceiver
11-16 08:57:30.759: W/BroadcastQueue(1164): Background execution not allowed: receiving Intent { act=android.intent.action.PACKAGE_ADDED dat=package:androidx.lifecycle.viewmodel.compose.test flg=0x4000010 (has extras) } to com.google.android.gms/.chimera.GmsIntentOperationService$PersistentTrustedReceiver
11-16 08:57:30.759: W/BroadcastQueue(1164): Background execution not allowed: receiving Intent { act=android.intent.action.PACKAGE_ADDED dat=package:androidx.lifecycle.viewmodel.compose.test flg=0x4000010 (has extras) } to com.google.android.googlequicksearchbox/com.google.android.apps.gsa.googlequicksearchbox.GelStubAppWatcher
11-16 08:57:30.759: W/BroadcastQueue(1164): Background execution not allowed: receiving Intent { act=android.intent.action.PACKAGE_ADDED dat=package:androidx.lifecycle.viewmodel.compose.test flg=0x4000010 (has extras) } to com.google.android.ims/.receivers.RcsAutoStartReceiver
11-16 08:57:30.764: I/BugleRcsEngine(11317): [2] ProvisioningEventReceiver.onReceive: Received Provisioning Event: [Bugle information (100)]
11-16 08:57:30.764: I/BugleRcsEngine(11317): [2] ProvisioningEventReceiver.onReceive: JibeService is running, passing event to provisioning engine.
11-16 08:57:30.764: I/BugleRcsEngine(11317): [2] pdz.a: Handling Provisioning Event: [Bugle information (100)]
11-16 08:57:30.766: I/BugleRcsEngine(11317): [2] pev.a: RcsAvailabilityManager: Calculating Rcs Availability
11-16 08:57:30.771: V/SettingsProvider(1164): Notifying for 0: content://settings/system/gearhead:driving_mode_settings_enabled
11-16 08:57:30.783: I/BugleBackup(19928): Registering preference change listener for "bugle".
11-16 08:57:30.808: I/BugleRcsEngine(19928): [2] txc.connect: Connecting SignupService
11-16 08:57:30.809: I/BugleRcsEngine(19928): [2] pot.b: Not using CS JibeService because the CS migration has not completed.
11-16 08:57:30.810: I/BugleRcsEngine(19928): [2] txc.connect: Binding to JibeService in Bugle. com.google.android.ims.rcsservice.signup.ISignup
11-16 08:57:30.836: E/Bugle(19928): AssistantIntegrationStartupTask: Error getting assistant availability.
11-16 08:57:30.836: E/Bugle(19928): java.lang.IllegalStateException: Failed to query to AGSA.
11-16 08:57:30.836: E/Bugle(19928): 	at pxf.onPostExecute(SourceFile:5)
11-16 08:57:30.836: E/Bugle(19928): 	at android.os.AsyncTask.finish(AsyncTask.java:695)
11-16 08:57:30.836: E/Bugle(19928): 	at android.os.AsyncTask.access$600(AsyncTask.java:180)
11-16 08:57:30.836: E/Bugle(19928): 	at android.os.AsyncTask$InternalHandler.handleMessage(AsyncTask.java:712)
11-16 08:57:30.836: E/Bugle(19928): 	at android.os.Handler.dispatchMessage(Handler.java:106)
11-16 08:57:30.836: E/Bugle(19928): 	at android.os.Looper.loop(Looper.java:193)
11-16 08:57:30.836: E/Bugle(19928): 	at android.app.ActivityThread.main(ActivityThread.java:6718)
11-16 08:57:30.836: E/Bugle(19928): 	at java.lang.reflect.Method.invoke(Native Method)
11-16 08:57:30.836: E/Bugle(19928): 	at com.android.internal.os.RuntimeInit$MethodAndArgsCaller.run(RuntimeInit.java:493)
11-16 08:57:30.836: E/Bugle(19928): 	at com.android.internal.os.ZygoteInit.main(ZygoteInit.java:858)
11-16 08:57:30.875: I/BugleRcsEngine(19928): [898] pkj.b: Processing an intent
11-16 08:57:30.877: I/RcsClientLib(19928): Service com.google.android.rcs.client.signup.SignupService connected. Will notify listeners: true
11-16 08:57:30.901: W/.apps.messagin(19928): Verification of android.location.Location com.google.android.gms.location.internal.IGoogleLocationManagerService$Stub$Proxy.getCurrentLocation() took 100.291ms
11-16 08:57:30.904: I/BugleRcsEngine(19928): [898] pkj.handleSimState: SIM state ABSENT
11-16 08:57:30.907: I/DynamiteModule(12507): Considering local module com.google.android.gms.googlecertificates:6 and remote module com.google.android.gms.googlecertificates:6
11-16 08:57:30.907: I/DynamiteModule(12507): Selected local version of com.google.android.gms.googlecertificates
11-16 08:57:30.947: W/droid.apps.map(19958): Verification of void kzl.<init>(cghn, cghn, cghn, cghn, java.util.concurrent.Executor, aqxd, brex) took 119.333ms
11-16 08:57:30.958: I/Bugle(19928): BugleMddTaskScheduler: Scheduling MDD job, tag: MDD.CHARGING.PERIODIC.TASK, period: 21600
11-16 08:57:31.024: I/Bugle(19928): BugleMddTaskScheduler: Successfully updated period. tag: MDD.CHARGING.PERIODIC.TASK, period: 21600
11-16 08:57:31.035: I/Bugle(19928): BugleMddTaskScheduler: Scheduling MDD job, tag: MDD.MAINTENANCE.PERIODIC.GCM.TASK, period: 86400
11-16 08:57:31.038: I/Bugle(19928): BugleMddTaskScheduler: Successfully updated period. tag: MDD.MAINTENANCE.PERIODIC.GCM.TASK, period: 86400
11-16 08:57:31.050: I/BugleRcsEngine(19928): [898] pkj.sendBroadcastSimState: Broadcasting Intent { act=com.google.android.ims.SIM_ABSENT }
11-16 08:57:31.075: I/Bugle(19928): SimChangeReceiver: action: com.google.android.ims.SIM_ABSENT
11-16 08:57:31.076: W/Bugle(19928): SubscriptionMetadataUtils get: invalid subId = -1
11-16 08:57:31.076: W/Bugle(19928): SubscriptionMetadataUtils get: invalid subId = -1
11-16 08:57:31.079: W/Bugle(19928): SubscriptionMetadataUtils get: invalid subId = -1
11-16 08:57:31.079: E/Bugle(19928): Get mms config failed: invalid subId. subId=-1, real subId=-1, map={ }
11-16 08:57:31.080: I/BugleBackup(19928): Registering preference change listener for "buglesub_-1".
11-16 08:57:31.098: I/Bugle(19928): BugleMddTaskScheduler: Scheduling MDD job, tag: MDD.CELLULAR.CHARGING.PERIODIC.TASK, period: 21600
11-16 08:57:31.098: I/Bugle(19928): BugleMddTaskScheduler: Successfully updated period. tag: MDD.CELLULAR.CHARGING.PERIODIC.TASK, period: 21600
11-16 08:57:31.104: W/Bugle(19928): SubscriptionMetadataUtils get: invalid subId = -1
11-16 08:57:31.109: I/BugleRcsEngine(19928): [905] pot.b: Not using CS JibeService because the CS migration has not completed.
11-16 08:57:31.112: I/BugleRcsEngine(11317): [2] ProvisioningEventReceiver.onReceive: Received Provisioning Event: [Bugle information (100)]
11-16 08:57:31.112: I/BugleRcsEngine(11317): [2] ProvisioningEventReceiver.onReceive: JibeService is running, passing event to provisioning engine.
11-16 08:57:31.112: I/BugleRcsEngine(11317): [2] pdz.a: Handling Provisioning Event: [Bugle information (100)]
11-16 08:57:31.114: I/BugleRcsEngine(11317): [2] pev.a: RcsAvailabilityManager: Calculating Rcs Availability
11-16 08:57:31.115: W/Bugle(19928): SubscriptionMetadataUtils get: invalid subId = -1
11-16 08:57:31.116: W/Bugle(19928): SubscriptionMetadataUtils get: invalid subId = -1
11-16 08:57:31.119: I/BugleRcsEngine(11317): [654] pev.a: RcsAvailabilityManager: Calculating Rcs Availability
11-16 08:57:31.120: W/Bugle(19928): SubscriptionMetadataUtils get: invalid subId = -1
11-16 08:57:31.123: E/Bugle(19928): P2pConversationSuggestionsConfigUtils: Unknown suggestion type DUO_CALL
11-16 08:57:31.123: E/Bugle(19928): java.lang.IllegalArgumentException: No enum constant xpe.DUO_CALL
11-16 08:57:31.123: E/Bugle(19928): 	at java.lang.Enum.valueOf(Enum.java:258)
11-16 08:57:31.123: E/Bugle(19928): 	at xpe.a(SourceFile:2)
11-16 08:57:31.123: E/Bugle(19928): 	at hak.a(SourceFile:353)
11-16 08:57:31.123: E/Bugle(19928): 	at hak.a(SourceFile:294)
11-16 08:57:31.123: E/Bugle(19928): 	at hak.a(SourceFile:313)
11-16 08:57:31.123: E/Bugle(19928): 	at haz.a(SourceFile:18)
11-16 08:57:31.123: E/Bugle(19928): 	at haz.c(SourceFile:31)
11-16 08:57:31.123: E/Bugle(19928): 	at dcn.run(Unknown Source:14)
11-16 08:57:31.123: E/Bugle(19928): 	at java.util.concurrent.Executors$RunnableAdapter.call(Executors.java:458)
11-16 08:57:31.123: E/Bugle(19928): 	at vvt.a(SourceFile:4)
11-16 08:57:31.123: E/Bugle(19928): 	at vuq.run(SourceFile:5)
11-16 08:57:31.123: E/Bugle(19928): 	at vvr.run(SourceFile:9)
11-16 08:57:31.123: E/Bugle(19928): 	at java.util.concurrent.ThreadPoolExecutor.runWorker(ThreadPoolExecutor.java:1167)
11-16 08:57:31.123: E/Bugle(19928): 	at java.util.concurrent.ThreadPoolExecutor$Worker.run(ThreadPoolExecutor.java:641)
11-16 08:57:31.123: E/Bugle(19928): 	at tyn.run(SourceFile:5)
11-16 08:57:31.123: E/Bugle(19928): 	at java.lang.Thread.run(Thread.java:764)
11-16 08:57:31.123: W/Bugle(19928): SubscriptionMetadataUtils get: invalid subId = -1
11-16 08:57:31.125: E/Bugle(19928): P2pConversationSuggestionsConfigUtils: Unknown suggestion type DUO_CALL
