11-16 08:57:31.125: E/Bugle(19928): java.lang.IllegalArgumentException: No enum constant xpe.DUO_CALL
11-16 08:57:31.125: E/Bugle(19928): 	at java.lang.Enum.valueOf(Enum.java:258)
11-16 08:57:31.125: E/Bugle(19928): 	at xpe.a(SourceFile:2)
11-16 08:57:31.125: E/Bugle(19928): 	at hak.a(SourceFile:353)
11-16 08:57:31.125: E/Bugle(19928): 	at hak.a(SourceFile:297)
11-16 08:57:31.125: E/Bugle(19928): 	at hak.a(SourceFile:313)
11-16 08:57:31.125: E/Bugle(19928): 	at haz.a(SourceFile:18)
11-16 08:57:31.125: E/Bugle(19928): 	at haz.c(SourceFile:31)
11-16 08:57:31.125: E/Bugle(19928): 	at dcn.run(Unknown Source:14)
11-16 08:57:31.125: E/Bugle(19928): 	at java.util.concurrent.Executors$RunnableAdapter.call(Executors.java:458)
11-16 08:57:31.125: E/Bugle(19928): 	at vvt.a(SourceFile:4)
11-16 08:57:31.125: E/Bugle(19928): 	at vuq.run(SourceFile:5)
11-16 08:57:31.125: E/Bugle(19928): 	at vvr.run(SourceFile:9)
11-16 08:57:31.125: E/Bugle(19928): 	at java.util.concurrent.ThreadPoolExecutor.runWorker(ThreadPoolExecutor.java:1167)
11-16 08:57:31.125: E/Bugle(19928): 	at java.util.concurrent.ThreadPoolExecutor$Worker.run(ThreadPoolExecutor.java:641)
11-16 08:57:31.125: E/Bugle(19928): 	at tyn.run(SourceFile:5)
11-16 08:57:31.125: E/Bugle(19928): 	at java.lang.Thread.run(Thread.java:764)
11-16 08:57:31.125: W/Bugle(19928): SubscriptionMetadataUtils get: invalid subId = -1
11-16 08:57:31.126: E/Bugle(19928): P2pConversationSuggestionsConfigUtils: Unknown suggestion type DUO_CALL
11-16 08:57:31.126: E/Bugle(19928): java.lang.IllegalArgumentException: No enum constant xpe.DUO_CALL
11-16 08:57:31.126: E/Bugle(19928): 	at java.lang.Enum.valueOf(Enum.java:258)
11-16 08:57:31.126: E/Bugle(19928): 	at xpe.a(SourceFile:2)
11-16 08:57:31.126: E/Bugle(19928): 	at hak.a(SourceFile:353)
11-16 08:57:31.126: E/Bugle(19928): 	at hak.a(SourceFile:305)
11-16 08:57:31.126: E/Bugle(19928): 	at hak.a(SourceFile:314)
11-16 08:57:31.126: E/Bugle(19928): 	at haz.a(SourceFile:18)
11-16 08:57:31.126: E/Bugle(19928): 	at haz.c(SourceFile:31)
11-16 08:57:31.126: E/Bugle(19928): 	at dcn.run(Unknown Source:14)
11-16 08:57:31.126: E/Bugle(19928): 	at java.util.concurrent.Executors$RunnableAdapter.call(Executors.java:458)
11-16 08:57:31.126: E/Bugle(19928): 	at vvt.a(SourceFile:4)
11-16 08:57:31.126: E/Bugle(19928): 	at vuq.run(SourceFile:5)
11-16 08:57:31.126: E/Bugle(19928): 	at vvr.run(SourceFile:9)
11-16 08:57:31.126: E/Bugle(19928): 	at java.util.concurrent.ThreadPoolExecutor.runWorker(ThreadPoolExecutor.java:1167)
11-16 08:57:31.126: E/Bugle(19928): 	at java.util.concurrent.ThreadPoolExecutor$Worker.run(ThreadPoolExecutor.java:641)
11-16 08:57:31.126: E/Bugle(19928): 	at tyn.run(SourceFile:5)
11-16 08:57:31.126: E/Bugle(19928): 	at java.lang.Thread.run(Thread.java:764)
11-16 08:57:31.127: E/Bugle(19928): P2pConversationSuggestionsConfigUtils: Unknown suggestion type DUO_CALL
11-16 08:57:31.127: E/Bugle(19928): java.lang.IllegalArgumentException: No enum constant xpe.DUO_CALL
11-16 08:57:31.127: E/Bugle(19928): 	at java.lang.Enum.valueOf(Enum.java:258)
11-16 08:57:31.127: E/Bugle(19928): 	at xpe.a(SourceFile:2)
11-16 08:57:31.127: E/Bugle(19928): 	at hak.a(SourceFile:353)
11-16 08:57:31.127: E/Bugle(19928): 	at hak.a(SourceFile:308)
11-16 08:57:31.127: E/Bugle(19928): 	at hak.a(SourceFile:314)
11-16 08:57:31.127: E/Bugle(19928): 	at haz.a(SourceFile:18)
11-16 08:57:31.127: E/Bugle(19928): 	at haz.c(SourceFile:31)
11-16 08:57:31.127: E/Bugle(19928): 	at dcn.run(Unknown Source:14)
11-16 08:57:31.127: E/Bugle(19928): 	at java.util.concurrent.Executors$RunnableAdapter.call(Executors.java:458)
11-16 08:57:31.127: E/Bugle(19928): 	at vvt.a(SourceFile:4)
11-16 08:57:31.127: E/Bugle(19928): 	at vuq.run(SourceFile:5)
11-16 08:57:31.127: E/Bugle(19928): 	at vvr.run(SourceFile:9)
11-16 08:57:31.127: E/Bugle(19928): 	at java.util.concurrent.ThreadPoolExecutor.runWorker(ThreadPoolExecutor.java:1167)
11-16 08:57:31.127: E/Bugle(19928): 	at java.util.concurrent.ThreadPoolExecutor$Worker.run(ThreadPoolExecutor.java:641)
11-16 08:57:31.127: E/Bugle(19928): 	at tyn.run(SourceFile:5)
11-16 08:57:31.127: E/Bugle(19928): 	at java.lang.Thread.run(Thread.java:764)
11-16 08:57:31.138: I/Bugle(19928): BugleMddTaskScheduler: Scheduling MDD job, tag: MDD.WIFI.CHARGING.PERIODIC.TASK, period: 3600
11-16 08:57:31.145: W/oid.apps.photo(20196): JIT profile information will not be recorded: profile file does not exits.
11-16 08:57:31.145: W/oid.apps.photo(20196): JIT profile information will not be recorded: profile file does not exits.
11-16 08:57:31.154: I/BugleRcs(19928): RcsAvailabilityUtilForProvisioningEngineV2: Get Updated RcsAvailability, RcsAvailability: DISABLED_SIM_ABSENT, SimId: Redacted-0
11-16 08:57:31.159: D/NetworkSecurityConfig(19928): No Network Security Config specified, using platform default
11-16 08:57:31.157: I/Bugle(19928): CountryCodeDetector: updateMainDeviceCountry from system locale as fallback. detected country: null
11-16 08:57:31.181: I/ActivityManager(1164): Killing 19451:com.google.android.apps.multidevice.client/u0a72 (adj 906): empty #17
11-16 08:57:31.182: W/libprocessgroup(1164): kill(-19451, 9) failed: No such process
11-16 08:57:31.202: W/Bugle(19928): ChatContentDecoratorGrpc: Instance created but no relevant features are enabled
11-16 08:57:31.220: I/Bugle(19928): BugleMddTaskScheduler: Successfully updated period. tag: MDD.WIFI.CHARGING.PERIODIC.TASK, period: 3600
11-16 08:57:31.224: W/libprocessgroup(1164): kill(-19451, 9) failed: No such process
11-16 08:57:31.244: I/chatty(1164): uid=1000(system) ActivityManager identical 1 line
11-16 08:57:31.252: W/libprocessgroup(1164): kill(-19451, 9) failed: No such process
11-16 08:57:31.259: I/Zygote(732): Process 19451 exited due to signal (9)
11-16 08:57:31.298: W/libprocessgroup(1164): kill(-19451, 9) failed: No such process
11-16 08:57:31.298: I/libprocessgroup(1164): Successfully killed process cgroup uid 10072 pid 19451 in 115ms
11-16 08:57:31.324: V/BackupManagerConstants(1164): getFullBackupRequiredNetworkType(...) returns 2
11-16 08:57:31.324: V/BackupManagerConstants(1164): getFullBackupRequireCharging(...) returns true
11-16 08:57:31.360: I/ActivityManager(1164): Killing 19485:com.google.android.euicc/u0a67 (adj 906): empty #17
11-16 08:57:31.360: W/libprocessgroup(1164): kill(-19485, 9) failed: No such process
11-16 08:57:31.372: I/ActivityManager(1164): Start proc 20289:com.google.android.apps.tips/u0a52 for broadcast com.google.android.apps.tips/.onboarding.LocaleChangedReceiver
11-16 08:57:31.365: W/libprocessgroup(1164): kill(-19485, 9) failed: No such process
11-16 08:57:31.377: E/droid.apps.tip(20289): Not starting debugger since process cannot load the jdwp agent.
11-16 08:57:31.383: W/libprocessgroup(1164): kill(-19485, 9) failed: No such process
11-16 08:57:31.383: I/Zygote(732): Process 19485 exited due to signal (9)
11-16 08:57:31.390: W/libprocessgroup(1164): kill(-19485, 9) failed: No such process
11-16 08:57:31.390: I/libprocessgroup(1164): Successfully killed process cgroup uid 10067 pid 19485 in 29ms
11-16 08:57:31.441: I/ActivityManager(1164): Start proc 20307:com.google.android.apps.wellbeing/u0a26 for broadcast com.google.android.apps.wellbeing/.api.launcher.impl.LauncherActionsChangedBroadcastReceiver_Receiver
11-16 08:57:31.444: E/.apps.wellbein(20307): Not starting debugger since process cannot load the jdwp agent.
11-16 08:57:31.467: I/.apps.wellbein(20307): The ClassLoaderContext is a special shared library.
11-16 08:57:31.497: I/PublicSearchService(11588): Calling beginSession().
11-16 08:57:31.498: W/PublicSearchService(11588): Invalid client config. Failed to begin session.
11-16 08:57:31.498: E/tips-smartspace-binder(20289): PSS session is null
11-16 08:57:31.508: I/ActivityManager(1164): Killing 19567:com.google.android.partnersetup/u0a49 (adj 906): empty #17
11-16 08:57:31.508: W/libprocessgroup(1164): kill(-19567, 9) failed: No such process
11-16 08:57:31.516: W/libprocessgroup(1164): kill(-19567, 9) failed: No such process
11-16 08:57:31.527: I/Zygote(732): Process 19567 exited due to signal (9)
11-16 08:57:31.531: W/libprocessgroup(1164): kill(-19567, 9) failed: No such process
11-16 08:57:31.531: I/libprocessgroup(1164): Successfully killed process cgroup uid 10049 pid 19567 in 22ms
11-16 08:57:31.588: I/EventLogSendingHelper(11588): Sending log events.
11-16 08:57:31.591: V/BackupManagerConstants(1164): getFullBackupRequiredNetworkType(...) returns 2
11-16 08:57:31.591: V/BackupManagerConstants(1164): getFullBackupRequireCharging(...) returns true
11-16 08:57:31.594: D/fpc_hidl(20329): fpc fingerprint hwbinder service starting
11-16 08:57:31.595: D/QSEECOMAPI(20329): QSEECom_get_handle sb_length = 0x80
11-16 08:57:31.595: D/QSEECOMAPI(20329): App is not loaded in QSEE
11-16 08:57:31.595: D/QSEECOMAPI(20329): app_arch = 2, total_files = 9
11-16 08:57:31.608: I/MultiDex(20307): VM with version 2.1.0 has multidex support
11-16 08:57:31.608: I/MultiDex(20307): install
11-16 08:57:31.608: I/MultiDex(20307): VM has multidex support, MultiDex support library is disabled.
11-16 08:57:31.648: D/QSEECOMAPI(20329): Loaded image: APP id = 371
11-16 08:57:31.652: W/EventHub(1164): Unable to disable kernel key repeat for /dev/input/event3: Function not implemented
11-16 08:57:31.653: I/EventHub(1164): wakeMechanism=EPOLLWAKEUP, usingClockIoctl=true
11-16 08:57:31.653: I/EventHub(1164): New device: id=371, fd=299, path='/dev/input/event3', name='uinput-fpc', classes=0x101, configuration='/system/usr/idc/uinput-fpc.idc', keyLayout='/system/usr/keylayout/uinput-fpc.kl', keyCharacterMap='/system/usr/keychars/Generic.kcm', builtinKeyboard=true, 
11-16 08:57:31.653: W/InputReader(1164): Ignoring spurious device added event for deviceId 0.
11-16 08:57:31.653: E/fpc_tac(20329): fpcbuildinfo : 575ddab5b91efea67ee1d200fc813ff2fpc_bio=bd35c3fec78219829149bea6c9ec961e6f655b90C:prodtestlib=4304cf5c884c198624b749af3482befacbd3028eC:fpc_c_core=dc194509594e837dedfb5452aaf06fcb61977135C:fpc_lib=cd5b7b876c3d69afa68a11ac6fd86f873e70817bC:cac=297e11552c60a3607ed664cf44c3e4b36ab2e737C:fpc_bio_interface=94a457caecae31eca8ef04b64c3f82a018e9bbc0C:fpc_sensor=ba909a5500944acafe47a0ef3a49f89509aadfb6C:tools_core=94ddf1e684cfa6c99f0f237f7cc35f3962e0e597C:sensor_settings=4fcf864fb493ae0272a9b2806446b379d99fd8ceC:fingerprint_ta=066bc0ab880960a4a69b74a328c7d7871c72225bC:fingerprint_pal=0deb9a478a3572872639f9cb2559ccc464ee3f9bC:manifests=dcb3d8ab0bdb7a5b341839d8c75bb88fc7f5e1a4C:Manifesttag=SW23.3.0-PDR1.0.5:jenkins@84ffd74dac44:Thu,17May201810:17:08+0200:FPC_SENSOR_TYPE=FPC_SENSOR_TYPE_FPC1270:FPC_CC_TYPE=FPC_COMPANION_CHIP_FPC2050:FPC_C_TYPE=FPC_COATING_NORMAL
11-16 08:57:31.653: E/fpc_tac(20329): fpcbuildtype : build=RELEASE sensor=9
11-16 08:57:31.685: I/EventLogSendingHelper(11588): Sending log events.
11-16 08:57:31.718: W/DynamiteModule(19852): Local module descriptor class for providerinstaller not found.
11-16 08:57:31.722: W/ProviderHelper(12097): Unknown dynamite feature providerinstaller
11-16 08:57:31.734: I/hiy(20307): SslGuard completed installation.
11-16 08:57:31.745: W/ProviderInstaller(19852): Failed to load providerinstaller module: No acceptable module found. Local version is 0 and remote version is 0.
11-16 08:57:31.749: W/droid.apps.doc(19852): Unknown chunk type '200'.
11-16 08:57:31.760: I/droid.apps.doc(19852): The ClassLoaderContext is a special shared library.
11-16 08:57:31.782: I/chatty(19852): uid=10128(com.google.android.apps.docs) TaskSchedulerLo identical 1 line
11-16 08:57:31.784: I/droid.apps.doc(19852): The ClassLoaderContext is a special shared library.
11-16 08:57:31.784: W/PrimesInit(20307): Primes instant initialization
11-16 08:57:31.785: W/Primes(20307): background initialization
11-16 08:57:31.801: I/PrimesTesting(20307): GserviceFlagsSupplier.get()
11-16 08:57:31.803: E/akgg(12097): Phenotype API error. Event # btlq@2068b235, EventCode: 5 [CONTEXT service_id=51 ]
11-16 08:57:31.803: E/akgg(12097): akfs: 29501: Stale snapshot (change count changed - expected 5  but was 3)
11-16 08:57:31.803: E/akgg(12097): 	at akgi.b(:com.google.android.gms@213614028@21.36.14 (100400-395708125):14)
11-16 08:57:31.803: E/akgg(12097): 	at akgh.e(:com.google.android.gms@213614028@21.36.14 (100400-395708125):0)
11-16 08:57:31.803: E/akgg(12097): 	at akgg.d(:com.google.android.gms@213614028@21.36.14 (100400-395708125):4)
11-16 08:57:31.803: E/akgg(12097): 	at akgg.f(:com.google.android.gms@213614028@21.36.14 (100400-395708125):2)
11-16 08:57:31.803: E/akgg(12097): 	at xna.run(:com.google.android.gms@213614028@21.36.14 (100400-395708125):17)
11-16 08:57:31.803: E/akgg(12097): 	at bfyg.run(:com.google.android.gms@213614028@21.36.14 (100400-395708125):2)
11-16 08:57:31.803: E/akgg(12097): 	at rgh.c(:com.google.android.gms@213614028@21.36.14 (100400-395708125):6)
11-16 08:57:31.803: E/akgg(12097): 	at rgh.run(:com.google.android.gms@213614028@21.36.14 (100400-395708125):7)
11-16 08:57:31.803: E/akgg(12097): 	at java.util.concurrent.ThreadPoolExecutor.runWorker(ThreadPoolExecutor.java:1167)
11-16 08:57:31.803: E/akgg(12097): 	at java.util.concurrent.ThreadPoolExecutor$Worker.run(ThreadPoolExecutor.java:641)
11-16 08:57:31.803: E/akgg(12097): 	at rkn.run(:com.google.android.gms@213614028@21.36.14 (100400-395708125):0)
11-16 08:57:31.803: E/akgg(12097): 	at java.lang.Thread.run(Thread.java:764)
11-16 08:57:31.804: E/AsyncOperation(12097): operation=CommitToConfigurationOperationCall, opStatusCode=29501 [CONTEXT service_id=51 ]
11-16 08:57:31.804: E/AsyncOperation(12097): OperationException[Status{statusCode=Stale snapshot (change count changed - expected 5  but was 3), resolution=null}]
11-16 08:57:31.804: E/AsyncOperation(12097): 	at akgg.d(:com.google.android.gms@213614028@21.36.14 (100400-395708125):6)
11-16 08:57:31.804: E/AsyncOperation(12097): 	at akgg.f(:com.google.android.gms@213614028@21.36.14 (100400-395708125):2)
11-16 08:57:31.804: E/AsyncOperation(12097): 	at xna.run(:com.google.android.gms@213614028@21.36.14 (100400-395708125):17)
11-16 08:57:31.804: E/AsyncOperation(12097): 	at bfyg.run(:com.google.android.gms@213614028@21.36.14 (100400-395708125):2)
11-16 08:57:31.804: E/AsyncOperation(12097): 	at rgh.c(:com.google.android.gms@213614028@21.36.14 (100400-395708125):6)
11-16 08:57:31.804: E/AsyncOperation(12097): 	at rgh.run(:com.google.android.gms@213614028@21.36.14 (100400-395708125):7)
11-16 08:57:31.804: E/AsyncOperation(12097): 	at java.util.concurrent.ThreadPoolExecutor.runWorker(ThreadPoolExecutor.java:1167)
11-16 08:57:31.804: E/AsyncOperation(12097): 	at java.util.concurrent.ThreadPoolExecutor$Worker.run(ThreadPoolExecutor.java:641)
11-16 08:57:31.804: E/AsyncOperation(12097): 	at rkn.run(:com.google.android.gms@213614028@21.36.14 (100400-395708125):0)
11-16 08:57:31.804: E/AsyncOperation(12097): 	at java.lang.Thread.run(Thread.java:764)
11-16 08:57:31.809: E/MendelPackageState(20307): Failed to commit to config
11-16 08:57:31.809: E/MendelPackageState(20307): fct: 29501: Stale snapshot (change count changed - expected 5  but was 3)
11-16 08:57:31.809: E/MendelPackageState(20307): 	at fhj.a(PG:4)
11-16 08:57:31.809: E/MendelPackageState(20307): 	at fhj.a(PG:1)
11-16 08:57:31.809: E/MendelPackageState(20307): 	at fss.e(PG:6)
11-16 08:57:31.809: E/MendelPackageState(20307): 	at fsx.a(PG:34)
11-16 08:57:31.809: E/MendelPackageState(20307): 	at bdt.onTransact(PG:4)
11-16 08:57:31.809: E/MendelPackageState(20307): 	at android.os.Binder.execTransact(Binder.java:731)
11-16 08:57:31.873: V/NativeCrypto(19852): Registering com/google/android/gms/org/conscrypt/NativeCrypto's 294 native methods...
11-16 08:57:31.940: D/NetworkSecurityConfig(19852): Using Network Security Config from resource network_security_config debugBuild: false
11-16 08:57:31.960: I/ProviderInstaller(19852): Installed default security provider GmsCore_OpenSSL
11-16 08:57:32.065: I/d.process.medi(19804): Waiting for a blocking GC ProfileSaver
11-16 08:57:32.074: I/ActivityManager(1164): Killing 19534:com.google.process.gapps/u0a7 (adj 906): empty #17
11-16 08:57:32.074: W/libprocessgroup(1164): kill(-19534, 9) failed: No such process
11-16 08:57:32.080: W/System(19804): A resource failed to call close. 
11-16 08:57:32.081: I/d.process.medi(19804): WaitForGcToComplete blocked ProfileSaver on HeapTrim for 15.858ms
11-16 08:57:32.084: I/ActivityManager(1164): Start proc 20351:com.google.android.as:nonpersistent/u0a43 for broadcast com.google.android.as/com.google.android.apps.miphone.aiai.allapps.broadcastreceiver.SystemBroadcastReceiver
11-16 08:57:32.085: E/s:nonpersisten(20351): Not starting debugger since process cannot load the jdwp agent.
11-16 08:57:32.086: I/Zygote(732): Process 19534 exited due to signal (9)
11-16 08:57:32.096: W/libprocessgroup(1164): kill(-19534, 9) failed: No such process
11-16 08:57:32.096: I/libprocessgroup(1164): Successfully killed process cgroup uid 10007 pid 19534 in 21ms
11-16 08:57:32.125: I/cr_CronetLibraryLoader(20351): Cronet version: 68.0.3430.2, arch: armv8l
11-16 08:57:32.136: I/AiAi(20351): AiAi onCreate, isDebug: false
11-16 08:57:32.143: I/AiAiMatchmaker(20351): Install SilentFeedback Handler: true
11-16 08:57:32.147: I/ActivityManager(1164): Killing 11350:com.google.intelligence.sense/u0a31 (adj 906): empty #17
11-16 08:57:32.147: W/libprocessgroup(1164): kill(-11350, 9) failed: No such process
11-16 08:57:32.160: I/ActivityManager(1164): Start proc 20381:com.google.android.calendar/u0a124 for broadcast com.google.android.calendar/com.android.calendar.widget.CalendarAppWidgetProvider
11-16 08:57:32.162: E/ndroid.calenda(20381): Not starting debugger since process cannot load the jdwp agent.
11-16 08:57:32.167: I/Zygote(732): Process 11350 exited due to signal (9)
11-16 08:57:32.171: W/libprocessgroup(1164): kill(-11350, 9) failed: No such process
11-16 08:57:32.171: I/libprocessgroup(1164): Successfully killed process cgroup uid 10031 pid 11350 in 24ms
11-16 08:57:32.179: I/ndroid.calenda(20381): The ClassLoaderContext is a special shared library.
11-16 08:57:32.218: W/oid.apps.photo(20196): Verification of void aqks.<init>(int[][][][][][][][][][][][][][][][][][][][][][][][][][][][][][][][][][][][][][][][][][][][][][][][][][][][][][][][][][][][][][][][][][][][][][][][][][][][][][][][][][][][][][][][][][][][][][][][][][][][][][][][][][][][][][][][][][][][][][][][][][][][][][][][][][][][][][][][][][][][][][][][][][][][][][][][][][][][][][][][][][][][][][][][][][][][][][][][][][][][][][][][][][][][][][][][][][][][][][][][][][]) took 101.405ms
11-16 08:57:32.464: W/.apps.wellbein(20307): Unknown chunk type '200'.
11-16 08:57:32.498: D/QSEECOMAPI(20329): QSEECom_get_handle sb_length = 0x400
11-16 08:57:32.498: D/QSEECOMAPI(20329): App is already loaded QSEE and app id = 1
11-16 08:57:32.500: E/fpc_tac(20329): qsee_km_get_encapsulated_key KEYMASTER_GET_AUTH_TOKEN_KEY returned status=-24
11-16 08:57:32.500: D/QSEECOMAPI(20329): QSEECom_dealloc_memory 
11-16 08:57:32.500: D/QSEECOMAPI(20329): QSEECom_shutdown_app, app_id = 1
11-16 08:57:32.500: E/fpc_fingerprint_hal(20329): fpc_hal_open failed
11-16 08:57:32.502: I/EventHub(1164): Removing device uinput-fpc due to epoll hang-up event.
11-16 08:57:32.502: I/EventHub(1164): Removed device: path=/dev/input/event3 name=uinput-fpc id=371 fd=299 classes=0x101
11-16 08:57:32.502: W/EventHub(1164): built-in keyboard device /dev/input/event3 (id=371) is closing! the apps will not like this
11-16 08:57:32.502: I/EventHub(1164): Removing device '/dev/input/event3' due to inotify event
11-16 08:57:32.502: W/InputReader(1164): Ignoring spurious device removed event for deviceId 371.
11-16 08:57:32.518: D/QSEECOMAPI(20329): QSEECom_dealloc_memory 
11-16 08:57:32.518: D/QSEECOMAPI(20329): QSEECom_shutdown_app, app_id = 371
11-16 08:57:32.822: I/ActivityManager(1164): Start proc 20404:com.android.providers.calendar/u0a44 for content provider com.android.providers.calendar/.CalendarProvider2
11-16 08:57:32.823: E/viders.calenda(20404): Not starting debugger since process cannot load the jdwp agent.
11-16 08:57:32.828: W/Primes(20381): Primes not initialized, returning default (no-op) Primes instance which will ignore all calls. Please call Primes.initialize(...) before using any Primes API.
11-16 08:57:32.854: I/CalendarProvider2(20404): Created com.android.providers.calendar.CalendarAlarmManager@a04705f(com.android.providers.calendar.CalendarProvider2@69afaac)
11-16 08:57:33.004: I/ActivityManager(1164): Start proc 20442:com.google.android.contacts/u0a90 for broadcast com.google.android.contacts/com.google.android.apps.contacts.receiver.LocaleChangeReceiver
11-16 08:57:33.009: E/ndroid.contact(20442): Not starting debugger since process cannot load the jdwp agent.
11-16 08:57:33.034: I/ndroid.contact(20442): The ClassLoaderContext is a special shared library.
11-16 08:57:33.085: I/ActivityManager(1164): Killing 19399:com.google.android.gmscore.testing.testsupport/u0a170 (adj 906): empty #17
11-16 08:57:33.085: W/libprocessgroup(1164): kill(-19399, 9) failed: No such process
11-16 08:57:33.100: I/Zygote(732): Process 19399 exited due to signal (9)
11-16 08:57:33.100: D/BoundBrokerSvc(14067): onUnbind: Intent { act=com.google.android.gms.testsupport.service.START pkg=com.google.android.gms }
11-16 08:57:33.121: W/libprocessgroup(1164): kill(-19399, 9) failed: No such process
11-16 08:57:33.121: I/libprocessgroup(1164): Successfully killed process cgroup uid 10170 pid 19399 in 35ms
11-16 08:57:33.313: W/PrimesInit(20442): Primes instant initialization
11-16 08:57:33.313: W/Primes(20442): background initialization
11-16 08:57:33.321: I/ActivityManager(1164): Killing 19674:com.android.carrierdefaultapp/u0a84 (adj 906): empty #17
11-16 08:57:33.322: W/libprocessgroup(1164): kill(-19674, 9) failed: No such process
11-16 08:57:33.334: I/ActivityManager(1164): Start proc 20470:com.google.android.deskclock/u0a119 for broadcast com.google.android.deskclock/com.android.deskclock.AlarmInitReceiver
11-16 08:57:33.336: E/droid.deskcloc(20470): Not starting debugger since process cannot load the jdwp agent.
11-16 08:57:33.337: I/Zygote(732): Process 19674 exited due to signal (9)
11-16 08:57:33.338: D/ActivityManager(1164): Raise procstate to external provider: ProcessRecord{d16dd10 9789:android.process.acore/u0a42}
11-16 08:57:33.339: W/Binder(1164): Outgoing transactions from this process must be FLAG_ONEWAY
11-16 08:57:33.339: W/Binder(1164): java.lang.Throwable
11-16 08:57:33.339: W/Binder(1164): 	at android.os.BinderProxy.transact(Binder.java:1116)
11-16 08:57:33.339: W/Binder(1164): 	at android.content.ContentProviderProxy.getType(ContentProviderNative.java:451)
11-16 08:57:33.339: W/Binder(1164): 	at com.android.server.am.ActivityManagerService.getProviderMimeType(ActivityManagerService.java:13091)
11-16 08:57:33.339: W/Binder(1164): 	at android.app.IActivityManager$Stub.onTransact(IActivityManager.java:1417)
11-16 08:57:33.339: W/Binder(1164): 	at com.android.server.am.ActivityManagerService.onTransact(ActivityManagerService.java:3297)
11-16 08:57:33.339: W/Binder(1164): 	at android.os.Binder.execTransact(Binder.java:731)
11-16 08:57:33.348: I/ActivityManager(1164): Start proc 20487:com.google.android.configupdater/u0a29 for service com.google.android.configupdater/.MainJobService
11-16 08:57:33.349: W/libprocessgroup(1164): kill(-19674, 9) failed: No such process
11-16 08:57:33.349: I/libprocessgroup(1164): Successfully killed process cgroup uid 10084 pid 19674 in 27ms
11-16 08:57:33.352: I/droid.deskcloc(20470): The ClassLoaderContext is a special shared library.
11-16 08:57:33.355: E/d.configupdate(20487): Not starting debugger since process cannot load the jdwp agent.
11-16 08:57:33.374: I/d.configupdate(20487): The ClassLoaderContext is a special shared library.
11-16 08:57:33.412: I/ActivityManager(1164): Killing 19695:com.android.cellbroadcastreceiver/u0a62 (adj 906): empty #17
11-16 08:57:33.413: W/libprocessgroup(1164): kill(-19695, 9) failed: No such process
11-16 08:57:33.416: E/Backup(14067): [BackupTransportMigratorChimeraService] Could not migrate transport!
11-16 08:57:33.417: I/Backup(14067): [BackupTransportMigratorChimeraService] Starting migration...
11-16 08:57:33.434: W/libprocessgroup(1164): kill(-19695, 9) failed: No such process
11-16 08:57:33.440: W/libprocessgroup(1164): kill(-19695, 9) failed: No such process
11-16 08:57:33.450: W/PrimesInit(20470): Primes instant initialization
11-16 08:57:33.451: W/Primes(20470): background initialization
11-16 08:57:33.456: W/libprocessgroup(1164): kill(-19695, 9) failed: No such process
11-16 08:57:33.464: I/GAv4(20470): Google Analytics 18.5.89 is starting up. To enable debug logging on a device run:
11-16 08:57:33.464: I/GAv4(20470):   adb shell setprop log.tag.GAv4 DEBUG
11-16 08:57:33.464: I/GAv4(20470):   adb logcat -s GAv4
11-16 08:57:33.473: I/FontLog(12097): Received query Google Sans:500, URI content://com.google.android.gms.fonts [CONTEXT service_id=132 ]
11-16 08:57:33.473: I/FontLog(12097): Query [Google Sans:500] resolved to {Google Sans, wdth 100.0, wght 500, ital 0.0, bestEffort false} [CONTEXT service_id=132 ]
11-16 08:57:33.477: W/libprocessgroup(1164): kill(-19695, 9) failed: No such process
11-16 08:57:33.480: I/FontLog(12097): Font PFD returned from cache for {Google Sans, wdth 100.0, wght 500, ital 0.0, bestEffort false} [CONTEXT service_id=132 ]
11-16 08:57:33.480: I/FontLog(12097): Fetch {Google Sans, wdth 100.0, wght 500, ital 0.0, bestEffort false} end status Status{statusCode=SUCCESS, resolution=null} [CONTEXT service_id=132 ]
11-16 08:57:33.483: W/GAv4(20470): AnalyticsReceiver is not registered or is disabled. Register the receiver for reliable dispatching on non-Google Play devices. See http://goo.gl/8Rd3yj for instructions.
11-16 08:57:33.486: I/FontLog(12097): Pulling font file for id = 4, cache size = 3 [CONTEXT service_id=132 ]
11-16 08:57:33.487: W/GAv4(20470): CampaignTrackingReceiver is not registered, not exported or is disabled. Installation campaign tracking is not possible. See http://goo.gl/8Rd3yj for instructions.
11-16 08:57:33.487: I/PrimesTesting(20470): GserviceFlagsSupplier.get()
11-16 08:57:33.488: W/GAv4(20470): AnalyticsService not registered in the app manifest. Hits might not be delivered reliably. See http://goo.gl/8Rd3yj for instructions.
11-16 08:57:33.507: I/FontLog(12097): Received query Google Sans, URI content://com.google.android.gms.fonts [CONTEXT service_id=132 ]
11-16 08:57:33.507: I/FontLog(12097): Query [Google Sans] resolved to {Google Sans, wdth 100.0, wght 400, ital 0.0, bestEffort false} [CONTEXT service_id=132 ]
11-16 08:57:33.508: I/FontLog(12097): Font PFD returned from cache for {Google Sans, wdth 100.0, wght 400, ital 0.0, bestEffort false} [CONTEXT service_id=132 ]
11-16 08:57:33.508: I/FontLog(12097): Fetch {Google Sans, wdth 100.0, wght 400, ital 0.0, bestEffort false} end status Status{statusCode=SUCCESS, resolution=null} [CONTEXT service_id=132 ]
11-16 08:57:33.513: I/FontLog(12097): Pulling font file for id = 5, cache size = 4 [CONTEXT service_id=132 ]
11-16 08:57:33.518: I/AlarmClock(20470): AlarmInitReceiver android.intent.action.LOCALE_CHANGED
11-16 08:57:33.522: W/libprocessgroup(1164): kill(-19695, 9) failed: No such process
11-16 08:57:33.528: I/AlarmClock(20470): DigitalAppWidgetProvider processing Intent { act=android.intent.action.LOCALE_CHANGED flg=0x11200010 cmp=com.google.android.deskclock/com.android.alarmclock.DigitalAppWidgetProvider }
11-16 08:57:33.537: W/libprocessgroup(1164): kill(-19695, 9) failed: No such process
11-16 08:57:33.543: E/.android.diale(20544): Not starting debugger since process cannot load the jdwp agent.
11-16 08:57:33.545: I/Zygote(732): Process 19695 exited due to signal (9)
11-16 08:57:33.547: I/ActivityManager(1164): Start proc 20544:com.google.android.dialer/u0a64 for broadcast com.google.android.dialer/com.android.dialer.notification.channel.NotificationChannelUpdateReceiver
11-16 08:57:33.549: W/libprocessgroup(1164): kill(-19695, 9) failed: No such process
11-16 08:57:33.549: I/libprocessgroup(1164): Successfully killed process cgroup uid 10062 pid 19695 in 136ms
11-16 08:57:33.564: I/ActivityManager(1164): Killing 19720:com.android.chrome/u0a107 (adj 906): empty #17
11-16 08:57:33.566: W/libprocessgroup(1164): kill(-19720, 9) failed: No such process
11-16 08:57:33.568: I/.android.diale(20544): The ClassLoaderContext is a special shared library.
11-16 08:57:33.570: I/.android.diale(20544): The ClassLoaderContext is a special shared library.
11-16 08:57:33.611: W/libprocessgroup(1164): kill(-19720, 9) failed: No such process
11-16 08:57:33.630: W/libprocessgroup(1164): kill(-19720, 9) failed: No such process
11-16 08:57:33.644: I/Zygote(733): Process 19720 exited due to signal (9)
11-16 08:57:33.650: W/libprocessgroup(1164): kill(-19720, 9) failed: No such process
11-16 08:57:33.650: I/libprocessgroup(1164): Successfully killed process cgroup uid 10107 pid 19720 in 83ms
11-16 08:57:33.658: I/GAv4-SVC(14067): Google Analytics 213.6.14 is starting up.
11-16 08:57:33.691: I/PrimesTesting(20442): GserviceFlagsSupplier.get()
11-16 08:57:33.808: I/Dialer(20544): DuoModule.provideDuo - enabled, returning impl
11-16 08:57:33.875: D/BoundBrokerSvc(14067): onBind: Intent { act=com.google.android.gms.telephonyspam.service.START pkg=com.google.android.gms }
11-16 08:57:33.875: D/BoundBrokerSvc(14067): Loading bound service for intent: Intent { act=com.google.android.gms.telephonyspam.service.START pkg=com.google.android.gms }
11-16 08:57:33.883: D/BoundBrokerSvc(14067): onBind: Intent { act=com.google.android.gms.auth.service.START pkg=com.google.android.gms }
11-16 08:57:33.883: D/BoundBrokerSvc(14067): Loading bound service for intent: Intent { act=com.google.android.gms.auth.service.START pkg=com.google.android.gms }
11-16 08:57:33.940: I/Dialer(20544): ClearcutMetricsInitializer.initialize - enter
11-16 08:57:33.953: W/PrimesInit(20544): Primes instant initialization
11-16 08:57:33.954: I/Dialer(20544): ClearcutMetricsInitializer.initialize - primes metrics monitoring started!
11-16 08:57:33.954: W/Primes(20544): background initialization
11-16 08:57:33.954: I/Dialer(20544): PrimesMetrics.startTimer - Application.onCreate is empty
11-16 08:57:33.965: I/Dialer(20544): DialerExecutorModule.newThread - creating low priority thread
11-16 08:57:33.970: I/Dialer(20544): CallLogConfigImpl.schedulePollingJob - scheduling
11-16 08:57:33.989: I/Dialer(20544): NonUiTaskBuilder.newThread - creating serial thread
11-16 08:57:33.992: I/Dialer(20544): DialerExecutorModule.newThread - creating low priority thread
11-16 08:57:33.994: I/Dialer(20544): ShortcutsJobScheduler.scheduleAllJobs - enter
11-16 08:57:33.996: I/Dialer(20544): ShortcutsJobScheduler.scheduleAllJobs - enabling shortcuts
11-16 08:57:33.996: I/Dialer(20544): PeriodicJobService.schedulePeriodicJob - enter
11-16 08:57:33.997: I/Dialer(20544): PeriodicJobService.schedulePeriodicJob - job already scheduled.
11-16 08:57:34.003: I/Dialer(20544): SpamJobScheduler.scheduleJob - job with id SPAM_JOB_WIFI is already scheduled
11-16 08:57:34.007: I/Dialer(20544): SpamJobScheduler.scheduleJob - job with id SPAM_JOB_ANY_NETWORK is already scheduled
11-16 08:57:34.016: I/PrimesTesting(20544): GserviceFlagsSupplier.get()
11-16 08:57:34.021: I/Dialer(20544): NotificationChannelUpdateReceiver.onReceive - updateChannels
11-16 08:57:34.033: I/ActivityManager(1164): Killing 19804:android.process.media/u0a8 (adj 906): empty #17
11-16 08:57:34.034: W/libprocessgroup(1164): kill(-19804, 9) failed: No such process
11-16 08:57:34.047: I/ActivityManager(1164): Start proc 20608:com.google.android.gm/u0a100 for broadcast com.google.android.gm/.MailIntentReceiver
11-16 08:57:34.053: E/ogle.android.g(20608): Not starting debugger since process cannot load the jdwp agent.
11-16 08:57:34.061: I/Zygote(732): Process 19804 exited due to signal (9)
11-16 08:57:34.071: I/ogle.android.g(20608): The ClassLoaderContext is a special shared library.
11-16 08:57:34.078: W/libprocessgroup(1164): kill(-19804, 9) failed: No such process
11-16 08:57:34.078: I/libprocessgroup(1164): Successfully killed process cgroup uid 10008 pid 19804 in 44ms
11-16 08:57:34.096: I/Dialer(20544): Flags.register - phenotype register status: true
11-16 08:57:34.143: I/Dialer(20544): CallLogFramework.enable - enter
11-16 08:57:34.143: I/Dialer(20544): CallLogFramework.registerContentObserversAndRefreshReceiver - enter
11-16 08:57:34.143: I/Dialer(20544): SystemCallLogDataSource.registerContentObservers - enter
11-16 08:57:34.150: I/Dialer(20544): DialerExecutorModule.newThread - creating low priority thread
11-16 08:57:34.152: I/Dialer(20544): AnnotatedCallLogMigrator.migrate - migrating annotated call log
11-16 08:57:34.152: I/Dialer(20544): RefreshAnnotatedCallLogWorker.refresh - submitting serialized refresh request
11-16 08:57:34.154: I/Dialer(20544): DialerExecutorModule.newThread - creating low priority thread
11-16 08:57:34.156: I/Dialer(20544): RefreshAnnotatedCallLogWorker.checkDirtyAndRebuildIfNecessary - starting refresh flow
11-16 08:57:34.167: I/Dialer(20544): RefreshAnnotatedCallLogWorker.checkDirtyAndRebuildIfNecessary - isDirty: true
11-16 08:57:34.170: I/Dialer(20544): DialerExecutorModule.newThread - creating low priority thread
11-16 08:57:34.173: I/Dialer(20544): Flags.register - commit succeeded: true
11-16 08:57:34.187: I/Dialer(20544): AnnotatedCallLogDatabaseHelper.onCreate - enter
11-16 08:57:34.188: I/Dialer(20544): AnnotatedCallLogDatabaseHelper.createTable - took: 1ms
11-16 08:57:34.192: I/Dialer(20544): SystemCallLogDataSource.fill - found 0 existing annotated call log ids
11-16 08:57:34.233: I/Dialer(20544): SystemCallLogDataSource.handleInsertsAndUpdatesInternal - no results for REGULAR_CALL
11-16 08:57:34.233: I/Dialer(20544): SystemCallLogDataSource.handleInsertsAndUpdatesInternal - no results for CALL_IN_DIRECT_BOOT_MODE
11-16 08:57:34.236: I/Dialer(20544): SystemCallLogDataSource.handleDeletes - found 0 call log entries to remove
11-16 08:57:34.249: I/Dialer(20544): SystemBlockedNumberPhoneLookup.getMostRecentPhoneLookupInfo - enter
11-16 08:57:34.308: I/Dialer(20544): SpamCallDataSource.fill - enter
11-16 08:57:34.308: I/Dialer(20544): SpamCallDataSource.handleInserts - enter
11-16 08:57:34.311: I/Dialer(20544): AnnotatedCallLogCoalescer.coalesce - enter
11-16 08:57:34.311: I/Dialer(20544): ConversationHistoryCoalescer.coalesce - enter
11-16 08:57:34.311: I/Dialer(20544): AnnotatedCallLogCoalescer.coalesceWithSelection - enter
11-16 08:57:34.313: I/Dialer(20544): ConversationHistoryCoalescer.coalesce - conversation history disabled
11-16 08:57:34.313: I/Dialer(20544): AnnotatedCallLogCoalescer.coalesceWithSelection - enter
11-16 08:57:34.315: I/Dialer(20544): PrimesMetrics.startTimer - AnnotatedCallLogCoalescer.CoalesceForAllCalls is empty
11-16 08:57:34.317: I/Dialer(20544): PrimesMetrics.startTimer - AnnotatedCallLogCoalescer.CoalesceForMissedCalls is empty
11-16 08:57:34.318: I/Dialer(20544): AnnotatedCallLogCoalescer.coalesceInternal - enter
11-16 08:57:34.321: I/Dialer(20544): AnnotatedCallLogCoalescer.coalesceInternal - enter
11-16 08:57:34.321: I/Dialer(20544): CoalescedRowsDao.saveToFileForAllCalls - enter
11-16 08:57:34.322: I/Dialer(20544): PrimesMetrics.startTimer - CoalescedRowsDao.SaveAllCalls is empty
11-16 08:57:34.322: I/Dialer(20544): CoalescedRowsDao.save - acquiring write lock
11-16 08:57:34.323: I/Dialer(20544): CoalescedRowsDao.save - start writing coalesced rows
11-16 08:57:34.326: I/Dialer(20544): CoalescedRowsDao.save - write lock released
11-16 08:57:34.327: I/Dialer(20544): CoalescedRowsDao.saveToFileForMissedCalls - enter
11-16 08:57:34.327: I/Dialer(20544): CoalescedRowsUpdatedNotifier.notifyForCallLogAllCalls - enter
11-16 08:57:34.328: I/Dialer(20544): PrimesMetrics.startTimer - CoalescedRowsDao.SaveMissedCalls is empty
11-16 08:57:34.328: I/Dialer(20544): CoalescedRowsDao.save - acquiring write lock
11-16 08:57:34.328: I/Dialer(20544): CoalescedRowsDao.save - start writing coalesced rows
11-16 08:57:34.329: I/Dialer(20544): CoalescedRowsDao.save - write lock released
11-16 08:57:34.329: I/Dialer(20544): CoalescedRowsUpdatedNotifier.notifyForCallLogMissedCalls - enter
11-16 08:57:34.331: I/Dialer(20544): CallLogCacheUpdater.updateCache - not updating cache for initial build
11-16 08:57:34.721: W/ComponentDiscovery(20608): Application info not found.
11-16 08:57:34.721: W/ComponentDiscovery(20608): Could not retrieve metadata, returning empty list of registrars.
11-16 08:57:34.751: W/PrimesInit(20608): Primes instant initialization
11-16 08:57:34.751: W/Primes(20608): background initialization
11-16 08:57:34.768: W/GAV2(20608): Thread[main,5,main]: Need to call initialize() and be in fallback mode to start dispatch.
11-16 08:57:34.777: I/PrimesTesting(20608): GserviceFlagsSupplier.get()
11-16 08:57:34.783: E/Gmail(20608): Gmail:TotalBandwidthLoggerRunner: Bandwidth Value was not valid: BandwidthValue{txBytes=-1, rxBytes=-1, txPackets=-1, rxPackets=-1, startTimeMs=0, endTimeMs=1848290, connectivityType=TYPE_COMBINED, tag=TOTAL_APP_UID}
11-16 08:57:34.898: W/Gmail(20608): AccountUtils:For b/73513912, load account content://com.android.gmail.ui/account.-2137146394 from MailAppProvider. Is account valid result: 1.
11-16 08:57:34.901: W/Gmail(20608): AccountUtils:For b/73513912, load account content://com.google.android.gm.email.provider/account.-437561172?suppress_combined%3Dtrue from MailAppProvider. Is account valid result: 1.
11-16 08:57:34.935: I/LocaleChangeIO(12097): No action required after switch to en [CONTEXT service_id=231 ]
11-16 08:57:34.953: I/LanguageSettingsHelper(11588): Removing enrollment utterances : Locale changed
11-16 08:57:34.953: E/UtteranceHandler(11588): Called deleteEnrollmentUtterances for null account
11-16 08:57:34.969: I/NearbyDiscovery(12097): DiscoveryService created [CONTEXT service_id=49 ]
11-16 08:57:34.980: I/OpaEnabledReceiver(3656): Dispatching OPA eligble = true; AGSA = true; OPA enabled = true
11-16 08:57:34.980: I/OpaLayout(3656): Setting opa enabled to true
11-16 08:57:34.980: I/OpaLayout(3656): Setting opa enabled to true
11-16 08:57:34.982: W/ChimeraUtils(12097): Module com.google.android.gms.nearby has empty metadata display_name_string_id
11-16 08:57:34.983: W/ChimeraUtils(12097): Module com.google.android.gms.nearby has empty metadata display_name_string_id
11-16 08:57:34.986: I/OpaEligibilityChecker(11588): send OpaEligibilityChange broadcast to CommonBroadcastReceiver
11-16 08:57:34.990: I/DefaultSticker(3645): Received android.intent.action.LOCALE_CHANGED broadcast from null
11-16 08:57:34.992: I/OpaEnabledReceiver(3656): Dispatching OPA eligble = true; AGSA = true; OPA enabled = true
11-16 08:57:34.992: I/OpaLayout(3656): Setting opa enabled to true
11-16 08:57:34.992: I/OpaLayout(3656): Setting opa enabled to true
11-16 08:57:34.996: I/FirebaseJobDispatcher(3645): Schedule task: DefaultStickerUpdate. Success.
11-16 08:57:34.996: I/DefaultStickerUpdate(3645): Scheduled update for locale=en, data=DefaultStickerTaskData{enabled=true, metadataUriPrefix=https://www.gstatic.com/android/keyboard/stickers/configs/v5/, supportedLanguage=en}, and reason=BROADCAST_LOCALE_CHANGED
11-16 08:57:35.002: I/HotwordHelper(11588): hasHotwordEverywhere-false
11-16 08:57:35.010: W/KeyphraseEnrollmentInfo(4154): No enrollment application supports the given keyphrase/locale: 'Ok Google'/en
11-16 08:57:35.010: I/BgTaskExecutorImpl(11588): Starting EXCLUSIVE background task UPDATE_HOTWORD_MODELS.
11-16 08:57:35.010: I/GsaVoiceInteractionSrv(4154): Creating AOHD: Keyphrase - Ok Google, Locale - en/en-GB
11-16 08:57:35.011: W/SoundTriggerHelper(1164): Attempting stopRecognition without a successful startRecognition
11-16 08:57:35.012: W/AlwaysOnHotwordDetector(4154): stopRecognition() failed with error code -2147483648
11-16 08:57:35.012: W/AlwaysOnHotwordDetector(4154): Received message: 1 for an invalid detector
11-16 08:57:35.014: I/BgTaskExecutorImpl(11588): Starting EXCLUSIVE background task SEND_GSA_HOME_REQUEST.
11-16 08:57:35.016: W/SearchServiceCore(11588): Abort, client detached.
11-16 08:57:35.019: I/ActivityManager(1164): Start proc 20695:com.google.android.music:main/u0a75 for broadcast com.google.android.music/.notifications.NotificationChannelInitializationBroadcastReceiver
11-16 08:57:35.023: I/ThreadRunner(11588): setContextAndRunner
11-16 08:57:35.026: W/SoundModelDBHelper(1164): No SoundModel available for the given keyphrase
11-16 08:57:35.029: I/ActivityManager(1164): START u0 {act=com.android.intent.action.MANAGE_VOICE_KEYPHRASES flg=0x10000000 pkg=com.android.hotwordenrollment.okgoogle cmp=com.android.hotwordenrollment.okgoogle/.EnrollmentActivity (has extras)} from uid 10047
11-16 08:57:35.031: I/ModelDownloadController(11588): requestHotwordModelUpdate modelType-OK_GOOGLE
11-16 08:57:35.032: W/ModelDownloadController(11588): Failed fetching the hotword model location configuration
11-16 08:57:35.032: E/ModelDownloadController(11588): Invalid hotword model location.
11-16 08:57:35.034: E/roid.music:mai(20695): Not starting debugger since process cannot load the jdwp agent.
11-16 08:57:35.039: D/android.hardware.power@1.3-service.crosshatch-libperfmgr(768): LAUNCH ON
11-16 08:57:35.048: W/KeyphraseEnrollmentInfo(4154): No enrollment application supports the given keyphrase/locale: 'X Google'/en
11-16 08:57:35.051: W/SearchServiceCore(11588): Abort, client detached.
11-16 08:57:35.059: W/ActivityManager(1164): Unable to start service Intent { cmp=com.google.android.gm/com.android.email.service.AttachmentService } U=0: not found
11-16 08:57:35.051: I/chatty(11588): uid=10047 com.google.android.googlequicksearchbox:search identical 2 lines
11-16 08:57:35.051: W/SearchServiceCore(11588): Abort, client detached.
11-16 08:57:35.062: W/SessionLifecycleManager(11588): Client : AttachedClient[50966200051123338, ClientConfig[mFlags=[default, headless, launch_external_voice_search_ui, support_transparent_background, legacy_leave_behind_dirty_session_fixme] mSuggestFlags=[0] mClientId=HOTWORD_SERVICE mSessionType=search]] has no associated SessionController
11-16 08:57:35.062: W/SearchServiceCore(11588): Abort, client detached.
11-16 08:57:35.064: I/ActivityManager(1164): Killing 19828:com.android.sdm.plugins.sprintdm/1001 (adj 906): empty #17
11-16 08:57:35.063: I/chatty(11588): uid=10047 com.google.android.googlequicksearchbox:search identical 1 line
11-16 08:57:35.063: W/SearchServiceCore(11588): Abort, client detached.
11-16 08:57:35.065: W/libprocessgroup(1164): kill(-19828, 9) failed: No such process
11-16 08:57:35.071: I/roid.music:mai(20695): The ClassLoaderContext is a special shared library.
11-16 08:57:35.072: I/ActivityManager(1164): Start proc 20711:com.android.hotwordenrollment.okgoogle/u0a45 for activity com.android.hotwordenrollment.okgoogle/.EnrollmentActivity
11-16 08:57:35.080: I/Zygote(732): Process 19828 exited due to signal (9)
11-16 08:57:35.083: E/llment.okgoogl(20711): Not starting debugger since process cannot load the jdwp agent.
11-16 08:57:35.086: I/PeopleDatabaseHelper(14067): Updating DB locale: en_US -> en
11-16 08:57:35.103: D/BoundBrokerSvc(14067): onBind: Intent { act=com.google.android.gms.findmydevice.spot.service.locationreport.START cmp=com.google.android.gms/.chimera.GmsApiService }
11-16 08:57:35.103: D/BoundBrokerSvc(14067): Loading bound service for intent: Intent { act=com.google.android.gms.findmydevice.spot.service.locationreport.START cmp=com.google.android.gms/.chimera.GmsApiService }
11-16 08:57:35.106: W/libprocessgroup(1164): kill(-19828, 9) failed: No such process
11-16 08:57:35.106: I/libprocessgroup(1164): Successfully killed process cgroup uid 1001 pid 19828 in 41ms
11-16 08:57:35.113: I/MultiDex(20695): VM with version 2.1.0 has multidex support
11-16 08:57:35.113: I/MultiDex(20695): install
11-16 08:57:35.113: I/MultiDex(20695): VM has multidex support, MultiDex support library is disabled.
11-16 08:57:35.119: E/libc(20711): Access denied finding property "vendor.debug.egl.profiler"
11-16 08:57:35.115: W/com.android.hotwordenrollment.okgoogle(20711): type=1400 audit(0.0:416): avc: denied { read } for comm=45474C20496E6974 name="u:object_r:vendor_default_prop:s0" dev="tmpfs" ino=24452 scontext=u:r:priv_app:s0:c512,c768 tcontext=u:object_r:vendor_default_prop:s0 tclass=file permissive=0
11-16 08:57:35.122: I/PeopleSearchIndexManage(14067): Marking for index update.
11-16 08:57:35.124: I/akia(12097): Removed 0 invalid users [CONTEXT service_id=51 ]
11-16 08:57:35.135: I/PeopleDatabaseHelper(14067): cleanUpNonGplusAccounts done.
11-16 08:57:35.135: I/EnrollmentActivity(20711): Started by non-activity for action: 0, keyphrase: Ok Google, locale: en-GB
11-16 08:57:35.136: D/OpenGLRenderer(20711): Skia GL Pipeline
11-16 08:57:35.139: I/PeopleSearchIndexManage(14067): Index version changed from 0
11-16 08:57:35.144: I/PeopleSearchIndexManage(14067): Rebuilding index...
11-16 08:57:35.150: I/Adreno(20711): QUALCOMM build                   : 3f88ca2, I42f6fe38fb
11-16 08:57:35.150: I/Adreno(20711): Build Date                       : 07/13/18
11-16 08:57:35.150: I/Adreno(20711): OpenGL ES Shader Compiler Version: EV031.24.00.00
11-16 08:57:35.150: I/Adreno(20711): Local Branch                     : 50.04
11-16 08:57:35.150: I/Adreno(20711): Remote Branch                    : 
11-16 08:57:35.150: I/Adreno(20711): Remote Branch                    : 
11-16 08:57:35.150: I/Adreno(20711): Reconstruct Branch               : 
11-16 08:57:35.150: I/Adreno(20711): Build Config                     : S P 4.0.10 AArch64
11-16 08:57:35.151: D/MusicLifecycle(20695): com.google.android.music.store.ConfigContentProvider generated event: Content provider created
11-16 08:57:35.154: I/GoogleInputMethod(3645): onFinishInput() : Dummy InputConnection bound
11-16 08:57:35.152: W/RenderThread(20711): type=1400 audit(0.0:417): avc: denied { read } for name="u:object_r:vendor_default_prop:s0" dev="tmpfs" ino=24452 scontext=u:r:priv_app:s0:c512,c768 tcontext=u:object_r:vendor_default_prop:s0 tclass=file permissive=0
11-16 08:57:35.154: E/libc(20711): Access denied finding property "ro.vendor.graphics.memory"
11-16 08:57:35.154: I/GoogleInputMethod(3645): onStartInput() : Dummy InputConnection bound
11-16 08:57:35.155: I/Adreno(20711): PFP: 0x016ee170, ME: 0x00000000
11-16 08:57:35.157: I/ConfigStore(20711): android::hardware::configstore::V1_0::ISurfaceFlingerConfigs::hasWideColorDisplay retrieved: 1
11-16 08:57:35.157: I/ConfigStore(20711): android::hardware::configstore::V1_0::ISurfaceFlingerConfigs::hasHDRDisplay retrieved: 1
11-16 08:57:35.158: I/OpenGLRenderer(20711): Initialized EGL, version 1.4
11-16 08:57:35.158: D/OpenGLRenderer(20711): Swap behavior 2
11-16 08:57:35.159: D/MusicLifecycle(20695): com.google.android.music.api.MusicPublicContentProvider generated event: Content provider created
11-16 08:57:35.165: W/RenderThread(20711): type=1400 audit(0.0:418): avc: denied { read } for name="u:object_r:vendor_default_prop:s0" dev="tmpfs" ino=24452 scontext=u:r:priv_app:s0:c512,c768 tcontext=u:object_r:vendor_default_prop:s0 tclass=file permissive=0
11-16 08:57:35.169: E/libc(20711): Access denied finding property "vendor.gralloc.enable_ahardware_buffer"
11-16 08:57:35.169: D/MusicLifecycle(20695): com.google.android.music.store.MusicContentProvider generated event: Content provider created
11-16 08:57:35.171: W/SoundTriggerHelper(1164): Attempting stopRecognition without a successful startRecognition
11-16 08:57:35.171: I/EnrollmentActivity(20711): Enroll keyphrase Ok Googleoperation succeeded for en-GB
11-16 08:57:35.172: W/AlwaysOnHotwordDetector(4154): stopRecognition() failed with error code -2147483648
11-16 08:57:35.178: I/GsaVoiceInteractionSrv(4154): Not starting recognition
11-16 08:57:35.187: D/SurfaceFlinger(643): duplicate layer name: changing Surface(name=47a735b StatusBar)/@0xe7e3714 - animation-leash to Surface(name=47a735b StatusBar)/@0xe7e3714 - animation-leash#1
11-16 08:57:35.193: I/NearbyDiscovery(12097): Show notifications: 0 total, no changes since last shown, no-op. [CONTEXT service_id=49 ]
11-16 08:57:35.193: I/PeopleASM(14067): Rebuilding autocomplete index...
11-16 08:57:35.198: I/PeopleSearchIndexManage(14067): Rebuilding index done.
11-16 08:57:35.200: I/ActivityManager(1164): Displayed com.android.hotwordenrollment.okgoogle/.EnrollmentActivity: +150ms
11-16 08:57:35.200: D/MusicLifecycle(20695): com.google.android.music.ui.PhoneMusicApplication generated event: Application created
11-16 08:57:35.209: I/BackdropActivity(19780): onResume()
11-16 08:57:35.210: I/GoogleInputMethod(3645): onFinishInput() : Dummy InputConnection bound
11-16 08:57:35.210: I/GoogleInputMethod(3645): onStartInput() : Dummy InputConnection bound
11-16 08:57:35.214: I/ActivityManager(1164): Activity requesting to dismiss Keyguard: ActivityRecord{6a25770 u0 com.google.android.apps.mtaas.backdrop/.BackdropActivity t4}
11-16 08:57:35.219: I/HotwordHelper(11588): hasHotwordEverywhere-false
11-16 08:57:35.223: W/SurfaceFlinger(643): Attempting to set client state on removed layer: com.android.hotwordenrollment.okgoogle/com.android.hotwordenrollment.okgoogle.EnrollmentActivity#0
11-16 08:57:35.223: W/SurfaceFlinger(643): Attempting to destroy on removed layer: com.android.hotwordenrollment.okgoogle/com.android.hotwordenrollment.okgoogle.EnrollmentActivity#0
11-16 08:57:35.233: W/SurfaceFlinger(643): Attempting to destroy on removed layer: AppWindowToken{d96133 token=Token{64fd0a2 ActivityRecord{f8bac6d u0 com.android.hotwordenrollment.okgoogle/.EnrollmentActivity t5}}}#0
11-16 08:57:35.234: I/Bugle(19928): VerifiedSmsStartupTask: Checking if Verified SMS tasks should be enqueued.
11-16 08:57:35.234: I/Bugle(19928): VerifiedSmsStartupTask: Not enqueuing Verified SMS periodic task, Verified SMS is disabled.
