11-16 14:06:42.043: I/Finsky(13239): [2] aeak.a(8): Clearing split related stale data.
11-16 14:06:42.043: I/BugleDataModel(10179): RcsMigrationService: Returning RCS state provider.
11-16 14:06:42.044: I/Finsky(13239): [257] gxq.a(12): Asset module storage cleared for package androidx.lifecycle.testapp.test.
11-16 14:06:42.048: I/Finsky(13239): [256] ovx.run(16): Wrote row to frosting DB: 214
11-16 14:06:42.052: W/PrimesInit(15833): Primes instant initialization
11-16 14:06:42.052: W/Primes(15833): background initialization
11-16 14:06:42.052: I/Finsky(13239): [256] ovx.run(16): Wrote row to frosting DB: 215
11-16 14:06:42.056: I/Finsky(13239): [255] jnw.a(15): [ContentSync] finished, scheduled=false
11-16 14:06:42.058: I/Finsky(13239): [2] owk.d(2): Frosting ID looked up on UI thread. Caller should move to a background thread.
11-16 14:06:42.059: D/RegisteredNfcFServicesCache(4169): Service unchanged, not updating
11-16 14:06:42.063: I/BugleRcsEngine(10179): [641] pot.a: Sim state is not ready. Returning last known operation mode.
11-16 14:06:42.064: I/CarrierServices(10089): [602] awt.doInBackground: Saving RCS State
11-16 14:06:42.064: I/CarrierServices(10089): [602] awt.doInBackground: Old operation mode: 0
11-16 14:06:42.065: I/CarrierServices(10089): [602] awt.doInBackground: New operation mode: 0
11-16 14:06:42.066: V/BackupManagerConstants(1162): getFullBackupIntervalMilliseconds(...) returns 86400000
11-16 14:06:42.066: I/CarrierServices(10089): [2] aww.a: Unbinding RcsMigrationService
11-16 14:06:42.072: W/GCM(11019): Unexpected forwarded intent: Intent { act=android.intent.action.PACKAGE_ADDED dat=package:androidx.lifecycle.testapp.test flg=0x4000010 pkg=com.google.android.gms cmp=com.google.android.gms/.chimera.PersistentIntentOperationService (has extras) }
11-16 14:06:42.083: D/ImsResolver(3809): maybeAddedImsService, packageName: androidx.lifecycle.testapp.test
11-16 14:06:42.084: E/PhoneInterfaceManager(3809): [PhoneIntfMgr] getCarrierPackageNamesForIntent: No UICC
11-16 14:06:42.084: D/CarrierSvcBindHelper(3809): No carrier app for: 0
11-16 14:06:42.086: I/Auth(13608): [SupervisedAccountIntentOperation] onHandleIntent(): android.intent.action.PACKAGE_ADDED
11-16 14:06:42.088: I/BlockstoreStorage(13608): Clearing Blockstore Data for package androidx.lifecycle.testapp.test [CONTEXT service_id=258 ]
11-16 14:06:42.088: I/BlockstoreStorage(13608): No metadata found. Skipping deletion. [CONTEXT service_id=258 ]
11-16 14:06:42.089: D/BoundBrokerSvc(13608): onBind: Intent { act=com.google.android.gms.common.BIND_SHARED_PREFS pkg=com.google.android.gms }
11-16 14:06:42.089: D/BoundBrokerSvc(13608): Loading bound service for intent: Intent { act=com.google.android.gms.common.BIND_SHARED_PREFS pkg=com.google.android.gms }
11-16 14:06:42.090: E/VvmPkgInstalledRcvr(3809): cannot create TelephonyManager from ComponentInfo{com.android.phone/com.android.services.telephony.TelephonyConnectionService}, ***, UserHandle{0}
11-16 14:06:42.090: D/CarrierConfigLoader(3809): mHandler: 9 phoneId: 0
11-16 14:06:42.098: D/BoundBrokerSvc(13608): onUnbind: Intent { act=com.google.android.gms.common.BIND_SHARED_PREFS pkg=com.google.android.gms }
11-16 14:06:42.099: W/GCM(11019): Unexpected forwarded intent: Intent { act=android.intent.action.PACKAGE_ADDED dat=package:androidx.lifecycle.testapp.test flg=0x4000010 pkg=com.google.android.gms cmp=com.google.android.gms/.chimera.PersistentIntentOperationService (has extras) }
11-16 14:06:42.099: I/FontLog(11019): Package androidx.lifecycle.testapp.test has no metadata [CONTEXT service_id=132 ]
11-16 14:06:42.108: W/FieldDefinition(15833): [main] Ignoring isIndexed constraint as field also has uniqueness constraint (on just this field, and therefore SQLite will have to create an index on that. For field: cxk$b@5e05b98
11-16 14:06:42.119: W/ChimeraUtils(11019): Module com.google.android.gms.nearby_en has empty metadata display_name_string_id
11-16 14:06:42.137: I/chatty(11019): uid=10007(com.google.android.gms) highpool[1] identical 1 line
11-16 14:06:42.139: W/ChimeraUtils(11019): Module com.google.android.gms.nearby_en has empty metadata display_name_string_id
11-16 14:06:42.157: E/Backup(13608): [BackupTransportMigratorChimeraService] Could not migrate transport!
11-16 14:06:42.159: I/Backup(13608): [BackupTransportMigratorChimeraService] Starting migration...
11-16 14:06:42.207: I/system_server(1162): Background concurrent copying GC freed 51815(2MB) AllocSpace objects, 19(892KB) LOS objects, 42% free, 18MB/31MB, paused 55us total 187.745ms
11-16 14:06:42.237: D/GH.AutoPhenotypeFlags(4363): Refreshing flag-values from Phenotype
11-16 14:06:42.245: I/PackageUpdateTaskChimer(11019): Scheduling Phenotype config package catchup updates to be 86400 seconds from now (1637100402244) [CONTEXT service_id=51 ]
11-16 14:06:42.255: I/akhr(11019): Scheduling adaptive one off task with window [14400, 604800] in seconds [CONTEXT service_id=51 ]
11-16 14:06:42.260: W/PhenotypeConfigurationU(11019): Update for unknown DeviceConfig package com.google.android.gms.car#car_setup [CONTEXT service_id=204 ]
11-16 14:06:42.260: W/PhenotypeConfigurationU(11019): akjf: No package exists for config package: com.google.android.gms.car#car_setup
11-16 14:06:42.260: W/PhenotypeConfigurationU(11019): 	at com.google.android.gms.platformconfigurator.PhenotypeConfigurationUpdateListener.a(:com.google.android.gms@213614028@21.36.14 (100400-395708125):7)
11-16 14:06:42.260: W/PhenotypeConfigurationU(11019): 	at com.google.android.gms.platformconfigurator.PhenotypeConfigurationUpdateListener.onHandleIntent(:com.google.android.gms@213614028@21.36.14 (100400-395708125):5)
11-16 14:06:42.260: W/PhenotypeConfigurationU(11019): 	at com.google.android.chimera.IntentOperation.onHandleIntent(:com.google.android.gms@213614028@21.36.14 (100400-395708125):2)
11-16 14:06:42.260: W/PhenotypeConfigurationU(11019): 	at pld.onHandleIntent(:com.google.android.gms@213614028@21.36.14 (100400-395708125):4)
11-16 14:06:42.260: W/PhenotypeConfigurationU(11019): 	at dpb.run(:com.google.android.gms@213614028@21.36.14 (100400-395708125):5)
11-16 14:06:42.260: W/PhenotypeConfigurationU(11019): 	at dpa.run(:com.google.android.gms@213614028@21.36.14 (100400-395708125):11)
11-16 14:06:42.260: W/PhenotypeConfigurationU(11019): 	at bfyg.run(:com.google.android.gms@213614028@21.36.14 (100400-395708125):2)
11-16 14:06:42.260: W/PhenotypeConfigurationU(11019): 	at java.util.concurrent.ThreadPoolExecutor.runWorker(ThreadPoolExecutor.java:1167)
11-16 14:06:42.260: W/PhenotypeConfigurationU(11019): 	at java.util.concurrent.ThreadPoolExecutor$Worker.run(ThreadPoolExecutor.java:641)
11-16 14:06:42.260: W/PhenotypeConfigurationU(11019): 	at java.lang.Thread.run(Thread.java:764)
11-16 14:06:42.273: W/PhenotypeConfigurationU(11019): Update for unknown DeviceConfig package com.google.android.gms.car#car [CONTEXT service_id=204 ]
11-16 14:06:42.273: W/PhenotypeConfigurationU(11019): akjf: No package exists for config package: com.google.android.gms.car#car
11-16 14:06:42.273: W/PhenotypeConfigurationU(11019): 	at com.google.android.gms.platformconfigurator.PhenotypeConfigurationUpdateListener.a(:com.google.android.gms@213614028@21.36.14 (100400-395708125):7)
11-16 14:06:42.273: W/PhenotypeConfigurationU(11019): 	at com.google.android.gms.platformconfigurator.PhenotypeConfigurationUpdateListener.onHandleIntent(:com.google.android.gms@213614028@21.36.14 (100400-395708125):5)
11-16 14:06:42.273: W/PhenotypeConfigurationU(11019): 	at com.google.android.chimera.IntentOperation.onHandleIntent(:com.google.android.gms@213614028@21.36.14 (100400-395708125):2)
11-16 14:06:42.273: W/PhenotypeConfigurationU(11019): 	at pld.onHandleIntent(:com.google.android.gms@213614028@21.36.14 (100400-395708125):4)
11-16 14:06:42.273: W/PhenotypeConfigurationU(11019): 	at dpb.run(:com.google.android.gms@213614028@21.36.14 (100400-395708125):5)
11-16 14:06:42.273: W/PhenotypeConfigurationU(11019): 	at dpa.run(:com.google.android.gms@213614028@21.36.14 (100400-395708125):11)
11-16 14:06:42.273: W/PhenotypeConfigurationU(11019): 	at bfyg.run(:com.google.android.gms@213614028@21.36.14 (100400-395708125):2)
11-16 14:06:42.273: W/PhenotypeConfigurationU(11019): 	at java.util.concurrent.ThreadPoolExecutor.runWorker(ThreadPoolExecutor.java:1167)
11-16 14:06:42.273: W/PhenotypeConfigurationU(11019): 	at java.util.concurrent.ThreadPoolExecutor$Worker.run(ThreadPoolExecutor.java:641)
11-16 14:06:42.273: W/PhenotypeConfigurationU(11019): 	at java.lang.Thread.run(Thread.java:764)
11-16 14:06:42.277: D/GH.PhenotypeCommitter(4363): Committed Phenotype flags successfully!
11-16 14:06:42.279: W/PhenotypeConfigurationU(11019): Update for unknown DeviceConfig package com.google.android.gms.icing.mdd#com.google.android.gms [CONTEXT service_id=204 ]
11-16 14:06:42.279: W/PhenotypeConfigurationU(11019): akjf: No package exists for config package: com.google.android.gms.icing.mdd#com.google.android.gms
11-16 14:06:42.279: W/PhenotypeConfigurationU(11019): 	at com.google.android.gms.platformconfigurator.PhenotypeConfigurationUpdateListener.a(:com.google.android.gms@213614028@21.36.14 (100400-395708125):7)
11-16 14:06:42.279: W/PhenotypeConfigurationU(11019): 	at com.google.android.gms.platformconfigurator.PhenotypeConfigurationUpdateListener.onHandleIntent(:com.google.android.gms@213614028@21.36.14 (100400-395708125):5)
11-16 14:06:42.279: W/PhenotypeConfigurationU(11019): 	at com.google.android.chimera.IntentOperation.onHandleIntent(:com.google.android.gms@213614028@21.36.14 (100400-395708125):2)
11-16 14:06:42.279: W/PhenotypeConfigurationU(11019): 	at pld.onHandleIntent(:com.google.android.gms@213614028@21.36.14 (100400-395708125):4)
11-16 14:06:42.279: W/PhenotypeConfigurationU(11019): 	at dpb.run(:com.google.android.gms@213614028@21.36.14 (100400-395708125):5)
11-16 14:06:42.279: W/PhenotypeConfigurationU(11019): 	at dpa.run(:com.google.android.gms@213614028@21.36.14 (100400-395708125):11)
11-16 14:06:42.279: W/PhenotypeConfigurationU(11019): 	at bfyg.run(:com.google.android.gms@213614028@21.36.14 (100400-395708125):2)
11-16 14:06:42.279: W/PhenotypeConfigurationU(11019): 	at java.util.concurrent.ThreadPoolExecutor.runWorker(ThreadPoolExecutor.java:1167)
11-16 14:06:42.279: W/PhenotypeConfigurationU(11019): 	at java.util.concurrent.ThreadPoolExecutor$Worker.run(ThreadPoolExecutor.java:641)
11-16 14:06:42.279: W/PhenotypeConfigurationU(11019): 	at java.lang.Thread.run(Thread.java:764)
11-16 14:06:42.287: D/CAR.CLIENT(4363): connect
11-16 14:06:42.299: W/CAR.VALIDATOR.LITE(11036): Invalid version in allow list flag [ALL] [CONTEXT service_id=13 ]
11-16 14:06:42.299: W/CAR.VALIDATOR.LITE(11036): java.lang.NumberFormatException: For input string: "ALL"
11-16 14:06:42.299: W/CAR.VALIDATOR.LITE(11036): 	at java.lang.Integer.parseInt(Integer.java:615)
11-16 14:06:42.299: W/CAR.VALIDATOR.LITE(11036): 	at java.lang.Integer.parseInt(Integer.java:650)
11-16 14:06:42.299: W/CAR.VALIDATOR.LITE(11036): 	at nnu.<init>(:com.google.android.gms@213614028@21.36.14 (100400-395708125):13)
11-16 14:06:42.299: W/CAR.VALIDATOR.LITE(11036): 	at nnu.d(:com.google.android.gms@213614028@21.36.14 (100400-395708125):2)
11-16 14:06:42.299: W/CAR.VALIDATOR.LITE(11036): 	at com.google.android.gms.car.CarChimeraService.onCreate(:com.google.android.gms@213614028@21.36.14 (100400-395708125):17)
11-16 14:06:42.299: W/CAR.VALIDATOR.LITE(11036): 	at dpx.onCreate(:com.google.android.gms@213614028@21.36.14 (100400-395708125):1)
11-16 14:06:42.299: W/CAR.VALIDATOR.LITE(11036): 	at plf.onCreate(:com.google.android.gms@213614028@21.36.14 (100400-395708125):4)
11-16 14:06:42.299: W/CAR.VALIDATOR.LITE(11036): 	at android.app.ActivityThread.handleCreateService(ActivityThread.java:3570)
11-16 14:06:42.299: W/CAR.VALIDATOR.LITE(11036): 	at android.app.ActivityThread.access$1300(ActivityThread.java:200)
11-16 14:06:42.299: W/CAR.VALIDATOR.LITE(11036): 	at android.app.ActivityThread$H.handleMessage(ActivityThread.java:1672)
11-16 14:06:42.299: W/CAR.VALIDATOR.LITE(11036): 	at android.os.Handler.dispatchMessage(Handler.java:106)
11-16 14:06:42.299: W/CAR.VALIDATOR.LITE(11036): 	at android.os.Looper.loop(Looper.java:193)
11-16 14:06:42.299: W/CAR.VALIDATOR.LITE(11036): 	at android.app.ActivityThread.main(ActivityThread.java:6718)
11-16 14:06:42.299: W/CAR.VALIDATOR.LITE(11036): 	at java.lang.reflect.Method.invoke(Native Method)
11-16 14:06:42.299: W/CAR.VALIDATOR.LITE(11036): 	at com.android.internal.os.RuntimeInit$MethodAndArgsCaller.run(RuntimeInit.java:493)
11-16 14:06:42.299: W/CAR.VALIDATOR.LITE(11036): 	at com.android.internal.os.ZygoteInit.main(ZygoteInit.java:858)
11-16 14:06:42.310: D/GH.CarApiClientManager(4363): registered listener cqq@7787fcb
11-16 14:06:42.310: D/GH.CarApiClientManager(4363): start
11-16 14:06:42.311: I/GH.SharedService(4363): Shared Service created
11-16 14:06:42.312: D/CAR.CLIENT(4363): connect
11-16 14:06:42.315: D/GH.NotifListenCNameMgr(4363): No set listener, returning default: com.google.android.gearhead.notifications.SharedNotificationListenerManager$ListenerService
11-16 14:06:42.315: D/GH.SharedNotifications(4363): Current notification listener: com.google.android.gearhead.notifications.SharedNotificationListenerManager$ListenerService
11-16 14:06:42.316: D/GH.NotifListenCNameMgr(4363): No set listener, returning default: com.google.android.gearhead.notifications.SharedNotificationListenerManager$ListenerService
11-16 14:06:42.319: W/PhenotypeConfigurationU(11019): Update for unknown DeviceConfig package com.google.android.gms.icing.mdd [CONTEXT service_id=204 ]
11-16 14:06:42.319: W/PhenotypeConfigurationU(11019): akjf: No package exists for config package: com.google.android.gms.icing.mdd
11-16 14:06:42.319: W/PhenotypeConfigurationU(11019): 	at com.google.android.gms.platformconfigurator.PhenotypeConfigurationUpdateListener.a(:com.google.android.gms@213614028@21.36.14 (100400-395708125):7)
11-16 14:06:42.319: W/PhenotypeConfigurationU(11019): 	at com.google.android.gms.platformconfigurator.PhenotypeConfigurationUpdateListener.onHandleIntent(:com.google.android.gms@213614028@21.36.14 (100400-395708125):5)
11-16 14:06:42.319: W/PhenotypeConfigurationU(11019): 	at com.google.android.chimera.IntentOperation.onHandleIntent(:com.google.android.gms@213614028@21.36.14 (100400-395708125):2)
11-16 14:06:42.319: W/PhenotypeConfigurationU(11019): 	at pld.onHandleIntent(:com.google.android.gms@213614028@21.36.14 (100400-395708125):4)
11-16 14:06:42.319: W/PhenotypeConfigurationU(11019): 	at dpb.run(:com.google.android.gms@213614028@21.36.14 (100400-395708125):5)
11-16 14:06:42.319: W/PhenotypeConfigurationU(11019): 	at dpa.run(:com.google.android.gms@213614028@21.36.14 (100400-395708125):11)
11-16 14:06:42.319: W/PhenotypeConfigurationU(11019): 	at bfyg.run(:com.google.android.gms@213614028@21.36.14 (100400-395708125):2)
11-16 14:06:42.319: W/PhenotypeConfigurationU(11019): 	at java.util.concurrent.ThreadPoolExecutor.runWorker(ThreadPoolExecutor.java:1167)
11-16 14:06:42.319: W/PhenotypeConfigurationU(11019): 	at java.util.concurrent.ThreadPoolExecutor$Worker.run(ThreadPoolExecutor.java:641)
11-16 14:06:42.319: W/PhenotypeConfigurationU(11019): 	at java.lang.Thread.run(Thread.java:764)
11-16 14:06:42.335: D/CAR.CLIENT(4363): onICarAvailable
11-16 14:06:42.352: I/Icing(13608): Indexing done com.google.android.gms-apps
11-16 14:06:42.356: I/NetworkScheduler.Stats(11019): Task com.google.android.gms/com.google.android.gms.phenotype.service.sync.PhenotypeConfigurator finished executing. cause:9 result: 1 elapsed_millis: 1558 uptime_millis: 1558 exec_start_elapsed_seconds: 378 [CONTEXT service_id=218 ]
11-16 14:06:42.361: I/Icing(13608): Indexing com.google.android.gms-apps from com.google.android.gms
11-16 14:06:42.365: I/Icing(13608): Indexing done com.google.android.gms-apps
11-16 14:06:42.374: W/ComponentDiscovery(15833): Application info not found.
11-16 14:06:42.374: W/ComponentDiscovery(15833): Could not retrieve metadata, returning empty list of registrars.
11-16 14:06:42.378: D/BoundBrokerSvc(13608): onBind: Intent { act=com.google.android.mdd.service.START cmp=com.google.android.gms/.chimera.GmsBoundBrokerService }
11-16 14:06:42.378: D/BoundBrokerSvc(13608): Loading bound service for intent: Intent { act=com.google.android.mdd.service.START cmp=com.google.android.gms/.chimera.GmsBoundBrokerService }
11-16 14:06:42.384: I/system_server(1162): Explicit concurrent copying GC freed 39698(2MB) AllocSpace objects, 16(512KB) LOS objects, 42% free, 16MB/28MB, paused 159us total 100.587ms
11-16 14:06:42.403: D/AndroidRuntime(15963): >>>>>> START com.android.internal.os.RuntimeInit uid 2000 <<<<<<
11-16 14:06:42.405: D/CAR.CLIENT(4363): onICarAvailable
11-16 14:06:42.407: I/GH.CarApiClientManager(4363): connected
11-16 14:06:42.407: D/GH.CarApiClientManager(4363): calling onConnected on cqq@7787fcb
11-16 14:06:42.407: D/GH.FeedbackNotifManager(4363): Starting FeedbackNotificationManager.
11-16 14:06:42.414: I/GH.HatsManager(4363): HaTS feature flag is not enabled. Not starting HatsManager.
11-16 14:06:42.414: D/GH.RatingPromptManager(4363): Starting RatingPromptManager.
11-16 14:06:42.419: D/GH.AutoLaunchPromptMgr(4363): AutoLaunchPromptManager disabled.
11-16 14:06:42.419: D/GH.CarApiClientManager(4363): notifying listener that the client was already connected
11-16 14:06:42.419: D/GH.CarApiClientManager(4363): registered listener cqp@eafe1e7
11-16 14:06:42.419: D/GH.CarApiClientManager(4363): unregistered listener cqq@7787fcb
11-16 14:06:42.419: E/ExecutionCriteria(11019): Package unavailable for task: com.google.android.apps.gcs/com.google.android.flib.phenotype.services.PhenotypeExperimentCommitService{u=0 tag="PhenotypeExpCommitSvc" trigger=window{start=0s,end=30s,earliest=-278s,latest=-248s} requirements=[NET_ANY] attributes=[PERSISTED] scheduled=-278s last_run=N/A exec_window_multiplier=1.0000 jid=N/A status=PENDING retries=0 client_lib=MANCHEGO_GCM-11732000} [CONTEXT service_id=218 ]
11-16 14:06:42.426: I/ActivityManager(1162): Start proc 15973:com.google.android.apps.maps/u0a102 for broadcast com.google.android.apps.maps/com.google.android.apps.gmm.notification.channels.NotificationChannelBroadcastReceiver
11-16 14:06:42.430: D/BoundBrokerSvc(13608): onBind: Intent { act=com.google.android.gms.checkin.START pkg=com.google.android.gms }
11-16 14:06:42.430: D/BoundBrokerSvc(13608): Loading bound service for intent: Intent { act=com.google.android.gms.checkin.START pkg=com.google.android.gms }
11-16 14:06:42.432: E/droid.apps.map(15973): Not starting debugger since process cannot load the jdwp agent.
11-16 14:06:42.438: W/PhenotypeConfigurationU(11019): Update for unknown DeviceConfig package com.google.android.gms.car [CONTEXT service_id=204 ]
11-16 14:06:42.438: W/PhenotypeConfigurationU(11019): akjf: No package exists for config package: com.google.android.gms.car
11-16 14:06:42.438: W/PhenotypeConfigurationU(11019): 	at com.google.android.gms.platformconfigurator.PhenotypeConfigurationUpdateListener.a(:com.google.android.gms@213614028@21.36.14 (100400-395708125):7)
11-16 14:06:42.438: W/PhenotypeConfigurationU(11019): 	at com.google.android.gms.platformconfigurator.PhenotypeConfigurationUpdateListener.onHandleIntent(:com.google.android.gms@213614028@21.36.14 (100400-395708125):5)
11-16 14:06:42.438: W/PhenotypeConfigurationU(11019): 	at com.google.android.chimera.IntentOperation.onHandleIntent(:com.google.android.gms@213614028@21.36.14 (100400-395708125):2)
11-16 14:06:42.438: W/PhenotypeConfigurationU(11019): 	at pld.onHandleIntent(:com.google.android.gms@213614028@21.36.14 (100400-395708125):4)
11-16 14:06:42.438: W/PhenotypeConfigurationU(11019): 	at dpb.run(:com.google.android.gms@213614028@21.36.14 (100400-395708125):5)
11-16 14:06:42.438: W/PhenotypeConfigurationU(11019): 	at dpa.run(:com.google.android.gms@213614028@21.36.14 (100400-395708125):11)
11-16 14:06:42.438: W/PhenotypeConfigurationU(11019): 	at bfyg.run(:com.google.android.gms@213614028@21.36.14 (100400-395708125):2)
11-16 14:06:42.438: W/PhenotypeConfigurationU(11019): 	at java.util.concurrent.ThreadPoolExecutor.runWorker(ThreadPoolExecutor.java:1167)
11-16 14:06:42.438: W/PhenotypeConfigurationU(11019): 	at java.util.concurrent.ThreadPoolExecutor$Worker.run(ThreadPoolExecutor.java:641)
11-16 14:06:42.438: W/PhenotypeConfigurationU(11019): 	at java.lang.Thread.run(Thread.java:764)
11-16 14:06:42.453: I/droid.apps.map(15973): The ClassLoaderContext is a special shared library.
11-16 14:06:42.458: I/app_process(15963): The ClassLoaderContext is a special shared library.
11-16 14:06:42.470: V/SettingsProvider(1162): Notifying for 0: content://settings/system/gearhead:driving_mode_settings_enabled
11-16 14:06:42.472: E/akgg(11019): Phenotype API error. Event # btlq@70a39a5b, EventCode: 32 [CONTEXT service_id=51 ]
11-16 14:06:42.472: E/akgg(11019): akfs: 29503
11-16 14:06:42.472: E/akgg(11019): 	at akhi.e(:com.google.android.gms@213614028@21.36.14 (100400-395708125):19)
11-16 14:06:42.472: E/akgg(11019): 	at akgg.d(:com.google.android.gms@213614028@21.36.14 (100400-395708125):4)
11-16 14:06:42.472: E/akgg(11019): 	at akgg.f(:com.google.android.gms@213614028@21.36.14 (100400-395708125):2)
11-16 14:06:42.472: E/akgg(11019): 	at xna.run(:com.google.android.gms@213614028@21.36.14 (100400-395708125):17)
11-16 14:06:42.472: E/akgg(11019): 	at bfyg.run(:com.google.android.gms@213614028@21.36.14 (100400-395708125):2)
11-16 14:06:42.472: E/akgg(11019): 	at rgh.c(:com.google.android.gms@213614028@21.36.14 (100400-395708125):6)
11-16 14:06:42.472: E/akgg(11019): 	at rgh.run(:com.google.android.gms@213614028@21.36.14 (100400-395708125):7)
11-16 14:06:42.472: E/akgg(11019): 	at java.util.concurrent.ThreadPoolExecutor.runWorker(ThreadPoolExecutor.java:1167)
11-16 14:06:42.472: E/akgg(11019): 	at java.util.concurrent.ThreadPoolExecutor$Worker.run(ThreadPoolExecutor.java:641)
11-16 14:06:42.472: E/akgg(11019): 	at rkn.run(:com.google.android.gms@213614028@21.36.14 (100400-395708125):0)
11-16 14:06:42.472: E/akgg(11019): 	at java.lang.Thread.run(Thread.java:764)
11-16 14:06:42.472: E/AsyncOperation(11019): operation=SetAppSpecificPropertiesOperationCall, opStatusCode=29503 [CONTEXT service_id=51 ]
11-16 14:06:42.472: E/AsyncOperation(11019): OperationException[Status{statusCode=unknown status code: 29503, resolution=null}]
11-16 14:06:42.472: E/AsyncOperation(11019): 	at akgg.d(:com.google.android.gms@213614028@21.36.14 (100400-395708125):6)
11-16 14:06:42.472: E/AsyncOperation(11019): 	at akgg.f(:com.google.android.gms@213614028@21.36.14 (100400-395708125):2)
11-16 14:06:42.472: E/AsyncOperation(11019): 	at xna.run(:com.google.android.gms@213614028@21.36.14 (100400-395708125):17)
11-16 14:06:42.472: E/AsyncOperation(11019): 	at bfyg.run(:com.google.android.gms@213614028@21.36.14 (100400-395708125):2)
11-16 14:06:42.472: E/AsyncOperation(11019): 	at rgh.c(:com.google.android.gms@213614028@21.36.14 (100400-395708125):6)
11-16 14:06:42.472: E/AsyncOperation(11019): 	at rgh.run(:com.google.android.gms@213614028@21.36.14 (100400-395708125):7)
11-16 14:06:42.472: E/AsyncOperation(11019): 	at java.util.concurrent.ThreadPoolExecutor.runWorker(ThreadPoolExecutor.java:1167)
11-16 14:06:42.472: E/AsyncOperation(11019): 	at java.util.concurrent.ThreadPoolExecutor$Worker.run(ThreadPoolExecutor.java:641)
11-16 14:06:42.472: E/AsyncOperation(11019): 	at rkn.run(:com.google.android.gms@213614028@21.36.14 (100400-395708125):0)
11-16 14:06:42.472: E/AsyncOperation(11019): 	at java.lang.Thread.run(Thread.java:764)
11-16 14:06:42.480: D/AndroidRuntime(15963): Calling main entry com.android.commands.am.Am
11-16 14:06:42.487: I/ActivityManager(1162): Force stopping com.google.android.apps.mtaas.tools appid=10156 user=0: start instr
11-16 14:06:42.499: I/ActivityManager(1162): Start proc 15995:com.google.android.apps.mtaas.tools/u0a156 for added application com.google.android.apps.mtaas.tools
11-16 14:06:42.506: E/pps.mtaas.tool(15995): Not starting debugger since process cannot load the jdwp agent.
11-16 14:06:42.512: I/Finsky(13239): [2] alsm.a(4): Exiting following cache clear.
11-16 14:06:42.513: I/Finsky(13239): [2] gik.run(63): Exit with reason: 375, called from : java.lang.Throwable
11-16 14:06:42.513: I/Finsky(13239): 	at gik.run(Unknown Source:9)
11-16 14:06:42.513: I/Finsky(13239): 	at android.os.Handler.handleCallback(Handler.java:873)
11-16 14:06:42.513: I/Finsky(13239): 	at android.os.Handler.dispatchMessage(Handler.java:99)
11-16 14:06:42.513: I/Finsky(13239): 	at android.os.Looper.loop(Looper.java:193)
11-16 14:06:42.513: I/Finsky(13239): 	at android.app.ActivityThread.main(ActivityThread.java:6718)
11-16 14:06:42.513: I/Finsky(13239): 	at java.lang.reflect.Method.invoke(Native Method)
11-16 14:06:42.513: I/Finsky(13239): 	at com.android.internal.os.RuntimeInit$MethodAndArgsCaller.run(RuntimeInit.java:493)
11-16 14:06:42.513: I/Finsky(13239): 	at com.android.internal.os.ZygoteInit.main(ZygoteInit.java:858)
11-16 14:06:42.515: I/android.vendin(13239): System.exit called, status: 0
11-16 14:06:42.515: I/AndroidRuntime(13239): VM exiting with result code 0, cleanup skipped.
11-16 14:06:42.526: I/pps.mtaas.tool(15995): The ClassLoaderContext is a special shared library.
11-16 14:06:42.541: I/.gms.persisten(11019): Waiting for a blocking GC ProfileSaver
11-16 14:06:42.547: I/ActivityManager(1162): Process com.android.vending (pid 13239) has died: cch  CEM 
11-16 14:06:42.548: W/libprocessgroup(1162): kill(-13239, 9) failed: No such process
11-16 14:06:42.550: I/Zygote(734): Process 13239 exited cleanly (0)
11-16 14:06:42.554: D/DumpStaticPerfEnv(15995): Instrumentation completed successfully
11-16 14:06:42.555: I/.gms.persisten(11019): Background concurrent copying GC freed 178265(10MB) AllocSpace objects, 34(1068KB) LOS objects, 50% free, 12MB/25MB, paused 702us total 116.683ms
11-16 14:06:42.555: I/.gms.persisten(11019): WaitForGcToComplete blocked ProfileSaver on HeapTrim for 13.582ms
11-16 14:06:42.555: I/ActivityManager(1162): Force stopping com.google.android.apps.mtaas.tools appid=10156 user=0: finished inst
11-16 14:06:42.555: I/ActivityManager(1162): Killing 15995:com.google.android.apps.mtaas.tools/u0a156 (adj 0): stop com.google.android.apps.mtaas.tools
11-16 14:06:42.559: W/Binder(1162): Outgoing transactions from this process must be FLAG_ONEWAY
11-16 14:06:42.559: W/Binder(1162): java.lang.Throwable
11-16 14:06:42.559: W/Binder(1162): 	at android.os.BinderProxy.transact(Binder.java:1116)
11-16 14:06:42.559: W/Binder(1162): 	at android.app.IInstrumentationWatcher$Stub$Proxy.instrumentationFinished(IInstrumentationWatcher.java:164)
11-16 14:06:42.559: W/Binder(1162): 	at com.android.server.am.InstrumentationReporter$MyThread.run(InstrumentationReporter.java:86)
11-16 14:06:42.561: D/AndroidRuntime(15963): Shutting down VM
11-16 14:06:42.565: I/Zygote(733): Process 15995 exited due to signal (9)
11-16 14:06:42.569: W/libprocessgroup(1162): kill(-13239, 9) failed: No such process
11-16 14:06:42.569: I/libprocessgroup(1162): Successfully killed process cgroup uid 10014 pid 13239 in 21ms
11-16 14:06:42.569: W/libprocessgroup(1162): kill(-15995, 9) failed: No such process
11-16 14:06:42.569: I/libprocessgroup(1162): Successfully killed process cgroup uid 10156 pid 15995 in 0ms
11-16 14:06:43.299: W/System(15576): A resource failed to call close. 
11-16 14:06:43.670: W/droid.apps.map(15973): JIT profile information will not be recorded: profile file does not exits.
11-16 14:06:44.072: W/DefaultPool4(15973): type=1400 audit(0.0:188): avc: denied { read } for name="u:object_r:vendor_default_prop:s0" dev="tmpfs" ino=23848 scontext=u:r:untrusted_app:s0:c102,c256,c512,c768 tcontext=u:object_r:vendor_default_prop:s0 tclass=file permissive=0
11-16 14:06:44.074: E/libc(15973): Access denied finding property "vendor.debug.egl.profiler"
11-16 14:06:44.076: I/Adreno(15973): QUALCOMM build                   : 3f88ca2, I42f6fe38fb
11-16 14:06:44.076: I/Adreno(15973): Build Date                       : 07/13/18
11-16 14:06:44.076: I/Adreno(15973): OpenGL ES Shader Compiler Version: EV031.24.00.00
11-16 14:06:44.076: I/Adreno(15973): Local Branch                     : 50.04
11-16 14:06:44.076: I/Adreno(15973): Remote Branch                    : 
11-16 14:06:44.076: I/Adreno(15973): Remote Branch                    : 
11-16 14:06:44.076: I/Adreno(15973): Reconstruct Branch               : 
11-16 14:06:44.076: I/Adreno(15973): Build Config                     : S P 4.0.10 AArch64
11-16 14:06:44.078: W/DefaultPool4(15973): type=1400 audit(0.0:189): avc: denied { read } for name="u:object_r:vendor_default_prop:s0" dev="tmpfs" ino=23848 scontext=u:r:untrusted_app:s0:c102,c256,c512,c768 tcontext=u:object_r:vendor_default_prop:s0 tclass=file permissive=0
11-16 14:06:44.081: E/libc(15973): Access denied finding property "ro.vendor.graphics.memory"
11-16 14:06:44.084: I/Adreno(15973): PFP: 0x016ee170, ME: 0x00000000
11-16 14:06:44.092: I/ConfigStore(15973): android::hardware::configstore::V1_0::ISurfaceFlingerConfigs::hasWideColorDisplay retrieved: 1
11-16 14:06:44.092: I/ConfigStore(15973): android::hardware::configstore::V1_0::ISurfaceFlingerConfigs::hasHDRDisplay retrieved: 1
11-16 14:06:44.136: D/BoundBrokerSvc(11019): onBind: Intent { act=com.google.android.gms.clearcut.bootcount.service.START pkg=com.google.android.gms }
11-16 14:06:44.136: D/BoundBrokerSvc(11019): Loading bound service for intent: Intent { act=com.google.android.gms.clearcut.bootcount.service.START pkg=com.google.android.gms }
11-16 14:06:44.163: I/ActivityManager(1162): Start proc 16033:com.google.android.apps.photos/u0a104 for broadcast com.google.android.apps.photos/.localization.LocaleChangedReceiver
11-16 14:06:44.164: E/oid.apps.photo(16033): Not starting debugger since process cannot load the jdwp agent.
11-16 14:06:44.187: I/oid.apps.photo(16033): The ClassLoaderContext is a special shared library.
11-16 14:06:44.350: D/ConnectivityService(1162): Returning BLOCKED NetworkInfo to uid=10102
11-16 14:06:44.373: V/BackupManagerConstants(1162): getFullBackupRequiredNetworkType(...) returns 2
11-16 14:06:44.373: V/BackupManagerConstants(1162): getFullBackupRequireCharging(...) returns true
11-16 14:06:44.566: V/BackupManagerConstants(1162): getFullBackupRequiredNetworkType(...) returns 2
11-16 14:06:44.567: V/BackupManagerConstants(1162): getFullBackupRequireCharging(...) returns true
11-16 14:06:44.828: D/fpc_hidl(16061): fpc fingerprint hwbinder service starting
11-16 14:06:44.828: D/QSEECOMAPI(16061): QSEECom_get_handle sb_length = 0x80
11-16 14:06:44.828: D/QSEECOMAPI(16061): App is not loaded in QSEE
11-16 14:06:44.828: D/QSEECOMAPI(16061): app_arch = 2, total_files = 9
11-16 14:06:44.849: W/oid.apps.photo(16033): JIT profile information will not be recorded: profile file does not exits.
11-16 14:06:44.849: W/oid.apps.photo(16033): JIT profile information will not be recorded: profile file does not exits.
11-16 14:06:44.884: D/QSEECOMAPI(16061): Loaded image: APP id = 79
11-16 14:06:44.888: W/EventHub(1162): Unable to disable kernel key repeat for /dev/input/event3: Function not implemented
11-16 14:06:44.888: I/EventHub(1162): wakeMechanism=EPOLLWAKEUP, usingClockIoctl=true
11-16 14:06:44.888: I/EventHub(1162): New device: id=79, fd=166, path='/dev/input/event3', name='uinput-fpc', classes=0x101, configuration='/system/usr/idc/uinput-fpc.idc', keyLayout='/system/usr/keylayout/uinput-fpc.kl', keyCharacterMap='/system/usr/keychars/Generic.kcm', builtinKeyboard=true, 
11-16 14:06:44.888: W/InputReader(1162): Ignoring spurious device added event for deviceId 0.
11-16 14:06:44.888: E/fpc_tac(16061): fpcbuildinfo : 575ddab5b91efea67ee1d200fc813ff2fpc_bio=bd35c3fec78219829149bea6c9ec961e6f655b90C:prodtestlib=4304cf5c884c198624b749af3482befacbd3028eC:fpc_c_core=dc194509594e837dedfb5452aaf06fcb61977135C:fpc_lib=cd5b7b876c3d69afa68a11ac6fd86f873e70817bC:cac=297e11552c60a3607ed664cf44c3e4b36ab2e737C:fpc_bio_interface=94a457caecae31eca8ef04b64c3f82a018e9bbc0C:fpc_sensor=ba909a5500944acafe47a0ef3a49f89509aadfb6C:tools_core=94ddf1e684cfa6c99f0f237f7cc35f3962e0e597C:sensor_settings=4fcf864fb493ae0272a9b2806446b379d99fd8ceC:fingerprint_ta=066bc0ab880960a4a69b74a328c7d7871c72225bC:fingerprint_pal=0deb9a478a3572872639f9cb2559ccc464ee3f9bC:manifests=dcb3d8ab0bdb7a5b341839d8c75bb88fc7f5e1a4C:Manifesttag=SW23.3.0-PDR1.0.5:jenkins@84ffd74dac44:Thu,17May201810:17:08+0200:FPC_SENSOR_TYPE=FPC_SENSOR_TYPE_FPC1270:FPC_CC_TYPE=FPC_COMPANION_CHIP_FPC2050:FPC_C_TYPE=FPC_COATING_NORMAL
11-16 14:06:44.888: E/fpc_tac(16061): fpcbuildtype : build=RELEASE sensor=9
11-16 14:06:45.049: D/BoundBrokerSvc(13608): onBind: Intent { act=com.google.android.gms.measurement.START pkg=com.google.android.gms }
11-16 14:06:45.049: D/BoundBrokerSvc(13608): Loading bound service for intent: Intent { act=com.google.android.gms.measurement.START pkg=com.google.android.gms }
11-16 14:06:45.063: I/ActivityManager(1162): Killing 15461:com.android.connectivity.metrics/u0a57 (adj 906): empty #17
11-16 14:06:45.063: W/libprocessgroup(1162): kill(-15461, 9) failed: No such process
11-16 14:06:45.073: E/droid.apps.tip(16087): Not starting debugger since process cannot load the jdwp agent.
11-16 14:06:45.074: I/ActivityManager(1162): Start proc 16087:com.google.android.apps.tips/u0a52 for broadcast com.google.android.apps.tips/.onboarding.LocaleChangedReceiver
11-16 14:06:45.078: W/libprocessgroup(1162): kill(-15461, 9) failed: No such process
11-16 14:06:45.089: I/Zygote(733): Process 15461 exited due to signal (9)
11-16 14:06:45.092: W/libprocessgroup(1162): kill(-15461, 9) failed: No such process
11-16 14:06:45.092: I/libprocessgroup(1162): Successfully killed process cgroup uid 10057 pid 15461 in 28ms
11-16 14:06:45.120: W/DynamiteModule(15833): Local module descriptor class for providerinstaller not found.
11-16 14:06:45.129: W/ProviderHelper(11019): Unknown dynamite feature providerinstaller
11-16 14:06:45.137: E/.apps.wellbein(16107): Not starting debugger since process cannot load the jdwp agent.
11-16 14:06:45.139: I/ActivityManager(1162): Start proc 16107:com.google.android.apps.wellbeing/u0a26 for broadcast com.google.android.apps.wellbeing/.api.launcher.impl.LauncherActionsChangedBroadcastReceiver_Receiver
11-16 14:06:45.151: I/PublicSearchService(10132): Calling beginSession().
11-16 14:06:45.151: W/PublicSearchService(10132): Invalid client config. Failed to begin session.
11-16 14:06:45.151: I/.apps.wellbein(16107): The ClassLoaderContext is a special shared library.
11-16 14:06:45.152: E/tips-smartspace-binder(16087): PSS session is null
11-16 14:06:45.162: I/ActivityManager(1162): Killing 15481:com.google.android.apps.multidevice.client/u0a72 (adj 906): empty #17
11-16 14:06:45.162: W/libprocessgroup(1162): kill(-15481, 9) failed: No such process
11-16 14:06:45.181: I/Zygote(733): Process 15481 exited due to signal (9)
11-16 14:06:45.181: W/ProviderInstaller(15833): Failed to load providerinstaller module: No acceptable module found. Local version is 0 and remote version is 0.
11-16 14:06:45.191: W/droid.apps.doc(15833): Unknown chunk type '200'.
11-16 14:06:45.207: W/libprocessgroup(1162): kill(-15481, 9) failed: No such process
11-16 14:06:45.207: I/libprocessgroup(1162): Successfully killed process cgroup uid 10072 pid 15481 in 44ms
11-16 14:06:45.225: I/droid.apps.doc(15833): The ClassLoaderContext is a special shared library.
11-16 14:06:45.226: I/chatty(15833): uid=10128(com.google.android.apps.docs) TaskSchedulerLo identical 1 line
11-16 14:06:45.231: I/droid.apps.doc(15833): The ClassLoaderContext is a special shared library.
11-16 14:06:45.254: V/NativeCrypto(15833): Registering com/google/android/gms/org/conscrypt/NativeCrypto's 294 native methods...
11-16 14:06:45.291: I/MultiDex(16107): VM with version 2.1.0 has multidex support
11-16 14:06:45.291: I/MultiDex(16107): install
11-16 14:06:45.291: I/MultiDex(16107): VM has multidex support, MultiDex support library is disabled.
11-16 14:06:45.353: D/NetworkSecurityConfig(15833): Using Network Security Config from resource network_security_config debugBuild: false
11-16 14:06:45.356: I/ProviderInstaller(15833): Installed default security provider GmsCore_OpenSSL
11-16 14:06:45.418: I/hiy(16107): SslGuard completed installation.
11-16 14:06:45.424: I/EventLogSendingHelper(10132): Sending log events.
11-16 14:06:45.468: W/PrimesInit(16107): Primes instant initialization
11-16 14:06:45.469: W/Primes(16107): background initialization
11-16 14:06:45.484: E/akgg(11019): Phenotype API error. Event # btlq@f5ffd776, EventCode: 5 [CONTEXT service_id=51 ]
11-16 14:06:45.484: E/akgg(11019): akfs: 29501: Stale snapshot (change count changed - expected 3  but was 2)
11-16 14:06:45.484: E/akgg(11019): 	at akgi.b(:com.google.android.gms@213614028@21.36.14 (100400-395708125):14)
11-16 14:06:45.484: E/akgg(11019): 	at akgh.e(:com.google.android.gms@213614028@21.36.14 (100400-395708125):0)
11-16 14:06:45.484: E/akgg(11019): 	at akgg.d(:com.google.android.gms@213614028@21.36.14 (100400-395708125):4)
11-16 14:06:45.484: E/akgg(11019): 	at akgg.f(:com.google.android.gms@213614028@21.36.14 (100400-395708125):2)
11-16 14:06:45.484: E/akgg(11019): 	at xna.run(:com.google.android.gms@213614028@21.36.14 (100400-395708125):17)
11-16 14:06:45.484: E/akgg(11019): 	at bfyg.run(:com.google.android.gms@213614028@21.36.14 (100400-395708125):2)
11-16 14:06:45.484: E/akgg(11019): 	at rgh.c(:com.google.android.gms@213614028@21.36.14 (100400-395708125):6)
11-16 14:06:45.484: E/akgg(11019): 	at rgh.run(:com.google.android.gms@213614028@21.36.14 (100400-395708125):7)
11-16 14:06:45.484: E/akgg(11019): 	at java.util.concurrent.ThreadPoolExecutor.runWorker(ThreadPoolExecutor.java:1167)
11-16 14:06:45.484: E/akgg(11019): 	at java.util.concurrent.ThreadPoolExecutor$Worker.run(ThreadPoolExecutor.java:641)
11-16 14:06:45.484: E/akgg(11019): 	at rkn.run(:com.google.android.gms@213614028@21.36.14 (100400-395708125):0)
11-16 14:06:45.484: E/akgg(11019): 	at java.lang.Thread.run(Thread.java:764)
11-16 14:06:45.485: E/AsyncOperation(11019): operation=CommitToConfigurationOperationCall, opStatusCode=29501 [CONTEXT service_id=51 ]
11-16 14:06:45.485: E/AsyncOperation(11019): OperationException[Status{statusCode=Stale snapshot (change count changed - expected 3  but was 2), resolution=null}]
11-16 14:06:45.485: E/AsyncOperation(11019): 	at akgg.d(:com.google.android.gms@213614028@21.36.14 (100400-395708125):6)
11-16 14:06:45.485: E/AsyncOperation(11019): 	at akgg.f(:com.google.android.gms@213614028@21.36.14 (100400-395708125):2)
11-16 14:06:45.485: E/AsyncOperation(11019): 	at xna.run(:com.google.android.gms@213614028@21.36.14 (100400-395708125):17)
11-16 14:06:45.485: E/AsyncOperation(11019): 	at bfyg.run(:com.google.android.gms@213614028@21.36.14 (100400-395708125):2)
11-16 14:06:45.485: E/AsyncOperation(11019): 	at rgh.c(:com.google.android.gms@213614028@21.36.14 (100400-395708125):6)
11-16 14:06:45.485: E/AsyncOperation(11019): 	at rgh.run(:com.google.android.gms@213614028@21.36.14 (100400-395708125):7)
11-16 14:06:45.485: E/AsyncOperation(11019): 	at java.util.concurrent.ThreadPoolExecutor.runWorker(ThreadPoolExecutor.java:1167)
11-16 14:06:45.485: E/AsyncOperation(11019): 	at java.util.concurrent.ThreadPoolExecutor$Worker.run(ThreadPoolExecutor.java:641)
11-16 14:06:45.485: E/AsyncOperation(11019): 	at rkn.run(:com.google.android.gms@213614028@21.36.14 (100400-395708125):0)
11-16 14:06:45.485: E/AsyncOperation(11019): 	at java.lang.Thread.run(Thread.java:764)
11-16 14:06:45.486: E/MendelPackageState(16107): Failed to commit to config
11-16 14:06:45.486: E/MendelPackageState(16107): fct: 29501: Stale snapshot (change count changed - expected 3  but was 2)
11-16 14:06:45.486: E/MendelPackageState(16107): 	at fhj.a(PG:4)
11-16 14:06:45.486: E/MendelPackageState(16107): 	at fhj.a(PG:1)
11-16 14:06:45.486: E/MendelPackageState(16107): 	at fss.e(PG:6)
11-16 14:06:45.486: E/MendelPackageState(16107): 	at fsx.a(PG:34)
11-16 14:06:45.486: E/MendelPackageState(16107): 	at bdt.onTransact(PG:4)
11-16 14:06:45.486: E/MendelPackageState(16107): 	at android.os.Binder.execTransact(Binder.java:731)
11-16 14:06:45.499: I/PrimesTesting(16107): GserviceFlagsSupplier.get()
11-16 14:06:45.536: I/EventLogSendingHelper(10132): Sending log events.
11-16 14:06:45.724: D/QSEECOMAPI(16061): QSEECom_get_handle sb_length = 0x400
11-16 14:06:45.724: D/QSEECOMAPI(16061): App is already loaded QSEE and app id = 1
11-16 14:06:45.726: E/fpc_tac(16061): qsee_km_get_encapsulated_key KEYMASTER_GET_AUTH_TOKEN_KEY returned status=-24
11-16 14:06:45.726: D/QSEECOMAPI(16061): QSEECom_dealloc_memory 
11-16 14:06:45.726: D/QSEECOMAPI(16061): QSEECom_shutdown_app, app_id = 1
11-16 14:06:45.726: E/fpc_fingerprint_hal(16061): fpc_hal_open failed
11-16 14:06:45.729: I/EventHub(1162): Removing device '/dev/input/event3' due to inotify event
11-16 14:06:45.729: I/EventHub(1162): Removed device: path=/dev/input/event3 name=uinput-fpc id=79 fd=166 classes=0x101
11-16 14:06:45.729: W/EventHub(1162): built-in keyboard device /dev/input/event3 (id=79) is closing! the apps will not like this
11-16 14:06:45.729: W/InputReader(1162): Ignoring spurious device removed event for deviceId 79.
11-16 14:06:45.748: D/QSEECOMAPI(16061): QSEECom_dealloc_memory 
11-16 14:06:45.748: D/QSEECOMAPI(16061): QSEECom_shutdown_app, app_id = 79
11-16 14:06:45.801: I/ActivityManager(1162): Killing 15503:com.google.android.euicc/u0a67 (adj 906): empty #17
11-16 14:06:45.801: W/libprocessgroup(1162): kill(-15503, 9) failed: No such process
11-16 14:06:45.811: E/s:nonpersisten(16147): Not starting debugger since process cannot load the jdwp agent.
11-16 14:06:45.812: I/ActivityManager(1162): Start proc 16147:com.google.android.as:nonpersistent/u0a43 for broadcast com.google.android.as/com.google.android.apps.miphone.aiai.allapps.broadcastreceiver.SystemBroadcastReceiver
11-16 14:06:45.817: W/libprocessgroup(1162): kill(-15503, 9) failed: No such process
11-16 14:06:45.818: I/t_app_installe(15805): Waiting for a blocking GC ProfileSaver
11-16 14:06:45.832: I/Zygote(733): Process 15503 exited due to signal (9)
11-16 14:06:45.839: W/libprocessgroup(1162): kill(-15503, 9) failed: No such process
11-16 14:06:45.839: I/libprocessgroup(1162): Successfully killed process cgroup uid 10067 pid 15503 in 38ms
11-16 14:06:45.841: I/t_app_installe(15805): WaitForGcToComplete blocked ProfileSaver on AddRemoveAppImageSpace for 22.517ms
11-16 14:06:45.864: I/cr_CronetLibraryLoader(16147): Cronet version: 68.0.3430.2, arch: armv8l
11-16 14:06:45.875: I/AiAi(16147): AiAi onCreate, isDebug: false
11-16 14:06:45.882: I/AiAiMatchmaker(16147): Install SilentFeedback Handler: true
11-16 14:06:45.888: I/ActivityManager(1162): Killing 10202:com.google.android.apps.messaging:rcs/u0a111 (adj 1001): empty #17
11-16 14:06:45.888: W/libprocessgroup(1162): kill(-10202, 9) failed: No such process
11-16 14:06:45.900: I/ActivityManager(1162): Start proc 16178:com.google.android.calendar/u0a124 for broadcast com.google.android.calendar/com.android.calendar.widget.CalendarAppWidgetProvider
11-16 14:06:45.900: E/ndroid.calenda(16178): Not starting debugger since process cannot load the jdwp agent.
11-16 14:06:45.917: I/Zygote(733): Process 10202 exited due to signal (9)
11-16 14:06:45.919: W/ActivityManager(1162): Scheduling restart of crashed service com.google.android.apps.messaging/com.google.android.ims.service.JibeService in 1000ms
11-16 14:06:45.919: D/ConnectivityService(1162): ConnectivityService NetworkRequestInfo binderDied(NetworkRequest [ TRACK_DEFAULT id=27, [ Capabilities: INTERNET&NOT_RESTRICTED&TRUSTED Unwanted:  Uid: 10111] ], android.os.BinderProxy@20d5d67)
11-16 14:06:45.919: D/ConnectivityService(1162): releasing NetworkRequest [ TRACK_DEFAULT id=27, [ Capabilities: INTERNET&NOT_RESTRICTED&TRUSTED Unwanted:  Uid: 10111] ] (release request)
11-16 14:06:45.919: I/ndroid.calenda(16178): The ClassLoaderContext is a special shared library.
11-16 14:06:45.934: W/libprocessgroup(1162): kill(-10202, 9) failed: No such process
11-16 14:06:45.934: I/libprocessgroup(1162): Successfully killed process cgroup uid 10111 pid 10202 in 46ms
11-16 14:06:46.172: W/.apps.wellbein(16107): Unknown chunk type '200'.
11-16 14:06:46.627: I/ActivityManager(1162): Start proc 16200:com.android.providers.calendar/u0a44 for content provider com.android.providers.calendar/.CalendarProvider2
11-16 14:06:46.640: E/viders.calenda(16200): Not starting debugger since process cannot load the jdwp agent.
11-16 14:06:46.657: W/Primes(16178): Primes not initialized, returning default (no-op) Primes instance which will ignore all calls. Please call Primes.initialize(...) before using any Primes API.
11-16 14:06:46.720: I/CalendarProvider2(16200): Created com.android.providers.calendar.CalendarAlarmManager@be5b20f(com.android.providers.calendar.CalendarProvider2@3a7929c)
11-16 14:06:46.786: I/ActivityManager(1162): Start proc 16231:com.google.android.contacts/u0a90 for broadcast com.google.android.contacts/com.google.android.apps.contacts.receiver.LocaleChangeReceiver
11-16 14:06:46.788: E/ndroid.contact(16231): Not starting debugger since process cannot load the jdwp agent.
11-16 14:06:46.819: I/ndroid.contact(16231): The ClassLoaderContext is a special shared library.
11-16 14:06:46.867: W/GrowthKit(16178): Failed to get phenotypeManager in PhenotypeBroadcastReceiver
11-16 14:06:46.867: W/GrowthKit(16178): java.lang.NullPointerException: Unable to get GrowthKit Component from host app.
11-16 14:06:46.867: W/GrowthKit(16178): 	at com.google.android.libraries.internal.growth.growthkit.inject.GrowthKit.get(GrowthKit.java:43)
11-16 14:06:46.867: W/GrowthKit(16178): 	at com.google.android.libraries.internal.growth.growthkit.internal.experiments.impl.PhenotypeBroadcastReceiver.onReceive(PhenotypeBroadcastReceiver.java:25)
11-16 14:06:46.867: W/GrowthKit(16178): 	at android.app.ActivityThread.handleReceiver(ActivityThread.java:3417)
11-16 14:06:46.867: W/GrowthKit(16178): 	at android.app.ActivityThread.access$1200(ActivityThread.java:200)
11-16 14:06:46.867: W/GrowthKit(16178): 	at android.app.ActivityThread$H.handleMessage(ActivityThread.java:1667)
11-16 14:06:46.867: W/GrowthKit(16178): 	at android.os.Handler.dispatchMessage(Handler.java:106)
11-16 14:06:46.867: W/GrowthKit(16178): 	at android.os.Looper.loop(Looper.java:193)
11-16 14:06:46.867: W/GrowthKit(16178): 	at android.app.ActivityThread.main(ActivityThread.java:6718)
11-16 14:06:46.867: W/GrowthKit(16178): 	at java.lang.reflect.Method.invoke(Native Method)
11-16 14:06:46.867: W/GrowthKit(16178): 	at com.android.internal.os.RuntimeInit$MethodAndArgsCaller.run(RuntimeInit.java:493)
11-16 14:06:46.867: W/GrowthKit(16178): 	at com.android.internal.os.ZygoteInit.main(ZygoteInit.java:858)
11-16 14:06:46.868: I/ActivityManager(1162): Killing 10089:com.google.android.ims/u0a25 (adj 906): empty #17
11-16 14:06:46.869: W/libprocessgroup(1162): kill(-10089, 9) failed: No such process
11-16 14:06:46.872: I/a.x.s.s.a.AndroidDataba(16178): Obtained writable database SQLiteDatabase/8699042 instance with path /data/user/0/com.google.android.calendar/databases/cal_v2a
11-16 14:06:46.876: W/libprocessgroup(1162): kill(-10089, 9) failed: No such process
11-16 14:06:46.883: I/a.x.s.s.MigrationRunner(16178): The schema version is 13, the database version is 13, and there are 0 migrations
11-16 14:06:46.894: I/Zygote(733): Process 10089 exited due to signal (9)
11-16 14:06:46.894: D/ConnectivityService(1162): ConnectivityService NetworkRequestInfo binderDied(NetworkRequest [ TRACK_DEFAULT id=25, [ Capabilities: INTERNET&NOT_RESTRICTED&TRUSTED Unwanted:  Uid: 10025] ], android.os.BinderProxy@3af7c9d)
11-16 14:06:46.894: D/ConnectivityService(1162): releasing NetworkRequest [ TRACK_DEFAULT id=25, [ Capabilities: INTERNET&NOT_RESTRICTED&TRUSTED Unwanted:  Uid: 10025] ] (release request)
11-16 14:06:46.920: W/libprocessgroup(1162): kill(-10089, 9) failed: No such process
11-16 14:06:46.920: I/libprocessgroup(1162): Successfully killed process cgroup uid 10025 pid 10089 in 50ms
11-16 14:06:47.052: I/ActivityManager(1162): Start proc 16268:com.google.android.configupdater/u0a29 for service com.google.android.configupdater/.MainJobService
11-16 14:06:47.054: W/PrimesInit(16231): Primes instant initialization
11-16 14:06:47.057: W/Primes(16231): background initialization
11-16 14:06:47.058: E/d.configupdate(16268): Not starting debugger since process cannot load the jdwp agent.
11-16 14:06:47.063: I/ActivityManager(1162): Killing 15536:com.google.android.partnersetup/u0a49 (adj 906): empty #17
11-16 14:06:47.063: W/libprocessgroup(1162): kill(-15536, 9) failed: No such process
11-16 14:06:47.083: I/ActivityManager(1162): Start proc 16284:com.google.android.deskclock/u0a119 for broadcast com.google.android.deskclock/com.android.deskclock.AlarmInitReceiver
11-16 14:06:47.087: I/Zygote(733): Process 15536 exited due to signal (9)
11-16 14:06:47.090: I/d.configupdate(16268): The ClassLoaderContext is a special shared library.
11-16 14:06:47.092: E/droid.deskcloc(16284): Not starting debugger since process cannot load the jdwp agent.
11-16 14:06:47.101: D/ActivityManager(1162): Raise procstate to external provider: ProcessRecord{f745cb4 14853:android.process.acore/u0a42}
11-16 14:06:47.106: W/libprocessgroup(1162): kill(-15536, 9) failed: No such process
11-16 14:06:47.107: I/libprocessgroup(1162): Successfully killed process cgroup uid 10049 pid 15536 in 43ms
11-16 14:06:47.109: I/droid.deskcloc(16284): The ClassLoaderContext is a special shared library.
11-16 14:06:47.138: I/PrimesTesting(16231): GserviceFlagsSupplier.get()
11-16 14:06:47.161: E/Backup(13608): [BackupTransportMigratorChimeraService] Could not migrate transport!
11-16 14:06:47.162: I/Backup(13608): [BackupTransportMigratorChimeraService] Starting migration...
