11-16 14:06:34.792: W/sh(15330): type=1400 audit(0.0:183): avc: denied { read } for name="cache" dev="dm-0" ino=48 scontext=u:r:shell:s0 tcontext=u:object_r:cache_file:s0 tclass=lnk_file permissive=0
11-16 14:06:34.841: D/fpc_hidl(15332): fpc fingerprint hwbinder service starting
11-16 14:06:34.841: D/QSEECOMAPI(15332): QSEECom_get_handle sb_length = 0x80
11-16 14:06:34.841: D/QSEECOMAPI(15332): App is not loaded in QSEE
11-16 14:06:34.841: D/QSEECOMAPI(15332): app_arch = 2, total_files = 9
11-16 14:06:34.940: D/QSEECOMAPI(15332): Loaded image: APP id = 77
11-16 14:06:34.946: E/fpc_tac(15332): fpcbuildinfo : 575ddab5b91efea67ee1d200fc813ff2fpc_bio=bd35c3fec78219829149bea6c9ec961e6f655b90C:prodtestlib=4304cf5c884c198624b749af3482befacbd3028eC:fpc_c_core=dc194509594e837dedfb5452aaf06fcb61977135C:fpc_lib=cd5b7b876c3d69afa68a11ac6fd86f873e70817bC:cac=297e11552c60a3607ed664cf44c3e4b36ab2e737C:fpc_bio_interface=94a457caecae31eca8ef04b64c3f82a018e9bbc0C:fpc_sensor=ba909a5500944acafe47a0ef3a49f89509aadfb6C:tools_core=94ddf1e684cfa6c99f0f237f7cc35f3962e0e597C:sensor_settings=4fcf864fb493ae0272a9b2806446b379d99fd8ceC:fingerprint_ta=066bc0ab880960a4a69b74a328c7d7871c72225bC:fingerprint_pal=0deb9a478a3572872639f9cb2559ccc464ee3f9bC:manifests=dcb3d8ab0bdb7a5b341839d8c75bb88fc7f5e1a4C:Manifesttag=SW23.3.0-PDR1.0.5:jenkins@84ffd74dac44:Thu,17May201810:17:08+0200:FPC_SENSOR_TYPE=FPC_SENSOR_TYPE_FPC1270:FPC_CC_TYPE=FPC_COMPANION_CHIP_FPC2050:FPC_C_TYPE=FPC_COATING_NORMAL
11-16 14:06:34.946: E/fpc_tac(15332): fpcbuildtype : build=RELEASE sensor=9
11-16 14:06:34.948: W/EventHub(1162): Unable to disable kernel key repeat for /dev/input/event3: Function not implemented
11-16 14:06:34.948: I/EventHub(1162): wakeMechanism=EPOLLWAKEUP, usingClockIoctl=true
11-16 14:06:34.948: I/EventHub(1162): New device: id=77, fd=106, path='/dev/input/event3', name='uinput-fpc', classes=0x101, configuration='/system/usr/idc/uinput-fpc.idc', keyLayout='/system/usr/keylayout/uinput-fpc.kl', keyCharacterMap='/system/usr/keychars/Generic.kcm', builtinKeyboard=true, 
11-16 14:06:34.948: W/InputReader(1162): Ignoring spurious device added event for deviceId 0.
11-16 14:06:35.195: I/PackageManager.DexOptimizer(1162): Running dexopt (dexoptNeeded=1) on: /data/app/com.google.android.gms.policy_test_support-6lurxHC5iJCM7aytZkbCWg==/base.apk pkg=com.google.android.gms.policy_test_support isa=arm64 dexoptFlags=boot_complete,profile_guided,public,enable_hidden_api_checks targetFilter=speed-profile oatDir=/data/app/com.google.android.gms.policy_test_support-6lurxHC5iJCM7aytZkbCWg==/oat classLoaderContext=PCL[]
11-16 14:06:35.195: V/installed(872): DexInv: --- BEGIN '/data/app/com.google.android.gms.policy_test_support-6lurxHC5iJCM7aytZkbCWg==/base.apk' ---
11-16 14:06:35.216: I/dex2oat(15347): /system/bin/dex2oat --input-vdex-fd=-1 --output-vdex-fd=19 --compiler-filter=speed-profile --classpath-dir=/data/app/com.google.android.gms.policy_test_support-6lurxHC5iJCM7aytZkbCWg== --class-loader-context=PCL[] --generate-mini-debug-info --compact-dex-level=none --compilation-reason=install
11-16 14:06:35.218: W/dex2oat(15347): Could not reserve sentinel fault page
11-16 14:06:35.454: I/dex2oat(15347): Explicit concurrent copying GC freed 10437(1494KB) AllocSpace objects, 0(0B) LOS objects, 99% free, 728B/1536KB, paused 31us total 2.742ms
11-16 14:06:35.522: I/dex2oat(15347): dex2oat took 307.309ms (520.174ms cpu) (threads: 8) arena alloc=69KB (71304B) java alloc=16KB (17112B) native alloc=2MB (3027808B) free=3MB (3263648B)
11-16 14:06:35.527: V/installed(872): DexInv: --- END '/data/app/com.google.android.gms.policy_test_support-6lurxHC5iJCM7aytZkbCWg==/base.apk' (success) ---
11-16 14:06:35.527: V/installed(872): [ 11-16 14:06:35.529   872: 1379 E/         ]
11-16 14:06:35.527: V/installed(872): Couldn't opendir /data/app/vmdl308176150.tmp: No such file or directory
11-16 14:06:35.529: E/installd(872): Failed to delete /data/app/vmdl308176150.tmp: No such file or directory
11-16 14:06:35.535: D/ImsResolver(3809): maybeAddedImsService, packageName: com.google.android.gms.policy_test_support
11-16 14:06:35.536: W/BroadcastQueue(1162): Background execution not allowed: receiving Intent { act=android.intent.action.PACKAGE_ADDED dat=package:com.google.android.gms.policy_test_support flg=0x4000010 (has extras) } to com.android.musicfx/.Compatibility$Receiver
11-16 14:06:35.537: W/BroadcastQueue(1162): Background execution not allowed: receiving Intent { act=android.intent.action.PACKAGE_ADDED dat=package:com.google.android.gms.policy_test_support flg=0x4000010 (has extras) } to com.android.vending/com.google.android.finsky.packagemanager.impl.PackageMonitorReceiverImpl$RegisteredReceiver
11-16 14:06:35.537: W/BroadcastQueue(1162): Background execution not allowed: receiving Intent { act=android.intent.action.PACKAGE_ADDED dat=package:com.google.android.gms.policy_test_support flg=0x4000010 (has extras) } to com.google.android.gms/.games.chimera.GamesSystemBroadcastReceiverProxy
11-16 14:06:35.537: I/Finsky(13239): [2] yeh.d(13): PackageMonitorReceiverImpl - Received: android.intent.action.PACKAGE_ADDED, [TAsD3pqu7qg-JZYPvpWmQGEwsDQ0NnuVQpcaQGQjJQU]
11-16 14:06:35.537: I/Finsky(13239): [2] yfi.g(1): Invalidating cached PackageState for com.google.android.gms.policy_test_support
11-16 14:06:35.538: W/BroadcastQueue(1162): Background execution not allowed: receiving Intent { act=android.intent.action.PACKAGE_ADDED dat=package:com.google.android.gms.policy_test_support flg=0x4000010 (has extras) } to com.google.android.gms/.gass.chimera.PackageChangeBroadcastReceiver
11-16 14:06:35.539: W/BroadcastQueue(1162): Background execution not allowed: receiving Intent { act=android.intent.action.PACKAGE_ADDED dat=package:com.google.android.gms.policy_test_support flg=0x4000010 (has extras) } to com.google.android.gms/.chimera.GmsIntentOperationService$PersistentTrustedReceiver
11-16 14:06:35.539: W/BroadcastQueue(1162): Background execution not allowed: receiving Intent { act=android.intent.action.PACKAGE_ADDED dat=package:com.google.android.gms.policy_test_support flg=0x4000010 (has extras) } to com.google.android.googlequicksearchbox/com.google.android.apps.gsa.googlequicksearchbox.GelStubAppWatcher
11-16 14:06:35.539: W/BroadcastQueue(1162): Background execution not allowed: receiving Intent { act=android.intent.action.PACKAGE_ADDED dat=package:com.google.android.gms.policy_test_support flg=0x4000010 (has extras) } to com.google.android.ims/.receivers.RcsAutoStartReceiver
11-16 14:06:35.539: I/CarrierServices(10089): [2] RcsAutoStartReceiver.b: carrierServicesJibeServiceEnabled changed from true to true
11-16 14:06:35.542: I/CarrierServices(10089): [2] RcsAutoStartReceiver.b: enableRcs changed from true to true
11-16 14:06:35.543: I/Finsky(13239): [2] owk.d(2): Frosting ID looked up on UI thread. Caller should move to a background thread.
11-16 14:06:35.544: I/CarrierServices(10089): [2] RcsAutoStartReceiver.b: RcsAutoStartReceiver triggered. Fetching RCS State. Action: android.intent.action.PACKAGE_ADDED
11-16 14:06:35.544: I/Telecom(1162): DefaultDialerCache: Refreshing default dialer for user 0: now com.google.android.dialer: DDC.oR@AJA
11-16 14:06:35.547: I/InputReader(1162): Reconfiguring input devices.  changes=0x00000010
11-16 14:06:35.550: I/Finsky(13239): [256] ovx.run(16): Wrote row to frosting DB: 208
11-16 14:06:35.548: W/sh(15359): type=1400 audit(0.0:184): avc: denied { read } for name="cache" dev="dm-0" ino=48 scontext=u:r:shell:s0 tcontext=u:object_r:cache_file:s0 tclass=lnk_file permissive=0
11-16 14:06:35.553: I/CarrierServices(10089): [2] aws.a: Migration binding to RcsMigrationService
11-16 14:06:35.556: V/BackupManagerConstants(1162): getFullBackupIntervalMilliseconds(...) returns 86400000
11-16 14:06:35.558: I/Finsky(13239): [2] amas.a(3): Do not start WearSupportService due to Wear service optimization
11-16 14:06:35.558: I/Finsky(13239): [2] amas.a(3): Do not start WearSupportService due to Wear service optimization
11-16 14:06:35.560: I/Finsky(13239): [2] aeak.a(8): Clearing split related stale data.
11-16 14:06:35.561: I/BugleDataModel(10179): RcsMigrationService: Returning RCS state provider.
11-16 14:06:35.565: I/Finsky(13239): [2] owk.d(2): Frosting ID looked up on UI thread. Caller should move to a background thread.
11-16 14:06:35.567: D/RegisteredNfcFServicesCache(4169): Service unchanged, not updating
11-16 14:06:35.567: I/BugleRcsEngine(10179): [640] pot.a: Sim state is not ready. Returning last known operation mode.
11-16 14:06:35.569: I/CarrierServices(10089): [600] awt.doInBackground: Saving RCS State
11-16 14:06:35.569: I/CarrierServices(10089): [600] awt.doInBackground: Old operation mode: 0
11-16 14:06:35.569: I/CarrierServices(10089): [600] awt.doInBackground: New operation mode: 0
11-16 14:06:35.569: I/Finsky(13239): [257] gxq.a(12): Asset module storage cleared for package com.google.android.gms.policy_test_support.
11-16 14:06:35.570: I/CarrierServices(10089): [2] aww.a: Unbinding RcsMigrationService
11-16 14:06:35.573: I/Finsky(13239): [256] ovx.run(16): Wrote row to frosting DB: 209
11-16 14:06:35.577: E/PhoneInterfaceManager(3809): [PhoneIntfMgr] getCarrierPackageNamesForIntent: No UICC
11-16 14:06:35.577: D/CarrierSvcBindHelper(3809): No carrier app for: 0
11-16 14:06:35.581: E/VvmPkgInstalledRcvr(3809): cannot create TelephonyManager from ComponentInfo{com.android.phone/com.android.services.telephony.TelephonyConnectionService}, ***, UserHandle{0}
11-16 14:06:35.581: D/CarrierConfigLoader(3809): mHandler: 9 phoneId: 0
11-16 14:06:35.581: W/GCM(11019): Unexpected forwarded intent: Intent { act=android.intent.action.PACKAGE_ADDED dat=package:com.google.android.gms.policy_test_support flg=0x4000010 pkg=com.google.android.gms cmp=com.google.android.gms/.chimera.PersistentIntentOperationService (has extras) }
11-16 14:06:35.584: W/GCM(11019): Unexpected forwarded intent: Intent { act=android.intent.action.PACKAGE_ADDED dat=package:com.google.android.gms.policy_test_support flg=0x4000010 pkg=com.google.android.gms cmp=com.google.android.gms/.chimera.PersistentIntentOperationService (has extras) }
11-16 14:06:35.588: I/GmsModuleFndr(13608): Beginning GMS chimera module scan
11-16 14:06:35.590: W/system_server(1162): Unknown chunk type '200'.
11-16 14:06:35.596: I/ModuleSetMgr(13608): Computing pending module set with APKs: [[AdsFdrDynamite.integ:213806100100000], [Enpromo.integ:214106000100000], [Pay.optional:213614100000], [VisionOcr.optional:213614100400], [AdsFdrDynamite.integ:212104400100000], [Cronetdynamite:213614100400], [Dynamiteloader:213614100000], [Dynamitemodulesa:213614100000], [Dynamitemodulesc:213614100000], [Googlecertificates:213614100000], [Mapsdynamite:213614100000], [Measurementdynamite:213614100000]]
11-16 14:06:35.597: I/Finsky(13239): [2] abzb.b(5): SCH: Jobs in database: 1-1337 3-1 12-1 24-77777777 26-1414141414 31-305419896 
11-16 14:06:35.601: I/ModuleSetMgr(13608): Pending container module APKs: [[Pay.optional:213614100000], [VisionOcr.optional:213614100400]]
11-16 14:06:35.601: I/ModuleSetMgr(13608): Pending non-container module APKs: [[Enpromo.integ:214106000100000], [AdsFdrDynamite.integ:213806100100000]]
11-16 14:06:35.603: I/Finsky(13239): [2] abxn.d(37): SCH: ConstraintMapping: 24-77777777,  -> L: 0ms, D: 82663653ms, C: false, I: true, N: 0
11-16 14:06:35.603: I/Finsky(13239): [2] abxn.d(37): SCH: ConstraintMapping: 1-1337, 12-1, 31-305419896,  -> L: 2140ms, D: 59573519ms, C: false, I: false, N: 1
11-16 14:06:35.605: I/Finsky(13239): [2] abxn.d(37): SCH: ConstraintMapping: 3-1,  -> L: 0ms, D: 86269198ms, C: true, I: true, N: 2
11-16 14:06:35.605: I/Finsky(13239): [2] abxn.d(37): SCH: ConstraintMapping: 26-1414141414,  -> L: 42883794ms, D: 43783794ms, C: false, I: false, N: 0
11-16 14:06:35.611: I/android.vendin(13239): Waiting for a blocking GC ProfileSaver
11-16 14:06:35.611: I/Finsky(13239): [255] jnw.a(15): [ContentSync] finished, scheduled=true
11-16 14:06:35.613: W/PackageParser(13608): Unknown element under <manifest>: queries at /data/user_de/0/com.google.android.gms/app_chimera/m/00000007/AdsDynamite.apk Binary XML file line #5
11-16 14:06:35.620: I/Finsky(13239): [2] abxn.f(7): SCH: Cancelling existing jobscheduler jobs: 9003 9006 9001 9000 
11-16 14:06:35.620: I/Finsky(13239): [2] abxn.e(8): SCH: Throttling wakeup for job 9002 (expected to run in 0 ms) due to recent wakeup
11-16 14:06:35.620: I/Finsky(13239): [2] abxn.e(23): SCH: Scheduling job Id: 9002, L: 30000, D: 82663653, C: false, I: true, N: 0
11-16 14:06:35.623: I/Finsky(13239): [2] abxn.e(23): SCH: Scheduling job Id: 9004, L: 2140, D: 59573519, C: false, I: false, N: 1
11-16 14:06:35.626: I/Finsky(13239): [2] abxn.e(8): SCH: Throttling wakeup for job 9005 (expected to run in 0 ms) due to recent wakeup
11-16 14:06:35.626: I/Finsky(13239): [2] abxn.e(23): SCH: Scheduling job Id: 9005, L: 30000, D: 86269198, C: true, I: true, N: 2
11-16 14:06:35.627: W/PackageParser(13608): Unknown element under <manifest>: queries at /data/user_de/0/com.google.android.gms/app_chimera/m/00000011/dl-AdsFdrDynamite.integ_213806100100000.apk Binary XML file line #11
11-16 14:06:35.628: I/Finsky(13239): [2] abxn.e(23): SCH: Scheduling job Id: 9007, L: 42883794, D: 43783794, C: false, I: false, N: 0
11-16 14:06:35.631: I/system_server(1162): Background concurrent copying GC freed 135161(6MB) AllocSpace objects, 50(1684KB) LOS objects, 42% free, 17MB/31MB, paused 124us total 102.971ms
11-16 14:06:35.673: I/android.vendin(13239): WaitForGcToComplete blocked ProfileSaver on ProfileSaver for 61.868ms
11-16 14:06:35.674: W/System(13239): A resource failed to call end. 
11-16 14:06:35.674: W/System(13239): A resource failed to call end. 
11-16 14:06:35.729: I/ChimeraCfgMgr(13608): Updating module config: ads_fdr:2138061005100000,container:2136149100400+pay+vision.ocr,enpromo:2141060005100000 -> ads_fdr:2138061005100000,container:2136149100400+pay+vision.ocr,enpromo:2141060005100000
11-16 14:06:35.729: E/DowngradeHelper(13608): isModuleDowngradeRequired false
11-16 14:06:35.759: W/BroadcastQueue(1162): Background execution not allowed: receiving Intent { act=com.google.android.chimera.MODULE_CONFIGURATION_CHANGED flg=0x10 (has extras) } to com.google.android.gms/.chimera.GmsIntentOperationService$PersistentInternalReceiver
11-16 14:06:35.770: I/ChimeraCfgMgr(13608): Sending com.google.android.chimera.IntentOperation.NEW_MODULE Intents: 1,false,true
11-16 14:06:35.772: I/GmsDebugLogger(13608): [46] ads_fdr:2138061005100000,container:2136149100400+pay+vision.ocr,enpromo:2141060005100000
11-16 14:06:35.777: I/Auth(13608): [SupervisedAccountIntentOperation] onHandleIntent(): android.intent.action.PACKAGE_ADDED
11-16 14:06:35.781: W/gle.android.gm(13608): Unsupported class loader
11-16 14:06:35.783: W/gle.android.gm(13608): Skipping duplicate class check due to unsupported classloader
11-16 14:06:35.783: I/gle.android.gm(13608): Failed to add image file Failed to flatten class loader hierarchy 'Unknown class loader type drb'
11-16 14:06:35.784: I/BlockstoreStorage(13608): Clearing Blockstore Data for package com.google.android.gms.policy_test_support [CONTEXT service_id=258 ]
11-16 14:06:35.786: I/BlockstoreStorage(13608): No metadata found. Skipping deletion. [CONTEXT service_id=258 ]
11-16 14:06:35.839: I/PackageManager.DexOptimizer(1162): Running dexopt (dexoptNeeded=1) on: /data/app/com.google.android.gmscore.testing.testsupport-nAONg-ll4Miv_9lOBQdWfg==/base.apk pkg=com.google.android.gmscore.testing.testsupport isa=arm64 dexoptFlags=boot_complete,profile_guided,public,enable_hidden_api_checks targetFilter=speed-profile oatDir=/data/app/com.google.android.gmscore.testing.testsupport-nAONg-ll4Miv_9lOBQdWfg==/oat classLoaderContext=PCL[/system/framework/org.apache.http.legacy.boot.jar]
11-16 14:06:35.839: V/installed(872): DexInv: --- BEGIN '/data/app/com.google.android.gmscore.testing.testsupport-nAONg-ll4Miv_9lOBQdWfg==/base.apk' ---
11-16 14:06:35.852: D/QSEECOMAPI(15332): QSEECom_get_handle sb_length = 0x400
11-16 14:06:35.852: D/QSEECOMAPI(15332): App is already loaded QSEE and app id = 1
11-16 14:06:35.854: I/dex2oat(15405): /system/bin/dex2oat --input-vdex-fd=-1 --output-vdex-fd=19 --compiler-filter=speed-profile --classpath-dir=/data/app/com.google.android.gmscore.testing.testsupport-nAONg-ll4Miv_9lOBQdWfg== --class-loader-context=PCL[/system/framework/org.apache.http.legacy.boot.jar] --generate-mini-debug-info --compact-dex-level=none --compilation-reason=install
11-16 14:06:35.855: E/fpc_tac(15332): qsee_km_get_encapsulated_key KEYMASTER_GET_AUTH_TOKEN_KEY returned status=-24
11-16 14:06:35.855: D/QSEECOMAPI(15332): QSEECom_dealloc_memory 
11-16 14:06:35.855: D/QSEECOMAPI(15332): QSEECom_shutdown_app, app_id = 1
11-16 14:06:35.855: E/fpc_fingerprint_hal(15332): fpc_hal_open failed
11-16 14:06:35.856: I/EventHub(1162): Removing device uinput-fpc due to epoll hang-up event.
11-16 14:06:35.856: I/EventHub(1162): Removed device: path=/dev/input/event3 name=uinput-fpc id=77 fd=106 classes=0x101
11-16 14:06:35.856: W/EventHub(1162): built-in keyboard device /dev/input/event3 (id=77) is closing! the apps will not like this
11-16 14:06:35.856: W/InputReader(1162): Ignoring spurious device removed event for deviceId 77.
11-16 14:06:35.857: I/EventHub(1162): Removing device '/dev/input/event3' due to inotify event
11-16 14:06:35.872: D/QSEECOMAPI(15332): QSEECom_dealloc_memory 
11-16 14:06:35.872: D/QSEECOMAPI(15332): QSEECom_shutdown_app, app_id = 77
11-16 14:06:35.875: D/BoundBrokerSvc(11019): onBind: Intent { act=com.google.android.gms.nearby.exposurenotification.START cmp=com.google.android.gms/.chimera.PersistentApiService }
11-16 14:06:35.875: D/BoundBrokerSvc(11019): Loading bound service for intent: Intent { act=com.google.android.gms.nearby.exposurenotification.START cmp=com.google.android.gms/.chimera.PersistentApiService }
11-16 14:06:35.875: W/ChimeraUtils(11019): Module com.google.android.gms.nearby_en has empty metadata display_name_string_id
11-16 14:06:35.878: D/BoundBrokerSvc(13608): onBind: Intent { act=com.google.android.gms.common.BIND_SHARED_PREFS pkg=com.google.android.gms }
11-16 14:06:35.878: D/BoundBrokerSvc(13608): Loading bound service for intent: Intent { act=com.google.android.gms.common.BIND_SHARED_PREFS pkg=com.google.android.gms }
11-16 14:06:35.885: W/ChimeraUtils(11019): Module com.google.android.gms.nearby_en has empty metadata display_name_string_id
11-16 14:06:35.889: W/ChimeraUtils(11019): Module com.google.android.gms.nearby_en has empty metadata display_name_string_id
11-16 14:06:35.895: D/BoundBrokerSvc(13608): onUnbind: Intent { act=com.google.android.gms.common.BIND_SHARED_PREFS pkg=com.google.android.gms }
11-16 14:06:35.897: I/Icing(13608): IndexChimeraService.getServiceInterface callingPackage=com.google.android.gms componentName=AppsCorpus serviceId=36
11-16 14:06:35.910: E/PhenotypeRegOp(13608): Attempting to overwrite config package for com.google.android.gms.games [CONTEXT service_id=231 ]
11-16 14:06:35.911: E/PhenotypeRegOp(13608): Attempting to overwrite config package for com.google.android.gms.maps#com.google.android.gms [CONTEXT service_id=231 ]
11-16 14:06:35.911: E/PhenotypeRegOp(13608): Attempting to overwrite config package for com.google.android.gms.cast [CONTEXT service_id=231 ]
11-16 14:06:35.911: E/PhenotypeRegOp(13608): Attempting to overwrite config package for com.google.android.gms.mobile_data_plan [CONTEXT service_id=231 ]
11-16 14:06:35.912: E/PhenotypeRegOp(13608): Attempting to overwrite config package for com.google.android.gms.udc [CONTEXT service_id=231 ]
11-16 14:06:35.914: I/TestSupport(13608): Activate: 1637049600000@1637100395892 [CONTEXT service_id=133 ]
11-16 14:06:35.915: I/TestSupport(13608): Boot time: 1637100022047 [CONTEXT service_id=133 ]
11-16 14:06:35.916: I/TestSupport(13608): Updated: /data/data/com.google.android.gms/app_testsupport/.startup [CONTEXT service_id=133 ]
11-16 14:06:35.916: I/GmsModuleFndr(13608): Beginning GMS chimera module scan
11-16 14:06:35.917: I/ChimeraCfgMgr(13608): Received com.google.android.chimera.IntentOperation.NEW_MODULE(1/0): 1,false
11-16 14:06:35.922: I/ModuleSetMgr(13608): Computing pending module set with APKs: [[AdsFdrDynamite.integ:213806100100000], [Enpromo.integ:214106000100000], [Pay.optional:213614100000], [VisionOcr.optional:213614100400], [AdsFdrDynamite.integ:212104400100000], [Cronetdynamite:213614100400], [Dynamiteloader:213614100000], [Dynamitemodulesa:213614100000], [Dynamitemodulesc:213614100000], [Googlecertificates:213614100000], [Mapsdynamite:213614100000], [Measurementdynamite:213614100000]]
11-16 14:06:35.925: W/Icing(13608): No valid account for uploading user actions
11-16 14:06:35.928: I/ModuleSetMgr(13608): Pending container module APKs: [[Pay.optional:213614100000], [VisionOcr.optional:213614100400]]
11-16 14:06:35.928: I/ModuleSetMgr(13608): Pending non-container module APKs: [[Enpromo.integ:214106000100000], [AdsFdrDynamite.integ:213806100100000]]
11-16 14:06:35.938: I/Icing(13608): Usage reports ok 0, Failed Usage reports 0, indexed 0, rejected 0
11-16 14:06:35.939: W/PackageParser(13608): Unknown element under <manifest>: queries at /data/user_de/0/com.google.android.gms/app_chimera/m/00000007/AdsDynamite.apk Binary XML file line #5
11-16 14:06:35.945: I/Icing(13608): Indexing com.google.android.gms-apps from com.google.android.gms
11-16 14:06:35.946: I/Icing(13608): IndexChimeraService.getServiceInterface callingPackage=com.google.android.gms componentName=null serviceId=30
11-16 14:06:35.949: I/Icing(13608): Indexing done com.google.android.gms-apps
11-16 14:06:35.952: W/Icing(13608): No valid account for uploading user actions
11-16 14:06:35.955: W/PackageParser(13608): Unknown element under <manifest>: queries at /data/user_de/0/com.google.android.gms/app_chimera/m/00000011/dl-AdsFdrDynamite.integ_213806100100000.apk Binary XML file line #11
11-16 14:06:35.958: I/Icing(13608): Usage reports ok 0, Failed Usage reports 0, indexed 0, rejected 0
11-16 14:06:36.319: I/dex2oat(15405): Explicit concurrent copying GC freed 11043(2MB) AllocSpace objects, 0(0B) LOS objects, 99% free, 896B/1536KB, paused 29us total 3.309ms
11-16 14:06:36.437: I/dex2oat(15405): dex2oat took 583.259ms (1.241s cpu) (threads: 8) arena alloc=18KB (19352B) java alloc=16KB (17280B) native alloc=5MB (5286928B) free=2MB (3101680B)
11-16 14:06:36.442: V/installed(872): DexInv: --- END '/data/app/com.google.android.gmscore.testing.testsupport-nAONg-ll4Miv_9lOBQdWfg==/base.apk' (success) ---
11-16 14:06:36.442: V/installed(872): [ 11-16 14:06:36.443   872: 1379 E/         ]
11-16 14:06:36.442: V/installed(872): Couldn't opendir /data/app/vmdl766322531.tmp: No such file or directory
11-16 14:06:36.443: E/installd(872): Failed to delete /data/app/vmdl766322531.tmp: No such file or directory
11-16 14:06:36.451: I/InputReader(1162): Reconfiguring input devices.  changes=0x00000010
11-16 14:06:36.451: I/Finsky(13239): [2] yeh.d(13): PackageMonitorReceiverImpl - Received: android.intent.action.PACKAGE_ADDED, [Cfp7IzF5TvVG3xiSuASXeJDeHWm6HS2AulwLaqmOV14]
11-16 14:06:36.451: I/Finsky(13239): [2] yfi.g(1): Invalidating cached PackageState for com.google.android.gmscore.testing.testsupport
11-16 14:06:36.454: I/CarrierServices(10089): [2] RcsAutoStartReceiver.b: carrierServicesJibeServiceEnabled changed from true to true
11-16 14:06:36.455: I/CarrierServices(10089): [2] RcsAutoStartReceiver.b: enableRcs changed from true to true
11-16 14:06:36.456: W/BroadcastQueue(1162): Background execution not allowed: receiving Intent { act=android.intent.action.PACKAGE_ADDED dat=package:com.google.android.gmscore.testing.testsupport flg=0x4000010 (has extras) } to com.android.musicfx/.Compatibility$Receiver
11-16 14:06:36.456: W/BroadcastQueue(1162): Background execution not allowed: receiving Intent { act=android.intent.action.PACKAGE_ADDED dat=package:com.google.android.gmscore.testing.testsupport flg=0x4000010 (has extras) } to com.android.vending/com.google.android.finsky.packagemanager.impl.PackageMonitorReceiverImpl$RegisteredReceiver
11-16 14:06:36.456: W/BroadcastQueue(1162): Background execution not allowed: receiving Intent { act=android.intent.action.PACKAGE_ADDED dat=package:com.google.android.gmscore.testing.testsupport flg=0x4000010 (has extras) } to com.google.android.gms/.games.chimera.GamesSystemBroadcastReceiverProxy
11-16 14:06:36.456: W/BroadcastQueue(1162): Background execution not allowed: receiving Intent { act=android.intent.action.PACKAGE_ADDED dat=package:com.google.android.gmscore.testing.testsupport flg=0x4000010 (has extras) } to com.google.android.gms/.gass.chimera.PackageChangeBroadcastReceiver
11-16 14:06:36.457: I/CarrierServices(10089): [2] RcsAutoStartReceiver.b: RcsAutoStartReceiver triggered. Fetching RCS State. Action: android.intent.action.PACKAGE_ADDED
11-16 14:06:36.459: I/Finsky(13239): [256] ovx.run(16): Wrote row to frosting DB: 210
11-16 14:06:36.459: I/Finsky(13239): [2] owk.d(2): Frosting ID looked up on UI thread. Caller should move to a background thread.
11-16 14:06:36.463: W/BroadcastQueue(1162): Background execution not allowed: receiving Intent { act=android.intent.action.PACKAGE_ADDED dat=package:com.google.android.gmscore.testing.testsupport flg=0x4000010 (has extras) } to com.google.android.gms/.chimera.GmsIntentOperationService$PersistentTrustedReceiver
11-16 14:06:36.464: W/BroadcastQueue(1162): Background execution not allowed: receiving Intent { act=android.intent.action.PACKAGE_ADDED dat=package:com.google.android.gmscore.testing.testsupport flg=0x4000010 (has extras) } to com.google.android.googlequicksearchbox/com.google.android.apps.gsa.googlequicksearchbox.GelStubAppWatcher
11-16 14:06:36.464: W/BroadcastQueue(1162): Background execution not allowed: receiving Intent { act=android.intent.action.PACKAGE_ADDED dat=package:com.google.android.gmscore.testing.testsupport flg=0x4000010 (has extras) } to com.google.android.ims/.receivers.RcsAutoStartReceiver
11-16 14:06:36.464: I/CarrierServices(10089): [2] aws.a: Migration binding to RcsMigrationService
11-16 14:06:36.464: I/Telecom(1162): DefaultDialerCache: Refreshing default dialer for user 0: now com.google.android.dialer: DDC.oR@AJQ
11-16 14:06:36.482: I/Finsky(13239): [2] amas.a(3): Do not start WearSupportService due to Wear service optimization
11-16 14:06:36.485: I/Finsky(13239): [2] amas.a(3): Do not start WearSupportService due to Wear service optimization
11-16 14:06:36.486: I/Finsky(13239): [2] aeak.a(8): Clearing split related stale data.
11-16 14:06:36.486: I/Finsky(13239): [257] gxq.a(12): Asset module storage cleared for package com.google.android.gmscore.testing.testsupport.
11-16 14:06:36.488: I/BugleDataModel(10179): RcsMigrationService: Returning RCS state provider.
11-16 14:06:36.490: I/Finsky(13239): [255] jnw.a(15): [ContentSync] finished, scheduled=false
11-16 14:06:36.495: D/RegisteredNfcFServicesCache(4169): Service unchanged, not updating
11-16 14:06:36.496: E/PhoneInterfaceManager(3809): [PhoneIntfMgr] getCarrierPackageNamesForIntent: No UICC
11-16 14:06:36.496: D/CarrierSvcBindHelper(3809): No carrier app for: 0
11-16 14:06:36.498: I/BugleRcsEngine(10179): [640] pot.a: Sim state is not ready. Returning last known operation mode.
11-16 14:06:36.499: I/Finsky(13239): [2] owk.d(2): Frosting ID looked up on UI thread. Caller should move to a background thread.
11-16 14:06:36.500: W/GCM(11019): Unexpected forwarded intent: Intent { act=android.intent.action.PACKAGE_ADDED dat=package:com.google.android.gmscore.testing.testsupport flg=0x4000010 pkg=com.google.android.gms cmp=com.google.android.gms/.chimera.PersistentIntentOperationService (has extras) }
11-16 14:06:36.501: W/GCM(11019): Unexpected forwarded intent: Intent { act=android.intent.action.PACKAGE_ADDED dat=package:com.google.android.gmscore.testing.testsupport flg=0x4000010 pkg=com.google.android.gms cmp=com.google.android.gms/.chimera.PersistentIntentOperationService (has extras) }
11-16 14:06:36.501: I/Finsky(13239): [256] ovx.run(16): Wrote row to frosting DB: 211
11-16 14:06:36.502: I/CarrierServices(10089): [601] awt.doInBackground: Saving RCS State
11-16 14:06:36.502: I/CarrierServices(10089): [601] awt.doInBackground: Old operation mode: 0
11-16 14:06:36.502: I/CarrierServices(10089): [601] awt.doInBackground: New operation mode: 0
11-16 14:06:36.503: I/CarrierServices(10089): [2] aww.a: Unbinding RcsMigrationService
11-16 14:06:36.504: E/VvmPkgInstalledRcvr(3809): cannot create TelephonyManager from ComponentInfo{com.android.phone/com.android.services.telephony.TelephonyConnectionService}, ***, UserHandle{0}
11-16 14:06:36.504: D/ImsResolver(3809): maybeAddedImsService, packageName: com.google.android.gmscore.testing.testsupport
11-16 14:06:36.504: D/CarrierConfigLoader(3809): mHandler: 9 phoneId: 0
11-16 14:06:36.510: I/Auth(13608): [SupervisedAccountIntentOperation] onHandleIntent(): android.intent.action.PACKAGE_ADDED
11-16 14:06:36.512: I/BlockstoreStorage(13608): Clearing Blockstore Data for package com.google.android.gmscore.testing.testsupport [CONTEXT service_id=258 ]
11-16 14:06:36.513: I/BlockstoreStorage(13608): No metadata found. Skipping deletion. [CONTEXT service_id=258 ]
11-16 14:06:36.514: D/BoundBrokerSvc(13608): onBind: Intent { act=com.google.android.gms.common.BIND_SHARED_PREFS pkg=com.google.android.gms }
11-16 14:06:36.514: D/BoundBrokerSvc(13608): Loading bound service for intent: Intent { act=com.google.android.gms.common.BIND_SHARED_PREFS pkg=com.google.android.gms }
11-16 14:06:36.515: I/ActivityManager(1162): Start proc 15430:com.google.android.gmscore.testing.testsupport/u0a170 for service com.google.android.gmscore.testing.testsupport/.CommandService
11-16 14:06:36.518: D/BoundBrokerSvc(13608): onUnbind: Intent { act=com.google.android.gms.common.BIND_SHARED_PREFS pkg=com.google.android.gms }
11-16 14:06:36.528: E/ing.testsuppor(15430): Not starting debugger since process cannot load the jdwp agent.
11-16 14:06:36.542: I/ing.testsuppor(15430): The ClassLoaderContext is a special shared library.
11-16 14:06:36.544: W/ChimeraUtils(11019): Module com.google.android.gms.nearby_en has empty metadata display_name_string_id
11-16 14:06:36.548: I/system_server(1162): Background concurrent copying GC freed 289809(9MB) AllocSpace objects, 21(932KB) LOS objects, 42% free, 18MB/31MB, paused 136us total 104.908ms
11-16 14:06:36.554: I/Icing(13608): Indexing com.google.android.gms-apps from com.google.android.gms
11-16 14:06:36.554: I/TSDRIVER(15430): CommandService onHandleIntent()
11-16 14:06:36.554: W/ChimeraUtils(11019): Module com.google.android.gms.nearby_en has empty metadata display_name_string_id
11-16 14:06:36.554: I/TSDRIVER(15430): Got command: PACKAGE
11-16 14:06:36.555: W/ChimeraUtils(11019): Module com.google.android.gms.nearby_en has empty metadata display_name_string_id
11-16 14:06:36.556: I/Icing(13608): Indexing done com.google.android.gms-apps
11-16 14:06:36.571: I/TSDRIVER(15430): flag package: Eglnc2VydmljZXMaLAooZmluc2t5LnBsYXlfc2VydmljZXNfYXV0b191cGRhdGVfZW5hYmxlZBgAGjUKMWZpbnNreS5zZXR1cF93aXphcmRfYWRkaXRpb25hbF9hY2NvdW50X3ZwYV9lbmFibGUYABoxCi1maW5za3kuZGFpbHlfaHlnaWVuZV9zY2hlZHVsZV91bmF1dGhlbnRpY2F0ZWQYABpyCipmaW5za3kuYmFja2dyb3VuZF9zcGxpdF9pbnN0YWxsc19ibGFja2xpc3QSRGNvbS5hbmRyb2lkLmNocm9tZSxjb20uZ29vZ2xlLmFuZHJvaWQuZ21zLGNvbS5nb29nbGUuYW5kcm9pZC53ZWJ2aWV3KPgB
11-16 14:06:36.574: E/GooglePlayServicesUtil(15430): The Google Play services resources were not found. Check your project configuration to ensure that the resources are included.
11-16 14:06:36.575: I/TSDRIVER(15430): flag package: gservices
11-16 14:06:36.580: D/BoundBrokerSvc(13608): onBind: Intent { act=com.google.android.gms.testsupport.service.START pkg=com.google.android.gms }
11-16 14:06:36.580: D/BoundBrokerSvc(13608): Loading bound service for intent: Intent { act=com.google.android.gms.testsupport.service.START pkg=com.google.android.gms }
11-16 14:06:36.598: I/m.akt(13608): Primes not initialized, returning default (no-op) Primes instance which will ignore all calls. Please call Primes.initialize(...) before using any Primes API.
11-16 14:06:36.613: W/DynamiteModule(13608): Local module descriptor class for com.google.android.gms.googlecertificates not found.
11-16 14:06:36.618: W/gle.android.gm(13608): Unsupported class loader
11-16 14:06:36.619: W/gle.android.gm(13608): Skipping duplicate class check due to unsupported classloader
11-16 14:06:36.621: I/DynamiteModule(13608): Considering local module com.google.android.gms.googlecertificates:0 and remote module com.google.android.gms.googlecertificates:6
11-16 14:06:36.621: I/DynamiteModule(13608): Selected remote version of com.google.android.gms.googlecertificates, version >= 6
11-16 14:06:36.635: W/gle.android.gm(13608): Unsupported class loader
11-16 14:06:36.654: W/gle.android.gm(13608): Skipping duplicate class check due to unsupported classloader
11-16 14:06:36.680: I/TestSupport(13608): Activated: 1637049600000@1637100395892 [CONTEXT service_id=133 ]
11-16 14:06:36.680: I/TestSupport(13608): Boot time: 1637100022047 [CONTEXT service_id=133 ]
11-16 14:06:36.681: I/TestSupport(13608): Passing package and signature checks: com.google.android.gmscore.testing.testsupport [CONTEXT service_id=133 ]
11-16 14:06:36.691: I/TestSupport(13608): SetOverrideOperation: finsky.play_services_auto_update_enabled = false [CONTEXT service_id=133 ]
11-16 14:06:36.723: I/GservicesProvider(4415): override update completed
11-16 14:06:36.741: I/ActivityManager(1162): Start proc 15461:com.android.connectivity.metrics/u0a57 for broadcast com.android.connectivity.metrics/.SnapshotSchedulingReceiver
11-16 14:06:36.744: E/ctivity.metric(15461): Not starting debugger since process cannot load the jdwp agent.
11-16 14:06:36.747: I/TestSupport(13608): GServices override confirmed: finsky.play_services_auto_update_enabled=false [CONTEXT service_id=133 ]
11-16 14:06:36.756: I/Bugle(10179): ApnsOta: OTA version -1
11-16 14:06:36.756: I/CarrierServices(10089): [2] bxu.e: Carrier Services GServices flags:
11-16 14:06:36.756: I/CarrierServices(10089):    carrier_services_security_flags_ec_api_white_listed_packages: com.google.android.apps.messaging,com.google.android.dialer,com.google.android.ims.client.sampleapp,com.android.contacts,com.lge.rcscall,com.android.incallui,com.huawei.incallui.appfeature.rcsfeature
11-16 14:06:36.756: I/CarrierServices(10089):    carrier_services_security_flags_ec_api_white_listed_signatures: B28C3EDB665DF32686224DF800F603E9959BBE4E,0980A12BE993528C19107BC21AD811478C63CEFC,B38FA7B5ECFAEC44620A020752B07E063B3120A8,203997BC46B8792DC9747ABD230569071F9A0439,EDA6413C3E3A95492114FE07CD953AD897E40D1A,760EBB9F4200B3DFB1B817B40FF0563A3C150D39,5B368CFF2DA2686996BC95EAC190EAA4F5630FE5,01D845B26B688D8EF647205A5944E9407E52E06E,27196E386B875E76ADF700E7EA84E4C6EEE33DFA,1CDD04F1E4A732BB0352FDFAEE26D2315526DF85,025D5212BF3B5F5CDA6117A518721D70A94D84E0
11-16 14:06:36.756: I/CarrierServices(10089):    carrier_services_security_flags_test_service_white_listed_packages: com.google.android.ims.mobly.snippets
11-16 14:06:36.756: I/CarrierServices(10089):    carrier_services_security_flags_test_service_white_listed_signatures: AE41481F52E0F58DF2806D5A38EB3DBCA5AE02B0,E165542B31953CC282AA4EF2F4D5F07F7663A2A2
11-16 14:06:36.756: I/CarrierServices(10089):    carrier_services_security_flags_white_listed_packages: com.google.android.apps.messaging,com.google.android.dialer,com.google.android.ims.client.sampleapp,com.android.contacts,com.lge.rcscall,com.android.incallui,com.huawei.incallui.appfeature.rcsfeature
11-16 14:06:36.756: I/CarrierServices(10089):    carrier_services_security_flags_white_listed_signatures: B28C3EDB665DF32686224DF800F603E9959BBE4E,0980A12BE993528C19107BC21AD811478C63CEFC,B38FA7B5ECFAEC44620A020752B07E063B3120A8,203997BC46B8792DC9747ABD230569071F9A0439,EDA6413C3E3A95492114FE07CD953AD897E40D1A,760EBB9F4200B3DFB1B817B40FF0563A3C150D39,5B368CFF2DA2686996BC95EAC190EAA4F5630FE5,01D845B26B688D8EF647205A5944E9407E52E06E,27196E386B875E76ADF700E7EA84E4C6EEE33DFA,1CDD04F1E4A732BB0352FDFAEE26D2315526DF85,025D5212BF3B5F5CDA6117A518721D70A94D84E0
11-16 14:06:36.756: I/CarrierServices(10089):    carrier_services_video_share_disabled_user_agent_substrings: SM-G930,SM-G935,SM-A320
11-16 14:06:36.756: I/CarrierServices(10089): ====================
11-16 14:06:36.759: I/TestSupport(13608): SetOverrideOperation: finsky.setup_wizard_additional_account_vpa_enable = false [CONTEXT service_id=133 ]
11-16 14:06:36.767: I/ctivity.metric(15461): The ClassLoaderContext is a special shared library.
11-16 14:06:36.779: D/ConnMetrics:App(15461): onCreate()
11-16 14:06:36.784: D/CarrierServices(10089): log_saver already enabled
11-16 14:06:36.793: I/ActivityManager(1162): Start proc 15481:com.google.android.apps.multidevice.client/u0a72 for broadcast com.google.android.apps.multidevice.client/.ui.pixel.SettingsActivityAvailabilityReceiver
11-16 14:06:36.793: I/GservicesProvider(4415): override update completed
11-16 14:06:36.799: E/tidevice.clien(15481): Not starting debugger since process cannot load the jdwp agent.
11-16 14:06:36.820: I/TestSupport(13608): GServices override confirmed: finsky.setup_wizard_additional_account_vpa_enable=false [CONTEXT service_id=133 ]
11-16 14:06:36.823: I/tidevice.clien(15481): The ClassLoaderContext is a special shared library.
11-16 14:06:36.828: E/GooglePlayServicesUtil(15461): The Google Play services resources were not found. Check your project configuration to ensure that the resources are included.
11-16 14:06:36.830: I/TestSupport(13608): SetOverrideOperation: finsky.daily_hygiene_schedule_unauthenticated = false [CONTEXT service_id=133 ]
11-16 14:06:36.830: I/CarrierServices(10089): [2] bxu.e: Carrier Services GServices flags:
11-16 14:06:36.830: I/CarrierServices(10089):    carrier_services_security_flags_ec_api_white_listed_packages: com.google.android.apps.messaging,com.google.android.dialer,com.google.android.ims.client.sampleapp,com.android.contacts,com.lge.rcscall,com.android.incallui,com.huawei.incallui.appfeature.rcsfeature
11-16 14:06:36.830: I/CarrierServices(10089):    carrier_services_security_flags_ec_api_white_listed_signatures: B28C3EDB665DF32686224DF800F603E9959BBE4E,0980A12BE993528C19107BC21AD811478C63CEFC,B38FA7B5ECFAEC44620A020752B07E063B3120A8,203997BC46B8792DC9747ABD230569071F9A0439,EDA6413C3E3A95492114FE07CD953AD897E40D1A,760EBB9F4200B3DFB1B817B40FF0563A3C150D39,5B368CFF2DA2686996BC95EAC190EAA4F5630FE5,01D845B26B688D8EF647205A5944E9407E52E06E,27196E386B875E76ADF700E7EA84E4C6EEE33DFA,1CDD04F1E4A732BB0352FDFAEE26D2315526DF85,025D5212BF3B5F5CDA6117A518721D70A94D84E0
11-16 14:06:36.830: I/CarrierServices(10089):    carrier_services_security_flags_test_service_white_listed_packages: com.google.android.ims.mobly.snippets
11-16 14:06:36.830: I/CarrierServices(10089):    carrier_services_security_flags_test_service_white_listed_signatures: AE41481F52E0F58DF2806D5A38EB3DBCA5AE02B0,E165542B31953CC282AA4EF2F4D5F07F7663A2A2
11-16 14:06:36.830: I/CarrierServices(10089):    carrier_services_security_flags_white_listed_packages: com.google.android.apps.messaging,com.google.android.dialer,com.google.android.ims.client.sampleapp,com.android.contacts,com.lge.rcscall,com.android.incallui,com.huawei.incallui.appfeature.rcsfeature
11-16 14:06:36.830: I/CarrierServices(10089):    carrier_services_security_flags_white_listed_signatures: B28C3EDB665DF32686224DF800F603E9959BBE4E,0980A12BE993528C19107BC21AD811478C63CEFC,B38FA7B5ECFAEC44620A020752B07E063B3120A8,203997BC46B8792DC9747ABD230569071F9A0439,EDA6413C3E3A95492114FE07CD953AD897E40D1A,760EBB9F4200B3DFB1B817B40FF0563A3C150D39,5B368CFF2DA2686996BC95EAC190EAA4F5630FE5,01D845B26B688D8EF647205A5944E9407E52E06E,27196E386B875E76ADF700E7EA84E4C6EEE33DFA,1CDD04F1E4A732BB0352FDFAEE26D2315526DF85,025D5212BF3B5F5CDA6117A518721D70A94D84E0
11-16 14:06:36.830: I/CarrierServices(10089):    carrier_services_video_share_disabled_user_agent_substrings: SM-G930,SM-G935,SM-A320
11-16 14:06:36.830: I/CarrierServices(10089): ====================
11-16 14:06:36.834: D/BugleRcsEngine(10202): log_saver already enabled
11-16 14:06:36.863: I/GservicesProvider(4415): override update completed
11-16 14:06:36.865: D/ConnMetrics:App(15461): IsOptedIn = false
11-16 14:06:36.872: I/SettingsActivityAvailab(15481): Disabling com.google.android.apps.multidevice.client.ui.pixel.SettingsActivity.
11-16 14:06:36.873: I/ActivityManager(1162): Killing 9631:android.process.media/u0a8 (adj 906): empty #17
11-16 14:06:36.873: D/GservicesChangeReceiver(6295): Gservices Changed broadcast Received. context is android.app.ReceiverRestrictedContext@dc2dacc
11-16 14:06:36.874: W/libprocessgroup(1162): kill(-9631, 9) failed: No such process
11-16 14:06:36.875: I/CarrierServices(10089): [2] bxu.e: Carrier Services GServices flags:
11-16 14:06:36.875: I/CarrierServices(10089):    carrier_services_security_flags_ec_api_white_listed_packages: com.google.android.apps.messaging,com.google.android.dialer,com.google.android.ims.client.sampleapp,com.android.contacts,com.lge.rcscall,com.android.incallui,com.huawei.incallui.appfeature.rcsfeature
11-16 14:06:36.875: I/CarrierServices(10089):    carrier_services_security_flags_ec_api_white_listed_signatures: B28C3EDB665DF32686224DF800F603E9959BBE4E,0980A12BE993528C19107BC21AD811478C63CEFC,B38FA7B5ECFAEC44620A020752B07E063B3120A8,203997BC46B8792DC9747ABD230569071F9A0439,EDA6413C3E3A95492114FE07CD953AD897E40D1A,760EBB9F4200B3DFB1B817B40FF0563A3C150D39,5B368CFF2DA2686996BC95EAC190EAA4F5630FE5,01D845B26B688D8EF647205A5944E9407E52E06E,27196E386B875E76ADF700E7EA84E4C6EEE33DFA,1CDD04F1E4A732BB0352FDFAEE26D2315526DF85,025D5212BF3B5F5CDA6117A518721D70A94D84E0
11-16 14:06:36.875: I/CarrierServices(10089):    carrier_services_security_flags_test_service_white_listed_packages: com.google.android.ims.mobly.snippets
11-16 14:06:36.875: I/CarrierServices(10089):    carrier_services_security_flags_test_service_white_listed_signatures: AE41481F52E0F58DF2806D5A38EB3DBCA5AE02B0,E165542B31953CC282AA4EF2F4D5F07F7663A2A2
11-16 14:06:36.875: I/CarrierServices(10089):    carrier_services_security_flags_white_listed_packages: com.google.android.apps.messaging,com.google.android.dialer,com.google.android.ims.client.sampleapp,com.android.contacts,com.lge.rcscall,com.android.incallui,com.huawei.incallui.appfeature.rcsfeature
11-16 14:06:36.875: I/CarrierServices(10089):    carrier_services_security_flags_white_listed_signatures: B28C3EDB665DF32686224DF800F603E9959BBE4E,0980A12BE993528C19107BC21AD811478C63CEFC,B38FA7B5ECFAEC44620A020752B07E063B3120A8,203997BC46B8792DC9747ABD230569071F9A0439,EDA6413C3E3A95492114FE07CD953AD897E40D1A,760EBB9F4200B3DFB1B817B40FF0563A3C150D39,5B368CFF2DA2686996BC95EAC190EAA4F5630FE5,01D845B26B688D8EF647205A5944E9407E52E06E,27196E386B875E76ADF700E7EA84E4C6EEE33DFA,1CDD04F1E4A732BB0352FDFAEE26D2315526DF85,025D5212BF3B5F5CDA6117A518721D70A94D84E0
11-16 14:06:36.875: I/CarrierServices(10089):    carrier_services_video_share_disabled_user_agent_substrings: SM-G930,SM-G935,SM-A320
11-16 14:06:36.875: I/CarrierServices(10089): ====================
11-16 14:06:36.877: D/GservicesChangeReceiver(6295): Gservices allowPowerAnomalyData is False.
11-16 14:06:36.878: D/ConnectivityMonitorManager(6295): Service com.google.android.connectivitymonitor.PowerAnomalyDetectorService is not running...
11-16 14:06:36.880: I/TestSupport(13608): GServices override confirmed: finsky.daily_hygiene_schedule_unauthenticated=false [CONTEXT service_id=133 ]
11-16 14:06:36.882: W/libprocessgroup(1162): kill(-9631, 9) failed: No such process
11-16 14:06:36.890: I/Zygote(733): Process 9631 exited due to signal (9)
11-16 14:06:36.895: I/TestSupport(13608): SetOverrideOperation: finsky.background_split_installs_blacklist = com.android.chrome,com.google.android.gms,com.google.android.webview [CONTEXT service_id=133 ]
11-16 14:06:36.900: D/GservicesChangeReceiver(6295): Gservices allowLowPowerMonitoring is False.
11-16 14:06:36.902: D/ConnectivityMonitorManager(6295): Service com.google.android.connectivitymonitor.LowPowerMonitorService is not running...
11-16 14:06:36.904: W/libprocessgroup(1162): kill(-9631, 9) failed: No such process
11-16 14:06:36.904: I/libprocessgroup(1162): Successfully killed process cgroup uid 10008 pid 9631 in 30ms
11-16 14:06:36.904: I/Bugle(10179): ApnsOta: OTA version -1
11-16 14:06:36.913: D/CarrierServices(10089): log_saver already enabled
11-16 14:06:36.919: I/Bugle(10179): ApnsOta: OTA version -1
11-16 14:06:36.922: D/GservicesChangeReceiver(6295): Gservices isConnectivityMonitorEnabled is True.
11-16 14:06:36.922: D/ConnectivityMonitorManager(6295): Service com.google.android.connectivitymonitor.ConnectivityMonitorService is running...
11-16 14:06:36.928: D/CarrierServices(10089): log_saver already enabled
11-16 14:06:36.935: I/GservicesProvider(4415): override update completed
11-16 14:06:36.937: I/ActivityManager(1162): Start proc 15503:com.google.android.euicc/u0a67 for broadcast com.google.android.euicc/com.android.euicc.receiver.GservicesChangedReceiver
11-16 14:06:36.944: E/e.android.euic(15503): Not starting debugger since process cannot load the jdwp agent.
11-16 14:06:36.960: I/TestSupport(13608): GServices override confirmed: finsky.background_split_installs_blacklist=com.android.chrome,com.google.android.gms,com.google.android.webview [CONTEXT service_id=133 ]
11-16 14:06:36.961: I/TSDRIVER(15430): Handled command: PACKAGE
11-16 14:06:36.962: I/Bugle(10179): ApnsOta: OTA version -1
11-16 14:06:36.962: I/ActivityManager(1162): Killing 14406:com.google.android.packageinstaller/u0a36 (adj 906): empty #17
11-16 14:06:36.963: W/libprocessgroup(1162): kill(-14406, 9) failed: No such process
11-16 14:06:37.000: I/TSDRIVER(15430): CommandService onHandleIntent()
11-16 14:06:37.000: I/TSDRIVER(15430): Got command: PACKAGE
11-16 14:06:37.001: I/TSDRIVER(15430): flag package: Eitjb20uZ29vZ2xlLmFuZHJvaWQuZ21zLmF1dGguYXBpLmNyZWRlbnRpYWxzGh4KGlNhdmVTdHJhdGVneV9fZW5hYmxlU2F2aW5nGAAoPg
11-16 14:06:37.001: I/TSDRIVER(15430): flag package: com.google.android.gms.auth.api.credentials
11-16 14:06:37.005: I/Zygote(733): Process 14406 exited due to signal (9)
11-16 14:06:37.006: W/ActivityManager(1162): setHasOverlayUi called on unknown pid: 14406
11-16 14:06:37.008: W/libprocessgroup(1162): kill(-14406, 9) failed: No such process
11-16 14:06:37.008: I/libprocessgroup(1162): Successfully killed process cgroup uid 10036 pid 14406 in 45ms
11-16 14:06:37.011: I/TestSupport(13608): SetOverrideOperation: gms:phenotype:phenotype_flag:debug_bypass_phenotype = false [CONTEXT service_id=133 ]
11-16 14:06:37.013: I/CarrierServices(10089): [2] bxu.e: Carrier Services GServices flags:
11-16 14:06:37.013: I/CarrierServices(10089):    carrier_services_security_flags_ec_api_white_listed_packages: com.google.android.apps.messaging,com.google.android.dialer,com.google.android.ims.client.sampleapp,com.android.contacts,com.lge.rcscall,com.android.incallui,com.huawei.incallui.appfeature.rcsfeature
11-16 14:06:37.013: I/CarrierServices(10089):    carrier_services_security_flags_ec_api_white_listed_signatures: B28C3EDB665DF32686224DF800F603E9959BBE4E,0980A12BE993528C19107BC21AD811478C63CEFC,B38FA7B5ECFAEC44620A020752B07E063B3120A8,203997BC46B8792DC9747ABD230569071F9A0439,EDA6413C3E3A95492114FE07CD953AD897E40D1A,760EBB9F4200B3DFB1B817B40FF0563A3C150D39,5B368CFF2DA2686996BC95EAC190EAA4F5630FE5,01D845B26B688D8EF647205A5944E9407E52E06E,27196E386B875E76ADF700E7EA84E4C6EEE33DFA,1CDD04F1E4A732BB0352FDFAEE26D2315526DF85,025D5212BF3B5F5CDA6117A518721D70A94D84E0
11-16 14:06:37.013: I/CarrierServices(10089):    carrier_services_security_flags_test_service_white_listed_packages: com.google.android.ims.mobly.snippets
11-16 14:06:37.013: I/CarrierServices(10089):    carrier_services_security_flags_test_service_white_listed_signatures: AE41481F52E0F58DF2806D5A38EB3DBCA5AE02B0,E165542B31953CC282AA4EF2F4D5F07F7663A2A2
11-16 14:06:37.013: I/CarrierServices(10089):    carrier_services_security_flags_white_listed_packages: com.google.android.apps.messaging,com.google.android.dialer,com.google.android.ims.client.sampleapp,com.android.contacts,com.lge.rcscall,com.android.incallui,com.huawei.incallui.appfeature.rcsfeature
11-16 14:06:37.013: I/CarrierServices(10089):    carrier_services_security_flags_white_listed_signatures: B28C3EDB665DF32686224DF800F603E9959BBE4E,0980A12BE993528C19107BC21AD811478C63CEFC,B38FA7B5ECFAEC44620A020752B07E063B3120A8,203997BC46B8792DC9747ABD230569071F9A0439,EDA6413C3E3A95492114FE07CD953AD897E40D1A,760EBB9F4200B3DFB1B817B40FF0563A3C150D39,5B368CFF2DA2686996BC95EAC190EAA4F5630FE5,01D845B26B688D8EF647205A5944E9407E52E06E,27196E386B875E76ADF700E7EA84E4C6EEE33DFA,1CDD04F1E4A732BB0352FDFAEE26D2315526DF85,025D5212BF3B5F5CDA6117A518721D70A94D84E0
11-16 14:06:37.013: I/CarrierServices(10089):    carrier_services_video_share_disabled_user_agent_substrings: SM-G930,SM-G935,SM-A320
11-16 14:06:37.013: I/CarrierServices(10089): ====================
11-16 14:06:37.019: D/CarrierServices(10089): log_saver already enabled
11-16 14:06:37.038: I/GservicesProvider(4415): override update completed
11-16 14:06:37.053: I/TestSupport(13608): GServices override confirmed: gms:phenotype:phenotype_flag:debug_bypass_phenotype=false [CONTEXT service_id=133 ]
11-16 14:06:37.057: I/Bugle(10179): ApnsOta: OTA version -1
11-16 14:06:37.063: I/TestSupport(13608): SetFlagOverridesOperation: com.google.android.gms.auth.api.credentials, '', [Flag(SaveStrategy__enableSaving, false, 2, 0)] [CONTEXT service_id=133 ]
11-16 14:06:37.073: I/CarrierServices(10089): [2] bxu.e: Carrier Services GServices flags:
