11-16 14:06:50.008: I/ActivityManager(1162): Start proc 16714:com.google.android.apps.chromecast.app/u0a149 for broadcast com.google.android.apps.chromecast.app/com.google.android.libraries.notifications.entrypoints.localechanged.LocaleChangedReceiver
11-16 14:06:50.019: E/.chromecast.ap(16714): Not starting debugger since process cannot load the jdwp agent.
11-16 14:06:50.023: E/ExecutionCriteria(11019): Package unavailable for task: com.google.android.apps.gcs/com.google.android.flib.phenotype.services.PhenotypeExperimentCommitService{u=0 tag="PhenotypeExpCommitSvc" trigger=window{start=0s,end=30s,earliest=-286s,latest=-256s} requirements=[NET_ANY] attributes=[PERSISTED] scheduled=-286s last_run=N/A exec_window_multiplier=1.0000 jid=N/A status=PENDING retries=0 client_lib=MANCHEGO_GCM-11732000} [CONTEXT service_id=218 ]
11-16 14:06:50.032: I/Zygote(734): Process 15805 exited due to signal (9)
11-16 14:06:50.035: I/.chromecast.ap(16714): The ClassLoaderContext is a special shared library.
11-16 14:06:50.046: W/libprocessgroup(1162): kill(-15805, 9) failed: No such process
11-16 14:06:50.046: I/libprocessgroup(1162): Successfully killed process cgroup uid 10014 pid 15805 in 47ms
11-16 14:06:50.050: I/OpaEnabledReceiver(3696): Dispatching OPA eligble = true; AGSA = true; OPA enabled = true
11-16 14:06:50.050: I/OpaLayout(3696): Setting opa enabled to true
11-16 14:06:50.051: I/OpaLayout(3696): Setting opa enabled to true
11-16 14:06:50.057: I/FirebaseJobDispatcher(3661): onStartJob(): DefaultStickerUpdate.
11-16 14:06:50.057: I/DefaultStickerUpdate(3661): Submitted task to executor service with data=DefaultStickerTaskData{enabled=true, metadataUriPrefix=https://www.gstatic.com/android/keyboard/stickers/configs/v5/, supportedLanguage=en}
11-16 14:06:50.065: I/android.youtub(16567): WaitForGcToComplete blocked AddRemoveAppImageSpace on HeapTrim for 126.047ms
11-16 14:06:50.072: W/android.youtub(16567): Suspending all threads took: 6.601ms
11-16 14:06:50.076: D/NetworkSecurityConfig(3661): No Network Security Config specified, using platform default
11-16 14:06:50.083: I/NetworkScheduler.Stats(11019): Task com.google.android.inputmethod.latin/ started execution. cause:7 exec_start_elapsed_seconds: 387 [CONTEXT service_id=218 ]
11-16 14:06:50.103: I/droid.apps.tip(16087): Waiting for a blocking GC ProfileSaver
11-16 14:06:50.105: I/DefaultStickerUpdate(3661): Started update task with DefaultStickerTaskData{enabled=true, metadataUriPrefix=https://www.gstatic.com/android/keyboard/stickers/configs/v5/, supportedLanguage=en}
11-16 14:06:50.110: I/OpaEnabledReceiver(3696): Dispatching OPA eligble = true; AGSA = true; OPA enabled = true
11-16 14:06:50.110: I/OpaLayout(3696): Setting opa enabled to true
11-16 14:06:50.110: I/OpaLayout(3696): Setting opa enabled to true
11-16 14:06:50.110: I/OpaEligibilityChecker(10132): send OpaEligibilityChange broadcast to CommonBroadcastReceiver
11-16 14:06:50.121: E/ExecutionCriteria(11019): Package unavailable for task: com.google.android.apps.gcs/com.google.android.flib.phenotype.services.PhenotypeExperimentCommitService{u=0 tag="PhenotypeExpCommitSvc" trigger=window{start=0s,end=30s,earliest=-286s,latest=-256s} requirements=[NET_ANY] attributes=[PERSISTED] scheduled=-286s last_run=N/A exec_window_multiplier=1.0000 jid=N/A status=PENDING retries=0 client_lib=MANCHEGO_GCM-11732000} [CONTEXT service_id=218 ]
11-16 14:06:50.122: I/DefaultStickerUpdate(3661): Read metadata file from cache with 267141 bytes
11-16 14:06:50.132: I/BlobLobber(10132): Canceling downloads: [odws2_en:us:807_2019-07-21_260300236_release_signed]
11-16 14:06:50.132: I/BlobLobber(10132): Failed to cancel [odws2_en:us:807_2019-07-21_260300236_release_signed]
11-16 14:06:50.192: W/android.youtub(16567): Unsupported class loader
11-16 14:06:50.194: W/android.youtub(16567): Skipping duplicate class check due to unsupported classloader
11-16 14:06:50.205: I/DynamiteModule(16567): Considering local module com.google.android.gms.ads.dynamite:0 and remote module com.google.android.gms.ads.dynamite:213806100
11-16 14:06:50.205: I/DynamiteModule(16567): Selected remote version of com.google.android.gms.ads.dynamite, version >= 213806100
11-16 14:06:50.222: I/BgTaskExecutorImpl(10132): Starting EXCLUSIVE background task BLOBLOBBER_SYNC.
11-16 14:06:50.255: I/VelourConfigListener(10132): Received new velour config
11-16 14:06:50.291: W/android.youtub(16567): Unsupported class loader
11-16 14:06:50.301: W/android.youtub(16567): Skipping duplicate class check due to unsupported classloader
11-16 14:06:50.327: I/BgTaskExecutorImpl(10132): Starting EXCLUSIVE background task VELOUR_BACKGROUND_MAINTENANCE.
11-16 14:06:50.358: D/DynamitePackage(16567): Instantiated singleton DynamitePackage.
11-16 14:06:50.358: D/DynamitePackage(16567): Instantiating com.google.android.gms.ads.adshield.ChimeraAdShieldCreatorImpl
11-16 14:06:50.386: W/earchbox:searc(10132): Unsupported class loader
11-16 14:06:50.389: W/.chromecast.ap(16714): JIT profile information will not be recorded: profile file does not exits.
11-16 14:06:50.389: I/chatty(16714): uid=10149(com.google.android.apps.chromecast.app) identical 1 line
11-16 14:06:50.389: W/.chromecast.ap(16714): JIT profile information will not be recorded: profile file does not exits.
11-16 14:06:50.423: W/PrimesInit(16714): Primes instant initialization
11-16 14:06:50.424: W/Primes(16714): background initialization
11-16 14:06:50.438: I/DefaultStickerUpdate(3661): Received 6 sticker packs in metadata
11-16 14:06:50.461: I/PrimesTesting(16714): GserviceFlagsSupplier.get()
11-16 14:06:50.556: I/EventLogSendingHelper(10132): Sending log events.
11-16 14:06:50.572: I/DefaultStickerUpdate(3661): Created 152 indexables
11-16 14:06:50.580: D/DownloadManager(15576): [83] Starting
11-16 14:06:50.594: I/Icing(13608): IndexChimeraService.getServiceInterface callingPackage=com.google.android.googlequicksearchbox componentName=agsa_icing_connection serviceId=32
11-16 14:06:50.606: I/Icing(13608): IndexChimeraService.getServiceInterface callingPackage=com.google.android.googlequicksearchbox componentName=agsa_icing_connection serviceId=33
11-16 14:06:50.606: I/Icing(13608): Indexing com.google.android.gms-internal.3p:MobileApplication from com.google.android.gms
11-16 14:06:50.628: I/EventLogSendingHelper(10132): Sending log events.
11-16 14:06:50.632: D/NetworkSecurityConfig(15576): Using Network Security Config from resource network_security_config debugBuild: false
11-16 14:06:50.649: D/NetworkSecurityConfig(15576): Using Network Security Config from resource network_security_config debugBuild: false
11-16 14:06:50.653: I/dex2oat(16760): The ClassLoaderContext is a special shared library.
11-16 14:06:50.653: I/dex2oat(16760): /system/bin/dex2oat --dex-file=/data/user/0/com.google.android.youtube/cache/1629828815138.jar --output-vdex-fd=87 --oat-fd=88 --oat-location=/data/user/0/com.google.android.youtube/cache/oat/arm64/1629828815138.odex --compiler-filter=quicken --class-loader-context=&
11-16 14:06:50.666: W/SearchServiceCore(10132): Abort, client detached.
11-16 14:06:50.666: I/chatty(10132): uid=10047 com.google.android.googlequicksearchbox:search identical 4 lines
11-16 14:06:50.666: W/SearchServiceCore(10132): Abort, client detached.
11-16 14:06:50.667: D/NetworkSecurityConfig(15576): No Network Security Config specified, using platform default
11-16 14:06:50.676: I/Icing(13608): Indexing done com.google.android.gms-internal.3p:MobileApplication
11-16 14:06:50.681: I/Icing(13608): Indexing com.android.chrome-internal.3p:WebPage from com.android.chrome
11-16 14:06:50.686: E/SQLiteLog(13608): (1) no such table: WebPage_com.android.chrome_seq_table
11-16 14:06:50.686: E/Icing(13608): Cursor call threw an exception: no such table: WebPage_com.android.chrome_seq_table (code 1 SQLITE_ERROR): , while compiling: SELECT * FROM [WebPage_com.android.chrome_seq_table] WHERE seqno>0 AND tag IS NULL ORDER BY seqno LIMIT 20
11-16 14:06:50.687: I/Icing(13608): Indexing done com.android.chrome-internal.3p:WebPage
11-16 14:06:50.687: E/Icing(13608): Aborting indexing of corpus internal.3p:WebPage
11-16 14:06:50.696: W/Icing(13608): No valid account for uploading user actions
11-16 14:06:50.702: I/Icing(13608): Usage reports ok 0, Failed Usage reports 0, indexed 0, rejected 0
11-16 14:06:50.708: D/QSEECOMAPI(16652): QSEECom_get_handle sb_length = 0x400
11-16 14:06:50.708: D/QSEECOMAPI(16652): App is already loaded QSEE and app id = 1
11-16 14:06:50.710: E/fpc_tac(16652): qsee_km_get_encapsulated_key KEYMASTER_GET_AUTH_TOKEN_KEY returned status=-24
11-16 14:06:50.710: D/QSEECOMAPI(16652): QSEECom_dealloc_memory 
11-16 14:06:50.710: D/QSEECOMAPI(16652): QSEECom_shutdown_app, app_id = 1
11-16 14:06:50.710: E/fpc_fingerprint_hal(16652): fpc_hal_open failed
11-16 14:06:50.712: I/EventHub(1162): Removing device '/dev/input/event3' due to inotify event
11-16 14:06:50.712: I/EventHub(1162): Removed device: path=/dev/input/event3 name=uinput-fpc id=80 fd=167 classes=0x101
11-16 14:06:50.712: W/EventHub(1162): built-in keyboard device /dev/input/event3 (id=80) is closing! the apps will not like this
11-16 14:06:50.713: W/InputReader(1162): Ignoring spurious device removed event for deviceId 80.
11-16 14:06:50.718: W/Icing(13608): No valid account for uploading user actions
11-16 14:06:50.729: D/QSEECOMAPI(16652): QSEECom_dealloc_memory 
11-16 14:06:50.729: D/QSEECOMAPI(16652): QSEECom_shutdown_app, app_id = 80
11-16 14:06:50.729: I/Icing(13608): Usage reports ok 0, Failed Usage reports 0, indexed 0, rejected 0
11-16 14:06:50.736: I/dex2oat(16765): The ClassLoaderContext is a special shared library.
11-16 14:06:50.736: I/dex2oat(16765): /system/bin/dex2oat --dex-file=/data/user/0/com.google.android.googlequicksearchbox/files/velour/verified_jars/Jkk1AICSm8V3ZDlxbl8SBoQ_1.jar --output-vdex-fd=43 --oat-fd=87 --oat-location=/data/user/0/com.google.android.googlequicksearchbox/files/velour/verified_jars/oat/arm64/Jkk1AICSm8V3ZDlxbl8SBoQ_1.odex --compiler-filter=quicken --class-loader-context=&
11-16 14:06:50.750: I/FA(16714): App measurement is starting up, version: 18100
11-16 14:06:50.750: I/FA(16714): To enable debug logging run: adb shell setprop log.tag.FA VERBOSE
11-16 14:06:50.750: I/FA(16714): To enable faster debug mode event logging run:
11-16 14:06:50.750: I/FA(16714):   adb shell setprop debug.firebase.analytics.app com.google.android.apps.chromecast.app
11-16 14:06:50.775: W/HomeApp|huv(16714): Can't load devices as there is no network connection! Will retry later.
11-16 14:06:50.784: I/BlobLobber(10132): Canceling downloads: []
11-16 14:06:50.798: I/VelourConfigListener(10132): Received new velour config
11-16 14:06:50.799: I/OpaEnabledReceiver(3696): Dispatching OPA eligble = true; AGSA = true; OPA enabled = true
11-16 14:06:50.800: I/OpaLayout(3696): Setting opa enabled to true
11-16 14:06:50.800: I/BgTaskExecutorImpl(10132): Starting EXCLUSIVE background task BLOBLOBBER_SYNC.
11-16 14:06:50.800: I/OpaLayout(3696): Setting opa enabled to true
11-16 14:06:50.848: W/BlobLobber(10132): Skipping download (already active): odws2_en:us:524_2019-09-12_270573492_release_signed
11-16 14:06:50.855: I/dex2oat(16760): dex2oat took 216.029ms (66.183ms cpu) (threads: 8) arena alloc=5KB (5784B) java alloc=48KB (49168B) native alloc=904KB (926416B) free=1655KB (1695024B)
11-16 14:06:50.870: I/android.youtub(16567): The ClassLoaderContext is a special shared library.
11-16 14:06:50.883: I/OpaEligibilityChecker(10132): send OpaEligibilityChange broadcast to CommonBroadcastReceiver
11-16 14:06:50.884: I/OpaEnabledReceiver(3696): Dispatching OPA eligble = true; AGSA = true; OPA enabled = true
11-16 14:06:50.884: I/OpaLayout(3696): Setting opa enabled to true
11-16 14:06:50.926: D/ConnectivityService(1162): requestNetwork for uid/pid:10080/16567 NetworkRequest [ TRACK_DEFAULT id=53, [ Capabilities: INTERNET&NOT_RESTRICTED&TRUSTED Unwanted:  Uid: 10080] ]
11-16 14:06:50.885: I/OpaLayout(3696): Setting opa enabled to true
11-16 14:06:50.928: D/Ethernet(1162): got request NetworkRequest [ TRACK_DEFAULT id=53, [ Capabilities: INTERNET&NOT_RESTRICTED&TRUSTED Unwanted:  Uid: 10080] ] with score 60
11-16 14:06:50.928: D/WIFI(1162): got request NetworkRequest [ TRACK_DEFAULT id=53, [ Capabilities: INTERNET&NOT_RESTRICTED&TRUSTED Unwanted:  Uid: 10080] ] with score 60
11-16 14:06:50.928: D/WIFI_UT(1162): got request NetworkRequest [ TRACK_DEFAULT id=53, [ Capabilities: INTERNET&NOT_RESTRICTED&TRUSTED Unwanted:  Uid: 10080] ] with score 60
11-16 14:06:50.928: D/WIFI_AWARE_FACTORY(1162): got request NetworkRequest [ TRACK_DEFAULT id=53, [ Capabilities: INTERNET&NOT_RESTRICTED&TRUSTED Unwanted:  Uid: 10080] ] with score 60
11-16 14:06:50.928: D/PhoneSwitcherNetworkRequstListener(3809): got request NetworkRequest [ TRACK_DEFAULT id=53, [ Capabilities: INTERNET&NOT_RESTRICTED&TRUSTED Unwanted:  Uid: 10080] ] with score 60
11-16 14:06:50.929: D/BoundBrokerSvc(11019): onUnbind: Intent { act=com.google.android.gms.nearby.exposurenotification.START cmp=com.google.android.gms/.chimera.PersistentApiService }
11-16 14:06:50.934: I/FontLog(11019): Received query Google Sans, URI content://com.google.android.gms.fonts [CONTEXT service_id=132 ]
11-16 14:06:50.935: I/FontLog(11019): Query [Google Sans] resolved to {Google Sans, wdth 100.0, wght 400, ital 0.0, bestEffort false} [CONTEXT service_id=132 ]
11-16 14:06:50.937: I/FontLog(11019): Font PFD returned from cache for {Google Sans, wdth 100.0, wght 400, ital 0.0, bestEffort false} [CONTEXT service_id=132 ]
11-16 14:06:50.937: I/FontLog(11019): Fetch {Google Sans, wdth 100.0, wght 400, ital 0.0, bestEffort false} end status Status{statusCode=SUCCESS, resolution=null} [CONTEXT service_id=132 ]
11-16 14:06:50.944: I/FontLog(11019): Pulling font file for id = 9, cache size = 6 [CONTEXT service_id=132 ]
11-16 14:06:50.950: I/FontLog(11019): Received query Google Sans:500, URI content://com.google.android.gms.fonts [CONTEXT service_id=132 ]
11-16 14:06:50.951: I/FontLog(11019): Query [Google Sans:500] resolved to {Google Sans, wdth 100.0, wght 500, ital 0.0, bestEffort false} [CONTEXT service_id=132 ]
11-16 14:06:50.952: I/Icing(13608): IndexChimeraService.getServiceInterface callingPackage=com.google.android.googlequicksearchbox componentName=agsa_icing_connection serviceId=32
11-16 14:06:50.954: I/Icing(13608): IndexChimeraService.getServiceInterface callingPackage=com.google.android.googlequicksearchbox componentName=agsa_icing_connection serviceId=33
11-16 14:06:50.954: I/FontLog(11019): Font PFD returned from cache for {Google Sans, wdth 100.0, wght 500, ital 0.0, bestEffort false} [CONTEXT service_id=132 ]
11-16 14:06:50.954: I/FontLog(11019): Fetch {Google Sans, wdth 100.0, wght 500, ital 0.0, bestEffort false} end status Status{statusCode=SUCCESS, resolution=null} [CONTEXT service_id=132 ]
11-16 14:06:50.955: I/android.youtub(16567): Rejecting re-init on previously-failed class java.lang.Class<com.google.android.ads.tasks.appdigest.a>: java.lang.NoClassDefFoundError: Failed resolution of: Landroid/content/pm/PackageManager$OnChecksumsReadyListener;
11-16 14:06:50.955: I/android.youtub(16567):   at java.lang.Class dalvik.system.DexFile.defineClassNative(java.lang.String, java.lang.ClassLoader, java.lang.Object, dalvik.system.DexFile) (DexFile.java:-2)
11-16 14:06:50.955: I/android.youtub(16567):   at java.lang.Class dalvik.system.DexFile.defineClass(java.lang.String, java.lang.ClassLoader, java.lang.Object, dalvik.system.DexFile, java.util.List) (DexFile.java:283)
11-16 14:06:50.955: I/android.youtub(16567):   at java.lang.Class dalvik.system.DexFile.loadClassBinaryName(java.lang.String, java.lang.ClassLoader, java.util.List) (DexFile.java:276)
11-16 14:06:50.955: I/android.youtub(16567):   at java.lang.Class dalvik.system.DexPathList$Element.findClass(java.lang.String, java.lang.ClassLoader, java.util.List) (DexPathList.java:724)
11-16 14:06:50.955: I/android.youtub(16567):   at java.lang.Class dalvik.system.DexPathList.findClass(java.lang.String, java.util.List) (DexPathList.java:486)
11-16 14:06:50.955: I/android.youtub(16567):   at java.lang.Class dalvik.system.BaseDexClassLoader.findClass(java.lang.String) (BaseDexClassLoader.java:132)
11-16 14:06:50.955: I/android.youtub(16567):   at java.lang.Class bg.loadClass(java.lang.String, boolean) (:com.google.android.gms.dynamite_dynamiteloader@213614065@21.36.14 (100400-0):2)
11-16 14:06:50.955: I/android.youtub(16567):   at java.lang.Class java.lang.ClassLoader.loadClass(java.lang.String) (ClassLoader.java:312)
11-16 14:06:50.955: I/android.youtub(16567):   at java.util.List xu.r(yv, android.content.Context, bqi, com.google.ads.afma.g) (:com.google.android.gms.policy_ads_fdr_dynamite@213806100@213806100057.397311113.397311113:5)
11-16 14:06:50.955: I/android.youtub(16567):   at java.util.List xv.r(yv, android.content.Context, bqi, com.google.ads.afma.g) (:com.google.android.gms.policy_ads_fdr_dynamite@213806100@213806100057.397311113.397311113:4)
11-16 14:06:50.955: I/android.youtub(16567):   at void xu.s(yv, android.content.Context, bqi, com.google.ads.afma.g) (:com.google.android.gms.policy_ads_fdr_dynamite@213806100@213806100057.397311113.397311113:0)
11-16 14:06:50.955: I/android.youtub(16567):   at bqi xu.m(android.content.Context, com.google.ads.afma.g) (:com.google.android.gms.policy_ads_fdr_dynamite@213806100@213806100057.397311113.397311113:7)
11-16 14:06:50.955: I/android.youtub(16567):   at java.lang.String xp.r(android.content.Context, java.lang.String, int, android.view.View, android.app.Activity, byte[]) (:com.google.android.gms.policy_ads_fdr_dynamite@213806100@213806100057.397311113.397311113:8)
11-16 14:06:50.955: I/android.youtub(16567):   at java.lang.String xp.g(android.content.Context, byte[]) (:com.google.android.gms.policy_ads_fdr_dynamite@213806100@213806100057.397311113.397311113:2)
11-16 14:06:50.955: I/android.youtub(16567):   at java.lang.String com.google.android.gms.ads.adshield.internal.a.b(aqh, byte[]) (:com.google.android.gms.policy_ads_fdr_dynamite@213806100@213806100057.397311113.397311113:1)
11-16 14:06:50.955: I/android.youtub(16567):   at boolean com.google.android.gms.ads.adshield.internal.a.bJ(int, android.os.Parcel, android.os.Parcel) (:com.google.android.gms.policy_ads_fdr_dynamite@213806100@213806100057.397311113.397311113:54)
11-16 14:06:50.955: I/android.youtub(16567):   at boolean zg.onTransact(int, android.os.Parcel, android.os.Parcel, int) (:com.google.android.gms.policy_ads_fdr_dynamite@213806100@213806100057.397311113.397311113:4)
11-16 14:06:50.955: I/android.youtub(16567):   at boolean android.os.Binder.transact(int, android.os.Parcel, android.os.Parcel, int) (Binder.java:667)
11-16 14:06:50.955: I/android.youtub(16567):   at android.os.Parcel pcs.a(int, android.os.Parcel) (SourceFile:7)
11-16 14:06:50.955: I/android.youtub(16567):   at java.lang.String pkk.a(oms, byte[]) (SourceFile:40)
11-16 14:06:50.955: I/android.youtub(16567):   at java.lang.String nrc.a(android.content.Context, byte[]) (SourceFile:6)
11-16 14:06:50.955: I/android.youtub(16567):   at java.lang.String qis.a(android.content.Context, byte[]) (SourceFile:10)
11-16 14:06:50.955: I/android.youtub(16567):   at java.lang.String skv.a(qio, byte[]) (SourceFile:59)
11-16 14:06:50.955: I/android.youtub(16567):   at java.lang.String skv.g() (SourceFile:41)
11-16 14:06:50.955: I/android.youtub(16567):   at java.lang.String skv.b() (SourceFile:69)
11-16 14:06:50.955: I/android.youtub(16567):   at java.lang.String slq.i() (SourceFile:56)
11-16 14:06:50.955: I/android.youtub(16567):   at java.lang.String slq.b() (SourceFile:32)
11-16 14:06:50.955: I/android.youtub(16567):   at void slq.e() (SourceFile:37)
11-16 14:06:50.955: I/android.youtub(16567):   at void cmk.run() (SourceFile:7)
11-16 14:06:50.955: I/android.youtub(16567):   at java.lang.Object java.util.concurrent.Executors$RunnableAdapter.call() (Executors.java:458)
11-16 14:06:50.955: I/android.youtub(16567):   at void java.util.concurrent.FutureTask.run() (FutureTask.java:266)
11-16 14:06:50.955: I/android.youtub(16567):   at void java.util.concurrent.ScheduledThreadPoolExecutor$ScheduledFutureTask.run() (ScheduledThreadPoolExecutor.java:301)
11-16 14:06:50.955: I/android.youtub(16567):   at void java.util.concurrent.ThreadPoolExecutor.runWorker(java.util.concurrent.ThreadPoolExecutor$Worker) (ThreadPoolExecutor.java:1167)
11-16 14:06:50.955: I/android.youtub(16567):   at void java.util.concurrent.ThreadPoolExecutor$Worker.run() (ThreadPoolExecutor.java:641)
11-16 14:06:50.955: I/android.youtub(16567):   at void ubi.run() (SourceFile:20)
11-16 14:06:50.955: I/android.youtub(16567):   at void java.lang.Thread.run() (Thread.java:764)
11-16 14:06:50.955: I/android.youtub(16567): Caused by: java.lang.ClassNotFoundException: Didn't find class "android.content.pm.PackageManager$OnChecksumsReadyListener" on path: DexPathList[[zip file "/data/user_de/0/com.google.android.gms/app_chimera/m/00000011/dl-AdsFdrDynamite.integ_213806100100000.apk"],nativeLibraryDirectories=[/data/user_de/0/com.google.android.gms/app_chimera/m/00000011/dl-AdsFdrDynamite.integ_213806100100000.apk!/lib/arm64-v8a, /system/lib64]]
11-16 14:06:50.955: I/android.youtub(16567):   at java.lang.Class dalvik.system.BaseDexClassLoader.findClass(java.lang.String) (BaseDexClassLoader.java:134)
11-16 14:06:50.955: I/android.youtub(16567):   at java.lang.Class java.lang.ClassLoader.loadClass(java.lang.String, boolean) (ClassLoader.java:379)
11-16 14:06:50.955: I/android.youtub(16567):   at java.lang.Class bg.loadClass(java.lang.String, boolean) (:com.google.android.gms.dynamite_dynamiteloader@213614065@21.36.14 (100400-0):3)
11-16 14:06:50.955: I/android.youtub(16567):   at java.lang.Class java.lang.ClassLoader.loadClass(java.lang.String) (ClassLoader.java:312)
11-16 14:06:50.955: I/android.youtub(16567):   at java.lang.Class dalvik.system.DexFile.defineClassNative(java.lang.String, java.lang.ClassLoader, java.lang.Object, dalvik.system.DexFile) (DexFile.java:-2)
11-16 14:06:50.955: I/android.youtub(16567):   at java.lang.Class dalvik.system.DexFile.defineClass(java.lang.String, java.lang.ClassLoader, java.lang.Object, dalvik.system.DexFile, java.util.List) (DexFile.java:283)
11-16 14:06:50.955: I/android.youtub(16567):   at java.lang.Class dalvik.system.DexFile.loadClassBinaryName(java.lang.String, java.lang.ClassLoader, java.util.List) (DexFile.java:276)
11-16 14:06:50.955: I/android.youtub(16567):   at java.lang.Class dalvik.system.DexPathList$Element.findClass(java.lang.String, java.lang.ClassLoader, java.util.List) (DexPathList.java:724)
11-16 14:06:50.955: I/android.youtub(16567):   at java.lang.Class dalvik.system.DexPathList.findClass(java.lang.String, java.util.List) (DexPathList.java:486)
11-16 14:06:50.955: I/android.youtub(16567):   at java.lang.Class dalvik.system.BaseDexClassLoader.findClass(java.lang.String) (BaseDexClassLoader.java:132)
11-16 14:06:50.955: I/android.youtub(16567):   at java.lang.Class bg.loadClass(java.lang.String, boolean) (:com.google.android.gms.dynamite_dynamiteloader@213614065@21.36.14 (100400-0):2)
11-16 14:06:50.955: I/android.youtub(16567):   at java.lang.Class java.lang.ClassLoader.loadClass(java.lang.String) (ClassLoader.java:312)
11-16 14:06:50.955: I/android.youtub(16567):   at java.util.List xu.r(yv, android.content.Context, bqi, com.google.ads.afma.g) (:com.google.android.gms.policy_ads_fdr_dynamite@213806100@213806100057.397311113.397311113:5)
11-16 14:06:50.955: I/android.youtub(16567):   at java.util.List xv.r(yv, android.content.Context, bqi, com.google.ads.afma.g) (:com.google.android.gms.policy_ads_fdr_dynamite@213806100@213806100057.397311113.397311113:4)
11-16 14:06:50.955: I/android.youtub(16567):   at void xu.s(yv, android.content.Context, bqi, com.google.ads.afma.g) (:com.google.android.gms.policy_ads_fdr_dynamite@213806100@213806100057.397311113.397311113:0)
11-16 14:06:50.955: I/android.youtub(16567):   at bqi xu.m(android.content.Context, com.google.ads.afma.g) (:com.google.android.gms.policy_ads_fdr_dynamite@213806100@213806100057.397311113.397311113:7)
11-16 14:06:50.955: I/android.youtub(16567):   at java.lang.String xp.r(android.content.Context, java.lang.String, int, android.view.View, android.app.Activity, byte[]) (:com.google.android.gms.policy_ads_fdr_dynamite@213806100@213806100057.397311113.397311113:8)
11-16 14:06:50.955: I/android.youtub(16567):   at java.lang.String xp.g(android.content.Context, byte[]) (:com.google.android.gms.policy_ads_fdr_dynamite@213806100@213806100057.397311113.397311113:2)
11-16 14:06:50.955: I/android.youtub(16567):   at java.lang.String com.google.android.gms.ads.adshield.internal.a.b(aqh, byte[]) (:com.google.android.gms.policy_ads_fdr_dynamite@213806100@213806100057.397311113.397311113:1)
11-16 14:06:50.955: I/android.youtub(16567):   at boolean com.google.android.gms.ads.adshield.internal.a.bJ(int, android.os.Parcel, android.os.Parcel) (:com.google.android.gms.policy_ads_fdr_dynamite@213806100@213806100057.397311113.397311113:54)
11-16 14:06:50.955: I/android.youtub(16567):   at boolean zg.onTransact(int, android.os.Parcel, android.os.Parcel, int) (:com.google.android.gms.policy_ads_fdr_dynamite@213806100@213806100057.397311113.397311113:4)
11-16 14:06:50.955: I/android.youtub(16567):   at boolean android.os.Binder.transact(int, android.os.Parcel, android.os.Parcel, int) (Binder.java:667)
11-16 14:06:50.955: I/android.youtub(16567):   at android.os.Parcel pcs.a(int, android.os.Parcel) (SourceFile:7)
11-16 14:06:50.955: I/android.youtub(16567):   at java.lang.String pkk.a(oms, byte[]) (SourceFile:40)
11-16 14:06:50.955: I/android.youtub(16567):   at java.lang.String nrc.a(android.content.Context, byte[]) (SourceFile:6)
11-16 14:06:50.955: I/android.youtub(16567):   at java.lang.String qis.a(android.content.Context, byte[]) (SourceFile:10)
11-16 14:06:50.955: I/android.youtub(16567):   at java.lang.String skv.a(qio, byte[]) (SourceFile:59)
11-16 14:06:50.955: I/android.youtub(16567):   at java.lang.String skv.g() (SourceFile:41)
11-16 14:06:50.955: I/android.youtub(16567):   at java.lang.String skv.b() (SourceFile:69)
11-16 14:06:50.955: I/android.youtub(16567):   at java.lang.String slq.i() (SourceFile:56)
11-16 14:06:50.955: I/android.youtub(16567):   at java.lang.String slq.b() (SourceFile:32)
11-16 14:06:50.955: I/android.youtub(16567):   at void slq.e() (SourceFile:37)
11-16 14:06:50.955: I/android.youtub(16567):   at void cmk.run() (SourceFile:7)
11-16 14:06:50.955: I/android.youtub(16567):   at java.lang.Object java.util.concurrent.Executors$RunnableAdapter.call() (Executors.java:458)
11-16 14:06:50.955: I/android.youtub(16567):   at void java.util.concurrent.FutureTask.run() (FutureTask.java:266)
11-16 14:06:50.955: I/android.youtub(16567):   at void java.util.concurrent.ScheduledThreadPoolExecutor$ScheduledFutureTask.run() (ScheduledThreadPoolExecutor.java:301)
11-16 14:06:50.955: I/android.youtub(16567):   at void java.util.concurrent.ThreadPoolExecutor.runWorker(java.util.concurrent.ThreadPoolExecutor$Worker) (ThreadPoolExecutor.java:1167)
11-16 14:06:50.955: I/android.youtub(16567):   at void java.util.concurrent.ThreadPoolExecutor$Worker.run() (ThreadPoolExecutor.java:641)
11-16 14:06:50.955: I/android.youtub(16567):   at void ubi.run() (SourceFile:20)
11-16 14:06:50.955: I/android.youtub(16567):   at void java.lang.Thread.run() (Thread.java:764)
11-16 14:06:50.956: I/android.youtub(16567): Rejecting re-init on previously-failed class java.lang.Class<com.google.android.ads.tasks.appdigest.a>: java.lang.NoClassDefFoundError: Failed resolution of: Landroid/content/pm/PackageManager$OnChecksumsReadyListener;
11-16 14:06:50.956: I/android.youtub(16567):   at java.lang.Class dalvik.system.DexFile.defineClassNative(java.lang.String, java.lang.ClassLoader, java.lang.Object, dalvik.system.DexFile) (DexFile.java:-2)
11-16 14:06:50.956: I/android.youtub(16567):   at java.lang.Class dalvik.system.DexFile.defineClass(java.lang.String, java.lang.ClassLoader, java.lang.Object, dalvik.system.DexFile, java.util.List) (DexFile.java:283)
11-16 14:06:50.956: I/android.youtub(16567):   at java.lang.Class dalvik.system.DexFile.loadClassBinaryName(java.lang.String, java.lang.ClassLoader, java.util.List) (DexFile.java:276)
11-16 14:06:50.956: I/android.youtub(16567):   at java.lang.Class dalvik.system.DexPathList$Element.findClass(java.lang.String, java.lang.ClassLoader, java.util.List) (DexPathList.java:724)
11-16 14:06:50.956: I/android.youtub(16567):   at java.lang.Class dalvik.system.DexPathList.findClass(java.lang.String, java.util.List) (DexPathList.java:486)
11-16 14:06:50.956: I/android.youtub(16567):   at java.lang.Class dalvik.system.BaseDexClassLoader.findClass(java.lang.String) (BaseDexClassLoader.java:132)
11-16 14:06:50.956: I/android.youtub(16567):   at java.lang.Class bg.loadClass(java.lang.String, boolean) (:com.google.android.gms.dynamite_dynamiteloader@213614065@21.36.14 (100400-0):2)
11-16 14:06:50.956: I/android.youtub(16567):   at java.lang.Class java.lang.ClassLoader.loadClass(java.lang.String) (ClassLoader.java:312)
11-16 14:06:50.956: I/android.youtub(16567):   at java.util.List xu.r(yv, android.content.Context, bqi, com.google.ads.afma.g) (:com.google.android.gms.policy_ads_fdr_dynamite@213806100@213806100057.397311113.397311113:5)
11-16 14:06:50.956: I/android.youtub(16567):   at java.util.List xv.r(yv, android.content.Context, bqi, com.google.ads.afma.g) (:com.google.android.gms.policy_ads_fdr_dynamite@213806100@213806100057.397311113.397311113:4)
11-16 14:06:50.956: I/android.youtub(16567):   at void xu.s(yv, android.content.Context, bqi, com.google.ads.afma.g) (:com.google.android.gms.policy_ads_fdr_dynamite@213806100@213806100057.397311113.397311113:0)
11-16 14:06:50.956: I/android.youtub(16567):   at bqi xu.m(android.content.Context, com.google.ads.afma.g) (:com.google.android.gms.policy_ads_fdr_dynamite@213806100@213806100057.397311113.397311113:7)
11-16 14:06:50.956: I/android.youtub(16567):   at java.lang.String xp.r(android.content.Context, java.lang.String, int, android.view.View, android.app.Activity, byte[]) (:com.google.android.gms.policy_ads_fdr_dynamite@213806100@213806100057.397311113.397311113:8)
11-16 14:06:50.956: I/android.youtub(16567):   at java.lang.String xp.g(android.content.Context, byte[]) (:com.google.android.gms.policy_ads_fdr_dynamite@213806100@213806100057.397311113.397311113:2)
11-16 14:06:50.956: I/android.youtub(16567):   at java.lang.String com.google.android.gms.ads.adshield.internal.a.b(aqh, byte[]) (:com.google.android.gms.policy_ads_fdr_dynamite@213806100@213806100057.397311113.397311113:1)
11-16 14:06:50.956: I/android.youtub(16567):   at boolean com.google.android.gms.ads.adshield.internal.a.bJ(int, android.os.Parcel, android.os.Parcel) (:com.google.android.gms.policy_ads_fdr_dynamite@213806100@213806100057.397311113.397311113:54)
11-16 14:06:50.956: I/android.youtub(16567):   at boolean zg.onTransact(int, android.os.Parcel, android.os.Parcel, int) (:com.google.android.gms.policy_ads_fdr_dynamite@213806100@213806100057.397311113.397311113:4)
11-16 14:06:50.956: I/android.youtub(16567):   at boolean android.os.Binder.transact(int, android.os.Parcel, android.os.Parcel, int) (Binder.java:667)
11-16 14:06:50.956: I/android.youtub(16567):   at android.os.Parcel pcs.a(int, android.os.Parcel) (SourceFile:7)
11-16 14:06:50.956: I/android.youtub(16567):   at java.lang.String pkk.a(oms, byte[]) (SourceFile:40)
11-16 14:06:50.956: I/android.youtub(16567):   at java.lang.String nrc.a(android.content.Context, byte[]) (SourceFile:6)
11-16 14:06:50.956: I/android.youtub(16567):   at java.lang.String qis.a(android.content.Context, byte[]) (SourceFile:10)
11-16 14:06:50.956: I/android.youtub(16567):   at java.lang.String skv.a(qio, byte[]) (SourceFile:59)
11-16 14:06:50.956: I/android.youtub(16567):   at java.lang.String skv.g() (SourceFile:41)
11-16 14:06:50.956: I/android.youtub(16567):   at java.lang.String skv.b() (SourceFile:69)
11-16 14:06:50.956: I/android.youtub(16567):   at java.lang.String slq.i() (SourceFile:56)
11-16 14:06:50.956: I/android.youtub(16567):   at java.lang.String slq.b() (SourceFile:32)
11-16 14:06:50.956: I/android.youtub(16567):   at void slq.e() (SourceFile:37)
11-16 14:06:50.956: I/android.youtub(16567):   at void cmk.run() (SourceFile:7)
11-16 14:06:50.956: I/android.youtub(16567):   at java.lang.Object java.util.concurrent.Executors$RunnableAdapter.call() (Executors.java:458)
11-16 14:06:50.956: I/android.youtub(16567):   at void java.util.concurrent.FutureTask.run() (FutureTask.java:266)
11-16 14:06:50.956: I/android.youtub(16567):   at void java.util.concurrent.ScheduledThreadPoolExecutor$ScheduledFutureTask.run() (ScheduledThreadPoolExecutor.java:301)
11-16 14:06:50.956: I/android.youtub(16567):   at void java.util.concurrent.ThreadPoolExecutor.runWorker(java.util.concurrent.ThreadPoolExecutor$Worker) (ThreadPoolExecutor.java:1167)
11-16 14:06:50.956: I/android.youtub(16567):   at void java.util.concurrent.ThreadPoolExecutor$Worker.run() (ThreadPoolExecutor.java:641)
11-16 14:06:50.956: I/android.youtub(16567):   at void ubi.run() (SourceFile:20)
11-16 14:06:50.956: I/android.youtub(16567):   at void java.lang.Thread.run() (Thread.java:764)
11-16 14:06:50.956: I/android.youtub(16567): Caused by: java.lang.ClassNotFoundException: Didn't find class "android.content.pm.PackageManager$OnChecksumsReadyListener" on path: DexPathList[[zip file "/data/user_de/0/com.google.android.gms/app_chimera/m/00000011/dl-AdsFdrDynamite.integ_213806100100000.apk"],nativeLibraryDirectories=[/data/user_de/0/com.google.android.gms/app_chimera/m/00000011/dl-AdsFdrDynamite.integ_213806100100000.apk!/lib/arm64-v8a, /system/lib64]]
11-16 14:06:50.956: I/android.youtub(16567):   at java.lang.Class dalvik.system.BaseDexClassLoader.findClass(java.lang.String) (BaseDexClassLoader.java:134)
11-16 14:06:50.956: I/android.youtub(16567):   at java.lang.Class java.lang.ClassLoader.loadClass(java.lang.String, boolean) (ClassLoader.java:379)
11-16 14:06:50.956: I/android.youtub(16567):   at java.lang.Class bg.loadClass(java.lang.String, boolean) (:com.google.android.gms.dynamite_dynamiteloader@213614065@21.36.14 (100400-0):3)
11-16 14:06:50.956: I/android.youtub(16567):   at java.lang.Class java.lang.ClassLoader.loadClass(java.lang.String) (ClassLoader.java:312)
11-16 14:06:50.956: I/android.youtub(16567):   at java.lang.Class dalvik.system.DexFile.defineClassNative(java.lang.String, java.lang.ClassLoader, java.lang.Object, dalvik.system.DexFile) (DexFile.java:-2)
11-16 14:06:50.956: I/android.youtub(16567):   at java.lang.Class dalvik.system.DexFile.defineClass(java.lang.String, java.lang.ClassLoader, java.lang.Object, dalvik.system.DexFile, java.util.List) (DexFile.java:283)
11-16 14:06:50.956: I/android.youtub(16567):   at java.lang.Class dalvik.system.DexFile.loadClassBinaryName(java.lang.String, java.lang.ClassLoader, java.util.List) (DexFile.java:276)
11-16 14:06:50.956: I/android.youtub(16567):   at java.lang.Class dalvik.system.DexPathList$Element.findClass(java.lang.String, java.lang.ClassLoader, java.util.List) (DexPathList.java:724)
11-16 14:06:50.956: I/android.youtub(16567):   at java.lang.Class dalvik.system.DexPathList.findClass(java.lang.String, java.util.List) (DexPathList.java:486)
11-16 14:06:50.956: I/android.youtub(16567):   at java.lang.Class dalvik.system.BaseDexClassLoader.findClass(java.lang.String) (BaseDexClassLoader.java:132)
11-16 14:06:50.956: I/android.youtub(16567):   at java.lang.Class bg.loadClass(java.lang.String, boolean) (:com.google.android.gms.dynamite_dynamiteloader@213614065@21.36.14 (100400-0):2)
11-16 14:06:50.956: I/android.youtub(16567):   at java.lang.Class java.lang.ClassLoader.loadClass(java.lang.String) (ClassLoader.java:312)
11-16 14:06:50.956: I/android.youtub(16567):   at java.util.List xu.r(yv, android.content.Context, bqi, com.google.ads.afma.g) (:com.google.android.gms.policy_ads_fdr_dynamite@213806100@213806100057.397311113.397311113:5)
11-16 14:06:50.956: I/android.youtub(16567):   at java.util.List xv.r(yv, android.content.Context, bqi, com.google.ads.afma.g) (:com.google.android.gms.policy_ads_fdr_dynamite@213806100@213806100057.397311113.397311113:4)
11-16 14:06:50.956: I/android.youtub(16567):   at void xu.s(yv, android.content.Context, bqi, com.google.ads.afma.g) (:com.google.android.gms.policy_ads_fdr_dynamite@213806100@213806100057.397311113.397311113:0)
11-16 14:06:50.957: I/android.youtub(16567):   at bqi xu.m(android.content.Context, com.google.ads.afma.g) (:com.google.android.gms.policy_ads_fdr_dynamite@213806100@213806100057.397311113.397311113:7)
11-16 14:06:50.957: I/android.youtub(16567):   at java.lang.String xp.r(android.content.Context, java.lang.String, int, android.view.View, android.app.Activity, byte[]) (:com.google.android.gms.policy_ads_fdr_dynamite@213806100@213806100057.397311113.397311113:8)
11-16 14:06:50.957: I/android.youtub(16567):   at java.lang.String xp.g(android.content.Context, byte[]) (:com.google.android.gms.policy_ads_fdr_dynamite@213806100@213806100057.397311113.397311113:2)
11-16 14:06:50.957: I/android.youtub(16567):   at java.lang.String com.google.android.gms.ads.adshield.internal.a.b(aqh, byte[]) (:com.google.android.gms.policy_ads_fdr_dynamite@213806100@213806100057.397311113.397311113:1)
11-16 14:06:50.957: I/android.youtub(16567):   at boolean com.google.android.gms.ads.adshield.internal.a.bJ(int, android.os.Parcel, android.os.Parcel) (:com.google.android.gms.policy_ads_fdr_dynamite@213806100@213806100057.397311113.397311113:54)
11-16 14:06:50.957: I/android.youtub(16567):   at boolean zg.onTransact(int, android.os.Parcel, android.os.Parcel, int) (:com.google.android.gms.policy_ads_fdr_dynamite@213806100@213806100057.397311113.397311113:4)
11-16 14:06:50.957: I/android.youtub(16567):   at boolean android.os.Binder.transact(int, android.os.Parcel, android.os.Parcel, int) (Binder.java:667)
11-16 14:06:50.957: I/android.youtub(16567):   at android.os.Parcel pcs.a(int, android.os.Parcel) (SourceFile:7)
11-16 14:06:50.957: I/android.youtub(16567):   at java.lang.String pkk.a(oms, byte[]) (SourceFile:40)
11-16 14:06:50.957: I/android.youtub(16567):   at java.lang.String nrc.a(android.content.Context, byte[]) (SourceFile:6)
11-16 14:06:50.957: I/android.youtub(16567):   at java.lang.String qis.a(android.content.Context, byte[]) (SourceFile:10)
11-16 14:06:50.957: I/android.youtub(16567):   at java.lang.String skv.a(qio, byte[]) (SourceFile:59)
11-16 14:06:50.957: I/android.youtub(16567):   at java.lang.String skv.g() (SourceFile:41)
11-16 14:06:50.957: I/android.youtub(16567):   at java.lang.String skv.b() (SourceFile:69)
11-16 14:06:50.957: I/android.youtub(16567):   at java.lang.String slq.i() (SourceFile:56)
11-16 14:06:50.957: I/android.youtub(16567):   at java.lang.String slq.b() (SourceFile:32)
11-16 14:06:50.957: I/android.youtub(16567):   at void slq.e() (SourceFile:37)
11-16 14:06:50.957: I/android.youtub(16567):   at void cmk.run() (SourceFile:7)
11-16 14:06:50.957: I/android.youtub(16567):   at java.lang.Object java.util.concurrent.Executors$RunnableAdapter.call() (Executors.java:458)
11-16 14:06:50.957: I/android.youtub(16567):   at void java.util.concurrent.FutureTask.run() (FutureTask.java:266)
11-16 14:06:50.957: I/android.youtub(16567):   at void java.util.concurrent.ScheduledThreadPoolExecutor$ScheduledFutureTask.run() (ScheduledThreadPoolExecutor.java:301)
11-16 14:06:50.957: I/android.youtub(16567):   at void java.util.concurrent.ThreadPoolExecutor.runWorker(java.util.concurrent.ThreadPoolExecutor$Worker) (ThreadPoolExecutor.java:1167)
11-16 14:06:50.957: I/android.youtub(16567):   at void java.util.concurrent.ThreadPoolExecutor$Worker.run() (ThreadPoolExecutor.java:641)
11-16 14:06:50.957: I/android.youtub(16567):   at void ubi.run() (SourceFile:20)
11-16 14:06:50.957: I/android.youtub(16567):   at void java.lang.Thread.run() (Thread.java:764)
11-16 14:06:50.961: I/FontLog(11019): Pulling font file for id = 10, cache size = 7 [CONTEXT service_id=132 ]
11-16 14:06:50.965: I/FontLog(11019): Received query Google Sans Display, URI content://com.google.android.gms.fonts [CONTEXT service_id=132 ]
11-16 14:06:50.966: I/FontLog(11019): Query [Google Sans Display] resolved to {Google Sans Display, wdth 100.0, wght 400, ital 0.0, bestEffort false} [CONTEXT service_id=132 ]
11-16 14:06:50.966: I/FontLog(11019): Font PFD returned from cache for {Google Sans Display, wdth 100.0, wght 400, ital 0.0, bestEffort false} [CONTEXT service_id=132 ]
11-16 14:06:50.967: I/FontLog(11019): Fetch {Google Sans Display, wdth 100.0, wght 400, ital 0.0, bestEffort false} end status Status{statusCode=SUCCESS, resolution=null} [CONTEXT service_id=132 ]
11-16 14:06:50.970: I/FontLog(11019): Pulling font file for id = 11, cache size = 6 [CONTEXT service_id=132 ]
11-16 14:06:50.975: I/dex2oat(16765): dex2oat took 256.140ms (58.854ms cpu) (threads: 8) arena alloc=6KB (6512B) java alloc=16KB (16400B) native alloc=838KB (858688B) free=1209KB (1238464B)
11-16 14:06:50.976: W/StorageManager(15576): fallocate() not supported; falling back to ftruncate()
11-16 14:06:50.984: W/GCM(16714): GCM SDK is deprecated, com.google.android.apps.chromecast.app should update to use FCM
11-16 14:06:50.996: W/earchbox:searc(10132): Skipping duplicate class check due to unsupported classloader
11-16 14:06:51.007: I/PeopleChimeraService(13608): onService. callbacks = xmw@102c7b5, request = com.google.android.gms.common.internal.GetServiceRequest@2065e4a
11-16 14:06:51.018: W/earchbox:searc(10132): Unsupported class loader
11-16 14:06:51.018: I/ActivityManager(1162): Killing 15833:com.google.android.apps.docs/u0a128 (adj 906): empty #17
11-16 14:06:51.019: W/libprocessgroup(1162): kill(-15833, 9) failed: No such process
11-16 14:06:51.030: I/ActivityManager(1162): Start proc 16831:com.google.android.apps.tachyon/u0a148 for broadcast com.google.android.apps.tachyon/.common.applifecycle.LocaleChangeReceiver
11-16 14:06:51.040: E/id.apps.tachyo(16831): Not starting debugger since process cannot load the jdwp agent.
11-16 14:06:51.044: W/libprocessgroup(1162): kill(-15833, 9) failed: No such process
11-16 14:06:51.056: I/Zygote(733): Process 15833 exited due to signal (9)
11-16 14:06:51.090: W/libprocessgroup(1162): kill(-15833, 9) failed: No such process
11-16 14:06:51.090: I/libprocessgroup(1162): Successfully killed process cgroup uid 10128 pid 15833 in 71ms
11-16 14:06:51.109: I/gle.android.gm(13608): Background concurrent copying GC freed 144703(7MB) AllocSpace objects, 58(2MB) LOS objects, 49% free, 11MB/23MB, paused 46us total 122.731ms
11-16 14:06:51.150: W/earchbox:searc(10132): Suspending all threads took: 6.921ms
11-16 14:06:51.157: W/SearchServiceCore(10132): Abort, client detached.
11-16 14:06:51.158: I/chatty(10132): uid=10047 com.google.android.googlequicksearchbox:search identical 4 lines
11-16 14:06:51.158: W/SearchServiceCore(10132): Abort, client detached.
11-16 14:06:51.264: I/dex2oat(16846): The ClassLoaderContext is a special shared library.
11-16 14:06:51.268: I/dex2oat(16846): /system/bin/dex2oat --dex-file=/data/user/0/com.google.android.googlequicksearchbox/files/velour/verified_jars/JkypVPMhDohv1875CeSftSg_1.jar --output-vdex-fd=87 --oat-fd=90 --oat-location=/data/user/0/com.google.android.googlequicksearchbox/files/velour/verified_jars/oat/arm64/JkypVPMhDohv1875CeSftSg_1.odex --compiler-filter=quicken --class-loader-context=&
11-16 14:06:51.324: D/DownloadManager(15576): [83] Finished with status SUCCESS
11-16 14:06:51.328: W/id.apps.tachyo(16831): JIT profile information will not be recorded: profile file does not exits.
11-16 14:06:51.328: I/chatty(16831): uid=10148(com.google.android.apps.tachyon) identical 1 line
11-16 14:06:51.328: W/id.apps.tachyo(16831): JIT profile information will not be recorded: profile file does not exits.
11-16 14:06:51.335: I/dex2oat(16846): dex2oat took 80.679ms (44.598ms cpu) (threads: 8) arena alloc=2344B (2344B) java alloc=16KB (16400B) native alloc=809KB (828784B) free=1238KB (1268368B)
11-16 14:06:51.343: W/earchbox:searc(10132): Skipping duplicate class check due to unsupported classloader
11-16 14:06:51.350: W/SearchServiceCore(10132): Abort, client detached.
11-16 14:06:51.350: I/chatty(10132): uid=10047 com.google.android.googlequicksearchbox:search identical 4 lines
11-16 14:06:51.350: W/SearchServiceCore(10132): Abort, client detached.
11-16 14:06:51.355: I/BgTaskExecutorImpl(10132): Starting EXCLUSIVE background task VELOUR_BACKGROUND_MAINTENANCE.
11-16 14:06:51.363: W/earchbox:searc(10132): Unsupported class loader
11-16 14:06:51.386: W/earchbox:searc(10132): Skipping duplicate class check due to unsupported classloader
11-16 14:06:51.396: W/earchbox:searc(10132): Unsupported class loader
11-16 14:06:51.401: E/ExecutionCriteria(11019): Package unavailable for task: com.google.android.apps.gcs/com.google.android.flib.phenotype.services.PhenotypeExperimentCommitService{u=0 tag="PhenotypeExpCommitSvc" trigger=window{start=0s,end=30s,earliest=-287s,latest=-257s} requirements=[NET_ANY] attributes=[PERSISTED] scheduled=-287s last_run=N/A exec_window_multiplier=1.0000 jid=N/A status=PENDING retries=0 client_lib=MANCHEGO_GCM-11732000} [CONTEXT service_id=218 ]
11-16 14:06:51.404: W/earchbox:searc(10132): Skipping duplicate class check due to unsupported classloader
11-16 14:06:51.408: W/SearchServiceCore(10132): Abort, client detached.
11-16 14:06:51.448: I/chatty(10132): uid=10047 com.google.android.googlequicksearchbox:search identical 16 lines
11-16 14:06:51.448: W/SearchServiceCore(10132): Abort, client detached.
11-16 14:06:51.449: I/NetworkScheduler.Stats(11019): Task com.google.android.gms/com.google.android.gms.ipa.base.IpaGcmTaskService started execution. cause:9 exec_start_elapsed_seconds: 389 [CONTEXT service_id=218 ]
11-16 14:06:51.461: I/NetworkScheduler.Stats(11019): Task com.google.android.gms/com.google.android.gms.ipa.base.IpaGcmTaskService finished executing. cause:9 result: 1 elapsed_millis: 29 uptime_millis: 29 exec_start_elapsed_seconds: 389 [CONTEXT service_id=218 ]
11-16 14:06:51.476: W/PrimesInit(16831): Primes instant initialization
11-16 14:06:51.479: W/SearchServiceCore(10132): Abort, client detached.
11-16 14:06:51.480: I/chatty(10132): uid=10047 com.google.android.googlequicksearchbox:search identical 1 line
11-16 14:06:51.481: W/SearchServiceCore(10132): Abort, client detached.
11-16 14:06:51.484: W/Primes(16831): background initialization
11-16 14:06:51.492: E/ExecutionCriteria(11019): Package unavailable for task: com.google.android.apps.gcs/com.google.android.flib.phenotype.services.PhenotypeExperimentCommitService{u=0 tag="PhenotypeExpCommitSvc" trigger=window{start=0s,end=30s,earliest=-287s,latest=-257s} requirements=[NET_ANY] attributes=[PERSISTED] scheduled=-287s last_run=N/A exec_window_multiplier=1.0000 jid=N/A status=PENDING retries=0 client_lib=MANCHEGO_GCM-11732000} [CONTEXT service_id=218 ]
11-16 14:06:51.525: I/NetworkScheduler.Stats(11019): Task com.google.android.gms/com.google.android.gms.phenotype.service.sync.PhenotypeConfigurator started execution. cause:5 exec_start_elapsed_seconds: 389 [CONTEXT service_id=218 ]
11-16 14:06:51.612: I/PrimesTesting(16831): GserviceFlagsSupplier.get()
11-16 14:06:51.619: I/org.webrtc.Logging(16831): NativeLibrary: Loading native library: jingle_peerconnection_so
11-16 14:06:51.621: I/org.webrtc.Logging(16831): PeerConnectionFactory: PeerConnectionFactory was initialized without an injected Loggable. Any existing Loggable will be deleted.
11-16 14:06:51.708: W/id.apps.tachyo(16831): Unknown chunk type '200'.
11-16 14:06:51.751: D/EventBus(16831): No subscribers registered for event class gzh
11-16 14:06:51.751: D/EventBus(16831): No subscribers registered for event class sfa
11-16 14:06:51.835: D/EventBus(16831): No subscribers registered for event class gzh
11-16 14:06:51.835: D/EventBus(16831): No subscribers registered for event class sfa
11-16 14:06:51.851: I/ActivityManager(1162): Start proc 16898:com.google.android.apps.walletnfcrel/u0a152 for broadcast com.google.android.apps.walletnfcrel/com.google.android.libraries.notifications.entrypoints.localechanged.LocaleChangedReceiver
11-16 14:06:51.852: W/id.apps.tachyo(16831): Unknown chunk type '200'.
11-16 14:06:51.857: I/PeopleChimeraService(13608): onService. callbacks = xmw@9360825, request = com.google.android.gms.common.internal.GetServiceRequest@41aedfa
11-16 14:06:51.860: E/ps.walletnfcre(16898): Not starting debugger since process cannot load the jdwp agent.
11-16 14:06:51.879: I/ps.walletnfcre(16898): The ClassLoaderContext is a special shared library.
11-16 14:06:51.966: I/FA(16831): App measurement is starting up, version: 18079
11-16 14:06:51.966: I/FA(16831): To enable debug logging run: adb shell setprop log.tag.FA VERBOSE
11-16 14:06:51.966: I/FA(16831): To enable faster debug mode event logging run:
11-16 14:06:51.966: I/FA(16831):   adb shell setprop debug.firebase.analytics.app com.google.android.apps.tachyon
11-16 14:06:51.966: I/ActivityManager(1162): Killing 15973:com.google.android.apps.maps/u0a102 (adj 906): empty #17
11-16 14:06:51.967: W/libprocessgroup(1162): kill(-15973, 9) failed: No such process
11-16 14:06:51.975: E/FA(16831): AppMeasurementReceiver not registered/enabled
11-16 14:06:51.976: E/FA(16831): AppMeasurementService not registered/enabled
11-16 14:06:51.976: E/FA(16831): Uploading is not possible. App measurement disabled
11-16 14:06:52.002: I/Zygote(733): Process 15973 exited due to signal (9)
11-16 14:06:52.002: D/BoundBrokerSvc(11019): onUnbind: Intent { act=com.google.android.gms.clearcut.bootcount.service.START pkg=com.google.android.gms }
11-16 14:06:52.010: W/libprocessgroup(1162): kill(-15973, 9) failed: No such process
