11-16 14:06:56.186: D/LifecycleMonitor(17057): Lifecycle status change: androidx.lifecycle.testapp.FrameworkLifecycleRegistryActivity@2f397bc in: STOPPED
11-16 14:06:56.187: V/ActivityScenario(17057): Update currentActivityStage to STOPPED, currentActivity=androidx.lifecycle.testapp.FrameworkLifecycleRegistryActivity@2f397bc
11-16 14:06:56.189: D/LifecycleMonitor(17057): Lifecycle status change: androidx.lifecycle.testapp.FrameworkLifecycleRegistryActivity@2f397bc in: DESTROYED
11-16 14:06:56.189: V/ActivityScenario(17057): Update currentActivityStage to DESTROYED, currentActivity=null
11-16 14:06:56.190: I/TestRunner(17057): finished: testFullLifecycle[1](androidx.lifecycle.ActivityFullLifecycleTest)
11-16 14:06:56.199: I/TestRunner(17057): started: test(androidx.lifecycle.FragmentInBackStackLifecycleTest)
11-16 14:06:56.201: W/ActivityTestRule(17057): getActivityIntent() returned null using default: Intent(Intent.ACTION_MAIN)
11-16 14:06:56.204: W/SurfaceFlinger(647): Attempting to destroy on removed layer: AppWindowToken{cfbf046 token=Token{803b421 ActivityRecord{6210288 u0 androidx.lifecycle.testapp.test/androidx.test.core.app.InstrumentationActivityInvoker$EmptyActivity t7}}}#0
11-16 14:06:56.206: I/ActivityManager(1162): START u0 {act=android.intent.action.MAIN flg=0x14000000 cmp=androidx.lifecycle.testapp/.EmptyActivity} from uid 10171
11-16 14:06:56.212: D/android.hardware.power@1.3-service.crosshatch-libperfmgr(781): LAUNCH ON
11-16 14:06:56.223: W/ActivityThread(17057): handleWindowVisibility: no activity for token android.os.BinderProxy@88cf1bb
11-16 14:06:56.231: D/LifecycleMonitor(17057): Lifecycle status change: androidx.lifecycle.testapp.EmptyActivity@710c86d in: PRE_ON_CREATE
11-16 14:06:56.240: E/NotificationService(1162): Muting recently noisy 0|com.google.android.apps.mtaas.backdrop|1|null|10163
11-16 14:06:56.249: D/LifecycleMonitor(17057): Lifecycle status change: androidx.lifecycle.testapp.EmptyActivity@710c86d in: CREATED
11-16 14:06:56.252: D/LifecycleMonitor(17057): Lifecycle status change: androidx.lifecycle.testapp.EmptyActivity@710c86d in: STARTED
11-16 14:06:56.255: D/LifecycleMonitor(17057): Lifecycle status change: androidx.lifecycle.testapp.EmptyActivity@710c86d in: RESUMED
11-16 14:06:56.280: I/GoogleInputMethod(3661): onFinishInput() : Dummy InputConnection bound
11-16 14:06:56.281: I/GoogleInputMethod(3661): onStartInput() : Dummy InputConnection bound
11-16 14:06:56.288: D/android.hardware.power@1.3-service.crosshatch-libperfmgr(781): LAUNCH OFF
11-16 14:06:56.295: I/ActivityManager(1162): Displayed androidx.lifecycle.testapp/.EmptyActivity: +85ms
11-16 14:06:56.304: W/SurfaceFlinger(647): Attempting to set client state on removed layer: Splash Screen androidx.lifecycle.testapp#0
11-16 14:06:56.304: W/SurfaceFlinger(647): Attempting to destroy on removed layer: Splash Screen androidx.lifecycle.testapp#0
11-16 14:06:56.315: D/LifecycleMonitor(17057): Lifecycle status change: androidx.lifecycle.testapp.EmptyActivity@710c86d in: PAUSED
11-16 14:06:56.317: D/LifecycleMonitor(17057): Lifecycle status change: androidx.lifecycle.testapp.EmptyActivity@710c86d in: STOPPED
11-16 14:06:56.322: D/LifecycleMonitor(17057): Lifecycle status change: androidx.lifecycle.testapp.EmptyActivity@710c86d in: DESTROYED
11-16 14:06:56.337: D/LifecycleMonitor(17057): Lifecycle status change: androidx.lifecycle.testapp.EmptyActivity@674ba in: PRE_ON_CREATE
11-16 14:06:56.355: D/LifecycleMonitor(17057): Lifecycle status change: androidx.lifecycle.testapp.EmptyActivity@674ba in: CREATED
11-16 14:06:56.359: D/LifecycleMonitor(17057): Lifecycle status change: androidx.lifecycle.testapp.EmptyActivity@674ba in: STARTED
11-16 14:06:56.364: D/LifecycleMonitor(17057): Lifecycle status change: androidx.lifecycle.testapp.EmptyActivity@674ba in: RESUMED
11-16 14:06:56.381: I/GoogleInputMethod(3661): onFinishInput() : Dummy InputConnection bound
11-16 14:06:56.382: I/GoogleInputMethod(3661): onStartInput() : Dummy InputConnection bound
11-16 14:06:56.401: D/LifecycleMonitor(17057): Lifecycle status change: androidx.lifecycle.testapp.EmptyActivity@674ba in: PAUSED
11-16 14:06:56.402: D/LifecycleMonitor(17057): Lifecycle status change: androidx.lifecycle.testapp.EmptyActivity@674ba in: STOPPED
11-16 14:06:56.405: D/LifecycleMonitor(17057): Lifecycle status change: androidx.lifecycle.testapp.EmptyActivity@674ba in: DESTROYED
11-16 14:06:56.413: D/LifecycleMonitor(17057): Lifecycle status change: androidx.lifecycle.testapp.EmptyActivity@bfd4bed in: PRE_ON_CREATE
11-16 14:06:56.427: D/LifecycleMonitor(17057): Lifecycle status change: androidx.lifecycle.testapp.EmptyActivity@bfd4bed in: CREATED
11-16 14:06:56.430: D/LifecycleMonitor(17057): Lifecycle status change: androidx.lifecycle.testapp.EmptyActivity@bfd4bed in: STARTED
11-16 14:06:56.435: D/LifecycleMonitor(17057): Lifecycle status change: androidx.lifecycle.testapp.EmptyActivity@bfd4bed in: RESUMED
11-16 14:06:56.456: I/GoogleInputMethod(3661): onFinishInput() : Dummy InputConnection bound
11-16 14:06:56.456: I/GoogleInputMethod(3661): onStartInput() : Dummy InputConnection bound
11-16 14:06:56.467: W/fecycle.testap(17057): Accessing hidden field Landroid/app/Activity;->mResultCode:I (light greylist, reflection)
11-16 14:06:56.467: W/fecycle.testap(17057): Accessing hidden field Landroid/app/Activity;->mResultData:Landroid/content/Intent; (light greylist, reflection)
11-16 14:06:56.468: D/LifecycleMonitor(17057): Lifecycle status change: androidx.lifecycle.testapp.EmptyActivity@bfd4bed in: PAUSED
11-16 14:06:56.476: I/TestRunner(17057): finished: test(androidx.lifecycle.FragmentInBackStackLifecycleTest)
11-16 14:06:56.477: I/BackdropActivity(15771): onResume()
11-16 14:06:56.477: I/ActivityManager(1162): Activity requesting to dismiss Keyguard: ActivityRecord{b07e6b5 u0 com.google.android.apps.mtaas.backdrop/.BackdropActivity t4}
11-16 14:06:56.479: I/MonitoringInstr(17057): Activities that are still in CREATED to STOPPED: 1
11-16 14:06:56.479: I/MonitoringInstr(17057): Unstopped activity count: 1
11-16 14:06:56.497: I/GoogleInputMethod(3661): onFinishInput() : Dummy InputConnection bound
11-16 14:06:56.498: I/GoogleInputMethod(3661): onStartInput() : Dummy InputConnection bound
11-16 14:06:56.530: I/MonitoringInstr(17057): Unstopped activity count: 1
11-16 14:06:56.546: D/LifecycleMonitor(17057): Lifecycle status change: androidx.lifecycle.testapp.EmptyActivity@bfd4bed in: STOPPED
11-16 14:06:56.548: D/LifecycleMonitor(17057): Lifecycle status change: androidx.lifecycle.testapp.EmptyActivity@bfd4bed in: DESTROYED
11-16 14:06:56.550: I/Adreno(1162): QUALCOMM build                   : 3f88ca2, I42f6fe38fb
11-16 14:06:56.550: I/Adreno(1162): Build Date                       : 07/13/18
11-16 14:06:56.550: I/Adreno(1162): OpenGL ES Shader Compiler Version: EV031.24.00.00
11-16 14:06:56.550: I/Adreno(1162): Local Branch                     : 50.04
11-16 14:06:56.550: I/Adreno(1162): Remote Branch                    : 
11-16 14:06:56.550: I/Adreno(1162): Remote Branch                    : 
11-16 14:06:56.550: I/Adreno(1162): Reconstruct Branch               : 
11-16 14:06:56.550: I/Adreno(1162): Build Config                     : S P 4.0.10 AArch64
11-16 14:06:56.554: E/libc(1162): Access denied finding property "vendor.debug.prerotation.disable"
11-16 14:06:56.554: W/SurfaceFlinger(647): Attempting to destroy on removed layer: AppWindowToken{e3a4af7 token=Token{ac6f6f6 ActivityRecord{d70e791 u0 androidx.lifecycle.testapp/.EmptyActivity t8}}}#0
11-16 14:06:56.555: E/libc(1162): Access denied finding property "vendor.debug.prerotation.disable"
11-16 14:06:56.556: I/Adreno(1162): PFP: 0x016ee170, ME: 0x00000000
11-16 14:06:56.556: E/libc(1162): Access denied finding property "vendor.debug.prerotation.disable"
11-16 14:06:56.558: I/ConfigStore(1162): android::hardware::configstore::V1_0::ISurfaceFlingerConfigs::hasWideColorDisplay retrieved: 1
11-16 14:06:56.558: I/ConfigStore(1162): android::hardware::configstore::V1_0::ISurfaceFlingerConfigs::hasHDRDisplay retrieved: 1
11-16 14:06:56.558: I/OpenGLRenderer(1162): Initialized EGL, version 1.4
11-16 14:06:56.558: D/OpenGLRenderer(1162): Swap behavior 2
11-16 14:06:56.584: E/NotificationService(1162): Muting recently noisy 0|com.google.android.apps.mtaas.backdrop|1|null|10163
11-16 14:06:56.584: I/TestRunner(17057): started: liveData_partiallyObscuredActivityFragmentInFragment_minSdkN(androidx.lifecycle.LiveDataOnSaveInstanceStateTest)
11-16 14:06:56.587: W/ActivityTestRule(17057): getActivityIntent() returned null using default: Intent(Intent.ACTION_MAIN)
11-16 14:06:56.592: I/ActivityManager(1162): START u0 {act=android.intent.action.MAIN flg=0x10000000 cmp=androidx.lifecycle.testapp/.CollectingSupportActivity} from uid 10171
11-16 14:06:56.600: D/android.hardware.power@1.3-service.crosshatch-libperfmgr(781): LAUNCH ON
11-16 14:06:56.611: W/ActivityThread(17057): handleWindowVisibility: no activity for token android.os.BinderProxy@f0bfb3d
11-16 14:06:56.619: D/LifecycleMonitor(17057): Lifecycle status change: androidx.lifecycle.testapp.CollectingSupportActivity@28b9c7e in: PRE_ON_CREATE
11-16 14:06:56.640: D/LifecycleMonitor(17057): Lifecycle status change: androidx.lifecycle.testapp.CollectingSupportActivity@28b9c7e in: CREATED
11-16 14:06:56.642: D/LifecycleMonitor(17057): Lifecycle status change: androidx.lifecycle.testapp.CollectingSupportActivity@28b9c7e in: STARTED
11-16 14:06:56.645: D/LifecycleMonitor(17057): Lifecycle status change: androidx.lifecycle.testapp.CollectingSupportActivity@28b9c7e in: RESUMED
11-16 14:06:56.672: I/GoogleInputMethod(3661): onFinishInput() : Dummy InputConnection bound
11-16 14:06:56.673: I/GoogleInputMethod(3661): onStartInput() : Dummy InputConnection bound
11-16 14:06:56.681: D/android.hardware.power@1.3-service.crosshatch-libperfmgr(781): LAUNCH OFF
11-16 14:06:56.691: I/ActivityManager(1162): Displayed androidx.lifecycle.testapp/.CollectingSupportActivity: +90ms
11-16 14:06:56.695: W/SurfaceFlinger(647): Attempting to set client state on removed layer: Splash Screen androidx.lifecycle.testapp#0
11-16 14:06:56.695: W/SurfaceFlinger(647): Attempting to destroy on removed layer: Splash Screen androidx.lifecycle.testapp#0
11-16 14:06:56.696: I/ActivityManager(1162): START u0 {flg=0x20010000 cmp=androidx.lifecycle.testapp/.NavigationDialogActivity} from uid 10171
11-16 14:06:56.698: D/android.hardware.power@1.3-service.crosshatch-libperfmgr(781): LAUNCH ON
11-16 14:06:56.702: D/LifecycleMonitor(17057): Lifecycle status change: androidx.lifecycle.testapp.CollectingSupportActivity@28b9c7e in: PAUSED
11-16 14:06:56.707: W/ActivityThread(17057): handleWindowVisibility: no activity for token android.os.BinderProxy@8242c0
11-16 14:06:56.711: D/LifecycleMonitor(17057): Lifecycle status change: androidx.lifecycle.testapp.NavigationDialogActivity@281494a in: PRE_ON_CREATE
11-16 14:06:56.722: D/LifecycleMonitor(17057): Lifecycle status change: androidx.lifecycle.testapp.NavigationDialogActivity@281494a in: CREATED
11-16 14:06:56.723: D/LifecycleMonitor(17057): Lifecycle status change: androidx.lifecycle.testapp.NavigationDialogActivity@281494a in: STARTED
11-16 14:06:56.724: D/LifecycleMonitor(17057): Lifecycle status change: androidx.lifecycle.testapp.NavigationDialogActivity@281494a in: RESUMED
11-16 14:06:56.749: I/GoogleInputMethod(3661): onFinishInput() : Dummy InputConnection bound
11-16 14:06:56.749: I/GoogleInputMethod(3661): onStartInput() : Dummy InputConnection bound
11-16 14:06:56.766: D/android.hardware.power@1.3-service.crosshatch-libperfmgr(781): LAUNCH OFF
11-16 14:06:56.790: D/LifecycleMonitor(17057): Lifecycle status change: androidx.lifecycle.testapp.CollectingSupportActivity@28b9c7e in: STOPPED
11-16 14:06:56.791: I/BackdropActivity(15771): onResume()
11-16 14:06:56.792: I/ActivityManager(1162): Activity requesting to dismiss Keyguard: ActivityRecord{b07e6b5 u0 com.google.android.apps.mtaas.backdrop/.BackdropActivity t4}
11-16 14:06:56.794: D/LifecycleMonitor(17057): Lifecycle status change: androidx.lifecycle.testapp.CollectingSupportActivity@28b9c7e in: DESTROYED
11-16 14:06:56.799: I/TestRunner(17057): finished: liveData_partiallyObscuredActivityFragmentInFragment_minSdkN(androidx.lifecycle.LiveDataOnSaveInstanceStateTest)
11-16 14:06:56.801: I/MonitoringInstr(17057): Activities that are still in CREATED to STOPPED: 1
11-16 14:06:56.801: I/MonitoringInstr(17057): Finishing activity: androidx.lifecycle.testapp.NavigationDialogActivity@281494a
11-16 14:06:56.804: I/MonitoringInstr(17057): Unstopped activity count: 1
11-16 14:06:56.805: D/LifecycleMonitor(17057): Lifecycle status change: androidx.lifecycle.testapp.NavigationDialogActivity@281494a in: PAUSED
11-16 14:06:56.811: I/GoogleInputMethod(3661): onFinishInput() : Dummy InputConnection bound
11-16 14:06:56.812: I/GoogleInputMethod(3661): onStartInput() : Dummy InputConnection bound
11-16 14:06:56.826: I/BackdropActivity(15771): onResume()
11-16 14:06:56.827: I/ActivityManager(1162): Activity requesting to dismiss Keyguard: ActivityRecord{b07e6b5 u0 com.google.android.apps.mtaas.backdrop/.BackdropActivity t4}
11-16 14:06:56.839: I/ActivityManager(1162): Killing 16107:com.google.android.apps.wellbeing/u0a26 (adj 906): empty #17
11-16 14:06:56.840: W/libprocessgroup(1162): kill(-16107, 9) failed: No such process
11-16 14:06:56.843: W/SurfaceFlinger(647): Attempting to set client state on removed layer: Dim Layer for - Task=9#0
11-16 14:06:56.843: W/SurfaceFlinger(647): Attempting to destroy on removed layer: Dim Layer for - Task=9#0
11-16 14:06:56.851: D/LifecycleMonitor(17057): Lifecycle status change: androidx.lifecycle.testapp.NavigationDialogActivity@281494a in: STOPPED
11-16 14:06:56.852: D/LifecycleMonitor(17057): Lifecycle status change: androidx.lifecycle.testapp.NavigationDialogActivity@281494a in: DESTROYED
11-16 14:06:56.855: I/TestRunner(17057): started: liveData_partiallyObscuredActivity_minSdkN(androidx.lifecycle.LiveDataOnSaveInstanceStateTest)
11-16 14:06:56.864: W/SurfaceFlinger(647): Attempting to destroy on removed layer: AppWindowToken{b2576ee token=Token{c6a0c69 ActivityRecord{193eef0 u0 androidx.lifecycle.testapp/.NavigationDialogActivity t9}}}#0
11-16 14:06:56.864: W/ActivityTestRule(17057): getActivityIntent() returned null using default: Intent(Intent.ACTION_MAIN)
11-16 14:06:56.867: I/Zygote(733): Process 16107 exited due to signal (9)
11-16 14:06:56.869: I/ActivityManager(1162): START u0 {act=android.intent.action.MAIN flg=0x10000000 cmp=androidx.lifecycle.testapp/.CollectingSupportActivity} from uid 10171
11-16 14:06:56.874: D/android.hardware.power@1.3-service.crosshatch-libperfmgr(781): LAUNCH ON
11-16 14:06:56.881: W/ActivityThread(17057): handleWindowVisibility: no activity for token android.os.BinderProxy@a97da6f
11-16 14:06:56.883: W/libprocessgroup(1162): kill(-16107, 9) failed: No such process
11-16 14:06:56.883: I/libprocessgroup(1162): Successfully killed process cgroup uid 10026 pid 16107 in 43ms
11-16 14:06:56.891: D/LifecycleMonitor(17057): Lifecycle status change: androidx.lifecycle.testapp.CollectingSupportActivity@e17db68 in: PRE_ON_CREATE
11-16 14:06:56.894: D/wifi-jni(1162): no kernel logs
11-16 14:06:56.892: W/Binder:1162_14(1162): type=1400 audit(0.0:201): avc: denied { syslog_read } for scontext=u:r:system_server:s0 tcontext=u:r:kernel:s0 tclass=system permissive=0
11-16 14:06:56.910: D/LifecycleMonitor(17057): Lifecycle status change: androidx.lifecycle.testapp.CollectingSupportActivity@e17db68 in: CREATED
11-16 14:06:56.911: D/LifecycleMonitor(17057): Lifecycle status change: androidx.lifecycle.testapp.CollectingSupportActivity@e17db68 in: STARTED
11-16 14:06:56.914: D/LifecycleMonitor(17057): Lifecycle status change: androidx.lifecycle.testapp.CollectingSupportActivity@e17db68 in: RESUMED
11-16 14:06:56.918: I/WindowManager(1162): Queue is too deep! Purged item with taskid=4
11-16 14:06:56.942: I/GoogleInputMethod(3661): onFinishInput() : Dummy InputConnection bound
11-16 14:06:56.943: I/GoogleInputMethod(3661): onStartInput() : Dummy InputConnection bound
11-16 14:06:56.951: E/NotificationService(1162): Muting recently noisy 0|com.google.android.apps.mtaas.backdrop|1|null|10163
11-16 14:06:56.959: D/android.hardware.power@1.3-service.crosshatch-libperfmgr(781): LAUNCH OFF
11-16 14:06:56.959: I/Adreno(1162): QUALCOMM build                   : 3f88ca2, I42f6fe38fb
11-16 14:06:56.959: I/Adreno(1162): Build Date                       : 07/13/18
11-16 14:06:56.959: I/Adreno(1162): OpenGL ES Shader Compiler Version: EV031.24.00.00
11-16 14:06:56.959: I/Adreno(1162): Local Branch                     : 50.04
11-16 14:06:56.959: I/Adreno(1162): Remote Branch                    : 
11-16 14:06:56.959: I/Adreno(1162): Remote Branch                    : 
11-16 14:06:56.959: I/Adreno(1162): Reconstruct Branch               : 
11-16 14:06:56.959: I/Adreno(1162): Build Config                     : S P 4.0.10 AArch64
11-16 14:06:56.960: E/libc(1162): Access denied finding property "vendor.debug.prerotation.disable"
11-16 14:06:56.961: E/libc(1162): Access denied finding property "vendor.debug.prerotation.disable"
11-16 14:06:56.961: I/Adreno(1162): PFP: 0x016ee170, ME: 0x00000000
11-16 14:06:56.961: E/libc(1162): Access denied finding property "vendor.debug.prerotation.disable"
11-16 14:06:56.962: I/ConfigStore(1162): android::hardware::configstore::V1_0::ISurfaceFlingerConfigs::hasWideColorDisplay retrieved: 1
11-16 14:06:56.962: I/ConfigStore(1162): android::hardware::configstore::V1_0::ISurfaceFlingerConfigs::hasHDRDisplay retrieved: 1
11-16 14:06:56.962: I/OpenGLRenderer(1162): Initialized EGL, version 1.4
11-16 14:06:56.962: D/OpenGLRenderer(1162): Swap behavior 2
11-16 14:06:56.964: I/ActivityManager(1162): START u0 {flg=0x20010000 cmp=androidx.lifecycle.testapp/.NavigationDialogActivity} from uid 10171
11-16 14:06:56.965: D/android.hardware.power@1.3-service.crosshatch-libperfmgr(781): LAUNCH ON
11-16 14:06:56.968: D/LifecycleMonitor(17057): Lifecycle status change: androidx.lifecycle.testapp.CollectingSupportActivity@e17db68 in: PAUSED
11-16 14:06:56.969: I/ActivityManager(1162): Displayed androidx.lifecycle.testapp/.NavigationDialogActivity: +92ms
11-16 14:06:56.974: W/ActivityThread(17057): handleWindowVisibility: no activity for token android.os.BinderProxy@308d662
11-16 14:06:56.975: W/SurfaceFlinger(647): Attempting to set client state on removed layer: Splash Screen androidx.lifecycle.testapp#0
11-16 14:06:56.975: W/SurfaceFlinger(647): Attempting to destroy on removed layer: Splash Screen androidx.lifecycle.testapp#0
11-16 14:06:56.979: D/LifecycleMonitor(17057): Lifecycle status change: androidx.lifecycle.testapp.NavigationDialogActivity@cb33c4f in: PRE_ON_CREATE
11-16 14:06:56.986: D/LifecycleMonitor(17057): Lifecycle status change: androidx.lifecycle.testapp.NavigationDialogActivity@cb33c4f in: CREATED
11-16 14:06:56.990: D/LifecycleMonitor(17057): Lifecycle status change: androidx.lifecycle.testapp.NavigationDialogActivity@cb33c4f in: STARTED
11-16 14:06:56.991: D/LifecycleMonitor(17057): Lifecycle status change: androidx.lifecycle.testapp.NavigationDialogActivity@cb33c4f in: RESUMED
11-16 14:06:57.012: I/GoogleInputMethod(3661): onFinishInput() : Dummy InputConnection bound
11-16 14:06:57.013: I/GoogleInputMethod(3661): onStartInput() : Dummy InputConnection bound
11-16 14:06:57.023: D/android.hardware.power@1.3-service.crosshatch-libperfmgr(781): LAUNCH OFF
11-16 14:06:57.053: D/LifecycleMonitor(17057): Lifecycle status change: androidx.lifecycle.testapp.CollectingSupportActivity@e17db68 in: STOPPED
11-16 14:06:57.053: I/BackdropActivity(15771): onResume()
11-16 14:06:57.054: I/ActivityManager(1162): Activity requesting to dismiss Keyguard: ActivityRecord{b07e6b5 u0 com.google.android.apps.mtaas.backdrop/.BackdropActivity t4}
11-16 14:06:57.054: D/LifecycleMonitor(17057): Lifecycle status change: androidx.lifecycle.testapp.CollectingSupportActivity@e17db68 in: DESTROYED
11-16 14:06:57.059: I/TestRunner(17057): finished: liveData_partiallyObscuredActivity_minSdkN(androidx.lifecycle.LiveDataOnSaveInstanceStateTest)
11-16 14:06:57.061: I/MonitoringInstr(17057): Activities that are still in CREATED to STOPPED: 1
11-16 14:06:57.061: I/MonitoringInstr(17057): Finishing activity: androidx.lifecycle.testapp.NavigationDialogActivity@cb33c4f
11-16 14:06:57.063: I/MonitoringInstr(17057): Unstopped activity count: 1
11-16 14:06:57.064: D/LifecycleMonitor(17057): Lifecycle status change: androidx.lifecycle.testapp.NavigationDialogActivity@cb33c4f in: PAUSED
11-16 14:06:57.072: I/BackdropActivity(15771): onResume()
11-16 14:06:57.073: I/ActivityManager(1162): Activity requesting to dismiss Keyguard: ActivityRecord{b07e6b5 u0 com.google.android.apps.mtaas.backdrop/.BackdropActivity t4}
11-16 14:06:57.076: I/GoogleInputMethod(3661): onFinishInput() : Dummy InputConnection bound
11-16 14:06:57.077: I/GoogleInputMethod(3661): onStartInput() : Dummy InputConnection bound
11-16 14:06:57.082: W/ip(17289): type=1400 audit(0.0:202): avc: denied { search } for name="net" dev="sda21" ino=4378 scontext=u:r:shell:s0 tcontext=u:object_r:net_data_file:s0 tclass=dir permissive=0
11-16 14:06:57.106: W/SurfaceFlinger(647): Attempting to set client state on removed layer: Dim Layer for - Task=10#0
11-16 14:06:57.106: W/SurfaceFlinger(647): Attempting to destroy on removed layer: Dim Layer for - Task=10#0
11-16 14:06:57.110: D/LifecycleMonitor(17057): Lifecycle status change: androidx.lifecycle.testapp.NavigationDialogActivity@cb33c4f in: STOPPED
11-16 14:06:57.111: D/LifecycleMonitor(17057): Lifecycle status change: androidx.lifecycle.testapp.NavigationDialogActivity@cb33c4f in: DESTROYED
11-16 14:06:57.114: I/TestRunner(17057): started: liveData_partiallyObscuredActivityWithFragment_minSdkN(androidx.lifecycle.LiveDataOnSaveInstanceStateTest)
11-16 14:06:57.116: W/SurfaceFlinger(647): Attempting to destroy on removed layer: AppWindowToken{abc269d token=Token{d9a0174 ActivityRecord{e63b547 u0 androidx.lifecycle.testapp/.NavigationDialogActivity t10}}}#0
11-16 14:06:57.121: W/ActivityTestRule(17057): getActivityIntent() returned null using default: Intent(Intent.ACTION_MAIN)
11-16 14:06:57.123: I/ActivityManager(1162): START u0 {act=android.intent.action.MAIN flg=0x10000000 cmp=androidx.lifecycle.testapp/.CollectingSupportActivity} from uid 10171
11-16 14:06:57.130: D/android.hardware.power@1.3-service.crosshatch-libperfmgr(781): LAUNCH ON
11-16 14:06:57.136: W/ActivityThread(17057): handleWindowVisibility: no activity for token android.os.BinderProxy@c2c8f10
11-16 14:06:57.144: D/LifecycleMonitor(17057): Lifecycle status change: androidx.lifecycle.testapp.CollectingSupportActivity@5952dc5 in: PRE_ON_CREATE
11-16 14:06:57.156: D/LifecycleMonitor(17057): Lifecycle status change: androidx.lifecycle.testapp.CollectingSupportActivity@5952dc5 in: CREATED
11-16 14:06:57.158: D/LifecycleMonitor(17057): Lifecycle status change: androidx.lifecycle.testapp.CollectingSupportActivity@5952dc5 in: STARTED
11-16 14:06:57.161: E/NotificationService(1162): Muting recently noisy 0|com.google.android.apps.mtaas.backdrop|1|null|10163
11-16 14:06:57.165: D/LifecycleMonitor(17057): Lifecycle status change: androidx.lifecycle.testapp.CollectingSupportActivity@5952dc5 in: RESUMED
11-16 14:06:57.167: E/Backup(13608): [BackupTransportMigratorChimeraService] Could not migrate transport!
11-16 14:06:57.171: I/Backup(13608): [BackupTransportMigratorChimeraService] Starting migration...
11-16 14:06:57.176: E/NotificationService(1162): Muting recently noisy 0|com.google.android.apps.mtaas.backdrop|1|null|10163
11-16 14:06:57.180: I/WindowManager(1162): Queue is too deep! Purged item with taskid=4
11-16 14:06:57.197: E/WifiHAL(788): wifi_get_ring_data: Error -5 happened. 
11-16 14:06:57.198: E/WifiVendorHal(1162): getRingBufferData(l.2057) failed {.code = ERROR_INVALID_ARGS, .description = }
11-16 14:06:57.203: I/GoogleInputMethod(3661): onFinishInput() : Dummy InputConnection bound
11-16 14:06:57.204: I/GoogleInputMethod(3661): onStartInput() : Dummy InputConnection bound
11-16 14:06:57.209: I/ActivityManager(1162): Displayed androidx.lifecycle.testapp/.CollectingSupportActivity: +84ms
11-16 14:06:57.219: D/android.hardware.power@1.3-service.crosshatch-libperfmgr(781): LAUNCH OFF
11-16 14:06:57.223: W/SurfaceFlinger(647): Attempting to set client state on removed layer: Splash Screen androidx.lifecycle.testapp#0
11-16 14:06:57.223: W/SurfaceFlinger(647): Attempting to destroy on removed layer: Splash Screen androidx.lifecycle.testapp#0
11-16 14:06:57.225: D/wifi-jni(1162): no kernel logs
11-16 14:06:57.222: W/Binder:1162_14(1162): type=1400 audit(0.0:203): avc: denied { syslog_read } for scontext=u:r:system_server:s0 tcontext=u:r:kernel:s0 tclass=system permissive=0
11-16 14:06:57.236: I/ActivityManager(1162): START u0 {flg=0x20010000 cmp=androidx.lifecycle.testapp/.NavigationDialogActivity} from uid 10171
11-16 14:06:57.238: D/android.hardware.power@1.3-service.crosshatch-libperfmgr(781): LAUNCH ON
11-16 14:06:57.244: D/LifecycleMonitor(17057): Lifecycle status change: androidx.lifecycle.testapp.CollectingSupportActivity@5952dc5 in: PAUSED
11-16 14:06:57.247: W/ActivityThread(17057): handleWindowVisibility: no activity for token android.os.BinderProxy@650e7a3
11-16 14:06:57.251: D/LifecycleMonitor(17057): Lifecycle status change: androidx.lifecycle.testapp.NavigationDialogActivity@e9aa0cc in: PRE_ON_CREATE
11-16 14:06:57.257: D/LifecycleMonitor(17057): Lifecycle status change: androidx.lifecycle.testapp.NavigationDialogActivity@e9aa0cc in: CREATED
11-16 14:06:57.258: D/LifecycleMonitor(17057): Lifecycle status change: androidx.lifecycle.testapp.NavigationDialogActivity@e9aa0cc in: STARTED
11-16 14:06:57.259: D/LifecycleMonitor(17057): Lifecycle status change: androidx.lifecycle.testapp.NavigationDialogActivity@e9aa0cc in: RESUMED
11-16 14:06:57.273: I/GoogleInputMethod(3661): onFinishInput() : Dummy InputConnection bound
11-16 14:06:57.274: I/GoogleInputMethod(3661): onStartInput() : Dummy InputConnection bound
11-16 14:06:57.286: D/android.hardware.power@1.3-service.crosshatch-libperfmgr(781): LAUNCH OFF
11-16 14:06:57.317: I/Adreno(1162): QUALCOMM build                   : 3f88ca2, I42f6fe38fb
11-16 14:06:57.317: I/Adreno(1162): Build Date                       : 07/13/18
11-16 14:06:57.317: I/Adreno(1162): OpenGL ES Shader Compiler Version: EV031.24.00.00
11-16 14:06:57.317: I/Adreno(1162): Local Branch                     : 50.04
11-16 14:06:57.317: I/Adreno(1162): Remote Branch                    : 
11-16 14:06:57.317: I/Adreno(1162): Remote Branch                    : 
11-16 14:06:57.317: I/Adreno(1162): Reconstruct Branch               : 
11-16 14:06:57.317: I/Adreno(1162): Build Config                     : S P 4.0.10 AArch64
11-16 14:06:57.317: D/LifecycleMonitor(17057): Lifecycle status change: androidx.lifecycle.testapp.CollectingSupportActivity@5952dc5 in: STOPPED
11-16 14:06:57.318: E/libc(1162): Access denied finding property "vendor.debug.prerotation.disable"
11-16 14:06:57.319: E/libc(1162): Access denied finding property "vendor.debug.prerotation.disable"
11-16 14:06:57.319: I/Adreno(1162): PFP: 0x016ee170, ME: 0x00000000
11-16 14:06:57.319: E/libc(1162): Access denied finding property "vendor.debug.prerotation.disable"
11-16 14:06:57.319: I/BackdropActivity(15771): onResume()
11-16 14:06:57.320: D/LifecycleMonitor(17057): Lifecycle status change: androidx.lifecycle.testapp.CollectingSupportActivity@5952dc5 in: DESTROYED
11-16 14:06:57.320: I/ConfigStore(1162): android::hardware::configstore::V1_0::ISurfaceFlingerConfigs::hasWideColorDisplay retrieved: 1
11-16 14:06:57.320: I/ConfigStore(1162): android::hardware::configstore::V1_0::ISurfaceFlingerConfigs::hasHDRDisplay retrieved: 1
11-16 14:06:57.320: I/OpenGLRenderer(1162): Initialized EGL, version 1.4
11-16 14:06:57.320: D/OpenGLRenderer(1162): Swap behavior 2
11-16 14:06:57.321: I/ActivityManager(1162): Activity requesting to dismiss Keyguard: ActivityRecord{b07e6b5 u0 com.google.android.apps.mtaas.backdrop/.BackdropActivity t4}
11-16 14:06:57.328: I/TestRunner(17057): finished: liveData_partiallyObscuredActivityWithFragment_minSdkN(androidx.lifecycle.LiveDataOnSaveInstanceStateTest)
11-16 14:06:57.330: I/MonitoringInstr(17057): Activities that are still in CREATED to STOPPED: 1
11-16 14:06:57.330: I/MonitoringInstr(17057): Finishing activity: androidx.lifecycle.testapp.NavigationDialogActivity@e9aa0cc
11-16 14:06:57.339: I/MonitoringInstr(17057): Unstopped activity count: 1
11-16 14:06:57.343: D/LifecycleMonitor(17057): Lifecycle status change: androidx.lifecycle.testapp.NavigationDialogActivity@e9aa0cc in: PAUSED
11-16 14:06:57.348: I/GoogleInputMethod(3661): onFinishInput() : Dummy InputConnection bound
11-16 14:06:57.348: I/GoogleInputMethod(3661): onStartInput() : Dummy InputConnection bound
11-16 14:06:57.354: I/BackdropActivity(15771): onResume()
11-16 14:06:57.355: I/ActivityManager(1162): Activity requesting to dismiss Keyguard: ActivityRecord{b07e6b5 u0 com.google.android.apps.mtaas.backdrop/.BackdropActivity t4}
11-16 14:06:57.371: W/SurfaceFlinger(647): Attempting to set client state on removed layer: Dim Layer for - Task=11#0
11-16 14:06:57.371: W/SurfaceFlinger(647): Attempting to destroy on removed layer: Dim Layer for - Task=11#0
11-16 14:06:57.380: D/LifecycleMonitor(17057): Lifecycle status change: androidx.lifecycle.testapp.NavigationDialogActivity@e9aa0cc in: STOPPED
11-16 14:06:57.381: D/LifecycleMonitor(17057): Lifecycle status change: androidx.lifecycle.testapp.NavigationDialogActivity@e9aa0cc in: DESTROYED
11-16 14:06:57.388: E/WifiHAL(788): wifi_get_ring_data: Error -5 happened. 
11-16 14:06:57.389: E/WifiVendorHal(1162): getRingBufferData(l.2057) failed {.code = ERROR_INVALID_ARGS, .description = }
11-16 14:06:57.390: I/TestRunner(17057): started: coveredWithDialog_childFragment[dismissDialog_true](androidx.lifecycle.PartiallyCoveredActivityTest)
11-16 14:06:57.396: I/ActivityManager(1162): START u0 {flg=0x30010000 cmp=androidx.lifecycle.testapp/.CollectingSupportActivity} from uid 10171
11-16 14:06:57.400: D/android.hardware.power@1.3-service.crosshatch-libperfmgr(781): LAUNCH ON
11-16 14:06:57.411: D/wifi-jni(1162): no kernel logs
11-16 14:06:57.411: W/ActivityThread(17057): handleWindowVisibility: no activity for token android.os.BinderProxy@bc3b818
11-16 14:06:57.408: W/Binder:1162_1B(1162): type=1400 audit(0.0:204): avc: denied { syslog_read } for scontext=u:r:system_server:s0 tcontext=u:r:kernel:s0 tclass=system permissive=0
11-16 14:06:57.418: D/LifecycleMonitor(17057): Lifecycle status change: androidx.lifecycle.testapp.CollectingSupportActivity@62c34ad in: PRE_ON_CREATE
11-16 14:06:57.427: E/NotificationService(1162): Muting recently noisy 0|com.google.android.apps.mtaas.backdrop|1|null|10163
11-16 14:06:57.430: D/BoundBrokerSvc(13608): onUnbind: Intent { act=com.google.android.mdd.service.START cmp=com.google.android.gms/.chimera.GmsBoundBrokerService }
11-16 14:06:57.435: D/LifecycleMonitor(17057): Lifecycle status change: androidx.lifecycle.testapp.CollectingSupportActivity@62c34ad in: CREATED
11-16 14:06:57.436: D/LifecycleMonitor(17057): Lifecycle status change: androidx.lifecycle.testapp.CollectingSupportActivity@62c34ad in: STARTED
11-16 14:06:57.439: D/LifecycleMonitor(17057): Lifecycle status change: androidx.lifecycle.testapp.CollectingSupportActivity@62c34ad in: RESUMED
11-16 14:06:57.447: I/WindowManager(1162): Queue is too deep! Purged item with taskid=4
11-16 14:06:57.452: D/BoundBrokerSvc(13608): onUnbind: Intent { act=com.google.android.gms.checkin.START pkg=com.google.android.gms }
11-16 14:06:57.457: I/system_server(1162): NativeAlloc concurrent copying GC freed 115414(5MB) AllocSpace objects, 47(1364KB) LOS objects, 42% free, 20MB/35MB, paused 688us total 135.688ms
11-16 14:06:57.470: E/NotificationService(1162): Muting recently noisy 0|com.google.android.apps.mtaas.backdrop|1|null|10163
11-16 14:06:57.476: I/GoogleInputMethod(3661): onFinishInput() : Dummy InputConnection bound
11-16 14:06:57.476: I/GoogleInputMethod(3661): onStartInput() : Dummy InputConnection bound
11-16 14:06:57.486: D/android.hardware.power@1.3-service.crosshatch-libperfmgr(781): LAUNCH OFF
11-16 14:06:57.493: I/ActivityManager(1162): Displayed androidx.lifecycle.testapp/.CollectingSupportActivity: +91ms
11-16 14:06:57.499: I/ActivityManager(1162): START u0 {flg=0x20010000 cmp=androidx.lifecycle.testapp/.NavigationDialogActivity} from uid 10171
11-16 14:06:57.502: D/android.hardware.power@1.3-service.crosshatch-libperfmgr(781): LAUNCH ON
11-16 14:06:57.507: W/SurfaceFlinger(647): Attempting to set client state on removed layer: Splash Screen androidx.lifecycle.testapp#0
11-16 14:06:57.507: W/SurfaceFlinger(647): Attempting to destroy on removed layer: Splash Screen androidx.lifecycle.testapp#0
11-16 14:06:57.509: D/LifecycleMonitor(17057): Lifecycle status change: androidx.lifecycle.testapp.CollectingSupportActivity@62c34ad in: PAUSED
11-16 14:06:57.512: W/ActivityThread(17057): handleWindowVisibility: no activity for token android.os.BinderProxy@9d34e84
11-16 14:06:57.518: D/LifecycleMonitor(17057): Lifecycle status change: androidx.lifecycle.testapp.NavigationDialogActivity@1d6c69 in: PRE_ON_CREATE
11-16 14:06:57.526: D/LifecycleMonitor(17057): Lifecycle status change: androidx.lifecycle.testapp.NavigationDialogActivity@1d6c69 in: CREATED
11-16 14:06:57.527: D/LifecycleMonitor(17057): Lifecycle status change: androidx.lifecycle.testapp.NavigationDialogActivity@1d6c69 in: STARTED
11-16 14:06:57.528: D/LifecycleMonitor(17057): Lifecycle status change: androidx.lifecycle.testapp.NavigationDialogActivity@1d6c69 in: RESUMED
11-16 14:06:57.555: I/GoogleInputMethod(3661): onFinishInput() : Dummy InputConnection bound
11-16 14:06:57.556: I/GoogleInputMethod(3661): onStartInput() : Dummy InputConnection bound
11-16 14:06:57.566: D/android.hardware.power@1.3-service.crosshatch-libperfmgr(781): LAUNCH OFF
11-16 14:06:57.581: D/LifecycleMonitor(17057): Lifecycle status change: androidx.lifecycle.testapp.NavigationDialogActivity@1d6c69 in: PAUSED
11-16 14:06:57.584: D/SurfaceFlinger(647): duplicate layer name: changing Surface(name=814b5b7 androidx.lifecycle.testapp/androidx.lifecycle.testapp.NavigationDialogActivity)/@0xd760642 - animation-leash to Surface(name=814b5b7 androidx.lifecycle.testapp/androidx.lifecycle.testapp.NavigationDialogActivity)/@0xd760642 - animation-leash#1
11-16 14:06:57.586: D/SurfaceFlinger(647): duplicate layer name: changing Surface(name=Dim Layer for - Task=12)/@0x2cc5b90 - animation-leash to Surface(name=Dim Layer for - Task=12)/@0x2cc5b90 - animation-leash#1
11-16 14:06:57.590: D/LifecycleMonitor(17057): Lifecycle status change: androidx.lifecycle.testapp.CollectingSupportActivity@62c34ad in: RESUMED
11-16 14:06:57.592: I/GoogleInputMethod(3661): onFinishInput() : Dummy InputConnection bound
11-16 14:06:57.593: I/GoogleInputMethod(3661): onStartInput() : Dummy InputConnection bound
11-16 14:06:57.596: W/ChimeraUtils(11019): Module com.google.android.gms.nearby_en has empty metadata display_name_string_id
11-16 14:06:57.597: W/ChimeraUtils(11019): Module com.google.android.gms.nearby_en has empty metadata display_name_string_id
11-16 14:06:57.601: W/SurfaceFlinger(647): Attempting to set client state on removed layer: Dim Layer for - Task=12#0
11-16 14:06:57.601: W/SurfaceFlinger(647): Attempting to destroy on removed layer: Dim Layer for - Task=12#0
11-16 14:06:57.603: D/LifecycleMonitor(17057): Lifecycle status change: androidx.lifecycle.testapp.CollectingSupportActivity@62c34ad in: PAUSED
11-16 14:06:57.610: D/LifecycleMonitor(17057): Lifecycle status change: androidx.lifecycle.testapp.NavigationDialogActivity@1d6c69 in: STOPPED
11-16 14:06:57.612: D/LifecycleMonitor(17057): Lifecycle status change: androidx.lifecycle.testapp.NavigationDialogActivity@1d6c69 in: DESTROYED
11-16 14:06:57.614: I/BackdropActivity(15771): onResume()
11-16 14:06:57.614: I/ActivityManager(1162): Activity requesting to dismiss Keyguard: ActivityRecord{b07e6b5 u0 com.google.android.apps.mtaas.backdrop/.BackdropActivity t4}
11-16 14:06:57.633: I/GoogleInputMethod(3661): onFinishInput() : Dummy InputConnection bound
11-16 14:06:57.633: I/GoogleInputMethod(3661): onStartInput() : Dummy InputConnection bound
11-16 14:06:57.655: I/WindowManager(1162): Queue is too deep! Purged item with taskid=11
11-16 14:06:57.657: I/ActivityManager(1162): Killing 4664:com.google.process.gapps/u0a7 (adj 906): empty #17
11-16 14:06:57.661: W/libprocessgroup(1162): kill(-4664, 9) failed: No such process
11-16 14:06:57.666: D/LifecycleMonitor(17057): Lifecycle status change: androidx.lifecycle.testapp.CollectingSupportActivity@62c34ad in: STOPPED
11-16 14:06:57.670: D/LifecycleMonitor(17057): Lifecycle status change: androidx.lifecycle.testapp.CollectingSupportActivity@62c34ad in: DESTROYED
11-16 14:06:57.674: W/SurfaceFlinger(647): Attempting to destroy on removed layer: AppWindowToken{48d4273 token=Token{34d6ee2 ActivityRecord{c1fdbad u0 androidx.lifecycle.testapp/.CollectingSupportActivity t12}}}#0
11-16 14:06:57.676: I/TestRunner(17057): finished: coveredWithDialog_childFragment[dismissDialog_true](androidx.lifecycle.PartiallyCoveredActivityTest)
11-16 14:06:57.677: I/Zygote(733): Process 4664 exited due to signal (9)
11-16 14:06:57.679: I/TestRunner(17057): started: coveredWithDialog_activity[dismissDialog_true](androidx.lifecycle.PartiallyCoveredActivityTest)
11-16 14:06:57.684: I/ActivityManager(1162): START u0 {flg=0x30010000 cmp=androidx.lifecycle.testapp/.CollectingSupportActivity} from uid 10171
11-16 14:06:57.687: D/android.hardware.power@1.3-service.crosshatch-libperfmgr(781): LAUNCH ON
11-16 14:06:57.692: W/ActivityThread(17057): handleWindowVisibility: no activity for token android.os.BinderProxy@a58198
11-16 14:06:57.698: D/LifecycleMonitor(17057): Lifecycle status change: androidx.lifecycle.testapp.CollectingSupportActivity@a25382d in: PRE_ON_CREATE
11-16 14:06:57.703: W/libprocessgroup(1162): kill(-4664, 9) failed: No such process
11-16 14:06:57.703: I/libprocessgroup(1162): Successfully killed process cgroup uid 10007 pid 4664 in 42ms
11-16 14:06:57.708: D/LifecycleMonitor(17057): Lifecycle status change: androidx.lifecycle.testapp.CollectingSupportActivity@a25382d in: CREATED
11-16 14:06:57.709: D/LifecycleMonitor(17057): Lifecycle status change: androidx.lifecycle.testapp.CollectingSupportActivity@a25382d in: STARTED
11-16 14:06:57.711: D/LifecycleMonitor(17057): Lifecycle status change: androidx.lifecycle.testapp.CollectingSupportActivity@a25382d in: RESUMED
11-16 14:06:57.717: E/NotificationService(1162): Muting recently noisy 0|com.google.android.apps.mtaas.backdrop|1|null|10163
11-16 14:06:57.736: I/WindowManager(1162): Queue is too deep! Purged item with taskid=4
11-16 14:06:57.747: I/GoogleInputMethod(3661): onFinishInput() : Dummy InputConnection bound
11-16 14:06:57.747: I/GoogleInputMethod(3661): onStartInput() : Dummy InputConnection bound
11-16 14:06:57.754: D/android.hardware.power@1.3-service.crosshatch-libperfmgr(781): LAUNCH OFF
11-16 14:06:57.758: I/ActivityManager(1162): START u0 {flg=0x20010000 cmp=androidx.lifecycle.testapp/.NavigationDialogActivity} from uid 10171
11-16 14:06:57.760: D/android.hardware.power@1.3-service.crosshatch-libperfmgr(781): LAUNCH ON
11-16 14:06:57.764: D/LifecycleMonitor(17057): Lifecycle status change: androidx.lifecycle.testapp.CollectingSupportActivity@a25382d in: PAUSED
11-16 14:06:57.765: I/ActivityManager(1162): Displayed androidx.lifecycle.testapp/.NavigationDialogActivity: +70ms
11-16 14:06:57.765: W/SurfaceFlinger(647): Attempting to set client state on removed layer: Splash Screen androidx.lifecycle.testapp#0
11-16 14:06:57.765: W/SurfaceFlinger(647): Attempting to destroy on removed layer: Splash Screen androidx.lifecycle.testapp#0
11-16 14:06:57.770: W/ActivityThread(17057): handleWindowVisibility: no activity for token android.os.BinderProxy@364ef99
11-16 14:06:57.774: D/LifecycleMonitor(17057): Lifecycle status change: androidx.lifecycle.testapp.NavigationDialogActivity@253b66a in: PRE_ON_CREATE
11-16 14:06:57.785: D/LifecycleMonitor(17057): Lifecycle status change: androidx.lifecycle.testapp.NavigationDialogActivity@253b66a in: CREATED
11-16 14:06:57.786: D/LifecycleMonitor(17057): Lifecycle status change: androidx.lifecycle.testapp.NavigationDialogActivity@253b66a in: STARTED
11-16 14:06:57.787: D/LifecycleMonitor(17057): Lifecycle status change: androidx.lifecycle.testapp.NavigationDialogActivity@253b66a in: RESUMED
11-16 14:06:57.801: I/GoogleInputMethod(3661): onFinishInput() : Dummy InputConnection bound
11-16 14:06:57.802: I/GoogleInputMethod(3661): onStartInput() : Dummy InputConnection bound
11-16 14:06:57.813: D/android.hardware.power@1.3-service.crosshatch-libperfmgr(781): LAUNCH OFF
11-16 14:06:57.828: D/LifecycleMonitor(17057): Lifecycle status change: androidx.lifecycle.testapp.NavigationDialogActivity@253b66a in: PAUSED
11-16 14:06:57.838: D/LifecycleMonitor(17057): Lifecycle status change: androidx.lifecycle.testapp.CollectingSupportActivity@a25382d in: RESUMED
11-16 14:06:57.841: I/GoogleInputMethod(3661): onFinishInput() : Dummy InputConnection bound
11-16 14:06:57.841: I/GoogleInputMethod(3661): onStartInput() : Dummy InputConnection bound
11-16 14:06:57.849: W/SurfaceFlinger(647): Attempting to set client state on removed layer: Dim Layer for - Task=13#0
11-16 14:06:57.849: W/SurfaceFlinger(647): Attempting to destroy on removed layer: Dim Layer for - Task=13#0
11-16 14:06:57.851: D/LifecycleMonitor(17057): Lifecycle status change: androidx.lifecycle.testapp.CollectingSupportActivity@a25382d in: PAUSED
11-16 14:06:57.857: D/LifecycleMonitor(17057): Lifecycle status change: androidx.lifecycle.testapp.NavigationDialogActivity@253b66a in: STOPPED
11-16 14:06:57.858: D/LifecycleMonitor(17057): Lifecycle status change: androidx.lifecycle.testapp.NavigationDialogActivity@253b66a in: DESTROYED
11-16 14:06:57.861: I/BackdropActivity(15771): onResume()
11-16 14:06:57.861: I/ActivityManager(1162): Activity requesting to dismiss Keyguard: ActivityRecord{b07e6b5 u0 com.google.android.apps.mtaas.backdrop/.BackdropActivity t4}
11-16 14:06:57.880: I/GoogleInputMethod(3661): onFinishInput() : Dummy InputConnection bound
11-16 14:06:57.880: I/GoogleInputMethod(3661): onStartInput() : Dummy InputConnection bound
11-16 14:06:57.901: I/WindowManager(1162): Queue is too deep! Purged item with taskid=12
11-16 14:06:57.919: D/LifecycleMonitor(17057): Lifecycle status change: androidx.lifecycle.testapp.CollectingSupportActivity@a25382d in: STOPPED
11-16 14:06:57.921: D/LifecycleMonitor(17057): Lifecycle status change: androidx.lifecycle.testapp.CollectingSupportActivity@a25382d in: DESTROYED
11-16 14:06:57.927: I/TestRunner(17057): finished: coveredWithDialog_activity[dismissDialog_true](androidx.lifecycle.PartiallyCoveredActivityTest)
11-16 14:06:57.929: W/SurfaceFlinger(647): Attempting to destroy on removed layer: AppWindowToken{a2befd8 token=Token{8108ebb ActivityRecord{d289f4a u0 androidx.lifecycle.testapp/.CollectingSupportActivity t13}}}#0
11-16 14:06:57.930: I/TestRunner(17057): started: coveredWithDialog_fragment[dismissDialog_true](androidx.lifecycle.PartiallyCoveredActivityTest)
11-16 14:06:57.937: I/ActivityManager(1162): START u0 {flg=0x30010000 cmp=androidx.lifecycle.testapp/.CollectingSupportActivity} from uid 10171
11-16 14:06:57.941: D/android.hardware.power@1.3-service.crosshatch-libperfmgr(781): LAUNCH ON
11-16 14:06:57.944: W/ActivityThread(17057): handleWindowVisibility: no activity for token android.os.BinderProxy@c028658
11-16 14:06:57.952: D/LifecycleMonitor(17057): Lifecycle status change: androidx.lifecycle.testapp.CollectingSupportActivity@56559ed in: PRE_ON_CREATE
11-16 14:06:57.961: D/LifecycleMonitor(17057): Lifecycle status change: androidx.lifecycle.testapp.CollectingSupportActivity@56559ed in: CREATED
11-16 14:06:57.962: D/LifecycleMonitor(17057): Lifecycle status change: androidx.lifecycle.testapp.CollectingSupportActivity@56559ed in: STARTED
11-16 14:06:57.965: D/LifecycleMonitor(17057): Lifecycle status change: androidx.lifecycle.testapp.CollectingSupportActivity@56559ed in: RESUMED
11-16 14:06:57.983: I/WindowManager(1162): Queue is too deep! Purged item with taskid=4
11-16 14:06:57.993: I/GoogleInputMethod(3661): onFinishInput() : Dummy InputConnection bound
11-16 14:06:57.994: I/GoogleInputMethod(3661): onStartInput() : Dummy InputConnection bound
11-16 14:06:58.001: D/android.hardware.power@1.3-service.crosshatch-libperfmgr(781): LAUNCH OFF
11-16 14:06:58.008: I/ActivityManager(1162): Displayed androidx.lifecycle.testapp/.CollectingSupportActivity: +65ms
11-16 14:06:58.009: I/ActivityManager(1162): START u0 {flg=0x20010000 cmp=androidx.lifecycle.testapp/.NavigationDialogActivity} from uid 10171
11-16 14:06:58.012: D/android.hardware.power@1.3-service.crosshatch-libperfmgr(781): LAUNCH ON
11-16 14:06:58.017: W/SurfaceFlinger(647): Attempting to set client state on removed layer: Splash Screen androidx.lifecycle.testapp#0
11-16 14:06:58.017: W/SurfaceFlinger(647): Attempting to destroy on removed layer: Splash Screen androidx.lifecycle.testapp#0
11-16 14:06:58.018: D/LifecycleMonitor(17057): Lifecycle status change: androidx.lifecycle.testapp.CollectingSupportActivity@56559ed in: PAUSED
11-16 14:06:58.021: W/ActivityThread(17057): handleWindowVisibility: no activity for token android.os.BinderProxy@35c0e85
11-16 14:06:58.026: D/LifecycleMonitor(17057): Lifecycle status change: androidx.lifecycle.testapp.NavigationDialogActivity@75474a6 in: PRE_ON_CREATE
11-16 14:06:58.032: D/LifecycleMonitor(17057): Lifecycle status change: androidx.lifecycle.testapp.NavigationDialogActivity@75474a6 in: CREATED
11-16 14:06:58.034: D/LifecycleMonitor(17057): Lifecycle status change: androidx.lifecycle.testapp.NavigationDialogActivity@75474a6 in: STARTED
11-16 14:06:58.035: D/LifecycleMonitor(17057): Lifecycle status change: androidx.lifecycle.testapp.NavigationDialogActivity@75474a6 in: RESUMED
11-16 14:06:58.050: I/GoogleInputMethod(3661): onFinishInput() : Dummy InputConnection bound
11-16 14:06:58.050: I/GoogleInputMethod(3661): onStartInput() : Dummy InputConnection bound
11-16 14:06:58.060: D/android.hardware.power@1.3-service.crosshatch-libperfmgr(781): LAUNCH OFF
11-16 14:06:58.075: D/LifecycleMonitor(17057): Lifecycle status change: androidx.lifecycle.testapp.NavigationDialogActivity@75474a6 in: PAUSED
11-16 14:06:58.085: D/LifecycleMonitor(17057): Lifecycle status change: androidx.lifecycle.testapp.CollectingSupportActivity@56559ed in: RESUMED
11-16 14:06:58.088: I/GoogleInputMethod(3661): onFinishInput() : Dummy InputConnection bound
11-16 14:06:58.088: I/GoogleInputMethod(3661): onStartInput() : Dummy InputConnection bound
11-16 14:06:58.095: W/SurfaceFlinger(647): Attempting to set client state on removed layer: Dim Layer for - Task=14#0
11-16 14:06:58.095: W/SurfaceFlinger(647): Attempting to destroy on removed layer: Dim Layer for - Task=14#0
11-16 14:06:58.096: D/LifecycleMonitor(17057): Lifecycle status change: androidx.lifecycle.testapp.CollectingSupportActivity@56559ed in: PAUSED
11-16 14:06:58.102: D/LifecycleMonitor(17057): Lifecycle status change: androidx.lifecycle.testapp.NavigationDialogActivity@75474a6 in: STOPPED
11-16 14:06:58.103: D/LifecycleMonitor(17057): Lifecycle status change: androidx.lifecycle.testapp.NavigationDialogActivity@75474a6 in: DESTROYED
11-16 14:06:58.107: I/BackdropActivity(15771): onResume()
11-16 14:06:58.108: I/ActivityManager(1162): Activity requesting to dismiss Keyguard: ActivityRecord{b07e6b5 u0 com.google.android.apps.mtaas.backdrop/.BackdropActivity t4}
11-16 14:06:58.128: I/GoogleInputMethod(3661): onFinishInput() : Dummy InputConnection bound
11-16 14:06:58.128: I/GoogleInputMethod(3661): onStartInput() : Dummy InputConnection bound
11-16 14:06:58.149: I/WindowManager(1162): Queue is too deep! Purged item with taskid=13
11-16 14:06:58.167: D/LifecycleMonitor(17057): Lifecycle status change: androidx.lifecycle.testapp.CollectingSupportActivity@56559ed in: STOPPED
11-16 14:06:58.175: D/LifecycleMonitor(17057): Lifecycle status change: androidx.lifecycle.testapp.CollectingSupportActivity@56559ed in: DESTROYED
11-16 14:06:58.181: I/TestRunner(17057): finished: coveredWithDialog_fragment[dismissDialog_true](androidx.lifecycle.PartiallyCoveredActivityTest)
11-16 14:06:58.181: W/SurfaceFlinger(647): Attempting to destroy on removed layer: AppWindowToken{7423580 token=Token{a334203 ActivityRecord{e7472b2 u0 androidx.lifecycle.testapp/.CollectingSupportActivity t14}}}#0
11-16 14:06:58.185: I/TestRunner(17057): started: coveredWithDialog_childFragment[dismissDialog_false](androidx.lifecycle.PartiallyCoveredActivityTest)
11-16 14:06:58.188: I/ActivityManager(1162): START u0 {flg=0x30010000 cmp=androidx.lifecycle.testapp/.CollectingSupportActivity} from uid 10171
11-16 14:06:58.193: D/android.hardware.power@1.3-service.crosshatch-libperfmgr(781): LAUNCH ON
11-16 14:06:58.199: W/ActivityThread(17057): handleWindowVisibility: no activity for token android.os.BinderProxy@746c3ea
11-16 14:06:58.204: D/LifecycleMonitor(17057): Lifecycle status change: androidx.lifecycle.testapp.CollectingSupportActivity@4cb15b7 in: PRE_ON_CREATE
11-16 14:06:58.212: E/NotificationService(1162): Muting recently noisy 0|com.google.android.apps.mtaas.backdrop|1|null|10163
11-16 14:06:58.216: D/LifecycleMonitor(17057): Lifecycle status change: androidx.lifecycle.testapp.CollectingSupportActivity@4cb15b7 in: CREATED
11-16 14:06:58.217: D/LifecycleMonitor(17057): Lifecycle status change: androidx.lifecycle.testapp.CollectingSupportActivity@4cb15b7 in: STARTED
11-16 14:06:58.219: D/LifecycleMonitor(17057): Lifecycle status change: androidx.lifecycle.testapp.CollectingSupportActivity@4cb15b7 in: RESUMED
