11-16 08:57:10.082: E/RecoverySnapshotStorage(1149): 	at java.io.FileInputStream.open0(Native Method)
11-16 08:57:10.082: E/RecoverySnapshotStorage(1149): 	at java.io.FileInputStream.open(FileInputStream.java:231)
11-16 08:57:10.082: E/RecoverySnapshotStorage(1149): 	at java.io.FileInputStream.<init>(FileInputStream.java:165)
11-16 08:57:10.082: E/RecoverySnapshotStorage(1149): 	at com.android.server.locksettings.recoverablekeystore.storage.RecoverySnapshotStorage.readFromDisk(RecoverySnapshotStorage.java:152)
11-16 08:57:10.082: E/RecoverySnapshotStorage(1149): 	at com.android.server.locksettings.recoverablekeystore.storage.RecoverySnapshotStorage.get(RecoverySnapshotStorage.java:104)
11-16 08:57:10.082: E/RecoverySnapshotStorage(1149): 	at com.android.server.locksettings.recoverablekeystore.RecoverableKeyStoreManager.getKeyChainSnapshot(RecoverableKeyStoreManager.java:331)
11-16 08:57:10.082: E/RecoverySnapshotStorage(1149): 	at com.android.server.locksettings.LockSettingsService.getKeyChainSnapshot(LockSettingsService.java:2032)
11-16 08:57:10.082: E/RecoverySnapshotStorage(1149): 	at com.android.internal.widget.ILockSettings$Stub.onTransact(ILockSettings.java:356)
11-16 08:57:10.082: E/RecoverySnapshotStorage(1149): 	at android.os.Binder.execTransact(Binder.java:731)
11-16 08:57:10.083: I/RecoverableKeyStoreGms(14185): [WrappingKeyManager] Can't generate wrapping key - missing lock screeen
11-16 08:57:10.087: W/NetworkScheduler(10858): The extras of the task is not valid to be persisted so that the task is not persisted [CONTEXT service_id=218 ]
11-16 08:57:10.087: W/NetworkScheduler(10858): java.lang.IllegalArgumentException: Only the following extra parameter types are supported: Integer, Long, Double, String, Boolean, and nested Bundles with the same restrictions.
11-16 08:57:10.087: W/NetworkScheduler(10858): 	at abno.f(:com.google.android.gms@213614028@21.36.14 (100400-395708125):6)
11-16 08:57:10.087: W/NetworkScheduler(10858): 	at amdu.g(:com.google.android.gms@213614028@21.36.14 (100400-395708125):37)
11-16 08:57:10.087: W/NetworkScheduler(10858): 	at amdd.n(:com.google.android.gms@213614028@21.36.14 (100400-395708125):3)
11-16 08:57:10.087: W/NetworkScheduler(10858): 	at amdd.u(:com.google.android.gms@213614028@21.36.14 (100400-395708125):20)
11-16 08:57:10.087: W/NetworkScheduler(10858): 	at amdd.g(:com.google.android.gms@213614028@21.36.14 (100400-395708125):3)
11-16 08:57:10.087: W/NetworkScheduler(10858): 	at alzy.run(:com.google.android.gms@213614028@21.36.14 (100400-395708125):9)
11-16 08:57:10.087: W/NetworkScheduler(10858): 	at rgh.c(:com.google.android.gms@213614028@21.36.14 (100400-395708125):6)
11-16 08:57:10.087: W/NetworkScheduler(10858): 	at rgh.run(:com.google.android.gms@213614028@21.36.14 (100400-395708125):8)
11-16 08:57:10.087: W/NetworkScheduler(10858): 	at java.util.concurrent.ThreadPoolExecutor.runWorker(ThreadPoolExecutor.java:1167)
11-16 08:57:10.087: W/NetworkScheduler(10858): 	at java.util.concurrent.ThreadPoolExecutor$Worker.run(ThreadPoolExecutor.java:641)
11-16 08:57:10.087: W/NetworkScheduler(10858): 	at rkn.run(:com.google.android.gms@213614028@21.36.14 (100400-395708125):0)
11-16 08:57:10.087: W/NetworkScheduler(10858): 	at java.lang.Thread.run(Thread.java:764)
11-16 08:57:10.094: I/SoundTriggerModelLoader(17012): Unloading model 9f6ad62a-1f0b-11e7-87c5-40a8f03d3f15
11-16 08:57:10.094: I/SoundTriggerManagerComp(17012): Unloading model 9f6ad62a-1f0b-11e7-87c5-40a8f03d3f15
11-16 08:57:10.094: I/SoundTriggerService(1149): deleteSoundModel(): id = 9f6ad62a-1f0b-11e7-87c5-40a8f03d3f15
11-16 08:57:10.095: W/SoundTriggerHelper(1149): Unload error: Attempting unload invalid generic model with id:9f6ad62a-1f0b-11e7-87c5-40a8f03d3f15
11-16 08:57:10.101: I/ModuleSetMgr(14185): Pending container module APKs: [[Pay.optional:213614100000], [VisionOcr.optional:213614100400]]
11-16 08:57:10.101: I/ModuleSetMgr(14185): Pending non-container module APKs: [[Enpromo.integ:214106000100000], [AdsFdrDynamite.integ:213806100100000]]
11-16 08:57:10.112: I/Vision(14185): Supported ABIS: [arm64-v8a, armeabi-v7a, armeabi]
11-16 08:57:10.129: W/PackageParser(14185): Unknown element under <manifest>: queries at /data/user_de/0/com.google.android.gms/app_chimera/m/00000007/AdsDynamite.apk Binary XML file line #5
11-16 08:57:10.141: W/PackageParser(14185): Unknown element under <manifest>: queries at /data/user_de/0/com.google.android.gms/app_chimera/m/00000010/dl-AdsFdrDynamite.integ_213806100100000.apk Binary XML file line #11
11-16 08:57:10.146: I/GmsModuleFndr(14185): Beginning GMS chimera module scan
11-16 08:57:10.153: I/ModuleSetMgr(14185): Computing pending module set with APKs: [[AdsFdrDynamite.integ:213806100100000], [Enpromo.integ:214106000100000], [Pay.optional:213614100000], [VisionOcr.optional:213614100400], [AdsFdrDynamite.integ:212104400100000], [Cronetdynamite:213614100400], [Dynamiteloader:213614100000], [Dynamitemodulesa:213614100000], [Dynamitemodulesc:213614100000], [Googlecertificates:213614100000], [Mapsdynamite:213614100000], [Measurementdynamite:213614100000]]
11-16 08:57:10.169: I/ModuleSetMgr(14185): Pending container module APKs: [[Pay.optional:213614100000], [VisionOcr.optional:213614100400]]
11-16 08:57:10.169: I/ModuleSetMgr(14185): Pending non-container module APKs: [[Enpromo.integ:214106000100000], [AdsFdrDynamite.integ:213806100100000]]
11-16 08:57:10.188: I/NetworkManagementSocketTagger(14185): tagSocketFd(-1, 6913, -1) failed with errno-9
11-16 08:57:10.191: W/PackageParser(14185): Unknown element under <manifest>: queries at /data/user_de/0/com.google.android.gms/app_chimera/m/00000007/AdsDynamite.apk Binary XML file line #5
11-16 08:57:10.208: W/PackageParser(14185): Unknown element under <manifest>: queries at /data/user_de/0/com.google.android.gms/app_chimera/m/00000010/dl-AdsFdrDynamite.integ_213806100100000.apk Binary XML file line #11
11-16 08:57:10.214: I/RecoverableKeyStoreGms(14185): [RecoverableKeyStoreGmsInitOperation] Initializing auth_folsom
11-16 08:57:10.215: I/RecoverableKeyStoreGms(14185): [RecoverableKeyStoreGmsInitOperation] com.google.android.gms.auth.folsom.service.FolsomPublicKeyUpdateService is already enabled. Ignore.
11-16 08:57:10.215: I/RecoverableKeyStoreGms(14185): [RecoverableKeyStoreGmsInitOperation] com.google.android.gms.auth.folsom.service.GcmReceiverService is already enabled. Ignore.
11-16 08:57:10.215: I/GmsModuleFndr(14185): Beginning GMS chimera module scan
11-16 08:57:10.217: I/ChromeSync(14185): [Sync,SyncIntentOperation] Handling the intent: Intent { act=com.google.gservices.intent.action.GSERVICES_CHANGED flg=0x1000010 pkg=com.google.android.gms cmp=com.google.android.gms/.chimera.GmsIntentOperationService$PersistentInternalReceiver }.
11-16 08:57:10.219: V/RecoverableKeyStoreMgr(1149): Not updating secret types - same as old value.
11-16 08:57:10.219: I/RecoverableKeyStoreGms(14185): [RecoverableKeyStoreGmsInitOperation] Setting vault handle
11-16 08:57:10.220: V/RecoverableKeyStoreMgr(1149): Not updating server params - same as old value.
11-16 08:57:10.221: I/RecoverableKeyStoreGms(14185): [EnrollmentManager] Returning certificates list from cache
11-16 08:57:10.221: I/MobileDataHub(14185): Scheduling periodic tasks
11-16 08:57:10.223: I/MdiSyncModule(14185): flag handling is skipping irrelevant intent.
11-16 08:57:10.223: I/MS_Utils(14185): version of com.google.android.apps.maps = 1022101040
11-16 08:57:10.224: W/MobileDataHub(14185): [Service] appsupload-periodic periodic task disabled
11-16 08:57:10.225: I/SystemUpdate(14185): [Installation,ReceiverIntentOperation] Received intent: Intent { act=com.google.gservices.intent.action.GSERVICES_CHANGED flg=0x1000010 pkg=com.google.android.gms cmp=com.google.android.gms/.chimera.GmsIntentOperationService$PersistentInternalReceiver }.
11-16 08:57:10.226: W/DynamiteModule(14185): Local module descriptor class for com.google.android.gms.vision.dynamite.ocr not found.
11-16 08:57:10.227: I/DynamiteModule(14185): Considering local module com.google.android.gms.vision.dynamite.ocr:0 and remote module com.google.android.gms.vision.dynamite.ocr:0
11-16 08:57:10.227: I/DynamiteModule(14185): Considering local module com.google.android.gms.vision.ocr:0 and remote module com.google.android.gms.vision.ocr:1
11-16 08:57:10.228: I/DynamiteModule(14185): Selected remote version of com.google.android.gms.vision.ocr, version >= 1
11-16 08:57:10.230: I/native(14185): I1116 08:57:10.230623   16873 start_ocr_856638336_langid.cc:35] StartOcr with label: latin_script_gmvapi_android
11-16 08:57:10.230: I/native(14185): I1116 08:57:10.230780   16873 start_ocr_856638336_langid.cc:44] StartOcr success
11-16 08:57:10.232: I/OcrModelUpStIntentOp(14185): Downloading text recognizer
11-16 08:57:10.243: I/RecoverableKeyStoreMgr(1149): The cert file serial number is the same, so skip updating.
11-16 08:57:10.243: I/RecoverableKeyStoreGms(14185): [EnrollmentManager] Recovery service is initialized.
11-16 08:57:10.244: I/RecoverySnapshotLstnrs(1149): Registered listener for agent with uid 10007
11-16 08:57:10.246: E/RecoverySnapshotStorage(1149): Error reading snapshot for 10007 from disk
11-16 08:57:10.246: E/RecoverySnapshotStorage(1149): java.io.FileNotFoundException: /data/system/recoverablekeystore/snapshots/10007.xml (No such file or directory)
11-16 08:57:10.246: E/RecoverySnapshotStorage(1149): 	at java.io.FileInputStream.open0(Native Method)
11-16 08:57:10.246: E/RecoverySnapshotStorage(1149): 	at java.io.FileInputStream.open(FileInputStream.java:231)
11-16 08:57:10.246: E/RecoverySnapshotStorage(1149): 	at java.io.FileInputStream.<init>(FileInputStream.java:165)
11-16 08:57:10.246: E/RecoverySnapshotStorage(1149): 	at com.android.server.locksettings.recoverablekeystore.storage.RecoverySnapshotStorage.readFromDisk(RecoverySnapshotStorage.java:152)
11-16 08:57:10.246: E/RecoverySnapshotStorage(1149): 	at com.android.server.locksettings.recoverablekeystore.storage.RecoverySnapshotStorage.get(RecoverySnapshotStorage.java:104)
11-16 08:57:10.246: E/RecoverySnapshotStorage(1149): 	at com.android.server.locksettings.recoverablekeystore.RecoverableKeyStoreManager.getKeyChainSnapshot(RecoverableKeyStoreManager.java:331)
11-16 08:57:10.246: E/RecoverySnapshotStorage(1149): 	at com.android.server.locksettings.LockSettingsService.getKeyChainSnapshot(LockSettingsService.java:2032)
11-16 08:57:10.246: E/RecoverySnapshotStorage(1149): 	at com.android.internal.widget.ILockSettings$Stub.onTransact(ILockSettings.java:356)
11-16 08:57:10.246: E/RecoverySnapshotStorage(1149): 	at android.os.Binder.execTransact(Binder.java:731)
11-16 08:57:10.248: W/NetworkScheduler(10858): The extras of the task is not valid to be persisted so that the task is not persisted [CONTEXT service_id=218 ]
11-16 08:57:10.248: W/NetworkScheduler(10858): java.lang.IllegalArgumentException: Only the following extra parameter types are supported: Integer, Long, Double, String, Boolean, and nested Bundles with the same restrictions.
11-16 08:57:10.248: W/NetworkScheduler(10858): 	at abno.f(:com.google.android.gms@213614028@21.36.14 (100400-395708125):6)
11-16 08:57:10.248: W/NetworkScheduler(10858): 	at amdu.g(:com.google.android.gms@213614028@21.36.14 (100400-395708125):37)
11-16 08:57:10.248: W/NetworkScheduler(10858): 	at amdd.n(:com.google.android.gms@213614028@21.36.14 (100400-395708125):3)
11-16 08:57:10.248: W/NetworkScheduler(10858): 	at amdd.u(:com.google.android.gms@213614028@21.36.14 (100400-395708125):20)
11-16 08:57:10.248: W/NetworkScheduler(10858): 	at amdd.g(:com.google.android.gms@213614028@21.36.14 (100400-395708125):3)
11-16 08:57:10.248: W/NetworkScheduler(10858): 	at alzy.run(:com.google.android.gms@213614028@21.36.14 (100400-395708125):9)
11-16 08:57:10.248: W/NetworkScheduler(10858): 	at rgh.c(:com.google.android.gms@213614028@21.36.14 (100400-395708125):6)
11-16 08:57:10.248: W/NetworkScheduler(10858): 	at rgh.run(:com.google.android.gms@213614028@21.36.14 (100400-395708125):7)
11-16 08:57:10.248: W/NetworkScheduler(10858): 	at java.util.concurrent.ThreadPoolExecutor.runWorker(ThreadPoolExecutor.java:1167)
11-16 08:57:10.248: W/NetworkScheduler(10858): 	at java.util.concurrent.ThreadPoolExecutor$Worker.run(ThreadPoolExecutor.java:641)
11-16 08:57:10.248: W/NetworkScheduler(10858): 	at rkn.run(:com.google.android.gms@213614028@21.36.14 (100400-395708125):0)
11-16 08:57:10.248: W/NetworkScheduler(10858): 	at java.lang.Thread.run(Thread.java:764)
11-16 08:57:10.248: I/RecoverableKeyStoreGms(14185): [WrappingKeyManager] Can't generate wrapping key - missing lock screeen
11-16 08:57:10.251: I/ModuleSetMgr(14185): Computing pending module set with APKs: [[AdsFdrDynamite.integ:213806100100000], [Enpromo.integ:214106000100000], [Pay.optional:213614100000], [VisionOcr.optional:213614100400], [AdsFdrDynamite.integ:212104400100000], [Cronetdynamite:213614100400], [Dynamiteloader:213614100000], [Dynamitemodulesa:213614100000], [Dynamitemodulesc:213614100000], [Googlecertificates:213614100000], [Mapsdynamite:213614100000], [Measurementdynamite:213614100000]]
11-16 08:57:10.273: I/ModuleSetMgr(14185): Pending container module APKs: [[Pay.optional:213614100000], [VisionOcr.optional:213614100400]]
11-16 08:57:10.274: I/ModuleSetMgr(14185): Pending non-container module APKs: [[Enpromo.integ:214106000100000], [AdsFdrDynamite.integ:213806100100000]]
11-16 08:57:10.296: W/PackageParser(14185): Unknown element under <manifest>: queries at /data/user_de/0/com.google.android.gms/app_chimera/m/00000007/AdsDynamite.apk Binary XML file line #5
11-16 08:57:10.310: W/PackageParser(14185): Unknown element under <manifest>: queries at /data/user_de/0/com.google.android.gms/app_chimera/m/00000010/dl-AdsFdrDynamite.integ_213806100100000.apk Binary XML file line #11
11-16 08:57:10.315: I/GmsModuleFndr(14185): Beginning GMS chimera module scan
11-16 08:57:10.327: I/ModuleSetMgr(14185): Computing pending module set with APKs: [[AdsFdrDynamite.integ:213806100100000], [Enpromo.integ:214106000100000], [Pay.optional:213614100000], [VisionOcr.optional:213614100400], [AdsFdrDynamite.integ:212104400100000], [Cronetdynamite:213614100400], [Dynamiteloader:213614100000], [Dynamitemodulesa:213614100000], [Dynamitemodulesc:213614100000], [Googlecertificates:213614100000], [Mapsdynamite:213614100000], [Measurementdynamite:213614100000]]
11-16 08:57:10.354: I/ModuleSetMgr(14185): Pending container module APKs: [[Pay.optional:213614100000], [VisionOcr.optional:213614100400]]
11-16 08:57:10.354: I/ModuleSetMgr(14185): Pending non-container module APKs: [[Enpromo.integ:214106000100000], [AdsFdrDynamite.integ:213806100100000]]
11-16 08:57:10.382: W/PackageParser(14185): Unknown element under <manifest>: queries at /data/user_de/0/com.google.android.gms/app_chimera/m/00000007/AdsDynamite.apk Binary XML file line #5
11-16 08:57:10.406: W/PackageParser(14185): Unknown element under <manifest>: queries at /data/user_de/0/com.google.android.gms/app_chimera/m/00000010/dl-AdsFdrDynamite.integ_213806100100000.apk Binary XML file line #11
11-16 08:57:10.415: I/GmsModuleFndr(14185): Beginning GMS chimera module scan
11-16 08:57:10.416: I/RecoverableKeyStoreGms(14185): [RecoverableKeyStoreGmsInitOperation] Initializing auth_folsom
11-16 08:57:10.417: I/RecoverableKeyStoreGms(14185): [RecoverableKeyStoreGmsInitOperation] com.google.android.gms.auth.folsom.service.FolsomPublicKeyUpdateService is already enabled. Ignore.
11-16 08:57:10.418: I/RecoverableKeyStoreGms(14185): [RecoverableKeyStoreGmsInitOperation] com.google.android.gms.auth.folsom.service.GcmReceiverService is already enabled. Ignore.
11-16 08:57:10.419: I/ChromeSync(14185): [Sync,SyncIntentOperation] Handling the intent: Intent { act=com.google.gservices.intent.action.GSERVICES_CHANGED flg=0x1000010 pkg=com.google.android.gms cmp=com.google.android.gms/.chimera.GmsIntentOperationService$PersistentInternalReceiver }.
11-16 08:57:10.422: I/MobileDataHub(14185): Scheduling periodic tasks
11-16 08:57:10.423: V/RecoverableKeyStoreMgr(1149): Not updating secret types - same as old value.
11-16 08:57:10.423: I/MS_Utils(14185): version of com.google.android.apps.maps = 1022101040
11-16 08:57:10.423: I/RecoverableKeyStoreGms(14185): [RecoverableKeyStoreGmsInitOperation] Setting vault handle
11-16 08:57:10.425: W/MobileDataHub(14185): [Service] appsupload-periodic periodic task disabled
11-16 08:57:10.425: I/MdiSyncModule(14185): flag handling is skipping irrelevant intent.
11-16 08:57:10.426: V/RecoverableKeyStoreMgr(1149): Not updating server params - same as old value.
11-16 08:57:10.426: I/SystemUpdate(14185): [Installation,ReceiverIntentOperation] Received intent: Intent { act=com.google.gservices.intent.action.GSERVICES_CHANGED flg=0x1000010 pkg=com.google.android.gms cmp=com.google.android.gms/.chimera.GmsIntentOperationService$PersistentInternalReceiver }.
11-16 08:57:10.427: I/RecoverableKeyStoreGms(14185): [EnrollmentManager] Returning certificates list from cache
11-16 08:57:10.429: W/DynamiteModule(14185): Local module descriptor class for com.google.android.gms.vision.dynamite.ocr not found.
11-16 08:57:10.430: I/DynamiteModule(14185): Considering local module com.google.android.gms.vision.dynamite.ocr:0 and remote module com.google.android.gms.vision.dynamite.ocr:0
11-16 08:57:10.430: I/DynamiteModule(14185): Considering local module com.google.android.gms.vision.ocr:0 and remote module com.google.android.gms.vision.ocr:1
11-16 08:57:10.430: I/DynamiteModule(14185): Selected remote version of com.google.android.gms.vision.ocr, version >= 1
11-16 08:57:10.433: I/native(14185): I1116 08:57:10.433573   16870 start_ocr_856638336_langid.cc:35] StartOcr with label: latin_script_gmvapi_android
11-16 08:57:10.433: I/native(14185): I1116 08:57:10.433739   16870 start_ocr_856638336_langid.cc:44] StartOcr success
11-16 08:57:10.435: I/OcrModelUpStIntentOp(14185): Downloading text recognizer
11-16 08:57:10.459: I/RecoverableKeyStoreMgr(1149): The cert file serial number is the same, so skip updating.
11-16 08:57:10.459: I/RecoverableKeyStoreGms(14185): [EnrollmentManager] Recovery service is initialized.
11-16 08:57:10.463: I/RecoverySnapshotLstnrs(1149): Registered listener for agent with uid 10007
11-16 08:57:10.463: I/.gms.persisten(10858): Background concurrent copying GC freed 149765(10MB) AllocSpace objects, 15(584KB) LOS objects, 49% free, 11MB/23MB, paused 33us total 103.977ms
11-16 08:57:10.464: W/NetworkScheduler(10858): The extras of the task is not valid to be persisted so that the task is not persisted [CONTEXT service_id=218 ]
11-16 08:57:10.464: W/NetworkScheduler(10858): java.lang.IllegalArgumentException: Only the following extra parameter types are supported: Integer, Long, Double, String, Boolean, and nested Bundles with the same restrictions.
11-16 08:57:10.464: W/NetworkScheduler(10858): 	at abno.f(:com.google.android.gms@213614028@21.36.14 (100400-395708125):6)
11-16 08:57:10.464: W/NetworkScheduler(10858): 	at amdu.g(:com.google.android.gms@213614028@21.36.14 (100400-395708125):37)
11-16 08:57:10.464: W/NetworkScheduler(10858): 	at amdd.n(:com.google.android.gms@213614028@21.36.14 (100400-395708125):3)
11-16 08:57:10.464: W/NetworkScheduler(10858): 	at amdd.u(:com.google.android.gms@213614028@21.36.14 (100400-395708125):20)
11-16 08:57:10.464: W/NetworkScheduler(10858): 	at amdd.g(:com.google.android.gms@213614028@21.36.14 (100400-395708125):3)
11-16 08:57:10.464: W/NetworkScheduler(10858): 	at alzy.run(:com.google.android.gms@213614028@21.36.14 (100400-395708125):9)
11-16 08:57:10.464: W/NetworkScheduler(10858): 	at rgh.c(:com.google.android.gms@213614028@21.36.14 (100400-395708125):6)
11-16 08:57:10.464: W/NetworkScheduler(10858): 	at rgh.run(:com.google.android.gms@213614028@21.36.14 (100400-395708125):8)
11-16 08:57:10.464: W/NetworkScheduler(10858): 	at java.util.concurrent.ThreadPoolExecutor.runWorker(ThreadPoolExecutor.java:1167)
11-16 08:57:10.464: W/NetworkScheduler(10858): 	at java.util.concurrent.ThreadPoolExecutor$Worker.run(ThreadPoolExecutor.java:641)
11-16 08:57:10.464: W/NetworkScheduler(10858): 	at rkn.run(:com.google.android.gms@213614028@21.36.14 (100400-395708125):0)
11-16 08:57:10.464: W/NetworkScheduler(10858): 	at java.lang.Thread.run(Thread.java:764)
11-16 08:57:10.465: E/RecoverySnapshotStorage(1149): Error reading snapshot for 10007 from disk
11-16 08:57:10.465: E/RecoverySnapshotStorage(1149): java.io.FileNotFoundException: /data/system/recoverablekeystore/snapshots/10007.xml (No such file or directory)
11-16 08:57:10.465: E/RecoverySnapshotStorage(1149): 	at java.io.FileInputStream.open0(Native Method)
11-16 08:57:10.465: E/RecoverySnapshotStorage(1149): 	at java.io.FileInputStream.open(FileInputStream.java:231)
11-16 08:57:10.465: E/RecoverySnapshotStorage(1149): 	at java.io.FileInputStream.<init>(FileInputStream.java:165)
11-16 08:57:10.465: E/RecoverySnapshotStorage(1149): 	at com.android.server.locksettings.recoverablekeystore.storage.RecoverySnapshotStorage.readFromDisk(RecoverySnapshotStorage.java:152)
11-16 08:57:10.465: E/RecoverySnapshotStorage(1149): 	at com.android.server.locksettings.recoverablekeystore.storage.RecoverySnapshotStorage.get(RecoverySnapshotStorage.java:104)
11-16 08:57:10.465: E/RecoverySnapshotStorage(1149): 	at com.android.server.locksettings.recoverablekeystore.RecoverableKeyStoreManager.getKeyChainSnapshot(RecoverableKeyStoreManager.java:331)
11-16 08:57:10.465: E/RecoverySnapshotStorage(1149): 	at com.android.server.locksettings.LockSettingsService.getKeyChainSnapshot(LockSettingsService.java:2032)
11-16 08:57:10.465: E/RecoverySnapshotStorage(1149): 	at com.android.internal.widget.ILockSettings$Stub.onTransact(ILockSettings.java:356)
11-16 08:57:10.465: E/RecoverySnapshotStorage(1149): 	at android.os.Binder.execTransact(Binder.java:731)
11-16 08:57:10.466: I/RecoverableKeyStoreGms(14185): [WrappingKeyManager] Can't generate wrapping key - missing lock screeen
11-16 08:57:10.468: I/ModuleSetMgr(14185): Computing pending module set with APKs: [[AdsFdrDynamite.integ:213806100100000], [Enpromo.integ:214106000100000], [Pay.optional:213614100000], [VisionOcr.optional:213614100400], [AdsFdrDynamite.integ:212104400100000], [Cronetdynamite:213614100400], [Dynamiteloader:213614100000], [Dynamitemodulesa:213614100000], [Dynamitemodulesc:213614100000], [Googlecertificates:213614100000], [Mapsdynamite:213614100000], [Measurementdynamite:213614100000]]
11-16 08:57:10.492: I/ModuleSetMgr(14185): Pending container module APKs: [[Pay.optional:213614100000], [VisionOcr.optional:213614100400]]
11-16 08:57:10.492: I/ModuleSetMgr(14185): Pending non-container module APKs: [[Enpromo.integ:214106000100000], [AdsFdrDynamite.integ:213806100100000]]
11-16 08:57:10.504: I/akhr(10858): Scheduling Phenotype for a PhenotypeSyncImmediately(6, com.google.android.gms.testsupport) one off with window [1, 2] in seconds [CONTEXT service_id=51 ]
11-16 08:57:10.511: W/PackageParser(14185): Unknown element under <manifest>: queries at /data/user_de/0/com.google.android.gms/app_chimera/m/00000007/AdsDynamite.apk Binary XML file line #5
11-16 08:57:10.517: I/TestSupport(14185): AwaitCommitOperation: SaveStrategy__enableSaving [CONTEXT service_id=133 ]
11-16 08:57:10.523: I/TestSupport(14185): AwaitCommitOperation: uncommitted: FlagOverride(com.google.android.gms.auth.api.credentials, , Flag(SaveStrategy__enableSaving, false, 2, 0), false) [CONTEXT service_id=133 ]
11-16 08:57:10.523: I/TestSupport(14185): AwaitCommitOperation:  sleeping for 10 msec. [CONTEXT service_id=133 ]
11-16 08:57:10.538: W/PackageParser(14185): Unknown element under <manifest>: queries at /data/user_de/0/com.google.android.gms/app_chimera/m/00000010/dl-AdsFdrDynamite.integ_213806100100000.apk Binary XML file line #11
11-16 08:57:10.538: W/PhenotypeConfigurationU(10858): Update for unknown DeviceConfig package com.google.android.gms.auth.api.credentials [CONTEXT service_id=204 ]
11-16 08:57:10.538: W/PhenotypeConfigurationU(10858): akjf: No package exists for config package: com.google.android.gms.auth.api.credentials
11-16 08:57:10.538: W/PhenotypeConfigurationU(10858): 	at com.google.android.gms.platformconfigurator.PhenotypeConfigurationUpdateListener.a(:com.google.android.gms@213614028@21.36.14 (100400-395708125):7)
11-16 08:57:10.538: W/PhenotypeConfigurationU(10858): 	at com.google.android.gms.platformconfigurator.PhenotypeConfigurationUpdateListener.onHandleIntent(:com.google.android.gms@213614028@21.36.14 (100400-395708125):5)
11-16 08:57:10.538: W/PhenotypeConfigurationU(10858): 	at com.google.android.chimera.IntentOperation.onHandleIntent(:com.google.android.gms@213614028@21.36.14 (100400-395708125):2)
11-16 08:57:10.538: W/PhenotypeConfigurationU(10858): 	at pld.onHandleIntent(:com.google.android.gms@213614028@21.36.14 (100400-395708125):4)
11-16 08:57:10.538: W/PhenotypeConfigurationU(10858): 	at dpb.run(:com.google.android.gms@213614028@21.36.14 (100400-395708125):5)
11-16 08:57:10.538: W/PhenotypeConfigurationU(10858): 	at dpa.run(:com.google.android.gms@213614028@21.36.14 (100400-395708125):11)
11-16 08:57:10.538: W/PhenotypeConfigurationU(10858): 	at bfyg.run(:com.google.android.gms@213614028@21.36.14 (100400-395708125):2)
11-16 08:57:10.538: W/PhenotypeConfigurationU(10858): 	at java.util.concurrent.ThreadPoolExecutor.runWorker(ThreadPoolExecutor.java:1167)
11-16 08:57:10.538: W/PhenotypeConfigurationU(10858): 	at java.util.concurrent.ThreadPoolExecutor$Worker.run(ThreadPoolExecutor.java:641)
11-16 08:57:10.538: W/PhenotypeConfigurationU(10858): 	at java.lang.Thread.run(Thread.java:764)
11-16 08:57:10.556: I/GmsModuleFndr(14185): Beginning GMS chimera module scan
11-16 08:57:10.562: I/ModuleSetMgr(14185): Computing pending module set with APKs: [[AdsFdrDynamite.integ:213806100100000], [Enpromo.integ:214106000100000], [Pay.optional:213614100000], [VisionOcr.optional:213614100400], [AdsFdrDynamite.integ:212104400100000], [Cronetdynamite:213614100400], [Dynamiteloader:213614100000], [Dynamitemodulesa:213614100000], [Dynamitemodulesc:213614100000], [Googlecertificates:213614100000], [Mapsdynamite:213614100000], [Measurementdynamite:213614100000]]
11-16 08:57:10.573: I/ModuleSetMgr(14185): Pending container module APKs: [[Pay.optional:213614100000], [VisionOcr.optional:213614100400]]
11-16 08:57:10.573: I/ModuleSetMgr(14185): Pending non-container module APKs: [[Enpromo.integ:214106000100000], [AdsFdrDynamite.integ:213806100100000]]
11-16 08:57:10.574: I/TestSupport(14185): AwaitCommitOperation: FlagOverride(com.google.android.gms.auth.api.credentials, , Flag(SaveStrategy__enableSaving, false, 2, 0), true) committed [CONTEXT service_id=133 ]
11-16 08:57:10.575: I/TestSupport(14185): AwaitCommitOperation: no more uncommitted overrides [CONTEXT service_id=133 ]
11-16 08:57:10.584: W/PackageParser(14185): Unknown element under <manifest>: queries at /data/user_de/0/com.google.android.gms/app_chimera/m/00000007/AdsDynamite.apk Binary XML file line #5
11-16 08:57:10.596: W/PackageParser(14185): Unknown element under <manifest>: queries at /data/user_de/0/com.google.android.gms/app_chimera/m/00000010/dl-AdsFdrDynamite.integ_213806100100000.apk Binary XML file line #11
11-16 08:57:10.661: I/TestSupport(14185): AwaitCommitOperation: * [CONTEXT service_id=133 ]
11-16 08:57:10.666: I/TestSupport(14185): AwaitCommitOperation: FlagOverride(com.google.android.gms.auth.api.credentials, , Flag(SaveStrategy__enableSaving, false, 2, 0), true) committed [CONTEXT service_id=133 ]
11-16 08:57:10.667: I/TestSupport(14185): AwaitCommitOperation: no more uncommitted overrides [CONTEXT service_id=133 ]
11-16 08:57:10.753: I/TSDRIVER(16887): Handled command: PACKAGE
11-16 08:57:10.845: I/TSDRIVER(16887): CommandService onHandleIntent()
11-16 08:57:10.845: I/TSDRIVER(16887): Got command: PACKAGE
11-16 08:57:10.846: I/TSDRIVER(16887): flag package: Eh9jb20uZ29vZ2xlLmFuZHJvaWQuZ21zLmF1dG9maWxsGhQKEGF1dG9maWxsX2VuYWJsZWQYACg+
11-16 08:57:10.846: I/TSDRIVER(16887): flag package: com.google.android.gms.autofill
11-16 08:57:10.852: I/TestSupport(14185): SetFlagOverridesOperation: com.google.android.gms.autofill, '', [Flag(autofill_enabled, false, 2, 0)] [CONTEXT service_id=133 ]
11-16 08:57:10.863: I/TestSupport(14185): AwaitCommitOperation: autofill_enabled [CONTEXT service_id=133 ]
11-16 08:57:10.869: I/TestSupport(14185): AwaitCommitOperation: uncommitted: FlagOverride(com.google.android.gms.autofill, , Flag(autofill_enabled, false, 2, 0), false) [CONTEXT service_id=133 ]
11-16 08:57:10.871: I/TestSupport(14185): AwaitCommitOperation:  sleeping for 10 msec. [CONTEXT service_id=133 ]
11-16 08:57:10.893: W/PhenotypeConfigurationU(10858): Update for unknown DeviceConfig package com.google.android.gms.autofill [CONTEXT service_id=204 ]
11-16 08:57:10.893: W/PhenotypeConfigurationU(10858): akjf: No package exists for config package: com.google.android.gms.autofill
11-16 08:57:10.893: W/PhenotypeConfigurationU(10858): 	at com.google.android.gms.platformconfigurator.PhenotypeConfigurationUpdateListener.a(:com.google.android.gms@213614028@21.36.14 (100400-395708125):7)
11-16 08:57:10.893: W/PhenotypeConfigurationU(10858): 	at com.google.android.gms.platformconfigurator.PhenotypeConfigurationUpdateListener.onHandleIntent(:com.google.android.gms@213614028@21.36.14 (100400-395708125):5)
11-16 08:57:10.893: W/PhenotypeConfigurationU(10858): 	at com.google.android.chimera.IntentOperation.onHandleIntent(:com.google.android.gms@213614028@21.36.14 (100400-395708125):2)
11-16 08:57:10.893: W/PhenotypeConfigurationU(10858): 	at pld.onHandleIntent(:com.google.android.gms@213614028@21.36.14 (100400-395708125):4)
11-16 08:57:10.893: W/PhenotypeConfigurationU(10858): 	at dpb.run(:com.google.android.gms@213614028@21.36.14 (100400-395708125):5)
11-16 08:57:10.893: W/PhenotypeConfigurationU(10858): 	at dpa.run(:com.google.android.gms@213614028@21.36.14 (100400-395708125):11)
11-16 08:57:10.893: W/PhenotypeConfigurationU(10858): 	at bfyg.run(:com.google.android.gms@213614028@21.36.14 (100400-395708125):2)
11-16 08:57:10.893: W/PhenotypeConfigurationU(10858): 	at java.util.concurrent.ThreadPoolExecutor.runWorker(ThreadPoolExecutor.java:1167)
11-16 08:57:10.893: W/PhenotypeConfigurationU(10858): 	at java.util.concurrent.ThreadPoolExecutor$Worker.run(ThreadPoolExecutor.java:641)
11-16 08:57:10.893: W/PhenotypeConfigurationU(10858): 	at java.lang.Thread.run(Thread.java:764)
11-16 08:57:10.899: I/PTCommittedOperation(10858): Receive new configuration for com.google.android.gms.autofill
11-16 08:57:10.905: W/ModuleInitIntentOp(14185): Dropping unexpected action com.google.android.gms.phenotype.COMMITTED
11-16 08:57:10.905: I/ChromeSync(14185): [Sync,SyncIntentOperation] Handling the intent: Intent { act=com.google.android.gms.phenotype.COMMITTED flg=0x10 pkg=com.google.android.gms cmp=com.google.android.gms/.chimera.GmsIntentOperationService (has extras) }.
11-16 08:57:10.913: I/TestSupport(14185): AwaitCommitOperation: FlagOverride(com.google.android.gms.autofill, , Flag(autofill_enabled, false, 2, 0), true) committed [CONTEXT service_id=133 ]
11-16 08:57:10.914: I/TestSupport(14185): AwaitCommitOperation: no more uncommitted overrides [CONTEXT service_id=133 ]
11-16 08:57:10.917: I/MdiSyncModule(14185): flag handling is skipping irrelevant intent.
11-16 08:57:10.933: W/ModuleInitIntentOp(14185): Dropping unexpected action com.google.android.gms.phenotype.COMMITTED
11-16 08:57:10.963: I/GmsSyncPolicyEngine(14185): Periodic sync 4 disabled by policy, cancelled.
11-16 08:57:11.013: I/TestSupport(14185): AwaitCommitOperation: * [CONTEXT service_id=133 ]
11-16 08:57:11.019: I/TestSupport(14185): AwaitCommitOperation: FlagOverride(com.google.android.gms.autofill, , Flag(autofill_enabled, false, 2, 0), true) committed [CONTEXT service_id=133 ]
11-16 08:57:11.019: I/TestSupport(14185): AwaitCommitOperation: no more uncommitted overrides [CONTEXT service_id=133 ]
11-16 08:57:11.126: I/TSDRIVER(16887): Handled command: PACKAGE
11-16 08:57:11.240: I/TSDRIVER(16887): CommandService onHandleIntent()
11-16 08:57:11.240: I/TSDRIVER(16887): Got command: PACKAGE
11-16 08:57:11.241: I/TSDRIVER(16887): flag package: EiNjb20uZ29vZ2xlLmFuZHJvaWQuZ21zLmF1dGhfYWNjb3VudBodChlhdXRoX3NpZ19vdmVycmlkZV9lbmFibGVkGAAoPg
11-16 08:57:11.241: I/TSDRIVER(16887): flag package: com.google.android.gms.auth_account
11-16 08:57:11.247: I/TestSupport(14185): SetFlagOverridesOperation: com.google.android.gms.auth_account, '', [Flag(auth_sig_override_enabled, false, 2, 0)] [CONTEXT service_id=133 ]
11-16 08:57:11.265: I/TestSupport(14185): AwaitCommitOperation: auth_sig_override_enabled [CONTEXT service_id=133 ]
11-16 08:57:11.276: I/TestSupport(14185): AwaitCommitOperation: uncommitted: FlagOverride(com.google.android.gms.auth_account, , Flag(auth_sig_override_enabled, false, 2, 0), false) [CONTEXT service_id=133 ]
11-16 08:57:11.277: I/TestSupport(14185): AwaitCommitOperation:  sleeping for 10 msec. [CONTEXT service_id=133 ]
11-16 08:57:11.311: W/PhenotypeConfigurationU(10858): Update for unknown DeviceConfig package com.google.android.gms.auth_account [CONTEXT service_id=204 ]
11-16 08:57:11.311: W/PhenotypeConfigurationU(10858): akjf: No package exists for config package: com.google.android.gms.auth_account
11-16 08:57:11.311: W/PhenotypeConfigurationU(10858): 	at com.google.android.gms.platformconfigurator.PhenotypeConfigurationUpdateListener.a(:com.google.android.gms@213614028@21.36.14 (100400-395708125):7)
11-16 08:57:11.311: W/PhenotypeConfigurationU(10858): 	at com.google.android.gms.platformconfigurator.PhenotypeConfigurationUpdateListener.onHandleIntent(:com.google.android.gms@213614028@21.36.14 (100400-395708125):5)
11-16 08:57:11.311: W/PhenotypeConfigurationU(10858): 	at com.google.android.chimera.IntentOperation.onHandleIntent(:com.google.android.gms@213614028@21.36.14 (100400-395708125):2)
11-16 08:57:11.311: W/PhenotypeConfigurationU(10858): 	at pld.onHandleIntent(:com.google.android.gms@213614028@21.36.14 (100400-395708125):4)
11-16 08:57:11.311: W/PhenotypeConfigurationU(10858): 	at dpb.run(:com.google.android.gms@213614028@21.36.14 (100400-395708125):5)
11-16 08:57:11.311: W/PhenotypeConfigurationU(10858): 	at dpa.run(:com.google.android.gms@213614028@21.36.14 (100400-395708125):11)
11-16 08:57:11.311: W/PhenotypeConfigurationU(10858): 	at bfyg.run(:com.google.android.gms@213614028@21.36.14 (100400-395708125):2)
11-16 08:57:11.311: W/PhenotypeConfigurationU(10858): 	at java.util.concurrent.ThreadPoolExecutor.runWorker(ThreadPoolExecutor.java:1167)
11-16 08:57:11.311: W/PhenotypeConfigurationU(10858): 	at java.util.concurrent.ThreadPoolExecutor$Worker.run(ThreadPoolExecutor.java:641)
11-16 08:57:11.311: W/PhenotypeConfigurationU(10858): 	at java.lang.Thread.run(Thread.java:764)
11-16 08:57:11.316: I/PTCommittedOperation(10858): Receive new configuration for com.google.android.gms.auth_account
11-16 08:57:11.317: W/ModuleInitIntentOp(14185): Dropping unexpected action com.google.android.gms.phenotype.COMMITTED
11-16 08:57:11.318: I/ChromeSync(14185): [Sync,SyncIntentOperation] Handling the intent: Intent { act=com.google.android.gms.phenotype.COMMITTED flg=0x10 pkg=com.google.android.gms cmp=com.google.android.gms/.chimera.GmsIntentOperationService (has extras) }.
11-16 08:57:11.322: I/MdiSyncModule(14185): flag handling is skipping irrelevant intent.
11-16 08:57:11.325: W/ModuleInitIntentOp(14185): Dropping unexpected action com.google.android.gms.phenotype.COMMITTED
11-16 08:57:11.329: I/TestSupport(14185): AwaitCommitOperation: FlagOverride(com.google.android.gms.auth_account, , Flag(auth_sig_override_enabled, false, 2, 0), true) committed [CONTEXT service_id=133 ]
11-16 08:57:11.330: I/TestSupport(14185): AwaitCommitOperation: no more uncommitted overrides [CONTEXT service_id=133 ]
11-16 08:57:11.429: I/TestSupport(14185): AwaitCommitOperation: * [CONTEXT service_id=133 ]
11-16 08:57:11.442: I/TestSupport(14185): AwaitCommitOperation: FlagOverride(com.google.android.gms.auth_account, , Flag(auth_sig_override_enabled, false, 2, 0), true) committed [CONTEXT service_id=133 ]
11-16 08:57:11.443: I/TestSupport(14185): AwaitCommitOperation: no more uncommitted overrides [CONTEXT service_id=133 ]
11-16 08:57:11.560: I/TSDRIVER(16887): Handled command: PACKAGE
11-16 08:57:11.893: D/AndroidRuntime(17131): >>>>>> START com.android.internal.os.RuntimeInit uid 2000 <<<<<<
11-16 08:57:11.949: I/app_process(17131): The ClassLoaderContext is a special shared library.
11-16 08:57:11.973: D/AndroidRuntime(17131): Calling main entry com.android.commands.am.Am
11-16 08:57:11.979: I/ActivityManager(1149): Force stopping com.google.android.apps.mtaas.tools appid=10156 user=0: start instr
11-16 08:57:12.005: I/ActivityManager(1149): Start proc 17140:com.google.android.apps.mtaas.tools/u0a156 for added application com.google.android.apps.mtaas.tools
11-16 08:57:12.017: E/pps.mtaas.tool(17140): Not starting debugger since process cannot load the jdwp agent.
11-16 08:57:12.065: I/pps.mtaas.tool(17140): The ClassLoaderContext is a special shared library.
11-16 08:57:12.095: I/ActivityManager(1149): Config changes=2004 {1.0 ?mcc?mnc [en] ldltr sw392dp w392dp h713dp 440dpi nrml long hdr widecg port finger -keyb/v/h -nav/h winConfig={ mBounds=Rect(0, 0 - 0, 0) mAppBounds=Rect(0, 0 - 1080, 2028) mWindowingMode=fullscreen mActivityType=undefined} s.10}
11-16 08:57:12.096: D/ActivityManager(1149): Storing locale en for decryption UI
11-16 08:57:12.120: I/ActivityManager(1149): Override config changes=2004 {1.0 ?mcc?mnc [en] ldltr sw392dp w392dp h713dp 440dpi nrml long hdr widecg port finger -keyb/v/h -nav/h winConfig={ mBounds=Rect(0, 0 - 1080, 2028) mAppBounds=Rect(0, 0 - 1080, 2028) mWindowingMode=fullscreen mActivityType=undefined} s.10} for displayId=0
11-16 08:57:12.156: I/EmojiSearchExtension(3649): onDestroy()
11-16 08:57:12.156: I/EmojiSearchExtension(3649): onDeactivate()
11-16 08:57:12.177: D/LoaderTask(4299): loadWorkspace: loading default favorites
11-16 08:57:12.177: D/ChangeLocale(17140): Instrumentation completed successfully
11-16 08:57:12.178: I/ActivityManager(1149): Force stopping com.google.android.apps.mtaas.tools appid=10156 user=0: finished inst
11-16 08:57:12.178: I/ActivityManager(1149): Killing 17140:com.google.android.apps.mtaas.tools/u0a156 (adj 0): stop com.google.android.apps.mtaas.tools
11-16 08:57:12.179: W/libprocessgroup(1149): kill(-17140, 9) failed: No such process
11-16 08:57:12.181: D/ConnectivityService(1149): releasing NetworkRequest [ TRACK_DEFAULT id=46, [ Capabilities: INTERNET&NOT_RESTRICTED&TRUSTED Unwanted:  Uid: 10107] ] (release request)
11-16 08:57:12.181: W/Binder(1149): Outgoing transactions from this process must be FLAG_ONEWAY
11-16 08:57:12.181: W/Binder(1149): java.lang.Throwable
11-16 08:57:12.181: W/Binder(1149): 	at android.os.BinderProxy.transact(Binder.java:1116)
11-16 08:57:12.181: W/Binder(1149): 	at android.app.IInstrumentationWatcher$Stub$Proxy.instrumentationFinished(IInstrumentationWatcher.java:164)
11-16 08:57:12.181: W/Binder(1149): 	at com.android.server.am.InstrumentationReporter$MyThread.run(InstrumentationReporter.java:86)
11-16 08:57:12.185: D/AndroidRuntime(17131): Shutting down VM
11-16 08:57:12.188: I/ActivityManager(1149): Start proc 17159:com.android.carrierdefaultapp/u0a84 for broadcast com.android.carrierdefaultapp/.CarrierDefaultBroadcastReceiver
11-16 08:57:12.188: W/app_process(17131): Thread attaching while runtime is shutting down: Binder:17131_3
11-16 08:57:12.190: I/AndroidRuntime(17131): NOTE: attach of thread 'Binder:17131_3' failed
11-16 08:57:12.208: I/ActivityManager(1149): Failure reporting to instrumentation watcher: comp=ComponentInfo{com.google.android.apps.mtaas.tools/com.google.android.apps.mtaas.tools.instrumentations.ChangeLocale} results=Bundle[mParcelledData.dataSize=40]
11-16 08:57:12.211: E/rrierdefaultap(17159): Not starting debugger since process cannot load the jdwp agent.
11-16 08:57:12.212: I/Zygote(733): Process 17140 exited due to signal (9)
11-16 08:57:12.216: W/libprocessgroup(1149): kill(-17140, 9) failed: No such process
11-16 08:57:12.216: I/libprocessgroup(1149): Successfully killed process cgroup uid 10156 pid 17140 in 37ms
11-16 08:57:12.220: I/ModuleManager(3649): Module object of interface com.google.android.apps.inputmethod.libs.search.emoji.EmojiSearchExtension loaded.
11-16 08:57:12.227: W/cr_ContextualSearch(13404): Warning, the 0 state was aborted.
11-16 08:57:12.235: I/GoogleInputMethod(3649): onStartInput() : Dummy InputConnection bound
11-16 08:57:12.239: I/ActivityManager(1149): Killing 13447:com.android.chrome:sandboxed_process0/u0a107i0 (adj 0): isolated not needed
11-16 08:57:12.239: W/libprocessgroup(1149): Failed to open process cgroup uid 99000 pid 13447: No such file or directory
11-16 08:57:12.239: E/libprocessgroup(1149): Error encountered killing process cgroup uid 99000 pid 13447: No such file or directory
11-16 08:57:12.245: I/MediaFocusControl(1149): abandonAudioFocus() from uid/pid 10107/13404 clientId=android.media.AudioManager@2dd690dorg.chromium.content.browser.AudioFocusDelegate@b55e0c2
11-16 08:57:12.246: E/cr_BrowserInitializer(13404): Killing process because of locale change.
11-16 08:57:12.246: I/Process(13404): Sending signal. PID: 13404 SIG: 9
11-16 08:57:12.252: I/HWRSuperpacksManager(3649): onEnabledInputMethodEntriesChanged
11-16 08:57:12.252: I/DictSuperpacksManager(3649): onEnabledInputMethodEntriesChanged
11-16 08:57:12.254: I/GoogleInputMethod(3649): onFinishInput() : Dummy InputConnection bound
11-16 08:57:12.254: I/GoogleInputMethod(3649): onStartInput() : Dummy InputConnection bound
11-16 08:57:12.259: D/CarrierDefaultBroadcastReceiver(17159): onReceive intent: android.intent.action.LOCALE_CHANGED
11-16 08:57:12.262: I/Zygote(3688): Process 13447 exited due to signal (9)
11-16 08:57:12.271: W/InputDispatcher(1149): channel 'adc274e com.android.chrome/com.google.android.apps.chrome.Main (server)' ~ Consumer closed input channel or an error occurred.  events=0x9
11-16 08:57:12.271: E/InputDispatcher(1149): channel 'adc274e com.android.chrome/com.google.android.apps.chrome.Main (server)' ~ Channel is unrecoverably broken and will be disposed!
11-16 08:57:12.272: D/ConnectivityService(1149): ConnectivityService NetworkRequestInfo binderDied(NetworkRequest [ TRACK_DEFAULT id=44, [ Capabilities: INTERNET&NOT_RESTRICTED&TRUSTED Unwanted:  Uid: 10107] ], android.os.BinderProxy@8580d5)
11-16 08:57:12.272: D/ConnectivityService(1149): ConnectivityService NetworkRequestInfo binderDied(NetworkRequest [ LISTEN id=45, [ Capabilities: INTERNET&NOT_RESTRICTED&TRUSTED Unwanted:  Uid: 10107] ], android.os.BinderProxy@fd6f0ea)
11-16 08:57:12.272: D/ConnectivityService(1149): ConnectivityService NetworkRequestInfo binderDied(NetworkRequest [ LISTEN id=41, [ Capabilities: INTERNET&NOT_RESTRICTED&TRUSTED Unwanted:  Uid: 10107] ], android.os.BinderProxy@ae80fdb)
11-16 08:57:12.272: D/ConnectivityService(1149): ConnectivityService NetworkRequestInfo binderDied(NetworkRequest [ TRACK_DEFAULT id=40, [ Capabilities: INTERNET&NOT_RESTRICTED&TRUSTED Unwanted:  Uid: 10107] ], android.os.BinderProxy@805aa78)
11-16 08:57:12.272: D/KernelUidCpuTimeReader(1149): Removing uids 99002-99002
11-16 08:57:12.273: I/WindowManager(1149): WIN DEATH: Window{adc274e u0 com.android.chrome/com.google.android.apps.chrome.Main}
11-16 08:57:12.273: D/ConnectivityService(1149): releasing NetworkRequest [ TRACK_DEFAULT id=44, [ Capabilities: INTERNET&NOT_RESTRICTED&TRUSTED Unwanted:  Uid: 10107] ] (release request)
11-16 08:57:12.273: W/InputDispatcher(1149): Attempted to unregister already unregistered input channel 'adc274e com.android.chrome/com.google.android.apps.chrome.Main (server)'
11-16 08:57:12.273: D/ConnectivityService(1149): ConnectivityService NetworkRequestInfo binderDied(NetworkRequest [ LISTEN id=49, [ Capabilities: INTERNET&NOT_RESTRICTED&TRUSTED Unwanted:  Uid: 10107] ], android.os.BinderProxy@52a5551)
11-16 08:57:12.274: D/ConnectivityService(1149): releasing NetworkRequest [ TRACK_DEFAULT id=40, [ Capabilities: INTERNET&NOT_RESTRICTED&TRUSTED Unwanted:  Uid: 10107] ] (release request)
11-16 08:57:12.274: I/Zygote(734): Process 13404 exited due to signal (9)
11-16 08:57:12.274: D/ConnectivityService(1149): ConnectivityService NetworkRequestInfo binderDied(NetworkRequest [ TRACK_DEFAULT id=48, [ Capabilities: INTERNET&NOT_RESTRICTED&TRUSTED Unwanted:  Uid: 10107] ], android.os.BinderProxy@8cdceb7)
11-16 08:57:12.275: D/ConnectivityService(1149): releasing NetworkRequest [ TRACK_DEFAULT id=48, [ Capabilities: INTERNET&NOT_RESTRICTED&TRUSTED Unwanted:  Uid: 10107] ] (release request)
11-16 08:57:12.275: D/KernelUidCpuTimeReader(1149): Removing uids 99003-99003
11-16 08:57:12.275: D/KernelUidCpuTimeReader(1149): Removing uids 99004-99004
11-16 08:57:12.276: I/Zygote(734): Process 13480 exited cleanly (0)
11-16 08:57:12.284: I/ActivityManager(1149): Killing 14371:com.google.android.contacts/u0a90 (adj 906): empty #17
11-16 08:57:12.285: W/libprocessgroup(1149): kill(-14371, 9) failed: No such process
11-16 08:57:12.285: I/ActivityManager(1149): Process com.android.chrome (pid 13404) has died: fore TOP 
11-16 08:57:12.286: W/ActivityManager(1149): Exception when unbinding service com.android.chrome/org.chromium.content.app.PrivilegedProcessService0
11-16 08:57:12.286: W/ActivityManager(1149): android.os.DeadObjectException
11-16 08:57:12.286: W/ActivityManager(1149): 	at android.os.BinderProxy.transactNative(Native Method)
11-16 08:57:12.286: W/ActivityManager(1149): 	at android.os.BinderProxy.transact(Binder.java:1129)
11-16 08:57:12.286: W/ActivityManager(1149): 	at android.app.IApplicationThread$Stub$Proxy.scheduleUnbindService(IApplicationThread.java:1100)
11-16 08:57:12.286: W/ActivityManager(1149): 	at com.android.server.am.ActiveServices.removeConnectionLocked(ActiveServices.java:2894)
11-16 08:57:12.286: W/ActivityManager(1149): 	at com.android.server.am.ActiveServices.killServicesLocked(ActiveServices.java:3293)
11-16 08:57:12.286: W/ActivityManager(1149): 	at com.android.server.am.ActivityManagerService.cleanUpApplicationRecordLocked(ActivityManagerService.java:20234)
11-16 08:57:12.286: W/ActivityManager(1149): 	at com.android.server.am.ActivityManagerService.handleAppDiedLocked(ActivityManagerService.java:5910)
11-16 08:57:12.286: W/ActivityManager(1149): 	at com.android.server.am.ActivityManagerService.appDiedLocked(ActivityManagerService.java:6105)
11-16 08:57:12.286: W/ActivityManager(1149): 	at com.android.server.am.ActivityManagerService$AppDeathRecipient.binderDied(ActivityManagerService.java:1891)
11-16 08:57:12.286: W/ActivityManager(1149): 	at android.os.BinderProxy.sendDeathNotice(Binder.java:1195)
11-16 08:57:12.287: E/lowmemorykiller(802): Error opening /proc/13480/oom_score_adj; errno=2
11-16 08:57:12.287: W/ActivityManager(1149): Force removing ActivityRecord{1b98d88 u0 com.android.chrome/com.google.android.apps.chrome.Main t3}: app died, no saved state
11-16 08:57:12.288: D/BoundBrokerSvc(14185): onUnbind: Intent { act=com.google.android.gms.safetynet.service.START pkg=com.google.android.gms }
11-16 08:57:12.292: W/SurfaceFlinger(643): Attempting to destroy on removed layer: AppWindowToken{82af346 token=Token{450e321 ActivityRecord{1b98d88 u0 com.android.chrome/com.google.android.apps.chrome.Main t3}}}#0
11-16 08:57:12.305: I/ActivityManager(1149): Process com.android.chrome:privileged_process0 (pid 13480) has died: cch  CACC
11-16 08:57:12.309: W/ActivityManager(1149): setHasOverlayUi called on unknown pid: 13404
11-16 08:57:12.310: I/Zygote(733): Process 14371 exited due to signal (9)
11-16 08:57:12.322: I/ActivityManager(1149): Start proc 17187:com.android.cellbroadcastreceiver/u0a62 for broadcast com.android.cellbroadcastreceiver/.PrivilegedCellBroadcastReceiver
11-16 08:57:12.326: E/oadcastreceive(17187): Not starting debugger since process cannot load the jdwp agent.
11-16 08:57:12.329: W/libprocessgroup(1149): kill(-14371, 9) failed: No such process
11-16 08:57:12.329: I/libprocessgroup(1149): Successfully killed process cgroup uid 10090 pid 14371 in 44ms
11-16 08:57:12.330: W/libprocessgroup(1149): kill(-13404, 9) failed: No such process
11-16 08:57:12.330: I/libprocessgroup(1149): Successfully killed process cgroup uid 10107 pid 13404 in 0ms
11-16 08:57:12.330: W/libprocessgroup(1149): kill(-13480, 9) failed: No such process
11-16 08:57:12.330: I/libprocessgroup(1149): Successfully killed process cgroup uid 10107 pid 13480 in 0ms
11-16 08:57:12.342: W/Looper(1149): Slow dispatch took 172ms main h=android.app.ActivityThread$H c=android.app.-$$Lambda$LoadedApk$ReceiverDispatcher$Args$_BumDX2UKsnxLVrE6UJsJZkotuA@8a0e5bc m=0
11-16 08:57:12.351: D/UsbDeviceManager(1149): Clear notification
11-16 08:57:12.351: D/UsbDeviceManager(1149): push notification:Charging this device via USB
11-16 08:57:12.381: I/system_server(1149): Background concurrent copying GC freed 230263(12MB) AllocSpace objects, 103(2MB) LOS objects, 42% free, 17MB/30MB, paused 93us total 136.107ms
11-16 08:57:12.404: D/CellBroadcastReceiver(17187): onReceive Intent { act=android.intent.action.LOCALE_CHANGED flg=0x11200010 cmp=com.android.cellbroadcastreceiver/.PrivilegedCellBroadcastReceiver }
11-16 08:57:12.409: I/ActivityManager(1149): Killing 10890:com.google.android.gms:car/u0a7 (adj 906): empty #17
11-16 08:57:12.409: W/libprocessgroup(1149): kill(-10890, 9) failed: No such process
11-16 08:57:12.413: D/SurfaceFlinger(643): duplicate layer name: changing com.google.android.apps.nexuslauncher/com.google.android.apps.nexuslauncher.NexusLauncherActivity to com.google.android.apps.nexuslauncher/com.google.android.apps.nexuslauncher.NexusLauncherActivity#1
11-16 08:57:12.414: W/InputMethodManagerService(1149): Illegal subtype state: old subtype = null, new subtype = android.view.inputmethod.InputMethodSubtype@70bfcd7e
11-16 08:57:12.415: I/Telecom(1149): : Locale change; recreating channels.
