11-16 08:57:23.859: D/Ethernet(1149): got request NetworkRequest [ TRACK_DEFAULT id=55, [ Capabilities: INTERNET&NOT_RESTRICTED&TRUSTED Unwanted:  Uid: 10080] ] with score 60
11-16 08:57:23.873: D/NetworkSecurityConfig(17066): Using Network Security Config from resource network_security_config debugBuild: false
11-16 08:57:23.874: I/android.youtub(18427): Rejecting re-init on previously-failed class java.lang.Class<com.google.android.ads.tasks.appdigest.a>: java.lang.NoClassDefFoundError: Failed resolution of: Landroid/content/pm/PackageManager$OnChecksumsReadyListener;
11-16 08:57:23.874: I/android.youtub(18427):   at java.lang.Class dalvik.system.DexFile.defineClassNative(java.lang.String, java.lang.ClassLoader, java.lang.Object, dalvik.system.DexFile) (DexFile.java:-2)
11-16 08:57:23.874: I/android.youtub(18427):   at java.lang.Class dalvik.system.DexFile.defineClass(java.lang.String, java.lang.ClassLoader, java.lang.Object, dalvik.system.DexFile, java.util.List) (DexFile.java:283)
11-16 08:57:23.874: I/android.youtub(18427):   at java.lang.Class dalvik.system.DexFile.loadClassBinaryName(java.lang.String, java.lang.ClassLoader, java.util.List) (DexFile.java:276)
11-16 08:57:23.874: I/android.youtub(18427):   at java.lang.Class dalvik.system.DexPathList$Element.findClass(java.lang.String, java.lang.ClassLoader, java.util.List) (DexPathList.java:724)
11-16 08:57:23.874: I/android.youtub(18427):   at java.lang.Class dalvik.system.DexPathList.findClass(java.lang.String, java.util.List) (DexPathList.java:486)
11-16 08:57:23.874: I/android.youtub(18427):   at java.lang.Class dalvik.system.BaseDexClassLoader.findClass(java.lang.String) (BaseDexClassLoader.java:132)
11-16 08:57:23.874: I/android.youtub(18427):   at java.lang.Class bg.loadClass(java.lang.String, boolean) (:com.google.android.gms.dynamite_dynamiteloader@213614065@21.36.14 (100400-0):2)
11-16 08:57:23.874: I/android.youtub(18427):   at java.lang.Class java.lang.ClassLoader.loadClass(java.lang.String) (ClassLoader.java:312)
11-16 08:57:23.874: I/android.youtub(18427):   at java.util.List xu.r(yv, android.content.Context, bqi, com.google.ads.afma.g) (:com.google.android.gms.policy_ads_fdr_dynamite@213806100@213806100057.397311113.397311113:5)
11-16 08:57:23.874: I/android.youtub(18427):   at java.util.List xv.r(yv, android.content.Context, bqi, com.google.ads.afma.g) (:com.google.android.gms.policy_ads_fdr_dynamite@213806100@213806100057.397311113.397311113:4)
11-16 08:57:23.874: I/android.youtub(18427):   at void xu.s(yv, android.content.Context, bqi, com.google.ads.afma.g) (:com.google.android.gms.policy_ads_fdr_dynamite@213806100@213806100057.397311113.397311113:0)
11-16 08:57:23.874: I/android.youtub(18427):   at bqi xu.m(android.content.Context, com.google.ads.afma.g) (:com.google.android.gms.policy_ads_fdr_dynamite@213806100@213806100057.397311113.397311113:7)
11-16 08:57:23.874: I/android.youtub(18427):   at java.lang.String xp.r(android.content.Context, java.lang.String, int, android.view.View, android.app.Activity, byte[]) (:com.google.android.gms.policy_ads_fdr_dynamite@213806100@213806100057.397311113.397311113:8)
11-16 08:57:23.874: I/android.youtub(18427):   at java.lang.String xp.g(android.content.Context, byte[]) (:com.google.android.gms.policy_ads_fdr_dynamite@213806100@213806100057.397311113.397311113:2)
11-16 08:57:23.874: I/android.youtub(18427):   at java.lang.String com.google.android.gms.ads.adshield.internal.a.b(aqh, byte[]) (:com.google.android.gms.policy_ads_fdr_dynamite@213806100@213806100057.397311113.397311113:1)
11-16 08:57:23.874: I/android.youtub(18427):   at boolean com.google.android.gms.ads.adshield.internal.a.bJ(int, android.os.Parcel, android.os.Parcel) (:com.google.android.gms.policy_ads_fdr_dynamite@213806100@213806100057.397311113.397311113:54)
11-16 08:57:23.874: I/android.youtub(18427):   at boolean zg.onTransact(int, android.os.Parcel, android.os.Parcel, int) (:com.google.android.gms.policy_ads_fdr_dynamite@213806100@213806100057.397311113.397311113:4)
11-16 08:57:23.874: I/android.youtub(18427):   at boolean android.os.Binder.transact(int, android.os.Parcel, android.os.Parcel, int) (Binder.java:667)
11-16 08:57:23.874: I/android.youtub(18427):   at android.os.Parcel pcs.a(int, android.os.Parcel) (SourceFile:7)
11-16 08:57:23.874: I/android.youtub(18427):   at java.lang.String pkk.a(oms, byte[]) (SourceFile:40)
11-16 08:57:23.874: I/android.youtub(18427):   at java.lang.String nrc.a(android.content.Context, byte[]) (SourceFile:6)
11-16 08:57:23.874: I/android.youtub(18427):   at java.lang.String qis.a(android.content.Context, byte[]) (SourceFile:10)
11-16 08:57:23.874: I/android.youtub(18427):   at java.lang.String skv.a(qio, byte[]) (SourceFile:59)
11-16 08:57:23.874: I/android.youtub(18427):   at java.lang.String skv.g() (SourceFile:41)
11-16 08:57:23.874: I/android.youtub(18427):   at java.lang.String skv.b() (SourceFile:69)
11-16 08:57:23.874: I/android.youtub(18427):   at java.lang.String slq.i() (SourceFile:56)
11-16 08:57:23.874: I/android.youtub(18427):   at java.lang.String slq.b() (SourceFile:32)
11-16 08:57:23.874: I/android.youtub(18427):   at void slq.e() (SourceFile:37)
11-16 08:57:23.874: I/android.youtub(18427):   at void cmk.run() (SourceFile:7)
11-16 08:57:23.874: I/android.youtub(18427):   at java.lang.Object java.util.concurrent.Executors$RunnableAdapter.call() (Executors.java:458)
11-16 08:57:23.874: I/android.youtub(18427):   at void java.util.concurrent.FutureTask.run() (FutureTask.java:266)
11-16 08:57:23.874: I/android.youtub(18427):   at void java.util.concurrent.ScheduledThreadPoolExecutor$ScheduledFutureTask.run() (ScheduledThreadPoolExecutor.java:301)
11-16 08:57:23.874: I/android.youtub(18427):   at void java.util.concurrent.ThreadPoolExecutor.runWorker(java.util.concurrent.ThreadPoolExecutor$Worker) (ThreadPoolExecutor.java:1167)
11-16 08:57:23.874: I/android.youtub(18427):   at void java.util.concurrent.ThreadPoolExecutor$Worker.run() (ThreadPoolExecutor.java:641)
11-16 08:57:23.874: I/android.youtub(18427):   at void ubi.run() (SourceFile:20)
11-16 08:57:23.874: I/android.youtub(18427):   at void java.lang.Thread.run() (Thread.java:764)
11-16 08:57:23.874: I/android.youtub(18427): Caused by: java.lang.ClassNotFoundException: Didn't find class "android.content.pm.PackageManager$OnChecksumsReadyListener" on path: DexPathList[[zip file "/data/user_de/0/com.google.android.gms/app_chimera/m/00000010/dl-AdsFdrDynamite.integ_213806100100000.apk"],nativeLibraryDirectories=[/data/user_de/0/com.google.android.gms/app_chimera/m/00000010/dl-AdsFdrDynamite.integ_213806100100000.apk!/lib/arm64-v8a, /system/lib64]]
11-16 08:57:23.874: I/android.youtub(18427):   at java.lang.Class dalvik.system.BaseDexClassLoader.findClass(java.lang.String) (BaseDexClassLoader.java:134)
11-16 08:57:23.874: I/android.youtub(18427):   at java.lang.Class java.lang.ClassLoader.loadClass(java.lang.String, boolean) (ClassLoader.java:379)
11-16 08:57:23.874: I/android.youtub(18427):   at java.lang.Class bg.loadClass(java.lang.String, boolean) (:com.google.android.gms.dynamite_dynamiteloader@213614065@21.36.14 (100400-0):3)
11-16 08:57:23.874: I/android.youtub(18427):   at java.lang.Class java.lang.ClassLoader.loadClass(java.lang.String) (ClassLoader.java:312)
11-16 08:57:23.874: I/android.youtub(18427):   at java.lang.Class dalvik.system.DexFile.defineClassNative(java.lang.String, java.lang.ClassLoader, java.lang.Object, dalvik.system.DexFile) (DexFile.java:-2)
11-16 08:57:23.874: I/android.youtub(18427):   at java.lang.Class dalvik.system.DexFile.defineClass(java.lang.String, java.lang.ClassLoader, java.lang.Object, dalvik.system.DexFile, java.util.List) (DexFile.java:283)
11-16 08:57:23.874: I/android.youtub(18427):   at java.lang.Class dalvik.system.DexFile.loadClassBinaryName(java.lang.String, java.lang.ClassLoader, java.util.List) (DexFile.java:276)
11-16 08:57:23.874: I/android.youtub(18427):   at java.lang.Class dalvik.system.DexPathList$Element.findClass(java.lang.String, java.lang.ClassLoader, java.util.List) (DexPathList.java:724)
11-16 08:57:23.874: I/android.youtub(18427):   at java.lang.Class dalvik.system.DexPathList.findClass(java.lang.String, java.util.List) (DexPathList.java:486)
11-16 08:57:23.874: I/android.youtub(18427):   at java.lang.Class dalvik.system.BaseDexClassLoader.findClass(java.lang.String) (BaseDexClassLoader.java:132)
11-16 08:57:23.874: I/android.youtub(18427):   at java.lang.Class bg.loadClass(java.lang.String, boolean) (:com.google.android.gms.dynamite_dynamiteloader@213614065@21.36.14 (100400-0):2)
11-16 08:57:23.874: I/android.youtub(18427):   at java.lang.Class java.lang.ClassLoader.loadClass(java.lang.String) (ClassLoader.java:312)
11-16 08:57:23.874: I/android.youtub(18427):   at java.util.List xu.r(yv, android.content.Context, bqi, com.google.ads.afma.g) (:com.google.android.gms.policy_ads_fdr_dynamite@213806100@213806100057.397311113.397311113:5)
11-16 08:57:23.874: I/android.youtub(18427):   at java.util.List xv.r(yv, android.content.Context, bqi, com.google.ads.afma.g) (:com.google.android.gms.policy_ads_fdr_dynamite@213806100@213806100057.397311113.397311113:4)
11-16 08:57:23.874: I/android.youtub(18427):   at void xu.s(yv, android.content.Context, bqi, com.google.ads.afma.g) (:com.google.android.gms.policy_ads_fdr_dynamite@213806100@213806100057.397311113.397311113:0)
11-16 08:57:23.874: I/android.youtub(18427):   at bqi xu.m(android.content.Context, com.google.ads.afma.g) (:com.google.android.gms.policy_ads_fdr_dynamite@213806100@213806100057.397311113.397311113:7)
11-16 08:57:23.874: I/android.youtub(18427):   at java.lang.String xp.r(android.content.Context, java.lang.String, int, android.view.View, android.app.Activity, byte[]) (:com.google.android.gms.policy_ads_fdr_dynamite@213806100@213806100057.397311113.397311113:8)
11-16 08:57:23.874: I/android.youtub(18427):   at java.lang.String xp.g(android.content.Context, byte[]) (:com.google.android.gms.policy_ads_fdr_dynamite@213806100@213806100057.397311113.397311113:2)
11-16 08:57:23.874: I/android.youtub(18427):   at java.lang.String com.google.android.gms.ads.adshield.internal.a.b(aqh, byte[]) (:com.google.android.gms.policy_ads_fdr_dynamite@213806100@213806100057.397311113.397311113:1)
11-16 08:57:23.874: I/android.youtub(18427):   at boolean com.google.android.gms.ads.adshield.internal.a.bJ(int, android.os.Parcel, android.os.Parcel) (:com.google.android.gms.policy_ads_fdr_dynamite@213806100@213806100057.397311113.397311113:54)
11-16 08:57:23.874: I/android.youtub(18427):   at boolean zg.onTransact(int, android.os.Parcel, android.os.Parcel, int) (:com.google.android.gms.policy_ads_fdr_dynamite@213806100@213806100057.397311113.397311113:4)
11-16 08:57:23.874: I/android.youtub(18427):   at boolean android.os.Binder.transact(int, android.os.Parcel, android.os.Parcel, int) (Binder.java:667)
11-16 08:57:23.874: I/android.youtub(18427):   at android.os.Parcel pcs.a(int, android.os.Parcel) (SourceFile:7)
11-16 08:57:23.874: I/android.youtub(18427):   at java.lang.String pkk.a(oms, byte[]) (SourceFile:40)
11-16 08:57:23.874: I/android.youtub(18427):   at java.lang.String nrc.a(android.content.Context, byte[]) (SourceFile:6)
11-16 08:57:23.874: I/android.youtub(18427):   at java.lang.String qis.a(android.content.Context, byte[]) (SourceFile:10)
11-16 08:57:23.875: I/android.youtub(18427):   at java.lang.String skv.a(qio, byte[]) (SourceFile:59)
11-16 08:57:23.875: I/android.youtub(18427):   at java.lang.String skv.g() (SourceFile:41)
11-16 08:57:23.875: I/android.youtub(18427):   at java.lang.String skv.b() (SourceFile:69)
11-16 08:57:23.875: I/android.youtub(18427):   at java.lang.String slq.i() (SourceFile:56)
11-16 08:57:23.875: I/android.youtub(18427):   at java.lang.String slq.b() (SourceFile:32)
11-16 08:57:23.875: I/android.youtub(18427):   at void slq.e() (SourceFile:37)
11-16 08:57:23.875: I/android.youtub(18427):   at void cmk.run() (SourceFile:7)
11-16 08:57:23.875: I/android.youtub(18427):   at java.lang.Object java.util.concurrent.Executors$RunnableAdapter.call() (Executors.java:458)
11-16 08:57:23.875: I/android.youtub(18427):   at void java.util.concurrent.FutureTask.run() (FutureTask.java:266)
11-16 08:57:23.875: I/android.youtub(18427):   at void java.util.concurrent.ScheduledThreadPoolExecutor$ScheduledFutureTask.run() (ScheduledThreadPoolExecutor.java:301)
11-16 08:57:23.875: I/android.youtub(18427):   at void java.util.concurrent.ThreadPoolExecutor.runWorker(java.util.concurrent.ThreadPoolExecutor$Worker) (ThreadPoolExecutor.java:1167)
11-16 08:57:23.875: I/android.youtub(18427):   at void java.util.concurrent.ThreadPoolExecutor$Worker.run() (ThreadPoolExecutor.java:641)
11-16 08:57:23.875: I/android.youtub(18427):   at void ubi.run() (SourceFile:20)
11-16 08:57:23.875: I/android.youtub(18427):   at void java.lang.Thread.run() (Thread.java:764)
11-16 08:57:23.875: D/NetworkSecurityConfig(17066): Using Network Security Config from resource network_security_config debugBuild: false
11-16 08:57:23.875: I/android.youtub(18427): Rejecting re-init on previously-failed class java.lang.Class<com.google.android.ads.tasks.appdigest.a>: java.lang.NoClassDefFoundError: Failed resolution of: Landroid/content/pm/PackageManager$OnChecksumsReadyListener;
11-16 08:57:23.875: I/android.youtub(18427):   at java.lang.Class dalvik.system.DexFile.defineClassNative(java.lang.String, java.lang.ClassLoader, java.lang.Object, dalvik.system.DexFile) (DexFile.java:-2)
11-16 08:57:23.875: I/android.youtub(18427):   at java.lang.Class dalvik.system.DexFile.defineClass(java.lang.String, java.lang.ClassLoader, java.lang.Object, dalvik.system.DexFile, java.util.List) (DexFile.java:283)
11-16 08:57:23.875: I/android.youtub(18427):   at java.lang.Class dalvik.system.DexFile.loadClassBinaryName(java.lang.String, java.lang.ClassLoader, java.util.List) (DexFile.java:276)
11-16 08:57:23.875: I/android.youtub(18427):   at java.lang.Class dalvik.system.DexPathList$Element.findClass(java.lang.String, java.lang.ClassLoader, java.util.List) (DexPathList.java:724)
11-16 08:57:23.875: I/android.youtub(18427):   at java.lang.Class dalvik.system.DexPathList.findClass(java.lang.String, java.util.List) (DexPathList.java:486)
11-16 08:57:23.875: I/android.youtub(18427):   at java.lang.Class dalvik.system.BaseDexClassLoader.findClass(java.lang.String) (BaseDexClassLoader.java:132)
11-16 08:57:23.875: I/android.youtub(18427):   at java.lang.Class bg.loadClass(java.lang.String, boolean) (:com.google.android.gms.dynamite_dynamiteloader@213614065@21.36.14 (100400-0):2)
11-16 08:57:23.875: I/android.youtub(18427):   at java.lang.Class java.lang.ClassLoader.loadClass(java.lang.String) (ClassLoader.java:312)
11-16 08:57:23.875: I/android.youtub(18427):   at java.util.List xu.r(yv, android.content.Context, bqi, com.google.ads.afma.g) (:com.google.android.gms.policy_ads_fdr_dynamite@213806100@213806100057.397311113.397311113:5)
11-16 08:57:23.875: I/android.youtub(18427):   at java.util.List xv.r(yv, android.content.Context, bqi, com.google.ads.afma.g) (:com.google.android.gms.policy_ads_fdr_dynamite@213806100@213806100057.397311113.397311113:4)
11-16 08:57:23.875: I/android.youtub(18427):   at void xu.s(yv, android.content.Context, bqi, com.google.ads.afma.g) (:com.google.android.gms.policy_ads_fdr_dynamite@213806100@213806100057.397311113.397311113:0)
11-16 08:57:23.875: I/android.youtub(18427):   at bqi xu.m(android.content.Context, com.google.ads.afma.g) (:com.google.android.gms.policy_ads_fdr_dynamite@213806100@213806100057.397311113.397311113:7)
11-16 08:57:23.875: I/android.youtub(18427):   at java.lang.String xp.r(android.content.Context, java.lang.String, int, android.view.View, android.app.Activity, byte[]) (:com.google.android.gms.policy_ads_fdr_dynamite@213806100@213806100057.397311113.397311113:8)
11-16 08:57:23.875: I/android.youtub(18427):   at java.lang.String xp.g(android.content.Context, byte[]) (:com.google.android.gms.policy_ads_fdr_dynamite@213806100@213806100057.397311113.397311113:2)
11-16 08:57:23.875: I/android.youtub(18427):   at java.lang.String com.google.android.gms.ads.adshield.internal.a.b(aqh, byte[]) (:com.google.android.gms.policy_ads_fdr_dynamite@213806100@213806100057.397311113.397311113:1)
11-16 08:57:23.875: I/android.youtub(18427):   at boolean com.google.android.gms.ads.adshield.internal.a.bJ(int, android.os.Parcel, android.os.Parcel) (:com.google.android.gms.policy_ads_fdr_dynamite@213806100@213806100057.397311113.397311113:54)
11-16 08:57:23.875: I/android.youtub(18427):   at boolean zg.onTransact(int, android.os.Parcel, android.os.Parcel, int) (:com.google.android.gms.policy_ads_fdr_dynamite@213806100@213806100057.397311113.397311113:4)
11-16 08:57:23.875: I/android.youtub(18427):   at boolean android.os.Binder.transact(int, android.os.Parcel, android.os.Parcel, int) (Binder.java:667)
11-16 08:57:23.875: I/android.youtub(18427):   at android.os.Parcel pcs.a(int, android.os.Parcel) (SourceFile:7)
11-16 08:57:23.875: I/android.youtub(18427):   at java.lang.String pkk.a(oms, byte[]) (SourceFile:40)
11-16 08:57:23.875: I/android.youtub(18427):   at java.lang.String nrc.a(android.content.Context, byte[]) (SourceFile:6)
11-16 08:57:23.875: I/android.youtub(18427):   at java.lang.String qis.a(android.content.Context, byte[]) (SourceFile:10)
11-16 08:57:23.875: I/android.youtub(18427):   at java.lang.String skv.a(qio, byte[]) (SourceFile:59)
11-16 08:57:23.875: I/android.youtub(18427):   at java.lang.String skv.g() (SourceFile:41)
11-16 08:57:23.875: I/android.youtub(18427):   at java.lang.String skv.b() (SourceFile:69)
11-16 08:57:23.875: I/android.youtub(18427):   at java.lang.String slq.i() (SourceFile:56)
11-16 08:57:23.875: I/android.youtub(18427):   at java.lang.String slq.b() (SourceFile:32)
11-16 08:57:23.875: I/android.youtub(18427):   at void slq.e() (SourceFile:37)
11-16 08:57:23.875: I/android.youtub(18427):   at void cmk.run() (SourceFile:7)
11-16 08:57:23.875: I/android.youtub(18427):   at java.lang.Object java.util.concurrent.Executors$RunnableAdapter.call() (Executors.java:458)
11-16 08:57:23.875: I/android.youtub(18427):   at void java.util.concurrent.FutureTask.run() (FutureTask.java:266)
11-16 08:57:23.875: I/android.youtub(18427):   at void java.util.concurrent.ScheduledThreadPoolExecutor$ScheduledFutureTask.run() (ScheduledThreadPoolExecutor.java:301)
11-16 08:57:23.875: I/android.youtub(18427):   at void java.util.concurrent.ThreadPoolExecutor.runWorker(java.util.concurrent.ThreadPoolExecutor$Worker) (ThreadPoolExecutor.java:1167)
11-16 08:57:23.875: I/android.youtub(18427):   at void java.util.concurrent.ThreadPoolExecutor$Worker.run() (ThreadPoolExecutor.java:641)
11-16 08:57:23.875: I/android.youtub(18427):   at void ubi.run() (SourceFile:20)
11-16 08:57:23.875: I/android.youtub(18427):   at void java.lang.Thread.run() (Thread.java:764)
11-16 08:57:23.876: I/android.youtub(18427): Caused by: java.lang.ClassNotFoundException: Didn't find class "android.content.pm.PackageManager$OnChecksumsReadyListener" on path: DexPathList[[zip file "/data/user_de/0/com.google.android.gms/app_chimera/m/00000010/dl-AdsFdrDynamite.integ_213806100100000.apk"],nativeLibraryDirectories=[/data/user_de/0/com.google.android.gms/app_chimera/m/00000010/dl-AdsFdrDynamite.integ_213806100100000.apk!/lib/arm64-v8a, /system/lib64]]
11-16 08:57:23.876: I/android.youtub(18427):   at java.lang.Class dalvik.system.BaseDexClassLoader.findClass(java.lang.String) (BaseDexClassLoader.java:134)
11-16 08:57:23.876: I/android.youtub(18427):   at java.lang.Class java.lang.ClassLoader.loadClass(java.lang.String, boolean) (ClassLoader.java:379)
11-16 08:57:23.876: I/android.youtub(18427):   at java.lang.Class bg.loadClass(java.lang.String, boolean) (:com.google.android.gms.dynamite_dynamiteloader@213614065@21.36.14 (100400-0):3)
11-16 08:57:23.876: I/android.youtub(18427):   at java.lang.Class java.lang.ClassLoader.loadClass(java.lang.String) (ClassLoader.java:312)
11-16 08:57:23.876: I/android.youtub(18427):   at java.lang.Class dalvik.system.DexFile.defineClassNative(java.lang.String, java.lang.ClassLoader, java.lang.Object, dalvik.system.DexFile) (DexFile.java:-2)
11-16 08:57:23.876: I/android.youtub(18427):   at java.lang.Class dalvik.system.DexFile.defineClass(java.lang.String, java.lang.ClassLoader, java.lang.Object, dalvik.system.DexFile, java.util.List) (DexFile.java:283)
11-16 08:57:23.876: I/android.youtub(18427):   at java.lang.Class dalvik.system.DexFile.loadClassBinaryName(java.lang.String, java.lang.ClassLoader, java.util.List) (DexFile.java:276)
11-16 08:57:23.876: I/android.youtub(18427):   at java.lang.Class dalvik.system.DexPathList$Element.findClass(java.lang.String, java.lang.ClassLoader, java.util.List) (DexPathList.java:724)
11-16 08:57:23.876: I/android.youtub(18427):   at java.lang.Class dalvik.system.DexPathList.findClass(java.lang.String, java.util.List) (DexPathList.java:486)
11-16 08:57:23.876: I/android.youtub(18427):   at java.lang.Class dalvik.system.BaseDexClassLoader.findClass(java.lang.String) (BaseDexClassLoader.java:132)
11-16 08:57:23.876: I/android.youtub(18427):   at java.lang.Class bg.loadClass(java.lang.String, boolean) (:com.google.android.gms.dynamite_dynamiteloader@213614065@21.36.14 (100400-0):2)
11-16 08:57:23.876: I/android.youtub(18427):   at java.lang.Class java.lang.ClassLoader.loadClass(java.lang.String) (ClassLoader.java:312)
11-16 08:57:23.876: I/android.youtub(18427):   at java.util.List xu.r(yv, android.content.Context, bqi, com.google.ads.afma.g) (:com.google.android.gms.policy_ads_fdr_dynamite@213806100@213806100057.397311113.397311113:5)
11-16 08:57:23.876: I/android.youtub(18427):   at java.util.List xv.r(yv, android.content.Context, bqi, com.google.ads.afma.g) (:com.google.android.gms.policy_ads_fdr_dynamite@213806100@213806100057.397311113.397311113:4)
11-16 08:57:23.876: I/android.youtub(18427):   at void xu.s(yv, android.content.Context, bqi, com.google.ads.afma.g) (:com.google.android.gms.policy_ads_fdr_dynamite@213806100@213806100057.397311113.397311113:0)
11-16 08:57:23.876: I/android.youtub(18427):   at bqi xu.m(android.content.Context, com.google.ads.afma.g) (:com.google.android.gms.policy_ads_fdr_dynamite@213806100@213806100057.397311113.397311113:7)
11-16 08:57:23.876: I/android.youtub(18427):   at java.lang.String xp.r(android.content.Context, java.lang.String, int, android.view.View, android.app.Activity, byte[]) (:com.google.android.gms.policy_ads_fdr_dynamite@213806100@213806100057.397311113.397311113:8)
11-16 08:57:23.876: I/android.youtub(18427):   at java.lang.String xp.g(android.content.Context, byte[]) (:com.google.android.gms.policy_ads_fdr_dynamite@213806100@213806100057.397311113.397311113:2)
11-16 08:57:23.876: I/android.youtub(18427):   at java.lang.String com.google.android.gms.ads.adshield.internal.a.b(aqh, byte[]) (:com.google.android.gms.policy_ads_fdr_dynamite@213806100@213806100057.397311113.397311113:1)
11-16 08:57:23.876: I/android.youtub(18427):   at boolean com.google.android.gms.ads.adshield.internal.a.bJ(int, android.os.Parcel, android.os.Parcel) (:com.google.android.gms.policy_ads_fdr_dynamite@213806100@213806100057.397311113.397311113:54)
11-16 08:57:23.876: I/android.youtub(18427):   at boolean zg.onTransact(int, android.os.Parcel, android.os.Parcel, int) (:com.google.android.gms.policy_ads_fdr_dynamite@213806100@213806100057.397311113.397311113:4)
11-16 08:57:23.876: I/android.youtub(18427):   at boolean android.os.Binder.transact(int, android.os.Parcel, android.os.Parcel, int) (Binder.java:667)
11-16 08:57:23.876: I/android.youtub(18427):   at android.os.Parcel pcs.a(int, android.os.Parcel) (SourceFile:7)
11-16 08:57:23.876: I/android.youtub(18427):   at java.lang.String pkk.a(oms, byte[]) (SourceFile:40)
11-16 08:57:23.876: I/android.youtub(18427):   at java.lang.String nrc.a(android.content.Context, byte[]) (SourceFile:6)
11-16 08:57:23.876: I/android.youtub(18427):   at java.lang.String qis.a(android.content.Context, byte[]) (SourceFile:10)
11-16 08:57:23.876: I/android.youtub(18427):   at java.lang.String skv.a(qio, byte[]) (SourceFile:59)
11-16 08:57:23.876: I/android.youtub(18427):   at java.lang.String skv.g() (SourceFile:41)
11-16 08:57:23.876: I/android.youtub(18427):   at java.lang.String skv.b() (SourceFile:69)
11-16 08:57:23.876: I/android.youtub(18427):   at java.lang.String slq.i() (SourceFile:56)
11-16 08:57:23.876: I/android.youtub(18427):   at java.lang.String slq.b() (SourceFile:32)
11-16 08:57:23.876: I/android.youtub(18427):   at void slq.e() (SourceFile:37)
11-16 08:57:23.876: I/android.youtub(18427):   at void cmk.run() (SourceFile:7)
11-16 08:57:23.876: I/android.youtub(18427):   at java.lang.Object java.util.concurrent.Executors$RunnableAdapter.call() (Executors.java:458)
11-16 08:57:23.876: I/android.youtub(18427):   at void java.util.concurrent.FutureTask.run() (FutureTask.java:266)
11-16 08:57:23.876: I/android.youtub(18427):   at void java.util.concurrent.ScheduledThreadPoolExecutor$ScheduledFutureTask.run() (ScheduledThreadPoolExecutor.java:301)
11-16 08:57:23.876: I/android.youtub(18427):   at void java.util.concurrent.ThreadPoolExecutor.runWorker(java.util.concurrent.ThreadPoolExecutor$Worker) (ThreadPoolExecutor.java:1167)
11-16 08:57:23.876: I/android.youtub(18427):   at void java.util.concurrent.ThreadPoolExecutor$Worker.run() (ThreadPoolExecutor.java:641)
11-16 08:57:23.876: I/android.youtub(18427):   at void ubi.run() (SourceFile:20)
11-16 08:57:23.876: I/android.youtub(18427):   at void java.lang.Thread.run() (Thread.java:764)
11-16 08:57:23.883: D/NetworkSecurityConfig(17066): No Network Security Config specified, using platform default
11-16 08:57:23.893: W/SearchServiceCore(10132): Abort, client detached.
11-16 08:57:23.895: I/chatty(10132): uid=10047 com.google.android.googlequicksearchbox:search identical 5 lines
11-16 08:57:23.895: W/SearchServiceCore(10132): Abort, client detached.
11-16 08:57:23.943: I/dex2oat(18653): The ClassLoaderContext is a special shared library.
11-16 08:57:23.943: I/dex2oat(18653): /system/bin/dex2oat --dex-file=/data/user/0/com.google.android.googlequicksearchbox/files/velour/verified_jars/Jkk1AICSm8V3ZDlxbl8SBoQ_1.jar --output-vdex-fd=91 --oat-fd=90 --oat-location=/data/user/0/com.google.android.googlequicksearchbox/files/velour/verified_jars/oat/arm64/Jkk1AICSm8V3ZDlxbl8SBoQ_1.odex --compiler-filter=quicken --class-loader-context=&
11-16 08:57:23.971: I/FA(18571): App measurement is starting up, version: 18100
11-16 08:57:23.972: I/FA(18571): To enable debug logging run: adb shell setprop log.tag.FA VERBOSE
11-16 08:57:23.972: I/FA(18571): To enable faster debug mode event logging run:
11-16 08:57:23.972: I/FA(18571):   adb shell setprop debug.firebase.analytics.app com.google.android.apps.chromecast.app
11-16 08:57:24.033: I/dex2oat(18653): dex2oat took 95.707ms (54.334ms cpu) (threads: 8) arena alloc=6KB (6512B) java alloc=16KB (16400B) native alloc=838KB (858688B) free=1209KB (1238464B)
11-16 08:57:24.043: D/BoundBrokerSvc(14185): onBind: Intent { act=com.google.android.gms.measurement.START pkg=com.google.android.gms }
11-16 08:57:24.043: D/BoundBrokerSvc(14185): Loading bound service for intent: Intent { act=com.google.android.gms.measurement.START pkg=com.google.android.gms }
11-16 08:57:24.045: W/earchbox:searc(10132): Skipping duplicate class check due to unsupported classloader
11-16 08:57:24.053: W/HomeApp|huv(18571): Can't load devices as there is no network connection! Will retry later.
11-16 08:57:24.066: W/StorageManager(17066): fallocate() not supported; falling back to ftruncate()
11-16 08:57:24.068: W/earchbox:searc(10132): Unsupported class loader
11-16 08:57:24.161: I/dex2oat(18682): The ClassLoaderContext is a special shared library.
11-16 08:57:24.162: I/dex2oat(18682): /system/bin/dex2oat --dex-file=/data/user/0/com.google.android.googlequicksearchbox/files/velour/verified_jars/JkypVPMhDohv1875CeSftSg_1.jar --output-vdex-fd=90 --oat-fd=91 --oat-location=/data/user/0/com.google.android.googlequicksearchbox/files/velour/verified_jars/oat/arm64/JkypVPMhDohv1875CeSftSg_1.odex --compiler-filter=quicken --class-loader-context=&
11-16 08:57:24.168: E/Backup(14185): [BackupTransportMigratorChimeraService] Could not migrate transport!
11-16 08:57:24.169: I/Backup(14185): [BackupTransportMigratorChimeraService] Starting migration...
11-16 08:57:24.178: I/FontLog(10858): Received query Google Sans, URI content://com.google.android.gms.fonts [CONTEXT service_id=132 ]
11-16 08:57:24.178: I/FontLog(10858): Query [Google Sans] resolved to {Google Sans, wdth 100.0, wght 400, ital 0.0, bestEffort false} [CONTEXT service_id=132 ]
11-16 08:57:24.182: I/FontLog(10858): Font PFD returned from cache for {Google Sans, wdth 100.0, wght 400, ital 0.0, bestEffort false} [CONTEXT service_id=132 ]
11-16 08:57:24.186: I/FontLog(10858): Fetch {Google Sans, wdth 100.0, wght 400, ital 0.0, bestEffort false} end status Status{statusCode=SUCCESS, resolution=null} [CONTEXT service_id=132 ]
11-16 08:57:24.194: I/FontLog(10858): Pulling font file for id = 8, cache size = 8 [CONTEXT service_id=132 ]
11-16 08:57:24.203: I/FontLog(10858): Received query Google Sans:500, URI content://com.google.android.gms.fonts [CONTEXT service_id=132 ]
11-16 08:57:24.204: I/FontLog(10858): Query [Google Sans:500] resolved to {Google Sans, wdth 100.0, wght 500, ital 0.0, bestEffort false} [CONTEXT service_id=132 ]
11-16 08:57:24.206: I/FontLog(10858): Font PFD returned from cache for {Google Sans, wdth 100.0, wght 500, ital 0.0, bestEffort false} [CONTEXT service_id=132 ]
11-16 08:57:24.207: I/FontLog(10858): Fetch {Google Sans, wdth 100.0, wght 500, ital 0.0, bestEffort false} end status Status{statusCode=SUCCESS, resolution=null} [CONTEXT service_id=132 ]
11-16 08:57:24.214: I/FontLog(10858): Pulling font file for id = 9, cache size = 7 [CONTEXT service_id=132 ]
11-16 08:57:24.234: I/FontLog(10858): Received query Google Sans Display, URI content://com.google.android.gms.fonts [CONTEXT service_id=132 ]
11-16 08:57:24.234: I/FontLog(10858): Query [Google Sans Display] resolved to {Google Sans Display, wdth 100.0, wght 400, ital 0.0, bestEffort false} [CONTEXT service_id=132 ]
11-16 08:57:24.235: D/DownloadManager(17066): [83] Finished with status SUCCESS
11-16 08:57:24.236: I/FontLog(10858): Font PFD returned from cache for {Google Sans Display, wdth 100.0, wght 400, ital 0.0, bestEffort false} [CONTEXT service_id=132 ]
11-16 08:57:24.236: I/FontLog(10858): Fetch {Google Sans Display, wdth 100.0, wght 400, ital 0.0, bestEffort false} end status Status{statusCode=SUCCESS, resolution=null} [CONTEXT service_id=132 ]
11-16 08:57:24.237: I/dex2oat(18682): dex2oat took 79.074ms (45.340ms cpu) (threads: 8) arena alloc=4KB (4256B) java alloc=16KB (16400B) native alloc=808KB (827464B) free=1751KB (1793976B)
11-16 08:57:24.249: W/earchbox:searc(10132): Skipping duplicate class check due to unsupported classloader
11-16 08:57:24.250: I/FontLog(10858): Pulling font file for id = 10, cache size = 8 [CONTEXT service_id=132 ]
11-16 08:57:24.256: W/SearchServiceCore(10132): Abort, client detached.
11-16 08:57:24.256: I/chatty(10132): uid=10047 com.google.android.googlequicksearchbox:search identical 1 line
11-16 08:57:24.258: W/SearchServiceCore(10132): Abort, client detached.
11-16 08:57:24.260: I/BgTaskExecutorImpl(10132): Starting EXCLUSIVE background task VELOUR_BACKGROUND_MAINTENANCE.
11-16 08:57:24.263: I/BgTaskExecutorImpl(10132): Starting EXCLUSIVE background task BLOBLOBBER_SYNC.
11-16 08:57:24.265: W/GCM(18571): GCM SDK is deprecated, com.google.android.apps.chromecast.app should update to use FCM
11-16 08:57:24.277: W/earchbox:searc(10132): Unsupported class loader
11-16 08:57:24.278: W/earchbox:searc(10132): Skipping duplicate class check due to unsupported classloader
11-16 08:57:24.286: W/BlobLobber(10132): Skipping download (already active): odws2_en:us:511_2019-09-12_270573492_release_signed
11-16 08:57:24.288: W/earchbox:searc(10132): Unsupported class loader
11-16 08:57:24.295: W/earchbox:searc(10132): Skipping duplicate class check due to unsupported classloader
11-16 08:57:24.298: W/SearchServiceCore(10132): Abort, client detached.
11-16 08:57:24.298: I/chatty(10132): uid=10047 com.google.android.googlequicksearchbox:search identical 1 line
11-16 08:57:24.300: W/SearchServiceCore(10132): Abort, client detached.
11-16 08:57:24.305: I/PeopleChimeraService(14185): onService. callbacks = xmw@f31859e, request = com.google.android.gms.common.internal.GetServiceRequest@500387f
11-16 08:57:24.338: I/ActivityManager(1149): Killing 7480:com.google.android.apps.messaging/u0a111 (adj 906): empty #17
11-16 08:57:24.339: W/libprocessgroup(1149): kill(-7480, 9) failed: No such process
11-16 08:57:24.351: I/ActivityManager(1149): Start proc 18717:com.google.android.apps.tachyon/u0a148 for broadcast com.google.android.apps.tachyon/.common.applifecycle.LocaleChangeReceiver
11-16 08:57:24.345: W/libprocessgroup(1149): kill(-7480, 9) failed: No such process
11-16 08:57:24.360: E/ExecutionCriteria(10858): Package unavailable for task: com.google.android.apps.gcs/com.google.android.flib.phenotype.services.PhenotypeExperimentCommitService{u=0 tag="PhenotypeExpCommitSvc" trigger=window{start=0s,end=30s,earliest=-976s,latest=-946s} requirements=[NET_ANY] attributes=[PERSISTED] scheduled=-976s last_run=N/A exec_window_multiplier=1.0000 jid=N/A status=PENDING retries=0 client_lib=MANCHEGO_GCM-11732000} [CONTEXT service_id=218 ]
11-16 08:57:24.362: E/id.apps.tachyo(18717): Not starting debugger since process cannot load the jdwp agent.
11-16 08:57:24.375: I/Zygote(733): Process 7480 exited due to signal (9)
11-16 08:57:24.391: W/libprocessgroup(1149): kill(-7480, 9) failed: No such process
11-16 08:57:24.391: I/libprocessgroup(1149): Successfully killed process cgroup uid 10111 pid 7480 in 52ms
11-16 08:57:24.411: I/NetworkScheduler.Stats(10858): Task com.google.android.gms/com.google.android.gms.ipa.base.IpaGcmTaskService started execution. cause:9 exec_start_elapsed_seconds: 1075 [CONTEXT service_id=218 ]
11-16 08:57:24.424: I/NetworkScheduler.Stats(10858): Task com.google.android.gms/com.google.android.gms.ipa.base.IpaGcmTaskService finished executing. cause:9 result: 1 elapsed_millis: 38 uptime_millis: 38 exec_start_elapsed_seconds: 1075 [CONTEXT service_id=218 ]
11-16 08:57:24.448: I/.testutils.tes(18333): Rejecting re-init on previously-failed class java.lang.Class<com.sun.jna.platform.dnd.DragHandler>: java.lang.NoClassDefFoundError: Failed resolution of: Ljava/awt/dnd/DragSourceListener;
11-16 08:57:24.448: I/.testutils.tes(18333):   at java.lang.Class java.lang.Class.classForName(java.lang.String, boolean, java.lang.ClassLoader) (Class.java:-2)
11-16 08:57:24.448: I/.testutils.tes(18333):   at java.lang.Class java.lang.Class.forName(java.lang.String, boolean, java.lang.ClassLoader) (Class.java:453)
11-16 08:57:24.448: I/.testutils.tes(18333):   at void androidx.test.internal.runner.TestLoader.doCreateRunner(java.lang.String, boolean) (TestLoader.java:72)
11-16 08:57:24.448: I/.testutils.tes(18333):   at java.util.List androidx.test.internal.runner.TestLoader.getRunnersFor(java.util.Collection, boolean) (TestLoader.java:105)
11-16 08:57:24.448: I/.testutils.tes(18333):   at org.junit.runner.Request androidx.test.internal.runner.TestRequestBuilder.build() (TestRequestBuilder.java:804)
11-16 08:57:24.448: I/.testutils.tes(18333):   at org.junit.runner.Request androidx.test.runner.AndroidJUnitRunner.buildRequest(androidx.test.internal.runner.RunnerArgs, android.os.Bundle) (AndroidJUnitRunner.java:613)
11-16 08:57:24.448: I/.testutils.tes(18333):   at void androidx.test.runner.AndroidJUnitRunner.onStart() (AndroidJUnitRunner.java:411)
11-16 08:57:24.448: I/.testutils.tes(18333):   at void android.app.Instrumentation$InstrumentationThread.run() (Instrumentation.java:2145)
11-16 08:57:24.448: I/.testutils.tes(18333): Caused by: java.lang.ClassNotFoundException: Didn't find class "java.awt.dnd.DragSourceListener" on path: DexPathList[[zip file "/system/framework/android.test.mock.jar", zip file "/system/framework/android.test.runner.jar", zip file "/data/app/androidx.compose.testutils.test-NpWKahUOD8-G2rFWdL2oVA==/base.apk"],nativeLibraryDirectories=[/data/app/androidx.compose.testutils.test-NpWKahUOD8-G2rFWdL2oVA==/lib/arm64, /system/lib64]]
11-16 08:57:24.448: I/.testutils.tes(18333):   at java.lang.Class dalvik.system.BaseDexClassLoader.findClass(java.lang.String) (BaseDexClassLoader.java:134)
11-16 08:57:24.448: I/.testutils.tes(18333):   at java.lang.Class java.lang.ClassLoader.loadClass(java.lang.String, boolean) (ClassLoader.java:379)
11-16 08:57:24.448: I/.testutils.tes(18333):   at java.lang.Class java.lang.ClassLoader.loadClass(java.lang.String) (ClassLoader.java:312)
11-16 08:57:24.448: I/.testutils.tes(18333):   at java.lang.Class java.lang.Class.classForName(java.lang.String, boolean, java.lang.ClassLoader) (Class.java:-2)
11-16 08:57:24.448: I/.testutils.tes(18333):   at java.lang.Class java.lang.Class.forName(java.lang.String, boolean, java.lang.ClassLoader) (Class.java:453)
11-16 08:57:24.448: I/.testutils.tes(18333):   at void androidx.test.internal.runner.TestLoader.doCreateRunner(java.lang.String, boolean) (TestLoader.java:72)
11-16 08:57:24.448: I/.testutils.tes(18333):   at java.util.List androidx.test.internal.runner.TestLoader.getRunnersFor(java.util.Collection, boolean) (TestLoader.java:105)
11-16 08:57:24.448: I/.testutils.tes(18333):   at org.junit.runner.Request androidx.test.internal.runner.TestRequestBuilder.build() (TestRequestBuilder.java:804)
11-16 08:57:24.448: I/.testutils.tes(18333):   at org.junit.runner.Request androidx.test.runner.AndroidJUnitRunner.buildRequest(androidx.test.internal.runner.RunnerArgs, android.os.Bundle) (AndroidJUnitRunner.java:613)
11-16 08:57:24.448: I/.testutils.tes(18333):   at void androidx.test.runner.AndroidJUnitRunner.onStart() (AndroidJUnitRunner.java:411)
11-16 08:57:24.448: I/.testutils.tes(18333):   at void android.app.Instrumentation$InstrumentationThread.run() (Instrumentation.java:2145)
11-16 08:57:24.449: E/TestLoader(18333): Could not find class: com.sun.jna.platform.dnd.DragHandler
11-16 08:57:24.449: I/.testutils.tes(18333): Rejecting re-init on previously-failed class java.lang.Class<com.sun.jna.platform.dnd.DropHandler>: java.lang.NoClassDefFoundError: Failed resolution of: Ljava/awt/dnd/DropTargetListener;
11-16 08:57:24.449: I/.testutils.tes(18333):   at java.lang.Class java.lang.Class.classForName(java.lang.String, boolean, java.lang.ClassLoader) (Class.java:-2)
11-16 08:57:24.449: I/.testutils.tes(18333):   at java.lang.Class java.lang.Class.forName(java.lang.String, boolean, java.lang.ClassLoader) (Class.java:453)
11-16 08:57:24.449: I/.testutils.tes(18333):   at void androidx.test.internal.runner.TestLoader.doCreateRunner(java.lang.String, boolean) (TestLoader.java:72)
11-16 08:57:24.449: I/.testutils.tes(18333):   at java.util.List androidx.test.internal.runner.TestLoader.getRunnersFor(java.util.Collection, boolean) (TestLoader.java:105)
11-16 08:57:24.449: I/.testutils.tes(18333):   at org.junit.runner.Request androidx.test.internal.runner.TestRequestBuilder.build() (TestRequestBuilder.java:804)
11-16 08:57:24.449: I/.testutils.tes(18333):   at org.junit.runner.Request androidx.test.runner.AndroidJUnitRunner.buildRequest(androidx.test.internal.runner.RunnerArgs, android.os.Bundle) (AndroidJUnitRunner.java:613)
11-16 08:57:24.449: I/.testutils.tes(18333):   at void androidx.test.runner.AndroidJUnitRunner.onStart() (AndroidJUnitRunner.java:411)
11-16 08:57:24.449: I/.testutils.tes(18333):   at void android.app.Instrumentation$InstrumentationThread.run() (Instrumentation.java:2145)
11-16 08:57:24.449: I/.testutils.tes(18333): Caused by: java.lang.ClassNotFoundException: Didn't find class "java.awt.dnd.DropTargetListener" on path: DexPathList[[zip file "/system/framework/android.test.mock.jar", zip file "/system/framework/android.test.runner.jar", zip file "/data/app/androidx.compose.testutils.test-NpWKahUOD8-G2rFWdL2oVA==/base.apk"],nativeLibraryDirectories=[/data/app/androidx.compose.testutils.test-NpWKahUOD8-G2rFWdL2oVA==/lib/arm64, /system/lib64]]
11-16 08:57:24.449: I/.testutils.tes(18333):   at java.lang.Class dalvik.system.BaseDexClassLoader.findClass(java.lang.String) (BaseDexClassLoader.java:134)
11-16 08:57:24.449: I/.testutils.tes(18333):   at java.lang.Class java.lang.ClassLoader.loadClass(java.lang.String, boolean) (ClassLoader.java:379)
11-16 08:57:24.449: I/.testutils.tes(18333):   at java.lang.Class java.lang.ClassLoader.loadClass(java.lang.String) (ClassLoader.java:312)
11-16 08:57:24.449: I/.testutils.tes(18333):   at java.lang.Class java.lang.Class.classForName(java.lang.String, boolean, java.lang.ClassLoader) (Class.java:-2)
11-16 08:57:24.449: I/.testutils.tes(18333):   at java.lang.Class java.lang.Class.forName(java.lang.String, boolean, java.lang.ClassLoader) (Class.java:453)
11-16 08:57:24.449: I/.testutils.tes(18333):   at void androidx.test.internal.runner.TestLoader.doCreateRunner(java.lang.String, boolean) (TestLoader.java:72)
11-16 08:57:24.449: I/.testutils.tes(18333):   at java.util.List androidx.test.internal.runner.TestLoader.getRunnersFor(java.util.Collection, boolean) (TestLoader.java:105)
11-16 08:57:24.449: I/.testutils.tes(18333):   at org.junit.runner.Request androidx.test.internal.runner.TestRequestBuilder.build() (TestRequestBuilder.java:804)
11-16 08:57:24.449: I/.testutils.tes(18333):   at org.junit.runner.Request androidx.test.runner.AndroidJUnitRunner.buildRequest(androidx.test.internal.runner.RunnerArgs, android.os.Bundle) (AndroidJUnitRunner.java:613)
11-16 08:57:24.449: I/.testutils.tes(18333):   at void androidx.test.runner.AndroidJUnitRunner.onStart() (AndroidJUnitRunner.java:411)
11-16 08:57:24.449: I/.testutils.tes(18333):   at void android.app.Instrumentation$InstrumentationThread.run() (Instrumentation.java:2145)
11-16 08:57:24.449: E/TestLoader(18333): Could not find class: com.sun.jna.platform.dnd.DropHandler
11-16 08:57:24.450: E/ExecutionCriteria(10858): Package unavailable for task: com.google.android.apps.gcs/com.google.android.flib.phenotype.services.PhenotypeExperimentCommitService{u=0 tag="PhenotypeExpCommitSvc" trigger=window{start=0s,end=30s,earliest=-976s,latest=-946s} requirements=[NET_ANY] attributes=[PERSISTED] scheduled=-976s last_run=N/A exec_window_multiplier=1.0000 jid=N/A status=PENDING retries=0 client_lib=MANCHEGO_GCM-11732000} [CONTEXT service_id=218 ]
11-16 08:57:24.511: I/NetworkScheduler.Stats(10858): Task com.google.android.gms/com.google.android.gms.phenotype.service.sync.PhenotypeConfigurator started execution. cause:5 exec_start_elapsed_seconds: 1075 [CONTEXT service_id=218 ]
11-16 08:57:24.545: I/.gms.persisten(10858): Background concurrent copying GC freed 168734(9MB) AllocSpace objects, 58(2MB) LOS objects, 49% free, 14MB/28MB, paused 78us total 146.925ms
11-16 08:57:24.602: I/.testutils.tes(18333): Rejecting re-init on previously-failed class java.lang.Class<kotlinx.coroutines.debug.CoroutinesBlockHoundIntegration>: java.lang.NoClassDefFoundError: Failed resolution of: Lreactor/blockhound/integration/BlockHoundIntegration;
11-16 08:57:24.602: I/.testutils.tes(18333):   at java.lang.Class java.lang.Class.classForName(java.lang.String, boolean, java.lang.ClassLoader) (Class.java:-2)
11-16 08:57:24.602: I/.testutils.tes(18333):   at java.lang.Class java.lang.Class.forName(java.lang.String, boolean, java.lang.ClassLoader) (Class.java:453)
11-16 08:57:24.602: I/.testutils.tes(18333):   at void androidx.test.internal.runner.TestLoader.doCreateRunner(java.lang.String, boolean) (TestLoader.java:72)
11-16 08:57:24.602: I/.testutils.tes(18333):   at java.util.List androidx.test.internal.runner.TestLoader.getRunnersFor(java.util.Collection, boolean) (TestLoader.java:105)
11-16 08:57:24.602: I/.testutils.tes(18333):   at org.junit.runner.Request androidx.test.internal.runner.TestRequestBuilder.build() (TestRequestBuilder.java:804)
11-16 08:57:24.602: I/.testutils.tes(18333):   at org.junit.runner.Request androidx.test.runner.AndroidJUnitRunner.buildRequest(androidx.test.internal.runner.RunnerArgs, android.os.Bundle) (AndroidJUnitRunner.java:613)
11-16 08:57:24.602: I/.testutils.tes(18333):   at void androidx.test.runner.AndroidJUnitRunner.onStart() (AndroidJUnitRunner.java:411)
11-16 08:57:24.602: I/.testutils.tes(18333):   at void android.app.Instrumentation$InstrumentationThread.run() (Instrumentation.java:2145)
11-16 08:57:24.602: I/.testutils.tes(18333): Caused by: java.lang.ClassNotFoundException: Didn't find class "reactor.blockhound.integration.BlockHoundIntegration" on path: DexPathList[[zip file "/system/framework/android.test.mock.jar", zip file "/system/framework/android.test.runner.jar", zip file "/data/app/androidx.compose.testutils.test-NpWKahUOD8-G2rFWdL2oVA==/base.apk"],nativeLibraryDirectories=[/data/app/androidx.compose.testutils.test-NpWKahUOD8-G2rFWdL2oVA==/lib/arm64, /system/lib64]]
11-16 08:57:24.602: I/.testutils.tes(18333):   at java.lang.Class dalvik.system.BaseDexClassLoader.findClass(java.lang.String) (BaseDexClassLoader.java:134)
11-16 08:57:24.602: I/.testutils.tes(18333):   at java.lang.Class java.lang.ClassLoader.loadClass(java.lang.String, boolean) (ClassLoader.java:379)
11-16 08:57:24.602: I/.testutils.tes(18333):   at java.lang.Class java.lang.ClassLoader.loadClass(java.lang.String) (ClassLoader.java:312)
11-16 08:57:24.602: I/.testutils.tes(18333):   at java.lang.Class java.lang.Class.classForName(java.lang.String, boolean, java.lang.ClassLoader) (Class.java:-2)
11-16 08:57:24.602: I/.testutils.tes(18333):   at java.lang.Class java.lang.Class.forName(java.lang.String, boolean, java.lang.ClassLoader) (Class.java:453)
11-16 08:57:24.602: I/.testutils.tes(18333):   at void androidx.test.internal.runner.TestLoader.doCreateRunner(java.lang.String, boolean) (TestLoader.java:72)
11-16 08:57:24.602: I/.testutils.tes(18333):   at java.util.List androidx.test.internal.runner.TestLoader.getRunnersFor(java.util.Collection, boolean) (TestLoader.java:105)
11-16 08:57:24.602: I/.testutils.tes(18333):   at org.junit.runner.Request androidx.test.internal.runner.TestRequestBuilder.build() (TestRequestBuilder.java:804)
11-16 08:57:24.602: I/.testutils.tes(18333):   at org.junit.runner.Request androidx.test.runner.AndroidJUnitRunner.buildRequest(androidx.test.internal.runner.RunnerArgs, android.os.Bundle) (AndroidJUnitRunner.java:613)
11-16 08:57:24.602: I/.testutils.tes(18333):   at void androidx.test.runner.AndroidJUnitRunner.onStart() (AndroidJUnitRunner.java:411)
11-16 08:57:24.602: I/.testutils.tes(18333):   at void android.app.Instrumentation$InstrumentationThread.run() (Instrumentation.java:2145)
11-16 08:57:24.602: E/TestLoader(18333): Could not find class: kotlinx.coroutines.debug.CoroutinesBlockHoundIntegration
11-16 08:57:24.605: I/.testutils.tes(18333): Rejecting re-init on previously-failed class java.lang.Class<kotlinx.coroutines.debug.junit5.CoroutinesTimeoutExtension>: java.lang.NoClassDefFoundError: Failed resolution of: Lorg/junit/jupiter/api/extension/InvocationInterceptor;
11-16 08:57:24.605: I/.testutils.tes(18333):   at java.lang.Class java.lang.Class.classForName(java.lang.String, boolean, java.lang.ClassLoader) (Class.java:-2)
11-16 08:57:24.605: I/.testutils.tes(18333):   at java.lang.Class java.lang.Class.forName(java.lang.String, boolean, java.lang.ClassLoader) (Class.java:453)
11-16 08:57:24.605: I/.testutils.tes(18333):   at void androidx.test.internal.runner.TestLoader.doCreateRunner(java.lang.String, boolean) (TestLoader.java:72)
11-16 08:57:24.605: I/.testutils.tes(18333):   at java.util.List androidx.test.internal.runner.TestLoader.getRunnersFor(java.util.Collection, boolean) (TestLoader.java:105)
11-16 08:57:24.605: I/.testutils.tes(18333):   at org.junit.runner.Request androidx.test.internal.runner.TestRequestBuilder.build() (TestRequestBuilder.java:804)
11-16 08:57:24.605: I/.testutils.tes(18333):   at org.junit.runner.Request androidx.test.runner.AndroidJUnitRunner.buildRequest(androidx.test.internal.runner.RunnerArgs, android.os.Bundle) (AndroidJUnitRunner.java:613)
11-16 08:57:24.605: I/.testutils.tes(18333):   at void androidx.test.runner.AndroidJUnitRunner.onStart() (AndroidJUnitRunner.java:411)
11-16 08:57:24.605: I/.testutils.tes(18333):   at void android.app.Instrumentation$InstrumentationThread.run() (Instrumentation.java:2145)
11-16 08:57:24.605: I/.testutils.tes(18333): Caused by: java.lang.ClassNotFoundException: Didn't find class "org.junit.jupiter.api.extension.InvocationInterceptor" on path: DexPathList[[zip file "/system/framework/android.test.mock.jar", zip file "/system/framework/android.test.runner.jar", zip file "/data/app/androidx.compose.testutils.test-NpWKahUOD8-G2rFWdL2oVA==/base.apk"],nativeLibraryDirectories=[/data/app/androidx.compose.testutils.test-NpWKahUOD8-G2rFWdL2oVA==/lib/arm64, /system/lib64]]
11-16 08:57:24.605: I/.testutils.tes(18333):   at java.lang.Class dalvik.system.BaseDexClassLoader.findClass(java.lang.String) (BaseDexClassLoader.java:134)
11-16 08:57:24.605: I/.testutils.tes(18333):   at java.lang.Class java.lang.ClassLoader.loadClass(java.lang.String, boolean) (ClassLoader.java:379)
11-16 08:57:24.605: I/.testutils.tes(18333):   at java.lang.Class java.lang.ClassLoader.loadClass(java.lang.String) (ClassLoader.java:312)
11-16 08:57:24.605: I/.testutils.tes(18333):   at java.lang.Class java.lang.Class.classForName(java.lang.String, boolean, java.lang.ClassLoader) (Class.java:-2)
11-16 08:57:24.605: I/.testutils.tes(18333):   at java.lang.Class java.lang.Class.forName(java.lang.String, boolean, java.lang.ClassLoader) (Class.java:453)
11-16 08:57:24.605: I/.testutils.tes(18333):   at void androidx.test.internal.runner.TestLoader.doCreateRunner(java.lang.String, boolean) (TestLoader.java:72)
