11-16 08:57:09.094: I/CarrierServices(9809):    carrier_services_security_flags_ec_api_white_listed_signatures: B28C3EDB665DF32686224DF800F603E9959BBE4E,0980A12BE993528C19107BC21AD811478C63CEFC,B38FA7B5ECFAEC44620A020752B07E063B3120A8,203997BC46B8792DC9747ABD230569071F9A0439,EDA6413C3E3A95492114FE07CD953AD897E40D1A,760EBB9F4200B3DFB1B817B40FF0563A3C150D39,5B368CFF2DA2686996BC95EAC190EAA4F5630FE5,01D845B26B688D8EF647205A5944E9407E52E06E,27196E386B875E76ADF700E7EA84E4C6EEE33DFA,1CDD04F1E4A732BB0352FDFAEE26D2315526DF85,025D5212BF3B5F5CDA6117A518721D70A94D84E0
11-16 08:57:09.094: I/CarrierServices(9809):    carrier_services_security_flags_test_service_white_listed_packages: com.google.android.ims.mobly.snippets
11-16 08:57:09.094: I/CarrierServices(9809):    carrier_services_security_flags_test_service_white_listed_signatures: AE41481F52E0F58DF2806D5A38EB3DBCA5AE02B0,E165542B31953CC282AA4EF2F4D5F07F7663A2A2
11-16 08:57:09.094: I/CarrierServices(9809):    carrier_services_security_flags_white_listed_packages: com.google.android.apps.messaging,com.google.android.dialer,com.google.android.ims.client.sampleapp,com.android.contacts,com.lge.rcscall,com.android.incallui,com.huawei.incallui.appfeature.rcsfeature
11-16 08:57:09.094: I/CarrierServices(9809):    carrier_services_security_flags_white_listed_signatures: B28C3EDB665DF32686224DF800F603E9959BBE4E,0980A12BE993528C19107BC21AD811478C63CEFC,B38FA7B5ECFAEC44620A020752B07E063B3120A8,203997BC46B8792DC9747ABD230569071F9A0439,EDA6413C3E3A95492114FE07CD953AD897E40D1A,760EBB9F4200B3DFB1B817B40FF0563A3C150D39,5B368CFF2DA2686996BC95EAC190EAA4F5630FE5,01D845B26B688D8EF647205A5944E9407E52E06E,27196E386B875E76ADF700E7EA84E4C6EEE33DFA,1CDD04F1E4A732BB0352FDFAEE26D2315526DF85,025D5212BF3B5F5CDA6117A518721D70A94D84E0
11-16 08:57:09.094: I/CarrierServices(9809):    carrier_services_video_share_disabled_user_agent_substrings: SM-G930,SM-G935,SM-A320
11-16 08:57:09.094: I/CarrierServices(9809): ====================
11-16 08:57:09.116: D/CarrierServices(9809): log_saver already enabled
11-16 08:57:09.123: I/EuiccGoogle(16957): [2] GservicesChangedReceiver.onReceive: Setting EUICC_SUPPORTED_COUNTRIES to de,gb,in,us
11-16 08:57:09.137: I/Backup(14185): [GmsBackupStatusChangeReceiver] Going to enable gms backup transport.
11-16 08:57:09.144: D/BugleRcsEngine(9896): log_saver already enabled
11-16 08:57:09.152: I/Backup(14185): [BackupTransportMigratorChimeraService] Starting migration...
11-16 08:57:09.152: I/GmsModuleFndr(14185): Beginning GMS chimera module scan
11-16 08:57:09.155: D/BugleRcsEngine(9896): log_saver already enabled
11-16 08:57:09.160: I/BgTaskExecutorImpl(10132): Starting NONEXCLUSIVE background task UPDATE_GSERVICES_CONFIG.
11-16 08:57:09.162: I/NetRec(10858): [903] aiad.a: onConfigChanged()
11-16 08:57:09.164: I/Herrevad(10858): [905] zcq.a: updateListenState
11-16 08:57:09.165: D/BugleRcsEngine(9896): log_saver already enabled
11-16 08:57:09.166: I/Auth(10858): [AuthManaged, PasswordComplexityHelperImpl] Updating password complexity components state.
11-16 08:57:09.166: I/Auth(10858): [AuthManaged, PasswordComplexityHelperImpl] Enabling com.google.android.gms.auth.managed.ui.SetNewPasswordActivity
11-16 08:57:09.170: I/NetRec(10858): [903] aiad.a: Cancelling all NetRec GCM tasks
11-16 08:57:09.171: W/SearchServiceCore(10132): Abort, client detached.
11-16 08:57:09.174: I/GservicesUpdateTask(10132): Updating Gservices keys
11-16 08:57:09.178: D/BoundBrokerSvc(14185): onBind: Intent { act=com.google.android.gms.auth.key.retrieval.service.START cmp=com.google.android.gms/.chimera.GmsApiService }
11-16 08:57:09.178: D/BoundBrokerSvc(14185): Loading bound service for intent: Intent { act=com.google.android.gms.auth.key.retrieval.service.START cmp=com.google.android.gms/.chimera.GmsApiService }
11-16 08:57:09.179: I/ModuleSetMgr(14185): Computing pending module set with APKs: [[AdsFdrDynamite.integ:213806100100000], [Enpromo.integ:214106000100000], [Pay.optional:213614100000], [VisionOcr.optional:213614100400], [AdsFdrDynamite.integ:212104400100000], [Cronetdynamite:213614100400], [Dynamiteloader:213614100000], [Dynamitemodulesa:213614100000], [Dynamitemodulesc:213614100000], [Googlecertificates:213614100000], [Mapsdynamite:213614100000], [Measurementdynamite:213614100000]]
11-16 08:57:09.187: I/NetRec(10858): [903] ClearDatabaseService.onHandleIntent: Clearing score cache
11-16 08:57:09.197: I/ActivityManager(1149): Start proc 16991:com.google.android.partnersetup/u0a49 for broadcast com.google.android.partnersetup/.RlzPingBroadcastReceiver
11-16 08:57:09.200: E/id.partnersetu(16991): Not starting debugger since process cannot load the jdwp agent.
11-16 08:57:09.220: I/id.partnersetu(16991): The ClassLoaderContext is a special shared library.
11-16 08:57:09.222: I/GCoreUlr(10858): WorldUpdater received intent Intent { act=com.google.android.location.reporting.ACTION_UPDATE_WORLD cmp=com.google.android.gms/com.google.android.location.reporting.service.DispatchingService (has extras) } with receiverAction com.google.gservices.intent.action.GSERVICES_CHANGED [CONTEXT service_id=22 ]
11-16 08:57:09.226: I/ModuleSetMgr(14185): Pending container module APKs: [[Pay.optional:213614100000], [VisionOcr.optional:213614100400]]
11-16 08:57:09.226: I/ModuleSetMgr(14185): Pending non-container module APKs: [[Enpromo.integ:214106000100000], [AdsFdrDynamite.integ:213806100100000]]
11-16 08:57:09.241: W/PackageParser(14185): Unknown element under <manifest>: queries at /data/user_de/0/com.google.android.gms/app_chimera/m/00000007/AdsDynamite.apk Binary XML file line #5
11-16 08:57:09.243: I/GCoreUlr(10858): WorldUpdater:com.google.gservices.intent.action.GSERVICES_CHANGED: Ensuring that reporting is stopped because of reasons: (no Google accounts) [CONTEXT service_id=22 ]
11-16 08:57:09.248: I/GCoreUlr(10858): Unbound from all signal providers. [CONTEXT service_id=22 ]
11-16 08:57:09.256: I/GCoreUlr(10858): Unbound from all signal providers. [CONTEXT service_id=22 ]
11-16 08:57:09.256: I/GCoreUlr(10858): Stopping handler for UlrDispSvcFast [CONTEXT service_id=22 ]
11-16 08:57:09.260: I/GCoreUlr(10858): DispatchingService ignoring Intent { act=android.net.wifi.WIFI_STATE_CHANGED flg=0x4000010 (has extras) } because ULR inactive [CONTEXT service_id=22 ]
11-16 08:57:09.260: W/PackageParser(14185): Unknown element under <manifest>: queries at /data/user_de/0/com.google.android.gms/app_chimera/m/00000010/dl-AdsFdrDynamite.integ_213806100100000.apk Binary XML file line #11
11-16 08:57:09.278: I/RecoverableKeyStoreGms(14185): [RecoverableKeyStoreGmsInitOperation] Initializing auth_folsom
11-16 08:57:09.286: I/RecoverableKeyStoreGms(14185): [RecoverableKeyStoreGmsInitOperation] com.google.android.gms.auth.folsom.service.FolsomPublicKeyUpdateService is already enabled. Ignore.
11-16 08:57:09.286: I/RecoverableKeyStoreGms(14185): [RecoverableKeyStoreGmsInitOperation] com.google.android.gms.auth.folsom.service.GcmReceiverService is already enabled. Ignore.
11-16 08:57:09.288: V/RecoverableKeyStoreMgr(1149): Not updating secret types - same as old value.
11-16 08:57:09.293: D/BoundBrokerSvc(10858): onBind: Intent { act=com.google.android.gms.scheduler.ACTION_PROXY_SCHEDULE cmp=com.google.android.gms/.chimera.PersistentInternalBoundBrokerService }
11-16 08:57:09.293: D/BoundBrokerSvc(10858): Loading bound service for intent: Intent { act=com.google.android.gms.scheduler.ACTION_PROXY_SCHEDULE cmp=com.google.android.gms/.chimera.PersistentInternalBoundBrokerService }
11-16 08:57:09.297: I/ChromeSync(14185): [Sync,SyncIntentOperation] Handling the intent: Intent { act=com.google.gservices.intent.action.GSERVICES_CHANGED flg=0x1000010 pkg=com.google.android.gms cmp=com.google.android.gms/.chimera.GmsIntentOperationService$PersistentInternalReceiver }.
11-16 08:57:09.298: I/RecoverableKeyStoreGms(14185): [RecoverableKeyStoreGmsInitOperation] Setting vault handle
11-16 08:57:09.299: V/RecoverableKeyStoreMgr(1149): Not updating server params - same as old value.
11-16 08:57:09.306: I/RecoverableKeyStoreGms(14185): [EnrollmentManager] Returning certificates list from cache
11-16 08:57:09.311: I/ActivityManager(1149): Killing 13765:com.google.android.configupdater/u0a29 (adj 906): empty #17
11-16 08:57:09.312: W/libprocessgroup(1149): kill(-13765, 9) failed: No such process
11-16 08:57:09.314: I/DynamiteModule(14185): Considering local module com.google.android.gms.flags:3 and remote module com.google.android.gms.flags:3
11-16 08:57:09.314: I/DynamiteModule(14185): Selected local version of com.google.android.gms.flags
11-16 08:57:09.318: I/GmsModuleFndr(14185): Beginning GMS chimera module scan
11-16 08:57:09.324: I/ActivityManager(1149): Start proc 17012:com.google.intelligence.sense/u0a31 for broadcast com.google.intelligence.sense/.ambientmusic.SystemBroadcastReceiver
11-16 08:57:09.328: I/Zygote(733): Process 13765 exited due to signal (9)
11-16 08:57:09.333: E/elligence.sens(17012): Not starting debugger since process cannot load the jdwp agent.
11-16 08:57:09.334: I/RecoverableKeyStoreMgr(1149): The cert file serial number is the same, so skip updating.
11-16 08:57:09.334: I/RecoverableKeyStoreGms(14185): [EnrollmentManager] Recovery service is initialized.
11-16 08:57:09.344: I/RecoverySnapshotLstnrs(1149): Registered listener for agent with uid 10007
11-16 08:57:09.350: E/RecoverySnapshotStorage(1149): Error reading snapshot for 10007 from disk
11-16 08:57:09.350: E/RecoverySnapshotStorage(1149): java.io.FileNotFoundException: /data/system/recoverablekeystore/snapshots/10007.xml (No such file or directory)
11-16 08:57:09.350: E/RecoverySnapshotStorage(1149): 	at java.io.FileInputStream.open0(Native Method)
11-16 08:57:09.350: E/RecoverySnapshotStorage(1149): 	at java.io.FileInputStream.open(FileInputStream.java:231)
11-16 08:57:09.350: E/RecoverySnapshotStorage(1149): 	at java.io.FileInputStream.<init>(FileInputStream.java:165)
11-16 08:57:09.350: E/RecoverySnapshotStorage(1149): 	at com.android.server.locksettings.recoverablekeystore.storage.RecoverySnapshotStorage.readFromDisk(RecoverySnapshotStorage.java:152)
11-16 08:57:09.350: E/RecoverySnapshotStorage(1149): 	at com.android.server.locksettings.recoverablekeystore.storage.RecoverySnapshotStorage.get(RecoverySnapshotStorage.java:104)
11-16 08:57:09.350: E/RecoverySnapshotStorage(1149): 	at com.android.server.locksettings.recoverablekeystore.RecoverableKeyStoreManager.getKeyChainSnapshot(RecoverableKeyStoreManager.java:331)
11-16 08:57:09.350: E/RecoverySnapshotStorage(1149): 	at com.android.server.locksettings.LockSettingsService.getKeyChainSnapshot(LockSettingsService.java:2032)
11-16 08:57:09.350: E/RecoverySnapshotStorage(1149): 	at com.android.internal.widget.ILockSettings$Stub.onTransact(ILockSettings.java:356)
11-16 08:57:09.350: E/RecoverySnapshotStorage(1149): 	at android.os.Binder.execTransact(Binder.java:731)
11-16 08:57:09.353: I/RecoverableKeyStoreGms(14185): [WrappingKeyManager] Can't generate wrapping key - missing lock screeen
11-16 08:57:09.356: W/libprocessgroup(1149): kill(-13765, 9) failed: No such process
11-16 08:57:09.356: I/libprocessgroup(1149): Successfully killed process cgroup uid 10029 pid 13765 in 44ms
11-16 08:57:09.363: I/ModuleSetMgr(14185): Computing pending module set with APKs: [[AdsFdrDynamite.integ:213806100100000], [Enpromo.integ:214106000100000], [Pay.optional:213614100000], [VisionOcr.optional:213614100400], [AdsFdrDynamite.integ:212104400100000], [Cronetdynamite:213614100400], [Dynamiteloader:213614100000], [Dynamitemodulesa:213614100000], [Dynamitemodulesc:213614100000], [Googlecertificates:213614100000], [Mapsdynamite:213614100000], [Measurementdynamite:213614100000]]
11-16 08:57:09.371: W/native(17012): commandlineflags.cc:1511 Ignoring RegisterValidateFunction() for flag pointer 0x7b6074e598: no flag found at that address
11-16 08:57:09.378: I/MobileDataHub(14185): Scheduling periodic tasks
11-16 08:57:09.408: E/elligence.sens(17012): The String#value field is not present on Android versions >= 6.0
11-16 08:57:09.411: W/MobileDataHub(14185): [Service] appsupload-periodic periodic task disabled
11-16 08:57:09.416: I/.gms.persisten(10858): Background concurrent copying GC freed 133133(11MB) AllocSpace objects, 16(472KB) LOS objects, 49% free, 11MB/22MB, paused 48us total 135.579ms
11-16 08:57:09.423: I/MS_Utils(14185): version of com.google.android.apps.maps = 1022101040
11-16 08:57:09.451: I/MdiSyncModule(14185): flag handling is skipping irrelevant intent.
11-16 08:57:09.452: I/Superpacks(17012): Releasing all superpacks except ambientmusic-index-17_09_02
11-16 08:57:09.461: I/SoundTriggerModelLoader(17012): Unloading model 9f6ad62a-1f0b-11e7-87c5-40a8f03d3f15
11-16 08:57:09.461: I/SoundTriggerManagerComp(17012): Unloading model 9f6ad62a-1f0b-11e7-87c5-40a8f03d3f15
11-16 08:57:09.462: I/SoundTriggerService(1149): deleteSoundModel(): id = 9f6ad62a-1f0b-11e7-87c5-40a8f03d3f15
11-16 08:57:09.462: W/SoundTriggerHelper(1149): Unload error: Attempting unload invalid generic model with id:9f6ad62a-1f0b-11e7-87c5-40a8f03d3f15
11-16 08:57:09.463: I/Superpacks(17012): Starting garbage collection
11-16 08:57:09.463: W/Superpacks(17012): isDirectory returned false while listing files for /data/user/0/com.google.intelligence.sense/files/superpacks
11-16 08:57:09.472: I/ModuleSetMgr(14185): Pending container module APKs: [[Pay.optional:213614100000], [VisionOcr.optional:213614100400]]
11-16 08:57:09.472: I/ModuleSetMgr(14185): Pending non-container module APKs: [[Enpromo.integ:214106000100000], [AdsFdrDynamite.integ:213806100100000]]
11-16 08:57:09.472: E/GooglePlayServicesUtil(16917): The Google Play services resources were not found. Check your project configuration to ensure that the resources are included.
11-16 08:57:09.479: I/SettingsActivityAvailab(16935): Disabling com.google.android.apps.multidevice.client.ui.pixel.SettingsActivity.
11-16 08:57:09.480: I/ActivityManager(1149): Killing 11283:com.google.android.gms.unstable/u0a7 (adj 906): empty #17
11-16 08:57:09.481: W/libprocessgroup(1149): kill(-11283, 9) failed: No such process
11-16 08:57:09.481: D/GservicesChangeReceiver(6221): Gservices Changed broadcast Received. context is android.app.ReceiverRestrictedContext@687cc1e
11-16 08:57:09.485: D/GservicesChangeReceiver(6221): Gservices allowPowerAnomalyData is False.
11-16 08:57:09.487: D/ConnMetrics:App(16917): IsOptedIn = false
11-16 08:57:09.487: D/ConnectivityMonitorManager(6221): Service com.google.android.connectivitymonitor.PowerAnomalyDetectorService is not running...
11-16 08:57:09.493: I/SystemUpdate(14185): [Installation,ReceiverIntentOperation] Received intent: Intent { act=com.google.gservices.intent.action.GSERVICES_CHANGED flg=0x1000010 pkg=com.google.android.gms cmp=com.google.android.gms/.chimera.GmsIntentOperationService$PersistentInternalReceiver }.
11-16 08:57:09.494: D/GservicesChangeReceiver(6221): Gservices allowLowPowerMonitoring is False.
11-16 08:57:09.496: D/ConnectivityMonitorManager(6221): Service com.google.android.connectivitymonitor.LowPowerMonitorService is not running...
11-16 08:57:09.506: I/Zygote(733): Process 11283 exited due to signal (9)
11-16 08:57:09.520: W/PackageParser(14185): Unknown element under <manifest>: queries at /data/user_de/0/com.google.android.gms/app_chimera/m/00000007/AdsDynamite.apk Binary XML file line #5
11-16 08:57:09.523: D/GservicesChangeReceiver(6221): Gservices isConnectivityMonitorEnabled is True.
11-16 08:57:09.524: D/ConnectivityMonitorManager(6221): Service com.google.android.connectivitymonitor.ConnectivityMonitorService is running...
11-16 08:57:09.526: W/libprocessgroup(1149): kill(-11283, 9) failed: No such process
11-16 08:57:09.526: I/libprocessgroup(1149): Successfully killed process cgroup uid 10007 pid 11283 in 45ms
11-16 08:57:09.529: I/EuiccGoogle(16957): [2] GservicesChangedReceiver.onReceive: Setting EUICC_SUPPORTED_COUNTRIES to de,gb,in,us
11-16 08:57:09.535: I/Backup(14185): [GmsBackupStatusChangeReceiver] Going to enable gms backup transport.
11-16 08:57:09.547: I/NetRec(10858): [903] aiad.a: onConfigChanged()
11-16 08:57:09.549: I/Herrevad(10858): [906] zcq.a: updateListenState
11-16 08:57:09.551: I/BgTaskExecutorImpl(10132): Starting NONEXCLUSIVE background task UPDATE_GSERVICES_CONFIG.
11-16 08:57:09.555: I/NetRec(10858): [903] aiad.a: Cancelling all NetRec GCM tasks
11-16 08:57:09.556: W/SearchServiceCore(10132): Abort, client detached.
11-16 08:57:09.557: I/NetRec(10858): [902] ClearDatabaseService.onHandleIntent: Clearing score cache
11-16 08:57:09.560: I/GservicesUpdateTask(10132): Updating Gservices keys
11-16 08:57:09.563: I/Auth(10858): [AuthManaged, PasswordComplexityHelperImpl] Updating password complexity components state.
11-16 08:57:09.563: I/Auth(10858): [AuthManaged, PasswordComplexityHelperImpl] Enabling com.google.android.gms.auth.managed.ui.SetNewPasswordActivity
11-16 08:57:09.589: W/DynamiteModule(14185): Local module descriptor class for com.google.android.gms.vision.dynamite.ocr not found.
11-16 08:57:09.590: W/ProviderHelper(14185): Unknown dynamite feature vision.dynamite.ocr
11-16 08:57:09.591: I/DynamiteModule(14185): Considering local module com.google.android.gms.vision.dynamite.ocr:0 and remote module com.google.android.gms.vision.dynamite.ocr:0
11-16 08:57:09.592: I/DynamiteModule(14185): Considering local module com.google.android.gms.vision.ocr:0 and remote module com.google.android.gms.vision.ocr:1
11-16 08:57:09.592: I/DynamiteModule(14185): Selected remote version of com.google.android.gms.vision.ocr, version >= 1
11-16 08:57:09.594: W/gle.android.gm(14185): Unsupported class loader
11-16 08:57:09.596: W/PackageParser(14185): Unknown element under <manifest>: queries at /data/user_de/0/com.google.android.gms/app_chimera/m/00000010/dl-AdsFdrDynamite.integ_213806100100000.apk Binary XML file line #11
11-16 08:57:09.597: I/GCoreUlr(10858): WorldUpdater received intent Intent { act=com.google.android.location.reporting.ACTION_UPDATE_WORLD cmp=com.google.android.gms/com.google.android.location.reporting.service.DispatchingService (has extras) } with receiverAction com.google.gservices.intent.action.GSERVICES_CHANGED [CONTEXT service_id=22 ]
11-16 08:57:09.597: W/gle.android.gm(14185): Skipping duplicate class check due to unsupported classloader
11-16 08:57:09.603: I/GCoreUlr(10858): WorldUpdater:com.google.gservices.intent.action.GSERVICES_CHANGED: Ensuring that reporting is stopped because of reasons: (no Google accounts) [CONTEXT service_id=22 ]
11-16 08:57:09.619: I/GCoreUlr(10858): Unbound from all signal providers. [CONTEXT service_id=22 ]
11-16 08:57:09.624: I/GCoreUlr(10858): DispatchingService ignoring Intent { act=android.net.wifi.WIFI_STATE_CHANGED flg=0x4000010 (has extras) } because ULR inactive [CONTEXT service_id=22 ]
11-16 08:57:09.635: I/GCoreUlr(10858): Unbound from all signal providers. [CONTEXT service_id=22 ]
11-16 08:57:09.635: I/GCoreUlr(10858): Stopping handler for UlrDispSvcFast [CONTEXT service_id=22 ]
11-16 08:57:09.642: I/SoundTriggerModelLoader(17012): Unloading model 9f6ad62a-1f0b-11e7-87c5-40a8f03d3f15
11-16 08:57:09.642: I/SoundTriggerManagerComp(17012): Unloading model 9f6ad62a-1f0b-11e7-87c5-40a8f03d3f15
11-16 08:57:09.642: I/SoundTriggerService(1149): deleteSoundModel(): id = 9f6ad62a-1f0b-11e7-87c5-40a8f03d3f15
11-16 08:57:09.642: W/SoundTriggerHelper(1149): Unload error: Attempting unload invalid generic model with id:9f6ad62a-1f0b-11e7-87c5-40a8f03d3f15
11-16 08:57:09.646: I/native(14185): I1116 08:57:09.646555   16873 start_ocr_856638336_langid.cc:35] StartOcr with label: latin_script_gmvapi_android
11-16 08:57:09.646: I/native(14185): I1116 08:57:09.646754   16873 jni_helper.cc:122] Loading model config /data/user/0/com.google.android.gms/cache/vision/ocr/data/models/semanticlift_rpn_lstm_engine_tfmini.bincfg
11-16 08:57:09.647: I/native(14185): I1116 08:57:09.647500   16873 common_util.h:35] Resizing Thread Pool: ocr_det_0 to 4
11-16 08:57:09.648: I/native(14185): I1116 08:57:09.648170   16873 tfmini_model_interface.cc:127] Loaded weights from /data/user/0/com.google.android.gms/cache/vision/ocr/data/models/tfmini_rpn_detector_space_to_depth_gray_quantized_v2_model.data
11-16 08:57:09.648: I/native(14185): I1116 08:57:09.648211   16873 timer.cc:72] PhotoOcrEngine::Init (detector): 1.38229 ms (elapsed)
11-16 08:57:09.648: I/native(14185): I1116 08:57:09.648266   16873 assist_recognizer.cc:96] Initializing nugget matcher with /data/user/0/com.google.android.gms/cache/vision/ocr/data/models/nugget_stats_1.0.dat
11-16 08:57:09.648: I/native(14185): I1116 08:57:09.648303   16873 timer.cc:72] PhotoOcrEngine::Init (assist recognizer): 0.062135 ms (elapsed)
11-16 08:57:09.649: I/native(14185): I1116 08:57:09.649231   16873 timer.cc:72] LanguageIdMutator: 0.778802 ms (elapsed)
11-16 08:57:09.649: I/native(14185): I1116 08:57:09.649276   16873 timer.cc:72] BeamSearch::Init (mutator): 0.828177 ms (elapsed)
11-16 08:57:09.651: I/native(14185): I1116 08:57:09.651333   16873 common_util.h:35] Resizing Thread Pool: ocr_segm to 4
11-16 08:57:09.651: I/native(14185): I1116 08:57:09.651752   16873 tfmini_model_interface.cc:105] Loaded fp16 weights from /data/user/0/com.google.android.gms/cache/vision/ocr/data/models/tfmini_latin_conv_model.data_fp16
11-16 08:57:09.652: I/SettingsActivityAvailab(16935): Disabling com.google.android.apps.multidevice.client.ui.pixel.SettingsActivity.
11-16 08:57:09.653: E/GooglePlayServicesUtil(16917): The Google Play services resources were not found. Check your project configuration to ensure that the resources are included.
11-16 08:57:09.653: I/native(14185): I1116 08:57:09.653224   16873 tfmini_model_interface.cc:105] Loaded fp16 weights from /data/user/0/com.google.android.gms/cache/vision/ocr/data/models/tfmini_latin_lstm_model.data_fp16
11-16 08:57:09.653: I/native(14185): I1116 08:57:09.653298   16873 timer.cc:72] PhotoOcrEngine::Init (recognizer): 4.97943 ms (elapsed)
11-16 08:57:09.653: I/native(14185): I1116 08:57:09.653329   16873 timer.cc:72] Init: 6.50761 ms (elapsed)
11-16 08:57:09.653: I/native(14185): I1116 08:57:09.653352   16873 start_ocr_856638336_langid.cc:44] StartOcr success
11-16 08:57:09.653: D/GservicesChangeReceiver(6221): Gservices Changed broadcast Received. context is android.app.ReceiverRestrictedContext@687cc1e
11-16 08:57:09.653: D/GservicesChangeReceiver(6221): Gservices allowPowerAnomalyData is False.
11-16 08:57:09.655: D/ConnectivityMonitorManager(6221): Service com.google.android.connectivitymonitor.PowerAnomalyDetectorService is not running...
11-16 08:57:09.658: D/BoundBrokerSvc(10858): onBind: Intent { act=com.google.android.gms.common.telemetry.service.START pkg=com.google.android.gms cmp=com.google.android.gms/.chimera.PersistentApiService }
11-16 08:57:09.658: D/BoundBrokerSvc(10858): Loading bound service for intent: Intent { act=com.google.android.gms.common.telemetry.service.START pkg=com.google.android.gms cmp=com.google.android.gms/.chimera.PersistentApiService }
11-16 08:57:09.660: I/OcrModelUpStIntentOp(14185): Downloading text recognizer
11-16 08:57:09.662: D/GservicesChangeReceiver(6221): Gservices allowLowPowerMonitoring is False.
11-16 08:57:09.663: D/BoundBrokerSvc(14185): onBind: Intent { act=com.google.android.gms.common.download.START cmp=com.google.android.gms/.chimera.GmsBoundBrokerService }
11-16 08:57:09.663: D/BoundBrokerSvc(14185): Loading bound service for intent: Intent { act=com.google.android.gms.common.download.START cmp=com.google.android.gms/.chimera.GmsBoundBrokerService }
11-16 08:57:09.664: D/ConnectivityMonitorManager(6221): Service com.google.android.connectivitymonitor.LowPowerMonitorService is not running...
11-16 08:57:09.667: D/GservicesChangeReceiver(6221): Gservices isConnectivityMonitorEnabled is True.
11-16 08:57:09.669: D/ConnectivityMonitorManager(6221): Service com.google.android.connectivitymonitor.ConnectivityMonitorService is running...
11-16 08:57:09.669: D/ConnMetrics:App(16917): IsOptedIn = false
11-16 08:57:09.673: I/EuiccGoogle(16957): [2] GservicesChangedReceiver.onReceive: Setting EUICC_SUPPORTED_COUNTRIES to de,gb,in,us
11-16 08:57:09.683: I/Backup(14185): [GmsBackupStatusChangeReceiver] Going to enable gms backup transport.
11-16 08:57:09.684: I/GmsModuleFndr(14185): Beginning GMS chimera module scan
11-16 08:57:09.694: D/BoundBrokerSvc(14185): onBind: Intent { act=com.google.android.gms.ocr.service.internal.START cmp=com.google.android.gms/.chimera.GmsInternalApiService }
11-16 08:57:09.694: D/BoundBrokerSvc(14185): Loading bound service for intent: Intent { act=com.google.android.gms.ocr.service.internal.START cmp=com.google.android.gms/.chimera.GmsInternalApiService }
11-16 08:57:09.695: I/ModuleSetMgr(14185): Computing pending module set with APKs: [[AdsFdrDynamite.integ:213806100100000], [Enpromo.integ:214106000100000], [Pay.optional:213614100000], [VisionOcr.optional:213614100400], [AdsFdrDynamite.integ:212104400100000], [Cronetdynamite:213614100400], [Dynamiteloader:213614100000], [Dynamitemodulesa:213614100000], [Dynamitemodulesc:213614100000], [Googlecertificates:213614100000], [Mapsdynamite:213614100000], [Measurementdynamite:213614100000]]
11-16 08:57:09.699: I/Herrevad(10858): [903] zcq.a: updateListenState
11-16 08:57:09.700: I/NetRec(10858): [902] aiad.a: onConfigChanged()
11-16 08:57:09.709: W/NetworkScheduler(10858): The extras of the task is not valid to be persisted so that the task is not persisted [CONTEXT service_id=218 ]
11-16 08:57:09.709: W/NetworkScheduler(10858): java.lang.IllegalArgumentException: Only the following extra parameter types are supported: Integer, Long, Double, String, Boolean, and nested Bundles with the same restrictions.
11-16 08:57:09.709: W/NetworkScheduler(10858): 	at abno.f(:com.google.android.gms@213614028@21.36.14 (100400-395708125):6)
11-16 08:57:09.709: W/NetworkScheduler(10858): 	at amdu.g(:com.google.android.gms@213614028@21.36.14 (100400-395708125):37)
11-16 08:57:09.709: W/NetworkScheduler(10858): 	at amdd.n(:com.google.android.gms@213614028@21.36.14 (100400-395708125):3)
11-16 08:57:09.709: W/NetworkScheduler(10858): 	at amdd.u(:com.google.android.gms@213614028@21.36.14 (100400-395708125):20)
11-16 08:57:09.709: W/NetworkScheduler(10858): 	at amdd.g(:com.google.android.gms@213614028@21.36.14 (100400-395708125):3)
11-16 08:57:09.709: W/NetworkScheduler(10858): 	at alzy.run(:com.google.android.gms@213614028@21.36.14 (100400-395708125):9)
11-16 08:57:09.709: W/NetworkScheduler(10858): 	at rgh.c(:com.google.android.gms@213614028@21.36.14 (100400-395708125):6)
11-16 08:57:09.709: W/NetworkScheduler(10858): 	at rgh.run(:com.google.android.gms@213614028@21.36.14 (100400-395708125):7)
11-16 08:57:09.709: W/NetworkScheduler(10858): 	at java.util.concurrent.ThreadPoolExecutor.runWorker(ThreadPoolExecutor.java:1167)
11-16 08:57:09.709: W/NetworkScheduler(10858): 	at java.util.concurrent.ThreadPoolExecutor$Worker.run(ThreadPoolExecutor.java:641)
11-16 08:57:09.709: W/NetworkScheduler(10858): 	at rkn.run(:com.google.android.gms@213614028@21.36.14 (100400-395708125):0)
11-16 08:57:09.709: W/NetworkScheduler(10858): 	at java.lang.Thread.run(Thread.java:764)
11-16 08:57:09.709: I/BgTaskExecutorImpl(10132): Starting NONEXCLUSIVE background task UPDATE_GSERVICES_CONFIG.
11-16 08:57:09.710: I/Auth(10858): [AuthManaged, PasswordComplexityHelperImpl] Updating password complexity components state.
11-16 08:57:09.710: I/NetRec(10858): [902] aiad.a: Cancelling all NetRec GCM tasks
11-16 08:57:09.710: I/Auth(10858): [AuthManaged, PasswordComplexityHelperImpl] Enabling com.google.android.gms.auth.managed.ui.SetNewPasswordActivity
11-16 08:57:09.714: I/NetRec(10858): [905] ClearDatabaseService.onHandleIntent: Clearing score cache
11-16 08:57:09.716: W/SearchServiceCore(10132): Abort, client detached.
11-16 08:57:09.718: I/GservicesUpdateTask(10132): Updating Gservices keys
11-16 08:57:09.736: I/ModuleSetMgr(14185): Pending container module APKs: [[Pay.optional:213614100000], [VisionOcr.optional:213614100400]]
11-16 08:57:09.736: I/ModuleSetMgr(14185): Pending non-container module APKs: [[Enpromo.integ:214106000100000], [AdsFdrDynamite.integ:213806100100000]]
11-16 08:57:09.740: I/GCoreUlr(10858): WorldUpdater received intent Intent { act=com.google.android.location.reporting.ACTION_UPDATE_WORLD cmp=com.google.android.gms/com.google.android.location.reporting.service.DispatchingService (has extras) } with receiverAction com.google.gservices.intent.action.GSERVICES_CHANGED [CONTEXT service_id=22 ]
11-16 08:57:09.745: I/GCoreUlr(10858): WorldUpdater:com.google.gservices.intent.action.GSERVICES_CHANGED: Ensuring that reporting is stopped because of reasons: (no Google accounts) [CONTEXT service_id=22 ]
11-16 08:57:09.751: I/GCoreUlr(10858): Unbound from all signal providers. [CONTEXT service_id=22 ]
11-16 08:57:09.759: I/GCoreUlr(10858): Unbound from all signal providers. [CONTEXT service_id=22 ]
11-16 08:57:09.760: I/GCoreUlr(10858): Stopping handler for UlrDispSvcFast [CONTEXT service_id=22 ]
11-16 08:57:09.761: I/GCoreUlr(10858): DispatchingService ignoring Intent { act=android.net.wifi.WIFI_STATE_CHANGED flg=0x4000010 (has extras) } because ULR inactive [CONTEXT service_id=22 ]
11-16 08:57:09.763: W/PackageParser(14185): Unknown element under <manifest>: queries at /data/user_de/0/com.google.android.gms/app_chimera/m/00000007/AdsDynamite.apk Binary XML file line #5
11-16 08:57:09.782: I/SoundTriggerModelLoader(17012): Unloading model 9f6ad62a-1f0b-11e7-87c5-40a8f03d3f15
11-16 08:57:09.782: I/SoundTriggerManagerComp(17012): Unloading model 9f6ad62a-1f0b-11e7-87c5-40a8f03d3f15
11-16 08:57:09.782: I/SoundTriggerService(1149): deleteSoundModel(): id = 9f6ad62a-1f0b-11e7-87c5-40a8f03d3f15
11-16 08:57:09.782: W/SoundTriggerHelper(1149): Unload error: Attempting unload invalid generic model with id:9f6ad62a-1f0b-11e7-87c5-40a8f03d3f15
11-16 08:57:09.790: I/SettingsActivityAvailab(16935): Disabling com.google.android.apps.multidevice.client.ui.pixel.SettingsActivity.
11-16 08:57:09.791: E/GooglePlayServicesUtil(16917): The Google Play services resources were not found. Check your project configuration to ensure that the resources are included.
11-16 08:57:09.791: D/GservicesChangeReceiver(6221): Gservices Changed broadcast Received. context is android.app.ReceiverRestrictedContext@687cc1e
11-16 08:57:09.791: D/GservicesChangeReceiver(6221): Gservices allowPowerAnomalyData is False.
11-16 08:57:09.794: I/gle.android.gm(14185): Background concurrent copying GC freed 175181(9MB) AllocSpace objects, 48(1668KB) LOS objects, 49% free, 9MB/18MB, paused 184us total 139.703ms
11-16 08:57:09.795: D/ConnectivityMonitorManager(6221): Service com.google.android.connectivitymonitor.PowerAnomalyDetectorService is not running...
11-16 08:57:09.797: D/GservicesChangeReceiver(6221): Gservices allowLowPowerMonitoring is False.
11-16 08:57:09.800: D/ConnectivityMonitorManager(6221): Service com.google.android.connectivitymonitor.LowPowerMonitorService is not running...
11-16 08:57:09.803: D/GservicesChangeReceiver(6221): Gservices isConnectivityMonitorEnabled is True.
11-16 08:57:09.805: D/ConnMetrics:App(16917): IsOptedIn = false
11-16 08:57:09.806: D/ConnectivityMonitorManager(6221): Service com.google.android.connectivitymonitor.ConnectivityMonitorService is running...
11-16 08:57:09.810: I/EuiccGoogle(16957): [2] GservicesChangedReceiver.onReceive: Setting EUICC_SUPPORTED_COUNTRIES to de,gb,in,us
11-16 08:57:09.821: I/Backup(14185): [GmsBackupStatusChangeReceiver] Going to enable gms backup transport.
11-16 08:57:09.824: W/PackageParser(14185): Unknown element under <manifest>: queries at /data/user_de/0/com.google.android.gms/app_chimera/m/00000010/dl-AdsFdrDynamite.integ_213806100100000.apk Binary XML file line #11
11-16 08:57:09.829: I/ActivityManager(1149): Start proc 17066:android.process.media/u0a8 for content provider com.android.providers.downloads/.DownloadProvider
11-16 08:57:09.830: I/NetRec(10858): [902] aiad.a: onConfigChanged()
11-16 08:57:09.830: I/Herrevad(10858): [906] zcq.a: updateListenState
11-16 08:57:09.835: I/NetRec(10858): [902] aiad.a: Cancelling all NetRec GCM tasks
11-16 08:57:09.839: I/Auth(10858): [AuthManaged, PasswordComplexityHelperImpl] Updating password complexity components state.
11-16 08:57:09.839: I/Auth(10858): [AuthManaged, PasswordComplexityHelperImpl] Enabling com.google.android.gms.auth.managed.ui.SetNewPasswordActivity
11-16 08:57:09.846: E/d.process.medi(17066): Not starting debugger since process cannot load the jdwp agent.
11-16 08:57:09.847: I/BgTaskExecutorImpl(10132): Starting NONEXCLUSIVE background task UPDATE_GSERVICES_CONFIG.
11-16 08:57:09.847: I/NetRec(10858): [906] ClearDatabaseService.onHandleIntent: Clearing score cache
11-16 08:57:09.860: I/GservicesUpdateTask(10132): Updating Gservices keys
11-16 08:57:09.866: I/RecoverableKeyStoreGms(14185): [RecoverableKeyStoreGmsInitOperation] Initializing auth_folsom
11-16 08:57:09.869: I/RecoverableKeyStoreGms(14185): [RecoverableKeyStoreGmsInitOperation] com.google.android.gms.auth.folsom.service.FolsomPublicKeyUpdateService is already enabled. Ignore.
11-16 08:57:09.870: I/RecoverableKeyStoreGms(14185): [RecoverableKeyStoreGmsInitOperation] com.google.android.gms.auth.folsom.service.GcmReceiverService is already enabled. Ignore.
11-16 08:57:09.872: I/ChromeSync(14185): [Sync,SyncIntentOperation] Handling the intent: Intent { act=com.google.gservices.intent.action.GSERVICES_CHANGED flg=0x1000010 pkg=com.google.android.gms cmp=com.google.android.gms/.chimera.GmsIntentOperationService$PersistentInternalReceiver }.
11-16 08:57:09.875: V/RecoverableKeyStoreMgr(1149): Not updating secret types - same as old value.
11-16 08:57:09.876: I/RecoverableKeyStoreGms(14185): [RecoverableKeyStoreGmsInitOperation] Setting vault handle
11-16 08:57:09.877: V/RecoverableKeyStoreMgr(1149): Not updating server params - same as old value.
11-16 08:57:09.878: I/RecoverableKeyStoreGms(14185): [EnrollmentManager] Returning certificates list from cache
11-16 08:57:09.879: I/MobileDataHub(14185): Scheduling periodic tasks
11-16 08:57:09.880: W/MobileDataHub(14185): [Service] appsupload-periodic periodic task disabled
11-16 08:57:09.881: I/MdiSyncModule(14185): flag handling is skipping irrelevant intent.
11-16 08:57:09.886: W/DynamiteModule(14185): Local module descriptor class for com.google.android.gms.vision.dynamite.ocr not found.
11-16 08:57:09.886: I/MS_Utils(14185): version of com.google.android.apps.maps = 1022101040
11-16 08:57:09.887: I/DynamiteModule(14185): Considering local module com.google.android.gms.vision.dynamite.ocr:0 and remote module com.google.android.gms.vision.dynamite.ocr:0
11-16 08:57:09.887: I/DynamiteModule(14185): Considering local module com.google.android.gms.vision.ocr:0 and remote module com.google.android.gms.vision.ocr:1
11-16 08:57:09.887: I/DynamiteModule(14185): Selected remote version of com.google.android.gms.vision.ocr, version >= 1
11-16 08:57:09.889: I/native(14185): I1116 08:57:09.889207   16818 start_ocr_856638336_langid.cc:35] StartOcr with label: latin_script_gmvapi_android
11-16 08:57:09.889: I/native(14185): I1116 08:57:09.889304   16818 start_ocr_856638336_langid.cc:44] StartOcr success
11-16 08:57:09.894: I/SystemUpdate(14185): [Installation,ReceiverIntentOperation] Received intent: Intent { act=com.google.gservices.intent.action.GSERVICES_CHANGED flg=0x1000010 pkg=com.google.android.gms cmp=com.google.android.gms/.chimera.GmsIntentOperationService$PersistentInternalReceiver }.
11-16 08:57:09.900: I/OcrModelUpStIntentOp(14185): Downloading text recognizer
11-16 08:57:09.904: I/GCoreUlr(10858): DispatchingService ignoring Intent { act=android.net.wifi.WIFI_STATE_CHANGED flg=0x4000010 (has extras) } because ULR inactive [CONTEXT service_id=22 ]
11-16 08:57:09.917: I/system_server(1149): Background concurrent copying GC freed 388329(13MB) AllocSpace objects, 30(792KB) LOS objects, 42% free, 18MB/31MB, paused 126us total 150.399ms
11-16 08:57:09.924: W/NetworkScheduler(10858): The extras of the task is not valid to be persisted so that the task is not persisted [CONTEXT service_id=218 ]
11-16 08:57:09.924: W/NetworkScheduler(10858): java.lang.IllegalArgumentException: Only the following extra parameter types are supported: Integer, Long, Double, String, Boolean, and nested Bundles with the same restrictions.
11-16 08:57:09.924: W/NetworkScheduler(10858): 	at abno.f(:com.google.android.gms@213614028@21.36.14 (100400-395708125):6)
11-16 08:57:09.924: W/NetworkScheduler(10858): 	at amdu.g(:com.google.android.gms@213614028@21.36.14 (100400-395708125):37)
11-16 08:57:09.924: W/NetworkScheduler(10858): 	at amdd.n(:com.google.android.gms@213614028@21.36.14 (100400-395708125):3)
11-16 08:57:09.924: W/NetworkScheduler(10858): 	at amdd.u(:com.google.android.gms@213614028@21.36.14 (100400-395708125):20)
11-16 08:57:09.924: W/NetworkScheduler(10858): 	at amdd.g(:com.google.android.gms@213614028@21.36.14 (100400-395708125):3)
11-16 08:57:09.924: W/NetworkScheduler(10858): 	at alzy.run(:com.google.android.gms@213614028@21.36.14 (100400-395708125):9)
11-16 08:57:09.924: W/NetworkScheduler(10858): 	at rgh.c(:com.google.android.gms@213614028@21.36.14 (100400-395708125):6)
11-16 08:57:09.924: W/NetworkScheduler(10858): 	at rgh.run(:com.google.android.gms@213614028@21.36.14 (100400-395708125):8)
11-16 08:57:09.924: W/NetworkScheduler(10858): 	at java.util.concurrent.ThreadPoolExecutor.runWorker(ThreadPoolExecutor.java:1167)
11-16 08:57:09.924: W/NetworkScheduler(10858): 	at java.util.concurrent.ThreadPoolExecutor$Worker.run(ThreadPoolExecutor.java:641)
11-16 08:57:09.924: W/NetworkScheduler(10858): 	at rkn.run(:com.google.android.gms@213614028@21.36.14 (100400-395708125):0)
11-16 08:57:09.924: W/NetworkScheduler(10858): 	at java.lang.Thread.run(Thread.java:764)
11-16 08:57:09.931: I/GCoreUlr(10858): WorldUpdater received intent Intent { act=com.google.android.location.reporting.ACTION_UPDATE_WORLD cmp=com.google.android.gms/com.google.android.location.reporting.service.DispatchingService (has extras) } with receiverAction com.google.gservices.intent.action.GSERVICES_CHANGED [CONTEXT service_id=22 ]
11-16 08:57:09.934: I/RecoverableKeyStoreMgr(1149): The cert file serial number is the same, so skip updating.
11-16 08:57:09.934: I/RecoverableKeyStoreGms(14185): [EnrollmentManager] Recovery service is initialized.
11-16 08:57:09.936: I/RecoverySnapshotLstnrs(1149): Registered listener for agent with uid 10007
11-16 08:57:09.937: E/RecoverySnapshotStorage(1149): Error reading snapshot for 10007 from disk
11-16 08:57:09.937: E/RecoverySnapshotStorage(1149): java.io.FileNotFoundException: /data/system/recoverablekeystore/snapshots/10007.xml (No such file or directory)
11-16 08:57:09.937: E/RecoverySnapshotStorage(1149): 	at java.io.FileInputStream.open0(Native Method)
11-16 08:57:09.937: E/RecoverySnapshotStorage(1149): 	at java.io.FileInputStream.open(FileInputStream.java:231)
11-16 08:57:09.937: E/RecoverySnapshotStorage(1149): 	at java.io.FileInputStream.<init>(FileInputStream.java:165)
11-16 08:57:09.937: E/RecoverySnapshotStorage(1149): 	at com.android.server.locksettings.recoverablekeystore.storage.RecoverySnapshotStorage.readFromDisk(RecoverySnapshotStorage.java:152)
11-16 08:57:09.937: E/RecoverySnapshotStorage(1149): 	at com.android.server.locksettings.recoverablekeystore.storage.RecoverySnapshotStorage.get(RecoverySnapshotStorage.java:104)
11-16 08:57:09.937: E/RecoverySnapshotStorage(1149): 	at com.android.server.locksettings.recoverablekeystore.RecoverableKeyStoreManager.getKeyChainSnapshot(RecoverableKeyStoreManager.java:331)
11-16 08:57:09.937: E/RecoverySnapshotStorage(1149): 	at com.android.server.locksettings.LockSettingsService.getKeyChainSnapshot(LockSettingsService.java:2032)
11-16 08:57:09.937: E/RecoverySnapshotStorage(1149): 	at com.android.internal.widget.ILockSettings$Stub.onTransact(ILockSettings.java:356)
11-16 08:57:09.937: E/RecoverySnapshotStorage(1149): 	at android.os.Binder.execTransact(Binder.java:731)
11-16 08:57:09.938: I/RecoverableKeyStoreGms(14185): [WrappingKeyManager] Can't generate wrapping key - missing lock screeen
11-16 08:57:09.942: I/GCoreUlr(10858): WorldUpdater:com.google.gservices.intent.action.GSERVICES_CHANGED: Ensuring that reporting is stopped because of reasons: (no Google accounts) [CONTEXT service_id=22 ]
11-16 08:57:09.943: I/GmsModuleFndr(14185): Beginning GMS chimera module scan
11-16 08:57:09.953: I/SoundTriggerModelLoader(17012): Unloading model 9f6ad62a-1f0b-11e7-87c5-40a8f03d3f15
11-16 08:57:09.953: I/SoundTriggerManagerComp(17012): Unloading model 9f6ad62a-1f0b-11e7-87c5-40a8f03d3f15
11-16 08:57:09.953: I/SoundTriggerService(1149): deleteSoundModel(): id = 9f6ad62a-1f0b-11e7-87c5-40a8f03d3f15
11-16 08:57:09.953: W/SoundTriggerHelper(1149): Unload error: Attempting unload invalid generic model with id:9f6ad62a-1f0b-11e7-87c5-40a8f03d3f15
11-16 08:57:09.955: I/GCoreUlr(10858): Unbound from all signal providers. [CONTEXT service_id=22 ]
11-16 08:57:09.956: I/ModuleSetMgr(14185): Computing pending module set with APKs: [[AdsFdrDynamite.integ:213806100100000], [Enpromo.integ:214106000100000], [Pay.optional:213614100000], [VisionOcr.optional:213614100400], [AdsFdrDynamite.integ:212104400100000], [Cronetdynamite:213614100400], [Dynamiteloader:213614100000], [Dynamitemodulesa:213614100000], [Dynamitemodulesc:213614100000], [Googlecertificates:213614100000], [Mapsdynamite:213614100000], [Measurementdynamite:213614100000]]
11-16 08:57:09.960: I/SettingsActivityAvailab(16935): Disabling com.google.android.apps.multidevice.client.ui.pixel.SettingsActivity.
11-16 08:57:09.961: D/GservicesChangeReceiver(6221): Gservices Changed broadcast Received. context is android.app.ReceiverRestrictedContext@687cc1e
11-16 08:57:09.961: D/GservicesChangeReceiver(6221): Gservices allowPowerAnomalyData is False.
11-16 08:57:09.962: E/GooglePlayServicesUtil(16917): The Google Play services resources were not found. Check your project configuration to ensure that the resources are included.
11-16 08:57:09.963: D/ConnectivityMonitorManager(6221): Service com.google.android.connectivitymonitor.PowerAnomalyDetectorService is not running...
11-16 08:57:09.965: D/GservicesChangeReceiver(6221): Gservices allowLowPowerMonitoring is False.
11-16 08:57:09.967: D/ConnectivityMonitorManager(6221): Service com.google.android.connectivitymonitor.LowPowerMonitorService is not running...
11-16 08:57:09.970: I/GCoreUlr(10858): Unbound from all signal providers. [CONTEXT service_id=22 ]
11-16 08:57:09.970: I/GCoreUlr(10858): Stopping handler for UlrDispSvcFast [CONTEXT service_id=22 ]
11-16 08:57:09.973: D/ConnMetrics:App(16917): IsOptedIn = false
11-16 08:57:09.973: D/GservicesChangeReceiver(6221): Gservices isConnectivityMonitorEnabled is True.
11-16 08:57:09.979: D/ConnectivityMonitorManager(6221): Service com.google.android.connectivitymonitor.ConnectivityMonitorService is running...
11-16 08:57:09.984: I/EuiccGoogle(16957): [2] GservicesChangedReceiver.onReceive: Setting EUICC_SUPPORTED_COUNTRIES to de,gb,in,us
11-16 08:57:09.986: V/BackupManagerConstants(1149): getFullBackupRequiredNetworkType(...) returns 2
11-16 08:57:09.986: V/BackupManagerConstants(1149): getFullBackupRequireCharging(...) returns true
11-16 08:57:09.990: I/Backup(14185): [GmsBackupStatusChangeReceiver] Going to enable gms backup transport.
11-16 08:57:09.992: I/ModuleSetMgr(14185): Pending container module APKs: [[Pay.optional:213614100000], [VisionOcr.optional:213614100400]]
11-16 08:57:09.992: I/ModuleSetMgr(14185): Pending non-container module APKs: [[Enpromo.integ:214106000100000], [AdsFdrDynamite.integ:213806100100000]]
11-16 08:57:10.002: I/Herrevad(10858): [902] zcq.a: updateListenState
11-16 08:57:10.005: I/Auth(10858): [AuthManaged, PasswordComplexityHelperImpl] Updating password complexity components state.
11-16 08:57:10.005: I/Auth(10858): [AuthManaged, PasswordComplexityHelperImpl] Enabling com.google.android.gms.auth.managed.ui.SetNewPasswordActivity
11-16 08:57:10.005: I/BgTaskExecutorImpl(10132): Starting NONEXCLUSIVE background task UPDATE_GSERVICES_CONFIG.
11-16 08:57:10.005: I/NetRec(10858): [902] aiad.a: onConfigChanged()
11-16 08:57:10.011: W/SearchServiceCore(10132): Abort, client detached.
11-16 08:57:10.013: W/PackageParser(14185): Unknown element under <manifest>: queries at /data/user_de/0/com.google.android.gms/app_chimera/m/00000007/AdsDynamite.apk Binary XML file line #5
11-16 08:57:10.013: I/GservicesUpdateTask(10132): Updating Gservices keys
11-16 08:57:10.022: I/NetRec(10858): [902] aiad.a: Cancelling all NetRec GCM tasks
11-16 08:57:10.026: I/NetRec(10858): [906] ClearDatabaseService.onHandleIntent: Clearing score cache
11-16 08:57:10.033: W/PackageParser(14185): Unknown element under <manifest>: queries at /data/user_de/0/com.google.android.gms/app_chimera/m/00000010/dl-AdsFdrDynamite.integ_213806100100000.apk Binary XML file line #11
11-16 08:57:10.037: I/GCoreUlr(10858): WorldUpdater received intent Intent { act=com.google.android.location.reporting.ACTION_UPDATE_WORLD cmp=com.google.android.gms/com.google.android.location.reporting.service.DispatchingService (has extras) } with receiverAction com.google.gservices.intent.action.GSERVICES_CHANGED [CONTEXT service_id=22 ]
11-16 08:57:10.040: I/GmsModuleFndr(14185): Beginning GMS chimera module scan
11-16 08:57:10.040: I/RecoverableKeyStoreGms(14185): [RecoverableKeyStoreGmsInitOperation] Initializing auth_folsom
11-16 08:57:10.041: I/GCoreUlr(10858): WorldUpdater:com.google.gservices.intent.action.GSERVICES_CHANGED: Ensuring that reporting is stopped because of reasons: (no Google accounts) [CONTEXT service_id=22 ]
11-16 08:57:10.042: I/RecoverableKeyStoreGms(14185): [RecoverableKeyStoreGmsInitOperation] com.google.android.gms.auth.folsom.service.FolsomPublicKeyUpdateService is already enabled. Ignore.
11-16 08:57:10.042: I/RecoverableKeyStoreGms(14185): [RecoverableKeyStoreGmsInitOperation] com.google.android.gms.auth.folsom.service.GcmReceiverService is already enabled. Ignore.
11-16 08:57:10.045: I/GCoreUlr(10858): Unbound from all signal providers. [CONTEXT service_id=22 ]
11-16 08:57:10.046: I/ChromeSync(14185): [Sync,SyncIntentOperation] Handling the intent: Intent { act=com.google.gservices.intent.action.GSERVICES_CHANGED flg=0x1000010 pkg=com.google.android.gms cmp=com.google.android.gms/.chimera.GmsIntentOperationService$PersistentInternalReceiver }.
11-16 08:57:10.047: V/RecoverableKeyStoreMgr(1149): Not updating secret types - same as old value.
11-16 08:57:10.048: I/RecoverableKeyStoreGms(14185): [RecoverableKeyStoreGmsInitOperation] Setting vault handle
11-16 08:57:10.049: V/RecoverableKeyStoreMgr(1149): Not updating server params - same as old value.
11-16 08:57:10.050: I/RecoverableKeyStoreGms(14185): [EnrollmentManager] Returning certificates list from cache
11-16 08:57:10.050: I/MobileDataHub(14185): Scheduling periodic tasks
11-16 08:57:10.051: W/MobileDataHub(14185): [Service] appsupload-periodic periodic task disabled
11-16 08:57:10.051: I/MdiSyncModule(14185): flag handling is skipping irrelevant intent.
11-16 08:57:10.051: I/MS_Utils(14185): version of com.google.android.apps.maps = 1022101040
11-16 08:57:10.054: W/DynamiteModule(14185): Local module descriptor class for com.google.android.gms.vision.dynamite.ocr not found.
11-16 08:57:10.054: I/GCoreUlr(10858): DispatchingService ignoring Intent { act=android.net.wifi.WIFI_STATE_CHANGED flg=0x4000010 (has extras) } because ULR inactive [CONTEXT service_id=22 ]
11-16 08:57:10.054: I/SystemUpdate(14185): [Installation,ReceiverIntentOperation] Received intent: Intent { act=com.google.gservices.intent.action.GSERVICES_CHANGED flg=0x1000010 pkg=com.google.android.gms cmp=com.google.android.gms/.chimera.GmsIntentOperationService$PersistentInternalReceiver }.
11-16 08:57:10.055: I/DynamiteModule(14185): Considering local module com.google.android.gms.vision.dynamite.ocr:0 and remote module com.google.android.gms.vision.dynamite.ocr:0
11-16 08:57:10.056: I/DynamiteModule(14185): Considering local module com.google.android.gms.vision.ocr:0 and remote module com.google.android.gms.vision.ocr:1
11-16 08:57:10.056: I/DynamiteModule(14185): Selected remote version of com.google.android.gms.vision.ocr, version >= 1
11-16 08:57:10.059: I/native(14185): I1116 08:57:10.058990   16818 start_ocr_856638336_langid.cc:35] StartOcr with label: latin_script_gmvapi_android
11-16 08:57:10.059: I/native(14185): I1116 08:57:10.059128   16818 start_ocr_856638336_langid.cc:44] StartOcr success
11-16 08:57:10.061: I/OcrModelUpStIntentOp(14185): Downloading text recognizer
11-16 08:57:10.070: I/GCoreUlr(10858): Unbound from all signal providers. [CONTEXT service_id=22 ]
11-16 08:57:10.070: I/GCoreUlr(10858): Stopping handler for UlrDispSvcFast [CONTEXT service_id=22 ]
11-16 08:57:10.075: I/ModuleSetMgr(14185): Computing pending module set with APKs: [[AdsFdrDynamite.integ:213806100100000], [Enpromo.integ:214106000100000], [Pay.optional:213614100000], [VisionOcr.optional:213614100400], [AdsFdrDynamite.integ:212104400100000], [Cronetdynamite:213614100400], [Dynamiteloader:213614100000], [Dynamitemodulesa:213614100000], [Dynamitemodulesc:213614100000], [Googlecertificates:213614100000], [Mapsdynamite:213614100000], [Measurementdynamite:213614100000]]
11-16 08:57:10.078: I/RecoverableKeyStoreMgr(1149): The cert file serial number is the same, so skip updating.
11-16 08:57:10.078: I/RecoverableKeyStoreGms(14185): [EnrollmentManager] Recovery service is initialized.
11-16 08:57:10.081: I/RecoverySnapshotLstnrs(1149): Registered listener for agent with uid 10007
11-16 08:57:10.082: E/RecoverySnapshotStorage(1149): Error reading snapshot for 10007 from disk
11-16 08:57:10.082: E/RecoverySnapshotStorage(1149): java.io.FileNotFoundException: /data/system/recoverablekeystore/snapshots/10007.xml (No such file or directory)
