11-16 08:57:20.861: W/libprocessgroup(1149): kill(-17290, 9) failed: No such process
11-16 08:57:20.873: I/Finsky(17307): [2] abxn.d(37): SCH: ConstraintMapping: 24-77777777,  -> L: 0ms, D: 81961013ms, C: false, I: true, N: 0
11-16 08:57:20.874: I/Finsky(17307): [2] abxn.d(37): SCH: ConstraintMapping: 1-1337, 12-1, 31-305419896,  -> L: 931ms, D: 69383662ms, C: false, I: false, N: 1
11-16 08:57:20.875: I/Finsky(17307): [2] abxn.d(37): SCH: ConstraintMapping: 3-2,  -> L: 0ms, D: 86393592ms, C: true, I: true, N: 2
11-16 08:57:20.875: I/Finsky(17307): [2] abxn.d(37): SCH: ConstraintMapping: 26-1414141414, 29-29,  -> L: 22545ms, D: 52545ms, C: false, I: false, N: 0
11-16 08:57:20.877: I/Finsky(17307): [2] abxn.f(7): SCH: Cancelling existing jobscheduler jobs: 
11-16 08:57:20.877: I/Finsky(17307): [2] abxn.e(8): SCH: Throttling wakeup for job 9001 (expected to run in 0 ms) due to recent wakeup
11-16 08:57:20.878: I/Finsky(17307): [2] abxn.e(23): SCH: Scheduling job Id: 9001, L: 30000, D: 81961013, C: false, I: true, N: 0
11-16 08:57:20.879: I/Dialer(18159): CallLogCacheUpdater.updateCache - updated 0 rows
11-16 08:57:20.883: I/Finsky(17307): [2] abxn.e(8): SCH: Throttling wakeup for job 9002 (expected to run in 931 ms) due to recent wakeup
11-16 08:57:20.883: I/Finsky(17307): [2] abxn.e(23): SCH: Scheduling job Id: 9002, L: 30000, D: 69383662, C: false, I: false, N: 1
11-16 08:57:20.885: I/Finsky(17307): [2] abxn.e(8): SCH: Throttling wakeup for job 9003 (expected to run in 0 ms) due to recent wakeup
11-16 08:57:20.885: I/Finsky(17307): [2] abxn.e(23): SCH: Scheduling job Id: 9003, L: 30000, D: 86393592, C: true, I: true, N: 2
11-16 08:57:20.886: I/Finsky(17307): [2] abxn.e(8): SCH: Throttling wakeup for job 9004 (expected to run in 22545 ms) due to recent wakeup
11-16 08:57:20.887: I/Finsky(17307): [2] abxn.e(23): SCH: Scheduling job Id: 9004, L: 30000, D: 52545, C: false, I: false, N: 0
11-16 08:57:20.892: I/Zygote(734): Process 17212 exited due to signal (9)
11-16 08:57:20.893: I/Zygote(733): Process 17290 exited due to signal (9)
11-16 08:57:20.906: W/libprocessgroup(1149): kill(-17290, 9) failed: No such process
11-16 08:57:20.906: I/libprocessgroup(1149): Successfully killed process cgroup uid 1001 pid 17290 in 45ms
11-16 08:57:20.907: W/libprocessgroup(1149): kill(-17212, 9) failed: No such process
11-16 08:57:20.907: I/libprocessgroup(1149): Successfully killed process cgroup uid 10107 pid 17212 in 0ms
11-16 08:57:21.306: W/ComponentDiscovery(18217): Application info not found.
11-16 08:57:21.306: W/ComponentDiscovery(18217): Could not retrieve metadata, returning empty list of registrars.
11-16 08:57:21.339: W/PrimesInit(18217): Primes instant initialization
11-16 08:57:21.340: W/Primes(18217): background initialization
11-16 08:57:21.354: W/GAV2(18217): Thread[main,5,main]: Need to call initialize() and be in fallback mode to start dispatch.
11-16 08:57:21.365: I/PrimesTesting(18217): GserviceFlagsSupplier.get()
11-16 08:57:21.372: E/Gmail(18217): Gmail:TotalBandwidthLoggerRunner: Bandwidth Value was not valid: BandwidthValue{txBytes=-1, rxBytes=-1, txPackets=-1, rxPackets=-1, startTimeMs=0, endTimeMs=1072807, connectivityType=TYPE_COMBINED, tag=TOTAL_APP_UID}
11-16 08:57:21.497: W/Gmail(18217): AccountUtils:For b/73513912, load account content://com.android.gmail.ui/account.-2137146394 from MailAppProvider. Is account valid result: 1.
11-16 08:57:21.500: W/Gmail(18217): AccountUtils:For b/73513912, load account content://com.google.android.gm.email.provider/account.-437561172?suppress_combined%3Dtrue from MailAppProvider. Is account valid result: 1.
11-16 08:57:21.537: I/LocaleChangeIO(10858): No action required after switch to en [CONTEXT service_id=231 ]
11-16 08:57:21.546: I/LanguageSettingsHelper(10132): Removing enrollment utterances : Locale changed
11-16 08:57:21.546: E/UtteranceHandler(10132): Called deleteEnrollmentUtterances for null account
11-16 08:57:21.558: I/NearbyDiscovery(10858): DiscoveryService created [CONTEXT service_id=49 ]
11-16 08:57:21.570: W/ChimeraUtils(10858): Module com.google.android.gms.nearby has empty metadata display_name_string_id
11-16 08:57:21.573: W/ChimeraUtils(10858): Module com.google.android.gms.nearby has empty metadata display_name_string_id
11-16 08:57:21.577: D/AndroidRuntime(18284): >>>>>> START com.android.internal.os.RuntimeInit uid 2000 <<<<<<
11-16 08:57:21.581: I/OpaEnabledReceiver(3665): Dispatching OPA eligble = true; AGSA = true; OPA enabled = true
11-16 08:57:21.581: I/OpaLayout(3665): Setting opa enabled to true
11-16 08:57:21.581: I/OpaLayout(3665): Setting opa enabled to true
11-16 08:57:21.585: I/OpaEligibilityChecker(10132): send OpaEligibilityChange broadcast to CommonBroadcastReceiver
11-16 08:57:21.593: I/DefaultSticker(3649): Received android.intent.action.LOCALE_CHANGED broadcast from null
11-16 08:57:21.601: I/FirebaseJobDispatcher(3649): Schedule task: DefaultStickerUpdate. Success.
11-16 08:57:21.601: I/DefaultStickerUpdate(3649): Scheduled update for locale=en, data=DefaultStickerTaskData{enabled=true, metadataUriPrefix=https://www.gstatic.com/android/keyboard/stickers/configs/v5/, supportedLanguage=en}, and reason=BROADCAST_LOCALE_CHANGED
11-16 08:57:21.602: I/HotwordHelper(10132): hasHotwordEverywhere-false
11-16 08:57:21.605: I/BgTaskExecutorImpl(10132): Starting EXCLUSIVE background task UPDATE_HOTWORD_MODELS.
11-16 08:57:21.606: I/OpaEnabledReceiver(3665): Dispatching OPA eligble = true; AGSA = true; OPA enabled = true
11-16 08:57:21.606: I/OpaLayout(3665): Setting opa enabled to true
11-16 08:57:21.608: W/KeyphraseEnrollmentInfo(4142): No enrollment application supports the given keyphrase/locale: 'Ok Google'/en
11-16 08:57:21.606: I/OpaLayout(3665): Setting opa enabled to true
11-16 08:57:21.608: I/GsaVoiceInteractionSrv(4142): Creating AOHD: Keyphrase - Ok Google, Locale - en/en-GB
11-16 08:57:21.609: W/SoundTriggerHelper(1149): Attempting stopRecognition without a successful startRecognition
11-16 08:57:21.610: W/AlwaysOnHotwordDetector(4142): stopRecognition() failed with error code -2147483648
11-16 08:57:21.610: W/AlwaysOnHotwordDetector(4142): Received message: 1 for an invalid detector
11-16 08:57:21.613: W/SearchServiceCore(10132): Abort, client detached.
11-16 08:57:21.613: I/BgTaskExecutorImpl(10132): Starting EXCLUSIVE background task SEND_GSA_HOME_REQUEST.
11-16 08:57:21.619: I/ActivityManager(1149): Start proc 18302:com.google.android.music:main/u0a75 for broadcast com.google.android.music/.notifications.NotificationChannelInitializationBroadcastReceiver
11-16 08:57:21.620: W/SoundModelDBHelper(1149): No SoundModel available for the given keyphrase
11-16 08:57:21.626: I/ActivityManager(1149): START u0 {act=com.android.intent.action.MANAGE_VOICE_KEYPHRASES flg=0x10000000 pkg=com.android.hotwordenrollment.okgoogle cmp=com.android.hotwordenrollment.okgoogle/.EnrollmentActivity (has extras)} from uid 10047
11-16 08:57:21.626: I/ThreadRunner(10132): setContextAndRunner
11-16 08:57:21.627: E/roid.music:mai(18302): Not starting debugger since process cannot load the jdwp agent.
11-16 08:57:21.627: I/ModelDownloadController(10132): requestHotwordModelUpdate modelType-OK_GOOGLE
11-16 08:57:21.628: W/ModelDownloadController(10132): Failed fetching the hotword model location configuration
11-16 08:57:21.628: E/ModelDownloadController(10132): Invalid hotword model location.
11-16 08:57:21.633: I/app_process(18284): The ClassLoaderContext is a special shared library.
11-16 08:57:21.635: D/android.hardware.power@1.3-service.crosshatch-libperfmgr(773): LAUNCH ON
11-16 08:57:21.642: W/SearchServiceCore(10132): Abort, client detached.
11-16 08:57:21.644: W/KeyphraseEnrollmentInfo(4142): No enrollment application supports the given keyphrase/locale: 'X Google'/en
11-16 08:57:21.642: I/chatty(10132): uid=10047 com.google.android.googlequicksearchbox:search identical 2 lines
11-16 08:57:21.642: W/SearchServiceCore(10132): Abort, client detached.
11-16 08:57:21.656: W/SessionLifecycleManager(10132): Client : AttachedClient[44562644331438273, ClientConfig[mFlags=[default, headless, launch_external_voice_search_ui, support_transparent_background, legacy_leave_behind_dirty_session_fixme] mSuggestFlags=[0] mClientId=HOTWORD_SERVICE mSessionType=search]] has no associated SessionController
11-16 08:57:21.656: W/SearchServiceCore(10132): Abort, client detached.
11-16 08:57:21.656: I/chatty(10132): uid=10047 com.google.android.googlequicksearchbox:search identical 1 line
11-16 08:57:21.656: W/SearchServiceCore(10132): Abort, client detached.
11-16 08:57:21.656: D/AndroidRuntime(18284): Calling main entry com.android.commands.am.Am
11-16 08:57:21.657: I/roid.music:mai(18302): The ClassLoaderContext is a special shared library.
11-16 08:57:21.660: I/ActivityManager(1149): Start proc 18323:com.android.hotwordenrollment.okgoogle/u0a45 for activity com.android.hotwordenrollment.okgoogle/.EnrollmentActivity
11-16 08:57:21.661: I/ActivityManager(1149): Force stopping androidx.compose.testutils.test appid=10172 user=0: start instr
11-16 08:57:21.677: I/ActivityManager(1149): Killing 17425:com.android.vending:instant_app_installer/u0a14 (adj 906): empty #17
11-16 08:57:21.678: W/libprocessgroup(1149): kill(-17425, 9) failed: No such process
11-16 08:57:21.679: E/llment.okgoogl(18323): Not starting debugger since process cannot load the jdwp agent.
11-16 08:57:21.691: I/ActivityManager(1149): Start proc 18333:androidx.compose.testutils.test/u0a172 for added application androidx.compose.testutils.test
11-16 08:57:21.694: I/.testutils.tes(18333): Late-enabling -Xcheck:jni
11-16 08:57:21.695: W/ActivityManager(1149): Unable to start service Intent { cmp=com.google.android.gm/com.android.email.service.AttachmentService } U=0: not found
11-16 08:57:21.700: I/Zygote(734): Process 17425 exited due to signal (9)
11-16 08:57:21.716: I/MultiDex(18302): VM with version 2.1.0 has multidex support
11-16 08:57:21.716: I/MultiDex(18302): install
11-16 08:57:21.716: I/MultiDex(18302): VM has multidex support, MultiDex support library is disabled.
11-16 08:57:21.723: W/libprocessgroup(1149): kill(-17425, 9) failed: No such process
11-16 08:57:21.723: I/libprocessgroup(1149): Successfully killed process cgroup uid 10014 pid 17425 in 45ms
11-16 08:57:21.766: I/ActivityManager(1149): Killing 14108:com.google.android.gms.ui/u0a7 (adj 906): empty #17
11-16 08:57:21.767: W/libprocessgroup(1149): kill(-14108, 9) failed: No such process
11-16 08:57:21.785: D/BoundBrokerSvc(14185): onBind: Intent { act=com.google.android.gms.findmydevice.spot.service.locationreport.START cmp=com.google.android.gms/.chimera.GmsApiService }
11-16 08:57:21.785: D/BoundBrokerSvc(14185): Loading bound service for intent: Intent { act=com.google.android.gms.findmydevice.spot.service.locationreport.START cmp=com.google.android.gms/.chimera.GmsApiService }
11-16 08:57:21.790: I/akia(10858): Removed 0 invalid users [CONTEXT service_id=51 ]
11-16 08:57:21.786: W/com.android.hotwordenrollment.okgoogle(18323): type=1400 audit(0.0:299): avc: denied { read } for comm=45474C20496E6974 name="u:object_r:vendor_default_prop:s0" dev="tmpfs" ino=18965 scontext=u:r:priv_app:s0:c512,c768 tcontext=u:object_r:vendor_default_prop:s0 tclass=file permissive=0
11-16 08:57:21.791: E/libc(18323): Access denied finding property "vendor.debug.egl.profiler"
11-16 08:57:21.800: I/PeopleDatabaseHelper(14185): Updating DB locale: en_US -> en
11-16 08:57:21.801: I/Zygote(733): Process 14108 exited due to signal (9)
11-16 08:57:21.801: I/.testutils.tes(18333): The ClassLoaderContext is a special shared library.
11-16 08:57:21.802: I/.testutils.tes(18333): The ClassLoaderContext is a special shared library.
11-16 08:57:21.804: D/MusicLifecycle(18302): com.google.android.music.store.ConfigContentProvider generated event: Content provider created
11-16 08:57:21.807: I/EnrollmentActivity(18323): Started by non-activity for action: 0, keyphrase: Ok Google, locale: en-GB
11-16 08:57:21.810: D/OpenGLRenderer(18323): Skia GL Pipeline
11-16 08:57:21.811: D/MusicLifecycle(18302): com.google.android.music.api.MusicPublicContentProvider generated event: Content provider created
11-16 08:57:21.813: W/libprocessgroup(1149): kill(-14108, 9) failed: No such process
11-16 08:57:21.813: I/libprocessgroup(1149): Successfully killed process cgroup uid 10007 pid 14108 in 45ms
11-16 08:57:21.827: I/Adreno(18323): QUALCOMM build                   : 3f88ca2, I42f6fe38fb
11-16 08:57:21.827: I/Adreno(18323): Build Date                       : 07/13/18
11-16 08:57:21.827: I/Adreno(18323): OpenGL ES Shader Compiler Version: EV031.24.00.00
11-16 08:57:21.827: I/Adreno(18323): Local Branch                     : 50.04
11-16 08:57:21.827: I/Adreno(18323): Remote Branch                    : 
11-16 08:57:21.827: I/Adreno(18323): Remote Branch                    : 
11-16 08:57:21.827: I/Adreno(18323): Reconstruct Branch               : 
11-16 08:57:21.827: I/Adreno(18323): Build Config                     : S P 4.0.10 AArch64
11-16 08:57:21.823: W/RenderThread(18323): type=1400 audit(0.0:300): avc: denied { read } for name="u:object_r:vendor_default_prop:s0" dev="tmpfs" ino=18965 scontext=u:r:priv_app:s0:c512,c768 tcontext=u:object_r:vendor_default_prop:s0 tclass=file permissive=0
11-16 08:57:21.829: E/libc(18323): Access denied finding property "ro.vendor.graphics.memory"
11-16 08:57:21.831: I/Adreno(18323): PFP: 0x016ee170, ME: 0x00000000
11-16 08:57:21.832: I/GoogleInputMethod(3649): onFinishInput() : Dummy InputConnection bound
11-16 08:57:21.832: I/GoogleInputMethod(3649): onStartInput() : Dummy InputConnection bound
11-16 08:57:21.834: I/ConfigStore(18323): android::hardware::configstore::V1_0::ISurfaceFlingerConfigs::hasWideColorDisplay retrieved: 1
11-16 08:57:21.834: I/ConfigStore(18323): android::hardware::configstore::V1_0::ISurfaceFlingerConfigs::hasHDRDisplay retrieved: 1
11-16 08:57:21.834: I/OpenGLRenderer(18323): Initialized EGL, version 1.4
11-16 08:57:21.834: D/OpenGLRenderer(18323): Swap behavior 2
11-16 08:57:21.840: D/MusicLifecycle(18302): com.google.android.music.store.MusicContentProvider generated event: Content provider created
11-16 08:57:21.842: E/libc(18323): Access denied finding property "vendor.gralloc.enable_ahardware_buffer"
11-16 08:57:21.836: W/RenderThread(18323): type=1400 audit(0.0:301): avc: denied { read } for name="u:object_r:vendor_default_prop:s0" dev="tmpfs" ino=18965 scontext=u:r:priv_app:s0:c512,c768 tcontext=u:object_r:vendor_default_prop:s0 tclass=file permissive=0
11-16 08:57:21.849: D/android.hardware.power@1.3-service.crosshatch-libperfmgr(773): LAUNCH OFF
11-16 08:57:21.850: D/MusicLifecycle(18302): com.google.android.music.ui.PhoneMusicApplication generated event: Application created
11-16 08:57:21.850: W/SoundTriggerHelper(1149): Attempting stopRecognition without a successful startRecognition
11-16 08:57:21.850: W/AlwaysOnHotwordDetector(4142): stopRecognition() failed with error code -2147483648
11-16 08:57:21.851: I/EnrollmentActivity(18323): Enroll keyphrase Ok Googleoperation succeeded for en-GB
11-16 08:57:21.856: I/GsaVoiceInteractionSrv(4142): Not starting recognition
11-16 08:57:21.859: D/SurfaceFlinger(643): duplicate layer name: changing Surface(name=77980ce StatusBar)/@0x6cd9061 - animation-leash to Surface(name=77980ce StatusBar)/@0x6cd9061 - animation-leash#1
11-16 08:57:21.870: I/GoogleInputMethod(3649): onFinishInput() : Dummy InputConnection bound
11-16 08:57:21.870: I/BackdropActivity(17267): onResume()
11-16 08:57:21.871: I/GoogleInputMethod(3649): onStartInput() : Dummy InputConnection bound
11-16 08:57:21.873: I/Finsky(17307): [2] alsm.a(4): Exiting following cache clear.
11-16 08:57:21.874: I/Finsky(17307): [2] gik.run(63): Exit with reason: 375, called from : java.lang.Throwable
11-16 08:57:21.874: I/Finsky(17307): 	at gik.run(Unknown Source:9)
11-16 08:57:21.874: I/Finsky(17307): 	at android.os.Handler.handleCallback(Handler.java:873)
11-16 08:57:21.874: I/Finsky(17307): 	at android.os.Handler.dispatchMessage(Handler.java:99)
11-16 08:57:21.874: I/Finsky(17307): 	at android.os.Looper.loop(Looper.java:193)
11-16 08:57:21.874: I/Finsky(17307): 	at android.app.ActivityThread.main(ActivityThread.java:6718)
11-16 08:57:21.874: I/Finsky(17307): 	at java.lang.reflect.Method.invoke(Native Method)
11-16 08:57:21.874: I/Finsky(17307): 	at com.android.internal.os.RuntimeInit$MethodAndArgsCaller.run(RuntimeInit.java:493)
11-16 08:57:21.874: I/Finsky(17307): 	at com.android.internal.os.ZygoteInit.main(ZygoteInit.java:858)
11-16 08:57:21.877: I/android.vendin(17307): System.exit called, status: 0
11-16 08:57:21.877: I/AndroidRuntime(17307): VM exiting with result code 0, cleanup skipped.
11-16 08:57:21.896: I/ActivityManager(1149): Displayed com.android.hotwordenrollment.okgoogle/.EnrollmentActivity: +225ms
11-16 08:57:21.902: I/ActivityManager(1149): Activity requesting to dismiss Keyguard: ActivityRecord{283daf3 u0 com.google.android.apps.mtaas.backdrop/.BackdropActivity t4}
11-16 08:57:21.907: I/PeopleSearchIndexManage(14185): Marking for index update.
11-16 08:57:21.909: I/HotwordHelper(10132): hasHotwordEverywhere-false
11-16 08:57:21.910: W/RenderThread(1149): type=1400 audit(0.0:302): avc: denied { read } for name="u:object_r:vendor_default_prop:s0" dev="tmpfs" ino=18965 scontext=u:r:system_server:s0 tcontext=u:object_r:vendor_default_prop:s0 tclass=file permissive=0
11-16 08:57:21.914: I/system_server(1149): Background concurrent copying GC freed 216114(9MB) AllocSpace objects, 104(4MB) LOS objects, 42% free, 17MB/30MB, paused 128us total 175.763ms
11-16 08:57:21.915: E/libc(1149): Access denied finding property "vendor.debug.egl.profiler"
11-16 08:57:21.915: E/libc(1149): Access denied finding property "vendor.debug.prerotation.disable"
11-16 08:57:21.916: I/Adreno(1149): QUALCOMM build                   : 3f88ca2, I42f6fe38fb
11-16 08:57:21.916: I/Adreno(1149): Build Date                       : 07/13/18
11-16 08:57:21.916: I/Adreno(1149): OpenGL ES Shader Compiler Version: EV031.24.00.00
11-16 08:57:21.916: I/Adreno(1149): Local Branch                     : 50.04
11-16 08:57:21.916: I/Adreno(1149): Remote Branch                    : 
11-16 08:57:21.916: I/Adreno(1149): Remote Branch                    : 
11-16 08:57:21.916: I/Adreno(1149): Reconstruct Branch               : 
11-16 08:57:21.916: I/Adreno(1149): Build Config                     : S P 4.0.10 AArch64
11-16 08:57:21.916: W/SessionLifecycleManager(10132): Client : AttachedClient[44562644331438278, ClientConfig[mFlags=[default, headless, launch_external_voice_search_ui, support_transparent_background, legacy_leave_behind_dirty_session_fixme] mSuggestFlags=[0] mClientId=HOTWORD_SERVICE mSessionType=search]] has no associated SessionController
11-16 08:57:21.916: W/SearchServiceCore(10132): Abort, client detached.
11-16 08:57:21.916: I/chatty(10132): uid=10047 com.google.android.googlequicksearchbox:search identical 1 line
11-16 08:57:21.916: W/SearchServiceCore(10132): Abort, client detached.
11-16 08:57:21.918: E/libc(1149): Access denied finding property "vendor.debug.prerotation.disable"
11-16 08:57:21.919: W/SurfaceFlinger(643): Attempting to destroy on removed layer: AppWindowToken{d9bb5e4 token=Token{4a2b577 ActivityRecord{23c7b76 u0 com.android.hotwordenrollment.okgoogle/.EnrollmentActivity t5}}}#0
11-16 08:57:21.922: E/libc(1149): Access denied finding property "vendor.debug.prerotation.disable"
11-16 08:57:21.923: I/Adreno(1149): PFP: 0x016ee170, ME: 0x00000000
11-16 08:57:21.923: E/libc(1149): Access denied finding property "vendor.debug.prerotation.disable"
11-16 08:57:21.932: I/ConfigStore(1149): android::hardware::configstore::V1_0::ISurfaceFlingerConfigs::hasWideColorDisplay retrieved: 1
11-16 08:57:21.932: I/ConfigStore(1149): android::hardware::configstore::V1_0::ISurfaceFlingerConfigs::hasHDRDisplay retrieved: 1
11-16 08:57:21.933: I/OpenGLRenderer(1149): Initialized EGL, version 1.4
11-16 08:57:21.933: D/OpenGLRenderer(1149): Swap behavior 2
11-16 08:57:21.946: D/ConnectivityService(1149): ConnectivityService NetworkRequestInfo binderDied(NetworkRequest [ TRACK_DEFAULT id=50, [ Capabilities: INTERNET&NOT_RESTRICTED&TRUSTED Unwanted:  Uid: 10014] ], android.os.BinderProxy@b59adc3)
11-16 08:57:21.947: D/ConnectivityService(1149): ConnectivityService NetworkRequestInfo binderDied(NetworkRequest [ LISTEN id=51, [ Capabilities: INTERNET&NOT_RESTRICTED&TRUSTED Unwanted:  Uid: 10014] ], android.os.BinderProxy@ff29640)
11-16 08:57:21.947: I/ActivityManager(1149): Process com.android.vending (pid 17307) has died: cch  CEM 
11-16 08:57:21.947: D/ConnectivityService(1149): releasing NetworkRequest [ TRACK_DEFAULT id=50, [ Capabilities: INTERNET&NOT_RESTRICTED&TRUSTED Unwanted:  Uid: 10014] ] (release request)
11-16 08:57:21.948: W/libprocessgroup(1149): kill(-17307, 9) failed: No such process
11-16 08:57:21.949: D/MusicLifecycle(18302): com.google.android.music.store.ConfigContentProvider generated event: initializing
11-16 08:57:21.951: I/BaseStore(18302): ConfigStore database version: 1
11-16 08:57:21.952: I/Finsky:download_service(17506): [2] szp.onDestroy(8): IPC-SERVER: Stopping gRPC host service...
11-16 08:57:21.952: I/Zygote(734): Process 17307 exited cleanly (0)
11-16 08:57:21.980: I/PeopleDatabaseHelper(14185): cleanUpNonGplusAccounts done.
11-16 08:57:21.985: I/PeopleSearchIndexManage(14185): Index version changed from 0
11-16 08:57:21.991: I/PeopleSearchIndexManage(14185): Rebuilding index...
11-16 08:57:21.993: W/libprocessgroup(1149): kill(-17307, 9) failed: No such process
11-16 08:57:21.993: I/libprocessgroup(1149): Successfully killed process cgroup uid 10014 pid 17307 in 45ms
11-16 08:57:22.009: W/roid.music:mai(18302): Unknown chunk type '200'.
11-16 08:57:22.016: I/roid.music:mai(18302): The ClassLoaderContext is a special shared library.
11-16 08:57:22.017: I/chatty(18302): uid=10075 com.google.android.music:main identical 1 line
11-16 08:57:22.018: I/roid.music:mai(18302): The ClassLoaderContext is a special shared library.
11-16 08:57:22.027: I/PeopleASM(14185): Rebuilding autocomplete index...
11-16 08:57:22.032: I/PeopleSearchIndexManage(14185): Rebuilding index done.
11-16 08:57:22.034: I/ndroid.systemu(3665): NativeAlloc concurrent copying GC freed 47620(2MB) AllocSpace objects, 28(572KB) LOS objects, 49% free, 6MB/13MB, paused 29us total 109.893ms
11-16 08:57:22.046: V/NativeCrypto(18302): Registering com/google/android/gms/org/conscrypt/NativeCrypto's 294 native methods...
11-16 08:57:22.067: D/NetworkSecurityConfig(18302): No Network Security Config specified, using platform default
11-16 08:57:22.068: I/ProviderInstaller(18302): Installed default security provider GmsCore_OpenSSL
11-16 08:57:22.068: D/AndroidMusic(18302): GMSCore installation verified
11-16 08:57:22.079: W/AdvertisingIdClient(18302): Error while reading from SharedPreferences 
11-16 08:57:22.079: W/AdvertisingIdClient(18302): java.lang.SecurityException: MODE_WORLD_READABLE no longer supported
11-16 08:57:22.079: W/AdvertisingIdClient(18302): 	at android.app.ContextImpl.checkMode(ContextImpl.java:2495)
11-16 08:57:22.079: W/AdvertisingIdClient(18302): 	at android.app.ContextImpl.getSharedPreferences(ContextImpl.java:414)
11-16 08:57:22.079: W/AdvertisingIdClient(18302): 	at android.app.ContextImpl.getSharedPreferences(ContextImpl.java:404)
11-16 08:57:22.079: W/AdvertisingIdClient(18302): 	at com.google.android.gms.ads.identifier.AdvertisingIdClient.getAdvertisingIdInfo(Unknown Source:12)
11-16 08:57:22.079: W/AdvertisingIdClient(18302): 	at com.google.android.music.preferences.MusicPreferences.getAdvertisingIdInfo(MusicPreferences.java:2476)
11-16 08:57:22.079: W/AdvertisingIdClient(18302): 	at com.google.android.music.preferences.MusicPreferences.access$1000(MusicPreferences.java:83)
11-16 08:57:22.079: W/AdvertisingIdClient(18302): 	at com.google.android.music.preferences.MusicPreferences$7.run(MusicPreferences.java:2457)
11-16 08:57:22.079: W/AdvertisingIdClient(18302): 	at com.google.android.music.utils.async.TraceableRunnable.runLogged(TraceableRunnable.java:21)
11-16 08:57:22.079: W/AdvertisingIdClient(18302): 	at com.google.android.music.utils.async.LoggedRunnable.run(LoggedRunnable.java:30)
11-16 08:57:22.079: W/AdvertisingIdClient(18302): 	at android.os.Handler.handleCallback(Handler.java:873)
11-16 08:57:22.079: W/AdvertisingIdClient(18302): 	at android.os.Handler.dispatchMessage(Handler.java:99)
11-16 08:57:22.079: W/AdvertisingIdClient(18302): 	at com.google.android.music.utils.LoggableHandler.dispatchMessage(LoggableHandler.java:74)
11-16 08:57:22.079: W/AdvertisingIdClient(18302): 	at android.os.Looper.loop(Looper.java:193)
11-16 08:57:22.079: W/AdvertisingIdClient(18302): 	at android.os.HandlerThread.run(HandlerThread.java:65)
11-16 08:57:22.100: I/.gms.persisten(10858): Background concurrent copying GC freed 156175(8MB) AllocSpace objects, 57(2MB) LOS objects, 49% free, 12MB/24MB, paused 45us total 382.925ms
11-16 08:57:22.111: I/NearbyDiscovery(10858): Show notifications: 0 total, no changes since last shown, no-op. [CONTEXT service_id=49 ]
11-16 08:57:22.112: I/Icing(14185): IndexChimeraService.getServiceInterface callingPackage=com.google.android.gms componentName=AppsCorpus serviceId=32
11-16 08:57:22.125: I/Icing(14185): Query from package: com.google.android.gms, component: AppsCorpus, restrict package: com.google.android.gms, start: 0, num: 100
11-16 08:57:22.150: I/NearbyDiscovery(10858): FastPairScanner2: isScreenOn=true, scanWithScreenOff=false, isLocationEnabled=true, disableLocationRequirement=false, isDiscoveryScanningEnabled=true [CONTEXT service_id=49 ]
11-16 08:57:22.151: I/MusicExperimentManager(18302): Received config change, experiments list is null
11-16 08:57:22.151: W/MusicExperimentManager(18302): Parsing error while updating analysis experiments
11-16 08:57:22.163: I/TopChartsIcing(18302): Starting 'com.google.android.music.sync.google.MusicGcmTaskService
11-16 08:57:22.168: I/BaseStore(18302): Store database version: 146
11-16 08:57:22.170: D/BluetoothAdapter(10858): isLeEnabled(): OFF
11-16 08:57:22.173: I/NearbyDiscovery(10858): FastPairScanner2: eventType=SERVICE_INITIALIZE, intReq=false, scanning=false, scanAllowed=true, bleEnabled=false, bleScanAvailable=false, lockScanRate=false [CONTEXT service_id=49 ]
11-16 08:57:22.174: I/NearbyDiscovery(10858): FastPairScanner2: register location ble observer [CONTEXT service_id=49 ]
11-16 08:57:22.175: I/NearbyDiscovery(10858): FastPairScanner2: BLE not available, eventType=SERVICE_INITIALIZE [CONTEXT service_id=49 ]
11-16 08:57:22.206: I/PlaybackClient(18302): init: Initializing
11-16 08:57:22.217: D/ConnectivityService(1149): Returning BLOCKED NetworkInfo to uid=10075
11-16 08:57:22.233: I/Wear_Controller(10858): Wearable module requires a companion app to be installed.
11-16 08:57:22.233: I/WearableService(10858): onCreate: Wearable Services not starting. Wear is not available on this device.
11-16 08:57:22.257: W/Nearby(10858): Bind call too late - someone already tried to get: interface bopq [CONTEXT service_id=49 ]
11-16 08:57:22.258: D/MusicLifecycle(18302): com.google.android.music.notifications.NotificationChannelInitializationBroadcastReceiver generated event: Broadcast received with context android.app.ReceiverRestrictedContext@803483f and intent Intent { act=android.intent.action.LOCALE_CHANGED flg=0x11200010 cmp=com.google.android.music/.notifications.NotificationChannelInitializationBroadcastReceiver }
11-16 08:57:22.265: D/MusicLifecycle(18302): com.google.android.music.net.NetworkConnectivityMonitor$NetworkChangedReceiver generated event: Broadcast received with context com.google.android.music.ui.PhoneMusicApplication@55739 and intent Intent { act=android.net.conn.CONNECTIVITY_CHANGE flg=0x4200010 (has extras) }
11-16 08:57:22.267: I/NetworkConnectivity(18302): Network state changed: [type: WIFI[], state: DISCONNECTED/BLOCKED, reason: (unspecified), extra: (none), failover: false, available: true, roaming: false]
11-16 08:57:22.275: D/MusicLifecycle(18302): com.google.android.music.download.EncapsulatedBroadcastReceiver$1 generated event: Broadcast received with context com.google.android.music.ui.PhoneMusicApplication@55739 and intent Intent { act=com.google.android.music.ResumeStorageMigration flg=0x10 (has extras) }
11-16 08:57:22.276: D/MusicLifecycle(18302): com.google.android.music.download.artwork.ArtDownloadService generated event: Service created
11-16 08:57:22.279: I/ActivityManager(1149): Start proc 18427:com.google.android.youtube/u0a80 for broadcast com.google.android.youtube/com.google.android.apps.youtube.app.application.system.LocaleUpdatedReceiver
11-16 08:57:22.280: I/NearbyMessages(10858): OfflineCache: old scanner cache is not enabled [CONTEXT service_id=62 ]
11-16 08:57:22.296: E/android.youtub(18427): Not starting debugger since process cannot load the jdwp agent.
11-16 08:57:22.311: D/MusicLifecycle(18302): com.google.android.music.download.EncapsulatedBroadcastReceiver$1 generated event: Broadcast received with context com.google.android.music.ui.PhoneMusicApplication@55739 and intent Intent { act=com.google.android.music.download.keepon.KeeponSchedulingService.START_DOWNLOAD flg=0x10 }
11-16 08:57:22.315: I/android.youtub(18427): The ClassLoaderContext is a special shared library.
11-16 08:57:22.323: W/Icing(14185): No valid account for uploading user actions
11-16 08:57:22.325: D/AwarenessRouter(18302): 0 new fences
11-16 08:57:22.331: D/AwarenessRouter(18302): 0 fences already registered
11-16 08:57:22.334: W/WearableService(10858): onGetService: Wear is not available on this device.
11-16 08:57:22.339: D/AwarenessRouter(18302): Successfully removed 0 context fences
11-16 08:57:22.349: I/Icing(14185): IndexChimeraService.getServiceInterface callingPackage=com.google.android.gms componentName=null serviceId=30
11-16 08:57:22.353: I/Icing(14185): Usage reports ok 2, Failed Usage reports 0, indexed 0, rejected 0
11-16 08:57:22.355: I/NearbyDiscovery(10858): FastPair: HeadsetPieceImage, grant permission files:0 [CONTEXT service_id=49 ]
11-16 08:57:22.359: I/NearbyDiscovery(10858): FastPairEventStream: Initialize event stream [CONTEXT service_id=49 ]
11-16 08:57:22.362: W/Icing(14185): No valid account for uploading user actions
11-16 08:57:22.362: I/NearbyDiscovery(10858): Show notifications: 0 total, no changes since last shown, no-op. [CONTEXT service_id=49 ]
11-16 08:57:22.362: I/NearbyDiscovery(10858): FastPairHandler: Received action android.net.wifi.STATE_CHANGE [CONTEXT service_id=49 ]
11-16 08:57:22.363: I/NearbyDiscovery(10858): FastPairHandler: Received action android.net.conn.CONNECTIVITY_CHANGE [CONTEXT service_id=49 ]
11-16 08:57:22.365: W/YT(18427): Last known version:13.23.60
11-16 08:57:22.366: I/Icing(14185): Usage reports ok 0, Failed Usage reports 0, indexed 0, rejected 0
11-16 08:57:22.370: I/Icing(14185): Indexing com.google.android.gms-apps from com.google.android.gms
11-16 08:57:22.400: W/YouTube(18427): Fetching the Gservices key 'failsafe_clear_cache_release_13_02' before the end of the bulk initialization
11-16 08:57:22.443: E/android.youtub(18427): The String#value field is not present on Android versions >= 6.0
11-16 08:57:22.446: D/fpc_hidl(18467): fpc fingerprint hwbinder service starting
11-16 08:57:22.447: D/QSEECOMAPI(18467): QSEECom_get_handle sb_length = 0x80
11-16 08:57:22.447: D/QSEECOMAPI(18467): App is not loaded in QSEE
11-16 08:57:22.449: D/QSEECOMAPI(18467): app_arch = 2, total_files = 9
11-16 08:57:22.460: E/YouTube(18427): flushBinderConnectionCallbacks is unverified on SDK 28
11-16 08:57:22.468: W/android.youtub(18427): Unknown chunk type '200'.
11-16 08:57:22.488: I/Icing(14185): Indexing done com.google.android.gms-apps
11-16 08:57:22.493: I/android.youtub(18427): The ClassLoaderContext is a special shared library.
11-16 08:57:22.496: D/ConnectivityService(1149): Returning BLOCKED NetworkInfo to uid=10080
11-16 08:57:22.506: I/chatty(18427): uid=10080(com.google.android.youtube) initCrit2-1 identical 1 line
11-16 08:57:22.507: I/android.youtub(18427): The ClassLoaderContext is a special shared library.
11-16 08:57:22.514: I/android.youtub(18427): Waiting for a blocking GC AddRemoveAppImageSpace
11-16 08:57:22.517: D/QSEECOMAPI(18467): Loaded image: APP id = 217
11-16 08:57:22.520: E/fpc_tac(18467): fpcbuildinfo : 575ddab5b91efea67ee1d200fc813ff2fpc_bio=bd35c3fec78219829149bea6c9ec961e6f655b90C:prodtestlib=4304cf5c884c198624b749af3482befacbd3028eC:fpc_c_core=dc194509594e837dedfb5452aaf06fcb61977135C:fpc_lib=cd5b7b876c3d69afa68a11ac6fd86f873e70817bC:cac=297e11552c60a3607ed664cf44c3e4b36ab2e737C:fpc_bio_interface=94a457caecae31eca8ef04b64c3f82a018e9bbc0C:fpc_sensor=ba909a5500944acafe47a0ef3a49f89509aadfb6C:tools_core=94ddf1e684cfa6c99f0f237f7cc35f3962e0e597C:sensor_settings=4fcf864fb493ae0272a9b2806446b379d99fd8ceC:fingerprint_ta=066bc0ab880960a4a69b74a328c7d7871c72225bC:fingerprint_pal=0deb9a478a3572872639f9cb2559ccc464ee3f9bC:manifests=dcb3d8ab0bdb7a5b341839d8c75bb88fc7f5e1a4C:Manifesttag=SW23.3.0-PDR1.0.5:jenkins@84ffd74dac44:Thu,17May201810:17:08+0200:FPC_SENSOR_TYPE=FPC_SENSOR_TYPE_FPC1270:FPC_CC_TYPE=FPC_COMPANION_CHIP_FPC2050:FPC_C_TYPE=FPC_COATING_NORMAL
11-16 08:57:22.520: E/fpc_tac(18467): fpcbuildtype : build=RELEASE sensor=9
11-16 08:57:22.522: W/EventHub(1149): Unable to disable kernel key repeat for /dev/input/event3: Function not implemented
11-16 08:57:22.522: I/EventHub(1149): wakeMechanism=EPOLLWAKEUP, usingClockIoctl=true
11-16 08:57:22.522: I/EventHub(1149): New device: id=217, fd=169, path='/dev/input/event3', name='uinput-fpc', classes=0x101, configuration='/system/usr/idc/uinput-fpc.idc', keyLayout='/system/usr/keylayout/uinput-fpc.kl', keyCharacterMap='/system/usr/keychars/Generic.kcm', builtinKeyboard=true, 
11-16 08:57:22.522: W/InputReader(1149): Ignoring spurious device added event for deviceId 0.
11-16 08:57:22.542: W/android.youtub(18427): Unsupported class loader
11-16 08:57:22.544: W/android.youtub(18427): Skipping duplicate class check due to unsupported classloader
11-16 08:57:22.554: I/DynamiteModule(18427): Considering local module com.google.android.gms.ads.dynamite:0 and remote module com.google.android.gms.ads.dynamite:213806100
11-16 08:57:22.554: I/DynamiteModule(18427): Selected remote version of com.google.android.gms.ads.dynamite, version >= 213806100
11-16 08:57:22.560: E/YouTube(18427): Failed delayed event dispatch, no dispatchers.
11-16 08:57:22.608: W/android.youtub(18427): Unsupported class loader
11-16 08:57:22.657: I/EventLogSendingHelper(10132): Sending log events.
11-16 08:57:22.659: W/SearchServiceCore(10132): Abort, client detached.
11-16 08:57:22.659: W/SearchServiceCore(10132): Abort, client detached.
11-16 08:57:22.660: I/EventLogSendingHelper(10132): Sending log events.
11-16 08:57:22.686: E/ExecutionCriteria(10858): Package unavailable for task: com.google.android.apps.gcs/com.google.android.flib.phenotype.services.PhenotypeExperimentCommitService{u=0 tag="PhenotypeExpCommitSvc" trigger=window{start=0s,end=30s,earliest=-974s,latest=-944s} requirements=[NET_ANY] attributes=[PERSISTED] scheduled=-974s last_run=N/A exec_window_multiplier=1.0000 jid=N/A status=PENDING retries=0 client_lib=MANCHEGO_GCM-11732000} [CONTEXT service_id=218 ]
11-16 08:57:22.691: I/CrashMetricService(18427): Startup metric for 'PRIMES_CRASH_MONITORING_INITIALIZED' dropped.
11-16 08:57:22.715: I/NetworkScheduler.Stats(10858): Task com.google.android.inputmethod.latin/ started execution. cause:7 exec_start_elapsed_seconds: 1074 [CONTEXT service_id=218 ]
11-16 08:57:22.721: I/FirebaseJobDispatcher(3649): onStartJob(): DefaultStickerUpdate.
11-16 08:57:22.721: I/DefaultStickerUpdate(3649): Submitted task to executor service with data=DefaultStickerTaskData{enabled=true, metadataUriPrefix=https://www.gstatic.com/android/keyboard/stickers/configs/v5/, supportedLanguage=en}
11-16 08:57:22.725: W/.testutils.tes(18333): Accessing hidden method Landroid/app/Instrumentation;->execStartActivity(Landroid/content/Context;Landroid/os/IBinder;Landroid/os/IBinder;Landroid/app/Activity;Landroid/content/Intent;ILandroid/os/Bundle;)Landroid/app/Instrumentation$ActivityResult; (light greylist, linking)
11-16 08:57:22.725: W/.testutils.tes(18333): Accessing hidden method Landroid/app/Instrumentation;->execStartActivity(Landroid/content/Context;Landroid/os/IBinder;Landroid/os/IBinder;Ljava/lang/String;Landroid/content/Intent;ILandroid/os/Bundle;)Landroid/app/Instrumentation$ActivityResult; (light greylist, linking)
11-16 08:57:22.733: D/NetworkSecurityConfig(3649): No Network Security Config specified, using platform default
11-16 08:57:22.737: I/DefaultStickerUpdate(3649): Started update task with DefaultStickerTaskData{enabled=true, metadataUriPrefix=https://www.gstatic.com/android/keyboard/stickers/configs/v5/, supportedLanguage=en}
11-16 08:57:22.740: W/.testutils.tes(18333): Accessing hidden field Landroid/os/Trace;->TRACE_TAG_APP:J (light greylist, reflection)
11-16 08:57:22.741: W/.testutils.tes(18333): Accessing hidden method Landroid/os/Trace;->isTagEnabled(J)Z (light greylist, reflection)
11-16 08:57:22.742: W/android.youtub(18427): Skipping duplicate class check due to unsupported classloader
11-16 08:57:22.743: I/DefaultStickerUpdate(3649): Read metadata file from cache with 267141 bytes
11-16 08:57:22.750: I/MonitoringInstr(18333): Instrumentation started!
11-16 08:57:22.772: V/TestEventClient(18333): No service name argument was given (testDiscoveryService, testRunEventService or orchestratorService)
11-16 08:57:22.775: I/MonitoringInstr(18333): No JSBridge.
11-16 08:57:22.783: I/droid.apps.tip(17863): Waiting for a blocking GC ProfileSaver
11-16 08:57:22.784: D/InfraTrack(18333): Tracking disabled due to lack of internet permissions
11-16 08:57:22.784: I/UsageTrackerFacilitator(18333): Usage tracking disabled
11-16 08:57:22.790: I/TestRequestBuilder(18333): Scanning classpath to find tests in paths [/data/app/androidx.compose.testutils.test-NpWKahUOD8-G2rFWdL2oVA==/base.apk]
11-16 08:57:22.791: W/.testutils.tes(18333): Opening an oat file without a class loader. Are you using the deprecated DexFile APIs?
11-16 08:57:22.792: I/BgTaskExecutorImpl(10132): Starting EXCLUSIVE background task FETCH_CONFIGS_FROM_PHENOTYPE.
11-16 08:57:22.795: I/akhr(10858): Scheduling Phenotype for a PhenotypeSyncImmediately(13, com.google.android.googlequicksearchbox) one off with window [1, 2] in seconds [CONTEXT service_id=51 ]
11-16 08:57:22.798: I/droid.apps.tip(17863): WaitForGcToComplete blocked ProfileSaver on HeapTrim for 15.681ms
11-16 08:57:22.860: I/ActivityManager(1149): Killing 17467:com.google.android.apps.docs/u0a128 (adj 906): empty #17
11-16 08:57:22.861: W/libprocessgroup(1149): kill(-17467, 9) failed: No such process
11-16 08:57:22.871: I/ActivityManager(1149): Start proc 18541:com.google.intelligence.sense/u0a31 for broadcast com.google.intelligence.sense/.ambientmusic.SystemBroadcastReceiver
11-16 08:57:22.877: E/elligence.sens(18541): Not starting debugger since process cannot load the jdwp agent.
11-16 08:57:22.884: W/libprocessgroup(1149): kill(-17467, 9) failed: No such process
11-16 08:57:22.900: W/libprocessgroup(1149): kill(-17467, 9) failed: No such process
11-16 08:57:22.906: W/native(18541): commandlineflags.cc:1511 Ignoring RegisterValidateFunction() for flag pointer 0x7b6085d598: no flag found at that address
11-16 08:57:22.921: I/Zygote(733): Process 17467 exited due to signal (9)
11-16 08:57:22.927: E/ExecutionCriteria(10858): Package unavailable for task: com.google.android.apps.gcs/com.google.android.flib.phenotype.services.PhenotypeExperimentCommitService{u=0 tag="PhenotypeExpCommitSvc" trigger=window{start=0s,end=30s,earliest=-974s,latest=-944s} requirements=[NET_ANY] attributes=[PERSISTED] scheduled=-974s last_run=N/A exec_window_multiplier=1.0000 jid=N/A status=PENDING retries=0 client_lib=MANCHEGO_GCM-11732000} [CONTEXT service_id=218 ]
11-16 08:57:22.929: E/elligence.sens(18541): The String#value field is not present on Android versions >= 6.0
11-16 08:57:22.943: W/libprocessgroup(1149): kill(-17467, 9) failed: No such process
11-16 08:57:22.943: I/libprocessgroup(1149): Successfully killed process cgroup uid 10128 pid 17467 in 82ms
11-16 08:57:22.947: D/DynamitePackage(18427): Instantiated singleton DynamitePackage.
11-16 08:57:22.952: D/DynamitePackage(18427): Instantiating com.google.android.gms.ads.adshield.ChimeraAdShieldCreatorImpl
11-16 08:57:22.967: I/Superpacks(18541): Releasing all superpacks except ambientmusic-index-17_09_02
11-16 08:57:22.990: W/NotificationService(1149): Notification policy access denied calling getAutomaticZenRules
11-16 08:57:22.991: I/Superpacks(18541): Starting garbage collection
11-16 08:57:22.991: I/ActivityManager(1149): Killing 17633:com.google.android.apps.maps/u0a102 (adj 906): empty #17
11-16 08:57:22.992: I/DefaultStickerUpdate(3649): Received 6 sticker packs in metadata
11-16 08:57:22.992: W/libprocessgroup(1149): kill(-17633, 9) failed: No such process
11-16 08:57:23.001: W/libprocessgroup(1149): kill(-17633, 9) failed: No such process
11-16 08:57:23.001: W/Superpacks(18541): isDirectory returned false while listing files for /data/user/0/com.google.intelligence.sense/files/superpacks
11-16 08:57:23.002: I/ActivityManager(1149): Start proc 18571:com.google.android.apps.chromecast.app/u0a149 for broadcast com.google.android.apps.chromecast.app/com.google.android.libraries.notifications.entrypoints.localechanged.LocaleChangedReceiver
11-16 08:57:23.008: W/libprocessgroup(1149): kill(-17633, 9) failed: No such process
11-16 08:57:23.010: E/.chromecast.ap(18571): Not starting debugger since process cannot load the jdwp agent.
11-16 08:57:23.022: W/libprocessgroup(1149): kill(-17633, 9) failed: No such process
11-16 08:57:23.025: I/.chromecast.ap(18571): The ClassLoaderContext is a special shared library.
11-16 08:57:23.041: W/libprocessgroup(1149): kill(-17633, 9) failed: No such process
11-16 08:57:23.044: D/BoundBrokerSvc(14185): onUnbind: Intent { act=com.google.android.gms.measurement.START pkg=com.google.android.gms }
11-16 08:57:23.045: I/Zygote(733): Process 17633 exited due to signal (9)
11-16 08:57:23.045: D/BoundBrokerSvc(10858): onUnbind: Intent { act=com.google.android.gms.clearcut.bootcount.service.START pkg=com.google.android.gms }
11-16 08:57:23.057: W/libprocessgroup(1149): kill(-17633, 9) failed: No such process
11-16 08:57:23.057: I/libprocessgroup(1149): Successfully killed process cgroup uid 10102 pid 17633 in 65ms
11-16 08:57:23.125: I/DefaultStickerUpdate(3649): Created 152 indexables
11-16 08:57:23.138: D/BoundBrokerSvc(10858): onUnbind: Intent { act=com.google.android.gms.nearby.exposurenotification.START cmp=com.google.android.gms/.chimera.PersistentApiService }
11-16 08:57:23.147: I/Icing(14185): Indexing com.google.android.gms-internal.3p:MobileApplication from com.google.android.gms
11-16 08:57:23.216: I/Icing(14185): Indexing done com.google.android.gms-internal.3p:MobileApplication
11-16 08:57:23.217: I/Icing(14185): Indexing com.android.chrome-internal.3p:WebPage from com.android.chrome
11-16 08:57:23.219: E/SQLiteLog(14185): (1) no such table: WebPage_com.android.chrome_seq_table
11-16 08:57:23.220: E/Icing(14185): Cursor call threw an exception: no such table: WebPage_com.android.chrome_seq_table (code 1 SQLITE_ERROR): , while compiling: SELECT * FROM [WebPage_com.android.chrome_seq_table] WHERE seqno>0 AND tag IS NULL ORDER BY seqno LIMIT 20
11-16 08:57:23.220: I/Icing(14185): Indexing done com.android.chrome-internal.3p:WebPage
11-16 08:57:23.220: E/Icing(14185): Aborting indexing of corpus internal.3p:WebPage
11-16 08:57:23.336: D/QSEECOMAPI(18467): QSEECom_get_handle sb_length = 0x400
11-16 08:57:23.336: D/QSEECOMAPI(18467): App is already loaded QSEE and app id = 1
11-16 08:57:23.338: E/fpc_tac(18467): qsee_km_get_encapsulated_key KEYMASTER_GET_AUTH_TOKEN_KEY returned status=-24
11-16 08:57:23.338: D/QSEECOMAPI(18467): QSEECom_dealloc_memory 
11-16 08:57:23.338: D/QSEECOMAPI(18467): QSEECom_shutdown_app, app_id = 1
11-16 08:57:23.338: E/fpc_fingerprint_hal(18467): fpc_hal_open failed
11-16 08:57:23.340: I/EventHub(1149): Removing device '/dev/input/event3' due to inotify event
11-16 08:57:23.340: I/EventHub(1149): Removed device: path=/dev/input/event3 name=uinput-fpc id=217 fd=169 classes=0x101
11-16 08:57:23.340: W/EventHub(1149): built-in keyboard device /dev/input/event3 (id=217) is closing! the apps will not like this
11-16 08:57:23.343: W/InputReader(1149): Ignoring spurious device removed event for deviceId 217.
11-16 08:57:23.356: D/QSEECOMAPI(18467): QSEECom_dealloc_memory 
11-16 08:57:23.357: D/QSEECOMAPI(18467): QSEECom_shutdown_app, app_id = 217
11-16 08:57:23.465: I/dex2oat(18603): The ClassLoaderContext is a special shared library.
11-16 08:57:23.473: I/dex2oat(18603): /system/bin/dex2oat --dex-file=/data/user/0/com.google.android.youtube/cache/1629828815138.jar --output-vdex-fd=80 --oat-fd=81 --oat-location=/data/user/0/com.google.android.youtube/cache/oat/arm64/1629828815138.odex --compiler-filter=quicken --class-loader-context=&
11-16 08:57:23.499: W/SilentFeedbackConfig(10132): Renaming current_experiments.bin.tmp to current_experiments.bin failed
11-16 08:57:23.504: W/.chromecast.ap(18571): JIT profile information will not be recorded: profile file does not exits.
11-16 08:57:23.505: I/chatty(18571): uid=10149(com.google.android.apps.chromecast.app) identical 1 line
11-16 08:57:23.505: W/.chromecast.ap(18571): JIT profile information will not be recorded: profile file does not exits.
11-16 08:57:23.516: I/s:nonpersisten(17924): Waiting for a blocking GC ProfileSaver
11-16 08:57:23.531: I/s:nonpersisten(17924): WaitForGcToComplete blocked ProfileSaver on HeapTrim for 15.119ms
11-16 08:57:23.558: W/PrimesInit(18571): Primes instant initialization
11-16 08:57:23.560: W/Primes(18571): background initialization
11-16 08:57:23.563: I/OpaEnabledReceiver(3665): Dispatching OPA eligble = true; AGSA = true; OPA enabled = true
11-16 08:57:23.563: I/OpaLayout(3665): Setting opa enabled to true
11-16 08:57:23.563: I/OpaLayout(3665): Setting opa enabled to true
11-16 08:57:23.569: I/BlobLobber(10132): Canceling downloads: [odws2_en:us:807_2019-07-21_260300236_release_signed]
11-16 08:57:23.569: I/BlobLobber(10132): Failed to cancel [odws2_en:us:807_2019-07-21_260300236_release_signed]
11-16 08:57:23.576: I/BgTaskExecutorImpl(10132): Starting EXCLUSIVE background task BLOBLOBBER_SYNC.
11-16 08:57:23.583: I/OpaEnabledReceiver(3665): Dispatching OPA eligble = true; AGSA = true; OPA enabled = true
11-16 08:57:23.583: I/OpaLayout(3665): Setting opa enabled to true
11-16 08:57:23.583: I/OpaLayout(3665): Setting opa enabled to true
11-16 08:57:23.624: I/VelourConfigListener(10132): Received new velour config
11-16 08:57:23.632: I/BlobLobber(10132): Canceling downloads: []
11-16 08:57:23.632: I/OpaEnabledReceiver(3665): Dispatching OPA eligble = true; AGSA = true; OPA enabled = true
11-16 08:57:23.632: I/OpaLayout(3665): Setting opa enabled to true
11-16 08:57:23.632: I/OpaEligibilityChecker(10132): send OpaEligibilityChange broadcast to CommonBroadcastReceiver
11-16 08:57:23.632: I/OpaLayout(3665): Setting opa enabled to true
11-16 08:57:23.634: I/OpaEligibilityChecker(10132): send OpaEligibilityChange broadcast to CommonBroadcastReceiver
11-16 08:57:23.640: I/PrimesTesting(18571): GserviceFlagsSupplier.get()
11-16 08:57:23.647: I/OpaEnabledReceiver(3665): Dispatching OPA eligble = true; AGSA = true; OPA enabled = true
11-16 08:57:23.647: I/OpaLayout(3665): Setting opa enabled to true
11-16 08:57:23.647: I/OpaLayout(3665): Setting opa enabled to true
11-16 08:57:23.657: I/VelourConfigListener(10132): Received new velour config
11-16 08:57:23.701: I/BgTaskExecutorImpl(10132): Starting EXCLUSIVE background task VELOUR_BACKGROUND_MAINTENANCE.
11-16 08:57:23.769: I/Icing(14185): IndexChimeraService.getServiceInterface callingPackage=com.google.android.googlequicksearchbox componentName=agsa_icing_connection serviceId=33
11-16 08:57:23.769: W/earchbox:searc(10132): Unsupported class loader
11-16 08:57:23.771: I/Icing(14185): IndexChimeraService.getServiceInterface callingPackage=com.google.android.googlequicksearchbox componentName=agsa_icing_connection serviceId=32
11-16 08:57:23.818: I/dex2oat(18603): dex2oat took 362.065ms (81.220ms cpu) (threads: 8) arena alloc=5KB (5760B) java alloc=128KB (131088B) native alloc=904KB (926488B) free=1655KB (1694952B)
11-16 08:57:23.827: I/android.youtub(18427): The ClassLoaderContext is a special shared library.
11-16 08:57:23.832: D/DownloadManager(17066): [83] Starting
11-16 08:57:23.837: W/SearchServiceCore(10132): Abort, client detached.
11-16 08:57:23.856: D/ConnectivityService(1149): requestNetwork for uid/pid:10080/18427 NetworkRequest [ TRACK_DEFAULT id=55, [ Capabilities: INTERNET&NOT_RESTRICTED&TRUSTED Unwanted:  Uid: 10080] ]
11-16 08:57:23.840: I/chatty(10132): uid=10047 com.google.android.googlequicksearchbox:search identical 9 lines
11-16 08:57:23.840: W/SearchServiceCore(10132): Abort, client detached.
11-16 08:57:23.857: D/WIFI(1149): got request NetworkRequest [ TRACK_DEFAULT id=55, [ Capabilities: INTERNET&NOT_RESTRICTED&TRUSTED Unwanted:  Uid: 10080] ] with score 60
11-16 08:57:23.857: D/WIFI_UT(1149): got request NetworkRequest [ TRACK_DEFAULT id=55, [ Capabilities: INTERNET&NOT_RESTRICTED&TRUSTED Unwanted:  Uid: 10080] ] with score 60
11-16 08:57:23.858: D/WIFI_AWARE_FACTORY(1149): got request NetworkRequest [ TRACK_DEFAULT id=55, [ Capabilities: INTERNET&NOT_RESTRICTED&TRUSTED Unwanted:  Uid: 10080] ] with score 60
11-16 08:57:23.859: D/PhoneSwitcherNetworkRequstListener(3795): got request NetworkRequest [ TRACK_DEFAULT id=55, [ Capabilities: INTERNET&NOT_RESTRICTED&TRUSTED Unwanted:  Uid: 10080] ] with score 60
