11-16 09:56:34.897: I/android.youtub(16746):   at bqi xu.m(android.content.Context, com.google.ads.afma.g) (:com.google.android.gms.policy_ads_fdr_dynamite@213806100@213806100057.397311113.397311113:7)
11-16 09:56:34.897: I/android.youtub(16746):   at java.lang.String xp.r(android.content.Context, java.lang.String, int, android.view.View, android.app.Activity, byte[]) (:com.google.android.gms.policy_ads_fdr_dynamite@213806100@213806100057.397311113.397311113:8)
11-16 09:56:34.897: I/android.youtub(16746):   at java.lang.String xp.g(android.content.Context, byte[]) (:com.google.android.gms.policy_ads_fdr_dynamite@213806100@213806100057.397311113.397311113:2)
11-16 09:56:34.897: I/android.youtub(16746):   at java.lang.String com.google.android.gms.ads.adshield.internal.a.b(aqh, byte[]) (:com.google.android.gms.policy_ads_fdr_dynamite@213806100@213806100057.397311113.397311113:1)
11-16 09:56:34.897: I/android.youtub(16746):   at boolean com.google.android.gms.ads.adshield.internal.a.bJ(int, android.os.Parcel, android.os.Parcel) (:com.google.android.gms.policy_ads_fdr_dynamite@213806100@213806100057.397311113.397311113:54)
11-16 09:56:34.897: I/android.youtub(16746):   at boolean zg.onTransact(int, android.os.Parcel, android.os.Parcel, int) (:com.google.android.gms.policy_ads_fdr_dynamite@213806100@213806100057.397311113.397311113:4)
11-16 09:56:34.897: I/android.youtub(16746):   at boolean android.os.Binder.transact(int, android.os.Parcel, android.os.Parcel, int) (Binder.java:667)
11-16 09:56:34.897: I/android.youtub(16746):   at android.os.Parcel pcs.a(int, android.os.Parcel) (SourceFile:7)
11-16 09:56:34.897: I/android.youtub(16746):   at java.lang.String pkk.a(oms, byte[]) (SourceFile:40)
11-16 09:56:34.897: I/android.youtub(16746):   at java.lang.String nrc.a(android.content.Context, byte[]) (SourceFile:6)
11-16 09:56:34.897: I/android.youtub(16746):   at java.lang.String qis.a(android.content.Context, byte[]) (SourceFile:10)
11-16 09:56:34.897: I/android.youtub(16746):   at java.lang.String skv.a(qio, byte[]) (SourceFile:59)
11-16 09:56:34.897: I/android.youtub(16746):   at java.lang.String skv.g() (SourceFile:41)
11-16 09:56:34.897: I/android.youtub(16746):   at java.lang.String skv.b() (SourceFile:69)
11-16 09:56:34.897: I/android.youtub(16746):   at java.lang.String slq.i() (SourceFile:56)
11-16 09:56:34.897: I/android.youtub(16746):   at java.lang.String slq.b() (SourceFile:32)
11-16 09:56:34.897: I/android.youtub(16746):   at void slq.e() (SourceFile:37)
11-16 09:56:34.897: I/android.youtub(16746):   at void cmk.run() (SourceFile:7)
11-16 09:56:34.897: I/android.youtub(16746):   at java.lang.Object java.util.concurrent.Executors$RunnableAdapter.call() (Executors.java:458)
11-16 09:56:34.897: I/android.youtub(16746):   at void java.util.concurrent.FutureTask.run() (FutureTask.java:266)
11-16 09:56:34.897: I/android.youtub(16746):   at void java.util.concurrent.ScheduledThreadPoolExecutor$ScheduledFutureTask.run() (ScheduledThreadPoolExecutor.java:301)
11-16 09:56:34.897: I/android.youtub(16746):   at void java.util.concurrent.ThreadPoolExecutor.runWorker(java.util.concurrent.ThreadPoolExecutor$Worker) (ThreadPoolExecutor.java:1167)
11-16 09:56:34.897: I/android.youtub(16746):   at void java.util.concurrent.ThreadPoolExecutor$Worker.run() (ThreadPoolExecutor.java:641)
11-16 09:56:34.897: I/android.youtub(16746):   at void ubi.run() (SourceFile:20)
11-16 09:56:34.897: I/android.youtub(16746):   at void java.lang.Thread.run() (Thread.java:764)
11-16 09:56:34.996: W/.chromecast.ap(16904): JIT profile information will not be recorded: profile file does not exits.
11-16 09:56:34.996: I/chatty(16904): uid=10149(com.google.android.apps.chromecast.app) identical 1 line
11-16 09:56:34.996: W/.chromecast.ap(16904): JIT profile information will not be recorded: profile file does not exits.
11-16 09:56:35.032: W/PrimesInit(16904): Primes instant initialization
11-16 09:56:35.033: W/Primes(16904): background initialization
11-16 09:56:35.071: I/PrimesTesting(16904): GserviceFlagsSupplier.get()
11-16 09:56:35.083: I/s:nonpersisten(16242): Waiting for a blocking GC ProfileSaver
11-16 09:56:35.090: I/s:nonpersisten(16242): WaitForGcToComplete blocked ProfileSaver on HeapTrim for 7.219ms
11-16 09:56:35.091: W/SilentFeedbackConfig(10061): Renaming current_experiments.bin.tmp to current_experiments.bin failed
11-16 09:56:35.106: I/OpaEnabledReceiver(3671): Dispatching OPA eligble = true; AGSA = true; OPA enabled = true
11-16 09:56:35.106: I/OpaLayout(3671): Setting opa enabled to true
11-16 09:56:35.106: I/OpaLayout(3671): Setting opa enabled to true
11-16 09:56:35.112: I/OpaEnabledReceiver(3671): Dispatching OPA eligble = true; AGSA = true; OPA enabled = true
11-16 09:56:35.112: I/OpaLayout(3671): Setting opa enabled to true
11-16 09:56:35.112: I/OpaLayout(3671): Setting opa enabled to true
11-16 09:56:35.120: I/OpaEligibilityChecker(10061): send OpaEligibilityChange broadcast to CommonBroadcastReceiver
11-16 09:56:35.120: I/OpaEligibilityChecker(10061): send OpaEligibilityChange broadcast to CommonBroadcastReceiver
11-16 09:56:35.126: I/BlobLobber(10061): Canceling downloads: [odws2_en:us:807_2019-07-21_260300236_release_signed]
11-16 09:56:35.126: I/BlobLobber(10061): Failed to cancel [odws2_en:us:807_2019-07-21_260300236_release_signed]
11-16 09:56:35.129: I/BlobLobber(10061): Canceling downloads: []
11-16 09:56:35.130: I/OpaEnabledReceiver(3671): Dispatching OPA eligble = true; AGSA = true; OPA enabled = true
11-16 09:56:35.130: I/OpaLayout(3671): Setting opa enabled to true
11-16 09:56:35.130: I/OpaLayout(3671): Setting opa enabled to true
11-16 09:56:35.131: I/BgTaskExecutorImpl(10061): Starting EXCLUSIVE background task BLOBLOBBER_SYNC.
11-16 09:56:35.133: I/OpaEnabledReceiver(3671): Dispatching OPA eligble = true; AGSA = true; OPA enabled = true
11-16 09:56:35.133: I/OpaLayout(3671): Setting opa enabled to true
11-16 09:56:35.133: I/OpaLayout(3671): Setting opa enabled to true
11-16 09:56:35.142: I/VelourConfigListener(10061): Received new velour config
11-16 09:56:35.146: I/VelourConfigListener(10061): Received new velour config
11-16 09:56:35.154: I/BgTaskExecutorImpl(10061): Starting EXCLUSIVE background task VELOUR_BACKGROUND_MAINTENANCE.
11-16 09:56:35.218: D/BoundBrokerSvc(10945): onUnbind: Intent { act=com.google.android.gms.nearby.exposurenotification.START cmp=com.google.android.gms/.chimera.PersistentApiService }
11-16 09:56:35.225: W/earchbox:searc(10061): Unsupported class loader
11-16 09:56:35.235: I/Icing(14482): IndexChimeraService.getServiceInterface callingPackage=com.google.android.googlequicksearchbox componentName=agsa_icing_connection serviceId=33
11-16 09:56:35.243: I/Icing(14482): IndexChimeraService.getServiceInterface callingPackage=com.google.android.googlequicksearchbox componentName=agsa_icing_connection serviceId=32
11-16 09:56:35.301: D/DownloadManager(15460): [83] Starting
11-16 09:56:35.309: W/SearchServiceCore(10061): Abort, client detached.
11-16 09:56:35.310: I/chatty(10061): uid=10047 com.google.android.googlequicksearchbox:search identical 4 lines
11-16 09:56:35.310: W/SearchServiceCore(10061): Abort, client detached.
11-16 09:56:35.314: I/dex2oat(16986): The ClassLoaderContext is a special shared library.
11-16 09:56:35.315: I/dex2oat(16986): /system/bin/dex2oat --dex-file=/data/user/0/com.google.android.googlequicksearchbox/files/velour/verified_jars/Jkk1AICSm8V3ZDlxbl8SBoQ_1.jar --output-vdex-fd=52 --oat-fd=92 --oat-location=/data/user/0/com.google.android.googlequicksearchbox/files/velour/verified_jars/oat/arm64/Jkk1AICSm8V3ZDlxbl8SBoQ_1.odex --compiler-filter=quicken --class-loader-context=&
11-16 09:56:35.325: D/NetworkSecurityConfig(15460): Using Network Security Config from resource network_security_config debugBuild: false
11-16 09:56:35.326: D/NetworkSecurityConfig(15460): Using Network Security Config from resource network_security_config debugBuild: false
11-16 09:56:35.330: D/NetworkSecurityConfig(15460): No Network Security Config specified, using platform default
11-16 09:56:35.354: I/FA(16904): App measurement is starting up, version: 18100
11-16 09:56:35.354: I/FA(16904): To enable debug logging run: adb shell setprop log.tag.FA VERBOSE
11-16 09:56:35.355: I/FA(16904): To enable faster debug mode event logging run:
11-16 09:56:35.355: I/FA(16904):   adb shell setprop debug.firebase.analytics.app com.google.android.apps.chromecast.app
11-16 09:56:35.370: I/dex2oat(16986): dex2oat took 62.984ms (51.524ms cpu) (threads: 8) arena alloc=11KB (11616B) java alloc=16KB (16400B) native alloc=836KB (856088B) free=1723KB (1765352B)
11-16 09:56:35.384: W/earchbox:searc(10061): Skipping duplicate class check due to unsupported classloader
11-16 09:56:35.391: W/earchbox:searc(10061): Unsupported class loader
11-16 09:56:35.396: W/HomeApp|huv(16904): Can't load devices as there is no network connection! Will retry later.
11-16 09:56:35.421: W/StorageManager(15460): fallocate() not supported; falling back to ftruncate()
11-16 09:56:35.454: I/dex2oat(17010): The ClassLoaderContext is a special shared library.
11-16 09:56:35.455: I/dex2oat(17010): /system/bin/dex2oat --dex-file=/data/user/0/com.google.android.googlequicksearchbox/files/velour/verified_jars/JkypVPMhDohv1875CeSftSg_1.jar --output-vdex-fd=90 --oat-fd=91 --oat-location=/data/user/0/com.google.android.googlequicksearchbox/files/velour/verified_jars/oat/arm64/JkypVPMhDohv1875CeSftSg_1.odex --compiler-filter=quicken --class-loader-context=&
11-16 09:56:35.496: I/dex2oat(17010): dex2oat took 45.049ms (43.242ms cpu) (threads: 8) arena alloc=4KB (4256B) java alloc=16KB (16400B) native alloc=808KB (827416B) free=1751KB (1794024B)
11-16 09:56:35.497: I/FontLog(10945): Received query Google Sans, URI content://com.google.android.gms.fonts [CONTEXT service_id=132 ]
11-16 09:56:35.497: I/FontLog(10945): Query [Google Sans] resolved to {Google Sans, wdth 100.0, wght 400, ital 0.0, bestEffort false} [CONTEXT service_id=132 ]
11-16 09:56:35.502: I/FontLog(10945): Font PFD returned from cache for {Google Sans, wdth 100.0, wght 400, ital 0.0, bestEffort false} [CONTEXT service_id=132 ]
11-16 09:56:35.502: I/FontLog(10945): Fetch {Google Sans, wdth 100.0, wght 400, ital 0.0, bestEffort false} end status Status{statusCode=SUCCESS, resolution=null} [CONTEXT service_id=132 ]
11-16 09:56:35.506: I/FontLog(10945): Pulling font file for id = 8, cache size = 8 [CONTEXT service_id=132 ]
11-16 09:56:35.508: W/earchbox:searc(10061): Skipping duplicate class check due to unsupported classloader
11-16 09:56:35.515: I/FontLog(10945): Received query Google Sans:500, URI content://com.google.android.gms.fonts [CONTEXT service_id=132 ]
11-16 09:56:35.515: I/FontLog(10945): Query [Google Sans:500] resolved to {Google Sans, wdth 100.0, wght 500, ital 0.0, bestEffort false} [CONTEXT service_id=132 ]
11-16 09:56:35.515: W/SearchServiceCore(10061): Abort, client detached.
11-16 09:56:35.515: I/chatty(10061): uid=10047 com.google.android.googlequicksearchbox:search identical 3 lines
11-16 09:56:35.515: W/SearchServiceCore(10061): Abort, client detached.
11-16 09:56:35.517: I/FontLog(10945): Font PFD returned from cache for {Google Sans, wdth 100.0, wght 500, ital 0.0, bestEffort false} [CONTEXT service_id=132 ]
11-16 09:56:35.517: I/FontLog(10945): Fetch {Google Sans, wdth 100.0, wght 500, ital 0.0, bestEffort false} end status Status{statusCode=SUCCESS, resolution=null} [CONTEXT service_id=132 ]
11-16 09:56:35.518: I/BgTaskExecutorImpl(10061): Starting EXCLUSIVE background task VELOUR_BACKGROUND_MAINTENANCE.
11-16 09:56:35.519: I/FontLog(10945): Pulling font file for id = 9, cache size = 7 [CONTEXT service_id=132 ]
11-16 09:56:35.522: I/FontLog(10945): Received query Google Sans Display, URI content://com.google.android.gms.fonts [CONTEXT service_id=132 ]
11-16 09:56:35.522: I/FontLog(10945): Query [Google Sans Display] resolved to {Google Sans Display, wdth 100.0, wght 400, ital 0.0, bestEffort false} [CONTEXT service_id=132 ]
11-16 09:56:35.524: I/FontLog(10945): Font PFD returned from cache for {Google Sans Display, wdth 100.0, wght 400, ital 0.0, bestEffort false} [CONTEXT service_id=132 ]
11-16 09:56:35.524: I/FontLog(10945): Fetch {Google Sans Display, wdth 100.0, wght 400, ital 0.0, bestEffort false} end status Status{statusCode=SUCCESS, resolution=null} [CONTEXT service_id=132 ]
11-16 09:56:35.530: I/FontLog(10945): Pulling font file for id = 10, cache size = 8 [CONTEXT service_id=132 ]
11-16 09:56:35.540: W/earchbox:searc(10061): Unsupported class loader
11-16 09:56:35.545: W/GCM(16904): GCM SDK is deprecated, com.google.android.apps.chromecast.app should update to use FCM
11-16 09:56:35.569: W/earchbox:searc(10061): Skipping duplicate class check due to unsupported classloader
11-16 09:56:35.576: I/PeopleChimeraService(14482): onService. callbacks = xmw@80002e8, request = com.google.android.gms.common.internal.GetServiceRequest@541d01
11-16 09:56:35.582: I/ActivityManager(1199): Killing 15972:com.google.android.apps.maps/u0a102 (adj 906): empty #17
11-16 09:56:35.583: W/libprocessgroup(1199): kill(-15972, 9) failed: No such process
11-16 09:56:35.593: I/ActivityManager(1199): Start proc 17033:com.google.android.apps.tachyon/u0a148 for broadcast com.google.android.apps.tachyon/.common.applifecycle.LocaleChangeReceiver
11-16 09:56:35.601: E/id.apps.tachyo(17033): Not starting debugger since process cannot load the jdwp agent.
11-16 09:56:35.616: W/earchbox:searc(10061): Unsupported class loader
11-16 09:56:35.616: D/DownloadManager(15460): [83] Finished with status SUCCESS
11-16 09:56:35.630: W/libprocessgroup(1199): kill(-15972, 9) failed: No such process
11-16 09:56:35.631: I/Zygote(737): Process 15972 exited due to signal (9)
11-16 09:56:35.634: W/earchbox:searc(10061): Skipping duplicate class check due to unsupported classloader
11-16 09:56:35.638: D/BoundBrokerSvc(10945): onUnbind: Intent { act=com.google.android.gms.clearcut.bootcount.service.START pkg=com.google.android.gms }
11-16 09:56:35.650: W/SearchServiceCore(10061): Abort, client detached.
11-16 09:56:35.657: I/chatty(10061): uid=10047 com.google.android.googlequicksearchbox:search identical 10 lines
11-16 09:56:35.657: W/SearchServiceCore(10061): Abort, client detached.
11-16 09:56:35.673: W/libprocessgroup(1199): kill(-15972, 9) failed: No such process
11-16 09:56:35.673: I/libprocessgroup(1199): Successfully killed process cgroup uid 10102 pid 15972 in 89ms
11-16 09:56:35.685: W/SearchServiceCore(10061): Abort, client detached.
11-16 09:56:35.686: I/chatty(10061): uid=10047 com.google.android.googlequicksearchbox:search identical 1 line
11-16 09:56:35.688: W/SearchServiceCore(10061): Abort, client detached.
11-16 09:56:35.771: E/ExecutionCriteria(10945): Package unavailable for task: com.google.android.apps.gcs/com.google.android.flib.phenotype.services.PhenotypeExperimentCommitService{u=0 tag="PhenotypeExpCommitSvc" trigger=window{start=0s,end=30s,earliest=-367s,latest=-337s} requirements=[NET_ANY] attributes=[PERSISTED] scheduled=-367s last_run=N/A exec_window_multiplier=1.0000 jid=N/A status=PENDING retries=0 client_lib=MANCHEGO_GCM-11732000} [CONTEXT service_id=218 ]
11-16 09:56:35.803: I/NetworkScheduler.Stats(10945): Task com.google.android.gms/com.google.android.gms.ipa.base.IpaGcmTaskService started execution. cause:9 exec_start_elapsed_seconds: 466 [CONTEXT service_id=218 ]
11-16 09:56:35.809: I/NetworkScheduler.Stats(10945): Task com.google.android.gms/com.google.android.gms.ipa.base.IpaGcmTaskService finished executing. cause:9 result: 1 elapsed_millis: 16 uptime_millis: 16 exec_start_elapsed_seconds: 466 [CONTEXT service_id=218 ]
11-16 09:56:35.818: E/ExecutionCriteria(10945): Package unavailable for task: com.google.android.apps.gcs/com.google.android.flib.phenotype.services.PhenotypeExperimentCommitService{u=0 tag="PhenotypeExpCommitSvc" trigger=window{start=0s,end=30s,earliest=-367s,latest=-337s} requirements=[NET_ANY] attributes=[PERSISTED] scheduled=-367s last_run=N/A exec_window_multiplier=1.0000 jid=N/A status=PENDING retries=0 client_lib=MANCHEGO_GCM-11732000} [CONTEXT service_id=218 ]
11-16 09:56:35.873: I/NetworkScheduler.Stats(10945): Task com.google.android.gms/com.google.android.gms.phenotype.service.sync.PhenotypeConfigurator started execution. cause:5 exec_start_elapsed_seconds: 466 [CONTEXT service_id=218 ]
11-16 09:56:35.894: W/id.apps.tachyo(17033): JIT profile information will not be recorded: profile file does not exits.
11-16 09:56:35.894: I/chatty(17033): uid=10148(com.google.android.apps.tachyon) identical 1 line
11-16 09:56:35.894: W/id.apps.tachyo(17033): JIT profile information will not be recorded: profile file does not exits.
11-16 09:56:36.045: W/PrimesInit(17033): Primes instant initialization
11-16 09:56:36.049: W/Primes(17033): background initialization
11-16 09:56:36.192: I/d.configupdate(16380): Waiting for a blocking GC ProfileSaver
11-16 09:56:36.207: I/ActivityManager(1199): Killing 7169:com.google.android.apps.messaging/u0a111 (adj 906): empty #17
11-16 09:56:36.208: W/libprocessgroup(1199): kill(-7169, 9) failed: No such process
11-16 09:56:36.208: I/DefaultStickerUpdate(3652): Successfully updated sticker index for DefaultStickerTaskData{enabled=true, metadataUriPrefix=https://www.gstatic.com/android/keyboard/stickers/configs/v5/, supportedLanguage=en}
11-16 09:56:36.211: I/org.webrtc.Logging(17033): NativeLibrary: Loading native library: jingle_peerconnection_so
11-16 09:56:36.212: I/FirebaseJobDispatcher(3652): Task: DefaultStickerUpdate successes.
11-16 09:56:36.214: I/org.webrtc.Logging(17033): PeerConnectionFactory: PeerConnectionFactory was initialized without an injected Loggable. Any existing Loggable will be deleted.
11-16 09:56:36.219: I/Icing(14482): Indexing com.google.android.inputmethod.latin-internal.3p:StickerPack from com.google.android.inputmethod.latin
11-16 09:56:36.222: E/SQLiteLog(14482): (1) no such table: StickerPack_com.google.android.inputmethod.latin_seq_table
11-16 09:56:36.227: I/PrimesTesting(17033): GserviceFlagsSupplier.get()
11-16 09:56:36.233: E/Icing(14482): Cursor call threw an exception: no such table: StickerPack_com.google.android.inputmethod.latin_seq_table (code 1 SQLITE_ERROR): , while compiling: SELECT * FROM [StickerPack_com.google.android.inputmethod.latin_seq_table] WHERE seqno>0 AND tag IS NULL ORDER BY seqno LIMIT 20
11-16 09:56:36.233: I/Icing(14482): Indexing done com.google.android.inputmethod.latin-internal.3p:StickerPack
11-16 09:56:36.233: E/Icing(14482): Aborting indexing of corpus internal.3p:StickerPack
11-16 09:56:36.235: I/NetworkScheduler.Stats(10945): Task com.google.android.inputmethod.latin/ finished executing. cause:7 result: 1 elapsed_millis: 1994 uptime_millis: 1994 exec_start_elapsed_seconds: 465 [CONTEXT service_id=218 ]
11-16 09:56:36.246: I/Zygote(737): Process 7169 exited due to signal (9)
11-16 09:56:36.247: I/Icing(14482): Indexing com.google.android.inputmethod.latin-internal.3p:Sticker from com.google.android.inputmethod.latin
11-16 09:56:36.255: W/libprocessgroup(1199): kill(-7169, 9) failed: No such process
11-16 09:56:36.255: I/libprocessgroup(1199): Successfully killed process cgroup uid 10111 pid 7169 in 47ms
11-16 09:56:36.262: E/Backup(14482): [BackupTransportMigratorChimeraService] Could not migrate transport!
11-16 09:56:36.265: I/Backup(14482): [BackupTransportMigratorChimeraService] Starting migration...
11-16 09:56:36.273: I/ThreadRunner(10061): setContextAndRunner
11-16 09:56:36.281: E/SQLiteLog(14482): (1) no such table: Sticker_com.google.android.inputmethod.latin_seq_table
11-16 09:56:36.283: E/Icing(14482): Cursor call threw an exception: no such table: Sticker_com.google.android.inputmethod.latin_seq_table (code 1 SQLITE_ERROR): , while compiling: SELECT * FROM [Sticker_com.google.android.inputmethod.latin_seq_table] WHERE seqno>0 AND tag IS NULL ORDER BY seqno LIMIT 20
11-16 09:56:36.284: I/Icing(14482): Indexing done com.google.android.inputmethod.latin-internal.3p:Sticker
11-16 09:56:36.284: E/Icing(14482): Aborting indexing of corpus internal.3p:Sticker
11-16 09:56:36.285: I/gle.android.gm(14482): Background concurrent copying GC freed 158487(7MB) AllocSpace objects, 67(3MB) LOS objects, 50% free, 10MB/20MB, paused 209us total 130.473ms
11-16 09:56:36.285: E/ExecutionCriteria(10945): Package unavailable for task: com.google.android.apps.gcs/com.google.android.flib.phenotype.services.PhenotypeExperimentCommitService{u=0 tag="PhenotypeExpCommitSvc" trigger=window{start=0s,end=30s,earliest=-367s,latest=-337s} requirements=[NET_ANY] attributes=[PERSISTED] scheduled=-367s last_run=N/A exec_window_multiplier=1.0000 jid=N/A status=PENDING retries=0 client_lib=MANCHEGO_GCM-11732000} [CONTEXT service_id=218 ]
11-16 09:56:36.296: W/Icing(14482): No valid account for uploading user actions
11-16 09:56:36.316: I/Icing(14482): Usage reports ok 0, Failed Usage reports 0, indexed 0, rejected 0
11-16 09:56:36.325: W/Icing(14482): No valid account for uploading user actions
11-16 09:56:36.337: I/Icing(14482): Usage reports ok 0, Failed Usage reports 0, indexed 0, rejected 0
11-16 09:56:36.346: W/id.apps.tachyo(17033): Unknown chunk type '200'.
11-16 09:56:36.366: I/akia(10945): Removed 0 invalid users [CONTEXT service_id=51 ]
11-16 09:56:36.367: D/EventBus(17033): No subscribers registered for event class gzh
11-16 09:56:36.367: D/EventBus(17033): No subscribers registered for event class sfa
11-16 09:56:36.445: D/EventBus(17033): No subscribers registered for event class gzh
11-16 09:56:36.445: D/EventBus(17033): No subscribers registered for event class sfa
11-16 09:56:36.450: W/id.apps.tachyo(17033): Unknown chunk type '200'.
11-16 09:56:36.457: I/ActivityManager(1199): Start proc 17109:com.google.android.apps.walletnfcrel/u0a152 for broadcast com.google.android.apps.walletnfcrel/com.google.android.libraries.notifications.entrypoints.localechanged.LocaleChangedReceiver
11-16 09:56:36.459: E/ps.walletnfcre(17109): Not starting debugger since process cannot load the jdwp agent.
11-16 09:56:36.477: I/ps.walletnfcre(17109): The ClassLoaderContext is a special shared library.
11-16 09:56:36.514: I/PeopleChimeraService(14482): onService. callbacks = xmw@fdfd265, request = com.google.android.gms.common.internal.GetServiceRequest@3858b3a
11-16 09:56:36.546: I/FA(17033): App measurement is starting up, version: 18079
11-16 09:56:36.546: I/FA(17033): To enable debug logging run: adb shell setprop log.tag.FA VERBOSE
11-16 09:56:36.546: I/FA(17033): To enable faster debug mode event logging run:
11-16 09:56:36.546: I/FA(17033):   adb shell setprop debug.firebase.analytics.app com.google.android.apps.tachyon
11-16 09:56:36.552: E/FA(17033): AppMeasurementReceiver not registered/enabled
11-16 09:56:36.553: E/FA(17033): AppMeasurementService not registered/enabled
11-16 09:56:36.553: E/FA(17033): Uploading is not possible. App measurement disabled
11-16 09:56:36.688: W/ChimeraUtils(10945): Module com.google.android.gms.nearby_en has empty metadata display_name_string_id
11-16 09:56:36.720: I/chatty(10945): uid=10007(com.google.android.gms) highpool[0] identical 3 lines
11-16 09:56:36.721: W/ChimeraUtils(10945): Module com.google.android.gms.nearby_en has empty metadata display_name_string_id
11-16 09:56:36.749: D/BoundBrokerSvc(14482): onUnbind: Intent { act=com.google.android.gms.ocr.service.internal.START cmp=com.google.android.gms/.chimera.GmsInternalApiService }
11-16 09:56:36.795: I/akhr(10945): Scheduling adaptive one off task with window [14400, 604800] in seconds [CONTEXT service_id=51 ]
11-16 09:56:36.814: I/NetworkScheduler.Stats(10945): Task com.google.android.gms/com.google.android.gms.phenotype.service.sync.PhenotypeConfigurator finished executing. cause:5 result: 1 elapsed_millis: 958 uptime_millis: 958 exec_start_elapsed_seconds: 466 [CONTEXT service_id=218 ]
11-16 09:56:36.821: E/ExecutionCriteria(10945): Package unavailable for task: com.google.android.apps.gcs/com.google.android.flib.phenotype.services.PhenotypeExperimentCommitService{u=0 tag="PhenotypeExpCommitSvc" trigger=window{start=0s,end=30s,earliest=-368s,latest=-338s} requirements=[NET_ANY] attributes=[PERSISTED] scheduled=-368s last_run=N/A exec_window_multiplier=1.0000 jid=N/A status=PENDING retries=0 client_lib=MANCHEGO_GCM-11732000} [CONTEXT service_id=218 ]
11-16 09:56:37.019: W/DynamiteModule(17109): Local module descriptor class for providerinstaller not found.
11-16 09:56:37.024: I/DynamiteModule(17109): Considering local module providerinstaller:0 and remote module providerinstaller:0
11-16 09:56:37.024: W/ProviderInstaller(17109): Failed to load providerinstaller module: No acceptable module found. Local version is 0 and remote version is 0.
11-16 09:56:37.026: W/ps.walletnfcre(17109): Unknown chunk type '200'.
11-16 09:56:37.029: I/ps.walletnfcre(17109): The ClassLoaderContext is a special shared library.
11-16 09:56:37.029: I/chatty(17109): uid=10152(com.google.android.apps.walletnfcrel) identical 1 line
11-16 09:56:37.030: I/ps.walletnfcre(17109): The ClassLoaderContext is a special shared library.
11-16 09:56:37.040: V/NativeCrypto(17109): Registering com/google/android/gms/org/conscrypt/NativeCrypto's 294 native methods...
11-16 09:56:37.050: D/NetworkSecurityConfig(17109): No Network Security Config specified, using platform default
11-16 09:56:37.051: I/ProviderInstaller(17109): Installed default security provider GmsCore_OpenSSL
11-16 09:56:37.165: I/BackgroundTaskManager(17109): Executing task PhenotypeRegistrationTask.phenotype_registration with PARALLEL execution policy.
11-16 09:56:37.192: D/fpc_hidl(17132): fpc fingerprint hwbinder service starting
11-16 09:56:37.192: D/QSEECOMAPI(17132): QSEECom_get_handle sb_length = 0x80
11-16 09:56:37.192: D/QSEECOMAPI(17132): App is not loaded in QSEE
11-16 09:56:37.192: D/QSEECOMAPI(17132): app_arch = 2, total_files = 9
11-16 09:56:37.204: D/BoundBrokerSvc(10945): onBind: Intent { act=com.google.android.gms.tapandpay.service.BIND pkg=com.google.android.gms }
11-16 09:56:37.204: D/BoundBrokerSvc(10945): Loading bound service for intent: Intent { act=com.google.android.gms.tapandpay.service.BIND pkg=com.google.android.gms }
11-16 09:56:37.246: D/BoundBrokerSvc(14482): onUnbind: Intent { act=com.google.android.gms.auth.service.START pkg=com.google.android.gms }
11-16 09:56:37.249: D/QSEECOMAPI(17132): Loaded image: APP id = 96
11-16 09:56:37.254: E/fpc_tac(17132): fpcbuildinfo : 575ddab5b91efea67ee1d200fc813ff2fpc_bio=bd35c3fec78219829149bea6c9ec961e6f655b90C:prodtestlib=4304cf5c884c198624b749af3482befacbd3028eC:fpc_c_core=dc194509594e837dedfb5452aaf06fcb61977135C:fpc_lib=cd5b7b876c3d69afa68a11ac6fd86f873e70817bC:cac=297e11552c60a3607ed664cf44c3e4b36ab2e737C:fpc_bio_interface=94a457caecae31eca8ef04b64c3f82a018e9bbc0C:fpc_sensor=ba909a5500944acafe47a0ef3a49f89509aadfb6C:tools_core=94ddf1e684cfa6c99f0f237f7cc35f3962e0e597C:sensor_settings=4fcf864fb493ae0272a9b2806446b379d99fd8ceC:fingerprint_ta=066bc0ab880960a4a69b74a328c7d7871c72225bC:fingerprint_pal=0deb9a478a3572872639f9cb2559ccc464ee3f9bC:manifests=dcb3d8ab0bdb7a5b341839d8c75bb88fc7f5e1a4C:Manifesttag=SW23.3.0-PDR1.0.5:jenkins@84ffd74dac44:Thu,17May201810:17:08+0200:FPC_SENSOR_TYPE=FPC_SENSOR_TYPE_FPC1270:FPC_CC_TYPE=FPC_COMPANION_CHIP_FPC2050:FPC_C_TYPE=FPC_COATING_NORMAL
11-16 09:56:37.254: E/fpc_tac(17132): fpcbuildtype : build=RELEASE sensor=9
11-16 09:56:37.255: W/EventHub(1199): Unable to disable kernel key repeat for /dev/input/event3: Function not implemented
11-16 09:56:37.255: I/EventHub(1199): wakeMechanism=EPOLLWAKEUP, usingClockIoctl=true
11-16 09:56:37.255: I/EventHub(1199): New device: id=96, fd=306, path='/dev/input/event3', name='uinput-fpc', classes=0x101, configuration='/system/usr/idc/uinput-fpc.idc', keyLayout='/system/usr/keylayout/uinput-fpc.kl', keyCharacterMap='/system/usr/keychars/Generic.kcm', builtinKeyboard=true, 
11-16 09:56:37.255: W/InputReader(1199): Ignoring spurious device added event for deviceId 0.
11-16 09:56:37.263: W/PrimesInit(17109): Primes instant initialization
11-16 09:56:37.264: W/Primes(17109): background initialization
11-16 09:56:37.286: I/PrimesTesting(17109): GserviceFlagsSupplier.get()
11-16 09:56:37.308: I/BlobLobber(10061): Handling download id 83 (blob odws2_en:us:807_2019-09-12_270573492_release_signed)
11-16 09:56:37.332: V/DownloadManager(15460): Deleting /storage/emulated/0/Android/data/com.google.android.googlequicksearchbox/files/pending_blobs/odws2_en:us:807_2019-09-12_270573492_release_signed via provider delete
11-16 09:56:37.337: I/TapAndPayApplication(17109): Successfully initialized Firebase App
11-16 09:56:37.347: I/earchbox:searc(10061): The ClassLoaderContext is a special shared library.
11-16 09:56:37.349: I/earchbox:searc(10061): The ClassLoaderContext is a special shared library.
11-16 09:56:37.349: I/BackgroundTaskManager(17109): Executing task AccountFreshener.freshen with SEQUENTIAL execution policy.
11-16 09:56:37.351: I/earchbox:searc(10061): The ClassLoaderContext is a special shared library.
11-16 09:56:37.354: E/ExecutionCriteria(10945): Package unavailable for task: com.google.android.apps.gcs/com.google.android.flib.phenotype.services.PhenotypeExperimentCommitService{u=0 tag="PhenotypeExpCommitSvc" trigger=window{start=0s,end=30s,earliest=-369s,latest=-339s} requirements=[NET_ANY] attributes=[PERSISTED] scheduled=-369s last_run=N/A exec_window_multiplier=1.0000 jid=N/A status=PENDING retries=0 client_lib=MANCHEGO_GCM-11732000} [CONTEXT service_id=218 ]
11-16 09:56:37.356: I/Notifications(17109): [ChimeBroadcastReceiver] Intent received for action [android.intent.action.LOCALE_CHANGED] package [com.google.android.apps.walletnfcrel].
11-16 09:56:37.361: W/GCM(17109): GCM SDK is deprecated, com.google.android.apps.walletnfcrel should update to use FCM
11-16 09:56:37.373: I/NetworkScheduler.Stats(10945): Task com.google.android.gms/com.google.android.gms.ipa.base.IpaGcmTaskService started execution. cause:9 exec_start_elapsed_seconds: 468 [CONTEXT service_id=218 ]
11-16 09:56:37.373: V/NativeCrypto(10061): Registering com/google/android/gms/org/conscrypt/NativeCrypto's 294 native methods...
11-16 09:56:37.381: I/Notifications(17109): [ChimeBroadcastReceiver] Validation OK for action [android.intent.action.LOCALE_CHANGED].
11-16 09:56:37.381: I/NetworkScheduler.Stats(10945): Task com.google.android.gms/com.google.android.gms.ipa.base.IpaGcmTaskService finished executing. cause:9 result: 1 elapsed_millis: 17 uptime_millis: 17 exec_start_elapsed_seconds: 468 [CONTEXT service_id=218 ]
11-16 09:56:37.383: I/Notifications(17109): [ChimeBroadcastReceiver] Executing action in BroadcastReceiver [android.intent.action.LOCALE_CHANGED].
11-16 09:56:37.397: E/ExecutionCriteria(10945): Package unavailable for task: com.google.android.apps.gcs/com.google.android.flib.phenotype.services.PhenotypeExperimentCommitService{u=0 tag="PhenotypeExpCommitSvc" trigger=window{start=0s,end=30s,earliest=-369s,latest=-339s} requirements=[NET_ANY] attributes=[PERSISTED] scheduled=-369s last_run=N/A exec_window_multiplier=1.0000 jid=N/A status=PENDING retries=0 client_lib=MANCHEGO_GCM-11732000} [CONTEXT service_id=218 ]
11-16 09:56:37.398: D/NetworkSecurityConfig(10061): Using Network Security Config from resource network_security_config debugBuild: false
11-16 09:56:37.401: I/ProviderInstaller(10061): Installed default security provider GmsCore_OpenSSL
11-16 09:56:37.403: I/ActivityManager(1199): Killing 16185:com.google.android.apps.tips/u0a52 (adj 906): empty #17
11-16 09:56:37.404: W/libprocessgroup(1199): kill(-16185, 9) failed: No such process
11-16 09:56:37.414: I/ActivityManager(1199): Start proc 17146:com.google.android.keep/u0a150 for broadcast com.google.android.keep/.notification.ReminderNotificationReceiver
11-16 09:56:37.413: W/libprocessgroup(1199): kill(-16185, 9) failed: No such process
11-16 09:56:37.415: E/le.android.kee(17146): Not starting debugger since process cannot load the jdwp agent.
11-16 09:56:37.423: I/Zygote(737): Process 16185 exited due to signal (9)
11-16 09:56:37.428: W/libprocessgroup(1199): kill(-16185, 9) failed: No such process
11-16 09:56:37.428: I/libprocessgroup(1199): Successfully killed process cgroup uid 10052 pid 16185 in 24ms
11-16 09:56:37.430: I/le.android.kee(17146): The ClassLoaderContext is a special shared library.
11-16 09:56:37.436: D/BoundBrokerSvc(14482): onUnbind: Intent { act=com.google.android.gms.common.download.START cmp=com.google.android.gms/.chimera.GmsBoundBrokerService }
11-16 09:56:37.446: I/BgTaskExecutorImpl(10061): Starting NONEXCLUSIVE background task ZIP_DOWNLOAD_PROCESSOR.
11-16 09:56:37.452: W/SearchServiceCore(10061): Abort, client detached.
11-16 09:56:37.456: E/ModelDnldProcssHelpr(10061): pending download info for pending_hotword_model_download_info is null
11-16 09:56:37.456: E/ModelDnldProcssHelpr(10061): pending download info for pending_xgoogle_hotword_model_download_info is null
11-16 09:56:37.470: E/DownloadManagerWrapper(10061): Can't find downloadId=83
11-16 09:56:37.484: W/LanguagePackUpdateContr(10061): Querying download manager failed for ID : 83
11-16 09:56:37.498: W/SearchServiceCore(10061): Abort, client detached.
11-16 09:56:37.560: I/FA(17109): App measurement is starting up, version: 18079
11-16 09:56:37.561: I/FA(17109): To enable debug logging run: adb shell setprop log.tag.FA VERBOSE
11-16 09:56:37.561: I/FA(17109): To enable faster debug mode event logging run:
11-16 09:56:37.561: I/FA(17109):   adb shell setprop debug.firebase.analytics.app com.google.android.apps.walletnfcrel
11-16 09:56:37.694: W/ComponentDiscovery(17146): Application info not found.
11-16 09:56:37.694: W/ComponentDiscovery(17146): Could not retrieve metadata, returning empty list of registrars.
11-16 09:56:37.731: W/Primes(17146): Primes not initialized, returning default (no-op) Primes instance which will ignore all calls. Please call Primes.initialize(...) before using any Primes API.
11-16 09:56:37.741: W/PrimesInit(17146): Primes instant initialization
11-16 09:56:37.744: W/Primes(17146): background initialization
11-16 09:56:37.786: I/PrimesTesting(17146): GserviceFlagsSupplier.get()
11-16 09:56:37.822: W/KeepGATracker(17146): Disabling GA because no account was specified
11-16 09:56:37.842: I/akhr(10945): Scheduling Phenotype for a PhenotypeSyncImmediately(16, com.google.android.keep) one off with window [1, 2] in seconds [CONTEXT service_id=51 ]
11-16 09:56:37.846: W/BroadcastQueue(1199): Background execution not allowed: receiving Intent { act=com.google.android.systemui.OPA_ENABLED flg=0x10000010 (has extras) } to com.google.android.apps.nexuslauncher/.qsb.OPAStatusReceiver
11-16 09:56:37.849: W/BroadcastQueue(1199): Background execution not allowed: receiving Intent { act=com.google.android.systemui.OPA_ENABLED flg=0x10000010 (has extras) } to com.google.android.apps.nexuslauncher/.qsb.OPAStatusReceiver
11-16 09:56:37.849: W/BroadcastQueue(1199): Background execution not allowed: receiving Intent { act=com.google.android.systemui.OPA_ENABLED flg=0x10000010 (has extras) } to com.google.android.apps.nexuslauncher/.qsb.OPAStatusReceiver
11-16 09:56:37.883: I/PeopleChimeraService(14482): onService. callbacks = xmw@9ba4baf, request = com.google.android.gms.common.internal.GetServiceRequest@fbbbbbc
11-16 09:56:37.898: I/ActivityManager(1199): Killing 16204:com.google.android.apps.wellbeing/u0a26 (adj 906): empty #17
11-16 09:56:37.899: W/libprocessgroup(1199): kill(-16204, 9) failed: No such process
11-16 09:56:37.904: W/libprocessgroup(1199): kill(-16204, 9) failed: No such process
11-16 09:56:37.918: I/Zygote(737): Process 16204 exited due to signal (9)
11-16 09:56:37.922: W/libprocessgroup(1199): kill(-16204, 9) failed: No such process
11-16 09:56:37.922: I/libprocessgroup(1199): Successfully killed process cgroup uid 10026 pid 16204 in 23ms
11-16 09:56:38.143: D/QSEECOMAPI(17132): QSEECom_get_handle sb_length = 0x400
11-16 09:56:38.144: D/QSEECOMAPI(17132): App is already loaded QSEE and app id = 1
11-16 09:56:38.149: E/fpc_tac(17132): qsee_km_get_encapsulated_key KEYMASTER_GET_AUTH_TOKEN_KEY returned status=-24
11-16 09:56:38.149: D/QSEECOMAPI(17132): QSEECom_dealloc_memory 
11-16 09:56:38.149: D/QSEECOMAPI(17132): QSEECom_shutdown_app, app_id = 1
11-16 09:56:38.149: E/fpc_fingerprint_hal(17132): fpc_hal_open failed
11-16 09:56:38.151: I/EventHub(1199): Removing device uinput-fpc due to epoll hang-up event.
11-16 09:56:38.151: I/EventHub(1199): Removed device: path=/dev/input/event3 name=uinput-fpc id=96 fd=306 classes=0x101
11-16 09:56:38.151: W/EventHub(1199): built-in keyboard device /dev/input/event3 (id=96) is closing! the apps will not like this
11-16 09:56:38.153: W/InputReader(1199): Ignoring spurious device removed event for deviceId 96.
11-16 09:56:38.153: I/EventHub(1199): Removing device '/dev/input/event3' due to inotify event
11-16 09:56:38.198: D/QSEECOMAPI(17132): QSEECom_dealloc_memory 
11-16 09:56:38.198: D/QSEECOMAPI(17132): QSEECom_shutdown_app, app_id = 96
11-16 09:56:38.516: W/NetworkScheduler(10945): Immediate task was not started com.google.android.apps.chromecast.app/.gcm.GcmRegistrationService{u=0 tag="GcmRegistrationService" trigger=window{start=0s,end=1s,earliest=0s,latest=0s} requirements=[NET_CONNECTED] attributes=[] scheduled=0s last_run=N/A exec_window_multiplier=1.0000 jid=N/A status=PENDING retries=0 client_lib=MANCHEGO_GCM-18944000}. Rescheduling immediate tasks can cause excessive battery drain.
11-16 09:56:38.519: W/NetworkScheduler(10945): Immediate task was not started com.google.android.apps.chromecast.app/.gcm.GcmRegistrationService{u=0 tag="GcmRegistrationService" trigger=window{start=0s,end=1s,earliest=0s,latest=0s} requirements=[NET_CONNECTED] attributes=[] scheduled=0s last_run=N/A exec_window_multiplier=1.0000 jid=N/A status=PENDING retries=0 client_lib=MANCHEGO_GCM-18944000}. Rescheduling immediate tasks can cause excessive battery drain.
11-16 09:56:38.530: I/BgTaskExecutorImpl(10061): Starting EXCLUSIVE background task FETCH_CONFIGS_FROM_PHENOTYPE.
11-16 09:56:38.538: E/ExecutionCriteria(10945): Package unavailable for task: com.google.android.apps.gcs/com.google.android.flib.phenotype.services.PhenotypeExperimentCommitService{u=0 tag="PhenotypeExpCommitSvc" trigger=window{start=0s,end=30s,earliest=-370s,latest=-340s} requirements=[NET_ANY] attributes=[PERSISTED] scheduled=-370s last_run=N/A exec_window_multiplier=1.0000 jid=N/A status=PENDING retries=0 client_lib=MANCHEGO_GCM-11732000} [CONTEXT service_id=218 ]
11-16 09:56:38.539: W/SearchServiceCore(10061): Abort, client detached.
11-16 09:56:38.565: E/ExecutionCriteria(10945): Package unavailable for task: com.google.android.apps.gcs/com.google.android.flib.phenotype.services.PhenotypeExperimentCommitService{u=0 tag="PhenotypeExpCommitSvc" trigger=window{start=0s,end=30s,earliest=-370s,latest=-340s} requirements=[NET_ANY] attributes=[PERSISTED] scheduled=-370s last_run=N/A exec_window_multiplier=1.0000 jid=N/A status=PENDING retries=0 client_lib=MANCHEGO_GCM-11732000} [CONTEXT service_id=218 ]
11-16 09:56:38.585: E/ExecutionCriteria(10945): Package unavailable for task: com.google.android.apps.gcs/com.google.android.flib.phenotype.services.PhenotypeExperimentCommitService{u=0 tag="PhenotypeExpCommitSvc" trigger=window{start=0s,end=30s,earliest=-370s,latest=-340s} requirements=[NET_ANY] attributes=[PERSISTED] scheduled=-370s last_run=N/A exec_window_multiplier=1.0000 jid=N/A status=PENDING retries=0 client_lib=MANCHEGO_GCM-11732000} [CONTEXT service_id=218 ]
11-16 09:56:38.587: W/PhenotypeConfigurationU(10945): Update for unknown DeviceConfig package com.google.android.gms.nearby [CONTEXT service_id=204 ]
11-16 09:56:38.587: W/PhenotypeConfigurationU(10945): akjf: No package exists for config package: com.google.android.gms.nearby
11-16 09:56:38.587: W/PhenotypeConfigurationU(10945): 	at com.google.android.gms.platformconfigurator.PhenotypeConfigurationUpdateListener.a(:com.google.android.gms@213614028@21.36.14 (100400-395708125):7)
11-16 09:56:38.587: W/PhenotypeConfigurationU(10945): 	at com.google.android.gms.platformconfigurator.PhenotypeConfigurationUpdateListener.onHandleIntent(:com.google.android.gms@213614028@21.36.14 (100400-395708125):5)
11-16 09:56:38.587: W/PhenotypeConfigurationU(10945): 	at com.google.android.chimera.IntentOperation.onHandleIntent(:com.google.android.gms@213614028@21.36.14 (100400-395708125):2)
11-16 09:56:38.587: W/PhenotypeConfigurationU(10945): 	at pld.onHandleIntent(:com.google.android.gms@213614028@21.36.14 (100400-395708125):4)
11-16 09:56:38.587: W/PhenotypeConfigurationU(10945): 	at dpb.run(:com.google.android.gms@213614028@21.36.14 (100400-395708125):5)
11-16 09:56:38.587: W/PhenotypeConfigurationU(10945): 	at dpa.run(:com.google.android.gms@213614028@21.36.14 (100400-395708125):11)
11-16 09:56:38.587: W/PhenotypeConfigurationU(10945): 	at bfyg.run(:com.google.android.gms@213614028@21.36.14 (100400-395708125):2)
11-16 09:56:38.587: W/PhenotypeConfigurationU(10945): 	at java.util.concurrent.ThreadPoolExecutor.runWorker(ThreadPoolExecutor.java:1167)
11-16 09:56:38.587: W/PhenotypeConfigurationU(10945): 	at java.util.concurrent.ThreadPoolExecutor$Worker.run(ThreadPoolExecutor.java:641)
11-16 09:56:38.587: W/PhenotypeConfigurationU(10945): 	at java.lang.Thread.run(Thread.java:764)
11-16 09:56:38.599: E/ExecutionCriteria(10945): Package unavailable for task: com.google.android.apps.gcs/com.google.android.flib.phenotype.services.PhenotypeExperimentCommitService{u=0 tag="PhenotypeExpCommitSvc" trigger=window{start=0s,end=30s,earliest=-370s,latest=-340s} requirements=[NET_ANY] attributes=[PERSISTED] scheduled=-370s last_run=N/A exec_window_multiplier=1.0000 jid=N/A status=PENDING retries=0 client_lib=MANCHEGO_GCM-11732000} [CONTEXT service_id=218 ]
11-16 09:56:38.613: I/NearbyMediums(10945): BluetoothAdapter's name was not set by Nearby Connections, ignoring call to restore default scan mode. [CONTEXT service_id=54 ]
11-16 09:56:38.614: I/NearbyMediums(10945): BluetoothAdapter's name was not set by Nearby Connections, ignoring call to restore device name [CONTEXT service_id=54 ]
11-16 09:56:38.622: I/NearbyFastPair(14482): TSS cancelTask TAG_FOOTPRINTS_PERIODIC_SCHEDULE success. [CONTEXT service_id=265 ]
11-16 09:56:38.627: I/NearbySharing(10945): ReceiveSurfaceService started [CONTEXT service_id=194 ]
11-16 09:56:38.628: I/NearbySharing(14482): onBindSlice failed since shareTargets is empty [CONTEXT service_id=194 ]
11-16 09:56:38.628: I/NearbySharing(14482): Runtime state initialization complete. Sharing is enabled. [CONTEXT service_id=194 ]
11-16 09:56:38.629: I/NearbySharing(14482): Granted slice and Uri permissions to android [CONTEXT service_id=194 ]
11-16 09:56:38.631: W/ChimeraUtils(10945): Module com.google.android.gms.nearby_en has empty metadata display_name_string_id
11-16 09:56:38.634: I/chatty(10945): uid=10007(com.google.android.gms) highpool[2] identical 1 line
11-16 09:56:38.635: W/ChimeraUtils(10945): Module com.google.android.gms.nearby_en has empty metadata display_name_string_id
11-16 09:56:38.666: I/BlobLobber(10061): Canceling downloads: [odws2_en:us:807_2019-09-12_270573492_release_signed]
11-16 09:56:38.666: I/BlobLobber(10061): Failed to cancel [odws2_en:us:807_2019-09-12_270573492_release_signed]
11-16 09:56:38.671: W/BroadcastQueue(1199): Background execution not allowed: receiving Intent { act=com.google.android.systemui.OPA_ENABLED flg=0x10000010 (has extras) } to com.google.android.apps.nexuslauncher/.qsb.OPAStatusReceiver
11-16 09:56:38.675: I/OpaEnabledReceiver(3671): Dispatching OPA eligble = true; AGSA = true; OPA enabled = true
11-16 09:56:38.675: I/OpaLayout(3671): Setting opa enabled to true
11-16 09:56:38.676: I/OpaLayout(3671): Setting opa enabled to true
11-16 09:56:38.676: I/OpaEligibilityChecker(10061): send OpaEligibilityChange broadcast to CommonBroadcastReceiver
11-16 09:56:38.677: I/VelourConfigListener(10061): Received new velour config
11-16 09:56:38.677: I/BgTaskExecutorImpl(10061): Starting EXCLUSIVE background task BLOBLOBBER_SYNC.
11-16 09:56:38.690: I/BgTaskExecutorImpl(10061): Starting EXCLUSIVE background task VELOUR_BACKGROUND_MAINTENANCE.
11-16 09:56:38.694: I/OpaEnabledReceiver(3671): Dispatching OPA eligble = true; AGSA = true; OPA enabled = true
11-16 09:56:38.694: I/OpaLayout(3671): Setting opa enabled to true
11-16 09:56:38.699: I/ActivityManager(1199): Force stopping androidx.navigation.truth.test appid=10172 user=-1: deletePackageX
11-16 09:56:38.694: I/OpaLayout(3671): Setting opa enabled to true
11-16 09:56:38.704: D/BoundBrokerSvc(14482): onUnbind: Intent { act=com.google.android.gms.findmydevice.spot.service.locationreport.START cmp=com.google.android.gms/.chimera.GmsApiService }
11-16 09:56:38.708: W/earchbox:searc(10061): Unsupported class loader
11-16 09:56:38.730: W/earchbox:searc(10061): Skipping duplicate class check due to unsupported classloader
11-16 09:56:38.738: W/earchbox:searc(10061): Unsupported class loader
11-16 09:56:38.743: W/earchbox:searc(10061): Skipping duplicate class check due to unsupported classloader
11-16 09:56:38.752: W/SearchServiceCore(10061): Abort, client detached.
11-16 09:56:38.771: W/ActivityManager(1199): Slow operation: 65ms so far, now at getContentProviderImpl: incProviderCountLocked
11-16 09:56:38.771: W/ActivityManager(1199): Slow operation: 65ms so far, now at getContentProviderImpl: before updateLruProcess
11-16 09:56:38.771: W/ActivityManager(1199): Slow operation: 65ms so far, now at getContentProviderImpl: after updateLruProcess
11-16 09:56:38.771: W/ActivityManager(1199): Slow operation: 65ms so far, now at getContentProviderImpl: before updateOomAdj
11-16 09:56:38.772: W/ActivityManager(1199): Slow operation: 66ms so far, now at getContentProviderImpl: after updateOomAdj
11-16 09:56:38.752: I/chatty(10061): uid=10047 com.google.android.googlequicksearchbox:search identical 2 lines
11-16 09:56:38.752: W/SearchServiceCore(10061): Abort, client detached.
11-16 09:56:38.772: I/keystore(844): clear_uid 10172
11-16 09:56:38.772: W/ActivityManager(1199): Slow operation: 66ms so far, now at getContentProviderImpl: done!
11-16 09:56:38.773: I/system_server(1199): Waiting for a blocking GC Explicit
11-16 09:56:38.792: I/Icing(14482): IndexChimeraService.getServiceInterface callingPackage=com.google.android.googlequicksearchbox componentName=agsa_icing_connection serviceId=33
11-16 09:56:38.795: I/Icing(14482): IndexChimeraService.getServiceInterface callingPackage=com.google.android.googlequicksearchbox componentName=agsa_icing_connection serviceId=32
11-16 09:56:38.803: W/Icing(14482): No valid account for uploading user actions
11-16 09:56:38.810: I/Icing(14482): Usage reports ok 0, Failed Usage reports 0, indexed 0, rejected 0
11-16 09:56:38.814: W/Icing(14482): No valid account for uploading user actions
11-16 09:56:38.817: W/SearchServiceCore(10061): Abort, client detached.
11-16 09:56:38.817: I/chatty(10061): uid=10047 com.google.android.googlequicksearchbox:search identical 1 line
11-16 09:56:38.817: W/SearchServiceCore(10061): Abort, client detached.
11-16 09:56:38.817: I/Icing(14482): Usage reports ok 0, Failed Usage reports 0, indexed 0, rejected 0
11-16 09:56:38.819: W/SearchServiceCore(10061): Abort, client detached.
11-16 09:56:38.819: W/SearchServiceCore(10061): Abort, client detached.
11-16 09:56:38.819: D/DownloadManager(15460): [84] Starting
11-16 09:56:38.824: W/SearchServiceCore(10061): Abort, client detached.
11-16 09:56:38.830: I/system_server(1199): WaitForGcToComplete blocked Explicit on HeapTrim for 57.257ms
11-16 09:56:38.843: D/NetworkSecurityConfig(15460): Using Network Security Config from resource network_security_config debugBuild: false
11-16 09:56:38.844: D/NetworkSecurityConfig(15460): Using Network Security Config from resource network_security_config debugBuild: false
11-16 09:56:38.899: I/MediaStoreImporter(16661): Update: incremental Added music: 0 Updated music: 0 Deleted music: 0 Created playlists: 0 Updated playlists: 0 Deleted playlists: 0 Inserted playlist items: 0 Deleted playlist items: 0 Removed orphaned playlist items: 0
11-16 09:56:38.901: D/MusicLifecycle(16661): com.google.android.music.download.EncapsulatedBroadcastReceiver$1 generated event: Broadcast received with context com.google.android.music.ui.PhoneMusicApplication@aba37a2 and intent Intent { act=com.google.android.music.IMPORT_COMPLETE flg=0x10 }
11-16 09:56:38.914: W/StorageManager(15460): fallocate() not supported; falling back to ftruncate()
11-16 09:56:38.954: I/system_server(1199): Explicit concurrent copying GC freed 18775(1051KB) AllocSpace objects, 5(228KB) LOS objects, 42% free, 15MB/27MB, paused 136us total 123.834ms
11-16 09:56:38.960: I/ActivityManager(1199): Force stopping androidx.navigation.truth.test appid=10172 user=0: pkg removed
11-16 09:56:38.975: E/PackageManager(1199): failed to find package androidx.navigation.truth.test
11-16 09:56:38.976: E/OverlayManager(1199): Failed to change enabled overlays for androidx.navigation.truth.test user 0
11-16 09:56:38.976: I/ConditionProviders(1199): Disallowing condition provider androidx.navigation.truth.test
11-16 09:56:38.978: I/ActivityManager(1199): Start proc 17200:com.android.keychain/1000 for service com.android.keychain/.KeyChainService
11-16 09:56:38.979: V/ConditionProviders(1199): enabling condition provider for 0: ComponentInfo{com.google.android.gms/com.google.android.location.settings.DrivingConditionProvider}
11-16 09:56:38.979: V/ConditionProviders(1199): binding: Intent { act=android.service.notification.ConditionProviderService cmp=com.google.android.gms/com.google.android.location.settings.DrivingConditionProvider (has extras) }
11-16 09:56:38.980: I/android.youtub(16746): Waiting for a blocking GC ProfileSaver
11-16 09:56:38.987: D/WifiConfigManager(1199): Remove all networks for app ApplicationInfo{ee2aab3 androidx.navigation.truth.test}
