11-16 09:56:38.987: I/InputReader(1199): Reconfiguring input devices.  changes=0x00000010
11-16 09:56:38.992: D/RegisteredNfcFServicesCache(4149): Service unchanged, not updating
11-16 09:56:38.992: E/PhoneInterfaceManager(3799): [PhoneIntfMgr] getCarrierPackageNamesForIntent: No UICC
11-16 09:56:38.992: D/CarrierSvcBindHelper(3799): No carrier app for: 0
11-16 09:56:38.993: D/ConditionProviders(1199): Subscribing to condition://com.google.android.gms/false/4?provider=Driving with ComponentInfo{com.google.android.gms/com.google.android.location.settings.DrivingConditionProvider}
11-16 09:56:38.995: E/ndroid.keychai(17200): Not starting debugger since process cannot load the jdwp agent.
11-16 09:56:38.998: W/ChimeraUtils(10945): Module com.google.android.gms.location__nonwearable has empty metadata display_name_string_id
11-16 09:56:38.999: D/ConditionProviders(1199): Disabling component com.google.android.gms/com.google.android.location.settings.DrivingConditionProvider
11-16 09:56:39.000: W/ConditionProviderService[dmm](10945): Condition provider service not yet bound.
11-16 09:56:39.004: I/ActivityManager(1199): Force stopping dev.androidx.ci.emptyapp appid=10171 user=-1: deletePackageX
11-16 09:56:39.037: I/keystore(844): clear_uid 10171
11-16 09:56:39.038: I/Fitness(10945): FitCleanupIntentOperation received Intent android.intent.action.PACKAGE_REMOVED [CONTEXT service_id=17 ]
11-16 09:56:39.048: I/ndroid.keychai(17200): The ClassLoaderContext is a special shared library.
11-16 09:56:39.054: W/system_server(1199): Unknown chunk type '200'.
11-16 09:56:39.059: I/BlockstoreStorage(14482): Clearing all the Blockstore Data for package androidx.navigation.truth.test [CONTEXT service_id=258 ]
11-16 09:56:39.059: I/BlockstoreStorage(14482): Clearing all the Blockstore Data for 1 packages [CONTEXT service_id=258 ]
11-16 09:56:39.077: I/Icing(14482): doRemovePackageData androidx.navigation.truth.test
11-16 09:56:39.082: I/ActivityManager(1199): Killing 16242:com.google.android.as:nonpersistent/u0a43 (adj 906): empty #17
11-16 09:56:39.083: W/libprocessgroup(1199): kill(-16242, 9) failed: No such process
11-16 09:56:39.097: D/ConnectivityService(1199): ConnectivityService NetworkRequestInfo binderDied(NetworkRequest [ LISTEN id=50, [ Capabilities: INTERNET&NOT_RESTRICTED&TRUSTED Unwanted:  Uid: 10043] ], android.os.BinderProxy@2899615)
11-16 09:56:39.098: I/Zygote(738): Process 16242 exited due to signal (9)
11-16 09:56:39.100: I/DatabaseOpenHelper(14482): Upgrading DocList.db from version 172 to 173, databasePath=/data/user/0/com.google.android.gms/databases/DocList.db
11-16 09:56:39.112: I/Icing(14482): Indexing com.google.android.gms-apps from com.google.android.gms
11-16 09:56:39.115: I/Icing(14482): Indexing done com.google.android.gms-apps
11-16 09:56:39.123: D/DownloadManager(15460): [84] Finished with status SUCCESS
11-16 09:56:39.126: W/libprocessgroup(1199): kill(-16242, 9) failed: No such process
11-16 09:56:39.127: I/libprocessgroup(1199): Successfully killed process cgroup uid 10043 pid 16242 in 43ms
11-16 09:56:39.164: W/DriveInitializer(14482): Awaiting to be initialized
11-16 09:56:39.167: E/ExecutionCriteria(10945): Package unavailable for task: com.google.android.apps.gcs/com.google.android.flib.phenotype.services.PhenotypeExperimentCommitService{u=0 tag="PhenotypeExpCommitSvc" trigger=window{start=0s,end=30s,earliest=-370s,latest=-340s} requirements=[NET_ANY] attributes=[PERSISTED] scheduled=-370s last_run=N/A exec_window_multiplier=1.0000 jid=N/A status=PENDING retries=0 client_lib=MANCHEGO_GCM-11732000} [CONTEXT service_id=218 ]
11-16 09:56:39.209: I/system_server(1199): Explicit concurrent copying GC freed 49560(2MB) AllocSpace objects, 14(600KB) LOS objects, 42% free, 16MB/28MB, paused 109us total 170.991ms
11-16 09:56:39.212: I/ActivityManager(1199): Force stopping dev.androidx.ci.emptyapp appid=10171 user=0: pkg removed
11-16 09:56:39.218: I/InputReader(1199): Reconfiguring input devices.  changes=0x00000010
11-16 09:56:39.222: E/PackageManager(1199): failed to find package dev.androidx.ci.emptyapp
11-16 09:56:39.222: E/OverlayManager(1199): Failed to change enabled overlays for dev.androidx.ci.emptyapp user 0
11-16 09:56:39.226: I/ConditionProviders(1199): Disallowing condition provider dev.androidx.ci.emptyapp
11-16 09:56:39.231: D/RegisteredNfcFServicesCache(4149): Service unchanged, not updating
11-16 09:56:39.236: D/WifiConfigManager(1199): Remove all networks for app ApplicationInfo{4fd6a94 dev.androidx.ci.emptyapp}
11-16 09:56:39.237: E/PhoneInterfaceManager(3799): [PhoneIntfMgr] getCarrierPackageNamesForIntent: No UICC
11-16 09:56:39.237: D/CarrierSvcBindHelper(3799): No carrier app for: 0
11-16 09:56:39.241: I/NetworkScheduler.Stats(10945): Task com.google.android.gms/com.google.android.gms.ipa.base.IpaGcmTaskService started execution. cause:9 exec_start_elapsed_seconds: 469 [CONTEXT service_id=218 ]
11-16 09:56:39.248: I/NetworkScheduler.Stats(10945): Task com.google.android.gms/com.google.android.gms.ipa.base.IpaGcmTaskService finished executing. cause:9 result: 1 elapsed_millis: 36 uptime_millis: 36 exec_start_elapsed_seconds: 469 [CONTEXT service_id=218 ]
11-16 09:56:39.250: I/ContentMaintenance(14482): Internal cache bytes used: 0; limit: 100000000; download size: 0
11-16 09:56:39.252: I/Fitness(10945): FitCleanupIntentOperation received Intent android.intent.action.PACKAGE_REMOVED [CONTEXT service_id=17 ]
11-16 09:56:39.256: I/RealtimeCacheCleanup(14482): Beginning Realtime garbage collection.
11-16 09:56:39.256: I/RealtimeCacheCleanup(14482): Finished Realtime garbage collection.
11-16 09:56:39.262: I/BlockstoreStorage(14482): Clearing all the Blockstore Data for package dev.androidx.ci.emptyapp [CONTEXT service_id=258 ]
11-16 09:56:39.262: I/BlockstoreStorage(14482): Clearing all the Blockstore Data for 1 packages [CONTEXT service_id=258 ]
11-16 09:56:39.264: I/PinnedContentDownloader(14482): Finished downloading pinned content.
11-16 09:56:39.278: E/ExecutionCriteria(10945): Package unavailable for task: com.google.android.apps.gcs/com.google.android.flib.phenotype.services.PhenotypeExperimentCommitService{u=0 tag="PhenotypeExpCommitSvc" trigger=window{start=0s,end=30s,earliest=-370s,latest=-340s} requirements=[NET_ANY] attributes=[PERSISTED] scheduled=-370s last_run=N/A exec_window_multiplier=1.0000 jid=N/A status=PENDING retries=0 client_lib=MANCHEGO_GCM-11732000} [CONTEXT service_id=218 ]
11-16 09:56:39.279: I/Icing(14482): doRemovePackageData dev.androidx.ci.emptyapp
11-16 09:56:39.286: I/Icing(14482): Indexing com.google.android.gms-apps from com.google.android.gms
11-16 09:56:39.288: I/Icing(14482): Indexing done com.google.android.gms-apps
