11-16 09:56:18.598: W/sh(15195): type=1400 audit(0.0:199): avc: denied { read } for name="cache" dev="dm-0" ino=48 scontext=u:r:shell:s0 tcontext=u:object_r:cache_file:s0 tclass=lnk_file permissive=0
11-16 09:56:19.017: I/PackageManager.DexOptimizer(1199): Running dexopt (dexoptNeeded=1) on: /data/app/com.google.android.gms.policy_test_support-myb5finWrsyKfGXOTtZ7Ww==/base.apk pkg=com.google.android.gms.policy_test_support isa=arm64 dexoptFlags=boot_complete,profile_guided,public,enable_hidden_api_checks targetFilter=speed-profile oatDir=/data/app/com.google.android.gms.policy_test_support-myb5finWrsyKfGXOTtZ7Ww==/oat classLoaderContext=PCL[]
11-16 09:56:19.017: V/installed(843): DexInv: --- BEGIN '/data/app/com.google.android.gms.policy_test_support-myb5finWrsyKfGXOTtZ7Ww==/base.apk' ---
11-16 09:56:19.076: I/dex2oat(15211): /system/bin/dex2oat --input-vdex-fd=-1 --output-vdex-fd=19 --compiler-filter=speed-profile --classpath-dir=/data/app/com.google.android.gms.policy_test_support-myb5finWrsyKfGXOTtZ7Ww== --class-loader-context=PCL[] --generate-mini-debug-info --compact-dex-level=none --compilation-reason=install
11-16 09:56:19.363: I/dex2oat(15211): Explicit concurrent copying GC freed 10438(1511KB) AllocSpace objects, 0(0B) LOS objects, 99% free, 728B/1536KB, paused 44us total 3.296ms
11-16 09:56:19.433: I/dex2oat(15211): dex2oat took 360.772ms (800.965ms cpu) (threads: 8) arena alloc=66KB (68576B) java alloc=16KB (17112B) native alloc=2MB (3041696B) free=3MB (3249760B)
11-16 09:56:19.439: V/installed(843): DexInv: --- END '/data/app/com.google.android.gms.policy_test_support-myb5finWrsyKfGXOTtZ7Ww==/base.apk' (success) ---
11-16 09:56:19.439: V/installed(843): [ 11-16 09:56:19.441   843:  891 E/         ]
11-16 09:56:19.439: V/installed(843): Couldn't opendir /data/app/vmdl1712744268.tmp: No such file or directory
11-16 09:56:19.441: E/installd(843): Failed to delete /data/app/vmdl1712744268.tmp: No such file or directory
11-16 09:56:19.448: D/ImsResolver(3799): maybeAddedImsService, packageName: com.google.android.gms.policy_test_support
11-16 09:56:19.454: I/Finsky(12926): [2] yeh.d(13): PackageMonitorReceiverImpl - Received: android.intent.action.PACKAGE_ADDED, [TAsD3pqu7qg-JZYPvpWmQGEwsDQ0NnuVQpcaQGQjJQU]
11-16 09:56:19.454: I/Telecom(1199): DefaultDialerCache: Refreshing default dialer for user 0: now com.google.android.dialer: DDC.oR@AI4
11-16 09:56:19.454: I/Finsky(12926): [2] yfi.g(1): Invalidating cached PackageState for com.google.android.gms.policy_test_support
11-16 09:56:19.455: I/InputReader(1199): Reconfiguring input devices.  changes=0x00000010
11-16 09:56:19.456: I/CarrierServices(10013): [2] RcsAutoStartReceiver.b: carrierServicesJibeServiceEnabled changed from true to true
11-16 09:56:19.457: I/CarrierServices(10013): [2] RcsAutoStartReceiver.b: enableRcs changed from true to true
11-16 09:56:19.458: I/CarrierServices(10013): [2] RcsAutoStartReceiver.b: RcsAutoStartReceiver triggered. Fetching RCS State. Action: android.intent.action.PACKAGE_ADDED
11-16 09:56:19.464: W/BroadcastQueue(1199): Background execution not allowed: receiving Intent { act=android.intent.action.PACKAGE_ADDED dat=package:com.google.android.gms.policy_test_support flg=0x4000010 (has extras) } to com.android.musicfx/.Compatibility$Receiver
11-16 09:56:19.465: W/BroadcastQueue(1199): Background execution not allowed: receiving Intent { act=android.intent.action.PACKAGE_ADDED dat=package:com.google.android.gms.policy_test_support flg=0x4000010 (has extras) } to com.android.vending/com.google.android.finsky.packagemanager.impl.PackageMonitorReceiverImpl$RegisteredReceiver
11-16 09:56:19.465: W/BroadcastQueue(1199): Background execution not allowed: receiving Intent { act=android.intent.action.PACKAGE_ADDED dat=package:com.google.android.gms.policy_test_support flg=0x4000010 (has extras) } to com.google.android.gms/.games.chimera.GamesSystemBroadcastReceiverProxy
11-16 09:56:19.465: I/Finsky(12926): [2] owk.d(2): Frosting ID looked up on UI thread. Caller should move to a background thread.
11-16 09:56:19.465: I/CarrierServices(10013): [2] aws.a: Migration binding to RcsMigrationService
11-16 09:56:19.471: I/Finsky(12926): [258] ovx.run(16): Wrote row to frosting DB: 208
11-16 09:56:19.475: W/BroadcastQueue(1199): Background execution not allowed: receiving Intent { act=android.intent.action.PACKAGE_ADDED dat=package:com.google.android.gms.policy_test_support flg=0x4000010 (has extras) } to com.google.android.gms/.gass.chimera.PackageChangeBroadcastReceiver
11-16 09:56:19.475: W/BroadcastQueue(1199): Background execution not allowed: receiving Intent { act=android.intent.action.PACKAGE_ADDED dat=package:com.google.android.gms.policy_test_support flg=0x4000010 (has extras) } to com.google.android.gms/.chimera.GmsIntentOperationService$PersistentTrustedReceiver
11-16 09:56:19.476: V/BackupManagerConstants(1199): getFullBackupIntervalMilliseconds(...) returns 86400000
11-16 09:56:19.483: I/BugleDataModel(7169): RcsMigrationService: Returning RCS state provider.
11-16 09:56:19.483: E/PhoneInterfaceManager(3799): [PhoneIntfMgr] getCarrierPackageNamesForIntent: No UICC
11-16 09:56:19.483: D/CarrierSvcBindHelper(3799): No carrier app for: 0
11-16 09:56:19.483: W/BroadcastQueue(1199): Background execution not allowed: receiving Intent { act=android.intent.action.PACKAGE_ADDED dat=package:com.google.android.gms.policy_test_support flg=0x4000010 (has extras) } to com.google.android.googlequicksearchbox/com.google.android.apps.gsa.googlequicksearchbox.GelStubAppWatcher
11-16 09:56:19.484: W/BroadcastQueue(1199): Background execution not allowed: receiving Intent { act=android.intent.action.PACKAGE_ADDED dat=package:com.google.android.gms.policy_test_support flg=0x4000010 (has extras) } to com.google.android.ims/.receivers.RcsAutoStartReceiver
11-16 09:56:19.487: D/RegisteredNfcFServicesCache(4149): Service unchanged, not updating
11-16 09:56:19.488: I/Finsky(12926): [2] amas.a(3): Do not start WearSupportService due to Wear service optimization
11-16 09:56:19.491: E/VvmPkgInstalledRcvr(3799): cannot create TelephonyManager from ComponentInfo{com.android.phone/com.android.services.telephony.TelephonyConnectionService}, ***, UserHandle{0}
11-16 09:56:19.491: D/CarrierConfigLoader(3799): mHandler: 9 phoneId: 0
11-16 09:56:19.491: I/BugleRcsEngine(7169): [436] pot.a: Sim state is not ready. Returning last known operation mode.
11-16 09:56:19.491: I/Finsky(12926): [2] amas.a(3): Do not start WearSupportService due to Wear service optimization
11-16 09:56:19.493: I/Finsky(12926): [2] aeak.a(8): Clearing split related stale data.
11-16 09:56:19.493: I/CarrierServices(10013): [588] awt.doInBackground: Saving RCS State
11-16 09:56:19.493: I/CarrierServices(10013): [588] awt.doInBackground: Old operation mode: 0
11-16 09:56:19.494: I/CarrierServices(10013): [588] awt.doInBackground: New operation mode: 0
11-16 09:56:19.495: I/CarrierServices(10013): [2] aww.a: Unbinding RcsMigrationService
11-16 09:56:19.497: I/Finsky(12926): [259] gxq.a(12): Asset module storage cleared for package com.google.android.gms.policy_test_support.
11-16 09:56:19.498: I/Finsky(12926): [2] owk.d(2): Frosting ID looked up on UI thread. Caller should move to a background thread.
11-16 09:56:19.494: W/sh(15223): type=1400 audit(0.0:200): avc: denied { read } for name="cache" dev="dm-0" ino=48 scontext=u:r:shell:s0 tcontext=u:object_r:cache_file:s0 tclass=lnk_file permissive=0
11-16 09:56:19.502: I/Finsky(12926): [258] ovx.run(16): Wrote row to frosting DB: 209
11-16 09:56:19.511: W/GCM(10945): Unexpected forwarded intent: Intent { act=android.intent.action.PACKAGE_ADDED dat=package:com.google.android.gms.policy_test_support flg=0x4000010 pkg=com.google.android.gms cmp=com.google.android.gms/.chimera.PersistentIntentOperationService (has extras) }
11-16 09:56:19.513: W/GCM(10945): Unexpected forwarded intent: Intent { act=android.intent.action.PACKAGE_ADDED dat=package:com.google.android.gms.policy_test_support flg=0x4000010 pkg=com.google.android.gms cmp=com.google.android.gms/.chimera.PersistentIntentOperationService (has extras) }
11-16 09:56:19.516: I/GmsModuleFndr(14482): Beginning GMS chimera module scan
11-16 09:56:19.525: W/gle.android.gm(14482): Unsupported class loader
11-16 09:56:19.528: W/gle.android.gm(14482): Skipping duplicate class check due to unsupported classloader
11-16 09:56:19.534: W/system_server(1199): Unknown chunk type '200'.
11-16 09:56:19.582: I/ModuleSetMgr(14482): Computing pending module set with APKs: [[AdsFdrDynamite.integ:213806100100000], [Enpromo.integ:214106000100000], [Pay.optional:213614100000], [VisionOcr.optional:213614100400], [AdsFdrDynamite.integ:212104400100000], [Cronetdynamite:213614100400], [Dynamiteloader:213614100000], [Dynamitemodulesa:213614100000], [Dynamitemodulesc:213614100000], [Googlecertificates:213614100000], [Mapsdynamite:213614100000], [Measurementdynamite:213614100000]]
11-16 09:56:19.589: I/Finsky(12926): [2] abzb.b(5): SCH: Jobs in database: 1-1337 3-1 12-1 24-77777777 26-1414141414 31-305419896 
11-16 09:56:19.596: I/Finsky(12926): [2] abxn.d(37): SCH: ConstraintMapping: 24-77777777,  -> L: 0ms, D: 82584361ms, C: false, I: true, N: 0
11-16 09:56:19.597: I/Finsky(12926): [2] abxn.d(37): SCH: ConstraintMapping: 1-1337, 12-1, 31-305419896,  -> L: 14900ms, D: 74467932ms, C: false, I: false, N: 1
11-16 09:56:19.597: I/Finsky(12926): [2] abxn.d(37): SCH: ConstraintMapping: 3-1,  -> L: 0ms, D: 86190334ms, C: true, I: true, N: 2
11-16 09:56:19.598: I/Finsky(12926): [2] abxn.d(37): SCH: ConstraintMapping: 26-1414141414,  -> L: 42805656ms, D: 43705656ms, C: false, I: false, N: 0
11-16 09:56:19.598: I/Finsky(12926): [257] jnw.a(15): [ContentSync] finished, scheduled=true
11-16 09:56:19.606: I/Finsky(12926): [2] abxn.f(7): SCH: Cancelling existing jobscheduler jobs: 9002 9001 9003 9004 
11-16 09:56:19.606: I/Finsky(12926): [2] abxn.e(8): SCH: Throttling wakeup for job 9000 (expected to run in 0 ms) due to recent wakeup
11-16 09:56:19.606: I/Finsky(12926): [2] abxn.e(23): SCH: Scheduling job Id: 9000, L: 30000, D: 82584361, C: false, I: true, N: 0
11-16 09:56:19.608: I/Finsky(12926): [2] abxn.e(8): SCH: Throttling wakeup for job 9005 (expected to run in 14900 ms) due to recent wakeup
11-16 09:56:19.608: I/Finsky(12926): [2] abxn.e(23): SCH: Scheduling job Id: 9005, L: 30000, D: 74467932, C: false, I: false, N: 1
11-16 09:56:19.609: I/Finsky(12926): [2] abxn.e(8): SCH: Throttling wakeup for job 9006 (expected to run in 0 ms) due to recent wakeup
11-16 09:56:19.610: I/Finsky(12926): [2] abxn.e(23): SCH: Scheduling job Id: 9006, L: 30000, D: 86190334, C: true, I: true, N: 2
11-16 09:56:19.611: I/Finsky(12926): [2] abxn.e(23): SCH: Scheduling job Id: 9007, L: 42805656, D: 43705656, C: false, I: false, N: 0
11-16 09:56:19.645: I/ModuleSetMgr(14482): Pending container module APKs: [[Pay.optional:213614100000], [VisionOcr.optional:213614100400]]
11-16 09:56:19.645: I/ModuleSetMgr(14482): Pending non-container module APKs: [[Enpromo.integ:214106000100000], [AdsFdrDynamite.integ:213806100100000]]
11-16 09:56:19.666: W/PackageParser(14482): Unknown element under <manifest>: queries at /data/user_de/0/com.google.android.gms/app_chimera/m/00000007/AdsDynamite.apk Binary XML file line #5
11-16 09:56:19.688: W/PackageParser(14482): Unknown element under <manifest>: queries at /data/user_de/0/com.google.android.gms/app_chimera/m/00000010/dl-AdsFdrDynamite.integ_213806100100000.apk Binary XML file line #11
11-16 09:56:19.781: I/gle.android.gm(14482): Compiler allocated 4MB to compile java.util.ArrayList dqw.b(java.util.List, boolean)
11-16 09:56:19.851: I/PackageManager.DexOptimizer(1199): Running dexopt (dexoptNeeded=1) on: /data/app/com.google.android.gmscore.testing.testsupport-BmiQNJGN8GLO0JUrVdJIKA==/base.apk pkg=com.google.android.gmscore.testing.testsupport isa=arm64 dexoptFlags=boot_complete,profile_guided,public,enable_hidden_api_checks targetFilter=speed-profile oatDir=/data/app/com.google.android.gmscore.testing.testsupport-BmiQNJGN8GLO0JUrVdJIKA==/oat classLoaderContext=PCL[/system/framework/org.apache.http.legacy.boot.jar]
11-16 09:56:19.852: V/installed(843): DexInv: --- BEGIN '/data/app/com.google.android.gmscore.testing.testsupport-BmiQNJGN8GLO0JUrVdJIKA==/base.apk' ---
11-16 09:56:19.869: I/dex2oat(15258): /system/bin/dex2oat --input-vdex-fd=-1 --output-vdex-fd=19 --compiler-filter=speed-profile --classpath-dir=/data/app/com.google.android.gmscore.testing.testsupport-BmiQNJGN8GLO0JUrVdJIKA== --class-loader-context=PCL[/system/framework/org.apache.http.legacy.boot.jar] --generate-mini-debug-info --compact-dex-level=none --compilation-reason=install
11-16 09:56:19.967: I/gle.android.gm(14482): Compiler allocated 4MB to compile drx dqy.h(int, java.util.List, java.util.List, dub, java.lang.String, java.util.List, java.util.List, java.util.List, java.lang.String, java.util.List, java.util.List)
11-16 09:56:19.998: I/ChimeraCfgMgr(14482): Updating module config: ads_fdr:2138061005100000,container:2136149100400+pay+vision.ocr,enpromo:2141060005100000 -> ads_fdr:2138061005100000,container:2136149100400+pay+vision.ocr,enpromo:2141060005100000
11-16 09:56:19.998: E/DowngradeHelper(14482): isModuleDowngradeRequired false
11-16 09:56:20.013: W/BroadcastQueue(1199): Background execution not allowed: receiving Intent { act=com.google.android.chimera.MODULE_CONFIGURATION_CHANGED flg=0x10 (has extras) } to com.google.android.gms/.chimera.GmsIntentOperationService$PersistentInternalReceiver
11-16 09:56:20.032: I/ChimeraCfgMgr(14482): Sending com.google.android.chimera.IntentOperation.NEW_MODULE Intents: 1,false,true
11-16 09:56:20.036: I/GmsDebugLogger(14482): [46] ads_fdr:2138061005100000,container:2136149100400+pay+vision.ocr,enpromo:2141060005100000
11-16 09:56:20.042: I/Auth(14482): [SupervisedAccountIntentOperation] onHandleIntent(): android.intent.action.PACKAGE_ADDED
11-16 09:56:20.051: W/gle.android.gm(14482): Unsupported class loader
11-16 09:56:20.052: W/gle.android.gm(14482): Skipping duplicate class check due to unsupported classloader
11-16 09:56:20.055: I/gle.android.gm(14482): Failed to add image file Failed to flatten class loader hierarchy 'Unknown class loader type drb'
11-16 09:56:20.066: I/BlockstoreStorage(14482): Clearing Blockstore Data for package com.google.android.gms.policy_test_support [CONTEXT service_id=258 ]
11-16 09:56:20.070: I/BlockstoreStorage(14482): No metadata found. Skipping deletion. [CONTEXT service_id=258 ]
11-16 09:56:20.122: D/BoundBrokerSvc(14482): onBind: Intent { act=com.google.android.gms.common.BIND_SHARED_PREFS pkg=com.google.android.gms }
11-16 09:56:20.122: D/BoundBrokerSvc(14482): Loading bound service for intent: Intent { act=com.google.android.gms.common.BIND_SHARED_PREFS pkg=com.google.android.gms }
11-16 09:56:20.128: D/BoundBrokerSvc(10945): onBind: Intent { act=com.google.android.gms.nearby.exposurenotification.START cmp=com.google.android.gms/.chimera.PersistentApiService }
11-16 09:56:20.128: D/BoundBrokerSvc(10945): Loading bound service for intent: Intent { act=com.google.android.gms.nearby.exposurenotification.START cmp=com.google.android.gms/.chimera.PersistentApiService }
11-16 09:56:20.145: I/TestSupport(14482): Activate: 1637049600000@1637085380126 [CONTEXT service_id=133 ]
11-16 09:56:20.145: I/TestSupport(14482): Boot time: 1637084929214 [CONTEXT service_id=133 ]
11-16 09:56:20.148: I/Icing(14482): IndexChimeraService.getServiceInterface callingPackage=com.google.android.gms componentName=AppsCorpus serviceId=36
11-16 09:56:20.151: I/TestSupport(14482): Updated: /data/data/com.google.android.gms/app_testsupport/.startup [CONTEXT service_id=133 ]
11-16 09:56:20.162: I/ChimeraCfgMgr(14482): Received com.google.android.chimera.IntentOperation.NEW_MODULE(1/0): 1,false
11-16 09:56:20.174: D/BoundBrokerSvc(14482): onUnbind: Intent { act=com.google.android.gms.common.BIND_SHARED_PREFS pkg=com.google.android.gms }
11-16 09:56:20.185: E/PhenotypeRegOp(14482): Attempting to overwrite config package for com.google.android.gms.games [CONTEXT service_id=231 ]
11-16 09:56:20.187: E/PhenotypeRegOp(14482): Attempting to overwrite config package for com.google.android.gms.maps#com.google.android.gms [CONTEXT service_id=231 ]
11-16 09:56:20.187: E/PhenotypeRegOp(14482): Attempting to overwrite config package for com.google.android.gms.cast [CONTEXT service_id=231 ]
11-16 09:56:20.187: E/PhenotypeRegOp(14482): Attempting to overwrite config package for com.google.android.gms.mobile_data_plan [CONTEXT service_id=231 ]
11-16 09:56:20.189: W/Icing(14482): No valid account for uploading user actions
11-16 09:56:20.190: E/PhenotypeRegOp(14482): Attempting to overwrite config package for com.google.android.gms.udc [CONTEXT service_id=231 ]
11-16 09:56:20.194: I/GmsModuleFndr(14482): Beginning GMS chimera module scan
11-16 09:56:20.198: W/ChimeraUtils(10945): Module com.google.android.gms.nearby_en has empty metadata display_name_string_id
11-16 09:56:20.201: I/ModuleSetMgr(14482): Computing pending module set with APKs: [[AdsFdrDynamite.integ:213806100100000], [Enpromo.integ:214106000100000], [Pay.optional:213614100000], [VisionOcr.optional:213614100400], [AdsFdrDynamite.integ:212104400100000], [Cronetdynamite:213614100400], [Dynamiteloader:213614100000], [Dynamitemodulesa:213614100000], [Dynamitemodulesc:213614100000], [Googlecertificates:213614100000], [Mapsdynamite:213614100000], [Measurementdynamite:213614100000]]
11-16 09:56:20.209: W/ChimeraUtils(10945): Module com.google.android.gms.nearby_en has empty metadata display_name_string_id
11-16 09:56:20.211: W/ChimeraUtils(10945): Module com.google.android.gms.nearby_en has empty metadata display_name_string_id
11-16 09:56:20.232: I/Icing(14482): Usage reports ok 0, Failed Usage reports 0, indexed 0, rejected 0
11-16 09:56:20.241: I/ModuleSetMgr(14482): Pending container module APKs: [[Pay.optional:213614100000], [VisionOcr.optional:213614100400]]
11-16 09:56:20.241: I/ModuleSetMgr(14482): Pending non-container module APKs: [[Enpromo.integ:214106000100000], [AdsFdrDynamite.integ:213806100100000]]
11-16 09:56:20.244: I/Icing(14482): IndexChimeraService.getServiceInterface callingPackage=com.google.android.gms componentName=null serviceId=30
11-16 09:56:20.253: I/Icing(14482): Indexing com.google.android.gms-apps from com.google.android.gms
11-16 09:56:20.265: I/Icing(14482): Indexing done com.google.android.gms-apps
11-16 09:56:20.268: W/PackageParser(14482): Unknown element under <manifest>: queries at /data/user_de/0/com.google.android.gms/app_chimera/m/00000007/AdsDynamite.apk Binary XML file line #5
11-16 09:56:20.270: W/Icing(14482): No valid account for uploading user actions
11-16 09:56:20.278: I/Icing(14482): Usage reports ok 0, Failed Usage reports 0, indexed 0, rejected 0
11-16 09:56:20.287: W/PackageParser(14482): Unknown element under <manifest>: queries at /data/user_de/0/com.google.android.gms/app_chimera/m/00000010/dl-AdsFdrDynamite.integ_213806100100000.apk Binary XML file line #11
11-16 09:56:20.389: I/dex2oat(15258): Explicit concurrent copying GC freed 11040(2MB) AllocSpace objects, 0(0B) LOS objects, 99% free, 896B/1536KB, paused 47us total 2.957ms
11-16 09:56:20.458: D/WificondControl(1199): Scan result ready event
11-16 09:56:20.498: I/dex2oat(15258): dex2oat took 630.941ms (1.190s cpu) (threads: 8) arena alloc=17KB (17504B) java alloc=16KB (17280B) native alloc=5MB (5285296B) free=2MB (3103312B)
11-16 09:56:20.504: V/installed(843): DexInv: --- END '/data/app/com.google.android.gmscore.testing.testsupport-BmiQNJGN8GLO0JUrVdJIKA==/base.apk' (success) ---
11-16 09:56:20.504: V/installed(843): [ 11-16 09:56:20.512   843:  891 E/         ]
11-16 09:56:20.504: V/installed(843): Couldn't opendir /data/app/vmdl758584079.tmp: No such file or directory
11-16 09:56:20.512: E/installd(843): Failed to delete /data/app/vmdl758584079.tmp: No such file or directory
11-16 09:56:20.521: I/Finsky(12926): [2] yeh.d(13): PackageMonitorReceiverImpl - Received: android.intent.action.PACKAGE_ADDED, [Cfp7IzF5TvVG3xiSuASXeJDeHWm6HS2AulwLaqmOV14]
11-16 09:56:20.521: I/Finsky(12926): [2] yfi.g(1): Invalidating cached PackageState for com.google.android.gmscore.testing.testsupport
11-16 09:56:20.522: I/CarrierServices(10013): [2] RcsAutoStartReceiver.b: carrierServicesJibeServiceEnabled changed from true to true
11-16 09:56:20.522: I/InputReader(1199): Reconfiguring input devices.  changes=0x00000010
11-16 09:56:20.522: I/CarrierServices(10013): [2] RcsAutoStartReceiver.b: enableRcs changed from true to true
11-16 09:56:20.524: I/CarrierServices(10013): [2] RcsAutoStartReceiver.b: RcsAutoStartReceiver triggered. Fetching RCS State. Action: android.intent.action.PACKAGE_ADDED
11-16 09:56:20.525: I/Finsky(12926): [2] owk.d(2): Frosting ID looked up on UI thread. Caller should move to a background thread.
11-16 09:56:20.527: I/Telecom(1199): DefaultDialerCache: Refreshing default dialer for user 0: now com.google.android.dialer: DDC.oR@AJI
11-16 09:56:20.527: I/CarrierServices(10013): [2] aws.a: Migration binding to RcsMigrationService
11-16 09:56:20.528: I/Finsky(12926): [258] ovx.run(16): Wrote row to frosting DB: 210
11-16 09:56:20.544: W/BroadcastQueue(1199): Background execution not allowed: receiving Intent { act=android.intent.action.PACKAGE_ADDED dat=package:com.google.android.gmscore.testing.testsupport flg=0x4000010 (has extras) } to com.android.musicfx/.Compatibility$Receiver
11-16 09:56:20.547: I/Finsky(12926): [257] jnw.a(15): [ContentSync] finished, scheduled=false
11-16 09:56:20.548: W/BroadcastQueue(1199): Background execution not allowed: receiving Intent { act=android.intent.action.PACKAGE_ADDED dat=package:com.google.android.gmscore.testing.testsupport flg=0x4000010 (has extras) } to com.android.vending/com.google.android.finsky.packagemanager.impl.PackageMonitorReceiverImpl$RegisteredReceiver
11-16 09:56:20.548: W/BroadcastQueue(1199): Background execution not allowed: receiving Intent { act=android.intent.action.PACKAGE_ADDED dat=package:com.google.android.gmscore.testing.testsupport flg=0x4000010 (has extras) } to com.google.android.gms/.games.chimera.GamesSystemBroadcastReceiverProxy
11-16 09:56:20.548: W/BroadcastQueue(1199): Background execution not allowed: receiving Intent { act=android.intent.action.PACKAGE_ADDED dat=package:com.google.android.gmscore.testing.testsupport flg=0x4000010 (has extras) } to com.google.android.gms/.gass.chimera.PackageChangeBroadcastReceiver
11-16 09:56:20.548: W/BroadcastQueue(1199): Background execution not allowed: receiving Intent { act=android.intent.action.PACKAGE_ADDED dat=package:com.google.android.gmscore.testing.testsupport flg=0x4000010 (has extras) } to com.google.android.gms/.chimera.GmsIntentOperationService$PersistentTrustedReceiver
11-16 09:56:20.548: W/BroadcastQueue(1199): Background execution not allowed: receiving Intent { act=android.intent.action.PACKAGE_ADDED dat=package:com.google.android.gmscore.testing.testsupport flg=0x4000010 (has extras) } to com.google.android.googlequicksearchbox/com.google.android.apps.gsa.googlequicksearchbox.GelStubAppWatcher
11-16 09:56:20.548: W/BroadcastQueue(1199): Background execution not allowed: receiving Intent { act=android.intent.action.PACKAGE_ADDED dat=package:com.google.android.gmscore.testing.testsupport flg=0x4000010 (has extras) } to com.google.android.ims/.receivers.RcsAutoStartReceiver
11-16 09:56:20.549: I/Finsky(12926): [2] amas.a(3): Do not start WearSupportService due to Wear service optimization
11-16 09:56:20.550: I/BugleDataModel(7169): RcsMigrationService: Returning RCS state provider.
11-16 09:56:20.552: I/Finsky(12926): [2] amas.a(3): Do not start WearSupportService due to Wear service optimization
11-16 09:56:20.553: I/Finsky(12926): [2] aeak.a(8): Clearing split related stale data.
11-16 09:56:20.554: I/Finsky(12926): [259] gxq.a(12): Asset module storage cleared for package com.google.android.gmscore.testing.testsupport.
11-16 09:56:20.557: I/BugleRcsEngine(7169): [452] pot.a: Sim state is not ready. Returning last known operation mode.
11-16 09:56:20.558: I/Finsky(12926): [2] owk.d(2): Frosting ID looked up on UI thread. Caller should move to a background thread.
11-16 09:56:20.561: I/CarrierServices(10013): [589] awt.doInBackground: Saving RCS State
11-16 09:56:20.562: D/RegisteredNfcFServicesCache(4149): Service unchanged, not updating
11-16 09:56:20.562: I/CarrierServices(10013): [589] awt.doInBackground: Old operation mode: 0
11-16 09:56:20.562: I/CarrierServices(10013): [589] awt.doInBackground: New operation mode: 0
11-16 09:56:20.563: I/CarrierServices(10013): [2] aww.a: Unbinding RcsMigrationService
11-16 09:56:20.565: E/PhoneInterfaceManager(3799): [PhoneIntfMgr] getCarrierPackageNamesForIntent: No UICC
11-16 09:56:20.565: D/CarrierSvcBindHelper(3799): No carrier app for: 0
11-16 09:56:20.570: W/GCM(10945): Unexpected forwarded intent: Intent { act=android.intent.action.PACKAGE_ADDED dat=package:com.google.android.gmscore.testing.testsupport flg=0x4000010 pkg=com.google.android.gms cmp=com.google.android.gms/.chimera.PersistentIntentOperationService (has extras) }
11-16 09:56:20.570: W/GCM(10945): Unexpected forwarded intent: Intent { act=android.intent.action.PACKAGE_ADDED dat=package:com.google.android.gmscore.testing.testsupport flg=0x4000010 pkg=com.google.android.gms cmp=com.google.android.gms/.chimera.PersistentIntentOperationService (has extras) }
11-16 09:56:20.572: I/Finsky(12926): [258] ovx.run(16): Wrote row to frosting DB: 211
11-16 09:56:20.574: E/VvmPkgInstalledRcvr(3799): cannot create TelephonyManager from ComponentInfo{com.android.phone/com.android.services.telephony.TelephonyConnectionService}, ***, UserHandle{0}
11-16 09:56:20.574: D/ImsResolver(3799): maybeAddedImsService, packageName: com.google.android.gmscore.testing.testsupport
11-16 09:56:20.575: I/Auth(14482): [SupervisedAccountIntentOperation] onHandleIntent(): android.intent.action.PACKAGE_ADDED
11-16 09:56:20.576: D/CarrierConfigLoader(3799): mHandler: 9 phoneId: 0
11-16 09:56:20.579: I/BlockstoreStorage(14482): Clearing Blockstore Data for package com.google.android.gmscore.testing.testsupport [CONTEXT service_id=258 ]
11-16 09:56:20.581: I/BlockstoreStorage(14482): No metadata found. Skipping deletion. [CONTEXT service_id=258 ]
11-16 09:56:20.581: D/BoundBrokerSvc(14482): onBind: Intent { act=com.google.android.gms.common.BIND_SHARED_PREFS pkg=com.google.android.gms }
11-16 09:56:20.581: D/BoundBrokerSvc(14482): Loading bound service for intent: Intent { act=com.google.android.gms.common.BIND_SHARED_PREFS pkg=com.google.android.gms }
11-16 09:56:20.582: I/ActivityManager(1199): Start proc 15291:com.google.android.gmscore.testing.testsupport/u0a170 for service com.google.android.gmscore.testing.testsupport/.CommandService
11-16 09:56:20.588: E/ing.testsuppor(15291): Not starting debugger since process cannot load the jdwp agent.
11-16 09:56:20.590: D/BoundBrokerSvc(14482): onUnbind: Intent { act=com.google.android.gms.common.BIND_SHARED_PREFS pkg=com.google.android.gms }
11-16 09:56:20.615: W/ChimeraUtils(10945): Module com.google.android.gms.nearby_en has empty metadata display_name_string_id
11-16 09:56:20.621: I/ing.testsuppor(15291): The ClassLoaderContext is a special shared library.
11-16 09:56:20.623: I/Icing(14482): Indexing com.google.android.gms-apps from com.google.android.gms
11-16 09:56:20.623: W/ChimeraUtils(10945): Module com.google.android.gms.nearby_en has empty metadata display_name_string_id
11-16 09:56:20.626: W/ChimeraUtils(10945): Module com.google.android.gms.nearby_en has empty metadata display_name_string_id
11-16 09:56:20.626: I/Icing(14482): Indexing done com.google.android.gms-apps
11-16 09:56:20.637: I/TSDRIVER(15291): CommandService onHandleIntent()
11-16 09:56:20.637: I/TSDRIVER(15291): Got command: PACKAGE
11-16 09:56:20.655: I/TSDRIVER(15291): flag package: Eglnc2VydmljZXMaLAooZmluc2t5LnBsYXlfc2VydmljZXNfYXV0b191cGRhdGVfZW5hYmxlZBgAGjUKMWZpbnNreS5zZXR1cF93aXphcmRfYWRkaXRpb25hbF9hY2NvdW50X3ZwYV9lbmFibGUYABoxCi1maW5za3kuZGFpbHlfaHlnaWVuZV9zY2hlZHVsZV91bmF1dGhlbnRpY2F0ZWQYABpyCipmaW5za3kuYmFja2dyb3VuZF9zcGxpdF9pbnN0YWxsc19ibGFja2xpc3QSRGNvbS5hbmRyb2lkLmNocm9tZSxjb20uZ29vZ2xlLmFuZHJvaWQuZ21zLGNvbS5nb29nbGUuYW5kcm9pZC53ZWJ2aWV3KPgB
11-16 09:56:20.658: I/TSDRIVER(15291): flag package: gservices
11-16 09:56:20.659: E/GooglePlayServicesUtil(15291): The Google Play services resources were not found. Check your project configuration to ensure that the resources are included.
11-16 09:56:20.665: D/BoundBrokerSvc(14482): onBind: Intent { act=com.google.android.gms.testsupport.service.START pkg=com.google.android.gms }
11-16 09:56:20.665: D/BoundBrokerSvc(14482): Loading bound service for intent: Intent { act=com.google.android.gms.testsupport.service.START pkg=com.google.android.gms }
11-16 09:56:20.705: I/m.akt(14482): Primes not initialized, returning default (no-op) Primes instance which will ignore all calls. Please call Primes.initialize(...) before using any Primes API.
11-16 09:56:20.717: W/DynamiteModule(14482): Local module descriptor class for com.google.android.gms.googlecertificates not found.
11-16 09:56:20.721: W/gle.android.gm(14482): Unsupported class loader
11-16 09:56:20.722: W/gle.android.gm(14482): Skipping duplicate class check due to unsupported classloader
11-16 09:56:20.724: I/DynamiteModule(14482): Considering local module com.google.android.gms.googlecertificates:0 and remote module com.google.android.gms.googlecertificates:6
11-16 09:56:20.724: I/DynamiteModule(14482): Selected remote version of com.google.android.gms.googlecertificates, version >= 6
11-16 09:56:20.731: W/gle.android.gm(14482): Unsupported class loader
11-16 09:56:20.735: W/gle.android.gm(14482): Skipping duplicate class check due to unsupported classloader
11-16 09:56:20.759: I/TestSupport(14482): Activated: 1637049600000@1637085380126 [CONTEXT service_id=133 ]
11-16 09:56:20.760: I/TestSupport(14482): Boot time: 1637084929214 [CONTEXT service_id=133 ]
11-16 09:56:20.760: I/TestSupport(14482): Passing package and signature checks: com.google.android.gmscore.testing.testsupport [CONTEXT service_id=133 ]
11-16 09:56:20.771: I/TestSupport(14482): SetOverrideOperation: finsky.play_services_auto_update_enabled = false [CONTEXT service_id=133 ]
11-16 09:56:20.799: I/GservicesProvider(4410): override update completed
11-16 09:56:20.812: I/ActivityManager(1199): Start proc 15320:com.android.connectivity.metrics/u0a57 for broadcast com.android.connectivity.metrics/.SnapshotSchedulingReceiver
11-16 09:56:20.819: E/ctivity.metric(15320): Not starting debugger since process cannot load the jdwp agent.
11-16 09:56:20.822: I/TestSupport(14482): GServices override confirmed: finsky.play_services_auto_update_enabled=false [CONTEXT service_id=133 ]
11-16 09:56:20.825: I/CarrierServices(10013): [2] bxu.e: Carrier Services GServices flags:
11-16 09:56:20.825: I/CarrierServices(10013):    carrier_services_security_flags_ec_api_white_listed_packages: com.google.android.apps.messaging,com.google.android.dialer,com.google.android.ims.client.sampleapp,com.android.contacts,com.lge.rcscall,com.android.incallui,com.huawei.incallui.appfeature.rcsfeature
11-16 09:56:20.825: I/CarrierServices(10013):    carrier_services_security_flags_ec_api_white_listed_signatures: B28C3EDB665DF32686224DF800F603E9959BBE4E,0980A12BE993528C19107BC21AD811478C63CEFC,B38FA7B5ECFAEC44620A020752B07E063B3120A8,203997BC46B8792DC9747ABD230569071F9A0439,EDA6413C3E3A95492114FE07CD953AD897E40D1A,760EBB9F4200B3DFB1B817B40FF0563A3C150D39,5B368CFF2DA2686996BC95EAC190EAA4F5630FE5,01D845B26B688D8EF647205A5944E9407E52E06E,27196E386B875E76ADF700E7EA84E4C6EEE33DFA,1CDD04F1E4A732BB0352FDFAEE26D2315526DF85,025D5212BF3B5F5CDA6117A518721D70A94D84E0
11-16 09:56:20.825: I/CarrierServices(10013):    carrier_services_security_flags_test_service_white_listed_packages: com.google.android.ims.mobly.snippets
11-16 09:56:20.825: I/CarrierServices(10013):    carrier_services_security_flags_test_service_white_listed_signatures: AE41481F52E0F58DF2806D5A38EB3DBCA5AE02B0,E165542B31953CC282AA4EF2F4D5F07F7663A2A2
11-16 09:56:20.825: I/CarrierServices(10013):    carrier_services_security_flags_white_listed_packages: com.google.android.apps.messaging,com.google.android.dialer,com.google.android.ims.client.sampleapp,com.android.contacts,com.lge.rcscall,com.android.incallui,com.huawei.incallui.appfeature.rcsfeature
11-16 09:56:20.825: I/CarrierServices(10013):    carrier_services_security_flags_white_listed_signatures: B28C3EDB665DF32686224DF800F603E9959BBE4E,0980A12BE993528C19107BC21AD811478C63CEFC,B38FA7B5ECFAEC44620A020752B07E063B3120A8,203997BC46B8792DC9747ABD230569071F9A0439,EDA6413C3E3A95492114FE07CD953AD897E40D1A,760EBB9F4200B3DFB1B817B40FF0563A3C150D39,5B368CFF2DA2686996BC95EAC190EAA4F5630FE5,01D845B26B688D8EF647205A5944E9407E52E06E,27196E386B875E76ADF700E7EA84E4C6EEE33DFA,1CDD04F1E4A732BB0352FDFAEE26D2315526DF85,025D5212BF3B5F5CDA6117A518721D70A94D84E0
11-16 09:56:20.825: I/CarrierServices(10013):    carrier_services_video_share_disabled_user_agent_substrings: SM-G930,SM-G935,SM-A320
11-16 09:56:20.825: I/CarrierServices(10013): ====================
11-16 09:56:20.829: I/Bugle(7169): ApnsOta: OTA version -1
11-16 09:56:20.837: I/TestSupport(14482): SetOverrideOperation: finsky.setup_wizard_additional_account_vpa_enable = false [CONTEXT service_id=133 ]
11-16 09:56:20.845: I/ctivity.metric(15320): The ClassLoaderContext is a special shared library.
11-16 09:56:20.852: D/CarrierServices(10013): log_saver already enabled
11-16 09:56:20.862: D/ConnMetrics:App(15320): onCreate()
11-16 09:56:20.869: I/GservicesProvider(4410): override update completed
11-16 09:56:20.879: I/ActivityManager(1199): Start proc 15341:com.google.android.apps.multidevice.client/u0a72 for broadcast com.google.android.apps.multidevice.client/.ui.pixel.SettingsActivityAvailabilityReceiver
11-16 09:56:20.880: E/tidevice.clien(15341): Not starting debugger since process cannot load the jdwp agent.
11-16 09:56:20.887: I/Bugle(7169): ApnsOta: OTA version -1
11-16 09:56:20.901: I/TestSupport(14482): GServices override confirmed: finsky.setup_wizard_additional_account_vpa_enable=false [CONTEXT service_id=133 ]
11-16 09:56:20.901: E/GooglePlayServicesUtil(15320): The Google Play services resources were not found. Check your project configuration to ensure that the resources are included.
11-16 09:56:20.905: I/tidevice.clien(15341): The ClassLoaderContext is a special shared library.
11-16 09:56:20.909: I/TestSupport(14482): SetOverrideOperation: finsky.daily_hygiene_schedule_unauthenticated = false [CONTEXT service_id=133 ]
11-16 09:56:20.911: D/BugleRcsEngine(10095): log_saver already enabled
11-16 09:56:20.912: I/CarrierServices(10013): [2] bxu.e: Carrier Services GServices flags:
11-16 09:56:20.912: I/CarrierServices(10013):    carrier_services_security_flags_ec_api_white_listed_packages: com.google.android.apps.messaging,com.google.android.dialer,com.google.android.ims.client.sampleapp,com.android.contacts,com.lge.rcscall,com.android.incallui,com.huawei.incallui.appfeature.rcsfeature
11-16 09:56:20.912: I/CarrierServices(10013):    carrier_services_security_flags_ec_api_white_listed_signatures: B28C3EDB665DF32686224DF800F603E9959BBE4E,0980A12BE993528C19107BC21AD811478C63CEFC,B38FA7B5ECFAEC44620A020752B07E063B3120A8,203997BC46B8792DC9747ABD230569071F9A0439,EDA6413C3E3A95492114FE07CD953AD897E40D1A,760EBB9F4200B3DFB1B817B40FF0563A3C150D39,5B368CFF2DA2686996BC95EAC190EAA4F5630FE5,01D845B26B688D8EF647205A5944E9407E52E06E,27196E386B875E76ADF700E7EA84E4C6EEE33DFA,1CDD04F1E4A732BB0352FDFAEE26D2315526DF85,025D5212BF3B5F5CDA6117A518721D70A94D84E0
11-16 09:56:20.912: I/CarrierServices(10013):    carrier_services_security_flags_test_service_white_listed_packages: com.google.android.ims.mobly.snippets
11-16 09:56:20.912: I/CarrierServices(10013):    carrier_services_security_flags_test_service_white_listed_signatures: AE41481F52E0F58DF2806D5A38EB3DBCA5AE02B0,E165542B31953CC282AA4EF2F4D5F07F7663A2A2
11-16 09:56:20.912: I/CarrierServices(10013):    carrier_services_security_flags_white_listed_packages: com.google.android.apps.messaging,com.google.android.dialer,com.google.android.ims.client.sampleapp,com.android.contacts,com.lge.rcscall,com.android.incallui,com.huawei.incallui.appfeature.rcsfeature
11-16 09:56:20.912: I/CarrierServices(10013):    carrier_services_security_flags_white_listed_signatures: B28C3EDB665DF32686224DF800F603E9959BBE4E,0980A12BE993528C19107BC21AD811478C63CEFC,B38FA7B5ECFAEC44620A020752B07E063B3120A8,203997BC46B8792DC9747ABD230569071F9A0439,EDA6413C3E3A95492114FE07CD953AD897E40D1A,760EBB9F4200B3DFB1B817B40FF0563A3C150D39,5B368CFF2DA2686996BC95EAC190EAA4F5630FE5,01D845B26B688D8EF647205A5944E9407E52E06E,27196E386B875E76ADF700E7EA84E4C6EEE33DFA,1CDD04F1E4A732BB0352FDFAEE26D2315526DF85,025D5212BF3B5F5CDA6117A518721D70A94D84E0
11-16 09:56:20.912: I/CarrierServices(10013):    carrier_services_video_share_disabled_user_agent_substrings: SM-G930,SM-G935,SM-A320
11-16 09:56:20.912: I/CarrierServices(10013): ====================
11-16 09:56:20.929: D/ConnMetrics:App(15320): IsOptedIn = false
11-16 09:56:20.939: I/GservicesProvider(4410): override update completed
11-16 09:56:20.951: I/TestSupport(14482): GServices override confirmed: finsky.daily_hygiene_schedule_unauthenticated=false [CONTEXT service_id=133 ]
11-16 09:56:20.953: I/Bugle(7169): ApnsOta: OTA version -1
11-16 09:56:20.959: I/SettingsActivityAvailab(15341): Disabling com.google.android.apps.multidevice.client.ui.pixel.SettingsActivity.
11-16 09:56:20.959: I/TestSupport(14482): SetOverrideOperation: finsky.background_split_installs_blacklist = com.android.chrome,com.google.android.gms,com.google.android.webview [CONTEXT service_id=133 ]
11-16 09:56:20.962: D/GservicesChangeReceiver(6004): Gservices Changed broadcast Received. context is android.app.ReceiverRestrictedContext@d011853
11-16 09:56:20.966: D/GservicesChangeReceiver(6004): Gservices allowPowerAnomalyData is False.
11-16 09:56:20.968: D/ConnectivityMonitorManager(6004): Service com.google.android.connectivitymonitor.PowerAnomalyDetectorService is not running...
11-16 09:56:20.976: D/GservicesChangeReceiver(6004): Gservices allowLowPowerMonitoring is False.
11-16 09:56:20.977: D/ConnectivityMonitorManager(6004): Service com.google.android.connectivitymonitor.LowPowerMonitorService is not running...
11-16 09:56:21.000: I/GservicesProvider(4410): override update completed
11-16 09:56:21.000: D/GservicesChangeReceiver(6004): Gservices isConnectivityMonitorEnabled is True.
11-16 09:56:21.002: D/ConnectivityMonitorManager(6004): Service com.google.android.connectivitymonitor.ConnectivityMonitorService is running...
11-16 09:56:21.008: I/CarrierServices(10013): [2] bxu.e: Carrier Services GServices flags:
11-16 09:56:21.008: I/CarrierServices(10013):    carrier_services_security_flags_ec_api_white_listed_packages: com.google.android.apps.messaging,com.google.android.dialer,com.google.android.ims.client.sampleapp,com.android.contacts,com.lge.rcscall,com.android.incallui,com.huawei.incallui.appfeature.rcsfeature
11-16 09:56:21.008: I/CarrierServices(10013):    carrier_services_security_flags_ec_api_white_listed_signatures: B28C3EDB665DF32686224DF800F603E9959BBE4E,0980A12BE993528C19107BC21AD811478C63CEFC,B38FA7B5ECFAEC44620A020752B07E063B3120A8,203997BC46B8792DC9747ABD230569071F9A0439,EDA6413C3E3A95492114FE07CD953AD897E40D1A,760EBB9F4200B3DFB1B817B40FF0563A3C150D39,5B368CFF2DA2686996BC95EAC190EAA4F5630FE5,01D845B26B688D8EF647205A5944E9407E52E06E,27196E386B875E76ADF700E7EA84E4C6EEE33DFA,1CDD04F1E4A732BB0352FDFAEE26D2315526DF85,025D5212BF3B5F5CDA6117A518721D70A94D84E0
11-16 09:56:21.008: I/CarrierServices(10013):    carrier_services_security_flags_test_service_white_listed_packages: com.google.android.ims.mobly.snippets
11-16 09:56:21.008: I/CarrierServices(10013):    carrier_services_security_flags_test_service_white_listed_signatures: AE41481F52E0F58DF2806D5A38EB3DBCA5AE02B0,E165542B31953CC282AA4EF2F4D5F07F7663A2A2
11-16 09:56:21.008: I/CarrierServices(10013):    carrier_services_security_flags_white_listed_packages: com.google.android.apps.messaging,com.google.android.dialer,com.google.android.ims.client.sampleapp,com.android.contacts,com.lge.rcscall,com.android.incallui,com.huawei.incallui.appfeature.rcsfeature
11-16 09:56:21.008: I/CarrierServices(10013):    carrier_services_security_flags_white_listed_signatures: B28C3EDB665DF32686224DF800F603E9959BBE4E,0980A12BE993528C19107BC21AD811478C63CEFC,B38FA7B5ECFAEC44620A020752B07E063B3120A8,203997BC46B8792DC9747ABD230569071F9A0439,EDA6413C3E3A95492114FE07CD953AD897E40D1A,760EBB9F4200B3DFB1B817B40FF0563A3C150D39,5B368CFF2DA2686996BC95EAC190EAA4F5630FE5,01D845B26B688D8EF647205A5944E9407E52E06E,27196E386B875E76ADF700E7EA84E4C6EEE33DFA,1CDD04F1E4A732BB0352FDFAEE26D2315526DF85,025D5212BF3B5F5CDA6117A518721D70A94D84E0
11-16 09:56:21.008: I/CarrierServices(10013):    carrier_services_video_share_disabled_user_agent_substrings: SM-G930,SM-G935,SM-A320
11-16 09:56:21.008: I/CarrierServices(10013): ====================
11-16 09:56:21.016: I/TestSupport(14482): GServices override confirmed: finsky.background_split_installs_blacklist=com.android.chrome,com.google.android.gms,com.google.android.webview [CONTEXT service_id=133 ]
11-16 09:56:21.017: I/ActivityManager(1199): Start proc 15360:com.google.android.euicc/u0a67 for broadcast com.google.android.euicc/com.android.euicc.receiver.GservicesChangedReceiver
11-16 09:56:21.018: E/e.android.euic(15360): Not starting debugger since process cannot load the jdwp agent.
11-16 09:56:21.020: I/TSDRIVER(15291): Handled command: PACKAGE
11-16 09:56:21.021: I/ActivityManager(1199): Killing 13962:com.google.android.packageinstaller/u0a36 (adj 906): empty #17
11-16 09:56:21.021: W/libprocessgroup(1199): kill(-13962, 9) failed: No such process
11-16 09:56:21.031: I/CarrierServices(10013): [2] bxu.e: Carrier Services GServices flags:
11-16 09:56:21.031: I/CarrierServices(10013):    carrier_services_security_flags_ec_api_white_listed_packages: com.google.android.apps.messaging,com.google.android.dialer,com.google.android.ims.client.sampleapp,com.android.contacts,com.lge.rcscall,com.android.incallui,com.huawei.incallui.appfeature.rcsfeature
11-16 09:56:21.031: I/CarrierServices(10013):    carrier_services_security_flags_ec_api_white_listed_signatures: B28C3EDB665DF32686224DF800F603E9959BBE4E,0980A12BE993528C19107BC21AD811478C63CEFC,B38FA7B5ECFAEC44620A020752B07E063B3120A8,203997BC46B8792DC9747ABD230569071F9A0439,EDA6413C3E3A95492114FE07CD953AD897E40D1A,760EBB9F4200B3DFB1B817B40FF0563A3C150D39,5B368CFF2DA2686996BC95EAC190EAA4F5630FE5,01D845B26B688D8EF647205A5944E9407E52E06E,27196E386B875E76ADF700E7EA84E4C6EEE33DFA,1CDD04F1E4A732BB0352FDFAEE26D2315526DF85,025D5212BF3B5F5CDA6117A518721D70A94D84E0
11-16 09:56:21.031: I/CarrierServices(10013):    carrier_services_security_flags_test_service_white_listed_packages: com.google.android.ims.mobly.snippets
11-16 09:56:21.031: I/CarrierServices(10013):    carrier_services_security_flags_test_service_white_listed_signatures: AE41481F52E0F58DF2806D5A38EB3DBCA5AE02B0,E165542B31953CC282AA4EF2F4D5F07F7663A2A2
11-16 09:56:21.031: I/CarrierServices(10013):    carrier_services_security_flags_white_listed_packages: com.google.android.apps.messaging,com.google.android.dialer,com.google.android.ims.client.sampleapp,com.android.contacts,com.lge.rcscall,com.android.incallui,com.huawei.incallui.appfeature.rcsfeature
11-16 09:56:21.031: I/CarrierServices(10013):    carrier_services_security_flags_white_listed_signatures: B28C3EDB665DF32686224DF800F603E9959BBE4E,0980A12BE993528C19107BC21AD811478C63CEFC,B38FA7B5ECFAEC44620A020752B07E063B3120A8,203997BC46B8792DC9747ABD230569071F9A0439,EDA6413C3E3A95492114FE07CD953AD897E40D1A,760EBB9F4200B3DFB1B817B40FF0563A3C150D39,5B368CFF2DA2686996BC95EAC190EAA4F5630FE5,01D845B26B688D8EF647205A5944E9407E52E06E,27196E386B875E76ADF700E7EA84E4C6EEE33DFA,1CDD04F1E4A732BB0352FDFAEE26D2315526DF85,025D5212BF3B5F5CDA6117A518721D70A94D84E0
11-16 09:56:21.031: I/CarrierServices(10013):    carrier_services_video_share_disabled_user_agent_substrings: SM-G930,SM-G935,SM-A320
11-16 09:56:21.031: I/CarrierServices(10013): ====================
11-16 09:56:21.034: I/Bugle(7169): ApnsOta: OTA version -1
11-16 09:56:21.034: W/libprocessgroup(1199): kill(-13962, 9) failed: No such process
11-16 09:56:21.046: W/libprocessgroup(1199): kill(-13962, 9) failed: No such process
11-16 09:56:21.059: D/CarrierServices(10013): log_saver already enabled
11-16 09:56:21.076: I/TSDRIVER(15291): CommandService onHandleIntent()
11-16 09:56:21.076: I/TSDRIVER(15291): Got command: PACKAGE
11-16 09:56:21.077: I/TSDRIVER(15291): flag package: Eitjb20uZ29vZ2xlLmFuZHJvaWQuZ21zLmF1dGguYXBpLmNyZWRlbnRpYWxzGh4KGlNhdmVTdHJhdGVneV9fZW5hYmxlU2F2aW5nGAAoPg
11-16 09:56:21.077: I/TSDRIVER(15291): flag package: com.google.android.gms.auth.api.credentials
11-16 09:56:21.085: I/TestSupport(14482): SetOverrideOperation: gms:phenotype:phenotype_flag:debug_bypass_phenotype = false [CONTEXT service_id=133 ]
11-16 09:56:21.090: W/libprocessgroup(1199): kill(-13962, 9) failed: No such process
11-16 09:56:21.103: I/Zygote(737): Process 13962 exited due to signal (9)
11-16 09:56:21.104: W/ActivityManager(1199): setHasOverlayUi called on unknown pid: 13962
11-16 09:56:21.110: D/BugleRcsEngine(10095): log_saver already enabled
11-16 09:56:21.115: I/GservicesProvider(4410): override update completed
11-16 09:56:21.126: I/TestSupport(14482): GServices override confirmed: gms:phenotype:phenotype_flag:debug_bypass_phenotype=false [CONTEXT service_id=133 ]
11-16 09:56:21.133: W/libprocessgroup(1199): kill(-13962, 9) failed: No such process
11-16 09:56:21.133: I/libprocessgroup(1199): Successfully killed process cgroup uid 10036 pid 13962 in 111ms
11-16 09:56:21.141: I/TestSupport(14482): SetFlagOverridesOperation: com.google.android.gms.auth.api.credentials, '', [Flag(SaveStrategy__enableSaving, false, 2, 0)] [CONTEXT service_id=133 ]
11-16 09:56:21.146: I/Bugle(7169): ApnsOta: OTA version -1
11-16 09:56:21.149: I/CarrierServices(10013): [2] bxu.e: Carrier Services GServices flags:
11-16 09:56:21.149: I/CarrierServices(10013):    carrier_services_security_flags_ec_api_white_listed_packages: com.google.android.apps.messaging,com.google.android.dialer,com.google.android.ims.client.sampleapp,com.android.contacts,com.lge.rcscall,com.android.incallui,com.huawei.incallui.appfeature.rcsfeature
11-16 09:56:21.149: I/CarrierServices(10013):    carrier_services_security_flags_ec_api_white_listed_signatures: B28C3EDB665DF32686224DF800F603E9959BBE4E,0980A12BE993528C19107BC21AD811478C63CEFC,B38FA7B5ECFAEC44620A020752B07E063B3120A8,203997BC46B8792DC9747ABD230569071F9A0439,EDA6413C3E3A95492114FE07CD953AD897E40D1A,760EBB9F4200B3DFB1B817B40FF0563A3C150D39,5B368CFF2DA2686996BC95EAC190EAA4F5630FE5,01D845B26B688D8EF647205A5944E9407E52E06E,27196E386B875E76ADF700E7EA84E4C6EEE33DFA,1CDD04F1E4A732BB0352FDFAEE26D2315526DF85,025D5212BF3B5F5CDA6117A518721D70A94D84E0
11-16 09:56:21.149: I/CarrierServices(10013):    carrier_services_security_flags_test_service_white_listed_packages: com.google.android.ims.mobly.snippets
11-16 09:56:21.149: I/CarrierServices(10013):    carrier_services_security_flags_test_service_white_listed_signatures: AE41481F52E0F58DF2806D5A38EB3DBCA5AE02B0,E165542B31953CC282AA4EF2F4D5F07F7663A2A2
11-16 09:56:21.149: I/CarrierServices(10013):    carrier_services_security_flags_white_listed_packages: com.google.android.apps.messaging,com.google.android.dialer,com.google.android.ims.client.sampleapp,com.android.contacts,com.lge.rcscall,com.android.incallui,com.huawei.incallui.appfeature.rcsfeature
11-16 09:56:21.149: I/CarrierServices(10013):    carrier_services_security_flags_white_listed_signatures: B28C3EDB665DF32686224DF800F603E9959BBE4E,0980A12BE993528C19107BC21AD811478C63CEFC,B38FA7B5ECFAEC44620A020752B07E063B3120A8,203997BC46B8792DC9747ABD230569071F9A0439,EDA6413C3E3A95492114FE07CD953AD897E40D1A,760EBB9F4200B3DFB1B817B40FF0563A3C150D39,5B368CFF2DA2686996BC95EAC190EAA4F5630FE5,01D845B26B688D8EF647205A5944E9407E52E06E,27196E386B875E76ADF700E7EA84E4C6EEE33DFA,1CDD04F1E4A732BB0352FDFAEE26D2315526DF85,025D5212BF3B5F5CDA6117A518721D70A94D84E0
11-16 09:56:21.149: I/CarrierServices(10013):    carrier_services_video_share_disabled_user_agent_substrings: SM-G930,SM-G935,SM-A320
11-16 09:56:21.149: I/CarrierServices(10013): ====================
11-16 09:56:21.158: D/CarrierServices(10013): log_saver already enabled
11-16 09:56:21.175: I/chatty(10013): uid=10025(com.google.android.ims) AsyncTask #8 identical 1 line
11-16 09:56:21.178: D/CarrierServices(10013): log_saver already enabled
11-16 09:56:21.199: I/EuiccGoogle(15360): [2] GservicesChangedReceiver.onReceive: Setting EUICC_SUPPORTED_COUNTRIES to de,gb,in,us
11-16 09:56:21.213: I/Backup(14482): [GmsBackupStatusChangeReceiver] Going to enable gms backup transport.
11-16 09:56:21.219: D/BugleRcsEngine(10095): log_saver already enabled
11-16 09:56:21.225: D/BugleRcsEngine(10095): log_saver already enabled
11-16 09:56:21.227: I/Backup(14482): [BackupTransportMigratorChimeraService] Starting migration...
11-16 09:56:21.232: I/GmsModuleFndr(14482): Beginning GMS chimera module scan
11-16 09:56:21.236: I/NetRec(10945): [921] aiad.a: onConfigChanged()
11-16 09:56:21.237: D/BugleRcsEngine(10095): log_saver already enabled
11-16 09:56:21.241: I/BgTaskExecutorImpl(10061): Starting NONEXCLUSIVE background task UPDATE_GSERVICES_CONFIG.
11-16 09:56:21.245: W/SearchServiceCore(10061): Abort, client detached.
11-16 09:56:21.246: I/Auth(10945): [AuthManaged, PasswordComplexityHelperImpl] Updating password complexity components state.
11-16 09:56:21.246: I/Auth(10945): [AuthManaged, PasswordComplexityHelperImpl] Enabling com.google.android.gms.auth.managed.ui.SetNewPasswordActivity
