11-16 09:56:33.879: D/MusicLifecycle(16661): com.google.android.music.notifications.NotificationChannelInitializationBroadcastReceiver generated event: Broadcast received with context android.app.ReceiverRestrictedContext@4e34bcd and intent Intent { act=android.intent.action.LOCALE_CHANGED flg=0x11200010 cmp=com.google.android.music/.notifications.NotificationChannelInitializationBroadcastReceiver }
11-16 09:56:33.884: D/MusicLifecycle(16661): com.google.android.music.net.NetworkConnectivityMonitor$NetworkChangedReceiver generated event: Broadcast received with context com.google.android.music.ui.PhoneMusicApplication@aba37a2 and intent Intent { act=android.net.conn.CONNECTIVITY_CHANGE flg=0x4200010 (has extras) }
11-16 09:56:33.887: I/NetworkConnectivity(16661): Network state changed: [type: WIFI[], state: DISCONNECTED/BLOCKED, reason: (unspecified), extra: (none), failover: false, available: true, roaming: false]
11-16 09:56:33.893: D/MusicLifecycle(16661): com.google.android.music.download.EncapsulatedBroadcastReceiver$1 generated event: Broadcast received with context com.google.android.music.ui.PhoneMusicApplication@aba37a2 and intent Intent { act=com.google.android.music.ResumeStorageMigration flg=0x10 (has extras) }
11-16 09:56:33.896: D/MusicLifecycle(16661): com.google.android.music.download.artwork.ArtDownloadService generated event: Service created
11-16 09:56:33.902: I/ActivityManager(1199): Start proc 16746:com.google.android.youtube/u0a80 for broadcast com.google.android.youtube/com.google.android.apps.youtube.app.application.system.LocaleUpdatedReceiver
11-16 09:56:33.910: E/android.youtub(16746): Not starting debugger since process cannot load the jdwp agent.
11-16 09:56:33.917: W/WearableService(10945): onGetService: Wear is not available on this device.
11-16 09:56:33.919: W/AdvertisingIdClient(16661): Error while reading from SharedPreferences 
11-16 09:56:33.919: W/AdvertisingIdClient(16661): java.lang.SecurityException: MODE_WORLD_READABLE no longer supported
11-16 09:56:33.919: W/AdvertisingIdClient(16661): 	at android.app.ContextImpl.checkMode(ContextImpl.java:2495)
11-16 09:56:33.919: W/AdvertisingIdClient(16661): 	at android.app.ContextImpl.getSharedPreferences(ContextImpl.java:414)
11-16 09:56:33.919: W/AdvertisingIdClient(16661): 	at android.app.ContextImpl.getSharedPreferences(ContextImpl.java:404)
11-16 09:56:33.919: W/AdvertisingIdClient(16661): 	at com.google.android.gms.ads.identifier.AdvertisingIdClient.getAdvertisingIdInfo(Unknown Source:12)
11-16 09:56:33.919: W/AdvertisingIdClient(16661): 	at com.google.android.music.preferences.MusicPreferences.getAdvertisingIdInfo(MusicPreferences.java:2476)
11-16 09:56:33.919: W/AdvertisingIdClient(16661): 	at com.google.android.music.preferences.MusicPreferences.access$1000(MusicPreferences.java:83)
11-16 09:56:33.919: W/AdvertisingIdClient(16661): 	at com.google.android.music.preferences.MusicPreferences$7.run(MusicPreferences.java:2457)
11-16 09:56:33.919: W/AdvertisingIdClient(16661): 	at com.google.android.music.utils.async.TraceableRunnable.runLogged(TraceableRunnable.java:21)
11-16 09:56:33.919: W/AdvertisingIdClient(16661): 	at com.google.android.music.utils.async.LoggedRunnable.run(LoggedRunnable.java:30)
11-16 09:56:33.919: W/AdvertisingIdClient(16661): 	at android.os.Handler.handleCallback(Handler.java:873)
11-16 09:56:33.919: W/AdvertisingIdClient(16661): 	at android.os.Handler.dispatchMessage(Handler.java:99)
11-16 09:56:33.919: W/AdvertisingIdClient(16661): 	at com.google.android.music.utils.LoggableHandler.dispatchMessage(LoggableHandler.java:74)
11-16 09:56:33.919: W/AdvertisingIdClient(16661): 	at android.os.Looper.loop(Looper.java:193)
11-16 09:56:33.919: W/AdvertisingIdClient(16661): 	at android.os.HandlerThread.run(HandlerThread.java:65)
11-16 09:56:33.936: I/android.youtub(16746): The ClassLoaderContext is a special shared library.
11-16 09:56:33.939: I/ActivityManager(1199): Killing 15661:com.android.sdm.plugins.sprintdm/1001 (adj 906): empty #17
11-16 09:56:33.940: W/libprocessgroup(1199): kill(-15661, 9) failed: No such process
11-16 09:56:33.940: D/MusicLifecycle(16661): com.google.android.music.download.EncapsulatedBroadcastReceiver$1 generated event: Broadcast received with context com.google.android.music.ui.PhoneMusicApplication@aba37a2 and intent Intent { act=com.google.android.music.download.keepon.KeeponSchedulingService.START_DOWNLOAD flg=0x10 }
11-16 09:56:33.949: I/Icing(14482): IndexChimeraService.getServiceInterface callingPackage=com.google.android.gms componentName=null serviceId=30
11-16 09:56:33.965: I/Zygote(737): Process 15661 exited due to signal (9)
11-16 09:56:33.973: D/AwarenessRouter(16661): 0 new fences
11-16 09:56:33.976: I/NearbyDiscovery(10945): FastPairScanner2: isScreenOn=true, scanWithScreenOff=false, isLocationEnabled=true, disableLocationRequirement=false, isDiscoveryScanningEnabled=true [CONTEXT service_id=49 ]
11-16 09:56:33.983: W/libprocessgroup(1199): kill(-15661, 9) failed: No such process
11-16 09:56:33.983: I/libprocessgroup(1199): Successfully killed process cgroup uid 1001 pid 15661 in 43ms
11-16 09:56:33.984: D/BluetoothAdapter(10945): isLeEnabled(): OFF
11-16 09:56:33.984: D/AwarenessRouter(16661): 0 fences already registered
11-16 09:56:33.985: I/NearbyDiscovery(10945): FastPairScanner2: eventType=SERVICE_INITIALIZE, intReq=false, scanning=false, scanAllowed=true, bleEnabled=false, bleScanAvailable=false, lockScanRate=false [CONTEXT service_id=49 ]
11-16 09:56:33.987: I/NearbyDiscovery(10945): FastPairScanner2: register location ble observer [CONTEXT service_id=49 ]
11-16 09:56:33.989: D/AwarenessRouter(16661): Successfully removed 0 context fences
11-16 09:56:33.989: I/NearbyDiscovery(10945): FastPairScanner2: BLE not available, eventType=SERVICE_INITIALIZE [CONTEXT service_id=49 ]
11-16 09:56:33.994: I/NearbyDiscovery(10945): FastPair: HeadsetPieceImage, grant permission files:0 [CONTEXT service_id=49 ]
11-16 09:56:33.995: I/NearbyDiscovery(10945): FastPairEventStream: Initialize event stream [CONTEXT service_id=49 ]
11-16 09:56:33.998: I/NearbyDiscovery(10945): Show notifications: 0 total, no changes since last shown, no-op. [CONTEXT service_id=49 ]
11-16 09:56:34.002: I/NearbyDiscovery(10945): FastPairHandler: Received action android.net.wifi.STATE_CHANGE [CONTEXT service_id=49 ]
11-16 09:56:34.004: I/NearbyDiscovery(10945): FastPairHandler: Received action android.net.conn.CONNECTIVITY_CHANGE [CONTEXT service_id=49 ]
11-16 09:56:34.007: D/TestExecutor(16605): Adding listener androidx.test.internal.runner.listener.LogRunListener
11-16 09:56:34.008: D/TestExecutor(16605): Adding listener androidx.test.internal.runner.listener.InstrumentationResultPrinter
11-16 09:56:34.008: D/TestExecutor(16605): Adding listener androidx.test.internal.runner.listener.ActivityFinisherRunListener
11-16 09:56:34.010: I/TestRunner(16605): run started: 4 tests
11-16 09:56:34.012: I/TestRunner(16605): started: testIsGraphFailure(androidx.navigation.truth.NavControllerSubjectTest)
11-16 09:56:34.019: W/YT(16746): Last known version:13.23.60
11-16 09:56:34.050: W/YouTube(16746): Fetching the Gservices key 'failsafe_clear_cache_release_13_02' before the end of the bulk initialization
11-16 09:56:34.091: E/android.youtub(16746): The String#value field is not present on Android versions >= 6.0
11-16 09:56:34.110: I/tion.truth.tes(16605): Rejecting re-init on previously-failed class java.lang.Class<com.google.common.truth.ActualValueInference$InferenceClassVisitor>: java.lang.NoClassDefFoundError: Failed resolution of: Lorg/objectweb/asm/ClassVisitor;
11-16 09:56:34.110: I/tion.truth.tes(16605):   at java.lang.Class java.lang.Class.classForName(java.lang.String, boolean, java.lang.ClassLoader) (Class.java:-2)
11-16 09:56:34.110: I/tion.truth.tes(16605):   at java.lang.Class java.lang.Class.forName(java.lang.String, boolean, java.lang.ClassLoader) (Class.java:453)
11-16 09:56:34.110: I/tion.truth.tes(16605):   at java.lang.Class java.lang.Class.forName(java.lang.String) (Class.java:378)
11-16 09:56:34.110: I/tion.truth.tes(16605):   at java.lang.String com.google.common.truth.Platform.inferDescription() (Platform.java:108)
11-16 09:56:34.110: I/tion.truth.tes(16605):   at com.google.common.collect.ImmutableList com.google.common.truth.FailureMetadata.description() (FailureMetadata.java:224)
11-16 09:56:34.110: I/tion.truth.tes(16605):   at void com.google.common.truth.FailureMetadata.fail(com.google.common.collect.ImmutableList) (FailureMetadata.java:186)
11-16 09:56:34.110: I/tion.truth.tes(16605):   at void com.google.common.truth.Subject.doFail(com.google.common.collect.ImmutableList) (Subject.java:1180)
11-16 09:56:34.110: I/tion.truth.tes(16605):   at void com.google.common.truth.Subject.failWithoutActual(com.google.common.truth.Fact, com.google.common.truth.Fact[]) (Subject.java:1068)
11-16 09:56:34.110: I/tion.truth.tes(16605):   at void androidx.navigation.truth.NavControllerSubject.isGraph(int) (NavControllerSubject.kt:61)
11-16 09:56:34.110: I/tion.truth.tes(16605):   at void androidx.navigation.truth.NavControllerSubjectTest.testIsGraphFailure() (NavControllerSubjectTest.kt:74)
11-16 09:56:34.110: I/tion.truth.tes(16605):   at java.lang.Object java.lang.reflect.Method.invoke(java.lang.Object, java.lang.Object[]) (Method.java:-2)
11-16 09:56:34.110: I/tion.truth.tes(16605):   at java.lang.Object org.junit.runners.model.FrameworkMethod$1.runReflectiveCall() (FrameworkMethod.java:50)
11-16 09:56:34.110: I/tion.truth.tes(16605):   at java.lang.Object org.junit.internal.runners.model.ReflectiveCallable.run() (ReflectiveCallable.java:12)
11-16 09:56:34.110: I/tion.truth.tes(16605):   at java.lang.Object org.junit.runners.model.FrameworkMethod.invokeExplosively(java.lang.Object, java.lang.Object[]) (FrameworkMethod.java:47)
11-16 09:56:34.110: I/tion.truth.tes(16605):   at void org.junit.internal.runners.statements.InvokeMethod.evaluate() (InvokeMethod.java:17)
11-16 09:56:34.110: I/tion.truth.tes(16605):   at void androidx.test.internal.runner.junit4.statement.RunBefores.evaluate() (RunBefores.java:80)
11-16 09:56:34.110: I/tion.truth.tes(16605):   at void org.junit.runners.ParentRunner.runLeaf(org.junit.runners.model.Statement, org.junit.runner.Description, org.junit.runner.notification.RunNotifier) (ParentRunner.java:325)
11-16 09:56:34.110: I/tion.truth.tes(16605):   at void org.junit.runners.BlockJUnit4ClassRunner.runChild(org.junit.runners.model.FrameworkMethod, org.junit.runner.notification.RunNotifier) (BlockJUnit4ClassRunner.java:78)
11-16 09:56:34.110: I/tion.truth.tes(16605):   at void org.junit.runners.BlockJUnit4ClassRunner.runChild(java.lang.Object, org.junit.runner.notification.RunNotifier) (BlockJUnit4ClassRunner.java:57)
11-16 09:56:34.110: I/tion.truth.tes(16605):   at void org.junit.runners.ParentRunner$3.run() (ParentRunner.java:290)
11-16 09:56:34.110: I/tion.truth.tes(16605):   at void org.junit.runners.ParentRunner$1.schedule(java.lang.Runnable) (ParentRunner.java:71)
11-16 09:56:34.110: I/tion.truth.tes(16605):   at void org.junit.runners.ParentRunner.runChildren(org.junit.runner.notification.RunNotifier) (ParentRunner.java:288)
11-16 09:56:34.110: I/tion.truth.tes(16605):   at void org.junit.runners.ParentRunner.access$000(org.junit.runners.ParentRunner, org.junit.runner.notification.RunNotifier) (ParentRunner.java:58)
11-16 09:56:34.110: I/tion.truth.tes(16605):   at void org.junit.runners.ParentRunner$2.evaluate() (ParentRunner.java:268)
11-16 09:56:34.110: I/tion.truth.tes(16605):   at void org.junit.runners.ParentRunner.run(org.junit.runner.notification.RunNotifier) (ParentRunner.java:363)
11-16 09:56:34.110: I/tion.truth.tes(16605):   at void org.junit.runners.Suite.runChild(org.junit.runner.Runner, org.junit.runner.notification.RunNotifier) (Suite.java:128)
11-16 09:56:34.110: I/tion.truth.tes(16605):   at void org.junit.runners.Suite.runChild(java.lang.Object, org.junit.runner.notification.RunNotifier) (Suite.java:27)
11-16 09:56:34.110: I/tion.truth.tes(16605):   at void org.junit.runners.ParentRunner$3.run() (ParentRunner.java:290)
11-16 09:56:34.110: I/tion.truth.tes(16605):   at void org.junit.runners.ParentRunner$1.schedule(java.lang.Runnable) (ParentRunner.java:71)
11-16 09:56:34.110: I/tion.truth.tes(16605):   at void org.junit.runners.ParentRunner.runChildren(org.junit.runner.notification.RunNotifier) (ParentRunner.java:288)
11-16 09:56:34.110: I/tion.truth.tes(16605):   at void org.junit.runners.ParentRunner.access$000(org.junit.runners.ParentRunner, org.junit.runner.notification.RunNotifier) (ParentRunner.java:58)
11-16 09:56:34.110: I/tion.truth.tes(16605):   at void org.junit.runners.ParentRunner$2.evaluate() (ParentRunner.java:268)
11-16 09:56:34.110: I/tion.truth.tes(16605):   at void org.junit.runners.ParentRunner.run(org.junit.runner.notification.RunNotifier) (ParentRunner.java:363)
11-16 09:56:34.110: I/tion.truth.tes(16605):   at org.junit.runner.Result org.junit.runner.JUnitCore.run(org.junit.runner.Runner) (JUnitCore.java:137)
11-16 09:56:34.110: I/tion.truth.tes(16605):   at org.junit.runner.Result org.junit.runner.JUnitCore.run(org.junit.runner.Request) (JUnitCore.java:115)
11-16 09:56:34.110: I/tion.truth.tes(16605):   at android.os.Bundle androidx.test.internal.runner.TestExecutor.execute(org.junit.runner.Request) (TestExecutor.java:56)
11-16 09:56:34.110: I/tion.truth.tes(16605):   at void androidx.test.runner.AndroidJUnitRunner.onStart() (AndroidJUnitRunner.java:444)
11-16 09:56:34.110: I/tion.truth.tes(16605):   at void android.app.Instrumentation$InstrumentationThread.run() (Instrumentation.java:2145)
11-16 09:56:34.110: I/tion.truth.tes(16605): Caused by: java.lang.ClassNotFoundException: Didn't find class "org.objectweb.asm.ClassVisitor" on path: DexPathList[[zip file "/system/framework/android.test.mock.jar", zip file "/system/framework/android.test.runner.jar", zip file "/data/app/androidx.navigation.truth.test-Da4E8Uvar9jKDHJYCnrOZA==/base.apk"],nativeLibraryDirectories=[/data/app/androidx.navigation.truth.test-Da4E8Uvar9jKDHJYCnrOZA==/lib/arm64, /system/lib64]]
11-16 09:56:34.110: I/tion.truth.tes(16605):   at java.lang.Class dalvik.system.BaseDexClassLoader.findClass(java.lang.String) (BaseDexClassLoader.java:134)
11-16 09:56:34.110: I/tion.truth.tes(16605):   at java.lang.Class java.lang.ClassLoader.loadClass(java.lang.String, boolean) (ClassLoader.java:379)
11-16 09:56:34.110: I/tion.truth.tes(16605):   at java.lang.Class java.lang.ClassLoader.loadClass(java.lang.String) (ClassLoader.java:312)
11-16 09:56:34.110: I/tion.truth.tes(16605):   at java.lang.Class java.lang.Class.classForName(java.lang.String, boolean, java.lang.ClassLoader) (Class.java:-2)
11-16 09:56:34.110: I/tion.truth.tes(16605):   at java.lang.Class java.lang.Class.forName(java.lang.String, boolean, java.lang.ClassLoader) (Class.java:453)
11-16 09:56:34.110: I/tion.truth.tes(16605):   at java.lang.Class java.lang.Class.forName(java.lang.String) (Class.java:378)
11-16 09:56:34.110: I/tion.truth.tes(16605):   at java.lang.String com.google.common.truth.Platform.inferDescription() (Platform.java:108)
11-16 09:56:34.110: I/tion.truth.tes(16605):   at com.google.common.collect.ImmutableList com.google.common.truth.FailureMetadata.description() (FailureMetadata.java:224)
11-16 09:56:34.110: I/tion.truth.tes(16605):   at void com.google.common.truth.FailureMetadata.fail(com.google.common.collect.ImmutableList) (FailureMetadata.java:186)
11-16 09:56:34.110: I/tion.truth.tes(16605):   at void com.google.common.truth.Subject.doFail(com.google.common.collect.ImmutableList) (Subject.java:1180)
11-16 09:56:34.110: I/tion.truth.tes(16605):   at void com.google.common.truth.Subject.failWithoutActual(com.google.common.truth.Fact, com.google.common.truth.Fact[]) (Subject.java:1068)
11-16 09:56:34.110: I/tion.truth.tes(16605):   at void androidx.navigation.truth.NavControllerSubject.isGraph(int) (NavControllerSubject.kt:61)
11-16 09:56:34.110: I/tion.truth.tes(16605):   at void androidx.navigation.truth.NavControllerSubjectTest.testIsGraphFailure() (NavControllerSubjectTest.kt:74)
11-16 09:56:34.110: I/tion.truth.tes(16605):   at java.lang.Object java.lang.reflect.Method.invoke(java.lang.Object, java.lang.Object[]) (Method.java:-2)
11-16 09:56:34.110: I/tion.truth.tes(16605):   at java.lang.Object org.junit.runners.model.FrameworkMethod$1.runReflectiveCall() (FrameworkMethod.java:50)
11-16 09:56:34.110: I/tion.truth.tes(16605):   at java.lang.Object org.junit.internal.runners.model.ReflectiveCallable.run() (ReflectiveCallable.java:12)
11-16 09:56:34.110: I/tion.truth.tes(16605):   at java.lang.Object org.junit.runners.model.FrameworkMethod.invokeExplosively(java.lang.Object, java.lang.Object[]) (FrameworkMethod.java:47)
11-16 09:56:34.110: I/tion.truth.tes(16605):   at void org.junit.internal.runners.statements.InvokeMethod.evaluate() (InvokeMethod.java:17)
11-16 09:56:34.110: I/tion.truth.tes(16605):   at void androidx.test.internal.runner.junit4.statement.RunBefores.evaluate() (RunBefores.java:80)
11-16 09:56:34.110: I/tion.truth.tes(16605):   at void org.junit.runners.ParentRunner.runLeaf(org.junit.runners.model.Statement, org.junit.runner.Description, org.junit.runner.notification.RunNotifier) (ParentRunner.java:325)
11-16 09:56:34.110: I/tion.truth.tes(16605):   at void org.junit.runners.BlockJUnit4ClassRunner.runChild(org.junit.runners.model.FrameworkMethod, org.junit.runner.notification.RunNotifier) (BlockJUnit4ClassRunner.java:78)
11-16 09:56:34.110: I/tion.truth.tes(16605):   at void org.junit.runners.BlockJUnit4ClassRunner.runChild(java.lang.Object, org.junit.runner.notification.RunNotifier) (BlockJUnit4ClassRunner.java:57)
11-16 09:56:34.110: I/tion.truth.tes(16605):   at void org.junit.runners.ParentRunner$3.run() (ParentRunner.java:290)
11-16 09:56:34.110: I/tion.truth.tes(16605):   at void org.junit.runners.ParentRunner$1.schedule(java.lang.Runnable) (ParentRunner.java:71)
11-16 09:56:34.110: I/tion.truth.tes(16605):   at void org.junit.runners.ParentRunner.runChildren(org.junit.runner.notification.RunNotifier) (ParentRunner.java:288)
11-16 09:56:34.110: I/tion.truth.tes(16605):   at void org.junit.runners.ParentRunner.access$000(org.junit.runners.ParentRunner, org.junit.runner.notification.RunNotifier) (ParentRunner.java:58)
11-16 09:56:34.110: I/tion.truth.tes(16605):   at void org.junit.runners.ParentRunner$2.evaluate() (ParentRunner.java:268)
11-16 09:56:34.110: I/tion.truth.tes(16605):   at void org.junit.runners.ParentRunner.run(org.junit.runner.notification.RunNotifier) (ParentRunner.java:363)
11-16 09:56:34.110: I/tion.truth.tes(16605):   at void org.junit.runners.Suite.runChild(org.junit.runner.Runner, org.junit.runner.notification.RunNotifier) (Suite.java:128)
11-16 09:56:34.110: I/tion.truth.tes(16605):   at void org.junit.runners.Suite.runChild(java.lang.Object, org.junit.runner.notification.RunNotifier) (Suite.java:27)
11-16 09:56:34.110: I/tion.truth.tes(16605):   at void org.junit.runners.ParentRunner$3.run() (ParentRunner.java:290)
11-16 09:56:34.110: I/tion.truth.tes(16605):   at void org.junit.runners.ParentRunner$1.schedule(java.lang.Runnable) (ParentRunner.java:71)
11-16 09:56:34.110: I/tion.truth.tes(16605):   at void org.junit.runners.ParentRunner.runChildren(org.junit.runner.notification.RunNotifier) (ParentRunner.java:288)
11-16 09:56:34.110: I/tion.truth.tes(16605):   at void org.junit.runners.ParentRunner.access$000(org.junit.runners.ParentRunner, org.junit.runner.notification.RunNotifier) (ParentRunner.java:58)
11-16 09:56:34.110: I/tion.truth.tes(16605):   at void org.junit.runners.ParentRunner$2.evaluate() (ParentRunner.java:268)
11-16 09:56:34.110: I/tion.truth.tes(16605):   at void org.junit.runners.ParentRunner.run(org.junit.runner.notification.RunNotifier) (ParentRunner.java:363)
11-16 09:56:34.110: I/tion.truth.tes(16605):   at org.junit.runner.Result org.junit.runner.JUnitCore.run(org.junit.runner.Runner) (JUnitCore.java:137)
11-16 09:56:34.110: I/tion.truth.tes(16605):   at org.junit.runner.Result org.junit.runner.JUnitCore.run(org.junit.runner.Request) (JUnitCore.java:115)
11-16 09:56:34.110: I/tion.truth.tes(16605):   at android.os.Bundle androidx.test.internal.runner.TestExecutor.execute(org.junit.runner.Request) (TestExecutor.java:56)
11-16 09:56:34.110: I/tion.truth.tes(16605):   at void androidx.test.runner.AndroidJUnitRunner.onStart() (AndroidJUnitRunner.java:444)
11-16 09:56:34.110: I/tion.truth.tes(16605):   at void android.app.Instrumentation$InstrumentationThread.run() (Instrumentation.java:2145)
11-16 09:56:34.111: I/tion.truth.tes(16605): Rejecting re-init on previously-failed class java.lang.Class<com.google.common.truth.ActualValueInference$InferenceClassVisitor>: java.lang.NoClassDefFoundError: Failed resolution of: Lorg/objectweb/asm/ClassVisitor;
11-16 09:56:34.111: I/tion.truth.tes(16605):   at java.lang.Class java.lang.Class.classForName(java.lang.String, boolean, java.lang.ClassLoader) (Class.java:-2)
11-16 09:56:34.111: I/tion.truth.tes(16605):   at java.lang.Class java.lang.Class.forName(java.lang.String, boolean, java.lang.ClassLoader) (Class.java:453)
11-16 09:56:34.111: I/tion.truth.tes(16605):   at java.lang.Class java.lang.Class.forName(java.lang.String) (Class.java:378)
11-16 09:56:34.111: I/tion.truth.tes(16605):   at java.lang.String com.google.common.truth.Platform.inferDescription() (Platform.java:108)
11-16 09:56:34.111: I/tion.truth.tes(16605):   at com.google.common.collect.ImmutableList com.google.common.truth.FailureMetadata.description() (FailureMetadata.java:224)
11-16 09:56:34.111: I/tion.truth.tes(16605):   at void com.google.common.truth.FailureMetadata.fail(com.google.common.collect.ImmutableList) (FailureMetadata.java:186)
11-16 09:56:34.111: I/tion.truth.tes(16605):   at void com.google.common.truth.Subject.doFail(com.google.common.collect.ImmutableList) (Subject.java:1180)
11-16 09:56:34.111: I/tion.truth.tes(16605):   at void com.google.common.truth.Subject.failWithoutActual(com.google.common.truth.Fact, com.google.common.truth.Fact[]) (Subject.java:1068)
11-16 09:56:34.111: I/tion.truth.tes(16605):   at void androidx.navigation.truth.NavControllerSubject.isGraph(int) (NavControllerSubject.kt:61)
11-16 09:56:34.111: I/tion.truth.tes(16605):   at void androidx.navigation.truth.NavControllerSubjectTest.testIsGraphFailure() (NavControllerSubjectTest.kt:74)
11-16 09:56:34.111: I/tion.truth.tes(16605):   at java.lang.Object java.lang.reflect.Method.invoke(java.lang.Object, java.lang.Object[]) (Method.java:-2)
11-16 09:56:34.111: I/tion.truth.tes(16605):   at java.lang.Object org.junit.runners.model.FrameworkMethod$1.runReflectiveCall() (FrameworkMethod.java:50)
11-16 09:56:34.111: I/tion.truth.tes(16605):   at java.lang.Object org.junit.internal.runners.model.ReflectiveCallable.run() (ReflectiveCallable.java:12)
11-16 09:56:34.111: I/tion.truth.tes(16605):   at java.lang.Object org.junit.runners.model.FrameworkMethod.invokeExplosively(java.lang.Object, java.lang.Object[]) (FrameworkMethod.java:47)
11-16 09:56:34.111: I/tion.truth.tes(16605):   at void org.junit.internal.runners.statements.InvokeMethod.evaluate() (InvokeMethod.java:17)
11-16 09:56:34.111: I/tion.truth.tes(16605):   at void androidx.test.internal.runner.junit4.statement.RunBefores.evaluate() (RunBefores.java:80)
11-16 09:56:34.111: I/tion.truth.tes(16605):   at void org.junit.runners.ParentRunner.runLeaf(org.junit.runners.model.Statement, org.junit.runner.Description, org.junit.runner.notification.RunNotifier) (ParentRunner.java:325)
11-16 09:56:34.111: I/tion.truth.tes(16605):   at void org.junit.runners.BlockJUnit4ClassRunner.runChild(org.junit.runners.model.FrameworkMethod, org.junit.runner.notification.RunNotifier) (BlockJUnit4ClassRunner.java:78)
11-16 09:56:34.111: I/tion.truth.tes(16605):   at void org.junit.runners.BlockJUnit4ClassRunner.runChild(java.lang.Object, org.junit.runner.notification.RunNotifier) (BlockJUnit4ClassRunner.java:57)
11-16 09:56:34.111: I/tion.truth.tes(16605):   at void org.junit.runners.ParentRunner$3.run() (ParentRunner.java:290)
11-16 09:56:34.111: I/tion.truth.tes(16605):   at void org.junit.runners.ParentRunner$1.schedule(java.lang.Runnable) (ParentRunner.java:71)
11-16 09:56:34.111: I/tion.truth.tes(16605):   at void org.junit.runners.ParentRunner.runChildren(org.junit.runner.notification.RunNotifier) (ParentRunner.java:288)
11-16 09:56:34.111: I/tion.truth.tes(16605):   at void org.junit.runners.ParentRunner.access$000(org.junit.runners.ParentRunner, org.junit.runner.notification.RunNotifier) (ParentRunner.java:58)
11-16 09:56:34.111: I/tion.truth.tes(16605):   at void org.junit.runners.ParentRunner$2.evaluate() (ParentRunner.java:268)
11-16 09:56:34.111: I/tion.truth.tes(16605):   at void org.junit.runners.ParentRunner.run(org.junit.runner.notification.RunNotifier) (ParentRunner.java:363)
11-16 09:56:34.111: I/tion.truth.tes(16605):   at void org.junit.runners.Suite.runChild(org.junit.runner.Runner, org.junit.runner.notification.RunNotifier) (Suite.java:128)
11-16 09:56:34.111: I/tion.truth.tes(16605):   at void org.junit.runners.Suite.runChild(java.lang.Object, org.junit.runner.notification.RunNotifier) (Suite.java:27)
11-16 09:56:34.111: I/tion.truth.tes(16605):   at void org.junit.runners.ParentRunner$3.run() (ParentRunner.java:290)
11-16 09:56:34.111: I/tion.truth.tes(16605):   at void org.junit.runners.ParentRunner$1.schedule(java.lang.Runnable) (ParentRunner.java:71)
11-16 09:56:34.111: I/tion.truth.tes(16605):   at void org.junit.runners.ParentRunner.runChildren(org.junit.runner.notification.RunNotifier) (ParentRunner.java:288)
11-16 09:56:34.111: I/tion.truth.tes(16605):   at void org.junit.runners.ParentRunner.access$000(org.junit.runners.ParentRunner, org.junit.runner.notification.RunNotifier) (ParentRunner.java:58)
11-16 09:56:34.111: I/tion.truth.tes(16605):   at void org.junit.runners.ParentRunner$2.evaluate() (ParentRunner.java:268)
11-16 09:56:34.111: I/tion.truth.tes(16605):   at void org.junit.runners.ParentRunner.run(org.junit.runner.notification.RunNotifier) (ParentRunner.java:363)
11-16 09:56:34.111: I/tion.truth.tes(16605):   at org.junit.runner.Result org.junit.runner.JUnitCore.run(org.junit.runner.Runner) (JUnitCore.java:137)
11-16 09:56:34.111: I/tion.truth.tes(16605):   at org.junit.runner.Result org.junit.runner.JUnitCore.run(org.junit.runner.Request) (JUnitCore.java:115)
11-16 09:56:34.111: I/tion.truth.tes(16605):   at android.os.Bundle androidx.test.internal.runner.TestExecutor.execute(org.junit.runner.Request) (TestExecutor.java:56)
11-16 09:56:34.111: I/tion.truth.tes(16605):   at void androidx.test.runner.AndroidJUnitRunner.onStart() (AndroidJUnitRunner.java:444)
11-16 09:56:34.111: I/tion.truth.tes(16605):   at void android.app.Instrumentation$InstrumentationThread.run() (Instrumentation.java:2145)
11-16 09:56:34.111: I/tion.truth.tes(16605): Caused by: java.lang.ClassNotFoundException: Didn't find class "org.objectweb.asm.ClassVisitor" on path: DexPathList[[zip file "/system/framework/android.test.mock.jar", zip file "/system/framework/android.test.runner.jar", zip file "/data/app/androidx.navigation.truth.test-Da4E8Uvar9jKDHJYCnrOZA==/base.apk"],nativeLibraryDirectories=[/data/app/androidx.navigation.truth.test-Da4E8Uvar9jKDHJYCnrOZA==/lib/arm64, /system/lib64]]
11-16 09:56:34.111: I/tion.truth.tes(16605):   at java.lang.Class dalvik.system.BaseDexClassLoader.findClass(java.lang.String) (BaseDexClassLoader.java:134)
11-16 09:56:34.111: I/tion.truth.tes(16605):   at java.lang.Class java.lang.ClassLoader.loadClass(java.lang.String, boolean) (ClassLoader.java:379)
11-16 09:56:34.111: I/tion.truth.tes(16605):   at java.lang.Class java.lang.ClassLoader.loadClass(java.lang.String) (ClassLoader.java:312)
11-16 09:56:34.111: I/tion.truth.tes(16605):   at java.lang.Class java.lang.Class.classForName(java.lang.String, boolean, java.lang.ClassLoader) (Class.java:-2)
11-16 09:56:34.111: I/tion.truth.tes(16605):   at java.lang.Class java.lang.Class.forName(java.lang.String, boolean, java.lang.ClassLoader) (Class.java:453)
11-16 09:56:34.111: I/tion.truth.tes(16605):   at java.lang.Class java.lang.Class.forName(java.lang.String) (Class.java:378)
11-16 09:56:34.111: I/tion.truth.tes(16605):   at java.lang.String com.google.common.truth.Platform.inferDescription() (Platform.java:108)
11-16 09:56:34.111: I/tion.truth.tes(16605):   at com.google.common.collect.ImmutableList com.google.common.truth.FailureMetadata.description() (FailureMetadata.java:224)
11-16 09:56:34.111: I/tion.truth.tes(16605):   at void com.google.common.truth.FailureMetadata.fail(com.google.common.collect.ImmutableList) (FailureMetadata.java:186)
11-16 09:56:34.111: I/tion.truth.tes(16605):   at void com.google.common.truth.Subject.doFail(com.google.common.collect.ImmutableList) (Subject.java:1180)
11-16 09:56:34.111: I/tion.truth.tes(16605):   at void com.google.common.truth.Subject.failWithoutActual(com.google.common.truth.Fact, com.google.common.truth.Fact[]) (Subject.java:1068)
11-16 09:56:34.111: I/tion.truth.tes(16605):   at void androidx.navigation.truth.NavControllerSubject.isGraph(int) (NavControllerSubject.kt:61)
11-16 09:56:34.111: I/tion.truth.tes(16605):   at void androidx.navigation.truth.NavControllerSubjectTest.testIsGraphFailure() (NavControllerSubjectTest.kt:74)
11-16 09:56:34.111: I/tion.truth.tes(16605):   at java.lang.Object java.lang.reflect.Method.invoke(java.lang.Object, java.lang.Object[]) (Method.java:-2)
11-16 09:56:34.111: I/tion.truth.tes(16605):   at java.lang.Object org.junit.runners.model.FrameworkMethod$1.runReflectiveCall() (FrameworkMethod.java:50)
11-16 09:56:34.111: I/tion.truth.tes(16605):   at java.lang.Object org.junit.internal.runners.model.ReflectiveCallable.run() (ReflectiveCallable.java:12)
11-16 09:56:34.111: I/tion.truth.tes(16605):   at java.lang.Object org.junit.runners.model.FrameworkMethod.invokeExplosively(java.lang.Object, java.lang.Object[]) (FrameworkMethod.java:47)
11-16 09:56:34.111: I/tion.truth.tes(16605):   at void org.junit.internal.runners.statements.InvokeMethod.evaluate() (InvokeMethod.java:17)
11-16 09:56:34.111: I/tion.truth.tes(16605):   at void androidx.test.internal.runner.junit4.statement.RunBefores.evaluate() (RunBefores.java:80)
11-16 09:56:34.111: I/tion.truth.tes(16605):   at void org.junit.runners.ParentRunner.runLeaf(org.junit.runners.model.Statement, org.junit.runner.Description, org.junit.runner.notification.RunNotifier) (ParentRunner.java:325)
11-16 09:56:34.111: I/tion.truth.tes(16605):   at void org.junit.runners.BlockJUnit4ClassRunner.runChild(org.junit.runners.model.FrameworkMethod, org.junit.runner.notification.RunNotifier) (BlockJUnit4ClassRunner.java:78)
11-16 09:56:34.111: I/tion.truth.tes(16605):   at void org.junit.runners.BlockJUnit4ClassRunner.runChild(java.lang.Object, org.junit.runner.notification.RunNotifier) (BlockJUnit4ClassRunner.java:57)
11-16 09:56:34.111: I/tion.truth.tes(16605):   at void org.junit.runners.ParentRunner$3.run() (ParentRunner.java:290)
11-16 09:56:34.111: I/tion.truth.tes(16605):   at void org.junit.runners.ParentRunner$1.schedule(java.lang.Runnable) (ParentRunner.java:71)
11-16 09:56:34.111: I/tion.truth.tes(16605):   at void org.junit.runners.ParentRunner.runChildren(org.junit.runner.notification.RunNotifier) (ParentRunner.java:288)
11-16 09:56:34.111: I/tion.truth.tes(16605):   at void org.junit.runners.ParentRunner.access$000(org.junit.runners.ParentRunner, org.junit.runner.notification.RunNotifier) (ParentRunner.java:58)
11-16 09:56:34.111: I/tion.truth.tes(16605):   at void org.junit.runners.ParentRunner$2.evaluate() (ParentRunner.java:268)
11-16 09:56:34.111: I/tion.truth.tes(16605):   at void org.junit.runners.ParentRunner.run(org.junit.runner.notification.RunNotifier) (ParentRunner.java:363)
11-16 09:56:34.111: I/tion.truth.tes(16605):   at void org.junit.runners.Suite.runChild(org.junit.runner.Runner, org.junit.runner.notification.RunNotifier) (Suite.java:128)
11-16 09:56:34.111: I/tion.truth.tes(16605):   at void org.junit.runners.Suite.runChild(java.lang.Object, org.junit.runner.notification.RunNotifier) (Suite.java:27)
11-16 09:56:34.111: I/tion.truth.tes(16605):   at void org.junit.runners.ParentRunner$3.run() (ParentRunner.java:290)
11-16 09:56:34.111: I/tion.truth.tes(16605):   at void org.junit.runners.ParentRunner$1.schedule(java.lang.Runnable) (ParentRunner.java:71)
11-16 09:56:34.111: I/tion.truth.tes(16605):   at void org.junit.runners.ParentRunner.runChildren(org.junit.runner.notification.RunNotifier) (ParentRunner.java:288)
11-16 09:56:34.111: I/tion.truth.tes(16605):   at void org.junit.runners.ParentRunner.access$000(org.junit.runners.ParentRunner, org.junit.runner.notification.RunNotifier) (ParentRunner.java:58)
11-16 09:56:34.111: I/tion.truth.tes(16605):   at void org.junit.runners.ParentRunner$2.evaluate() (ParentRunner.java:268)
11-16 09:56:34.111: I/tion.truth.tes(16605):   at void org.junit.runners.ParentRunner.run(org.junit.runner.notification.RunNotifier) (ParentRunner.java:363)
11-16 09:56:34.111: I/tion.truth.tes(16605):   at org.junit.runner.Result org.junit.runner.JUnitCore.run(org.junit.runner.Runner) (JUnitCore.java:137)
11-16 09:56:34.111: I/tion.truth.tes(16605):   at org.junit.runner.Result org.junit.runner.JUnitCore.run(org.junit.runner.Request) (JUnitCore.java:115)
11-16 09:56:34.111: I/tion.truth.tes(16605):   at android.os.Bundle androidx.test.internal.runner.TestExecutor.execute(org.junit.runner.Request) (TestExecutor.java:56)
11-16 09:56:34.111: I/tion.truth.tes(16605):   at void androidx.test.runner.AndroidJUnitRunner.onStart() (AndroidJUnitRunner.java:444)
11-16 09:56:34.111: I/tion.truth.tes(16605):   at void android.app.Instrumentation$InstrumentationThread.run() (Instrumentation.java:2145)
11-16 09:56:34.112: I/tion.truth.tes(16605): Rejecting re-init on previously-failed class java.lang.Class<com.google.common.truth.ActualValueInference$InferenceClassVisitor>: java.lang.NoClassDefFoundError: Failed resolution of: Lorg/objectweb/asm/ClassVisitor;
11-16 09:56:34.112: I/tion.truth.tes(16605):   at java.lang.Class java.lang.Class.classForName(java.lang.String, boolean, java.lang.ClassLoader) (Class.java:-2)
11-16 09:56:34.112: I/tion.truth.tes(16605):   at java.lang.Class java.lang.Class.forName(java.lang.String, boolean, java.lang.ClassLoader) (Class.java:453)
11-16 09:56:34.112: I/tion.truth.tes(16605):   at java.lang.Class java.lang.Class.forName(java.lang.String) (Class.java:378)
11-16 09:56:34.112: I/tion.truth.tes(16605):   at java.lang.String com.google.common.truth.Platform.inferDescription() (Platform.java:108)
11-16 09:56:34.112: I/tion.truth.tes(16605):   at com.google.common.collect.ImmutableList com.google.common.truth.FailureMetadata.description() (FailureMetadata.java:224)
11-16 09:56:34.112: I/tion.truth.tes(16605):   at void com.google.common.truth.FailureMetadata.fail(com.google.common.collect.ImmutableList) (FailureMetadata.java:186)
11-16 09:56:34.112: I/tion.truth.tes(16605):   at void com.google.common.truth.Subject.doFail(com.google.common.collect.ImmutableList) (Subject.java:1180)
11-16 09:56:34.112: I/tion.truth.tes(16605):   at void com.google.common.truth.Subject.failWithoutActual(com.google.common.truth.Fact, com.google.common.truth.Fact[]) (Subject.java:1068)
11-16 09:56:34.112: I/tion.truth.tes(16605):   at void androidx.navigation.truth.NavControllerSubject.isGraph(int) (NavControllerSubject.kt:61)
11-16 09:56:34.112: I/tion.truth.tes(16605):   at void androidx.navigation.truth.NavControllerSubjectTest.testIsGraphFailure() (NavControllerSubjectTest.kt:74)
11-16 09:56:34.112: I/tion.truth.tes(16605):   at java.lang.Object java.lang.reflect.Method.invoke(java.lang.Object, java.lang.Object[]) (Method.java:-2)
11-16 09:56:34.112: I/tion.truth.tes(16605):   at java.lang.Object org.junit.runners.model.FrameworkMethod$1.runReflectiveCall() (FrameworkMethod.java:50)
11-16 09:56:34.112: I/tion.truth.tes(16605):   at java.lang.Object org.junit.internal.runners.model.ReflectiveCallable.run() (ReflectiveCallable.java:12)
11-16 09:56:34.112: I/tion.truth.tes(16605):   at java.lang.Object org.junit.runners.model.FrameworkMethod.invokeExplosively(java.lang.Object, java.lang.Object[]) (FrameworkMethod.java:47)
11-16 09:56:34.112: I/tion.truth.tes(16605):   at void org.junit.internal.runners.statements.InvokeMethod.evaluate() (InvokeMethod.java:17)
11-16 09:56:34.112: I/tion.truth.tes(16605):   at void androidx.test.internal.runner.junit4.statement.RunBefores.evaluate() (RunBefores.java:80)
11-16 09:56:34.112: I/tion.truth.tes(16605):   at void org.junit.runners.ParentRunner.runLeaf(org.junit.runners.model.Statement, org.junit.runner.Description, org.junit.runner.notification.RunNotifier) (ParentRunner.java:325)
11-16 09:56:34.112: I/tion.truth.tes(16605):   at void org.junit.runners.BlockJUnit4ClassRunner.runChild(org.junit.runners.model.FrameworkMethod, org.junit.runner.notification.RunNotifier) (BlockJUnit4ClassRunner.java:78)
11-16 09:56:34.112: I/tion.truth.tes(16605):   at void org.junit.runners.BlockJUnit4ClassRunner.runChild(java.lang.Object, org.junit.runner.notification.RunNotifier) (BlockJUnit4ClassRunner.java:57)
11-16 09:56:34.112: I/tion.truth.tes(16605):   at void org.junit.runners.ParentRunner$3.run() (ParentRunner.java:290)
11-16 09:56:34.112: I/tion.truth.tes(16605):   at void org.junit.runners.ParentRunner$1.schedule(java.lang.Runnable) (ParentRunner.java:71)
11-16 09:56:34.112: I/tion.truth.tes(16605):   at void org.junit.runners.ParentRunner.runChildren(org.junit.runner.notification.RunNotifier) (ParentRunner.java:288)
11-16 09:56:34.112: I/tion.truth.tes(16605):   at void org.junit.runners.ParentRunner.access$000(org.junit.runners.ParentRunner, org.junit.runner.notification.RunNotifier) (ParentRunner.java:58)
11-16 09:56:34.112: I/tion.truth.tes(16605):   at void org.junit.runners.ParentRunner$2.evaluate() (ParentRunner.java:268)
11-16 09:56:34.112: I/tion.truth.tes(16605):   at void org.junit.runners.ParentRunner.run(org.junit.runner.notification.RunNotifier) (ParentRunner.java:363)
11-16 09:56:34.112: I/tion.truth.tes(16605):   at void org.junit.runners.Suite.runChild(org.junit.runner.Runner, org.junit.runner.notification.RunNotifier) (Suite.java:128)
11-16 09:56:34.112: I/tion.truth.tes(16605):   at void org.junit.runners.Suite.runChild(java.lang.Object, org.junit.runner.notification.RunNotifier) (Suite.java:27)
11-16 09:56:34.112: I/tion.truth.tes(16605):   at void org.junit.runners.ParentRunner$3.run() (ParentRunner.java:290)
11-16 09:56:34.112: I/tion.truth.tes(16605):   at void org.junit.runners.ParentRunner$1.schedule(java.lang.Runnable) (ParentRunner.java:71)
11-16 09:56:34.112: I/tion.truth.tes(16605):   at void org.junit.runners.ParentRunner.runChildren(org.junit.runner.notification.RunNotifier) (ParentRunner.java:288)
11-16 09:56:34.112: I/tion.truth.tes(16605):   at void org.junit.runners.ParentRunner.access$000(org.junit.runners.ParentRunner, org.junit.runner.notification.RunNotifier) (ParentRunner.java:58)
11-16 09:56:34.112: I/tion.truth.tes(16605):   at void org.junit.runners.ParentRunner$2.evaluate() (ParentRunner.java:268)
11-16 09:56:34.112: I/tion.truth.tes(16605):   at void org.junit.runners.ParentRunner.run(org.junit.runner.notification.RunNotifier) (ParentRunner.java:363)
11-16 09:56:34.112: I/tion.truth.tes(16605):   at org.junit.runner.Result org.junit.runner.JUnitCore.run(org.junit.runner.Runner) (JUnitCore.java:137)
11-16 09:56:34.112: I/tion.truth.tes(16605):   at org.junit.runner.Result org.junit.runner.JUnitCore.run(org.junit.runner.Request) (JUnitCore.java:115)
11-16 09:56:34.112: I/tion.truth.tes(16605):   at android.os.Bundle androidx.test.internal.runner.TestExecutor.execute(org.junit.runner.Request) (TestExecutor.java:56)
11-16 09:56:34.112: I/tion.truth.tes(16605):   at void androidx.test.runner.AndroidJUnitRunner.onStart() (AndroidJUnitRunner.java:444)
11-16 09:56:34.112: I/tion.truth.tes(16605):   at void android.app.Instrumentation$InstrumentationThread.run() (Instrumentation.java:2145)
11-16 09:56:34.112: I/tion.truth.tes(16605): Caused by: java.lang.ClassNotFoundException: Didn't find class "org.objectweb.asm.ClassVisitor" on path: DexPathList[[zip file "/system/framework/android.test.mock.jar", zip file "/system/framework/android.test.runner.jar", zip file "/data/app/androidx.navigation.truth.test-Da4E8Uvar9jKDHJYCnrOZA==/base.apk"],nativeLibraryDirectories=[/data/app/androidx.navigation.truth.test-Da4E8Uvar9jKDHJYCnrOZA==/lib/arm64, /system/lib64]]
11-16 09:56:34.112: I/tion.truth.tes(16605):   at java.lang.Class dalvik.system.BaseDexClassLoader.findClass(java.lang.String) (BaseDexClassLoader.java:134)
11-16 09:56:34.112: I/tion.truth.tes(16605):   at java.lang.Class java.lang.ClassLoader.loadClass(java.lang.String, boolean) (ClassLoader.java:379)
11-16 09:56:34.112: I/tion.truth.tes(16605):   at java.lang.Class java.lang.ClassLoader.loadClass(java.lang.String) (ClassLoader.java:312)
11-16 09:56:34.112: I/tion.truth.tes(16605):   at java.lang.Class java.lang.Class.classForName(java.lang.String, boolean, java.lang.ClassLoader) (Class.java:-2)
11-16 09:56:34.112: I/tion.truth.tes(16605):   at java.lang.Class java.lang.Class.forName(java.lang.String, boolean, java.lang.ClassLoader) (Class.java:453)
11-16 09:56:34.112: I/tion.truth.tes(16605):   at java.lang.Class java.lang.Class.forName(java.lang.String) (Class.java:378)
11-16 09:56:34.112: I/tion.truth.tes(16605):   at java.lang.String com.google.common.truth.Platform.inferDescription() (Platform.java:108)
11-16 09:56:34.112: I/tion.truth.tes(16605):   at com.google.common.collect.ImmutableList com.google.common.truth.FailureMetadata.description() (FailureMetadata.java:224)
11-16 09:56:34.112: I/tion.truth.tes(16605):   at void com.google.common.truth.FailureMetadata.fail(com.google.common.collect.ImmutableList) (FailureMetadata.java:186)
11-16 09:56:34.112: I/tion.truth.tes(16605):   at void com.google.common.truth.Subject.doFail(com.google.common.collect.ImmutableList) (Subject.java:1180)
11-16 09:56:34.112: I/tion.truth.tes(16605):   at void com.google.common.truth.Subject.failWithoutActual(com.google.common.truth.Fact, com.google.common.truth.Fact[]) (Subject.java:1068)
11-16 09:56:34.112: I/tion.truth.tes(16605):   at void androidx.navigation.truth.NavControllerSubject.isGraph(int) (NavControllerSubject.kt:61)
11-16 09:56:34.112: I/tion.truth.tes(16605):   at void androidx.navigation.truth.NavControllerSubjectTest.testIsGraphFailure() (NavControllerSubjectTest.kt:74)
11-16 09:56:34.112: I/tion.truth.tes(16605):   at java.lang.Object java.lang.reflect.Method.invoke(java.lang.Object, java.lang.Object[]) (Method.java:-2)
11-16 09:56:34.112: I/tion.truth.tes(16605):   at java.lang.Object org.junit.runners.model.FrameworkMethod$1.runReflectiveCall() (FrameworkMethod.java:50)
11-16 09:56:34.112: I/tion.truth.tes(16605):   at java.lang.Object org.junit.internal.runners.model.ReflectiveCallable.run() (ReflectiveCallable.java:12)
11-16 09:56:34.112: I/tion.truth.tes(16605):   at java.lang.Object org.junit.runners.model.FrameworkMethod.invokeExplosively(java.lang.Object, java.lang.Object[]) (FrameworkMethod.java:47)
11-16 09:56:34.112: I/tion.truth.tes(16605):   at void org.junit.internal.runners.statements.InvokeMethod.evaluate() (InvokeMethod.java:17)
11-16 09:56:34.112: I/tion.truth.tes(16605):   at void androidx.test.internal.runner.junit4.statement.RunBefores.evaluate() (RunBefores.java:80)
11-16 09:56:34.113: I/tion.truth.tes(16605):   at void org.junit.runners.ParentRunner.runLeaf(org.junit.runners.model.Statement, org.junit.runner.Description, org.junit.runner.notification.RunNotifier) (ParentRunner.java:325)
11-16 09:56:34.113: I/tion.truth.tes(16605):   at void org.junit.runners.BlockJUnit4ClassRunner.runChild(org.junit.runners.model.FrameworkMethod, org.junit.runner.notification.RunNotifier) (BlockJUnit4ClassRunner.java:78)
11-16 09:56:34.113: I/tion.truth.tes(16605):   at void org.junit.runners.BlockJUnit4ClassRunner.runChild(java.lang.Object, org.junit.runner.notification.RunNotifier) (BlockJUnit4ClassRunner.java:57)
11-16 09:56:34.113: I/tion.truth.tes(16605):   at void org.junit.runners.ParentRunner$3.run() (ParentRunner.java:290)
11-16 09:56:34.113: I/tion.truth.tes(16605):   at void org.junit.runners.ParentRunner$1.schedule(java.lang.Runnable) (ParentRunner.java:71)
11-16 09:56:34.113: I/tion.truth.tes(16605):   at void org.junit.runners.ParentRunner.runChildren(org.junit.runner.notification.RunNotifier) (ParentRunner.java:288)
11-16 09:56:34.113: I/tion.truth.tes(16605):   at void org.junit.runners.ParentRunner.access$000(org.junit.runners.ParentRunner, org.junit.runner.notification.RunNotifier) (ParentRunner.java:58)
11-16 09:56:34.113: I/tion.truth.tes(16605):   at void org.junit.runners.ParentRunner$2.evaluate() (ParentRunner.java:268)
11-16 09:56:34.113: I/tion.truth.tes(16605):   at void org.junit.runners.ParentRunner.run(org.junit.runner.notification.RunNotifier) (ParentRunner.java:363)
11-16 09:56:34.113: I/tion.truth.tes(16605):   at void org.junit.runners.Suite.runChild(org.junit.runner.Runner, org.junit.runner.notification.RunNotifier) (Suite.java:128)
11-16 09:56:34.113: I/tion.truth.tes(16605):   at void org.junit.runners.Suite.runChild(java.lang.Object, org.junit.runner.notification.RunNotifier) (Suite.java:27)
11-16 09:56:34.113: I/tion.truth.tes(16605):   at void org.junit.runners.ParentRunner$3.run() (ParentRunner.java:290)
11-16 09:56:34.113: I/tion.truth.tes(16605):   at void org.junit.runners.ParentRunner$1.schedule(java.lang.Runnable) (ParentRunner.java:71)
11-16 09:56:34.113: I/tion.truth.tes(16605):   at void org.junit.runners.ParentRunner.runChildren(org.junit.runner.notification.RunNotifier) (ParentRunner.java:288)
11-16 09:56:34.113: I/tion.truth.tes(16605):   at void org.junit.runners.ParentRunner.access$000(org.junit.runners.ParentRunner, org.junit.runner.notification.RunNotifier) (ParentRunner.java:58)
11-16 09:56:34.113: I/tion.truth.tes(16605):   at void org.junit.runners.ParentRunner$2.evaluate() (ParentRunner.java:268)
11-16 09:56:34.113: I/tion.truth.tes(16605):   at void org.junit.runners.ParentRunner.run(org.junit.runner.notification.RunNotifier) (ParentRunner.java:363)
11-16 09:56:34.113: I/tion.truth.tes(16605):   at org.junit.runner.Result org.junit.runner.JUnitCore.run(org.junit.runner.Runner) (JUnitCore.java:137)
11-16 09:56:34.113: I/tion.truth.tes(16605):   at org.junit.runner.Result org.junit.runner.JUnitCore.run(org.junit.runner.Request) (JUnitCore.java:115)
11-16 09:56:34.113: I/tion.truth.tes(16605):   at android.os.Bundle androidx.test.internal.runner.TestExecutor.execute(org.junit.runner.Request) (TestExecutor.java:56)
11-16 09:56:34.113: I/tion.truth.tes(16605):   at void androidx.test.runner.AndroidJUnitRunner.onStart() (AndroidJUnitRunner.java:444)
11-16 09:56:34.113: I/tion.truth.tes(16605):   at void android.app.Instrumentation$InstrumentationThread.run() (Instrumentation.java:2145)
11-16 09:56:34.117: E/YouTube(16746): flushBinderConnectionCallbacks is unverified on SDK 28
11-16 09:56:34.118: I/TestRunner(16605): finished: testIsGraphFailure(androidx.navigation.truth.NavControllerSubjectTest)
11-16 09:56:34.122: I/TestRunner(16605): started: testIsCurrentDestinationFailure(androidx.navigation.truth.NavControllerSubjectTest)
11-16 09:56:34.124: D/ConnectivityService(1199): Returning BLOCKED NetworkInfo to uid=10080
11-16 09:56:34.132: W/android.youtub(16746): Unknown chunk type '200'.
11-16 09:56:34.137: I/tion.truth.tes(16605): Rejecting re-init on previously-failed class java.lang.Class<com.google.common.truth.ActualValueInference$InferenceClassVisitor>: java.lang.NoClassDefFoundError: Failed resolution of: Lorg/objectweb/asm/ClassVisitor;
11-16 09:56:34.137: I/tion.truth.tes(16605):   at java.lang.Class java.lang.Class.classForName(java.lang.String, boolean, java.lang.ClassLoader) (Class.java:-2)
11-16 09:56:34.137: I/tion.truth.tes(16605):   at java.lang.Class java.lang.Class.forName(java.lang.String, boolean, java.lang.ClassLoader) (Class.java:453)
11-16 09:56:34.137: I/tion.truth.tes(16605):   at java.lang.Class java.lang.Class.forName(java.lang.String) (Class.java:378)
11-16 09:56:34.137: I/tion.truth.tes(16605):   at java.lang.String com.google.common.truth.Platform.inferDescription() (Platform.java:108)
11-16 09:56:34.137: I/tion.truth.tes(16605):   at com.google.common.collect.ImmutableList com.google.common.truth.FailureMetadata.description() (FailureMetadata.java:224)
11-16 09:56:34.137: I/tion.truth.tes(16605):   at void com.google.common.truth.FailureMetadata.fail(com.google.common.collect.ImmutableList) (FailureMetadata.java:186)
11-16 09:56:34.137: I/tion.truth.tes(16605):   at void com.google.common.truth.Subject.doFail(com.google.common.collect.ImmutableList) (Subject.java:1180)
11-16 09:56:34.137: I/tion.truth.tes(16605):   at void com.google.common.truth.Subject.failWithoutActual(com.google.common.truth.Fact, com.google.common.truth.Fact[]) (Subject.java:1068)
11-16 09:56:34.137: I/tion.truth.tes(16605):   at void androidx.navigation.truth.NavControllerSubject.isGraph(int) (NavControllerSubject.kt:61)
11-16 09:56:34.137: I/tion.truth.tes(16605):   at void androidx.navigation.truth.NavControllerSubjectTest.testIsGraphFailure() (NavControllerSubjectTest.kt:74)
11-16 09:56:34.137: I/tion.truth.tes(16605):   at java.lang.Object java.lang.reflect.Method.invoke(java.lang.Object, java.lang.Object[]) (Method.java:-2)
11-16 09:56:34.137: I/tion.truth.tes(16605):   at java.lang.Object org.junit.runners.model.FrameworkMethod$1.runReflectiveCall() (FrameworkMethod.java:50)
11-16 09:56:34.137: I/tion.truth.tes(16605):   at java.lang.Object org.junit.internal.runners.model.ReflectiveCallable.run() (ReflectiveCallable.java:12)
