11-16 09:06:21.002: D/sound_trigger_hw(744): stdev_start_recognition:[1] Enter
11-16 09:06:21.002: D/sound_trigger_hw(744): loaded_state_fn:[1] handle event id 2
11-16 09:06:21.002: D/sound_trigger_platform(744): platform_stdev_get_capture_device: available devices 0x80000004, device 0x80000004
11-16 09:06:21.002: D/sound_trigger_platform(744): platform_stdev_get_device_sample_rate: sample rate 16000
11-16 09:06:21.002: D/sound_trigger_platform(744): platform_stdev_send_hwmad_cal: previous acdb_id 128 matches new acdb_id 128 return
11-16 09:06:21.002: D/sound_trigger_platform(744): platform_stdev_send_calibration: sending device calibration for device(1) acdb_id(128)
11-16 09:06:21.002: D/ACDB-LOADER(744): ACDB -> send_afe_topology
11-16 09:06:21.002: D/ACDB-LOADER(744): ACDB -> ACDB_CMD_GET_AFE_TOPOLOGY_ID
11-16 09:06:21.002: D/ACDB-LOADER(744): ACDB -> GET_AFE_TOPOLOGY_ID for adcd_id 128, Topology Id 12e19
11-16 09:06:21.002: D/ACDB-LOADER(744): ACDB -> send_afe_cal
11-16 09:06:21.002: D/ACDB-LOADER(744): ACDB -> ACDB_CMD_GET_AFE_COMMON_TABLE_SIZE
11-16 09:06:21.002: D/ACDB-LOADER(744): ACDB -> ACDB_CMD_GET_AFE_COMMON_TABLE
11-16 09:06:21.002: D/ACDB-LOADER(744): ACDB -> AUDIO_SET_AFE_CAL
11-16 09:06:21.002: D/sound_trigger_hw(744): set_device: enable device (1) = listen-cpe-handset-mic
11-16 09:06:21.002: D/audio_route(744): Apply path: listen-cpe-handset-mic
11-16 09:06:21.017: V/ContextHubHal(750): sendMessageToHub
11-16 09:06:21.019: D/CHRE(762): @ 666.324: Parsed nanoapp message from host: app ID 0x476f6f676c00100b, endpoint 0x0, msgType 0, payload size 10
11-16 09:06:21.020: I/CHRE(762): @ 666.324: [NanoMinion] received MSG Type 0x70, Version 1, 6 bytes
11-16 09:06:21.020: I/CHRE(762): @ 666.324: [AR_CHRE] request.flush
11-16 09:06:21.020: I/CHRE(762): @ 666.324: [AR_CHRE] send to host, reason=3, sampleSize=16, transitionSize=0, lastAccelTime = 246713, lastAudioTime = 0 
11-16 09:06:21.020: I/CHRE(762): @ 666.324: [NanoMinion] sent MSG Type 0x72, Version 0, 261 bytes, MessageId 13
11-16 09:06:21.020: V/ContextHubClientManager(1160): Received NanoAppMessage[type = 1025, length = 269 bytes, broadcast, nanoapp = 0x476f6f676c00100b](data = 0xD1000109 00007200 0882D90C 1A0C0800 ...)
11-16 09:06:21.020: D/ContextHubService(1160): Sending message 1025 version 0 from hubHandle 0, appInstance 0, callBackCount 2
11-16 09:06:21.022: D/sound_trigger_hw(744): get_confidence_levels_payload: No smlib for uuid, sending opaque data
11-16 09:06:21.022: D/sound_trigger_hw(744): start:[1] gcs start VA engine, enable 1 token 3
11-16 09:06:21.022: D/sound_trigger_hw(744): start:[1] calling gcs_enable with handle 1, non-persist cal 0xf521a000, sz 24
11-16 09:06:21.022: D/ACDB-LOADER(744): ACDB -> ACDB_WDSP_CMD_GET_SUBGRAPH_MODULE_CALIBRATION_SIZE
11-16 09:06:21.022: D/ACDB-LOADER(744): ACDB -> ACDB_WDSP_CMD_GET_SUBGRAPH_MODULE_CALIBRATION
11-16 09:06:21.022: D/ACDB-LOADER(744): ACDB -> ACDB_WDSP_CMD_GET_SUBGRAPH_MODULE_CALIBRATION_SIZE
11-16 09:06:21.022: D/ACDB-LOADER(744): ACDB -> ACDB_WDSP_CMD_GET_SUBGRAPH_MODULE_CALIBRATION
11-16 09:06:21.022: D/ACDB-LOADER(744): ACDB -> ACDB_WDSP_CMD_GET_SUBGRAPH_MODULE_CONNECTION_SIZE
11-16 09:06:21.022: D/ACDB-LOADER(744): [ 11-16 09:06:21.022   744: 3606 E/         ]
11-16 09:06:21.022: D/ACDB-LOADER(744): gcs_get_sg_mod_conn_and_update_pld: subgraph mod conn size 0. Exiting
11-16 09:06:21.022: D/ACDB-LOADER(744): ACDB -> ACDB_WDSP_CMD_GET_SUBGRAPH_MODULE_CONNECTION_SIZE
11-16 09:06:21.022: D/ACDB-LOADER(744): ACDB -> ACDB_WDSP_CMD_GET_SUBGRAPH_MODULE_CONNECTION
11-16 09:06:21.022: D/ACDB-LOADER(744): ACDB -> ACDB_WDSP_CMD_GET_SUBGRAPH_CONNECTIONS_SIZE
11-16 09:06:21.022: D/ACDB-LOADER(744): ACDB -> ACDB_WDSP_CMD_GET_SUBGRAPHS_CONNECTION
11-16 09:06:21.022: D/ACDB-LOADER(744): ACDB -> ACDB_WDSP_CMD_GET_SUBGRAPH_CONNECTIONS_SIZE
11-16 09:06:21.022: D/ACDB-LOADER(744): [ 11-16 09:06:21.022   744: 3606 E/         ]
11-16 09:06:21.022: D/ACDB-LOADER(744): __gcs_get_sg_conn_and_update_pld: subgraph conn size 0. Exiting
11-16 09:06:21.022: D/ACDB-LOADER(744): [ 11-16 09:06:21.022   744: 3606 D/         ]
11-16 09:06:21.022: D/ACDB-LOADER(744): pktzr_send_cmd: opcode = 0x3, size = 452, token = 8
11-16 09:06:21.023: W/ctxmgr(11250): [AclManager] null policy map (0) 67, clientInfo=(accnt=account#-517948760#, com.google.android.googlequicksearchbox(10047):com.google.android.googlequicksearchbox, vrsn=12211000, 1, 3pPkg = null ,  3pMdlId = null ,  pid = 10192 ,  featureId = null) [CONTEXT service_id=47 ]
11-16 09:06:21.023: W/ctxmgr(11250): [ 11-16 09:06:21.033   744: 1117 D/         ]
11-16 09:06:21.023: W/ctxmgr(11250): ipc_resp_thread: opcode: 0x2, payload_size: 4, resp_buf size: 16
11-16 09:06:21.023: W/ctxmgr(11250): [ 11-16 09:06:21.033   744: 1117 D/         ]
11-16 09:06:21.023: W/ctxmgr(11250): pktzr_resp_cb: opcode = 0x2 size = 4 token = 8
11-16 09:06:21.023: W/ctxmgr(11250): [ 11-16 09:06:21.033   744: 1117 D/         ]
11-16 09:06:21.023: W/ctxmgr(11250): pktzr_resp_cb: token 8 matched
11-16 09:06:21.033: D/sound_trigger_hw(744): reg_hal_event_session: ST_EVENT_SESSION_REGISTER capture_handle 62 p_ses 0xf5250000
11-16 09:06:21.033: D/sound_trigger_hw(744): session[1]: loaded_state_fn ---> active_state_fn 
11-16 09:06:21.033: D/sound_trigger_hw(744): stdev_start_recognition:[1] Exit
11-16 09:06:21.034: I/SoundTriggerHelper(1160): startRecognition successful.
11-16 09:06:21.035: I/GsaVoiceInteractionSrv(4118): Start Hotword Recognition Status: true
11-16 09:06:21.064: D/QSEECOMAPI(16268): QSEECom_get_handle sb_length = 0x400
11-16 09:06:21.064: D/QSEECOMAPI(16268): App is already loaded QSEE and app id = 1
11-16 09:06:21.066: E/fpc_tac(16268): qsee_km_get_encapsulated_key KEYMASTER_GET_AUTH_TOKEN_KEY returned status=-24
11-16 09:06:21.067: D/QSEECOMAPI(16268): QSEECom_dealloc_memory 
11-16 09:06:21.067: D/QSEECOMAPI(16268): QSEECom_shutdown_app, app_id = 1
11-16 09:06:21.067: E/fpc_fingerprint_hal(16268): fpc_hal_open failed
11-16 09:06:21.068: I/EventHub(1160): Removing device '/dev/input/event3' due to inotify event
11-16 09:06:21.068: I/EventHub(1160): Removed device: path=/dev/input/event3 name=uinput-fpc id=133 fd=205 classes=0x101
11-16 09:06:21.068: W/EventHub(1160): built-in keyboard device /dev/input/event3 (id=133) is closing! the apps will not like this
11-16 09:06:21.068: W/InputReader(1160): Ignoring spurious device removed event for deviceId 133.
11-16 09:06:21.092: D/QSEECOMAPI(16268): QSEECom_dealloc_memory 
11-16 09:06:21.092: D/QSEECOMAPI(16268): QSEECom_shutdown_app, app_id = 133
11-16 09:06:21.137: D/AndroidRuntime(16394): >>>>>> START com.android.internal.os.RuntimeInit uid 2000 <<<<<<
11-16 09:06:21.190: I/app_process(16394): The ClassLoaderContext is a special shared library.
11-16 09:06:21.213: D/AndroidRuntime(16394): Calling main entry com.android.commands.input.Input
11-16 09:06:21.213: I/Input(16394): injectKeyEvent: KeyEvent { action=ACTION_DOWN, keyCode=KEYCODE_HOME, scanCode=0, metaState=0, flags=0x0, repeatCount=0, eventTime=654340, downTime=654340, deviceId=-1, source=0x101 }
11-16 09:06:21.217: I/Input(16394): injectKeyEvent: KeyEvent { action=ACTION_UP, keyCode=KEYCODE_HOME, scanCode=0, metaState=0, flags=0x0, repeatCount=0, eventTime=654340, downTime=654340, deviceId=-1, source=0x101 }
11-16 09:06:21.219: V/StatusBar(3638): mStatusBarWindow: com.android.systemui.statusbar.phone.StatusBarWindowView{822878b V.ED..... ........ 0,0-1080,66} canPanelBeCollapsed(): false
11-16 09:06:21.220: I/vol.Events(3638): writeEvent dismiss_dialog volume_controller
11-16 09:06:21.220: I/ActivityManager(1160): START u0 {act=android.intent.action.MAIN cat=[android.intent.category.HOME] flg=0x10200000 cmp=com.google.android.apps.nexuslauncher/.NexusLauncherActivity (has extras)} from uid 1000
11-16 09:06:21.226: D/AndroidRuntime(16394): Shutting down VM
11-16 09:06:21.240: I/GoogleInputMethod(3630): onFinishInput() : Dummy InputConnection bound
11-16 09:06:21.240: I/GoogleInputMethod(3630): onStartInput() : Dummy InputConnection bound
11-16 09:06:21.317: W/.android.chrom(16352): JIT profile information will not be recorded: profile file does not exits.
11-16 09:06:21.356: I/ActivityManager(1160): START u0 {flg=0x10000000 cmp=com.google.android.apps.mtaas.backdrop/.BackdropActivity} from uid 2000
11-16 09:06:21.364: D/android.hardware.power@1.3-service.crosshatch-libperfmgr(761): LAUNCH ON
11-16 09:06:21.384: I/ActivityManager(1160): Start proc 16414:com.google.android.apps.mtaas.backdrop/u0a163 for activity com.google.android.apps.mtaas.backdrop/.BackdropActivity
11-16 09:06:21.387: E/.mtaas.backdro(16414): Not starting debugger since process cannot load the jdwp agent.
11-16 09:06:21.393: I/ActivityManager(1160): Killing 12560:com.google.android.gms.unstable/u0a7 (adj 906): empty #17
11-16 09:06:21.394: W/libprocessgroup(1160): kill(-12560, 9) failed: No such process
11-16 09:06:21.406: I/ActivityManager(1160): Start proc 16431:com.android.sdm.plugins.sprintdm/1001 for broadcast com.android.sdm.plugins.sprintdm/.SprintDMReceiver
11-16 09:06:21.409: E/lugins.sprintd(16431): Not starting debugger since process cannot load the jdwp agent.
11-16 09:06:21.410: I/ContactLocale(13384): AddressBook Labels [[en]]: [, A, B, C, D, E, F, G, H, I, J, K, L, M, N, O, P, Q, R, S, T, U, V, W, X, Y, Z, , , , , , , , , , , , , , , , , , , , , , , , , , , , , , , , , , , , , , , , , , , , , , , , , , , , , , , , , , , , , , , , , , , , , , , , , , , , , , , , , , , , , , , , , , , , , , , , , , , , , , , , , , , , , , , , , , , , , , , , , , , , , , , , , , , , , , , , , , , , , , , , , , , , , , , , , , , , , , , , , , , , , , , , , , , , , , , , , , , , , , , , , , , #, ]
11-16 09:06:21.416: I/MultiDex(16414): VM with version 2.1.0 has multidex support
11-16 09:06:21.416: I/MultiDex(16414): install
11-16 09:06:21.416: I/MultiDex(16414): VM has multidex support, MultiDex support library is disabled.
11-16 09:06:21.418: I/ContactsProvider(13384): Locale has changed from [en_US] to [en]
11-16 09:06:21.418: W/com.google.android.apps.mtaas.backdrop(16414): type=1400 audit(0.0:230): avc: denied { read } for comm=45474C20496E6974 name="u:object_r:vendor_default_prop:s0" dev="tmpfs" ino=25565 scontext=u:r:untrusted_app:s0:c163,c256,c512,c768 tcontext=u:object_r:vendor_default_prop:s0 tclass=file permissive=0
11-16 09:06:21.421: E/libc(16414): Access denied finding property "vendor.debug.egl.profiler"
11-16 09:06:21.421: I/Zygote(727): Process 12560 exited due to signal (9)
11-16 09:06:21.426: I/lugins.sprintd(16431): The ClassLoaderContext is a special shared library.
11-16 09:06:21.427: I/lugins.sprintd(16431): The ClassLoaderContext is a special shared library.
11-16 09:06:21.432: I/ContactsDatabaseHelper(13384): Switching to locale [en] (ICU v60.2)
11-16 09:06:21.433: I/BackdropActivity(16414): onCreate()
11-16 09:06:21.435: D/SprintDMReceiver(16431): Received intent: android.intent.action.LOCALE_CHANGED
11-16 09:06:21.436: W/libprocessgroup(1160): kill(-12560, 9) failed: No such process
11-16 09:06:21.437: I/libprocessgroup(1160): Successfully killed process cgroup uid 10007 pid 12560 in 42ms
11-16 09:06:21.440: I/ActivityManager(1160): Activity requesting to dismiss Keyguard: ActivityRecord{fa65007 u0 com.google.android.apps.mtaas.backdrop/.BackdropActivity t4}
11-16 09:06:21.442: D/SprintDMHelper(16431): simOperator: 
11-16 09:06:21.442: D/SprintDMHelper(16431): Not Sprint UICC, don't do anything.
11-16 09:06:21.445: I/ActivityManager(1160): Killing 11234:com.google.android.gms:car/u0a7 (adj 906): empty #17
11-16 09:06:21.446: W/libprocessgroup(1160): kill(-11234, 9) failed: No such process
11-16 09:06:21.450: E/ExecutionCriteria(11250): Package unavailable for task: com.google.android.apps.gcs/com.google.android.flib.phenotype.services.PhenotypeExperimentCommitService{u=0 tag="PhenotypeExpCommitSvc" trigger=window{start=0s,end=30s,earliest=-553s,latest=-523s} requirements=[NET_ANY] attributes=[PERSISTED] scheduled=-553s last_run=N/A exec_window_multiplier=1.0000 jid=N/A status=PENDING retries=0 client_lib=MANCHEGO_GCM-11732000} [CONTEXT service_id=218 ]
11-16 09:06:21.470: W/libprocessgroup(1160): kill(-11234, 9) failed: No such process
11-16 09:06:21.480: I/Zygote(727): Process 11234 exited due to signal (9)
11-16 09:06:21.486: D/sound_trigger_hw(744): stdev_stop_recognition:[1] Enter
11-16 09:06:21.486: D/sound_trigger_hw(744): active_state_fn:[1] handle event id 7
11-16 09:06:21.486: D/sound_trigger_hw(744): active_state_fn:[1] unhandled event
11-16 09:06:21.486: D/sound_trigger_hw(744): active_state_fn:[1] handle event id 4
11-16 09:06:21.486: D/sound_trigger_hw(744): dereg_hal_event_session: ST_EVENT_SESSION_DEREGISTER capture_handle 62 p_ses 0xf5250000
11-16 09:06:21.486: D/sound_trigger_hw(744): stop:[1] gcs stop VA engine, size=24
11-16 09:06:21.486: D/sound_trigger_hw(744): [ 11-16 09:06:21.486   744: 3606 D/         ]
11-16 09:06:21.486: D/sound_trigger_hw(744): pktzr_send_cmd: opcode = 0x5, size = 24, token = 9
11-16 09:06:21.492: I/FontLog(11250): Received query Google Sans, URI content://com.google.android.gms.fonts [CONTEXT service_id=132 ]
11-16 09:06:21.492: I/FontLog(11250): [ 11-16 09:06:21.492   744: 1117 D/         ]
11-16 09:06:21.492: I/FontLog(11250): ipc_resp_thread: opcode: 0x2, payload_size: 4, resp_buf size: 16
11-16 09:06:21.492: I/FontLog(11250): [ 11-16 09:06:21.492   744: 1117 D/         ]
11-16 09:06:21.492: I/FontLog(11250): pktzr_resp_cb: opcode = 0x2 size = 4 token = 9
11-16 09:06:21.492: I/FontLog(11250): [ 11-16 09:06:21.493   744: 1117 D/         ]
11-16 09:06:21.492: I/FontLog(11250): pktzr_resp_cb: token 9 matched
11-16 09:06:21.493: D/sound_trigger_hw(744): stop:[1] calling gcs_disable with handle 1
11-16 09:06:21.493: D/sound_trigger_hw(744): [ 11-16 09:06:21.493   744: 3606 E/         ]
11-16 09:06:21.493: D/sound_trigger_hw(744): __gcs_disable_update_pld: sgt_array[i] = 0x1
11-16 09:06:21.493: D/sound_trigger_hw(744): [ 11-16 09:06:21.493   744: 3606 E/         ]
11-16 09:06:21.493: D/sound_trigger_hw(744): __gcs_disable_update_pld: sgt_array[i] = 0x2
11-16 09:06:21.493: I/FontLog(11250): Query [Google Sans] resolved to {Google Sans, wdth 100.0, wght 400, ital 0.0, bestEffort false} [CONTEXT service_id=132 ]
11-16 09:06:21.493: I/FontLog(11250): [ 11-16 09:06:21.493   744: 3606 D/         ]
11-16 09:06:21.493: I/FontLog(11250): pktzr_send_cmd: opcode = 0x4, size = 80, token = 10
11-16 09:06:21.498: I/FontLog(11250): Font PFD returned from cache for {Google Sans, wdth 100.0, wght 400, ital 0.0, bestEffort false} [CONTEXT service_id=132 ]
11-16 09:06:21.499: I/FontLog(11250): Fetch {Google Sans, wdth 100.0, wght 400, ital 0.0, bestEffort false} end status Status{statusCode=SUCCESS, resolution=null} [CONTEXT service_id=132 ]
11-16 09:06:21.500: I/ActivityManager(1160): Start proc 16449:com.android.vending:instant_app_installer/u0a14 for broadcast com.android.vending/com.google.android.finsky.instantapps.InstantAppsConfigChangeListener
11-16 09:06:21.500: I/ActivityManager(1160): [ 11-16 09:06:21.500   744: 1117 D/         ]
11-16 09:06:21.500: I/ActivityManager(1160): ipc_resp_thread: opcode: 0x2, payload_size: 4, resp_buf size: 16
11-16 09:06:21.500: I/ActivityManager(1160): [ 11-16 09:06:21.501   744: 1117 D/         ]
11-16 09:06:21.500: I/ActivityManager(1160): pktzr_resp_cb: opcode = 0x2 size = 4 token = 10
11-16 09:06:21.500: I/ActivityManager(1160): [ 11-16 09:06:21.501   744: 1117 D/         ]
11-16 09:06:21.500: I/ActivityManager(1160): pktzr_resp_cb: token 10 matched
11-16 09:06:21.501: D/sound_trigger_hw(744): set_device: disable device (1) = listen-cpe-handset-mic
11-16 09:06:21.503: D/sound_trigger_hw(744): session[1]: active_state_fn ---> loaded_state_fn 
11-16 09:06:21.503: I/FontLog(11250): Pulling font file for id = 5, cache size = 5 [CONTEXT service_id=132 ]
11-16 09:06:21.503: D/sound_trigger_hw(744): stdev_stop_recognition:[1] Exit status 0
11-16 09:06:21.506: E/t_app_installe(16449): Not starting debugger since process cannot load the jdwp agent.
11-16 09:06:21.508: I/GsaVoiceInteractionSrv(4118): Stop Hotword Recognition status: true
11-16 09:06:21.511: I/ContactsDatabaseHelper(13384): Locale change completed in 80ms
11-16 09:06:21.512: I/ContactsDatabaseHelper(13384): Switching to locale [en] (ICU v60.2)
11-16 09:06:21.513: W/libprocessgroup(1160): kill(-11234, 9) failed: No such process
11-16 09:06:21.513: I/libprocessgroup(1160): Successfully killed process cgroup uid 10007 pid 11234 in 67ms
11-16 09:06:21.523: I/BackdropActivity(16414): android_id: 3804532766751891800
11-16 09:06:21.524: I/NetworkScheduler.Stats(11250): Task com.google.android.gms/com.google.android.gms.icing.proxy.IcingInternalCorporaUpdateService started execution. cause:9 exec_start_elapsed_seconds: 654 [CONTEXT service_id=218 ]
11-16 09:06:21.525: I/t_app_installe(16449): The ClassLoaderContext is a special shared library.
11-16 09:06:21.529: I/BackdropActivity(16414): onResume()
11-16 09:06:21.530: I/ActivityManager(1160): Activity requesting to dismiss Keyguard: ActivityRecord{fa65007 u0 com.google.android.apps.mtaas.backdrop/.BackdropActivity t4}
11-16 09:06:21.536: D/OpenGLRenderer(16414): Skia GL Pipeline
11-16 09:06:21.542: I/NetworkScheduler.Stats(11250): Task com.google.android.gms/com.google.android.gms.phenotype.service.sync.PhenotypeConfigurator started execution. cause:9 exec_start_elapsed_seconds: 654 [CONTEXT service_id=218 ]
11-16 09:06:21.545: I/Finsky:instant_app_inst(16449): [2] gft.ay(5): Process created at version: 22.4.28-16 [0] [PR] 338099147
11-16 09:06:21.546: W/System(13013): A resource failed to call end. 
11-16 09:06:21.546: W/GmsTaskScheduler(14769): com.google.android.gms.icing.service.IcingGcmTaskChimeraService is not available. This may cause the task to be lost.
11-16 09:06:21.546: I/FTLNetworkMonitor(16414): NetworkMonitoringService was created
11-16 09:06:21.549: I/Finsky(13013): [2] abxn.f(7): SCH: Cancelling existing jobscheduler jobs: 9000 9003 9004 9006 
11-16 09:06:21.550: I/Finsky(13013): [2] abxn.c(4): SCH: Scheduling immediate wakeup job with id: 9000
11-16 09:06:21.556: I/Finsky(13013): [2] acbc.onStartJob(3): SCH: onJobSchedulerWakeup with jobId 9000
11-16 09:06:21.559: I/Finsky(13013): [2] abwh.a(9): SCH: Scheduling fallback job with id: 9034, and delay: 43200000 ms
11-16 09:06:21.559: I/Adreno(16414): QUALCOMM build                   : 3f88ca2, I42f6fe38fb
11-16 09:06:21.559: I/Adreno(16414): Build Date                       : 07/13/18
11-16 09:06:21.559: I/Adreno(16414): OpenGL ES Shader Compiler Version: EV031.24.00.00
11-16 09:06:21.559: I/Adreno(16414): Local Branch                     : 50.04
11-16 09:06:21.559: I/Adreno(16414): Remote Branch                    : 
11-16 09:06:21.559: I/Adreno(16414): Remote Branch                    : 
11-16 09:06:21.559: I/Adreno(16414): Reconstruct Branch               : 
11-16 09:06:21.559: I/Adreno(16414): Build Config                     : S P 4.0.10 AArch64
11-16 09:06:21.562: I/Finsky(13013): [2] abwh.b(9): SCH: Scheduling fallback in 64799998 (absolute: 65454686)
11-16 09:06:21.562: E/libc(16414): Access denied finding property "ro.vendor.graphics.memory"
11-16 09:06:21.558: W/RenderThread(16414): type=1400 audit(0.0:231): avc: denied { read } for name="u:object_r:vendor_default_prop:s0" dev="tmpfs" ino=25565 scontext=u:r:untrusted_app:s0:c163,c256,c512,c768 tcontext=u:object_r:vendor_default_prop:s0 tclass=file permissive=0
11-16 09:06:21.563: I/Adreno(16414): PFP: 0x016ee170, ME: 0x00000000
11-16 09:06:21.567: I/ConfigStore(16414): android::hardware::configstore::V1_0::ISurfaceFlingerConfigs::hasWideColorDisplay retrieved: 1
11-16 09:06:21.567: I/ConfigStore(16414): android::hardware::configstore::V1_0::ISurfaceFlingerConfigs::hasHDRDisplay retrieved: 1
11-16 09:06:21.567: I/OpenGLRenderer(16414): Initialized EGL, version 1.4
11-16 09:06:21.567: D/OpenGLRenderer(16414): Swap behavior 2
11-16 09:06:21.572: I/NetworkScheduler.Stats(11250): Task com.google.android.gms/com.google.android.gms.icing.proxy.IcingInternalCorporaUpdateService finished executing. cause:9 result: 1 elapsed_millis: 61 uptime_millis: 61 exec_start_elapsed_seconds: 654 [CONTEXT service_id=218 ]
11-16 09:06:21.580: I/FTLNetworkMonitor(16414): Network Info: [type: WIFI[], state: CONNECTED/CONNECTED, reason: (unspecified), extra: (none), failover: false, available: true, roaming: false]
11-16 09:06:21.580: I/FTLNetworkMonitor(16414): Network Info: [type: WIFI[], state: CONNECTED/CONNECTED, reason: (unspecified), extra: (none), failover: false, available: true, roaming: false]
11-16 09:06:21.584: I/Finsky(13013): [2] abwq.handleMessage(8): SCH: DeviceState: DeviceState{currentTime=1637082381582, isCharging=true, isIdle=false, netAny=true, netNotRoaming=true, netUnmetered=true, batteryPercent=100.0}
11-16 09:06:21.589: E/libc(16414): Access denied finding property "vendor.gralloc.enable_ahardware_buffer"
11-16 09:06:21.589: I/ContactsDatabaseHelper(13384): Locale change completed in 78ms
11-16 09:06:21.585: W/RenderThread(16414): type=1400 audit(0.0:232): avc: denied { read } for name="u:object_r:vendor_default_prop:s0" dev="tmpfs" ino=25565 scontext=u:r:untrusted_app:s0:c163,c256,c512,c768 tcontext=u:object_r:vendor_default_prop:s0 tclass=file permissive=0
11-16 09:06:21.592: I/Finsky(13013): [257] abzb.b(5): SCH: Jobs in database: 1-1337 3-1 12-1 24-77777777 26-1414141414 31-305419896 37-0 
11-16 09:06:21.607: I/ContactsFTS(13384): Rebuild contact search index in 15ms, 0 contacts
11-16 09:06:21.610: I/Finsky(13013): [2] abwr.b(10): SCH: Running job: 37-0
11-16 09:06:21.613: I/Finsky(13013): [2] LanguageSplitInstallEventJob.d(5): Clear bulk acquire cache.
11-16 09:06:21.614: I/Finsky(13013): [2] ajki.a(1): Checking for new language splits.
11-16 09:06:21.614: I/Finsky(13013): [2] ajki.a(2): Updating language store, changed to [en]
11-16 09:06:21.615: I/Finsky(13013): [126] hzi.h(3): Commerce cache was cleared.
11-16 09:06:21.616: I/Finsky(13013): [2] alsm.b(5): Clearing cache.
11-16 09:06:21.617: D/Volley(13013): [148] alsu.e: Cache cleared.
11-16 09:06:21.618: I/ActivityManager(1160): Start proc 16479:com.google.android.apps.docs/u0a128 for broadcast com.google.android.apps.docs/.notification.common.NotificationChannelReceiver
11-16 09:06:21.621: E/ExecutionCriteria(11250): Package unavailable for task: com.google.android.apps.gcs/com.google.android.flib.phenotype.services.PhenotypeExperimentCommitService{u=0 tag="PhenotypeExpCommitSvc" trigger=window{start=0s,end=30s,earliest=-553s,latest=-523s} requirements=[NET_ANY] attributes=[PERSISTED] scheduled=-553s last_run=N/A exec_window_multiplier=1.0000 jid=N/A status=PENDING retries=0 client_lib=MANCHEGO_GCM-11732000} [CONTEXT service_id=218 ]
11-16 09:06:21.621: D/Volley(13013): [185] alsu.e: Cache cleared.
11-16 09:06:21.622: I/Finsky(13013): [265] ajjw.a(14): Existing languages: []
11-16 09:06:21.624: E/droid.apps.doc(16479): Not starting debugger since process cannot load the jdwp agent.
11-16 09:06:21.624: D/Volley(13013): [2] alst.e: Cache cleared.
11-16 09:06:21.627: I/Finsky(13013): [2] abwq.handleMessage(68): SCH: RunningQueue size: 1, PendingQueue size: 0
11-16 09:06:21.627: I/Finsky(13013): [2] abwr.p(3): SCH: Running queue: 37-0 
11-16 09:06:21.628: I/Finsky(13013): [265] ajjz.a(24): Language change to [en], of which [en] are new, removed [].
11-16 09:06:21.628: I/Finsky(13013): [265] ajkf.a(16): Language store updated - wasNewLanguageAdded=true
11-16 09:06:21.631: I/Finsky(13013): [126] ajia.run(13): Checking for language splits...
11-16 09:06:21.636: I/GoogleInputMethod(3630): onFinishInput() : Dummy InputConnection bound
11-16 09:06:21.638: I/GoogleInputMethod(3630): onStartInput() : Dummy InputConnection bound
11-16 09:06:21.638: W/SurfaceFlinger(640): Attempting to set client state on removed layer: Splash Screen com.google.android.apps.mtaas.backdrop#0
11-16 09:06:21.639: W/SurfaceFlinger(640): Attempting to destroy on removed layer: Splash Screen com.google.android.apps.mtaas.backdrop#0
11-16 09:06:21.641: I/ActivityManager(1160): Displayed com.google.android.apps.mtaas.backdrop/.BackdropActivity: +273ms
11-16 09:06:21.645: I/droid.apps.doc(16479): The ClassLoaderContext is a special shared library.
11-16 09:06:21.649: D/android.hardware.power@1.3-service.crosshatch-libperfmgr(761): LAUNCH OFF
11-16 09:06:21.683: I/NetworkScheduler.Stats(11250): Task com.google.android.gms/com.google.android.gms.gass.chimera.SchedulePeriodicTasksService started execution. cause:5 exec_start_elapsed_seconds: 654 [CONTEXT service_id=218 ]
11-16 09:06:21.692: W/Finsky(13013): [126] fjv.c(22): For unauth, use getDfeApiNonAuthenticated() instead!
11-16 09:06:21.692: I/Finsky(13013): [126] fjv.f(2): getDfeApiOrNonauthenticated is returning unauth api
11-16 09:06:21.718: E/ExecutionCriteria(11250): Package unavailable for task: com.google.android.apps.gcs/com.google.android.flib.phenotype.services.PhenotypeExperimentCommitService{u=0 tag="PhenotypeExpCommitSvc" trigger=window{start=0s,end=30s,earliest=-554s,latest=-524s} requirements=[NET_ANY] attributes=[PERSISTED] scheduled=-554s last_run=N/A exec_window_multiplier=1.0000 jid=N/A status=PENDING retries=0 client_lib=MANCHEGO_GCM-11732000} [CONTEXT service_id=218 ]
11-16 09:06:21.745: I/system_server(1160): Background concurrent copying GC freed 179488(12MB) AllocSpace objects, 177(4MB) LOS objects, 42% free, 18MB/32MB, paused 148us total 158.098ms
11-16 09:06:21.765: I/NetworkScheduler.Stats(11250): Task com.google.android.gms/com.google.android.gms.gass.chimera.SchedulePeriodicTasksService finished executing. cause:5 result: 1 elapsed_millis: 118 uptime_millis: 118 exec_start_elapsed_seconds: 654 [CONTEXT service_id=218 ]
11-16 09:06:21.788: I/ActivityManager(1160): Start proc 16510:com.google.android.gms.unstable/u0a7 for service com.google.android.gms/.droidguard.DroidGuardService
11-16 09:06:21.792: E/id.gms.unstabl(16510): Not starting debugger since process cannot load the jdwp agent.
11-16 09:06:21.794: E/ExecutionCriteria(11250): Package unavailable for task: com.google.android.apps.gcs/com.google.android.flib.phenotype.services.PhenotypeExperimentCommitService{u=0 tag="PhenotypeExpCommitSvc" trigger=window{start=0s,end=30s,earliest=-554s,latest=-524s} requirements=[NET_ANY] attributes=[PERSISTED] scheduled=-554s last_run=N/A exec_window_multiplier=1.0000 jid=N/A status=PENDING retries=0 client_lib=MANCHEGO_GCM-11732000} [CONTEXT service_id=218 ]
11-16 09:06:21.811: I/PBSessionCacheImpl(10192): Deleted sessionId[841004542534] from persistence.
11-16 09:06:21.813: I/id.gms.unstabl(16510): The ClassLoaderContext is a special shared library.
11-16 09:06:21.819: V/SettingsProvider(1160): Notifying for 0: content://settings/system/accelerometer_rotation
11-16 09:06:21.814: I/chatty(16510): uid=10007 com.google.android.gms.unstable identical 1 line
11-16 09:06:21.816: I/id.gms.unstabl(16510): The ClassLoaderContext is a special shared library.
11-16 09:06:21.830: I/Finsky(13013): [152] lth.l(1): Account name null when calculating account hash
11-16 09:06:21.831: I/NetworkScheduler.Stats(11250): Task com.google.android.gms/com.google.android.gms.gass.chimera.SchedulePeriodicTasksService started execution. cause:5 exec_start_elapsed_seconds: 654 [CONTEXT service_id=218 ]
11-16 09:06:21.838: W/id.gms.unstabl(16510): Unknown chunk type '200'.
11-16 09:06:21.844: I/NetworkScheduler.Stats(11250): Task com.google.android.gms/com.google.android.gms.gass.chimera.SchedulePeriodicTasksService finished executing. cause:5 result: 1 elapsed_millis: 29 uptime_millis: 29 exec_start_elapsed_seconds: 654 [CONTEXT service_id=218 ]
11-16 09:06:21.861: W/SearchServiceCore(10192): Abort, client detached.
11-16 09:06:21.872: E/ExecutionCriteria(11250): Package unavailable for task: com.google.android.apps.gcs/com.google.android.flib.phenotype.services.PhenotypeExperimentCommitService{u=0 tag="PhenotypeExpCommitSvc" trigger=window{start=0s,end=30s,earliest=-554s,latest=-524s} requirements=[NET_ANY] attributes=[PERSISTED] scheduled=-554s last_run=N/A exec_window_multiplier=1.0000 jid=N/A status=PENDING retries=0 client_lib=MANCHEGO_GCM-11732000} [CONTEXT service_id=218 ]
11-16 09:06:21.893: V/SettingsProvider(1160): Notifying for 0: content://settings/system/user_rotation
11-16 09:06:21.909: I/NetworkScheduler.Stats(11250): Task com.google.android.gms/com.google.android.gms.icing.proxy.IcingInternalCorporaUpdateService started execution. cause:5 exec_start_elapsed_seconds: 655 [CONTEXT service_id=218 ]
11-16 09:06:21.931: I/NetworkScheduler.Stats(11250): Task com.google.android.gms/com.google.android.gms.icing.proxy.IcingInternalCorporaUpdateService finished executing. cause:5 result: 1 elapsed_millis: 38 uptime_millis: 38 exec_start_elapsed_seconds: 655 [CONTEXT service_id=218 ]
11-16 09:06:21.951: E/ExecutionCriteria(11250): Package unavailable for task: com.google.android.apps.gcs/com.google.android.flib.phenotype.services.PhenotypeExperimentCommitService{u=0 tag="PhenotypeExpCommitSvc" trigger=window{start=0s,end=30s,earliest=-554s,latest=-524s} requirements=[NET_ANY] attributes=[PERSISTED] scheduled=-554s last_run=N/A exec_window_multiplier=1.0000 jid=N/A status=PENDING retries=0 client_lib=MANCHEGO_GCM-11732000} [CONTEXT service_id=218 ]
11-16 09:06:21.978: W/ProviderHelper(16510): Unknown dynamite feature providerinstaller.dynamite
11-16 09:06:21.979: I/DynamiteModule(16510): Considering local module com.google.android.gms.providerinstaller.dynamite:1 and remote module com.google.android.gms.providerinstaller.dynamite:0
11-16 09:06:21.979: I/DynamiteModule(16510): Selected local version of com.google.android.gms.providerinstaller.dynamite
11-16 09:06:21.995: V/NativeCrypto(16510): Registering com/google/android/gms/org/conscrypt/NativeCrypto's 294 native methods...
11-16 09:06:22.009: D/NetworkSecurityConfig(16510): Using Network Security Config from resource network_security_config debugBuild: false
11-16 09:06:22.011: I/ProviderInstaller(16510): Installed default security provider GmsCore_OpenSSL
11-16 09:06:22.026: I/axnn(16510): Primes not initialized, returning default (no-op) Primes instance which will ignore all calls. Please call Primes.initialize(...) before using any Primes API.
11-16 09:06:22.038: I/GMS_MM_Logger(16510): Started.
11-16 09:06:22.048: I/Watchcat(16510): Started
11-16 09:06:22.146: I/Finsky(13013): [2] ajih.kw(11): BulkDetails response obtained.
11-16 09:06:22.147: I/Finsky(13013): [2] ajja.a(21): No new splits to download.
11-16 09:06:22.147: I/Finsky(13013): [2] ajkh.run(138): Skipping check for new language splits in self-update.
11-16 09:06:22.148: I/Finsky(13013): [2] abya.n(4): SCH: jobFinished: 37-0. TimeElapsed: 538ms.
11-16 09:06:22.150: I/Finsky(13013): [2] abwr.e(4): SCH: Job 37-0 finished. Not rescheduling.
11-16 09:06:22.150: I/Finsky(13013): [2] abwq.handleMessage(68): SCH: RunningQueue size: 0, PendingQueue size: 0
11-16 09:06:22.151: I/Finsky(13013): [2] abwq.handleMessage(26): SCH: Executor finished
11-16 09:06:22.162: I/Finsky(13013): [2] abzb.b(5): SCH: Jobs in database: 1-1337 3-1 12-1 24-77777777 26-1414141414 31-305419896 
11-16 09:06:22.170: I/Finsky(13013): [2] abxn.d(37): SCH: ConstraintMapping: 24-77777777,  -> L: 0ms, D: 82389984ms, C: false, I: true, N: 0
11-16 09:06:22.170: I/Finsky(13013): [2] abxn.d(37): SCH: ConstraintMapping: 1-1337, 12-1, 31-305419896,  -> L: 9153ms, D: 69212715ms, C: false, I: false, N: 1
11-16 09:06:22.171: I/Finsky(13013): [2] abxn.d(37): SCH: ConstraintMapping: 3-1,  -> L: 0ms, D: 85997087ms, C: true, I: true, N: 2
11-16 09:06:22.171: I/Finsky(13013): [2] abxn.d(37): SCH: ConstraintMapping: 26-1414141414,  -> L: 42603071ms, D: 43503071ms, C: false, I: false, N: 0
11-16 09:06:22.172: I/Finsky(13013): [2] abxn.f(7): SCH: Cancelling existing jobscheduler jobs: 
11-16 09:06:22.172: I/Finsky(13013): [2] abxn.e(8): SCH: Throttling wakeup for job 9001 (expected to run in 0 ms) due to recent wakeup
11-16 09:06:22.173: I/Finsky(13013): [2] abxn.e(23): SCH: Scheduling job Id: 9001, L: 30000, D: 82389984, C: false, I: true, N: 0
11-16 09:06:22.174: I/Finsky(13013): [2] abxn.e(8): SCH: Throttling wakeup for job 9002 (expected to run in 9153 ms) due to recent wakeup
11-16 09:06:22.174: I/Finsky(13013): [2] abxn.e(23): SCH: Scheduling job Id: 9002, L: 30000, D: 69212715, C: false, I: false, N: 1
11-16 09:06:22.176: I/Finsky(13013): [2] abxn.e(8): SCH: Throttling wakeup for job 9003 (expected to run in 0 ms) due to recent wakeup
11-16 09:06:22.177: I/Finsky(13013): [2] abxn.e(23): SCH: Scheduling job Id: 9003, L: 30000, D: 85997087, C: true, I: true, N: 2
11-16 09:06:22.178: I/Finsky(13013): [2] abxn.e(23): SCH: Scheduling job Id: 9004, L: 42603071, D: 43503071, C: false, I: false, N: 0
11-16 09:06:22.318: I/akia(11250): Removed 0 invalid users [CONTEXT service_id=51 ]
11-16 09:06:22.377: I/id.gms.unstabl(16510): The ClassLoaderContext is a special shared library.
11-16 09:06:22.444: I/GAv4(16479): Google Analytics 18.8.27 is starting up. To enable debug logging on a device run:
11-16 09:06:22.444: I/GAv4(16479):   adb shell setprop log.tag.GAv4 DEBUG
11-16 09:06:22.444: I/GAv4(16479):   adb logcat -s GAv4
11-16 09:06:22.496: W/PrimesInit(16479): Primes instant initialization
11-16 09:06:22.499: W/Primes(16479): background initialization
11-16 09:06:22.503: W/GAv4(16479): CampaignTrackingReceiver is not registered, not exported or is disabled. Installation campaign tracking is not possible. See http://goo.gl/8Rd3yj for instructions.
11-16 09:06:22.503: I/ing.testsuppor(16049): Waiting for a blocking GC ProfileSaver
11-16 09:06:22.511: I/ing.testsuppor(16049): WaitForGcToComplete blocked ProfileSaver on HeapTrim for 7.290ms
11-16 09:06:22.571: W/FieldDefinition(16479): [main] Ignoring isIndexed constraint as field also has uniqueness constraint (on just this field, and therefore SQLite will have to create an index on that. For field: cxk$b@148fe05
11-16 09:06:22.580: E/libc(16510): Access denied finding property "vendor.debug.egl.profiler"
11-16 09:06:22.578: W/Binder:16510_2(16510): type=1400 audit(0.0:233): avc: denied { read } for name="u:object_r:vendor_default_prop:s0" dev="tmpfs" ino=25565 scontext=u:r:priv_app:s0:c512,c768 tcontext=u:object_r:vendor_default_prop:s0 tclass=file permissive=0
11-16 09:06:22.580: I/Adreno(16510): QUALCOMM build                   : 3f88ca2, I42f6fe38fb
11-16 09:06:22.580: I/Adreno(16510): Build Date                       : 07/13/18
11-16 09:06:22.580: I/Adreno(16510): OpenGL ES Shader Compiler Version: EV031.24.00.00
11-16 09:06:22.580: I/Adreno(16510): Local Branch                     : 50.04
11-16 09:06:22.580: I/Adreno(16510): Remote Branch                    : 
11-16 09:06:22.580: I/Adreno(16510): Remote Branch                    : 
11-16 09:06:22.580: I/Adreno(16510): Reconstruct Branch               : 
11-16 09:06:22.580: I/Adreno(16510): Build Config                     : S P 4.0.10 AArch64
11-16 09:06:22.581: E/libc(16510): Access denied finding property "ro.vendor.graphics.memory"
11-16 09:06:22.578: W/Binder:16510_2(16510): type=1400 audit(0.0:234): avc: denied { read } for name="u:object_r:vendor_default_prop:s0" dev="tmpfs" ino=25565 scontext=u:r:priv_app:s0:c512,c768 tcontext=u:object_r:vendor_default_prop:s0 tclass=file permissive=0
11-16 09:06:22.582: I/Adreno(16510): PFP: 0x016ee170, ME: 0x00000000
11-16 09:06:22.587: I/ConfigStore(16510): android::hardware::configstore::V1_0::ISurfaceFlingerConfigs::hasWideColorDisplay retrieved: 1
11-16 09:06:22.587: I/ConfigStore(16510): android::hardware::configstore::V1_0::ISurfaceFlingerConfigs::hasHDRDisplay retrieved: 1
11-16 09:06:22.604: I/Adreno(16510): QUALCOMM build                   : 3f88ca2, I42f6fe38fb
11-16 09:06:22.604: I/Adreno(16510): Build Date                       : 07/13/18
11-16 09:06:22.604: I/Adreno(16510): OpenGL ES Shader Compiler Version: EV031.24.00.00
11-16 09:06:22.604: I/Adreno(16510): Local Branch                     : 50.04
11-16 09:06:22.604: I/Adreno(16510): Remote Branch                    : 
11-16 09:06:22.604: I/Adreno(16510): Remote Branch                    : 
11-16 09:06:22.604: I/Adreno(16510): Reconstruct Branch               : 
11-16 09:06:22.604: I/Adreno(16510): Build Config                     : S P 4.0.10 AArch64
11-16 09:06:22.606: I/Adreno(16510): PFP: 0x016ee170, ME: 0x00000000
11-16 09:06:22.607: I/ConfigStore(16510): android::hardware::configstore::V1_0::ISurfaceFlingerConfigs::hasWideColorDisplay retrieved: 1
11-16 09:06:22.607: I/ConfigStore(16510): android::hardware::configstore::V1_0::ISurfaceFlingerConfigs::hasHDRDisplay retrieved: 1
11-16 09:06:22.607: I/ConfigStore(16510): [ 11-16 09:06:22.677   827: 1412 E/         ]
11-16 09:06:22.607: I/ConfigStore(16510): Couldn't opendir /data/app/vmdl1977572149.tmp: No such file or directory
11-16 09:06:22.677: E/installd(827): Failed to delete /data/app/vmdl1977572149.tmp: No such file or directory
11-16 09:06:22.688: I/Finsky(13013): [2] yeh.d(13): PackageMonitorReceiverImpl - Received: android.intent.action.PACKAGE_ADDED, [EoF1oDWmz7ltTwAYqC40Qzd9iSBp2xrh_kkvq80SvGg]
11-16 09:06:22.688: I/Finsky(13013): [2] yfi.g(1): Invalidating cached PackageState for dev.androidx.ci.emptyapp
11-16 09:06:22.694: I/CarrierServices(13772): [2] RcsAutoStartReceiver.b: carrierServicesJibeServiceEnabled changed from true to true
11-16 09:06:22.695: I/CarrierServices(13772): [2] RcsAutoStartReceiver.b: enableRcs changed from true to true
11-16 09:06:22.695: I/CarrierServices(13772): [2] RcsAutoStartReceiver.b: RcsAutoStartReceiver triggered. Fetching RCS State. Action: android.intent.action.PACKAGE_ADDED
11-16 09:06:22.697: W/BroadcastQueue(1160): Background execution not allowed: receiving Intent { act=android.intent.action.PACKAGE_ADDED dat=package:dev.androidx.ci.emptyapp flg=0x4000010 (has extras) } to com.android.musicfx/.Compatibility$Receiver
11-16 09:06:22.697: W/BroadcastQueue(1160): Background execution not allowed: receiving Intent { act=android.intent.action.PACKAGE_ADDED dat=package:dev.androidx.ci.emptyapp flg=0x4000010 (has extras) } to com.android.vending/com.google.android.finsky.packagemanager.impl.PackageMonitorReceiverImpl$RegisteredReceiver
11-16 09:06:22.697: W/BroadcastQueue(1160): Background execution not allowed: receiving Intent { act=android.intent.action.PACKAGE_ADDED dat=package:dev.androidx.ci.emptyapp flg=0x4000010 (has extras) } to com.google.android.gms/.games.chimera.GamesSystemBroadcastReceiverProxy
11-16 09:06:22.697: W/BroadcastQueue(1160): Background execution not allowed: receiving Intent { act=android.intent.action.PACKAGE_ADDED dat=package:dev.androidx.ci.emptyapp flg=0x4000010 (has extras) } to com.google.android.gms/.gass.chimera.PackageChangeBroadcastReceiver
11-16 09:06:22.697: W/BroadcastQueue(1160): Background execution not allowed: receiving Intent { act=android.intent.action.PACKAGE_ADDED dat=package:dev.androidx.ci.emptyapp flg=0x4000010 (has extras) } to com.google.android.gms/.chimera.GmsIntentOperationService$PersistentTrustedReceiver
11-16 09:06:22.697: W/BroadcastQueue(1160): Background execution not allowed: receiving Intent { act=android.intent.action.PACKAGE_ADDED dat=package:dev.androidx.ci.emptyapp flg=0x4000010 (has extras) } to com.google.android.googlequicksearchbox/com.google.android.apps.gsa.googlequicksearchbox.GelStubAppWatcher
11-16 09:06:22.697: W/BroadcastQueue(1160): Background execution not allowed: receiving Intent { act=android.intent.action.PACKAGE_ADDED dat=package:dev.androidx.ci.emptyapp flg=0x4000010 (has extras) } to com.google.android.ims/.receivers.RcsAutoStartReceiver
11-16 09:06:22.698: I/CarrierServices(13772): [2] aws.a: Migration binding to RcsMigrationService
11-16 09:06:22.698: I/Telecom(1160): DefaultDialerCache: Refreshing default dialer for user 0: now com.google.android.dialer: DDC.oR@AJU
11-16 09:06:22.698: I/Finsky(13013): [2] owk.d(2): Frosting ID looked up on UI thread. Caller should move to a background thread.
11-16 09:06:22.701: I/Finsky(13013): [256] ovx.run(16): Wrote row to frosting DB: 212
11-16 09:06:22.710: I/BugleDataModel(8508): RcsMigrationService: Returning RCS state provider.
11-16 09:06:22.710: V/BackupManagerConstants(1160): getFullBackupIntervalMilliseconds(...) returns 86400000
11-16 09:06:22.712: I/Finsky(13013): [257] jnw.a(15): [ContentSync] finished, scheduled=false
11-16 09:06:22.713: I/Finsky(13013): [2] amas.a(3): Do not start WearSupportService due to Wear service optimization
11-16 09:06:22.715: I/Finsky(13013): [2] amas.a(3): Do not start WearSupportService due to Wear service optimization
11-16 09:06:22.717: I/Finsky(13013): [2] aeak.a(8): Clearing split related stale data.
11-16 09:06:22.717: I/Finsky(13013): [258] gxq.a(12): Asset module storage cleared for package dev.androidx.ci.emptyapp.
11-16 09:06:22.719: I/BugleRcsEngine(8508): [498] pot.a: Sim state is not ready. Returning last known operation mode.
11-16 09:06:22.720: I/Finsky(13013): [2] owk.d(2): Frosting ID looked up on UI thread. Caller should move to a background thread.
11-16 09:06:22.720: D/RegisteredNfcFServicesCache(4143): Service unchanged, not updating
11-16 09:06:22.724: I/InputReader(1160): Reconfiguring input devices.  changes=0x00000010
11-16 09:06:22.728: I/Finsky(13013): [256] ovx.run(16): Wrote row to frosting DB: 213
11-16 09:06:22.729: D/ImsResolver(3780): maybeAddedImsService, packageName: dev.androidx.ci.emptyapp
11-16 09:06:22.730: E/PhoneInterfaceManager(3780): [PhoneIntfMgr] getCarrierPackageNamesForIntent: No UICC
11-16 09:06:22.730: D/CarrierSvcBindHelper(3780): No carrier app for: 0
11-16 09:06:22.734: E/VvmPkgInstalledRcvr(3780): cannot create TelephonyManager from ComponentInfo{com.android.phone/com.android.services.telephony.TelephonyConnectionService}, ***, UserHandle{0}
11-16 09:06:22.734: D/CarrierConfigLoader(3780): mHandler: 9 phoneId: 0
11-16 09:06:22.740: W/system_server(1160): Unknown chunk type '200'.
11-16 09:06:22.742: I/CarrierServices(13772): [816] awt.doInBackground: Saving RCS State
11-16 09:06:22.742: I/CarrierServices(13772): [816] awt.doInBackground: Old operation mode: 0
11-16 09:06:22.747: I/CarrierServices(13772): [816] awt.doInBackground: New operation mode: 0
11-16 09:06:22.748: I/CarrierServices(13772): [2] aww.a: Unbinding RcsMigrationService
11-16 09:06:22.750: I/ctivity.metric(16078): Waiting for a blocking GC ProfileSaver
11-16 09:06:22.767: I/Auth(14769): [SupervisedAccountIntentOperation] onHandleIntent(): android.intent.action.PACKAGE_ADDED
11-16 09:06:22.770: I/BlockstoreStorage(14769): Clearing Blockstore Data for package dev.androidx.ci.emptyapp [CONTEXT service_id=258 ]
11-16 09:06:22.773: I/BlockstoreStorage(14769): No metadata found. Skipping deletion. [CONTEXT service_id=258 ]
11-16 09:06:22.773: I/.gms.persisten(11250): Background concurrent copying GC freed 176861(9MB) AllocSpace objects, 12(544KB) LOS objects, 49% free, 12MB/24MB, paused 35us total 134.556ms
11-16 09:06:22.776: W/GCM(11250): Unexpected forwarded intent: Intent { act=android.intent.action.PACKAGE_ADDED dat=package:dev.androidx.ci.emptyapp flg=0x4000010 pkg=com.google.android.gms cmp=com.google.android.gms/.chimera.PersistentIntentOperationService (has extras) }
11-16 09:06:22.776: I/FontLog(11250): Package dev.androidx.ci.emptyapp has no metadata [CONTEXT service_id=132 ]
11-16 09:06:22.777: W/GCM(11250): Unexpected forwarded intent: Intent { act=android.intent.action.PACKAGE_ADDED dat=package:dev.androidx.ci.emptyapp flg=0x4000010 pkg=com.google.android.gms cmp=com.google.android.gms/.chimera.PersistentIntentOperationService (has extras) }
11-16 09:06:22.778: D/BoundBrokerSvc(14769): onBind: Intent { act=com.google.android.gms.common.BIND_SHARED_PREFS pkg=com.google.android.gms }
11-16 09:06:22.778: D/BoundBrokerSvc(14769): Loading bound service for intent: Intent { act=com.google.android.gms.common.BIND_SHARED_PREFS pkg=com.google.android.gms }
11-16 09:06:22.823: W/ChimeraUtils(11250): Module com.google.android.gms.nearby_en has empty metadata display_name_string_id
11-16 09:06:22.832: D/BoundBrokerSvc(14769): onUnbind: Intent { act=com.google.android.gms.common.BIND_SHARED_PREFS pkg=com.google.android.gms }
11-16 09:06:22.837: W/ChimeraUtils(11250): Module com.google.android.gms.nearby_en has empty metadata display_name_string_id
11-16 09:06:22.838: W/ChimeraUtils(11250): Module com.google.android.gms.nearby_en has empty metadata display_name_string_id
11-16 09:06:22.843: W/ComponentDiscovery(16479): Application info not found.
11-16 09:06:22.843: W/ComponentDiscovery(16479): Could not retrieve metadata, returning empty list of registrars.
11-16 09:06:22.856: W/PackageParser(1160): Unknown element under <manifest>: queries at /data/app/vmdl845529561.tmp/base.apk Binary XML file line #16
11-16 09:06:22.865: I/ActivityManager(1160): Killing 15051:com.google.android.wfcactivation/u0a54 (adj 906): empty #17
11-16 09:06:22.870: W/libprocessgroup(1160): kill(-15051, 9) failed: No such process
11-16 09:06:22.881: I/Zygote(727): Process 15051 exited due to signal (9)
11-16 09:06:22.883: E/droid.apps.map(16625): Not starting debugger since process cannot load the jdwp agent.
11-16 09:06:22.888: I/system_server(1160): Background concurrent copying GC freed 109438(5MB) AllocSpace objects, 18(680KB) LOS objects, 42% free, 19MB/33MB, paused 54us total 213.426ms
11-16 09:06:22.908: W/libprocessgroup(1160): kill(-15051, 9) failed: No such process
11-16 09:06:22.908: I/libprocessgroup(1160): Successfully killed process cgroup uid 10054 pid 15051 in 38ms
11-16 09:06:22.934: W/ActivityManager(1160): Slow operation: 72ms so far, now at startProcess: building log message
11-16 09:06:22.934: I/ActivityManager(1160): Start proc 16625:com.google.android.apps.maps/u0a102 for broadcast com.google.android.apps.maps/com.google.android.apps.gmm.notification.channels.NotificationChannelBroadcastReceiver
11-16 09:06:22.934: W/ActivityManager(1160): Slow operation: 72ms so far, now at startProcess: starting to update pids map
11-16 09:06:22.934: W/ActivityManager(1160): Slow operation: 72ms so far, now at startProcess: done updating pids map
11-16 09:06:22.934: W/ActivityManager(1160): [ 11-16 09:06:22.950   827: 1412 E/         ]
11-16 09:06:22.934: W/ActivityManager(1160): Couldn't opendir /data/app/vmdl845529561.tmp: No such file or directory
11-16 09:06:22.950: E/installd(827): Failed to delete /data/app/vmdl845529561.tmp: No such file or directory
11-16 09:06:22.955: I/droid.apps.map(16625): The ClassLoaderContext is a special shared library.
11-16 09:06:22.961: D/ImsResolver(3780): maybeAddedImsService, packageName: androidx.test.screenshot.test
11-16 09:06:22.962: I/Finsky(13013): [2] yeh.d(13): PackageMonitorReceiverImpl - Received: android.intent.action.PACKAGE_ADDED, [DEpRvUEddQvyaWVj3O6wd68RsWYXBi0SmUB_l3ID87M]
11-16 09:06:22.962: I/Finsky(13013): [2] yfi.g(1): Invalidating cached PackageState for androidx.test.screenshot.test
11-16 09:06:22.963: I/Telecom(1160): DefaultDialerCache: Refreshing default dialer for user 0: now com.google.android.dialer: DDC.oR@AJk
11-16 09:06:22.964: I/CarrierServices(13772): [2] RcsAutoStartReceiver.b: carrierServicesJibeServiceEnabled changed from true to true
11-16 09:06:22.964: I/CarrierServices(13772): [2] RcsAutoStartReceiver.b: enableRcs changed from true to true
11-16 09:06:22.965: I/CarrierServices(13772): [2] RcsAutoStartReceiver.b: RcsAutoStartReceiver triggered. Fetching RCS State. Action: android.intent.action.PACKAGE_ADDED
11-16 09:06:22.966: I/CarrierServices(13772): [2] aws.a: Migration binding to RcsMigrationService
11-16 09:06:22.968: I/Finsky(13013): [2] owk.d(2): Frosting ID looked up on UI thread. Caller should move to a background thread.
11-16 09:06:22.970: I/Finsky(13013): [256] ovx.run(16): Wrote row to frosting DB: 214
11-16 09:06:22.979: W/BroadcastQueue(1160): Background execution not allowed: receiving Intent { act=android.intent.action.PACKAGE_ADDED dat=package:androidx.test.screenshot.test flg=0x4000010 (has extras) } to com.android.musicfx/.Compatibility$Receiver
11-16 09:06:22.979: I/BugleDataModel(8508): RcsMigrationService: Returning RCS state provider.
11-16 09:06:22.980: V/BackupManagerConstants(1160): getFullBackupIntervalMilliseconds(...) returns 86400000
11-16 09:06:22.982: W/BroadcastQueue(1160): Background execution not allowed: receiving Intent { act=android.intent.action.PACKAGE_ADDED dat=package:androidx.test.screenshot.test flg=0x4000010 (has extras) } to com.android.vending/com.google.android.finsky.packagemanager.impl.PackageMonitorReceiverImpl$RegisteredReceiver
11-16 09:06:22.982: W/BroadcastQueue(1160): Background execution not allowed: receiving Intent { act=android.intent.action.PACKAGE_ADDED dat=package:androidx.test.screenshot.test flg=0x4000010 (has extras) } to com.google.android.gms/.games.chimera.GamesSystemBroadcastReceiverProxy
11-16 09:06:22.983: W/BroadcastQueue(1160): Background execution not allowed: receiving Intent { act=android.intent.action.PACKAGE_ADDED dat=package:androidx.test.screenshot.test flg=0x4000010 (has extras) } to com.google.android.gms/.gass.chimera.PackageChangeBroadcastReceiver
11-16 09:06:22.983: W/BroadcastQueue(1160): Background execution not allowed: receiving Intent { act=android.intent.action.PACKAGE_ADDED dat=package:androidx.test.screenshot.test flg=0x4000010 (has extras) } to com.google.android.gms/.chimera.GmsIntentOperationService$PersistentTrustedReceiver
11-16 09:06:22.985: I/Finsky(13013): [2] amas.a(3): Do not start WearSupportService due to Wear service optimization
11-16 09:06:22.985: D/RegisteredNfcFServicesCache(4143): Service unchanged, not updating
11-16 09:06:22.986: I/Finsky(13013): [2] amas.a(3): Do not start WearSupportService due to Wear service optimization
