11-16 09:06:31.389: I/android.youtub(17427):   at bqi xu.m(android.content.Context, com.google.ads.afma.g) (:com.google.android.gms.policy_ads_fdr_dynamite@213806100@213806100057.397311113.397311113:7)
11-16 09:06:31.389: I/android.youtub(17427):   at java.lang.String xp.r(android.content.Context, java.lang.String, int, android.view.View, android.app.Activity, byte[]) (:com.google.android.gms.policy_ads_fdr_dynamite@213806100@213806100057.397311113.397311113:8)
11-16 09:06:31.389: I/android.youtub(17427):   at java.lang.String xp.g(android.content.Context, byte[]) (:com.google.android.gms.policy_ads_fdr_dynamite@213806100@213806100057.397311113.397311113:2)
11-16 09:06:31.389: I/android.youtub(17427):   at java.lang.String com.google.android.gms.ads.adshield.internal.a.b(aqh, byte[]) (:com.google.android.gms.policy_ads_fdr_dynamite@213806100@213806100057.397311113.397311113:1)
11-16 09:06:31.389: I/android.youtub(17427):   at boolean com.google.android.gms.ads.adshield.internal.a.bJ(int, android.os.Parcel, android.os.Parcel) (:com.google.android.gms.policy_ads_fdr_dynamite@213806100@213806100057.397311113.397311113:54)
11-16 09:06:31.389: I/android.youtub(17427):   at boolean zg.onTransact(int, android.os.Parcel, android.os.Parcel, int) (:com.google.android.gms.policy_ads_fdr_dynamite@213806100@213806100057.397311113.397311113:4)
11-16 09:06:31.389: I/android.youtub(17427):   at boolean android.os.Binder.transact(int, android.os.Parcel, android.os.Parcel, int) (Binder.java:667)
11-16 09:06:31.389: I/android.youtub(17427):   at android.os.Parcel pcs.a(int, android.os.Parcel) (SourceFile:7)
11-16 09:06:31.389: I/android.youtub(17427):   at java.lang.String pkk.a(oms, byte[]) (SourceFile:40)
11-16 09:06:31.389: I/android.youtub(17427):   at java.lang.String nrc.a(android.content.Context, byte[]) (SourceFile:6)
11-16 09:06:31.389: I/android.youtub(17427):   at java.lang.String qis.a(android.content.Context, byte[]) (SourceFile:10)
11-16 09:06:31.389: I/android.youtub(17427):   at java.lang.String skv.a(qio, byte[]) (SourceFile:59)
11-16 09:06:31.389: I/android.youtub(17427):   at java.lang.String skv.g() (SourceFile:41)
11-16 09:06:31.389: I/android.youtub(17427):   at java.lang.String skv.b() (SourceFile:69)
11-16 09:06:31.389: I/android.youtub(17427):   at java.lang.String slq.i() (SourceFile:56)
11-16 09:06:31.389: I/android.youtub(17427):   at java.lang.String slq.b() (SourceFile:32)
11-16 09:06:31.389: I/android.youtub(17427):   at void slq.e() (SourceFile:37)
11-16 09:06:31.389: I/android.youtub(17427):   at void cmk.run() (SourceFile:7)
11-16 09:06:31.389: I/android.youtub(17427):   at java.lang.Object java.util.concurrent.Executors$RunnableAdapter.call() (Executors.java:458)
11-16 09:06:31.389: I/android.youtub(17427):   at void java.util.concurrent.FutureTask.run() (FutureTask.java:266)
11-16 09:06:31.389: I/android.youtub(17427):   at void java.util.concurrent.ScheduledThreadPoolExecutor$ScheduledFutureTask.run() (ScheduledThreadPoolExecutor.java:301)
11-16 09:06:31.389: I/android.youtub(17427):   at void java.util.concurrent.ThreadPoolExecutor.runWorker(java.util.concurrent.ThreadPoolExecutor$Worker) (ThreadPoolExecutor.java:1167)
11-16 09:06:31.389: I/android.youtub(17427):   at void java.util.concurrent.ThreadPoolExecutor$Worker.run() (ThreadPoolExecutor.java:641)
11-16 09:06:31.389: I/android.youtub(17427):   at void ubi.run() (SourceFile:20)
11-16 09:06:31.389: I/android.youtub(17427):   at void java.lang.Thread.run() (Thread.java:764)
11-16 09:06:31.389: I/android.youtub(17427): Caused by: java.lang.ClassNotFoundException: Didn't find class "android.content.pm.PackageManager$OnChecksumsReadyListener" on path: DexPathList[[zip file "/data/user_de/0/com.google.android.gms/app_chimera/m/00000010/dl-AdsFdrDynamite.integ_213806100100000.apk"],nativeLibraryDirectories=[/data/user_de/0/com.google.android.gms/app_chimera/m/00000010/dl-AdsFdrDynamite.integ_213806100100000.apk!/lib/arm64-v8a, /system/lib64]]
11-16 09:06:31.389: I/android.youtub(17427):   at java.lang.Class dalvik.system.BaseDexClassLoader.findClass(java.lang.String) (BaseDexClassLoader.java:134)
11-16 09:06:31.389: I/android.youtub(17427):   at java.lang.Class java.lang.ClassLoader.loadClass(java.lang.String, boolean) (ClassLoader.java:379)
11-16 09:06:31.389: I/android.youtub(17427):   at java.lang.Class bg.loadClass(java.lang.String, boolean) (:com.google.android.gms.dynamite_dynamiteloader@213614065@21.36.14 (100400-0):3)
11-16 09:06:31.389: I/android.youtub(17427):   at java.lang.Class java.lang.ClassLoader.loadClass(java.lang.String) (ClassLoader.java:312)
11-16 09:06:31.389: I/android.youtub(17427):   at java.lang.Class dalvik.system.DexFile.defineClassNative(java.lang.String, java.lang.ClassLoader, java.lang.Object, dalvik.system.DexFile) (DexFile.java:-2)
11-16 09:06:31.389: I/android.youtub(17427):   at java.lang.Class dalvik.system.DexFile.defineClass(java.lang.String, java.lang.ClassLoader, java.lang.Object, dalvik.system.DexFile, java.util.List) (DexFile.java:283)
11-16 09:06:31.389: I/android.youtub(17427):   at java.lang.Class dalvik.system.DexFile.loadClassBinaryName(java.lang.String, java.lang.ClassLoader, java.util.List) (DexFile.java:276)
11-16 09:06:31.389: I/android.youtub(17427):   at java.lang.Class dalvik.system.DexPathList$Element.findClass(java.lang.String, java.lang.ClassLoader, java.util.List) (DexPathList.java:724)
11-16 09:06:31.389: I/android.youtub(17427):   at java.lang.Class dalvik.system.DexPathList.findClass(java.lang.String, java.util.List) (DexPathList.java:486)
11-16 09:06:31.389: I/android.youtub(17427):   at java.lang.Class dalvik.system.BaseDexClassLoader.findClass(java.lang.String) (BaseDexClassLoader.java:132)
11-16 09:06:31.389: I/android.youtub(17427):   at java.lang.Class bg.loadClass(java.lang.String, boolean) (:com.google.android.gms.dynamite_dynamiteloader@213614065@21.36.14 (100400-0):2)
11-16 09:06:31.389: I/android.youtub(17427):   at java.lang.Class java.lang.ClassLoader.loadClass(java.lang.String) (ClassLoader.java:312)
11-16 09:06:31.389: I/android.youtub(17427):   at java.util.List xu.r(yv, android.content.Context, bqi, com.google.ads.afma.g) (:com.google.android.gms.policy_ads_fdr_dynamite@213806100@213806100057.397311113.397311113:5)
11-16 09:06:31.390: I/android.youtub(17427):   at java.util.List xv.r(yv, android.content.Context, bqi, com.google.ads.afma.g) (:com.google.android.gms.policy_ads_fdr_dynamite@213806100@213806100057.397311113.397311113:4)
11-16 09:06:31.390: I/android.youtub(17427):   at void xu.s(yv, android.content.Context, bqi, com.google.ads.afma.g) (:com.google.android.gms.policy_ads_fdr_dynamite@213806100@213806100057.397311113.397311113:0)
11-16 09:06:31.390: I/android.youtub(17427):   at bqi xu.m(android.content.Context, com.google.ads.afma.g) (:com.google.android.gms.policy_ads_fdr_dynamite@213806100@213806100057.397311113.397311113:7)
11-16 09:06:31.390: I/android.youtub(17427):   at java.lang.String xp.r(android.content.Context, java.lang.String, int, android.view.View, android.app.Activity, byte[]) (:com.google.android.gms.policy_ads_fdr_dynamite@213806100@213806100057.397311113.397311113:8)
11-16 09:06:31.390: I/android.youtub(17427):   at java.lang.String xp.g(android.content.Context, byte[]) (:com.google.android.gms.policy_ads_fdr_dynamite@213806100@213806100057.397311113.397311113:2)
11-16 09:06:31.390: I/android.youtub(17427):   at java.lang.String com.google.android.gms.ads.adshield.internal.a.b(aqh, byte[]) (:com.google.android.gms.policy_ads_fdr_dynamite@213806100@213806100057.397311113.397311113:1)
11-16 09:06:31.390: I/android.youtub(17427):   at boolean com.google.android.gms.ads.adshield.internal.a.bJ(int, android.os.Parcel, android.os.Parcel) (:com.google.android.gms.policy_ads_fdr_dynamite@213806100@213806100057.397311113.397311113:54)
11-16 09:06:31.390: I/android.youtub(17427):   at boolean zg.onTransact(int, android.os.Parcel, android.os.Parcel, int) (:com.google.android.gms.policy_ads_fdr_dynamite@213806100@213806100057.397311113.397311113:4)
11-16 09:06:31.390: I/android.youtub(17427):   at boolean android.os.Binder.transact(int, android.os.Parcel, android.os.Parcel, int) (Binder.java:667)
11-16 09:06:31.390: I/android.youtub(17427):   at android.os.Parcel pcs.a(int, android.os.Parcel) (SourceFile:7)
11-16 09:06:31.390: I/android.youtub(17427):   at java.lang.String pkk.a(oms, byte[]) (SourceFile:40)
11-16 09:06:31.390: I/android.youtub(17427):   at java.lang.String nrc.a(android.content.Context, byte[]) (SourceFile:6)
11-16 09:06:31.390: I/android.youtub(17427):   at java.lang.String qis.a(android.content.Context, byte[]) (SourceFile:10)
11-16 09:06:31.390: I/android.youtub(17427):   at java.lang.String skv.a(qio, byte[]) (SourceFile:59)
11-16 09:06:31.390: I/android.youtub(17427):   at java.lang.String skv.g() (SourceFile:41)
11-16 09:06:31.390: I/android.youtub(17427):   at java.lang.String skv.b() (SourceFile:69)
11-16 09:06:31.390: I/android.youtub(17427):   at java.lang.String slq.i() (SourceFile:56)
11-16 09:06:31.390: I/android.youtub(17427):   at java.lang.String slq.b() (SourceFile:32)
11-16 09:06:31.390: I/android.youtub(17427):   at void slq.e() (SourceFile:37)
11-16 09:06:31.390: I/android.youtub(17427):   at void cmk.run() (SourceFile:7)
11-16 09:06:31.390: I/android.youtub(17427):   at java.lang.Object java.util.concurrent.Executors$RunnableAdapter.call() (Executors.java:458)
11-16 09:06:31.390: I/android.youtub(17427):   at void java.util.concurrent.FutureTask.run() (FutureTask.java:266)
11-16 09:06:31.390: I/android.youtub(17427):   at void java.util.concurrent.ScheduledThreadPoolExecutor$ScheduledFutureTask.run() (ScheduledThreadPoolExecutor.java:301)
11-16 09:06:31.390: I/android.youtub(17427):   at void java.util.concurrent.ThreadPoolExecutor.runWorker(java.util.concurrent.ThreadPoolExecutor$Worker) (ThreadPoolExecutor.java:1167)
11-16 09:06:31.390: I/android.youtub(17427):   at void java.util.concurrent.ThreadPoolExecutor$Worker.run() (ThreadPoolExecutor.java:641)
11-16 09:06:31.390: I/android.youtub(17427):   at void ubi.run() (SourceFile:20)
11-16 09:06:31.390: I/android.youtub(17427):   at void java.lang.Thread.run() (Thread.java:764)
11-16 09:06:31.390: D/NetworkSecurityConfig(16223): Using Network Security Config from resource network_security_config debugBuild: false
11-16 09:06:31.390: I/android.youtub(17427): Rejecting re-init on previously-failed class java.lang.Class<com.google.android.ads.tasks.appdigest.a>: java.lang.NoClassDefFoundError: Failed resolution of: Landroid/content/pm/PackageManager$OnChecksumsReadyListener;
11-16 09:06:31.390: I/android.youtub(17427):   at java.lang.Class dalvik.system.DexFile.defineClassNative(java.lang.String, java.lang.ClassLoader, java.lang.Object, dalvik.system.DexFile) (DexFile.java:-2)
11-16 09:06:31.390: I/android.youtub(17427):   at java.lang.Class dalvik.system.DexFile.defineClass(java.lang.String, java.lang.ClassLoader, java.lang.Object, dalvik.system.DexFile, java.util.List) (DexFile.java:283)
11-16 09:06:31.390: I/android.youtub(17427):   at java.lang.Class dalvik.system.DexFile.loadClassBinaryName(java.lang.String, java.lang.ClassLoader, java.util.List) (DexFile.java:276)
11-16 09:06:31.390: I/android.youtub(17427):   at java.lang.Class dalvik.system.DexPathList$Element.findClass(java.lang.String, java.lang.ClassLoader, java.util.List) (DexPathList.java:724)
11-16 09:06:31.390: I/android.youtub(17427):   at java.lang.Class dalvik.system.DexPathList.findClass(java.lang.String, java.util.List) (DexPathList.java:486)
11-16 09:06:31.390: I/android.youtub(17427):   at java.lang.Class dalvik.system.BaseDexClassLoader.findClass(java.lang.String) (BaseDexClassLoader.java:132)
11-16 09:06:31.390: I/android.youtub(17427):   at java.lang.Class bg.loadClass(java.lang.String, boolean) (:com.google.android.gms.dynamite_dynamiteloader@213614065@21.36.14 (100400-0):2)
11-16 09:06:31.390: I/android.youtub(17427):   at java.lang.Class java.lang.ClassLoader.loadClass(java.lang.String) (ClassLoader.java:312)
11-16 09:06:31.390: I/android.youtub(17427):   at java.util.List xu.r(yv, android.content.Context, bqi, com.google.ads.afma.g) (:com.google.android.gms.policy_ads_fdr_dynamite@213806100@213806100057.397311113.397311113:5)
11-16 09:06:31.390: I/android.youtub(17427):   at java.util.List xv.r(yv, android.content.Context, bqi, com.google.ads.afma.g) (:com.google.android.gms.policy_ads_fdr_dynamite@213806100@213806100057.397311113.397311113:4)
11-16 09:06:31.390: I/android.youtub(17427):   at void xu.s(yv, android.content.Context, bqi, com.google.ads.afma.g) (:com.google.android.gms.policy_ads_fdr_dynamite@213806100@213806100057.397311113.397311113:0)
11-16 09:06:31.390: I/android.youtub(17427):   at bqi xu.m(android.content.Context, com.google.ads.afma.g) (:com.google.android.gms.policy_ads_fdr_dynamite@213806100@213806100057.397311113.397311113:7)
11-16 09:06:31.390: I/android.youtub(17427):   at java.lang.String xp.r(android.content.Context, java.lang.String, int, android.view.View, android.app.Activity, byte[]) (:com.google.android.gms.policy_ads_fdr_dynamite@213806100@213806100057.397311113.397311113:8)
11-16 09:06:31.390: I/android.youtub(17427):   at java.lang.String xp.g(android.content.Context, byte[]) (:com.google.android.gms.policy_ads_fdr_dynamite@213806100@213806100057.397311113.397311113:2)
11-16 09:06:31.390: I/android.youtub(17427):   at java.lang.String com.google.android.gms.ads.adshield.internal.a.b(aqh, byte[]) (:com.google.android.gms.policy_ads_fdr_dynamite@213806100@213806100057.397311113.397311113:1)
11-16 09:06:31.390: I/android.youtub(17427):   at boolean com.google.android.gms.ads.adshield.internal.a.bJ(int, android.os.Parcel, android.os.Parcel) (:com.google.android.gms.policy_ads_fdr_dynamite@213806100@213806100057.397311113.397311113:54)
11-16 09:06:31.390: I/android.youtub(17427):   at boolean zg.onTransact(int, android.os.Parcel, android.os.Parcel, int) (:com.google.android.gms.policy_ads_fdr_dynamite@213806100@213806100057.397311113.397311113:4)
11-16 09:06:31.390: I/android.youtub(17427):   at boolean android.os.Binder.transact(int, android.os.Parcel, android.os.Parcel, int) (Binder.java:667)
11-16 09:06:31.390: I/android.youtub(17427):   at android.os.Parcel pcs.a(int, android.os.Parcel) (SourceFile:7)
11-16 09:06:31.390: I/android.youtub(17427):   at java.lang.String pkk.a(oms, byte[]) (SourceFile:40)
11-16 09:06:31.390: I/android.youtub(17427):   at java.lang.String nrc.a(android.content.Context, byte[]) (SourceFile:6)
11-16 09:06:31.390: I/android.youtub(17427):   at java.lang.String qis.a(android.content.Context, byte[]) (SourceFile:10)
11-16 09:06:31.390: I/android.youtub(17427):   at java.lang.String skv.a(qio, byte[]) (SourceFile:59)
11-16 09:06:31.390: I/android.youtub(17427):   at java.lang.String skv.g() (SourceFile:41)
11-16 09:06:31.390: I/android.youtub(17427):   at java.lang.String skv.b() (SourceFile:69)
11-16 09:06:31.390: I/android.youtub(17427):   at java.lang.String slq.i() (SourceFile:56)
11-16 09:06:31.390: I/android.youtub(17427):   at java.lang.String slq.b() (SourceFile:32)
11-16 09:06:31.390: I/android.youtub(17427):   at void slq.e() (SourceFile:37)
11-16 09:06:31.390: I/android.youtub(17427):   at void cmk.run() (SourceFile:7)
11-16 09:06:31.390: I/android.youtub(17427):   at java.lang.Object java.util.concurrent.Executors$RunnableAdapter.call() (Executors.java:458)
11-16 09:06:31.390: I/android.youtub(17427):   at void java.util.concurrent.FutureTask.run() (FutureTask.java:266)
11-16 09:06:31.390: I/android.youtub(17427):   at void java.util.concurrent.ScheduledThreadPoolExecutor$ScheduledFutureTask.run() (ScheduledThreadPoolExecutor.java:301)
11-16 09:06:31.390: I/android.youtub(17427):   at void java.util.concurrent.ThreadPoolExecutor.runWorker(java.util.concurrent.ThreadPoolExecutor$Worker) (ThreadPoolExecutor.java:1167)
11-16 09:06:31.391: I/android.youtub(17427):   at void java.util.concurrent.ThreadPoolExecutor$Worker.run() (ThreadPoolExecutor.java:641)
11-16 09:06:31.391: I/android.youtub(17427):   at void ubi.run() (SourceFile:20)
11-16 09:06:31.391: I/android.youtub(17427):   at void java.lang.Thread.run() (Thread.java:764)
11-16 09:06:31.391: I/android.youtub(17427): Caused by: java.lang.ClassNotFoundException: Didn't find class "android.content.pm.PackageManager$OnChecksumsReadyListener" on path: DexPathList[[zip file "/data/user_de/0/com.google.android.gms/app_chimera/m/00000010/dl-AdsFdrDynamite.integ_213806100100000.apk"],nativeLibraryDirectories=[/data/user_de/0/com.google.android.gms/app_chimera/m/00000010/dl-AdsFdrDynamite.integ_213806100100000.apk!/lib/arm64-v8a, /system/lib64]]
11-16 09:06:31.391: I/android.youtub(17427):   at java.lang.Class dalvik.system.BaseDexClassLoader.findClass(java.lang.String) (BaseDexClassLoader.java:134)
11-16 09:06:31.391: I/android.youtub(17427):   at java.lang.Class java.lang.ClassLoader.loadClass(java.lang.String, boolean) (ClassLoader.java:379)
11-16 09:06:31.391: I/android.youtub(17427):   at java.lang.Class bg.loadClass(java.lang.String, boolean) (:com.google.android.gms.dynamite_dynamiteloader@213614065@21.36.14 (100400-0):3)
11-16 09:06:31.391: I/android.youtub(17427):   at java.lang.Class java.lang.ClassLoader.loadClass(java.lang.String) (ClassLoader.java:312)
11-16 09:06:31.391: I/android.youtub(17427):   at java.lang.Class dalvik.system.DexFile.defineClassNative(java.lang.String, java.lang.ClassLoader, java.lang.Object, dalvik.system.DexFile) (DexFile.java:-2)
11-16 09:06:31.391: I/android.youtub(17427):   at java.lang.Class dalvik.system.DexFile.defineClass(java.lang.String, java.lang.ClassLoader, java.lang.Object, dalvik.system.DexFile, java.util.List) (DexFile.java:283)
11-16 09:06:31.391: I/android.youtub(17427):   at java.lang.Class dalvik.system.DexFile.loadClassBinaryName(java.lang.String, java.lang.ClassLoader, java.util.List) (DexFile.java:276)
11-16 09:06:31.391: I/android.youtub(17427):   at java.lang.Class dalvik.system.DexPathList$Element.findClass(java.lang.String, java.lang.ClassLoader, java.util.List) (DexPathList.java:724)
11-16 09:06:31.391: I/android.youtub(17427):   at java.lang.Class dalvik.system.DexPathList.findClass(java.lang.String, java.util.List) (DexPathList.java:486)
11-16 09:06:31.391: I/android.youtub(17427):   at java.lang.Class dalvik.system.BaseDexClassLoader.findClass(java.lang.String) (BaseDexClassLoader.java:132)
11-16 09:06:31.391: I/android.youtub(17427):   at java.lang.Class bg.loadClass(java.lang.String, boolean) (:com.google.android.gms.dynamite_dynamiteloader@213614065@21.36.14 (100400-0):2)
11-16 09:06:31.391: I/android.youtub(17427):   at java.lang.Class java.lang.ClassLoader.loadClass(java.lang.String) (ClassLoader.java:312)
11-16 09:06:31.391: I/android.youtub(17427):   at java.util.List xu.r(yv, android.content.Context, bqi, com.google.ads.afma.g) (:com.google.android.gms.policy_ads_fdr_dynamite@213806100@213806100057.397311113.397311113:5)
11-16 09:06:31.391: I/android.youtub(17427):   at java.util.List xv.r(yv, android.content.Context, bqi, com.google.ads.afma.g) (:com.google.android.gms.policy_ads_fdr_dynamite@213806100@213806100057.397311113.397311113:4)
11-16 09:06:31.391: I/android.youtub(17427):   at void xu.s(yv, android.content.Context, bqi, com.google.ads.afma.g) (:com.google.android.gms.policy_ads_fdr_dynamite@213806100@213806100057.397311113.397311113:0)
11-16 09:06:31.391: I/android.youtub(17427):   at bqi xu.m(android.content.Context, com.google.ads.afma.g) (:com.google.android.gms.policy_ads_fdr_dynamite@213806100@213806100057.397311113.397311113:7)
11-16 09:06:31.391: I/android.youtub(17427):   at java.lang.String xp.r(android.content.Context, java.lang.String, int, android.view.View, android.app.Activity, byte[]) (:com.google.android.gms.policy_ads_fdr_dynamite@213806100@213806100057.397311113.397311113:8)
11-16 09:06:31.391: I/android.youtub(17427):   at java.lang.String xp.g(android.content.Context, byte[]) (:com.google.android.gms.policy_ads_fdr_dynamite@213806100@213806100057.397311113.397311113:2)
11-16 09:06:31.391: I/android.youtub(17427):   at java.lang.String com.google.android.gms.ads.adshield.internal.a.b(aqh, byte[]) (:com.google.android.gms.policy_ads_fdr_dynamite@213806100@213806100057.397311113.397311113:1)
11-16 09:06:31.391: I/android.youtub(17427):   at boolean com.google.android.gms.ads.adshield.internal.a.bJ(int, android.os.Parcel, android.os.Parcel) (:com.google.android.gms.policy_ads_fdr_dynamite@213806100@213806100057.397311113.397311113:54)
11-16 09:06:31.391: I/android.youtub(17427):   at boolean zg.onTransact(int, android.os.Parcel, android.os.Parcel, int) (:com.google.android.gms.policy_ads_fdr_dynamite@213806100@213806100057.397311113.397311113:4)
11-16 09:06:31.391: I/android.youtub(17427):   at boolean android.os.Binder.transact(int, android.os.Parcel, android.os.Parcel, int) (Binder.java:667)
11-16 09:06:31.391: I/android.youtub(17427):   at android.os.Parcel pcs.a(int, android.os.Parcel) (SourceFile:7)
11-16 09:06:31.391: I/android.youtub(17427):   at java.lang.String pkk.a(oms, byte[]) (SourceFile:40)
11-16 09:06:31.391: I/android.youtub(17427):   at java.lang.String nrc.a(android.content.Context, byte[]) (SourceFile:6)
11-16 09:06:31.391: I/android.youtub(17427):   at java.lang.String qis.a(android.content.Context, byte[]) (SourceFile:10)
11-16 09:06:31.391: I/android.youtub(17427):   at java.lang.String skv.a(qio, byte[]) (SourceFile:59)
11-16 09:06:31.391: I/android.youtub(17427):   at java.lang.String skv.g() (SourceFile:41)
11-16 09:06:31.391: I/android.youtub(17427):   at java.lang.String skv.b() (SourceFile:69)
11-16 09:06:31.391: I/android.youtub(17427):   at java.lang.String slq.i() (SourceFile:56)
11-16 09:06:31.391: I/android.youtub(17427):   at java.lang.String slq.b() (SourceFile:32)
11-16 09:06:31.391: I/android.youtub(17427):   at void slq.e() (SourceFile:37)
11-16 09:06:31.391: I/android.youtub(17427):   at void cmk.run() (SourceFile:7)
11-16 09:06:31.391: I/android.youtub(17427):   at java.lang.Object java.util.concurrent.Executors$RunnableAdapter.call() (Executors.java:458)
11-16 09:06:31.391: I/android.youtub(17427):   at void java.util.concurrent.FutureTask.run() (FutureTask.java:266)
11-16 09:06:31.391: I/android.youtub(17427):   at void java.util.concurrent.ScheduledThreadPoolExecutor$ScheduledFutureTask.run() (ScheduledThreadPoolExecutor.java:301)
11-16 09:06:31.391: I/android.youtub(17427):   at void java.util.concurrent.ThreadPoolExecutor.runWorker(java.util.concurrent.ThreadPoolExecutor$Worker) (ThreadPoolExecutor.java:1167)
11-16 09:06:31.391: I/android.youtub(17427):   at void java.util.concurrent.ThreadPoolExecutor$Worker.run() (ThreadPoolExecutor.java:641)
11-16 09:06:31.391: I/android.youtub(17427):   at void ubi.run() (SourceFile:20)
11-16 09:06:31.391: I/android.youtub(17427):   at void java.lang.Thread.run() (Thread.java:764)
11-16 09:06:31.399: I/BlobLobber(10192): Canceling downloads: []
11-16 09:06:31.406: I/s:nonpersisten(16953): Waiting for a blocking GC ProfileSaver
11-16 09:06:31.407: D/NetworkSecurityConfig(16223): No Network Security Config specified, using platform default
11-16 09:06:31.409: I/VelourConfigListener(10192): Received new velour config
11-16 09:06:31.469: W/earchbox:searc(10192): Unsupported class loader
11-16 09:06:31.473: I/Icing(14769): IndexChimeraService.getServiceInterface callingPackage=com.google.android.googlequicksearchbox componentName=agsa_icing_connection serviceId=33
11-16 09:06:31.475: I/Icing(14769): IndexChimeraService.getServiceInterface callingPackage=com.google.android.googlequicksearchbox componentName=agsa_icing_connection serviceId=32
11-16 09:06:31.521: W/SearchServiceCore(10192): Abort, client detached.
11-16 09:06:31.521: I/chatty(10192): uid=10047 com.google.android.googlequicksearchbox:search identical 3 lines
11-16 09:06:31.521: W/SearchServiceCore(10192): Abort, client detached.
11-16 09:06:31.521: I/FA(17578): App measurement is starting up, version: 18100
11-16 09:06:31.521: I/FA(17578): To enable debug logging run: adb shell setprop log.tag.FA VERBOSE
11-16 09:06:31.521: W/SearchServiceCore(10192): Abort, client detached.
11-16 09:06:31.522: I/FA(17578): To enable faster debug mode event logging run:
11-16 09:06:31.522: I/FA(17578):   adb shell setprop debug.firebase.analytics.app com.google.android.apps.chromecast.app
11-16 09:06:31.523: W/SearchServiceCore(10192): Abort, client detached.
11-16 09:06:31.523: I/chatty(10192): uid=10047 com.google.android.googlequicksearchbox:search identical 3 lines
11-16 09:06:31.523: W/SearchServiceCore(10192): Abort, client detached.
11-16 09:06:31.533: I/Icing(14769): IndexChimeraService.getServiceInterface callingPackage=com.google.android.googlequicksearchbox componentName=agsa_icing_connection serviceId=33
11-16 09:06:31.535: I/Icing(14769): IndexChimeraService.getServiceInterface callingPackage=com.google.android.googlequicksearchbox componentName=agsa_icing_connection serviceId=32
11-16 09:06:31.551: W/HomeApp|huv(17578): Can't load devices as there is no network connection! Will retry later.
11-16 09:06:31.642: W/SearchServiceCore(10192): Abort, client detached.
11-16 09:06:31.645: I/chatty(10192): uid=10047 com.google.android.googlequicksearchbox:search identical 5 lines
11-16 09:06:31.645: W/SearchServiceCore(10192): Abort, client detached.
11-16 09:06:31.654: I/FontLog(11250): Received query Google Sans, URI content://com.google.android.gms.fonts [CONTEXT service_id=132 ]
11-16 09:06:31.655: I/FontLog(11250): Query [Google Sans] resolved to {Google Sans, wdth 100.0, wght 400, ital 0.0, bestEffort false} [CONTEXT service_id=132 ]
11-16 09:06:31.658: I/FontLog(11250): Font PFD returned from cache for {Google Sans, wdth 100.0, wght 400, ital 0.0, bestEffort false} [CONTEXT service_id=132 ]
11-16 09:06:31.658: I/FontLog(11250): Fetch {Google Sans, wdth 100.0, wght 400, ital 0.0, bestEffort false} end status Status{statusCode=SUCCESS, resolution=null} [CONTEXT service_id=132 ]
11-16 09:06:31.663: I/FontLog(11250): Pulling font file for id = 8, cache size = 8 [CONTEXT service_id=132 ]
11-16 09:06:31.677: I/FontLog(11250): Received query Google Sans:500, URI content://com.google.android.gms.fonts [CONTEXT service_id=132 ]
11-16 09:06:31.678: I/FontLog(11250): Query [Google Sans:500] resolved to {Google Sans, wdth 100.0, wght 500, ital 0.0, bestEffort false} [CONTEXT service_id=132 ]
11-16 09:06:31.679: I/FontLog(11250): Font PFD returned from cache for {Google Sans, wdth 100.0, wght 500, ital 0.0, bestEffort false} [CONTEXT service_id=132 ]
11-16 09:06:31.679: I/FontLog(11250): Fetch {Google Sans, wdth 100.0, wght 500, ital 0.0, bestEffort false} end status Status{statusCode=SUCCESS, resolution=null} [CONTEXT service_id=132 ]
11-16 09:06:31.686: I/FontLog(11250): Pulling font file for id = 9, cache size = 7 [CONTEXT service_id=132 ]
11-16 09:06:31.687: I/dex2oat(17681): The ClassLoaderContext is a special shared library.
11-16 09:06:31.688: I/dex2oat(17681): /system/bin/dex2oat --dex-file=/data/user/0/com.google.android.googlequicksearchbox/files/velour/verified_jars/Jkk1AICSm8V3ZDlxbl8SBoQ_1.jar --output-vdex-fd=91 --oat-fd=92 --oat-location=/data/user/0/com.google.android.googlequicksearchbox/files/velour/verified_jars/oat/arm64/Jkk1AICSm8V3ZDlxbl8SBoQ_1.odex --compiler-filter=quicken --class-loader-context=&
11-16 09:06:31.689: I/FontLog(11250): Received query Google Sans Display, URI content://com.google.android.gms.fonts [CONTEXT service_id=132 ]
11-16 09:06:31.690: I/FontLog(11250): Query [Google Sans Display] resolved to {Google Sans Display, wdth 100.0, wght 400, ital 0.0, bestEffort false} [CONTEXT service_id=132 ]
11-16 09:06:31.690: I/FontLog(11250): Font PFD returned from cache for {Google Sans Display, wdth 100.0, wght 400, ital 0.0, bestEffort false} [CONTEXT service_id=132 ]
11-16 09:06:31.691: I/FontLog(11250): Fetch {Google Sans Display, wdth 100.0, wght 400, ital 0.0, bestEffort false} end status Status{statusCode=SUCCESS, resolution=null} [CONTEXT service_id=132 ]
11-16 09:06:31.695: I/FontLog(11250): Pulling font file for id = 10, cache size = 8 [CONTEXT service_id=132 ]
11-16 09:06:31.697: W/StorageManager(16223): fallocate() not supported; falling back to ftruncate()
11-16 09:06:31.697: D/wifi-jni(1160): no kernel logs
11-16 09:06:31.695: W/Binder:1160_2(1160): type=1400 audit(0.0:242): avc: denied { syslog_read } for scontext=u:r:system_server:s0 tcontext=u:r:kernel:s0 tclass=system permissive=0
11-16 09:06:31.720: W/GCM(17578): GCM SDK is deprecated, com.google.android.apps.chromecast.app should update to use FCM
11-16 09:06:31.747: I/PeopleChimeraService(14769): onService. callbacks = xmw@620bfdc, request = com.google.android.gms.common.internal.GetServiceRequest@68ee8e5
11-16 09:06:31.749: I/dex2oat(17681): dex2oat took 65.684ms (54.616ms cpu) (threads: 8) arena alloc=6KB (6512B) java alloc=96KB (98320B) native alloc=835KB (856040B) free=1724KB (1765400B)
11-16 09:06:31.751: I/ActivityManager(1160): Killing 16625:com.google.android.apps.maps/u0a102 (adj 906): empty #17
11-16 09:06:31.751: W/libprocessgroup(1160): kill(-16625, 9) failed: No such process
11-16 09:06:31.764: I/ActivityManager(1160): Start proc 17731:com.google.android.apps.tachyon/u0a148 for broadcast com.google.android.apps.tachyon/.common.applifecycle.LocaleChangeReceiver
11-16 09:06:31.768: E/id.apps.tachyo(17731): Not starting debugger since process cannot load the jdwp agent.
11-16 09:06:31.771: W/earchbox:searc(10192): Skipping duplicate class check due to unsupported classloader
11-16 09:06:31.785: W/earchbox:searc(10192): Unsupported class loader
11-16 09:06:31.796: W/libprocessgroup(1160): kill(-16625, 9) failed: No such process
11-16 09:06:31.815: D/BoundBrokerSvc(11250): onUnbind: Intent { act=com.google.android.gms.clearcut.bootcount.service.START pkg=com.google.android.gms }
11-16 09:06:31.815: I/Zygote(727): Process 16625 exited due to signal (9)
11-16 09:06:31.840: W/libprocessgroup(1160): kill(-16625, 9) failed: No such process
11-16 09:06:31.840: I/libprocessgroup(1160): Successfully killed process cgroup uid 10102 pid 16625 in 88ms
11-16 09:06:31.851: W/ip(17756): type=1400 audit(0.0:243): avc: denied { search } for name="net" dev="sda21" ino=4378 scontext=u:r:shell:s0 tcontext=u:object_r:net_data_file:s0 tclass=dir permissive=0
11-16 09:06:31.881: I/dex2oat(17750): The ClassLoaderContext is a special shared library.
11-16 09:06:31.882: I/dex2oat(17750): /system/bin/dex2oat --dex-file=/data/user/0/com.google.android.googlequicksearchbox/files/velour/verified_jars/JkypVPMhDohv1875CeSftSg_1.jar --output-vdex-fd=90 --oat-fd=91 --oat-location=/data/user/0/com.google.android.googlequicksearchbox/files/velour/verified_jars/oat/arm64/JkypVPMhDohv1875CeSftSg_1.odex --compiler-filter=quicken --class-loader-context=&
11-16 09:06:31.934: I/dex2oat(17750): dex2oat took 55.253ms (44.697ms cpu) (threads: 8) arena alloc=4KB (4256B) java alloc=32KB (32784B) native alloc=807KB (827336B) free=1240KB (1269816B)
11-16 09:06:31.939: E/WifiHAL(768): wifi_get_ring_data: Error -5 happened. 
11-16 09:06:31.939: E/WifiVendorHal(1160): getRingBufferData(l.2057) failed {.code = ERROR_INVALID_ARGS, .description = }
11-16 09:06:31.942: W/earchbox:searc(10192): Skipping duplicate class check due to unsupported classloader
11-16 09:06:31.950: W/SearchServiceCore(10192): Abort, client detached.
11-16 09:06:31.950: I/chatty(10192): uid=10047 com.google.android.googlequicksearchbox:search identical 1 line
11-16 09:06:31.952: W/SearchServiceCore(10192): Abort, client detached.
11-16 09:06:31.954: I/BgTaskExecutorImpl(10192): Starting EXCLUSIVE background task VELOUR_BACKGROUND_MAINTENANCE.
11-16 09:06:31.954: D/wifi-jni(1160): no kernel logs
11-16 09:06:31.951: W/Binder:1160_1C(1160): type=1400 audit(0.0:244): avc: denied { syslog_read } for scontext=u:r:system_server:s0 tcontext=u:r:kernel:s0 tclass=system permissive=0
11-16 09:06:31.971: I/BgTaskExecutorImpl(10192): Starting EXCLUSIVE background task BLOBLOBBER_SYNC.
11-16 09:06:31.976: D/BoundBrokerSvc(11250): onUnbind: Intent { act=com.google.android.gms.nearby.exposurenotification.START cmp=com.google.android.gms/.chimera.PersistentApiService }
11-16 09:06:31.979: W/earchbox:searc(10192): Unsupported class loader
11-16 09:06:31.981: W/earchbox:searc(10192): Skipping duplicate class check due to unsupported classloader
11-16 09:06:31.985: W/BlobLobber(10192): Skipping download (already active): odws2_en:us:524_2019-09-12_270573492_release_signed
11-16 09:06:31.989: W/earchbox:searc(10192): Unsupported class loader
11-16 09:06:31.996: W/earchbox:searc(10192): Skipping duplicate class check due to unsupported classloader
11-16 09:06:32.001: W/SearchServiceCore(10192): Abort, client detached.
11-16 09:06:32.001: I/chatty(10192): uid=10047 com.google.android.googlequicksearchbox:search identical 1 line
11-16 09:06:32.009: W/SearchServiceCore(10192): Abort, client detached.
11-16 09:06:32.042: D/DownloadManager(16223): [83] Finished with status SUCCESS
11-16 09:06:32.064: E/WifiHAL(768): wifi_get_ring_data: Error -5 happened. 
11-16 09:06:32.064: E/WifiVendorHal(1160): getRingBufferData(l.2057) failed {.code = ERROR_INVALID_ARGS, .description = }
11-16 09:06:32.087: D/wifi-jni(1160): no kernel logs
11-16 09:06:32.085: W/Binder:1160_20(1160): type=1400 audit(0.0:245): avc: denied { syslog_read } for scontext=u:r:system_server:s0 tcontext=u:r:kernel:s0 tclass=system permissive=0
11-16 09:06:32.088: W/id.apps.tachyo(17731): JIT profile information will not be recorded: profile file does not exits.
11-16 09:06:32.088: I/chatty(17731): uid=10148(com.google.android.apps.tachyon) identical 1 line
11-16 09:06:32.088: W/id.apps.tachyo(17731): JIT profile information will not be recorded: profile file does not exits.
11-16 09:06:32.200: E/ExecutionCriteria(11250): Package unavailable for task: com.google.android.apps.gcs/com.google.android.flib.phenotype.services.PhenotypeExperimentCommitService{u=0 tag="PhenotypeExpCommitSvc" trigger=window{start=0s,end=30s,earliest=-564s,latest=-534s} requirements=[NET_ANY] attributes=[PERSISTED] scheduled=-564s last_run=N/A exec_window_multiplier=1.0000 jid=N/A status=PENDING retries=0 client_lib=MANCHEGO_GCM-11732000} [CONTEXT service_id=218 ]
11-16 09:06:32.214: W/PrimesInit(17731): Primes instant initialization
11-16 09:06:32.220: W/Primes(17731): background initialization
11-16 09:06:32.234: I/NetworkScheduler.Stats(11250): Task com.google.android.gms/com.google.android.gms.ipa.base.IpaGcmTaskService started execution. cause:9 exec_start_elapsed_seconds: 665 [CONTEXT service_id=218 ]
11-16 09:06:32.243: I/NetworkScheduler.Stats(11250): Task com.google.android.gms/com.google.android.gms.ipa.base.IpaGcmTaskService finished executing. cause:9 result: 1 elapsed_millis: 24 uptime_millis: 24 exec_start_elapsed_seconds: 665 [CONTEXT service_id=218 ]
11-16 09:06:32.263: E/ExecutionCriteria(11250): Package unavailable for task: com.google.android.apps.gcs/com.google.android.flib.phenotype.services.PhenotypeExperimentCommitService{u=0 tag="PhenotypeExpCommitSvc" trigger=window{start=0s,end=30s,earliest=-564s,latest=-534s} requirements=[NET_ANY] attributes=[PERSISTED] scheduled=-564s last_run=N/A exec_window_multiplier=1.0000 jid=N/A status=PENDING retries=0 client_lib=MANCHEGO_GCM-11732000} [CONTEXT service_id=218 ]
11-16 09:06:32.283: I/NetworkScheduler.Stats(11250): Task com.google.android.gms/com.google.android.gms.phenotype.service.sync.PhenotypeConfigurator started execution. cause:5 exec_start_elapsed_seconds: 665 [CONTEXT service_id=218 ]
11-16 09:06:32.359: I/org.webrtc.Logging(17731): NativeLibrary: Loading native library: jingle_peerconnection_so
11-16 09:06:32.360: I/org.webrtc.Logging(17731): PeerConnectionFactory: PeerConnectionFactory was initialized without an injected Loggable. Any existing Loggable will be deleted.
11-16 09:06:32.367: I/DefaultStickerUpdate(3630): Successfully updated sticker index for DefaultStickerTaskData{enabled=true, metadataUriPrefix=https://www.gstatic.com/android/keyboard/stickers/configs/v5/, supportedLanguage=en}
11-16 09:06:32.369: I/FirebaseJobDispatcher(3630): Task: DefaultStickerUpdate successes.
11-16 09:06:32.369: I/Icing(14769): Indexing com.google.android.inputmethod.latin-internal.3p:StickerPack from com.google.android.inputmethod.latin
11-16 09:06:32.372: E/SQLiteLog(14769): (1) no such table: StickerPack_com.google.android.inputmethod.latin_seq_table
11-16 09:06:32.373: E/Icing(14769): Cursor call threw an exception: no such table: StickerPack_com.google.android.inputmethod.latin_seq_table (code 1 SQLITE_ERROR): , while compiling: SELECT * FROM [StickerPack_com.google.android.inputmethod.latin_seq_table] WHERE seqno>0 AND tag IS NULL ORDER BY seqno LIMIT 20
11-16 09:06:32.373: I/Icing(14769): Indexing done com.google.android.inputmethod.latin-internal.3p:StickerPack
11-16 09:06:32.373: E/Icing(14769): Aborting indexing of corpus internal.3p:StickerPack
11-16 09:06:32.376: I/NetworkScheduler.Stats(11250): Task com.google.android.inputmethod.latin/ finished executing. cause:7 result: 1 elapsed_millis: 1897 uptime_millis: 1897 exec_start_elapsed_seconds: 663 [CONTEXT service_id=218 ]
11-16 09:06:32.382: I/Icing(14769): Indexing com.google.android.inputmethod.latin-internal.3p:Sticker from com.google.android.inputmethod.latin
11-16 09:06:32.387: E/SQLiteLog(14769): (1) no such table: Sticker_com.google.android.inputmethod.latin_seq_table
11-16 09:06:32.388: E/Icing(14769): Cursor call threw an exception: no such table: Sticker_com.google.android.inputmethod.latin_seq_table (code 1 SQLITE_ERROR): , while compiling: SELECT * FROM [Sticker_com.google.android.inputmethod.latin_seq_table] WHERE seqno>0 AND tag IS NULL ORDER BY seqno LIMIT 20
11-16 09:06:32.388: I/Icing(14769): Indexing done com.google.android.inputmethod.latin-internal.3p:Sticker
11-16 09:06:32.388: E/Icing(14769): Aborting indexing of corpus internal.3p:Sticker
11-16 09:06:32.398: E/ExecutionCriteria(11250): Package unavailable for task: com.google.android.apps.gcs/com.google.android.flib.phenotype.services.PhenotypeExperimentCommitService{u=0 tag="PhenotypeExpCommitSvc" trigger=window{start=0s,end=30s,earliest=-564s,latest=-534s} requirements=[NET_ANY] attributes=[PERSISTED] scheduled=-564s last_run=N/A exec_window_multiplier=1.0000 jid=N/A status=PENDING retries=0 client_lib=MANCHEGO_GCM-11732000} [CONTEXT service_id=218 ]
11-16 09:06:32.402: I/PrimesTesting(17731): GserviceFlagsSupplier.get()
11-16 09:06:32.415: I/ThreadRunner(10192): setContextAndRunner
11-16 09:06:32.415: W/Icing(14769): No valid account for uploading user actions
11-16 09:06:32.420: I/Icing(14769): Usage reports ok 0, Failed Usage reports 0, indexed 0, rejected 0
11-16 09:06:32.427: W/Icing(14769): No valid account for uploading user actions
11-16 09:06:32.431: I/Icing(14769): Usage reports ok 0, Failed Usage reports 0, indexed 0, rejected 0
11-16 09:06:32.440: W/Icing(14769): No valid account for uploading user actions
11-16 09:06:32.448: I/Icing(14769): Usage reports ok 0, Failed Usage reports 0, indexed 0, rejected 0
11-16 09:06:32.451: W/Icing(14769): No valid account for uploading user actions
11-16 09:06:32.455: I/Icing(14769): Usage reports ok 0, Failed Usage reports 0, indexed 0, rejected 0
11-16 09:06:32.474: W/id.apps.tachyo(17731): Unknown chunk type '200'.
11-16 09:06:32.489: D/EventBus(17731): No subscribers registered for event class gzh
11-16 09:06:32.490: D/EventBus(17731): No subscribers registered for event class sfa
11-16 09:06:32.566: D/EventBus(17731): No subscribers registered for event class gzh
11-16 09:06:32.566: D/EventBus(17731): No subscribers registered for event class sfa
11-16 09:06:32.575: W/id.apps.tachyo(17731): Unknown chunk type '200'.
11-16 09:06:32.582: I/ActivityManager(1160): Start proc 17837:com.google.android.apps.walletnfcrel/u0a152 for broadcast com.google.android.apps.walletnfcrel/com.google.android.libraries.notifications.entrypoints.localechanged.LocaleChangedReceiver
11-16 09:06:32.593: I/PeopleChimeraService(14769): onService. callbacks = xmw@c1a7141, request = com.google.android.gms.common.internal.GetServiceRequest@f0a36e6
11-16 09:06:32.596: E/ps.walletnfcre(17837): Not starting debugger since process cannot load the jdwp agent.
11-16 09:06:32.623: I/ps.walletnfcre(17837): The ClassLoaderContext is a special shared library.
11-16 09:06:32.689: I/system_server(1160): Background concurrent copying GC freed 210752(10MB) AllocSpace objects, 85(2MB) LOS objects, 42% free, 18MB/31MB, paused 90us total 113.439ms
11-16 09:06:32.742: I/FA(17731): App measurement is starting up, version: 18079
11-16 09:06:32.742: I/FA(17731): To enable debug logging run: adb shell setprop log.tag.FA VERBOSE
11-16 09:06:32.743: I/FA(17731): To enable faster debug mode event logging run:
11-16 09:06:32.743: I/FA(17731):   adb shell setprop debug.firebase.analytics.app com.google.android.apps.tachyon
11-16 09:06:32.749: E/FA(17731): AppMeasurementReceiver not registered/enabled
11-16 09:06:32.750: E/FA(17731): AppMeasurementService not registered/enabled
11-16 09:06:32.750: E/FA(17731): Uploading is not possible. App measurement disabled
11-16 09:06:32.861: I/akia(11250): Removed 0 invalid users [CONTEXT service_id=51 ]
11-16 09:06:32.878: I/ActivityManager(1160): Killing 8508:com.google.android.apps.messaging/u0a111 (adj 906): empty #17
11-16 09:06:32.879: W/libprocessgroup(1160): kill(-8508, 9) failed: No such process
11-16 09:06:32.906: I/chatty(1160): uid=1000(system) ActivityManager identical 1 line
11-16 09:06:32.915: W/libprocessgroup(1160): kill(-8508, 9) failed: No such process
11-16 09:06:32.922: I/Zygote(727): Process 8508 exited due to signal (9)
11-16 09:06:32.926: W/libprocessgroup(1160): kill(-8508, 9) failed: No such process
11-16 09:06:32.926: I/libprocessgroup(1160): Successfully killed process cgroup uid 10111 pid 8508 in 47ms
11-16 09:06:33.095: E/Backup(14769): [BackupTransportMigratorChimeraService] Could not migrate transport!
11-16 09:06:33.099: I/Backup(14769): [BackupTransportMigratorChimeraService] Starting migration...
11-16 09:06:33.181: W/DynamiteModule(17837): Local module descriptor class for providerinstaller not found.
11-16 09:06:33.185: I/DynamiteModule(17837): Considering local module providerinstaller:0 and remote module providerinstaller:0
11-16 09:06:33.185: W/ProviderInstaller(17837): Failed to load providerinstaller module: No acceptable module found. Local version is 0 and remote version is 0.
11-16 09:06:33.187: W/ps.walletnfcre(17837): Unknown chunk type '200'.
11-16 09:06:33.190: I/ps.walletnfcre(17837): The ClassLoaderContext is a special shared library.
11-16 09:06:33.190: I/chatty(17837): uid=10152(com.google.android.apps.walletnfcrel) identical 1 line
11-16 09:06:33.191: I/ps.walletnfcre(17837): The ClassLoaderContext is a special shared library.
11-16 09:06:33.201: V/NativeCrypto(17837): Registering com/google/android/gms/org/conscrypt/NativeCrypto's 294 native methods...
11-16 09:06:33.202: I/akhr(11250): Scheduling adaptive one off task with window [14400, 604800] in seconds [CONTEXT service_id=51 ]
11-16 09:06:33.211: D/NetworkSecurityConfig(17837): No Network Security Config specified, using platform default
11-16 09:06:33.212: I/ProviderInstaller(17837): Installed default security provider GmsCore_OpenSSL
11-16 09:06:33.226: I/NetworkScheduler.Stats(11250): Task com.google.android.gms/com.google.android.gms.phenotype.service.sync.PhenotypeConfigurator finished executing. cause:5 result: 1 elapsed_millis: 954 uptime_millis: 954 exec_start_elapsed_seconds: 665 [CONTEXT service_id=218 ]
11-16 09:06:33.233: E/ExecutionCriteria(11250): Package unavailable for task: com.google.android.apps.gcs/com.google.android.flib.phenotype.services.PhenotypeExperimentCommitService{u=0 tag="PhenotypeExpCommitSvc" trigger=window{start=0s,end=30s,earliest=-565s,latest=-535s} requirements=[NET_ANY] attributes=[PERSISTED] scheduled=-565s last_run=N/A exec_window_multiplier=1.0000 jid=N/A status=PENDING retries=0 client_lib=MANCHEGO_GCM-11732000} [CONTEXT service_id=218 ]
11-16 09:06:33.307: I/BackgroundTaskManager(17837): Executing task PhenotypeRegistrationTask.phenotype_registration with PARALLEL execution policy.
11-16 09:06:33.339: D/BoundBrokerSvc(11250): onBind: Intent { act=com.google.android.gms.tapandpay.service.BIND pkg=com.google.android.gms }
11-16 09:06:33.339: D/BoundBrokerSvc(11250): Loading bound service for intent: Intent { act=com.google.android.gms.tapandpay.service.BIND pkg=com.google.android.gms }
11-16 09:06:33.371: W/PrimesInit(17837): Primes instant initialization
11-16 09:06:33.372: W/Primes(17837): background initialization
11-16 09:06:33.375: D/BoundBrokerSvc(14769): onUnbind: Intent { act=com.google.android.gms.auth.service.START pkg=com.google.android.gms }
11-16 09:06:33.404: I/PrimesTesting(17837): GserviceFlagsSupplier.get()
11-16 09:06:33.461: I/TapAndPayApplication(17837): Successfully initialized Firebase App
11-16 09:06:33.474: I/Notifications(17837): [ChimeBroadcastReceiver] Intent received for action [android.intent.action.LOCALE_CHANGED] package [com.google.android.apps.walletnfcrel].
11-16 09:06:33.476: W/NetworkScheduler(11250): Immediate task was not started com.google.android.apps.chromecast.app/.gcm.GcmRegistrationService{u=0 tag="GcmRegistrationService" trigger=window{start=0s,end=1s,earliest=0s,latest=0s} requirements=[NET_CONNECTED] attributes=[] scheduled=0s last_run=N/A exec_window_multiplier=1.0000 jid=N/A status=PENDING retries=0 client_lib=MANCHEGO_GCM-18944000}. Rescheduling immediate tasks can cause excessive battery drain.
11-16 09:06:33.477: I/BackgroundTaskManager(17837): Executing task AccountFreshener.freshen with SEQUENTIAL execution policy.
11-16 09:06:33.478: W/NetworkScheduler(11250): Immediate task was not started com.google.android.apps.chromecast.app/.gcm.GcmRegistrationService{u=0 tag="GcmRegistrationService" trigger=window{start=0s,end=1s,earliest=0s,latest=0s} requirements=[NET_CONNECTED] attributes=[] scheduled=0s last_run=N/A exec_window_multiplier=1.0000 jid=N/A status=PENDING retries=0 client_lib=MANCHEGO_GCM-18944000}. Rescheduling immediate tasks can cause excessive battery drain.
11-16 09:06:33.481: W/GCM(17837): GCM SDK is deprecated, com.google.android.apps.walletnfcrel should update to use FCM
11-16 09:06:33.489: I/BlobLobber(10192): Handling download id 83 (blob odws2_en:us:524_2019-09-12_270573492_release_signed)
11-16 09:06:33.496: I/Notifications(17837): [ChimeBroadcastReceiver] Validation OK for action [android.intent.action.LOCALE_CHANGED].
11-16 09:06:33.500: I/Notifications(17837): [ChimeBroadcastReceiver] Executing action in BroadcastReceiver [android.intent.action.LOCALE_CHANGED].
11-16 09:06:33.514: V/DownloadManager(16223): Deleting /storage/emulated/0/Android/data/com.google.android.googlequicksearchbox/files/pending_blobs/odws2_en:us:524_2019-09-12_270573492_release_signed via provider delete
11-16 09:06:33.520: W/ChimeraUtils(11250): Module com.google.android.gms.nearby_en has empty metadata display_name_string_id
11-16 09:06:33.525: I/ActivityManager(1160): Killing 16893:com.google.android.apps.tips/u0a52 (adj 906): empty #17
11-16 09:06:33.524: W/ChimeraUtils(11250): Module com.google.android.gms.nearby_en has empty metadata display_name_string_id
11-16 09:06:33.525: W/libprocessgroup(1160): kill(-16893, 9) failed: No such process
11-16 09:06:33.529: E/ExecutionCriteria(11250): Package unavailable for task: com.google.android.apps.gcs/com.google.android.flib.phenotype.services.PhenotypeExperimentCommitService{u=0 tag="PhenotypeExpCommitSvc" trigger=window{start=0s,end=30s,earliest=-565s,latest=-535s} requirements=[NET_ANY] attributes=[PERSISTED] scheduled=-565s last_run=N/A exec_window_multiplier=1.0000 jid=N/A status=PENDING retries=0 client_lib=MANCHEGO_GCM-11732000} [CONTEXT service_id=218 ]
11-16 09:06:33.539: I/ActivityManager(1160): Start proc 17891:com.google.android.keep/u0a150 for broadcast com.google.android.keep/.notification.ReminderNotificationReceiver
11-16 09:06:33.543: E/le.android.kee(17891): Not starting debugger since process cannot load the jdwp agent.
11-16 09:06:33.545: I/Zygote(727): Process 16893 exited due to signal (9)
11-16 09:06:33.545: I/earchbox:searc(10192): The ClassLoaderContext is a special shared library.
11-16 09:06:33.547: I/chatty(10192): uid=10047(com.google.android.googlequicksearchbox) NonUserFacing5 identical 1 line
11-16 09:06:33.549: I/earchbox:searc(10192): The ClassLoaderContext is a special shared library.
11-16 09:06:33.550: I/NetworkScheduler.Stats(11250): Task com.google.android.gms/com.google.android.gms.ipa.base.IpaGcmTaskService started execution. cause:9 exec_start_elapsed_seconds: 666 [CONTEXT service_id=218 ]
11-16 09:06:33.558: I/NetworkScheduler.Stats(11250): Task com.google.android.gms/com.google.android.gms.ipa.base.IpaGcmTaskService finished executing. cause:9 result: 1 elapsed_millis: 18 uptime_millis: 18 exec_start_elapsed_seconds: 666 [CONTEXT service_id=218 ]
11-16 09:06:33.561: W/libprocessgroup(1160): kill(-16893, 9) failed: No such process
11-16 09:06:33.561: I/libprocessgroup(1160): Successfully killed process cgroup uid 10052 pid 16893 in 35ms
11-16 09:06:33.565: I/le.android.kee(17891): The ClassLoaderContext is a special shared library.
11-16 09:06:33.568: E/ExecutionCriteria(11250): Package unavailable for task: com.google.android.apps.gcs/com.google.android.flib.phenotype.services.PhenotypeExperimentCommitService{u=0 tag="PhenotypeExpCommitSvc" trigger=window{start=0s,end=30s,earliest=-565s,latest=-535s} requirements=[NET_ANY] attributes=[PERSISTED] scheduled=-565s last_run=N/A exec_window_multiplier=1.0000 jid=N/A status=PENDING retries=0 client_lib=MANCHEGO_GCM-11732000} [CONTEXT service_id=218 ]
