11-16 09:06:33.574: V/NativeCrypto(10192): Registering com/google/android/gms/org/conscrypt/NativeCrypto's 294 native methods...
11-16 09:06:33.597: D/BoundBrokerSvc(14769): onUnbind: Intent { act=com.google.android.gms.ocr.service.internal.START cmp=com.google.android.gms/.chimera.GmsInternalApiService }
11-16 09:06:33.599: D/NetworkSecurityConfig(10192): Using Network Security Config from resource network_security_config debugBuild: false
11-16 09:06:33.601: I/ProviderInstaller(10192): Installed default security provider GmsCore_OpenSSL
11-16 09:06:33.647: I/BgTaskExecutorImpl(10192): Starting NONEXCLUSIVE background task ZIP_DOWNLOAD_PROCESSOR.
11-16 09:06:33.651: W/SearchServiceCore(10192): Abort, client detached.
11-16 09:06:33.654: E/ModelDnldProcssHelpr(10192): pending download info for pending_hotword_model_download_info is null
11-16 09:06:33.654: E/ModelDnldProcssHelpr(10192): pending download info for pending_xgoogle_hotword_model_download_info is null
11-16 09:06:33.666: I/FA(17837): App measurement is starting up, version: 18079
11-16 09:06:33.667: I/FA(17837): To enable debug logging run: adb shell setprop log.tag.FA VERBOSE
11-16 09:06:33.667: I/FA(17837): To enable faster debug mode event logging run:
11-16 09:06:33.667: I/FA(17837):   adb shell setprop debug.firebase.analytics.app com.google.android.apps.walletnfcrel
11-16 09:06:33.668: E/DownloadManagerWrapper(10192): Can't find downloadId=83
11-16 09:06:33.674: W/LanguagePackUpdateContr(10192): Querying download manager failed for ID : 83
11-16 09:06:33.682: W/SearchServiceCore(10192): Abort, client detached.
11-16 09:06:33.819: W/ComponentDiscovery(17891): Application info not found.
11-16 09:06:33.819: W/ComponentDiscovery(17891): Could not retrieve metadata, returning empty list of registrars.
11-16 09:06:33.856: W/Primes(17891): Primes not initialized, returning default (no-op) Primes instance which will ignore all calls. Please call Primes.initialize(...) before using any Primes API.
11-16 09:06:33.863: W/PrimesInit(17891): Primes instant initialization
11-16 09:06:33.865: W/Primes(17891): background initialization
11-16 09:06:33.935: I/PrimesTesting(17891): GserviceFlagsSupplier.get()
11-16 09:06:33.962: W/KeepGATracker(17891): Disabling GA because no account was specified
11-16 09:06:33.989: I/akhr(11250): Scheduling Phenotype for a PhenotypeSyncImmediately(16, com.google.android.keep) one off with window [1, 2] in seconds [CONTEXT service_id=51 ]
11-16 09:06:34.000: W/BroadcastQueue(1160): Background execution not allowed: receiving Intent { act=com.google.android.systemui.OPA_ENABLED flg=0x10000010 (has extras) } to com.google.android.apps.nexuslauncher/.qsb.OPAStatusReceiver
11-16 09:06:34.002: W/BroadcastQueue(1160): Background execution not allowed: receiving Intent { act=com.google.android.systemui.OPA_ENABLED flg=0x10000010 (has extras) } to com.google.android.apps.nexuslauncher/.qsb.OPAStatusReceiver
11-16 09:06:34.040: I/PeopleChimeraService(14769): onService. callbacks = xmw@e6cee2b, request = com.google.android.gms.common.internal.GetServiceRequest@534b288
11-16 09:06:34.003: W/BroadcastQueue(1160): Background execution not allowed: receiving Intent { act=com.google.android.systemui.OPA_ENABLED flg=0x10000010 (has extras) } to com.google.android.apps.nexuslauncher/.qsb.OPAStatusReceiver
11-16 09:06:34.060: I/ActivityManager(1160): Killing 16911:com.google.android.apps.wellbeing/u0a26 (adj 906): empty #17
11-16 09:06:34.061: W/libprocessgroup(1160): kill(-16911, 9) failed: No such process
11-16 09:06:34.086: I/Zygote(727): Process 16911 exited due to signal (9)
11-16 09:06:34.108: W/libprocessgroup(1160): kill(-16911, 9) failed: No such process
11-16 09:06:34.108: I/libprocessgroup(1160): Successfully killed process cgroup uid 10026 pid 16911 in 47ms
11-16 09:06:34.316: D/BoundBrokerSvc(14769): onUnbind: Intent { act=com.google.android.gms.common.download.START cmp=com.google.android.gms/.chimera.GmsBoundBrokerService }
11-16 09:06:34.583: D/BoundBrokerSvc(14769): onUnbind: Intent { act=com.google.android.gms.findmydevice.spot.service.locationreport.START cmp=com.google.android.gms/.chimera.GmsApiService }
11-16 09:06:34.746: E/ExecutionCriteria(11250): Package unavailable for task: com.google.android.apps.gcs/com.google.android.flib.phenotype.services.PhenotypeExperimentCommitService{u=0 tag="PhenotypeExpCommitSvc" trigger=window{start=0s,end=30s,earliest=-567s,latest=-537s} requirements=[NET_ANY] attributes=[PERSISTED] scheduled=-567s last_run=N/A exec_window_multiplier=1.0000 jid=N/A status=PENDING retries=0 client_lib=MANCHEGO_GCM-11732000} [CONTEXT service_id=218 ]
11-16 09:06:34.750: W/BroadcastQueue(1160): Background execution not allowed: receiving Intent { act=com.google.android.music.START_DOWNLOAD_SCHEDULING flg=0x10 } to com.google.android.music/.autocache.AutoCacheSchedulingService$EnablingReceiver
11-16 09:06:34.769: I/chatty(11250): uid=10007(com.google.android.gms) netscheduler-qu identical 1 line
11-16 09:06:34.790: E/ExecutionCriteria(11250): Package unavailable for task: com.google.android.apps.gcs/com.google.android.flib.phenotype.services.PhenotypeExperimentCommitService{u=0 tag="PhenotypeExpCommitSvc" trigger=window{start=0s,end=30s,earliest=-567s,latest=-537s} requirements=[NET_ANY] attributes=[PERSISTED] scheduled=-567s last_run=N/A exec_window_multiplier=1.0000 jid=N/A status=PENDING retries=0 client_lib=MANCHEGO_GCM-11732000} [CONTEXT service_id=218 ]
11-16 09:06:34.803: I/MediaStoreImporter(17320): Update: incremental Added music: 0 Updated music: 0 Deleted music: 0 Created playlists: 0 Updated playlists: 0 Deleted playlists: 0 Inserted playlist items: 0 Deleted playlist items: 0 Removed orphaned playlist items: 0
11-16 09:06:34.804: D/MusicLifecycle(17320): com.google.android.music.download.EncapsulatedBroadcastReceiver$1 generated event: Broadcast received with context com.google.android.music.ui.PhoneMusicApplication@4cbaad0 and intent Intent { act=com.google.android.music.IMPORT_COMPLETE flg=0x10 }
11-16 09:06:34.918: I/android.youtub(17427): WaitForGcToComplete blocked CollectorTransition on ProfileSaver for 10.925ms
11-16 09:06:35.167: D/fpc_hidl(17928): fpc fingerprint hwbinder service starting
11-16 09:06:35.167: D/QSEECOMAPI(17928): QSEECom_get_handle sb_length = 0x80
11-16 09:06:35.168: D/QSEECOMAPI(17928): App is not loaded in QSEE
11-16 09:06:35.168: D/QSEECOMAPI(17928): app_arch = 2, total_files = 9
11-16 09:06:35.271: D/QSEECOMAPI(17928): Loaded image: APP id = 136
11-16 09:06:35.276: E/fpc_tac(17928): fpcbuildinfo : 575ddab5b91efea67ee1d200fc813ff2fpc_bio=bd35c3fec78219829149bea6c9ec961e6f655b90C:prodtestlib=4304cf5c884c198624b749af3482befacbd3028eC:fpc_c_core=dc194509594e837dedfb5452aaf06fcb61977135C:fpc_lib=cd5b7b876c3d69afa68a11ac6fd86f873e70817bC:cac=297e11552c60a3607ed664cf44c3e4b36ab2e737C:fpc_bio_interface=94a457caecae31eca8ef04b64c3f82a018e9bbc0C:fpc_sensor=ba909a5500944acafe47a0ef3a49f89509aadfb6C:tools_core=94ddf1e684cfa6c99f0f237f7cc35f3962e0e597C:sensor_settings=4fcf864fb493ae0272a9b2806446b379d99fd8ceC:fingerprint_ta=066bc0ab880960a4a69b74a328c7d7871c72225bC:fingerprint_pal=0deb9a478a3572872639f9cb2559ccc464ee3f9bC:manifests=dcb3d8ab0bdb7a5b341839d8c75bb88fc7f5e1a4C:Manifesttag=SW23.3.0-PDR1.0.5:jenkins@84ffd74dac44:Thu,17May201810:17:08+0200:FPC_SENSOR_TYPE=FPC_SENSOR_TYPE_FPC1270:FPC_CC_TYPE=FPC_COMPANION_CHIP_FPC2050:FPC_C_TYPE=FPC_COATING_NORMAL
11-16 09:06:35.276: E/fpc_tac(17928): fpcbuildtype : build=RELEASE sensor=9
11-16 09:06:35.279: W/EventHub(1160): Unable to disable kernel key repeat for /dev/input/event3: Function not implemented
11-16 09:06:35.279: I/EventHub(1160): wakeMechanism=EPOLLWAKEUP, usingClockIoctl=true
11-16 09:06:35.279: I/EventHub(1160): New device: id=136, fd=168, path='/dev/input/event3', name='uinput-fpc', classes=0x101, configuration='/system/usr/idc/uinput-fpc.idc', keyLayout='/system/usr/keylayout/uinput-fpc.kl', keyCharacterMap='/system/usr/keychars/Generic.kcm', builtinKeyboard=true, 
11-16 09:06:35.280: W/InputReader(1160): Ignoring spurious device added event for deviceId 0.
11-16 09:06:35.657: I/ActivityManager(1160): Force stopping androidx.test.screenshot.test appid=10172 user=-1: deletePackageX
11-16 09:06:35.738: I/keystore(828): clear_uid 10172
11-16 09:06:35.847: I/system_server(1160): Explicit concurrent copying GC freed 125885(6MB) AllocSpace objects, 26(1244KB) LOS objects, 42% free, 15MB/27MB, paused 98us total 108.086ms
11-16 09:06:35.865: I/ActivityManager(1160): Force stopping androidx.test.screenshot.test appid=10172 user=0: pkg removed
11-16 09:06:35.872: W/BroadcastQueue(1160): Background execution not allowed: receiving Intent { act=android.intent.action.PACKAGE_REMOVED dat=package:androidx.test.screenshot.test flg=0x4000010 (has extras) } to com.android.musicfx/.Compatibility$Receiver
11-16 09:06:35.872: W/BroadcastQueue(1160): Background execution not allowed: receiving Intent { act=android.intent.action.PACKAGE_REMOVED dat=package:androidx.test.screenshot.test flg=0x4000010 (has extras) } to com.android.vending/com.google.android.finsky.packagemanager.impl.PackageMonitorReceiverImpl$RegisteredReceiver
11-16 09:06:35.873: W/BroadcastQueue(1160): Background execution not allowed: receiving Intent { act=android.intent.action.PACKAGE_REMOVED dat=package:androidx.test.screenshot.test flg=0x4000010 (has extras) } to com.android.vending/com.google.android.finsky.instantapps.appmanagement.InstantAppRemoveMonitor
11-16 09:06:35.873: W/BroadcastQueue(1160): Background execution not allowed: receiving Intent { act=android.intent.action.PACKAGE_REMOVED dat=package:androidx.test.screenshot.test flg=0x4000010 (has extras) } to com.google.android.gms/.games.chimera.GamesSystemBroadcastReceiverProxy
11-16 09:06:35.874: W/BroadcastQueue(1160): Background execution not allowed: receiving Intent { act=android.intent.action.PACKAGE_REMOVED dat=package:androidx.test.screenshot.test flg=0x4000010 (has extras) } to com.google.android.gms/.chimera.GmsIntentOperationService$PersistentTrustedReceiver
11-16 09:06:35.874: W/BroadcastQueue(1160): Background execution not allowed: receiving Intent { act=android.intent.action.PACKAGE_REMOVED dat=package:androidx.test.screenshot.test flg=0x4000010 (has extras) } to com.google.android.googlequicksearchbox/com.google.android.apps.gsa.googlequicksearchbox.GelStubAppWatcher
11-16 09:06:35.874: E/PackageManager(1160): failed to find package androidx.test.screenshot.test
11-16 09:06:35.874: E/OverlayManager(1160): Failed to change enabled overlays for androidx.test.screenshot.test user 0
11-16 09:06:35.879: I/ConditionProviders(1160): Disallowing condition provider androidx.test.screenshot.test
11-16 09:06:35.880: V/ConditionProviders(1160): enabling condition provider for 0: ComponentInfo{com.google.android.gms/com.google.android.location.settings.DrivingConditionProvider}
11-16 09:06:35.881: D/RegisteredNfcFServicesCache(4143): Service unchanged, not updating
11-16 09:06:35.883: V/ConditionProviders(1160): binding: Intent { act=android.service.notification.ConditionProviderService cmp=com.google.android.gms/com.google.android.location.settings.DrivingConditionProvider (has extras) }
11-16 09:06:35.887: I/InputReader(1160): Reconfiguring input devices.  changes=0x00000010
11-16 09:06:35.888: D/WifiConfigManager(1160): Remove all networks for app ApplicationInfo{fd78ade androidx.test.screenshot.test}
11-16 09:06:35.892: I/ActivityManager(1160): Start proc 17946:com.android.keychain/1000 for service com.android.keychain/.KeyChainService
11-16 09:06:35.895: D/ConditionProviders(1160): Subscribing to condition://com.google.android.gms/false/4?provider=Driving with ComponentInfo{com.google.android.gms/com.google.android.location.settings.DrivingConditionProvider}
11-16 09:06:35.895: E/PhoneInterfaceManager(3780): [PhoneIntfMgr] getCarrierPackageNamesForIntent: No UICC
11-16 09:06:35.895: D/CarrierSvcBindHelper(3780): No carrier app for: 0
11-16 09:06:35.896: W/ChimeraUtils(11250): Module com.google.android.gms.location__nonwearable has empty metadata display_name_string_id
11-16 09:06:35.898: E/ndroid.keychai(17946): Not starting debugger since process cannot load the jdwp agent.
11-16 09:06:35.899: D/ConditionProviders(1160): Disabling component com.google.android.gms/com.google.android.location.settings.DrivingConditionProvider
11-16 09:06:35.900: W/ConditionProviderService[dmm](11250): Condition provider service not yet bound.
11-16 09:06:35.907: W/system_server(1160): Unknown chunk type '200'.
11-16 09:06:35.908: I/ActivityManager(1160): Start proc 17961:com.android.chrome/u0a107 for broadcast com.android.chrome/org.chromium.chrome.browser.browserservices.ClientAppBroadcastReceiver
11-16 09:06:35.910: E/.android.chrom(17961): Not starting debugger since process cannot load the jdwp agent.
11-16 09:06:35.919: I/ndroid.keychai(17946): The ClassLoaderContext is a special shared library.
11-16 09:06:35.922: I/ActivityManager(1160): Force stopping dev.androidx.ci.emptyapp appid=10171 user=-1: deletePackageX
11-16 09:06:35.923: I/Fitness(11250): FitCleanupIntentOperation received Intent android.intent.action.PACKAGE_REMOVED [CONTEXT service_id=17 ]
11-16 09:06:35.973: I/BlockstoreStorage(14769): Clearing all the Blockstore Data for package androidx.test.screenshot.test [CONTEXT service_id=258 ]
11-16 09:06:35.973: I/BlockstoreStorage(14769): Clearing all the Blockstore Data for 1 packages [CONTEXT service_id=258 ]
11-16 09:06:35.977: I/keystore(828): clear_uid 10171
11-16 09:06:36.002: I/DatabaseOpenHelper(14769): Upgrading DocList.db from version 172 to 173, databasePath=/data/user/0/com.google.android.gms/databases/DocList.db
11-16 09:06:36.019: I/Icing(14769): doRemovePackageData androidx.test.screenshot.test
11-16 09:06:36.027: I/ActivityManager(1160): Killing 16953:com.google.android.as:nonpersistent/u0a43 (adj 906): empty #17
11-16 09:06:36.037: W/libprocessgroup(1160): kill(-16953, 9) failed: No such process
11-16 09:06:36.046: W/libprocessgroup(1160): kill(-16953, 9) failed: No such process
11-16 09:06:36.051: I/Icing(14769): Indexing com.google.android.gms-apps from com.google.android.gms
11-16 09:06:36.052: I/Icing(14769): Indexing done com.google.android.gms-apps
11-16 09:06:36.066: W/libprocessgroup(1160): kill(-16953, 9) failed: No such process
11-16 09:06:36.069: D/ConnectivityService(1160): ConnectivityService NetworkRequestInfo binderDied(NetworkRequest [ LISTEN id=53, [ Capabilities: INTERNET&NOT_RESTRICTED&TRUSTED Unwanted:  Uid: 10043] ], android.os.BinderProxy@485d03e)
11-16 09:06:36.070: I/Zygote(728): Process 16953 exited due to signal (9)
11-16 09:06:36.095: W/libprocessgroup(1160): kill(-16953, 9) failed: No such process
11-16 09:06:36.095: I/libprocessgroup(1160): Successfully killed process cgroup uid 10043 pid 16953 in 58ms
11-16 09:06:36.098: W/DriveInitializer(14769): Awaiting to be initialized
11-16 09:06:36.131: I/PinnedContentDownloader(14769): Finished downloading pinned content.
11-16 09:06:36.133: I/ContentMaintenance(14769): Internal cache bytes used: 0; limit: 100000000; download size: 0
11-16 09:06:36.135: I/RealtimeCacheCleanup(14769): Beginning Realtime garbage collection.
11-16 09:06:36.136: I/RealtimeCacheCleanup(14769): Finished Realtime garbage collection.
11-16 09:06:36.189: I/system_server(1160): Explicit concurrent copying GC freed 45986(2MB) AllocSpace objects, 14(600KB) LOS objects, 42% free, 15MB/27MB, paused 61us total 203.842ms
11-16 09:06:36.193: I/ActivityManager(1160): Force stopping dev.androidx.ci.emptyapp appid=10171 user=0: pkg removed
11-16 09:06:36.202: I/InputReader(1160): Reconfiguring input devices.  changes=0x00000010
11-16 09:06:36.209: I/ConditionProviders(1160): Disallowing condition provider dev.androidx.ci.emptyapp
11-16 09:06:36.211: D/WifiConfigManager(1160): Remove all networks for app ApplicationInfo{cd3ebb5 dev.androidx.ci.emptyapp}
11-16 09:06:36.213: E/PackageManager(1160): failed to find package dev.androidx.ci.emptyapp
11-16 09:06:36.213: E/OverlayManager(1160): Failed to change enabled overlays for dev.androidx.ci.emptyapp user 0
11-16 09:06:36.216: D/RegisteredNfcFServicesCache(4143): Service unchanged, not updating
11-16 09:06:36.222: E/PhoneInterfaceManager(3780): [PhoneIntfMgr] getCarrierPackageNamesForIntent: No UICC
11-16 09:06:36.222: D/CarrierSvcBindHelper(3780): No carrier app for: 0
11-16 09:06:36.230: I/Fitness(11250): FitCleanupIntentOperation received Intent android.intent.action.PACKAGE_REMOVED [CONTEXT service_id=17 ]
11-16 09:06:36.233: I/BlockstoreStorage(14769): Clearing all the Blockstore Data for package dev.androidx.ci.emptyapp [CONTEXT service_id=258 ]
11-16 09:06:36.233: I/BlockstoreStorage(14769): Clearing all the Blockstore Data for 1 packages [CONTEXT service_id=258 ]
11-16 09:06:36.253: I/Icing(14769): doRemovePackageData dev.androidx.ci.emptyapp
11-16 09:06:36.256: I/Icing(14769): Indexing com.google.android.gms-apps from com.google.android.gms
11-16 09:06:36.257: I/Icing(14769): Indexing done com.google.android.gms-apps
11-16 09:06:36.288: D/QSEECOMAPI(17928): QSEECom_get_handle sb_length = 0x400
11-16 09:06:36.288: D/QSEECOMAPI(17928): App is already loaded QSEE and app id = 1
11-16 09:06:36.290: E/fpc_tac(17928): qsee_km_get_encapsulated_key KEYMASTER_GET_AUTH_TOKEN_KEY returned status=-24
11-16 09:06:36.290: D/QSEECOMAPI(17928): QSEECom_dealloc_memory 
11-16 09:06:36.290: D/QSEECOMAPI(17928): QSEECom_shutdown_app, app_id = 1
11-16 09:06:36.290: E/fpc_fingerprint_hal(17928): fpc_hal_open failed
11-16 09:06:36.291: I/EventHub(1160): Removing device uinput-fpc due to epoll hang-up event.
11-16 09:06:36.292: I/EventHub(1160): Removed device: path=/dev/input/event3 name=uinput-fpc id=136 fd=168 classes=0x101
11-16 09:06:36.292: W/EventHub(1160): built-in keyboard device /dev/input/event3 (id=136) is closing! the apps will not like this
11-16 09:06:36.292: I/EventHub(1160): Removing device '/dev/input/event3' due to inotify event
11-16 09:06:36.292: W/InputReader(1160): Ignoring spurious device removed event for deviceId 136.
11-16 09:06:36.308: D/QSEECOMAPI(17928): QSEECom_dealloc_memory 
11-16 09:06:36.308: D/QSEECOMAPI(17928): QSEECom_shutdown_app, app_id = 136
