11-16 09:06:29.878: W/AdvertisingIdClient(17320): 	at android.app.ContextImpl.getSharedPreferences(ContextImpl.java:404)
11-16 09:06:29.878: W/AdvertisingIdClient(17320): 	at com.google.android.gms.ads.identifier.AdvertisingIdClient.getAdvertisingIdInfo(Unknown Source:12)
11-16 09:06:29.878: W/AdvertisingIdClient(17320): 	at com.google.android.music.preferences.MusicPreferences.getAdvertisingIdInfo(MusicPreferences.java:2476)
11-16 09:06:29.878: W/AdvertisingIdClient(17320): 	at com.google.android.music.preferences.MusicPreferences.access$1000(MusicPreferences.java:83)
11-16 09:06:29.878: W/AdvertisingIdClient(17320): 	at com.google.android.music.preferences.MusicPreferences$7.run(MusicPreferences.java:2457)
11-16 09:06:29.878: W/AdvertisingIdClient(17320): 	at com.google.android.music.utils.async.TraceableRunnable.runLogged(TraceableRunnable.java:21)
11-16 09:06:29.878: W/AdvertisingIdClient(17320): 	at com.google.android.music.utils.async.LoggedRunnable.run(LoggedRunnable.java:30)
11-16 09:06:29.878: W/AdvertisingIdClient(17320): 	at android.os.Handler.handleCallback(Handler.java:873)
11-16 09:06:29.878: W/AdvertisingIdClient(17320): 	at android.os.Handler.dispatchMessage(Handler.java:99)
11-16 09:06:29.878: W/AdvertisingIdClient(17320): 	at com.google.android.music.utils.LoggableHandler.dispatchMessage(LoggableHandler.java:74)
11-16 09:06:29.878: W/AdvertisingIdClient(17320): 	at android.os.Looper.loop(Looper.java:193)
11-16 09:06:29.878: W/AdvertisingIdClient(17320): 	at android.os.HandlerThread.run(HandlerThread.java:65)
11-16 09:06:29.890: I/Icing(14769): IndexChimeraService.getServiceInterface callingPackage=com.google.android.gms componentName=null serviceId=30
11-16 09:06:29.896: I/ActivityManager(1160): Killing 16431:com.android.sdm.plugins.sprintdm/1001 (adj 906): empty #17
11-16 09:06:29.900: W/libprocessgroup(1160): kill(-16431, 9) failed: No such process
11-16 09:06:29.903: D/MusicLifecycle(17320): com.google.android.music.download.EncapsulatedBroadcastReceiver$1 generated event: Broadcast received with context com.google.android.music.ui.PhoneMusicApplication@4cbaad0 and intent Intent { act=com.google.android.music.download.keepon.KeeponSchedulingService.START_DOWNLOAD flg=0x10 }
11-16 09:06:29.908: W/YT(17427): Last known version:13.23.60
11-16 09:06:29.908: I/Icing(14769): Usage reports ok 2, Failed Usage reports 0, indexed 0, rejected 0
11-16 09:06:29.920: I/Zygote(727): Process 16431 exited due to signal (9)
11-16 09:06:29.924: D/AwarenessRouter(17320): 0 new fences
11-16 09:06:29.933: D/AwarenessRouter(17320): 0 fences already registered
11-16 09:06:29.937: D/AwarenessRouter(17320): Successfully removed 0 context fences
11-16 09:06:29.943: W/libprocessgroup(1160): kill(-16431, 9) failed: No such process
11-16 09:06:29.943: I/libprocessgroup(1160): Successfully killed process cgroup uid 1001 pid 16431 in 43ms
11-16 09:06:29.964: W/YouTube(17427): Fetching the Gservices key 'failsafe_clear_cache_release_13_02' before the end of the bulk initialization
11-16 09:06:29.968: W/screenshot.tes(17388): Accessing hidden method Landroid/app/Instrumentation;->execStartActivity(Landroid/content/Context;Landroid/os/IBinder;Landroid/os/IBinder;Landroid/app/Activity;Landroid/content/Intent;ILandroid/os/Bundle;)Landroid/app/Instrumentation$ActivityResult; (light greylist, linking)
11-16 09:06:29.968: W/screenshot.tes(17388): Accessing hidden method Landroid/app/Instrumentation;->execStartActivity(Landroid/content/Context;Landroid/os/IBinder;Landroid/os/IBinder;Ljava/lang/String;Landroid/content/Intent;ILandroid/os/Bundle;)Landroid/app/Instrumentation$ActivityResult; (light greylist, linking)
11-16 09:06:29.977: I/MonitoringInstr(17388): Instrumentation started!
11-16 09:06:29.988: V/TestEventClient(17388): No service name argument was given (testDiscoveryService, testRunEventService or orchestratorService)
11-16 09:06:29.991: I/MonitoringInstr(17388): No JSBridge.
11-16 09:06:30.007: D/InfraTrack(17388): Tracking disabled due to lack of internet permissions
11-16 09:06:30.007: I/UsageTrackerFacilitator(17388): Usage tracking disabled
11-16 09:06:30.014: E/android.youtub(17427): The String#value field is not present on Android versions >= 6.0
11-16 09:06:30.022: I/TestRequestBuilder(17388): Scanning classpath to find tests in paths [/data/app/androidx.test.screenshot.test-QT1I1asgiPtBPuQZHl1YCA==/base.apk]
11-16 09:06:30.025: W/screenshot.tes(17388): Opening an oat file without a class loader. Are you using the deprecated DexFile APIs?
11-16 09:06:30.034: E/YouTube(17427): flushBinderConnectionCallbacks is unverified on SDK 28
11-16 09:06:30.044: D/ConnectivityService(1160): Returning BLOCKED NetworkInfo to uid=10080
11-16 09:06:30.058: W/android.youtub(17427): Unknown chunk type '200'.
11-16 09:06:30.065: W/Icing(14769): No valid account for uploading user actions
11-16 09:06:30.070: I/android.youtub(17427): The ClassLoaderContext is a special shared library.
11-16 09:06:30.074: I/Icing(14769): Usage reports ok 0, Failed Usage reports 0, indexed 0, rejected 0
11-16 09:06:30.075: I/Icing(14769): Indexing com.google.android.gms-internal.3p:MobileApplication from com.google.android.gms
11-16 09:06:30.076: I/android.youtub(17427): The ClassLoaderContext is a special shared library.
11-16 09:06:30.084: E/YouTube(17427): Failed delayed event dispatch, no dispatchers.
11-16 09:06:30.093: I/Icing(14769): Indexing done com.google.android.gms-internal.3p:MobileApplication
11-16 09:06:30.094: I/Icing(14769): Indexing com.android.chrome-internal.3p:WebPage from com.android.chrome
11-16 09:06:30.099: E/SQLiteLog(14769): (1) no such table: WebPage_com.android.chrome_seq_table
11-16 09:06:30.102: E/Icing(14769): Cursor call threw an exception: no such table: WebPage_com.android.chrome_seq_table (code 1 SQLITE_ERROR): , while compiling: SELECT * FROM [WebPage_com.android.chrome_seq_table] WHERE seqno>0 AND tag IS NULL ORDER BY seqno LIMIT 20
11-16 09:06:30.103: I/Icing(14769): Indexing done com.android.chrome-internal.3p:WebPage
11-16 09:06:30.103: E/Icing(14769): Aborting indexing of corpus internal.3p:WebPage
11-16 09:06:30.104: I/android.youtub(17427): The ClassLoaderContext is a special shared library.
11-16 09:06:30.112: I/Icing(14769): Indexing com.google.android.gms-apps from com.google.android.gms
11-16 09:06:30.124: D/fpc_hidl(17490): fpc fingerprint hwbinder service starting
11-16 09:06:30.124: D/QSEECOMAPI(17490): QSEECom_get_handle sb_length = 0x80
11-16 09:06:30.125: D/QSEECOMAPI(17490): App is not loaded in QSEE
11-16 09:06:30.125: D/QSEECOMAPI(17490): app_arch = 2, total_files = 9
11-16 09:06:30.155: I/ActivityManager(1160): Killing 14834:com.google.android.gms.ui/u0a7 (adj 906): empty #17
11-16 09:06:30.156: W/libprocessgroup(1160): kill(-14834, 9) failed: No such process
11-16 09:06:30.168: W/libprocessgroup(1160): kill(-14834, 9) failed: No such process
11-16 09:06:30.174: I/Zygote(727): Process 14834 exited due to signal (9)
11-16 09:06:30.183: D/QSEECOMAPI(17490): Loaded image: APP id = 135
11-16 09:06:30.188: E/fpc_tac(17490): fpcbuildinfo : 575ddab5b91efea67ee1d200fc813ff2fpc_bio=bd35c3fec78219829149bea6c9ec961e6f655b90C:prodtestlib=4304cf5c884c198624b749af3482befacbd3028eC:fpc_c_core=dc194509594e837dedfb5452aaf06fcb61977135C:fpc_lib=cd5b7b876c3d69afa68a11ac6fd86f873e70817bC:cac=297e11552c60a3607ed664cf44c3e4b36ab2e737C:fpc_bio_interface=94a457caecae31eca8ef04b64c3f82a018e9bbc0C:fpc_sensor=ba909a5500944acafe47a0ef3a49f89509aadfb6C:tools_core=94ddf1e684cfa6c99f0f237f7cc35f3962e0e597C:sensor_settings=4fcf864fb493ae0272a9b2806446b379d99fd8ceC:fingerprint_ta=066bc0ab880960a4a69b74a328c7d7871c72225bC:fingerprint_pal=0deb9a478a3572872639f9cb2559ccc464ee3f9bC:manifests=dcb3d8ab0bdb7a5b341839d8c75bb88fc7f5e1a4C:Manifesttag=SW23.3.0-PDR1.0.5:jenkins@84ffd74dac44:Thu,17May201810:17:08+0200:FPC_SENSOR_TYPE=FPC_SENSOR_TYPE_FPC1270:FPC_CC_TYPE=FPC_COMPANION_CHIP_FPC2050:FPC_C_TYPE=FPC_COATING_NORMAL
11-16 09:06:30.188: E/fpc_tac(17490): fpcbuildtype : build=RELEASE sensor=9
11-16 09:06:30.189: W/EventHub(1160): Unable to disable kernel key repeat for /dev/input/event3: Function not implemented
11-16 09:06:30.189: I/EventHub(1160): wakeMechanism=EPOLLWAKEUP, usingClockIoctl=true
11-16 09:06:30.189: I/EventHub(1160): New device: id=135, fd=344, path='/dev/input/event3', name='uinput-fpc', classes=0x101, configuration='/system/usr/idc/uinput-fpc.idc', keyLayout='/system/usr/keylayout/uinput-fpc.kl', keyCharacterMap='/system/usr/keychars/Generic.kcm', builtinKeyboard=true, 
11-16 09:06:30.189: W/InputReader(1160): Ignoring spurious device added event for deviceId 0.
11-16 09:06:30.222: W/libprocessgroup(1160): kill(-14834, 9) failed: No such process
11-16 09:06:30.222: I/libprocessgroup(1160): Successfully killed process cgroup uid 10007 pid 14834 in 66ms
11-16 09:06:30.234: I/android.youtub(17427): Waiting for a blocking GC AddRemoveAppImageSpace
11-16 09:06:30.246: I/android.youtub(17427): WaitForGcToComplete blocked AddRemoveAppImageSpace on HeapTrim for 10.406ms
11-16 09:06:30.317: I/Icing(14769): Indexing done com.google.android.gms-apps
11-16 09:06:30.322: I/CrashMetricService(17427): Startup metric for 'PRIMES_CRASH_MONITORING_INITIALIZED' dropped.
11-16 09:06:30.352: I/system_server(1160): Background concurrent copying GC freed 214075(9MB) AllocSpace objects, 99(4MB) LOS objects, 42% free, 17MB/30MB, paused 130us total 171.938ms
11-16 09:06:30.357: W/SearchServiceCore(10192): Abort, client detached.
11-16 09:06:30.458: I/ActivityManager(1160): Killing 16449:com.android.vending:instant_app_installer/u0a14 (adj 906): empty #17
11-16 09:06:30.357: W/SearchServiceCore(10192): Abort, client detached.
11-16 09:06:30.459: W/libprocessgroup(1160): kill(-16449, 9) failed: No such process
11-16 09:06:30.468: E/ExecutionCriteria(11250): Package unavailable for task: com.google.android.apps.gcs/com.google.android.flib.phenotype.services.PhenotypeExperimentCommitService{u=0 tag="PhenotypeExpCommitSvc" trigger=window{start=0s,end=30s,earliest=-562s,latest=-532s} requirements=[NET_ANY] attributes=[PERSISTED] scheduled=-562s last_run=N/A exec_window_multiplier=1.0000 jid=N/A status=PENDING retries=0 client_lib=MANCHEGO_GCM-11732000} [CONTEXT service_id=218 ]
11-16 09:06:30.471: I/ActivityManager(1160): Start proc 17538:com.google.intelligence.sense/u0a31 for broadcast com.google.intelligence.sense/.ambientmusic.SystemBroadcastReceiver
11-16 09:06:30.478: E/elligence.sens(17538): Not starting debugger since process cannot load the jdwp agent.
11-16 09:06:30.480: I/Zygote(728): Process 16449 exited due to signal (9)
11-16 09:06:30.497: W/android.youtub(17427): Unsupported class loader
11-16 09:06:30.506: W/libprocessgroup(1160): kill(-16449, 9) failed: No such process
11-16 09:06:30.506: I/libprocessgroup(1160): Successfully killed process cgroup uid 10014 pid 16449 in 46ms
11-16 09:06:30.507: I/FirebaseJobDispatcher(3630): onStartJob(): DefaultStickerUpdate.
11-16 09:06:30.508: I/DefaultStickerUpdate(3630): Submitted task to executor service with data=DefaultStickerTaskData{enabled=true, metadataUriPrefix=https://www.gstatic.com/android/keyboard/stickers/configs/v5/, supportedLanguage=en}
11-16 09:06:30.523: I/.gms.persisten(11250): Background concurrent copying GC freed 161185(9MB) AllocSpace objects, 49(2MB) LOS objects, 49% free, 12MB/25MB, paused 38us total 159.840ms
11-16 09:06:30.522: D/NetworkSecurityConfig(3630): No Network Security Config specified, using platform default
11-16 09:06:30.527: W/native(17538): commandlineflags.cc:1511 Ignoring RegisterValidateFunction() for flag pointer 0x72b8516598: no flag found at that address
11-16 09:06:30.529: I/DefaultStickerUpdate(3630): Started update task with DefaultStickerTaskData{enabled=true, metadataUriPrefix=https://www.gstatic.com/android/keyboard/stickers/configs/v5/, supportedLanguage=en}
11-16 09:06:30.537: I/DefaultStickerUpdate(3630): Read metadata file from cache with 267141 bytes
11-16 09:06:30.549: I/NetworkScheduler.Stats(11250): Task com.google.android.inputmethod.latin/ started execution. cause:7 exec_start_elapsed_seconds: 663 [CONTEXT service_id=218 ]
11-16 09:06:30.549: W/android.youtub(17427): Skipping duplicate class check due to unsupported classloader
11-16 09:06:30.559: E/ExecutionCriteria(11250): Package unavailable for task: com.google.android.apps.gcs/com.google.android.flib.phenotype.services.PhenotypeExperimentCommitService{u=0 tag="PhenotypeExpCommitSvc" trigger=window{start=0s,end=30s,earliest=-562s,latest=-532s} requirements=[NET_ANY] attributes=[PERSISTED] scheduled=-562s last_run=N/A exec_window_multiplier=1.0000 jid=N/A status=PENDING retries=0 client_lib=MANCHEGO_GCM-11732000} [CONTEXT service_id=218 ]
11-16 09:06:30.562: I/DynamiteModule(17427): Considering local module com.google.android.gms.ads.dynamite:0 and remote module com.google.android.gms.ads.dynamite:213806100
11-16 09:06:30.562: I/DynamiteModule(17427): Selected remote version of com.google.android.gms.ads.dynamite, version >= 213806100
11-16 09:06:30.566: E/elligence.sens(17538): The String#value field is not present on Android versions >= 6.0
11-16 09:06:30.589: I/BgTaskExecutorImpl(10192): Starting EXCLUSIVE background task FETCH_CONFIGS_FROM_PHENOTYPE.
11-16 09:06:30.604: I/Superpacks(17538): Releasing all superpacks except ambientmusic-index-17_09_02
11-16 09:06:30.618: W/NotificationService(1160): Notification policy access denied calling getAutomaticZenRules
11-16 09:06:30.619: I/ActivityManager(1160): Killing 16479:com.google.android.apps.docs/u0a128 (adj 906): empty #17
11-16 09:06:30.620: W/libprocessgroup(1160): kill(-16479, 9) failed: No such process
11-16 09:06:30.630: I/ActivityManager(1160): Start proc 17578:com.google.android.apps.chromecast.app/u0a149 for broadcast com.google.android.apps.chromecast.app/com.google.android.libraries.notifications.entrypoints.localechanged.LocaleChangedReceiver
11-16 09:06:30.637: I/Superpacks(17538): Starting garbage collection
11-16 09:06:30.638: W/Superpacks(17538): isDirectory returned false while listing files for /data/user/0/com.google.intelligence.sense/files/superpacks
11-16 09:06:30.644: E/.chromecast.ap(17578): Not starting debugger since process cannot load the jdwp agent.
11-16 09:06:30.658: I/Zygote(727): Process 16479 exited due to signal (9)
11-16 09:06:30.659: W/android.youtub(17427): Unsupported class loader
11-16 09:06:30.664: W/libprocessgroup(1160): kill(-16479, 9) failed: No such process
11-16 09:06:30.664: I/libprocessgroup(1160): Successfully killed process cgroup uid 10128 pid 16479 in 44ms
11-16 09:06:30.674: I/.chromecast.ap(17578): The ClassLoaderContext is a special shared library.
11-16 09:06:30.686: I/akhr(11250): Scheduling Phenotype for a PhenotypeSyncImmediately(13, com.google.android.googlequicksearchbox) one off with window [1, 2] in seconds [CONTEXT service_id=51 ]
11-16 09:06:30.702: W/android.youtub(17427): Skipping duplicate class check due to unsupported classloader
11-16 09:06:30.792: I/DefaultStickerUpdate(3630): Received 6 sticker packs in metadata
11-16 09:06:30.830: D/DynamitePackage(17427): Instantiated singleton DynamitePackage.
11-16 09:06:30.830: D/DynamitePackage(17427): Instantiating com.google.android.gms.ads.adshield.ChimeraAdShieldCreatorImpl
11-16 09:06:30.839: I/DefaultStickerUpdate(3630): Created 152 indexables
11-16 09:06:30.862: I/Icing(14769): Indexing com.google.android.gms-internal.3p:MobileApplication from com.google.android.gms
11-16 09:06:30.869: D/TestExecutor(17388): Adding listener androidx.test.internal.runner.listener.LogRunListener
11-16 09:06:30.869: D/TestExecutor(17388): Adding listener androidx.test.internal.runner.listener.InstrumentationResultPrinter
11-16 09:06:30.869: D/TestExecutor(17388): Adding listener androidx.test.internal.runner.listener.ActivityFinisherRunListener
11-16 09:06:30.874: I/TestRunner(17388): run started: 15 tests
11-16 09:06:30.876: I/TestRunner(17388): started: performDiff_fullscreen_checkboxes_differentRadius(androidx.test.screenshot.MSSIMMatcherTest)
11-16 09:06:30.888: I/Icing(14769): Indexing done com.google.android.gms-internal.3p:MobileApplication
11-16 09:06:30.890: I/Icing(14769): Indexing com.android.chrome-internal.3p:WebPage from com.android.chrome
11-16 09:06:30.894: E/SQLiteLog(14769): (1) no such table: WebPage_com.android.chrome_seq_table
11-16 09:06:30.895: E/Icing(14769): Cursor call threw an exception: no such table: WebPage_com.android.chrome_seq_table (code 1 SQLITE_ERROR): , while compiling: SELECT * FROM [WebPage_com.android.chrome_seq_table] WHERE seqno>0 AND tag IS NULL ORDER BY seqno LIMIT 20
11-16 09:06:30.897: I/Icing(14769): Indexing done com.android.chrome-internal.3p:WebPage
11-16 09:06:30.897: E/Icing(14769): Aborting indexing of corpus internal.3p:WebPage
11-16 09:06:30.961: I/TestRunner(17388): finished: performDiff_fullscreen_checkboxes_differentRadius(androidx.test.screenshot.MSSIMMatcherTest)
11-16 09:06:30.964: I/TestRunner(17388): started: performDiff_fullscreen_movedToRight(androidx.test.screenshot.MSSIMMatcherTest)
11-16 09:06:30.994: I/EventLogSendingHelper(10192): Sending log events.
11-16 09:06:31.004: I/EventLogSendingHelper(10192): Sending log events.
11-16 09:06:31.014: I/TestRunner(17388): finished: performDiff_fullscreen_movedToRight(androidx.test.screenshot.MSSIMMatcherTest)
11-16 09:06:31.015: D/QSEECOMAPI(17490): QSEECom_get_handle sb_length = 0x400
11-16 09:06:31.016: D/QSEECOMAPI(17490): App is already loaded QSEE and app id = 1
11-16 09:06:31.016: I/TestRunner(17388): started: performDiff_sameBitmaps(androidx.test.screenshot.MSSIMMatcherTest)
11-16 09:06:31.019: E/fpc_tac(17490): qsee_km_get_encapsulated_key KEYMASTER_GET_AUTH_TOKEN_KEY returned status=-24
11-16 09:06:31.019: D/QSEECOMAPI(17490): QSEECom_dealloc_memory 
11-16 09:06:31.019: D/QSEECOMAPI(17490): QSEECom_shutdown_app, app_id = 1
11-16 09:06:31.019: E/fpc_fingerprint_hal(17490): fpc_hal_open failed
11-16 09:06:31.019: I/TestRunner(17388): finished: performDiff_sameBitmaps(androidx.test.screenshot.MSSIMMatcherTest)
11-16 09:06:31.021: I/EventHub(1160): Removing device '/dev/input/event3' due to inotify event
11-16 09:06:31.021: I/EventHub(1160): Removed device: path=/dev/input/event3 name=uinput-fpc id=135 fd=344 classes=0x101
11-16 09:06:31.021: W/EventHub(1160): built-in keyboard device /dev/input/event3 (id=135) is closing! the apps will not like this
11-16 09:06:31.021: I/TestRunner(17388): started: performDiff_differentBorders_dark(androidx.test.screenshot.MSSIMMatcherTest)
11-16 09:06:31.021: W/InputReader(1160): Ignoring spurious device removed event for deviceId 135.
11-16 09:06:31.026: I/TestRunner(17388): finished: performDiff_differentBorders_dark(androidx.test.screenshot.MSSIMMatcherTest)
11-16 09:06:31.028: I/TestRunner(17388): started: performDiff_fullscreen_differentBorders_dark(androidx.test.screenshot.MSSIMMatcherTest)
11-16 09:06:31.041: D/QSEECOMAPI(17490): QSEECom_dealloc_memory 
11-16 09:06:31.041: D/QSEECOMAPI(17490): QSEECom_shutdown_app, app_id = 135
11-16 09:06:31.081: I/TestRunner(17388): finished: performDiff_fullscreen_differentBorders_dark(androidx.test.screenshot.MSSIMMatcherTest)
11-16 09:06:31.086: W/.chromecast.ap(17578): JIT profile information will not be recorded: profile file does not exits.
11-16 09:06:31.087: I/chatty(17578): uid=10149(com.google.android.apps.chromecast.app) identical 1 line
11-16 09:06:31.087: W/.chromecast.ap(17578): JIT profile information will not be recorded: profile file does not exits.
11-16 09:06:31.087: I/TestRunner(17388): started: performDiff_checkedAgainstUnchecked(androidx.test.screenshot.MSSIMMatcherTest)
11-16 09:06:31.090: I/TestRunner(17388): finished: performDiff_checkedAgainstUnchecked(androidx.test.screenshot.MSSIMMatcherTest)
11-16 09:06:31.092: I/TestRunner(17388): started: performDiff_differentBorders(androidx.test.screenshot.MSSIMMatcherTest)
11-16 09:06:31.094: I/TestRunner(17388): finished: performDiff_differentBorders(androidx.test.screenshot.MSSIMMatcherTest)
11-16 09:06:31.097: I/TestRunner(17388): started: performDiff_sameBitmaps(androidx.test.screenshot.PixelPerfectMatcherTest)
11-16 09:06:31.100: I/TestRunner(17388): finished: performDiff_sameBitmaps(androidx.test.screenshot.PixelPerfectMatcherTest)
11-16 09:06:31.102: I/TestRunner(17388): started: performDiff_sameSize_differentBorders(androidx.test.screenshot.PixelPerfectMatcherTest)
11-16 09:06:31.105: I/TestRunner(17388): finished: performDiff_sameSize_differentBorders(androidx.test.screenshot.PixelPerfectMatcherTest)
11-16 09:06:31.116: I/TestRunner(17388): started: performDiff_sameSizes_pixelPerfect_noMatch(androidx.test.screenshot.ScreenshotTestRuleTest)
11-16 09:06:31.120: E/TestRunner(17388): assumption failed: performDiff_sameSizes_pixelPerfect_noMatch(androidx.test.screenshot.ScreenshotTestRuleTest)
11-16 09:06:31.120: E/TestRunner(17388): ----- begin exception -----
11-16 09:06:31.121: E/TestRunner(17388): org.junit.AssumptionViolatedException: Requires Cuttlefish
11-16 09:06:31.121: E/TestRunner(17388): 	at org.junit.Assume.assumeTrue(Assume.java:59)
11-16 09:06:31.121: E/TestRunner(17388): 	at androidx.test.screenshot.ScreenshotTestRule$ScreenshotTestStatement.evaluate(ScreenshotTestRule.kt:121)
11-16 09:06:31.121: E/TestRunner(17388): 	at org.junit.rules.TestWatcher$1.evaluate(TestWatcher.java:55)
11-16 09:06:31.121: E/TestRunner(17388): 	at org.junit.rules.RunRules.evaluate(RunRules.java:20)
11-16 09:06:31.121: E/TestRunner(17388): 	at org.junit.runners.ParentRunner.runLeaf(ParentRunner.java:325)
11-16 09:06:31.121: E/TestRunner(17388): 	at org.junit.runners.BlockJUnit4ClassRunner.runChild(BlockJUnit4ClassRunner.java:78)
11-16 09:06:31.121: E/TestRunner(17388): 	at org.junit.runners.BlockJUnit4ClassRunner.runChild(BlockJUnit4ClassRunner.java:57)
11-16 09:06:31.121: E/TestRunner(17388): 	at org.junit.runners.ParentRunner$3.run(ParentRunner.java:290)
11-16 09:06:31.121: E/TestRunner(17388): 	at org.junit.runners.ParentRunner$1.schedule(ParentRunner.java:71)
11-16 09:06:31.121: E/TestRunner(17388): 	at org.junit.runners.ParentRunner.runChildren(ParentRunner.java:288)
11-16 09:06:31.121: E/TestRunner(17388): 	at org.junit.runners.ParentRunner.access$000(ParentRunner.java:58)
11-16 09:06:31.121: E/TestRunner(17388): 	at org.junit.runners.ParentRunner$2.evaluate(ParentRunner.java:268)
11-16 09:06:31.121: E/TestRunner(17388): 	at org.junit.runners.ParentRunner.run(ParentRunner.java:363)
11-16 09:06:31.121: E/TestRunner(17388): 	at androidx.test.ext.junit.runners.AndroidJUnit4.run(AndroidJUnit4.java:162)
11-16 09:06:31.121: E/TestRunner(17388): 	at org.junit.runners.Suite.runChild(Suite.java:128)
11-16 09:06:31.121: E/TestRunner(17388): 	at org.junit.runners.Suite.runChild(Suite.java:27)
11-16 09:06:31.121: E/TestRunner(17388): 	at org.junit.runners.ParentRunner$3.run(ParentRunner.java:290)
11-16 09:06:31.121: E/TestRunner(17388): 	at org.junit.runners.ParentRunner$1.schedule(ParentRunner.java:71)
11-16 09:06:31.121: E/TestRunner(17388): 	at org.junit.runners.ParentRunner.runChildren(ParentRunner.java:288)
11-16 09:06:31.121: E/TestRunner(17388): 	at org.junit.runners.ParentRunner.access$000(ParentRunner.java:58)
11-16 09:06:31.121: E/TestRunner(17388): 	at org.junit.runners.ParentRunner$2.evaluate(ParentRunner.java:268)
11-16 09:06:31.121: E/TestRunner(17388): 	at org.junit.runners.ParentRunner.run(ParentRunner.java:363)
11-16 09:06:31.121: E/TestRunner(17388): 	at org.junit.runner.JUnitCore.run(JUnitCore.java:137)
11-16 09:06:31.121: E/TestRunner(17388): 	at org.junit.runner.JUnitCore.run(JUnitCore.java:115)
11-16 09:06:31.121: E/TestRunner(17388): 	at androidx.test.internal.runner.TestExecutor.execute(TestExecutor.java:56)
11-16 09:06:31.121: E/TestRunner(17388): 	at androidx.test.runner.AndroidJUnitRunner.onStart(AndroidJUnitRunner.java:444)
11-16 09:06:31.121: E/TestRunner(17388): 	at android.app.Instrumentation$InstrumentationThread.run(Instrumentation.java:2145)
11-16 09:06:31.121: E/TestRunner(17388): ----- end exception -----
11-16 09:06:31.122: I/TestRunner(17388): finished: performDiff_sameSizes_pixelPerfect_noMatch(androidx.test.screenshot.ScreenshotTestRuleTest)
11-16 09:06:31.125: I/TestRunner(17388): started: performDiff_incorrectGoldenName(androidx.test.screenshot.ScreenshotTestRuleTest)
11-16 09:06:31.127: E/TestRunner(17388): assumption failed: performDiff_incorrectGoldenName(androidx.test.screenshot.ScreenshotTestRuleTest)
11-16 09:06:31.127: E/TestRunner(17388): ----- begin exception -----
11-16 09:06:31.128: E/TestRunner(17388): org.junit.AssumptionViolatedException: Requires Cuttlefish
11-16 09:06:31.128: E/TestRunner(17388): 	at org.junit.Assume.assumeTrue(Assume.java:59)
11-16 09:06:31.128: E/TestRunner(17388): 	at androidx.test.screenshot.ScreenshotTestRule$ScreenshotTestStatement.evaluate(ScreenshotTestRule.kt:121)
11-16 09:06:31.128: E/TestRunner(17388): 	at org.junit.rules.TestWatcher$1.evaluate(TestWatcher.java:55)
11-16 09:06:31.128: E/TestRunner(17388): 	at org.junit.rules.RunRules.evaluate(RunRules.java:20)
11-16 09:06:31.128: E/TestRunner(17388): 	at org.junit.runners.ParentRunner.runLeaf(ParentRunner.java:325)
11-16 09:06:31.128: E/TestRunner(17388): 	at org.junit.runners.BlockJUnit4ClassRunner.runChild(BlockJUnit4ClassRunner.java:78)
11-16 09:06:31.128: E/TestRunner(17388): 	at org.junit.runners.BlockJUnit4ClassRunner.runChild(BlockJUnit4ClassRunner.java:57)
11-16 09:06:31.128: E/TestRunner(17388): 	at org.junit.runners.ParentRunner$3.run(ParentRunner.java:290)
11-16 09:06:31.128: E/TestRunner(17388): 	at org.junit.runners.ParentRunner$1.schedule(ParentRunner.java:71)
11-16 09:06:31.128: E/TestRunner(17388): 	at org.junit.runners.ParentRunner.runChildren(ParentRunner.java:288)
11-16 09:06:31.128: E/TestRunner(17388): 	at org.junit.runners.ParentRunner.access$000(ParentRunner.java:58)
11-16 09:06:31.128: E/TestRunner(17388): 	at org.junit.runners.ParentRunner$2.evaluate(ParentRunner.java:268)
11-16 09:06:31.128: E/TestRunner(17388): 	at org.junit.runners.ParentRunner.run(ParentRunner.java:363)
11-16 09:06:31.128: E/TestRunner(17388): 	at androidx.test.ext.junit.runners.AndroidJUnit4.run(AndroidJUnit4.java:162)
11-16 09:06:31.128: E/TestRunner(17388): 	at org.junit.runners.Suite.runChild(Suite.java:128)
11-16 09:06:31.128: E/TestRunner(17388): 	at org.junit.runners.Suite.runChild(Suite.java:27)
11-16 09:06:31.128: E/TestRunner(17388): 	at org.junit.runners.ParentRunner$3.run(ParentRunner.java:290)
11-16 09:06:31.128: E/TestRunner(17388): 	at org.junit.runners.ParentRunner$1.schedule(ParentRunner.java:71)
11-16 09:06:31.128: E/TestRunner(17388): 	at org.junit.runners.ParentRunner.runChildren(ParentRunner.java:288)
11-16 09:06:31.128: E/TestRunner(17388): 	at org.junit.runners.ParentRunner.access$000(ParentRunner.java:58)
11-16 09:06:31.128: E/TestRunner(17388): 	at org.junit.runners.ParentRunner$2.evaluate(ParentRunner.java:268)
11-16 09:06:31.128: E/TestRunner(17388): 	at org.junit.runners.ParentRunner.run(ParentRunner.java:363)
11-16 09:06:31.128: E/TestRunner(17388): 	at org.junit.runner.JUnitCore.run(JUnitCore.java:137)
11-16 09:06:31.128: E/TestRunner(17388): 	at org.junit.runner.JUnitCore.run(JUnitCore.java:115)
11-16 09:06:31.128: E/TestRunner(17388): 	at androidx.test.internal.runner.TestExecutor.execute(TestExecutor.java:56)
11-16 09:06:31.128: E/TestRunner(17388): 	at androidx.test.runner.AndroidJUnitRunner.onStart(AndroidJUnitRunner.java:444)
11-16 09:06:31.128: E/TestRunner(17388): 	at android.app.Instrumentation$InstrumentationThread.run(Instrumentation.java:2145)
11-16 09:06:31.128: E/TestRunner(17388): ----- end exception -----
11-16 09:06:31.128: I/TestRunner(17388): finished: performDiff_incorrectGoldenName(androidx.test.screenshot.ScreenshotTestRuleTest)
11-16 09:06:31.131: I/TestRunner(17388): started: performDiff_sameSizes_default_noMatch(androidx.test.screenshot.ScreenshotTestRuleTest)
11-16 09:06:31.132: E/TestRunner(17388): assumption failed: performDiff_sameSizes_default_noMatch(androidx.test.screenshot.ScreenshotTestRuleTest)
11-16 09:06:31.132: E/TestRunner(17388): ----- begin exception -----
11-16 09:06:31.133: E/TestRunner(17388): org.junit.AssumptionViolatedException: Requires Cuttlefish
11-16 09:06:31.133: E/TestRunner(17388): 	at org.junit.Assume.assumeTrue(Assume.java:59)
11-16 09:06:31.133: E/TestRunner(17388): 	at androidx.test.screenshot.ScreenshotTestRule$ScreenshotTestStatement.evaluate(ScreenshotTestRule.kt:121)
11-16 09:06:31.133: E/TestRunner(17388): 	at org.junit.rules.TestWatcher$1.evaluate(TestWatcher.java:55)
11-16 09:06:31.133: E/TestRunner(17388): 	at org.junit.rules.RunRules.evaluate(RunRules.java:20)
11-16 09:06:31.133: E/TestRunner(17388): 	at org.junit.runners.ParentRunner.runLeaf(ParentRunner.java:325)
11-16 09:06:31.133: E/TestRunner(17388): 	at org.junit.runners.BlockJUnit4ClassRunner.runChild(BlockJUnit4ClassRunner.java:78)
11-16 09:06:31.133: E/TestRunner(17388): 	at org.junit.runners.BlockJUnit4ClassRunner.runChild(BlockJUnit4ClassRunner.java:57)
11-16 09:06:31.133: E/TestRunner(17388): 	at org.junit.runners.ParentRunner$3.run(ParentRunner.java:290)
11-16 09:06:31.133: E/TestRunner(17388): 	at org.junit.runners.ParentRunner$1.schedule(ParentRunner.java:71)
11-16 09:06:31.133: E/TestRunner(17388): 	at org.junit.runners.ParentRunner.runChildren(ParentRunner.java:288)
11-16 09:06:31.133: E/TestRunner(17388): 	at org.junit.runners.ParentRunner.access$000(ParentRunner.java:58)
11-16 09:06:31.133: E/TestRunner(17388): 	at org.junit.runners.ParentRunner$2.evaluate(ParentRunner.java:268)
11-16 09:06:31.133: E/TestRunner(17388): 	at org.junit.runners.ParentRunner.run(ParentRunner.java:363)
11-16 09:06:31.133: E/TestRunner(17388): 	at androidx.test.ext.junit.runners.AndroidJUnit4.run(AndroidJUnit4.java:162)
11-16 09:06:31.133: E/TestRunner(17388): 	at org.junit.runners.Suite.runChild(Suite.java:128)
11-16 09:06:31.133: E/TestRunner(17388): 	at org.junit.runners.Suite.runChild(Suite.java:27)
11-16 09:06:31.133: E/TestRunner(17388): 	at org.junit.runners.ParentRunner$3.run(ParentRunner.java:290)
11-16 09:06:31.133: E/TestRunner(17388): 	at org.junit.runners.ParentRunner$1.schedule(ParentRunner.java:71)
11-16 09:06:31.133: E/TestRunner(17388): 	at org.junit.runners.ParentRunner.runChildren(ParentRunner.java:288)
11-16 09:06:31.133: E/TestRunner(17388): 	at org.junit.runners.ParentRunner.access$000(ParentRunner.java:58)
11-16 09:06:31.133: E/TestRunner(17388): 	at org.junit.runners.ParentRunner$2.evaluate(ParentRunner.java:268)
11-16 09:06:31.133: E/TestRunner(17388): 	at org.junit.runners.ParentRunner.run(ParentRunner.java:363)
11-16 09:06:31.133: E/TestRunner(17388): 	at org.junit.runner.JUnitCore.run(JUnitCore.java:137)
11-16 09:06:31.133: E/TestRunner(17388): 	at org.junit.runner.JUnitCore.run(JUnitCore.java:115)
11-16 09:06:31.133: E/TestRunner(17388): 	at androidx.test.internal.runner.TestExecutor.execute(TestExecutor.java:56)
11-16 09:06:31.133: E/TestRunner(17388): 	at androidx.test.runner.AndroidJUnitRunner.onStart(AndroidJUnitRunner.java:444)
11-16 09:06:31.133: E/TestRunner(17388): 	at android.app.Instrumentation$InstrumentationThread.run(Instrumentation.java:2145)
11-16 09:06:31.133: E/TestRunner(17388): ----- end exception -----
11-16 09:06:31.134: I/TestRunner(17388): finished: performDiff_sameSizes_default_noMatch(androidx.test.screenshot.ScreenshotTestRuleTest)
11-16 09:06:31.136: I/TestRunner(17388): started: performDiff_sameBitmaps(androidx.test.screenshot.ScreenshotTestRuleTest)
11-16 09:06:31.138: E/TestRunner(17388): assumption failed: performDiff_sameBitmaps(androidx.test.screenshot.ScreenshotTestRuleTest)
11-16 09:06:31.138: E/TestRunner(17388): ----- begin exception -----
11-16 09:06:31.138: E/TestRunner(17388): org.junit.AssumptionViolatedException: Requires Cuttlefish
11-16 09:06:31.138: E/TestRunner(17388): 	at org.junit.Assume.assumeTrue(Assume.java:59)
11-16 09:06:31.138: E/TestRunner(17388): 	at androidx.test.screenshot.ScreenshotTestRule$ScreenshotTestStatement.evaluate(ScreenshotTestRule.kt:121)
11-16 09:06:31.138: E/TestRunner(17388): 	at org.junit.rules.TestWatcher$1.evaluate(TestWatcher.java:55)
11-16 09:06:31.138: E/TestRunner(17388): 	at org.junit.rules.RunRules.evaluate(RunRules.java:20)
11-16 09:06:31.138: E/TestRunner(17388): 	at org.junit.runners.ParentRunner.runLeaf(ParentRunner.java:325)
11-16 09:06:31.138: E/TestRunner(17388): 	at org.junit.runners.BlockJUnit4ClassRunner.runChild(BlockJUnit4ClassRunner.java:78)
11-16 09:06:31.138: E/TestRunner(17388): 	at org.junit.runners.BlockJUnit4ClassRunner.runChild(BlockJUnit4ClassRunner.java:57)
11-16 09:06:31.138: E/TestRunner(17388): 	at org.junit.runners.ParentRunner$3.run(ParentRunner.java:290)
11-16 09:06:31.138: E/TestRunner(17388): 	at org.junit.runners.ParentRunner$1.schedule(ParentRunner.java:71)
11-16 09:06:31.138: E/TestRunner(17388): 	at org.junit.runners.ParentRunner.runChildren(ParentRunner.java:288)
11-16 09:06:31.138: E/TestRunner(17388): 	at org.junit.runners.ParentRunner.access$000(ParentRunner.java:58)
11-16 09:06:31.138: E/TestRunner(17388): 	at org.junit.runners.ParentRunner$2.evaluate(ParentRunner.java:268)
11-16 09:06:31.138: E/TestRunner(17388): 	at org.junit.runners.ParentRunner.run(ParentRunner.java:363)
11-16 09:06:31.138: E/TestRunner(17388): 	at androidx.test.ext.junit.runners.AndroidJUnit4.run(AndroidJUnit4.java:162)
11-16 09:06:31.138: E/TestRunner(17388): 	at org.junit.runners.Suite.runChild(Suite.java:128)
11-16 09:06:31.138: E/TestRunner(17388): 	at org.junit.runners.Suite.runChild(Suite.java:27)
11-16 09:06:31.138: E/TestRunner(17388): 	at org.junit.runners.ParentRunner$3.run(ParentRunner.java:290)
11-16 09:06:31.138: E/TestRunner(17388): 	at org.junit.runners.ParentRunner$1.schedule(ParentRunner.java:71)
11-16 09:06:31.138: E/TestRunner(17388): 	at org.junit.runners.ParentRunner.runChildren(ParentRunner.java:288)
11-16 09:06:31.138: E/TestRunner(17388): 	at org.junit.runners.ParentRunner.access$000(ParentRunner.java:58)
11-16 09:06:31.138: E/TestRunner(17388): 	at org.junit.runners.ParentRunner$2.evaluate(ParentRunner.java:268)
11-16 09:06:31.138: E/TestRunner(17388): 	at org.junit.runners.ParentRunner.run(ParentRunner.java:363)
11-16 09:06:31.138: E/TestRunner(17388): 	at org.junit.runner.JUnitCore.run(JUnitCore.java:137)
11-16 09:06:31.138: E/TestRunner(17388): 	at org.junit.runner.JUnitCore.run(JUnitCore.java:115)
11-16 09:06:31.138: E/TestRunner(17388): 	at androidx.test.internal.runner.TestExecutor.execute(TestExecutor.java:56)
11-16 09:06:31.138: E/TestRunner(17388): 	at androidx.test.runner.AndroidJUnitRunner.onStart(AndroidJUnitRunner.java:444)
11-16 09:06:31.138: E/TestRunner(17388): 	at android.app.Instrumentation$InstrumentationThread.run(Instrumentation.java:2145)
11-16 09:06:31.138: E/TestRunner(17388): ----- end exception -----
11-16 09:06:31.139: I/TestRunner(17388): finished: performDiff_sameBitmaps(androidx.test.screenshot.ScreenshotTestRuleTest)
11-16 09:06:31.139: I/dex2oat(17603): The ClassLoaderContext is a special shared library.
11-16 09:06:31.141: I/TestRunner(17388): started: performDiff_differentSizes(androidx.test.screenshot.ScreenshotTestRuleTest)
11-16 09:06:31.143: E/TestRunner(17388): assumption failed: performDiff_differentSizes(androidx.test.screenshot.ScreenshotTestRuleTest)
11-16 09:06:31.143: E/TestRunner(17388): ----- begin exception -----
11-16 09:06:31.143: I/dex2oat(17603): /system/bin/dex2oat --dex-file=/data/user/0/com.google.android.youtube/cache/1629828815138.jar --output-vdex-fd=77 --oat-fd=85 --oat-location=/data/user/0/com.google.android.youtube/cache/oat/arm64/1629828815138.odex --compiler-filter=quicken --class-loader-context=&
11-16 09:06:31.143: E/TestRunner(17388): org.junit.AssumptionViolatedException: Requires Cuttlefish
11-16 09:06:31.143: E/TestRunner(17388): 	at org.junit.Assume.assumeTrue(Assume.java:59)
11-16 09:06:31.143: E/TestRunner(17388): 	at androidx.test.screenshot.ScreenshotTestRule$ScreenshotTestStatement.evaluate(ScreenshotTestRule.kt:121)
11-16 09:06:31.143: E/TestRunner(17388): 	at org.junit.rules.TestWatcher$1.evaluate(TestWatcher.java:55)
11-16 09:06:31.143: E/TestRunner(17388): 	at org.junit.rules.RunRules.evaluate(RunRules.java:20)
11-16 09:06:31.143: E/TestRunner(17388): 	at org.junit.runners.ParentRunner.runLeaf(ParentRunner.java:325)
11-16 09:06:31.143: E/TestRunner(17388): 	at org.junit.runners.BlockJUnit4ClassRunner.runChild(BlockJUnit4ClassRunner.java:78)
11-16 09:06:31.143: E/TestRunner(17388): 	at org.junit.runners.BlockJUnit4ClassRunner.runChild(BlockJUnit4ClassRunner.java:57)
11-16 09:06:31.143: E/TestRunner(17388): 	at org.junit.runners.ParentRunner$3.run(ParentRunner.java:290)
11-16 09:06:31.143: E/TestRunner(17388): 	at org.junit.runners.ParentRunner$1.schedule(ParentRunner.java:71)
11-16 09:06:31.143: E/TestRunner(17388): 	at org.junit.runners.ParentRunner.runChildren(ParentRunner.java:288)
11-16 09:06:31.143: E/TestRunner(17388): 	at org.junit.runners.ParentRunner.access$000(ParentRunner.java:58)
11-16 09:06:31.143: E/TestRunner(17388): 	at org.junit.runners.ParentRunner$2.evaluate(ParentRunner.java:268)
11-16 09:06:31.143: E/TestRunner(17388): 	at org.junit.runners.ParentRunner.run(ParentRunner.java:363)
11-16 09:06:31.143: E/TestRunner(17388): 	at androidx.test.ext.junit.runners.AndroidJUnit4.run(AndroidJUnit4.java:162)
11-16 09:06:31.143: E/TestRunner(17388): 	at org.junit.runners.Suite.runChild(Suite.java:128)
11-16 09:06:31.143: E/TestRunner(17388): 	at org.junit.runners.Suite.runChild(Suite.java:27)
11-16 09:06:31.143: E/TestRunner(17388): 	at org.junit.runners.ParentRunner$3.run(ParentRunner.java:290)
11-16 09:06:31.143: E/TestRunner(17388): 	at org.junit.runners.ParentRunner$1.schedule(ParentRunner.java:71)
11-16 09:06:31.143: E/TestRunner(17388): 	at org.junit.runners.ParentRunner.runChildren(ParentRunner.java:288)
11-16 09:06:31.143: E/TestRunner(17388): 	at org.junit.runners.ParentRunner.access$000(ParentRunner.java:58)
11-16 09:06:31.143: E/TestRunner(17388): 	at org.junit.runners.ParentRunner$2.evaluate(ParentRunner.java:268)
11-16 09:06:31.143: E/TestRunner(17388): 	at org.junit.runners.ParentRunner.run(ParentRunner.java:363)
11-16 09:06:31.143: E/TestRunner(17388): 	at org.junit.runner.JUnitCore.run(JUnitCore.java:137)
11-16 09:06:31.143: E/TestRunner(17388): 	at org.junit.runner.JUnitCore.run(JUnitCore.java:115)
11-16 09:06:31.143: E/TestRunner(17388): 	at androidx.test.internal.runner.TestExecutor.execute(TestExecutor.java:56)
11-16 09:06:31.143: E/TestRunner(17388): 	at androidx.test.runner.AndroidJUnitRunner.onStart(AndroidJUnitRunner.java:444)
11-16 09:06:31.143: E/TestRunner(17388): 	at android.app.Instrumentation$InstrumentationThread.run(Instrumentation.java:2145)
11-16 09:06:31.143: E/TestRunner(17388): ----- end exception -----
11-16 09:06:31.144: I/TestRunner(17388): finished: performDiff_differentSizes(androidx.test.screenshot.ScreenshotTestRuleTest)
11-16 09:06:31.146: I/TestRunner(17388): started: performDiff_missingGolden(androidx.test.screenshot.ScreenshotTestRuleTest)
11-16 09:06:31.148: E/TestRunner(17388): assumption failed: performDiff_missingGolden(androidx.test.screenshot.ScreenshotTestRuleTest)
11-16 09:06:31.148: E/TestRunner(17388): ----- begin exception -----
11-16 09:06:31.149: E/TestRunner(17388): org.junit.AssumptionViolatedException: Requires Cuttlefish
11-16 09:06:31.149: E/TestRunner(17388): 	at org.junit.Assume.assumeTrue(Assume.java:59)
11-16 09:06:31.149: E/TestRunner(17388): 	at androidx.test.screenshot.ScreenshotTestRule$ScreenshotTestStatement.evaluate(ScreenshotTestRule.kt:121)
11-16 09:06:31.149: E/TestRunner(17388): 	at org.junit.rules.TestWatcher$1.evaluate(TestWatcher.java:55)
11-16 09:06:31.149: E/TestRunner(17388): 	at org.junit.rules.RunRules.evaluate(RunRules.java:20)
11-16 09:06:31.149: E/TestRunner(17388): 	at org.junit.runners.ParentRunner.runLeaf(ParentRunner.java:325)
11-16 09:06:31.149: E/TestRunner(17388): 	at org.junit.runners.BlockJUnit4ClassRunner.runChild(BlockJUnit4ClassRunner.java:78)
11-16 09:06:31.149: E/TestRunner(17388): 	at org.junit.runners.BlockJUnit4ClassRunner.runChild(BlockJUnit4ClassRunner.java:57)
11-16 09:06:31.149: E/TestRunner(17388): 	at org.junit.runners.ParentRunner$3.run(ParentRunner.java:290)
11-16 09:06:31.149: E/TestRunner(17388): 	at org.junit.runners.ParentRunner$1.schedule(ParentRunner.java:71)
11-16 09:06:31.149: E/TestRunner(17388): 	at org.junit.runners.ParentRunner.runChildren(ParentRunner.java:288)
11-16 09:06:31.149: E/TestRunner(17388): 	at org.junit.runners.ParentRunner.access$000(ParentRunner.java:58)
11-16 09:06:31.149: E/TestRunner(17388): 	at org.junit.runners.ParentRunner$2.evaluate(ParentRunner.java:268)
11-16 09:06:31.149: E/TestRunner(17388): 	at org.junit.runners.ParentRunner.run(ParentRunner.java:363)
11-16 09:06:31.149: E/TestRunner(17388): 	at androidx.test.ext.junit.runners.AndroidJUnit4.run(AndroidJUnit4.java:162)
11-16 09:06:31.149: E/TestRunner(17388): 	at org.junit.runners.Suite.runChild(Suite.java:128)
11-16 09:06:31.149: E/TestRunner(17388): 	at org.junit.runners.Suite.runChild(Suite.java:27)
11-16 09:06:31.149: E/TestRunner(17388): 	at org.junit.runners.ParentRunner$3.run(ParentRunner.java:290)
11-16 09:06:31.149: E/TestRunner(17388): 	at org.junit.runners.ParentRunner$1.schedule(ParentRunner.java:71)
11-16 09:06:31.149: E/TestRunner(17388): 	at org.junit.runners.ParentRunner.runChildren(ParentRunner.java:288)
11-16 09:06:31.149: E/TestRunner(17388): 	at org.junit.runners.ParentRunner.access$000(ParentRunner.java:58)
11-16 09:06:31.149: E/TestRunner(17388): 	at org.junit.runners.ParentRunner$2.evaluate(ParentRunner.java:268)
11-16 09:06:31.149: E/TestRunner(17388): 	at org.junit.runners.ParentRunner.run(ParentRunner.java:363)
11-16 09:06:31.149: E/TestRunner(17388): 	at org.junit.runner.JUnitCore.run(JUnitCore.java:137)
11-16 09:06:31.149: E/TestRunner(17388): 	at org.junit.runner.JUnitCore.run(JUnitCore.java:115)
11-16 09:06:31.149: E/TestRunner(17388): 	at androidx.test.internal.runner.TestExecutor.execute(TestExecutor.java:56)
11-16 09:06:31.149: E/TestRunner(17388): 	at androidx.test.runner.AndroidJUnitRunner.onStart(AndroidJUnitRunner.java:444)
11-16 09:06:31.149: E/TestRunner(17388): 	at android.app.Instrumentation$InstrumentationThread.run(Instrumentation.java:2145)
11-16 09:06:31.149: E/TestRunner(17388): ----- end exception -----
11-16 09:06:31.149: I/TestRunner(17388): finished: performDiff_missingGolden(androidx.test.screenshot.ScreenshotTestRuleTest)
11-16 09:06:31.152: I/TestRunner(17388): run finished: 15 tests, 0 failed, 0 ignored
11-16 09:06:31.156: I/MonitoringInstr(17388): waitForActivitiesToComplete() took: 0ms
11-16 09:06:31.157: I/ActivityManager(1160): Force stopping androidx.test.screenshot.test appid=10172 user=0: finished inst
11-16 09:06:31.157: W/Binder(1160): Outgoing transactions from this process must be FLAG_ONEWAY
11-16 09:06:31.157: W/Binder(1160): java.lang.Throwable
11-16 09:06:31.157: W/Binder(1160): 	at android.os.BinderProxy.transact(Binder.java:1116)
11-16 09:06:31.157: W/Binder(1160): 	at android.app.IInstrumentationWatcher$Stub$Proxy.instrumentationFinished(IInstrumentationWatcher.java:164)
11-16 09:06:31.157: W/Binder(1160): 	at com.android.server.am.InstrumentationReporter$MyThread.run(InstrumentationReporter.java:86)
11-16 09:06:31.157: I/ActivityManager(1160): Killing 17388:androidx.test.screenshot.test/u0a172 (adj 0): stop androidx.test.screenshot.test
11-16 09:06:31.158: D/AndroidRuntime(17318): Shutting down VM
11-16 09:06:31.160: W/libprocessgroup(1160): kill(-17388, 9) failed: No such process
11-16 09:06:31.166: W/PrimesInit(17578): Primes instant initialization
11-16 09:06:31.168: W/Primes(17578): background initialization
11-16 09:06:31.171: I/Zygote(727): Process 17388 exited due to signal (9)
11-16 09:06:31.203: W/libprocessgroup(1160): kill(-17388, 9) failed: No such process
11-16 09:06:31.203: I/libprocessgroup(1160): Successfully killed process cgroup uid 10172 pid 17388 in 43ms
11-16 09:06:31.213: W/SilentFeedbackConfig(10192): Renaming current_experiments.bin.tmp to current_experiments.bin failed
11-16 09:06:31.229: I/PrimesTesting(17578): GserviceFlagsSupplier.get()
11-16 09:06:31.254: I/OpaEnabledReceiver(3638): Dispatching OPA eligble = true; AGSA = true; OPA enabled = true
11-16 09:06:31.254: I/OpaLayout(3638): Setting opa enabled to true
11-16 09:06:31.254: I/OpaLayout(3638): Setting opa enabled to true
11-16 09:06:31.254: I/BlobLobber(10192): Canceling downloads: [odws2_en:us:807_2019-07-21_260300236_release_signed]
11-16 09:06:31.256: I/BlobLobber(10192): Failed to cancel [odws2_en:us:807_2019-07-21_260300236_release_signed]
11-16 09:06:31.266: I/VelourConfigListener(10192): Received new velour config
11-16 09:06:31.267: I/BgTaskExecutorImpl(10192): Starting EXCLUSIVE background task BLOBLOBBER_SYNC.
11-16 09:06:31.279: I/OpaEligibilityChecker(10192): send OpaEligibilityChange broadcast to CommonBroadcastReceiver
11-16 09:06:31.283: I/OpaEnabledReceiver(3638): Dispatching OPA eligble = true; AGSA = true; OPA enabled = true
11-16 09:06:31.283: I/OpaLayout(3638): Setting opa enabled to true
11-16 09:06:31.283: I/OpaLayout(3638): Setting opa enabled to true
11-16 09:06:31.297: I/BgTaskExecutorImpl(10192): Starting EXCLUSIVE background task VELOUR_BACKGROUND_MAINTENANCE.
11-16 09:06:31.303: I/OpaEligibilityChecker(10192): send OpaEligibilityChange broadcast to CommonBroadcastReceiver
11-16 09:06:31.304: I/OpaEnabledReceiver(3638): Dispatching OPA eligble = true; AGSA = true; OPA enabled = true
11-16 09:06:31.304: I/OpaLayout(3638): Setting opa enabled to true
11-16 09:06:31.304: I/OpaLayout(3638): Setting opa enabled to true
11-16 09:06:31.308: I/dex2oat(17603): dex2oat took 179.342ms (69.106ms cpu) (threads: 8) arena alloc=5KB (5456B) java alloc=48KB (49168B) native alloc=904KB (926416B) free=1655KB (1695024B)
11-16 09:06:31.311: I/OpaEnabledReceiver(3638): Dispatching OPA eligble = true; AGSA = true; OPA enabled = true
11-16 09:06:31.312: I/OpaLayout(3638): Setting opa enabled to true
11-16 09:06:31.312: I/OpaLayout(3638): Setting opa enabled to true
11-16 09:06:31.322: I/android.youtub(17427): The ClassLoaderContext is a special shared library.
11-16 09:06:31.349: D/ConnectivityService(1160): requestNetwork for uid/pid:10080/17427 NetworkRequest [ TRACK_DEFAULT id=55, [ Capabilities: INTERNET&NOT_RESTRICTED&TRUSTED Unwanted:  Uid: 10080] ]
11-16 09:06:31.350: D/WIFI(1160): got request NetworkRequest [ TRACK_DEFAULT id=55, [ Capabilities: INTERNET&NOT_RESTRICTED&TRUSTED Unwanted:  Uid: 10080] ] with score 60
11-16 09:06:31.350: D/WIFI_UT(1160): got request NetworkRequest [ TRACK_DEFAULT id=55, [ Capabilities: INTERNET&NOT_RESTRICTED&TRUSTED Unwanted:  Uid: 10080] ] with score 60
11-16 09:06:31.350: D/PhoneSwitcherNetworkRequstListener(3780): got request NetworkRequest [ TRACK_DEFAULT id=55, [ Capabilities: INTERNET&NOT_RESTRICTED&TRUSTED Unwanted:  Uid: 10080] ] with score 60
11-16 09:06:31.350: D/WIFI_AWARE_FACTORY(1160): got request NetworkRequest [ TRACK_DEFAULT id=55, [ Capabilities: INTERNET&NOT_RESTRICTED&TRUSTED Unwanted:  Uid: 10080] ] with score 60
11-16 09:06:31.350: D/Ethernet(1160): got request NetworkRequest [ TRACK_DEFAULT id=55, [ Capabilities: INTERNET&NOT_RESTRICTED&TRUSTED Unwanted:  Uid: 10080] ] with score 60
11-16 09:06:31.366: D/DownloadManager(16223): [83] Starting
11-16 09:06:31.388: D/NetworkSecurityConfig(16223): Using Network Security Config from resource network_security_config debugBuild: false
11-16 09:06:31.389: I/android.youtub(17427): Rejecting re-init on previously-failed class java.lang.Class<com.google.android.ads.tasks.appdigest.a>: java.lang.NoClassDefFoundError: Failed resolution of: Landroid/content/pm/PackageManager$OnChecksumsReadyListener;
11-16 09:06:31.389: I/android.youtub(17427):   at java.lang.Class dalvik.system.DexFile.defineClassNative(java.lang.String, java.lang.ClassLoader, java.lang.Object, dalvik.system.DexFile) (DexFile.java:-2)
11-16 09:06:31.389: I/android.youtub(17427):   at java.lang.Class dalvik.system.DexFile.defineClass(java.lang.String, java.lang.ClassLoader, java.lang.Object, dalvik.system.DexFile, java.util.List) (DexFile.java:283)
11-16 09:06:31.389: I/android.youtub(17427):   at java.lang.Class dalvik.system.DexFile.loadClassBinaryName(java.lang.String, java.lang.ClassLoader, java.util.List) (DexFile.java:276)
11-16 09:06:31.389: I/android.youtub(17427):   at java.lang.Class dalvik.system.DexPathList$Element.findClass(java.lang.String, java.lang.ClassLoader, java.util.List) (DexPathList.java:724)
11-16 09:06:31.389: I/android.youtub(17427):   at java.lang.Class dalvik.system.DexPathList.findClass(java.lang.String, java.util.List) (DexPathList.java:486)
11-16 09:06:31.389: I/android.youtub(17427):   at java.lang.Class dalvik.system.BaseDexClassLoader.findClass(java.lang.String) (BaseDexClassLoader.java:132)
11-16 09:06:31.389: I/android.youtub(17427):   at java.lang.Class bg.loadClass(java.lang.String, boolean) (:com.google.android.gms.dynamite_dynamiteloader@213614065@21.36.14 (100400-0):2)
11-16 09:06:31.389: I/android.youtub(17427):   at java.lang.Class java.lang.ClassLoader.loadClass(java.lang.String) (ClassLoader.java:312)
11-16 09:06:31.389: I/android.youtub(17427):   at java.util.List xu.r(yv, android.content.Context, bqi, com.google.ads.afma.g) (:com.google.android.gms.policy_ads_fdr_dynamite@213806100@213806100057.397311113.397311113:5)
11-16 09:06:31.389: I/android.youtub(17427):   at java.util.List xv.r(yv, android.content.Context, bqi, com.google.ads.afma.g) (:com.google.android.gms.policy_ads_fdr_dynamite@213806100@213806100057.397311113.397311113:4)
11-16 09:06:31.389: I/android.youtub(17427):   at void xu.s(yv, android.content.Context, bqi, com.google.ads.afma.g) (:com.google.android.gms.policy_ads_fdr_dynamite@213806100@213806100057.397311113.397311113:0)
