11-16 08:57:11.361: W/sh(17859): type=1400 audit(0.0:313): avc: denied { read } for name="cache" dev="dm-0" ino=48 scontext=u:r:shell:s0 tcontext=u:object_r:cache_file:s0 tclass=lnk_file permissive=0
11-16 08:57:11.790: I/PackageManager.DexOptimizer(1220): Running dexopt (dexoptNeeded=1) on: /data/app/com.google.android.gms.policy_test_support--agdZMJTvBIB2VjxLRyQDg==/base.apk pkg=com.google.android.gms.policy_test_support isa=arm64 dexoptFlags=boot_complete,profile_guided,public,enable_hidden_api_checks targetFilter=speed-profile oatDir=/data/app/com.google.android.gms.policy_test_support--agdZMJTvBIB2VjxLRyQDg==/oat classLoaderContext=PCL[]
11-16 08:57:11.790: V/installed(836): DexInv: --- BEGIN '/data/app/com.google.android.gms.policy_test_support--agdZMJTvBIB2VjxLRyQDg==/base.apk' ---
11-16 08:57:11.853: I/dex2oat(17875): /system/bin/dex2oat --input-vdex-fd=-1 --output-vdex-fd=19 --compiler-filter=speed-profile --classpath-dir=/data/app/com.google.android.gms.policy_test_support--agdZMJTvBIB2VjxLRyQDg== --class-loader-context=PCL[] --generate-mini-debug-info --compact-dex-level=none --compilation-reason=install
11-16 08:57:11.964: I//vendor/bin/hw/android.hardware.health@2.0-service.crosshatch(759): Entry state_: 0 charger_status: Charging batteryLevel: 100
11-16 08:57:11.964: I//vendor/bin/hw/android.hardware.health@2.0-service.crosshatch(759): Exit state_: 0 batteryLevel: 100
11-16 08:57:11.968: D/QtiCarrierConfigHelper(3803): WARNING, no carrier configs on phone Id: 0
11-16 08:57:12.135: I/dex2oat(17875): Explicit concurrent copying GC freed 10441(1502KB) AllocSpace objects, 0(0B) LOS objects, 99% free, 728B/1536KB, paused 38us total 3.350ms
11-16 08:57:12.216: I/dex2oat(17875): dex2oat took 367.886ms (785.520ms cpu) (threads: 8) arena alloc=73KB (75488B) java alloc=16KB (17112B) native alloc=2MB (3021600B) free=3MB (3794144B)
11-16 08:57:12.221: V/installed(836): DexInv: --- END '/data/app/com.google.android.gms.policy_test_support--agdZMJTvBIB2VjxLRyQDg==/base.apk' (success) ---
11-16 08:57:12.221: V/installed(836): [ 11-16 08:57:12.223   836: 1432 E/         ]
11-16 08:57:12.221: V/installed(836): Couldn't opendir /data/app/vmdl292417699.tmp: No such file or directory
11-16 08:57:12.223: E/installd(836): Failed to delete /data/app/vmdl292417699.tmp: No such file or directory
11-16 08:57:12.230: I/Finsky(13086): [2] yeh.d(13): PackageMonitorReceiverImpl - Received: android.intent.action.PACKAGE_ADDED, [TAsD3pqu7qg-JZYPvpWmQGEwsDQ0NnuVQpcaQGQjJQU]
11-16 08:57:12.231: I/Finsky(13086): [2] yfi.g(1): Invalidating cached PackageState for com.google.android.gms.policy_test_support
11-16 08:57:12.237: I/Telecom(1220): DefaultDialerCache: Refreshing default dialer for user 0: now com.google.android.dialer: DDC.oR@AJA
11-16 08:57:12.237: I/InputReader(1220): Reconfiguring input devices.  changes=0x00000010
11-16 08:57:12.249: I/Finsky(13086): [272] ovx.run(16): Wrote row to frosting DB: 207
11-16 08:57:12.272: I/Finsky(13086): [2] owk.d(2): Frosting ID looked up on UI thread. Caller should move to a background thread.
11-16 08:57:12.275: W/BroadcastQueue(1220): Background execution not allowed: receiving Intent { act=android.intent.action.PACKAGE_ADDED dat=package:com.google.android.gms.policy_test_support flg=0x4000010 (has extras) } to com.android.musicfx/.Compatibility$Receiver
11-16 08:57:12.278: V/BackupManagerConstants(1220): getFullBackupIntervalMilliseconds(...) returns 86400000
11-16 08:57:12.278: W/BroadcastQueue(1220): Background execution not allowed: receiving Intent { act=android.intent.action.PACKAGE_ADDED dat=package:com.google.android.gms.policy_test_support flg=0x4000010 (has extras) } to com.android.vending/com.google.android.finsky.packagemanager.impl.PackageMonitorReceiverImpl$RegisteredReceiver
11-16 08:57:12.278: W/BroadcastQueue(1220): Background execution not allowed: receiving Intent { act=android.intent.action.PACKAGE_ADDED dat=package:com.google.android.gms.policy_test_support flg=0x4000010 (has extras) } to com.google.android.gms/.games.chimera.GamesSystemBroadcastReceiverProxy
11-16 08:57:12.278: W/BroadcastQueue(1220): Background execution not allowed: receiving Intent { act=android.intent.action.PACKAGE_ADDED dat=package:com.google.android.gms.policy_test_support flg=0x4000010 (has extras) } to com.google.android.gms/.gass.chimera.PackageChangeBroadcastReceiver
11-16 08:57:12.278: W/BroadcastQueue(1220): Background execution not allowed: receiving Intent { act=android.intent.action.PACKAGE_ADDED dat=package:com.google.android.gms.policy_test_support flg=0x4000010 (has extras) } to com.google.android.gms/.chimera.GmsIntentOperationService$PersistentTrustedReceiver
11-16 08:57:12.280: I/Finsky(13086): [2] amas.a(3): Do not start WearSupportService due to Wear service optimization
11-16 08:57:12.283: W/BroadcastQueue(1220): Background execution not allowed: receiving Intent { act=android.intent.action.PACKAGE_ADDED dat=package:com.google.android.gms.policy_test_support flg=0x4000010 (has extras) } to com.google.android.googlequicksearchbox/com.google.android.apps.gsa.googlequicksearchbox.GelStubAppWatcher
11-16 08:57:12.283: W/BroadcastQueue(1220): Background execution not allowed: receiving Intent { act=android.intent.action.PACKAGE_ADDED dat=package:com.google.android.gms.policy_test_support flg=0x4000010 (has extras) } to com.google.android.ims/.receivers.RcsAutoStartReceiver
11-16 08:57:12.284: E/PhoneInterfaceManager(3803): [PhoneIntfMgr] getCarrierPackageNamesForIntent: No UICC
11-16 08:57:12.284: D/CarrierSvcBindHelper(3803): No carrier app for: 0
11-16 08:57:12.284: D/ImsResolver(3803): maybeAddedImsService, packageName: com.google.android.gms.policy_test_support
11-16 08:57:12.287: I/Finsky(13086): [2] amas.a(3): Do not start WearSupportService due to Wear service optimization
11-16 08:57:12.284: W/sh(17887): type=1400 audit(0.0:314): avc: denied { read } for name="cache" dev="dm-0" ino=48 scontext=u:r:shell:s0 tcontext=u:object_r:cache_file:s0 tclass=lnk_file permissive=0
11-16 08:57:12.290: E/VvmPkgInstalledRcvr(3803): cannot create TelephonyManager from ComponentInfo{com.android.phone/com.android.services.telephony.TelephonyConnectionService}, ***, UserHandle{0}
11-16 08:57:12.290: D/CarrierConfigLoader(3803): mHandler: 9 phoneId: 0
11-16 08:57:12.290: D/RegisteredNfcFServicesCache(4166): Service unchanged, not updating
11-16 08:57:12.292: I/Finsky(13086): [2] aeak.a(8): Clearing split related stale data.
11-16 08:57:12.296: I/Finsky(13086): [274] gxq.a(12): Asset module storage cleared for package com.google.android.gms.policy_test_support.
11-16 08:57:12.301: W/system_server(1220): Unknown chunk type '200'.
11-16 08:57:12.302: I/Finsky(13086): [2] owk.d(2): Frosting ID looked up on UI thread. Caller should move to a background thread.
11-16 08:57:12.304: I/GmsModuleFndr(13468): Beginning GMS chimera module scan
11-16 08:57:12.304: W/GCM(10917): Unexpected forwarded intent: Intent { act=android.intent.action.PACKAGE_ADDED dat=package:com.google.android.gms.policy_test_support flg=0x4000010 pkg=com.google.android.gms cmp=com.google.android.gms/.chimera.PersistentIntentOperationService (has extras) }
11-16 08:57:12.306: W/GCM(10917): Unexpected forwarded intent: Intent { act=android.intent.action.PACKAGE_ADDED dat=package:com.google.android.gms.policy_test_support flg=0x4000010 pkg=com.google.android.gms cmp=com.google.android.gms/.chimera.PersistentIntentOperationService (has extras) }
11-16 08:57:12.311: I/ModuleSetMgr(13468): Computing pending module set with APKs: [[AdsFdrDynamite.integ:213806100100000], [Enpromo.integ:214106000100000], [Pay.optional:213614100000], [VisionOcr.optional:213614100400], [AdsFdrDynamite.integ:212104400100000], [Cronetdynamite:213614100400], [Dynamiteloader:213614100000], [Dynamitemodulesa:213614100000], [Dynamitemodulesc:213614100000], [Googlecertificates:213614100000], [Mapsdynamite:213614100000], [Measurementdynamite:213614100000]]
11-16 08:57:12.312: I/Finsky(13086): [272] ovx.run(16): Wrote row to frosting DB: 208
11-16 08:57:12.316: I/ModuleSetMgr(13468): Pending container module APKs: [[Pay.optional:213614100000], [VisionOcr.optional:213614100400]]
11-16 08:57:12.316: I/ModuleSetMgr(13468): Pending non-container module APKs: [[Enpromo.integ:214106000100000], [AdsFdrDynamite.integ:213806100100000]]
11-16 08:57:12.326: W/PackageParser(13468): Unknown element under <manifest>: queries at /data/user_de/0/com.google.android.gms/app_chimera/m/00000007/AdsDynamite.apk Binary XML file line #5
11-16 08:57:12.340: W/PackageParser(13468): Unknown element under <manifest>: queries at /data/user_de/0/com.google.android.gms/app_chimera/m/00000011/dl-AdsFdrDynamite.integ_213806100100000.apk Binary XML file line #11
11-16 08:57:12.365: I/Finsky(13086): [2] abzb.b(5): SCH: Jobs in database: 1-1337 3-1 12-1 24-77777777 26-1414141414 31-305419896 
11-16 08:57:12.372: I/Finsky(13086): [2] abxn.d(37): SCH: ConstraintMapping: 24-77777777,  -> L: 0ms, D: 81788549ms, C: false, I: true, N: 0
11-16 08:57:12.372: I/Finsky(13086): [2] abxn.d(37): SCH: ConstraintMapping: 1-1337, 12-1, 31-305419896,  -> L: 14924ms, D: 68499778ms, C: false, I: false, N: 1
11-16 08:57:12.373: I/Finsky(13086): [2] abxn.d(37): SCH: ConstraintMapping: 3-1,  -> L: 0ms, D: 85394218ms, C: true, I: true, N: 2
11-16 08:57:12.373: I/Finsky(13086): [273] jnw.a(15): [ContentSync] finished, scheduled=true
11-16 08:57:12.373: I/Finsky(13086): [2] abxn.d(37): SCH: ConstraintMapping: 26-1414141414,  -> L: 42012682ms, D: 42912682ms, C: false, I: false, N: 0
11-16 08:57:12.381: I/Finsky(13086): [2] abxn.f(7): SCH: Cancelling existing jobscheduler jobs: 9001 9003 9004 9002 
11-16 08:57:12.381: I/Finsky(13086): [2] abxn.e(23): SCH: Scheduling job Id: 9000, L: 0, D: 81788549, C: false, I: true, N: 0
11-16 08:57:12.383: I/Finsky(13086): [2] abxn.e(23): SCH: Scheduling job Id: 9005, L: 14924, D: 68499778, C: false, I: false, N: 1
11-16 08:57:12.384: I/Finsky(13086): [2] abxn.e(23): SCH: Scheduling job Id: 9006, L: 0, D: 85394218, C: true, I: true, N: 2
11-16 08:57:12.385: I/Finsky(13086): [2] abxn.e(23): SCH: Scheduling job Id: 9007, L: 42012682, D: 42912682, C: false, I: false, N: 0
11-16 08:57:12.449: I/ChimeraCfgMgr(13468): Updating module config: ads_fdr:2138061005100000,container:2136149100400+pay+vision.ocr,enpromo:2141060005100000 -> ads_fdr:2138061005100000,container:2136149100400+pay+vision.ocr,enpromo:2141060005100000
11-16 08:57:12.449: E/DowngradeHelper(13468): isModuleDowngradeRequired false
11-16 08:57:12.478: W/BroadcastQueue(1220): Background execution not allowed: receiving Intent { act=com.google.android.chimera.MODULE_CONFIGURATION_CHANGED flg=0x10 (has extras) } to com.google.android.gms/.chimera.GmsIntentOperationService$PersistentInternalReceiver
11-16 08:57:12.489: I/ChimeraCfgMgr(13468): Sending com.google.android.chimera.IntentOperation.NEW_MODULE Intents: 1,false,true
11-16 08:57:12.492: I/GmsDebugLogger(13468): [46] ads_fdr:2138061005100000,container:2136149100400+pay+vision.ocr,enpromo:2141060005100000
11-16 08:57:12.496: I/Auth(13468): [SupervisedAccountIntentOperation] onHandleIntent(): android.intent.action.PACKAGE_ADDED
11-16 08:57:12.497: I/BlockstoreStorage(13468): Clearing Blockstore Data for package com.google.android.gms.policy_test_support [CONTEXT service_id=258 ]
11-16 08:57:12.497: I/BlockstoreStorage(13468): No metadata found. Skipping deletion. [CONTEXT service_id=258 ]
11-16 08:57:12.504: W/gle.android.gm(13468): Unsupported class loader
11-16 08:57:12.509: W/gle.android.gm(13468): Skipping duplicate class check due to unsupported classloader
11-16 08:57:12.515: W/gle.android.gm(13468): Suspending all threads took: 5.241ms
11-16 08:57:12.515: I/gle.android.gm(13468): Failed to add image file Failed to flatten class loader hierarchy 'Unknown class loader type drb'
11-16 08:57:12.551: D/BoundBrokerSvc(10917): onBind: Intent { act=com.google.android.gms.nearby.exposurenotification.START cmp=com.google.android.gms/.chimera.PersistentApiService }
11-16 08:57:12.551: D/BoundBrokerSvc(10917): Loading bound service for intent: Intent { act=com.google.android.gms.nearby.exposurenotification.START cmp=com.google.android.gms/.chimera.PersistentApiService }
11-16 08:57:12.557: D/BoundBrokerSvc(13468): onBind: Intent { act=com.google.android.gms.common.BIND_SHARED_PREFS pkg=com.google.android.gms }
11-16 08:57:12.557: D/BoundBrokerSvc(13468): Loading bound service for intent: Intent { act=com.google.android.gms.common.BIND_SHARED_PREFS pkg=com.google.android.gms }
11-16 08:57:12.612: I/PackageManager.DexOptimizer(1220): Running dexopt (dexoptNeeded=1) on: /data/app/com.google.android.gmscore.testing.testsupport-7dPsQ2Uxo-vFbiRAcwz5dg==/base.apk pkg=com.google.android.gmscore.testing.testsupport isa=arm64 dexoptFlags=boot_complete,profile_guided,public,enable_hidden_api_checks targetFilter=speed-profile oatDir=/data/app/com.google.android.gmscore.testing.testsupport-7dPsQ2Uxo-vFbiRAcwz5dg==/oat classLoaderContext=PCL[/system/framework/org.apache.http.legacy.boot.jar]
11-16 08:57:12.612: V/installed(836): DexInv: --- BEGIN '/data/app/com.google.android.gmscore.testing.testsupport-7dPsQ2Uxo-vFbiRAcwz5dg==/base.apk' ---
11-16 08:57:12.615: I/Icing(13468): IndexChimeraService.getServiceInterface callingPackage=com.google.android.gms componentName=AppsCorpus serviceId=36
11-16 08:57:12.620: D/BoundBrokerSvc(13468): onUnbind: Intent { act=com.google.android.gms.common.BIND_SHARED_PREFS pkg=com.google.android.gms }
11-16 08:57:12.621: W/ChimeraUtils(10917): Module com.google.android.gms.nearby_en has empty metadata display_name_string_id
11-16 08:57:12.622: E/PhenotypeRegOp(13468): Attempting to overwrite config package for com.google.android.gms.games [CONTEXT service_id=231 ]
11-16 08:57:12.623: E/PhenotypeRegOp(13468): Attempting to overwrite config package for com.google.android.gms.maps#com.google.android.gms [CONTEXT service_id=231 ]
11-16 08:57:12.623: E/PhenotypeRegOp(13468): Attempting to overwrite config package for com.google.android.gms.cast [CONTEXT service_id=231 ]
11-16 08:57:12.623: E/PhenotypeRegOp(13468): Attempting to overwrite config package for com.google.android.gms.mobile_data_plan [CONTEXT service_id=231 ]
11-16 08:57:12.624: E/PhenotypeRegOp(13468): Attempting to overwrite config package for com.google.android.gms.udc [CONTEXT service_id=231 ]
11-16 08:57:12.626: I/TestSupport(13468): Activate: 1636963200000@1637081832577 [CONTEXT service_id=133 ]
11-16 08:57:12.627: I/TestSupport(13468): Boot time: 1637080589455 [CONTEXT service_id=133 ]
11-16 08:57:12.628: W/ChimeraUtils(10917): Module com.google.android.gms.nearby_en has empty metadata display_name_string_id
11-16 08:57:12.628: I/dex2oat(17931): /system/bin/dex2oat --input-vdex-fd=-1 --output-vdex-fd=19 --compiler-filter=speed-profile --classpath-dir=/data/app/com.google.android.gmscore.testing.testsupport-7dPsQ2Uxo-vFbiRAcwz5dg== --class-loader-context=PCL[/system/framework/org.apache.http.legacy.boot.jar] --generate-mini-debug-info --compact-dex-level=none --compilation-reason=install
11-16 08:57:12.629: W/ChimeraUtils(10917): Module com.google.android.gms.nearby_en has empty metadata display_name_string_id
11-16 08:57:12.631: I/TestSupport(13468): Updated: /data/data/com.google.android.gms/app_testsupport/.startup [CONTEXT service_id=133 ]
11-16 08:57:12.633: I/ChimeraCfgMgr(13468): Received com.google.android.chimera.IntentOperation.NEW_MODULE(1/0): 1,false
11-16 08:57:12.641: I/GmsModuleFndr(13468): Beginning GMS chimera module scan
11-16 08:57:12.642: W/Icing(13468): No valid account for uploading user actions
11-16 08:57:12.649: I/ModuleSetMgr(13468): Computing pending module set with APKs: [[AdsFdrDynamite.integ:213806100100000], [Enpromo.integ:214106000100000], [Pay.optional:213614100000], [VisionOcr.optional:213614100400], [AdsFdrDynamite.integ:212104400100000], [Cronetdynamite:213614100400], [Dynamiteloader:213614100000], [Dynamitemodulesa:213614100000], [Dynamitemodulesc:213614100000], [Googlecertificates:213614100000], [Mapsdynamite:213614100000], [Measurementdynamite:213614100000]]
11-16 08:57:12.651: I/Icing(13468): Usage reports ok 0, Failed Usage reports 0, indexed 0, rejected 0
11-16 08:57:12.653: I/ModuleSetMgr(13468): Pending container module APKs: [[Pay.optional:213614100000], [VisionOcr.optional:213614100400]]
11-16 08:57:12.653: I/ModuleSetMgr(13468): Pending non-container module APKs: [[Enpromo.integ:214106000100000], [AdsFdrDynamite.integ:213806100100000]]
11-16 08:57:12.657: I/Icing(13468): Indexing com.google.android.gms-apps from com.google.android.gms
11-16 08:57:12.661: I/Icing(13468): IndexChimeraService.getServiceInterface callingPackage=com.google.android.gms componentName=null serviceId=30
11-16 08:57:12.664: W/PackageParser(13468): Unknown element under <manifest>: queries at /data/user_de/0/com.google.android.gms/app_chimera/m/00000007/AdsDynamite.apk Binary XML file line #5
11-16 08:57:12.666: I/Icing(13468): Indexing done com.google.android.gms-apps
11-16 08:57:12.670: W/Icing(13468): No valid account for uploading user actions
11-16 08:57:12.676: W/PackageParser(13468): Unknown element under <manifest>: queries at /data/user_de/0/com.google.android.gms/app_chimera/m/00000011/dl-AdsFdrDynamite.integ_213806100100000.apk Binary XML file line #11
11-16 08:57:12.680: I/Icing(13468): Usage reports ok 0, Failed Usage reports 0, indexed 0, rejected 0
11-16 08:57:13.089: I/dex2oat(17931): Explicit concurrent copying GC freed 11042(2MB) AllocSpace objects, 0(0B) LOS objects, 99% free, 896B/1536KB, paused 28us total 3.423ms
11-16 08:57:13.209: I/dex2oat(17931): dex2oat took 582.213ms (1.257s cpu) (threads: 8) arena alloc=24KB (24816B) java alloc=16KB (17280B) native alloc=5MB (5286784B) free=2MB (3101824B)
11-16 08:57:13.215: V/installed(836): DexInv: --- END '/data/app/com.google.android.gmscore.testing.testsupport-7dPsQ2Uxo-vFbiRAcwz5dg==/base.apk' (success) ---
11-16 08:57:13.215: V/installed(836): [ 11-16 08:57:13.216   836: 1432 E/         ]
11-16 08:57:13.215: V/installed(836): Couldn't opendir /data/app/vmdl1336553083.tmp: No such file or directory
11-16 08:57:13.216: E/installd(836): Failed to delete /data/app/vmdl1336553083.tmp: No such file or directory
11-16 08:57:13.231: I/InputReader(1220): Reconfiguring input devices.  changes=0x00000010
11-16 08:57:13.232: D/ImsResolver(3803): maybeAddedImsService, packageName: com.google.android.gmscore.testing.testsupport
11-16 08:57:13.233: I/Finsky(13086): [2] yeh.d(13): PackageMonitorReceiverImpl - Received: android.intent.action.PACKAGE_ADDED, [Cfp7IzF5TvVG3xiSuASXeJDeHWm6HS2AulwLaqmOV14]
11-16 08:57:13.233: W/BroadcastQueue(1220): Background execution not allowed: receiving Intent { act=android.intent.action.PACKAGE_ADDED dat=package:com.google.android.gmscore.testing.testsupport flg=0x4000010 (has extras) } to com.android.musicfx/.Compatibility$Receiver
11-16 08:57:13.233: I/Finsky(13086): [2] yfi.g(1): Invalidating cached PackageState for com.google.android.gmscore.testing.testsupport
11-16 08:57:13.239: W/BroadcastQueue(1220): Background execution not allowed: receiving Intent { act=android.intent.action.PACKAGE_ADDED dat=package:com.google.android.gmscore.testing.testsupport flg=0x4000010 (has extras) } to com.android.vending/com.google.android.finsky.packagemanager.impl.PackageMonitorReceiverImpl$RegisteredReceiver
11-16 08:57:13.239: W/BroadcastQueue(1220): Background execution not allowed: receiving Intent { act=android.intent.action.PACKAGE_ADDED dat=package:com.google.android.gmscore.testing.testsupport flg=0x4000010 (has extras) } to com.google.android.gms/.games.chimera.GamesSystemBroadcastReceiverProxy
11-16 08:57:13.239: W/BroadcastQueue(1220): Background execution not allowed: receiving Intent { act=android.intent.action.PACKAGE_ADDED dat=package:com.google.android.gmscore.testing.testsupport flg=0x4000010 (has extras) } to com.google.android.gms/.gass.chimera.PackageChangeBroadcastReceiver
11-16 08:57:13.239: W/BroadcastQueue(1220): Background execution not allowed: receiving Intent { act=android.intent.action.PACKAGE_ADDED dat=package:com.google.android.gmscore.testing.testsupport flg=0x4000010 (has extras) } to com.google.android.gms/.chimera.GmsIntentOperationService$PersistentTrustedReceiver
11-16 08:57:13.239: W/BroadcastQueue(1220): Background execution not allowed: receiving Intent { act=android.intent.action.PACKAGE_ADDED dat=package:com.google.android.gmscore.testing.testsupport flg=0x4000010 (has extras) } to com.google.android.googlequicksearchbox/com.google.android.apps.gsa.googlequicksearchbox.GelStubAppWatcher
11-16 08:57:13.240: W/BroadcastQueue(1220): Background execution not allowed: receiving Intent { act=android.intent.action.PACKAGE_ADDED dat=package:com.google.android.gmscore.testing.testsupport flg=0x4000010 (has extras) } to com.google.android.ims/.receivers.RcsAutoStartReceiver
11-16 08:57:13.240: I/Telecom(1220): DefaultDialerCache: Refreshing default dialer for user 0: now com.google.android.dialer: DDC.oR@AJQ
11-16 08:57:13.243: I/Finsky(13086): [272] ovx.run(16): Wrote row to frosting DB: 209
11-16 08:57:13.257: I/Finsky(13086): [2] owk.d(2): Frosting ID looked up on UI thread. Caller should move to a background thread.
11-16 08:57:13.263: I/Finsky(13086): [2] amas.a(3): Do not start WearSupportService due to Wear service optimization
11-16 08:57:13.266: D/RegisteredNfcFServicesCache(4166): Service unchanged, not updating
11-16 08:57:13.266: I/Finsky(13086): [2] amas.a(3): Do not start WearSupportService due to Wear service optimization
11-16 08:57:13.269: I/Finsky(13086): [2] aeak.a(8): Clearing split related stale data.
11-16 08:57:13.270: I/Finsky(13086): [274] gxq.a(12): Asset module storage cleared for package com.google.android.gmscore.testing.testsupport.
11-16 08:57:13.272: I/Auth(13468): [SupervisedAccountIntentOperation] onHandleIntent(): android.intent.action.PACKAGE_ADDED
11-16 08:57:13.272: I/Finsky(13086): [273] jnw.a(15): [ContentSync] finished, scheduled=false
11-16 08:57:13.274: W/GCM(10917): Unexpected forwarded intent: Intent { act=android.intent.action.PACKAGE_ADDED dat=package:com.google.android.gmscore.testing.testsupport flg=0x4000010 pkg=com.google.android.gms cmp=com.google.android.gms/.chimera.PersistentIntentOperationService (has extras) }
11-16 08:57:13.276: I/BlockstoreStorage(13468): Clearing Blockstore Data for package com.google.android.gmscore.testing.testsupport [CONTEXT service_id=258 ]
11-16 08:57:13.276: I/Finsky(13086): [2] owk.d(2): Frosting ID looked up on UI thread. Caller should move to a background thread.
11-16 08:57:13.277: D/BoundBrokerSvc(13468): onBind: Intent { act=com.google.android.gms.common.BIND_SHARED_PREFS pkg=com.google.android.gms }
11-16 08:57:13.277: D/BoundBrokerSvc(13468): Loading bound service for intent: Intent { act=com.google.android.gms.common.BIND_SHARED_PREFS pkg=com.google.android.gms }
11-16 08:57:13.277: W/GCM(10917): Unexpected forwarded intent: Intent { act=android.intent.action.PACKAGE_ADDED dat=package:com.google.android.gmscore.testing.testsupport flg=0x4000010 pkg=com.google.android.gms cmp=com.google.android.gms/.chimera.PersistentIntentOperationService (has extras) }
11-16 08:57:13.277: I/BlockstoreStorage(13468): No metadata found. Skipping deletion. [CONTEXT service_id=258 ]
11-16 08:57:13.281: D/BoundBrokerSvc(13468): onUnbind: Intent { act=com.google.android.gms.common.BIND_SHARED_PREFS pkg=com.google.android.gms }
11-16 08:57:13.282: I/Finsky(13086): [272] ovx.run(16): Wrote row to frosting DB: 210
11-16 08:57:13.287: E/PhoneInterfaceManager(3803): [PhoneIntfMgr] getCarrierPackageNamesForIntent: No UICC
11-16 08:57:13.287: D/CarrierSvcBindHelper(3803): No carrier app for: 0
11-16 08:57:13.292: E/VvmPkgInstalledRcvr(3803): cannot create TelephonyManager from ComponentInfo{com.android.phone/com.android.services.telephony.TelephonyConnectionService}, ***, UserHandle{0}
11-16 08:57:13.292: D/CarrierConfigLoader(3803): mHandler: 9 phoneId: 0
11-16 08:57:13.315: I/ActivityManager(1220): Start proc 17952:com.google.android.gmscore.testing.testsupport/u0a170 for service com.google.android.gmscore.testing.testsupport/.CommandService
11-16 08:57:13.318: W/ChimeraUtils(10917): Module com.google.android.gms.nearby_en has empty metadata display_name_string_id
11-16 08:57:13.324: E/ing.testsuppor(17952): Not starting debugger since process cannot load the jdwp agent.
11-16 08:57:13.328: W/ChimeraUtils(10917): Module com.google.android.gms.nearby_en has empty metadata display_name_string_id
11-16 08:57:13.328: W/ChimeraUtils(10917): Module com.google.android.gms.nearby_en has empty metadata display_name_string_id
11-16 08:57:13.329: I/Icing(13468): Indexing com.google.android.gms-apps from com.google.android.gms
11-16 08:57:13.333: I/Icing(13468): Indexing done com.google.android.gms-apps
11-16 08:57:13.346: I/ing.testsuppor(17952): The ClassLoaderContext is a special shared library.
11-16 08:57:13.353: I/TSDRIVER(17952): CommandService onHandleIntent()
11-16 08:57:13.353: I/TSDRIVER(17952): Got command: PACKAGE
11-16 08:57:13.379: I/TSDRIVER(17952): flag package: Eglnc2VydmljZXMaLAooZmluc2t5LnBsYXlfc2VydmljZXNfYXV0b191cGRhdGVfZW5hYmxlZBgAGjUKMWZpbnNreS5zZXR1cF93aXphcmRfYWRkaXRpb25hbF9hY2NvdW50X3ZwYV9lbmFibGUYABoxCi1maW5za3kuZGFpbHlfaHlnaWVuZV9zY2hlZHVsZV91bmF1dGhlbnRpY2F0ZWQYABpyCipmaW5za3kuYmFja2dyb3VuZF9zcGxpdF9pbnN0YWxsc19ibGFja2xpc3QSRGNvbS5hbmRyb2lkLmNocm9tZSxjb20uZ29vZ2xlLmFuZHJvaWQuZ21zLGNvbS5nb29nbGUuYW5kcm9pZC53ZWJ2aWV3KPgB
11-16 08:57:13.382: E/GooglePlayServicesUtil(17952): The Google Play services resources were not found. Check your project configuration to ensure that the resources are included.
11-16 08:57:13.383: I/TSDRIVER(17952): flag package: gservices
11-16 08:57:13.387: D/BoundBrokerSvc(13468): onBind: Intent { act=com.google.android.gms.testsupport.service.START pkg=com.google.android.gms }
11-16 08:57:13.387: D/BoundBrokerSvc(13468): Loading bound service for intent: Intent { act=com.google.android.gms.testsupport.service.START pkg=com.google.android.gms }
11-16 08:57:13.424: I/m.akt(13468): Primes not initialized, returning default (no-op) Primes instance which will ignore all calls. Please call Primes.initialize(...) before using any Primes API.
11-16 08:57:13.439: W/DynamiteModule(13468): Local module descriptor class for com.google.android.gms.googlecertificates not found.
11-16 08:57:13.442: W/gle.android.gm(13468): Unsupported class loader
11-16 08:57:13.443: W/gle.android.gm(13468): Skipping duplicate class check due to unsupported classloader
11-16 08:57:13.444: I/DynamiteModule(13468): Considering local module com.google.android.gms.googlecertificates:0 and remote module com.google.android.gms.googlecertificates:6
11-16 08:57:13.444: I/DynamiteModule(13468): Selected remote version of com.google.android.gms.googlecertificates, version >= 6
11-16 08:57:13.452: W/gle.android.gm(13468): Unsupported class loader
11-16 08:57:13.453: W/gle.android.gm(13468): Skipping duplicate class check due to unsupported classloader
11-16 08:57:13.481: I/TestSupport(13468): Activated: 1636963200000@1637081832577 [CONTEXT service_id=133 ]
11-16 08:57:13.481: I/TestSupport(13468): Boot time: 1637080589455 [CONTEXT service_id=133 ]
11-16 08:57:13.482: I/TestSupport(13468): Passing package and signature checks: com.google.android.gmscore.testing.testsupport [CONTEXT service_id=133 ]
11-16 08:57:13.493: I/TestSupport(13468): SetOverrideOperation: finsky.play_services_auto_update_enabled = false [CONTEXT service_id=133 ]
11-16 08:57:13.544: I/GservicesProvider(4407): override update completed
11-16 08:57:13.558: I/ActivityManager(1220): Start proc 17977:com.android.connectivity.metrics/u0a57 for broadcast com.android.connectivity.metrics/.SnapshotSchedulingReceiver
11-16 08:57:13.562: I/Bugle(7299): ApnsOta: OTA version -1
11-16 08:57:13.563: E/ctivity.metric(17977): Not starting debugger since process cannot load the jdwp agent.
11-16 08:57:13.566: I/TestSupport(13468): GServices override confirmed: finsky.play_services_auto_update_enabled=false [CONTEXT service_id=133 ]
11-16 08:57:13.582: I/TestSupport(13468): SetOverrideOperation: finsky.setup_wizard_additional_account_vpa_enable = false [CONTEXT service_id=133 ]
11-16 08:57:13.589: I/ctivity.metric(17977): The ClassLoaderContext is a special shared library.
11-16 08:57:13.608: I/GservicesProvider(4407): override update completed
11-16 08:57:13.620: D/ConnMetrics:App(17977): onCreate()
11-16 08:57:13.621: I/Bugle(7299): ApnsOta: OTA version -1
11-16 08:57:13.625: I/TestSupport(13468): GServices override confirmed: finsky.setup_wizard_additional_account_vpa_enable=false [CONTEXT service_id=133 ]
11-16 08:57:13.628: D/fpc_hidl(17993): fpc fingerprint hwbinder service starting
11-16 08:57:13.628: D/QSEECOMAPI(17993): QSEECom_get_handle sb_length = 0x80
11-16 08:57:13.629: D/QSEECOMAPI(17993): App is not loaded in QSEE
11-16 08:57:13.629: D/QSEECOMAPI(17993): app_arch = 2, total_files = 9
11-16 08:57:13.634: I/ActivityManager(1220): Start proc 17999:com.google.android.apps.multidevice.client/u0a72 for broadcast com.google.android.apps.multidevice.client/.ui.pixel.SettingsActivityAvailabilityReceiver
11-16 08:57:13.638: E/tidevice.clien(17999): Not starting debugger since process cannot load the jdwp agent.
11-16 08:57:13.642: I/TestSupport(13468): SetOverrideOperation: finsky.daily_hygiene_schedule_unauthenticated = false [CONTEXT service_id=133 ]
11-16 08:57:13.648: E/GooglePlayServicesUtil(17977): The Google Play services resources were not found. Check your project configuration to ensure that the resources are included.
11-16 08:57:13.658: I/tidevice.clien(17999): The ClassLoaderContext is a special shared library.
11-16 08:57:13.668: D/ConnMetrics:App(17977): IsOptedIn = false
11-16 08:57:13.673: I/GservicesProvider(4407): override update completed
11-16 08:57:13.684: D/QSEECOMAPI(17993): Loaded image: APP id = 251
11-16 08:57:13.685: I/Bugle(7299): ApnsOta: OTA version -1
11-16 08:57:13.688: E/fpc_tac(17993): fpcbuildinfo : 575ddab5b91efea67ee1d200fc813ff2fpc_bio=bd35c3fec78219829149bea6c9ec961e6f655b90C:prodtestlib=4304cf5c884c198624b749af3482befacbd3028eC:fpc_c_core=dc194509594e837dedfb5452aaf06fcb61977135C:fpc_lib=cd5b7b876c3d69afa68a11ac6fd86f873e70817bC:cac=297e11552c60a3607ed664cf44c3e4b36ab2e737C:fpc_bio_interface=94a457caecae31eca8ef04b64c3f82a018e9bbc0C:fpc_sensor=ba909a5500944acafe47a0ef3a49f89509aadfb6C:tools_core=94ddf1e684cfa6c99f0f237f7cc35f3962e0e597C:sensor_settings=4fcf864fb493ae0272a9b2806446b379d99fd8ceC:fingerprint_ta=066bc0ab880960a4a69b74a328c7d7871c72225bC:fingerprint_pal=0deb9a478a3572872639f9cb2559ccc464ee3f9bC:manifests=dcb3d8ab0bdb7a5b341839d8c75bb88fc7f5e1a4C:Manifesttag=SW23.3.0-PDR1.0.5:jenkins@84ffd74dac44:Thu,17May201810:17:08+0200:FPC_SENSOR_TYPE=FPC_SENSOR_TYPE_FPC1270:FPC_CC_TYPE=FPC_COMPANION_CHIP_FPC2050:FPC_C_TYPE=FPC_COATING_NORMAL
11-16 08:57:13.688: E/fpc_tac(17993): fpcbuildtype : build=RELEASE sensor=9
11-16 08:57:13.689: I/TestSupport(13468): GServices override confirmed: finsky.daily_hygiene_schedule_unauthenticated=false [CONTEXT service_id=133 ]
11-16 08:57:13.689: W/EventHub(1220): Unable to disable kernel key repeat for /dev/input/event3: Function not implemented
11-16 08:57:13.690: I/EventHub(1220): wakeMechanism=EPOLLWAKEUP, usingClockIoctl=true
11-16 08:57:13.690: I/EventHub(1220): New device: id=251, fd=305, path='/dev/input/event3', name='uinput-fpc', classes=0x101, configuration='/system/usr/idc/uinput-fpc.idc', keyLayout='/system/usr/keylayout/uinput-fpc.kl', keyCharacterMap='/system/usr/keychars/Generic.kcm', builtinKeyboard=true, 
11-16 08:57:13.690: W/InputReader(1220): Ignoring spurious device added event for deviceId 0.
11-16 08:57:13.702: I/TestSupport(13468): SetOverrideOperation: finsky.background_split_installs_blacklist = com.android.chrome,com.google.android.gms,com.google.android.webview [CONTEXT service_id=133 ]
11-16 08:57:13.709: I/SettingsActivityAvailab(17999): Disabling com.google.android.apps.multidevice.client.ui.pixel.SettingsActivity.
11-16 08:57:13.711: D/GservicesChangeReceiver(6016): Gservices Changed broadcast Received. context is android.app.ReceiverRestrictedContext@e8dc6cf
11-16 08:57:13.714: D/GservicesChangeReceiver(6016): Gservices allowPowerAnomalyData is False.
11-16 08:57:13.715: D/ConnectivityMonitorManager(6016): Service com.google.android.connectivitymonitor.PowerAnomalyDetectorService is not running...
11-16 08:57:13.720: D/GservicesChangeReceiver(6016): Gservices allowLowPowerMonitoring is False.
11-16 08:57:13.721: D/ConnectivityMonitorManager(6016): Service com.google.android.connectivitymonitor.LowPowerMonitorService is not running...
11-16 08:57:13.742: D/GservicesChangeReceiver(6016): Gservices isConnectivityMonitorEnabled is True.
11-16 08:57:13.744: D/ConnectivityMonitorManager(6016): Service com.google.android.connectivitymonitor.ConnectivityMonitorService is running...
11-16 08:57:13.749: I/GservicesProvider(4407): override update completed
11-16 08:57:13.757: I/ActivityManager(1220): Start proc 18020:com.google.android.euicc/u0a67 for broadcast com.google.android.euicc/com.android.euicc.receiver.GservicesChangedReceiver
11-16 08:57:13.760: E/e.android.euic(18020): Not starting debugger since process cannot load the jdwp agent.
11-16 08:57:13.761: I/Bugle(7299): ApnsOta: OTA version -1
11-16 08:57:13.768: I/TestSupport(13468): GServices override confirmed: finsky.background_split_installs_blacklist=com.android.chrome,com.google.android.gms,com.google.android.webview [CONTEXT service_id=133 ]
11-16 08:57:13.768: I/TSDRIVER(17952): Handled command: PACKAGE
11-16 08:57:13.772: I/ActivityManager(1220): Killing 13228:com.android.vending:instant_app_installer/u0a14 (adj 906): empty #17
11-16 08:57:13.772: W/libprocessgroup(1220): kill(-13228, 9) failed: No such process
11-16 08:57:13.788: I/Zygote(732): Process 13228 exited due to signal (9)
11-16 08:57:13.788: D/BoundBrokerSvc(10917): onUnbind: Intent { act=com.google.android.gms.instantapps.START pkg=com.google.android.gms }
11-16 08:57:13.815: W/libprocessgroup(1220): kill(-13228, 9) failed: No such process
11-16 08:57:13.815: I/libprocessgroup(1220): Successfully killed process cgroup uid 10014 pid 13228 in 42ms
11-16 08:57:13.826: I/TSDRIVER(17952): CommandService onHandleIntent()
11-16 08:57:13.826: I/TSDRIVER(17952): Got command: PACKAGE
11-16 08:57:13.826: I/TSDRIVER(17952): flag package: Eitjb20uZ29vZ2xlLmFuZHJvaWQuZ21zLmF1dGguYXBpLmNyZWRlbnRpYWxzGh4KGlNhdmVTdHJhdGVneV9fZW5hYmxlU2F2aW5nGAAoPg
11-16 08:57:13.826: I/TSDRIVER(17952): flag package: com.google.android.gms.auth.api.credentials
11-16 08:57:13.834: I/TestSupport(13468): SetOverrideOperation: gms:phenotype:phenotype_flag:debug_bypass_phenotype = false [CONTEXT service_id=133 ]
11-16 08:57:13.857: I/GservicesProvider(4407): override update completed
11-16 08:57:13.868: I/Bugle(7299): ApnsOta: OTA version -1
11-16 08:57:13.869: I/TestSupport(13468): GServices override confirmed: gms:phenotype:phenotype_flag:debug_bypass_phenotype=false [CONTEXT service_id=133 ]
11-16 08:57:13.878: I/TestSupport(13468): SetFlagOverridesOperation: com.google.android.gms.auth.api.credentials, '', [Flag(SaveStrategy__enableSaving, false, 2, 0)] [CONTEXT service_id=133 ]
11-16 08:57:13.910: I/akhr(10917): Scheduling Phenotype for a PhenotypeSyncImmediately(6, com.google.android.gms.testsupport) one off with window [1, 2] in seconds [CONTEXT service_id=51 ]
11-16 08:57:13.919: I/TestSupport(13468): AwaitCommitOperation: SaveStrategy__enableSaving [CONTEXT service_id=133 ]
11-16 08:57:13.922: I/TestSupport(13468): AwaitCommitOperation: uncommitted: FlagOverride(com.google.android.gms.auth.api.credentials, , Flag(SaveStrategy__enableSaving, false, 2, 0), false) [CONTEXT service_id=133 ]
11-16 08:57:13.923: I/TestSupport(13468): AwaitCommitOperation:  sleeping for 10 msec. [CONTEXT service_id=133 ]
11-16 08:57:13.931: I/EuiccGoogle(18020): [2] GservicesChangedReceiver.onReceive: Setting EUICC_SUPPORTED_COUNTRIES to de,gb,in,us
11-16 08:57:13.941: I/Backup(13468): [GmsBackupStatusChangeReceiver] Going to enable gms backup transport.
11-16 08:57:13.957: I/GmsModuleFndr(13468): Beginning GMS chimera module scan
11-16 08:57:13.962: I/NetRec(10917): [985] aiad.a: onConfigChanged()
11-16 08:57:13.963: I/BgTaskExecutorImpl(10128): Starting NONEXCLUSIVE background task UPDATE_GSERVICES_CONFIG.
11-16 08:57:13.966: I/Herrevad(10917): [983] zcq.a: updateListenState
11-16 08:57:13.967: I/Backup(13468): [BackupTransportMigratorChimeraService] Starting migration...
11-16 08:57:13.970: I/NetRec(10917): [985] aiad.a: Cancelling all NetRec GCM tasks
11-16 08:57:13.970: I/NetRec(10917): [984] ClearDatabaseService.onHandleIntent: Clearing score cache
11-16 08:57:13.972: W/SearchServiceCore(10128): Abort, client detached.
11-16 08:57:13.974: I/GservicesUpdateTask(10128): Updating Gservices keys
11-16 08:57:13.976: I/TestSupport(13468): AwaitCommitOperation: uncommitted: FlagOverride(com.google.android.gms.auth.api.credentials, , Flag(SaveStrategy__enableSaving, false, 2, 0), false) [CONTEXT service_id=133 ]
11-16 08:57:13.976: I/TestSupport(13468): AwaitCommitOperation:  sleeping for 20 msec. [CONTEXT service_id=133 ]
11-16 08:57:13.981: I/ModuleSetMgr(13468): Computing pending module set with APKs: [[AdsFdrDynamite.integ:213806100100000], [Enpromo.integ:214106000100000], [Pay.optional:213614100000], [VisionOcr.optional:213614100400], [AdsFdrDynamite.integ:212104400100000], [Cronetdynamite:213614100400], [Dynamiteloader:213614100000], [Dynamitemodulesa:213614100000], [Dynamitemodulesc:213614100000], [Googlecertificates:213614100000], [Mapsdynamite:213614100000], [Measurementdynamite:213614100000]]
11-16 08:57:13.989: I/Auth(10917): [AuthManaged, PasswordComplexityHelperImpl] Updating password complexity components state.
11-16 08:57:13.990: I/Auth(10917): [AuthManaged, PasswordComplexityHelperImpl] Enabling com.google.android.gms.auth.managed.ui.SetNewPasswordActivity
11-16 08:57:13.990: I/ActivityManager(1220): Start proc 18053:com.google.android.ims/u0a25 for broadcast com.google.android.ims/.receivers.RcsAutoStartReceiver
11-16 08:57:13.995: E/gle.android.im(18053): Not starting debugger since process cannot load the jdwp agent.
11-16 08:57:13.996: I/ModuleSetMgr(13468): Pending container module APKs: [[Pay.optional:213614100000], [VisionOcr.optional:213614100400]]
11-16 08:57:13.996: I/ModuleSetMgr(13468): Pending non-container module APKs: [[Enpromo.integ:214106000100000], [AdsFdrDynamite.integ:213806100100000]]
11-16 08:57:14.009: W/PackageParser(13468): Unknown element under <manifest>: queries at /data/user_de/0/com.google.android.gms/app_chimera/m/00000007/AdsDynamite.apk Binary XML file line #5
11-16 08:57:14.017: I/GCoreUlr(10917): DispatchingService ignoring Intent { act=android.net.wifi.WIFI_STATE_CHANGED flg=0x4000010 (has extras) } because ULR inactive [CONTEXT service_id=22 ]
11-16 08:57:14.020: I/gle.android.im(18053): The ClassLoaderContext is a special shared library.
11-16 08:57:14.020: I/GCoreUlr(10917): WorldUpdater received intent Intent { act=com.google.android.location.reporting.ACTION_UPDATE_WORLD cmp=com.google.android.gms/com.google.android.location.reporting.service.DispatchingService (has extras) } with receiverAction com.google.gservices.intent.action.GSERVICES_CHANGED [CONTEXT service_id=22 ]
11-16 08:57:14.024: W/PackageParser(13468): Unknown element under <manifest>: queries at /data/user_de/0/com.google.android.gms/app_chimera/m/00000011/dl-AdsFdrDynamite.integ_213806100100000.apk Binary XML file line #11
11-16 08:57:14.032: I/GCoreUlr(10917): WorldUpdater:com.google.gservices.intent.action.GSERVICES_CHANGED: Ensuring that reporting is stopped because of reasons: (no Google accounts) [CONTEXT service_id=22 ]
11-16 08:57:14.038: I/RecoverableKeyStoreGms(13468): [RecoverableKeyStoreGmsInitOperation] Initializing auth_folsom
11-16 08:57:14.039: D/BoundBrokerSvc(10917): onBind: Intent { act=com.google.android.gms.scheduler.ACTION_PROXY_SCHEDULE cmp=com.google.android.gms/.chimera.PersistentInternalBoundBrokerService }
11-16 08:57:14.039: D/BoundBrokerSvc(10917): Loading bound service for intent: Intent { act=com.google.android.gms.scheduler.ACTION_PROXY_SCHEDULE cmp=com.google.android.gms/.chimera.PersistentInternalBoundBrokerService }
11-16 08:57:14.040: I/TestSupport(13468): AwaitCommitOperation: uncommitted: FlagOverride(com.google.android.gms.auth.api.credentials, , Flag(SaveStrategy__enableSaving, false, 2, 0), false) [CONTEXT service_id=133 ]
11-16 08:57:14.041: I/TestSupport(13468): AwaitCommitOperation:  sleeping for 40 msec. [CONTEXT service_id=133 ]
11-16 08:57:14.042: I/RecoverableKeyStoreGms(13468): [RecoverableKeyStoreGmsInitOperation] com.google.android.gms.auth.folsom.service.FolsomPublicKeyUpdateService is already enabled. Ignore.
11-16 08:57:14.042: I/ChromeSync(13468): [Sync,SyncIntentOperation] Handling the intent: Intent { act=com.google.gservices.intent.action.GSERVICES_CHANGED flg=0x1000010 pkg=com.google.android.gms cmp=com.google.android.gms/.chimera.GmsIntentOperationService$PersistentInternalReceiver }.
11-16 08:57:14.042: I/RecoverableKeyStoreGms(13468): [RecoverableKeyStoreGmsInitOperation] com.google.android.gms.auth.folsom.service.GcmReceiverService is already enabled. Ignore.
11-16 08:57:14.044: I/GCoreUlr(10917): Unbound from all signal providers. [CONTEXT service_id=22 ]
11-16 08:57:14.046: I/CarrierServices(18053): [2] ait.a: Initializing Carrier Services Library.
11-16 08:57:14.046: V/RecoverableKeyStoreMgr(1220): Not updating secret types - same as old value.
11-16 08:57:14.047: I/RecoverableKeyStoreGms(13468): [RecoverableKeyStoreGmsInitOperation] Setting vault handle
11-16 08:57:14.048: V/RecoverableKeyStoreMgr(1220): Not updating server params - same as old value.
11-16 08:57:14.053: I/RecoverableKeyStoreGms(13468): [EnrollmentManager] Returning certificates list from cache
11-16 08:57:14.055: I/GCoreUlr(10917): Unbound from all signal providers. [CONTEXT service_id=22 ]
11-16 08:57:14.055: I/GCoreUlr(10917): Stopping handler for UlrDispSvcFast [CONTEXT service_id=22 ]
11-16 08:57:14.070: I/MobileDataHub(13468): Scheduling periodic tasks
11-16 08:57:14.075: I/MS_Utils(13468): version of com.google.android.apps.maps = 1022101040
11-16 08:57:14.076: I/MdiSyncModule(13468): flag handling is skipping irrelevant intent.
11-16 08:57:14.078: I/CarrierServices(18053): [2] ait.c: Initializing Carrier Services Logging.
11-16 08:57:14.079: W/MobileDataHub(13468): [Service] appsupload-periodic periodic task disabled
11-16 08:57:14.084: I/bzp(18053): LogSaver new instance with filename: carrier_services
11-16 08:57:14.089: I/GmsModuleFndr(13468): Beginning GMS chimera module scan
11-16 08:57:14.096: I/CarrierServices(18053): [2] ait.c: Initializing Carrier Services Logging.
11-16 08:57:14.100: D/CarrierServices(18053): log_saver already enabled
11-16 08:57:14.100: I/CarrierServices(18053): [2] bxu.d: Checking if using CarrierServices.apk is possible. Enabled: true, isAtLeastM: true, runningInsideBugle: false
11-16 08:57:14.100: I/CarrierServices(18053): [2] bch.a: Using AndroidNetworkFactory
11-16 08:57:14.102: I/RecoverableKeyStoreMgr(1220): The cert file serial number is the same, so skip updating.
11-16 08:57:14.102: I/RecoverableKeyStoreGms(13468): [EnrollmentManager] Recovery service is initialized.
11-16 08:57:14.102: I/CarrierServices(18053): [2] bxu.d: Checking if using CarrierServices.apk is possible. Enabled: true, isAtLeastM: true, runningInsideBugle: false
11-16 08:57:14.102: I/Bugle(18053): GServicesValues:
11-16 08:57:14.102: I/Bugle(18053): bugle_enable_primes_crash_metrics: true
11-16 08:57:14.102: I/Bugle(18053): bugle_max_telemetry_upload_retries: 10
11-16 08:57:14.102: I/Bugle(18053): bugle_sticker_set_list_version: 3
11-16 08:57:14.106: D/ConnectivityService(1220): requestNetwork for uid/pid:10025/18053 NetworkRequest [ TRACK_DEFAULT id=53, [ Capabilities: INTERNET&NOT_RESTRICTED&TRUSTED Unwanted:  Uid: 10025] ]
11-16 08:57:14.106: D/Ethernet(1220): got request NetworkRequest [ TRACK_DEFAULT id=53, [ Capabilities: INTERNET&NOT_RESTRICTED&TRUSTED Unwanted:  Uid: 10025] ] with score 60
11-16 08:57:14.106: D/WIFI(1220): got request NetworkRequest [ TRACK_DEFAULT id=53, [ Capabilities: INTERNET&NOT_RESTRICTED&TRUSTED Unwanted:  Uid: 10025] ] with score 60
11-16 08:57:14.106: D/WIFI_AWARE_FACTORY(1220): got request NetworkRequest [ TRACK_DEFAULT id=53, [ Capabilities: INTERNET&NOT_RESTRICTED&TRUSTED Unwanted:  Uid: 10025] ] with score 60
11-16 08:57:14.106: D/WIFI_UT(1220): got request NetworkRequest [ TRACK_DEFAULT id=53, [ Capabilities: INTERNET&NOT_RESTRICTED&TRUSTED Unwanted:  Uid: 10025] ] with score 60
11-16 08:57:14.107: D/PhoneSwitcherNetworkRequstListener(3803): got request NetworkRequest [ TRACK_DEFAULT id=53, [ Capabilities: INTERNET&NOT_RESTRICTED&TRUSTED Unwanted:  Uid: 10025] ] with score 60
11-16 08:57:14.107: I/RecoverySnapshotLstnrs(1220): Registered listener for agent with uid 10007
11-16 08:57:14.108: E/RecoverySnapshotStorage(1220): Error reading snapshot for 10007 from disk
11-16 08:57:14.108: E/RecoverySnapshotStorage(1220): java.io.FileNotFoundException: /data/system/recoverablekeystore/snapshots/10007.xml (No such file or directory)
11-16 08:57:14.108: E/RecoverySnapshotStorage(1220): 	at java.io.FileInputStream.open0(Native Method)
11-16 08:57:14.108: E/RecoverySnapshotStorage(1220): 	at java.io.FileInputStream.open(FileInputStream.java:231)
11-16 08:57:14.108: E/RecoverySnapshotStorage(1220): 	at java.io.FileInputStream.<init>(FileInputStream.java:165)
11-16 08:57:14.108: E/RecoverySnapshotStorage(1220): 	at com.android.server.locksettings.recoverablekeystore.storage.RecoverySnapshotStorage.readFromDisk(RecoverySnapshotStorage.java:152)
11-16 08:57:14.108: E/RecoverySnapshotStorage(1220): 	at com.android.server.locksettings.recoverablekeystore.storage.RecoverySnapshotStorage.get(RecoverySnapshotStorage.java:104)
11-16 08:57:14.108: E/RecoverySnapshotStorage(1220): 	at com.android.server.locksettings.recoverablekeystore.RecoverableKeyStoreManager.getKeyChainSnapshot(RecoverableKeyStoreManager.java:331)
11-16 08:57:14.108: E/RecoverySnapshotStorage(1220): 	at com.android.server.locksettings.LockSettingsService.getKeyChainSnapshot(LockSettingsService.java:2032)
11-16 08:57:14.108: E/RecoverySnapshotStorage(1220): 	at com.android.internal.widget.ILockSettings$Stub.onTransact(ILockSettings.java:356)
11-16 08:57:14.108: E/RecoverySnapshotStorage(1220): 	at android.os.Binder.execTransact(Binder.java:731)
11-16 08:57:14.109: I/CarrierServices(18053): [846] bai.b: Connected state: [1], networkType: [WIFI]
11-16 08:57:14.109: I/RecoverableKeyStoreGms(13468): [WrappingKeyManager] Can't generate wrapping key - missing lock screeen
11-16 08:57:14.109: I/CarrierServices(18053): [2] bxu.e: Carrier Services GServices flags:
11-16 08:57:14.109: I/CarrierServices(18053):    carrier_services_security_flags_ec_api_white_listed_packages: com.google.android.apps.messaging,com.google.android.dialer,com.google.android.ims.client.sampleapp,com.android.contacts,com.lge.rcscall,com.android.incallui,com.huawei.incallui.appfeature.rcsfeature
11-16 08:57:14.109: I/CarrierServices(18053):    carrier_services_security_flags_ec_api_white_listed_signatures: B28C3EDB665DF32686224DF800F603E9959BBE4E,0980A12BE993528C19107BC21AD811478C63CEFC,B38FA7B5ECFAEC44620A020752B07E063B3120A8,203997BC46B8792DC9747ABD230569071F9A0439,EDA6413C3E3A95492114FE07CD953AD897E40D1A,760EBB9F4200B3DFB1B817B40FF0563A3C150D39,5B368CFF2DA2686996BC95EAC190EAA4F5630FE5,01D845B26B688D8EF647205A5944E9407E52E06E,27196E386B875E76ADF700E7EA84E4C6EEE33DFA,1CDD04F1E4A732BB0352FDFAEE26D2315526DF85,025D5212BF3B5F5CDA6117A518721D70A94D84E0
11-16 08:57:14.109: I/CarrierServices(18053):    carrier_services_security_flags_test_service_white_listed_packages: com.google.android.ims.mobly.snippets
11-16 08:57:14.109: I/CarrierServices(18053):    carrier_services_security_flags_test_service_white_listed_signatures: AE41481F52E0F58DF2806D5A38EB3DBCA5AE02B0,E165542B31953CC282AA4EF2F4D5F07F7663A2A2
11-16 08:57:14.109: I/CarrierServices(18053):    carrier_services_security_flags_white_listed_packages: com.google.android.apps.messaging,com.google.android.dialer,com.google.android.ims.client.sampleapp,com.android.contacts,com.lge.rcscall,com.android.incallui,com.huawei.incallui.appfeature.rcsfeature
11-16 08:57:14.109: I/CarrierServices(18053):    carrier_services_security_flags_white_listed_signatures: B28C3EDB665DF32686224DF800F603E9959BBE4E,0980A12BE993528C19107BC21AD811478C63CEFC,B38FA7B5ECFAEC44620A020752B07E063B3120A8,203997BC46B8792DC9747ABD230569071F9A0439,EDA6413C3E3A95492114FE07CD953AD897E40D1A,760EBB9F4200B3DFB1B817B40FF0563A3C150D39,5B368CFF2DA2686996BC95EAC190EAA4F5630FE5,01D845B26B688D8EF647205A5944E9407E52E06E,27196E386B875E76ADF700E7EA84E4C6EEE33DFA,1CDD04F1E4A732BB0352FDFAEE26D2315526DF85,025D5212BF3B5F5CDA6117A518721D70A94D84E0
11-16 08:57:14.109: I/CarrierServices(18053):    carrier_services_video_share_disabled_user_agent_substrings: SM-G930,SM-G935,SM-A320
11-16 08:57:14.109: I/CarrierServices(18053): ====================
11-16 08:57:14.114: I/SystemUpdate(13468): [Installation,ReceiverIntentOperation] Received intent: Intent { act=com.google.gservices.intent.action.GSERVICES_CHANGED flg=0x1000010 pkg=com.google.android.gms cmp=com.google.android.gms/.chimera.GmsIntentOperationService$PersistentInternalReceiver }.
11-16 08:57:14.120: I/TestSupport(13468): AwaitCommitOperation: uncommitted: FlagOverride(com.google.android.gms.auth.api.credentials, , Flag(SaveStrategy__enableSaving, false, 2, 0), false) [CONTEXT service_id=133 ]
11-16 08:57:14.120: I/TestSupport(13468): AwaitCommitOperation:  sleeping for 80 msec. [CONTEXT service_id=133 ]
