11-16 08:57:23.637: D/QSEECOMAPI(19049): App is not loaded in QSEE
11-16 08:57:23.637: D/QSEECOMAPI(19049): app_arch = 2, total_files = 9
11-16 08:57:23.694: D/QSEECOMAPI(19049): Loaded image: APP id = 253
11-16 08:57:23.698: W/EventHub(1220): Unable to disable kernel key repeat for /dev/input/event3: Function not implemented
11-16 08:57:23.698: I/EventHub(1220): wakeMechanism=EPOLLWAKEUP, usingClockIoctl=true
11-16 08:57:23.698: I/EventHub(1220): New device: id=253, fd=344, path='/dev/input/event3', name='uinput-fpc', classes=0x101, configuration='/system/usr/idc/uinput-fpc.idc', keyLayout='/system/usr/keylayout/uinput-fpc.kl', keyCharacterMap='/system/usr/keychars/Generic.kcm', builtinKeyboard=true, 
11-16 08:57:23.698: W/InputReader(1220): Ignoring spurious device added event for deviceId 0.
11-16 08:57:23.698: E/fpc_tac(19049): fpcbuildinfo : 575ddab5b91efea67ee1d200fc813ff2fpc_bio=bd35c3fec78219829149bea6c9ec961e6f655b90C:prodtestlib=4304cf5c884c198624b749af3482befacbd3028eC:fpc_c_core=dc194509594e837dedfb5452aaf06fcb61977135C:fpc_lib=cd5b7b876c3d69afa68a11ac6fd86f873e70817bC:cac=297e11552c60a3607ed664cf44c3e4b36ab2e737C:fpc_bio_interface=94a457caecae31eca8ef04b64c3f82a018e9bbc0C:fpc_sensor=ba909a5500944acafe47a0ef3a49f89509aadfb6C:tools_core=94ddf1e684cfa6c99f0f237f7cc35f3962e0e597C:sensor_settings=4fcf864fb493ae0272a9b2806446b379d99fd8ceC:fingerprint_ta=066bc0ab880960a4a69b74a328c7d7871c72225bC:fingerprint_pal=0deb9a478a3572872639f9cb2559ccc464ee3f9bC:manifests=dcb3d8ab0bdb7a5b341839d8c75bb88fc7f5e1a4C:Manifesttag=SW23.3.0-PDR1.0.5:jenkins@84ffd74dac44:Thu,17May201810:17:08+0200:FPC_SENSOR_TYPE=FPC_SENSOR_TYPE_FPC1270:FPC_CC_TYPE=FPC_COMPANION_CHIP_FPC2050:FPC_C_TYPE=FPC_COATING_NORMAL
11-16 08:57:23.699: E/fpc_tac(19049): fpcbuildtype : build=RELEASE sensor=9
11-16 08:57:23.711: I/ActivityManager(1220): Killing 18105:com.google.android.partnersetup/u0a49 (adj 906): empty #17
11-16 08:57:23.711: W/libprocessgroup(1220): kill(-18105, 9) failed: No such process
11-16 08:57:23.717: W/libprocessgroup(1220): kill(-18105, 9) failed: No such process
11-16 08:57:23.720: E/s:nonpersisten(19052): Not starting debugger since process cannot load the jdwp agent.
11-16 08:57:23.722: I/ActivityManager(1220): Start proc 19052:com.google.android.as:nonpersistent/u0a43 for broadcast com.google.android.as/com.google.android.apps.miphone.aiai.allapps.broadcastreceiver.SystemBroadcastReceiver
11-16 08:57:23.724: W/libprocessgroup(1220): kill(-18105, 9) failed: No such process
11-16 08:57:23.725: I/Zygote(731): Process 18105 exited due to signal (9)
11-16 08:57:23.736: W/libprocessgroup(1220): kill(-18105, 9) failed: No such process
11-16 08:57:23.736: I/libprocessgroup(1220): Successfully killed process cgroup uid 10049 pid 18105 in 24ms
11-16 08:57:23.767: I/cr_CronetLibraryLoader(19052): Cronet version: 68.0.3430.2, arch: armv8l
11-16 08:57:23.782: I/AiAi(19052): AiAi onCreate, isDebug: false
11-16 08:57:23.786: I/AiAiMatchmaker(19052): Install SilentFeedback Handler: true
11-16 08:57:23.792: I/ActivityManager(1220): Killing 18134:com.google.intelligence.sense/u0a31 (adj 906): empty #17
11-16 08:57:23.792: W/libprocessgroup(1220): kill(-18134, 9) failed: No such process
11-16 08:57:23.803: I/ActivityManager(1220): Start proc 19083:com.google.android.calendar/u0a124 for broadcast com.google.android.calendar/com.android.calendar.widget.CalendarAppWidgetProvider
11-16 08:57:23.801: W/libprocessgroup(1220): kill(-18134, 9) failed: No such process
11-16 08:57:23.804: E/ndroid.calenda(19083): Not starting debugger since process cannot load the jdwp agent.
11-16 08:57:23.808: W/libprocessgroup(1220): kill(-18134, 9) failed: No such process
11-16 08:57:23.817: I/Zygote(731): Process 18134 exited due to signal (9)
11-16 08:57:23.820: I/ndroid.calenda(19083): The ClassLoaderContext is a special shared library.
11-16 08:57:23.841: W/libprocessgroup(1220): kill(-18134, 9) failed: No such process
11-16 08:57:23.841: I/libprocessgroup(1220): Successfully killed process cgroup uid 10031 pid 18134 in 48ms
11-16 08:57:23.868: I/ActivityManager(1220): Start proc 19097:com.google.android.configupdater/u0a29 for service com.google.android.configupdater/.MainJobService
11-16 08:57:23.869: E/d.configupdate(19097): Not starting debugger since process cannot load the jdwp agent.
11-16 08:57:23.884: I/d.configupdate(19097): The ClassLoaderContext is a special shared library.
11-16 08:57:23.902: I/ActivityManager(1220): Killing 17952:com.google.android.gmscore.testing.testsupport/u0a170 (adj 906): empty #17
11-16 08:57:23.903: W/libprocessgroup(1220): kill(-17952, 9) failed: No such process
11-16 08:57:23.926: D/BoundBrokerSvc(13468): onUnbind: Intent { act=com.google.android.gms.testsupport.service.START pkg=com.google.android.gms }
11-16 08:57:23.927: I/Zygote(731): Process 17952 exited due to signal (9)
11-16 08:57:23.930: W/libprocessgroup(1220): kill(-17952, 9) failed: No such process
11-16 08:57:23.930: I/libprocessgroup(1220): Successfully killed process cgroup uid 10170 pid 17952 in 27ms
11-16 08:57:23.973: E/Backup(13468): [BackupTransportMigratorChimeraService] Could not migrate transport!
11-16 08:57:23.974: I/Backup(13468): [BackupTransportMigratorChimeraService] Starting migration...
11-16 08:57:24.085: W/.apps.wellbein(19013): Unknown chunk type '200'.
11-16 08:57:24.454: I/ActivityManager(1220): Start proc 19141:com.android.providers.calendar/u0a44 for content provider com.android.providers.calendar/.CalendarProvider2
11-16 08:57:24.456: E/viders.calenda(19141): Not starting debugger since process cannot load the jdwp agent.
11-16 08:57:24.475: W/Primes(19083): Primes not initialized, returning default (no-op) Primes instance which will ignore all calls. Please call Primes.initialize(...) before using any Primes API.
11-16 08:57:24.501: I/CalendarProvider2(19141): Created com.android.providers.calendar.CalendarAlarmManager@fa1167e(com.android.providers.calendar.CalendarProvider2@fe527df)
11-16 08:57:24.524: D/QSEECOMAPI(19049): QSEECom_get_handle sb_length = 0x400
11-16 08:57:24.524: D/QSEECOMAPI(19049): App is already loaded QSEE and app id = 1
11-16 08:57:24.526: E/fpc_tac(19049): qsee_km_get_encapsulated_key KEYMASTER_GET_AUTH_TOKEN_KEY returned status=-24
11-16 08:57:24.526: D/QSEECOMAPI(19049): QSEECom_dealloc_memory 
11-16 08:57:24.526: D/QSEECOMAPI(19049): QSEECom_shutdown_app, app_id = 1
11-16 08:57:24.526: E/fpc_fingerprint_hal(19049): fpc_hal_open failed
11-16 08:57:24.527: I/EventHub(1220): Removing device '/dev/input/event3' due to inotify event
11-16 08:57:24.528: I/EventHub(1220): Removed device: path=/dev/input/event3 name=uinput-fpc id=253 fd=344 classes=0x101
11-16 08:57:24.528: W/EventHub(1220): built-in keyboard device /dev/input/event3 (id=253) is closing! the apps will not like this
11-16 08:57:24.528: W/InputReader(1220): Ignoring spurious device removed event for deviceId 253.
11-16 08:57:24.545: D/QSEECOMAPI(19049): QSEECom_dealloc_memory 
11-16 08:57:24.545: D/QSEECOMAPI(19049): QSEECom_shutdown_app, app_id = 253
11-16 08:57:24.636: I/a.x.s.s.a.AndroidDataba(19083): Obtained writable database SQLiteDatabase/181611905 instance with path /data/user/0/com.google.android.calendar/databases/cal_v2a
11-16 08:57:24.656: I/ActivityManager(1220): Start proc 19196:com.google.android.contacts/u0a90 for broadcast com.google.android.contacts/com.google.android.apps.contacts.receiver.LocaleChangeReceiver
11-16 08:57:24.661: W/GrowthKit(19083): Failed to get phenotypeManager in PhenotypeBroadcastReceiver
11-16 08:57:24.661: W/GrowthKit(19083): java.lang.NullPointerException: Unable to get GrowthKit Component from host app.
11-16 08:57:24.661: W/GrowthKit(19083): 	at com.google.android.libraries.internal.growth.growthkit.inject.GrowthKit.get(GrowthKit.java:43)
11-16 08:57:24.661: W/GrowthKit(19083): 	at com.google.android.libraries.internal.growth.growthkit.internal.experiments.impl.PhenotypeBroadcastReceiver.onReceive(PhenotypeBroadcastReceiver.java:25)
11-16 08:57:24.661: W/GrowthKit(19083): 	at android.app.ActivityThread.handleReceiver(ActivityThread.java:3417)
11-16 08:57:24.661: W/GrowthKit(19083): 	at android.app.ActivityThread.access$1200(ActivityThread.java:200)
11-16 08:57:24.661: W/GrowthKit(19083): 	at android.app.ActivityThread$H.handleMessage(ActivityThread.java:1667)
11-16 08:57:24.661: W/GrowthKit(19083): 	at android.os.Handler.dispatchMessage(Handler.java:106)
11-16 08:57:24.661: W/GrowthKit(19083): 	at android.os.Looper.loop(Looper.java:193)
11-16 08:57:24.661: W/GrowthKit(19083): 	at android.app.ActivityThread.main(ActivityThread.java:6718)
11-16 08:57:24.661: W/GrowthKit(19083): 	at java.lang.reflect.Method.invoke(Native Method)
11-16 08:57:24.661: W/GrowthKit(19083): 	at com.android.internal.os.RuntimeInit$MethodAndArgsCaller.run(RuntimeInit.java:493)
11-16 08:57:24.661: W/GrowthKit(19083): 	at com.android.internal.os.ZygoteInit.main(ZygoteInit.java:858)
11-16 08:57:24.662: I/ActivityManager(1220): Killing 18238:com.android.carrierdefaultapp/u0a84 (adj 906): empty #17
11-16 08:57:24.662: E/ndroid.contact(19196): Not starting debugger since process cannot load the jdwp agent.
11-16 08:57:24.662: W/libprocessgroup(1220): kill(-18238, 9) failed: No such process
11-16 08:57:24.669: W/libprocessgroup(1220): kill(-18238, 9) failed: No such process
11-16 08:57:24.669: I/a.x.s.s.MigrationRunner(19083): The schema version is 13, the database version is 13, and there are 0 migrations
11-16 08:57:24.686: W/libprocessgroup(1220): kill(-18238, 9) failed: No such process
11-16 08:57:24.690: I/ndroid.contact(19196): The ClassLoaderContext is a special shared library.
11-16 08:57:24.698: I/Zygote(731): Process 18238 exited due to signal (9)
11-16 08:57:24.731: W/libprocessgroup(1220): kill(-18238, 9) failed: No such process
11-16 08:57:24.731: I/libprocessgroup(1220): Successfully killed process cgroup uid 10084 pid 18238 in 68ms
11-16 08:57:25.007: W/PrimesInit(19196): Primes instant initialization
11-16 08:57:25.014: W/Primes(19196): background initialization
11-16 08:57:25.036: I/ActivityManager(1220): Start proc 19242:com.google.android.deskclock/u0a119 for broadcast com.google.android.deskclock/com.android.deskclock.AlarmInitReceiver
11-16 08:57:25.038: E/droid.deskcloc(19242): Not starting debugger since process cannot load the jdwp agent.
11-16 08:57:25.057: I/droid.deskcloc(19242): The ClassLoaderContext is a special shared library.
11-16 08:57:25.163: W/PrimesInit(19242): Primes instant initialization
11-16 08:57:25.165: W/Primes(19242): background initialization
11-16 08:57:25.175: I/GAv4(19242): Google Analytics 18.5.89 is starting up. To enable debug logging on a device run:
11-16 08:57:25.175: I/GAv4(19242):   adb shell setprop log.tag.GAv4 DEBUG
11-16 08:57:25.175: I/GAv4(19242):   adb logcat -s GAv4
11-16 08:57:25.179: I/FontLog(10917): Received query Google Sans:500, URI content://com.google.android.gms.fonts [CONTEXT service_id=132 ]
11-16 08:57:25.180: I/FontLog(10917): Query [Google Sans:500] resolved to {Google Sans, wdth 100.0, wght 500, ital 0.0, bestEffort false} [CONTEXT service_id=132 ]
11-16 08:57:25.181: I/FontLog(10917): Font PFD returned from cache for {Google Sans, wdth 100.0, wght 500, ital 0.0, bestEffort false} [CONTEXT service_id=132 ]
11-16 08:57:25.181: I/FontLog(10917): Fetch {Google Sans, wdth 100.0, wght 500, ital 0.0, bestEffort false} end status Status{statusCode=SUCCESS, resolution=null} [CONTEXT service_id=132 ]
11-16 08:57:25.191: I/FontLog(10917): Pulling font file for id = 9, cache size = 6 [CONTEXT service_id=132 ]
11-16 08:57:25.199: I/FontLog(10917): Received query Google Sans, URI content://com.google.android.gms.fonts [CONTEXT service_id=132 ]
11-16 08:57:25.199: I/FontLog(10917): Query [Google Sans] resolved to {Google Sans, wdth 100.0, wght 400, ital 0.0, bestEffort false} [CONTEXT service_id=132 ]
11-16 08:57:25.200: I/FontLog(10917): Font PFD returned from cache for {Google Sans, wdth 100.0, wght 400, ital 0.0, bestEffort false} [CONTEXT service_id=132 ]
11-16 08:57:25.200: I/FontLog(10917): Fetch {Google Sans, wdth 100.0, wght 400, ital 0.0, bestEffort false} end status Status{statusCode=SUCCESS, resolution=null} [CONTEXT service_id=132 ]
11-16 08:57:25.204: W/GAv4(19242): AnalyticsReceiver is not registered or is disabled. Register the receiver for reliable dispatching on non-Google Play devices. See http://goo.gl/8Rd3yj for instructions.
11-16 08:57:25.205: I/FontLog(10917): Pulling font file for id = 10, cache size = 7 [CONTEXT service_id=132 ]
11-16 08:57:25.206: W/GAv4(19242): CampaignTrackingReceiver is not registered, not exported or is disabled. Installation campaign tracking is not possible. See http://goo.gl/8Rd3yj for instructions.
11-16 08:57:25.208: I/AlarmClock(19242): AlarmInitReceiver android.intent.action.LOCALE_CHANGED
11-16 08:57:25.210: I/PrimesTesting(19242): GserviceFlagsSupplier.get()
11-16 08:57:25.214: W/GAv4(19242): AnalyticsService not registered in the app manifest. Hits might not be delivered reliably. See http://goo.gl/8Rd3yj for instructions.
11-16 08:57:25.214: I/AlarmClock(19242): DigitalAppWidgetProvider processing Intent { act=android.intent.action.LOCALE_CHANGED flg=0x11200010 cmp=com.google.android.deskclock/com.android.alarmclock.DigitalAppWidgetProvider }
11-16 08:57:25.220: I/ActivityManager(1220): Killing 18261:com.android.cellbroadcastreceiver/u0a62 (adj 906): empty #17
11-16 08:57:25.224: W/libprocessgroup(1220): kill(-18261, 9) failed: No such process
11-16 08:57:25.235: I/ActivityManager(1220): Killing 18285:com.android.chrome/u0a107 (adj 906): empty #17
11-16 08:57:25.248: E/.android.diale(19277): Not starting debugger since process cannot load the jdwp agent.
11-16 08:57:25.248: I/ActivityManager(1220): Start proc 19277:com.google.android.dialer/u0a64 for broadcast com.google.android.dialer/com.android.dialer.notification.channel.NotificationChannelUpdateReceiver
11-16 08:57:25.261: I/Zygote(732): Process 18285 exited due to signal (9)
11-16 08:57:25.268: W/libprocessgroup(1220): kill(-18261, 9) failed: No such process
11-16 08:57:25.283: I/.android.diale(19277): The ClassLoaderContext is a special shared library.
11-16 08:57:25.285: I/.android.diale(19277): The ClassLoaderContext is a special shared library.
11-16 08:57:25.304: I/Zygote(731): Process 18261 exited due to signal (9)
11-16 08:57:25.311: W/libprocessgroup(1220): kill(-18261, 9) failed: No such process
11-16 08:57:25.311: I/libprocessgroup(1220): Successfully killed process cgroup uid 10062 pid 18261 in 86ms
11-16 08:57:25.311: W/libprocessgroup(1220): kill(-18285, 9) failed: No such process
11-16 08:57:25.311: I/libprocessgroup(1220): Successfully killed process cgroup uid 10107 pid 18285 in 0ms
11-16 08:57:25.324: I/PrimesTesting(19196): GserviceFlagsSupplier.get()
11-16 08:57:25.553: I/Dialer(19277): DuoModule.provideDuo - enabled, returning impl
11-16 08:57:25.639: D/BoundBrokerSvc(13468): onBind: Intent { act=com.google.android.gms.telephonyspam.service.START pkg=com.google.android.gms }
11-16 08:57:25.639: D/BoundBrokerSvc(13468): Loading bound service for intent: Intent { act=com.google.android.gms.telephonyspam.service.START pkg=com.google.android.gms }
11-16 08:57:25.664: D/BoundBrokerSvc(13468): onBind: Intent { act=com.google.android.gms.auth.service.START pkg=com.google.android.gms }
11-16 08:57:25.664: D/BoundBrokerSvc(13468): Loading bound service for intent: Intent { act=com.google.android.gms.auth.service.START pkg=com.google.android.gms }
11-16 08:57:25.703: I/Dialer(19277): ClearcutMetricsInitializer.initialize - enter
11-16 08:57:25.710: W/PrimesInit(19277): Primes instant initialization
11-16 08:57:25.711: I/Dialer(19277): ClearcutMetricsInitializer.initialize - primes metrics monitoring started!
11-16 08:57:25.711: W/Primes(19277): background initialization
11-16 08:57:25.712: I/Dialer(19277): PrimesMetrics.startTimer - Application.onCreate is empty
11-16 08:57:25.739: I/PrimesTesting(19277): GserviceFlagsSupplier.get()
11-16 08:57:25.753: I/Dialer(19277): DialerExecutorModule.newThread - creating low priority thread
11-16 08:57:25.755: I/Dialer(19277): DialerExecutorModule.newThread - creating low priority thread
11-16 08:57:25.761: I/Dialer(19277): DialerExecutorModule.newThread - creating low priority thread
11-16 08:57:25.763: I/Dialer(19277): CallLogFramework.registerContentObserversAndRefreshReceiver - enter
11-16 08:57:25.763: I/Dialer(19277): SystemCallLogDataSource.registerContentObservers - enter
11-16 08:57:25.763: I/Dialer(19277): CallLogConfigImpl.schedulePollingJob - scheduling
11-16 08:57:25.767: I/Dialer(19277): RefreshAnnotatedCallLogNotifier.notify - checkDirty=true
11-16 08:57:25.783: I/Dialer(19277): NonUiTaskBuilder.newThread - creating serial thread
11-16 08:57:25.785: I/Dialer(19277): DialerExecutorModule.newThread - creating low priority thread
11-16 08:57:25.790: I/Dialer(19277): ShortcutsJobScheduler.scheduleAllJobs - enter
11-16 08:57:25.793: I/Dialer(19277): ShortcutsJobScheduler.scheduleAllJobs - enabling shortcuts
11-16 08:57:25.793: I/Dialer(19277): PeriodicJobService.schedulePeriodicJob - enter
11-16 08:57:25.793: I/Dialer(19277): PeriodicJobService.schedulePeriodicJob - job already scheduled.
11-16 08:57:25.811: I/Dialer(19277): NotificationChannelUpdateReceiver.onReceive - updateChannels
11-16 08:57:25.826: I/Dialer(19277): RefreshAnnotatedCallLogReceiver.onReceive - enter
11-16 08:57:25.827: I/Dialer(19277): RefreshAnnotatedCallLogReceiver.refreshAnnotatedCallLog - enter
11-16 08:57:25.827: I/Dialer(19277): RefreshAnnotatedCallLogReceiver.refreshAnnotatedCallLog - start refreshing, checkDirty=true
11-16 08:57:25.827: I/Dialer(19277): RefreshAnnotatedCallLogWorker.refresh - submitting serialized refresh request
11-16 08:57:25.837: I/Dialer(19277): DialerExecutorModule.newThread - creating low priority thread
11-16 08:57:25.842: I/Dialer(19277): RefreshAnnotatedCallLogWorker.checkDirtyAndRebuildIfNecessary - starting refresh flow
11-16 08:57:25.855: I/LocaleChangeIO(10917): No action required after switch to en [CONTEXT service_id=231 ]
11-16 08:57:25.867: E/kvw(19277): RuntimeException while executing runnable bxg@d781469 with executor MoreExecutors.directExecutor()
11-16 08:57:25.867: E/kvw(19277): java.util.concurrent.CancellationException: Task was cancelled.
11-16 08:57:25.867: E/kvw(19277): 	at kvw.b(PG:2)
11-16 08:57:25.867: E/kvw(19277): 	at kvw.get(PG:2)
11-16 08:57:25.867: E/kvw(19277): 	at kzp.a(PG:3)
11-16 08:57:25.867: E/kvw(19277): 	at kyu.a(PG:15)
11-16 08:57:25.867: E/kvw(19277): 	at bxg.run(PG:2)
11-16 08:57:25.867: E/kvw(19277): 	at kxm.execute(Unknown Source:0)
11-16 08:57:25.867: E/kvw(19277): 	at kvw.b(PG:24)
11-16 08:57:25.867: E/kvw(19277): 	at kvw.a(PG:15)
11-16 08:57:25.867: E/kvw(19277): 	at kvw.cancel(PG:8)
11-16 08:57:25.867: E/kvw(19277): 	at bxi.a(PG:4)
11-16 08:57:25.867: E/kvw(19277): 	at kvw.a(PG:7)
11-16 08:57:25.867: E/kvw(19277): 	at kvw.cancel(PG:8)
11-16 08:57:25.867: E/kvw(19277): 	at bxi.a(PG:4)
11-16 08:57:25.867: E/kvw(19277): 	at kvw.a(PG:7)
11-16 08:57:25.867: E/kvw(19277): 	at kvw.a(PG:40)
11-16 08:57:25.867: E/kvw(19277): 	at bxf.a(PG:1)
11-16 08:57:25.867: E/kvw(19277): 	at bxg.run(PG:5)
11-16 08:57:25.867: E/kvw(19277): 	at kxm.execute(Unknown Source:0)
11-16 08:57:25.867: E/kvw(19277): 	at kvw.b(PG:24)
11-16 08:57:25.867: E/kvw(19277): 	at kvw.a(PG:38)
11-16 08:57:25.867: E/kvw(19277): 	at bya.a(PG:18)
11-16 08:57:25.867: E/kvw(19277): 	at brp.a(Unknown Source:7)
11-16 08:57:25.867: E/kvw(19277): 	at kwm.a(PG:2)
11-16 08:57:25.867: E/kvw(19277): 	at kwj.run(PG:6)
11-16 08:57:25.867: E/kvw(19277): 	at kyw.run(Unknown Source:7)
11-16 08:57:25.867: E/kvw(19277): 	at java.util.concurrent.ThreadPoolExecutor.runWorker(ThreadPoolExecutor.java:1167)
11-16 08:57:25.867: E/kvw(19277): 	at java.util.concurrent.ThreadPoolExecutor$Worker.run(ThreadPoolExecutor.java:641)
11-16 08:57:25.867: E/kvw(19277): 	at java.lang.Thread.run(Thread.java:764)
11-16 08:57:25.868: E/kvw(19277): RuntimeException while executing runnable bxg@32cb21c with executor MoreExecutors.directExecutor()
11-16 08:57:25.868: E/kvw(19277): java.util.concurrent.CancellationException: Task was cancelled.
11-16 08:57:25.868: E/kvw(19277): 	at kvw.b(PG:2)
11-16 08:57:25.868: E/kvw(19277): 	at kvw.get(PG:2)
11-16 08:57:25.868: E/kvw(19277): 	at kzp.a(PG:3)
11-16 08:57:25.868: E/kvw(19277): 	at kyu.a(PG:15)
11-16 08:57:25.868: E/kvw(19277): 	at bxg.run(PG:2)
11-16 08:57:25.868: E/kvw(19277): 	at kxm.execute(Unknown Source:0)
11-16 08:57:25.868: E/kvw(19277): 	at kvw.b(PG:24)
11-16 08:57:25.868: E/kvw(19277): 	at kvw.a(PG:15)
11-16 08:57:25.868: E/kvw(19277): 	at kvw.cancel(PG:8)
11-16 08:57:25.868: E/kvw(19277): 	at bxi.a(PG:4)
11-16 08:57:25.868: E/kvw(19277): 	at kvw.a(PG:7)
11-16 08:57:25.868: E/kvw(19277): 	at kvw.cancel(PG:8)
11-16 08:57:25.868: E/kvw(19277): 	at bxi.a(PG:4)
11-16 08:57:25.868: E/kvw(19277): 	at kvw.a(PG:7)
11-16 08:57:25.868: E/kvw(19277): 	at kvw.a(PG:40)
11-16 08:57:25.868: E/kvw(19277): 	at bxf.a(PG:1)
11-16 08:57:25.868: E/kvw(19277): 	at bxg.run(PG:5)
11-16 08:57:25.868: E/kvw(19277): 	at kxm.execute(Unknown Source:0)
11-16 08:57:25.868: E/kvw(19277): 	at kvw.b(PG:24)
11-16 08:57:25.868: E/kvw(19277): 	at kvw.a(PG:38)
11-16 08:57:25.868: E/kvw(19277): 	at bya.a(PG:18)
11-16 08:57:25.868: E/kvw(19277): 	at brp.a(Unknown Source:7)
11-16 08:57:25.868: E/kvw(19277): 	at kwm.a(PG:2)
11-16 08:57:25.868: E/kvw(19277): 	at kwj.run(PG:6)
11-16 08:57:25.868: E/kvw(19277): 	at kyw.run(Unknown Source:7)
11-16 08:57:25.868: E/kvw(19277): 	at java.util.concurrent.ThreadPoolExecutor.runWorker(ThreadPoolExecutor.java:1167)
11-16 08:57:25.868: E/kvw(19277): 	at java.util.concurrent.ThreadPoolExecutor$Worker.run(ThreadPoolExecutor.java:641)
11-16 08:57:25.868: E/kvw(19277): 	at java.lang.Thread.run(Thread.java:764)
11-16 08:57:25.870: I/Dialer(19277): RefreshAnnotatedCallLogWorker.checkDirtyAndRebuildIfNecessary - isDirty: true
11-16 08:57:25.880: I/LanguageSettingsHelper(10128): Removing enrollment utterances : Locale changed
11-16 08:57:25.880: E/UtteranceHandler(10128): Called deleteEnrollmentUtterances for null account
11-16 08:57:25.883: I/NearbyDiscovery(10917): DiscoveryService created [CONTEXT service_id=49 ]
11-16 08:57:25.884: I/Dialer(19277): SystemCallLogDataSource.fill - found 0 existing annotated call log ids
11-16 08:57:25.888: W/ChimeraUtils(10917): Module com.google.android.gms.nearby has empty metadata display_name_string_id
11-16 08:57:25.889: I/system_server(1220): Background concurrent copying GC freed 212692(10MB) AllocSpace objects, 94(4MB) LOS objects, 42% free, 17MB/30MB, paused 155us total 113.093ms
11-16 08:57:25.890: W/ChimeraUtils(10917): Module com.google.android.gms.nearby has empty metadata display_name_string_id
11-16 08:57:25.928: I/OpaEligibilityChecker(10128): send OpaEligibilityChange broadcast to CommonBroadcastReceiver
11-16 08:57:25.929: I/OpaEnabledReceiver(3676): Dispatching OPA eligble = true; AGSA = true; OPA enabled = true
11-16 08:57:25.929: I/OpaLayout(3676): Setting opa enabled to true
11-16 08:57:25.929: I/OpaLayout(3676): Setting opa enabled to true
11-16 08:57:25.934: I/DefaultSticker(3656): Received android.intent.action.LOCALE_CHANGED broadcast from null
11-16 08:57:25.938: I/FirebaseJobDispatcher(3656): Schedule task: DefaultStickerUpdate. Success.
11-16 08:57:25.938: I/DefaultStickerUpdate(3656): Scheduled update for locale=en, data=DefaultStickerTaskData{enabled=true, metadataUriPrefix=https://www.gstatic.com/android/keyboard/stickers/configs/v5/, supportedLanguage=en}, and reason=BROADCAST_LOCALE_CHANGED
11-16 08:57:25.939: I/OpaEnabledReceiver(3676): Dispatching OPA eligble = true; AGSA = true; OPA enabled = true
11-16 08:57:25.939: I/OpaLayout(3676): Setting opa enabled to true
11-16 08:57:25.939: I/OpaLayout(3676): Setting opa enabled to true
11-16 08:57:25.944: I/BgTaskExecutorImpl(10128): Starting EXCLUSIVE background task SEND_GSA_HOME_REQUEST.
11-16 08:57:25.946: I/HotwordHelper(10128): hasHotwordEverywhere-false
11-16 08:57:25.946: I/BgTaskExecutorImpl(10128): Starting EXCLUSIVE background task UPDATE_HOTWORD_MODELS.
11-16 08:57:25.948: W/KeyphraseEnrollmentInfo(4151): No enrollment application supports the given keyphrase/locale: 'Ok Google'/en
11-16 08:57:25.948: W/SearchServiceCore(10128): Abort, client detached.
11-16 08:57:25.948: I/GsaVoiceInteractionSrv(4151): Creating AOHD: Keyphrase - Ok Google, Locale - en/en-GB
11-16 08:57:25.949: W/SoundTriggerHelper(1220): Attempting stopRecognition without a successful startRecognition
11-16 08:57:25.949: W/AlwaysOnHotwordDetector(4151): stopRecognition() failed with error code -2147483648
11-16 08:57:25.949: W/AlwaysOnHotwordDetector(4151): Received message: 1 for an invalid detector
11-16 08:57:25.950: I/ActivityManager(1220): Start proc 19358:com.google.android.music:main/u0a75 for broadcast com.google.android.music/.notifications.NotificationChannelInitializationBroadcastReceiver
11-16 08:57:25.953: W/SoundModelDBHelper(1220): No SoundModel available for the given keyphrase
11-16 08:57:25.955: I/ActivityManager(1220): START u0 {act=com.android.intent.action.MANAGE_VOICE_KEYPHRASES flg=0x10000000 pkg=com.android.hotwordenrollment.okgoogle cmp=com.android.hotwordenrollment.okgoogle/.EnrollmentActivity (has extras)} from uid 10047
11-16 08:57:25.959: I/ThreadRunner(10128): setContextAndRunner
11-16 08:57:25.961: I/ModelDownloadController(10128): requestHotwordModelUpdate modelType-OK_GOOGLE
11-16 08:57:25.962: W/ModelDownloadController(10128): Failed fetching the hotword model location configuration
11-16 08:57:25.962: E/ModelDownloadController(10128): Invalid hotword model location.
11-16 08:57:25.964: D/android.hardware.power@1.3-service.crosshatch-libperfmgr(764): LAUNCH ON
11-16 08:57:25.966: E/roid.music:mai(19358): Not starting debugger since process cannot load the jdwp agent.
11-16 08:57:25.972: W/KeyphraseEnrollmentInfo(4151): No enrollment application supports the given keyphrase/locale: 'X Google'/en
11-16 08:57:25.973: W/SearchServiceCore(10128): Abort, client detached.
11-16 08:57:25.973: I/chatty(10128): uid=10047 com.google.android.googlequicksearchbox:search identical 2 lines
11-16 08:57:25.973: W/SearchServiceCore(10128): Abort, client detached.
11-16 08:57:25.977: I/Dialer(19277): SystemCallLogDataSource.handleInsertsAndUpdatesInternal - no results for CALL_IN_DIRECT_BOOT_MODE
11-16 08:57:25.979: I/ActivityManager(1220): Killing 18388:com.android.sdm.plugins.sprintdm/1001 (adj 906): empty #17
11-16 08:57:25.979: W/libprocessgroup(1220): kill(-18388, 9) failed: No such process
11-16 08:57:25.980: I/PeopleDatabaseHelper(13468): Updating DB locale: en_US -> en
11-16 08:57:25.990: I/Dialer(19277): SystemCallLogDataSource.handleInsertsAndUpdatesInternal - no results for REGULAR_CALL
11-16 08:57:25.992: I/ActivityManager(1220): Start proc 19372:com.android.hotwordenrollment.okgoogle/u0a45 for activity com.android.hotwordenrollment.okgoogle/.EnrollmentActivity
11-16 08:57:25.996: W/SessionLifecycleManager(10128): Client : AttachedClient[44545052145212063, ClientConfig[mFlags=[default, headless, launch_external_voice_search_ui, support_transparent_background, legacy_leave_behind_dirty_session_fixme] mSuggestFlags=[0] mClientId=HOTWORD_SERVICE mSessionType=search]] has no associated SessionController
11-16 08:57:25.997: W/SearchServiceCore(10128): Abort, client detached.
11-16 08:57:25.997: I/chatty(10128): uid=10047 com.google.android.googlequicksearchbox:search identical 1 line
11-16 08:57:25.997: W/SearchServiceCore(10128): Abort, client detached.
11-16 08:57:26.002: E/llment.okgoogl(19372): Not starting debugger since process cannot load the jdwp agent.
11-16 08:57:26.004: I/roid.music:mai(19358): The ClassLoaderContext is a special shared library.
11-16 08:57:26.008: I/Dialer(19277): SystemCallLogDataSource.handleDeletes - found 0 call log entries to remove
11-16 08:57:26.010: I/Zygote(731): Process 18388 exited due to signal (9)
11-16 08:57:26.025: W/libprocessgroup(1220): kill(-18388, 9) failed: No such process
11-16 08:57:26.025: I/libprocessgroup(1220): Successfully killed process cgroup uid 1001 pid 18388 in 45ms
11-16 08:57:26.027: D/BoundBrokerSvc(13468): onBind: Intent { act=com.google.android.gms.findmydevice.spot.service.locationreport.START cmp=com.google.android.gms/.chimera.GmsApiService }
11-16 08:57:26.027: D/BoundBrokerSvc(13468): Loading bound service for intent: Intent { act=com.google.android.gms.findmydevice.spot.service.locationreport.START cmp=com.google.android.gms/.chimera.GmsApiService }
11-16 08:57:26.028: W/com.android.hotwordenrollment.okgoogle(19372): type=1400 audit(0.0:321): avc: denied { read } for comm=45474C20496E6974 name="u:object_r:vendor_default_prop:s0" dev="tmpfs" ino=19912 scontext=u:r:priv_app:s0:c512,c768 tcontext=u:object_r:vendor_default_prop:s0 tclass=file permissive=0
11-16 08:57:26.033: E/libc(19372): Access denied finding property "vendor.debug.egl.profiler"
11-16 08:57:26.045: I/EnrollmentActivity(19372): Started by non-activity for action: 0, keyphrase: Ok Google, locale: en-GB
11-16 08:57:26.047: D/OpenGLRenderer(19372): Skia GL Pipeline
11-16 08:57:26.064: I/PeopleSearchIndexManage(13468): Marking for index update.
11-16 08:57:26.067: I/Adreno(19372): QUALCOMM build                   : 3f88ca2, I42f6fe38fb
11-16 08:57:26.067: I/Adreno(19372): Build Date                       : 07/13/18
11-16 08:57:26.067: I/Adreno(19372): OpenGL ES Shader Compiler Version: EV031.24.00.00
11-16 08:57:26.067: I/Adreno(19372): Local Branch                     : 50.04
11-16 08:57:26.067: I/Adreno(19372): Remote Branch                    : 
11-16 08:57:26.067: I/Adreno(19372): Remote Branch                    : 
11-16 08:57:26.067: I/Adreno(19372): Reconstruct Branch               : 
11-16 08:57:26.067: I/Adreno(19372): Build Config                     : S P 4.0.10 AArch64
11-16 08:57:26.069: I/MultiDex(19358): VM with version 2.1.0 has multidex support
11-16 08:57:26.069: I/MultiDex(19358): install
11-16 08:57:26.069: I/MultiDex(19358): VM has multidex support, MultiDex support library is disabled.
11-16 08:57:26.064: W/RenderThread(19372): type=1400 audit(0.0:322): avc: denied { read } for name="u:object_r:vendor_default_prop:s0" dev="tmpfs" ino=19912 scontext=u:r:priv_app:s0:c512,c768 tcontext=u:object_r:vendor_default_prop:s0 tclass=file permissive=0
11-16 08:57:26.070: E/libc(19372): Access denied finding property "ro.vendor.graphics.memory"
11-16 08:57:26.071: I/Adreno(19372): PFP: 0x016ee170, ME: 0x00000000
11-16 08:57:26.073: I/GoogleInputMethod(3656): onFinishInput() : Dummy InputConnection bound
11-16 08:57:26.073: I/ConfigStore(19372): android::hardware::configstore::V1_0::ISurfaceFlingerConfigs::hasWideColorDisplay retrieved: 1
11-16 08:57:26.073: I/ConfigStore(19372): android::hardware::configstore::V1_0::ISurfaceFlingerConfigs::hasHDRDisplay retrieved: 1
11-16 08:57:26.073: I/GoogleInputMethod(3656): onStartInput() : Dummy InputConnection bound
11-16 08:57:26.074: I/OpenGLRenderer(19372): Initialized EGL, version 1.4
11-16 08:57:26.074: D/OpenGLRenderer(19372): Swap behavior 2
11-16 08:57:26.076: W/SoundTriggerHelper(1220): Attempting stopRecognition without a successful startRecognition
11-16 08:57:26.076: W/AlwaysOnHotwordDetector(4151): stopRecognition() failed with error code -2147483648
11-16 08:57:26.078: W/RenderThread(19372): type=1400 audit(0.0:323): avc: denied { read } for name="u:object_r:vendor_default_prop:s0" dev="tmpfs" ino=19912 scontext=u:r:priv_app:s0:c512,c768 tcontext=u:object_r:vendor_default_prop:s0 tclass=file permissive=0
11-16 08:57:26.082: E/libc(19372): Access denied finding property "vendor.gralloc.enable_ahardware_buffer"
11-16 08:57:26.084: I/GsaVoiceInteractionSrv(4151): Not starting recognition
11-16 08:57:26.087: I/EnrollmentActivity(19372): Enroll keyphrase Ok Googleoperation succeeded for en-GB
11-16 08:57:26.090: I/PeopleDatabaseHelper(13468): cleanUpNonGplusAccounts done.
11-16 08:57:26.092: I/PeopleSearchIndexManage(13468): Index version changed from 0
11-16 08:57:26.096: D/SurfaceFlinger(645): duplicate layer name: changing Surface(name=c494660 StatusBar)/@0x6c09b24 - animation-leash to Surface(name=c494660 StatusBar)/@0x6c09b24 - animation-leash#1
11-16 08:57:26.104: I/ActivityManager(1220): Displayed com.android.hotwordenrollment.okgoogle/.EnrollmentActivity: +134ms
11-16 08:57:26.106: I/BackdropActivity(18343): onResume()
11-16 08:57:26.107: I/GoogleInputMethod(3656): onFinishInput() : Dummy InputConnection bound
11-16 08:57:26.108: I/GoogleInputMethod(3656): onStartInput() : Dummy InputConnection bound
11-16 08:57:26.120: D/MusicLifecycle(19358): com.google.android.music.store.ConfigContentProvider generated event: Content provider created
11-16 08:57:26.122: I/akia(10917): Removed 0 invalid users [CONTEXT service_id=51 ]
11-16 08:57:26.125: I/ActivityManager(1220): Activity requesting to dismiss Keyguard: ActivityRecord{c5de14f u0 com.google.android.apps.mtaas.backdrop/.BackdropActivity t4}
11-16 08:57:26.127: I/PeopleSearchIndexManage(13468): Rebuilding index...
11-16 08:57:26.128: I/HotwordHelper(10128): hasHotwordEverywhere-false
11-16 08:57:26.129: I/Dialer(19277): SystemBlockedNumberPhoneLookup.getMostRecentPhoneLookupInfo - enter
11-16 08:57:26.132: D/MusicLifecycle(19358): com.google.android.music.api.MusicPublicContentProvider generated event: Content provider created
11-16 08:57:26.134: W/SurfaceFlinger(645): Attempting to set client state on removed layer: com.android.hotwordenrollment.okgoogle/com.android.hotwordenrollment.okgoogle.EnrollmentActivity#0
11-16 08:57:26.134: W/SurfaceFlinger(645): Attempting to destroy on removed layer: com.android.hotwordenrollment.okgoogle/com.android.hotwordenrollment.okgoogle.EnrollmentActivity#0
11-16 08:57:26.135: W/SurfaceFlinger(645): Attempting to destroy on removed layer: AppWindowToken{1e4ebf7 token=Token{7e37bf6 ActivityRecord{4c86091 u0 com.android.hotwordenrollment.okgoogle/.EnrollmentActivity t5}}}#0
11-16 08:57:26.140: I/NearbyDiscovery(10917): Show notifications: 0 total, no changes since last shown, no-op. [CONTEXT service_id=49 ]
11-16 08:57:26.142: W/SessionLifecycleManager(10128): Client : AttachedClient[44545052145212068, ClientConfig[mFlags=[default, headless, launch_external_voice_search_ui, support_transparent_background, legacy_leave_behind_dirty_session_fixme] mSuggestFlags=[0] mClientId=HOTWORD_SERVICE mSessionType=search]] has no associated SessionController
11-16 08:57:26.142: W/SearchServiceCore(10128): Abort, client detached.
11-16 08:57:26.142: W/SearchServiceCore(10128): Abort, client detached.
11-16 08:57:26.144: D/MusicLifecycle(19358): com.google.android.music.store.MusicContentProvider generated event: Content provider created
11-16 08:57:26.144: W/SearchServiceCore(10128): Abort, client detached.
11-16 08:57:26.145: D/android.hardware.power@1.3-service.crosshatch-libperfmgr(764): LAUNCH OFF
11-16 08:57:26.155: D/MusicLifecycle(19358): com.google.android.music.ui.PhoneMusicApplication generated event: Application created
11-16 08:57:26.154: W/RenderThread(1220): type=1400 audit(0.0:324): avc: denied { read } for name="u:object_r:vendor_default_prop:s0" dev="tmpfs" ino=19912 scontext=u:r:system_server:s0 tcontext=u:object_r:vendor_default_prop:s0 tclass=file permissive=0
11-16 08:57:26.161: E/libc(1220): Access denied finding property "vendor.debug.egl.profiler"
11-16 08:57:26.161: E/libc(1220): Access denied finding property "vendor.debug.prerotation.disable"
11-16 08:57:26.162: I/Adreno(1220): QUALCOMM build                   : 3f88ca2, I42f6fe38fb
11-16 08:57:26.162: I/Adreno(1220): Build Date                       : 07/13/18
11-16 08:57:26.162: I/Adreno(1220): OpenGL ES Shader Compiler Version: EV031.24.00.00
11-16 08:57:26.162: I/Adreno(1220): Local Branch                     : 50.04
11-16 08:57:26.162: I/Adreno(1220): Remote Branch                    : 
11-16 08:57:26.162: I/Adreno(1220): Remote Branch                    : 
11-16 08:57:26.162: I/Adreno(1220): Reconstruct Branch               : 
11-16 08:57:26.162: I/Adreno(1220): Build Config                     : S P 4.0.10 AArch64
11-16 08:57:26.165: E/libc(1220): Access denied finding property "vendor.debug.prerotation.disable"
11-16 08:57:26.167: E/libc(1220): Access denied finding property "vendor.debug.prerotation.disable"
11-16 08:57:26.168: I/Adreno(1220): PFP: 0x016ee170, ME: 0x00000000
11-16 08:57:26.168: E/libc(1220): Access denied finding property "vendor.debug.prerotation.disable"
11-16 08:57:26.172: I/ConfigStore(1220): android::hardware::configstore::V1_0::ISurfaceFlingerConfigs::hasWideColorDisplay retrieved: 1
11-16 08:57:26.172: I/ConfigStore(1220): android::hardware::configstore::V1_0::ISurfaceFlingerConfigs::hasHDRDisplay retrieved: 1
11-16 08:57:26.173: I/OpenGLRenderer(1220): Initialized EGL, version 1.4
11-16 08:57:26.173: D/OpenGLRenderer(1220): Swap behavior 2
11-16 08:57:26.174: D/MusicLifecycle(19358): com.google.android.music.store.ConfigContentProvider generated event: initializing
11-16 08:57:26.180: I/BaseStore(19358): ConfigStore database version: 1
11-16 08:57:26.181: I/PeopleASM(13468): Rebuilding autocomplete index...
11-16 08:57:26.183: I/PeopleSearchIndexManage(13468): Rebuilding index done.
11-16 08:57:26.209: W/roid.music:mai(19358): Unknown chunk type '200'.
11-16 08:57:26.213: I/Wear_Controller(10917): Wearable module requires a companion app to be installed.
11-16 08:57:26.213: I/WearableService(10917): onCreate: Wearable Services not starting. Wear is not available on this device.
11-16 08:57:26.216: I/roid.music:mai(19358): The ClassLoaderContext is a special shared library.
11-16 08:57:26.217: I/chatty(19358): uid=10075 com.google.android.music:main identical 1 line
11-16 08:57:26.217: I/roid.music:mai(19358): The ClassLoaderContext is a special shared library.
11-16 08:57:26.230: V/NativeCrypto(19358): Registering com/google/android/gms/org/conscrypt/NativeCrypto's 294 native methods...
11-16 08:57:26.242: D/NetworkSecurityConfig(19358): No Network Security Config specified, using platform default
11-16 08:57:26.243: W/Nearby(10917): Bind call too late - someone already tried to get: interface bopq [CONTEXT service_id=49 ]
11-16 08:57:26.244: I/ProviderInstaller(19358): Installed default security provider GmsCore_OpenSSL
11-16 08:57:26.244: D/AndroidMusic(19358): GMSCore installation verified
11-16 08:57:26.266: I/NearbyMessages(10917): OfflineCache: old scanner cache is not enabled [CONTEXT service_id=62 ]
11-16 08:57:26.297: I/Icing(13468): IndexChimeraService.getServiceInterface callingPackage=com.google.android.gms componentName=AppsCorpus serviceId=32
11-16 08:57:26.312: I/Dialer(19277): SpamCallDataSource.fill - enter
11-16 08:57:26.312: I/Dialer(19277): SpamCallDataSource.handleInserts - enter
11-16 08:57:26.314: W/WearableService(10917): onGetService: Wear is not available on this device.
11-16 08:57:26.319: I/Dialer(19277): AnnotatedCallLogCoalescer.coalesce - enter
11-16 08:57:26.319: I/Dialer(19277): ConversationHistoryCoalescer.coalesce - enter
11-16 08:57:26.319: I/Dialer(19277): AnnotatedCallLogCoalescer.coalesceWithSelection - enter
11-16 08:57:26.324: I/Dialer(19277): ConversationHistoryCoalescer.coalesce - conversation history disabled
11-16 08:57:26.327: D/AndroidRuntime(19407): >>>>>> START com.android.internal.os.RuntimeInit uid 2000 <<<<<<
11-16 08:57:26.330: I/MusicExperimentManager(19358): Received config change, experiments list is null
11-16 08:57:26.330: W/MusicExperimentManager(19358): Parsing error while updating analysis experiments
11-16 08:57:26.331: I/Dialer(19277): AnnotatedCallLogCoalescer.coalesceWithSelection - enter
11-16 08:57:26.334: I/Dialer(19277): AnnotatedCallLogCoalescer.coalesceInternal - enter
11-16 08:57:26.334: I/Dialer(19277): AnnotatedCallLogCoalescer.coalesceInternal - enter
11-16 08:57:26.337: I/Icing(13468): Query from package: com.google.android.gms, component: AppsCorpus, restrict package: com.google.android.gms, start: 0, num: 100
11-16 08:57:26.341: I/Dialer(19277): CoalescedRowsDao.saveToFileForMissedCalls - enter
11-16 08:57:26.342: I/Dialer(19277): CoalescedRowsDao.saveToFileForAllCalls - enter
11-16 08:57:26.342: I/Dialer(19277): CoalescedRowsDao.save - acquiring write lock
11-16 08:57:26.343: I/Dialer(19277): CoalescedRowsDao.save - acquiring write lock
11-16 08:57:26.343: I/Dialer(19277): CoalescedRowsDao.save - start writing coalesced rows
11-16 08:57:26.346: I/Dialer(19277): CoalescedRowsDao.save - start writing coalesced rows
11-16 08:57:26.346: I/TopChartsIcing(19358): Starting 'com.google.android.music.sync.google.MusicGcmTaskService
11-16 08:57:26.347: I/Dialer(19277): CoalescedRowsDao.save - write lock released
11-16 08:57:26.348: I/Dialer(19277): CoalescedRowsUpdatedNotifier.notifyForCallLogMissedCalls - enter
11-16 08:57:26.350: W/Icing(13468): No valid account for uploading user actions
11-16 08:57:26.351: I/Dialer(19277): CoalescedRowsDao.save - write lock released
11-16 08:57:26.353: I/BaseStore(19358): Store database version: 146
11-16 08:57:26.354: I/Dialer(19277): CoalescedRowsUpdatedNotifier.notifyForCallLogAllCalls - enter
11-16 08:57:26.356: I/NearbyDiscovery(10917): FastPairScanner2: isScreenOn=true, scanWithScreenOff=false, isLocationEnabled=true, disableLocationRequirement=false, isDiscoveryScanningEnabled=true [CONTEXT service_id=49 ]
11-16 08:57:26.364: I/Dialer(19277): CallLogCacheUpdater.updateCache - updated 0 rows
11-16 08:57:26.372: I/Icing(13468): IndexChimeraService.getServiceInterface callingPackage=com.google.android.gms componentName=null serviceId=30
11-16 08:57:26.379: D/BluetoothAdapter(10917): isLeEnabled(): OFF
11-16 08:57:26.380: I/NearbyDiscovery(10917): FastPairScanner2: eventType=SERVICE_INITIALIZE, intReq=false, scanning=false, scanAllowed=true, bleEnabled=false, bleScanAvailable=false, lockScanRate=false [CONTEXT service_id=49 ]
11-16 08:57:26.381: I/NearbyDiscovery(10917): FastPairScanner2: register location ble observer [CONTEXT service_id=49 ]
11-16 08:57:26.383: I/NearbyDiscovery(10917): FastPairScanner2: BLE not available, eventType=SERVICE_INITIALIZE [CONTEXT service_id=49 ]
11-16 08:57:26.387: I/NearbyDiscovery(10917): FastPair: HeadsetPieceImage, grant permission files:0 [CONTEXT service_id=49 ]
11-16 08:57:26.387: I/NearbyDiscovery(10917): FastPairEventStream: Initialize event stream [CONTEXT service_id=49 ]
11-16 08:57:26.390: I/NearbyDiscovery(10917): Show notifications: 0 total, no changes since last shown, no-op. [CONTEXT service_id=49 ]
11-16 08:57:26.391: I/Icing(13468): Usage reports ok 2, Failed Usage reports 0, indexed 0, rejected 0
11-16 08:57:26.392: I/NearbyDiscovery(10917): FastPairHandler: Received action android.net.wifi.STATE_CHANGE [CONTEXT service_id=49 ]
11-16 08:57:26.393: I/PlaybackClient(19358): init: Initializing
11-16 08:57:26.393: I/NearbyDiscovery(10917): FastPairHandler: Received action android.net.conn.CONNECTIVITY_CHANGE [CONTEXT service_id=49 ]
11-16 08:57:26.412: D/ConnectivityService(1220): Returning BLOCKED NetworkInfo to uid=10075
11-16 08:57:26.420: I/app_process(19407): The ClassLoaderContext is a special shared library.
11-16 08:57:26.444: D/AndroidRuntime(19407): Calling main entry com.android.commands.am.Am
11-16 08:57:26.448: I/ActivityManager(1220): Force stopping androidx.lifecycle.livedata.ktx.test appid=10172 user=0: start instr
11-16 08:57:26.463: I/ActivityManager(1220): Start proc 19447:androidx.lifecycle.livedata.ktx.test/u0a172 for added application androidx.lifecycle.livedata.ktx.test
11-16 08:57:26.463: D/MusicLifecycle(19358): com.google.android.music.notifications.NotificationChannelInitializationBroadcastReceiver generated event: Broadcast received with context android.app.ReceiverRestrictedContext@318d2e9 and intent Intent { act=android.intent.action.LOCALE_CHANGED flg=0x11200010 cmp=com.google.android.music/.notifications.NotificationChannelInitializationBroadcastReceiver }
11-16 08:57:26.465: I/vedata.ktx.tes(19447): Late-enabling -Xcheck:jni
11-16 08:57:26.467: D/MusicLifecycle(19358): com.google.android.music.net.NetworkConnectivityMonitor$NetworkChangedReceiver generated event: Broadcast received with context com.google.android.music.ui.PhoneMusicApplication@71ac88e and intent Intent { act=android.net.conn.CONNECTIVITY_CHANGE flg=0x4200010 (has extras) }
11-16 08:57:26.467: I/NetworkConnectivity(19358): Network state changed: [type: WIFI[], state: DISCONNECTED/BLOCKED, reason: (unspecified), extra: (none), failover: false, available: true, roaming: false]
11-16 08:57:26.475: D/MusicLifecycle(19358): com.google.android.music.download.EncapsulatedBroadcastReceiver$1 generated event: Broadcast received with context com.google.android.music.ui.PhoneMusicApplication@71ac88e and intent Intent { act=com.google.android.music.ResumeStorageMigration flg=0x10 (has extras) }
11-16 08:57:26.480: D/MusicLifecycle(19358): com.google.android.music.download.artwork.ArtDownloadService generated event: Service created
11-16 08:57:26.484: I/ActivityManager(1220): Start proc 19457:com.google.android.youtube/u0a80 for broadcast com.google.android.youtube/com.google.android.apps.youtube.app.application.system.LocaleUpdatedReceiver
11-16 08:57:26.499: E/android.youtub(19457): Not starting debugger since process cannot load the jdwp agent.
11-16 08:57:26.515: I/ActivityManager(1220): Killing 18513:com.android.vending:instant_app_installer/u0a14 (adj 906): empty #17
11-16 08:57:26.517: W/libprocessgroup(1220): kill(-18513, 9) failed: No such process
11-16 08:57:26.521: I/android.youtub(19457): The ClassLoaderContext is a special shared library.
11-16 08:57:26.521: D/MusicLifecycle(19358): com.google.android.music.download.EncapsulatedBroadcastReceiver$1 generated event: Broadcast received with context com.google.android.music.ui.PhoneMusicApplication@71ac88e and intent Intent { act=com.google.android.music.download.keepon.KeeponSchedulingService.START_DOWNLOAD flg=0x10 }
11-16 08:57:26.537: I/Zygote(732): Process 18513 exited due to signal (9)
11-16 08:57:26.543: D/AwarenessRouter(19358): 0 new fences
11-16 08:57:26.546: W/AdvertisingIdClient(19358): Error while reading from SharedPreferences 
11-16 08:57:26.546: W/AdvertisingIdClient(19358): java.lang.SecurityException: MODE_WORLD_READABLE no longer supported
11-16 08:57:26.546: W/AdvertisingIdClient(19358): 	at android.app.ContextImpl.checkMode(ContextImpl.java:2495)
11-16 08:57:26.546: W/AdvertisingIdClient(19358): 	at android.app.ContextImpl.getSharedPreferences(ContextImpl.java:414)
11-16 08:57:26.546: W/AdvertisingIdClient(19358): 	at android.app.ContextImpl.getSharedPreferences(ContextImpl.java:404)
11-16 08:57:26.546: W/AdvertisingIdClient(19358): 	at com.google.android.gms.ads.identifier.AdvertisingIdClient.getAdvertisingIdInfo(Unknown Source:12)
11-16 08:57:26.546: W/AdvertisingIdClient(19358): 	at com.google.android.music.preferences.MusicPreferences.getAdvertisingIdInfo(MusicPreferences.java:2476)
11-16 08:57:26.546: W/AdvertisingIdClient(19358): 	at com.google.android.music.preferences.MusicPreferences.access$1000(MusicPreferences.java:83)
11-16 08:57:26.546: W/AdvertisingIdClient(19358): 	at com.google.android.music.preferences.MusicPreferences$7.run(MusicPreferences.java:2457)
11-16 08:57:26.546: W/AdvertisingIdClient(19358): 	at com.google.android.music.utils.async.TraceableRunnable.runLogged(TraceableRunnable.java:21)
11-16 08:57:26.546: W/AdvertisingIdClient(19358): 	at com.google.android.music.utils.async.LoggedRunnable.run(LoggedRunnable.java:30)
11-16 08:57:26.546: W/AdvertisingIdClient(19358): 	at android.os.Handler.handleCallback(Handler.java:873)
11-16 08:57:26.546: W/AdvertisingIdClient(19358): 	at android.os.Handler.dispatchMessage(Handler.java:99)
11-16 08:57:26.546: W/AdvertisingIdClient(19358): 	at com.google.android.music.utils.LoggableHandler.dispatchMessage(LoggableHandler.java:74)
11-16 08:57:26.546: W/AdvertisingIdClient(19358): 	at android.os.Looper.loop(Looper.java:193)
11-16 08:57:26.546: W/AdvertisingIdClient(19358): 	at android.os.HandlerThread.run(HandlerThread.java:65)
11-16 08:57:26.549: I/Dialer(19277): Flags.register - phenotype register status: true
11-16 08:57:26.550: D/AwarenessRouter(19358): 0 fences already registered
11-16 08:57:26.554: D/AwarenessRouter(19358): Successfully removed 0 context fences
11-16 08:57:26.554: I/vedata.ktx.tes(19447): The ClassLoaderContext is a special shared library.
11-16 08:57:26.558: I/vedata.ktx.tes(19447): The ClassLoaderContext is a special shared library.
11-16 08:57:26.561: W/libprocessgroup(1220): kill(-18513, 9) failed: No such process
11-16 08:57:26.561: I/libprocessgroup(1220): Successfully killed process cgroup uid 10014 pid 18513 in 44ms
11-16 08:57:26.580: W/YT(19457): Last known version:13.23.60
11-16 08:57:26.599: W/Icing(13468): No valid account for uploading user actions
11-16 08:57:26.604: I/Icing(13468): Usage reports ok 0, Failed Usage reports 0, indexed 0, rejected 0
11-16 08:57:26.610: I/Dialer(19277): Flags.register - commit succeeded: true
11-16 08:57:26.610: I/Icing(13468): Indexing com.google.android.gms-apps from com.google.android.gms
11-16 08:57:26.611: W/YouTube(19457): Fetching the Gservices key 'failsafe_clear_cache_release_13_02' before the end of the bulk initialization
11-16 08:57:26.666: E/android.youtub(19457): The String#value field is not present on Android versions >= 6.0
11-16 08:57:26.685: E/YouTube(19457): flushBinderConnectionCallbacks is unverified on SDK 28
11-16 08:57:26.687: D/ConnectivityService(1220): Returning BLOCKED NetworkInfo to uid=10080
11-16 08:57:26.695: W/android.youtub(19457): Unknown chunk type '200'.
11-16 08:57:26.704: I/android.youtub(19457): The ClassLoaderContext is a special shared library.
11-16 08:57:26.726: I/chatty(19457): uid=10080(com.google.android.youtube) initCrit2-1 identical 1 line
