11-16 08:57:26.733: I/android.youtub(19457): The ClassLoaderContext is a special shared library.
11-16 08:57:26.741: I/Icing(13468): Indexing done com.google.android.gms-apps
11-16 08:57:26.786: I/android.youtub(19457): Waiting for a blocking GC AddRemoveAppImageSpace
11-16 08:57:26.798: I/android.youtub(19457): WaitForGcToComplete blocked AddRemoveAppImageSpace on HeapTrim for 11.954ms
11-16 08:57:26.810: E/YouTube(19457): Failed delayed event dispatch, no dispatchers.
11-16 08:57:26.824: W/android.youtub(19457): Unsupported class loader
11-16 08:57:26.841: W/android.youtub(19457): Skipping duplicate class check due to unsupported classloader
11-16 08:57:26.845: I/DynamiteModule(19457): Considering local module com.google.android.gms.ads.dynamite:0 and remote module com.google.android.gms.ads.dynamite:213806100
11-16 08:57:26.845: I/DynamiteModule(19457): Selected remote version of com.google.android.gms.ads.dynamite, version >= 213806100
11-16 08:57:26.881: W/vedata.ktx.tes(19447): Accessing hidden method Landroid/app/Instrumentation;->execStartActivity(Landroid/content/Context;Landroid/os/IBinder;Landroid/os/IBinder;Landroid/app/Activity;Landroid/content/Intent;ILandroid/os/Bundle;)Landroid/app/Instrumentation$ActivityResult; (light greylist, linking)
11-16 08:57:26.881: W/vedata.ktx.tes(19447): Accessing hidden method Landroid/app/Instrumentation;->execStartActivity(Landroid/content/Context;Landroid/os/IBinder;Landroid/os/IBinder;Ljava/lang/String;Landroid/content/Intent;ILandroid/os/Bundle;)Landroid/app/Instrumentation$ActivityResult; (light greylist, linking)
11-16 08:57:26.887: I/MonitoringInstr(19447): Instrumentation started!
11-16 08:57:26.896: V/TestEventClient(19447): No service name argument was given (testDiscoveryService, testRunEventService or orchestratorService)
11-16 08:57:26.897: I/MonitoringInstr(19447): No JSBridge.
11-16 08:57:26.911: W/android.youtub(19457): Unsupported class loader
11-16 08:57:26.916: D/InfraTrack(19447): Tracking disabled due to lack of internet permissions
11-16 08:57:26.916: I/UsageTrackerFacilitator(19447): Usage tracking disabled
11-16 08:57:26.918: I/CrashMetricService(19457): Startup metric for 'PRIMES_CRASH_MONITORING_INITIALIZED' dropped.
11-16 08:57:26.931: W/android.youtub(19457): Skipping duplicate class check due to unsupported classloader
11-16 08:57:26.932: I/TestRequestBuilder(19447): Scanning classpath to find tests in paths [/data/app/androidx.lifecycle.livedata.ktx.test-m3lSfLhvnU3PiSlJ36sO-A==/base.apk]
11-16 08:57:26.935: W/vedata.ktx.tes(19447): Opening an oat file without a class loader. Are you using the deprecated DexFile APIs?
11-16 08:57:26.985: I/ActivityManager(1220): Killing 18552:com.google.android.apps.docs/u0a128 (adj 906): empty #17
11-16 08:57:26.986: W/libprocessgroup(1220): kill(-18552, 9) failed: No such process
11-16 08:57:26.989: I/akhr(10917): Scheduling Phenotype for a PhenotypeSyncImmediately(13, com.google.android.googlequicksearchbox) one off with window [1, 2] in seconds [CONTEXT service_id=51 ]
11-16 08:57:26.993: W/libprocessgroup(1220): kill(-18552, 9) failed: No such process
11-16 08:57:26.999: I/ActivityManager(1220): Start proc 19567:com.google.intelligence.sense/u0a31 for broadcast com.google.intelligence.sense/.ambientmusic.SystemBroadcastReceiver
11-16 08:57:27.002: W/SearchServiceCore(10128): Abort, client detached.
11-16 08:57:27.002: W/SearchServiceCore(10128): Abort, client detached.
11-16 08:57:27.014: E/elligence.sens(19567): Not starting debugger since process cannot load the jdwp agent.
11-16 08:57:27.019: I/BgTaskExecutorImpl(10128): Starting EXCLUSIVE background task FETCH_CONFIGS_FROM_PHENOTYPE.
11-16 08:57:27.038: W/libprocessgroup(1220): kill(-18552, 9) failed: No such process
11-16 08:57:27.046: E/ExecutionCriteria(10917): Package unavailable for task: com.google.android.apps.gcs/com.google.android.flib.phenotype.services.PhenotypeExperimentCommitService{u=0 tag="PhenotypeExpCommitSvc" trigger=window{start=0s,end=30s,earliest=-1158s,latest=-1128s} requirements=[NET_ANY] attributes=[PERSISTED] scheduled=-1158s last_run=N/A exec_window_multiplier=1.0000 jid=N/A status=PENDING retries=0 client_lib=MANCHEGO_GCM-11732000} [CONTEXT service_id=218 ]
11-16 08:57:27.065: I/Zygote(731): Process 18552 exited due to signal (9)
11-16 08:57:27.083: W/libprocessgroup(1220): kill(-18552, 9) failed: No such process
11-16 08:57:27.084: I/libprocessgroup(1220): Successfully killed process cgroup uid 10128 pid 18552 in 98ms
11-16 08:57:27.084: I/.gms.persisten(10917): Background concurrent copying GC freed 200473(10MB) AllocSpace objects, 34(1132KB) LOS objects, 50% free, 14MB/28MB, paused 30us total 108.465ms
11-16 08:57:27.099: W/native(19567): commandlineflags.cc:1511 Ignoring RegisterValidateFunction() for flag pointer 0x7eddc9f598: no flag found at that address
11-16 08:57:27.112: I/FirebaseJobDispatcher(3656): onStartJob(): DefaultStickerUpdate.
11-16 08:57:27.113: I/DefaultStickerUpdate(3656): Submitted task to executor service with data=DefaultStickerTaskData{enabled=true, metadataUriPrefix=https://www.gstatic.com/android/keyboard/stickers/configs/v5/, supportedLanguage=en}
11-16 08:57:27.120: E/ExecutionCriteria(10917): Package unavailable for task: com.google.android.apps.gcs/com.google.android.flib.phenotype.services.PhenotypeExperimentCommitService{u=0 tag="PhenotypeExpCommitSvc" trigger=window{start=0s,end=30s,earliest=-1158s,latest=-1128s} requirements=[NET_ANY] attributes=[PERSISTED] scheduled=-1158s last_run=N/A exec_window_multiplier=1.0000 jid=N/A status=PENDING retries=0 client_lib=MANCHEGO_GCM-11732000} [CONTEXT service_id=218 ]
11-16 08:57:27.129: D/NetworkSecurityConfig(3656): No Network Security Config specified, using platform default
11-16 08:57:27.132: I/NetworkScheduler.Stats(10917): Task com.google.android.inputmethod.latin/ started execution. cause:7 exec_start_elapsed_seconds: 1257 [CONTEXT service_id=218 ]
11-16 08:57:27.132: E/elligence.sens(19567): The String#value field is not present on Android versions >= 6.0
11-16 08:57:27.153: I/DefaultStickerUpdate(3656): Started update task with DefaultStickerTaskData{enabled=true, metadataUriPrefix=https://www.gstatic.com/android/keyboard/stickers/configs/v5/, supportedLanguage=en}
11-16 08:57:27.161: I/DefaultStickerUpdate(3656): Read metadata file from cache with 267141 bytes
11-16 08:57:27.162: I/Superpacks(19567): Releasing all superpacks except ambientmusic-index-17_09_02
11-16 08:57:27.169: W/NotificationService(1220): Notification policy access denied calling getAutomaticZenRules
11-16 08:57:27.171: I/ActivityManager(1220): Killing 18698:com.google.android.apps.maps/u0a102 (adj 906): empty #17
11-16 08:57:27.173: W/libprocessgroup(1220): kill(-18698, 9) failed: No such process
11-16 08:57:27.181: D/DynamitePackage(19457): Instantiated singleton DynamitePackage.
11-16 08:57:27.183: D/DynamitePackage(19457): Instantiating com.google.android.gms.ads.adshield.ChimeraAdShieldCreatorImpl
11-16 08:57:27.186: W/libprocessgroup(1220): kill(-18698, 9) failed: No such process
11-16 08:57:27.186: I/ActivityManager(1220): Start proc 19610:com.google.android.apps.chromecast.app/u0a149 for broadcast com.google.android.apps.chromecast.app/com.google.android.libraries.notifications.entrypoints.localechanged.LocaleChangedReceiver
11-16 08:57:27.191: E/.chromecast.ap(19610): Not starting debugger since process cannot load the jdwp agent.
11-16 08:57:27.207: I/Superpacks(19567): Starting garbage collection
11-16 08:57:27.208: I/.chromecast.ap(19610): The ClassLoaderContext is a special shared library.
11-16 08:57:27.212: W/libprocessgroup(1220): kill(-18698, 9) failed: No such process
11-16 08:57:27.213: W/Superpacks(19567): isDirectory returned false while listing files for /data/user/0/com.google.intelligence.sense/files/superpacks
11-16 08:57:27.256: W/libprocessgroup(1220): kill(-18698, 9) failed: No such process
11-16 08:57:27.286: I/Zygote(731): Process 18698 exited due to signal (9)
11-16 08:57:27.287: D/BoundBrokerSvc(10917): onUnbind: Intent { act=com.google.android.gms.clearcut.bootcount.service.START pkg=com.google.android.gms }
11-16 08:57:27.288: D/BoundBrokerSvc(13468): onUnbind: Intent { act=com.google.android.gms.measurement.START pkg=com.google.android.gms }
11-16 08:57:27.298: W/libprocessgroup(1220): kill(-18698, 9) failed: No such process
11-16 08:57:27.298: I/libprocessgroup(1220): Successfully killed process cgroup uid 10102 pid 18698 in 125ms
11-16 08:57:27.520: I/DefaultStickerUpdate(3656): Received 6 sticker packs in metadata
11-16 08:57:27.561: I/dex2oat(19638): The ClassLoaderContext is a special shared library.
11-16 08:57:27.575: I/dex2oat(19638): /system/bin/dex2oat --dex-file=/data/user/0/com.google.android.youtube/cache/1629828815138.jar --output-vdex-fd=80 --oat-fd=81 --oat-location=/data/user/0/com.google.android.youtube/cache/oat/arm64/1629828815138.odex --compiler-filter=quicken --class-loader-context=&
11-16 08:57:27.592: W/.chromecast.ap(19610): JIT profile information will not be recorded: profile file does not exits.
11-16 08:57:27.592: I/chatty(19610): uid=10149(com.google.android.apps.chromecast.app) identical 1 line
11-16 08:57:27.592: W/.chromecast.ap(19610): JIT profile information will not be recorded: profile file does not exits.
11-16 08:57:27.642: W/PrimesInit(19610): Primes instant initialization
11-16 08:57:27.644: W/Primes(19610): background initialization
11-16 08:57:27.647: I/vedata.ktx.tes(19447): Rejecting re-init on previously-failed class java.lang.Class<com.sun.jna.platform.dnd.DragHandler>: java.lang.NoClassDefFoundError: Failed resolution of: Ljava/awt/dnd/DragSourceListener;
11-16 08:57:27.647: I/vedata.ktx.tes(19447):   at java.lang.Class java.lang.Class.classForName(java.lang.String, boolean, java.lang.ClassLoader) (Class.java:-2)
11-16 08:57:27.647: I/vedata.ktx.tes(19447):   at java.lang.Class java.lang.Class.forName(java.lang.String, boolean, java.lang.ClassLoader) (Class.java:453)
11-16 08:57:27.647: I/vedata.ktx.tes(19447):   at void androidx.test.internal.runner.TestLoader.doCreateRunner(java.lang.String, boolean) (TestLoader.java:72)
11-16 08:57:27.647: I/vedata.ktx.tes(19447):   at java.util.List androidx.test.internal.runner.TestLoader.getRunnersFor(java.util.Collection, boolean) (TestLoader.java:105)
11-16 08:57:27.647: I/vedata.ktx.tes(19447):   at org.junit.runner.Request androidx.test.internal.runner.TestRequestBuilder.build() (TestRequestBuilder.java:804)
11-16 08:57:27.647: I/vedata.ktx.tes(19447):   at org.junit.runner.Request androidx.test.runner.AndroidJUnitRunner.buildRequest(androidx.test.internal.runner.RunnerArgs, android.os.Bundle) (AndroidJUnitRunner.java:613)
11-16 08:57:27.647: I/vedata.ktx.tes(19447):   at void androidx.test.runner.AndroidJUnitRunner.onStart() (AndroidJUnitRunner.java:411)
11-16 08:57:27.647: I/vedata.ktx.tes(19447):   at void android.app.Instrumentation$InstrumentationThread.run() (Instrumentation.java:2145)
11-16 08:57:27.647: I/vedata.ktx.tes(19447): Caused by: java.lang.ClassNotFoundException: Didn't find class "java.awt.dnd.DragSourceListener" on path: DexPathList[[zip file "/system/framework/android.test.mock.jar", zip file "/system/framework/android.test.runner.jar", zip file "/data/app/androidx.lifecycle.livedata.ktx.test-m3lSfLhvnU3PiSlJ36sO-A==/base.apk"],nativeLibraryDirectories=[/data/app/androidx.lifecycle.livedata.ktx.test-m3lSfLhvnU3PiSlJ36sO-A==/lib/arm64, /system/lib64]]
11-16 08:57:27.647: I/vedata.ktx.tes(19447):   at java.lang.Class dalvik.system.BaseDexClassLoader.findClass(java.lang.String) (BaseDexClassLoader.java:134)
11-16 08:57:27.647: I/vedata.ktx.tes(19447):   at java.lang.Class java.lang.ClassLoader.loadClass(java.lang.String, boolean) (ClassLoader.java:379)
11-16 08:57:27.647: I/vedata.ktx.tes(19447):   at java.lang.Class java.lang.ClassLoader.loadClass(java.lang.String) (ClassLoader.java:312)
11-16 08:57:27.647: I/vedata.ktx.tes(19447):   at java.lang.Class java.lang.Class.classForName(java.lang.String, boolean, java.lang.ClassLoader) (Class.java:-2)
11-16 08:57:27.647: I/vedata.ktx.tes(19447):   at java.lang.Class java.lang.Class.forName(java.lang.String, boolean, java.lang.ClassLoader) (Class.java:453)
11-16 08:57:27.647: I/vedata.ktx.tes(19447):   at void androidx.test.internal.runner.TestLoader.doCreateRunner(java.lang.String, boolean) (TestLoader.java:72)
11-16 08:57:27.647: I/vedata.ktx.tes(19447):   at java.util.List androidx.test.internal.runner.TestLoader.getRunnersFor(java.util.Collection, boolean) (TestLoader.java:105)
11-16 08:57:27.647: I/vedata.ktx.tes(19447):   at org.junit.runner.Request androidx.test.internal.runner.TestRequestBuilder.build() (TestRequestBuilder.java:804)
11-16 08:57:27.647: I/vedata.ktx.tes(19447):   at org.junit.runner.Request androidx.test.runner.AndroidJUnitRunner.buildRequest(androidx.test.internal.runner.RunnerArgs, android.os.Bundle) (AndroidJUnitRunner.java:613)
11-16 08:57:27.647: I/vedata.ktx.tes(19447):   at void androidx.test.runner.AndroidJUnitRunner.onStart() (AndroidJUnitRunner.java:411)
11-16 08:57:27.647: I/vedata.ktx.tes(19447):   at void android.app.Instrumentation$InstrumentationThread.run() (Instrumentation.java:2145)
11-16 08:57:27.647: E/TestLoader(19447): Could not find class: com.sun.jna.platform.dnd.DragHandler
11-16 08:57:27.648: I/vedata.ktx.tes(19447): Rejecting re-init on previously-failed class java.lang.Class<com.sun.jna.platform.dnd.DropHandler>: java.lang.NoClassDefFoundError: Failed resolution of: Ljava/awt/dnd/DropTargetListener;
11-16 08:57:27.648: I/vedata.ktx.tes(19447):   at java.lang.Class java.lang.Class.classForName(java.lang.String, boolean, java.lang.ClassLoader) (Class.java:-2)
11-16 08:57:27.648: I/vedata.ktx.tes(19447):   at java.lang.Class java.lang.Class.forName(java.lang.String, boolean, java.lang.ClassLoader) (Class.java:453)
11-16 08:57:27.648: I/vedata.ktx.tes(19447):   at void androidx.test.internal.runner.TestLoader.doCreateRunner(java.lang.String, boolean) (TestLoader.java:72)
11-16 08:57:27.648: I/vedata.ktx.tes(19447):   at java.util.List androidx.test.internal.runner.TestLoader.getRunnersFor(java.util.Collection, boolean) (TestLoader.java:105)
11-16 08:57:27.648: I/vedata.ktx.tes(19447):   at org.junit.runner.Request androidx.test.internal.runner.TestRequestBuilder.build() (TestRequestBuilder.java:804)
11-16 08:57:27.648: I/vedata.ktx.tes(19447):   at org.junit.runner.Request androidx.test.runner.AndroidJUnitRunner.buildRequest(androidx.test.internal.runner.RunnerArgs, android.os.Bundle) (AndroidJUnitRunner.java:613)
11-16 08:57:27.648: I/vedata.ktx.tes(19447):   at void androidx.test.runner.AndroidJUnitRunner.onStart() (AndroidJUnitRunner.java:411)
11-16 08:57:27.648: I/vedata.ktx.tes(19447):   at void android.app.Instrumentation$InstrumentationThread.run() (Instrumentation.java:2145)
11-16 08:57:27.648: I/vedata.ktx.tes(19447): Caused by: java.lang.ClassNotFoundException: Didn't find class "java.awt.dnd.DropTargetListener" on path: DexPathList[[zip file "/system/framework/android.test.mock.jar", zip file "/system/framework/android.test.runner.jar", zip file "/data/app/androidx.lifecycle.livedata.ktx.test-m3lSfLhvnU3PiSlJ36sO-A==/base.apk"],nativeLibraryDirectories=[/data/app/androidx.lifecycle.livedata.ktx.test-m3lSfLhvnU3PiSlJ36sO-A==/lib/arm64, /system/lib64]]
11-16 08:57:27.648: I/vedata.ktx.tes(19447):   at java.lang.Class dalvik.system.BaseDexClassLoader.findClass(java.lang.String) (BaseDexClassLoader.java:134)
11-16 08:57:27.648: I/vedata.ktx.tes(19447):   at java.lang.Class java.lang.ClassLoader.loadClass(java.lang.String, boolean) (ClassLoader.java:379)
11-16 08:57:27.648: I/vedata.ktx.tes(19447):   at java.lang.Class java.lang.ClassLoader.loadClass(java.lang.String) (ClassLoader.java:312)
11-16 08:57:27.648: I/vedata.ktx.tes(19447):   at java.lang.Class java.lang.Class.classForName(java.lang.String, boolean, java.lang.ClassLoader) (Class.java:-2)
11-16 08:57:27.648: I/vedata.ktx.tes(19447):   at java.lang.Class java.lang.Class.forName(java.lang.String, boolean, java.lang.ClassLoader) (Class.java:453)
11-16 08:57:27.648: I/vedata.ktx.tes(19447):   at void androidx.test.internal.runner.TestLoader.doCreateRunner(java.lang.String, boolean) (TestLoader.java:72)
11-16 08:57:27.648: I/vedata.ktx.tes(19447):   at java.util.List androidx.test.internal.runner.TestLoader.getRunnersFor(java.util.Collection, boolean) (TestLoader.java:105)
11-16 08:57:27.648: I/vedata.ktx.tes(19447):   at org.junit.runner.Request androidx.test.internal.runner.TestRequestBuilder.build() (TestRequestBuilder.java:804)
11-16 08:57:27.648: I/vedata.ktx.tes(19447):   at org.junit.runner.Request androidx.test.runner.AndroidJUnitRunner.buildRequest(androidx.test.internal.runner.RunnerArgs, android.os.Bundle) (AndroidJUnitRunner.java:613)
11-16 08:57:27.648: I/vedata.ktx.tes(19447):   at void androidx.test.runner.AndroidJUnitRunner.onStart() (AndroidJUnitRunner.java:411)
11-16 08:57:27.648: I/vedata.ktx.tes(19447):   at void android.app.Instrumentation$InstrumentationThread.run() (Instrumentation.java:2145)
11-16 08:57:27.648: E/TestLoader(19447): Could not find class: com.sun.jna.platform.dnd.DropHandler
11-16 08:57:27.652: I/DefaultStickerUpdate(3656): Created 152 indexables
11-16 08:57:27.656: D/BoundBrokerSvc(10917): onUnbind: Intent { act=com.google.android.gms.nearby.exposurenotification.START cmp=com.google.android.gms/.chimera.PersistentApiService }
11-16 08:57:27.660: I/OpaEnabledReceiver(3676): Dispatching OPA eligble = true; AGSA = true; OPA enabled = true
11-16 08:57:27.660: I/OpaLayout(3676): Setting opa enabled to true
11-16 08:57:27.660: I/OpaLayout(3676): Setting opa enabled to true
11-16 08:57:27.675: I/OpaEligibilityChecker(10128): send OpaEligibilityChange broadcast to CommonBroadcastReceiver
11-16 08:57:27.678: I/OpaEnabledReceiver(3676): Dispatching OPA eligble = true; AGSA = true; OPA enabled = true
11-16 08:57:27.678: I/OpaLayout(3676): Setting opa enabled to true
11-16 08:57:27.678: I/OpaLayout(3676): Setting opa enabled to true
11-16 08:57:27.688: I/OpaEnabledReceiver(3676): Dispatching OPA eligble = true; AGSA = true; OPA enabled = true
11-16 08:57:27.688: I/OpaLayout(3676): Setting opa enabled to true
11-16 08:57:27.688: I/OpaLayout(3676): Setting opa enabled to true
11-16 08:57:27.696: I/Icing(13468): Indexing com.google.android.gms-internal.3p:MobileApplication from com.google.android.gms
11-16 08:57:27.706: I/BlobLobber(10128): Canceling downloads: [odws2_en:us:807_2019-07-21_260300236_release_signed]
11-16 08:57:27.706: I/BlobLobber(10128): Failed to cancel [odws2_en:us:807_2019-07-21_260300236_release_signed]
11-16 08:57:27.710: I/BlobLobber(10128): Canceling downloads: []
11-16 08:57:27.711: I/OpaEligibilityChecker(10128): send OpaEligibilityChange broadcast to CommonBroadcastReceiver
11-16 08:57:27.713: I/BgTaskExecutorImpl(10128): Starting EXCLUSIVE background task BLOBLOBBER_SYNC.
11-16 08:57:27.718: I/OpaEnabledReceiver(3676): Dispatching OPA eligble = true; AGSA = true; OPA enabled = true
11-16 08:57:27.718: I/OpaLayout(3676): Setting opa enabled to true
11-16 08:57:27.719: I/OpaLayout(3676): Setting opa enabled to true
11-16 08:57:27.730: I/PrimesTesting(19610): GserviceFlagsSupplier.get()
11-16 08:57:27.738: I/Icing(13468): Indexing done com.google.android.gms-internal.3p:MobileApplication
11-16 08:57:27.738: I/EventLogSendingHelper(10128): Sending log events.
11-16 08:57:27.740: I/Icing(13468): Indexing com.android.chrome-internal.3p:WebPage from com.android.chrome
11-16 08:57:27.741: I/VelourConfigListener(10128): Received new velour config
11-16 08:57:27.742: I/VelourConfigListener(10128): Received new velour config
11-16 08:57:27.781: I/BgTaskExecutorImpl(10128): Starting EXCLUSIVE background task VELOUR_BACKGROUND_MAINTENANCE.
11-16 08:57:27.787: E/SQLiteLog(13468): (1) no such table: WebPage_com.android.chrome_seq_table
11-16 08:57:27.787: E/Icing(13468): Cursor call threw an exception: no such table: WebPage_com.android.chrome_seq_table (code 1 SQLITE_ERROR): , while compiling: SELECT * FROM [WebPage_com.android.chrome_seq_table] WHERE seqno>0 AND tag IS NULL ORDER BY seqno LIMIT 20
11-16 08:57:27.788: I/Icing(13468): Indexing done com.android.chrome-internal.3p:WebPage
11-16 08:57:27.788: E/Icing(13468): Aborting indexing of corpus internal.3p:WebPage
11-16 08:57:27.793: I/dex2oat(19638): dex2oat took 246.092ms (68.857ms cpu) (threads: 8) arena alloc=14KB (14840B) java alloc=48KB (49168B) native alloc=905KB (927104B) free=2MB (2218624B)
11-16 08:57:27.798: I/EventLogSendingHelper(10128): Sending log events.
11-16 08:57:27.819: I/android.youtub(19457): The ClassLoaderContext is a special shared library.
11-16 08:57:27.826: W/earchbox:searc(10128): Unsupported class loader
11-16 08:57:27.850: D/ConnectivityService(1220): requestNetwork for uid/pid:10080/19457 NetworkRequest [ TRACK_DEFAULT id=60, [ Capabilities: INTERNET&NOT_RESTRICTED&TRUSTED Unwanted:  Uid: 10080] ]
11-16 08:57:27.851: D/Ethernet(1220): got request NetworkRequest [ TRACK_DEFAULT id=60, [ Capabilities: INTERNET&NOT_RESTRICTED&TRUSTED Unwanted:  Uid: 10080] ] with score 60
11-16 08:57:27.851: D/WIFI(1220): got request NetworkRequest [ TRACK_DEFAULT id=60, [ Capabilities: INTERNET&NOT_RESTRICTED&TRUSTED Unwanted:  Uid: 10080] ] with score 60
11-16 08:57:27.851: D/WIFI_UT(1220): got request NetworkRequest [ TRACK_DEFAULT id=60, [ Capabilities: INTERNET&NOT_RESTRICTED&TRUSTED Unwanted:  Uid: 10080] ] with score 60
11-16 08:57:27.851: D/WIFI_AWARE_FACTORY(1220): got request NetworkRequest [ TRACK_DEFAULT id=60, [ Capabilities: INTERNET&NOT_RESTRICTED&TRUSTED Unwanted:  Uid: 10080] ] with score 60
11-16 08:57:27.851: D/PhoneSwitcherNetworkRequstListener(3803): got request NetworkRequest [ TRACK_DEFAULT id=60, [ Capabilities: INTERNET&NOT_RESTRICTED&TRUSTED Unwanted:  Uid: 10080] ] with score 60
11-16 08:57:27.868: I/vedata.ktx.tes(19447): Rejecting re-init on previously-failed class java.lang.Class<kotlinx.coroutines.debug.CoroutinesBlockHoundIntegration>: java.lang.NoClassDefFoundError: Failed resolution of: Lreactor/blockhound/integration/BlockHoundIntegration;
11-16 08:57:27.868: I/vedata.ktx.tes(19447):   at java.lang.Class java.lang.Class.classForName(java.lang.String, boolean, java.lang.ClassLoader) (Class.java:-2)
11-16 08:57:27.868: I/vedata.ktx.tes(19447):   at java.lang.Class java.lang.Class.forName(java.lang.String, boolean, java.lang.ClassLoader) (Class.java:453)
11-16 08:57:27.868: I/vedata.ktx.tes(19447):   at void androidx.test.internal.runner.TestLoader.doCreateRunner(java.lang.String, boolean) (TestLoader.java:72)
11-16 08:57:27.868: I/vedata.ktx.tes(19447):   at java.util.List androidx.test.internal.runner.TestLoader.getRunnersFor(java.util.Collection, boolean) (TestLoader.java:105)
11-16 08:57:27.868: I/vedata.ktx.tes(19447):   at org.junit.runner.Request androidx.test.internal.runner.TestRequestBuilder.build() (TestRequestBuilder.java:804)
11-16 08:57:27.868: I/vedata.ktx.tes(19447):   at org.junit.runner.Request androidx.test.runner.AndroidJUnitRunner.buildRequest(androidx.test.internal.runner.RunnerArgs, android.os.Bundle) (AndroidJUnitRunner.java:613)
11-16 08:57:27.868: I/vedata.ktx.tes(19447):   at void androidx.test.runner.AndroidJUnitRunner.onStart() (AndroidJUnitRunner.java:411)
11-16 08:57:27.868: I/vedata.ktx.tes(19447):   at void android.app.Instrumentation$InstrumentationThread.run() (Instrumentation.java:2145)
11-16 08:57:27.868: I/vedata.ktx.tes(19447): Caused by: java.lang.ClassNotFoundException: Didn't find class "reactor.blockhound.integration.BlockHoundIntegration" on path: DexPathList[[zip file "/system/framework/android.test.mock.jar", zip file "/system/framework/android.test.runner.jar", zip file "/data/app/androidx.lifecycle.livedata.ktx.test-m3lSfLhvnU3PiSlJ36sO-A==/base.apk"],nativeLibraryDirectories=[/data/app/androidx.lifecycle.livedata.ktx.test-m3lSfLhvnU3PiSlJ36sO-A==/lib/arm64, /system/lib64]]
11-16 08:57:27.868: I/vedata.ktx.tes(19447):   at java.lang.Class dalvik.system.BaseDexClassLoader.findClass(java.lang.String) (BaseDexClassLoader.java:134)
11-16 08:57:27.868: I/vedata.ktx.tes(19447):   at java.lang.Class java.lang.ClassLoader.loadClass(java.lang.String, boolean) (ClassLoader.java:379)
11-16 08:57:27.868: I/vedata.ktx.tes(19447):   at java.lang.Class java.lang.ClassLoader.loadClass(java.lang.String) (ClassLoader.java:312)
11-16 08:57:27.868: I/vedata.ktx.tes(19447):   at java.lang.Class java.lang.Class.classForName(java.lang.String, boolean, java.lang.ClassLoader) (Class.java:-2)
11-16 08:57:27.868: I/vedata.ktx.tes(19447):   at java.lang.Class java.lang.Class.forName(java.lang.String, boolean, java.lang.ClassLoader) (Class.java:453)
11-16 08:57:27.868: I/vedata.ktx.tes(19447):   at void androidx.test.internal.runner.TestLoader.doCreateRunner(java.lang.String, boolean) (TestLoader.java:72)
11-16 08:57:27.868: I/vedata.ktx.tes(19447):   at java.util.List androidx.test.internal.runner.TestLoader.getRunnersFor(java.util.Collection, boolean) (TestLoader.java:105)
11-16 08:57:27.868: I/vedata.ktx.tes(19447):   at org.junit.runner.Request androidx.test.internal.runner.TestRequestBuilder.build() (TestRequestBuilder.java:804)
11-16 08:57:27.868: I/vedata.ktx.tes(19447):   at org.junit.runner.Request androidx.test.runner.AndroidJUnitRunner.buildRequest(androidx.test.internal.runner.RunnerArgs, android.os.Bundle) (AndroidJUnitRunner.java:613)
11-16 08:57:27.868: I/vedata.ktx.tes(19447):   at void androidx.test.runner.AndroidJUnitRunner.onStart() (AndroidJUnitRunner.java:411)
11-16 08:57:27.868: I/vedata.ktx.tes(19447):   at void android.app.Instrumentation$InstrumentationThread.run() (Instrumentation.java:2145)
11-16 08:57:27.868: E/TestLoader(19447): Could not find class: kotlinx.coroutines.debug.CoroutinesBlockHoundIntegration
11-16 08:57:27.871: I/vedata.ktx.tes(19447): Rejecting re-init on previously-failed class java.lang.Class<kotlinx.coroutines.debug.junit5.CoroutinesTimeoutExtension>: java.lang.NoClassDefFoundError: Failed resolution of: Lorg/junit/jupiter/api/extension/InvocationInterceptor;
11-16 08:57:27.871: I/vedata.ktx.tes(19447):   at java.lang.Class java.lang.Class.classForName(java.lang.String, boolean, java.lang.ClassLoader) (Class.java:-2)
11-16 08:57:27.871: I/vedata.ktx.tes(19447):   at java.lang.Class java.lang.Class.forName(java.lang.String, boolean, java.lang.ClassLoader) (Class.java:453)
11-16 08:57:27.871: I/vedata.ktx.tes(19447):   at void androidx.test.internal.runner.TestLoader.doCreateRunner(java.lang.String, boolean) (TestLoader.java:72)
11-16 08:57:27.871: I/vedata.ktx.tes(19447):   at java.util.List androidx.test.internal.runner.TestLoader.getRunnersFor(java.util.Collection, boolean) (TestLoader.java:105)
11-16 08:57:27.871: I/vedata.ktx.tes(19447):   at org.junit.runner.Request androidx.test.internal.runner.TestRequestBuilder.build() (TestRequestBuilder.java:804)
11-16 08:57:27.871: I/vedata.ktx.tes(19447):   at org.junit.runner.Request androidx.test.runner.AndroidJUnitRunner.buildRequest(androidx.test.internal.runner.RunnerArgs, android.os.Bundle) (AndroidJUnitRunner.java:613)
11-16 08:57:27.871: I/vedata.ktx.tes(19447):   at void androidx.test.runner.AndroidJUnitRunner.onStart() (AndroidJUnitRunner.java:411)
11-16 08:57:27.871: I/vedata.ktx.tes(19447):   at void android.app.Instrumentation$InstrumentationThread.run() (Instrumentation.java:2145)
11-16 08:57:27.871: I/vedata.ktx.tes(19447): Caused by: java.lang.ClassNotFoundException: Didn't find class "org.junit.jupiter.api.extension.InvocationInterceptor" on path: DexPathList[[zip file "/system/framework/android.test.mock.jar", zip file "/system/framework/android.test.runner.jar", zip file "/data/app/androidx.lifecycle.livedata.ktx.test-m3lSfLhvnU3PiSlJ36sO-A==/base.apk"],nativeLibraryDirectories=[/data/app/androidx.lifecycle.livedata.ktx.test-m3lSfLhvnU3PiSlJ36sO-A==/lib/arm64, /system/lib64]]
11-16 08:57:27.871: I/vedata.ktx.tes(19447):   at java.lang.Class dalvik.system.BaseDexClassLoader.findClass(java.lang.String) (BaseDexClassLoader.java:134)
11-16 08:57:27.871: I/vedata.ktx.tes(19447):   at java.lang.Class java.lang.ClassLoader.loadClass(java.lang.String, boolean) (ClassLoader.java:379)
11-16 08:57:27.871: I/vedata.ktx.tes(19447):   at java.lang.Class java.lang.ClassLoader.loadClass(java.lang.String) (ClassLoader.java:312)
11-16 08:57:27.871: I/vedata.ktx.tes(19447):   at java.lang.Class java.lang.Class.classForName(java.lang.String, boolean, java.lang.ClassLoader) (Class.java:-2)
11-16 08:57:27.871: I/vedata.ktx.tes(19447):   at java.lang.Class java.lang.Class.forName(java.lang.String, boolean, java.lang.ClassLoader) (Class.java:453)
11-16 08:57:27.871: I/vedata.ktx.tes(19447):   at void androidx.test.internal.runner.TestLoader.doCreateRunner(java.lang.String, boolean) (TestLoader.java:72)
11-16 08:57:27.871: I/vedata.ktx.tes(19447):   at java.util.List androidx.test.internal.runner.TestLoader.getRunnersFor(java.util.Collection, boolean) (TestLoader.java:105)
11-16 08:57:27.871: I/vedata.ktx.tes(19447):   at org.junit.runner.Request androidx.test.internal.runner.TestRequestBuilder.build() (TestRequestBuilder.java:804)
11-16 08:57:27.871: I/vedata.ktx.tes(19447):   at org.junit.runner.Request androidx.test.runner.AndroidJUnitRunner.buildRequest(androidx.test.internal.runner.RunnerArgs, android.os.Bundle) (AndroidJUnitRunner.java:613)
11-16 08:57:27.871: I/vedata.ktx.tes(19447):   at void androidx.test.runner.AndroidJUnitRunner.onStart() (AndroidJUnitRunner.java:411)
11-16 08:57:27.871: I/vedata.ktx.tes(19447):   at void android.app.Instrumentation$InstrumentationThread.run() (Instrumentation.java:2145)
11-16 08:57:27.872: E/TestLoader(19447): Could not find class: kotlinx.coroutines.debug.junit5.CoroutinesTimeoutExtension
11-16 08:57:27.881: I/android.youtub(19457): Rejecting re-init on previously-failed class java.lang.Class<com.google.android.ads.tasks.appdigest.a>: java.lang.NoClassDefFoundError: Failed resolution of: Landroid/content/pm/PackageManager$OnChecksumsReadyListener;
11-16 08:57:27.882: I/android.youtub(19457):   at java.lang.Class dalvik.system.DexFile.defineClassNative(java.lang.String, java.lang.ClassLoader, java.lang.Object, dalvik.system.DexFile) (DexFile.java:-2)
11-16 08:57:27.882: I/android.youtub(19457):   at java.lang.Class dalvik.system.DexFile.defineClass(java.lang.String, java.lang.ClassLoader, java.lang.Object, dalvik.system.DexFile, java.util.List) (DexFile.java:283)
11-16 08:57:27.882: I/android.youtub(19457):   at java.lang.Class dalvik.system.DexFile.loadClassBinaryName(java.lang.String, java.lang.ClassLoader, java.util.List) (DexFile.java:276)
11-16 08:57:27.882: I/android.youtub(19457):   at java.lang.Class dalvik.system.DexPathList$Element.findClass(java.lang.String, java.lang.ClassLoader, java.util.List) (DexPathList.java:724)
11-16 08:57:27.882: I/android.youtub(19457):   at java.lang.Class dalvik.system.DexPathList.findClass(java.lang.String, java.util.List) (DexPathList.java:486)
11-16 08:57:27.882: I/android.youtub(19457):   at java.lang.Class dalvik.system.BaseDexClassLoader.findClass(java.lang.String) (BaseDexClassLoader.java:132)
11-16 08:57:27.882: I/android.youtub(19457):   at java.lang.Class bg.loadClass(java.lang.String, boolean) (:com.google.android.gms.dynamite_dynamiteloader@213614065@21.36.14 (100400-0):2)
11-16 08:57:27.882: I/android.youtub(19457):   at java.lang.Class java.lang.ClassLoader.loadClass(java.lang.String) (ClassLoader.java:312)
11-16 08:57:27.882: I/android.youtub(19457):   at java.util.List xu.r(yv, android.content.Context, bqi, com.google.ads.afma.g) (:com.google.android.gms.policy_ads_fdr_dynamite@213806100@213806100057.397311113.397311113:5)
11-16 08:57:27.882: I/android.youtub(19457):   at java.util.List xv.r(yv, android.content.Context, bqi, com.google.ads.afma.g) (:com.google.android.gms.policy_ads_fdr_dynamite@213806100@213806100057.397311113.397311113:4)
11-16 08:57:27.882: I/android.youtub(19457):   at void xu.s(yv, android.content.Context, bqi, com.google.ads.afma.g) (:com.google.android.gms.policy_ads_fdr_dynamite@213806100@213806100057.397311113.397311113:0)
11-16 08:57:27.882: I/android.youtub(19457):   at bqi xu.m(android.content.Context, com.google.ads.afma.g) (:com.google.android.gms.policy_ads_fdr_dynamite@213806100@213806100057.397311113.397311113:7)
11-16 08:57:27.882: I/android.youtub(19457):   at java.lang.String xp.r(android.content.Context, java.lang.String, int, android.view.View, android.app.Activity, byte[]) (:com.google.android.gms.policy_ads_fdr_dynamite@213806100@213806100057.397311113.397311113:8)
11-16 08:57:27.882: I/android.youtub(19457):   at java.lang.String xp.g(android.content.Context, byte[]) (:com.google.android.gms.policy_ads_fdr_dynamite@213806100@213806100057.397311113.397311113:2)
11-16 08:57:27.882: I/android.youtub(19457):   at java.lang.String com.google.android.gms.ads.adshield.internal.a.b(aqh, byte[]) (:com.google.android.gms.policy_ads_fdr_dynamite@213806100@213806100057.397311113.397311113:1)
11-16 08:57:27.882: I/android.youtub(19457):   at boolean com.google.android.gms.ads.adshield.internal.a.bJ(int, android.os.Parcel, android.os.Parcel) (:com.google.android.gms.policy_ads_fdr_dynamite@213806100@213806100057.397311113.397311113:54)
11-16 08:57:27.882: I/android.youtub(19457):   at boolean zg.onTransact(int, android.os.Parcel, android.os.Parcel, int) (:com.google.android.gms.policy_ads_fdr_dynamite@213806100@213806100057.397311113.397311113:4)
11-16 08:57:27.882: I/android.youtub(19457):   at boolean android.os.Binder.transact(int, android.os.Parcel, android.os.Parcel, int) (Binder.java:667)
11-16 08:57:27.882: I/android.youtub(19457):   at android.os.Parcel pcs.a(int, android.os.Parcel) (SourceFile:7)
11-16 08:57:27.882: I/android.youtub(19457):   at java.lang.String pkk.a(oms, byte[]) (SourceFile:40)
11-16 08:57:27.882: I/android.youtub(19457):   at java.lang.String nrc.a(android.content.Context, byte[]) (SourceFile:6)
11-16 08:57:27.882: I/android.youtub(19457):   at java.lang.String qis.a(android.content.Context, byte[]) (SourceFile:10)
11-16 08:57:27.882: I/android.youtub(19457):   at java.lang.String skv.a(qio, byte[]) (SourceFile:59)
11-16 08:57:27.882: I/android.youtub(19457):   at java.lang.String skv.g() (SourceFile:41)
11-16 08:57:27.882: I/android.youtub(19457):   at java.lang.String skv.b() (SourceFile:69)
11-16 08:57:27.882: I/android.youtub(19457):   at java.lang.String slq.i() (SourceFile:56)
11-16 08:57:27.882: I/android.youtub(19457):   at java.lang.String slq.b() (SourceFile:32)
11-16 08:57:27.882: I/android.youtub(19457):   at void slq.e() (SourceFile:37)
11-16 08:57:27.882: I/android.youtub(19457):   at void cmk.run() (SourceFile:7)
11-16 08:57:27.882: I/android.youtub(19457):   at java.lang.Object java.util.concurrent.Executors$RunnableAdapter.call() (Executors.java:458)
11-16 08:57:27.882: I/android.youtub(19457):   at void java.util.concurrent.FutureTask.run() (FutureTask.java:266)
11-16 08:57:27.882: I/android.youtub(19457):   at void java.util.concurrent.ScheduledThreadPoolExecutor$ScheduledFutureTask.run() (ScheduledThreadPoolExecutor.java:301)
11-16 08:57:27.882: I/android.youtub(19457):   at void java.util.concurrent.ThreadPoolExecutor.runWorker(java.util.concurrent.ThreadPoolExecutor$Worker) (ThreadPoolExecutor.java:1167)
11-16 08:57:27.882: I/android.youtub(19457):   at void java.util.concurrent.ThreadPoolExecutor$Worker.run() (ThreadPoolExecutor.java:641)
11-16 08:57:27.882: I/android.youtub(19457):   at void ubi.run() (SourceFile:20)
11-16 08:57:27.882: I/android.youtub(19457):   at void java.lang.Thread.run() (Thread.java:764)
11-16 08:57:27.882: I/android.youtub(19457): Caused by: java.lang.ClassNotFoundException: Didn't find class "android.content.pm.PackageManager$OnChecksumsReadyListener" on path: DexPathList[[zip file "/data/user_de/0/com.google.android.gms/app_chimera/m/00000011/dl-AdsFdrDynamite.integ_213806100100000.apk"],nativeLibraryDirectories=[/data/user_de/0/com.google.android.gms/app_chimera/m/00000011/dl-AdsFdrDynamite.integ_213806100100000.apk!/lib/arm64-v8a, /system/lib64]]
11-16 08:57:27.882: I/android.youtub(19457):   at java.lang.Class dalvik.system.BaseDexClassLoader.findClass(java.lang.String) (BaseDexClassLoader.java:134)
11-16 08:57:27.882: I/android.youtub(19457):   at java.lang.Class java.lang.ClassLoader.loadClass(java.lang.String, boolean) (ClassLoader.java:379)
11-16 08:57:27.882: I/android.youtub(19457):   at java.lang.Class bg.loadClass(java.lang.String, boolean) (:com.google.android.gms.dynamite_dynamiteloader@213614065@21.36.14 (100400-0):3)
11-16 08:57:27.882: I/android.youtub(19457):   at java.lang.Class java.lang.ClassLoader.loadClass(java.lang.String) (ClassLoader.java:312)
11-16 08:57:27.882: I/android.youtub(19457):   at java.lang.Class dalvik.system.DexFile.defineClassNative(java.lang.String, java.lang.ClassLoader, java.lang.Object, dalvik.system.DexFile) (DexFile.java:-2)
11-16 08:57:27.882: I/android.youtub(19457):   at java.lang.Class dalvik.system.DexFile.defineClass(java.lang.String, java.lang.ClassLoader, java.lang.Object, dalvik.system.DexFile, java.util.List) (DexFile.java:283)
11-16 08:57:27.882: I/android.youtub(19457):   at java.lang.Class dalvik.system.DexFile.loadClassBinaryName(java.lang.String, java.lang.ClassLoader, java.util.List) (DexFile.java:276)
11-16 08:57:27.882: I/android.youtub(19457):   at java.lang.Class dalvik.system.DexPathList$Element.findClass(java.lang.String, java.lang.ClassLoader, java.util.List) (DexPathList.java:724)
11-16 08:57:27.882: I/android.youtub(19457):   at java.lang.Class dalvik.system.DexPathList.findClass(java.lang.String, java.util.List) (DexPathList.java:486)
11-16 08:57:27.882: I/android.youtub(19457):   at java.lang.Class dalvik.system.BaseDexClassLoader.findClass(java.lang.String) (BaseDexClassLoader.java:132)
11-16 08:57:27.882: I/android.youtub(19457):   at java.lang.Class bg.loadClass(java.lang.String, boolean) (:com.google.android.gms.dynamite_dynamiteloader@213614065@21.36.14 (100400-0):2)
11-16 08:57:27.882: I/android.youtub(19457):   at java.lang.Class java.lang.ClassLoader.loadClass(java.lang.String) (ClassLoader.java:312)
11-16 08:57:27.882: I/android.youtub(19457):   at java.util.List xu.r(yv, android.content.Context, bqi, com.google.ads.afma.g) (:com.google.android.gms.policy_ads_fdr_dynamite@213806100@213806100057.397311113.397311113:5)
11-16 08:57:27.882: I/android.youtub(19457):   at java.util.List xv.r(yv, android.content.Context, bqi, com.google.ads.afma.g) (:com.google.android.gms.policy_ads_fdr_dynamite@213806100@213806100057.397311113.397311113:4)
11-16 08:57:27.882: I/android.youtub(19457):   at void xu.s(yv, android.content.Context, bqi, com.google.ads.afma.g) (:com.google.android.gms.policy_ads_fdr_dynamite@213806100@213806100057.397311113.397311113:0)
11-16 08:57:27.882: I/android.youtub(19457):   at bqi xu.m(android.content.Context, com.google.ads.afma.g) (:com.google.android.gms.policy_ads_fdr_dynamite@213806100@213806100057.397311113.397311113:7)
11-16 08:57:27.882: I/android.youtub(19457):   at java.lang.String xp.r(android.content.Context, java.lang.String, int, android.view.View, android.app.Activity, byte[]) (:com.google.android.gms.policy_ads_fdr_dynamite@213806100@213806100057.397311113.397311113:8)
11-16 08:57:27.882: I/android.youtub(19457):   at java.lang.String xp.g(android.content.Context, byte[]) (:com.google.android.gms.policy_ads_fdr_dynamite@213806100@213806100057.397311113.397311113:2)
11-16 08:57:27.882: I/android.youtub(19457):   at java.lang.String com.google.android.gms.ads.adshield.internal.a.b(aqh, byte[]) (:com.google.android.gms.policy_ads_fdr_dynamite@213806100@213806100057.397311113.397311113:1)
11-16 08:57:27.882: I/android.youtub(19457):   at boolean com.google.android.gms.ads.adshield.internal.a.bJ(int, android.os.Parcel, android.os.Parcel) (:com.google.android.gms.policy_ads_fdr_dynamite@213806100@213806100057.397311113.397311113:54)
11-16 08:57:27.882: I/android.youtub(19457):   at boolean zg.onTransact(int, android.os.Parcel, android.os.Parcel, int) (:com.google.android.gms.policy_ads_fdr_dynamite@213806100@213806100057.397311113.397311113:4)
11-16 08:57:27.882: I/android.youtub(19457):   at boolean android.os.Binder.transact(int, android.os.Parcel, android.os.Parcel, int) (Binder.java:667)
11-16 08:57:27.882: I/android.youtub(19457):   at android.os.Parcel pcs.a(int, android.os.Parcel) (SourceFile:7)
11-16 08:57:27.882: I/android.youtub(19457):   at java.lang.String pkk.a(oms, byte[]) (SourceFile:40)
11-16 08:57:27.882: I/android.youtub(19457):   at java.lang.String nrc.a(android.content.Context, byte[]) (SourceFile:6)
11-16 08:57:27.882: I/android.youtub(19457):   at java.lang.String qis.a(android.content.Context, byte[]) (SourceFile:10)
11-16 08:57:27.882: I/android.youtub(19457):   at java.lang.String skv.a(qio, byte[]) (SourceFile:59)
11-16 08:57:27.882: I/android.youtub(19457):   at java.lang.String skv.g() (SourceFile:41)
11-16 08:57:27.882: I/android.youtub(19457):   at java.lang.String skv.b() (SourceFile:69)
11-16 08:57:27.882: I/android.youtub(19457):   at java.lang.String slq.i() (SourceFile:56)
11-16 08:57:27.882: I/android.youtub(19457):   at java.lang.String slq.b() (SourceFile:32)
11-16 08:57:27.882: I/android.youtub(19457):   at void slq.e() (SourceFile:37)
11-16 08:57:27.882: I/android.youtub(19457):   at void cmk.run() (SourceFile:7)
11-16 08:57:27.882: I/android.youtub(19457):   at java.lang.Object java.util.concurrent.Executors$RunnableAdapter.call() (Executors.java:458)
11-16 08:57:27.882: I/android.youtub(19457):   at void java.util.concurrent.FutureTask.run() (FutureTask.java:266)
11-16 08:57:27.882: I/android.youtub(19457):   at void java.util.concurrent.ScheduledThreadPoolExecutor$ScheduledFutureTask.run() (ScheduledThreadPoolExecutor.java:301)
11-16 08:57:27.882: I/android.youtub(19457):   at void java.util.concurrent.ThreadPoolExecutor.runWorker(java.util.concurrent.ThreadPoolExecutor$Worker) (ThreadPoolExecutor.java:1167)
11-16 08:57:27.882: I/android.youtub(19457):   at void java.util.concurrent.ThreadPoolExecutor$Worker.run() (ThreadPoolExecutor.java:641)
11-16 08:57:27.882: I/android.youtub(19457):   at void ubi.run() (SourceFile:20)
11-16 08:57:27.882: I/android.youtub(19457):   at void java.lang.Thread.run() (Thread.java:764)
11-16 08:57:27.883: I/android.youtub(19457): Rejecting re-init on previously-failed class java.lang.Class<com.google.android.ads.tasks.appdigest.a>: java.lang.NoClassDefFoundError: Failed resolution of: Landroid/content/pm/PackageManager$OnChecksumsReadyListener;
11-16 08:57:27.883: I/android.youtub(19457):   at java.lang.Class dalvik.system.DexFile.defineClassNative(java.lang.String, java.lang.ClassLoader, java.lang.Object, dalvik.system.DexFile) (DexFile.java:-2)
11-16 08:57:27.883: I/android.youtub(19457):   at java.lang.Class dalvik.system.DexFile.defineClass(java.lang.String, java.lang.ClassLoader, java.lang.Object, dalvik.system.DexFile, java.util.List) (DexFile.java:283)
11-16 08:57:27.883: I/android.youtub(19457):   at java.lang.Class dalvik.system.DexFile.loadClassBinaryName(java.lang.String, java.lang.ClassLoader, java.util.List) (DexFile.java:276)
11-16 08:57:27.883: I/android.youtub(19457):   at java.lang.Class dalvik.system.DexPathList$Element.findClass(java.lang.String, java.lang.ClassLoader, java.util.List) (DexPathList.java:724)
11-16 08:57:27.883: I/android.youtub(19457):   at java.lang.Class dalvik.system.DexPathList.findClass(java.lang.String, java.util.List) (DexPathList.java:486)
11-16 08:57:27.883: I/android.youtub(19457):   at java.lang.Class dalvik.system.BaseDexClassLoader.findClass(java.lang.String) (BaseDexClassLoader.java:132)
11-16 08:57:27.883: I/android.youtub(19457):   at java.lang.Class bg.loadClass(java.lang.String, boolean) (:com.google.android.gms.dynamite_dynamiteloader@213614065@21.36.14 (100400-0):2)
11-16 08:57:27.883: I/android.youtub(19457):   at java.lang.Class java.lang.ClassLoader.loadClass(java.lang.String) (ClassLoader.java:312)
11-16 08:57:27.883: I/android.youtub(19457):   at java.util.List xu.r(yv, android.content.Context, bqi, com.google.ads.afma.g) (:com.google.android.gms.policy_ads_fdr_dynamite@213806100@213806100057.397311113.397311113:5)
11-16 08:57:27.883: I/android.youtub(19457):   at java.util.List xv.r(yv, android.content.Context, bqi, com.google.ads.afma.g) (:com.google.android.gms.policy_ads_fdr_dynamite@213806100@213806100057.397311113.397311113:4)
11-16 08:57:27.883: I/android.youtub(19457):   at void xu.s(yv, android.content.Context, bqi, com.google.ads.afma.g) (:com.google.android.gms.policy_ads_fdr_dynamite@213806100@213806100057.397311113.397311113:0)
11-16 08:57:27.883: I/android.youtub(19457):   at bqi xu.m(android.content.Context, com.google.ads.afma.g) (:com.google.android.gms.policy_ads_fdr_dynamite@213806100@213806100057.397311113.397311113:7)
11-16 08:57:27.883: I/android.youtub(19457):   at java.lang.String xp.r(android.content.Context, java.lang.String, int, android.view.View, android.app.Activity, byte[]) (:com.google.android.gms.policy_ads_fdr_dynamite@213806100@213806100057.397311113.397311113:8)
11-16 08:57:27.883: I/android.youtub(19457):   at java.lang.String xp.g(android.content.Context, byte[]) (:com.google.android.gms.policy_ads_fdr_dynamite@213806100@213806100057.397311113.397311113:2)
11-16 08:57:27.883: I/android.youtub(19457):   at java.lang.String com.google.android.gms.ads.adshield.internal.a.b(aqh, byte[]) (:com.google.android.gms.policy_ads_fdr_dynamite@213806100@213806100057.397311113.397311113:1)
11-16 08:57:27.883: I/android.youtub(19457):   at boolean com.google.android.gms.ads.adshield.internal.a.bJ(int, android.os.Parcel, android.os.Parcel) (:com.google.android.gms.policy_ads_fdr_dynamite@213806100@213806100057.397311113.397311113:54)
11-16 08:57:27.883: I/android.youtub(19457):   at boolean zg.onTransact(int, android.os.Parcel, android.os.Parcel, int) (:com.google.android.gms.policy_ads_fdr_dynamite@213806100@213806100057.397311113.397311113:4)
11-16 08:57:27.883: I/android.youtub(19457):   at boolean android.os.Binder.transact(int, android.os.Parcel, android.os.Parcel, int) (Binder.java:667)
11-16 08:57:27.883: I/android.youtub(19457):   at android.os.Parcel pcs.a(int, android.os.Parcel) (SourceFile:7)
11-16 08:57:27.883: I/android.youtub(19457):   at java.lang.String pkk.a(oms, byte[]) (SourceFile:40)
11-16 08:57:27.883: I/android.youtub(19457):   at java.lang.String nrc.a(android.content.Context, byte[]) (SourceFile:6)
11-16 08:57:27.883: I/android.youtub(19457):   at java.lang.String qis.a(android.content.Context, byte[]) (SourceFile:10)
11-16 08:57:27.883: I/android.youtub(19457):   at java.lang.String skv.a(qio, byte[]) (SourceFile:59)
11-16 08:57:27.883: I/android.youtub(19457):   at java.lang.String skv.g() (SourceFile:41)
11-16 08:57:27.883: I/android.youtub(19457):   at java.lang.String skv.b() (SourceFile:69)
11-16 08:57:27.883: I/android.youtub(19457):   at java.lang.String slq.i() (SourceFile:56)
11-16 08:57:27.883: I/android.youtub(19457):   at java.lang.String slq.b() (SourceFile:32)
11-16 08:57:27.883: I/android.youtub(19457):   at void slq.e() (SourceFile:37)
11-16 08:57:27.883: I/android.youtub(19457):   at void cmk.run() (SourceFile:7)
11-16 08:57:27.883: I/android.youtub(19457):   at java.lang.Object java.util.concurrent.Executors$RunnableAdapter.call() (Executors.java:458)
11-16 08:57:27.883: I/android.youtub(19457):   at void java.util.concurrent.FutureTask.run() (FutureTask.java:266)
11-16 08:57:27.883: I/android.youtub(19457):   at void java.util.concurrent.ScheduledThreadPoolExecutor$ScheduledFutureTask.run() (ScheduledThreadPoolExecutor.java:301)
11-16 08:57:27.883: I/android.youtub(19457):   at void java.util.concurrent.ThreadPoolExecutor.runWorker(java.util.concurrent.ThreadPoolExecutor$Worker) (ThreadPoolExecutor.java:1167)
11-16 08:57:27.883: I/android.youtub(19457):   at void java.util.concurrent.ThreadPoolExecutor$Worker.run() (ThreadPoolExecutor.java:641)
11-16 08:57:27.883: I/android.youtub(19457):   at void ubi.run() (SourceFile:20)
11-16 08:57:27.883: I/android.youtub(19457):   at void java.lang.Thread.run() (Thread.java:764)
11-16 08:57:27.883: I/android.youtub(19457): Caused by: java.lang.ClassNotFoundException: Didn't find class "android.content.pm.PackageManager$OnChecksumsReadyListener" on path: DexPathList[[zip file "/data/user_de/0/com.google.android.gms/app_chimera/m/00000011/dl-AdsFdrDynamite.integ_213806100100000.apk"],nativeLibraryDirectories=[/data/user_de/0/com.google.android.gms/app_chimera/m/00000011/dl-AdsFdrDynamite.integ_213806100100000.apk!/lib/arm64-v8a, /system/lib64]]
11-16 08:57:27.883: I/android.youtub(19457):   at java.lang.Class dalvik.system.BaseDexClassLoader.findClass(java.lang.String) (BaseDexClassLoader.java:134)
11-16 08:57:27.883: I/android.youtub(19457):   at java.lang.Class java.lang.ClassLoader.loadClass(java.lang.String, boolean) (ClassLoader.java:379)
11-16 08:57:27.883: I/android.youtub(19457):   at java.lang.Class bg.loadClass(java.lang.String, boolean) (:com.google.android.gms.dynamite_dynamiteloader@213614065@21.36.14 (100400-0):3)
11-16 08:57:27.883: I/android.youtub(19457):   at java.lang.Class java.lang.ClassLoader.loadClass(java.lang.String) (ClassLoader.java:312)
11-16 08:57:27.883: I/android.youtub(19457):   at java.lang.Class dalvik.system.DexFile.defineClassNative(java.lang.String, java.lang.ClassLoader, java.lang.Object, dalvik.system.DexFile) (DexFile.java:-2)
11-16 08:57:27.883: I/android.youtub(19457):   at java.lang.Class dalvik.system.DexFile.defineClass(java.lang.String, java.lang.ClassLoader, java.lang.Object, dalvik.system.DexFile, java.util.List) (DexFile.java:283)
11-16 08:57:27.883: I/android.youtub(19457):   at java.lang.Class dalvik.system.DexFile.loadClassBinaryName(java.lang.String, java.lang.ClassLoader, java.util.List) (DexFile.java:276)
