11-16 08:57:14.776: W/libprocessgroup(1220): kill(-14316, 9) failed: No such process
11-16 08:57:14.788: W/ActivityManager(1220): setHasOverlayUi called on unknown pid: 14316
11-16 08:57:14.790: D/GservicesChangeReceiver(6016): Gservices allowLowPowerMonitoring is False.
11-16 08:57:14.790: I/Zygote(731): Process 14316 exited due to signal (9)
11-16 08:57:14.792: D/ConnectivityMonitorManager(6016): Service com.google.android.connectivitymonitor.LowPowerMonitorService is not running...
11-16 08:57:14.793: I/TestSupport(13468): AwaitCommitOperation: uncommitted: FlagOverride(com.google.android.gms.auth.api.credentials, , Flag(SaveStrategy__enableSaving, false, 2, 0), false) [CONTEXT service_id=133 ]
11-16 08:57:14.794: I/TestSupport(13468): AwaitCommitOperation:  sleeping for 640 msec. [CONTEXT service_id=133 ]
11-16 08:57:14.808: D/GservicesChangeReceiver(6016): Gservices isConnectivityMonitorEnabled is True.
11-16 08:57:14.810: D/ConnectivityMonitorManager(6016): Service com.google.android.connectivitymonitor.ConnectivityMonitorService is running...
11-16 08:57:14.814: I/EuiccGoogle(18020): [2] GservicesChangedReceiver.onReceive: Setting EUICC_SUPPORTED_COUNTRIES to de,gb,in,us
11-16 08:57:14.814: V/BackupManagerConstants(1220): getFullBackupRequiredNetworkType(...) returns 2
11-16 08:57:14.814: V/BackupManagerConstants(1220): getFullBackupRequireCharging(...) returns true
11-16 08:57:14.822: W/libprocessgroup(1220): kill(-14316, 9) failed: No such process
11-16 08:57:14.822: I/libprocessgroup(1220): Successfully killed process cgroup uid 10036 pid 14316 in 69ms
11-16 08:57:14.823: I/Backup(13468): [GmsBackupStatusChangeReceiver] Going to enable gms backup transport.
11-16 08:57:14.836: I/Herrevad(10917): [986] zcq.a: updateListenState
11-16 08:57:14.836: I/GmsModuleFndr(13468): Beginning GMS chimera module scan
11-16 08:57:14.838: I/NetRec(10917): [983] aiad.a: onConfigChanged()
11-16 08:57:14.845: I/Auth(10917): [AuthManaged, PasswordComplexityHelperImpl] Updating password complexity components state.
11-16 08:57:14.845: I/Auth(10917): [AuthManaged, PasswordComplexityHelperImpl] Enabling com.google.android.gms.auth.managed.ui.SetNewPasswordActivity
11-16 08:57:14.849: I/BgTaskExecutorImpl(10128): Starting NONEXCLUSIVE background task UPDATE_GSERVICES_CONFIG.
11-16 08:57:14.853: I/NetRec(10917): [983] aiad.a: Cancelling all NetRec GCM tasks
11-16 08:57:14.857: I/ModuleSetMgr(13468): Computing pending module set with APKs: [[AdsFdrDynamite.integ:213806100100000], [Enpromo.integ:214106000100000], [Pay.optional:213614100000], [VisionOcr.optional:213614100400], [AdsFdrDynamite.integ:212104400100000], [Cronetdynamite:213614100400], [Dynamiteloader:213614100000], [Dynamitemodulesa:213614100000], [Dynamitemodulesc:213614100000], [Googlecertificates:213614100000], [Mapsdynamite:213614100000], [Measurementdynamite:213614100000]]
11-16 08:57:14.857: I/NetRec(10917): [986] ClearDatabaseService.onHandleIntent: Clearing score cache
11-16 08:57:14.861: I/GCoreUlr(10917): WorldUpdater received intent Intent { act=com.google.android.location.reporting.ACTION_UPDATE_WORLD cmp=com.google.android.gms/com.google.android.location.reporting.service.DispatchingService (has extras) } with receiverAction com.google.gservices.intent.action.GSERVICES_CHANGED [CONTEXT service_id=22 ]
11-16 08:57:14.863: I/GservicesUpdateTask(10128): Updating Gservices keys
11-16 08:57:14.864: I/GCoreUlr(10917): WorldUpdater:com.google.gservices.intent.action.GSERVICES_CHANGED: Ensuring that reporting is stopped because of reasons: (no Google accounts) [CONTEXT service_id=22 ]
11-16 08:57:14.866: I/GCoreUlr(10917): Unbound from all signal providers. [CONTEXT service_id=22 ]
11-16 08:57:14.870: I/ModuleSetMgr(13468): Pending container module APKs: [[Pay.optional:213614100000], [VisionOcr.optional:213614100400]]
11-16 08:57:14.870: I/ModuleSetMgr(13468): Pending non-container module APKs: [[Enpromo.integ:214106000100000], [AdsFdrDynamite.integ:213806100100000]]
11-16 08:57:14.871: I/GCoreUlr(10917): DispatchingService ignoring Intent { act=android.net.wifi.WIFI_STATE_CHANGED flg=0x4000010 (has extras) } because ULR inactive [CONTEXT service_id=22 ]
11-16 08:57:14.876: I/GCoreUlr(10917): Unbound from all signal providers. [CONTEXT service_id=22 ]
11-16 08:57:14.876: I/GCoreUlr(10917): Stopping handler for UlrDispSvcFast [CONTEXT service_id=22 ]
11-16 08:57:14.890: W/PackageParser(13468): Unknown element under <manifest>: queries at /data/user_de/0/com.google.android.gms/app_chimera/m/00000007/AdsDynamite.apk Binary XML file line #5
11-16 08:57:14.907: W/PackageParser(13468): Unknown element under <manifest>: queries at /data/user_de/0/com.google.android.gms/app_chimera/m/00000011/dl-AdsFdrDynamite.integ_213806100100000.apk Binary XML file line #11
11-16 08:57:14.915: I/RecoverableKeyStoreGms(13468): [RecoverableKeyStoreGmsInitOperation] Initializing auth_folsom
11-16 08:57:14.915: I/RecoverableKeyStoreGms(13468): [RecoverableKeyStoreGmsInitOperation] com.google.android.gms.auth.folsom.service.FolsomPublicKeyUpdateService is already enabled. Ignore.
11-16 08:57:14.915: I/RecoverableKeyStoreGms(13468): [RecoverableKeyStoreGmsInitOperation] com.google.android.gms.auth.folsom.service.GcmReceiverService is already enabled. Ignore.
11-16 08:57:14.918: I/ChromeSync(13468): [Sync,SyncIntentOperation] Handling the intent: Intent { act=com.google.gservices.intent.action.GSERVICES_CHANGED flg=0x1000010 pkg=com.google.android.gms cmp=com.google.android.gms/.chimera.GmsIntentOperationService$PersistentInternalReceiver }.
11-16 08:57:14.918: V/RecoverableKeyStoreMgr(1220): Not updating secret types - same as old value.
11-16 08:57:14.919: I/RecoverableKeyStoreGms(13468): [RecoverableKeyStoreGmsInitOperation] Setting vault handle
11-16 08:57:14.920: V/RecoverableKeyStoreMgr(1220): Not updating server params - same as old value.
11-16 08:57:14.922: I/RecoverableKeyStoreGms(13468): [EnrollmentManager] Returning certificates list from cache
11-16 08:57:14.923: I/MS_Utils(13468): version of com.google.android.apps.maps = 1022101040
11-16 08:57:14.924: I/MdiSyncModule(13468): flag handling is skipping irrelevant intent.
11-16 08:57:14.926: I/MobileDataHub(13468): Scheduling periodic tasks
11-16 08:57:14.927: W/MobileDataHub(13468): [Service] appsupload-periodic periodic task disabled
11-16 08:57:14.929: I/SoundTriggerModelLoader(18134): Unloading model 9f6ad62a-1f0b-11e7-87c5-40a8f03d3f15
11-16 08:57:14.929: I/SystemUpdate(13468): [Installation,ReceiverIntentOperation] Received intent: Intent { act=com.google.gservices.intent.action.GSERVICES_CHANGED flg=0x1000010 pkg=com.google.android.gms cmp=com.google.android.gms/.chimera.GmsIntentOperationService$PersistentInternalReceiver }.
11-16 08:57:14.930: I/SoundTriggerManagerComp(18134): Unloading model 9f6ad62a-1f0b-11e7-87c5-40a8f03d3f15
11-16 08:57:14.930: I/SoundTriggerService(1220): deleteSoundModel(): id = 9f6ad62a-1f0b-11e7-87c5-40a8f03d3f15
11-16 08:57:14.930: W/SoundTriggerHelper(1220): Unload error: Attempting unload invalid generic model with id:9f6ad62a-1f0b-11e7-87c5-40a8f03d3f15
11-16 08:57:14.939: W/DynamiteModule(13468): Local module descriptor class for com.google.android.gms.vision.dynamite.ocr not found.
11-16 08:57:14.940: E/GooglePlayServicesUtil(17977): The Google Play services resources were not found. Check your project configuration to ensure that the resources are included.
11-16 08:57:14.940: I/DynamiteModule(13468): Considering local module com.google.android.gms.vision.dynamite.ocr:0 and remote module com.google.android.gms.vision.dynamite.ocr:0
11-16 08:57:14.940: I/DynamiteModule(13468): Considering local module com.google.android.gms.vision.ocr:0 and remote module com.google.android.gms.vision.ocr:1
11-16 08:57:14.940: I/DynamiteModule(13468): Selected remote version of com.google.android.gms.vision.ocr, version >= 1
11-16 08:57:14.942: I/native(13468): I1116 08:57:14.941965   17926 start_ocr_856638336_langid.cc:35] StartOcr with label: latin_script_gmvapi_android
11-16 08:57:14.942: I/native(13468): I1116 08:57:14.942058   17926 start_ocr_856638336_langid.cc:44] StartOcr success
11-16 08:57:14.944: I/OcrModelUpStIntentOp(13468): Downloading text recognizer
11-16 08:57:14.945: I/SettingsActivityAvailab(17999): Disabling com.google.android.apps.multidevice.client.ui.pixel.SettingsActivity.
11-16 08:57:14.947: D/GservicesChangeReceiver(6016): Gservices Changed broadcast Received. context is android.app.ReceiverRestrictedContext@e8dc6cf
11-16 08:57:14.947: D/GservicesChangeReceiver(6016): Gservices allowPowerAnomalyData is False.
11-16 08:57:14.949: D/ConnectivityMonitorManager(6016): Service com.google.android.connectivitymonitor.PowerAnomalyDetectorService is not running...
11-16 08:57:14.953: D/ConnMetrics:App(17977): IsOptedIn = false
11-16 08:57:14.953: D/GservicesChangeReceiver(6016): Gservices allowLowPowerMonitoring is False.
11-16 08:57:14.955: D/ConnectivityMonitorManager(6016): Service com.google.android.connectivitymonitor.LowPowerMonitorService is not running...
11-16 08:57:14.956: D/GservicesChangeReceiver(6016): Gservices isConnectivityMonitorEnabled is True.
11-16 08:57:14.956: W/NetworkScheduler(10917): The extras of the task is not valid to be persisted so that the task is not persisted [CONTEXT service_id=218 ]
11-16 08:57:14.956: W/NetworkScheduler(10917): java.lang.IllegalArgumentException: Only the following extra parameter types are supported: Integer, Long, Double, String, Boolean, and nested Bundles with the same restrictions.
11-16 08:57:14.956: W/NetworkScheduler(10917): 	at abno.f(:com.google.android.gms@213614028@21.36.14 (100400-395708125):6)
11-16 08:57:14.956: W/NetworkScheduler(10917): 	at amdu.g(:com.google.android.gms@213614028@21.36.14 (100400-395708125):37)
11-16 08:57:14.956: W/NetworkScheduler(10917): 	at amdd.n(:com.google.android.gms@213614028@21.36.14 (100400-395708125):3)
11-16 08:57:14.956: W/NetworkScheduler(10917): 	at amdd.u(:com.google.android.gms@213614028@21.36.14 (100400-395708125):20)
11-16 08:57:14.956: W/NetworkScheduler(10917): 	at amdd.g(:com.google.android.gms@213614028@21.36.14 (100400-395708125):3)
11-16 08:57:14.956: W/NetworkScheduler(10917): 	at alzy.run(:com.google.android.gms@213614028@21.36.14 (100400-395708125):9)
11-16 08:57:14.956: W/NetworkScheduler(10917): 	at rgh.c(:com.google.android.gms@213614028@21.36.14 (100400-395708125):6)
11-16 08:57:14.956: W/NetworkScheduler(10917): 	at rgh.run(:com.google.android.gms@213614028@21.36.14 (100400-395708125):7)
11-16 08:57:14.956: W/NetworkScheduler(10917): 	at java.util.concurrent.ThreadPoolExecutor.runWorker(ThreadPoolExecutor.java:1167)
11-16 08:57:14.956: W/NetworkScheduler(10917): 	at java.util.concurrent.ThreadPoolExecutor$Worker.run(ThreadPoolExecutor.java:641)
11-16 08:57:14.956: W/NetworkScheduler(10917): 	at rkn.run(:com.google.android.gms@213614028@21.36.14 (100400-395708125):0)
11-16 08:57:14.956: W/NetworkScheduler(10917): 	at java.lang.Thread.run(Thread.java:764)
11-16 08:57:14.959: D/ConnectivityMonitorManager(6016): Service com.google.android.connectivitymonitor.ConnectivityMonitorService is running...
11-16 08:57:14.962: I/EuiccGoogle(18020): [2] GservicesChangedReceiver.onReceive: Setting EUICC_SUPPORTED_COUNTRIES to de,gb,in,us
11-16 08:57:14.970: I/Backup(13468): [GmsBackupStatusChangeReceiver] Going to enable gms backup transport.
11-16 08:57:14.970: I/RecoverableKeyStoreMgr(1220): The cert file serial number is the same, so skip updating.
11-16 08:57:14.970: I/RecoverableKeyStoreGms(13468): [EnrollmentManager] Recovery service is initialized.
11-16 08:57:14.973: I/RecoverySnapshotLstnrs(1220): Registered listener for agent with uid 10007
11-16 08:57:14.974: E/RecoverySnapshotStorage(1220): Error reading snapshot for 10007 from disk
11-16 08:57:14.974: E/RecoverySnapshotStorage(1220): java.io.FileNotFoundException: /data/system/recoverablekeystore/snapshots/10007.xml (No such file or directory)
11-16 08:57:14.974: E/RecoverySnapshotStorage(1220): 	at java.io.FileInputStream.open0(Native Method)
11-16 08:57:14.974: E/RecoverySnapshotStorage(1220): 	at java.io.FileInputStream.open(FileInputStream.java:231)
11-16 08:57:14.974: E/RecoverySnapshotStorage(1220): 	at java.io.FileInputStream.<init>(FileInputStream.java:165)
11-16 08:57:14.974: E/RecoverySnapshotStorage(1220): 	at com.android.server.locksettings.recoverablekeystore.storage.RecoverySnapshotStorage.readFromDisk(RecoverySnapshotStorage.java:152)
11-16 08:57:14.974: E/RecoverySnapshotStorage(1220): 	at com.android.server.locksettings.recoverablekeystore.storage.RecoverySnapshotStorage.get(RecoverySnapshotStorage.java:104)
11-16 08:57:14.974: E/RecoverySnapshotStorage(1220): 	at com.android.server.locksettings.recoverablekeystore.RecoverableKeyStoreManager.getKeyChainSnapshot(RecoverableKeyStoreManager.java:331)
11-16 08:57:14.974: E/RecoverySnapshotStorage(1220): 	at com.android.server.locksettings.LockSettingsService.getKeyChainSnapshot(LockSettingsService.java:2032)
11-16 08:57:14.974: E/RecoverySnapshotStorage(1220): 	at com.android.internal.widget.ILockSettings$Stub.onTransact(ILockSettings.java:356)
11-16 08:57:14.974: E/RecoverySnapshotStorage(1220): 	at android.os.Binder.execTransact(Binder.java:731)
11-16 08:57:14.976: I/RecoverableKeyStoreGms(13468): [WrappingKeyManager] Can't generate wrapping key - missing lock screeen
11-16 08:57:14.986: I/GmsModuleFndr(13468): Beginning GMS chimera module scan
11-16 08:57:14.989: I/NetRec(10917): [986] aiad.a: onConfigChanged()
11-16 08:57:14.990: I/Herrevad(10917): [983] zcq.a: updateListenState
11-16 08:57:15.001: I/Auth(10917): [AuthManaged, PasswordComplexityHelperImpl] Updating password complexity components state.
11-16 08:57:15.001: I/Auth(10917): [AuthManaged, PasswordComplexityHelperImpl] Enabling com.google.android.gms.auth.managed.ui.SetNewPasswordActivity
11-16 08:57:15.005: I/NetRec(10917): [986] aiad.a: Cancelling all NetRec GCM tasks
11-16 08:57:15.005: I/BgTaskExecutorImpl(10128): Starting NONEXCLUSIVE background task UPDATE_GSERVICES_CONFIG.
11-16 08:57:15.005: I/ModuleSetMgr(13468): Computing pending module set with APKs: [[AdsFdrDynamite.integ:213806100100000], [Enpromo.integ:214106000100000], [Pay.optional:213614100000], [VisionOcr.optional:213614100400], [AdsFdrDynamite.integ:212104400100000], [Cronetdynamite:213614100400], [Dynamiteloader:213614100000], [Dynamitemodulesa:213614100000], [Dynamitemodulesc:213614100000], [Googlecertificates:213614100000], [Mapsdynamite:213614100000], [Measurementdynamite:213614100000]]
11-16 08:57:15.012: W/SearchServiceCore(10128): Abort, client detached.
11-16 08:57:15.013: I/ModuleSetMgr(13468): Pending container module APKs: [[Pay.optional:213614100000], [VisionOcr.optional:213614100400]]
11-16 08:57:15.013: I/ModuleSetMgr(13468): Pending non-container module APKs: [[Enpromo.integ:214106000100000], [AdsFdrDynamite.integ:213806100100000]]
11-16 08:57:15.014: I/GservicesUpdateTask(10128): Updating Gservices keys
11-16 08:57:15.031: W/PackageParser(13468): Unknown element under <manifest>: queries at /data/user_de/0/com.google.android.gms/app_chimera/m/00000007/AdsDynamite.apk Binary XML file line #5
11-16 08:57:15.035: I/NetRec(10917): [986] ClearDatabaseService.onHandleIntent: Clearing score cache
11-16 08:57:15.049: W/PackageParser(13468): Unknown element under <manifest>: queries at /data/user_de/0/com.google.android.gms/app_chimera/m/00000011/dl-AdsFdrDynamite.integ_213806100100000.apk Binary XML file line #11
11-16 08:57:15.055: I/GmsModuleFndr(13468): Beginning GMS chimera module scan
11-16 08:57:15.056: I/RecoverableKeyStoreGms(13468): [RecoverableKeyStoreGmsInitOperation] Initializing auth_folsom
11-16 08:57:15.057: I/RecoverableKeyStoreGms(13468): [RecoverableKeyStoreGmsInitOperation] com.google.android.gms.auth.folsom.service.FolsomPublicKeyUpdateService is already enabled. Ignore.
11-16 08:57:15.057: I/RecoverableKeyStoreGms(13468): [RecoverableKeyStoreGmsInitOperation] com.google.android.gms.auth.folsom.service.GcmReceiverService is already enabled. Ignore.
11-16 08:57:15.058: I/ChromeSync(13468): [Sync,SyncIntentOperation] Handling the intent: Intent { act=com.google.gservices.intent.action.GSERVICES_CHANGED flg=0x1000010 pkg=com.google.android.gms cmp=com.google.android.gms/.chimera.GmsIntentOperationService$PersistentInternalReceiver }.
11-16 08:57:15.060: V/RecoverableKeyStoreMgr(1220): Not updating secret types - same as old value.
11-16 08:57:15.061: I/RecoverableKeyStoreGms(13468): [RecoverableKeyStoreGmsInitOperation] Setting vault handle
11-16 08:57:15.061: V/RecoverableKeyStoreMgr(1220): Not updating server params - same as old value.
11-16 08:57:15.062: I/MobileDataHub(13468): Scheduling periodic tasks
11-16 08:57:15.062: I/RecoverableKeyStoreGms(13468): [EnrollmentManager] Returning certificates list from cache
11-16 08:57:15.063: I/MS_Utils(13468): version of com.google.android.apps.maps = 1022101040
11-16 08:57:15.065: I/MdiSyncModule(13468): flag handling is skipping irrelevant intent.
11-16 08:57:15.070: I/SystemUpdate(13468): [Installation,ReceiverIntentOperation] Received intent: Intent { act=com.google.gservices.intent.action.GSERVICES_CHANGED flg=0x1000010 pkg=com.google.android.gms cmp=com.google.android.gms/.chimera.GmsIntentOperationService$PersistentInternalReceiver }.
11-16 08:57:15.072: W/DynamiteModule(13468): Local module descriptor class for com.google.android.gms.vision.dynamite.ocr not found.
11-16 08:57:15.072: I/DynamiteModule(13468): Considering local module com.google.android.gms.vision.dynamite.ocr:0 and remote module com.google.android.gms.vision.dynamite.ocr:0
11-16 08:57:15.073: I/DynamiteModule(13468): Considering local module com.google.android.gms.vision.ocr:0 and remote module com.google.android.gms.vision.ocr:1
11-16 08:57:15.073: I/DynamiteModule(13468): Selected remote version of com.google.android.gms.vision.ocr, version >= 1
11-16 08:57:15.074: I/native(13468): I1116 08:57:15.074411   17905 start_ocr_856638336_langid.cc:35] StartOcr with label: latin_script_gmvapi_android
11-16 08:57:15.074: I/native(13468): I1116 08:57:15.074494   17905 start_ocr_856638336_langid.cc:44] StartOcr success
11-16 08:57:15.075: W/MobileDataHub(13468): [Service] appsupload-periodic periodic task disabled
11-16 08:57:15.077: I/OcrModelUpStIntentOp(13468): Downloading text recognizer
11-16 08:57:15.082: I/SoundTriggerModelLoader(18134): Unloading model 9f6ad62a-1f0b-11e7-87c5-40a8f03d3f15
11-16 08:57:15.082: I/SoundTriggerManagerComp(18134): Unloading model 9f6ad62a-1f0b-11e7-87c5-40a8f03d3f15
11-16 08:57:15.082: I/SoundTriggerService(1220): deleteSoundModel(): id = 9f6ad62a-1f0b-11e7-87c5-40a8f03d3f15
11-16 08:57:15.083: W/SoundTriggerHelper(1220): Unload error: Attempting unload invalid generic model with id:9f6ad62a-1f0b-11e7-87c5-40a8f03d3f15
11-16 08:57:15.086: I/ModuleSetMgr(13468): Computing pending module set with APKs: [[AdsFdrDynamite.integ:213806100100000], [Enpromo.integ:214106000100000], [Pay.optional:213614100000], [VisionOcr.optional:213614100400], [AdsFdrDynamite.integ:212104400100000], [Cronetdynamite:213614100400], [Dynamiteloader:213614100000], [Dynamitemodulesa:213614100000], [Dynamitemodulesc:213614100000], [Googlecertificates:213614100000], [Mapsdynamite:213614100000], [Measurementdynamite:213614100000]]
11-16 08:57:15.087: I/GCoreUlr(10917): DispatchingService ignoring Intent { act=android.net.wifi.WIFI_STATE_CHANGED flg=0x4000010 (has extras) } because ULR inactive [CONTEXT service_id=22 ]
11-16 08:57:15.090: I/SettingsActivityAvailab(17999): Disabling com.google.android.apps.multidevice.client.ui.pixel.SettingsActivity.
11-16 08:57:15.091: E/GooglePlayServicesUtil(17977): The Google Play services resources were not found. Check your project configuration to ensure that the resources are included.
11-16 08:57:15.092: D/GservicesChangeReceiver(6016): Gservices Changed broadcast Received. context is android.app.ReceiverRestrictedContext@e8dc6cf
11-16 08:57:15.092: D/GservicesChangeReceiver(6016): Gservices allowPowerAnomalyData is False.
11-16 08:57:15.094: D/ConnectivityMonitorManager(6016): Service com.google.android.connectivitymonitor.PowerAnomalyDetectorService is not running...
11-16 08:57:15.094: I/RecoverableKeyStoreMgr(1220): The cert file serial number is the same, so skip updating.
11-16 08:57:15.094: I/RecoverableKeyStoreGms(13468): [EnrollmentManager] Recovery service is initialized.
11-16 08:57:15.096: I/RecoverySnapshotLstnrs(1220): Registered listener for agent with uid 10007
11-16 08:57:15.096: D/GservicesChangeReceiver(6016): Gservices allowLowPowerMonitoring is False.
11-16 08:57:15.098: D/ConnectivityMonitorManager(6016): Service com.google.android.connectivitymonitor.LowPowerMonitorService is not running...
11-16 08:57:15.098: E/RecoverySnapshotStorage(1220): Error reading snapshot for 10007 from disk
11-16 08:57:15.098: E/RecoverySnapshotStorage(1220): java.io.FileNotFoundException: /data/system/recoverablekeystore/snapshots/10007.xml (No such file or directory)
11-16 08:57:15.098: E/RecoverySnapshotStorage(1220): 	at java.io.FileInputStream.open0(Native Method)
11-16 08:57:15.098: E/RecoverySnapshotStorage(1220): 	at java.io.FileInputStream.open(FileInputStream.java:231)
11-16 08:57:15.098: E/RecoverySnapshotStorage(1220): 	at java.io.FileInputStream.<init>(FileInputStream.java:165)
11-16 08:57:15.098: E/RecoverySnapshotStorage(1220): 	at com.android.server.locksettings.recoverablekeystore.storage.RecoverySnapshotStorage.readFromDisk(RecoverySnapshotStorage.java:152)
11-16 08:57:15.098: E/RecoverySnapshotStorage(1220): 	at com.android.server.locksettings.recoverablekeystore.storage.RecoverySnapshotStorage.get(RecoverySnapshotStorage.java:104)
11-16 08:57:15.098: E/RecoverySnapshotStorage(1220): 	at com.android.server.locksettings.recoverablekeystore.RecoverableKeyStoreManager.getKeyChainSnapshot(RecoverableKeyStoreManager.java:331)
11-16 08:57:15.098: E/RecoverySnapshotStorage(1220): 	at com.android.server.locksettings.LockSettingsService.getKeyChainSnapshot(LockSettingsService.java:2032)
11-16 08:57:15.098: E/RecoverySnapshotStorage(1220): 	at com.android.internal.widget.ILockSettings$Stub.onTransact(ILockSettings.java:356)
11-16 08:57:15.098: E/RecoverySnapshotStorage(1220): 	at android.os.Binder.execTransact(Binder.java:731)
11-16 08:57:15.099: I/RecoverableKeyStoreGms(13468): [WrappingKeyManager] Can't generate wrapping key - missing lock screeen
11-16 08:57:15.100: D/GservicesChangeReceiver(6016): Gservices isConnectivityMonitorEnabled is True.
11-16 08:57:15.101: D/ConnectivityMonitorManager(6016): Service com.google.android.connectivitymonitor.ConnectivityMonitorService is running...
11-16 08:57:15.104: I/GCoreUlr(10917): WorldUpdater received intent Intent { act=com.google.android.location.reporting.ACTION_UPDATE_WORLD cmp=com.google.android.gms/com.google.android.location.reporting.service.DispatchingService (has extras) } with receiverAction com.google.gservices.intent.action.GSERVICES_CHANGED [CONTEXT service_id=22 ]
11-16 08:57:15.105: I/EuiccGoogle(18020): [2] GservicesChangedReceiver.onReceive: Setting EUICC_SUPPORTED_COUNTRIES to de,gb,in,us
11-16 08:57:15.107: D/ConnMetrics:App(17977): IsOptedIn = false
11-16 08:57:15.113: I/Backup(13468): [GmsBackupStatusChangeReceiver] Going to enable gms backup transport.
11-16 08:57:15.118: I/ModuleSetMgr(13468): Pending container module APKs: [[Pay.optional:213614100000], [VisionOcr.optional:213614100400]]
11-16 08:57:15.118: I/ModuleSetMgr(13468): Pending non-container module APKs: [[Enpromo.integ:214106000100000], [AdsFdrDynamite.integ:213806100100000]]
11-16 08:57:15.122: I/GCoreUlr(10917): WorldUpdater:com.google.gservices.intent.action.GSERVICES_CHANGED: Ensuring that reporting is stopped because of reasons: (no Google accounts) [CONTEXT service_id=22 ]
11-16 08:57:15.133: W/PackageParser(13468): Unknown element under <manifest>: queries at /data/user_de/0/com.google.android.gms/app_chimera/m/00000007/AdsDynamite.apk Binary XML file line #5
11-16 08:57:15.137: I/GCoreUlr(10917): Unbound from all signal providers. [CONTEXT service_id=22 ]
11-16 08:57:15.138: I/system_server(1220): Background concurrent copying GC freed 340794(13MB) AllocSpace objects, 44(1072KB) LOS objects, 42% free, 19MB/33MB, paused 254us total 177.721ms
11-16 08:57:15.146: I/BgTaskExecutorImpl(10128): Starting NONEXCLUSIVE background task UPDATE_GSERVICES_CONFIG.
11-16 08:57:15.149: W/NetworkScheduler(10917): The extras of the task is not valid to be persisted so that the task is not persisted [CONTEXT service_id=218 ]
11-16 08:57:15.149: W/NetworkScheduler(10917): java.lang.IllegalArgumentException: Only the following extra parameter types are supported: Integer, Long, Double, String, Boolean, and nested Bundles with the same restrictions.
11-16 08:57:15.149: W/NetworkScheduler(10917): 	at abno.f(:com.google.android.gms@213614028@21.36.14 (100400-395708125):6)
11-16 08:57:15.149: W/NetworkScheduler(10917): 	at amdu.g(:com.google.android.gms@213614028@21.36.14 (100400-395708125):37)
11-16 08:57:15.149: W/NetworkScheduler(10917): 	at amdd.n(:com.google.android.gms@213614028@21.36.14 (100400-395708125):3)
11-16 08:57:15.149: W/NetworkScheduler(10917): 	at amdd.u(:com.google.android.gms@213614028@21.36.14 (100400-395708125):20)
11-16 08:57:15.149: W/NetworkScheduler(10917): 	at amdd.g(:com.google.android.gms@213614028@21.36.14 (100400-395708125):3)
11-16 08:57:15.149: W/NetworkScheduler(10917): 	at alzy.run(:com.google.android.gms@213614028@21.36.14 (100400-395708125):9)
11-16 08:57:15.149: W/NetworkScheduler(10917): 	at rgh.c(:com.google.android.gms@213614028@21.36.14 (100400-395708125):6)
11-16 08:57:15.149: W/NetworkScheduler(10917): 	at rgh.run(:com.google.android.gms@213614028@21.36.14 (100400-395708125):7)
11-16 08:57:15.149: W/NetworkScheduler(10917): 	at java.util.concurrent.ThreadPoolExecutor.runWorker(ThreadPoolExecutor.java:1167)
11-16 08:57:15.149: W/NetworkScheduler(10917): 	at java.util.concurrent.ThreadPoolExecutor$Worker.run(ThreadPoolExecutor.java:641)
11-16 08:57:15.149: W/NetworkScheduler(10917): 	at rkn.run(:com.google.android.gms@213614028@21.36.14 (100400-395708125):0)
11-16 08:57:15.149: W/NetworkScheduler(10917): 	at java.lang.Thread.run(Thread.java:764)
11-16 08:57:15.152: W/SearchServiceCore(10128): Abort, client detached.
11-16 08:57:15.153: I/GservicesUpdateTask(10128): Updating Gservices keys
11-16 08:57:15.155: I/Herrevad(10917): [985] zcq.a: updateListenState
11-16 08:57:15.157: I/NetRec(10917): [983] aiad.a: onConfigChanged()
11-16 08:57:15.158: I/.gms.persisten(10917): Background concurrent copying GC freed 156702(12MB) AllocSpace objects, 11(524KB) LOS objects, 49% free, 12MB/24MB, paused 77us total 180.966ms
11-16 08:57:15.164: I/GCoreUlr(10917): Unbound from all signal providers. [CONTEXT service_id=22 ]
11-16 08:57:15.164: I/Auth(10917): [AuthManaged, PasswordComplexityHelperImpl] Updating password complexity components state.
11-16 08:57:15.164: I/Auth(10917): [AuthManaged, PasswordComplexityHelperImpl] Enabling com.google.android.gms.auth.managed.ui.SetNewPasswordActivity
11-16 08:57:15.164: I/GCoreUlr(10917): Stopping handler for UlrDispSvcFast [CONTEXT service_id=22 ]
11-16 08:57:15.167: I/NetRec(10917): [983] aiad.a: Cancelling all NetRec GCM tasks
11-16 08:57:15.176: I/NetRec(10917): [983] ClearDatabaseService.onHandleIntent: Clearing score cache
11-16 08:57:15.180: W/PackageParser(13468): Unknown element under <manifest>: queries at /data/user_de/0/com.google.android.gms/app_chimera/m/00000011/dl-AdsFdrDynamite.integ_213806100100000.apk Binary XML file line #11
11-16 08:57:15.186: I/GmsModuleFndr(13468): Beginning GMS chimera module scan
11-16 08:57:15.192: I/GCoreUlr(10917): WorldUpdater received intent Intent { act=com.google.android.location.reporting.ACTION_UPDATE_WORLD cmp=com.google.android.gms/com.google.android.location.reporting.service.DispatchingService (has extras) } with receiverAction com.google.gservices.intent.action.GSERVICES_CHANGED [CONTEXT service_id=22 ]
11-16 08:57:15.194: I/ModuleSetMgr(13468): Computing pending module set with APKs: [[AdsFdrDynamite.integ:213806100100000], [Enpromo.integ:214106000100000], [Pay.optional:213614100000], [VisionOcr.optional:213614100400], [AdsFdrDynamite.integ:212104400100000], [Cronetdynamite:213614100400], [Dynamiteloader:213614100000], [Dynamitemodulesa:213614100000], [Dynamitemodulesc:213614100000], [Googlecertificates:213614100000], [Mapsdynamite:213614100000], [Measurementdynamite:213614100000]]
11-16 08:57:15.196: I/GCoreUlr(10917): WorldUpdater:com.google.gservices.intent.action.GSERVICES_CHANGED: Ensuring that reporting is stopped because of reasons: (no Google accounts) [CONTEXT service_id=22 ]
11-16 08:57:15.200: I/ModuleSetMgr(13468): Pending container module APKs: [[Pay.optional:213614100000], [VisionOcr.optional:213614100400]]
11-16 08:57:15.200: I/ModuleSetMgr(13468): Pending non-container module APKs: [[Enpromo.integ:214106000100000], [AdsFdrDynamite.integ:213806100100000]]
11-16 08:57:15.202: I/GCoreUlr(10917): Unbound from all signal providers. [CONTEXT service_id=22 ]
11-16 08:57:15.210: I/GCoreUlr(10917): DispatchingService ignoring Intent { act=android.net.wifi.WIFI_STATE_CHANGED flg=0x4000010 (has extras) } because ULR inactive [CONTEXT service_id=22 ]
11-16 08:57:15.212: I/GCoreUlr(10917): Unbound from all signal providers. [CONTEXT service_id=22 ]
11-16 08:57:15.212: I/GCoreUlr(10917): Stopping handler for UlrDispSvcFast [CONTEXT service_id=22 ]
11-16 08:57:15.212: I/SoundTriggerModelLoader(18134): Unloading model 9f6ad62a-1f0b-11e7-87c5-40a8f03d3f15
11-16 08:57:15.213: I/SoundTriggerManagerComp(18134): Unloading model 9f6ad62a-1f0b-11e7-87c5-40a8f03d3f15
11-16 08:57:15.213: I/SoundTriggerService(1220): deleteSoundModel(): id = 9f6ad62a-1f0b-11e7-87c5-40a8f03d3f15
11-16 08:57:15.213: W/SoundTriggerHelper(1220): Unload error: Attempting unload invalid generic model with id:9f6ad62a-1f0b-11e7-87c5-40a8f03d3f15
11-16 08:57:15.220: I/SettingsActivityAvailab(17999): Disabling com.google.android.apps.multidevice.client.ui.pixel.SettingsActivity.
11-16 08:57:15.221: D/GservicesChangeReceiver(6016): Gservices Changed broadcast Received. context is android.app.ReceiverRestrictedContext@e8dc6cf
11-16 08:57:15.221: D/GservicesChangeReceiver(6016): Gservices allowPowerAnomalyData is False.
11-16 08:57:15.222: W/PackageParser(13468): Unknown element under <manifest>: queries at /data/user_de/0/com.google.android.gms/app_chimera/m/00000007/AdsDynamite.apk Binary XML file line #5
11-16 08:57:15.223: D/ConnectivityMonitorManager(6016): Service com.google.android.connectivitymonitor.PowerAnomalyDetectorService is not running...
11-16 08:57:15.223: E/GooglePlayServicesUtil(17977): The Google Play services resources were not found. Check your project configuration to ensure that the resources are included.
11-16 08:57:15.225: D/GservicesChangeReceiver(6016): Gservices allowLowPowerMonitoring is False.
11-16 08:57:15.226: D/ConnectivityMonitorManager(6016): Service com.google.android.connectivitymonitor.LowPowerMonitorService is not running...
11-16 08:57:15.228: D/GservicesChangeReceiver(6016): Gservices isConnectivityMonitorEnabled is True.
11-16 08:57:15.230: D/ConnectivityMonitorManager(6016): Service com.google.android.connectivitymonitor.ConnectivityMonitorService is running...
11-16 08:57:15.233: I/EuiccGoogle(18020): [2] GservicesChangedReceiver.onReceive: Setting EUICC_SUPPORTED_COUNTRIES to de,gb,in,us
11-16 08:57:15.233: D/ConnMetrics:App(17977): IsOptedIn = false
11-16 08:57:15.236: W/PackageParser(13468): Unknown element under <manifest>: queries at /data/user_de/0/com.google.android.gms/app_chimera/m/00000011/dl-AdsFdrDynamite.integ_213806100100000.apk Binary XML file line #11
11-16 08:57:15.239: I/Backup(13468): [GmsBackupStatusChangeReceiver] Going to enable gms backup transport.
11-16 08:57:15.241: I/RecoverableKeyStoreGms(13468): [RecoverableKeyStoreGmsInitOperation] Initializing auth_folsom
11-16 08:57:15.241: I/GmsModuleFndr(13468): Beginning GMS chimera module scan
11-16 08:57:15.242: I/RecoverableKeyStoreGms(13468): [RecoverableKeyStoreGmsInitOperation] com.google.android.gms.auth.folsom.service.FolsomPublicKeyUpdateService is already enabled. Ignore.
11-16 08:57:15.242: I/RecoverableKeyStoreGms(13468): [RecoverableKeyStoreGmsInitOperation] com.google.android.gms.auth.folsom.service.GcmReceiverService is already enabled. Ignore.
11-16 08:57:15.244: I/ChromeSync(13468): [Sync,SyncIntentOperation] Handling the intent: Intent { act=com.google.gservices.intent.action.GSERVICES_CHANGED flg=0x1000010 pkg=com.google.android.gms cmp=com.google.android.gms/.chimera.GmsIntentOperationService$PersistentInternalReceiver }.
11-16 08:57:15.246: I/MobileDataHub(13468): Scheduling periodic tasks
11-16 08:57:15.246: V/RecoverableKeyStoreMgr(1220): Not updating secret types - same as old value.
11-16 08:57:15.247: I/MS_Utils(13468): version of com.google.android.apps.maps = 1022101040
11-16 08:57:15.247: W/MobileDataHub(13468): [Service] appsupload-periodic periodic task disabled
11-16 08:57:15.247: I/RecoverableKeyStoreGms(13468): [RecoverableKeyStoreGmsInitOperation] Setting vault handle
11-16 08:57:15.247: I/MdiSyncModule(13468): flag handling is skipping irrelevant intent.
11-16 08:57:15.248: V/RecoverableKeyStoreMgr(1220): Not updating server params - same as old value.
11-16 08:57:15.249: I/SystemUpdate(13468): [Installation,ReceiverIntentOperation] Received intent: Intent { act=com.google.gservices.intent.action.GSERVICES_CHANGED flg=0x1000010 pkg=com.google.android.gms cmp=com.google.android.gms/.chimera.GmsIntentOperationService$PersistentInternalReceiver }.
11-16 08:57:15.249: I/RecoverableKeyStoreGms(13468): [EnrollmentManager] Returning certificates list from cache
11-16 08:57:15.251: W/DynamiteModule(13468): Local module descriptor class for com.google.android.gms.vision.dynamite.ocr not found.
11-16 08:57:15.252: I/DynamiteModule(13468): Considering local module com.google.android.gms.vision.dynamite.ocr:0 and remote module com.google.android.gms.vision.dynamite.ocr:0
11-16 08:57:15.252: I/DynamiteModule(13468): Considering local module com.google.android.gms.vision.ocr:0 and remote module com.google.android.gms.vision.ocr:1
11-16 08:57:15.252: I/DynamiteModule(13468): Selected remote version of com.google.android.gms.vision.ocr, version >= 1
11-16 08:57:15.254: I/native(13468): I1116 08:57:15.254650   17925 start_ocr_856638336_langid.cc:35] StartOcr with label: latin_script_gmvapi_android
11-16 08:57:15.254: I/native(13468): I1116 08:57:15.254835   17925 start_ocr_856638336_langid.cc:44] StartOcr success
11-16 08:57:15.256: I/OcrModelUpStIntentOp(13468): Downloading text recognizer
11-16 08:57:15.263: I/Herrevad(10917): [983] zcq.a: updateListenState
11-16 08:57:15.263: I/NetRec(10917): [986] aiad.a: onConfigChanged()
11-16 08:57:15.265: I/BgTaskExecutorImpl(10128): Starting NONEXCLUSIVE background task UPDATE_GSERVICES_CONFIG.
11-16 08:57:15.269: W/SearchServiceCore(10128): Abort, client detached.
11-16 08:57:15.269: I/GservicesUpdateTask(10128): Updating Gservices keys
11-16 08:57:15.270: I/Auth(10917): [AuthManaged, PasswordComplexityHelperImpl] Updating password complexity components state.
11-16 08:57:15.270: I/Auth(10917): [AuthManaged, PasswordComplexityHelperImpl] Enabling com.google.android.gms.auth.managed.ui.SetNewPasswordActivity
11-16 08:57:15.274: I/NetRec(10917): [986] aiad.a: Cancelling all NetRec GCM tasks
11-16 08:57:15.276: I/NetRec(10917): [989] ClearDatabaseService.onHandleIntent: Clearing score cache
11-16 08:57:15.289: I/RecoverableKeyStoreMgr(1220): The cert file serial number is the same, so skip updating.
11-16 08:57:15.290: I/RecoverableKeyStoreGms(13468): [EnrollmentManager] Recovery service is initialized.
11-16 08:57:15.293: I/RecoverySnapshotLstnrs(1220): Registered listener for agent with uid 10007
11-16 08:57:15.294: E/RecoverySnapshotStorage(1220): Error reading snapshot for 10007 from disk
11-16 08:57:15.294: E/RecoverySnapshotStorage(1220): java.io.FileNotFoundException: /data/system/recoverablekeystore/snapshots/10007.xml (No such file or directory)
11-16 08:57:15.294: E/RecoverySnapshotStorage(1220): 	at java.io.FileInputStream.open0(Native Method)
11-16 08:57:15.294: E/RecoverySnapshotStorage(1220): 	at java.io.FileInputStream.open(FileInputStream.java:231)
11-16 08:57:15.294: E/RecoverySnapshotStorage(1220): 	at java.io.FileInputStream.<init>(FileInputStream.java:165)
11-16 08:57:15.294: E/RecoverySnapshotStorage(1220): 	at com.android.server.locksettings.recoverablekeystore.storage.RecoverySnapshotStorage.readFromDisk(RecoverySnapshotStorage.java:152)
11-16 08:57:15.294: E/RecoverySnapshotStorage(1220): 	at com.android.server.locksettings.recoverablekeystore.storage.RecoverySnapshotStorage.get(RecoverySnapshotStorage.java:104)
11-16 08:57:15.294: E/RecoverySnapshotStorage(1220): 	at com.android.server.locksettings.recoverablekeystore.RecoverableKeyStoreManager.getKeyChainSnapshot(RecoverableKeyStoreManager.java:331)
11-16 08:57:15.294: E/RecoverySnapshotStorage(1220): 	at com.android.server.locksettings.LockSettingsService.getKeyChainSnapshot(LockSettingsService.java:2032)
11-16 08:57:15.294: E/RecoverySnapshotStorage(1220): 	at com.android.internal.widget.ILockSettings$Stub.onTransact(ILockSettings.java:356)
11-16 08:57:15.294: E/RecoverySnapshotStorage(1220): 	at android.os.Binder.execTransact(Binder.java:731)
11-16 08:57:15.294: W/NetworkScheduler(10917): The extras of the task is not valid to be persisted so that the task is not persisted [CONTEXT service_id=218 ]
11-16 08:57:15.294: W/NetworkScheduler(10917): java.lang.IllegalArgumentException: Only the following extra parameter types are supported: Integer, Long, Double, String, Boolean, and nested Bundles with the same restrictions.
11-16 08:57:15.294: W/NetworkScheduler(10917): 	at abno.f(:com.google.android.gms@213614028@21.36.14 (100400-395708125):6)
11-16 08:57:15.294: W/NetworkScheduler(10917): 	at amdu.g(:com.google.android.gms@213614028@21.36.14 (100400-395708125):37)
11-16 08:57:15.294: W/NetworkScheduler(10917): 	at amdd.n(:com.google.android.gms@213614028@21.36.14 (100400-395708125):3)
11-16 08:57:15.294: W/NetworkScheduler(10917): 	at amdd.u(:com.google.android.gms@213614028@21.36.14 (100400-395708125):20)
11-16 08:57:15.294: W/NetworkScheduler(10917): 	at amdd.g(:com.google.android.gms@213614028@21.36.14 (100400-395708125):3)
11-16 08:57:15.294: W/NetworkScheduler(10917): 	at alzy.run(:com.google.android.gms@213614028@21.36.14 (100400-395708125):9)
11-16 08:57:15.294: W/NetworkScheduler(10917): 	at rgh.c(:com.google.android.gms@213614028@21.36.14 (100400-395708125):6)
11-16 08:57:15.294: W/NetworkScheduler(10917): 	at rgh.run(:com.google.android.gms@213614028@21.36.14 (100400-395708125):8)
11-16 08:57:15.294: W/NetworkScheduler(10917): 	at java.util.concurrent.ThreadPoolExecutor.runWorker(ThreadPoolExecutor.java:1167)
11-16 08:57:15.294: W/NetworkScheduler(10917): 	at java.util.concurrent.ThreadPoolExecutor$Worker.run(ThreadPoolExecutor.java:641)
11-16 08:57:15.294: W/NetworkScheduler(10917): 	at rkn.run(:com.google.android.gms@213614028@21.36.14 (100400-395708125):0)
11-16 08:57:15.294: W/NetworkScheduler(10917): 	at java.lang.Thread.run(Thread.java:764)
11-16 08:57:15.296: I/RecoverableKeyStoreGms(13468): [WrappingKeyManager] Can't generate wrapping key - missing lock screeen
11-16 08:57:15.305: I/GCoreUlr(10917): WorldUpdater received intent Intent { act=com.google.android.location.reporting.ACTION_UPDATE_WORLD cmp=com.google.android.gms/com.google.android.location.reporting.service.DispatchingService (has extras) } with receiverAction com.google.gservices.intent.action.GSERVICES_CHANGED [CONTEXT service_id=22 ]
11-16 08:57:15.307: I/ModuleSetMgr(13468): Computing pending module set with APKs: [[AdsFdrDynamite.integ:213806100100000], [Enpromo.integ:214106000100000], [Pay.optional:213614100000], [VisionOcr.optional:213614100400], [AdsFdrDynamite.integ:212104400100000], [Cronetdynamite:213614100400], [Dynamiteloader:213614100000], [Dynamitemodulesa:213614100000], [Dynamitemodulesc:213614100000], [Googlecertificates:213614100000], [Mapsdynamite:213614100000], [Measurementdynamite:213614100000]]
11-16 08:57:15.309: I/GCoreUlr(10917): WorldUpdater:com.google.gservices.intent.action.GSERVICES_CHANGED: Ensuring that reporting is stopped because of reasons: (no Google accounts) [CONTEXT service_id=22 ]
11-16 08:57:15.314: I/GCoreUlr(10917): Unbound from all signal providers. [CONTEXT service_id=22 ]
11-16 08:57:15.316: I/ModuleSetMgr(13468): Pending container module APKs: [[Pay.optional:213614100000], [VisionOcr.optional:213614100400]]
11-16 08:57:15.316: I/ModuleSetMgr(13468): Pending non-container module APKs: [[Enpromo.integ:214106000100000], [AdsFdrDynamite.integ:213806100100000]]
11-16 08:57:15.323: I/GCoreUlr(10917): DispatchingService ignoring Intent { act=android.net.wifi.WIFI_STATE_CHANGED flg=0x4000010 (has extras) } because ULR inactive [CONTEXT service_id=22 ]
11-16 08:57:15.325: I/GCoreUlr(10917): Unbound from all signal providers. [CONTEXT service_id=22 ]
11-16 08:57:15.325: I/GCoreUlr(10917): Stopping handler for UlrDispSvcFast [CONTEXT service_id=22 ]
11-16 08:57:15.333: W/PackageParser(13468): Unknown element under <manifest>: queries at /data/user_de/0/com.google.android.gms/app_chimera/m/00000007/AdsDynamite.apk Binary XML file line #5
11-16 08:57:15.339: I/SoundTriggerModelLoader(18134): Unloading model 9f6ad62a-1f0b-11e7-87c5-40a8f03d3f15
11-16 08:57:15.339: I/SoundTriggerManagerComp(18134): Unloading model 9f6ad62a-1f0b-11e7-87c5-40a8f03d3f15
11-16 08:57:15.339: I/SoundTriggerService(1220): deleteSoundModel(): id = 9f6ad62a-1f0b-11e7-87c5-40a8f03d3f15
11-16 08:57:15.339: W/SoundTriggerHelper(1220): Unload error: Attempting unload invalid generic model with id:9f6ad62a-1f0b-11e7-87c5-40a8f03d3f15
11-16 08:57:15.345: W/PackageParser(13468): Unknown element under <manifest>: queries at /data/user_de/0/com.google.android.gms/app_chimera/m/00000011/dl-AdsFdrDynamite.integ_213806100100000.apk Binary XML file line #11
11-16 08:57:15.350: I/GmsModuleFndr(13468): Beginning GMS chimera module scan
11-16 08:57:15.360: I/BugleRcsProvisioning(7299): RcsProvisioningEventReceiver: Received ProvisioningEvent: Enable PEv2
11-16 08:57:15.363: I/BugleRcsEngine(7299): [2] pot.b: Not using CS JibeService because the CS migration has not completed.
11-16 08:57:15.368: I/ModuleSetMgr(13468): Computing pending module set with APKs: [[AdsFdrDynamite.integ:213806100100000], [Enpromo.integ:214106000100000], [Pay.optional:213614100000], [VisionOcr.optional:213614100400], [AdsFdrDynamite.integ:212104400100000], [Cronetdynamite:213614100400], [Dynamiteloader:213614100000], [Dynamitemodulesa:213614100000], [Dynamitemodulesc:213614100000], [Googlecertificates:213614100000], [Mapsdynamite:213614100000], [Measurementdynamite:213614100000]]
11-16 08:57:15.368: I/BugleRcsProvisioning(7299): RcsProvisioningEventReceiver: Received ProvisioningEvent: Request Bugle information
11-16 08:57:15.371: I/BugleRcsEngine(7299): [2] pot.b: Not using CS JibeService because the CS migration has not completed.
11-16 08:57:15.373: I/BugleRcsProvisioning(7299): RcsProvisioningEventReceiver: Received ProvisioningEvent: Availability updated
11-16 08:57:15.373: I/BugleRcsProvisioning(7299): RcsProvisioningEventReceiver: Bugle receives rcs availability update to: DISABLED_SIM_ABSENT
11-16 08:57:15.375: I/BugleRcsEngine(7299): [2] pot.b: Not using CS JibeService because the CS migration has not completed.
11-16 08:57:15.382: I/ModuleSetMgr(13468): Pending container module APKs: [[Pay.optional:213614100000], [VisionOcr.optional:213614100400]]
11-16 08:57:15.382: I/ModuleSetMgr(13468): Pending non-container module APKs: [[Enpromo.integ:214106000100000], [AdsFdrDynamite.integ:213806100100000]]
11-16 08:57:15.385: I/BugleRcsProvisioning(7299): RcsProvisioningEventReceiver: Received ProvisioningEvent: Request Bugle information
11-16 08:57:15.387: I/BugleRcsEngine(7299): [2] pot.b: Not using CS JibeService because the CS migration has not completed.
11-16 08:57:15.390: I/BugleRcsEngine(10176): [2] ProvisioningEventReceiver.onReceive: Received Provisioning Event: [Availability updated (12)]
11-16 08:57:15.390: I/BugleRcsEngine(10176): [2] ProvisioningEventReceiver.onReceive: JibeService is running, passing event to provisioning engine.
11-16 08:57:15.390: I/BugleRcsEngine(10176): [2] pdz.a: Handling Provisioning Event: [Availability updated (12)]
11-16 08:57:15.390: I/BugleRcsEngine(10176): [612] ProvisioningEngineStateMachine.a: DisabledState: event Availability updated
11-16 08:57:15.391: I/BugleRcsEngine(10176): [612] pev.a: RcsAvailabilityManager: Calculating Rcs Availability
11-16 08:57:15.393: I/BugleRcsProvisioning(7299): RcsProvisioningEventReceiver: Received ProvisioningEvent: Update provisioning status
11-16 08:57:15.397: W/PackageParser(13468): Unknown element under <manifest>: queries at /data/user_de/0/com.google.android.gms/app_chimera/m/00000007/AdsDynamite.apk Binary XML file line #5
11-16 08:57:15.397: I/BugleRcsProvisioning(7299): RcsProvisioningEventReceiver: Received ProvisioningEvent: Update provisioning status
11-16 08:57:15.407: W/PhenotypeConfigurationU(10917): Update for unknown DeviceConfig package com.google.android.gms.auth.api.credentials [CONTEXT service_id=204 ]
11-16 08:57:15.407: W/PhenotypeConfigurationU(10917): akjf: No package exists for config package: com.google.android.gms.auth.api.credentials
11-16 08:57:15.407: W/PhenotypeConfigurationU(10917): 	at com.google.android.gms.platformconfigurator.PhenotypeConfigurationUpdateListener.a(:com.google.android.gms@213614028@21.36.14 (100400-395708125):7)
11-16 08:57:15.407: W/PhenotypeConfigurationU(10917): 	at com.google.android.gms.platformconfigurator.PhenotypeConfigurationUpdateListener.onHandleIntent(:com.google.android.gms@213614028@21.36.14 (100400-395708125):5)
11-16 08:57:15.407: W/PhenotypeConfigurationU(10917): 	at com.google.android.chimera.IntentOperation.onHandleIntent(:com.google.android.gms@213614028@21.36.14 (100400-395708125):2)
11-16 08:57:15.407: W/PhenotypeConfigurationU(10917): 	at pld.onHandleIntent(:com.google.android.gms@213614028@21.36.14 (100400-395708125):4)
11-16 08:57:15.407: W/PhenotypeConfigurationU(10917): 	at dpb.run(:com.google.android.gms@213614028@21.36.14 (100400-395708125):5)
11-16 08:57:15.407: W/PhenotypeConfigurationU(10917): 	at dpa.run(:com.google.android.gms@213614028@21.36.14 (100400-395708125):11)
11-16 08:57:15.407: W/PhenotypeConfigurationU(10917): 	at bfyg.run(:com.google.android.gms@213614028@21.36.14 (100400-395708125):2)
11-16 08:57:15.407: W/PhenotypeConfigurationU(10917): 	at java.util.concurrent.ThreadPoolExecutor.runWorker(ThreadPoolExecutor.java:1167)
11-16 08:57:15.407: W/PhenotypeConfigurationU(10917): 	at java.util.concurrent.ThreadPoolExecutor$Worker.run(ThreadPoolExecutor.java:641)
11-16 08:57:15.407: W/PhenotypeConfigurationU(10917): 	at java.lang.Thread.run(Thread.java:764)
11-16 08:57:15.420: W/PackageParser(13468): Unknown element under <manifest>: queries at /data/user_de/0/com.google.android.gms/app_chimera/m/00000011/dl-AdsFdrDynamite.integ_213806100100000.apk Binary XML file line #11
11-16 08:57:15.421: I/BugleRcsEngine(10176): [2] ProvisioningEventReceiver.onReceive: Received Provisioning Event: [Bugle information (100)]
11-16 08:57:15.422: I/BugleRcsEngine(10176): [2] ProvisioningEventReceiver.onReceive: JibeService is running, passing event to provisioning engine.
11-16 08:57:15.422: I/BugleRcsEngine(10176): [2] pdz.a: Handling Provisioning Event: [Bugle information (100)]
11-16 08:57:15.424: I/BugleRcsEngine(10176): [2] pev.a: RcsAvailabilityManager: Calculating Rcs Availability
11-16 08:57:15.427: I/RecoverableKeyStoreGms(13468): [RecoverableKeyStoreGmsInitOperation] Initializing auth_folsom
11-16 08:57:15.428: I/BugleRcsEngine(10176): [2] ProvisioningEventReceiver.onReceive: Received Provisioning Event: [Bugle information (100)]
11-16 08:57:15.429: I/BugleRcsEngine(10176): [2] ProvisioningEventReceiver.onReceive: JibeService is running, passing event to provisioning engine.
11-16 08:57:15.429: I/GmsModuleFndr(13468): Beginning GMS chimera module scan
11-16 08:57:15.429: I/BugleRcsEngine(10176): [2] pdz.a: Handling Provisioning Event: [Bugle information (100)]
11-16 08:57:15.430: I/RecoverableKeyStoreGms(13468): [RecoverableKeyStoreGmsInitOperation] com.google.android.gms.auth.folsom.service.FolsomPublicKeyUpdateService is already enabled. Ignore.
11-16 08:57:15.430: I/RecoverableKeyStoreGms(13468): [RecoverableKeyStoreGmsInitOperation] com.google.android.gms.auth.folsom.service.GcmReceiverService is already enabled. Ignore.
11-16 08:57:15.430: I/ChromeSync(13468): [Sync,SyncIntentOperation] Handling the intent: Intent { act=com.google.gservices.intent.action.GSERVICES_CHANGED flg=0x1000010 pkg=com.google.android.gms cmp=com.google.android.gms/.chimera.GmsIntentOperationService$PersistentInternalReceiver }.
11-16 08:57:15.431: I/BugleRcsEngine(10176): [2] pev.a: RcsAvailabilityManager: Calculating Rcs Availability
11-16 08:57:15.433: V/RecoverableKeyStoreMgr(1220): Not updating secret types - same as old value.
11-16 08:57:15.434: I/RecoverableKeyStoreGms(13468): [RecoverableKeyStoreGmsInitOperation] Setting vault handle
11-16 08:57:15.434: I/MobileDataHub(13468): Scheduling periodic tasks
11-16 08:57:15.434: V/RecoverableKeyStoreMgr(1220): Not updating server params - same as old value.
11-16 08:57:15.434: W/MobileDataHub(13468): [Service] appsupload-periodic periodic task disabled
11-16 08:57:15.435: I/MS_Utils(13468): version of com.google.android.apps.maps = 1022101040
11-16 08:57:15.435: I/MdiSyncModule(13468): flag handling is skipping irrelevant intent.
11-16 08:57:15.435: I/RecoverableKeyStoreGms(13468): [EnrollmentManager] Returning certificates list from cache
