11-16 09:56:31.685: D/LifecycleMonitor(17929): Lifecycle status change: androidx.test.core.app.InstrumentationActivityInvoker$EmptyActivity@1a45c55 in: PAUSED
11-16 09:56:31.686: V/ActivityScenario(17929): Activity lifecycle changed event received but ignored because the intent does not match. startActivityIntent=Intent { act=android.intent.action.MAIN cat=[android.intent.category.LAUNCHER] cmp=androidx.navigation.dynamicfeatures.fragment.test/androidx.navigation.dynamicfeatures.fragment.TestActivity }, activity.getIntent()=Intent { act=android.intent.action.MAIN cat=[android.intent.category.LAUNCHER] flg=0x10000000 cmp=androidx.navigation.dynamicfeatures.fragment.test/androidx.test.core.app.InstrumentationActivityInvoker$EmptyActivity }, activity=androidx.test.core.app.InstrumentationActivityInvoker$EmptyActivity@1a45c55
11-16 09:56:31.698: D/QSEECOMAPI(18345): Loaded image: APP id = 177
11-16 09:56:31.703: E/fpc_tac(18345): fpcbuildinfo : 575ddab5b91efea67ee1d200fc813ff2fpc_bio=bd35c3fec78219829149bea6c9ec961e6f655b90C:prodtestlib=4304cf5c884c198624b749af3482befacbd3028eC:fpc_c_core=dc194509594e837dedfb5452aaf06fcb61977135C:fpc_lib=cd5b7b876c3d69afa68a11ac6fd86f873e70817bC:cac=297e11552c60a3607ed664cf44c3e4b36ab2e737C:fpc_bio_interface=94a457caecae31eca8ef04b64c3f82a018e9bbc0C:fpc_sensor=ba909a5500944acafe47a0ef3a49f89509aadfb6C:tools_core=94ddf1e684cfa6c99f0f237f7cc35f3962e0e597C:sensor_settings=4fcf864fb493ae0272a9b2806446b379d99fd8ceC:fingerprint_ta=066bc0ab880960a4a69b74a328c7d7871c72225bC:fingerprint_pal=0deb9a478a3572872639f9cb2559ccc464ee3f9bC:manifests=dcb3d8ab0bdb7a5b341839d8c75bb88fc7f5e1a4C:Manifesttag=SW23.3.0-PDR1.0.5:jenkins@84ffd74dac44:Thu,17May201810:17:08+0200:FPC_SENSOR_TYPE=FPC_SENSOR_TYPE_FPC1270:FPC_CC_TYPE=FPC_COMPANION_CHIP_FPC2050:FPC_C_TYPE=FPC_COATING_NORMAL
11-16 09:56:31.703: E/fpc_tac(18345): fpcbuildtype : build=RELEASE sensor=9
11-16 09:56:31.703: I/BackdropActivity(17029): onResume()
11-16 09:56:31.704: I/ActivityManager(1195): Activity requesting to dismiss Keyguard: ActivityRecord{a8a5bbc u0 com.google.android.apps.mtaas.backdrop/.BackdropActivity t4}
11-16 09:56:31.707: D/LifecycleMonitor(17929): Lifecycle status change: androidx.navigation.dynamicfeatures.fragment.TestActivity@a3a196f in: STOPPED
11-16 09:56:31.707: V/ActivityScenario(17929): Update currentActivityStage to STOPPED, currentActivity=androidx.navigation.dynamicfeatures.fragment.TestActivity@a3a196f
11-16 09:56:31.711: W/EventHub(1195): Unable to disable kernel key repeat for /dev/input/event3: Function not implemented
11-16 09:56:31.711: I/EventHub(1195): wakeMechanism=EPOLLWAKEUP, usingClockIoctl=true
11-16 09:56:31.711: I/EventHub(1195): New device: id=177, fd=338, path='/dev/input/event3', name='uinput-fpc', classes=0x101, configuration='/system/usr/idc/uinput-fpc.idc', keyLayout='/system/usr/keylayout/uinput-fpc.kl', keyCharacterMap='/system/usr/keychars/Generic.kcm', builtinKeyboard=true, 
11-16 09:56:31.711: W/InputReader(1195): Ignoring spurious device added event for deviceId 0.
11-16 09:56:31.717: D/LifecycleMonitor(17929): Lifecycle status change: androidx.navigation.dynamicfeatures.fragment.TestActivity@a3a196f in: DESTROYED
11-16 09:56:31.718: V/ActivityScenario(17929): Update currentActivityStage to DESTROYED, currentActivity=null
11-16 09:56:31.722: I/GoogleInputMethod(3656): onFinishInput() : Dummy InputConnection bound
11-16 09:56:31.722: I/GoogleInputMethod(3656): onStartInput() : Dummy InputConnection bound
11-16 09:56:31.723: I/TestRunner(17929): finished: no_moduleName(androidx.navigation.dynamicfeatures.fragment.DynamicFragmentNavigatorDestinationBuilderTest)
11-16 09:56:31.725: I/MonitoringInstr(17929): Activities that are still in CREATED to STOPPED: 1
11-16 09:56:31.725: I/MonitoringInstr(17929): Unstopped activity count: 1
11-16 09:56:31.738: D/android.hardware.power@1.3-service.crosshatch-libperfmgr(788): LAUNCH OFF
11-16 09:56:31.759: D/LifecycleMonitor(17929): Lifecycle status change: androidx.test.core.app.InstrumentationActivityInvoker$EmptyActivity@1a45c55 in: STOPPED
11-16 09:56:31.760: D/LifecycleMonitor(17929): Lifecycle status change: androidx.test.core.app.InstrumentationActivityInvoker$EmptyActivity@1a45c55 in: DESTROYED
11-16 09:56:31.764: W/SurfaceFlinger(641): Attempting to destroy on removed layer: AppWindowToken{e2f6349 token=Token{30ed550 ActivityRecord{5f23f13 u0 androidx.navigation.dynamicfeatures.fragment.test/androidx.test.core.app.InstrumentationActivityInvoker$EmptyActivity t7}}}#0
11-16 09:56:31.776: I/TestRunner(17929): started: reified(androidx.navigation.dynamicfeatures.fragment.DynamicFragmentNavigatorDestinationBuilderTest)
11-16 09:56:31.785: W/Settings(17929): Setting always_finish_activities has moved from android.provider.Settings.System to android.provider.Settings.Global, returning read-only value.
11-16 09:56:31.791: E/Backup(14616): [BackupTransportMigratorChimeraService] Could not migrate transport!
11-16 09:56:31.791: I/ActivityManager(1195): START u0 {act=android.intent.action.MAIN cat=[android.intent.category.LAUNCHER] flg=0x10008000 cmp=androidx.navigation.dynamicfeatures.fragment.test/androidx.test.core.app.InstrumentationActivityInvoker$BootstrapActivity (has extras)} from uid 10172
11-16 09:56:31.796: D/android.hardware.power@1.3-service.crosshatch-libperfmgr(788): LAUNCH ON
11-16 09:56:31.806: I/Backup(14616): [BackupTransportMigratorChimeraService] Starting migration...
11-16 09:56:31.807: W/ActivityThread(17929): handleWindowVisibility: no activity for token android.os.BinderProxy@9d23e1a
11-16 09:56:31.809: E/NotificationService(1195): Muting recently noisy 0|com.google.android.apps.mtaas.backdrop|1|null|10163
11-16 09:56:31.816: D/LifecycleMonitor(17929): Lifecycle status change: androidx.test.core.app.InstrumentationActivityInvoker$BootstrapActivity@4e73328 in: PRE_ON_CREATE
11-16 09:56:31.817: V/ActivityScenario(17929): Activity lifecycle changed event received but ignored because the intent does not match. startActivityIntent=Intent { act=android.intent.action.MAIN cat=[android.intent.category.LAUNCHER] cmp=androidx.navigation.dynamicfeatures.fragment.test/androidx.navigation.dynamicfeatures.fragment.TestActivity }, activity.getIntent()=Intent { act=android.intent.action.MAIN cat=[android.intent.category.LAUNCHER] flg=0x10008000 cmp=androidx.navigation.dynamicfeatures.fragment.test/androidx.test.core.app.InstrumentationActivityInvoker$BootstrapActivity (has extras) }, activity=androidx.test.core.app.InstrumentationActivityInvoker$BootstrapActivity@4e73328
11-16 09:56:31.824: D/LifecycleMonitor(17929): Lifecycle status change: androidx.test.core.app.InstrumentationActivityInvoker$BootstrapActivity@4e73328 in: CREATED
11-16 09:56:31.824: V/ActivityScenario(17929): Activity lifecycle changed event received but ignored because the intent does not match. startActivityIntent=Intent { act=android.intent.action.MAIN cat=[android.intent.category.LAUNCHER] cmp=androidx.navigation.dynamicfeatures.fragment.test/androidx.navigation.dynamicfeatures.fragment.TestActivity }, activity.getIntent()=Intent { act=android.intent.action.MAIN cat=[android.intent.category.LAUNCHER] flg=0x10008000 cmp=androidx.navigation.dynamicfeatures.fragment.test/androidx.test.core.app.InstrumentationActivityInvoker$BootstrapActivity (has extras) }, activity=androidx.test.core.app.InstrumentationActivityInvoker$BootstrapActivity@4e73328
11-16 09:56:31.825: D/LifecycleMonitor(17929): Lifecycle status change: androidx.test.core.app.InstrumentationActivityInvoker$BootstrapActivity@4e73328 in: STARTED
11-16 09:56:31.825: V/ActivityScenario(17929): Activity lifecycle changed event received but ignored because the intent does not match. startActivityIntent=Intent { act=android.intent.action.MAIN cat=[android.intent.category.LAUNCHER] cmp=androidx.navigation.dynamicfeatures.fragment.test/androidx.navigation.dynamicfeatures.fragment.TestActivity }, activity.getIntent()=Intent { act=android.intent.action.MAIN cat=[android.intent.category.LAUNCHER] flg=0x10008000 cmp=androidx.navigation.dynamicfeatures.fragment.test/androidx.test.core.app.InstrumentationActivityInvoker$BootstrapActivity (has extras) }, activity=androidx.test.core.app.InstrumentationActivityInvoker$BootstrapActivity@4e73328
11-16 09:56:31.827: I/ActivityManager(1195): START u0 {act=android.intent.action.MAIN cat=[android.intent.category.LAUNCHER] cmp=androidx.navigation.dynamicfeatures.fragment.test/androidx.navigation.dynamicfeatures.fragment.TestActivity} from uid 10172
11-16 09:56:31.828: D/android.hardware.power@1.3-service.crosshatch-libperfmgr(788): LAUNCH ON
11-16 09:56:31.832: D/LifecycleMonitor(17929): Lifecycle status change: androidx.test.core.app.InstrumentationActivityInvoker$BootstrapActivity@4e73328 in: RESUMED
11-16 09:56:31.832: V/ActivityScenario(17929): Activity lifecycle changed event received but ignored because the intent does not match. startActivityIntent=Intent { act=android.intent.action.MAIN cat=[android.intent.category.LAUNCHER] cmp=androidx.navigation.dynamicfeatures.fragment.test/androidx.navigation.dynamicfeatures.fragment.TestActivity }, activity.getIntent()=Intent { act=android.intent.action.MAIN cat=[android.intent.category.LAUNCHER] flg=0x10008000 cmp=androidx.navigation.dynamicfeatures.fragment.test/androidx.test.core.app.InstrumentationActivityInvoker$BootstrapActivity (has extras) }, activity=androidx.test.core.app.InstrumentationActivityInvoker$BootstrapActivity@4e73328
11-16 09:56:31.834: D/LifecycleMonitor(17929): Lifecycle status change: androidx.test.core.app.InstrumentationActivityInvoker$BootstrapActivity@4e73328 in: PAUSED
11-16 09:56:31.834: V/ActivityScenario(17929): Activity lifecycle changed event received but ignored because the intent does not match. startActivityIntent=Intent { act=android.intent.action.MAIN cat=[android.intent.category.LAUNCHER] cmp=androidx.navigation.dynamicfeatures.fragment.test/androidx.navigation.dynamicfeatures.fragment.TestActivity }, activity.getIntent()=Intent { act=android.intent.action.MAIN cat=[android.intent.category.LAUNCHER] flg=0x10008000 cmp=androidx.navigation.dynamicfeatures.fragment.test/androidx.test.core.app.InstrumentationActivityInvoker$BootstrapActivity (has extras) }, activity=androidx.test.core.app.InstrumentationActivityInvoker$BootstrapActivity@4e73328
11-16 09:56:31.836: I/dex2oat(18340): dex2oat took 222.904ms (51.373ms cpu) (threads: 8) arena alloc=2344B (2344B) java alloc=32KB (32784B) native alloc=809KB (828784B) free=1238KB (1268368B)
11-16 09:56:31.838: W/SearchServiceCore(10116): Abort, client detached.
11-16 09:56:31.843: I/WindowManager(1195): Queue is too deep! Purged item with taskid=4
11-16 09:56:31.838: W/SearchServiceCore(10116): Abort, client detached.
11-16 09:56:31.845: W/ActivityThread(17929): handleWindowVisibility: no activity for token android.os.BinderProxy@ac621e6
11-16 09:56:31.850: D/LifecycleMonitor(17929): Lifecycle status change: androidx.navigation.dynamicfeatures.fragment.TestActivity@c0f5ac3 in: PRE_ON_CREATE
11-16 09:56:31.850: V/ActivityScenario(17929): Activity lifecycle changed event received but ignored because the reported transition was not ON_CREATE while the last known transition was PRE_ON_CREATE
11-16 09:56:31.859: W/earchbox:searc(10116): Skipping duplicate class check due to unsupported classloader
11-16 09:56:31.863: D/LifecycleMonitor(17929): Lifecycle status change: androidx.navigation.dynamicfeatures.fragment.TestActivity@c0f5ac3 in: CREATED
11-16 09:56:31.863: V/ActivityScenario(17929): Update currentActivityStage to CREATED, currentActivity=androidx.navigation.dynamicfeatures.fragment.TestActivity@c0f5ac3
11-16 09:56:31.865: D/LifecycleMonitor(17929): Lifecycle status change: androidx.navigation.dynamicfeatures.fragment.TestActivity@c0f5ac3 in: STARTED
11-16 09:56:31.865: V/ActivityScenario(17929): Update currentActivityStage to STARTED, currentActivity=androidx.navigation.dynamicfeatures.fragment.TestActivity@c0f5ac3
11-16 09:56:31.868: D/LifecycleMonitor(17929): Lifecycle status change: androidx.navigation.dynamicfeatures.fragment.TestActivity@c0f5ac3 in: RESUMED
11-16 09:56:31.868: V/ActivityScenario(17929): Update currentActivityStage to RESUMED, currentActivity=androidx.navigation.dynamicfeatures.fragment.TestActivity@c0f5ac3
11-16 09:56:31.877: W/SearchServiceCore(10116): Abort, client detached.
11-16 09:56:31.877: W/SearchServiceCore(10116): Abort, client detached.
11-16 09:56:31.878: I/BgTaskExecutorImpl(10116): Starting EXCLUSIVE background task VELOUR_BACKGROUND_MAINTENANCE.
11-16 09:56:31.888: W/SearchServiceCore(10116): Abort, client detached.
11-16 09:56:31.888: W/SearchServiceCore(10116): Abort, client detached.
11-16 09:56:31.890: I/BgTaskExecutorImpl(10116): Starting EXCLUSIVE background task BLOBLOBBER_SYNC.
11-16 09:56:31.904: W/earchbox:searc(10116): Unsupported class loader
11-16 09:56:31.906: W/earchbox:searc(10116): Skipping duplicate class check due to unsupported classloader
11-16 09:56:31.907: I/Adreno(1195): QUALCOMM build                   : 3f88ca2, I42f6fe38fb
11-16 09:56:31.907: I/Adreno(1195): Build Date                       : 07/13/18
11-16 09:56:31.907: I/Adreno(1195): OpenGL ES Shader Compiler Version: EV031.24.00.00
11-16 09:56:31.907: I/Adreno(1195): Local Branch                     : 50.04
11-16 09:56:31.907: I/Adreno(1195): Remote Branch                    : 
11-16 09:56:31.907: I/Adreno(1195): Remote Branch                    : 
11-16 09:56:31.907: I/Adreno(1195): Reconstruct Branch               : 
11-16 09:56:31.907: I/Adreno(1195): Build Config                     : S P 4.0.10 AArch64
11-16 09:56:31.908: E/libc(1195): Access denied finding property "vendor.debug.prerotation.disable"
11-16 09:56:31.909: E/libc(1195): Access denied finding property "vendor.debug.prerotation.disable"
11-16 09:56:31.909: I/Adreno(1195): PFP: 0x016ee170, ME: 0x00000000
11-16 09:56:31.909: E/libc(1195): Access denied finding property "vendor.debug.prerotation.disable"
11-16 09:56:31.910: I/ConfigStore(1195): android::hardware::configstore::V1_0::ISurfaceFlingerConfigs::hasWideColorDisplay retrieved: 1
11-16 09:56:31.910: W/BlobLobber(10116): Skipping download (already active): odws2_en:us:511_2019-09-12_270573492_release_signed
11-16 09:56:31.910: I/ConfigStore(1195): android::hardware::configstore::V1_0::ISurfaceFlingerConfigs::hasHDRDisplay retrieved: 1
11-16 09:56:31.911: I/OpenGLRenderer(1195): Initialized EGL, version 1.4
11-16 09:56:31.911: D/OpenGLRenderer(1195): Swap behavior 2
11-16 09:56:31.911: W/earchbox:searc(10116): Unsupported class loader
11-16 09:56:31.915: W/earchbox:searc(10116): Skipping duplicate class check due to unsupported classloader
11-16 09:56:31.919: I/GoogleInputMethod(3656): onFinishInput() : Dummy InputConnection bound
11-16 09:56:31.919: I/GoogleInputMethod(3656): onStartInput() : Dummy InputConnection bound
11-16 09:56:31.921: I/ActivityManager(1195): Displayed androidx.navigation.dynamicfeatures.fragment.test/androidx.navigation.dynamicfeatures.fragment.TestActivity: +125ms
11-16 09:56:31.926: W/SearchServiceCore(10116): Abort, client detached.
11-16 09:56:31.926: W/SearchServiceCore(10116): Abort, client detached.
11-16 09:56:31.932: D/android.hardware.power@1.3-service.crosshatch-libperfmgr(788): LAUNCH OFF
11-16 09:56:31.934: D/LifecycleMonitor(17929): Lifecycle status change: androidx.test.core.app.InstrumentationActivityInvoker$BootstrapActivity@4e73328 in: STOPPED
11-16 09:56:31.935: V/ActivityScenario(17929): Activity lifecycle changed event received but ignored because the intent does not match. startActivityIntent=Intent { act=android.intent.action.MAIN cat=[android.intent.category.LAUNCHER] cmp=androidx.navigation.dynamicfeatures.fragment.test/androidx.navigation.dynamicfeatures.fragment.TestActivity }, activity.getIntent()=Intent { act=android.intent.action.MAIN cat=[android.intent.category.LAUNCHER] flg=0x10008000 cmp=androidx.navigation.dynamicfeatures.fragment.test/androidx.test.core.app.InstrumentationActivityInvoker$BootstrapActivity (has extras) }, activity=androidx.test.core.app.InstrumentationActivityInvoker$BootstrapActivity@4e73328
11-16 09:56:31.944: W/SurfaceFlinger(641): Attempting to set client state on removed layer: Splash Screen androidx.navigation.dynamicfeatures.fragment.test#0
11-16 09:56:31.944: W/SurfaceFlinger(641): Attempting to destroy on removed layer: Splash Screen androidx.navigation.dynamicfeatures.fragment.test#0
11-16 09:56:31.950: I/ActivityManager(1195): START u0 {act=android.intent.action.MAIN cat=[android.intent.category.LAUNCHER] flg=0x10000000 cmp=androidx.navigation.dynamicfeatures.fragment.test/androidx.test.core.app.InstrumentationActivityInvoker$EmptyActivity} from uid 10172
11-16 09:56:31.952: D/android.hardware.power@1.3-service.crosshatch-libperfmgr(788): LAUNCH ON
11-16 09:56:31.957: D/LifecycleMonitor(17929): Lifecycle status change: androidx.navigation.dynamicfeatures.fragment.TestActivity@c0f5ac3 in: PAUSED
11-16 09:56:31.957: V/ActivityScenario(17929): Update currentActivityStage to PAUSED, currentActivity=androidx.navigation.dynamicfeatures.fragment.TestActivity@c0f5ac3
11-16 09:56:31.962: W/ActivityThread(17929): handleWindowVisibility: no activity for token android.os.BinderProxy@51dfa94
11-16 09:56:31.966: W/SearchServiceCore(10116): Abort, client detached.
11-16 09:56:31.967: D/LifecycleMonitor(17929): Lifecycle status change: androidx.test.core.app.InstrumentationActivityInvoker$EmptyActivity@f8ce532 in: PRE_ON_CREATE
11-16 09:56:31.968: V/ActivityScenario(17929): Activity lifecycle changed event received but ignored because the intent does not match. startActivityIntent=Intent { act=android.intent.action.MAIN cat=[android.intent.category.LAUNCHER] cmp=androidx.navigation.dynamicfeatures.fragment.test/androidx.navigation.dynamicfeatures.fragment.TestActivity }, activity.getIntent()=Intent { act=android.intent.action.MAIN cat=[android.intent.category.LAUNCHER] flg=0x10000000 cmp=androidx.navigation.dynamicfeatures.fragment.test/androidx.test.core.app.InstrumentationActivityInvoker$EmptyActivity }, activity=androidx.test.core.app.InstrumentationActivityInvoker$EmptyActivity@f8ce532
11-16 09:56:31.972: D/DownloadManager(16832): [83] Finished with status SUCCESS
11-16 09:56:31.975: W/id.apps.tachyo(18323): JIT profile information will not be recorded: profile file does not exits.
11-16 09:56:31.975: I/chatty(18323): uid=10148(com.google.android.apps.tachyon) identical 1 line
11-16 09:56:31.975: W/id.apps.tachyo(18323): JIT profile information will not be recorded: profile file does not exits.
11-16 09:56:31.976: D/LifecycleMonitor(17929): Lifecycle status change: androidx.test.core.app.InstrumentationActivityInvoker$EmptyActivity@f8ce532 in: CREATED
11-16 09:56:31.977: V/ActivityScenario(17929): Activity lifecycle changed event received but ignored because the intent does not match. startActivityIntent=Intent { act=android.intent.action.MAIN cat=[android.intent.category.LAUNCHER] cmp=androidx.navigation.dynamicfeatures.fragment.test/androidx.navigation.dynamicfeatures.fragment.TestActivity }, activity.getIntent()=Intent { act=android.intent.action.MAIN cat=[android.intent.category.LAUNCHER] flg=0x10000000 cmp=androidx.navigation.dynamicfeatures.fragment.test/androidx.test.core.app.InstrumentationActivityInvoker$EmptyActivity }, activity=androidx.test.core.app.InstrumentationActivityInvoker$EmptyActivity@f8ce532
11-16 09:56:31.979: D/LifecycleMonitor(17929): Lifecycle status change: androidx.test.core.app.InstrumentationActivityInvoker$EmptyActivity@f8ce532 in: STARTED
11-16 09:56:31.979: V/ActivityScenario(17929): Activity lifecycle changed event received but ignored because the intent does not match. startActivityIntent=Intent { act=android.intent.action.MAIN cat=[android.intent.category.LAUNCHER] cmp=androidx.navigation.dynamicfeatures.fragment.test/androidx.navigation.dynamicfeatures.fragment.TestActivity }, activity.getIntent()=Intent { act=android.intent.action.MAIN cat=[android.intent.category.LAUNCHER] flg=0x10000000 cmp=androidx.navigation.dynamicfeatures.fragment.test/androidx.test.core.app.InstrumentationActivityInvoker$EmptyActivity }, activity=androidx.test.core.app.InstrumentationActivityInvoker$EmptyActivity@f8ce532
11-16 09:56:31.980: D/LifecycleMonitor(17929): Lifecycle status change: androidx.test.core.app.InstrumentationActivityInvoker$EmptyActivity@f8ce532 in: RESUMED
11-16 09:56:31.981: V/ActivityScenario(17929): Activity lifecycle changed event received but ignored because the intent does not match. startActivityIntent=Intent { act=android.intent.action.MAIN cat=[android.intent.category.LAUNCHER] cmp=androidx.navigation.dynamicfeatures.fragment.test/androidx.navigation.dynamicfeatures.fragment.TestActivity }, activity.getIntent()=Intent { act=android.intent.action.MAIN cat=[android.intent.category.LAUNCHER] flg=0x10000000 cmp=androidx.navigation.dynamicfeatures.fragment.test/androidx.test.core.app.InstrumentationActivityInvoker$EmptyActivity }, activity=androidx.test.core.app.InstrumentationActivityInvoker$EmptyActivity@f8ce532
11-16 09:56:32.009: I/GoogleInputMethod(3656): onFinishInput() : Dummy InputConnection bound
11-16 09:56:32.009: I/GoogleInputMethod(3656): onStartInput() : Dummy InputConnection bound
11-16 09:56:32.010: D/android.hardware.power@1.3-service.crosshatch-libperfmgr(788): LAUNCH ON
11-16 09:56:32.023: D/LifecycleMonitor(17929): Lifecycle status change: androidx.test.core.app.InstrumentationActivityInvoker$EmptyActivity@f8ce532 in: PAUSED
11-16 09:56:32.023: V/ActivityScenario(17929): Activity lifecycle changed event received but ignored because the intent does not match. startActivityIntent=Intent { act=android.intent.action.MAIN cat=[android.intent.category.LAUNCHER] cmp=androidx.navigation.dynamicfeatures.fragment.test/androidx.navigation.dynamicfeatures.fragment.TestActivity }, activity.getIntent()=Intent { act=android.intent.action.MAIN cat=[android.intent.category.LAUNCHER] flg=0x10000000 cmp=androidx.navigation.dynamicfeatures.fragment.test/androidx.test.core.app.InstrumentationActivityInvoker$EmptyActivity }, activity=androidx.test.core.app.InstrumentationActivityInvoker$EmptyActivity@f8ce532
11-16 09:56:32.034: D/LifecycleMonitor(17929): Lifecycle status change: androidx.test.core.app.InstrumentationActivityInvoker$BootstrapActivity@4e73328 in: DESTROYED
11-16 09:56:32.034: V/ActivityScenario(17929): Activity lifecycle changed event received but ignored because the intent does not match. startActivityIntent=Intent { act=android.intent.action.MAIN cat=[android.intent.category.LAUNCHER] cmp=androidx.navigation.dynamicfeatures.fragment.test/androidx.navigation.dynamicfeatures.fragment.TestActivity }, activity.getIntent()=Intent { act=android.intent.action.MAIN cat=[android.intent.category.LAUNCHER] flg=0x10008000 cmp=androidx.navigation.dynamicfeatures.fragment.test/androidx.test.core.app.InstrumentationActivityInvoker$BootstrapActivity (has extras) }, activity=androidx.test.core.app.InstrumentationActivityInvoker$BootstrapActivity@4e73328
11-16 09:56:32.034: W/ActivityThread(17929): handleWindowVisibility: no activity for token android.os.BinderProxy@417e88a
11-16 09:56:32.038: D/LifecycleMonitor(17929): Lifecycle status change: androidx.test.core.app.InstrumentationActivityInvoker$EmptyActivity@ee17b18 in: PRE_ON_CREATE
11-16 09:56:32.038: V/ActivityScenario(17929): Activity lifecycle changed event received but ignored because the intent does not match. startActivityIntent=Intent { act=android.intent.action.MAIN cat=[android.intent.category.LAUNCHER] cmp=androidx.navigation.dynamicfeatures.fragment.test/androidx.navigation.dynamicfeatures.fragment.TestActivity }, activity.getIntent()=Intent { act=android.intent.action.MAIN cat=[android.intent.category.LAUNCHER] flg=0x10000000 cmp=androidx.navigation.dynamicfeatures.fragment.test/androidx.test.core.app.InstrumentationActivityInvoker$EmptyActivity }, activity=androidx.test.core.app.InstrumentationActivityInvoker$EmptyActivity@ee17b18
11-16 09:56:32.044: D/LifecycleMonitor(17929): Lifecycle status change: androidx.test.core.app.InstrumentationActivityInvoker$EmptyActivity@ee17b18 in: CREATED
11-16 09:56:32.044: V/ActivityScenario(17929): Activity lifecycle changed event received but ignored because the intent does not match. startActivityIntent=Intent { act=android.intent.action.MAIN cat=[android.intent.category.LAUNCHER] cmp=androidx.navigation.dynamicfeatures.fragment.test/androidx.navigation.dynamicfeatures.fragment.TestActivity }, activity.getIntent()=Intent { act=android.intent.action.MAIN cat=[android.intent.category.LAUNCHER] flg=0x10000000 cmp=androidx.navigation.dynamicfeatures.fragment.test/androidx.test.core.app.InstrumentationActivityInvoker$EmptyActivity }, activity=androidx.test.core.app.InstrumentationActivityInvoker$EmptyActivity@ee17b18
11-16 09:56:32.046: D/LifecycleMonitor(17929): Lifecycle status change: androidx.test.core.app.InstrumentationActivityInvoker$EmptyActivity@ee17b18 in: STARTED
11-16 09:56:32.046: V/ActivityScenario(17929): Activity lifecycle changed event received but ignored because the intent does not match. startActivityIntent=Intent { act=android.intent.action.MAIN cat=[android.intent.category.LAUNCHER] cmp=androidx.navigation.dynamicfeatures.fragment.test/androidx.navigation.dynamicfeatures.fragment.TestActivity }, activity.getIntent()=Intent { act=android.intent.action.MAIN cat=[android.intent.category.LAUNCHER] flg=0x10000000 cmp=androidx.navigation.dynamicfeatures.fragment.test/androidx.test.core.app.InstrumentationActivityInvoker$EmptyActivity }, activity=androidx.test.core.app.InstrumentationActivityInvoker$EmptyActivity@ee17b18
11-16 09:56:32.047: D/LifecycleMonitor(17929): Lifecycle status change: androidx.test.core.app.InstrumentationActivityInvoker$EmptyActivity@ee17b18 in: RESUMED
11-16 09:56:32.048: V/ActivityScenario(17929): Activity lifecycle changed event received but ignored because the intent does not match. startActivityIntent=Intent { act=android.intent.action.MAIN cat=[android.intent.category.LAUNCHER] cmp=androidx.navigation.dynamicfeatures.fragment.test/androidx.navigation.dynamicfeatures.fragment.TestActivity }, activity.getIntent()=Intent { act=android.intent.action.MAIN cat=[android.intent.category.LAUNCHER] flg=0x10000000 cmp=androidx.navigation.dynamicfeatures.fragment.test/androidx.test.core.app.InstrumentationActivityInvoker$EmptyActivity }, activity=androidx.test.core.app.InstrumentationActivityInvoker$EmptyActivity@ee17b18
11-16 09:56:32.065: D/SurfaceFlinger(641): duplicate layer name: changing androidx.navigation.dynamicfeatures.fragment.test/androidx.test.core.app.InstrumentationActivityInvoker$EmptyActivity to androidx.navigation.dynamicfeatures.fragment.test/androidx.test.core.app.InstrumentationActivityInvoker$EmptyActivity#1
11-16 09:56:32.009: I/ActivityManager(1195): START u0 {act=android.intent.action.MAIN cat=[android.intent.category.LAUNCHER] flg=0x10000000 cmp=androidx.navigation.dynamicfeatures.fragment.test/androidx.test.core.app.InstrumentationActivityInvoker$EmptyActivity} from uid 10172
11-16 09:56:32.070: W/ActivityManager(1195): Duplicate finish request for ActivityRecord{fb8a162 u0 androidx.navigation.dynamicfeatures.fragment.test/androidx.navigation.dynamicfeatures.fragment.TestActivity t8 f}
11-16 09:56:32.071: I/GoogleInputMethod(3656): onFinishInput() : Dummy InputConnection bound
11-16 09:56:32.072: I/GoogleInputMethod(3656): onStartInput() : Dummy InputConnection bound
11-16 09:56:32.088: D/LifecycleMonitor(17929): Lifecycle status change: androidx.test.core.app.InstrumentationActivityInvoker$EmptyActivity@f8ce532 in: STOPPED
11-16 09:56:32.089: V/ActivityScenario(17929): Activity lifecycle changed event received but ignored because the intent does not match. startActivityIntent=Intent { act=android.intent.action.MAIN cat=[android.intent.category.LAUNCHER] cmp=androidx.navigation.dynamicfeatures.fragment.test/androidx.navigation.dynamicfeatures.fragment.TestActivity }, activity.getIntent()=Intent { act=android.intent.action.MAIN cat=[android.intent.category.LAUNCHER] flg=0x10000000 cmp=androidx.navigation.dynamicfeatures.fragment.test/androidx.test.core.app.InstrumentationActivityInvoker$EmptyActivity }, activity=androidx.test.core.app.InstrumentationActivityInvoker$EmptyActivity@f8ce532
11-16 09:56:32.090: D/LifecycleMonitor(17929): Lifecycle status change: androidx.test.core.app.InstrumentationActivityInvoker$EmptyActivity@f8ce532 in: DESTROYED
11-16 09:56:32.090: V/ActivityScenario(17929): Activity lifecycle changed event received but ignored because the intent does not match. startActivityIntent=Intent { act=android.intent.action.MAIN cat=[android.intent.category.LAUNCHER] cmp=androidx.navigation.dynamicfeatures.fragment.test/androidx.navigation.dynamicfeatures.fragment.TestActivity }, activity.getIntent()=Intent { act=android.intent.action.MAIN cat=[android.intent.category.LAUNCHER] flg=0x10000000 cmp=androidx.navigation.dynamicfeatures.fragment.test/androidx.test.core.app.InstrumentationActivityInvoker$EmptyActivity }, activity=androidx.test.core.app.InstrumentationActivityInvoker$EmptyActivity@f8ce532
11-16 09:56:32.095: D/LifecycleMonitor(17929): Lifecycle status change: androidx.test.core.app.InstrumentationActivityInvoker$EmptyActivity@ee17b18 in: PAUSED
11-16 09:56:32.095: V/ActivityScenario(17929): Activity lifecycle changed event received but ignored because the intent does not match. startActivityIntent=Intent { act=android.intent.action.MAIN cat=[android.intent.category.LAUNCHER] cmp=androidx.navigation.dynamicfeatures.fragment.test/androidx.navigation.dynamicfeatures.fragment.TestActivity }, activity.getIntent()=Intent { act=android.intent.action.MAIN cat=[android.intent.category.LAUNCHER] flg=0x10000000 cmp=androidx.navigation.dynamicfeatures.fragment.test/androidx.test.core.app.InstrumentationActivityInvoker$EmptyActivity }, activity=androidx.test.core.app.InstrumentationActivityInvoker$EmptyActivity@ee17b18
11-16 09:56:32.108: I/droid.deskcloc(17732): Waiting for a blocking GC ProfileSaver
11-16 09:56:32.112: I/BackdropActivity(17029): onResume()
11-16 09:56:32.113: I/ActivityManager(1195): Activity requesting to dismiss Keyguard: ActivityRecord{a8a5bbc u0 com.google.android.apps.mtaas.backdrop/.BackdropActivity t4}
11-16 09:56:32.119: D/LifecycleMonitor(17929): Lifecycle status change: androidx.navigation.dynamicfeatures.fragment.TestActivity@c0f5ac3 in: STOPPED
11-16 09:56:32.119: V/ActivityScenario(17929): Update currentActivityStage to STOPPED, currentActivity=androidx.navigation.dynamicfeatures.fragment.TestActivity@c0f5ac3
11-16 09:56:32.122: D/LifecycleMonitor(17929): Lifecycle status change: androidx.navigation.dynamicfeatures.fragment.TestActivity@c0f5ac3 in: DESTROYED
11-16 09:56:32.123: V/ActivityScenario(17929): Update currentActivityStage to DESTROYED, currentActivity=null
11-16 09:56:32.128: I/TestRunner(17929): finished: reified(androidx.navigation.dynamicfeatures.fragment.DynamicFragmentNavigatorDestinationBuilderTest)
11-16 09:56:32.131: I/MonitoringInstr(17929): Activities that are still in CREATED to STOPPED: 1
11-16 09:56:32.131: I/MonitoringInstr(17929): Unstopped activity count: 1
11-16 09:56:32.134: I/GoogleInputMethod(3656): onFinishInput() : Dummy InputConnection bound
11-16 09:56:32.134: I/GoogleInputMethod(3656): onStartInput() : Dummy InputConnection bound
11-16 09:56:32.150: D/android.hardware.power@1.3-service.crosshatch-libperfmgr(788): LAUNCH OFF
11-16 09:56:32.171: W/PrimesInit(18323): Primes instant initialization
11-16 09:56:32.177: I/ActivityManager(1195): Killing 12679:com.google.android.apps.messaging/u0a111 (adj 906): empty #17
11-16 09:56:32.178: W/libprocessgroup(1195): kill(-12679, 9) failed: No such process
11-16 09:56:32.181: I/MonitoringInstr(17929): Unstopped activity count: 1
11-16 09:56:32.184: D/LifecycleMonitor(17929): Lifecycle status change: androidx.test.core.app.InstrumentationActivityInvoker$EmptyActivity@ee17b18 in: STOPPED
11-16 09:56:32.186: D/LifecycleMonitor(17929): Lifecycle status change: androidx.test.core.app.InstrumentationActivityInvoker$EmptyActivity@ee17b18 in: DESTROYED
11-16 09:56:32.187: W/Primes(18323): background initialization
11-16 09:56:32.193: W/SurfaceFlinger(641): Attempting to destroy on removed layer: AppWindowToken{ca7c841 token=Token{4765328 ActivityRecord{5642d4b u0 androidx.navigation.dynamicfeatures.fragment.test/androidx.test.core.app.InstrumentationActivityInvoker$EmptyActivity t8}}}#0
11-16 09:56:32.216: I/Zygote(726): Process 12679 exited due to signal (9)
11-16 09:56:32.220: E/NotificationService(1195): Muting recently noisy 0|com.google.android.apps.mtaas.backdrop|1|null|10163
11-16 09:56:32.221: W/libprocessgroup(1195): kill(-12679, 9) failed: No such process
11-16 09:56:32.221: I/libprocessgroup(1195): Successfully killed process cgroup uid 10111 pid 12679 in 43ms
11-16 09:56:32.228: E/ExecutionCriteria(10933): Package unavailable for task: com.google.android.apps.gcs/com.google.android.flib.phenotype.services.PhenotypeExperimentCommitService{u=0 tag="PhenotypeExpCommitSvc" trigger=window{start=0s,end=30s,earliest=-775s,latest=-745s} requirements=[NET_ANY] attributes=[PERSISTED] scheduled=-775s last_run=N/A exec_window_multiplier=1.0000 jid=N/A status=PENDING retries=0 client_lib=MANCHEGO_GCM-11732000} [CONTEXT service_id=218 ]
11-16 09:56:32.233: I/TestRunner(17929): started: recreateTest(androidx.navigation.dynamicfeatures.fragment.DynamicIncludeGraphRecreateTest)
11-16 09:56:32.241: W/Settings(17929): Setting always_finish_activities has moved from android.provider.Settings.System to android.provider.Settings.Global, returning read-only value.
11-16 09:56:32.247: I/ActivityManager(1195): START u0 {act=android.intent.action.MAIN cat=[android.intent.category.LAUNCHER] flg=0x10008000 cmp=androidx.navigation.dynamicfeatures.fragment.test/androidx.test.core.app.InstrumentationActivityInvoker$BootstrapActivity (has extras)} from uid 10172
11-16 09:56:32.254: D/android.hardware.power@1.3-service.crosshatch-libperfmgr(788): LAUNCH ON
11-16 09:56:32.270: W/ActivityThread(17929): handleWindowVisibility: no activity for token android.os.BinderProxy@a010e1
11-16 09:56:32.278: D/LifecycleMonitor(17929): Lifecycle status change: androidx.test.core.app.InstrumentationActivityInvoker$BootstrapActivity@c5cc7 in: PRE_ON_CREATE
11-16 09:56:32.279: V/ActivityScenario(17929): Activity lifecycle changed event received but ignored because the intent does not match. startActivityIntent=Intent { act=android.intent.action.MAIN cat=[android.intent.category.LAUNCHER] cmp=androidx.navigation.dynamicfeatures.fragment.test/androidx.navigation.dynamicfeatures.fragment.NavigationActivity }, activity.getIntent()=Intent { act=android.intent.action.MAIN cat=[android.intent.category.LAUNCHER] flg=0x10008000 cmp=androidx.navigation.dynamicfeatures.fragment.test/androidx.test.core.app.InstrumentationActivityInvoker$BootstrapActivity (has extras) }, activity=androidx.test.core.app.InstrumentationActivityInvoker$BootstrapActivity@c5cc7
11-16 09:56:32.282: I/NetworkScheduler.Stats(10933): Task com.google.android.gms/com.google.android.gms.ipa.base.IpaGcmTaskService started execution. cause:9 exec_start_elapsed_seconds: 874 [CONTEXT service_id=218 ]
11-16 09:56:32.283: W/ChimeraUtils(10933): Module com.google.android.gms.nearby_en has empty metadata display_name_string_id
11-16 09:56:32.284: W/ChimeraUtils(10933): Module com.google.android.gms.nearby_en has empty metadata display_name_string_id
11-16 09:56:32.286: D/LifecycleMonitor(17929): Lifecycle status change: androidx.test.core.app.InstrumentationActivityInvoker$BootstrapActivity@c5cc7 in: CREATED
11-16 09:56:32.287: V/ActivityScenario(17929): Activity lifecycle changed event received but ignored because the intent does not match. startActivityIntent=Intent { act=android.intent.action.MAIN cat=[android.intent.category.LAUNCHER] cmp=androidx.navigation.dynamicfeatures.fragment.test/androidx.navigation.dynamicfeatures.fragment.NavigationActivity }, activity.getIntent()=Intent { act=android.intent.action.MAIN cat=[android.intent.category.LAUNCHER] flg=0x10008000 cmp=androidx.navigation.dynamicfeatures.fragment.test/androidx.test.core.app.InstrumentationActivityInvoker$BootstrapActivity (has extras) }, activity=androidx.test.core.app.InstrumentationActivityInvoker$BootstrapActivity@c5cc7
11-16 09:56:32.288: D/LifecycleMonitor(17929): Lifecycle status change: androidx.test.core.app.InstrumentationActivityInvoker$BootstrapActivity@c5cc7 in: STARTED
11-16 09:56:32.288: V/ActivityScenario(17929): Activity lifecycle changed event received but ignored because the intent does not match. startActivityIntent=Intent { act=android.intent.action.MAIN cat=[android.intent.category.LAUNCHER] cmp=androidx.navigation.dynamicfeatures.fragment.test/androidx.navigation.dynamicfeatures.fragment.NavigationActivity }, activity.getIntent()=Intent { act=android.intent.action.MAIN cat=[android.intent.category.LAUNCHER] flg=0x10008000 cmp=androidx.navigation.dynamicfeatures.fragment.test/androidx.test.core.app.InstrumentationActivityInvoker$BootstrapActivity (has extras) }, activity=androidx.test.core.app.InstrumentationActivityInvoker$BootstrapActivity@c5cc7
11-16 09:56:32.290: I/ActivityManager(1195): START u0 {act=android.intent.action.MAIN cat=[android.intent.category.LAUNCHER] cmp=androidx.navigation.dynamicfeatures.fragment.test/androidx.navigation.dynamicfeatures.fragment.NavigationActivity} from uid 10172
11-16 09:56:32.291: D/android.hardware.power@1.3-service.crosshatch-libperfmgr(788): LAUNCH ON
11-16 09:56:32.297: D/LifecycleMonitor(17929): Lifecycle status change: androidx.test.core.app.InstrumentationActivityInvoker$BootstrapActivity@c5cc7 in: RESUMED
11-16 09:56:32.297: V/ActivityScenario(17929): Activity lifecycle changed event received but ignored because the intent does not match. startActivityIntent=Intent { act=android.intent.action.MAIN cat=[android.intent.category.LAUNCHER] cmp=androidx.navigation.dynamicfeatures.fragment.test/androidx.navigation.dynamicfeatures.fragment.NavigationActivity }, activity.getIntent()=Intent { act=android.intent.action.MAIN cat=[android.intent.category.LAUNCHER] flg=0x10008000 cmp=androidx.navigation.dynamicfeatures.fragment.test/androidx.test.core.app.InstrumentationActivityInvoker$BootstrapActivity (has extras) }, activity=androidx.test.core.app.InstrumentationActivityInvoker$BootstrapActivity@c5cc7
11-16 09:56:32.299: D/LifecycleMonitor(17929): Lifecycle status change: androidx.test.core.app.InstrumentationActivityInvoker$BootstrapActivity@c5cc7 in: PAUSED
11-16 09:56:32.299: V/ActivityScenario(17929): Activity lifecycle changed event received but ignored because the intent does not match. startActivityIntent=Intent { act=android.intent.action.MAIN cat=[android.intent.category.LAUNCHER] cmp=androidx.navigation.dynamicfeatures.fragment.test/androidx.navigation.dynamicfeatures.fragment.NavigationActivity }, activity.getIntent()=Intent { act=android.intent.action.MAIN cat=[android.intent.category.LAUNCHER] flg=0x10008000 cmp=androidx.navigation.dynamicfeatures.fragment.test/androidx.test.core.app.InstrumentationActivityInvoker$BootstrapActivity (has extras) }, activity=androidx.test.core.app.InstrumentationActivityInvoker$BootstrapActivity@c5cc7
11-16 09:56:32.306: I/NetworkScheduler.Stats(10933): Task com.google.android.gms/com.google.android.gms.ipa.base.IpaGcmTaskService finished executing. cause:9 result: 1 elapsed_millis: 51 uptime_millis: 51 exec_start_elapsed_seconds: 874 [CONTEXT service_id=218 ]
11-16 09:56:32.308: I/WindowManager(1195): Queue is too deep! Purged item with taskid=4
11-16 09:56:32.311: W/ActivityThread(17929): handleWindowVisibility: no activity for token android.os.BinderProxy@cabda1d
11-16 09:56:32.315: D/LifecycleMonitor(17929): Lifecycle status change: androidx.navigation.dynamicfeatures.fragment.NavigationActivity@4521dbf in: PRE_ON_CREATE
11-16 09:56:32.315: V/ActivityScenario(17929): Activity lifecycle changed event received but ignored because the reported transition was not ON_CREATE while the last known transition was PRE_ON_CREATE
11-16 09:56:32.318: I/Adreno(1195): QUALCOMM build                   : 3f88ca2, I42f6fe38fb
11-16 09:56:32.318: I/Adreno(1195): Build Date                       : 07/13/18
11-16 09:56:32.318: I/Adreno(1195): OpenGL ES Shader Compiler Version: EV031.24.00.00
11-16 09:56:32.318: I/Adreno(1195): Local Branch                     : 50.04
11-16 09:56:32.318: I/Adreno(1195): Remote Branch                    : 
11-16 09:56:32.318: I/Adreno(1195): Remote Branch                    : 
11-16 09:56:32.318: I/Adreno(1195): Reconstruct Branch               : 
11-16 09:56:32.318: I/Adreno(1195): Build Config                     : S P 4.0.10 AArch64
11-16 09:56:32.321: E/libc(1195): Access denied finding property "vendor.debug.prerotation.disable"
11-16 09:56:32.322: E/libc(1195): Access denied finding property "vendor.debug.prerotation.disable"
11-16 09:56:32.322: I/Adreno(1195): PFP: 0x016ee170, ME: 0x00000000
11-16 09:56:32.322: E/libc(1195): Access denied finding property "vendor.debug.prerotation.disable"
11-16 09:56:32.323: I/ConfigStore(1195): android::hardware::configstore::V1_0::ISurfaceFlingerConfigs::hasWideColorDisplay retrieved: 1
11-16 09:56:32.323: I/ConfigStore(1195): android::hardware::configstore::V1_0::ISurfaceFlingerConfigs::hasHDRDisplay retrieved: 1
11-16 09:56:32.324: I/OpenGLRenderer(1195): Initialized EGL, version 1.4
11-16 09:56:32.324: D/OpenGLRenderer(1195): Swap behavior 2
11-16 09:56:32.338: W/Binder:1195_C(1195): type=1400 audit(0.0:283): avc: denied { syslog_read } for scontext=u:r:system_server:s0 tcontext=u:r:kernel:s0 tclass=system permissive=0
11-16 09:56:32.341: D/LifecycleMonitor(17929): Lifecycle status change: androidx.navigation.dynamicfeatures.fragment.NavigationActivity@4521dbf in: CREATED
11-16 09:56:32.342: V/ActivityScenario(17929): Update currentActivityStage to CREATED, currentActivity=androidx.navigation.dynamicfeatures.fragment.NavigationActivity@4521dbf
11-16 09:56:32.342: D/wifi-jni(1195): no kernel logs
11-16 09:56:32.344: D/LifecycleMonitor(17929): Lifecycle status change: androidx.navigation.dynamicfeatures.fragment.NavigationActivity@4521dbf in: STARTED
11-16 09:56:32.344: V/ActivityScenario(17929): Update currentActivityStage to STARTED, currentActivity=androidx.navigation.dynamicfeatures.fragment.NavigationActivity@4521dbf
11-16 09:56:32.347: D/LifecycleMonitor(17929): Lifecycle status change: androidx.navigation.dynamicfeatures.fragment.NavigationActivity@4521dbf in: RESUMED
11-16 09:56:32.347: V/ActivityScenario(17929): Update currentActivityStage to RESUMED, currentActivity=androidx.navigation.dynamicfeatures.fragment.NavigationActivity@4521dbf
11-16 09:56:32.356: W/Settings(17929): Setting always_finish_activities has moved from android.provider.Settings.System to android.provider.Settings.Global, returning read-only value.
11-16 09:56:32.368: E/ExecutionCriteria(10933): Package unavailable for task: com.google.android.apps.gcs/com.google.android.flib.phenotype.services.PhenotypeExperimentCommitService{u=0 tag="PhenotypeExpCommitSvc" trigger=window{start=0s,end=30s,earliest=-775s,latest=-745s} requirements=[NET_ANY] attributes=[PERSISTED] scheduled=-775s last_run=N/A exec_window_multiplier=1.0000 jid=N/A status=PENDING retries=0 client_lib=MANCHEGO_GCM-11732000} [CONTEXT service_id=218 ]
11-16 09:56:32.375: I/GoogleInputMethod(3656): onFinishInput() : Dummy InputConnection bound
11-16 09:56:32.375: I/GoogleInputMethod(3656): onStartInput() : Dummy InputConnection bound
11-16 09:56:32.389: D/android.hardware.power@1.3-service.crosshatch-libperfmgr(788): LAUNCH OFF
11-16 09:56:32.412: W/SurfaceFlinger(641): Attempting to set client state on removed layer: Splash Screen androidx.navigation.dynamicfeatures.fragment.test#0
11-16 09:56:32.412: W/SurfaceFlinger(641): Attempting to destroy on removed layer: Splash Screen androidx.navigation.dynamicfeatures.fragment.test#0
11-16 09:56:32.424: I/org.webrtc.Logging(18323): NativeLibrary: Loading native library: jingle_peerconnection_so
11-16 09:56:32.428: I/org.webrtc.Logging(18323): PeerConnectionFactory: PeerConnectionFactory was initialized without an injected Loggable. Any existing Loggable will be deleted.
11-16 09:56:32.428: I/NetworkScheduler.Stats(10933): Task com.google.android.gms/com.google.android.gms.phenotype.service.sync.PhenotypeConfigurator started execution. cause:5 exec_start_elapsed_seconds: 874 [CONTEXT service_id=218 ]
11-16 09:56:32.430: I/ActivityManager(1195): Displayed androidx.navigation.dynamicfeatures.fragment.test/androidx.navigation.dynamicfeatures.fragment.NavigationActivity: +141ms
11-16 09:56:32.436: D/LifecycleMonitor(17929): Lifecycle status change: androidx.navigation.dynamicfeatures.fragment.NavigationActivity@4521dbf in: PAUSED
11-16 09:56:32.436: V/ActivityScenario(17929): Update currentActivityStage to PAUSED, currentActivity=androidx.navigation.dynamicfeatures.fragment.NavigationActivity@4521dbf
11-16 09:56:32.437: V/ActivityScenario(17929): Activity lifecycle changed event received but ignored because the reported transition was not ON_CREATE while the last known transition was PRE_ON_CREATE
11-16 09:56:32.457: D/LifecycleMonitor(17929): Lifecycle status change: androidx.test.core.app.InstrumentationActivityInvoker$BootstrapActivity@c5cc7 in: STOPPED
11-16 09:56:32.457: V/ActivityScenario(17929): Activity lifecycle changed event received but ignored because the intent does not match. startActivityIntent=Intent { act=android.intent.action.MAIN cat=[android.intent.category.LAUNCHER] cmp=androidx.navigation.dynamicfeatures.fragment.test/androidx.navigation.dynamicfeatures.fragment.NavigationActivity }, activity.getIntent()=Intent { act=android.intent.action.MAIN cat=[android.intent.category.LAUNCHER] flg=0x10008000 cmp=androidx.navigation.dynamicfeatures.fragment.test/androidx.test.core.app.InstrumentationActivityInvoker$BootstrapActivity (has extras) }, activity=androidx.test.core.app.InstrumentationActivityInvoker$BootstrapActivity@c5cc7
11-16 09:56:32.457: V/ActivityScenario(17929): Activity lifecycle changed event received but ignored because the intent does not match. startActivityIntent=Intent { act=android.intent.action.MAIN cat=[android.intent.category.LAUNCHER] cmp=androidx.navigation.dynamicfeatures.fragment.test/androidx.navigation.dynamicfeatures.fragment.NavigationActivity }, activity.getIntent()=Intent { act=android.intent.action.MAIN cat=[android.intent.category.LAUNCHER] flg=0x10008000 cmp=androidx.navigation.dynamicfeatures.fragment.test/androidx.test.core.app.InstrumentationActivityInvoker$BootstrapActivity (has extras) }, activity=androidx.test.core.app.InstrumentationActivityInvoker$BootstrapActivity@c5cc7
11-16 09:56:32.459: D/LifecycleMonitor(17929): Lifecycle status change: androidx.test.core.app.InstrumentationActivityInvoker$BootstrapActivity@c5cc7 in: DESTROYED
11-16 09:56:32.459: V/ActivityScenario(17929): Activity lifecycle changed event received but ignored because the intent does not match. startActivityIntent=Intent { act=android.intent.action.MAIN cat=[android.intent.category.LAUNCHER] cmp=androidx.navigation.dynamicfeatures.fragment.test/androidx.navigation.dynamicfeatures.fragment.NavigationActivity }, activity.getIntent()=Intent { act=android.intent.action.MAIN cat=[android.intent.category.LAUNCHER] flg=0x10008000 cmp=androidx.navigation.dynamicfeatures.fragment.test/androidx.test.core.app.InstrumentationActivityInvoker$BootstrapActivity (has extras) }, activity=androidx.test.core.app.InstrumentationActivityInvoker$BootstrapActivity@c5cc7
11-16 09:56:32.460: I/ActivityManager(1195): Activity reported stop, but no longer stopping: ActivityRecord{a8a5bbc u0 com.google.android.apps.mtaas.backdrop/.BackdropActivity t4}
11-16 09:56:32.463: I/ActivityManager(1195): START u0 {act=android.intent.action.MAIN cat=[android.intent.category.LAUNCHER] flg=0x10008000 cmp=androidx.navigation.dynamicfeatures.fragment.test/androidx.test.core.app.InstrumentationActivityInvoker$BootstrapActivity (has extras)} from uid 10172
11-16 09:56:32.460: V/ActivityScenario(17929): Activity lifecycle changed event received but ignored because the intent does not match. startActivityIntent=Intent { act=android.intent.action.MAIN cat=[android.intent.category.LAUNCHER] cmp=androidx.navigation.dynamicfeatures.fragment.test/androidx.navigation.dynamicfeatures.fragment.NavigationActivity }, activity.getIntent()=Intent { act=android.intent.action.MAIN cat=[android.intent.category.LAUNCHER] flg=0x10008000 cmp=androidx.navigation.dynamicfeatures.fragment.test/androidx.test.core.app.InstrumentationActivityInvoker$BootstrapActivity (has extras) }, activity=androidx.test.core.app.InstrumentationActivityInvoker$BootstrapActivity@c5cc7
11-16 09:56:32.469: D/android.hardware.power@1.3-service.crosshatch-libperfmgr(788): LAUNCH ON
11-16 09:56:32.483: I/BackdropActivity(17029): onResume()
11-16 09:56:32.488: I/ActivityManager(1195): Activity requesting to dismiss Keyguard: ActivityRecord{a8a5bbc u0 com.google.android.apps.mtaas.backdrop/.BackdropActivity t4}
11-16 09:56:32.498: D/WindowManager(1195): relayoutVisibleWindow: Window{2704895 u0 com.google.android.apps.mtaas.backdrop/com.google.android.apps.mtaas.backdrop.BackdropActivity EXITING} mAnimatingExit=true, mRemoveOnExit=false, mDestroying=false
11-16 09:56:32.505: W/ActivityThread(17929): handleWindowVisibility: no activity for token android.os.BinderProxy@cc3ab9a
11-16 09:56:32.509: I/PrimesTesting(18323): GserviceFlagsSupplier.get()
11-16 09:56:32.528: D/LifecycleMonitor(17929): Lifecycle status change: androidx.test.core.app.InstrumentationActivityInvoker$BootstrapActivity@cc1ca8 in: PRE_ON_CREATE
