11-16 09:56:30.899: I/android.youtub(18033):   at void java.util.concurrent.ThreadPoolExecutor$Worker.run() (ThreadPoolExecutor.java:641)
11-16 09:56:30.899: I/android.youtub(18033):   at void ubi.run() (SourceFile:20)
11-16 09:56:30.899: I/android.youtub(18033):   at void java.lang.Thread.run() (Thread.java:764)
11-16 09:56:30.907: W/earchbox:searc(10116): Suspending all threads took: 10.179ms
11-16 09:56:30.912: I/BgTaskExecutorImpl(10116): Starting EXCLUSIVE background task BLOBLOBBER_SYNC.
11-16 09:56:30.956: W/s.fragment.tes(17929): Accessing hidden method Landroid/view/View;->getAccessibilityDelegate()Landroid/view/View$AccessibilityDelegate; (light greylist, linking)
11-16 09:56:30.958: I/VelourConfigListener(10116): Received new velour config
11-16 09:56:30.971: I/BlobLobber(10116): Canceling downloads: []
11-16 09:56:30.979: I/Icing(14616): IndexChimeraService.getServiceInterface callingPackage=com.google.android.googlequicksearchbox componentName=agsa_icing_connection serviceId=32
11-16 09:56:30.981: W/s.fragment.tes(17929): Accessing hidden field Landroid/view/WindowInsets;->CONSUMED:Landroid/view/WindowInsets; (light greylist, reflection)
11-16 09:56:30.982: I/Icing(14616): IndexChimeraService.getServiceInterface callingPackage=com.google.android.googlequicksearchbox componentName=agsa_icing_connection serviceId=33
11-16 09:56:30.986: I/VelourConfigListener(10116): Received new velour config
11-16 09:56:30.990: I/Adreno(17929): QUALCOMM build                   : 3f88ca2, I42f6fe38fb
11-16 09:56:30.990: I/Adreno(17929): Build Date                       : 07/13/18
11-16 09:56:30.990: I/Adreno(17929): OpenGL ES Shader Compiler Version: EV031.24.00.00
11-16 09:56:30.990: I/Adreno(17929): Local Branch                     : 50.04
11-16 09:56:30.990: I/Adreno(17929): Remote Branch                    : 
11-16 09:56:30.990: I/Adreno(17929): Remote Branch                    : 
11-16 09:56:30.990: I/Adreno(17929): Reconstruct Branch               : 
11-16 09:56:30.990: I/Adreno(17929): Build Config                     : S P 4.0.10 AArch64
11-16 09:56:30.988: W/RenderThread(17929): type=1400 audit(0.0:281): avc: denied { read } for name="u:object_r:vendor_default_prop:s0" dev="tmpfs" ino=19828 scontext=u:r:untrusted_app:s0:c172,c256,c512,c768 tcontext=u:object_r:vendor_default_prop:s0 tclass=file permissive=0
11-16 09:56:30.992: E/libc(17929): Access denied finding property "ro.vendor.graphics.memory"
11-16 09:56:30.992: I/Adreno(17929): PFP: 0x016ee170, ME: 0x00000000
11-16 09:56:30.998: I/ConfigStore(17929): android::hardware::configstore::V1_0::ISurfaceFlingerConfigs::hasWideColorDisplay retrieved: 1
11-16 09:56:30.998: I/ConfigStore(17929): android::hardware::configstore::V1_0::ISurfaceFlingerConfigs::hasHDRDisplay retrieved: 1
11-16 09:56:30.999: I/OpenGLRenderer(17929): Initialized EGL, version 1.4
11-16 09:56:30.999: D/OpenGLRenderer(17929): Swap behavior 2
11-16 09:56:31.001: I/BgTaskExecutorImpl(10116): Starting EXCLUSIVE background task VELOUR_BACKGROUND_MAINTENANCE.
11-16 09:56:31.008: E/libc(17929): Access denied finding property "vendor.gralloc.enable_ahardware_buffer"
11-16 09:56:31.004: W/RenderThread(17929): type=1400 audit(0.0:282): avc: denied { read } for name="u:object_r:vendor_default_prop:s0" dev="tmpfs" ino=19828 scontext=u:r:untrusted_app:s0:c172,c256,c512,c768 tcontext=u:object_r:vendor_default_prop:s0 tclass=file permissive=0
11-16 09:56:31.039: I/FA(18169): App measurement is starting up, version: 18100
11-16 09:56:31.039: I/FA(18169): To enable debug logging run: adb shell setprop log.tag.FA VERBOSE
11-16 09:56:31.039: I/FA(18169): To enable faster debug mode event logging run:
11-16 09:56:31.039: I/FA(18169):   adb shell setprop debug.firebase.analytics.app com.google.android.apps.chromecast.app
11-16 09:56:31.051: I/GoogleInputMethod(3656): onFinishInput() : Dummy InputConnection bound
11-16 09:56:31.052: I/GoogleInputMethod(3656): onStartInput() : Dummy InputConnection bound
11-16 09:56:31.054: I/ActivityManager(1195): Displayed androidx.navigation.dynamicfeatures.fragment.test/androidx.navigation.dynamicfeatures.fragment.TestActivity: +293ms
11-16 09:56:31.061: D/LifecycleMonitor(17929): Lifecycle status change: androidx.test.core.app.InstrumentationActivityInvoker$BootstrapActivity@712e383 in: STOPPED
11-16 09:56:31.061: V/ActivityScenario(17929): Activity lifecycle changed event received but ignored because the intent does not match. startActivityIntent=Intent { act=android.intent.action.MAIN cat=[android.intent.category.LAUNCHER] cmp=androidx.navigation.dynamicfeatures.fragment.test/androidx.navigation.dynamicfeatures.fragment.TestActivity }, activity.getIntent()=Intent { act=android.intent.action.MAIN cat=[android.intent.category.LAUNCHER] flg=0x10008000 cmp=androidx.navigation.dynamicfeatures.fragment.test/androidx.test.core.app.InstrumentationActivityInvoker$BootstrapActivity (has extras) }, activity=androidx.test.core.app.InstrumentationActivityInvoker$BootstrapActivity@712e383
11-16 09:56:31.062: D/android.hardware.power@1.3-service.crosshatch-libperfmgr(788): LAUNCH OFF
11-16 09:56:31.068: W/SurfaceFlinger(641): Attempting to set client state on removed layer: Splash Screen androidx.navigation.dynamicfeatures.fragment.test#0
11-16 09:56:31.068: W/SurfaceFlinger(641): Attempting to destroy on removed layer: Splash Screen androidx.navigation.dynamicfeatures.fragment.test#0
11-16 09:56:31.069: I/ActivityManager(1195): START u0 {act=android.intent.action.MAIN cat=[android.intent.category.LAUNCHER] flg=0x10000000 cmp=androidx.navigation.dynamicfeatures.fragment.test/androidx.test.core.app.InstrumentationActivityInvoker$EmptyActivity} from uid 10172
11-16 09:56:31.072: D/android.hardware.power@1.3-service.crosshatch-libperfmgr(788): LAUNCH ON
11-16 09:56:31.076: D/LifecycleMonitor(17929): Lifecycle status change: androidx.navigation.dynamicfeatures.fragment.TestActivity@2da6dc4 in: PAUSED
11-16 09:56:31.076: V/ActivityScenario(17929): Update currentActivityStage to PAUSED, currentActivity=androidx.navigation.dynamicfeatures.fragment.TestActivity@2da6dc4
11-16 09:56:31.082: W/earchbox:searc(10116): Unsupported class loader
11-16 09:56:31.088: W/ActivityThread(17929): handleWindowVisibility: no activity for token android.os.BinderProxy@ff1944a
11-16 09:56:31.097: D/LifecycleMonitor(17929): Lifecycle status change: androidx.test.core.app.InstrumentationActivityInvoker$EmptyActivity@dda5831 in: PRE_ON_CREATE
11-16 09:56:31.097: V/ActivityScenario(17929): Activity lifecycle changed event received but ignored because the intent does not match. startActivityIntent=Intent { act=android.intent.action.MAIN cat=[android.intent.category.LAUNCHER] cmp=androidx.navigation.dynamicfeatures.fragment.test/androidx.navigation.dynamicfeatures.fragment.TestActivity }, activity.getIntent()=Intent { act=android.intent.action.MAIN cat=[android.intent.category.LAUNCHER] flg=0x10000000 cmp=androidx.navigation.dynamicfeatures.fragment.test/androidx.test.core.app.InstrumentationActivityInvoker$EmptyActivity }, activity=androidx.test.core.app.InstrumentationActivityInvoker$EmptyActivity@dda5831
11-16 09:56:31.101: W/HomeApp|huv(18169): Can't load devices as there is no network connection! Will retry later.
11-16 09:56:31.106: D/LifecycleMonitor(17929): Lifecycle status change: androidx.test.core.app.InstrumentationActivityInvoker$EmptyActivity@dda5831 in: CREATED
11-16 09:56:31.106: V/ActivityScenario(17929): Activity lifecycle changed event received but ignored because the intent does not match. startActivityIntent=Intent { act=android.intent.action.MAIN cat=[android.intent.category.LAUNCHER] cmp=androidx.navigation.dynamicfeatures.fragment.test/androidx.navigation.dynamicfeatures.fragment.TestActivity }, activity.getIntent()=Intent { act=android.intent.action.MAIN cat=[android.intent.category.LAUNCHER] flg=0x10000000 cmp=androidx.navigation.dynamicfeatures.fragment.test/androidx.test.core.app.InstrumentationActivityInvoker$EmptyActivity }, activity=androidx.test.core.app.InstrumentationActivityInvoker$EmptyActivity@dda5831
11-16 09:56:31.108: D/LifecycleMonitor(17929): Lifecycle status change: androidx.test.core.app.InstrumentationActivityInvoker$EmptyActivity@dda5831 in: STARTED
11-16 09:56:31.109: V/ActivityScenario(17929): Activity lifecycle changed event received but ignored because the intent does not match. startActivityIntent=Intent { act=android.intent.action.MAIN cat=[android.intent.category.LAUNCHER] cmp=androidx.navigation.dynamicfeatures.fragment.test/androidx.navigation.dynamicfeatures.fragment.TestActivity }, activity.getIntent()=Intent { act=android.intent.action.MAIN cat=[android.intent.category.LAUNCHER] flg=0x10000000 cmp=androidx.navigation.dynamicfeatures.fragment.test/androidx.test.core.app.InstrumentationActivityInvoker$EmptyActivity }, activity=androidx.test.core.app.InstrumentationActivityInvoker$EmptyActivity@dda5831
11-16 09:56:31.109: I/gle.android.gm(14616): Background concurrent copying GC freed 109102(5MB) AllocSpace objects, 53(2MB) LOS objects, 49% free, 10MB/20MB, paused 111us total 104.023ms
11-16 09:56:31.111: D/LifecycleMonitor(17929): Lifecycle status change: androidx.test.core.app.InstrumentationActivityInvoker$EmptyActivity@dda5831 in: RESUMED
11-16 09:56:31.111: V/ActivityScenario(17929): Activity lifecycle changed event received but ignored because the intent does not match. startActivityIntent=Intent { act=android.intent.action.MAIN cat=[android.intent.category.LAUNCHER] cmp=androidx.navigation.dynamicfeatures.fragment.test/androidx.navigation.dynamicfeatures.fragment.TestActivity }, activity.getIntent()=Intent { act=android.intent.action.MAIN cat=[android.intent.category.LAUNCHER] flg=0x10000000 cmp=androidx.navigation.dynamicfeatures.fragment.test/androidx.test.core.app.InstrumentationActivityInvoker$EmptyActivity }, activity=androidx.test.core.app.InstrumentationActivityInvoker$EmptyActivity@dda5831
11-16 09:56:31.121: I/Icing(14616): IndexChimeraService.getServiceInterface callingPackage=com.google.android.googlequicksearchbox componentName=agsa_icing_connection serviceId=32
11-16 09:56:31.125: I/Icing(14616): IndexChimeraService.getServiceInterface callingPackage=com.google.android.googlequicksearchbox componentName=agsa_icing_connection serviceId=33
11-16 09:56:31.139: I/ActivityManager(1195): START u0 {act=android.intent.action.MAIN cat=[android.intent.category.LAUNCHER] flg=0x10000000 cmp=androidx.navigation.dynamicfeatures.fragment.test/androidx.test.core.app.InstrumentationActivityInvoker$EmptyActivity} from uid 10172
11-16 09:56:31.141: D/android.hardware.power@1.3-service.crosshatch-libperfmgr(788): LAUNCH ON
11-16 09:56:31.141: I/GoogleInputMethod(3656): onFinishInput() : Dummy InputConnection bound
11-16 09:56:31.141: I/GoogleInputMethod(3656): onStartInput() : Dummy InputConnection bound
11-16 09:56:31.168: D/LifecycleMonitor(17929): Lifecycle status change: androidx.test.core.app.InstrumentationActivityInvoker$EmptyActivity@dda5831 in: PAUSED
11-16 09:56:31.168: V/ActivityScenario(17929): Activity lifecycle changed event received but ignored because the intent does not match. startActivityIntent=Intent { act=android.intent.action.MAIN cat=[android.intent.category.LAUNCHER] cmp=androidx.navigation.dynamicfeatures.fragment.test/androidx.navigation.dynamicfeatures.fragment.TestActivity }, activity.getIntent()=Intent { act=android.intent.action.MAIN cat=[android.intent.category.LAUNCHER] flg=0x10000000 cmp=androidx.navigation.dynamicfeatures.fragment.test/androidx.test.core.app.InstrumentationActivityInvoker$EmptyActivity }, activity=androidx.test.core.app.InstrumentationActivityInvoker$EmptyActivity@dda5831
11-16 09:56:31.172: D/LifecycleMonitor(17929): Lifecycle status change: androidx.test.core.app.InstrumentationActivityInvoker$BootstrapActivity@712e383 in: DESTROYED
11-16 09:56:31.173: V/ActivityScenario(17929): Activity lifecycle changed event received but ignored because the intent does not match. startActivityIntent=Intent { act=android.intent.action.MAIN cat=[android.intent.category.LAUNCHER] cmp=androidx.navigation.dynamicfeatures.fragment.test/androidx.navigation.dynamicfeatures.fragment.TestActivity }, activity.getIntent()=Intent { act=android.intent.action.MAIN cat=[android.intent.category.LAUNCHER] flg=0x10008000 cmp=androidx.navigation.dynamicfeatures.fragment.test/androidx.test.core.app.InstrumentationActivityInvoker$BootstrapActivity (has extras) }, activity=androidx.test.core.app.InstrumentationActivityInvoker$BootstrapActivity@712e383
11-16 09:56:31.177: W/ActivityThread(17929): handleWindowVisibility: no activity for token android.os.BinderProxy@a62dc69
11-16 09:56:31.181: D/LifecycleMonitor(17929): Lifecycle status change: androidx.test.core.app.InstrumentationActivityInvoker$EmptyActivity@b71a78f in: PRE_ON_CREATE
11-16 09:56:31.181: V/ActivityScenario(17929): Activity lifecycle changed event received but ignored because the intent does not match. startActivityIntent=Intent { act=android.intent.action.MAIN cat=[android.intent.category.LAUNCHER] cmp=androidx.navigation.dynamicfeatures.fragment.test/androidx.navigation.dynamicfeatures.fragment.TestActivity }, activity.getIntent()=Intent { act=android.intent.action.MAIN cat=[android.intent.category.LAUNCHER] flg=0x10000000 cmp=androidx.navigation.dynamicfeatures.fragment.test/androidx.test.core.app.InstrumentationActivityInvoker$EmptyActivity }, activity=androidx.test.core.app.InstrumentationActivityInvoker$EmptyActivity@b71a78f
11-16 09:56:31.189: D/LifecycleMonitor(17929): Lifecycle status change: androidx.test.core.app.InstrumentationActivityInvoker$EmptyActivity@b71a78f in: CREATED
11-16 09:56:31.190: V/ActivityScenario(17929): Activity lifecycle changed event received but ignored because the intent does not match. startActivityIntent=Intent { act=android.intent.action.MAIN cat=[android.intent.category.LAUNCHER] cmp=androidx.navigation.dynamicfeatures.fragment.test/androidx.navigation.dynamicfeatures.fragment.TestActivity }, activity.getIntent()=Intent { act=android.intent.action.MAIN cat=[android.intent.category.LAUNCHER] flg=0x10000000 cmp=androidx.navigation.dynamicfeatures.fragment.test/androidx.test.core.app.InstrumentationActivityInvoker$EmptyActivity }, activity=androidx.test.core.app.InstrumentationActivityInvoker$EmptyActivity@b71a78f
11-16 09:56:31.192: D/LifecycleMonitor(17929): Lifecycle status change: androidx.test.core.app.InstrumentationActivityInvoker$EmptyActivity@b71a78f in: STARTED
11-16 09:56:31.193: V/ActivityScenario(17929): Activity lifecycle changed event received but ignored because the intent does not match. startActivityIntent=Intent { act=android.intent.action.MAIN cat=[android.intent.category.LAUNCHER] cmp=androidx.navigation.dynamicfeatures.fragment.test/androidx.navigation.dynamicfeatures.fragment.TestActivity }, activity.getIntent()=Intent { act=android.intent.action.MAIN cat=[android.intent.category.LAUNCHER] flg=0x10000000 cmp=androidx.navigation.dynamicfeatures.fragment.test/androidx.test.core.app.InstrumentationActivityInvoker$EmptyActivity }, activity=androidx.test.core.app.InstrumentationActivityInvoker$EmptyActivity@b71a78f
11-16 09:56:31.194: D/LifecycleMonitor(17929): Lifecycle status change: androidx.test.core.app.InstrumentationActivityInvoker$EmptyActivity@b71a78f in: RESUMED
11-16 09:56:31.194: V/ActivityScenario(17929): Activity lifecycle changed event received but ignored because the intent does not match. startActivityIntent=Intent { act=android.intent.action.MAIN cat=[android.intent.category.LAUNCHER] cmp=androidx.navigation.dynamicfeatures.fragment.test/androidx.navigation.dynamicfeatures.fragment.TestActivity }, activity.getIntent()=Intent { act=android.intent.action.MAIN cat=[android.intent.category.LAUNCHER] flg=0x10000000 cmp=androidx.navigation.dynamicfeatures.fragment.test/androidx.test.core.app.InstrumentationActivityInvoker$EmptyActivity }, activity=androidx.test.core.app.InstrumentationActivityInvoker$EmptyActivity@b71a78f
11-16 09:56:31.206: W/SearchServiceCore(10116): Abort, client detached.
11-16 09:56:31.207: I/chatty(10116): uid=10047 com.google.android.googlequicksearchbox:search identical 9 lines
11-16 09:56:31.207: W/SearchServiceCore(10116): Abort, client detached.
11-16 09:56:31.211: D/SurfaceFlinger(641): duplicate layer name: changing androidx.navigation.dynamicfeatures.fragment.test/androidx.test.core.app.InstrumentationActivityInvoker$EmptyActivity to androidx.navigation.dynamicfeatures.fragment.test/androidx.test.core.app.InstrumentationActivityInvoker$EmptyActivity#1
11-16 09:56:31.217: W/ActivityManager(1195): Duplicate finish request for ActivityRecord{3273d04 u0 androidx.navigation.dynamicfeatures.fragment.test/androidx.navigation.dynamicfeatures.fragment.TestActivity t6 f}
11-16 09:56:31.223: I/GoogleInputMethod(3656): onFinishInput() : Dummy InputConnection bound
11-16 09:56:31.223: I/GoogleInputMethod(3656): onStartInput() : Dummy InputConnection bound
11-16 09:56:31.231: D/DownloadManager(16832): [83] Starting
11-16 09:56:31.233: D/LifecycleMonitor(17929): Lifecycle status change: androidx.test.core.app.InstrumentationActivityInvoker$EmptyActivity@dda5831 in: STOPPED
11-16 09:56:31.233: V/ActivityScenario(17929): Activity lifecycle changed event received but ignored because the intent does not match. startActivityIntent=Intent { act=android.intent.action.MAIN cat=[android.intent.category.LAUNCHER] cmp=androidx.navigation.dynamicfeatures.fragment.test/androidx.navigation.dynamicfeatures.fragment.TestActivity }, activity.getIntent()=Intent { act=android.intent.action.MAIN cat=[android.intent.category.LAUNCHER] flg=0x10000000 cmp=androidx.navigation.dynamicfeatures.fragment.test/androidx.test.core.app.InstrumentationActivityInvoker$EmptyActivity }, activity=androidx.test.core.app.InstrumentationActivityInvoker$EmptyActivity@dda5831
11-16 09:56:31.238: D/LifecycleMonitor(17929): Lifecycle status change: androidx.test.core.app.InstrumentationActivityInvoker$EmptyActivity@dda5831 in: DESTROYED
11-16 09:56:31.238: V/ActivityScenario(17929): Activity lifecycle changed event received but ignored because the intent does not match. startActivityIntent=Intent { act=android.intent.action.MAIN cat=[android.intent.category.LAUNCHER] cmp=androidx.navigation.dynamicfeatures.fragment.test/androidx.navigation.dynamicfeatures.fragment.TestActivity }, activity.getIntent()=Intent { act=android.intent.action.MAIN cat=[android.intent.category.LAUNCHER] flg=0x10000000 cmp=androidx.navigation.dynamicfeatures.fragment.test/androidx.test.core.app.InstrumentationActivityInvoker$EmptyActivity }, activity=androidx.test.core.app.InstrumentationActivityInvoker$EmptyActivity@dda5831
11-16 09:56:31.244: D/LifecycleMonitor(17929): Lifecycle status change: androidx.test.core.app.InstrumentationActivityInvoker$EmptyActivity@b71a78f in: PAUSED
11-16 09:56:31.245: V/ActivityScenario(17929): Activity lifecycle changed event received but ignored because the intent does not match. startActivityIntent=Intent { act=android.intent.action.MAIN cat=[android.intent.category.LAUNCHER] cmp=androidx.navigation.dynamicfeatures.fragment.test/androidx.navigation.dynamicfeatures.fragment.TestActivity }, activity.getIntent()=Intent { act=android.intent.action.MAIN cat=[android.intent.category.LAUNCHER] flg=0x10000000 cmp=androidx.navigation.dynamicfeatures.fragment.test/androidx.test.core.app.InstrumentationActivityInvoker$EmptyActivity }, activity=androidx.test.core.app.InstrumentationActivityInvoker$EmptyActivity@b71a78f
11-16 09:56:31.257: I/BackdropActivity(17029): onResume()
11-16 09:56:31.259: I/FontLog(10933): Received query Google Sans, URI content://com.google.android.gms.fonts [CONTEXT service_id=132 ]
11-16 09:56:31.259: I/FontLog(10933): Query [Google Sans] resolved to {Google Sans, wdth 100.0, wght 400, ital 0.0, bestEffort false} [CONTEXT service_id=132 ]
11-16 09:56:31.259: I/ActivityManager(1195): Activity requesting to dismiss Keyguard: ActivityRecord{a8a5bbc u0 com.google.android.apps.mtaas.backdrop/.BackdropActivity t4}
11-16 09:56:31.263: D/LifecycleMonitor(17929): Lifecycle status change: androidx.navigation.dynamicfeatures.fragment.TestActivity@2da6dc4 in: STOPPED
11-16 09:56:31.263: V/ActivityScenario(17929): Update currentActivityStage to STOPPED, currentActivity=androidx.navigation.dynamicfeatures.fragment.TestActivity@2da6dc4
11-16 09:56:31.267: I/FontLog(10933): Font PFD returned from cache for {Google Sans, wdth 100.0, wght 400, ital 0.0, bestEffort false} [CONTEXT service_id=132 ]
11-16 09:56:31.268: I/FontLog(10933): Fetch {Google Sans, wdth 100.0, wght 400, ital 0.0, bestEffort false} end status Status{statusCode=SUCCESS, resolution=null} [CONTEXT service_id=132 ]
11-16 09:56:31.268: I/dex2oat(18273): The ClassLoaderContext is a special shared library.
11-16 09:56:31.268: I/dex2oat(18273): /system/bin/dex2oat --dex-file=/data/user/0/com.google.android.googlequicksearchbox/files/velour/verified_jars/Jkk1AICSm8V3ZDlxbl8SBoQ_1.jar --output-vdex-fd=87 --oat-fd=90 --oat-location=/data/user/0/com.google.android.googlequicksearchbox/files/velour/verified_jars/oat/arm64/Jkk1AICSm8V3ZDlxbl8SBoQ_1.odex --compiler-filter=quicken --class-loader-context=&
11-16 09:56:31.275: D/LifecycleMonitor(17929): Lifecycle status change: androidx.navigation.dynamicfeatures.fragment.TestActivity@2da6dc4 in: DESTROYED
11-16 09:56:31.275: V/ActivityScenario(17929): Update currentActivityStage to DESTROYED, currentActivity=null
11-16 09:56:31.280: I/TestRunner(17929): finished: moduleName(androidx.navigation.dynamicfeatures.fragment.DynamicFragmentNavigatorDestinationBuilderTest)
11-16 09:56:31.280: I/FontLog(10933): Pulling font file for id = 12, cache size = 6 [CONTEXT service_id=132 ]
11-16 09:56:31.283: I/MonitoringInstr(17929): Activities that are still in CREATED to STOPPED: 1
11-16 09:56:31.283: I/MonitoringInstr(17929): Unstopped activity count: 1
11-16 09:56:31.283: D/NetworkSecurityConfig(16832): Using Network Security Config from resource network_security_config debugBuild: false
11-16 09:56:31.285: D/NetworkSecurityConfig(16832): Using Network Security Config from resource network_security_config debugBuild: false
11-16 09:56:31.289: D/NetworkSecurityConfig(16832): No Network Security Config specified, using platform default
11-16 09:56:31.289: I/FontLog(10933): Received query Google Sans:500, URI content://com.google.android.gms.fonts [CONTEXT service_id=132 ]
11-16 09:56:31.289: I/FontLog(10933): Query [Google Sans:500] resolved to {Google Sans, wdth 100.0, wght 500, ital 0.0, bestEffort false} [CONTEXT service_id=132 ]
11-16 09:56:31.294: I/FontLog(10933): Font PFD returned from cache for {Google Sans, wdth 100.0, wght 500, ital 0.0, bestEffort false} [CONTEXT service_id=132 ]
11-16 09:56:31.294: I/FontLog(10933): Fetch {Google Sans, wdth 100.0, wght 500, ital 0.0, bestEffort false} end status Status{statusCode=SUCCESS, resolution=null} [CONTEXT service_id=132 ]
11-16 09:56:31.297: I/FontLog(10933): Pulling font file for id = 13, cache size = 7 [CONTEXT service_id=132 ]
11-16 09:56:31.301: I/FontLog(10933): Received query Google Sans Display, URI content://com.google.android.gms.fonts [CONTEXT service_id=132 ]
11-16 09:56:31.302: I/FontLog(10933): Query [Google Sans Display] resolved to {Google Sans Display, wdth 100.0, wght 400, ital 0.0, bestEffort false} [CONTEXT service_id=132 ]
11-16 09:56:31.302: I/GoogleInputMethod(3656): onFinishInput() : Dummy InputConnection bound
11-16 09:56:31.302: I/GoogleInputMethod(3656): onStartInput() : Dummy InputConnection bound
11-16 09:56:31.304: D/android.hardware.power@1.3-service.crosshatch-libperfmgr(788): LAUNCH OFF
11-16 09:56:31.308: W/SearchServiceCore(10116): Abort, client detached.
11-16 09:56:31.310: I/chatty(10116): uid=10047 com.google.android.googlequicksearchbox:search identical 5 lines
11-16 09:56:31.310: W/SearchServiceCore(10116): Abort, client detached.
11-16 09:56:31.313: D/LifecycleMonitor(17929): Lifecycle status change: androidx.test.core.app.InstrumentationActivityInvoker$EmptyActivity@b71a78f in: STOPPED
11-16 09:56:31.314: D/LifecycleMonitor(17929): Lifecycle status change: androidx.test.core.app.InstrumentationActivityInvoker$EmptyActivity@b71a78f in: DESTROYED
11-16 09:56:31.315: I/FontLog(10933): Font PFD returned from cache for {Google Sans Display, wdth 100.0, wght 400, ital 0.0, bestEffort false} [CONTEXT service_id=132 ]
11-16 09:56:31.316: I/FontLog(10933): Fetch {Google Sans Display, wdth 100.0, wght 400, ital 0.0, bestEffort false} end status Status{statusCode=SUCCESS, resolution=null} [CONTEXT service_id=132 ]
11-16 09:56:31.319: W/SurfaceFlinger(641): Attempting to destroy on removed layer: AppWindowToken{d8580d7 token=Token{cc7d856 ActivityRecord{50cf271 u0 androidx.navigation.dynamicfeatures.fragment.test/androidx.test.core.app.InstrumentationActivityInvoker$EmptyActivity t6}}}#0
11-16 09:56:31.322: I/Adreno(1195): QUALCOMM build                   : 3f88ca2, I42f6fe38fb
11-16 09:56:31.322: I/Adreno(1195): Build Date                       : 07/13/18
11-16 09:56:31.322: I/Adreno(1195): OpenGL ES Shader Compiler Version: EV031.24.00.00
11-16 09:56:31.322: I/Adreno(1195): Local Branch                     : 50.04
11-16 09:56:31.322: I/Adreno(1195): Remote Branch                    : 
11-16 09:56:31.322: I/Adreno(1195): Remote Branch                    : 
11-16 09:56:31.322: I/Adreno(1195): Reconstruct Branch               : 
11-16 09:56:31.322: I/Adreno(1195): Build Config                     : S P 4.0.10 AArch64
11-16 09:56:31.323: I/FontLog(10933): Pulling font file for id = 14, cache size = 8 [CONTEXT service_id=132 ]
11-16 09:56:31.325: E/libc(1195): Access denied finding property "vendor.debug.prerotation.disable"
11-16 09:56:31.326: E/libc(1195): Access denied finding property "vendor.debug.prerotation.disable"
11-16 09:56:31.326: I/Adreno(1195): PFP: 0x016ee170, ME: 0x00000000
11-16 09:56:31.326: E/libc(1195): Access denied finding property "vendor.debug.prerotation.disable"
11-16 09:56:31.327: I/ConfigStore(1195): android::hardware::configstore::V1_0::ISurfaceFlingerConfigs::hasWideColorDisplay retrieved: 1
11-16 09:56:31.327: I/ConfigStore(1195): android::hardware::configstore::V1_0::ISurfaceFlingerConfigs::hasHDRDisplay retrieved: 1
11-16 09:56:31.328: I/OpenGLRenderer(1195): Initialized EGL, version 1.4
11-16 09:56:31.328: D/OpenGLRenderer(1195): Swap behavior 2
11-16 09:56:31.334: I/TestRunner(17929): started: no_moduleName(androidx.navigation.dynamicfeatures.fragment.DynamicFragmentNavigatorDestinationBuilderTest)
11-16 09:56:31.341: W/Settings(17929): Setting always_finish_activities has moved from android.provider.Settings.System to android.provider.Settings.Global, returning read-only value.
11-16 09:56:31.349: I/ActivityManager(1195): START u0 {act=android.intent.action.MAIN cat=[android.intent.category.LAUNCHER] flg=0x10008000 cmp=androidx.navigation.dynamicfeatures.fragment.test/androidx.test.core.app.InstrumentationActivityInvoker$BootstrapActivity (has extras)} from uid 10172
11-16 09:56:31.361: D/android.hardware.power@1.3-service.crosshatch-libperfmgr(788): LAUNCH ON
11-16 09:56:31.377: W/ActivityThread(17929): handleWindowVisibility: no activity for token android.os.BinderProxy@38f6c76
11-16 09:56:31.388: D/LifecycleMonitor(17929): Lifecycle status change: androidx.test.core.app.InstrumentationActivityInvoker$BootstrapActivity@f9a8ee4 in: PRE_ON_CREATE
11-16 09:56:31.389: V/ActivityScenario(17929): Activity lifecycle changed event received but ignored because the intent does not match. startActivityIntent=Intent { act=android.intent.action.MAIN cat=[android.intent.category.LAUNCHER] cmp=androidx.navigation.dynamicfeatures.fragment.test/androidx.navigation.dynamicfeatures.fragment.TestActivity }, activity.getIntent()=Intent { act=android.intent.action.MAIN cat=[android.intent.category.LAUNCHER] flg=0x10008000 cmp=androidx.navigation.dynamicfeatures.fragment.test/androidx.test.core.app.InstrumentationActivityInvoker$BootstrapActivity (has extras) }, activity=androidx.test.core.app.InstrumentationActivityInvoker$BootstrapActivity@f9a8ee4
11-16 09:56:31.395: W/GCM(18169): GCM SDK is deprecated, com.google.android.apps.chromecast.app should update to use FCM
11-16 09:56:31.409: D/LifecycleMonitor(17929): Lifecycle status change: androidx.test.core.app.InstrumentationActivityInvoker$BootstrapActivity@f9a8ee4 in: CREATED
11-16 09:56:31.409: V/ActivityScenario(17929): Activity lifecycle changed event received but ignored because the intent does not match. startActivityIntent=Intent { act=android.intent.action.MAIN cat=[android.intent.category.LAUNCHER] cmp=androidx.navigation.dynamicfeatures.fragment.test/androidx.navigation.dynamicfeatures.fragment.TestActivity }, activity.getIntent()=Intent { act=android.intent.action.MAIN cat=[android.intent.category.LAUNCHER] flg=0x10008000 cmp=androidx.navigation.dynamicfeatures.fragment.test/androidx.test.core.app.InstrumentationActivityInvoker$BootstrapActivity (has extras) }, activity=androidx.test.core.app.InstrumentationActivityInvoker$BootstrapActivity@f9a8ee4
11-16 09:56:31.411: D/LifecycleMonitor(17929): Lifecycle status change: androidx.test.core.app.InstrumentationActivityInvoker$BootstrapActivity@f9a8ee4 in: STARTED
11-16 09:56:31.411: V/ActivityScenario(17929): Activity lifecycle changed event received but ignored because the intent does not match. startActivityIntent=Intent { act=android.intent.action.MAIN cat=[android.intent.category.LAUNCHER] cmp=androidx.navigation.dynamicfeatures.fragment.test/androidx.navigation.dynamicfeatures.fragment.TestActivity }, activity.getIntent()=Intent { act=android.intent.action.MAIN cat=[android.intent.category.LAUNCHER] flg=0x10008000 cmp=androidx.navigation.dynamicfeatures.fragment.test/androidx.test.core.app.InstrumentationActivityInvoker$BootstrapActivity (has extras) }, activity=androidx.test.core.app.InstrumentationActivityInvoker$BootstrapActivity@f9a8ee4
11-16 09:56:31.413: I/ActivityManager(1195): START u0 {act=android.intent.action.MAIN cat=[android.intent.category.LAUNCHER] cmp=androidx.navigation.dynamicfeatures.fragment.test/androidx.navigation.dynamicfeatures.fragment.TestActivity} from uid 10172
11-16 09:56:31.414: D/android.hardware.power@1.3-service.crosshatch-libperfmgr(788): LAUNCH ON
11-16 09:56:31.419: D/LifecycleMonitor(17929): Lifecycle status change: androidx.test.core.app.InstrumentationActivityInvoker$BootstrapActivity@f9a8ee4 in: RESUMED
11-16 09:56:31.420: V/ActivityScenario(17929): Activity lifecycle changed event received but ignored because the intent does not match. startActivityIntent=Intent { act=android.intent.action.MAIN cat=[android.intent.category.LAUNCHER] cmp=androidx.navigation.dynamicfeatures.fragment.test/androidx.navigation.dynamicfeatures.fragment.TestActivity }, activity.getIntent()=Intent { act=android.intent.action.MAIN cat=[android.intent.category.LAUNCHER] flg=0x10008000 cmp=androidx.navigation.dynamicfeatures.fragment.test/androidx.test.core.app.InstrumentationActivityInvoker$BootstrapActivity (has extras) }, activity=androidx.test.core.app.InstrumentationActivityInvoker$BootstrapActivity@f9a8ee4
11-16 09:56:31.424: D/LifecycleMonitor(17929): Lifecycle status change: androidx.test.core.app.InstrumentationActivityInvoker$BootstrapActivity@f9a8ee4 in: PAUSED
11-16 09:56:31.424: V/ActivityScenario(17929): Activity lifecycle changed event received but ignored because the intent does not match. startActivityIntent=Intent { act=android.intent.action.MAIN cat=[android.intent.category.LAUNCHER] cmp=androidx.navigation.dynamicfeatures.fragment.test/androidx.navigation.dynamicfeatures.fragment.TestActivity }, activity.getIntent()=Intent { act=android.intent.action.MAIN cat=[android.intent.category.LAUNCHER] flg=0x10008000 cmp=androidx.navigation.dynamicfeatures.fragment.test/androidx.test.core.app.InstrumentationActivityInvoker$BootstrapActivity (has extras) }, activity=androidx.test.core.app.InstrumentationActivityInvoker$BootstrapActivity@f9a8ee4
11-16 09:56:31.433: W/ActivityThread(17929): handleWindowVisibility: no activity for token android.os.BinderProxy@87dda02
11-16 09:56:31.437: D/LifecycleMonitor(17929): Lifecycle status change: androidx.navigation.dynamicfeatures.fragment.TestActivity@a3a196f in: PRE_ON_CREATE
11-16 09:56:31.437: V/ActivityScenario(17929): Activity lifecycle changed event received but ignored because the reported transition was not ON_CREATE while the last known transition was PRE_ON_CREATE
11-16 09:56:31.443: I/dex2oat(18273): dex2oat took 184.941ms (66.093ms cpu) (threads: 8) arena alloc=17KB (17576B) java alloc=80KB (81936B) native alloc=835KB (855976B) free=2MB (2289752B)
11-16 09:56:31.445: I/PeopleChimeraService(14616): onService. callbacks = xmw@946bde9, request = com.google.android.gms.common.internal.GetServiceRequest@c320a6e
11-16 09:56:31.447: I/ActivityManager(1195): Killing 17254:com.google.android.apps.maps/u0a102 (adj 906): empty #17
11-16 09:56:31.449: W/libprocessgroup(1195): kill(-17254, 9) failed: No such process
11-16 09:56:31.450: D/LifecycleMonitor(17929): Lifecycle status change: androidx.navigation.dynamicfeatures.fragment.TestActivity@a3a196f in: CREATED
11-16 09:56:31.450: V/ActivityScenario(17929): Update currentActivityStage to CREATED, currentActivity=androidx.navigation.dynamicfeatures.fragment.TestActivity@a3a196f
11-16 09:56:31.453: D/LifecycleMonitor(17929): Lifecycle status change: androidx.navigation.dynamicfeatures.fragment.TestActivity@a3a196f in: STARTED
11-16 09:56:31.453: V/ActivityScenario(17929): Update currentActivityStage to STARTED, currentActivity=androidx.navigation.dynamicfeatures.fragment.TestActivity@a3a196f
11-16 09:56:31.456: D/LifecycleMonitor(17929): Lifecycle status change: androidx.navigation.dynamicfeatures.fragment.TestActivity@a3a196f in: RESUMED
11-16 09:56:31.457: V/ActivityScenario(17929): Update currentActivityStage to RESUMED, currentActivity=androidx.navigation.dynamicfeatures.fragment.TestActivity@a3a196f
11-16 09:56:31.468: I/ActivityManager(1195): Start proc 18323:com.google.android.apps.tachyon/u0a148 for broadcast com.google.android.apps.tachyon/.common.applifecycle.LocaleChangeReceiver
11-16 09:56:31.471: W/earchbox:searc(10116): Skipping duplicate class check due to unsupported classloader
11-16 09:56:31.483: E/id.apps.tachyo(18323): Not starting debugger since process cannot load the jdwp agent.
11-16 09:56:31.485: W/earchbox:searc(10116): Unsupported class loader
11-16 09:56:31.497: W/libprocessgroup(1195): kill(-17254, 9) failed: No such process
11-16 09:56:31.502: I/GoogleInputMethod(3656): onFinishInput() : Dummy InputConnection bound
11-16 09:56:31.502: I/GoogleInputMethod(3656): onStartInput() : Dummy InputConnection bound
11-16 09:56:31.509: W/SurfaceFlinger(641): Attempting to set client state on removed layer: Splash Screen androidx.navigation.dynamicfeatures.fragment.test#0
11-16 09:56:31.509: W/SurfaceFlinger(641): Attempting to destroy on removed layer: Splash Screen androidx.navigation.dynamicfeatures.fragment.test#0
11-16 09:56:31.512: D/BoundBrokerSvc(10933): onUnbind: Intent { act=com.google.android.gms.clearcut.bootcount.service.START pkg=com.google.android.gms }
11-16 09:56:31.512: I/Zygote(726): Process 17254 exited due to signal (9)
11-16 09:56:31.514: I/ActivityManager(1195): Displayed androidx.navigation.dynamicfeatures.fragment.test/androidx.navigation.dynamicfeatures.fragment.TestActivity: +148ms
11-16 09:56:31.521: D/android.hardware.power@1.3-service.crosshatch-libperfmgr(788): LAUNCH OFF
11-16 09:56:31.524: D/LifecycleMonitor(17929): Lifecycle status change: androidx.test.core.app.InstrumentationActivityInvoker$BootstrapActivity@f9a8ee4 in: STOPPED
11-16 09:56:31.524: V/ActivityScenario(17929): Activity lifecycle changed event received but ignored because the intent does not match. startActivityIntent=Intent { act=android.intent.action.MAIN cat=[android.intent.category.LAUNCHER] cmp=androidx.navigation.dynamicfeatures.fragment.test/androidx.navigation.dynamicfeatures.fragment.TestActivity }, activity.getIntent()=Intent { act=android.intent.action.MAIN cat=[android.intent.category.LAUNCHER] flg=0x10008000 cmp=androidx.navigation.dynamicfeatures.fragment.test/androidx.test.core.app.InstrumentationActivityInvoker$BootstrapActivity (has extras) }, activity=androidx.test.core.app.InstrumentationActivityInvoker$BootstrapActivity@f9a8ee4
11-16 09:56:31.529: I/ActivityManager(1195): START u0 {act=android.intent.action.MAIN cat=[android.intent.category.LAUNCHER] flg=0x10000000 cmp=androidx.navigation.dynamicfeatures.fragment.test/androidx.test.core.app.InstrumentationActivityInvoker$EmptyActivity} from uid 10172
11-16 09:56:31.531: D/android.hardware.power@1.3-service.crosshatch-libperfmgr(788): LAUNCH ON
11-16 09:56:31.542: W/libprocessgroup(1195): kill(-17254, 9) failed: No such process
11-16 09:56:31.542: I/libprocessgroup(1195): Successfully killed process cgroup uid 10102 pid 17254 in 93ms
11-16 09:56:31.543: D/LifecycleMonitor(17929): Lifecycle status change: androidx.navigation.dynamicfeatures.fragment.TestActivity@a3a196f in: PAUSED
11-16 09:56:31.543: V/ActivityScenario(17929): Update currentActivityStage to PAUSED, currentActivity=androidx.navigation.dynamicfeatures.fragment.TestActivity@a3a196f
11-16 09:56:31.543: I/system_server(1195): NativeAlloc concurrent copying GC freed 55883(2MB) AllocSpace objects, 30(1496KB) LOS objects, 42% free, 17MB/30MB, paused 66us total 198.505ms
11-16 09:56:31.548: W/ActivityThread(17929): handleWindowVisibility: no activity for token android.os.BinderProxy@6bf6561
11-16 09:56:31.553: D/LifecycleMonitor(17929): Lifecycle status change: androidx.test.core.app.InstrumentationActivityInvoker$EmptyActivity@4bb0547 in: PRE_ON_CREATE
11-16 09:56:31.553: V/ActivityScenario(17929): Activity lifecycle changed event received but ignored because the intent does not match. startActivityIntent=Intent { act=android.intent.action.MAIN cat=[android.intent.category.LAUNCHER] cmp=androidx.navigation.dynamicfeatures.fragment.test/androidx.navigation.dynamicfeatures.fragment.TestActivity }, activity.getIntent()=Intent { act=android.intent.action.MAIN cat=[android.intent.category.LAUNCHER] flg=0x10000000 cmp=androidx.navigation.dynamicfeatures.fragment.test/androidx.test.core.app.InstrumentationActivityInvoker$EmptyActivity }, activity=androidx.test.core.app.InstrumentationActivityInvoker$EmptyActivity@4bb0547
11-16 09:56:31.560: D/LifecycleMonitor(17929): Lifecycle status change: androidx.test.core.app.InstrumentationActivityInvoker$EmptyActivity@4bb0547 in: CREATED
11-16 09:56:31.560: V/ActivityScenario(17929): Activity lifecycle changed event received but ignored because the intent does not match. startActivityIntent=Intent { act=android.intent.action.MAIN cat=[android.intent.category.LAUNCHER] cmp=androidx.navigation.dynamicfeatures.fragment.test/androidx.navigation.dynamicfeatures.fragment.TestActivity }, activity.getIntent()=Intent { act=android.intent.action.MAIN cat=[android.intent.category.LAUNCHER] flg=0x10000000 cmp=androidx.navigation.dynamicfeatures.fragment.test/androidx.test.core.app.InstrumentationActivityInvoker$EmptyActivity }, activity=androidx.test.core.app.InstrumentationActivityInvoker$EmptyActivity@4bb0547
11-16 09:56:31.563: D/LifecycleMonitor(17929): Lifecycle status change: androidx.test.core.app.InstrumentationActivityInvoker$EmptyActivity@4bb0547 in: STARTED
11-16 09:56:31.563: V/ActivityScenario(17929): Activity lifecycle changed event received but ignored because the intent does not match. startActivityIntent=Intent { act=android.intent.action.MAIN cat=[android.intent.category.LAUNCHER] cmp=androidx.navigation.dynamicfeatures.fragment.test/androidx.navigation.dynamicfeatures.fragment.TestActivity }, activity.getIntent()=Intent { act=android.intent.action.MAIN cat=[android.intent.category.LAUNCHER] flg=0x10000000 cmp=androidx.navigation.dynamicfeatures.fragment.test/androidx.test.core.app.InstrumentationActivityInvoker$EmptyActivity }, activity=androidx.test.core.app.InstrumentationActivityInvoker$EmptyActivity@4bb0547
11-16 09:56:31.565: D/LifecycleMonitor(17929): Lifecycle status change: androidx.test.core.app.InstrumentationActivityInvoker$EmptyActivity@4bb0547 in: RESUMED
11-16 09:56:31.565: V/ActivityScenario(17929): Activity lifecycle changed event received but ignored because the intent does not match. startActivityIntent=Intent { act=android.intent.action.MAIN cat=[android.intent.category.LAUNCHER] cmp=androidx.navigation.dynamicfeatures.fragment.test/androidx.navigation.dynamicfeatures.fragment.TestActivity }, activity.getIntent()=Intent { act=android.intent.action.MAIN cat=[android.intent.category.LAUNCHER] flg=0x10000000 cmp=androidx.navigation.dynamicfeatures.fragment.test/androidx.test.core.app.InstrumentationActivityInvoker$EmptyActivity }, activity=androidx.test.core.app.InstrumentationActivityInvoker$EmptyActivity@4bb0547
11-16 09:56:31.594: W/StorageManager(16832): fallocate() not supported; falling back to ftruncate()
11-16 09:56:31.598: I/GoogleInputMethod(3656): onFinishInput() : Dummy InputConnection bound
11-16 09:56:31.599: I/GoogleInputMethod(3656): onStartInput() : Dummy InputConnection bound
11-16 09:56:31.600: I/ActivityManager(1195): START u0 {act=android.intent.action.MAIN cat=[android.intent.category.LAUNCHER] flg=0x10000000 cmp=androidx.navigation.dynamicfeatures.fragment.test/androidx.test.core.app.InstrumentationActivityInvoker$EmptyActivity} from uid 10172
11-16 09:56:31.602: D/android.hardware.power@1.3-service.crosshatch-libperfmgr(788): LAUNCH ON
11-16 09:56:31.609: D/LifecycleMonitor(17929): Lifecycle status change: androidx.test.core.app.InstrumentationActivityInvoker$EmptyActivity@4bb0547 in: PAUSED
11-16 09:56:31.610: V/ActivityScenario(17929): Activity lifecycle changed event received but ignored because the intent does not match. startActivityIntent=Intent { act=android.intent.action.MAIN cat=[android.intent.category.LAUNCHER] cmp=androidx.navigation.dynamicfeatures.fragment.test/androidx.navigation.dynamicfeatures.fragment.TestActivity }, activity.getIntent()=Intent { act=android.intent.action.MAIN cat=[android.intent.category.LAUNCHER] flg=0x10000000 cmp=androidx.navigation.dynamicfeatures.fragment.test/androidx.test.core.app.InstrumentationActivityInvoker$EmptyActivity }, activity=androidx.test.core.app.InstrumentationActivityInvoker$EmptyActivity@4bb0547
11-16 09:56:31.617: I/dex2oat(18340): The ClassLoaderContext is a special shared library.
11-16 09:56:31.617: I/dex2oat(18340): /system/bin/dex2oat --dex-file=/data/user/0/com.google.android.googlequicksearchbox/files/velour/verified_jars/JkypVPMhDohv1875CeSftSg_1.jar --output-vdex-fd=87 --oat-fd=90 --oat-location=/data/user/0/com.google.android.googlequicksearchbox/files/velour/verified_jars/oat/arm64/JkypVPMhDohv1875CeSftSg_1.odex --compiler-filter=quicken --class-loader-context=&
11-16 09:56:31.618: D/fpc_hidl(18345): fpc fingerprint hwbinder service starting
11-16 09:56:31.618: D/QSEECOMAPI(18345): QSEECom_get_handle sb_length = 0x80
11-16 09:56:31.619: D/LifecycleMonitor(17929): Lifecycle status change: androidx.test.core.app.InstrumentationActivityInvoker$BootstrapActivity@f9a8ee4 in: DESTROYED
11-16 09:56:31.619: D/QSEECOMAPI(18345): App is not loaded in QSEE
11-16 09:56:31.619: V/ActivityScenario(17929): Activity lifecycle changed event received but ignored because the intent does not match. startActivityIntent=Intent { act=android.intent.action.MAIN cat=[android.intent.category.LAUNCHER] cmp=androidx.navigation.dynamicfeatures.fragment.test/androidx.navigation.dynamicfeatures.fragment.TestActivity }, activity.getIntent()=Intent { act=android.intent.action.MAIN cat=[android.intent.category.LAUNCHER] flg=0x10008000 cmp=androidx.navigation.dynamicfeatures.fragment.test/androidx.test.core.app.InstrumentationActivityInvoker$BootstrapActivity (has extras) }, activity=androidx.test.core.app.InstrumentationActivityInvoker$BootstrapActivity@f9a8ee4
11-16 09:56:31.619: W/ActivityThread(17929): handleWindowVisibility: no activity for token android.os.BinderProxy@a1d563f
11-16 09:56:31.621: D/QSEECOMAPI(18345): app_arch = 2, total_files = 9
11-16 09:56:31.624: D/LifecycleMonitor(17929): Lifecycle status change: androidx.test.core.app.InstrumentationActivityInvoker$EmptyActivity@1a45c55 in: PRE_ON_CREATE
11-16 09:56:31.625: V/ActivityScenario(17929): Activity lifecycle changed event received but ignored because the intent does not match. startActivityIntent=Intent { act=android.intent.action.MAIN cat=[android.intent.category.LAUNCHER] cmp=androidx.navigation.dynamicfeatures.fragment.test/androidx.navigation.dynamicfeatures.fragment.TestActivity }, activity.getIntent()=Intent { act=android.intent.action.MAIN cat=[android.intent.category.LAUNCHER] flg=0x10000000 cmp=androidx.navigation.dynamicfeatures.fragment.test/androidx.test.core.app.InstrumentationActivityInvoker$EmptyActivity }, activity=androidx.test.core.app.InstrumentationActivityInvoker$EmptyActivity@1a45c55
11-16 09:56:31.633: D/LifecycleMonitor(17929): Lifecycle status change: androidx.test.core.app.InstrumentationActivityInvoker$EmptyActivity@1a45c55 in: CREATED
11-16 09:56:31.633: V/ActivityScenario(17929): Activity lifecycle changed event received but ignored because the intent does not match. startActivityIntent=Intent { act=android.intent.action.MAIN cat=[android.intent.category.LAUNCHER] cmp=androidx.navigation.dynamicfeatures.fragment.test/androidx.navigation.dynamicfeatures.fragment.TestActivity }, activity.getIntent()=Intent { act=android.intent.action.MAIN cat=[android.intent.category.LAUNCHER] flg=0x10000000 cmp=androidx.navigation.dynamicfeatures.fragment.test/androidx.test.core.app.InstrumentationActivityInvoker$EmptyActivity }, activity=androidx.test.core.app.InstrumentationActivityInvoker$EmptyActivity@1a45c55
11-16 09:56:31.634: D/LifecycleMonitor(17929): Lifecycle status change: androidx.test.core.app.InstrumentationActivityInvoker$EmptyActivity@1a45c55 in: STARTED
11-16 09:56:31.634: V/ActivityScenario(17929): Activity lifecycle changed event received but ignored because the intent does not match. startActivityIntent=Intent { act=android.intent.action.MAIN cat=[android.intent.category.LAUNCHER] cmp=androidx.navigation.dynamicfeatures.fragment.test/androidx.navigation.dynamicfeatures.fragment.TestActivity }, activity.getIntent()=Intent { act=android.intent.action.MAIN cat=[android.intent.category.LAUNCHER] flg=0x10000000 cmp=androidx.navigation.dynamicfeatures.fragment.test/androidx.test.core.app.InstrumentationActivityInvoker$EmptyActivity }, activity=androidx.test.core.app.InstrumentationActivityInvoker$EmptyActivity@1a45c55
11-16 09:56:31.636: D/LifecycleMonitor(17929): Lifecycle status change: androidx.test.core.app.InstrumentationActivityInvoker$EmptyActivity@1a45c55 in: RESUMED
11-16 09:56:31.636: V/ActivityScenario(17929): Activity lifecycle changed event received but ignored because the intent does not match. startActivityIntent=Intent { act=android.intent.action.MAIN cat=[android.intent.category.LAUNCHER] cmp=androidx.navigation.dynamicfeatures.fragment.test/androidx.navigation.dynamicfeatures.fragment.TestActivity }, activity.getIntent()=Intent { act=android.intent.action.MAIN cat=[android.intent.category.LAUNCHER] flg=0x10000000 cmp=androidx.navigation.dynamicfeatures.fragment.test/androidx.test.core.app.InstrumentationActivityInvoker$EmptyActivity }, activity=androidx.test.core.app.InstrumentationActivityInvoker$EmptyActivity@1a45c55
11-16 09:56:31.653: D/SurfaceFlinger(641): duplicate layer name: changing androidx.navigation.dynamicfeatures.fragment.test/androidx.test.core.app.InstrumentationActivityInvoker$EmptyActivity to androidx.navigation.dynamicfeatures.fragment.test/androidx.test.core.app.InstrumentationActivityInvoker$EmptyActivity#1
11-16 09:56:31.659: W/ActivityManager(1195): Duplicate finish request for ActivityRecord{6bb44a u0 androidx.navigation.dynamicfeatures.fragment.test/androidx.navigation.dynamicfeatures.fragment.TestActivity t7 f}
11-16 09:56:31.664: I/GoogleInputMethod(3656): onFinishInput() : Dummy InputConnection bound
11-16 09:56:31.664: I/GoogleInputMethod(3656): onStartInput() : Dummy InputConnection bound
11-16 09:56:31.678: D/LifecycleMonitor(17929): Lifecycle status change: androidx.test.core.app.InstrumentationActivityInvoker$EmptyActivity@4bb0547 in: STOPPED
11-16 09:56:31.678: V/ActivityScenario(17929): Activity lifecycle changed event received but ignored because the intent does not match. startActivityIntent=Intent { act=android.intent.action.MAIN cat=[android.intent.category.LAUNCHER] cmp=androidx.navigation.dynamicfeatures.fragment.test/androidx.navigation.dynamicfeatures.fragment.TestActivity }, activity.getIntent()=Intent { act=android.intent.action.MAIN cat=[android.intent.category.LAUNCHER] flg=0x10000000 cmp=androidx.navigation.dynamicfeatures.fragment.test/androidx.test.core.app.InstrumentationActivityInvoker$EmptyActivity }, activity=androidx.test.core.app.InstrumentationActivityInvoker$EmptyActivity@4bb0547
11-16 09:56:31.680: D/LifecycleMonitor(17929): Lifecycle status change: androidx.test.core.app.InstrumentationActivityInvoker$EmptyActivity@4bb0547 in: DESTROYED
11-16 09:56:31.680: V/ActivityScenario(17929): Activity lifecycle changed event received but ignored because the intent does not match. startActivityIntent=Intent { act=android.intent.action.MAIN cat=[android.intent.category.LAUNCHER] cmp=androidx.navigation.dynamicfeatures.fragment.test/androidx.navigation.dynamicfeatures.fragment.TestActivity }, activity.getIntent()=Intent { act=android.intent.action.MAIN cat=[android.intent.category.LAUNCHER] flg=0x10000000 cmp=androidx.navigation.dynamicfeatures.fragment.test/androidx.test.core.app.InstrumentationActivityInvoker$EmptyActivity }, activity=androidx.test.core.app.InstrumentationActivityInvoker$EmptyActivity@4bb0547
