11-16 09:56:17.798: E/RecoverySnapshotStorage(1195): Error reading snapshot for 10007 from disk
11-16 09:56:17.798: E/RecoverySnapshotStorage(1195): java.io.FileNotFoundException: /data/system/recoverablekeystore/snapshots/10007.xml (No such file or directory)
11-16 09:56:17.798: E/RecoverySnapshotStorage(1195): 	at java.io.FileInputStream.open0(Native Method)
11-16 09:56:17.798: E/RecoverySnapshotStorage(1195): 	at java.io.FileInputStream.open(FileInputStream.java:231)
11-16 09:56:17.798: E/RecoverySnapshotStorage(1195): 	at java.io.FileInputStream.<init>(FileInputStream.java:165)
11-16 09:56:17.798: E/RecoverySnapshotStorage(1195): 	at com.android.server.locksettings.recoverablekeystore.storage.RecoverySnapshotStorage.readFromDisk(RecoverySnapshotStorage.java:152)
11-16 09:56:17.798: E/RecoverySnapshotStorage(1195): 	at com.android.server.locksettings.recoverablekeystore.storage.RecoverySnapshotStorage.get(RecoverySnapshotStorage.java:104)
11-16 09:56:17.798: E/RecoverySnapshotStorage(1195): 	at com.android.server.locksettings.recoverablekeystore.RecoverableKeyStoreManager.getKeyChainSnapshot(RecoverableKeyStoreManager.java:331)
11-16 09:56:17.798: E/RecoverySnapshotStorage(1195): 	at com.android.server.locksettings.LockSettingsService.getKeyChainSnapshot(LockSettingsService.java:2032)
11-16 09:56:17.798: E/RecoverySnapshotStorage(1195): 	at com.android.internal.widget.ILockSettings$Stub.onTransact(ILockSettings.java:356)
11-16 09:56:17.798: E/RecoverySnapshotStorage(1195): 	at android.os.Binder.execTransact(Binder.java:731)
11-16 09:56:17.801: I/RecoverableKeyStoreGms(14616): [WrappingKeyManager] Can't generate wrapping key - missing lock screeen
11-16 09:56:17.803: W/NetworkScheduler(10933): The extras of the task is not valid to be persisted so that the task is not persisted [CONTEXT service_id=218 ]
11-16 09:56:17.803: W/NetworkScheduler(10933): java.lang.IllegalArgumentException: Only the following extra parameter types are supported: Integer, Long, Double, String, Boolean, and nested Bundles with the same restrictions.
11-16 09:56:17.803: W/NetworkScheduler(10933): 	at abno.f(:com.google.android.gms@213614028@21.36.14 (100400-395708125):6)
11-16 09:56:17.803: W/NetworkScheduler(10933): 	at amdu.g(:com.google.android.gms@213614028@21.36.14 (100400-395708125):37)
11-16 09:56:17.803: W/NetworkScheduler(10933): 	at amdd.n(:com.google.android.gms@213614028@21.36.14 (100400-395708125):3)
11-16 09:56:17.803: W/NetworkScheduler(10933): 	at amdd.u(:com.google.android.gms@213614028@21.36.14 (100400-395708125):20)
11-16 09:56:17.803: W/NetworkScheduler(10933): 	at amdd.g(:com.google.android.gms@213614028@21.36.14 (100400-395708125):3)
11-16 09:56:17.803: W/NetworkScheduler(10933): 	at alzy.run(:com.google.android.gms@213614028@21.36.14 (100400-395708125):9)
11-16 09:56:17.803: W/NetworkScheduler(10933): 	at rgh.c(:com.google.android.gms@213614028@21.36.14 (100400-395708125):6)
11-16 09:56:17.803: W/NetworkScheduler(10933): 	at rgh.run(:com.google.android.gms@213614028@21.36.14 (100400-395708125):8)
11-16 09:56:17.803: W/NetworkScheduler(10933): 	at java.util.concurrent.ThreadPoolExecutor.runWorker(ThreadPoolExecutor.java:1167)
11-16 09:56:17.803: W/NetworkScheduler(10933): 	at java.util.concurrent.ThreadPoolExecutor$Worker.run(ThreadPoolExecutor.java:641)
11-16 09:56:17.803: W/NetworkScheduler(10933): 	at rkn.run(:com.google.android.gms@213614028@21.36.14 (100400-395708125):0)
11-16 09:56:17.803: W/NetworkScheduler(10933): 	at java.lang.Thread.run(Thread.java:764)
11-16 09:56:17.808: I/TestSupport(14616): AwaitCommitOperation: uncommitted: FlagOverride(com.google.android.gms.auth.api.credentials, , Flag(SaveStrategy__enableSaving, false, 2, 0), false) [CONTEXT service_id=133 ]
11-16 09:56:17.809: I/TestSupport(14616): AwaitCommitOperation:  sleeping for 10 msec. [CONTEXT service_id=133 ]
11-16 09:56:17.809: I/ModuleSetMgr(14616): Computing pending module set with APKs: [[AdsFdrDynamite.integ:213806100100000], [Enpromo.integ:214106000100000], [Pay.optional:213614100000], [VisionOcr.optional:213614100400], [AdsFdrDynamite.integ:212104400100000], [Cronetdynamite:213614100400], [Dynamiteloader:213614100000], [Dynamitemodulesa:213614100000], [Dynamitemodulesc:213614100000], [Googlecertificates:213614100000], [Mapsdynamite:213614100000], [Measurementdynamite:213614100000]]
11-16 09:56:17.824: I/ModuleSetMgr(14616): Pending container module APKs: [[Pay.optional:213614100000], [VisionOcr.optional:213614100400]]
11-16 09:56:17.824: I/ModuleSetMgr(14616): Pending non-container module APKs: [[Enpromo.integ:214106000100000], [AdsFdrDynamite.integ:213806100100000]]
11-16 09:56:17.831: W/PhenotypeConfigurationU(10933): Update for unknown DeviceConfig package com.google.android.gms.auth.api.credentials [CONTEXT service_id=204 ]
11-16 09:56:17.831: W/PhenotypeConfigurationU(10933): akjf: No package exists for config package: com.google.android.gms.auth.api.credentials
11-16 09:56:17.831: W/PhenotypeConfigurationU(10933): 	at com.google.android.gms.platformconfigurator.PhenotypeConfigurationUpdateListener.a(:com.google.android.gms@213614028@21.36.14 (100400-395708125):7)
11-16 09:56:17.831: W/PhenotypeConfigurationU(10933): 	at com.google.android.gms.platformconfigurator.PhenotypeConfigurationUpdateListener.onHandleIntent(:com.google.android.gms@213614028@21.36.14 (100400-395708125):5)
11-16 09:56:17.831: W/PhenotypeConfigurationU(10933): 	at com.google.android.chimera.IntentOperation.onHandleIntent(:com.google.android.gms@213614028@21.36.14 (100400-395708125):2)
11-16 09:56:17.831: W/PhenotypeConfigurationU(10933): 	at pld.onHandleIntent(:com.google.android.gms@213614028@21.36.14 (100400-395708125):4)
11-16 09:56:17.831: W/PhenotypeConfigurationU(10933): 	at dpb.run(:com.google.android.gms@213614028@21.36.14 (100400-395708125):5)
11-16 09:56:17.831: W/PhenotypeConfigurationU(10933): 	at dpa.run(:com.google.android.gms@213614028@21.36.14 (100400-395708125):11)
11-16 09:56:17.831: W/PhenotypeConfigurationU(10933): 	at bfyg.run(:com.google.android.gms@213614028@21.36.14 (100400-395708125):2)
11-16 09:56:17.831: W/PhenotypeConfigurationU(10933): 	at java.util.concurrent.ThreadPoolExecutor.runWorker(ThreadPoolExecutor.java:1167)
11-16 09:56:17.831: W/PhenotypeConfigurationU(10933): 	at java.util.concurrent.ThreadPoolExecutor$Worker.run(ThreadPoolExecutor.java:641)
11-16 09:56:17.831: W/PhenotypeConfigurationU(10933): 	at java.lang.Thread.run(Thread.java:764)
11-16 09:56:17.842: W/PackageParser(14616): Unknown element under <manifest>: queries at /data/user_de/0/com.google.android.gms/app_chimera/m/00000007/AdsDynamite.apk Binary XML file line #5
11-16 09:56:17.857: I/TestSupport(14616): AwaitCommitOperation: FlagOverride(com.google.android.gms.auth.api.credentials, , Flag(SaveStrategy__enableSaving, false, 2, 0), true) committed [CONTEXT service_id=133 ]
11-16 09:56:17.858: I/TestSupport(14616): AwaitCommitOperation: no more uncommitted overrides [CONTEXT service_id=133 ]
11-16 09:56:17.862: W/PackageParser(14616): Unknown element under <manifest>: queries at /data/user_de/0/com.google.android.gms/app_chimera/m/00000010/dl-AdsFdrDynamite.integ_213806100100000.apk Binary XML file line #11
11-16 09:56:17.867: I/GmsModuleFndr(14616): Beginning GMS chimera module scan
11-16 09:56:17.876: I/ModuleSetMgr(14616): Computing pending module set with APKs: [[AdsFdrDynamite.integ:213806100100000], [Enpromo.integ:214106000100000], [Pay.optional:213614100000], [VisionOcr.optional:213614100400], [AdsFdrDynamite.integ:212104400100000], [Cronetdynamite:213614100400], [Dynamiteloader:213614100000], [Dynamitemodulesa:213614100000], [Dynamitemodulesc:213614100000], [Googlecertificates:213614100000], [Mapsdynamite:213614100000], [Measurementdynamite:213614100000]]
11-16 09:56:17.892: I/ModuleSetMgr(14616): Pending container module APKs: [[Pay.optional:213614100000], [VisionOcr.optional:213614100400]]
11-16 09:56:17.892: I/ModuleSetMgr(14616): Pending non-container module APKs: [[Enpromo.integ:214106000100000], [AdsFdrDynamite.integ:213806100100000]]
11-16 09:56:17.907: W/PackageParser(14616): Unknown element under <manifest>: queries at /data/user_de/0/com.google.android.gms/app_chimera/m/00000007/AdsDynamite.apk Binary XML file line #5
11-16 09:56:17.918: W/PackageParser(14616): Unknown element under <manifest>: queries at /data/user_de/0/com.google.android.gms/app_chimera/m/00000010/dl-AdsFdrDynamite.integ_213806100100000.apk Binary XML file line #11
11-16 09:56:17.925: I/RecoverableKeyStoreGms(14616): [RecoverableKeyStoreGmsInitOperation] Initializing auth_folsom
11-16 09:56:17.925: I/GmsModuleFndr(14616): Beginning GMS chimera module scan
11-16 09:56:17.926: I/RecoverableKeyStoreGms(14616): [RecoverableKeyStoreGmsInitOperation] com.google.android.gms.auth.folsom.service.FolsomPublicKeyUpdateService is already enabled. Ignore.
11-16 09:56:17.926: I/RecoverableKeyStoreGms(14616): [RecoverableKeyStoreGmsInitOperation] com.google.android.gms.auth.folsom.service.GcmReceiverService is already enabled. Ignore.
11-16 09:56:17.929: I/ChromeSync(14616): [Sync,SyncIntentOperation] Handling the intent: Intent { act=com.google.gservices.intent.action.GSERVICES_CHANGED flg=0x1000010 pkg=com.google.android.gms cmp=com.google.android.gms/.chimera.GmsIntentOperationService$PersistentInternalReceiver }.
11-16 09:56:17.931: V/RecoverableKeyStoreMgr(1195): Not updating secret types - same as old value.
11-16 09:56:17.935: I/RecoverableKeyStoreGms(14616): [RecoverableKeyStoreGmsInitOperation] Setting vault handle
11-16 09:56:17.937: V/RecoverableKeyStoreMgr(1195): Not updating server params - same as old value.
11-16 09:56:17.938: I/MobileDataHub(14616): Scheduling periodic tasks
11-16 09:56:17.938: I/RecoverableKeyStoreGms(14616): [EnrollmentManager] Returning certificates list from cache
11-16 09:56:17.939: I/MS_Utils(14616): version of com.google.android.apps.maps = 1022101040
11-16 09:56:17.939: W/MobileDataHub(14616): [Service] appsupload-periodic periodic task disabled
11-16 09:56:17.939: I/MdiSyncModule(14616): flag handling is skipping irrelevant intent.
11-16 09:56:17.942: I/ModuleSetMgr(14616): Computing pending module set with APKs: [[AdsFdrDynamite.integ:213806100100000], [Enpromo.integ:214106000100000], [Pay.optional:213614100000], [VisionOcr.optional:213614100400], [AdsFdrDynamite.integ:212104400100000], [Cronetdynamite:213614100400], [Dynamiteloader:213614100000], [Dynamitemodulesa:213614100000], [Dynamitemodulesc:213614100000], [Googlecertificates:213614100000], [Mapsdynamite:213614100000], [Measurementdynamite:213614100000]]
11-16 09:56:17.944: I/SystemUpdate(14616): [Installation,ReceiverIntentOperation] Received intent: Intent { act=com.google.gservices.intent.action.GSERVICES_CHANGED flg=0x1000010 pkg=com.google.android.gms cmp=com.google.android.gms/.chimera.GmsIntentOperationService$PersistentInternalReceiver }.
11-16 09:56:17.945: W/DynamiteModule(14616): Local module descriptor class for com.google.android.gms.vision.dynamite.ocr not found.
11-16 09:56:17.947: I/DynamiteModule(14616): Considering local module com.google.android.gms.vision.dynamite.ocr:0 and remote module com.google.android.gms.vision.dynamite.ocr:0
11-16 09:56:17.948: I/DynamiteModule(14616): Considering local module com.google.android.gms.vision.ocr:0 and remote module com.google.android.gms.vision.ocr:1
11-16 09:56:17.948: I/DynamiteModule(14616): Selected remote version of com.google.android.gms.vision.ocr, version >= 1
11-16 09:56:17.952: I/native(14616): I1116 09:56:17.952528   16630 start_ocr_856638336_langid.cc:35] StartOcr with label: latin_script_gmvapi_android
11-16 09:56:17.952: I/native(14616): I1116 09:56:17.952739   16630 start_ocr_856638336_langid.cc:44] StartOcr success
11-16 09:56:17.956: I/OcrModelUpStIntentOp(14616): Downloading text recognizer
11-16 09:56:17.962: I/RecoverableKeyStoreMgr(1195): The cert file serial number is the same, so skip updating.
11-16 09:56:17.962: I/RecoverableKeyStoreGms(14616): [EnrollmentManager] Recovery service is initialized.
11-16 09:56:17.966: I/RecoverySnapshotLstnrs(1195): Registered listener for agent with uid 10007
11-16 09:56:17.968: E/RecoverySnapshotStorage(1195): Error reading snapshot for 10007 from disk
11-16 09:56:17.968: E/RecoverySnapshotStorage(1195): java.io.FileNotFoundException: /data/system/recoverablekeystore/snapshots/10007.xml (No such file or directory)
11-16 09:56:17.968: E/RecoverySnapshotStorage(1195): 	at java.io.FileInputStream.open0(Native Method)
11-16 09:56:17.968: E/RecoverySnapshotStorage(1195): 	at java.io.FileInputStream.open(FileInputStream.java:231)
11-16 09:56:17.968: E/RecoverySnapshotStorage(1195): 	at java.io.FileInputStream.<init>(FileInputStream.java:165)
11-16 09:56:17.968: E/RecoverySnapshotStorage(1195): 	at com.android.server.locksettings.recoverablekeystore.storage.RecoverySnapshotStorage.readFromDisk(RecoverySnapshotStorage.java:152)
11-16 09:56:17.968: E/RecoverySnapshotStorage(1195): 	at com.android.server.locksettings.recoverablekeystore.storage.RecoverySnapshotStorage.get(RecoverySnapshotStorage.java:104)
11-16 09:56:17.968: E/RecoverySnapshotStorage(1195): 	at com.android.server.locksettings.recoverablekeystore.RecoverableKeyStoreManager.getKeyChainSnapshot(RecoverableKeyStoreManager.java:331)
11-16 09:56:17.968: E/RecoverySnapshotStorage(1195): 	at com.android.server.locksettings.LockSettingsService.getKeyChainSnapshot(LockSettingsService.java:2032)
11-16 09:56:17.968: E/RecoverySnapshotStorage(1195): 	at com.android.internal.widget.ILockSettings$Stub.onTransact(ILockSettings.java:356)
11-16 09:56:17.968: E/RecoverySnapshotStorage(1195): 	at android.os.Binder.execTransact(Binder.java:731)
11-16 09:56:17.969: I/RecoverableKeyStoreGms(14616): [WrappingKeyManager] Can't generate wrapping key - missing lock screeen
11-16 09:56:17.971: W/NetworkScheduler(10933): The extras of the task is not valid to be persisted so that the task is not persisted [CONTEXT service_id=218 ]
11-16 09:56:17.971: W/NetworkScheduler(10933): java.lang.IllegalArgumentException: Only the following extra parameter types are supported: Integer, Long, Double, String, Boolean, and nested Bundles with the same restrictions.
11-16 09:56:17.971: W/NetworkScheduler(10933): 	at abno.f(:com.google.android.gms@213614028@21.36.14 (100400-395708125):6)
11-16 09:56:17.971: W/NetworkScheduler(10933): 	at amdu.g(:com.google.android.gms@213614028@21.36.14 (100400-395708125):37)
11-16 09:56:17.971: W/NetworkScheduler(10933): 	at amdd.n(:com.google.android.gms@213614028@21.36.14 (100400-395708125):3)
11-16 09:56:17.971: W/NetworkScheduler(10933): 	at amdd.u(:com.google.android.gms@213614028@21.36.14 (100400-395708125):20)
11-16 09:56:17.971: W/NetworkScheduler(10933): 	at amdd.g(:com.google.android.gms@213614028@21.36.14 (100400-395708125):3)
11-16 09:56:17.971: W/NetworkScheduler(10933): 	at alzy.run(:com.google.android.gms@213614028@21.36.14 (100400-395708125):9)
11-16 09:56:17.971: W/NetworkScheduler(10933): 	at rgh.c(:com.google.android.gms@213614028@21.36.14 (100400-395708125):6)
11-16 09:56:17.971: W/NetworkScheduler(10933): 	at rgh.run(:com.google.android.gms@213614028@21.36.14 (100400-395708125):7)
11-16 09:56:17.971: W/NetworkScheduler(10933): 	at java.util.concurrent.ThreadPoolExecutor.runWorker(ThreadPoolExecutor.java:1167)
11-16 09:56:17.971: W/NetworkScheduler(10933): 	at java.util.concurrent.ThreadPoolExecutor$Worker.run(ThreadPoolExecutor.java:641)
11-16 09:56:17.971: W/NetworkScheduler(10933): 	at rkn.run(:com.google.android.gms@213614028@21.36.14 (100400-395708125):0)
11-16 09:56:17.971: W/NetworkScheduler(10933): 	at java.lang.Thread.run(Thread.java:764)
11-16 09:56:17.976: I/TestSupport(14616): AwaitCommitOperation: * [CONTEXT service_id=133 ]
11-16 09:56:17.984: I/TestSupport(14616): AwaitCommitOperation: FlagOverride(com.google.android.gms.auth.api.credentials, , Flag(SaveStrategy__enableSaving, false, 2, 0), true) committed [CONTEXT service_id=133 ]
11-16 09:56:17.984: I/TestSupport(14616): AwaitCommitOperation: no more uncommitted overrides [CONTEXT service_id=133 ]
11-16 09:56:17.989: I/ModuleSetMgr(14616): Pending container module APKs: [[Pay.optional:213614100000], [VisionOcr.optional:213614100400]]
11-16 09:56:17.989: I/ModuleSetMgr(14616): Pending non-container module APKs: [[Enpromo.integ:214106000100000], [AdsFdrDynamite.integ:213806100100000]]
11-16 09:56:18.024: W/PackageParser(14616): Unknown element under <manifest>: queries at /data/user_de/0/com.google.android.gms/app_chimera/m/00000007/AdsDynamite.apk Binary XML file line #5
11-16 09:56:18.044: W/PackageParser(14616): Unknown element under <manifest>: queries at /data/user_de/0/com.google.android.gms/app_chimera/m/00000010/dl-AdsFdrDynamite.integ_213806100100000.apk Binary XML file line #11
11-16 09:56:18.050: I/GmsModuleFndr(14616): Beginning GMS chimera module scan
11-16 09:56:18.063: I/ModuleSetMgr(14616): Computing pending module set with APKs: [[AdsFdrDynamite.integ:213806100100000], [Enpromo.integ:214106000100000], [Pay.optional:213614100000], [VisionOcr.optional:213614100400], [AdsFdrDynamite.integ:212104400100000], [Cronetdynamite:213614100400], [Dynamiteloader:213614100000], [Dynamitemodulesa:213614100000], [Dynamitemodulesc:213614100000], [Googlecertificates:213614100000], [Mapsdynamite:213614100000], [Measurementdynamite:213614100000]]
11-16 09:56:18.078: I/TSDRIVER(16649): Handled command: PACKAGE
11-16 09:56:18.088: I/ModuleSetMgr(14616): Pending container module APKs: [[Pay.optional:213614100000], [VisionOcr.optional:213614100400]]
11-16 09:56:18.088: I/ModuleSetMgr(14616): Pending non-container module APKs: [[Enpromo.integ:214106000100000], [AdsFdrDynamite.integ:213806100100000]]
11-16 09:56:18.098: W/PackageParser(14616): Unknown element under <manifest>: queries at /data/user_de/0/com.google.android.gms/app_chimera/m/00000007/AdsDynamite.apk Binary XML file line #5
11-16 09:56:18.110: W/PackageParser(14616): Unknown element under <manifest>: queries at /data/user_de/0/com.google.android.gms/app_chimera/m/00000010/dl-AdsFdrDynamite.integ_213806100100000.apk Binary XML file line #11
11-16 09:56:18.116: I/RecoverableKeyStoreGms(14616): [RecoverableKeyStoreGmsInitOperation] Initializing auth_folsom
11-16 09:56:18.117: I/GmsModuleFndr(14616): Beginning GMS chimera module scan
11-16 09:56:18.117: I/RecoverableKeyStoreGms(14616): [RecoverableKeyStoreGmsInitOperation] com.google.android.gms.auth.folsom.service.FolsomPublicKeyUpdateService is already enabled. Ignore.
11-16 09:56:18.117: I/RecoverableKeyStoreGms(14616): [RecoverableKeyStoreGmsInitOperation] com.google.android.gms.auth.folsom.service.GcmReceiverService is already enabled. Ignore.
11-16 09:56:18.119: I/ChromeSync(14616): [Sync,SyncIntentOperation] Handling the intent: Intent { act=com.google.gservices.intent.action.GSERVICES_CHANGED flg=0x1000010 pkg=com.google.android.gms cmp=com.google.android.gms/.chimera.GmsIntentOperationService$PersistentInternalReceiver }.
11-16 09:56:18.122: V/RecoverableKeyStoreMgr(1195): Not updating secret types - same as old value.
11-16 09:56:18.123: I/RecoverableKeyStoreGms(14616): [RecoverableKeyStoreGmsInitOperation] Setting vault handle
11-16 09:56:18.123: V/RecoverableKeyStoreMgr(1195): Not updating server params - same as old value.
11-16 09:56:18.123: I/MobileDataHub(14616): Scheduling periodic tasks
11-16 09:56:18.124: I/RecoverableKeyStoreGms(14616): [EnrollmentManager] Returning certificates list from cache
11-16 09:56:18.124: I/MS_Utils(14616): version of com.google.android.apps.maps = 1022101040
11-16 09:56:18.125: W/MobileDataHub(14616): [Service] appsupload-periodic periodic task disabled
11-16 09:56:18.125: I/ModuleSetMgr(14616): Computing pending module set with APKs: [[AdsFdrDynamite.integ:213806100100000], [Enpromo.integ:214106000100000], [Pay.optional:213614100000], [VisionOcr.optional:213614100400], [AdsFdrDynamite.integ:212104400100000], [Cronetdynamite:213614100400], [Dynamiteloader:213614100000], [Dynamitemodulesa:213614100000], [Dynamitemodulesc:213614100000], [Googlecertificates:213614100000], [Mapsdynamite:213614100000], [Measurementdynamite:213614100000]]
11-16 09:56:18.126: I/MdiSyncModule(14616): flag handling is skipping irrelevant intent.
11-16 09:56:18.130: W/DynamiteModule(14616): Local module descriptor class for com.google.android.gms.vision.dynamite.ocr not found.
11-16 09:56:18.131: I/DynamiteModule(14616): Considering local module com.google.android.gms.vision.dynamite.ocr:0 and remote module com.google.android.gms.vision.dynamite.ocr:0
11-16 09:56:18.132: I/DynamiteModule(14616): Considering local module com.google.android.gms.vision.ocr:0 and remote module com.google.android.gms.vision.ocr:1
11-16 09:56:18.132: I/DynamiteModule(14616): Selected remote version of com.google.android.gms.vision.ocr, version >= 1
11-16 09:56:18.135: I/native(14616): I1116 09:56:18.135280   16630 start_ocr_856638336_langid.cc:35] StartOcr with label: latin_script_gmvapi_android
11-16 09:56:18.135: I/native(14616): I1116 09:56:18.135411   16630 start_ocr_856638336_langid.cc:44] StartOcr success
11-16 09:56:18.137: I/OcrModelUpStIntentOp(14616): Downloading text recognizer
11-16 09:56:18.138: I/SystemUpdate(14616): [Installation,ReceiverIntentOperation] Received intent: Intent { act=com.google.gservices.intent.action.GSERVICES_CHANGED flg=0x1000010 pkg=com.google.android.gms cmp=com.google.android.gms/.chimera.GmsIntentOperationService$PersistentInternalReceiver }.
11-16 09:56:18.143: I/ModuleSetMgr(14616): Pending container module APKs: [[Pay.optional:213614100000], [VisionOcr.optional:213614100400]]
11-16 09:56:18.143: I/ModuleSetMgr(14616): Pending non-container module APKs: [[Enpromo.integ:214106000100000], [AdsFdrDynamite.integ:213806100100000]]
11-16 09:56:18.145: I/TSDRIVER(16649): CommandService onHandleIntent()
11-16 09:56:18.145: I/TSDRIVER(16649): Got command: PACKAGE
11-16 09:56:18.146: I/TSDRIVER(16649): flag package: Eh9jb20uZ29vZ2xlLmFuZHJvaWQuZ21zLmF1dG9maWxsGhQKEGF1dG9maWxsX2VuYWJsZWQYACg+
11-16 09:56:18.146: I/TSDRIVER(16649): flag package: com.google.android.gms.autofill
11-16 09:56:18.150: I/TestSupport(14616): SetFlagOverridesOperation: com.google.android.gms.autofill, '', [Flag(autofill_enabled, false, 2, 0)] [CONTEXT service_id=133 ]
11-16 09:56:18.154: I/RecoverableKeyStoreMgr(1195): The cert file serial number is the same, so skip updating.
11-16 09:56:18.154: I/RecoverableKeyStoreGms(14616): [EnrollmentManager] Recovery service is initialized.
11-16 09:56:18.156: I/RecoverySnapshotLstnrs(1195): Registered listener for agent with uid 10007
11-16 09:56:18.158: E/RecoverySnapshotStorage(1195): Error reading snapshot for 10007 from disk
11-16 09:56:18.158: E/RecoverySnapshotStorage(1195): java.io.FileNotFoundException: /data/system/recoverablekeystore/snapshots/10007.xml (No such file or directory)
11-16 09:56:18.158: E/RecoverySnapshotStorage(1195): 	at java.io.FileInputStream.open0(Native Method)
11-16 09:56:18.158: E/RecoverySnapshotStorage(1195): 	at java.io.FileInputStream.open(FileInputStream.java:231)
11-16 09:56:18.158: E/RecoverySnapshotStorage(1195): 	at java.io.FileInputStream.<init>(FileInputStream.java:165)
11-16 09:56:18.158: E/RecoverySnapshotStorage(1195): 	at com.android.server.locksettings.recoverablekeystore.storage.RecoverySnapshotStorage.readFromDisk(RecoverySnapshotStorage.java:152)
11-16 09:56:18.158: E/RecoverySnapshotStorage(1195): 	at com.android.server.locksettings.recoverablekeystore.storage.RecoverySnapshotStorage.get(RecoverySnapshotStorage.java:104)
11-16 09:56:18.158: E/RecoverySnapshotStorage(1195): 	at com.android.server.locksettings.recoverablekeystore.RecoverableKeyStoreManager.getKeyChainSnapshot(RecoverableKeyStoreManager.java:331)
11-16 09:56:18.158: E/RecoverySnapshotStorage(1195): 	at com.android.server.locksettings.LockSettingsService.getKeyChainSnapshot(LockSettingsService.java:2032)
11-16 09:56:18.158: E/RecoverySnapshotStorage(1195): 	at com.android.internal.widget.ILockSettings$Stub.onTransact(ILockSettings.java:356)
11-16 09:56:18.158: E/RecoverySnapshotStorage(1195): 	at android.os.Binder.execTransact(Binder.java:731)
11-16 09:56:18.159: I/RecoverableKeyStoreGms(14616): [WrappingKeyManager] Can't generate wrapping key - missing lock screeen
11-16 09:56:18.160: I/TestSupport(14616): AwaitCommitOperation: autofill_enabled [CONTEXT service_id=133 ]
11-16 09:56:18.164: W/NetworkScheduler(10933): The extras of the task is not valid to be persisted so that the task is not persisted [CONTEXT service_id=218 ]
11-16 09:56:18.164: W/NetworkScheduler(10933): java.lang.IllegalArgumentException: Only the following extra parameter types are supported: Integer, Long, Double, String, Boolean, and nested Bundles with the same restrictions.
11-16 09:56:18.164: W/NetworkScheduler(10933): 	at abno.f(:com.google.android.gms@213614028@21.36.14 (100400-395708125):6)
11-16 09:56:18.164: W/NetworkScheduler(10933): 	at amdu.g(:com.google.android.gms@213614028@21.36.14 (100400-395708125):37)
11-16 09:56:18.164: W/NetworkScheduler(10933): 	at amdd.n(:com.google.android.gms@213614028@21.36.14 (100400-395708125):3)
11-16 09:56:18.164: W/NetworkScheduler(10933): 	at amdd.u(:com.google.android.gms@213614028@21.36.14 (100400-395708125):20)
11-16 09:56:18.164: W/NetworkScheduler(10933): 	at amdd.g(:com.google.android.gms@213614028@21.36.14 (100400-395708125):3)
11-16 09:56:18.164: W/NetworkScheduler(10933): 	at alzy.run(:com.google.android.gms@213614028@21.36.14 (100400-395708125):9)
11-16 09:56:18.164: W/NetworkScheduler(10933): 	at rgh.c(:com.google.android.gms@213614028@21.36.14 (100400-395708125):6)
11-16 09:56:18.164: W/NetworkScheduler(10933): 	at rgh.run(:com.google.android.gms@213614028@21.36.14 (100400-395708125):8)
11-16 09:56:18.164: W/NetworkScheduler(10933): 	at java.util.concurrent.ThreadPoolExecutor.runWorker(ThreadPoolExecutor.java:1167)
11-16 09:56:18.164: W/NetworkScheduler(10933): 	at java.util.concurrent.ThreadPoolExecutor$Worker.run(ThreadPoolExecutor.java:641)
11-16 09:56:18.164: W/NetworkScheduler(10933): 	at rkn.run(:com.google.android.gms@213614028@21.36.14 (100400-395708125):0)
11-16 09:56:18.164: W/NetworkScheduler(10933): 	at java.lang.Thread.run(Thread.java:764)
11-16 09:56:18.169: I/TestSupport(14616): AwaitCommitOperation: uncommitted: FlagOverride(com.google.android.gms.autofill, , Flag(autofill_enabled, false, 2, 0), false) [CONTEXT service_id=133 ]
11-16 09:56:18.169: I/TestSupport(14616): AwaitCommitOperation:  sleeping for 10 msec. [CONTEXT service_id=133 ]
11-16 09:56:18.179: W/PhenotypeConfigurationU(10933): Update for unknown DeviceConfig package com.google.android.gms.autofill [CONTEXT service_id=204 ]
11-16 09:56:18.179: W/PhenotypeConfigurationU(10933): akjf: No package exists for config package: com.google.android.gms.autofill
11-16 09:56:18.179: W/PhenotypeConfigurationU(10933): 	at com.google.android.gms.platformconfigurator.PhenotypeConfigurationUpdateListener.a(:com.google.android.gms@213614028@21.36.14 (100400-395708125):7)
11-16 09:56:18.179: W/PhenotypeConfigurationU(10933): 	at com.google.android.gms.platformconfigurator.PhenotypeConfigurationUpdateListener.onHandleIntent(:com.google.android.gms@213614028@21.36.14 (100400-395708125):5)
11-16 09:56:18.179: W/PhenotypeConfigurationU(10933): 	at com.google.android.chimera.IntentOperation.onHandleIntent(:com.google.android.gms@213614028@21.36.14 (100400-395708125):2)
11-16 09:56:18.179: W/PhenotypeConfigurationU(10933): 	at pld.onHandleIntent(:com.google.android.gms@213614028@21.36.14 (100400-395708125):4)
11-16 09:56:18.179: W/PhenotypeConfigurationU(10933): 	at dpb.run(:com.google.android.gms@213614028@21.36.14 (100400-395708125):5)
11-16 09:56:18.179: W/PhenotypeConfigurationU(10933): 	at dpa.run(:com.google.android.gms@213614028@21.36.14 (100400-395708125):11)
11-16 09:56:18.179: W/PhenotypeConfigurationU(10933): 	at bfyg.run(:com.google.android.gms@213614028@21.36.14 (100400-395708125):2)
11-16 09:56:18.179: W/PhenotypeConfigurationU(10933): 	at java.util.concurrent.ThreadPoolExecutor.runWorker(ThreadPoolExecutor.java:1167)
11-16 09:56:18.179: W/PhenotypeConfigurationU(10933): 	at java.util.concurrent.ThreadPoolExecutor$Worker.run(ThreadPoolExecutor.java:641)
11-16 09:56:18.179: W/PhenotypeConfigurationU(10933): 	at java.lang.Thread.run(Thread.java:764)
11-16 09:56:18.186: I/PTCommittedOperation(10933): Receive new configuration for com.google.android.gms.autofill
11-16 09:56:18.191: W/ModuleInitIntentOp(14616): Dropping unexpected action com.google.android.gms.phenotype.COMMITTED
11-16 09:56:18.191: W/PackageParser(14616): Unknown element under <manifest>: queries at /data/user_de/0/com.google.android.gms/app_chimera/m/00000007/AdsDynamite.apk Binary XML file line #5
11-16 09:56:18.191: I/ChromeSync(14616): [Sync,SyncIntentOperation] Handling the intent: Intent { act=com.google.android.gms.phenotype.COMMITTED flg=0x10 pkg=com.google.android.gms cmp=com.google.android.gms/.chimera.GmsIntentOperationService (has extras) }.
11-16 09:56:18.201: I/MdiSyncModule(14616): flag handling is skipping irrelevant intent.
11-16 09:56:18.208: W/PackageParser(14616): Unknown element under <manifest>: queries at /data/user_de/0/com.google.android.gms/app_chimera/m/00000010/dl-AdsFdrDynamite.integ_213806100100000.apk Binary XML file line #11
11-16 09:56:18.212: W/ModuleInitIntentOp(14616): Dropping unexpected action com.google.android.gms.phenotype.COMMITTED
11-16 09:56:18.221: I/TestSupport(14616): AwaitCommitOperation: FlagOverride(com.google.android.gms.autofill, , Flag(autofill_enabled, false, 2, 0), true) committed [CONTEXT service_id=133 ]
11-16 09:56:18.222: I/TestSupport(14616): AwaitCommitOperation: no more uncommitted overrides [CONTEXT service_id=133 ]
11-16 09:56:18.236: I/GmsModuleFndr(14616): Beginning GMS chimera module scan
11-16 09:56:18.242: I/ModuleSetMgr(14616): Computing pending module set with APKs: [[AdsFdrDynamite.integ:213806100100000], [Enpromo.integ:214106000100000], [Pay.optional:213614100000], [VisionOcr.optional:213614100400], [AdsFdrDynamite.integ:212104400100000], [Cronetdynamite:213614100400], [Dynamiteloader:213614100000], [Dynamitemodulesa:213614100000], [Dynamitemodulesc:213614100000], [Googlecertificates:213614100000], [Mapsdynamite:213614100000], [Measurementdynamite:213614100000]]
11-16 09:56:18.250: I/GmsSyncPolicyEngine(14616): Periodic sync 4 disabled by policy, cancelled.
11-16 09:56:18.253: I/ModuleSetMgr(14616): Pending container module APKs: [[Pay.optional:213614100000], [VisionOcr.optional:213614100400]]
11-16 09:56:18.253: I/ModuleSetMgr(14616): Pending non-container module APKs: [[Enpromo.integ:214106000100000], [AdsFdrDynamite.integ:213806100100000]]
11-16 09:56:18.262: W/PackageParser(14616): Unknown element under <manifest>: queries at /data/user_de/0/com.google.android.gms/app_chimera/m/00000007/AdsDynamite.apk Binary XML file line #5
11-16 09:56:18.274: W/PackageParser(14616): Unknown element under <manifest>: queries at /data/user_de/0/com.google.android.gms/app_chimera/m/00000010/dl-AdsFdrDynamite.integ_213806100100000.apk Binary XML file line #11
11-16 09:56:18.314: I/TestSupport(14616): AwaitCommitOperation: * [CONTEXT service_id=133 ]
11-16 09:56:18.321: I/TestSupport(14616): AwaitCommitOperation: FlagOverride(com.google.android.gms.autofill, , Flag(autofill_enabled, false, 2, 0), true) committed [CONTEXT service_id=133 ]
11-16 09:56:18.322: I/TestSupport(14616): AwaitCommitOperation: no more uncommitted overrides [CONTEXT service_id=133 ]
11-16 09:56:18.399: I/TSDRIVER(16649): Handled command: PACKAGE
11-16 09:56:18.497: I/TSDRIVER(16649): CommandService onHandleIntent()
11-16 09:56:18.497: I/TSDRIVER(16649): Got command: PACKAGE
11-16 09:56:18.497: I/TSDRIVER(16649): flag package: EiNjb20uZ29vZ2xlLmFuZHJvaWQuZ21zLmF1dGhfYWNjb3VudBodChlhdXRoX3NpZ19vdmVycmlkZV9lbmFibGVkGAAoPg
11-16 09:56:18.498: I/TSDRIVER(16649): flag package: com.google.android.gms.auth_account
11-16 09:56:18.504: I/TestSupport(14616): SetFlagOverridesOperation: com.google.android.gms.auth_account, '', [Flag(auth_sig_override_enabled, false, 2, 0)] [CONTEXT service_id=133 ]
11-16 09:56:18.524: I/TestSupport(14616): AwaitCommitOperation: auth_sig_override_enabled [CONTEXT service_id=133 ]
11-16 09:56:18.534: I/TestSupport(14616): AwaitCommitOperation: uncommitted: FlagOverride(com.google.android.gms.auth_account, , Flag(auth_sig_override_enabled, false, 2, 0), false) [CONTEXT service_id=133 ]
11-16 09:56:18.534: I/TestSupport(14616): AwaitCommitOperation:  sleeping for 10 msec. [CONTEXT service_id=133 ]
11-16 09:56:18.567: W/PhenotypeConfigurationU(10933): Update for unknown DeviceConfig package com.google.android.gms.auth_account [CONTEXT service_id=204 ]
11-16 09:56:18.567: W/PhenotypeConfigurationU(10933): akjf: No package exists for config package: com.google.android.gms.auth_account
11-16 09:56:18.567: W/PhenotypeConfigurationU(10933): 	at com.google.android.gms.platformconfigurator.PhenotypeConfigurationUpdateListener.a(:com.google.android.gms@213614028@21.36.14 (100400-395708125):7)
11-16 09:56:18.567: W/PhenotypeConfigurationU(10933): 	at com.google.android.gms.platformconfigurator.PhenotypeConfigurationUpdateListener.onHandleIntent(:com.google.android.gms@213614028@21.36.14 (100400-395708125):5)
11-16 09:56:18.567: W/PhenotypeConfigurationU(10933): 	at com.google.android.chimera.IntentOperation.onHandleIntent(:com.google.android.gms@213614028@21.36.14 (100400-395708125):2)
11-16 09:56:18.567: W/PhenotypeConfigurationU(10933): 	at pld.onHandleIntent(:com.google.android.gms@213614028@21.36.14 (100400-395708125):4)
11-16 09:56:18.567: W/PhenotypeConfigurationU(10933): 	at dpb.run(:com.google.android.gms@213614028@21.36.14 (100400-395708125):5)
11-16 09:56:18.567: W/PhenotypeConfigurationU(10933): 	at dpa.run(:com.google.android.gms@213614028@21.36.14 (100400-395708125):11)
11-16 09:56:18.567: W/PhenotypeConfigurationU(10933): 	at bfyg.run(:com.google.android.gms@213614028@21.36.14 (100400-395708125):2)
11-16 09:56:18.567: W/PhenotypeConfigurationU(10933): 	at java.util.concurrent.ThreadPoolExecutor.runWorker(ThreadPoolExecutor.java:1167)
11-16 09:56:18.567: W/PhenotypeConfigurationU(10933): 	at java.util.concurrent.ThreadPoolExecutor$Worker.run(ThreadPoolExecutor.java:641)
11-16 09:56:18.567: W/PhenotypeConfigurationU(10933): 	at java.lang.Thread.run(Thread.java:764)
11-16 09:56:18.571: I/PTCommittedOperation(10933): Receive new configuration for com.google.android.gms.auth_account
11-16 09:56:18.573: W/ModuleInitIntentOp(14616): Dropping unexpected action com.google.android.gms.phenotype.COMMITTED
11-16 09:56:18.573: I/ChromeSync(14616): [Sync,SyncIntentOperation] Handling the intent: Intent { act=com.google.android.gms.phenotype.COMMITTED flg=0x10 pkg=com.google.android.gms cmp=com.google.android.gms/.chimera.GmsIntentOperationService (has extras) }.
11-16 09:56:18.578: I/MdiSyncModule(14616): flag handling is skipping irrelevant intent.
11-16 09:56:18.583: W/ModuleInitIntentOp(14616): Dropping unexpected action com.google.android.gms.phenotype.COMMITTED
11-16 09:56:18.588: I/TestSupport(14616): AwaitCommitOperation: FlagOverride(com.google.android.gms.auth_account, , Flag(auth_sig_override_enabled, false, 2, 0), true) committed [CONTEXT service_id=133 ]
11-16 09:56:18.588: I/TestSupport(14616): AwaitCommitOperation: no more uncommitted overrides [CONTEXT service_id=133 ]
11-16 09:56:18.722: I/TestSupport(14616): AwaitCommitOperation: * [CONTEXT service_id=133 ]
11-16 09:56:18.736: I/TestSupport(14616): AwaitCommitOperation: FlagOverride(com.google.android.gms.auth_account, , Flag(auth_sig_override_enabled, false, 2, 0), true) committed [CONTEXT service_id=133 ]
11-16 09:56:18.737: I/TestSupport(14616): AwaitCommitOperation: no more uncommitted overrides [CONTEXT service_id=133 ]
11-16 09:56:18.856: I/TSDRIVER(16649): Handled command: PACKAGE
11-16 09:56:19.236: D/AndroidRuntime(16896): >>>>>> START com.android.internal.os.RuntimeInit uid 2000 <<<<<<
11-16 09:56:19.293: I/app_process(16896): The ClassLoaderContext is a special shared library.
11-16 09:56:19.317: D/AndroidRuntime(16896): Calling main entry com.android.commands.am.Am
11-16 09:56:19.326: I/ActivityManager(1195): Force stopping com.google.android.apps.mtaas.tools appid=10156 user=0: start instr
11-16 09:56:19.346: I/ActivityManager(1195): Start proc 16905:com.google.android.apps.mtaas.tools/u0a156 for added application com.google.android.apps.mtaas.tools
11-16 09:56:19.356: E/pps.mtaas.tool(16905): Not starting debugger since process cannot load the jdwp agent.
11-16 09:56:19.408: I/pps.mtaas.tool(16905): The ClassLoaderContext is a special shared library.
11-16 09:56:19.439: I/ActivityManager(1195): Config changes=2004 {1.0 ?mcc?mnc [en] ldltr sw392dp w392dp h713dp 440dpi nrml long hdr widecg port finger -keyb/v/h -nav/h winConfig={ mBounds=Rect(0, 0 - 0, 0) mAppBounds=Rect(0, 0 - 1080, 2028) mWindowingMode=fullscreen mActivityType=undefined} s.9}
11-16 09:56:19.439: D/ActivityManager(1195): Storing locale en for decryption UI
11-16 09:56:19.493: I/ActivityManager(1195): Override config changes=2004 {1.0 ?mcc?mnc [en] ldltr sw392dp w392dp h713dp 440dpi nrml long hdr widecg port finger -keyb/v/h -nav/h winConfig={ mBounds=Rect(0, 0 - 1080, 2028) mAppBounds=Rect(0, 0 - 1080, 2028) mWindowingMode=fullscreen mActivityType=undefined} s.9} for displayId=0
11-16 09:56:19.541: D/ChangeLocale(16905): Instrumentation completed successfully
11-16 09:56:19.544: I/EmojiSearchExtension(3656): onDestroy()
11-16 09:56:19.544: I/EmojiSearchExtension(3656): onDeactivate()
11-16 09:56:19.547: D/LoaderTask(4272): loadWorkspace: loading default favorites
11-16 09:56:19.553: I/ActivityManager(1195): Force stopping com.google.android.apps.mtaas.tools appid=10156 user=0: finished inst
11-16 09:56:19.553: I/ActivityManager(1195): Killing 16905:com.google.android.apps.mtaas.tools/u0a156 (adj 0): stop com.google.android.apps.mtaas.tools
11-16 09:56:19.554: W/libprocessgroup(1195): kill(-16905, 9) failed: No such process
11-16 09:56:19.565: I/ActivityManager(1195): Start proc 16922:com.android.carrierdefaultapp/u0a84 for broadcast com.android.carrierdefaultapp/.CarrierDefaultBroadcastReceiver
11-16 09:56:19.566: I/ModuleManager(3656): Module object of interface com.google.android.apps.inputmethod.libs.search.emoji.EmojiSearchExtension loaded.
11-16 09:56:19.567: I/Zygote(726): Process 16905 exited due to signal (9)
11-16 09:56:19.567: D/ConnectivityService(1195): releasing NetworkRequest [ TRACK_DEFAULT id=46, [ Capabilities: INTERNET&NOT_RESTRICTED&TRUSTED Unwanted:  Uid: 10107] ] (release request)
11-16 09:56:19.574: W/Binder(1195): Outgoing transactions from this process must be FLAG_ONEWAY
11-16 09:56:19.574: W/Binder(1195): java.lang.Throwable
11-16 09:56:19.574: W/Binder(1195): 	at android.os.BinderProxy.transact(Binder.java:1116)
11-16 09:56:19.574: W/Binder(1195): 	at android.app.IInstrumentationWatcher$Stub$Proxy.instrumentationFinished(IInstrumentationWatcher.java:164)
11-16 09:56:19.574: W/Binder(1195): 	at com.android.server.am.InstrumentationReporter$MyThread.run(InstrumentationReporter.java:86)
11-16 09:56:19.575: D/AndroidRuntime(16896): Shutting down VM
11-16 09:56:19.578: I/GoogleInputMethod(3656): onStartInput() : Dummy InputConnection bound
11-16 09:56:19.578: W/libprocessgroup(1195): kill(-16905, 9) failed: No such process
11-16 09:56:19.578: I/libprocessgroup(1195): Successfully killed process cgroup uid 10156 pid 16905 in 24ms
11-16 09:56:19.579: E/rrierdefaultap(16922): Not starting debugger since process cannot load the jdwp agent.
11-16 09:56:19.581: I/HWRSuperpacksManager(3656): onEnabledInputMethodEntriesChanged
11-16 09:56:19.582: I/DictSuperpacksManager(3656): onEnabledInputMethodEntriesChanged
11-16 09:56:19.610: W/cr_ContextualSearch(13898): Warning, the 0 state was aborted.
11-16 09:56:19.612: I/GoogleInputMethod(3656): onFinishInput() : Dummy InputConnection bound
11-16 09:56:19.613: I/GoogleInputMethod(3656): onStartInput() : Dummy InputConnection bound
11-16 09:56:19.622: I/ActivityManager(1195): Killing 13950:com.android.chrome:sandboxed_process0/u0a107i0 (adj 0): isolated not needed
11-16 09:56:19.623: W/libprocessgroup(1195): Failed to open process cgroup uid 99000 pid 13950: No such file or directory
11-16 09:56:19.623: E/libprocessgroup(1195): Error encountered killing process cgroup uid 99000 pid 13950: No such file or directory
11-16 09:56:19.626: D/CarrierDefaultBroadcastReceiver(16922): onReceive intent: android.intent.action.LOCALE_CHANGED
11-16 09:56:19.630: I/MediaFocusControl(1195): abandonAudioFocus() from uid/pid 10107/13898 clientId=android.media.AudioManager@62d86fforg.chromium.content.browser.AudioFocusDelegate@8be5ccc
11-16 09:56:19.631: I/ActivityManager(1195): Killing 14309:com.google.android.configupdater/u0a29 (adj 906): empty #17
11-16 09:56:19.631: W/libprocessgroup(1195): kill(-14309, 9) failed: No such process
11-16 09:56:19.631: E/cr_BrowserInitializer(13898): Killing process because of locale change.
11-16 09:56:19.631: I/Process(13898): Sending signal. PID: 13898 SIG: 9
11-16 09:56:19.643: I/Zygote(3696): Process 13950 exited due to signal (9)
11-16 09:56:19.654: I/Zygote(726): Process 14309 exited due to signal (9)
11-16 09:56:19.654: I/ActivityManager(1195): Start proc 16942:com.android.cellbroadcastreceiver/u0a62 for broadcast com.android.cellbroadcastreceiver/.PrivilegedCellBroadcastReceiver
11-16 09:56:19.656: W/libprocessgroup(1195): kill(-14309, 9) failed: No such process
11-16 09:56:19.657: I/libprocessgroup(1195): Successfully killed process cgroup uid 10029 pid 14309 in 25ms
11-16 09:56:19.657: E/oadcastreceive(16942): Not starting debugger since process cannot load the jdwp agent.
11-16 09:56:19.667: W/InputDispatcher(1195): channel 'bde83a1 com.android.chrome/com.google.android.apps.chrome.Main (server)' ~ Consumer closed input channel or an error occurred.  events=0x9
11-16 09:56:19.667: E/InputDispatcher(1195): channel 'bde83a1 com.android.chrome/com.google.android.apps.chrome.Main (server)' ~ Channel is unrecoverably broken and will be disposed!
11-16 09:56:19.668: D/ConnectivityService(1195): ConnectivityService NetworkRequestInfo binderDied(NetworkRequest [ TRACK_DEFAULT id=48, [ Capabilities: INTERNET&NOT_RESTRICTED&TRUSTED Unwanted:  Uid: 10107] ], android.os.BinderProxy@2d876e9)
11-16 09:56:19.668: D/ConnectivityService(1195): ConnectivityService NetworkRequestInfo binderDied(NetworkRequest [ LISTEN id=45, [ Capabilities: INTERNET&NOT_RESTRICTED&TRUSTED Unwanted:  Uid: 10107] ], android.os.BinderProxy@b9bcf6e)
11-16 09:56:19.668: D/ConnectivityService(1195): ConnectivityService NetworkRequestInfo binderDied(NetworkRequest [ TRACK_DEFAULT id=40, [ Capabilities: INTERNET&NOT_RESTRICTED&TRUSTED Unwanted:  Uid: 10107] ], android.os.BinderProxy@79f060f)
11-16 09:56:19.668: D/ConnectivityService(1195): ConnectivityService NetworkRequestInfo binderDied(NetworkRequest [ LISTEN id=49, [ Capabilities: INTERNET&NOT_RESTRICTED&TRUSTED Unwanted:  Uid: 10107] ], android.os.BinderProxy@128569c)
11-16 09:56:19.669: I/ActivityManager(1195): Process com.android.chrome (pid 13898) has died: fore TOP 
11-16 09:56:19.669: D/ConnectivityService(1195): ConnectivityService NetworkRequestInfo binderDied(NetworkRequest [ LISTEN id=41, [ Capabilities: INTERNET&NOT_RESTRICTED&TRUSTED Unwanted:  Uid: 10107] ], android.os.BinderProxy@13898a5)
11-16 09:56:19.669: D/ConnectivityService(1195): releasing NetworkRequest [ TRACK_DEFAULT id=48, [ Capabilities: INTERNET&NOT_RESTRICTED&TRUSTED Unwanted:  Uid: 10107] ] (release request)
11-16 09:56:19.669: W/libprocessgroup(1195): kill(-13898, 9) failed: No such process
11-16 09:56:19.669: D/ConnectivityService(1195): ConnectivityService NetworkRequestInfo binderDied(NetworkRequest [ TRACK_DEFAULT id=44, [ Capabilities: INTERNET&NOT_RESTRICTED&TRUSTED Unwanted:  Uid: 10107] ], android.os.BinderProxy@839747a)
11-16 09:56:19.670: D/ConnectivityService(1195): releasing NetworkRequest [ TRACK_DEFAULT id=40, [ Capabilities: INTERNET&NOT_RESTRICTED&TRUSTED Unwanted:  Uid: 10107] ] (release request)
11-16 09:56:19.670: W/ActivityManager(1195): Exception when unbinding service com.android.chrome/org.chromium.content.app.PrivilegedProcessService0
11-16 09:56:19.670: W/ActivityManager(1195): android.os.DeadObjectException
11-16 09:56:19.670: W/ActivityManager(1195): 	at android.os.BinderProxy.transactNative(Native Method)
11-16 09:56:19.670: W/ActivityManager(1195): 	at android.os.BinderProxy.transact(Binder.java:1129)
11-16 09:56:19.670: W/ActivityManager(1195): 	at android.app.IApplicationThread$Stub$Proxy.scheduleUnbindService(IApplicationThread.java:1100)
11-16 09:56:19.670: W/ActivityManager(1195): 	at com.android.server.am.ActiveServices.removeConnectionLocked(ActiveServices.java:2894)
11-16 09:56:19.670: W/ActivityManager(1195): 	at com.android.server.am.ActiveServices.killServicesLocked(ActiveServices.java:3293)
11-16 09:56:19.670: W/ActivityManager(1195): 	at com.android.server.am.ActivityManagerService.cleanUpApplicationRecordLocked(ActivityManagerService.java:20234)
11-16 09:56:19.670: W/ActivityManager(1195): 	at com.android.server.am.ActivityManagerService.handleAppDiedLocked(ActivityManagerService.java:5910)
11-16 09:56:19.670: W/ActivityManager(1195): 	at com.android.server.am.ActivityManagerService.appDiedLocked(ActivityManagerService.java:6105)
11-16 09:56:19.670: W/ActivityManager(1195): 	at com.android.server.am.ActivityManagerService$AppDeathRecipient.binderDied(ActivityManagerService.java:1891)
11-16 09:56:19.670: W/ActivityManager(1195): 	at android.os.BinderProxy.sendDeathNotice(Binder.java:1195)
11-16 09:56:19.670: D/ConnectivityService(1195): releasing NetworkRequest [ TRACK_DEFAULT id=44, [ Capabilities: INTERNET&NOT_RESTRICTED&TRUSTED Unwanted:  Uid: 10107] ] (release request)
11-16 09:56:19.670: W/ActivityManager(1195): Force removing ActivityRecord{4350428 u0 com.android.chrome/com.google.android.apps.chrome.Main t3}: app died, no saved state
11-16 09:56:19.671: I/WindowManager(1195): WIN DEATH: Window{bde83a1 u0 com.android.chrome/com.google.android.apps.chrome.Main}
11-16 09:56:19.671: W/InputDispatcher(1195): Attempted to unregister already unregistered input channel 'bde83a1 com.android.chrome/com.google.android.apps.chrome.Main (server)'
11-16 09:56:19.675: I/Zygote(727): Process 13898 exited due to signal (9)
11-16 09:56:19.677: I/Zygote(727): Process 13981 exited cleanly (0)
11-16 09:56:19.685: W/libprocessgroup(1195): kill(-13898, 9) failed: No such process
11-16 09:56:19.685: I/libprocessgroup(1195): Successfully killed process cgroup uid 10107 pid 13898 in 15ms
11-16 09:56:19.687: I/ActivityManager(1195): Process com.android.chrome:privileged_process0 (pid 13981) has died: cch  CACC
11-16 09:56:19.687: W/libprocessgroup(1195): kill(-13981, 9) failed: No such process
11-16 09:56:19.687: I/libprocessgroup(1195): Successfully killed process cgroup uid 10107 pid 13981 in 0ms
11-16 09:56:19.690: W/ActivityManager(1195): setHasOverlayUi called on unknown pid: 13898
11-16 09:56:19.690: W/Looper(1195): Slow dispatch took 148ms main h=android.app.ActivityThread$H c=android.app.-$$Lambda$LoadedApk$ReceiverDispatcher$Args$_BumDX2UKsnxLVrE6UJsJZkotuA@9da5e46 m=0
11-16 09:56:19.692: D/UsbDeviceManager(1195): Clear notification
11-16 09:56:19.692: D/UsbDeviceManager(1195): push notification:Charging this device via USB
11-16 09:56:19.697: W/InputMethodManagerService(1195): Illegal subtype state: old subtype = null, new subtype = android.view.inputmethod.InputMethodSubtype@70bfcd7e
11-16 09:56:19.699: I/Telecom(1195): : Locale change; recreating channels.
11-16 09:56:19.707: V/SettingsProvider(1195): Notifying for 0: content://settings/secure/enabled_input_methods
11-16 09:56:19.707: V/SettingsProvider(1195): Notifying for 0: content://settings/secure/selected_input_method_subtype
11-16 09:56:19.707: V/SettingsProvider(1195): Notifying for 0: content://settings/secure/default_input_method
11-16 09:56:19.707: V/SettingsProvider(1195): Notifying for 0: content://settings/system/user_rotation
11-16 09:56:19.707: V/SettingsProvider(1195): Notifying for 0: content://settings/system/accelerometer_rotation
11-16 09:56:19.715: D/CellBroadcastReceiver(16942): onReceive Intent { act=android.intent.action.LOCALE_CHANGED flg=0x11200010 cmp=com.android.cellbroadcastreceiver/.PrivilegedCellBroadcastReceiver }
11-16 09:56:19.721: I/ActivityManager(1195): Killing 11374:com.google.android.gms.unstable/u0a7 (adj 906): empty #17
11-16 09:56:19.722: W/libprocessgroup(1195): kill(-11374, 9) failed: No such process
11-16 09:56:19.732: I/ActivityManager(1195): Start proc 16966:com.android.chrome/u0a107 for broadcast com.android.chrome/org.chromium.chrome.browser.locale.LocaleChangedBroadcastReceiver
11-16 09:56:19.741: E/.android.chrom(16966): Not starting debugger since process cannot load the jdwp agent.
11-16 09:56:19.754: D/LoaderTask(4272): loadWorkspace: loading default favorites
11-16 09:56:19.762: I/Zygote(726): Process 11374 exited due to signal (9)
11-16 09:56:19.767: W/libprocessgroup(1195): kill(-11374, 9) failed: No such process
11-16 09:56:19.767: I/libprocessgroup(1195): Successfully killed process cgroup uid 10007 pid 11374 in 44ms
11-16 09:56:19.794: D/SurfaceFlinger(641): duplicate layer name: changing com.google.android.apps.nexuslauncher/com.google.android.apps.nexuslauncher.NexusLauncherActivity to com.google.android.apps.nexuslauncher/com.google.android.apps.nexuslauncher.NexusLauncherActivity#1
11-16 09:56:19.821: V/SettingsProvider(1195): Notifying for 0: content://settings/system/firebase.test.lab
11-16 09:56:19.822: I/GoogleInputMethod(3656): onFinishInput() : Dummy InputConnection bound
11-16 09:56:19.822: I/GoogleInputMethod(3656): onStartInput() : Dummy InputConnection bound
11-16 09:56:19.838: W/PhoneWindow(10116): Previously focused view reported id 2131820715 during save, but can't be found during restore.
