11-16 09:56:21.928: W/PhenotypeConfigurationU(10933): 	at dpb.run(:com.google.android.gms@213614028@21.36.14 (100400-395708125):5)
11-16 09:56:21.928: W/PhenotypeConfigurationU(10933): 	at dpa.run(:com.google.android.gms@213614028@21.36.14 (100400-395708125):11)
11-16 09:56:21.928: W/PhenotypeConfigurationU(10933): 	at bfyg.run(:com.google.android.gms@213614028@21.36.14 (100400-395708125):2)
11-16 09:56:21.928: W/PhenotypeConfigurationU(10933): 	at java.util.concurrent.ThreadPoolExecutor.runWorker(ThreadPoolExecutor.java:1167)
11-16 09:56:21.928: W/PhenotypeConfigurationU(10933): 	at java.util.concurrent.ThreadPoolExecutor$Worker.run(ThreadPoolExecutor.java:641)
11-16 09:56:21.928: W/PhenotypeConfigurationU(10933): 	at java.lang.Thread.run(Thread.java:764)
11-16 09:56:21.928: I/android.gms:ca(17223): The ClassLoaderContext is a special shared library.
11-16 09:56:21.929: I/android.gms:ca(17223): The ClassLoaderContext is a special shared library.
11-16 09:56:21.931: D/BoundBrokerSvc(14616): onBind: Intent { act=com.google.android.mdd.service.START cmp=com.google.android.gms/.chimera.GmsBoundBrokerService }
11-16 09:56:21.931: D/BoundBrokerSvc(14616): Loading bound service for intent: Intent { act=com.google.android.mdd.service.START cmp=com.google.android.gms/.chimera.GmsBoundBrokerService }
11-16 09:56:21.931: I/android.gms:ca(17223): The ClassLoaderContext is a special shared library.
11-16 09:56:21.940: I/system_server(1195): Waiting for a blocking GC Explicit
11-16 09:56:21.940: I/system_server(1195): [ 11-16 09:56:21.941   852: 1369 E/         ]
11-16 09:56:21.940: I/system_server(1195): Couldn't opendir /data/app/vmdl1962041638.tmp: No such file or directory
11-16 09:56:21.941: E/installd(852): Failed to delete /data/app/vmdl1962041638.tmp: No such file or directory
11-16 09:56:21.941: I/.gms.persisten(10933): Background concurrent copying GC freed 215531(12MB) AllocSpace objects, 22(768KB) LOS objects, 50% free, 12MB/25MB, paused 265us total 110.828ms
11-16 09:56:21.949: W/android.gms:ca(17223): Unknown chunk type '200'.
11-16 09:56:21.963: W/ComponentDiscovery(17089): Application info not found.
11-16 09:56:21.963: W/ComponentDiscovery(17089): Could not retrieve metadata, returning empty list of registrars.
11-16 09:56:21.966: V/SettingsProvider(1195): Notifying for 0: content://settings/system/gearhead:driving_mode_settings_enabled
11-16 09:56:21.968: I/NetworkScheduler.Stats(10933): Task com.google.android.gms/com.google.android.gms.phenotype.service.sync.PhenotypeConfigurator finished executing. cause:9 result: 1 elapsed_millis: 1416 uptime_millis: 1416 exec_start_elapsed_seconds: 862 [CONTEXT service_id=218 ]
11-16 09:56:21.975: I/Finsky(13081): [2] yeh.d(13): PackageMonitorReceiverImpl - Received: android.intent.action.PACKAGE_ADDED, [EoF1oDWmz7ltTwAYqC40Qzd9iSBp2xrh_kkvq80SvGg]
11-16 09:56:21.975: W/BroadcastQueue(1195): Background execution not allowed: receiving Intent { act=android.intent.action.PACKAGE_ADDED dat=package:dev.androidx.ci.emptyapp flg=0x4000010 (has extras) } to com.android.musicfx/.Compatibility$Receiver
11-16 09:56:21.976: I/Finsky(13081): [2] yfi.g(1): Invalidating cached PackageState for dev.androidx.ci.emptyapp
11-16 09:56:21.978: I/CarrierServices(10067): [2] RcsAutoStartReceiver.b: carrierServicesJibeServiceEnabled changed from true to true
11-16 09:56:21.979: W/BroadcastQueue(1195): Background execution not allowed: receiving Intent { act=android.intent.action.PACKAGE_ADDED dat=package:dev.androidx.ci.emptyapp flg=0x4000010 (has extras) } to com.android.vending/com.google.android.finsky.packagemanager.impl.PackageMonitorReceiverImpl$RegisteredReceiver
11-16 09:56:21.979: W/BroadcastQueue(1195): Background execution not allowed: receiving Intent { act=android.intent.action.PACKAGE_ADDED dat=package:dev.androidx.ci.emptyapp flg=0x4000010 (has extras) } to com.google.android.gms/.games.chimera.GamesSystemBroadcastReceiverProxy
11-16 09:56:21.979: W/BroadcastQueue(1195): Background execution not allowed: receiving Intent { act=android.intent.action.PACKAGE_ADDED dat=package:dev.androidx.ci.emptyapp flg=0x4000010 (has extras) } to com.google.android.gms/.gass.chimera.PackageChangeBroadcastReceiver
11-16 09:56:21.982: I/CarrierServices(10067): [2] RcsAutoStartReceiver.b: enableRcs changed from true to true
11-16 09:56:21.983: I/Telecom(1195): DefaultDialerCache: Refreshing default dialer for user 0: now com.google.android.dialer: DDC.oR@AJY
11-16 09:56:21.983: I/Finsky(13081): [2] owk.d(2): Frosting ID looked up on UI thread. Caller should move to a background thread.
11-16 09:56:21.984: I/CarrierServices(10067): [2] RcsAutoStartReceiver.b: RcsAutoStartReceiver triggered. Fetching RCS State. Action: android.intent.action.PACKAGE_ADDED
11-16 09:56:21.987: I/Finsky(13081): [263] ovx.run(16): Wrote row to frosting DB: 212
11-16 09:56:21.997: W/BroadcastQueue(1195): Background execution not allowed: receiving Intent { act=android.intent.action.PACKAGE_ADDED dat=package:dev.androidx.ci.emptyapp flg=0x4000010 (has extras) } to com.google.android.gms/.chimera.GmsIntentOperationService$PersistentTrustedReceiver
11-16 09:56:21.997: W/BroadcastQueue(1195): Background execution not allowed: receiving Intent { act=android.intent.action.PACKAGE_ADDED dat=package:dev.androidx.ci.emptyapp flg=0x4000010 (has extras) } to com.google.android.googlequicksearchbox/com.google.android.apps.gsa.googlequicksearchbox.GelStubAppWatcher
11-16 09:56:21.997: W/BroadcastQueue(1195): Background execution not allowed: receiving Intent { act=android.intent.action.PACKAGE_ADDED dat=package:dev.androidx.ci.emptyapp flg=0x4000010 (has extras) } to com.google.android.ims/.receivers.RcsAutoStartReceiver
11-16 09:56:22.000: I/CarrierServices(10067): [2] aws.a: Migration binding to RcsMigrationService
11-16 09:56:22.004: I/BugleDataModel(12679): RcsMigrationService: Returning RCS state provider.
11-16 09:56:22.004: D/RegisteredNfcFServicesCache(4158): Service unchanged, not updating
11-16 09:56:22.007: I/Finsky(13081): [2] amas.a(3): Do not start WearSupportService due to Wear service optimization
11-16 09:56:22.007: V/BackupManagerConstants(1195): getFullBackupIntervalMilliseconds(...) returns 86400000
11-16 09:56:22.009: I/BugleRcsEngine(12679): [734] pot.a: Sim state is not ready. Returning last known operation mode.
11-16 09:56:22.010: I/Finsky(13081): [2] amas.a(3): Do not start WearSupportService due to Wear service optimization
11-16 09:56:22.012: I/Finsky(13081): [265] gxq.a(12): Asset module storage cleared for package dev.androidx.ci.emptyapp.
11-16 09:56:22.012: I/Finsky(13081): [2] aeak.a(8): Clearing split related stale data.
11-16 09:56:22.024: D/ImsResolver(3819): maybeAddedImsService, packageName: dev.androidx.ci.emptyapp
11-16 09:56:22.025: E/PhoneInterfaceManager(3819): [PhoneIntfMgr] getCarrierPackageNamesForIntent: No UICC
11-16 09:56:22.025: D/CarrierSvcBindHelper(3819): No carrier app for: 0
11-16 09:56:22.026: I/ActivityManager(1195): Killing 15010:com.google.android.wfcactivation/u0a54 (adj 906): empty #17
11-16 09:56:22.031: I/Finsky(13081): [263] ovx.run(16): Wrote row to frosting DB: 213
11-16 09:56:22.031: E/VvmPkgInstalledRcvr(3819): cannot create TelephonyManager from ComponentInfo{com.android.phone/com.android.services.telephony.TelephonyConnectionService}, ***, UserHandle{0}
11-16 09:56:22.031: D/CarrierConfigLoader(3819): mHandler: 9 phoneId: 0
11-16 09:56:22.033: W/libprocessgroup(1195): kill(-15010, 9) failed: No such process
11-16 09:56:22.033: I/Finsky(13081): [2] owk.d(2): Frosting ID looked up on UI thread. Caller should move to a background thread.
11-16 09:56:22.044: I/Finsky(13081): [264] jnw.a(15): [ContentSync] finished, scheduled=false
11-16 09:56:22.045: I/ActivityManager(1195): Start proc 17254:com.google.android.apps.maps/u0a102 for broadcast com.google.android.apps.maps/com.google.android.apps.gmm.notification.channels.NotificationChannelBroadcastReceiver
11-16 09:56:22.048: W/GCM(10933): Unexpected forwarded intent: Intent { act=android.intent.action.PACKAGE_ADDED dat=package:dev.androidx.ci.emptyapp flg=0x4000010 pkg=com.google.android.gms cmp=com.google.android.gms/.chimera.PersistentIntentOperationService (has extras) }
11-16 09:56:22.051: W/GCM(10933): Unexpected forwarded intent: Intent { act=android.intent.action.PACKAGE_ADDED dat=package:dev.androidx.ci.emptyapp flg=0x4000010 pkg=com.google.android.gms cmp=com.google.android.gms/.chimera.PersistentIntentOperationService (has extras) }
11-16 09:56:22.053: I/FontLog(10933): Package dev.androidx.ci.emptyapp has no metadata [CONTEXT service_id=132 ]
11-16 09:56:22.064: I/Auth(14616): [SupervisedAccountIntentOperation] onHandleIntent(): android.intent.action.PACKAGE_ADDED
11-16 09:56:22.066: I/Zygote(726): Process 15010 exited due to signal (9)
11-16 09:56:22.067: I/BlockstoreStorage(14616): Clearing Blockstore Data for package dev.androidx.ci.emptyapp [CONTEXT service_id=258 ]
11-16 09:56:22.068: D/BoundBrokerSvc(14616): onBind: Intent { act=com.google.android.gms.common.BIND_SHARED_PREFS pkg=com.google.android.gms }
11-16 09:56:22.068: D/BoundBrokerSvc(14616): Loading bound service for intent: Intent { act=com.google.android.gms.common.BIND_SHARED_PREFS pkg=com.google.android.gms }
11-16 09:56:22.068: I/BlockstoreStorage(14616): No metadata found. Skipping deletion. [CONTEXT service_id=258 ]
11-16 09:56:22.070: E/droid.apps.map(17254): Not starting debugger since process cannot load the jdwp agent.
11-16 09:56:22.074: I/CarrierServices(10067): [594] awt.doInBackground: Saving RCS State
11-16 09:56:22.074: I/CarrierServices(10067): [594] awt.doInBackground: Old operation mode: 0
11-16 09:56:22.074: I/CarrierServices(10067): [594] awt.doInBackground: New operation mode: 0
11-16 09:56:22.075: I/CarrierServices(10067): [2] aww.a: Unbinding RcsMigrationService
11-16 09:56:22.080: W/libprocessgroup(1195): kill(-15010, 9) failed: No such process
11-16 09:56:22.080: I/libprocessgroup(1195): Successfully killed process cgroup uid 10054 pid 15010 in 46ms
11-16 09:56:22.090: I/Finsky(13081): [2] alsm.a(4): Exiting following cache clear.
11-16 09:56:22.092: I/Finsky(13081): [2] gik.run(63): Exit with reason: 375, called from : java.lang.Throwable
11-16 09:56:22.092: I/Finsky(13081): 	at gik.run(Unknown Source:9)
11-16 09:56:22.092: I/Finsky(13081): 	at android.os.Handler.handleCallback(Handler.java:873)
11-16 09:56:22.092: I/Finsky(13081): 	at android.os.Handler.dispatchMessage(Handler.java:99)
11-16 09:56:22.092: I/Finsky(13081): 	at android.os.Looper.loop(Looper.java:193)
11-16 09:56:22.092: I/Finsky(13081): 	at android.app.ActivityThread.main(ActivityThread.java:6718)
11-16 09:56:22.092: I/Finsky(13081): 	at java.lang.reflect.Method.invoke(Native Method)
11-16 09:56:22.092: I/Finsky(13081): 	at com.android.internal.os.RuntimeInit$MethodAndArgsCaller.run(RuntimeInit.java:493)
11-16 09:56:22.092: I/Finsky(13081): 	at com.android.internal.os.ZygoteInit.main(ZygoteInit.java:858)
11-16 09:56:22.092: I/droid.apps.map(17254): The ClassLoaderContext is a special shared library.
11-16 09:56:22.093: I/android.vendin(13081): System.exit called, status: 0
11-16 09:56:22.094: I/AndroidRuntime(13081): VM exiting with result code 0, cleanup skipped.
11-16 09:56:22.103: E/ExecutionCriteria(10933): Package unavailable for task: com.google.android.apps.gcs/com.google.android.flib.phenotype.services.PhenotypeExperimentCommitService{u=0 tag="PhenotypeExpCommitSvc" trigger=window{start=0s,end=30s,earliest=-765s,latest=-735s} requirements=[NET_ANY] attributes=[PERSISTED] scheduled=-765s last_run=N/A exec_window_multiplier=1.0000 jid=N/A status=PENDING retries=0 client_lib=MANCHEGO_GCM-11732000} [CONTEXT service_id=218 ]
11-16 09:56:22.115: W/system_server(1195): Unknown chunk type '200'.
11-16 09:56:22.125: D/BoundBrokerSvc(14616): onUnbind: Intent { act=com.google.android.gms.common.BIND_SHARED_PREFS pkg=com.google.android.gms }
11-16 09:56:22.127: D/ConnectivityService(1195): ConnectivityService NetworkRequestInfo binderDied(NetworkRequest [ LISTEN id=38, [ Capabilities: INTERNET&NOT_RESTRICTED&TRUSTED Unwanted:  Uid: 10014] ], android.os.BinderProxy@d11bf9c)
11-16 09:56:22.129: I/Zygote(727): Process 13081 exited cleanly (0)
11-16 09:56:22.131: E/akgg(10933): Phenotype API error. Event # btlq@73e70a0c, EventCode: 32 [CONTEXT service_id=51 ]
11-16 09:56:22.131: E/akgg(10933): akfs: 29503
11-16 09:56:22.131: E/akgg(10933): 	at akhi.e(:com.google.android.gms@213614028@21.36.14 (100400-395708125):19)
11-16 09:56:22.131: E/akgg(10933): 	at akgg.d(:com.google.android.gms@213614028@21.36.14 (100400-395708125):4)
11-16 09:56:22.131: E/akgg(10933): 	at akgg.f(:com.google.android.gms@213614028@21.36.14 (100400-395708125):2)
11-16 09:56:22.131: E/akgg(10933): 	at xna.run(:com.google.android.gms@213614028@21.36.14 (100400-395708125):17)
11-16 09:56:22.131: E/akgg(10933): 	at bfyg.run(:com.google.android.gms@213614028@21.36.14 (100400-395708125):2)
11-16 09:56:22.131: E/akgg(10933): 	at rgh.c(:com.google.android.gms@213614028@21.36.14 (100400-395708125):6)
11-16 09:56:22.131: E/akgg(10933): 	at rgh.run(:com.google.android.gms@213614028@21.36.14 (100400-395708125):7)
11-16 09:56:22.131: E/akgg(10933): 	at java.util.concurrent.ThreadPoolExecutor.runWorker(ThreadPoolExecutor.java:1167)
11-16 09:56:22.131: E/akgg(10933): 	at java.util.concurrent.ThreadPoolExecutor$Worker.run(ThreadPoolExecutor.java:641)
11-16 09:56:22.131: E/akgg(10933): 	at rkn.run(:com.google.android.gms@213614028@21.36.14 (100400-395708125):0)
11-16 09:56:22.131: E/akgg(10933): 	at java.lang.Thread.run(Thread.java:764)
11-16 09:56:22.131: E/AsyncOperation(10933): operation=SetAppSpecificPropertiesOperationCall, opStatusCode=29503 [CONTEXT service_id=51 ]
11-16 09:56:22.131: E/AsyncOperation(10933): OperationException[Status{statusCode=unknown status code: 29503, resolution=null}]
11-16 09:56:22.131: E/AsyncOperation(10933): 	at akgg.d(:com.google.android.gms@213614028@21.36.14 (100400-395708125):6)
11-16 09:56:22.131: E/AsyncOperation(10933): 	at akgg.f(:com.google.android.gms@213614028@21.36.14 (100400-395708125):2)
11-16 09:56:22.131: E/AsyncOperation(10933): 	at xna.run(:com.google.android.gms@213614028@21.36.14 (100400-395708125):17)
11-16 09:56:22.131: E/AsyncOperation(10933): 	at bfyg.run(:com.google.android.gms@213614028@21.36.14 (100400-395708125):2)
11-16 09:56:22.131: E/AsyncOperation(10933): 	at rgh.c(:com.google.android.gms@213614028@21.36.14 (100400-395708125):6)
11-16 09:56:22.131: E/AsyncOperation(10933): 	at rgh.run(:com.google.android.gms@213614028@21.36.14 (100400-395708125):7)
11-16 09:56:22.131: E/AsyncOperation(10933): 	at java.util.concurrent.ThreadPoolExecutor.runWorker(ThreadPoolExecutor.java:1167)
11-16 09:56:22.131: E/AsyncOperation(10933): 	at java.util.concurrent.ThreadPoolExecutor$Worker.run(ThreadPoolExecutor.java:641)
11-16 09:56:22.131: E/AsyncOperation(10933): 	at rkn.run(:com.google.android.gms@213614028@21.36.14 (100400-395708125):0)
11-16 09:56:22.131: E/AsyncOperation(10933): 	at java.lang.Thread.run(Thread.java:764)
11-16 09:56:22.140: D/ConnectivityService(1195): ConnectivityService NetworkRequestInfo binderDied(NetworkRequest [ TRACK_DEFAULT id=37, [ Capabilities: INTERNET&NOT_RESTRICTED&TRUSTED Unwanted:  Uid: 10014] ], android.os.BinderProxy@61f857a)
11-16 09:56:22.140: D/ConnectivityService(1195): releasing NetworkRequest [ TRACK_DEFAULT id=37, [ Capabilities: INTERNET&NOT_RESTRICTED&TRUSTED Unwanted:  Uid: 10014] ] (release request)
11-16 09:56:22.145: I/ActivityManager(1195): Process com.android.vending (pid 13081) has died: cch  CEM 
11-16 09:56:22.145: W/libprocessgroup(1195): kill(-13081, 9) failed: No such process
11-16 09:56:22.145: I/libprocessgroup(1195): Successfully killed process cgroup uid 10014 pid 13081 in 0ms
11-16 09:56:22.172: W/PackageParser(1195): Unknown element under <manifest>: queries at /data/app/vmdl916401627.tmp/base.apk Binary XML file line #33
11-16 09:56:22.181: W/ProviderHelper(17223): Unknown dynamite feature providerinstaller.dynamite
11-16 09:56:22.194: I/DynamiteModule(17223): Considering local module com.google.android.gms.providerinstaller.dynamite:1 and remote module com.google.android.gms.providerinstaller.dynamite:0
11-16 09:56:22.194: I/DynamiteModule(17223): Selected local version of com.google.android.gms.providerinstaller.dynamite
11-16 09:56:22.217: I/system_server(1195): Background concurrent copying GC freed 147368(7MB) AllocSpace objects, 67(2MB) LOS objects, 42% free, 19MB/34MB, paused 51us total 282.975ms
11-16 09:56:22.217: I/system_server(1195): WaitForGcToComplete blocked Explicit on HeapTrim for 277.423ms
11-16 09:56:22.269: V/NativeCrypto(17223): Registering com/google/android/gms/org/conscrypt/NativeCrypto's 294 native methods...
11-16 09:56:22.277: I/Icing(14616): Indexing com.google.android.gms-apps from com.google.android.gms
11-16 09:56:22.284: D/NetworkSecurityConfig(17223): Using Network Security Config from resource network_security_config debugBuild: false
11-16 09:56:22.284: W/ChimeraUtils(10933): Module com.google.android.gms.nearby_en has empty metadata display_name_string_id
11-16 09:56:22.285: I/ProviderInstaller(17223): Installed default security provider GmsCore_OpenSSL
11-16 09:56:22.285: I/ProviderInstaller(17223): [ 11-16 09:56:22.294   852: 1369 E/         ]
11-16 09:56:22.285: I/ProviderInstaller(17223): Couldn't opendir /data/app/vmdl916401627.tmp: No such file or directory
11-16 09:56:22.294: E/installd(852): Failed to delete /data/app/vmdl916401627.tmp: No such file or directory
11-16 09:56:22.305: I/CarrierServices(10067): [2] RcsAutoStartReceiver.b: carrierServicesJibeServiceEnabled changed from true to true
11-16 09:56:22.305: W/BroadcastQueue(1195): Background execution not allowed: receiving Intent { act=android.intent.action.PACKAGE_ADDED dat=package:androidx.navigation.dynamicfeatures.fragment.test flg=0x4000010 (has extras) } to com.android.musicfx/.Compatibility$Receiver
11-16 09:56:22.307: W/BroadcastQueue(1195): Background execution not allowed: receiving Intent { act=android.intent.action.PACKAGE_ADDED dat=package:androidx.navigation.dynamicfeatures.fragment.test flg=0x4000010 (has extras) } to com.android.vending/com.google.android.finsky.packagemanager.impl.PackageMonitorReceiverImpl$RegisteredReceiver
11-16 09:56:22.307: I/Telecom(1195): DefaultDialerCache: Refreshing default dialer for user 0: now com.google.android.dialer: DDC.oR@AJo
11-16 09:56:22.310: I/Icing(14616): Indexing done com.google.android.gms-apps
11-16 09:56:22.310: I/CarrierServices(10067): [2] RcsAutoStartReceiver.b: enableRcs changed from true to true
11-16 09:56:22.311: I/CarrierServices(10067): [2] RcsAutoStartReceiver.b: RcsAutoStartReceiver triggered. Fetching RCS State. Action: android.intent.action.PACKAGE_ADDED
11-16 09:56:22.320: I/system_server(1195): Explicit concurrent copying GC freed 49601(2MB) AllocSpace objects, 15(748KB) LOS objects, 42% free, 17MB/31MB, paused 95us total 102.877ms
11-16 09:56:22.321: I/system_server(1195): WaitForGcToComplete blocked Background on HeapTrim for 27.163ms
11-16 09:56:22.322: W/BroadcastQueue(1195): Background execution not allowed: receiving Intent { act=android.intent.action.PACKAGE_ADDED dat=package:androidx.navigation.dynamicfeatures.fragment.test flg=0x4000010 (has extras) } to com.google.android.gms/.games.chimera.GamesSystemBroadcastReceiverProxy
11-16 09:56:22.322: W/BroadcastQueue(1195): Background execution not allowed: receiving Intent { act=android.intent.action.PACKAGE_ADDED dat=package:androidx.navigation.dynamicfeatures.fragment.test flg=0x4000010 (has extras) } to com.google.android.gms/.gass.chimera.PackageChangeBroadcastReceiver
11-16 09:56:22.322: W/BroadcastQueue(1195): Background execution not allowed: receiving Intent { act=android.intent.action.PACKAGE_ADDED dat=package:androidx.navigation.dynamicfeatures.fragment.test flg=0x4000010 (has extras) } to com.google.android.gms/.chimera.GmsIntentOperationService$PersistentTrustedReceiver
11-16 09:56:22.322: W/BroadcastQueue(1195): Background execution not allowed: receiving Intent { act=android.intent.action.PACKAGE_ADDED dat=package:androidx.navigation.dynamicfeatures.fragment.test flg=0x4000010 (has extras) } to com.google.android.googlequicksearchbox/com.google.android.apps.gsa.googlequicksearchbox.GelStubAppWatcher
11-16 09:56:22.322: W/BroadcastQueue(1195): Background execution not allowed: receiving Intent { act=android.intent.action.PACKAGE_ADDED dat=package:androidx.navigation.dynamicfeatures.fragment.test flg=0x4000010 (has extras) } to com.google.android.ims/.receivers.RcsAutoStartReceiver
11-16 09:56:22.323: V/BackupManagerConstants(1195): getFullBackupIntervalMilliseconds(...) returns 86400000
11-16 09:56:22.325: I/CarrierServices(10067): [2] aws.a: Migration binding to RcsMigrationService
11-16 09:56:22.326: D/RegisteredNfcFServicesCache(4158): Service unchanged, not updating
11-16 09:56:22.330: I/BugleDataModel(12679): RcsMigrationService: Returning RCS state provider.
11-16 09:56:22.331: D/BoundBrokerSvc(10933): onUnbind: Intent { act=com.google.android.gms.common.telemetry.service.START pkg=com.google.android.gms cmp=com.google.android.gms/.chimera.PersistentApiService }
11-16 09:56:22.338: E/PhoneInterfaceManager(3819): [PhoneIntfMgr] getCarrierPackageNamesForIntent: No UICC
11-16 09:56:22.338: D/CarrierSvcBindHelper(3819): No carrier app for: 0
11-16 09:56:22.342: I/BugleRcsEngine(12679): [844] pot.a: Sim state is not ready. Returning last known operation mode.
11-16 09:56:22.343: E/VvmPkgInstalledRcvr(3819): cannot create TelephonyManager from ComponentInfo{com.android.phone/com.android.services.telephony.TelephonyConnectionService}, ***, UserHandle{0}
11-16 09:56:22.343: D/ImsResolver(3819): maybeAddedImsService, packageName: androidx.navigation.dynamicfeatures.fragment.test
11-16 09:56:22.344: D/CarrierConfigLoader(3819): mHandler: 9 phoneId: 0
11-16 09:56:22.344: I/CarrierServices(10067): [595] awt.doInBackground: Saving RCS State
11-16 09:56:22.344: I/CarrierServices(10067): [595] awt.doInBackground: Old operation mode: 0
11-16 09:56:22.345: I/CarrierServices(10067): [595] awt.doInBackground: New operation mode: 0
11-16 09:56:22.346: I/CarrierServices(10067): [2] aww.a: Unbinding RcsMigrationService
11-16 09:56:22.350: I/InputReader(1195): Reconfiguring input devices.  changes=0x00000010
11-16 09:56:22.351: I/InputReader(1195): Reconfiguring input devices.  changes=0x00000010
11-16 09:56:22.362: I/Auth(14616): [SupervisedAccountIntentOperation] onHandleIntent(): android.intent.action.PACKAGE_ADDED
11-16 09:56:22.363: I/BlockstoreStorage(14616): Clearing Blockstore Data for package androidx.navigation.dynamicfeatures.fragment.test [CONTEXT service_id=258 ]
11-16 09:56:22.363: D/BoundBrokerSvc(14616): onBind: Intent { act=com.google.android.gms.common.BIND_SHARED_PREFS pkg=com.google.android.gms }
11-16 09:56:22.363: D/BoundBrokerSvc(14616): Loading bound service for intent: Intent { act=com.google.android.gms.common.BIND_SHARED_PREFS pkg=com.google.android.gms }
11-16 09:56:22.363: I/BlockstoreStorage(14616): No metadata found. Skipping deletion. [CONTEXT service_id=258 ]
11-16 09:56:22.367: W/GCM(10933): Unexpected forwarded intent: Intent { act=android.intent.action.PACKAGE_ADDED dat=package:androidx.navigation.dynamicfeatures.fragment.test flg=0x4000010 pkg=com.google.android.gms cmp=com.google.android.gms/.chimera.PersistentIntentOperationService (has extras) }
11-16 09:56:22.368: I/FontLog(10933): Package androidx.navigation.dynamicfeatures.fragment.test has no metadata [CONTEXT service_id=132 ]
11-16 09:56:22.368: W/GCM(10933): Unexpected forwarded intent: Intent { act=android.intent.action.PACKAGE_ADDED dat=package:androidx.navigation.dynamicfeatures.fragment.test flg=0x4000010 pkg=com.google.android.gms cmp=com.google.android.gms/.chimera.PersistentIntentOperationService (has extras) }
11-16 09:56:22.383: W/ChimeraUtils(10933): Module com.google.android.gms.nearby_en has empty metadata display_name_string_id
11-16 09:56:22.399: I/axnn(17223): Primes not initialized, returning default (no-op) Primes instance which will ignore all calls. Please call Primes.initialize(...) before using any Primes API.
11-16 09:56:22.401: I/GMS_MM_Logger(17223): Started.
11-16 09:56:22.402: W/ChimeraUtils(10933): Module com.google.android.gms.nearby_en has empty metadata display_name_string_id
11-16 09:56:22.406: D/BoundBrokerSvc(14616): onUnbind: Intent { act=com.google.android.gms.common.BIND_SHARED_PREFS pkg=com.google.android.gms }
11-16 09:56:22.416: I/Watchcat(17223): Started
11-16 09:56:22.449: I/android.gms:ca(17223): Background concurrent copying GC freed 10129(1052KB) AllocSpace objects, 2(40KB) LOS objects, 50% free, 1964KB/3MB, paused 6.910ms total 30.408ms
11-16 09:56:22.459: D/QSEECOMAPI(17192): QSEECom_get_handle sb_length = 0x400
11-16 09:56:22.459: D/QSEECOMAPI(17192): App is already loaded QSEE and app id = 1
11-16 09:56:22.461: E/fpc_tac(17192): qsee_km_get_encapsulated_key KEYMASTER_GET_AUTH_TOKEN_KEY returned status=-24
11-16 09:56:22.461: D/QSEECOMAPI(17192): QSEECom_dealloc_memory 
11-16 09:56:22.461: D/QSEECOMAPI(17192): QSEECom_shutdown_app, app_id = 1
11-16 09:56:22.461: E/fpc_fingerprint_hal(17192): fpc_hal_open failed
11-16 09:56:22.463: I/EventHub(1195): Removing device '/dev/input/event3' due to inotify event
11-16 09:56:22.463: I/EventHub(1195): Removed device: path=/dev/input/event3 name=uinput-fpc id=175 fd=168 classes=0x101
11-16 09:56:22.463: W/EventHub(1195): built-in keyboard device /dev/input/event3 (id=175) is closing! the apps will not like this
11-16 09:56:22.463: W/InputReader(1195): Ignoring spurious device removed event for deviceId 175.
11-16 09:56:22.474: W/CAR.VALIDATOR.LITE(17223): Invalid version in allow list flag [ALL] [CONTEXT service_id=13 ]
11-16 09:56:22.474: W/CAR.VALIDATOR.LITE(17223): java.lang.NumberFormatException: For input string: "ALL"
11-16 09:56:22.474: W/CAR.VALIDATOR.LITE(17223): 	at java.lang.Integer.parseInt(Integer.java:615)
11-16 09:56:22.474: W/CAR.VALIDATOR.LITE(17223): 	at java.lang.Integer.parseInt(Integer.java:650)
11-16 09:56:22.474: W/CAR.VALIDATOR.LITE(17223): 	at nnu.<init>(:com.google.android.gms@213614028@21.36.14 (100400-395708125):13)
11-16 09:56:22.474: W/CAR.VALIDATOR.LITE(17223): 	at nnu.d(:com.google.android.gms@213614028@21.36.14 (100400-395708125):2)
11-16 09:56:22.474: W/CAR.VALIDATOR.LITE(17223): 	at com.google.android.gms.car.CarChimeraService.onCreate(:com.google.android.gms@213614028@21.36.14 (100400-395708125):17)
11-16 09:56:22.474: W/CAR.VALIDATOR.LITE(17223): 	at dpx.onCreate(:com.google.android.gms@213614028@21.36.14 (100400-395708125):1)
11-16 09:56:22.474: W/CAR.VALIDATOR.LITE(17223): 	at plf.onCreate(:com.google.android.gms@213614028@21.36.14 (100400-395708125):4)
11-16 09:56:22.474: W/CAR.VALIDATOR.LITE(17223): 	at android.app.ActivityThread.handleCreateService(ActivityThread.java:3570)
11-16 09:56:22.474: W/CAR.VALIDATOR.LITE(17223): 	at android.app.ActivityThread.access$1300(ActivityThread.java:200)
11-16 09:56:22.474: W/CAR.VALIDATOR.LITE(17223): 	at android.app.ActivityThread$H.handleMessage(ActivityThread.java:1672)
11-16 09:56:22.474: W/CAR.VALIDATOR.LITE(17223): 	at android.os.Handler.dispatchMessage(Handler.java:106)
11-16 09:56:22.474: W/CAR.VALIDATOR.LITE(17223): 	at android.os.Looper.loop(Looper.java:193)
11-16 09:56:22.474: W/CAR.VALIDATOR.LITE(17223): 	at android.app.ActivityThread.main(ActivityThread.java:6718)
11-16 09:56:22.474: W/CAR.VALIDATOR.LITE(17223): 	at java.lang.reflect.Method.invoke(Native Method)
11-16 09:56:22.474: W/CAR.VALIDATOR.LITE(17223): 	at com.android.internal.os.RuntimeInit$MethodAndArgsCaller.run(RuntimeInit.java:493)
11-16 09:56:22.474: W/CAR.VALIDATOR.LITE(17223): 	at com.android.internal.os.ZygoteInit.main(ZygoteInit.java:858)
11-16 09:56:22.480: D/QSEECOMAPI(17192): QSEECom_dealloc_memory 
11-16 09:56:22.480: D/QSEECOMAPI(17192): QSEECom_shutdown_app, app_id = 175
11-16 09:56:22.493: I/Icing(14616): Indexing com.google.android.gms-apps from com.google.android.gms
11-16 09:56:22.495: W/ChimeraUtils(10933): Module com.google.android.gms.nearby_en has empty metadata display_name_string_id
11-16 09:56:22.503: I/chatty(10933): uid=10007(com.google.android.gms) highpool[0] identical 1 line
11-16 09:56:22.505: W/ChimeraUtils(10933): Module com.google.android.gms.nearby_en has empty metadata display_name_string_id
11-16 09:56:22.524: I/Icing(14616): Indexing done com.google.android.gms-apps
11-16 09:56:22.543: I/DynamiteModule(17223): Considering local module com.google.android.gms.googlecertificates:6 and remote module com.google.android.gms.googlecertificates:6
11-16 09:56:22.543: I/DynamiteModule(17223): Selected local version of com.google.android.gms.googlecertificates
11-16 09:56:22.572: D/CAR.CLIENT(4362): onICarAvailable
11-16 09:56:22.631: D/CAR.CLIENT(4362): onICarAvailable
11-16 09:56:22.631: I/GH.CarApiClientManager(4362): connected
11-16 09:56:22.632: D/GH.CarApiClientManager(4362): calling onConnected on cqq@46dfbb
11-16 09:56:22.632: D/GH.FeedbackNotifManager(4362): Starting FeedbackNotificationManager.
11-16 09:56:22.634: I/GH.HatsManager(4362): HaTS feature flag is not enabled. Not starting HatsManager.
11-16 09:56:22.634: D/GH.RatingPromptManager(4362): Starting RatingPromptManager.
11-16 09:56:22.636: D/GH.AutoLaunchPromptMgr(4362): AutoLaunchPromptManager disabled.
11-16 09:56:22.636: D/GH.CarApiClientManager(4362): notifying listener that the client was already connected
11-16 09:56:22.636: D/GH.CarApiClientManager(4362): registered listener cqp@7ebb856
11-16 09:56:22.637: D/GH.CarApiClientManager(4362): unregistered listener cqq@46dfbb
11-16 09:56:22.670: D/AndroidRuntime(17318): >>>>>> START com.android.internal.os.RuntimeInit uid 2000 <<<<<<
11-16 09:56:22.725: I/app_process(17318): The ClassLoaderContext is a special shared library.
11-16 09:56:22.748: D/AndroidRuntime(17318): Calling main entry com.android.commands.am.Am
11-16 09:56:22.754: I/ActivityManager(1195): Force stopping com.google.android.apps.mtaas.tools appid=10156 user=0: start instr
11-16 09:56:22.776: I/ActivityManager(1195): Start proc 17330:com.google.android.apps.mtaas.tools/u0a156 for added application com.google.android.apps.mtaas.tools
11-16 09:56:22.777: E/pps.mtaas.tool(17330): Not starting debugger since process cannot load the jdwp agent.
11-16 09:56:22.798: I/pps.mtaas.tool(17330): The ClassLoaderContext is a special shared library.
11-16 09:56:22.843: D/DumpStaticPerfEnv(17330): Instrumentation completed successfully
11-16 09:56:22.843: I/ActivityManager(1195): Force stopping com.google.android.apps.mtaas.tools appid=10156 user=0: finished inst
11-16 09:56:22.844: W/Binder(1195): Outgoing transactions from this process must be FLAG_ONEWAY
11-16 09:56:22.844: W/Binder(1195): java.lang.Throwable
11-16 09:56:22.844: W/Binder(1195): 	at android.os.BinderProxy.transact(Binder.java:1116)
11-16 09:56:22.844: W/Binder(1195): 	at android.app.IInstrumentationWatcher$Stub$Proxy.instrumentationFinished(IInstrumentationWatcher.java:164)
11-16 09:56:22.844: W/Binder(1195): 	at com.android.server.am.InstrumentationReporter$MyThread.run(InstrumentationReporter.java:86)
11-16 09:56:22.844: I/ActivityManager(1195): Killing 17330:com.google.android.apps.mtaas.tools/u0a156 (adj 0): stop com.google.android.apps.mtaas.tools
11-16 09:56:22.844: W/libprocessgroup(1195): kill(-17330, 9) failed: No such process
11-16 09:56:22.848: D/AndroidRuntime(17318): Shutting down VM
11-16 09:56:22.851: I/Zygote(726): Process 17330 exited due to signal (9)
11-16 09:56:22.866: I/ActivityManager(1195): Failure reporting to instrumentation watcher: comp=ComponentInfo{com.google.android.apps.mtaas.tools/com.google.android.apps.mtaas.tools.instrumentations.DumpStaticPerfEnv} results=Bundle[mParcelledData.dataSize=848]
11-16 09:56:22.873: W/libprocessgroup(1195): kill(-17330, 9) failed: No such process
11-16 09:56:22.873: I/libprocessgroup(1195): Successfully killed process cgroup uid 10156 pid 17330 in 29ms
11-16 09:56:23.045: D/AndroidRuntime(17351): >>>>>> START com.android.internal.os.RuntimeInit uid 2000 <<<<<<
11-16 09:56:23.100: I/app_process(17351): The ClassLoaderContext is a special shared library.
11-16 09:56:23.125: D/AndroidRuntime(17351): Calling main entry com.android.commands.am.Am
11-16 09:56:23.131: I/ActivityManager(1195): Force stopping com.google.android.apps.mtaas.tools appid=10156 user=0: start instr
11-16 09:56:23.144: I/ActivityManager(1195): Start proc 17360:com.google.android.apps.mtaas.tools/u0a156 for added application com.google.android.apps.mtaas.tools
11-16 09:56:23.153: E/pps.mtaas.tool(17360): Not starting debugger since process cannot load the jdwp agent.
11-16 09:56:23.191: I/pps.mtaas.tool(17360): The ClassLoaderContext is a special shared library.
11-16 09:56:23.209: D/GetPackageUid(17360): Instrumentation completed successfully
11-16 09:56:23.210: I/ActivityManager(1195): Force stopping com.google.android.apps.mtaas.tools appid=10156 user=0: finished inst
11-16 09:56:23.210: W/Binder(1195): Outgoing transactions from this process must be FLAG_ONEWAY
11-16 09:56:23.210: W/Binder(1195): java.lang.Throwable
11-16 09:56:23.210: W/Binder(1195): 	at android.os.BinderProxy.transact(Binder.java:1116)
11-16 09:56:23.210: W/Binder(1195): 	at android.app.IInstrumentationWatcher$Stub$Proxy.instrumentationFinished(IInstrumentationWatcher.java:164)
11-16 09:56:23.210: W/Binder(1195): 	at com.android.server.am.InstrumentationReporter$MyThread.run(InstrumentationReporter.java:86)
11-16 09:56:23.210: I/ActivityManager(1195): Killing 17360:com.google.android.apps.mtaas.tools/u0a156 (adj 0): stop com.google.android.apps.mtaas.tools
11-16 09:56:23.211: W/libprocessgroup(1195): kill(-17360, 9) failed: No such process
11-16 09:56:23.214: D/AndroidRuntime(17351): Shutting down VM
11-16 09:56:23.216: W/libprocessgroup(1195): kill(-17360, 9) failed: No such process
11-16 09:56:23.218: I/Zygote(726): Process 17360 exited due to signal (9)
11-16 09:56:23.222: W/libprocessgroup(1195): kill(-17360, 9) failed: No such process
11-16 09:56:23.222: I/libprocessgroup(1195): Successfully killed process cgroup uid 10156 pid 17360 in 11ms
11-16 09:56:23.248: W/System(16832): A resource failed to call close. 
11-16 09:56:23.390: W/droid.apps.map(17254): JIT profile information will not be recorded: profile file does not exits.
11-16 09:56:23.707: E/libc(17254): Access denied finding property "vendor.debug.egl.profiler"
11-16 09:56:23.709: I/Adreno(17254): QUALCOMM build                   : 3f88ca2, I42f6fe38fb
11-16 09:56:23.709: I/Adreno(17254): Build Date                       : 07/13/18
11-16 09:56:23.709: I/Adreno(17254): OpenGL ES Shader Compiler Version: EV031.24.00.00
11-16 09:56:23.709: I/Adreno(17254): Local Branch                     : 50.04
11-16 09:56:23.709: I/Adreno(17254): Remote Branch                    : 
11-16 09:56:23.709: I/Adreno(17254): Remote Branch                    : 
11-16 09:56:23.709: I/Adreno(17254): Reconstruct Branch               : 
11-16 09:56:23.701: W/DefaultPool4(17254): type=1400 audit(0.0:273): avc: denied { read } for name="u:object_r:vendor_default_prop:s0" dev="tmpfs" ino=19828 scontext=u:r:untrusted_app:s0:c102,c256,c512,c768 tcontext=u:object_r:vendor_default_prop:s0 tclass=file permissive=0
11-16 09:56:23.709: I/Adreno(17254): Build Config                     : S P 4.0.10 AArch64
11-16 09:56:23.721: W/DefaultPool4(17254): type=1400 audit(0.0:274): avc: denied { read } for name="u:object_r:vendor_default_prop:s0" dev="tmpfs" ino=19828 scontext=u:r:untrusted_app:s0:c102,c256,c512,c768 tcontext=u:object_r:vendor_default_prop:s0 tclass=file permissive=0
11-16 09:56:23.724: E/libc(17254): Access denied finding property "ro.vendor.graphics.memory"
11-16 09:56:23.727: I/Adreno(17254): PFP: 0x016ee170, ME: 0x00000000
11-16 09:56:23.742: I/ConfigStore(17254): android::hardware::configstore::V1_0::ISurfaceFlingerConfigs::hasWideColorDisplay retrieved: 1
11-16 09:56:23.743: I/ConfigStore(17254): android::hardware::configstore::V1_0::ISurfaceFlingerConfigs::hasHDRDisplay retrieved: 1
11-16 09:56:23.794: D/BoundBrokerSvc(10933): onBind: Intent { act=com.google.android.gms.clearcut.bootcount.service.START pkg=com.google.android.gms }
11-16 09:56:23.794: D/BoundBrokerSvc(10933): Loading bound service for intent: Intent { act=com.google.android.gms.clearcut.bootcount.service.START pkg=com.google.android.gms }
11-16 09:56:23.862: I/ActivityManager(1195): Start proc 17429:com.google.android.apps.photos/u0a104 for broadcast com.google.android.apps.photos/.localization.LocaleChangedReceiver
11-16 09:56:23.868: E/oid.apps.photo(17429): Not starting debugger since process cannot load the jdwp agent.
11-16 09:56:23.899: I/oid.apps.photo(17429): The ClassLoaderContext is a special shared library.
11-16 09:56:23.978: W/atrace(17453): type=1400 audit(0.0:275): avc: denied { write } for name="enable" dev="tracefs" ino=11987 scontext=u:r:shell:s0 tcontext=u:object_r:debugfs_tracing_debug:s0 tclass=file permissive=0
11-16 09:56:24.071: D/ConnectivityService(1195): Returning BLOCKED NetworkInfo to uid=10102
11-16 09:56:24.544: D/BoundBrokerSvc(14616): onBind: Intent { act=com.google.android.gms.measurement.START pkg=com.google.android.gms }
11-16 09:56:24.544: D/BoundBrokerSvc(14616): Loading bound service for intent: Intent { act=com.google.android.gms.measurement.START pkg=com.google.android.gms }
11-16 09:56:24.546: V/BackupManagerConstants(1195): getFullBackupRequiredNetworkType(...) returns 2
11-16 09:56:24.547: V/BackupManagerConstants(1195): getFullBackupRequireCharging(...) returns true
11-16 09:56:24.573: W/oid.apps.photo(17429): JIT profile information will not be recorded: profile file does not exits.
11-16 09:56:24.574: W/oid.apps.photo(17429): JIT profile information will not be recorded: profile file does not exits.
11-16 09:56:24.574: I/FA-SVC(14616): App measurement initialized, version: 213614
11-16 09:56:24.674: W/DynamiteModule(17089): Local module descriptor class for providerinstaller not found.
11-16 09:56:24.677: W/ProviderHelper(10933): Unknown dynamite feature providerinstaller
11-16 09:56:24.680: W/ProviderInstaller(17089): Failed to load providerinstaller module: No acceptable module found. Local version is 0 and remote version is 0.
11-16 09:56:24.684: W/droid.apps.doc(17089): Unknown chunk type '200'.
11-16 09:56:24.690: I/droid.apps.doc(17089): The ClassLoaderContext is a special shared library.
11-16 09:56:24.691: I/chatty(17089): uid=10128(com.google.android.apps.docs) TaskSchedulerLo identical 1 line
11-16 09:56:24.693: I/droid.apps.doc(17089): The ClassLoaderContext is a special shared library.
11-16 09:56:24.714: V/NativeCrypto(17089): Registering com/google/android/gms/org/conscrypt/NativeCrypto's 294 native methods...
11-16 09:56:24.737: D/NetworkSecurityConfig(17089): Using Network Security Config from resource network_security_config debugBuild: false
11-16 09:56:24.740: I/ProviderInstaller(17089): Installed default security provider GmsCore_OpenSSL
11-16 09:56:24.836: V/BackupManagerConstants(1195): getFullBackupRequiredNetworkType(...) returns 2
11-16 09:56:24.836: V/BackupManagerConstants(1195): getFullBackupRequireCharging(...) returns true
11-16 09:56:24.836: I/ActivityManager(1195): Killing 16679:com.android.connectivity.metrics/u0a57 (adj 906): empty #17
11-16 09:56:24.836: W/libprocessgroup(1195): kill(-16679, 9) failed: No such process
11-16 09:56:24.850: I/Zygote(726): Process 16679 exited due to signal (9)
11-16 09:56:24.852: E/droid.apps.tip(17494): Not starting debugger since process cannot load the jdwp agent.
11-16 09:56:24.852: I/ActivityManager(1195): Start proc 17494:com.google.android.apps.tips/u0a52 for broadcast com.google.android.apps.tips/.onboarding.LocaleChangedReceiver
11-16 09:56:24.869: W/libprocessgroup(1195): kill(-16679, 9) failed: No such process
11-16 09:56:24.869: I/libprocessgroup(1195): Successfully killed process cgroup uid 10057 pid 16679 in 32ms
11-16 09:56:24.973: I/ActivityManager(1195): Start proc 17515:com.google.android.apps.wellbeing/u0a26 for broadcast com.google.android.apps.wellbeing/.api.launcher.impl.LauncherActionsChangedBroadcastReceiver_Receiver
11-16 09:56:24.975: E/.apps.wellbein(17515): Not starting debugger since process cannot load the jdwp agent.
11-16 09:56:24.986: I/PublicSearchService(10116): Calling beginSession().
11-16 09:56:24.987: W/PublicSearchService(10116): Invalid client config. Failed to begin session.
11-16 09:56:24.987: E/tips-smartspace-binder(17494): PSS session is null
11-16 09:56:24.995: I/ActivityManager(1195): Killing 16699:com.google.android.apps.multidevice.client/u0a72 (adj 906): empty #17
11-16 09:56:24.996: W/libprocessgroup(1195): kill(-16699, 9) failed: No such process
11-16 09:56:24.997: I/.apps.wellbein(17515): The ClassLoaderContext is a special shared library.
11-16 09:56:25.012: I/Zygote(726): Process 16699 exited due to signal (9)
11-16 09:56:25.041: W/libprocessgroup(1195): kill(-16699, 9) failed: No such process
11-16 09:56:25.041: I/libprocessgroup(1195): Successfully killed process cgroup uid 10072 pid 16699 in 45ms
11-16 09:56:25.051: I/EventLogSendingHelper(10116): Sending log events.
11-16 09:56:25.140: I/MultiDex(17515): VM with version 2.1.0 has multidex support
11-16 09:56:25.140: I/MultiDex(17515): install
11-16 09:56:25.140: I/MultiDex(17515): VM has multidex support, MultiDex support library is disabled.
11-16 09:56:25.267: I/hiy(17515): SslGuard completed installation.
11-16 09:56:25.319: W/PrimesInit(17515): Primes instant initialization
11-16 09:56:25.320: W/Primes(17515): background initialization
11-16 09:56:25.334: I/PrimesTesting(17515): GserviceFlagsSupplier.get()
11-16 09:56:25.339: E/akgg(10933): Phenotype API error. Event # btlq@bfcb9507, EventCode: 5 [CONTEXT service_id=51 ]
11-16 09:56:25.339: E/akgg(10933): akfs: 29501: Stale snapshot (change count changed - expected 3  but was 2)
11-16 09:56:25.339: E/akgg(10933): 	at akgi.b(:com.google.android.gms@213614028@21.36.14 (100400-395708125):14)
11-16 09:56:25.339: E/akgg(10933): 	at akgh.e(:com.google.android.gms@213614028@21.36.14 (100400-395708125):0)
11-16 09:56:25.339: E/akgg(10933): 	at akgg.d(:com.google.android.gms@213614028@21.36.14 (100400-395708125):4)
11-16 09:56:25.339: E/akgg(10933): 	at akgg.f(:com.google.android.gms@213614028@21.36.14 (100400-395708125):2)
11-16 09:56:25.339: E/akgg(10933): 	at xna.run(:com.google.android.gms@213614028@21.36.14 (100400-395708125):17)
11-16 09:56:25.339: E/akgg(10933): 	at bfyg.run(:com.google.android.gms@213614028@21.36.14 (100400-395708125):2)
11-16 09:56:25.339: E/akgg(10933): 	at rgh.c(:com.google.android.gms@213614028@21.36.14 (100400-395708125):6)
11-16 09:56:25.339: E/akgg(10933): 	at rgh.run(:com.google.android.gms@213614028@21.36.14 (100400-395708125):7)
11-16 09:56:25.339: E/akgg(10933): 	at java.util.concurrent.ThreadPoolExecutor.runWorker(ThreadPoolExecutor.java:1167)
11-16 09:56:25.339: E/akgg(10933): 	at java.util.concurrent.ThreadPoolExecutor$Worker.run(ThreadPoolExecutor.java:641)
11-16 09:56:25.339: E/akgg(10933): 	at rkn.run(:com.google.android.gms@213614028@21.36.14 (100400-395708125):0)
11-16 09:56:25.339: E/akgg(10933): 	at java.lang.Thread.run(Thread.java:764)
11-16 09:56:25.340: E/AsyncOperation(10933): operation=CommitToConfigurationOperationCall, opStatusCode=29501 [CONTEXT service_id=51 ]
11-16 09:56:25.340: E/AsyncOperation(10933): OperationException[Status{statusCode=Stale snapshot (change count changed - expected 3  but was 2), resolution=null}]
11-16 09:56:25.340: E/AsyncOperation(10933): 	at akgg.d(:com.google.android.gms@213614028@21.36.14 (100400-395708125):6)
11-16 09:56:25.340: E/AsyncOperation(10933): 	at akgg.f(:com.google.android.gms@213614028@21.36.14 (100400-395708125):2)
11-16 09:56:25.340: E/AsyncOperation(10933): 	at xna.run(:com.google.android.gms@213614028@21.36.14 (100400-395708125):17)
11-16 09:56:25.340: E/AsyncOperation(10933): 	at bfyg.run(:com.google.android.gms@213614028@21.36.14 (100400-395708125):2)
11-16 09:56:25.340: E/AsyncOperation(10933): 	at rgh.c(:com.google.android.gms@213614028@21.36.14 (100400-395708125):6)
11-16 09:56:25.340: E/AsyncOperation(10933): 	at rgh.run(:com.google.android.gms@213614028@21.36.14 (100400-395708125):7)
11-16 09:56:25.340: E/AsyncOperation(10933): 	at java.util.concurrent.ThreadPoolExecutor.runWorker(ThreadPoolExecutor.java:1167)
11-16 09:56:25.340: E/AsyncOperation(10933): 	at java.util.concurrent.ThreadPoolExecutor$Worker.run(ThreadPoolExecutor.java:641)
11-16 09:56:25.340: E/AsyncOperation(10933): 	at rkn.run(:com.google.android.gms@213614028@21.36.14 (100400-395708125):0)
11-16 09:56:25.340: E/AsyncOperation(10933): 	at java.lang.Thread.run(Thread.java:764)
11-16 09:56:25.343: E/MendelPackageState(17515): Failed to commit to config
11-16 09:56:25.343: E/MendelPackageState(17515): fct: 29501: Stale snapshot (change count changed - expected 3  but was 2)
11-16 09:56:25.343: E/MendelPackageState(17515): 	at fhj.a(PG:4)
11-16 09:56:25.343: E/MendelPackageState(17515): 	at fhj.a(PG:1)
11-16 09:56:25.343: E/MendelPackageState(17515): 	at fss.e(PG:6)
11-16 09:56:25.343: E/MendelPackageState(17515): 	at fsx.a(PG:34)
11-16 09:56:25.343: E/MendelPackageState(17515): 	at bdt.onTransact(PG:4)
11-16 09:56:25.343: E/MendelPackageState(17515): 	at android.os.Binder.execTransact(Binder.java:731)
11-16 09:56:25.604: I/t_app_installe(17062): Waiting for a blocking GC ProfileSaver
11-16 09:56:25.619: I/t_app_installe(17062): WaitForGcToComplete blocked ProfileSaver on AddRemoveAppImageSpace for 15.174ms
11-16 09:56:25.740: I/ActivityManager(1195): Killing 16725:com.google.android.euicc/u0a67 (adj 906): empty #17
11-16 09:56:25.740: W/libprocessgroup(1195): kill(-16725, 9) failed: No such process
11-16 09:56:25.750: I/ActivityManager(1195): Start proc 17554:com.google.android.as:nonpersistent/u0a43 for broadcast com.google.android.as/com.google.android.apps.miphone.aiai.allapps.broadcastreceiver.SystemBroadcastReceiver
11-16 09:56:25.747: W/libprocessgroup(1195): kill(-16725, 9) failed: No such process
11-16 09:56:25.751: E/s:nonpersisten(17554): Not starting debugger since process cannot load the jdwp agent.
11-16 09:56:25.753: W/libprocessgroup(1195): kill(-16725, 9) failed: No such process
11-16 09:56:25.756: I/Zygote(726): Process 16725 exited due to signal (9)
11-16 09:56:25.761: W/libprocessgroup(1195): kill(-16725, 9) failed: No such process
11-16 09:56:25.761: I/libprocessgroup(1195): Successfully killed process cgroup uid 10067 pid 16725 in 20ms
11-16 09:56:25.797: I/cr_CronetLibraryLoader(17554): Cronet version: 68.0.3430.2, arch: armv8l
11-16 09:56:25.807: I/AiAi(17554): AiAi onCreate, isDebug: false
11-16 09:56:25.819: I/AiAiMatchmaker(17554): Install SilentFeedback Handler: true
11-16 09:56:25.827: I/ActivityManager(1195): Killing 10155:com.google.android.apps.messaging:rcs/u0a111 (adj 1001): empty #17
11-16 09:56:25.827: W/libprocessgroup(1195): kill(-10155, 9) failed: No such process
11-16 09:56:25.839: I/ActivityManager(1195): Start proc 17586:com.google.android.calendar/u0a124 for broadcast com.google.android.calendar/com.android.calendar.widget.CalendarAppWidgetProvider
11-16 09:56:25.838: W/libprocessgroup(1195): kill(-10155, 9) failed: No such process
11-16 09:56:25.844: E/ndroid.calenda(17586): Not starting debugger since process cannot load the jdwp agent.
11-16 09:56:25.844: W/libprocessgroup(1195): kill(-10155, 9) failed: No such process
11-16 09:56:25.856: W/libprocessgroup(1195): kill(-10155, 9) failed: No such process
11-16 09:56:25.866: I/ndroid.calenda(17586): The ClassLoaderContext is a special shared library.
11-16 09:56:25.873: W/libprocessgroup(1195): kill(-10155, 9) failed: No such process
11-16 09:56:25.876: D/ConnectivityService(1195): ConnectivityService NetworkRequestInfo binderDied(NetworkRequest [ TRACK_DEFAULT id=28, [ Capabilities: INTERNET&NOT_RESTRICTED&TRUSTED Unwanted:  Uid: 10111] ], android.os.BinderProxy@602419d)
11-16 09:56:25.877: D/ConnectivityService(1195): releasing NetworkRequest [ TRACK_DEFAULT id=28, [ Capabilities: INTERNET&NOT_RESTRICTED&TRUSTED Unwanted:  Uid: 10111] ] (release request)
11-16 09:56:25.878: W/ActivityManager(1195): Scheduling restart of crashed service com.google.android.apps.messaging/com.google.android.ims.service.JibeService in 1000ms
11-16 09:56:25.880: I/Zygote(726): Process 10155 exited due to signal (9)
11-16 09:56:25.902: W/libprocessgroup(1195): kill(-10155, 9) failed: No such process
11-16 09:56:25.902: I/libprocessgroup(1195): Successfully killed process cgroup uid 10111 pid 10155 in 74ms
11-16 09:56:26.055: W/.apps.wellbein(17515): Unknown chunk type '200'.
11-16 09:56:26.526: I/ActivityManager(1195): Start proc 17614:com.android.providers.calendar/u0a44 for content provider com.android.providers.calendar/.CalendarProvider2
11-16 09:56:26.531: W/Primes(17586): Primes not initialized, returning default (no-op) Primes instance which will ignore all calls. Please call Primes.initialize(...) before using any Primes API.
11-16 09:56:26.536: E/viders.calenda(17614): Not starting debugger since process cannot load the jdwp agent.
11-16 09:56:26.591: D/fpc_hidl(17629): fpc fingerprint hwbinder service starting
11-16 09:56:26.591: D/QSEECOMAPI(17629): QSEECom_get_handle sb_length = 0x80
11-16 09:56:26.591: D/QSEECOMAPI(17629): App is not loaded in QSEE
11-16 09:56:26.591: D/QSEECOMAPI(17629): app_arch = 2, total_files = 9
11-16 09:56:26.596: I/CalendarProvider2(17614): Created com.android.providers.calendar.CalendarAlarmManager@c174aff(com.android.providers.calendar.CalendarProvider2@efed0cc)
11-16 09:56:26.612: I/ActivityManager(1195): Start proc 17638:com.google.android.configupdater/u0a29 for service com.google.android.configupdater/.MainJobService
11-16 09:56:26.615: E/d.configupdate(17638): Not starting debugger since process cannot load the jdwp agent.
