11-16 09:56:22.548: I/BugleRcsEngine(10160): [608] ProvisioningEngineStateMachine.a: DisabledState: event Availability updated
11-16 09:56:22.548: I/BugleRcsEngine(10160): [608] pev.a: RcsAvailabilityManager: Calculating Rcs Availability
11-16 09:56:22.551: I/BugleRcsProvisioning(10141): RcsProvisioningEventReceiver: Received ProvisioningEvent: Request Bugle information
11-16 09:56:22.554: I/BugleRcsEngine(10141): [2] pot.b: Not using CS JibeService because the CS migration has not completed.
11-16 09:56:22.555: I/RecoverableKeyStoreMgr(1248): The cert file serial number is the same, so skip updating.
11-16 09:56:22.555: I/RecoverableKeyStoreGms(13241): [EnrollmentManager] Recovery service is initialized.
11-16 09:56:22.557: I/RecoverySnapshotLstnrs(1248): Registered listener for agent with uid 10007
11-16 09:56:22.557: I/BugleRcsProvisioning(10141): RcsProvisioningEventReceiver: Received ProvisioningEvent: Update provisioning status
11-16 09:56:22.559: E/RecoverySnapshotStorage(1248): Error reading snapshot for 10007 from disk
11-16 09:56:22.559: E/RecoverySnapshotStorage(1248): java.io.FileNotFoundException: /data/system/recoverablekeystore/snapshots/10007.xml (No such file or directory)
11-16 09:56:22.559: E/RecoverySnapshotStorage(1248): 	at java.io.FileInputStream.open0(Native Method)
11-16 09:56:22.559: E/RecoverySnapshotStorage(1248): 	at java.io.FileInputStream.open(FileInputStream.java:231)
11-16 09:56:22.559: E/RecoverySnapshotStorage(1248): 	at java.io.FileInputStream.<init>(FileInputStream.java:165)
11-16 09:56:22.559: E/RecoverySnapshotStorage(1248): 	at com.android.server.locksettings.recoverablekeystore.storage.RecoverySnapshotStorage.readFromDisk(RecoverySnapshotStorage.java:152)
11-16 09:56:22.559: E/RecoverySnapshotStorage(1248): 	at com.android.server.locksettings.recoverablekeystore.storage.RecoverySnapshotStorage.get(RecoverySnapshotStorage.java:104)
11-16 09:56:22.559: E/RecoverySnapshotStorage(1248): 	at com.android.server.locksettings.recoverablekeystore.RecoverableKeyStoreManager.getKeyChainSnapshot(RecoverableKeyStoreManager.java:331)
11-16 09:56:22.559: E/RecoverySnapshotStorage(1248): 	at com.android.server.locksettings.LockSettingsService.getKeyChainSnapshot(LockSettingsService.java:2032)
11-16 09:56:22.559: E/RecoverySnapshotStorage(1248): 	at com.android.internal.widget.ILockSettings$Stub.onTransact(ILockSettings.java:356)
11-16 09:56:22.559: E/RecoverySnapshotStorage(1248): 	at android.os.Binder.execTransact(Binder.java:731)
11-16 09:56:22.559: I/RecoverableKeyStoreGms(13241): [WrappingKeyManager] Can't generate wrapping key - missing lock screeen
11-16 09:56:22.561: W/PackageParser(13241): Unknown element under <manifest>: queries at /data/user_de/0/com.google.android.gms/app_chimera/m/00000007/AdsDynamite.apk Binary XML file line #5
11-16 09:56:22.564: I/BugleRcsProvisioning(10141): RcsProvisioningEventReceiver: Received ProvisioningEvent: Update provisioning status
11-16 09:56:22.567: W/PhenotypeConfigurationU(11123): Update for unknown DeviceConfig package com.google.android.gms.auth.api.credentials [CONTEXT service_id=204 ]
11-16 09:56:22.567: W/PhenotypeConfigurationU(11123): akjf: No package exists for config package: com.google.android.gms.auth.api.credentials
11-16 09:56:22.567: W/PhenotypeConfigurationU(11123): 	at com.google.android.gms.platformconfigurator.PhenotypeConfigurationUpdateListener.a(:com.google.android.gms@213614028@21.36.14 (100400-395708125):7)
11-16 09:56:22.567: W/PhenotypeConfigurationU(11123): 	at com.google.android.gms.platformconfigurator.PhenotypeConfigurationUpdateListener.onHandleIntent(:com.google.android.gms@213614028@21.36.14 (100400-395708125):5)
11-16 09:56:22.567: W/PhenotypeConfigurationU(11123): 	at com.google.android.chimera.IntentOperation.onHandleIntent(:com.google.android.gms@213614028@21.36.14 (100400-395708125):2)
11-16 09:56:22.567: W/PhenotypeConfigurationU(11123): 	at pld.onHandleIntent(:com.google.android.gms@213614028@21.36.14 (100400-395708125):4)
11-16 09:56:22.567: W/PhenotypeConfigurationU(11123): 	at dpb.run(:com.google.android.gms@213614028@21.36.14 (100400-395708125):5)
11-16 09:56:22.567: W/PhenotypeConfigurationU(11123): 	at dpa.run(:com.google.android.gms@213614028@21.36.14 (100400-395708125):11)
11-16 09:56:22.567: W/PhenotypeConfigurationU(11123): 	at bfyg.run(:com.google.android.gms@213614028@21.36.14 (100400-395708125):2)
11-16 09:56:22.567: W/PhenotypeConfigurationU(11123): 	at java.util.concurrent.ThreadPoolExecutor.runWorker(ThreadPoolExecutor.java:1167)
11-16 09:56:22.567: W/PhenotypeConfigurationU(11123): 	at java.util.concurrent.ThreadPoolExecutor$Worker.run(ThreadPoolExecutor.java:641)
11-16 09:56:22.567: W/PhenotypeConfigurationU(11123): 	at java.lang.Thread.run(Thread.java:764)
11-16 09:56:22.576: W/PackageParser(13241): Unknown element under <manifest>: queries at /data/user_de/0/com.google.android.gms/app_chimera/m/00000011/dl-AdsFdrDynamite.integ_213806100100000.apk Binary XML file line #11
11-16 09:56:22.586: I/BugleRcsEngine(10160): [2] ProvisioningEventReceiver.onReceive: Received Provisioning Event: [Bugle information (100)]
11-16 09:56:22.586: I/BugleRcsEngine(10160): [2] ProvisioningEventReceiver.onReceive: JibeService is running, passing event to provisioning engine.
11-16 09:56:22.586: I/BugleRcsEngine(10160): [2] pdz.a: Handling Provisioning Event: [Bugle information (100)]
11-16 09:56:22.589: I/BugleRcsEngine(10160): [2] pev.a: RcsAvailabilityManager: Calculating Rcs Availability
11-16 09:56:22.593: I/BugleRcsEngine(10160): [2] ProvisioningEventReceiver.onReceive: Received Provisioning Event: [Bugle information (100)]
11-16 09:56:22.593: I/BugleRcsEngine(10160): [2] ProvisioningEventReceiver.onReceive: JibeService is running, passing event to provisioning engine.
11-16 09:56:22.593: I/BugleRcsEngine(10160): [2] pdz.a: Handling Provisioning Event: [Bugle information (100)]
11-16 09:56:22.595: I/BugleRcsEngine(10160): [2] pev.a: RcsAvailabilityManager: Calculating Rcs Availability
11-16 09:56:22.597: I/GmsModuleFndr(13241): Beginning GMS chimera module scan
11-16 09:56:22.605: I/ModuleSetMgr(13241): Computing pending module set with APKs: [[AdsFdrDynamite.integ:213806100100000], [Enpromo.integ:214106000100000], [Pay.optional:213614100000], [VisionOcr.optional:213614100400], [AdsFdrDynamite.integ:212104400100000], [Cronetdynamite:213614100400], [Dynamiteloader:213614100000], [Dynamitemodulesa:213614100000], [Dynamitemodulesc:213614100000], [Googlecertificates:213614100000], [Mapsdynamite:213614100000], [Measurementdynamite:213614100000]]
11-16 09:56:22.616: I/ModuleSetMgr(13241): Pending container module APKs: [[Pay.optional:213614100000], [VisionOcr.optional:213614100400]]
11-16 09:56:22.616: I/ModuleSetMgr(13241): Pending non-container module APKs: [[Enpromo.integ:214106000100000], [AdsFdrDynamite.integ:213806100100000]]
11-16 09:56:22.624: W/PackageParser(13241): Unknown element under <manifest>: queries at /data/user_de/0/com.google.android.gms/app_chimera/m/00000007/AdsDynamite.apk Binary XML file line #5
11-16 09:56:22.634: W/PackageParser(13241): Unknown element under <manifest>: queries at /data/user_de/0/com.google.android.gms/app_chimera/m/00000011/dl-AdsFdrDynamite.integ_213806100100000.apk Binary XML file line #11
11-16 09:56:22.726: I/TestSupport(13241): AwaitCommitOperation: FlagOverride(com.google.android.gms.auth.api.credentials, , Flag(SaveStrategy__enableSaving, false, 2, 0), true) committed [CONTEXT service_id=133 ]
11-16 09:56:22.728: I/TestSupport(13241): AwaitCommitOperation: no more uncommitted overrides [CONTEXT service_id=133 ]
11-16 09:56:22.826: I/TestSupport(13241): AwaitCommitOperation: * [CONTEXT service_id=133 ]
11-16 09:56:22.833: I/TestSupport(13241): AwaitCommitOperation: FlagOverride(com.google.android.gms.auth.api.credentials, , Flag(SaveStrategy__enableSaving, false, 2, 0), true) committed [CONTEXT service_id=133 ]
11-16 09:56:22.834: I/TestSupport(13241): AwaitCommitOperation: no more uncommitted overrides [CONTEXT service_id=133 ]
11-16 09:56:22.951: I/TSDRIVER(17722): Handled command: PACKAGE
11-16 09:56:23.038: I/TSDRIVER(17722): CommandService onHandleIntent()
11-16 09:56:23.038: I/TSDRIVER(17722): Got command: PACKAGE
11-16 09:56:23.039: I/TSDRIVER(17722): flag package: Eh9jb20uZ29vZ2xlLmFuZHJvaWQuZ21zLmF1dG9maWxsGhQKEGF1dG9maWxsX2VuYWJsZWQYACg+
11-16 09:56:23.039: I/TSDRIVER(17722): flag package: com.google.android.gms.autofill
11-16 09:56:23.044: I/TestSupport(13241): SetFlagOverridesOperation: com.google.android.gms.autofill, '', [Flag(autofill_enabled, false, 2, 0)] [CONTEXT service_id=133 ]
11-16 09:56:23.058: I/TestSupport(13241): AwaitCommitOperation: autofill_enabled [CONTEXT service_id=133 ]
11-16 09:56:23.068: I/TestSupport(13241): AwaitCommitOperation: uncommitted: FlagOverride(com.google.android.gms.autofill, , Flag(autofill_enabled, false, 2, 0), false) [CONTEXT service_id=133 ]
11-16 09:56:23.069: I/TestSupport(13241): AwaitCommitOperation:  sleeping for 10 msec. [CONTEXT service_id=133 ]
11-16 09:56:23.091: W/PhenotypeConfigurationU(11123): Update for unknown DeviceConfig package com.google.android.gms.autofill [CONTEXT service_id=204 ]
11-16 09:56:23.091: W/PhenotypeConfigurationU(11123): akjf: No package exists for config package: com.google.android.gms.autofill
11-16 09:56:23.091: W/PhenotypeConfigurationU(11123): 	at com.google.android.gms.platformconfigurator.PhenotypeConfigurationUpdateListener.a(:com.google.android.gms@213614028@21.36.14 (100400-395708125):7)
11-16 09:56:23.091: W/PhenotypeConfigurationU(11123): 	at com.google.android.gms.platformconfigurator.PhenotypeConfigurationUpdateListener.onHandleIntent(:com.google.android.gms@213614028@21.36.14 (100400-395708125):5)
11-16 09:56:23.091: W/PhenotypeConfigurationU(11123): 	at com.google.android.chimera.IntentOperation.onHandleIntent(:com.google.android.gms@213614028@21.36.14 (100400-395708125):2)
11-16 09:56:23.091: W/PhenotypeConfigurationU(11123): 	at pld.onHandleIntent(:com.google.android.gms@213614028@21.36.14 (100400-395708125):4)
11-16 09:56:23.091: W/PhenotypeConfigurationU(11123): 	at dpb.run(:com.google.android.gms@213614028@21.36.14 (100400-395708125):5)
11-16 09:56:23.091: W/PhenotypeConfigurationU(11123): 	at dpa.run(:com.google.android.gms@213614028@21.36.14 (100400-395708125):11)
11-16 09:56:23.091: W/PhenotypeConfigurationU(11123): 	at bfyg.run(:com.google.android.gms@213614028@21.36.14 (100400-395708125):2)
11-16 09:56:23.091: W/PhenotypeConfigurationU(11123): 	at java.util.concurrent.ThreadPoolExecutor.runWorker(ThreadPoolExecutor.java:1167)
11-16 09:56:23.091: W/PhenotypeConfigurationU(11123): 	at java.util.concurrent.ThreadPoolExecutor$Worker.run(ThreadPoolExecutor.java:641)
11-16 09:56:23.091: W/PhenotypeConfigurationU(11123): 	at java.lang.Thread.run(Thread.java:764)
11-16 09:56:23.095: I/TestSupport(13241): AwaitCommitOperation: FlagOverride(com.google.android.gms.autofill, , Flag(autofill_enabled, false, 2, 0), true) committed [CONTEXT service_id=133 ]
11-16 09:56:23.095: I/TestSupport(13241): AwaitCommitOperation: no more uncommitted overrides [CONTEXT service_id=133 ]
11-16 09:56:23.096: I/PTCommittedOperation(11123): Receive new configuration for com.google.android.gms.autofill
11-16 09:56:23.100: W/ModuleInitIntentOp(13241): Dropping unexpected action com.google.android.gms.phenotype.COMMITTED
11-16 09:56:23.104: I/ChromeSync(13241): [Sync,SyncIntentOperation] Handling the intent: Intent { act=com.google.android.gms.phenotype.COMMITTED flg=0x10 pkg=com.google.android.gms cmp=com.google.android.gms/.chimera.GmsIntentOperationService (has extras) }.
11-16 09:56:23.109: I/MdiSyncModule(13241): flag handling is skipping irrelevant intent.
11-16 09:56:23.118: W/ModuleInitIntentOp(13241): Dropping unexpected action com.google.android.gms.phenotype.COMMITTED
11-16 09:56:23.163: I/GmsSyncPolicyEngine(13241): Periodic sync 4 disabled by policy, cancelled.
11-16 09:56:23.217: I/TestSupport(13241): AwaitCommitOperation: * [CONTEXT service_id=133 ]
11-16 09:56:23.224: I/TestSupport(13241): AwaitCommitOperation: FlagOverride(com.google.android.gms.autofill, , Flag(autofill_enabled, false, 2, 0), true) committed [CONTEXT service_id=133 ]
11-16 09:56:23.224: I/TestSupport(13241): AwaitCommitOperation: no more uncommitted overrides [CONTEXT service_id=133 ]
11-16 09:56:23.339: I/TSDRIVER(17722): Handled command: PACKAGE
11-16 09:56:23.465: I/TSDRIVER(17722): CommandService onHandleIntent()
11-16 09:56:23.465: I/TSDRIVER(17722): Got command: PACKAGE
11-16 09:56:23.466: I/TSDRIVER(17722): flag package: EiNjb20uZ29vZ2xlLmFuZHJvaWQuZ21zLmF1dGhfYWNjb3VudBodChlhdXRoX3NpZ19vdmVycmlkZV9lbmFibGVkGAAoPg
11-16 09:56:23.466: I/TSDRIVER(17722): flag package: com.google.android.gms.auth_account
11-16 09:56:23.472: I/TestSupport(13241): SetFlagOverridesOperation: com.google.android.gms.auth_account, '', [Flag(auth_sig_override_enabled, false, 2, 0)] [CONTEXT service_id=133 ]
11-16 09:56:23.481: D/fpc_hidl(17962): fpc fingerprint hwbinder service starting
11-16 09:56:23.481: D/QSEECOMAPI(17962): QSEECom_get_handle sb_length = 0x80
11-16 09:56:23.481: D/QSEECOMAPI(17962): App is not loaded in QSEE
11-16 09:56:23.481: D/QSEECOMAPI(17962): app_arch = 2, total_files = 9
11-16 09:56:23.504: I/TestSupport(13241): AwaitCommitOperation: auth_sig_override_enabled [CONTEXT service_id=133 ]
11-16 09:56:23.511: I/TestSupport(13241): AwaitCommitOperation: uncommitted: FlagOverride(com.google.android.gms.auth_account, , Flag(auth_sig_override_enabled, false, 2, 0), false) [CONTEXT service_id=133 ]
11-16 09:56:23.512: I/TestSupport(13241): AwaitCommitOperation:  sleeping for 10 msec. [CONTEXT service_id=133 ]
11-16 09:56:23.528: W/PhenotypeConfigurationU(11123): Update for unknown DeviceConfig package com.google.android.gms.auth_account [CONTEXT service_id=204 ]
11-16 09:56:23.528: W/PhenotypeConfigurationU(11123): akjf: No package exists for config package: com.google.android.gms.auth_account
11-16 09:56:23.528: W/PhenotypeConfigurationU(11123): 	at com.google.android.gms.platformconfigurator.PhenotypeConfigurationUpdateListener.a(:com.google.android.gms@213614028@21.36.14 (100400-395708125):7)
11-16 09:56:23.528: W/PhenotypeConfigurationU(11123): 	at com.google.android.gms.platformconfigurator.PhenotypeConfigurationUpdateListener.onHandleIntent(:com.google.android.gms@213614028@21.36.14 (100400-395708125):5)
11-16 09:56:23.528: W/PhenotypeConfigurationU(11123): 	at com.google.android.chimera.IntentOperation.onHandleIntent(:com.google.android.gms@213614028@21.36.14 (100400-395708125):2)
11-16 09:56:23.528: W/PhenotypeConfigurationU(11123): 	at pld.onHandleIntent(:com.google.android.gms@213614028@21.36.14 (100400-395708125):4)
11-16 09:56:23.528: W/PhenotypeConfigurationU(11123): 	at dpb.run(:com.google.android.gms@213614028@21.36.14 (100400-395708125):5)
11-16 09:56:23.528: W/PhenotypeConfigurationU(11123): 	at dpa.run(:com.google.android.gms@213614028@21.36.14 (100400-395708125):11)
11-16 09:56:23.528: W/PhenotypeConfigurationU(11123): 	at bfyg.run(:com.google.android.gms@213614028@21.36.14 (100400-395708125):2)
11-16 09:56:23.528: W/PhenotypeConfigurationU(11123): 	at java.util.concurrent.ThreadPoolExecutor.runWorker(ThreadPoolExecutor.java:1167)
11-16 09:56:23.528: W/PhenotypeConfigurationU(11123): 	at java.util.concurrent.ThreadPoolExecutor$Worker.run(ThreadPoolExecutor.java:641)
11-16 09:56:23.528: W/PhenotypeConfigurationU(11123): 	at java.lang.Thread.run(Thread.java:764)
11-16 09:56:23.532: I/PTCommittedOperation(11123): Receive new configuration for com.google.android.gms.auth_account
11-16 09:56:23.533: W/ModuleInitIntentOp(13241): Dropping unexpected action com.google.android.gms.phenotype.COMMITTED
11-16 09:56:23.534: I/ChromeSync(13241): [Sync,SyncIntentOperation] Handling the intent: Intent { act=com.google.android.gms.phenotype.COMMITTED flg=0x10 pkg=com.google.android.gms cmp=com.google.android.gms/.chimera.GmsIntentOperationService (has extras) }.
11-16 09:56:23.537: I/MdiSyncModule(13241): flag handling is skipping irrelevant intent.
11-16 09:56:23.539: D/QSEECOMAPI(17962): Loaded image: APP id = 254
11-16 09:56:23.541: W/ModuleInitIntentOp(13241): Dropping unexpected action com.google.android.gms.phenotype.COMMITTED
11-16 09:56:23.544: E/fpc_tac(17962): fpcbuildinfo : 575ddab5b91efea67ee1d200fc813ff2fpc_bio=bd35c3fec78219829149bea6c9ec961e6f655b90C:prodtestlib=4304cf5c884c198624b749af3482befacbd3028eC:fpc_c_core=dc194509594e837dedfb5452aaf06fcb61977135C:fpc_lib=cd5b7b876c3d69afa68a11ac6fd86f873e70817bC:cac=297e11552c60a3607ed664cf44c3e4b36ab2e737C:fpc_bio_interface=94a457caecae31eca8ef04b64c3f82a018e9bbc0C:fpc_sensor=ba909a5500944acafe47a0ef3a49f89509aadfb6C:tools_core=94ddf1e684cfa6c99f0f237f7cc35f3962e0e597C:sensor_settings=4fcf864fb493ae0272a9b2806446b379d99fd8ceC:fingerprint_ta=066bc0ab880960a4a69b74a328c7d7871c72225bC:fingerprint_pal=0deb9a478a3572872639f9cb2559ccc464ee3f9bC:manifests=dcb3d8ab0bdb7a5b341839d8c75bb88fc7f5e1a4C:Manifesttag=SW23.3.0-PDR1.0.5:jenkins@84ffd74dac44:Thu,17May201810:17:08+0200:FPC_SENSOR_TYPE=FPC_SENSOR_TYPE_FPC1270:FPC_CC_TYPE=FPC_COMPANION_CHIP_FPC2050:FPC_C_TYPE=FPC_COATING_NORMAL
11-16 09:56:23.544: E/fpc_tac(17962): fpcbuildtype : build=RELEASE sensor=9
11-16 09:56:23.544: W/EventHub(1248): Unable to disable kernel key repeat for /dev/input/event3: Function not implemented
11-16 09:56:23.544: I/EventHub(1248): wakeMechanism=EPOLLWAKEUP, usingClockIoctl=true
11-16 09:56:23.544: I/EventHub(1248): New device: id=254, fd=182, path='/dev/input/event3', name='uinput-fpc', classes=0x101, configuration='/system/usr/idc/uinput-fpc.idc', keyLayout='/system/usr/keylayout/uinput-fpc.kl', keyCharacterMap='/system/usr/keychars/Generic.kcm', builtinKeyboard=true, 
11-16 09:56:23.544: W/InputReader(1248): Ignoring spurious device added event for deviceId 0.
11-16 09:56:23.565: I/TestSupport(13241): AwaitCommitOperation: FlagOverride(com.google.android.gms.auth_account, , Flag(auth_sig_override_enabled, false, 2, 0), true) committed [CONTEXT service_id=133 ]
11-16 09:56:23.566: I/TestSupport(13241): AwaitCommitOperation: no more uncommitted overrides [CONTEXT service_id=133 ]
11-16 09:56:23.688: I/TestSupport(13241): AwaitCommitOperation: * [CONTEXT service_id=133 ]
11-16 09:56:23.695: I/TestSupport(13241): AwaitCommitOperation: FlagOverride(com.google.android.gms.auth_account, , Flag(auth_sig_override_enabled, false, 2, 0), true) committed [CONTEXT service_id=133 ]
11-16 09:56:23.695: I/TestSupport(13241): AwaitCommitOperation: no more uncommitted overrides [CONTEXT service_id=133 ]
11-16 09:56:23.811: I/TSDRIVER(17722): Handled command: PACKAGE
11-16 09:56:24.088: D/AndroidRuntime(17976): >>>>>> START com.android.internal.os.RuntimeInit uid 2000 <<<<<<
11-16 09:56:24.140: I/app_process(17976): The ClassLoaderContext is a special shared library.
11-16 09:56:24.163: D/AndroidRuntime(17976): Calling main entry com.android.commands.am.Am
11-16 09:56:24.169: I/ActivityManager(1248): Force stopping com.google.android.apps.mtaas.tools appid=10156 user=0: start instr
11-16 09:56:24.183: I/ActivityManager(1248): Start proc 17985:com.google.android.apps.mtaas.tools/u0a156 for added application com.google.android.apps.mtaas.tools
11-16 09:56:24.183: E/pps.mtaas.tool(17985): Not starting debugger since process cannot load the jdwp agent.
11-16 09:56:24.200: I/pps.mtaas.tool(17985): The ClassLoaderContext is a special shared library.
11-16 09:56:24.228: I/ActivityManager(1248): Config changes=2004 {1.0 ?mcc?mnc [en] ldltr sw392dp w392dp h713dp 440dpi nrml long hdr widecg port finger -keyb/v/h -nav/h winConfig={ mBounds=Rect(0, 0 - 0, 0) mAppBounds=Rect(0, 0 - 1080, 2028) mWindowingMode=fullscreen mActivityType=undefined} s.9}
11-16 09:56:24.229: D/ActivityManager(1248): Storing locale en for decryption UI
11-16 09:56:24.237: I/ActivityManager(1248): Override config changes=2004 {1.0 ?mcc?mnc [en] ldltr sw392dp w392dp h713dp 440dpi nrml long hdr widecg port finger -keyb/v/h -nav/h winConfig={ mBounds=Rect(0, 0 - 1080, 2028) mAppBounds=Rect(0, 0 - 1080, 2028) mWindowingMode=fullscreen mActivityType=undefined} s.9} for displayId=0
11-16 09:56:24.285: D/ChangeLocale(17985): Instrumentation completed successfully
11-16 09:56:24.290: D/LoaderTask(4307): loadWorkspace: loading default favorites
11-16 09:56:24.292: I/ActivityManager(1248): Force stopping com.google.android.apps.mtaas.tools appid=10156 user=0: finished inst
11-16 09:56:24.292: I/ActivityManager(1248): Killing 17985:com.google.android.apps.mtaas.tools/u0a156 (adj 0): stop com.google.android.apps.mtaas.tools
11-16 09:56:24.293: W/libprocessgroup(1248): kill(-17985, 9) failed: No such process
11-16 09:56:24.308: D/ConnectivityService(1248): releasing NetworkRequest [ TRACK_DEFAULT id=46, [ Capabilities: INTERNET&NOT_RESTRICTED&TRUSTED Unwanted:  Uid: 10107] ] (release request)
11-16 09:56:24.313: I/EmojiSearchExtension(3676): onDestroy()
11-16 09:56:24.313: I/EmojiSearchExtension(3676): onDeactivate()
11-16 09:56:24.317: W/Binder(1248): Outgoing transactions from this process must be FLAG_ONEWAY
11-16 09:56:24.317: W/Binder(1248): java.lang.Throwable
11-16 09:56:24.317: W/Binder(1248): 	at android.os.BinderProxy.transact(Binder.java:1116)
11-16 09:56:24.317: W/Binder(1248): 	at android.app.IInstrumentationWatcher$Stub$Proxy.instrumentationFinished(IInstrumentationWatcher.java:164)
11-16 09:56:24.317: W/Binder(1248): 	at com.android.server.am.InstrumentationReporter$MyThread.run(InstrumentationReporter.java:86)
11-16 09:56:24.321: D/AndroidRuntime(17976): Shutting down VM
11-16 09:56:24.326: I/Zygote(736): Process 17985 exited due to signal (9)
11-16 09:56:24.329: I/ActivityManager(1248): Start proc 18005:com.android.carrierdefaultapp/u0a84 for broadcast com.android.carrierdefaultapp/.CarrierDefaultBroadcastReceiver
11-16 09:56:24.338: W/libprocessgroup(1248): kill(-17985, 9) failed: No such process
11-16 09:56:24.338: I/libprocessgroup(1248): Successfully killed process cgroup uid 10156 pid 17985 in 45ms
11-16 09:56:24.339: E/rrierdefaultap(18005): Not starting debugger since process cannot load the jdwp agent.
11-16 09:56:24.345: I/ModuleManager(3676): Module object of interface com.google.android.apps.inputmethod.libs.search.emoji.EmojiSearchExtension loaded.
11-16 09:56:24.348: W/cr_ContextualSearch(13903): Warning, the 0 state was aborted.
11-16 09:56:24.358: I/GoogleInputMethod(3676): onStartInput() : Dummy InputConnection bound
11-16 09:56:24.362: I/ActivityManager(1248): Killing 13987:com.android.chrome:sandboxed_process0/u0a107i0 (adj 0): isolated not needed
11-16 09:56:24.362: W/libprocessgroup(1248): Failed to open process cgroup uid 99000 pid 13987: No such file or directory
11-16 09:56:24.363: E/libprocessgroup(1248): Error encountered killing process cgroup uid 99000 pid 13987: No such file or directory
11-16 09:56:24.367: I/MediaFocusControl(1248): abandonAudioFocus() from uid/pid 10107/13903 clientId=android.media.AudioManager@f05ca73org.chromium.content.browser.AudioFocusDelegate@1186d30
11-16 09:56:24.368: E/cr_BrowserInitializer(13903): Killing process because of locale change.
11-16 09:56:24.368: I/Process(13903): Sending signal. PID: 13903 SIG: 9
11-16 09:56:24.362: I/DictSuperpacksManager(3676): onEnabledInputMethodEntriesChanged
11-16 09:56:24.379: I/HWRSuperpacksManager(3676): onEnabledInputMethodEntriesChanged
11-16 09:56:24.391: I/Zygote(3720): Process 13987 exited due to signal (9)
11-16 09:56:24.390: D/CarrierDefaultBroadcastReceiver(18005): onReceive intent: android.intent.action.LOCALE_CHANGED
11-16 09:56:24.392: I/GoogleInputMethod(3676): onFinishInput() : Dummy InputConnection bound
11-16 09:56:24.392: D/KernelUidCpuTimeReader(1248): Removing uids 99002-99002
11-16 09:56:24.392: D/KernelUidCpuTimeReader(1248): Removing uids 99003-99003
11-16 09:56:24.392: D/KernelUidCpuTimeReader(1248): Removing uids 99004-99004
11-16 09:56:24.392: I/GoogleInputMethod(3676): onStartInput() : Dummy InputConnection bound
11-16 09:56:24.394: W/InputDispatcher(1248): channel '75ea8fd com.android.chrome/com.google.android.apps.chrome.Main (server)' ~ Consumer closed input channel or an error occurred.  events=0x9
11-16 09:56:24.394: E/InputDispatcher(1248): channel '75ea8fd com.android.chrome/com.google.android.apps.chrome.Main (server)' ~ Channel is unrecoverably broken and will be disposed!
11-16 09:56:24.394: D/ConnectivityService(1248): ConnectivityService NetworkRequestInfo binderDied(NetworkRequest [ TRACK_DEFAULT id=50, [ Capabilities: INTERNET&NOT_RESTRICTED&TRUSTED Unwanted:  Uid: 10107] ], android.os.BinderProxy@75f778a)
11-16 09:56:24.395: D/ConnectivityService(1248): ConnectivityService NetworkRequestInfo binderDied(NetworkRequest [ LISTEN id=45, [ Capabilities: INTERNET&NOT_RESTRICTED&TRUSTED Unwanted:  Uid: 10107] ], android.os.BinderProxy@8ce21fb)
11-16 09:56:24.395: D/ConnectivityService(1248): ConnectivityService NetworkRequestInfo binderDied(NetworkRequest [ TRACK_DEFAULT id=44, [ Capabilities: INTERNET&NOT_RESTRICTED&TRUSTED Unwanted:  Uid: 10107] ], android.os.BinderProxy@1412218)
11-16 09:56:24.395: D/ConnectivityService(1248): ConnectivityService NetworkRequestInfo binderDied(NetworkRequest [ LISTEN id=41, [ Capabilities: INTERNET&NOT_RESTRICTED&TRUSTED Unwanted:  Uid: 10107] ], android.os.BinderProxy@7af0471)
11-16 09:56:24.395: D/ConnectivityService(1248): ConnectivityService NetworkRequestInfo binderDied(NetworkRequest [ LISTEN id=51, [ Capabilities: INTERNET&NOT_RESTRICTED&TRUSTED Unwanted:  Uid: 10107] ], android.os.BinderProxy@9458256)
11-16 09:56:24.395: I/WindowManager(1248): WIN DEATH: Window{75ea8fd u0 com.android.chrome/com.google.android.apps.chrome.Main}
11-16 09:56:24.395: W/InputDispatcher(1248): Attempted to unregister already unregistered input channel '75ea8fd com.android.chrome/com.google.android.apps.chrome.Main (server)'
11-16 09:56:24.395: D/ConnectivityService(1248): releasing NetworkRequest [ TRACK_DEFAULT id=50, [ Capabilities: INTERNET&NOT_RESTRICTED&TRUSTED Unwanted:  Uid: 10107] ] (release request)
11-16 09:56:24.395: I/ActivityManager(1248): Process com.android.chrome (pid 13903) has died: fore TOP 
11-16 09:56:24.396: D/ConnectivityService(1248): releasing NetworkRequest [ TRACK_DEFAULT id=44, [ Capabilities: INTERNET&NOT_RESTRICTED&TRUSTED Unwanted:  Uid: 10107] ] (release request)
11-16 09:56:24.396: W/libprocessgroup(1248): kill(-13903, 9) failed: No such process
11-16 09:56:24.396: W/ActivityManager(1248): Exception when unbinding service com.android.chrome/org.chromium.content.app.PrivilegedProcessService0
11-16 09:56:24.396: W/ActivityManager(1248): android.os.DeadObjectException
11-16 09:56:24.396: W/ActivityManager(1248): 	at android.os.BinderProxy.transactNative(Native Method)
11-16 09:56:24.396: W/ActivityManager(1248): 	at android.os.BinderProxy.transact(Binder.java:1129)
11-16 09:56:24.396: W/ActivityManager(1248): 	at android.app.IApplicationThread$Stub$Proxy.scheduleUnbindService(IApplicationThread.java:1100)
11-16 09:56:24.396: W/ActivityManager(1248): 	at com.android.server.am.ActiveServices.removeConnectionLocked(ActiveServices.java:2894)
11-16 09:56:24.396: W/ActivityManager(1248): 	at com.android.server.am.ActiveServices.killServicesLocked(ActiveServices.java:3293)
11-16 09:56:24.396: W/ActivityManager(1248): 	at com.android.server.am.ActivityManagerService.cleanUpApplicationRecordLocked(ActivityManagerService.java:20234)
11-16 09:56:24.396: W/ActivityManager(1248): 	at com.android.server.am.ActivityManagerService.handleAppDiedLocked(ActivityManagerService.java:5910)
11-16 09:56:24.396: W/ActivityManager(1248): 	at com.android.server.am.ActivityManagerService.appDiedLocked(ActivityManagerService.java:6105)
11-16 09:56:24.396: W/ActivityManager(1248): 	at com.android.server.am.ActivityManagerService$AppDeathRecipient.binderDied(ActivityManagerService.java:1891)
11-16 09:56:24.396: W/ActivityManager(1248): 	at android.os.BinderProxy.sendDeathNotice(Binder.java:1195)
11-16 09:56:24.397: W/ActivityManager(1248): Force removing ActivityRecord{ab8fada u0 com.android.chrome/com.google.android.apps.chrome.Main t3}: app died, no saved state
11-16 09:56:24.397: D/ConnectivityService(1248): ConnectivityService NetworkRequestInfo binderDied(NetworkRequest [ TRACK_DEFAULT id=40, [ Capabilities: INTERNET&NOT_RESTRICTED&TRUSTED Unwanted:  Uid: 10107] ], android.os.BinderProxy@83247c4)
11-16 09:56:24.397: D/ConnectivityService(1248): releasing NetworkRequest [ TRACK_DEFAULT id=40, [ Capabilities: INTERNET&NOT_RESTRICTED&TRUSTED Unwanted:  Uid: 10107] ] (release request)
11-16 09:56:24.397: I/Zygote(737): Process 13903 exited due to signal (9)
11-16 09:56:24.398: I/Zygote(737): Process 14016 exited cleanly (0)
11-16 09:56:24.398: D/BoundBrokerSvc(13241): onUnbind: Intent { act=com.google.android.gms.safetynet.service.START pkg=com.google.android.gms }
11-16 09:56:24.404: D/QSEECOMAPI(17962): QSEECom_get_handle sb_length = 0x400
11-16 09:56:24.405: D/QSEECOMAPI(17962): App is already loaded QSEE and app id = 1
11-16 09:56:24.405: W/SurfaceFlinger(647): Attempting to destroy on removed layer: AppWindowToken{2961de8 token=Token{bcd6b0b ActivityRecord{ab8fada u0 com.android.chrome/com.google.android.apps.chrome.Main t3}}}#0
11-16 09:56:24.407: E/fpc_tac(17962): qsee_km_get_encapsulated_key KEYMASTER_GET_AUTH_TOKEN_KEY returned status=-24
11-16 09:56:24.407: D/QSEECOMAPI(17962): QSEECom_dealloc_memory 
11-16 09:56:24.407: D/QSEECOMAPI(17962): QSEECom_shutdown_app, app_id = 1
11-16 09:56:24.407: E/fpc_fingerprint_hal(17962): fpc_hal_open failed
11-16 09:56:24.409: I/EventHub(1248): Removing device '/dev/input/event3' due to inotify event
11-16 09:56:24.409: I/EventHub(1248): Removed device: path=/dev/input/event3 name=uinput-fpc id=254 fd=182 classes=0x101
11-16 09:56:24.409: W/EventHub(1248): built-in keyboard device /dev/input/event3 (id=254) is closing! the apps will not like this
11-16 09:56:24.410: W/InputReader(1248): Ignoring spurious device removed event for deviceId 254.
11-16 09:56:24.414: I/ActivityManager(1248): Process com.android.chrome:privileged_process0 (pid 14016) has died: cch  CACC
11-16 09:56:24.422: W/ActivityManager(1248): setHasOverlayUi called on unknown pid: 13903
11-16 09:56:24.424: I/ActivityManager(1248): Killing 14432:com.google.android.gm/u0a100 (adj 906): empty #17
11-16 09:56:24.427: D/QSEECOMAPI(17962): QSEECom_dealloc_memory 
11-16 09:56:24.427: D/QSEECOMAPI(17962): QSEECom_shutdown_app, app_id = 254
11-16 09:56:24.435: I/ActivityManager(1248): Start proc 18030:com.android.cellbroadcastreceiver/u0a62 for broadcast com.android.cellbroadcastreceiver/.PrivilegedCellBroadcastReceiver
11-16 09:56:24.438: E/oadcastreceive(18030): Not starting debugger since process cannot load the jdwp agent.
11-16 09:56:24.441: W/libprocessgroup(1248): kill(-13903, 9) failed: No such process
11-16 09:56:24.441: I/libprocessgroup(1248): Successfully killed process cgroup uid 10107 pid 13903 in 45ms
11-16 09:56:24.441: W/libprocessgroup(1248): kill(-14016, 9) failed: No such process
11-16 09:56:24.441: I/libprocessgroup(1248): Successfully killed process cgroup uid 10107 pid 14016 in 0ms
11-16 09:56:24.442: W/libprocessgroup(1248): kill(-14432, 9) failed: No such process
11-16 09:56:24.459: W/Looper(1248): Slow dispatch took 174ms main h=android.app.ActivityThread$H c=android.app.-$$Lambda$LoadedApk$ReceiverDispatcher$Args$_BumDX2UKsnxLVrE6UJsJZkotuA@cea3619 m=0
11-16 09:56:24.460: D/UsbDeviceManager(1248): Clear notification
11-16 09:56:24.461: D/UsbDeviceManager(1248): push notification:Charging this device via USB
11-16 09:56:24.448: W/libprocessgroup(1248): kill(-14432, 9) failed: No such process
11-16 09:56:24.468: I/Zygote(736): Process 14432 exited due to signal (9)
11-16 09:56:24.473: W/libprocessgroup(1248): kill(-14432, 9) failed: No such process
11-16 09:56:24.473: I/libprocessgroup(1248): Successfully killed process cgroup uid 10100 pid 14432 in 31ms
11-16 09:56:24.479: W/InputMethodManagerService(1248): Illegal subtype state: old subtype = null, new subtype = android.view.inputmethod.InputMethodSubtype@70bfcd7e
11-16 09:56:24.480: I/Telecom(1248): : Locale change; recreating channels.
11-16 09:56:24.481: V/SettingsProvider(1248): Notifying for 0: content://settings/system/user_rotation
11-16 09:56:24.482: V/SettingsProvider(1248): Notifying for 0: content://settings/system/accelerometer_rotation
11-16 09:56:24.484: V/SettingsProvider(1248): Notifying for 0: content://settings/secure/enabled_input_methods
11-16 09:56:24.484: V/SettingsProvider(1248): Notifying for 0: content://settings/secure/selected_input_method_subtype
11-16 09:56:24.485: V/SettingsProvider(1248): Notifying for 0: content://settings/secure/default_input_method
11-16 09:56:24.498: D/CellBroadcastReceiver(18030): onReceive Intent { act=android.intent.action.LOCALE_CHANGED flg=0x11200010 cmp=com.android.cellbroadcastreceiver/.PrivilegedCellBroadcastReceiver }
11-16 09:56:24.501: D/LoaderTask(4307): loadWorkspace: loading default favorites
11-16 09:56:24.502: I/ActivityManager(1248): Killing 14524:com.google.android.contacts/u0a90 (adj 906): empty #17
11-16 09:56:24.503: W/libprocessgroup(1248): kill(-14524, 9) failed: No such process
11-16 09:56:24.504: W/SurfaceFlinger(647): Attempting to destroy on removed layer: 78ac701 AssistPreviewPanel#0
11-16 09:56:24.514: I/ActivityManager(1248): Start proc 18053:com.android.chrome/u0a107 for broadcast com.android.chrome/org.chromium.chrome.browser.locale.LocaleChangedBroadcastReceiver
11-16 09:56:24.522: E/.android.chrom(18053): Not starting debugger since process cannot load the jdwp agent.
11-16 09:56:24.522: I/Zygote(736): Process 14524 exited due to signal (9)
11-16 09:56:24.529: W/libprocessgroup(1248): kill(-14524, 9) failed: No such process
11-16 09:56:24.529: I/libprocessgroup(1248): Successfully killed process cgroup uid 10090 pid 14524 in 26ms
11-16 09:56:24.536: D/SurfaceFlinger(647): duplicate layer name: changing com.google.android.apps.nexuslauncher/com.google.android.apps.nexuslauncher.NexusLauncherActivity to com.google.android.apps.nexuslauncher/com.google.android.apps.nexuslauncher.NexusLauncherActivity#1
11-16 09:56:24.543: W/SurfaceFlinger(647): Attempting to destroy on removed layer: e43452c DockedStackDivider#0
11-16 09:56:24.560: W/PhoneWindow(10013): Previously focused view reported id 2131820715 during save, but can't be found during restore.
11-16 09:56:24.569: V/SettingsProvider(1248): Notifying for 0: content://settings/system/firebase.test.lab
11-16 09:56:24.574: W/StatusBar/NavBarView(3697): *** Invalid layout in navigation bar (sizeChanged this=1080x132 cur=1036x132)
11-16 09:56:24.581: I/GoogleInputMethod(3676): onFinishInput() : Dummy InputConnection bound
11-16 09:56:24.581: I/GoogleInputMethod(3676): onStartInput() : Dummy InputConnection bound
11-16 09:56:24.607: I/ImageWallpaper(3697): Redrawing in rect: RectF(0.0, 0.0, 1214.0515, 2160.0) with surface size: 1080x2160
11-16 09:56:24.612: W/SessionLifecycleManager(10013): Handover failed. Creating new session controller.
11-16 09:56:24.613: I/WindowManager(1248): Screen frozen for +362ms due to Window{7bcfdb3 u0 com.android.systemui.ImageWallpaper}
11-16 09:56:24.617: D/SurfaceFlinger(647): duplicate layer name: changing BlackSurface to BlackSurface#1
11-16 09:56:24.618: D/SurfaceFlinger(647): duplicate layer name: changing BlackSurface to BlackSurface#2
11-16 09:56:24.619: D/SurfaceFlinger(647): duplicate layer name: changing BlackSurface to BlackSurface#3
11-16 09:56:24.669: V/SettingsProvider(1248): Notifying for 0: content://settings/secure/autofill_service
11-16 09:56:24.674: W/LocationOracle(10013): No location history returned by ContextManager
11-16 09:56:24.758: W/ctxmgr(11123): [AclManager] null policy map (0) 67, clientInfo=(accnt=account#-517948760#, com.google.android.googlequicksearchbox(10047):com.google.android.googlequicksearchbox, vrsn=12211000, 1, 3pPkg = null ,  3pMdlId = null ,  pid = 10013 ,  featureId = null) [CONTEXT service_id=47 ]
11-16 09:56:24.760: E/GmsContextObserver(10013): Failed to register context manager listener: Status{statusCode=unknown status code: 7503, resolution=null}
11-16 09:56:24.771: D/sound_trigger_hw(751): stdev_start_recognition:[1] Enter
11-16 09:56:24.771: D/sound_trigger_hw(751): loaded_state_fn:[1] handle event id 2
11-16 09:56:24.771: D/sound_trigger_platform(751): platform_stdev_get_capture_device: available devices 0x80000004, device 0x80000004
11-16 09:56:24.771: D/sound_trigger_platform(751): platform_stdev_get_device_sample_rate: sample rate 16000
11-16 09:56:24.771: D/sound_trigger_platform(751): platform_stdev_send_hwmad_cal: previous acdb_id 128 matches new acdb_id 128 return
11-16 09:56:24.771: D/sound_trigger_platform(751): platform_stdev_send_calibration: sending device calibration for device(1) acdb_id(128)
11-16 09:56:24.771: D/ACDB-LOADER(751): ACDB -> send_afe_topology
11-16 09:56:24.771: D/ACDB-LOADER(751): ACDB -> ACDB_CMD_GET_AFE_TOPOLOGY_ID
11-16 09:56:24.771: D/ACDB-LOADER(751): ACDB -> GET_AFE_TOPOLOGY_ID for adcd_id 128, Topology Id 12e19
11-16 09:56:24.771: D/ACDB-LOADER(751): ACDB -> send_afe_cal
11-16 09:56:24.771: D/ACDB-LOADER(751): ACDB -> ACDB_CMD_GET_AFE_COMMON_TABLE_SIZE
11-16 09:56:24.771: D/ACDB-LOADER(751): ACDB -> ACDB_CMD_GET_AFE_COMMON_TABLE
11-16 09:56:24.771: D/ACDB-LOADER(751): ACDB -> AUDIO_SET_AFE_CAL
11-16 09:56:24.771: D/sound_trigger_hw(751): set_device: enable device (1) = listen-cpe-handset-mic
11-16 09:56:24.771: D/audio_route(751): Apply path: listen-cpe-handset-mic
11-16 09:56:24.774: V/ContextHubHal(757): sendMessageToHub
11-16 09:56:24.776: D/CHRE(769): @ 1272.674: Parsed nanoapp message from host: app ID 0x476f6f676c00100b, endpoint 0x0, msgType 0, payload size 10
11-16 09:56:24.776: I/CHRE(769): @ 1272.674: [NanoMinion] received MSG Type 0x70, Version 1, 6 bytes
11-16 09:56:24.776: I/CHRE(769): @ 1272.674: [AR_CHRE] request.query
11-16 09:56:24.776: I/CHRE(769): @ 1272.675: [NanoMinion] sent MSG Type 0x71, Version 0, 16 bytes, MessageId 15
11-16 09:56:24.776: I/CHRE(769): @ 1272.675: [AR_CHRE] send response=0
11-16 09:56:24.776: V/ContextHubClientManager(1248): Received NanoAppMessage[type = 1025, length = 24 bytes, broadcast, nanoapp = 0x476f6f676c00100b](data = 0xF1000014 00007100 0A080809 02030405 ...)
11-16 09:56:24.776: D/ContextHubService(1248): Sending message 1025 version 0 from hubHandle 0, appInstance 0, callBackCount 2
11-16 09:56:24.778: V/ContextHubHal(757): sendMessageToHub
11-16 09:56:24.782: W/ctxmgr(11123): [AclManager] null policy map (0) 67, clientInfo=(accnt=account#-517948760#, com.google.android.googlequicksearchbox(10047):com.google.android.googlequicksearchbox, vrsn=12211000, 1, 3pPkg = null ,  3pMdlId = null ,  pid = 10013 ,  featureId = null) [CONTEXT service_id=47 ]
11-16 09:56:24.783: D/CHRE(769): @ 1272.681: Parsed nanoapp message from host: app ID 0x476f6f676c00100b, endpoint 0x0, msgType 0, payload size 10
11-16 09:56:24.783: I/CHRE(769): @ 1272.681: [NanoMinion] received MSG Type 0x70, Version 1, 6 bytes
11-16 09:56:24.783: I/CHRE(769): @ 1272.681: [AR_CHRE] request.flush
11-16 09:56:24.783: I/CHRE(769): @ 1272.681: [AR_CHRE] send to host, reason=3, sampleSize=0, transitionSize=0, lastAccelTime = 248379, lastAudioTime = 0 
11-16 09:56:24.783: I/CHRE(769): @ 1272.681: [NanoMinion] sent MSG Type 0x72, Version 0, 18 bytes, MessageId 16
11-16 09:56:24.783: V/ContextHubClientManager(1248): Received NanoAppMessage[type = 1025, length = 26 bytes, broadcast, nanoapp = 0x476f6f676c00100b](data = 0x01000016 00007200 20032A0E 0A040804 ...)
11-16 09:56:24.783: D/ContextHubService(1248): Sending message 1025 version 0 from hubHandle 0, appInstance 0, callBackCount 2
11-16 09:56:24.788: D/sound_trigger_hw(751): get_confidence_levels_payload: No smlib for uuid, sending opaque data
11-16 09:56:24.788: D/sound_trigger_hw(751): start:[1] gcs start VA engine, enable 1 token 3
11-16 09:56:24.788: D/sound_trigger_hw(751): start:[1] calling gcs_enable with handle 1, non-persist cal 0xf1af1f38, sz 24
11-16 09:56:24.788: D/ACDB-LOADER(751): ACDB -> ACDB_WDSP_CMD_GET_SUBGRAPH_MODULE_CALIBRATION_SIZE
11-16 09:56:24.788: D/ACDB-LOADER(751): ACDB -> ACDB_WDSP_CMD_GET_SUBGRAPH_MODULE_CALIBRATION
11-16 09:56:24.788: D/ACDB-LOADER(751): ACDB -> ACDB_WDSP_CMD_GET_SUBGRAPH_MODULE_CALIBRATION_SIZE
11-16 09:56:24.789: D/ACDB-LOADER(751): ACDB -> ACDB_WDSP_CMD_GET_SUBGRAPH_MODULE_CALIBRATION
11-16 09:56:24.789: D/ACDB-LOADER(751): ACDB -> ACDB_WDSP_CMD_GET_SUBGRAPH_MODULE_CONNECTION_SIZE
11-16 09:56:24.789: D/ACDB-LOADER(751): [ 11-16 09:56:24.789   751: 3963 E/         ]
11-16 09:56:24.789: D/ACDB-LOADER(751): gcs_get_sg_mod_conn_and_update_pld: subgraph mod conn size 0. Exiting
11-16 09:56:24.789: D/ACDB-LOADER(751): ACDB -> ACDB_WDSP_CMD_GET_SUBGRAPH_MODULE_CONNECTION_SIZE
11-16 09:56:24.789: D/ACDB-LOADER(751): ACDB -> ACDB_WDSP_CMD_GET_SUBGRAPH_MODULE_CONNECTION
11-16 09:56:24.789: D/ACDB-LOADER(751): ACDB -> ACDB_WDSP_CMD_GET_SUBGRAPH_CONNECTIONS_SIZE
11-16 09:56:24.789: D/ACDB-LOADER(751): ACDB -> ACDB_WDSP_CMD_GET_SUBGRAPHS_CONNECTION
11-16 09:56:24.789: D/ACDB-LOADER(751): ACDB -> ACDB_WDSP_CMD_GET_SUBGRAPH_CONNECTIONS_SIZE
11-16 09:56:24.789: D/ACDB-LOADER(751): [ 11-16 09:56:24.789   751: 3963 E/         ]
11-16 09:56:24.789: D/ACDB-LOADER(751): __gcs_get_sg_conn_and_update_pld: subgraph conn size 0. Exiting
11-16 09:56:24.789: D/ACDB-LOADER(751): [ 11-16 09:56:24.789   751: 3963 D/         ]
11-16 09:56:24.789: D/ACDB-LOADER(751): pktzr_send_cmd: opcode = 0x3, size = 452, token = 8
11-16 09:56:24.789: D/ACDB-LOADER(751): [ 11-16 09:56:24.800   751: 1169 D/         ]
11-16 09:56:24.789: D/ACDB-LOADER(751): ipc_resp_thread: opcode: 0x2, payload_size: 4, resp_buf size: 16
11-16 09:56:24.789: D/ACDB-LOADER(751): [ 11-16 09:56:24.801   751: 1169 D/         ]
11-16 09:56:24.789: D/ACDB-LOADER(751): pktzr_resp_cb: opcode = 0x2 size = 4 token = 8
11-16 09:56:24.789: D/ACDB-LOADER(751): [ 11-16 09:56:24.801   751: 1169 D/         ]
11-16 09:56:24.789: D/ACDB-LOADER(751): pktzr_resp_cb: token 8 matched
11-16 09:56:24.801: D/sound_trigger_hw(751): reg_hal_event_session: ST_EVENT_SESSION_REGISTER capture_handle 62 p_ses 0xf36f4780
11-16 09:56:24.801: D/sound_trigger_hw(751): session[1]: loaded_state_fn ---> active_state_fn 
11-16 09:56:24.801: D/sound_trigger_hw(751): stdev_start_recognition:[1] Exit
11-16 09:56:24.801: I/SoundTriggerHelper(1248): startRecognition successful.
11-16 09:56:24.802: I/GsaVoiceInteractionSrv(4175): Start Hotword Recognition Status: true
11-16 09:56:24.878: D/AndroidRuntime(18093): >>>>>> START com.android.internal.os.RuntimeInit uid 2000 <<<<<<
11-16 09:56:24.934: I/app_process(18093): The ClassLoaderContext is a special shared library.
11-16 09:56:24.957: D/AndroidRuntime(18093): Calling main entry com.android.commands.input.Input
11-16 09:56:24.958: I/Input(18093): injectKeyEvent: KeyEvent { action=ACTION_DOWN, keyCode=KEYCODE_HOME, scanCode=0, metaState=0, flags=0x0, repeatCount=0, eventTime=1260664, downTime=1260664, deviceId=-1, source=0x101 }
11-16 09:56:24.961: I/Input(18093): injectKeyEvent: KeyEvent { action=ACTION_UP, keyCode=KEYCODE_HOME, scanCode=0, metaState=0, flags=0x0, repeatCount=0, eventTime=1260664, downTime=1260664, deviceId=-1, source=0x101 }
11-16 09:56:24.964: V/StatusBar(3697): mStatusBarWindow: com.android.systemui.statusbar.phone.StatusBarWindowView{f52b204 V.ED..... ........ 0,0-1080,66} canPanelBeCollapsed(): false
11-16 09:56:24.964: I/vol.Events(3697): writeEvent dismiss_dialog volume_controller
11-16 09:56:24.966: I/ActivityManager(1248): START u0 {act=android.intent.action.MAIN cat=[android.intent.category.HOME] flg=0x10200000 cmp=com.google.android.apps.nexuslauncher/.NexusLauncherActivity (has extras)} from uid 1000
11-16 09:56:24.970: D/AndroidRuntime(18093): Shutting down VM
11-16 09:56:24.987: I/GoogleInputMethod(3676): onFinishInput() : Dummy InputConnection bound
11-16 09:56:24.989: I/GoogleInputMethod(3676): onStartInput() : Dummy InputConnection bound
11-16 09:56:25.099: I/ActivityManager(1248): START u0 {flg=0x10000000 cmp=com.google.android.apps.mtaas.backdrop/.BackdropActivity} from uid 2000
11-16 09:56:25.108: D/android.hardware.power@1.3-service.crosshatch-libperfmgr(768): LAUNCH ON
11-16 09:56:25.129: I/ActivityManager(1248): Start proc 18110:com.google.android.apps.mtaas.backdrop/u0a163 for activity com.google.android.apps.mtaas.backdrop/.BackdropActivity
11-16 09:56:25.133: E/.mtaas.backdro(18110): Not starting debugger since process cannot load the jdwp agent.
11-16 09:56:25.139: W/.android.chrom(18053): JIT profile information will not be recorded: profile file does not exits.
11-16 09:56:25.185: I/MultiDex(18110): VM with version 2.1.0 has multidex support
11-16 09:56:25.185: I/MultiDex(18110): install
11-16 09:56:25.185: I/MultiDex(18110): VM has multidex support, MultiDex support library is disabled.
11-16 09:56:25.188: E/libc(18110): Access denied finding property "vendor.debug.egl.profiler"
11-16 09:56:25.185: W/com.google.android.apps.mtaas.backdrop(18110): type=1400 audit(0.0:315): avc: denied { read } for comm=45474C20496E6974 name="u:object_r:vendor_default_prop:s0" dev="tmpfs" ino=19652 scontext=u:r:untrusted_app:s0:c163,c256,c512,c768 tcontext=u:object_r:vendor_default_prop:s0 tclass=file permissive=0
11-16 09:56:25.209: I/BackdropActivity(18110): onCreate()
11-16 09:56:25.216: I/ActivityManager(1248): Killing 11138:com.google.android.gms:car/u0a7 (adj 906): empty #17
11-16 09:56:25.217: W/libprocessgroup(1248): kill(-11138, 9) failed: No such process
11-16 09:56:25.224: D/sound_trigger_hw(751): stdev_stop_recognition:[1] Enter
11-16 09:56:25.224: D/sound_trigger_hw(751): active_state_fn:[1] handle event id 7
11-16 09:56:25.224: D/sound_trigger_hw(751): active_state_fn:[1] unhandled event
11-16 09:56:25.224: D/sound_trigger_hw(751): active_state_fn:[1] handle event id 4
11-16 09:56:25.224: D/sound_trigger_hw(751): dereg_hal_event_session: ST_EVENT_SESSION_DEREGISTER capture_handle 62 p_ses 0xf36f4780
11-16 09:56:25.224: D/sound_trigger_hw(751): stop:[1] gcs stop VA engine, size=24
11-16 09:56:25.224: D/sound_trigger_hw(751): [ 11-16 09:56:25.224   751: 3963 D/         ]
11-16 09:56:25.224: D/sound_trigger_hw(751): pktzr_send_cmd: opcode = 0x5, size = 24, token = 9
11-16 09:56:25.226: I/ActivityManager(1248): Activity requesting to dismiss Keyguard: ActivityRecord{9cef07c u0 com.google.android.apps.mtaas.backdrop/.BackdropActivity t4}
11-16 09:56:25.226: I/ActivityManager(1248): [ 11-16 09:56:25.230   751: 1169 D/         ]
11-16 09:56:25.226: I/ActivityManager(1248): ipc_resp_thread: opcode: 0x2, payload_size: 4, resp_buf size: 16
11-16 09:56:25.226: I/ActivityManager(1248): [ 11-16 09:56:25.230   751: 1169 D/         ]
11-16 09:56:25.226: I/ActivityManager(1248): pktzr_resp_cb: opcode = 0x2 size = 4 token = 9
11-16 09:56:25.226: I/ActivityManager(1248): [ 11-16 09:56:25.230   751: 1169 D/         ]
11-16 09:56:25.226: I/ActivityManager(1248): pktzr_resp_cb: token 9 matched
11-16 09:56:25.230: D/sound_trigger_hw(751): stop:[1] calling gcs_disable with handle 1
11-16 09:56:25.230: D/sound_trigger_hw(751): [ 11-16 09:56:25.230   751: 3963 E/         ]
11-16 09:56:25.230: D/sound_trigger_hw(751): __gcs_disable_update_pld: sgt_array[i] = 0x1
11-16 09:56:25.230: D/sound_trigger_hw(751): [ 11-16 09:56:25.230   751: 3963 E/         ]
11-16 09:56:25.230: D/sound_trigger_hw(751): __gcs_disable_update_pld: sgt_array[i] = 0x2
11-16 09:56:25.230: D/sound_trigger_hw(751): [ 11-16 09:56:25.230   751: 3963 D/         ]
11-16 09:56:25.230: D/sound_trigger_hw(751): pktzr_send_cmd: opcode = 0x4, size = 80, token = 10
11-16 09:56:25.238: I/Zygote(736): Process 11138 exited due to signal (9)
11-16 09:56:25.238: I/Zygote(736): [ 11-16 09:56:25.240   751: 1169 D/         ]
11-16 09:56:25.238: I/Zygote(736): ipc_resp_thread: opcode: 0x2, payload_size: 4, resp_buf size: 16
11-16 09:56:25.238: I/Zygote(736): [ 11-16 09:56:25.240   751: 1169 D/         ]
11-16 09:56:25.238: I/Zygote(736): pktzr_resp_cb: opcode = 0x2 size = 4 token = 10
11-16 09:56:25.238: I/Zygote(736): [ 11-16 09:56:25.240   751: 1169 D/         ]
11-16 09:56:25.238: I/Zygote(736): pktzr_resp_cb: token 10 matched
11-16 09:56:25.240: D/sound_trigger_hw(751): set_device: disable device (1) = listen-cpe-handset-mic
11-16 09:56:25.240: I/ActivityManager(1248): Start proc 18131:com.android.sdm.plugins.sprintdm/1001 for broadcast com.android.sdm.plugins.sprintdm/.SprintDMReceiver
11-16 09:56:25.241: D/sound_trigger_hw(751): session[1]: active_state_fn ---> loaded_state_fn 
11-16 09:56:25.241: D/sound_trigger_hw(751): stdev_stop_recognition:[1] Exit status 0
11-16 09:56:25.242: I/GsaVoiceInteractionSrv(4175): Stop Hotword Recognition status: true
11-16 09:56:25.243: I/ContactLocale(14412): AddressBook Labels [[en]]: [, A, B, C, D, E, F, G, H, I, J, K, L, M, N, O, P, Q, R, S, T, U, V, W, X, Y, Z, , , , , , , , , , , , , , , , , , , , , , , , , , , , , , , , , , , , , , , , , , , , , , , , , , , , , , , , , , , , , , , , , , , , , , , , , , , , , , , , , , , , , , , , , , , , , , , , , , , , , , , , , , , , , , , , , , , , , , , , , , , , , , , , , , , , , , , , , , , , , , , , , , , , , , , , , , , , , , , , , , , , , , , , , , , , , , , , , , , , , , , , , , , #, ]
11-16 09:56:25.246: E/lugins.sprintd(18131): Not starting debugger since process cannot load the jdwp agent.
11-16 09:56:25.250: I/ContactsProvider(14412): Locale has changed from [en_US] to [en]
11-16 09:56:25.261: I/ContactsDatabaseHelper(14412): Switching to locale [en] (ICU v60.2)
11-16 09:56:25.264: W/libprocessgroup(1248): kill(-11138, 9) failed: No such process
11-16 09:56:25.264: I/libprocessgroup(1248): Successfully killed process cgroup uid 10007 pid 11138 in 47ms
11-16 09:56:25.267: I/FontLog(11123): Received query Google Sans, URI content://com.google.android.gms.fonts [CONTEXT service_id=132 ]
