11-16 09:56:33.114: W/ChimeraUtils(11123): Module com.google.android.gms.nearby has empty metadata display_name_string_id
11-16 09:56:33.115: I/OpaEligibilityChecker(10013): send OpaEligibilityChange broadcast to CommonBroadcastReceiver
11-16 09:56:33.115: W/ChimeraUtils(11123): Module com.google.android.gms.nearby has empty metadata display_name_string_id
11-16 09:56:33.117: I/DefaultSticker(3676): Received android.intent.action.LOCALE_CHANGED broadcast from null
11-16 09:56:33.120: I/OpaEnabledReceiver(3697): Dispatching OPA eligble = true; AGSA = true; OPA enabled = true
11-16 09:56:33.120: I/OpaLayout(3697): Setting opa enabled to true
11-16 09:56:33.120: I/OpaLayout(3697): Setting opa enabled to true
11-16 09:56:33.122: W/SearchServiceCore(10013): Abort, client detached.
11-16 09:56:33.122: I/HotwordHelper(10013): hasHotwordEverywhere-false
11-16 09:56:33.124: I/BgTaskExecutorImpl(10013): Starting EXCLUSIVE background task SEND_GSA_HOME_REQUEST.
11-16 09:56:33.126: W/KeyphraseEnrollmentInfo(4175): No enrollment application supports the given keyphrase/locale: 'Ok Google'/en
11-16 09:56:33.126: I/GsaVoiceInteractionSrv(4175): Creating AOHD: Keyphrase - Ok Google, Locale - en/en-GB
11-16 09:56:33.127: W/SoundTriggerHelper(1248): Attempting stopRecognition without a successful startRecognition
11-16 09:56:33.127: I/FirebaseJobDispatcher(3676): Schedule task: DefaultStickerUpdate. Success.
11-16 09:56:33.127: I/DefaultStickerUpdate(3676): Scheduled update for locale=en, data=DefaultStickerTaskData{enabled=true, metadataUriPrefix=https://www.gstatic.com/android/keyboard/stickers/configs/v5/, supportedLanguage=en}, and reason=BROADCAST_LOCALE_CHANGED
11-16 09:56:33.128: W/AlwaysOnHotwordDetector(4175): stopRecognition() failed with error code -2147483648
11-16 09:56:33.128: W/AlwaysOnHotwordDetector(4175): Received message: 1 for an invalid detector
11-16 09:56:33.131: I/BgTaskExecutorImpl(10013): Starting EXCLUSIVE background task UPDATE_HOTWORD_MODELS.
11-16 09:56:33.142: W/SoundModelDBHelper(1248): No SoundModel available for the given keyphrase
11-16 09:56:33.143: I/OpaEnabledReceiver(3697): Dispatching OPA eligble = true; AGSA = true; OPA enabled = true
11-16 09:56:33.143: I/OpaLayout(3697): Setting opa enabled to true
11-16 09:56:33.143: I/OpaLayout(3697): Setting opa enabled to true
11-16 09:56:33.145: I/ThreadRunner(10013): setContextAndRunner
11-16 09:56:33.145: I/ActivityManager(1248): Start proc 19053:com.google.android.music:main/u0a75 for broadcast com.google.android.music/.notifications.NotificationChannelInitializationBroadcastReceiver
11-16 09:56:33.148: I/ModelDownloadController(10013): requestHotwordModelUpdate modelType-OK_GOOGLE
11-16 09:56:33.148: I/ActivityManager(1248): START u0 {act=com.android.intent.action.MANAGE_VOICE_KEYPHRASES flg=0x10000000 pkg=com.android.hotwordenrollment.okgoogle cmp=com.android.hotwordenrollment.okgoogle/.EnrollmentActivity (has extras)} from uid 10047
11-16 09:56:33.149: W/ModelDownloadController(10013): Failed fetching the hotword model location configuration
11-16 09:56:33.149: E/ModelDownloadController(10013): Invalid hotword model location.
11-16 09:56:33.156: D/AndroidRuntime(19027): >>>>>> START com.android.internal.os.RuntimeInit uid 2000 <<<<<<
11-16 09:56:33.157: E/roid.music:mai(19053): Not starting debugger since process cannot load the jdwp agent.
11-16 09:56:33.160: D/android.hardware.power@1.3-service.crosshatch-libperfmgr(768): LAUNCH ON
11-16 09:56:33.164: W/KeyphraseEnrollmentInfo(4175): No enrollment application supports the given keyphrase/locale: 'X Google'/en
11-16 09:56:33.164: W/SearchServiceCore(10013): Abort, client detached.
11-16 09:56:33.165: I/chatty(10013): uid=10047 com.google.android.googlequicksearchbox:search identical 2 lines
11-16 09:56:33.165: W/SearchServiceCore(10013): Abort, client detached.
11-16 09:56:33.179: W/SessionLifecycleManager(10013): Client : AttachedClient[44039276799972705, ClientConfig[mFlags=[default, headless, launch_external_voice_search_ui, support_transparent_background, legacy_leave_behind_dirty_session_fixme] mSuggestFlags=[0] mClientId=HOTWORD_SERVICE mSessionType=search]] has no associated SessionController
11-16 09:56:33.179: W/SearchServiceCore(10013): Abort, client detached.
11-16 09:56:33.189: I/ActivityManager(1248): Start proc 19069:com.android.hotwordenrollment.okgoogle/u0a45 for activity com.android.hotwordenrollment.okgoogle/.EnrollmentActivity
11-16 09:56:33.179: I/chatty(10013): uid=10047 com.google.android.googlequicksearchbox:search identical 1 line
11-16 09:56:33.179: W/SearchServiceCore(10013): Abort, client detached.
11-16 09:56:33.196: I/roid.music:mai(19053): The ClassLoaderContext is a special shared library.
11-16 09:56:33.201: E/llment.okgoogl(19069): Not starting debugger since process cannot load the jdwp agent.
11-16 09:56:33.211: I/app_process(19027): The ClassLoaderContext is a special shared library.
11-16 09:56:33.223: W/ActivityManager(1248): Unable to start service Intent { cmp=com.google.android.gm/com.android.email.service.AttachmentService } U=0: not found
11-16 09:56:33.229: I/PeopleDatabaseHelper(13241): Updating DB locale: en_US -> en
11-16 09:56:33.236: D/AndroidRuntime(19027): Calling main entry com.android.commands.am.Am
11-16 09:56:33.238: I/ActivityManager(1248): Killing 18053:com.android.chrome/u0a107 (adj 906): empty #17
11-16 09:56:33.239: E/libc(19069): Access denied finding property "vendor.debug.egl.profiler"
11-16 09:56:33.239: W/libprocessgroup(1248): kill(-18053, 9) failed: No such process
11-16 09:56:33.235: W/com.android.hotwordenrollment.okgoogle(19069): type=1400 audit(0.0:325): avc: denied { read } for comm=45474C20496E6974 name="u:object_r:vendor_default_prop:s0" dev="tmpfs" ino=19652 scontext=u:r:priv_app:s0:c512,c768 tcontext=u:object_r:vendor_default_prop:s0 tclass=file permissive=0
11-16 09:56:33.243: I/ActivityManager(1248): Force stopping androidx.navigation.testing.test appid=10172 user=0: start instr
11-16 09:56:33.246: I/MultiDex(19053): VM with version 2.1.0 has multidex support
11-16 09:56:33.246: I/MultiDex(19053): install
11-16 09:56:33.246: I/MultiDex(19053): VM has multidex support, MultiDex support library is disabled.
11-16 09:56:33.256: I/EnrollmentActivity(19069): Started by non-activity for action: 0, keyphrase: Ok Google, locale: en-GB
11-16 09:56:33.257: I/Zygote(737): Process 18053 exited due to signal (9)
11-16 09:56:33.260: I/ActivityManager(1248): Start proc 19098:androidx.navigation.testing.test/u0a172 for added application androidx.navigation.testing.test
11-16 09:56:33.260: D/OpenGLRenderer(19069): Skia GL Pipeline
11-16 09:56:33.261: I/PeopleSearchIndexManage(13241): Marking for index update.
11-16 09:56:33.271: I/on.testing.tes(19098): Late-enabling -Xcheck:jni
11-16 09:56:33.274: I/akia(11123): Removed 0 invalid users [CONTEXT service_id=51 ]
11-16 09:56:33.278: I/PeopleDatabaseHelper(13241): cleanUpNonGplusAccounts done.
11-16 09:56:33.278: D/BoundBrokerSvc(13241): onBind: Intent { act=com.google.android.gms.findmydevice.spot.service.locationreport.START cmp=com.google.android.gms/.chimera.GmsApiService }
11-16 09:56:33.278: D/BoundBrokerSvc(13241): Loading bound service for intent: Intent { act=com.google.android.gms.findmydevice.spot.service.locationreport.START cmp=com.google.android.gms/.chimera.GmsApiService }
11-16 09:56:33.279: I/PeopleSearchIndexManage(13241): Index version changed from 0
11-16 09:56:33.284: W/libprocessgroup(1248): kill(-18053, 9) failed: No such process
11-16 09:56:33.284: I/libprocessgroup(1248): Successfully killed process cgroup uid 10107 pid 18053 in 45ms
11-16 09:56:33.285: I/Adreno(19069): QUALCOMM build                   : 3f88ca2, I42f6fe38fb
11-16 09:56:33.285: I/Adreno(19069): Build Date                       : 07/13/18
11-16 09:56:33.285: I/Adreno(19069): OpenGL ES Shader Compiler Version: EV031.24.00.00
11-16 09:56:33.285: I/Adreno(19069): Local Branch                     : 50.04
11-16 09:56:33.285: I/Adreno(19069): Remote Branch                    : 
11-16 09:56:33.285: I/Adreno(19069): Remote Branch                    : 
11-16 09:56:33.285: I/Adreno(19069): Reconstruct Branch               : 
11-16 09:56:33.285: I/Adreno(19069): Build Config                     : S P 4.0.10 AArch64
11-16 09:56:33.285: W/SoundTriggerHelper(1248): Attempting stopRecognition without a successful startRecognition
11-16 09:56:33.285: W/AlwaysOnHotwordDetector(4175): stopRecognition() failed with error code -2147483648
11-16 09:56:33.287: E/libc(19069): Access denied finding property "ro.vendor.graphics.memory"
11-16 09:56:33.288: I/Adreno(19069): PFP: 0x016ee170, ME: 0x00000000
11-16 09:56:33.285: W/RenderThread(19069): type=1400 audit(0.0:326): avc: denied { read } for name="u:object_r:vendor_default_prop:s0" dev="tmpfs" ino=19652 scontext=u:r:priv_app:s0:c512,c768 tcontext=u:object_r:vendor_default_prop:s0 tclass=file permissive=0
11-16 09:56:33.291: D/MusicLifecycle(19053): com.google.android.music.store.ConfigContentProvider generated event: Content provider created
11-16 09:56:33.291: I/ConfigStore(19069): android::hardware::configstore::V1_0::ISurfaceFlingerConfigs::hasWideColorDisplay retrieved: 1
11-16 09:56:33.291: I/ConfigStore(19069): android::hardware::configstore::V1_0::ISurfaceFlingerConfigs::hasHDRDisplay retrieved: 1
11-16 09:56:33.291: I/EnrollmentActivity(19069): Enroll keyphrase Ok Googleoperation succeeded for en-GB
11-16 09:56:33.292: I/OpenGLRenderer(19069): Initialized EGL, version 1.4
11-16 09:56:33.292: D/OpenGLRenderer(19069): Swap behavior 2
11-16 09:56:33.296: I/GoogleInputMethod(3676): onFinishInput() : Dummy InputConnection bound
11-16 09:56:33.297: I/GoogleInputMethod(3676): onStartInput() : Dummy InputConnection bound
11-16 09:56:33.301: I/GoogleInputMethod(3676): onFinishInput() : Dummy InputConnection bound
11-16 09:56:33.301: I/GoogleInputMethod(3676): onStartInput() : Dummy InputConnection bound
11-16 09:56:33.304: E/libc(19069): Access denied finding property "vendor.gralloc.enable_ahardware_buffer"
11-16 09:56:33.304: I/GsaVoiceInteractionSrv(4175): Not starting recognition
11-16 09:56:33.302: W/RenderThread(19069): type=1400 audit(0.0:327): avc: denied { read } for name="u:object_r:vendor_default_prop:s0" dev="tmpfs" ino=19652 scontext=u:r:priv_app:s0:c512,c768 tcontext=u:object_r:vendor_default_prop:s0 tclass=file permissive=0
11-16 09:56:33.306: I/PeopleSearchIndexManage(13241): Rebuilding index...
11-16 09:56:33.307: D/MusicLifecycle(19053): com.google.android.music.api.MusicPublicContentProvider generated event: Content provider created
11-16 09:56:33.318: D/MusicLifecycle(19053): com.google.android.music.store.MusicContentProvider generated event: Content provider created
11-16 09:56:33.318: I/BackdropActivity(18110): onResume()
11-16 09:56:33.328: I/ActivityManager(1248): Activity requesting to dismiss Keyguard: ActivityRecord{9cef07c u0 com.google.android.apps.mtaas.backdrop/.BackdropActivity t4}
11-16 09:56:33.332: I/HotwordHelper(10013): hasHotwordEverywhere-false
11-16 09:56:33.335: D/MusicLifecycle(19053): com.google.android.music.ui.PhoneMusicApplication generated event: Application created
11-16 09:56:33.344: W/SurfaceFlinger(647): Attempting to destroy on removed layer: AppWindowToken{8dafcac token=Token{11b3a5f ActivityRecord{b71e2fe u0 com.android.hotwordenrollment.okgoogle/.EnrollmentActivity t5}}}#0
11-16 09:56:33.344: W/SessionLifecycleManager(10013): Client : AttachedClient[44039276799972710, ClientConfig[mFlags=[default, headless, launch_external_voice_search_ui, support_transparent_background, legacy_leave_behind_dirty_session_fixme] mSuggestFlags=[0] mClientId=HOTWORD_SERVICE mSessionType=search]] has no associated SessionController
11-16 09:56:33.344: W/SearchServiceCore(10013): Abort, client detached.
11-16 09:56:33.344: I/chatty(10013): uid=10047 com.google.android.googlequicksearchbox:search identical 1 line
11-16 09:56:33.344: W/SearchServiceCore(10013): Abort, client detached.
11-16 09:56:33.354: D/android.hardware.power@1.3-service.crosshatch-libperfmgr(768): LAUNCH OFF
11-16 09:56:33.356: I/ActivityManager(1248): Killing 13808:com.google.android.gms.ui/u0a7 (adj 906): empty #17
11-16 09:56:33.356: I/NearbyDiscovery(11123): Show notifications: 0 total, no changes since last shown, no-op. [CONTEXT service_id=49 ]
11-16 09:56:33.357: W/libprocessgroup(1248): kill(-13808, 9) failed: No such process
11-16 09:56:33.374: I/PeopleASM(13241): Rebuilding autocomplete index...
11-16 09:56:33.375: I/PeopleSearchIndexManage(13241): Rebuilding index done.
11-16 09:56:33.377: I/on.testing.tes(19098): The ClassLoaderContext is a special shared library.
11-16 09:56:33.379: I/on.testing.tes(19098): The ClassLoaderContext is a special shared library.
11-16 09:56:33.380: I/Zygote(736): Process 13808 exited due to signal (9)
11-16 09:56:33.387: D/MusicLifecycle(19053): com.google.android.music.store.ConfigContentProvider generated event: initializing
11-16 09:56:33.387: W/libprocessgroup(1248): kill(-13808, 9) failed: No such process
11-16 09:56:33.387: I/libprocessgroup(1248): Successfully killed process cgroup uid 10007 pid 13808 in 30ms
11-16 09:56:33.389: I/BaseStore(19053): ConfigStore database version: 1
11-16 09:56:33.406: I/Wear_Controller(11123): Wearable module requires a companion app to be installed.
11-16 09:56:33.406: I/WearableService(11123): onCreate: Wearable Services not starting. Wear is not available on this device.
11-16 09:56:33.410: W/roid.music:mai(19053): Unknown chunk type '200'.
11-16 09:56:33.413: I/roid.music:mai(19053): The ClassLoaderContext is a special shared library.
11-16 09:56:33.413: I/chatty(19053): uid=10075 com.google.android.music:main identical 1 line
11-16 09:56:33.415: I/roid.music:mai(19053): The ClassLoaderContext is a special shared library.
11-16 09:56:33.432: V/NativeCrypto(19053): Registering com/google/android/gms/org/conscrypt/NativeCrypto's 294 native methods...
11-16 09:56:33.446: D/NetworkSecurityConfig(19053): No Network Security Config specified, using platform default
11-16 09:56:33.454: I/ProviderInstaller(19053): Installed default security provider GmsCore_OpenSSL
11-16 09:56:33.454: D/AndroidMusic(19053): GMSCore installation verified
11-16 09:56:33.468: W/Nearby(11123): Bind call too late - someone already tried to get: interface bopq [CONTEXT service_id=49 ]
11-16 09:56:33.491: D/fpc_hidl(19135): fpc fingerprint hwbinder service starting
11-16 09:56:33.491: D/QSEECOMAPI(19135): QSEECom_get_handle sb_length = 0x80
11-16 09:56:33.492: D/QSEECOMAPI(19135): App is not loaded in QSEE
11-16 09:56:33.492: D/QSEECOMAPI(19135): app_arch = 2, total_files = 9
11-16 09:56:33.524: I/NearbyMessages(11123): OfflineCache: old scanner cache is not enabled [CONTEXT service_id=62 ]
11-16 09:56:33.527: I/MusicExperimentManager(19053): Received config change, experiments list is null
11-16 09:56:33.527: W/MusicExperimentManager(19053): Parsing error while updating analysis experiments
11-16 09:56:33.543: I/TopChartsIcing(19053): Starting 'com.google.android.music.sync.google.MusicGcmTaskService
11-16 09:56:33.547: I/BaseStore(19053): Store database version: 146
11-16 09:56:33.548: D/QSEECOMAPI(19135): Loaded image: APP id = 256
11-16 09:56:33.552: E/fpc_tac(19135): fpcbuildinfo : 575ddab5b91efea67ee1d200fc813ff2fpc_bio=bd35c3fec78219829149bea6c9ec961e6f655b90C:prodtestlib=4304cf5c884c198624b749af3482befacbd3028eC:fpc_c_core=dc194509594e837dedfb5452aaf06fcb61977135C:fpc_lib=cd5b7b876c3d69afa68a11ac6fd86f873e70817bC:cac=297e11552c60a3607ed664cf44c3e4b36ab2e737C:fpc_bio_interface=94a457caecae31eca8ef04b64c3f82a018e9bbc0C:fpc_sensor=ba909a5500944acafe47a0ef3a49f89509aadfb6C:tools_core=94ddf1e684cfa6c99f0f237f7cc35f3962e0e597C:sensor_settings=4fcf864fb493ae0272a9b2806446b379d99fd8ceC:fingerprint_ta=066bc0ab880960a4a69b74a328c7d7871c72225bC:fingerprint_pal=0deb9a478a3572872639f9cb2559ccc464ee3f9bC:manifests=dcb3d8ab0bdb7a5b341839d8c75bb88fc7f5e1a4C:Manifesttag=SW23.3.0-PDR1.0.5:jenkins@84ffd74dac44:Thu,17May201810:17:08+0200:FPC_SENSOR_TYPE=FPC_SENSOR_TYPE_FPC1270:FPC_CC_TYPE=FPC_COMPANION_CHIP_FPC2050:FPC_C_TYPE=FPC_COATING_NORMAL
11-16 09:56:33.552: E/fpc_tac(19135): fpcbuildtype : build=RELEASE sensor=9
11-16 09:56:33.553: W/EventHub(1248): Unable to disable kernel key repeat for /dev/input/event3: Function not implemented
11-16 09:56:33.554: I/EventHub(1248): wakeMechanism=EPOLLWAKEUP, usingClockIoctl=true
11-16 09:56:33.554: I/EventHub(1248): New device: id=256, fd=169, path='/dev/input/event3', name='uinput-fpc', classes=0x101, configuration='/system/usr/idc/uinput-fpc.idc', keyLayout='/system/usr/keylayout/uinput-fpc.kl', keyCharacterMap='/system/usr/keychars/Generic.kcm', builtinKeyboard=true, 
11-16 09:56:33.554: W/InputReader(1248): Ignoring spurious device added event for deviceId 0.
11-16 09:56:33.563: W/WearableService(11123): onGetService: Wear is not available on this device.
11-16 09:56:33.598: I/PlaybackClient(19053): init: Initializing
11-16 09:56:33.613: D/ConnectivityService(1248): Returning BLOCKED NetworkInfo to uid=10075
11-16 09:56:33.614: I/Icing(13241): IndexChimeraService.getServiceInterface callingPackage=com.google.android.gms componentName=AppsCorpus serviceId=32
11-16 09:56:33.621: I/NearbyDiscovery(11123): FastPairScanner2: isScreenOn=true, scanWithScreenOff=false, isLocationEnabled=true, disableLocationRequirement=false, isDiscoveryScanningEnabled=true [CONTEXT service_id=49 ]
11-16 09:56:33.636: D/BluetoothAdapter(11123): isLeEnabled(): OFF
11-16 09:56:33.637: I/NearbyDiscovery(11123): FastPairScanner2: eventType=SERVICE_INITIALIZE, intReq=false, scanning=false, scanAllowed=true, bleEnabled=false, bleScanAvailable=false, lockScanRate=false [CONTEXT service_id=49 ]
11-16 09:56:33.637: I/NearbyDiscovery(11123): FastPairScanner2: register location ble observer [CONTEXT service_id=49 ]
11-16 09:56:33.649: I/NearbyDiscovery(11123): FastPairScanner2: BLE not available, eventType=SERVICE_INITIALIZE [CONTEXT service_id=49 ]
11-16 09:56:33.649: I/Icing(13241): Query from package: com.google.android.gms, component: AppsCorpus, restrict package: com.google.android.gms, start: 0, num: 100
11-16 09:56:33.653: I/NearbyDiscovery(11123): FastPair: HeadsetPieceImage, grant permission files:0 [CONTEXT service_id=49 ]
11-16 09:56:33.653: I/NearbyDiscovery(11123): FastPairEventStream: Initialize event stream [CONTEXT service_id=49 ]
11-16 09:56:33.655: D/MusicLifecycle(19053): com.google.android.music.notifications.NotificationChannelInitializationBroadcastReceiver generated event: Broadcast received with context android.app.ReceiverRestrictedContext@91262cc and intent Intent { act=android.intent.action.LOCALE_CHANGED flg=0x11200010 cmp=com.google.android.music/.notifications.NotificationChannelInitializationBroadcastReceiver }
11-16 09:56:33.660: W/Icing(13241): No valid account for uploading user actions
11-16 09:56:33.662: I/NearbyDiscovery(11123): Show notifications: 0 total, no changes since last shown, no-op. [CONTEXT service_id=49 ]
11-16 09:56:33.663: I/NearbyDiscovery(11123): FastPairHandler: Received action android.net.wifi.STATE_CHANGE [CONTEXT service_id=49 ]
11-16 09:56:33.663: I/NearbyDiscovery(11123): FastPairHandler: Received action android.net.conn.CONNECTIVITY_CHANGE [CONTEXT service_id=49 ]
11-16 09:56:33.664: D/MusicLifecycle(19053): com.google.android.music.net.NetworkConnectivityMonitor$NetworkChangedReceiver generated event: Broadcast received with context com.google.android.music.ui.PhoneMusicApplication@5ab18b5 and intent Intent { act=android.net.conn.CONNECTIVITY_CHANGE flg=0x4200010 (has extras) }
11-16 09:56:33.664: I/NetworkConnectivity(19053): Network state changed: [type: WIFI[], state: DISCONNECTED/BLOCKED, reason: (unspecified), extra: (none), failover: false, available: true, roaming: false]
11-16 09:56:33.673: D/MusicLifecycle(19053): com.google.android.music.download.EncapsulatedBroadcastReceiver$1 generated event: Broadcast received with context com.google.android.music.ui.PhoneMusicApplication@5ab18b5 and intent Intent { act=com.google.android.music.ResumeStorageMigration flg=0x10 (has extras) }
11-16 09:56:33.682: I/ActivityManager(1248): Start proc 19155:com.google.android.youtube/u0a80 for broadcast com.google.android.youtube/com.google.android.apps.youtube.app.application.system.LocaleUpdatedReceiver
11-16 09:56:33.685: E/android.youtub(19155): Not starting debugger since process cannot load the jdwp agent.
11-16 09:56:33.686: D/MusicLifecycle(19053): com.google.android.music.download.artwork.ArtDownloadService generated event: Service created
11-16 09:56:33.708: I/android.youtub(19155): The ClassLoaderContext is a special shared library.
11-16 09:56:33.714: W/AdvertisingIdClient(19053): Error while reading from SharedPreferences 
11-16 09:56:33.714: W/AdvertisingIdClient(19053): java.lang.SecurityException: MODE_WORLD_READABLE no longer supported
11-16 09:56:33.714: W/AdvertisingIdClient(19053): 	at android.app.ContextImpl.checkMode(ContextImpl.java:2495)
11-16 09:56:33.714: W/AdvertisingIdClient(19053): 	at android.app.ContextImpl.getSharedPreferences(ContextImpl.java:414)
11-16 09:56:33.714: W/AdvertisingIdClient(19053): 	at android.app.ContextImpl.getSharedPreferences(ContextImpl.java:404)
11-16 09:56:33.714: W/AdvertisingIdClient(19053): 	at com.google.android.gms.ads.identifier.AdvertisingIdClient.getAdvertisingIdInfo(Unknown Source:12)
11-16 09:56:33.714: W/AdvertisingIdClient(19053): 	at com.google.android.music.preferences.MusicPreferences.getAdvertisingIdInfo(MusicPreferences.java:2476)
11-16 09:56:33.714: W/AdvertisingIdClient(19053): 	at com.google.android.music.preferences.MusicPreferences.access$1000(MusicPreferences.java:83)
11-16 09:56:33.714: W/AdvertisingIdClient(19053): 	at com.google.android.music.preferences.MusicPreferences$7.run(MusicPreferences.java:2457)
11-16 09:56:33.714: W/AdvertisingIdClient(19053): 	at com.google.android.music.utils.async.TraceableRunnable.runLogged(TraceableRunnable.java:21)
11-16 09:56:33.714: W/AdvertisingIdClient(19053): 	at com.google.android.music.utils.async.LoggedRunnable.run(LoggedRunnable.java:30)
11-16 09:56:33.714: W/AdvertisingIdClient(19053): 	at android.os.Handler.handleCallback(Handler.java:873)
11-16 09:56:33.714: W/AdvertisingIdClient(19053): 	at android.os.Handler.dispatchMessage(Handler.java:99)
11-16 09:56:33.714: W/AdvertisingIdClient(19053): 	at com.google.android.music.utils.LoggableHandler.dispatchMessage(LoggableHandler.java:74)
11-16 09:56:33.714: W/AdvertisingIdClient(19053): 	at android.os.Looper.loop(Looper.java:193)
11-16 09:56:33.714: W/AdvertisingIdClient(19053): 	at android.os.HandlerThread.run(HandlerThread.java:65)
11-16 09:56:33.721: I/Icing(13241): Usage reports ok 2, Failed Usage reports 0, indexed 0, rejected 0
11-16 09:56:33.725: I/Icing(13241): IndexChimeraService.getServiceInterface callingPackage=com.google.android.gms componentName=null serviceId=30
11-16 09:56:33.731: I/ActivityManager(1248): Killing 18131:com.android.sdm.plugins.sprintdm/1001 (adj 906): empty #17
11-16 09:56:33.733: W/libprocessgroup(1248): kill(-18131, 9) failed: No such process
11-16 09:56:33.737: D/MusicLifecycle(19053): com.google.android.music.download.EncapsulatedBroadcastReceiver$1 generated event: Broadcast received with context com.google.android.music.ui.PhoneMusicApplication@5ab18b5 and intent Intent { act=com.google.android.music.download.keepon.KeeponSchedulingService.START_DOWNLOAD flg=0x10 }
11-16 09:56:33.752: I/Zygote(736): Process 18131 exited due to signal (9)
11-16 09:56:33.757: D/AwarenessRouter(19053): 0 new fences
11-16 09:56:33.763: D/AwarenessRouter(19053): 0 fences already registered
11-16 09:56:33.774: W/on.testing.tes(19098): Accessing hidden method Landroid/app/Instrumentation;->execStartActivity(Landroid/content/Context;Landroid/os/IBinder;Landroid/os/IBinder;Landroid/app/Activity;Landroid/content/Intent;ILandroid/os/Bundle;)Landroid/app/Instrumentation$ActivityResult; (light greylist, linking)
11-16 09:56:33.774: W/on.testing.tes(19098): Accessing hidden method Landroid/app/Instrumentation;->execStartActivity(Landroid/content/Context;Landroid/os/IBinder;Landroid/os/IBinder;Ljava/lang/String;Landroid/content/Intent;ILandroid/os/Bundle;)Landroid/app/Instrumentation$ActivityResult; (light greylist, linking)
11-16 09:56:33.777: W/libprocessgroup(1248): kill(-18131, 9) failed: No such process
11-16 09:56:33.777: I/libprocessgroup(1248): Successfully killed process cgroup uid 1001 pid 18131 in 44ms
11-16 09:56:33.779: I/MonitoringInstr(19098): Instrumentation started!
11-16 09:56:33.784: W/YT(19155): Last known version:13.23.60
11-16 09:56:33.788: V/TestEventClient(19098): No service name argument was given (testDiscoveryService, testRunEventService or orchestratorService)
11-16 09:56:33.790: D/AwarenessRouter(19053): Successfully removed 0 context fences
11-16 09:56:33.791: I/MonitoringInstr(19098): No JSBridge.
11-16 09:56:33.808: D/InfraTrack(19098): Tracking disabled due to lack of internet permissions
11-16 09:56:33.808: I/UsageTrackerFacilitator(19098): Usage tracking disabled
11-16 09:56:33.819: I/TestRequestBuilder(19098): Scanning classpath to find tests in paths [/data/app/androidx.navigation.testing.test-pk8Vjkh6_026pHrkRl1SkA==/base.apk]
11-16 09:56:33.820: W/on.testing.tes(19098): Opening an oat file without a class loader. Are you using the deprecated DexFile APIs?
11-16 09:56:33.822: W/YouTube(19155): Fetching the Gservices key 'failsafe_clear_cache_release_13_02' before the end of the bulk initialization
11-16 09:56:33.904: E/android.youtub(19155): The String#value field is not present on Android versions >= 6.0
11-16 09:56:33.972: D/ConnectivityService(1248): Returning BLOCKED NetworkInfo to uid=10080
11-16 09:56:34.002: W/android.youtub(19155): Unknown chunk type '200'.
11-16 09:56:34.014: E/YouTube(19155): flushBinderConnectionCallbacks is unverified on SDK 28
11-16 09:56:34.019: I/android.youtub(19155): The ClassLoaderContext is a special shared library.
11-16 09:56:34.022: E/YouTube(19155): Failed delayed event dispatch, no dispatchers.
11-16 09:56:34.025: W/Icing(13241): No valid account for uploading user actions
11-16 09:56:34.027: I/android.youtub(19155): The ClassLoaderContext is a special shared library.
11-16 09:56:34.032: I/Icing(13241): Usage reports ok 0, Failed Usage reports 0, indexed 0, rejected 0
11-16 09:56:34.039: I/Icing(13241): Indexing com.google.android.gms-apps from com.google.android.gms
11-16 09:56:34.045: I/android.youtub(19155): The ClassLoaderContext is a special shared library.
11-16 09:56:34.120: I/CrashMetricService(19155): Startup metric for 'PRIMES_CRASH_MONITORING_INITIALIZED' dropped.
11-16 09:56:34.194: W/SearchServiceCore(10013): Abort, client detached.
11-16 09:56:34.195: W/SearchServiceCore(10013): Abort, client detached.
11-16 09:56:34.198: I/Icing(13241): Indexing done com.google.android.gms-apps
11-16 09:56:34.219: W/android.youtub(19155): Unsupported class loader
11-16 09:56:34.266: W/android.youtub(19155): Skipping duplicate class check due to unsupported classloader
11-16 09:56:34.286: E/ExecutionCriteria(11123): Package unavailable for task: com.google.android.apps.gcs/com.google.android.flib.phenotype.services.PhenotypeExperimentCommitService{u=0 tag="PhenotypeExpCommitSvc" trigger=window{start=0s,end=30s,earliest=-1166s,latest=-1136s} requirements=[NET_ANY] attributes=[PERSISTED] scheduled=-1166s last_run=N/A exec_window_multiplier=1.0000 jid=N/A status=PENDING retries=0 client_lib=MANCHEGO_GCM-11732000} [CONTEXT service_id=218 ]
11-16 09:56:34.290: I/DynamiteModule(19155): Considering local module com.google.android.gms.ads.dynamite:0 and remote module com.google.android.gms.ads.dynamite:213806100
11-16 09:56:34.290: I/DynamiteModule(19155): Selected remote version of com.google.android.gms.ads.dynamite, version >= 213806100
11-16 09:56:34.325: I/ActivityManager(1248): Killing 18152:com.android.vending:instant_app_installer/u0a14 (adj 906): empty #17
11-16 09:56:34.326: W/libprocessgroup(1248): kill(-18152, 9) failed: No such process
11-16 09:56:34.338: I/.gms.persisten(11123): Background concurrent copying GC freed 185553(9MB) AllocSpace objects, 28(988KB) LOS objects, 49% free, 13MB/26MB, paused 52us total 130.762ms
11-16 09:56:34.340: I/ActivityManager(1248): Start proc 19262:com.google.intelligence.sense/u0a31 for broadcast com.google.intelligence.sense/.ambientmusic.SystemBroadcastReceiver
11-16 09:56:34.351: E/elligence.sens(19262): Not starting debugger since process cannot load the jdwp agent.
11-16 09:56:34.369: I/FirebaseJobDispatcher(3676): onStartJob(): DefaultStickerUpdate.
11-16 09:56:34.370: I/DefaultStickerUpdate(3676): Submitted task to executor service with data=DefaultStickerTaskData{enabled=true, metadataUriPrefix=https://www.gstatic.com/android/keyboard/stickers/configs/v5/, supportedLanguage=en}
11-16 09:56:34.370: I/Zygote(737): Process 18152 exited due to signal (9)
11-16 09:56:34.370: W/libprocessgroup(1248): kill(-18152, 9) failed: No such process
11-16 09:56:34.370: I/libprocessgroup(1248): Successfully killed process cgroup uid 10014 pid 18152 in 44ms
11-16 09:56:34.371: D/QSEECOMAPI(19135): QSEECom_get_handle sb_length = 0x400
11-16 09:56:34.371: D/QSEECOMAPI(19135): App is already loaded QSEE and app id = 1
11-16 09:56:34.373: E/fpc_tac(19135): qsee_km_get_encapsulated_key KEYMASTER_GET_AUTH_TOKEN_KEY returned status=-24
11-16 09:56:34.373: D/QSEECOMAPI(19135): QSEECom_dealloc_memory 
11-16 09:56:34.374: D/QSEECOMAPI(19135): QSEECom_shutdown_app, app_id = 1
11-16 09:56:34.374: E/fpc_fingerprint_hal(19135): fpc_hal_open failed
11-16 09:56:34.375: I/EventHub(1248): Removing device '/dev/input/event3' due to inotify event
11-16 09:56:34.375: I/EventHub(1248): Removed device: path=/dev/input/event3 name=uinput-fpc id=256 fd=169 classes=0x101
11-16 09:56:34.375: W/EventHub(1248): built-in keyboard device /dev/input/event3 (id=256) is closing! the apps will not like this
11-16 09:56:34.376: W/InputReader(1248): Ignoring spurious device removed event for deviceId 256.
11-16 09:56:34.391: I/NetworkScheduler.Stats(11123): Task com.google.android.inputmethod.latin/ started execution. cause:7 exec_start_elapsed_seconds: 1270 [CONTEXT service_id=218 ]
11-16 09:56:34.392: D/NetworkSecurityConfig(3676): No Network Security Config specified, using platform default
11-16 09:56:34.393: D/QSEECOMAPI(19135): QSEECom_dealloc_memory 
11-16 09:56:34.393: D/QSEECOMAPI(19135): QSEECom_shutdown_app, app_id = 256
11-16 09:56:34.400: W/android.youtub(19155): Unknown chunk type '200'.
11-16 09:56:34.401: I/DefaultStickerUpdate(3676): Started update task with DefaultStickerTaskData{enabled=true, metadataUriPrefix=https://www.gstatic.com/android/keyboard/stickers/configs/v5/, supportedLanguage=en}
11-16 09:56:34.407: I/DefaultStickerUpdate(3676): Read metadata file from cache with 267141 bytes
11-16 09:56:34.415: E/ExecutionCriteria(11123): Package unavailable for task: com.google.android.apps.gcs/com.google.android.flib.phenotype.services.PhenotypeExperimentCommitService{u=0 tag="PhenotypeExpCommitSvc" trigger=window{start=0s,end=30s,earliest=-1166s,latest=-1136s} requirements=[NET_ANY] attributes=[PERSISTED] scheduled=-1166s last_run=N/A exec_window_multiplier=1.0000 jid=N/A status=PENDING retries=0 client_lib=MANCHEGO_GCM-11732000} [CONTEXT service_id=218 ]
11-16 09:56:34.435: I/BgTaskExecutorImpl(10013): Starting EXCLUSIVE background task FETCH_CONFIGS_FROM_PHENOTYPE.
11-16 09:56:34.437: W/native(19262): commandlineflags.cc:1511 Ignoring RegisterValidateFunction() for flag pointer 0x7d78062598: no flag found at that address
11-16 09:56:34.447: I/akhr(11123): Scheduling Phenotype for a PhenotypeSyncImmediately(13, com.google.android.googlequicksearchbox) one off with window [1, 2] in seconds [CONTEXT service_id=51 ]
11-16 09:56:34.470: E/elligence.sens(19262): The String#value field is not present on Android versions >= 6.0
11-16 09:56:34.471: I/droid.apps.tip(18626): Waiting for a blocking GC ProfileSaver
11-16 09:56:34.512: I/Superpacks(19262): Releasing all superpacks except ambientmusic-index-17_09_02
11-16 09:56:34.515: W/android.youtub(19155): Unsupported class loader
11-16 09:56:34.520: W/NotificationService(1248): Notification policy access denied calling getAutomaticZenRules
11-16 09:56:34.524: I/ActivityManager(1248): Killing 18183:com.google.android.apps.docs/u0a128 (adj 906): empty #17
11-16 09:56:34.525: W/libprocessgroup(1248): kill(-18183, 9) failed: No such process
11-16 09:56:34.536: I/ActivityManager(1248): Start proc 19308:com.google.android.apps.chromecast.app/u0a149 for broadcast com.google.android.apps.chromecast.app/com.google.android.libraries.notifications.entrypoints.localechanged.LocaleChangedReceiver
11-16 09:56:34.533: W/libprocessgroup(1248): kill(-18183, 9) failed: No such process
11-16 09:56:34.541: E/.chromecast.ap(19308): Not starting debugger since process cannot load the jdwp agent.
11-16 09:56:34.549: I/Superpacks(19262): Starting garbage collection
11-16 09:56:34.550: W/Superpacks(19262): isDirectory returned false while listing files for /data/user/0/com.google.intelligence.sense/files/superpacks
11-16 09:56:34.558: I/.chromecast.ap(19308): The ClassLoaderContext is a special shared library.
11-16 09:56:34.572: W/libprocessgroup(1248): kill(-18183, 9) failed: No such process
11-16 09:56:34.579: I/Zygote(736): Process 18183 exited due to signal (9)
11-16 09:56:34.584: W/libprocessgroup(1248): kill(-18183, 9) failed: No such process
11-16 09:56:34.584: I/libprocessgroup(1248): Successfully killed process cgroup uid 10128 pid 18183 in 58ms
11-16 09:56:34.589: W/android.youtub(19155): Skipping duplicate class check due to unsupported classloader
11-16 09:56:34.680: D/DynamitePackage(19155): Instantiated singleton DynamitePackage.
11-16 09:56:34.680: D/DynamitePackage(19155): Instantiating com.google.android.gms.ads.adshield.ChimeraAdShieldCreatorImpl
11-16 09:56:34.703: D/TestExecutor(19098): Adding listener androidx.test.internal.runner.listener.LogRunListener
11-16 09:56:34.704: D/TestExecutor(19098): Adding listener androidx.test.internal.runner.listener.InstrumentationResultPrinter
11-16 09:56:34.704: D/TestExecutor(19098): Adding listener androidx.test.internal.runner.listener.ActivityFinisherRunListener
11-16 09:56:34.707: I/TestRunner(19098): run started: 11 tests
11-16 09:56:34.710: I/TestRunner(19098): started: testDsl(androidx.navigation.testing.TestNavHostControllerTest)
11-16 09:56:34.733: D/BoundBrokerSvc(11123): onUnbind: Intent { act=com.google.android.gms.nearby.exposurenotification.START cmp=com.google.android.gms/.chimera.PersistentApiService }
11-16 09:56:34.736: I/DefaultStickerUpdate(3676): Received 6 sticker packs in metadata
11-16 09:56:34.783: I/TestRunner(19098): finished: testDsl(androidx.navigation.testing.TestNavHostControllerTest)
11-16 09:56:34.786: I/TestRunner(19098): started: testCustomNavigator(androidx.navigation.testing.TestNavHostControllerTest)
11-16 09:56:34.790: I/EventLogSendingHelper(10013): Sending log events.
11-16 09:56:34.796: I/TestRunner(19098): finished: testCustomNavigator(androidx.navigation.testing.TestNavHostControllerTest)
11-16 09:56:34.799: I/TestRunner(19098): started: testStartBackStack(androidx.navigation.testing.TestNavHostControllerTest)
11-16 09:56:34.804: I/TestRunner(19098): finished: testStartBackStack(androidx.navigation.testing.TestNavHostControllerTest)
11-16 09:56:34.806: I/TestRunner(19098): started: testSetDestinationId(androidx.navigation.testing.TestNavHostControllerTest)
11-16 09:56:34.824: I/TestRunner(19098): finished: testSetDestinationId(androidx.navigation.testing.TestNavHostControllerTest)
11-16 09:56:34.827: I/TestRunner(19098): started: testNavigateBackStack(androidx.navigation.testing.TestNavHostControllerTest)
11-16 09:56:34.838: I/TestRunner(19098): finished: testNavigateBackStack(androidx.navigation.testing.TestNavHostControllerTest)
11-16 09:56:34.840: I/EventLogSendingHelper(10013): Sending log events.
11-16 09:56:34.841: I/TestRunner(19098): started: testSetDestinationWithArgs(androidx.navigation.testing.TestNavHostControllerTest)
11-16 09:56:34.855: I/TestRunner(19098): finished: testSetDestinationWithArgs(androidx.navigation.testing.TestNavHostControllerTest)
11-16 09:56:34.860: I/TestRunner(19098): started: testFloatingWindowLifecycle(androidx.navigation.testing.TestNavigatorStateTest)
11-16 09:56:34.883: I/TestRunner(19098): finished: testFloatingWindowLifecycle(androidx.navigation.testing.TestNavigatorStateTest)
11-16 09:56:34.886: I/TestRunner(19098): started: testLifecycle(androidx.navigation.testing.TestNavigatorStateTest)
11-16 09:56:34.886: I/DefaultStickerUpdate(3676): Created 152 indexables
11-16 09:56:34.890: I/TestRunner(19098): finished: testLifecycle(androidx.navigation.testing.TestNavigatorStateTest)
11-16 09:56:34.893: I/TestRunner(19098): started: testWithTransitionLifecycle(androidx.navigation.testing.TestNavigatorStateTest)
11-16 09:56:34.905: I/TestRunner(19098): finished: testWithTransitionLifecycle(androidx.navigation.testing.TestNavigatorStateTest)
11-16 09:56:34.908: I/TestRunner(19098): started: testSameEntry(androidx.navigation.testing.TestNavigatorStateTest)
11-16 09:56:34.918: I/TestRunner(19098): finished: testSameEntry(androidx.navigation.testing.TestNavigatorStateTest)
11-16 09:56:34.921: I/TestRunner(19098): started: testNewInstanceBeforeComplete(androidx.navigation.testing.TestNavigatorStateTest)
11-16 09:56:34.936: W/.chromecast.ap(19308): JIT profile information will not be recorded: profile file does not exits.
11-16 09:56:34.936: I/chatty(19308): uid=10149(com.google.android.apps.chromecast.app) identical 1 line
11-16 09:56:34.936: W/.chromecast.ap(19308): JIT profile information will not be recorded: profile file does not exits.
11-16 09:56:34.938: I/TestRunner(19098): finished: testNewInstanceBeforeComplete(androidx.navigation.testing.TestNavigatorStateTest)
11-16 09:56:34.940: I/TestRunner(19098): run finished: 11 tests, 0 failed, 0 ignored
11-16 09:56:34.942: I/Icing(13241): Indexing com.google.android.gms-internal.3p:MobileApplication from com.google.android.gms
11-16 09:56:34.944: I/MonitoringInstr(19098): waitForActivitiesToComplete() took: 0ms
11-16 09:56:34.945: I/ActivityManager(1248): Force stopping androidx.navigation.testing.test appid=10172 user=0: finished inst
11-16 09:56:34.946: W/Binder(1248): Outgoing transactions from this process must be FLAG_ONEWAY
11-16 09:56:34.946: W/Binder(1248): java.lang.Throwable
11-16 09:56:34.946: W/Binder(1248): 	at android.os.BinderProxy.transact(Binder.java:1116)
11-16 09:56:34.946: W/Binder(1248): 	at android.app.IInstrumentationWatcher$Stub$Proxy.instrumentationFinished(IInstrumentationWatcher.java:164)
11-16 09:56:34.946: W/Binder(1248): 	at com.android.server.am.InstrumentationReporter$MyThread.run(InstrumentationReporter.java:86)
11-16 09:56:34.946: I/ActivityManager(1248): Killing 19098:androidx.navigation.testing.test/u0a172 (adj 0): stop androidx.navigation.testing.test
11-16 09:56:34.946: D/AndroidRuntime(19027): Shutting down VM
11-16 09:56:34.947: W/libprocessgroup(1248): kill(-19098, 9) failed: No such process
11-16 09:56:34.960: I/Icing(13241): Indexing done com.google.android.gms-internal.3p:MobileApplication
11-16 09:56:34.966: I/Icing(13241): Indexing com.android.chrome-internal.3p:WebPage from com.android.chrome
11-16 09:56:34.971: E/SQLiteLog(13241): (1) no such table: WebPage_com.android.chrome_seq_table
11-16 09:56:34.971: E/Icing(13241): Cursor call threw an exception: no such table: WebPage_com.android.chrome_seq_table (code 1 SQLITE_ERROR): , while compiling: SELECT * FROM [WebPage_com.android.chrome_seq_table] WHERE seqno>0 AND tag IS NULL ORDER BY seqno LIMIT 20
11-16 09:56:34.972: I/Icing(13241): Indexing done com.android.chrome-internal.3p:WebPage
11-16 09:56:34.972: E/Icing(13241): Aborting indexing of corpus internal.3p:WebPage
11-16 09:56:34.973: I/Zygote(736): Process 19098 exited due to signal (9)
11-16 09:56:34.984: W/PrimesInit(19308): Primes instant initialization
11-16 09:56:34.985: W/Primes(19308): background initialization
11-16 09:56:34.987: W/libprocessgroup(1248): kill(-19098, 9) failed: No such process
11-16 09:56:34.987: I/libprocessgroup(1248): Successfully killed process cgroup uid 10172 pid 19098 in 40ms
11-16 09:56:35.030: I/PrimesTesting(19308): GserviceFlagsSupplier.get()
11-16 09:56:35.038: W/SilentFeedbackConfig(10013): Renaming current_experiments.bin.tmp to current_experiments.bin failed
11-16 09:56:35.064: I/dex2oat(19341): The ClassLoaderContext is a special shared library.
11-16 09:56:35.065: I/dex2oat(19341): /system/bin/dex2oat --dex-file=/data/user/0/com.google.android.youtube/cache/1629828815138.jar --output-vdex-fd=86 --oat-fd=87 --oat-location=/data/user/0/com.google.android.youtube/cache/oat/arm64/1629828815138.odex --compiler-filter=quicken --class-loader-context=&
11-16 09:56:35.102: I/BlobLobber(10013): Canceling downloads: [odws2_en:us:807_2019-07-21_260300236_release_signed]
11-16 09:56:35.102: I/BlobLobber(10013): Failed to cancel [odws2_en:us:807_2019-07-21_260300236_release_signed]
11-16 09:56:35.106: I/BgTaskExecutorImpl(10013): Starting EXCLUSIVE background task BLOBLOBBER_SYNC.
11-16 09:56:35.123: I/BlobLobber(10013): Canceling downloads: []
11-16 09:56:35.128: I/OpaEnabledReceiver(3697): Dispatching OPA eligble = true; AGSA = true; OPA enabled = true
11-16 09:56:35.128: I/OpaLayout(3697): Setting opa enabled to true
11-16 09:56:35.128: I/OpaLayout(3697): Setting opa enabled to true
11-16 09:56:35.150: I/OpaEnabledReceiver(3697): Dispatching OPA eligble = true; AGSA = true; OPA enabled = true
11-16 09:56:35.150: I/OpaLayout(3697): Setting opa enabled to true
11-16 09:56:35.150: I/OpaLayout(3697): Setting opa enabled to true
11-16 09:56:35.153: I/OpaEligibilityChecker(10013): send OpaEligibilityChange broadcast to CommonBroadcastReceiver
11-16 09:56:35.154: I/OpaEligibilityChecker(10013): send OpaEligibilityChange broadcast to CommonBroadcastReceiver
11-16 09:56:35.167: I/OpaEnabledReceiver(3697): Dispatching OPA eligble = true; AGSA = true; OPA enabled = true
11-16 09:56:35.167: I/OpaLayout(3697): Setting opa enabled to true
11-16 09:56:35.167: I/OpaLayout(3697): Setting opa enabled to true
11-16 09:56:35.171: I/OpaEnabledReceiver(3697): Dispatching OPA eligble = true; AGSA = true; OPA enabled = true
11-16 09:56:35.171: I/OpaLayout(3697): Setting opa enabled to true
11-16 09:56:35.171: I/OpaLayout(3697): Setting opa enabled to true
11-16 09:56:35.255: I/Icing(13241): IndexChimeraService.getServiceInterface callingPackage=com.google.android.googlequicksearchbox componentName=agsa_icing_connection serviceId=32
11-16 09:56:35.257: I/s:nonpersisten(18686): Waiting for a blocking GC ProfileSaver
11-16 09:56:35.260: I/Icing(13241): IndexChimeraService.getServiceInterface callingPackage=com.google.android.googlequicksearchbox componentName=agsa_icing_connection serviceId=33
11-16 09:56:35.261: I/FA(19308): App measurement is starting up, version: 18100
11-16 09:56:35.261: I/FA(19308): To enable debug logging run: adb shell setprop log.tag.FA VERBOSE
11-16 09:56:35.261: I/FA(19308): To enable faster debug mode event logging run:
11-16 09:56:35.261: I/FA(19308):   adb shell setprop debug.firebase.analytics.app com.google.android.apps.chromecast.app
11-16 09:56:35.263: I/s:nonpersisten(18686): WaitForGcToComplete blocked ProfileSaver on HeapTrim for 6.308ms
11-16 09:56:35.273: I/dex2oat(19341): dex2oat took 218.700ms (69.226ms cpu) (threads: 8) arena alloc=17KB (18096B) java alloc=48KB (49168B) native alloc=904KB (926528B) free=2MB (2219200B)
11-16 09:56:35.283: I/android.youtub(19155): The ClassLoaderContext is a special shared library.
11-16 09:56:35.285: W/SearchServiceCore(10013): Abort, client detached.
11-16 09:56:35.285: I/chatty(10013): uid=10047 com.google.android.googlequicksearchbox:search identical 3 lines
11-16 09:56:35.285: W/SearchServiceCore(10013): Abort, client detached.
11-16 09:56:35.285: I/VelourConfigListener(10013): Received new velour config
11-16 09:56:35.289: I/VelourConfigListener(10013): Received new velour config
11-16 09:56:35.295: D/DownloadManager(17848): [83] Starting
11-16 09:56:35.308: I/Icing(13241): IndexChimeraService.getServiceInterface callingPackage=com.google.android.googlequicksearchbox componentName=agsa_icing_connection serviceId=32
11-16 09:56:35.308: I/BgTaskExecutorImpl(10013): Starting EXCLUSIVE background task BLOBLOBBER_SYNC.
11-16 09:56:35.309: I/Icing(13241): IndexChimeraService.getServiceInterface callingPackage=com.google.android.googlequicksearchbox componentName=agsa_icing_connection serviceId=33
11-16 09:56:35.327: I/BgTaskExecutorImpl(10013): Starting EXCLUSIVE background task VELOUR_BACKGROUND_MAINTENANCE.
11-16 09:56:35.342: W/HomeApp|huv(19308): Can't load devices as there is no network connection! Will retry later.
11-16 09:56:35.345: D/ConnectivityService(1248): requestNetwork for uid/pid:10080/19155 NetworkRequest [ TRACK_DEFAULT id=56, [ Capabilities: INTERNET&NOT_RESTRICTED&TRUSTED Unwanted:  Uid: 10080] ]
11-16 09:56:35.345: D/Ethernet(1248): got request NetworkRequest [ TRACK_DEFAULT id=56, [ Capabilities: INTERNET&NOT_RESTRICTED&TRUSTED Unwanted:  Uid: 10080] ] with score 60
11-16 09:56:35.345: D/WIFI_UT(1248): got request NetworkRequest [ TRACK_DEFAULT id=56, [ Capabilities: INTERNET&NOT_RESTRICTED&TRUSTED Unwanted:  Uid: 10080] ] with score 60
11-16 09:56:35.346: D/WIFI(1248): got request NetworkRequest [ TRACK_DEFAULT id=56, [ Capabilities: INTERNET&NOT_RESTRICTED&TRUSTED Unwanted:  Uid: 10080] ] with score 60
11-16 09:56:35.346: D/WIFI_AWARE_FACTORY(1248): got request NetworkRequest [ TRACK_DEFAULT id=56, [ Capabilities: INTERNET&NOT_RESTRICTED&TRUSTED Unwanted:  Uid: 10080] ] with score 60
11-16 09:56:35.346: D/PhoneSwitcherNetworkRequstListener(3825): got request NetworkRequest [ TRACK_DEFAULT id=56, [ Capabilities: INTERNET&NOT_RESTRICTED&TRUSTED Unwanted:  Uid: 10080] ] with score 60
11-16 09:56:35.351: W/BlobLobber(10013): Skipping download (already active): odws2_en:us:511_2019-09-12_270573492_release_signed
11-16 09:56:35.371: I/android.youtub(19155): Rejecting re-init on previously-failed class java.lang.Class<com.google.android.ads.tasks.appdigest.a>: java.lang.NoClassDefFoundError: Failed resolution of: Landroid/content/pm/PackageManager$OnChecksumsReadyListener;
11-16 09:56:35.371: I/android.youtub(19155):   at java.lang.Class dalvik.system.DexFile.defineClassNative(java.lang.String, java.lang.ClassLoader, java.lang.Object, dalvik.system.DexFile) (DexFile.java:-2)
11-16 09:56:35.371: I/android.youtub(19155):   at java.lang.Class dalvik.system.DexFile.defineClass(java.lang.String, java.lang.ClassLoader, java.lang.Object, dalvik.system.DexFile, java.util.List) (DexFile.java:283)
11-16 09:56:35.371: I/android.youtub(19155):   at java.lang.Class dalvik.system.DexFile.loadClassBinaryName(java.lang.String, java.lang.ClassLoader, java.util.List) (DexFile.java:276)
11-16 09:56:35.371: I/android.youtub(19155):   at java.lang.Class dalvik.system.DexPathList$Element.findClass(java.lang.String, java.lang.ClassLoader, java.util.List) (DexPathList.java:724)
11-16 09:56:35.371: I/android.youtub(19155):   at java.lang.Class dalvik.system.DexPathList.findClass(java.lang.String, java.util.List) (DexPathList.java:486)
11-16 09:56:35.371: I/android.youtub(19155):   at java.lang.Class dalvik.system.BaseDexClassLoader.findClass(java.lang.String) (BaseDexClassLoader.java:132)
11-16 09:56:35.371: I/android.youtub(19155):   at java.lang.Class bg.loadClass(java.lang.String, boolean) (:com.google.android.gms.dynamite_dynamiteloader@213614065@21.36.14 (100400-0):2)
11-16 09:56:35.371: I/android.youtub(19155):   at java.lang.Class java.lang.ClassLoader.loadClass(java.lang.String) (ClassLoader.java:312)
11-16 09:56:35.371: I/android.youtub(19155):   at java.util.List xu.r(yv, android.content.Context, bqi, com.google.ads.afma.g) (:com.google.android.gms.policy_ads_fdr_dynamite@213806100@213806100057.397311113.397311113:5)
11-16 09:56:35.371: I/android.youtub(19155):   at java.util.List xv.r(yv, android.content.Context, bqi, com.google.ads.afma.g) (:com.google.android.gms.policy_ads_fdr_dynamite@213806100@213806100057.397311113.397311113:4)
11-16 09:56:35.371: I/android.youtub(19155):   at void xu.s(yv, android.content.Context, bqi, com.google.ads.afma.g) (:com.google.android.gms.policy_ads_fdr_dynamite@213806100@213806100057.397311113.397311113:0)
11-16 09:56:35.371: I/android.youtub(19155):   at bqi xu.m(android.content.Context, com.google.ads.afma.g) (:com.google.android.gms.policy_ads_fdr_dynamite@213806100@213806100057.397311113.397311113:7)
11-16 09:56:35.371: I/android.youtub(19155):   at java.lang.String xp.r(android.content.Context, java.lang.String, int, android.view.View, android.app.Activity, byte[]) (:com.google.android.gms.policy_ads_fdr_dynamite@213806100@213806100057.397311113.397311113:8)
11-16 09:56:35.371: I/android.youtub(19155):   at java.lang.String xp.g(android.content.Context, byte[]) (:com.google.android.gms.policy_ads_fdr_dynamite@213806100@213806100057.397311113.397311113:2)
11-16 09:56:35.371: I/android.youtub(19155):   at java.lang.String com.google.android.gms.ads.adshield.internal.a.b(aqh, byte[]) (:com.google.android.gms.policy_ads_fdr_dynamite@213806100@213806100057.397311113.397311113:1)
11-16 09:56:35.371: I/android.youtub(19155):   at boolean com.google.android.gms.ads.adshield.internal.a.bJ(int, android.os.Parcel, android.os.Parcel) (:com.google.android.gms.policy_ads_fdr_dynamite@213806100@213806100057.397311113.397311113:54)
11-16 09:56:35.371: I/android.youtub(19155):   at boolean zg.onTransact(int, android.os.Parcel, android.os.Parcel, int) (:com.google.android.gms.policy_ads_fdr_dynamite@213806100@213806100057.397311113.397311113:4)
