11-16 09:56:35.371: I/android.youtub(19155):   at boolean android.os.Binder.transact(int, android.os.Parcel, android.os.Parcel, int) (Binder.java:667)
11-16 09:56:35.371: I/android.youtub(19155):   at android.os.Parcel pcs.a(int, android.os.Parcel) (SourceFile:7)
11-16 09:56:35.371: I/android.youtub(19155):   at java.lang.String pkk.a(oms, byte[]) (SourceFile:40)
11-16 09:56:35.371: I/android.youtub(19155):   at java.lang.String nrc.a(android.content.Context, byte[]) (SourceFile:6)
11-16 09:56:35.371: I/android.youtub(19155):   at java.lang.String qis.a(android.content.Context, byte[]) (SourceFile:10)
11-16 09:56:35.371: I/android.youtub(19155):   at java.lang.String skv.a(qio, byte[]) (SourceFile:59)
11-16 09:56:35.371: I/android.youtub(19155):   at java.lang.String skv.g() (SourceFile:41)
11-16 09:56:35.371: I/android.youtub(19155):   at java.lang.String skv.b() (SourceFile:69)
11-16 09:56:35.371: I/android.youtub(19155):   at java.lang.String slq.i() (SourceFile:56)
11-16 09:56:35.371: I/android.youtub(19155):   at java.lang.String slq.b() (SourceFile:32)
11-16 09:56:35.371: I/android.youtub(19155):   at void slq.e() (SourceFile:37)
11-16 09:56:35.371: I/android.youtub(19155):   at void cmk.run() (SourceFile:7)
11-16 09:56:35.371: I/android.youtub(19155):   at java.lang.Object java.util.concurrent.Executors$RunnableAdapter.call() (Executors.java:458)
11-16 09:56:35.371: I/android.youtub(19155):   at void java.util.concurrent.FutureTask.run() (FutureTask.java:266)
11-16 09:56:35.371: I/android.youtub(19155):   at void java.util.concurrent.ScheduledThreadPoolExecutor$ScheduledFutureTask.run() (ScheduledThreadPoolExecutor.java:301)
11-16 09:56:35.371: I/android.youtub(19155):   at void java.util.concurrent.ThreadPoolExecutor.runWorker(java.util.concurrent.ThreadPoolExecutor$Worker) (ThreadPoolExecutor.java:1167)
11-16 09:56:35.371: I/android.youtub(19155):   at void java.util.concurrent.ThreadPoolExecutor$Worker.run() (ThreadPoolExecutor.java:641)
11-16 09:56:35.371: I/android.youtub(19155):   at void ubi.run() (SourceFile:20)
11-16 09:56:35.371: I/android.youtub(19155):   at void java.lang.Thread.run() (Thread.java:764)
11-16 09:56:35.371: I/android.youtub(19155): Caused by: java.lang.ClassNotFoundException: Didn't find class "android.content.pm.PackageManager$OnChecksumsReadyListener" on path: DexPathList[[zip file "/data/user_de/0/com.google.android.gms/app_chimera/m/00000011/dl-AdsFdrDynamite.integ_213806100100000.apk"],nativeLibraryDirectories=[/data/user_de/0/com.google.android.gms/app_chimera/m/00000011/dl-AdsFdrDynamite.integ_213806100100000.apk!/lib/arm64-v8a, /system/lib64]]
11-16 09:56:35.371: I/android.youtub(19155):   at java.lang.Class dalvik.system.BaseDexClassLoader.findClass(java.lang.String) (BaseDexClassLoader.java:134)
11-16 09:56:35.371: I/android.youtub(19155):   at java.lang.Class java.lang.ClassLoader.loadClass(java.lang.String, boolean) (ClassLoader.java:379)
11-16 09:56:35.371: I/android.youtub(19155):   at java.lang.Class bg.loadClass(java.lang.String, boolean) (:com.google.android.gms.dynamite_dynamiteloader@213614065@21.36.14 (100400-0):3)
11-16 09:56:35.371: I/android.youtub(19155):   at java.lang.Class java.lang.ClassLoader.loadClass(java.lang.String) (ClassLoader.java:312)
11-16 09:56:35.371: I/android.youtub(19155):   at java.lang.Class dalvik.system.DexFile.defineClassNative(java.lang.String, java.lang.ClassLoader, java.lang.Object, dalvik.system.DexFile) (DexFile.java:-2)
11-16 09:56:35.371: I/android.youtub(19155):   at java.lang.Class dalvik.system.DexFile.defineClass(java.lang.String, java.lang.ClassLoader, java.lang.Object, dalvik.system.DexFile, java.util.List) (DexFile.java:283)
11-16 09:56:35.371: I/android.youtub(19155):   at java.lang.Class dalvik.system.DexFile.loadClassBinaryName(java.lang.String, java.lang.ClassLoader, java.util.List) (DexFile.java:276)
11-16 09:56:35.371: I/android.youtub(19155):   at java.lang.Class dalvik.system.DexPathList$Element.findClass(java.lang.String, java.lang.ClassLoader, java.util.List) (DexPathList.java:724)
11-16 09:56:35.371: I/android.youtub(19155):   at java.lang.Class dalvik.system.DexPathList.findClass(java.lang.String, java.util.List) (DexPathList.java:486)
11-16 09:56:35.371: I/android.youtub(19155):   at java.lang.Class dalvik.system.BaseDexClassLoader.findClass(java.lang.String) (BaseDexClassLoader.java:132)
11-16 09:56:35.371: I/android.youtub(19155):   at java.lang.Class bg.loadClass(java.lang.String, boolean) (:com.google.android.gms.dynamite_dynamiteloader@213614065@21.36.14 (100400-0):2)
11-16 09:56:35.371: I/android.youtub(19155):   at java.lang.Class java.lang.ClassLoader.loadClass(java.lang.String) (ClassLoader.java:312)
11-16 09:56:35.371: I/android.youtub(19155):   at java.util.List xu.r(yv, android.content.Context, bqi, com.google.ads.afma.g) (:com.google.android.gms.policy_ads_fdr_dynamite@213806100@213806100057.397311113.397311113:5)
11-16 09:56:35.371: I/android.youtub(19155):   at java.util.List xv.r(yv, android.content.Context, bqi, com.google.ads.afma.g) (:com.google.android.gms.policy_ads_fdr_dynamite@213806100@213806100057.397311113.397311113:4)
11-16 09:56:35.371: I/android.youtub(19155):   at void xu.s(yv, android.content.Context, bqi, com.google.ads.afma.g) (:com.google.android.gms.policy_ads_fdr_dynamite@213806100@213806100057.397311113.397311113:0)
11-16 09:56:35.371: I/android.youtub(19155):   at bqi xu.m(android.content.Context, com.google.ads.afma.g) (:com.google.android.gms.policy_ads_fdr_dynamite@213806100@213806100057.397311113.397311113:7)
11-16 09:56:35.371: I/android.youtub(19155):   at java.lang.String xp.r(android.content.Context, java.lang.String, int, android.view.View, android.app.Activity, byte[]) (:com.google.android.gms.policy_ads_fdr_dynamite@213806100@213806100057.397311113.397311113:8)
11-16 09:56:35.371: I/android.youtub(19155):   at java.lang.String xp.g(android.content.Context, byte[]) (:com.google.android.gms.policy_ads_fdr_dynamite@213806100@213806100057.397311113.397311113:2)
11-16 09:56:35.371: I/android.youtub(19155):   at java.lang.String com.google.android.gms.ads.adshield.internal.a.b(aqh, byte[]) (:com.google.android.gms.policy_ads_fdr_dynamite@213806100@213806100057.397311113.397311113:1)
11-16 09:56:35.371: I/android.youtub(19155):   at boolean com.google.android.gms.ads.adshield.internal.a.bJ(int, android.os.Parcel, android.os.Parcel) (:com.google.android.gms.policy_ads_fdr_dynamite@213806100@213806100057.397311113.397311113:54)
11-16 09:56:35.371: I/android.youtub(19155):   at boolean zg.onTransact(int, android.os.Parcel, android.os.Parcel, int) (:com.google.android.gms.policy_ads_fdr_dynamite@213806100@213806100057.397311113.397311113:4)
11-16 09:56:35.371: I/android.youtub(19155):   at boolean android.os.Binder.transact(int, android.os.Parcel, android.os.Parcel, int) (Binder.java:667)
11-16 09:56:35.371: I/android.youtub(19155):   at android.os.Parcel pcs.a(int, android.os.Parcel) (SourceFile:7)
11-16 09:56:35.371: I/android.youtub(19155):   at java.lang.String pkk.a(oms, byte[]) (SourceFile:40)
11-16 09:56:35.371: I/android.youtub(19155):   at java.lang.String nrc.a(android.content.Context, byte[]) (SourceFile:6)
11-16 09:56:35.371: I/android.youtub(19155):   at java.lang.String qis.a(android.content.Context, byte[]) (SourceFile:10)
11-16 09:56:35.371: I/android.youtub(19155):   at java.lang.String skv.a(qio, byte[]) (SourceFile:59)
11-16 09:56:35.371: I/android.youtub(19155):   at java.lang.String skv.g() (SourceFile:41)
11-16 09:56:35.371: I/android.youtub(19155):   at java.lang.String skv.b() (SourceFile:69)
11-16 09:56:35.371: I/android.youtub(19155):   at java.lang.String slq.i() (SourceFile:56)
11-16 09:56:35.371: I/android.youtub(19155):   at java.lang.String slq.b() (SourceFile:32)
11-16 09:56:35.371: I/android.youtub(19155):   at void slq.e() (SourceFile:37)
11-16 09:56:35.371: I/android.youtub(19155):   at void cmk.run() (SourceFile:7)
11-16 09:56:35.371: I/android.youtub(19155):   at java.lang.Object java.util.concurrent.Executors$RunnableAdapter.call() (Executors.java:458)
11-16 09:56:35.371: I/android.youtub(19155):   at void java.util.concurrent.FutureTask.run() (FutureTask.java:266)
11-16 09:56:35.371: I/android.youtub(19155):   at void java.util.concurrent.ScheduledThreadPoolExecutor$ScheduledFutureTask.run() (ScheduledThreadPoolExecutor.java:301)
11-16 09:56:35.371: I/android.youtub(19155):   at void java.util.concurrent.ThreadPoolExecutor.runWorker(java.util.concurrent.ThreadPoolExecutor$Worker) (ThreadPoolExecutor.java:1167)
11-16 09:56:35.371: I/android.youtub(19155):   at void java.util.concurrent.ThreadPoolExecutor$Worker.run() (ThreadPoolExecutor.java:641)
11-16 09:56:35.371: I/android.youtub(19155):   at void ubi.run() (SourceFile:20)
11-16 09:56:35.371: I/android.youtub(19155):   at void java.lang.Thread.run() (Thread.java:764)
11-16 09:56:35.372: I/android.youtub(19155): Rejecting re-init on previously-failed class java.lang.Class<com.google.android.ads.tasks.appdigest.a>: java.lang.NoClassDefFoundError: Failed resolution of: Landroid/content/pm/PackageManager$OnChecksumsReadyListener;
11-16 09:56:35.372: I/android.youtub(19155):   at java.lang.Class dalvik.system.DexFile.defineClassNative(java.lang.String, java.lang.ClassLoader, java.lang.Object, dalvik.system.DexFile) (DexFile.java:-2)
11-16 09:56:35.372: I/android.youtub(19155):   at java.lang.Class dalvik.system.DexFile.defineClass(java.lang.String, java.lang.ClassLoader, java.lang.Object, dalvik.system.DexFile, java.util.List) (DexFile.java:283)
11-16 09:56:35.372: I/android.youtub(19155):   at java.lang.Class dalvik.system.DexFile.loadClassBinaryName(java.lang.String, java.lang.ClassLoader, java.util.List) (DexFile.java:276)
11-16 09:56:35.372: I/android.youtub(19155):   at java.lang.Class dalvik.system.DexPathList$Element.findClass(java.lang.String, java.lang.ClassLoader, java.util.List) (DexPathList.java:724)
11-16 09:56:35.372: I/android.youtub(19155):   at java.lang.Class dalvik.system.DexPathList.findClass(java.lang.String, java.util.List) (DexPathList.java:486)
11-16 09:56:35.372: I/android.youtub(19155):   at java.lang.Class dalvik.system.BaseDexClassLoader.findClass(java.lang.String) (BaseDexClassLoader.java:132)
11-16 09:56:35.372: I/android.youtub(19155):   at java.lang.Class bg.loadClass(java.lang.String, boolean) (:com.google.android.gms.dynamite_dynamiteloader@213614065@21.36.14 (100400-0):2)
11-16 09:56:35.372: I/android.youtub(19155):   at java.lang.Class java.lang.ClassLoader.loadClass(java.lang.String) (ClassLoader.java:312)
11-16 09:56:35.372: I/android.youtub(19155):   at java.util.List xu.r(yv, android.content.Context, bqi, com.google.ads.afma.g) (:com.google.android.gms.policy_ads_fdr_dynamite@213806100@213806100057.397311113.397311113:5)
11-16 09:56:35.372: I/android.youtub(19155):   at java.util.List xv.r(yv, android.content.Context, bqi, com.google.ads.afma.g) (:com.google.android.gms.policy_ads_fdr_dynamite@213806100@213806100057.397311113.397311113:4)
11-16 09:56:35.372: I/android.youtub(19155):   at void xu.s(yv, android.content.Context, bqi, com.google.ads.afma.g) (:com.google.android.gms.policy_ads_fdr_dynamite@213806100@213806100057.397311113.397311113:0)
11-16 09:56:35.372: I/android.youtub(19155):   at bqi xu.m(android.content.Context, com.google.ads.afma.g) (:com.google.android.gms.policy_ads_fdr_dynamite@213806100@213806100057.397311113.397311113:7)
11-16 09:56:35.372: I/android.youtub(19155):   at java.lang.String xp.r(android.content.Context, java.lang.String, int, android.view.View, android.app.Activity, byte[]) (:com.google.android.gms.policy_ads_fdr_dynamite@213806100@213806100057.397311113.397311113:8)
11-16 09:56:35.372: I/android.youtub(19155):   at java.lang.String xp.g(android.content.Context, byte[]) (:com.google.android.gms.policy_ads_fdr_dynamite@213806100@213806100057.397311113.397311113:2)
11-16 09:56:35.372: I/android.youtub(19155):   at java.lang.String com.google.android.gms.ads.adshield.internal.a.b(aqh, byte[]) (:com.google.android.gms.policy_ads_fdr_dynamite@213806100@213806100057.397311113.397311113:1)
11-16 09:56:35.372: I/android.youtub(19155):   at boolean com.google.android.gms.ads.adshield.internal.a.bJ(int, android.os.Parcel, android.os.Parcel) (:com.google.android.gms.policy_ads_fdr_dynamite@213806100@213806100057.397311113.397311113:54)
11-16 09:56:35.372: I/android.youtub(19155):   at boolean zg.onTransact(int, android.os.Parcel, android.os.Parcel, int) (:com.google.android.gms.policy_ads_fdr_dynamite@213806100@213806100057.397311113.397311113:4)
11-16 09:56:35.372: I/android.youtub(19155):   at boolean android.os.Binder.transact(int, android.os.Parcel, android.os.Parcel, int) (Binder.java:667)
11-16 09:56:35.372: I/android.youtub(19155):   at android.os.Parcel pcs.a(int, android.os.Parcel) (SourceFile:7)
11-16 09:56:35.372: I/android.youtub(19155):   at java.lang.String pkk.a(oms, byte[]) (SourceFile:40)
11-16 09:56:35.372: I/android.youtub(19155):   at java.lang.String nrc.a(android.content.Context, byte[]) (SourceFile:6)
11-16 09:56:35.372: I/android.youtub(19155):   at java.lang.String qis.a(android.content.Context, byte[]) (SourceFile:10)
11-16 09:56:35.372: I/android.youtub(19155):   at java.lang.String skv.a(qio, byte[]) (SourceFile:59)
11-16 09:56:35.372: I/android.youtub(19155):   at java.lang.String skv.g() (SourceFile:41)
11-16 09:56:35.372: I/android.youtub(19155):   at java.lang.String skv.b() (SourceFile:69)
11-16 09:56:35.372: I/android.youtub(19155):   at java.lang.String slq.i() (SourceFile:56)
11-16 09:56:35.372: I/android.youtub(19155):   at java.lang.String slq.b() (SourceFile:32)
11-16 09:56:35.372: I/android.youtub(19155):   at void slq.e() (SourceFile:37)
11-16 09:56:35.372: I/android.youtub(19155):   at void cmk.run() (SourceFile:7)
11-16 09:56:35.372: I/android.youtub(19155):   at java.lang.Object java.util.concurrent.Executors$RunnableAdapter.call() (Executors.java:458)
11-16 09:56:35.372: I/android.youtub(19155):   at void java.util.concurrent.FutureTask.run() (FutureTask.java:266)
11-16 09:56:35.372: I/android.youtub(19155):   at void java.util.concurrent.ScheduledThreadPoolExecutor$ScheduledFutureTask.run() (ScheduledThreadPoolExecutor.java:301)
11-16 09:56:35.372: I/android.youtub(19155):   at void java.util.concurrent.ThreadPoolExecutor.runWorker(java.util.concurrent.ThreadPoolExecutor$Worker) (ThreadPoolExecutor.java:1167)
11-16 09:56:35.372: I/android.youtub(19155):   at void java.util.concurrent.ThreadPoolExecutor$Worker.run() (ThreadPoolExecutor.java:641)
11-16 09:56:35.372: I/android.youtub(19155):   at void ubi.run() (SourceFile:20)
11-16 09:56:35.372: I/android.youtub(19155):   at void java.lang.Thread.run() (Thread.java:764)
11-16 09:56:35.372: I/android.youtub(19155): Caused by: java.lang.ClassNotFoundException: Didn't find class "android.content.pm.PackageManager$OnChecksumsReadyListener" on path: DexPathList[[zip file "/data/user_de/0/com.google.android.gms/app_chimera/m/00000011/dl-AdsFdrDynamite.integ_213806100100000.apk"],nativeLibraryDirectories=[/data/user_de/0/com.google.android.gms/app_chimera/m/00000011/dl-AdsFdrDynamite.integ_213806100100000.apk!/lib/arm64-v8a, /system/lib64]]
11-16 09:56:35.372: I/android.youtub(19155):   at java.lang.Class dalvik.system.BaseDexClassLoader.findClass(java.lang.String) (BaseDexClassLoader.java:134)
11-16 09:56:35.372: I/android.youtub(19155):   at java.lang.Class java.lang.ClassLoader.loadClass(java.lang.String, boolean) (ClassLoader.java:379)
11-16 09:56:35.372: I/android.youtub(19155):   at java.lang.Class bg.loadClass(java.lang.String, boolean) (:com.google.android.gms.dynamite_dynamiteloader@213614065@21.36.14 (100400-0):3)
11-16 09:56:35.372: I/android.youtub(19155):   at java.lang.Class java.lang.ClassLoader.loadClass(java.lang.String) (ClassLoader.java:312)
11-16 09:56:35.372: I/android.youtub(19155):   at java.lang.Class dalvik.system.DexFile.defineClassNative(java.lang.String, java.lang.ClassLoader, java.lang.Object, dalvik.system.DexFile) (DexFile.java:-2)
11-16 09:56:35.372: I/android.youtub(19155):   at java.lang.Class dalvik.system.DexFile.defineClass(java.lang.String, java.lang.ClassLoader, java.lang.Object, dalvik.system.DexFile, java.util.List) (DexFile.java:283)
11-16 09:56:35.372: I/android.youtub(19155):   at java.lang.Class dalvik.system.DexFile.loadClassBinaryName(java.lang.String, java.lang.ClassLoader, java.util.List) (DexFile.java:276)
11-16 09:56:35.372: I/android.youtub(19155):   at java.lang.Class dalvik.system.DexPathList$Element.findClass(java.lang.String, java.lang.ClassLoader, java.util.List) (DexPathList.java:724)
11-16 09:56:35.372: I/android.youtub(19155):   at java.lang.Class dalvik.system.DexPathList.findClass(java.lang.String, java.util.List) (DexPathList.java:486)
11-16 09:56:35.372: I/android.youtub(19155):   at java.lang.Class dalvik.system.BaseDexClassLoader.findClass(java.lang.String) (BaseDexClassLoader.java:132)
11-16 09:56:35.372: I/android.youtub(19155):   at java.lang.Class bg.loadClass(java.lang.String, boolean) (:com.google.android.gms.dynamite_dynamiteloader@213614065@21.36.14 (100400-0):2)
11-16 09:56:35.372: I/android.youtub(19155):   at java.lang.Class java.lang.ClassLoader.loadClass(java.lang.String) (ClassLoader.java:312)
11-16 09:56:35.372: I/android.youtub(19155):   at java.util.List xu.r(yv, android.content.Context, bqi, com.google.ads.afma.g) (:com.google.android.gms.policy_ads_fdr_dynamite@213806100@213806100057.397311113.397311113:5)
11-16 09:56:35.372: I/android.youtub(19155):   at java.util.List xv.r(yv, android.content.Context, bqi, com.google.ads.afma.g) (:com.google.android.gms.policy_ads_fdr_dynamite@213806100@213806100057.397311113.397311113:4)
11-16 09:56:35.372: I/android.youtub(19155):   at void xu.s(yv, android.content.Context, bqi, com.google.ads.afma.g) (:com.google.android.gms.policy_ads_fdr_dynamite@213806100@213806100057.397311113.397311113:0)
11-16 09:56:35.372: I/android.youtub(19155):   at bqi xu.m(android.content.Context, com.google.ads.afma.g) (:com.google.android.gms.policy_ads_fdr_dynamite@213806100@213806100057.397311113.397311113:7)
11-16 09:56:35.372: I/android.youtub(19155):   at java.lang.String xp.r(android.content.Context, java.lang.String, int, android.view.View, android.app.Activity, byte[]) (:com.google.android.gms.policy_ads_fdr_dynamite@213806100@213806100057.397311113.397311113:8)
11-16 09:56:35.372: I/android.youtub(19155):   at java.lang.String xp.g(android.content.Context, byte[]) (:com.google.android.gms.policy_ads_fdr_dynamite@213806100@213806100057.397311113.397311113:2)
11-16 09:56:35.372: I/android.youtub(19155):   at java.lang.String com.google.android.gms.ads.adshield.internal.a.b(aqh, byte[]) (:com.google.android.gms.policy_ads_fdr_dynamite@213806100@213806100057.397311113.397311113:1)
11-16 09:56:35.372: I/android.youtub(19155):   at boolean com.google.android.gms.ads.adshield.internal.a.bJ(int, android.os.Parcel, android.os.Parcel) (:com.google.android.gms.policy_ads_fdr_dynamite@213806100@213806100057.397311113.397311113:54)
11-16 09:56:35.373: I/android.youtub(19155):   at boolean zg.onTransact(int, android.os.Parcel, android.os.Parcel, int) (:com.google.android.gms.policy_ads_fdr_dynamite@213806100@213806100057.397311113.397311113:4)
11-16 09:56:35.373: I/android.youtub(19155):   at boolean android.os.Binder.transact(int, android.os.Parcel, android.os.Parcel, int) (Binder.java:667)
11-16 09:56:35.373: I/android.youtub(19155):   at android.os.Parcel pcs.a(int, android.os.Parcel) (SourceFile:7)
11-16 09:56:35.373: I/android.youtub(19155):   at java.lang.String pkk.a(oms, byte[]) (SourceFile:40)
11-16 09:56:35.373: I/android.youtub(19155):   at java.lang.String nrc.a(android.content.Context, byte[]) (SourceFile:6)
11-16 09:56:35.373: I/android.youtub(19155):   at java.lang.String qis.a(android.content.Context, byte[]) (SourceFile:10)
11-16 09:56:35.373: I/android.youtub(19155):   at java.lang.String skv.a(qio, byte[]) (SourceFile:59)
11-16 09:56:35.373: I/android.youtub(19155):   at java.lang.String skv.g() (SourceFile:41)
11-16 09:56:35.373: I/android.youtub(19155):   at java.lang.String skv.b() (SourceFile:69)
11-16 09:56:35.373: I/android.youtub(19155):   at java.lang.String slq.i() (SourceFile:56)
11-16 09:56:35.373: I/android.youtub(19155):   at java.lang.String slq.b() (SourceFile:32)
11-16 09:56:35.373: I/android.youtub(19155):   at void slq.e() (SourceFile:37)
11-16 09:56:35.373: I/android.youtub(19155):   at void cmk.run() (SourceFile:7)
11-16 09:56:35.373: I/android.youtub(19155):   at java.lang.Object java.util.concurrent.Executors$RunnableAdapter.call() (Executors.java:458)
11-16 09:56:35.373: I/android.youtub(19155):   at void java.util.concurrent.FutureTask.run() (FutureTask.java:266)
11-16 09:56:35.373: I/android.youtub(19155):   at void java.util.concurrent.ScheduledThreadPoolExecutor$ScheduledFutureTask.run() (ScheduledThreadPoolExecutor.java:301)
11-16 09:56:35.373: I/android.youtub(19155):   at void java.util.concurrent.ThreadPoolExecutor.runWorker(java.util.concurrent.ThreadPoolExecutor$Worker) (ThreadPoolExecutor.java:1167)
11-16 09:56:35.373: I/android.youtub(19155):   at void java.util.concurrent.ThreadPoolExecutor$Worker.run() (ThreadPoolExecutor.java:641)
11-16 09:56:35.373: I/android.youtub(19155):   at void ubi.run() (SourceFile:20)
11-16 09:56:35.373: I/android.youtub(19155):   at void java.lang.Thread.run() (Thread.java:764)
11-16 09:56:35.390: D/NetworkSecurityConfig(17848): Using Network Security Config from resource network_security_config debugBuild: false
11-16 09:56:35.392: D/NetworkSecurityConfig(17848): Using Network Security Config from resource network_security_config debugBuild: false
11-16 09:56:35.423: W/earchbox:searc(10013): Unsupported class loader
11-16 09:56:35.434: D/NetworkSecurityConfig(17848): No Network Security Config specified, using platform default
11-16 09:56:35.451: I/FontLog(11123): Received query Google Sans, URI content://com.google.android.gms.fonts [CONTEXT service_id=132 ]
11-16 09:56:35.451: I/FontLog(11123): Query [Google Sans] resolved to {Google Sans, wdth 100.0, wght 400, ital 0.0, bestEffort false} [CONTEXT service_id=132 ]
11-16 09:56:35.454: I/FontLog(11123): Font PFD returned from cache for {Google Sans, wdth 100.0, wght 400, ital 0.0, bestEffort false} [CONTEXT service_id=132 ]
11-16 09:56:35.454: I/FontLog(11123): Fetch {Google Sans, wdth 100.0, wght 400, ital 0.0, bestEffort false} end status Status{statusCode=SUCCESS, resolution=null} [CONTEXT service_id=132 ]
11-16 09:56:35.460: I/FontLog(11123): Pulling font file for id = 8, cache size = 8 [CONTEXT service_id=132 ]
11-16 09:56:35.464: I/FontLog(11123): Received query Google Sans:500, URI content://com.google.android.gms.fonts [CONTEXT service_id=132 ]
11-16 09:56:35.464: I/FontLog(11123): Query [Google Sans:500] resolved to {Google Sans, wdth 100.0, wght 500, ital 0.0, bestEffort false} [CONTEXT service_id=132 ]
11-16 09:56:35.465: I/FontLog(11123): Font PFD returned from cache for {Google Sans, wdth 100.0, wght 500, ital 0.0, bestEffort false} [CONTEXT service_id=132 ]
11-16 09:56:35.466: I/FontLog(11123): Fetch {Google Sans, wdth 100.0, wght 500, ital 0.0, bestEffort false} end status Status{statusCode=SUCCESS, resolution=null} [CONTEXT service_id=132 ]
11-16 09:56:35.470: I/FontLog(11123): Pulling font file for id = 9, cache size = 7 [CONTEXT service_id=132 ]
11-16 09:56:35.478: I/FontLog(11123): Received query Google Sans Display, URI content://com.google.android.gms.fonts [CONTEXT service_id=132 ]
11-16 09:56:35.478: I/FontLog(11123): Query [Google Sans Display] resolved to {Google Sans Display, wdth 100.0, wght 400, ital 0.0, bestEffort false} [CONTEXT service_id=132 ]
11-16 09:56:35.479: I/FontLog(11123): Font PFD returned from cache for {Google Sans Display, wdth 100.0, wght 400, ital 0.0, bestEffort false} [CONTEXT service_id=132 ]
11-16 09:56:35.480: I/FontLog(11123): Fetch {Google Sans Display, wdth 100.0, wght 400, ital 0.0, bestEffort false} end status Status{statusCode=SUCCESS, resolution=null} [CONTEXT service_id=132 ]
11-16 09:56:35.487: I/FontLog(11123): Pulling font file for id = 10, cache size = 8 [CONTEXT service_id=132 ]
11-16 09:56:35.499: W/GCM(19308): GCM SDK is deprecated, com.google.android.apps.chromecast.app should update to use FCM
11-16 09:56:35.501: W/SearchServiceCore(10013): Abort, client detached.
11-16 09:56:35.503: I/chatty(10013): uid=10047 com.google.android.googlequicksearchbox:search identical 9 lines
11-16 09:56:35.503: W/SearchServiceCore(10013): Abort, client detached.
11-16 09:56:35.529: I/PeopleChimeraService(13241): onService. callbacks = xmw@1a7d, request = com.google.android.gms.common.internal.GetServiceRequest@1cb8d72
11-16 09:56:35.532: I/ActivityManager(1248): Killing 18337:com.google.android.apps.maps/u0a102 (adj 906): empty #17
11-16 09:56:35.534: W/libprocessgroup(1248): kill(-18337, 9) failed: No such process
11-16 09:56:35.546: I/ActivityManager(1248): Start proc 19418:com.google.android.apps.tachyon/u0a148 for broadcast com.google.android.apps.tachyon/.common.applifecycle.LocaleChangeReceiver
11-16 09:56:35.548: W/SearchServiceCore(10013): Abort, client detached.
11-16 09:56:35.550: I/chatty(10013): uid=10047 com.google.android.googlequicksearchbox:search identical 5 lines
11-16 09:56:35.550: W/SearchServiceCore(10013): Abort, client detached.
11-16 09:56:35.557: W/libprocessgroup(1248): kill(-18337, 9) failed: No such process
11-16 09:56:35.557: E/id.apps.tachyo(19418): Not starting debugger since process cannot load the jdwp agent.
11-16 09:56:35.566: W/libprocessgroup(1248): kill(-18337, 9) failed: No such process
11-16 09:56:35.578: I/chatty(1248): uid=1000(system) ActivityManager identical 1 line
11-16 09:56:35.589: W/libprocessgroup(1248): kill(-18337, 9) failed: No such process
11-16 09:56:35.604: D/BoundBrokerSvc(11123): onUnbind: Intent { act=com.google.android.gms.clearcut.bootcount.service.START pkg=com.google.android.gms }
11-16 09:56:35.605: I/Zygote(736): Process 18337 exited due to signal (9)
11-16 09:56:35.609: W/libprocessgroup(1248): kill(-18337, 9) failed: No such process
11-16 09:56:35.610: I/libprocessgroup(1248): Successfully killed process cgroup uid 10102 pid 18337 in 76ms
11-16 09:56:35.626: I/dex2oat(19415): The ClassLoaderContext is a special shared library.
11-16 09:56:35.626: I/dex2oat(19415): /system/bin/dex2oat --dex-file=/data/user/0/com.google.android.googlequicksearchbox/files/velour/verified_jars/Jkk1AICSm8V3ZDlxbl8SBoQ_1.jar --output-vdex-fd=87 --oat-fd=90 --oat-location=/data/user/0/com.google.android.googlequicksearchbox/files/velour/verified_jars/oat/arm64/Jkk1AICSm8V3ZDlxbl8SBoQ_1.odex --compiler-filter=quicken --class-loader-context=&
11-16 09:56:35.665: W/StorageManager(17848): fallocate() not supported; falling back to ftruncate()
11-16 09:56:35.678: I/dex2oat(19415): dex2oat took 55.525ms (51.717ms cpu) (threads: 8) arena alloc=6KB (6512B) java alloc=16KB (16400B) native alloc=838KB (858824B) free=1721KB (1762616B)
11-16 09:56:35.686: W/earchbox:searc(10013): Skipping duplicate class check due to unsupported classloader
11-16 09:56:35.693: W/earchbox:searc(10013): Unsupported class loader
11-16 09:56:35.758: I/dex2oat(19442): The ClassLoaderContext is a special shared library.
11-16 09:56:35.759: I/dex2oat(19442): /system/bin/dex2oat --dex-file=/data/user/0/com.google.android.googlequicksearchbox/files/velour/verified_jars/JkypVPMhDohv1875CeSftSg_1.jar --output-vdex-fd=87 --oat-fd=90 --oat-location=/data/user/0/com.google.android.googlequicksearchbox/files/velour/verified_jars/oat/arm64/JkypVPMhDohv1875CeSftSg_1.odex --compiler-filter=quicken --class-loader-context=&
11-16 09:56:35.835: I/dex2oat(19442): dex2oat took 78.183ms (42.813ms cpu) (threads: 8) arena alloc=2344B (2344B) java alloc=16KB (16400B) native alloc=809KB (828784B) free=1238KB (1268368B)
11-16 09:56:35.844: W/earchbox:searc(10013): Skipping duplicate class check due to unsupported classloader
11-16 09:56:35.849: W/id.apps.tachyo(19418): JIT profile information will not be recorded: profile file does not exits.
11-16 09:56:35.849: I/chatty(19418): uid=10148(com.google.android.apps.tachyon) identical 1 line
11-16 09:56:35.849: W/id.apps.tachyo(19418): JIT profile information will not be recorded: profile file does not exits.
11-16 09:56:35.851: W/SearchServiceCore(10013): Abort, client detached.
11-16 09:56:35.851: W/SearchServiceCore(10013): Abort, client detached.
11-16 09:56:35.853: I/BgTaskExecutorImpl(10013): Starting EXCLUSIVE background task VELOUR_BACKGROUND_MAINTENANCE.
11-16 09:56:35.861: W/SearchServiceCore(10013): Abort, client detached.
11-16 09:56:35.861: W/SearchServiceCore(10013): Abort, client detached.
11-16 09:56:35.869: W/earchbox:searc(10013): Unsupported class loader
11-16 09:56:35.873: W/earchbox:searc(10013): Skipping duplicate class check due to unsupported classloader
11-16 09:56:35.876: W/earchbox:searc(10013): Unsupported class loader
11-16 09:56:35.878: W/earchbox:searc(10013): Skipping duplicate class check due to unsupported classloader
11-16 09:56:35.881: W/SearchServiceCore(10013): Abort, client detached.
11-16 09:56:35.981: E/Backup(13241): [BackupTransportMigratorChimeraService] Could not migrate transport!
11-16 09:56:35.983: I/Backup(13241): [BackupTransportMigratorChimeraService] Starting migration...
11-16 09:56:35.987: W/PrimesInit(19418): Primes instant initialization
11-16 09:56:35.988: W/Primes(19418): background initialization
11-16 09:56:36.142: I/PrimesTesting(19418): GserviceFlagsSupplier.get()
11-16 09:56:36.142: I/org.webrtc.Logging(19418): NativeLibrary: Loading native library: jingle_peerconnection_so
11-16 09:56:36.145: I/org.webrtc.Logging(19418): PeerConnectionFactory: PeerConnectionFactory was initialized without an injected Loggable. Any existing Loggable will be deleted.
11-16 09:56:36.183: D/DownloadManager(17848): [83] Finished with status SUCCESS
11-16 09:56:36.250: W/id.apps.tachyo(19418): Unknown chunk type '200'.
11-16 09:56:36.269: E/ExecutionCriteria(11123): Package unavailable for task: com.google.android.apps.gcs/com.google.android.flib.phenotype.services.PhenotypeExperimentCommitService{u=0 tag="PhenotypeExpCommitSvc" trigger=window{start=0s,end=30s,earliest=-1168s,latest=-1138s} requirements=[NET_ANY] attributes=[PERSISTED] scheduled=-1168s last_run=N/A exec_window_multiplier=1.0000 jid=N/A status=PENDING retries=0 client_lib=MANCHEGO_GCM-11732000} [CONTEXT service_id=218 ]
11-16 09:56:36.273: D/EventBus(19418): No subscribers registered for event class gzh
11-16 09:56:36.273: D/EventBus(19418): No subscribers registered for event class sfa
11-16 09:56:36.300: I/ThreadRunner(10013): setContextAndRunner
11-16 09:56:36.349: D/EventBus(19418): No subscribers registered for event class gzh
11-16 09:56:36.349: D/EventBus(19418): No subscribers registered for event class sfa
11-16 09:56:36.351: I/NetworkScheduler.Stats(11123): Task com.google.android.gms/com.google.android.gms.ipa.base.IpaGcmTaskService started execution. cause:9 exec_start_elapsed_seconds: 1272 [CONTEXT service_id=218 ]
11-16 09:56:36.366: I/ActivityManager(1248): Start proc 19495:com.google.android.apps.walletnfcrel/u0a152 for broadcast com.google.android.apps.walletnfcrel/com.google.android.libraries.notifications.entrypoints.localechanged.LocaleChangedReceiver
11-16 09:56:36.370: E/ps.walletnfcre(19495): Not starting debugger since process cannot load the jdwp agent.
11-16 09:56:36.371: I/NetworkScheduler.Stats(11123): Task com.google.android.gms/com.google.android.gms.ipa.base.IpaGcmTaskService finished executing. cause:9 result: 1 elapsed_millis: 29 uptime_millis: 29 exec_start_elapsed_seconds: 1272 [CONTEXT service_id=218 ]
11-16 09:56:36.389: I/ps.walletnfcre(19495): The ClassLoaderContext is a special shared library.
11-16 09:56:36.391: I/DefaultStickerUpdate(3676): Successfully updated sticker index for DefaultStickerTaskData{enabled=true, metadataUriPrefix=https://www.gstatic.com/android/keyboard/stickers/configs/v5/, supportedLanguage=en}
11-16 09:56:36.392: I/FirebaseJobDispatcher(3676): Task: DefaultStickerUpdate successes.
11-16 09:56:36.398: W/Icing(13241): No valid account for uploading user actions
11-16 09:56:36.405: I/Icing(13241): Usage reports ok 0, Failed Usage reports 0, indexed 0, rejected 0
11-16 09:56:36.409: W/Icing(13241): No valid account for uploading user actions
11-16 09:56:36.420: I/Icing(13241): Usage reports ok 0, Failed Usage reports 0, indexed 0, rejected 0
11-16 09:56:36.426: I/system_server(1248): Background concurrent copying GC freed 158281(7MB) AllocSpace objects, 96(4MB) LOS objects, 42% free, 17MB/31MB, paused 60us total 149.909ms
11-16 09:56:36.431: E/ExecutionCriteria(11123): Package unavailable for task: com.google.android.apps.gcs/com.google.android.flib.phenotype.services.PhenotypeExperimentCommitService{u=0 tag="PhenotypeExpCommitSvc" trigger=window{start=0s,end=30s,earliest=-1168s,latest=-1138s} requirements=[NET_ANY] attributes=[PERSISTED] scheduled=-1168s last_run=N/A exec_window_multiplier=1.0000 jid=N/A status=PENDING retries=0 client_lib=MANCHEGO_GCM-11732000} [CONTEXT service_id=218 ]
11-16 09:56:36.432: W/Icing(13241): No valid account for uploading user actions
11-16 09:56:36.439: I/Icing(13241): Usage reports ok 0, Failed Usage reports 0, indexed 0, rejected 0
11-16 09:56:36.443: W/Icing(13241): No valid account for uploading user actions
11-16 09:56:36.451: I/Icing(13241): Usage reports ok 0, Failed Usage reports 0, indexed 0, rejected 0
11-16 09:56:36.452: I/Icing(13241): Indexing com.google.android.inputmethod.latin-internal.3p:StickerPack from com.google.android.inputmethod.latin
11-16 09:56:36.453: I/NetworkScheduler.Stats(11123): Task com.google.android.gms/com.google.android.gms.phenotype.service.sync.PhenotypeConfigurator started execution. cause:5 exec_start_elapsed_seconds: 1272 [CONTEXT service_id=218 ]
11-16 09:56:36.455: E/SQLiteLog(13241): (1) no such table: StickerPack_com.google.android.inputmethod.latin_seq_table
11-16 09:56:36.455: E/Icing(13241): Cursor call threw an exception: no such table: StickerPack_com.google.android.inputmethod.latin_seq_table (code 1 SQLITE_ERROR): , while compiling: SELECT * FROM [StickerPack_com.google.android.inputmethod.latin_seq_table] WHERE seqno>0 AND tag IS NULL ORDER BY seqno LIMIT 20
11-16 09:56:36.456: I/Icing(13241): Indexing done com.google.android.inputmethod.latin-internal.3p:StickerPack
11-16 09:56:36.456: E/Icing(13241): Aborting indexing of corpus internal.3p:StickerPack
11-16 09:56:36.456: I/Icing(13241): Indexing com.google.android.inputmethod.latin-internal.3p:Sticker from com.google.android.inputmethod.latin
11-16 09:56:36.461: I/NetworkScheduler.Stats(11123): Task com.google.android.inputmethod.latin/ finished executing. cause:7 result: 1 elapsed_millis: 2140 uptime_millis: 2140 exec_start_elapsed_seconds: 1270 [CONTEXT service_id=218 ]
11-16 09:56:36.465: E/SQLiteLog(13241): (1) no such table: Sticker_com.google.android.inputmethod.latin_seq_table
11-16 09:56:36.467: E/Icing(13241): Cursor call threw an exception: no such table: Sticker_com.google.android.inputmethod.latin_seq_table (code 1 SQLITE_ERROR): , while compiling: SELECT * FROM [Sticker_com.google.android.inputmethod.latin_seq_table] WHERE seqno>0 AND tag IS NULL ORDER BY seqno LIMIT 20
11-16 09:56:36.468: I/Icing(13241): Indexing done com.google.android.inputmethod.latin-internal.3p:Sticker
11-16 09:56:36.468: E/Icing(13241): Aborting indexing of corpus internal.3p:Sticker
11-16 09:56:36.479: E/ExecutionCriteria(11123): Package unavailable for task: com.google.android.apps.gcs/com.google.android.flib.phenotype.services.PhenotypeExperimentCommitService{u=0 tag="PhenotypeExpCommitSvc" trigger=window{start=0s,end=30s,earliest=-1168s,latest=-1138s} requirements=[NET_ANY] attributes=[PERSISTED] scheduled=-1168s last_run=N/A exec_window_multiplier=1.0000 jid=N/A status=PENDING retries=0 client_lib=MANCHEGO_GCM-11732000} [CONTEXT service_id=218 ]
11-16 09:56:36.496: I/PeopleChimeraService(13241): onService. callbacks = xmw@7c09b5d, request = com.google.android.gms.common.internal.GetServiceRequest@346acd2
11-16 09:56:36.519: W/system_server(1248): Unknown chunk type '200'.
11-16 09:56:36.520: D/RegisteredNfcFServicesCache(4195): Service unchanged, not updating
11-16 09:56:36.529: E/PhoneInterfaceManager(3825): [PhoneIntfMgr] getCarrierPackageNamesForIntent: No UICC
11-16 09:56:36.529: D/CarrierSvcBindHelper(3825): No carrier app for: 0
11-16 09:56:36.530: D/ImsResolver(3825): maybeAddedImsService, packageName: com.google.android.gms
11-16 09:56:36.533: I/Fitness(11123): OnPackageChangedOperation got intent: Intent { act=android.intent.action.PACKAGE_CHANGED dat=package:com.google.android.gms flg=0x45000010 pkg=com.google.android.gms cmp=com.google.android.gms/.chimera.PersistentIntentOperationService (has extras) } [CONTEXT service_id=17 ]
11-16 09:56:36.540: I/InputReader(1248): Reconfiguring input devices.  changes=0x00000010
11-16 09:56:36.541: I/InputReader(1248): Reconfiguring input devices.  changes=0x00000010
11-16 09:56:36.545: D/RegisteredNfcFServicesCache(4195): Service unchanged, not updating
11-16 09:56:36.555: E/PhoneInterfaceManager(3825): [PhoneIntfMgr] getCarrierPackageNamesForIntent: No UICC
11-16 09:56:36.555: D/CarrierSvcBindHelper(3825): No carrier app for: 0
11-16 09:56:36.555: D/ImsResolver(3825): maybeAddedImsService, packageName: com.google.android.calendar
11-16 09:56:36.563: I/PeopleGalProvider(13241): Gal directories started.
11-16 09:56:36.564: I/Fitness(11123): FitCleanupIntentOperation received Intent android.intent.action.PACKAGE_CHANGED [CONTEXT service_id=17 ]
11-16 09:56:36.569: I/Telecom(1248): DefaultDialerCache: Refreshing default dialer for user 0: now com.google.android.dialer: DDC.oR@AKI
11-16 09:56:36.573: I/Fitness(11123): OnPackageChangedOperation got intent: Intent { act=android.intent.action.PACKAGE_CHANGED dat=package:com.google.android.calendar flg=0x45000010 pkg=com.google.android.gms cmp=com.google.android.gms/.chimera.PersistentIntentOperationService (has extras) } [CONTEXT service_id=17 ]
11-16 09:56:36.576: I/PeopleGalProvider(13241): Method 1 completed.
11-16 09:56:36.576: I/PeopleGalProvider(13241): Method 1 finished successfully.
11-16 09:56:36.582: I/Telecom(1248): DefaultDialerCache: Refreshing default dialer for user 0: now com.google.android.dialer: DDC.oR@AKM
11-16 09:56:36.583: W/ChimeraUtils(11123): Module com.google.android.gms.nearby_en has empty metadata display_name_string_id
11-16 09:56:36.588: I/Fitness(11123): FitCleanupIntentOperation received Intent android.intent.action.PACKAGE_CHANGED [CONTEXT service_id=17 ]
11-16 09:56:36.592: I/Icing(13241): updateResources: need to parse zml{com.google.android.gms}
11-16 09:56:36.630: E/system_server(1248): No package ID 7f found for ID 0x7f080152.
11-16 09:56:36.630: E/system_server(1248): No package ID 7f found for ID 0x7f130315.
11-16 09:56:36.630: E/system_server(1248): No package ID 7f found for ID 0x7f130316.
11-16 09:56:36.630: E/system_server(1248): No package ID 7f found for ID 0x7f080153.
11-16 09:56:36.630: E/system_server(1248): No package ID 7f found for ID 0x7f130317.
11-16 09:56:36.630: E/system_server(1248): No package ID 7f found for ID 0x7f130318.
11-16 09:56:36.643: W/Binder(1248): Outgoing transactions from this process must be FLAG_ONEWAY
11-16 09:56:36.643: W/Binder(1248): java.lang.Throwable
11-16 09:56:36.643: W/Binder(1248): 	at android.os.BinderProxy.transact(Binder.java:1116)
11-16 09:56:36.643: W/Binder(1248): 	at com.android.internal.location.ILocationProvider$Stub$Proxy.getProperties(ILocationProvider.java:236)
11-16 09:56:36.643: W/Binder(1248): 	at com.android.server.location.LocationProviderProxy$1$1.run(LocationProviderProxy.java:117)
11-16 09:56:36.643: W/Binder(1248): 	at com.android.server.ServiceWatcher.runOnBinder(ServiceWatcher.java:425)
11-16 09:56:36.643: W/Binder(1248): 	at com.android.server.location.LocationProviderProxy$1.run(LocationProviderProxy.java:111)
11-16 09:56:36.643: W/Binder(1248): 	at android.os.Handler.handleCallback(Handler.java:873)
11-16 09:56:36.643: W/Binder(1248): 	at android.os.Handler.dispatchMessage(Handler.java:99)
11-16 09:56:36.643: W/Binder(1248): 	at android.os.Looper.loop(Looper.java:193)
11-16 09:56:36.643: W/Binder(1248): 	at android.os.HandlerThread.run(HandlerThread.java:65)
11-16 09:56:36.645: W/Binder(1248): Outgoing transactions from this process must be FLAG_ONEWAY
11-16 09:56:36.645: W/Binder(1248): java.lang.Throwable
11-16 09:56:36.645: W/Binder(1248): 	at android.os.BinderProxy.transact(Binder.java:1116)
11-16 09:56:36.645: W/Binder(1248): 	at com.android.internal.location.ILocationProvider$Stub$Proxy.getProperties(ILocationProvider.java:236)
11-16 09:56:36.645: W/Binder(1248): 	at com.android.server.location.LocationProviderProxy$1$1.run(LocationProviderProxy.java:117)
11-16 09:56:36.645: W/Binder(1248): 	at com.android.server.ServiceWatcher.runOnBinder(ServiceWatcher.java:425)
11-16 09:56:36.645: W/Binder(1248): 	at com.android.server.location.LocationProviderProxy$1.run(LocationProviderProxy.java:111)
11-16 09:56:36.645: W/Binder(1248): 	at android.os.Handler.handleCallback(Handler.java:873)
11-16 09:56:36.645: W/Binder(1248): 	at android.os.Handler.dispatchMessage(Handler.java:99)
11-16 09:56:36.645: W/Binder(1248): 	at android.os.Looper.loop(Looper.java:193)
11-16 09:56:36.645: W/Binder(1248): 	at android.os.HandlerThread.run(HandlerThread.java:65)
11-16 09:56:36.668: I/FA(19418): App measurement is starting up, version: 18079
11-16 09:56:36.668: I/FA(19418): To enable debug logging run: adb shell setprop log.tag.FA VERBOSE
11-16 09:56:36.668: I/FA(19418): To enable faster debug mode event logging run:
11-16 09:56:36.668: I/FA(19418):   adb shell setprop debug.firebase.analytics.app com.google.android.apps.tachyon
11-16 09:56:36.676: E/FA(19418): AppMeasurementReceiver not registered/enabled
11-16 09:56:36.677: E/FA(19418): AppMeasurementService not registered/enabled
11-16 09:56:36.677: E/FA(19418): Uploading is not possible. App measurement disabled
11-16 09:56:36.688: I/ActivityManager(1248): Killing 10141:com.google.android.apps.messaging/u0a111 (adj 906): empty #17
11-16 09:56:36.689: W/libprocessgroup(1248): kill(-10141, 9) failed: No such process
11-16 09:56:36.699: I/Icing(13241): Indexing com.google.android.gms-apps from com.google.android.gms
11-16 09:56:36.703: W/libprocessgroup(1248): kill(-10141, 9) failed: No such process
11-16 09:56:36.715: I/Icing(13241): Indexing done com.google.android.gms-apps
11-16 09:56:36.722: W/libprocessgroup(1248): kill(-10141, 9) failed: No such process
11-16 09:56:36.723: I/Zygote(736): Process 10141 exited due to signal (9)
11-16 09:56:36.739: W/libprocessgroup(1248): kill(-10141, 9) failed: No such process
11-16 09:56:36.739: I/libprocessgroup(1248): Successfully killed process cgroup uid 10111 pid 10141 in 49ms
11-16 09:56:36.997: W/DynamiteModule(19495): Local module descriptor class for providerinstaller not found.
11-16 09:56:37.003: I/DynamiteModule(19495): Considering local module providerinstaller:0 and remote module providerinstaller:0
11-16 09:56:37.003: W/ProviderInstaller(19495): Failed to load providerinstaller module: No acceptable module found. Local version is 0 and remote version is 0.
11-16 09:56:37.005: W/ps.walletnfcre(19495): Unknown chunk type '200'.
11-16 09:56:37.008: I/ps.walletnfcre(19495): The ClassLoaderContext is a special shared library.
11-16 09:56:37.009: I/chatty(19495): uid=10152(com.google.android.apps.walletnfcrel) identical 1 line
11-16 09:56:37.009: I/ps.walletnfcre(19495): The ClassLoaderContext is a special shared library.
11-16 09:56:37.011: I/akia(11123): Removed 0 invalid users [CONTEXT service_id=51 ]
11-16 09:56:37.021: V/NativeCrypto(19495): Registering com/google/android/gms/org/conscrypt/NativeCrypto's 294 native methods...
11-16 09:56:37.032: D/NetworkSecurityConfig(19495): No Network Security Config specified, using platform default
11-16 09:56:37.036: I/ProviderInstaller(19495): Installed default security provider GmsCore_OpenSSL
11-16 09:56:37.145: I/BackgroundTaskManager(19495): Executing task PhenotypeRegistrationTask.phenotype_registration with PARALLEL execution policy.
11-16 09:56:37.168: D/BoundBrokerSvc(11123): onBind: Intent { act=com.google.android.gms.tapandpay.service.BIND pkg=com.google.android.gms }
11-16 09:56:37.168: D/BoundBrokerSvc(11123): Loading bound service for intent: Intent { act=com.google.android.gms.tapandpay.service.BIND pkg=com.google.android.gms }
11-16 09:56:37.174: D/BoundBrokerSvc(13241): onUnbind: Intent { act=com.google.android.gms.auth.service.START pkg=com.google.android.gms }
11-16 09:56:37.206: W/PrimesInit(19495): Primes instant initialization
11-16 09:56:37.207: W/Primes(19495): background initialization
11-16 09:56:37.229: I/PrimesTesting(19495): GserviceFlagsSupplier.get()
11-16 09:56:37.278: I/TapAndPayApplication(19495): Successfully initialized Firebase App
11-16 09:56:37.284: I/BackgroundTaskManager(19495): Executing task AccountFreshener.freshen with SEQUENTIAL execution policy.
11-16 09:56:37.291: I/Notifications(19495): [ChimeBroadcastReceiver] Intent received for action [android.intent.action.LOCALE_CHANGED] package [com.google.android.apps.walletnfcrel].
11-16 09:56:37.295: W/GCM(19495): GCM SDK is deprecated, com.google.android.apps.walletnfcrel should update to use FCM
11-16 09:56:37.326: I/Notifications(19495): [ChimeBroadcastReceiver] Validation OK for action [android.intent.action.LOCALE_CHANGED].
11-16 09:56:37.330: I/Notifications(19495): [ChimeBroadcastReceiver] Executing action in BroadcastReceiver [android.intent.action.LOCALE_CHANGED].
11-16 09:56:37.351: W/NetworkScheduler(11123): Immediate task was not started com.google.android.apps.chromecast.app/.gcm.GcmRegistrationService{u=0 tag="GcmRegistrationService" trigger=window{start=0s,end=1s,earliest=0s,latest=0s} requirements=[NET_CONNECTED] attributes=[] scheduled=0s last_run=N/A exec_window_multiplier=1.0000 jid=N/A status=PENDING retries=0 client_lib=MANCHEGO_GCM-18944000}. Rescheduling immediate tasks can cause excessive battery drain.
11-16 09:56:37.357: W/NetworkScheduler(11123): Immediate task was not started com.google.android.apps.chromecast.app/.gcm.GcmRegistrationService{u=0 tag="GcmRegistrationService" trigger=window{start=0s,end=1s,earliest=0s,latest=0s} requirements=[NET_CONNECTED] attributes=[] scheduled=0s last_run=N/A exec_window_multiplier=1.0000 jid=N/A status=PENDING retries=0 client_lib=MANCHEGO_GCM-18944000}. Rescheduling immediate tasks can cause excessive battery drain.
11-16 09:56:37.358: I/akhr(11123): Scheduling adaptive one off task with window [14400, 604800] in seconds [CONTEXT service_id=51 ]
11-16 09:56:37.360: I/ActivityManager(1248): Killing 18646:com.google.android.apps.wellbeing/u0a26 (adj 906): empty #17
11-16 09:56:37.361: W/libprocessgroup(1248): kill(-18646, 9) failed: No such process
11-16 09:56:37.372: I/ActivityManager(1248): Start proc 19565:com.google.android.keep/u0a150 for broadcast com.google.android.keep/.notification.ReminderNotificationReceiver
11-16 09:56:37.375: E/le.android.kee(19565): Not starting debugger since process cannot load the jdwp agent.
11-16 09:56:37.383: I/NetworkScheduler.Stats(11123): Task com.google.android.gms/com.google.android.gms.phenotype.service.sync.PhenotypeConfigurator finished executing. cause:5 result: 1 elapsed_millis: 938 uptime_millis: 938 exec_start_elapsed_seconds: 1272 [CONTEXT service_id=218 ]
11-16 09:56:37.385: I/Zygote(736): Process 18646 exited due to signal (9)
11-16 09:56:37.394: W/libprocessgroup(1248): kill(-18646, 9) failed: No such process
11-16 09:56:37.394: I/libprocessgroup(1248): Successfully killed process cgroup uid 10026 pid 18646 in 33ms
11-16 09:56:37.395: I/le.android.kee(19565): The ClassLoaderContext is a special shared library.
11-16 09:56:37.396: E/ExecutionCriteria(11123): Package unavailable for task: com.google.android.apps.gcs/com.google.android.flib.phenotype.services.PhenotypeExperimentCommitService{u=0 tag="PhenotypeExpCommitSvc" trigger=window{start=0s,end=30s,earliest=-1169s,latest=-1139s} requirements=[NET_ANY] attributes=[PERSISTED] scheduled=-1169s last_run=N/A exec_window_multiplier=1.0000 jid=N/A status=PENDING retries=0 client_lib=MANCHEGO_GCM-11732000} [CONTEXT service_id=218 ]
11-16 09:56:37.417: I/BlobLobber(10013): Handling download id 83 (blob odws2_en:us:511_2019-09-12_270573492_release_signed)
11-16 09:56:37.436: I/FA(19495): App measurement is starting up, version: 18079
11-16 09:56:37.436: I/FA(19495): To enable debug logging run: adb shell setprop log.tag.FA VERBOSE
11-16 09:56:37.437: I/FA(19495): To enable faster debug mode event logging run:
11-16 09:56:37.437: I/FA(19495):   adb shell setprop debug.firebase.analytics.app com.google.android.apps.walletnfcrel
11-16 09:56:37.444: V/DownloadManager(17848): Deleting /storage/emulated/0/Android/data/com.google.android.googlequicksearchbox/files/pending_blobs/odws2_en:us:511_2019-09-12_270573492_release_signed via provider delete
11-16 09:56:37.455: E/ExecutionCriteria(11123): Package unavailable for task: com.google.android.apps.gcs/com.google.android.flib.phenotype.services.PhenotypeExperimentCommitService{u=0 tag="PhenotypeExpCommitSvc" trigger=window{start=0s,end=30s,earliest=-1169s,latest=-1139s} requirements=[NET_ANY] attributes=[PERSISTED] scheduled=-1169s last_run=N/A exec_window_multiplier=1.0000 jid=N/A status=PENDING retries=0 client_lib=MANCHEGO_GCM-11732000} [CONTEXT service_id=218 ]
11-16 09:56:37.462: I/earchbox:searc(10013): The ClassLoaderContext is a special shared library.
11-16 09:56:37.465: I/chatty(10013): uid=10047(com.google.android.googlequicksearchbox) NonUserFacing12 identical 1 line
11-16 09:56:37.467: I/earchbox:searc(10013): The ClassLoaderContext is a special shared library.
