11-16 09:56:25.267: I/FontLog(11123): Query [Google Sans] resolved to {Google Sans, wdth 100.0, wght 400, ital 0.0, bestEffort false} [CONTEXT service_id=132 ]
11-16 09:56:25.268: I/lugins.sprintd(18131): The ClassLoaderContext is a special shared library.
11-16 09:56:25.271: I/lugins.sprintd(18131): The ClassLoaderContext is a special shared library.
11-16 09:56:25.271: I/FontLog(11123): Font PFD returned from cache for {Google Sans, wdth 100.0, wght 400, ital 0.0, bestEffort false} [CONTEXT service_id=132 ]
11-16 09:56:25.272: I/FontLog(11123): Fetch {Google Sans, wdth 100.0, wght 400, ital 0.0, bestEffort false} end status Status{statusCode=SUCCESS, resolution=null} [CONTEXT service_id=132 ]
11-16 09:56:25.280: I/FontLog(11123): Pulling font file for id = 5, cache size = 5 [CONTEXT service_id=132 ]
11-16 09:56:25.293: D/SprintDMReceiver(18131): Received intent: android.intent.action.LOCALE_CHANGED
11-16 09:56:25.297: D/SprintDMHelper(18131): simOperator: 
11-16 09:56:25.298: D/SprintDMHelper(18131): Not Sprint UICC, don't do anything.
11-16 09:56:25.299: I/ActivityManager(1248): Killing 14935:com.google.android.wfcactivation/u0a54 (adj 906): empty #17
11-16 09:56:25.299: W/libprocessgroup(1248): kill(-14935, 9) failed: No such process
11-16 09:56:25.300: E/ExecutionCriteria(11123): Package unavailable for task: com.google.android.apps.gcs/com.google.android.flib.phenotype.services.PhenotypeExperimentCommitService{u=0 tag="PhenotypeExpCommitSvc" trigger=window{start=0s,end=30s,earliest=-1157s,latest=-1127s} requirements=[NET_ANY] attributes=[PERSISTED] scheduled=-1157s last_run=N/A exec_window_multiplier=1.0000 jid=N/A status=PENDING retries=0 client_lib=MANCHEGO_GCM-11732000} [CONTEXT service_id=218 ]
11-16 09:56:25.304: I/system_server(1248): Background concurrent copying GC freed 116944(9MB) AllocSpace objects, 159(3MB) LOS objects, 42% free, 17MB/30MB, paused 58us total 103.370ms
11-16 09:56:25.304: I/BackdropActivity(18110): android_id: 4360773650506801892
11-16 09:56:25.310: I/BackdropActivity(18110): onResume()
11-16 09:56:25.311: I/ActivityManager(1248): Activity requesting to dismiss Keyguard: ActivityRecord{9cef07c u0 com.google.android.apps.mtaas.backdrop/.BackdropActivity t4}
11-16 09:56:25.316: D/OpenGLRenderer(18110): Skia GL Pipeline
11-16 09:56:25.323: I/FTLNetworkMonitor(18110): NetworkMonitoringService was created
11-16 09:56:25.334: I/ContactsDatabaseHelper(14412): Locale change completed in 73ms
11-16 09:56:25.334: I/Zygote(736): Process 14935 exited due to signal (9)
11-16 09:56:25.335: I/ContactsDatabaseHelper(14412): Switching to locale [en] (ICU v60.2)
11-16 09:56:25.340: I/Adreno(18110): QUALCOMM build                   : 3f88ca2, I42f6fe38fb
11-16 09:56:25.340: I/Adreno(18110): Build Date                       : 07/13/18
11-16 09:56:25.340: I/Adreno(18110): OpenGL ES Shader Compiler Version: EV031.24.00.00
11-16 09:56:25.340: I/Adreno(18110): Local Branch                     : 50.04
11-16 09:56:25.340: I/Adreno(18110): Remote Branch                    : 
11-16 09:56:25.340: I/Adreno(18110): Remote Branch                    : 
11-16 09:56:25.340: I/Adreno(18110): Reconstruct Branch               : 
11-16 09:56:25.340: I/Adreno(18110): Build Config                     : S P 4.0.10 AArch64
11-16 09:56:25.342: E/libc(18110): Access denied finding property "ro.vendor.graphics.memory"
11-16 09:56:25.343: I/Adreno(18110): PFP: 0x016ee170, ME: 0x00000000
11-16 09:56:25.339: W/RenderThread(18110): type=1400 audit(0.0:316): avc: denied { read } for name="u:object_r:vendor_default_prop:s0" dev="tmpfs" ino=19652 scontext=u:r:untrusted_app:s0:c163,c256,c512,c768 tcontext=u:object_r:vendor_default_prop:s0 tclass=file permissive=0
11-16 09:56:25.344: W/libprocessgroup(1248): kill(-14935, 9) failed: No such process
11-16 09:56:25.344: I/libprocessgroup(1248): Successfully killed process cgroup uid 10054 pid 14935 in 44ms
11-16 09:56:25.347: I/ConfigStore(18110): android::hardware::configstore::V1_0::ISurfaceFlingerConfigs::hasWideColorDisplay retrieved: 1
11-16 09:56:25.347: I/ConfigStore(18110): android::hardware::configstore::V1_0::ISurfaceFlingerConfigs::hasHDRDisplay retrieved: 1
11-16 09:56:25.348: I/OpenGLRenderer(18110): Initialized EGL, version 1.4
11-16 09:56:25.348: D/OpenGLRenderer(18110): Swap behavior 2
11-16 09:56:25.349: I/ActivityManager(1248): Start proc 18152:com.android.vending:instant_app_installer/u0a14 for broadcast com.android.vending/com.google.android.finsky.instantapps.InstantAppsConfigChangeListener
11-16 09:56:25.355: I/NetworkScheduler.Stats(11123): Task com.google.android.gms/com.google.android.gms.icing.proxy.IcingInternalCorporaUpdateService started execution. cause:9 exec_start_elapsed_seconds: 1261 [CONTEXT service_id=218 ]
11-16 09:56:25.360: E/t_app_installe(18152): Not starting debugger since process cannot load the jdwp agent.
11-16 09:56:25.360: I/NetworkScheduler.Stats(11123): Task com.google.android.gms/com.google.android.gms.phenotype.service.sync.PhenotypeConfigurator started execution. cause:9 exec_start_elapsed_seconds: 1261 [CONTEXT service_id=218 ]
11-16 09:56:25.363: I/FTLNetworkMonitor(18110): Network Info: [type: WIFI[], state: CONNECTED/CONNECTED, reason: (unspecified), extra: (none), failover: false, available: true, roaming: false]
11-16 09:56:25.363: I/FTLNetworkMonitor(18110): Network Info: [type: WIFI[], state: CONNECTED/CONNECTED, reason: (unspecified), extra: (none), failover: false, available: true, roaming: false]
11-16 09:56:25.370: I/NetworkScheduler.Stats(11123): Task com.google.android.gms/com.google.android.gms.icing.proxy.IcingInternalCorporaUpdateService finished executing. cause:9 result: 1 elapsed_millis: 39 uptime_millis: 39 exec_start_elapsed_seconds: 1261 [CONTEXT service_id=218 ]
11-16 09:56:25.369: W/RenderThread(18110): type=1400 audit(0.0:317): avc: denied { read } for name="u:object_r:vendor_default_prop:s0" dev="tmpfs" ino=19652 scontext=u:r:untrusted_app:s0:c163,c256,c512,c768 tcontext=u:object_r:vendor_default_prop:s0 tclass=file permissive=0
11-16 09:56:25.374: E/libc(18110): Access denied finding property "vendor.gralloc.enable_ahardware_buffer"
11-16 09:56:25.377: I/ContactsDatabaseHelper(14412): Locale change completed in 42ms
11-16 09:56:25.380: I/Finsky(12884): [2] abxn.f(7): SCH: Cancelling existing jobscheduler jobs: 9005 9001 9003 9007 
11-16 09:56:25.381: I/Finsky(12884): [2] abxn.c(4): SCH: Scheduling immediate wakeup job with id: 9000
11-16 09:56:25.383: I/t_app_installe(18152): The ClassLoaderContext is a special shared library.
11-16 09:56:25.390: I/Finsky(12884): [2] acbc.onStartJob(3): SCH: onJobSchedulerWakeup with jobId 9000
11-16 09:56:25.392: I/Finsky(12884): [2] abwh.a(9): SCH: Scheduling fallback job with id: 9034, and delay: 43200000 ms
11-16 09:56:25.395: I/Finsky(12884): [2] abwh.b(9): SCH: Scheduling fallback in 64799998 (absolute: 66061099)
11-16 09:56:25.396: I/ContactsFTS(14412): Rebuild contact search index in 17ms, 0 contacts
11-16 09:56:25.401: I/ing.testsuppor(17722): Waiting for a blocking GC ProfileSaver
11-16 09:56:25.404: I/Finsky:instant_app_inst(18152): [2] gft.ay(5): Process created at version: 22.4.28-16 [0] [PR] 338099147
11-16 09:56:25.404: E/ExecutionCriteria(11123): Package unavailable for task: com.google.android.apps.gcs/com.google.android.flib.phenotype.services.PhenotypeExperimentCommitService{u=0 tag="PhenotypeExpCommitSvc" trigger=window{start=0s,end=30s,earliest=-1157s,latest=-1127s} requirements=[NET_ANY] attributes=[PERSISTED] scheduled=-1157s last_run=N/A exec_window_multiplier=1.0000 jid=N/A status=PENDING retries=0 client_lib=MANCHEGO_GCM-11732000} [CONTEXT service_id=218 ]
11-16 09:56:25.417: I/ActivityManager(1248): Displayed com.google.android.apps.mtaas.backdrop/.BackdropActivity: +314ms
11-16 09:56:25.418: I/GoogleInputMethod(3676): onFinishInput() : Dummy InputConnection bound
11-16 09:56:25.418: I/GoogleInputMethod(3676): onStartInput() : Dummy InputConnection bound
11-16 09:56:25.433: W/SurfaceFlinger(647): Attempting to set client state on removed layer: Splash Screen com.google.android.apps.mtaas.backdrop#0
11-16 09:56:25.433: W/SurfaceFlinger(647): Attempting to destroy on removed layer: Splash Screen com.google.android.apps.mtaas.backdrop#0
11-16 09:56:25.444: D/android.hardware.power@1.3-service.crosshatch-libperfmgr(768): LAUNCH OFF
11-16 09:56:25.467: I/ActivityManager(1248): Start proc 18183:com.google.android.apps.docs/u0a128 for broadcast com.google.android.apps.docs/.notification.common.NotificationChannelReceiver
11-16 09:56:25.475: E/droid.apps.doc(18183): Not starting debugger since process cannot load the jdwp agent.
11-16 09:56:25.497: I/droid.apps.doc(18183): The ClassLoaderContext is a special shared library.
11-16 09:56:25.504: I//vendor/bin/hw/android.hardware.health@2.0-service.crosshatch(763): Entry state_: 1 charger_status: Full batteryLevel: 99
11-16 09:56:25.504: I//vendor/bin/hw/android.hardware.health@2.0-service.crosshatch(763): Exit state_: 1 batteryLevel: 100
11-16 09:56:25.507: D/QtiCarrierConfigHelper(3825): WARNING, no carrier configs on phone Id: 0
11-16 09:56:25.525: I/Finsky(12884): [2] abwq.handleMessage(8): SCH: DeviceState: DeviceState{currentTime=1637085385522, isCharging=true, isIdle=false, netAny=true, netNotRoaming=true, netUnmetered=true, batteryPercent=100.0}
11-16 09:56:25.531: I/Finsky(12884): [259] abzb.b(5): SCH: Jobs in database: 1-1337 3-1 12-1 24-77777777 26-1414141414 31-305419896 37-0 
11-16 09:56:25.540: I/Finsky(12884): [2] abwr.b(10): SCH: Running job: 37-0
11-16 09:56:25.543: I/Finsky(12884): [2] LanguageSplitInstallEventJob.d(5): Clear bulk acquire cache.
11-16 09:56:25.545: I/Finsky(12884): [2] ajki.a(1): Checking for new language splits.
11-16 09:56:25.545: I/Finsky(12884): [2] ajki.a(2): Updating language store, changed to [en]
11-16 09:56:25.547: I/Finsky(12884): [2] alsm.b(5): Clearing cache.
11-16 09:56:25.548: D/Volley(12884): [146] alsu.e: Cache cleared.
11-16 09:56:25.549: I/Finsky(12884): [140] hzi.h(3): Commerce cache was cleared.
11-16 09:56:25.551: D/Volley(12884): [188] alsu.e: Cache cleared.
11-16 09:56:25.554: I/Finsky(12884): [268] ajjw.a(14): Existing languages: []
11-16 09:56:25.554: D/Volley(12884): [2] alst.e: Cache cleared.
11-16 09:56:25.559: I/Finsky(12884): [2] abwq.handleMessage(68): SCH: RunningQueue size: 1, PendingQueue size: 0
11-16 09:56:25.559: I/Finsky(12884): [2] abwr.p(3): SCH: Running queue: 37-0 
11-16 09:56:25.564: I/Finsky(12884): [268] ajjz.a(24): Language change to [en], of which [en] are new, removed [].
11-16 09:56:25.564: I/Finsky(12884): [268] ajkf.a(16): Language store updated - wasNewLanguageAdded=true
11-16 09:56:25.565: I/Finsky(12884): [138] ajia.run(13): Checking for language splits...
11-16 09:56:25.585: W/Finsky(12884): [138] fjv.c(22): For unauth, use getDfeApiNonAuthenticated() instead!
11-16 09:56:25.585: I/Finsky(12884): [138] fjv.f(2): getDfeApiOrNonauthenticated is returning unauth api
11-16 09:56:25.596: V/SettingsProvider(1248): Notifying for 0: content://settings/system/accelerometer_rotation
11-16 09:56:25.615: I/PBSessionCacheImpl(10013): Deleted sessionId[841004566516] from persistence.
11-16 09:56:25.667: V/SettingsProvider(1248): Notifying for 0: content://settings/system/user_rotation
11-16 09:56:25.669: W/SearchServiceCore(10013): Abort, client detached.
11-16 09:56:25.770: I/Finsky(12884): [154] lth.l(1): Account name null when calculating account hash
11-16 09:56:25.795: I/akia(11123): Removed 0 invalid users [CONTEXT service_id=51 ]
11-16 09:56:25.972: E/Backup(13241): [BackupTransportMigratorChimeraService] Could not migrate transport!
11-16 09:56:25.975: I/Backup(13241): [BackupTransportMigratorChimeraService] Starting migration...
11-16 09:56:26.174: I/Finsky(12884): [2] ajih.kw(11): BulkDetails response obtained.
11-16 09:56:26.175: I/Finsky(12884): [2] ajja.a(21): No new splits to download.
11-16 09:56:26.176: I/Finsky(12884): [2] ajkh.run(138): Skipping check for new language splits in self-update.
11-16 09:56:26.177: I/Finsky(12884): [2] abya.n(4): SCH: jobFinished: 37-0. TimeElapsed: 637ms.
11-16 09:56:26.178: I/Finsky(12884): [2] abwr.e(4): SCH: Job 37-0 finished. Not rescheduling.
11-16 09:56:26.179: I/Finsky(12884): [2] abwq.handleMessage(68): SCH: RunningQueue size: 0, PendingQueue size: 0
11-16 09:56:26.179: I/Finsky(12884): [2] abwq.handleMessage(26): SCH: Executor finished
11-16 09:56:26.185: I/Finsky(12884): [2] abzb.b(5): SCH: Jobs in database: 1-1337 3-1 12-1 24-77777777 26-1414141414 31-305419896 
11-16 09:56:26.192: I/Finsky(12884): [2] abxn.d(37): SCH: ConstraintMapping: 24-77777777,  -> L: 0ms, D: 81777370ms, C: false, I: true, N: 0
11-16 09:56:26.192: I/Finsky(12884): [2] abxn.d(37): SCH: ConstraintMapping: 1-1337, 12-1, 31-305419896,  -> L: 8172ms, D: 81108652ms, C: false, I: false, N: 1
11-16 09:56:26.193: I/Finsky(12884): [2] abxn.d(37): SCH: ConstraintMapping: 3-1,  -> L: 0ms, D: 85383065ms, C: true, I: true, N: 2
11-16 09:56:26.193: I/Finsky(12884): [2] abxn.d(37): SCH: ConstraintMapping: 26-1414141414,  -> L: 41998345ms, D: 42898345ms, C: false, I: false, N: 0
11-16 09:56:26.194: I/Finsky(12884): [2] abxn.f(7): SCH: Cancelling existing jobscheduler jobs: 
11-16 09:56:26.194: I/Finsky(12884): [2] abxn.e(8): SCH: Throttling wakeup for job 9001 (expected to run in 0 ms) due to recent wakeup
11-16 09:56:26.195: I/Finsky(12884): [2] abxn.e(23): SCH: Scheduling job Id: 9001, L: 30000, D: 81777370, C: false, I: true, N: 0
11-16 09:56:26.196: I/Finsky(12884): [2] abxn.e(8): SCH: Throttling wakeup for job 9002 (expected to run in 8172 ms) due to recent wakeup
11-16 09:56:26.197: I/Finsky(12884): [2] abxn.e(23): SCH: Scheduling job Id: 9002, L: 30000, D: 81108652, C: false, I: false, N: 1
11-16 09:56:26.198: I/Finsky(12884): [2] abxn.e(8): SCH: Throttling wakeup for job 9003 (expected to run in 0 ms) due to recent wakeup
11-16 09:56:26.198: I/Finsky(12884): [2] abxn.e(23): SCH: Scheduling job Id: 9003, L: 30000, D: 85383065, C: true, I: true, N: 2
11-16 09:56:26.199: I/Finsky(12884): [2] abxn.e(23): SCH: Scheduling job Id: 9004, L: 41998345, D: 42898345, C: false, I: false, N: 0
11-16 09:56:26.241: D/GH.AutoPhenotypeFlags(4350): Refreshing flag-values from Phenotype
11-16 09:56:26.256: W/PhenotypeConfigurationU(11123): Update for unknown DeviceConfig package com.google.android.gms.car#car_setup [CONTEXT service_id=204 ]
11-16 09:56:26.256: W/PhenotypeConfigurationU(11123): akjf: No package exists for config package: com.google.android.gms.car#car_setup
11-16 09:56:26.256: W/PhenotypeConfigurationU(11123): 	at com.google.android.gms.platformconfigurator.PhenotypeConfigurationUpdateListener.a(:com.google.android.gms@213614028@21.36.14 (100400-395708125):7)
11-16 09:56:26.256: W/PhenotypeConfigurationU(11123): 	at com.google.android.gms.platformconfigurator.PhenotypeConfigurationUpdateListener.onHandleIntent(:com.google.android.gms@213614028@21.36.14 (100400-395708125):5)
11-16 09:56:26.256: W/PhenotypeConfigurationU(11123): 	at com.google.android.chimera.IntentOperation.onHandleIntent(:com.google.android.gms@213614028@21.36.14 (100400-395708125):2)
11-16 09:56:26.256: W/PhenotypeConfigurationU(11123): 	at pld.onHandleIntent(:com.google.android.gms@213614028@21.36.14 (100400-395708125):4)
11-16 09:56:26.256: W/PhenotypeConfigurationU(11123): 	at dpb.run(:com.google.android.gms@213614028@21.36.14 (100400-395708125):5)
11-16 09:56:26.256: W/PhenotypeConfigurationU(11123): 	at dpa.run(:com.google.android.gms@213614028@21.36.14 (100400-395708125):11)
11-16 09:56:26.256: W/PhenotypeConfigurationU(11123): 	at bfyg.run(:com.google.android.gms@213614028@21.36.14 (100400-395708125):2)
11-16 09:56:26.256: W/PhenotypeConfigurationU(11123): 	at java.util.concurrent.ThreadPoolExecutor.runWorker(ThreadPoolExecutor.java:1167)
11-16 09:56:26.256: W/PhenotypeConfigurationU(11123): 	at java.util.concurrent.ThreadPoolExecutor$Worker.run(ThreadPoolExecutor.java:641)
11-16 09:56:26.256: W/PhenotypeConfigurationU(11123): 	at java.lang.Thread.run(Thread.java:764)
11-16 09:56:26.262: I/PackageUpdateTaskChimer(11123): Scheduling Phenotype config package catchup updates to be 86400 seconds from now (1637085386262) [CONTEXT service_id=51 ]
11-16 09:56:26.264: W/PhenotypeConfigurationU(11123): Update for unknown DeviceConfig package com.google.android.gms.car#car [CONTEXT service_id=204 ]
11-16 09:56:26.264: W/PhenotypeConfigurationU(11123): akjf: No package exists for config package: com.google.android.gms.car#car
11-16 09:56:26.264: W/PhenotypeConfigurationU(11123): 	at com.google.android.gms.platformconfigurator.PhenotypeConfigurationUpdateListener.a(:com.google.android.gms@213614028@21.36.14 (100400-395708125):7)
11-16 09:56:26.264: W/PhenotypeConfigurationU(11123): 	at com.google.android.gms.platformconfigurator.PhenotypeConfigurationUpdateListener.onHandleIntent(:com.google.android.gms@213614028@21.36.14 (100400-395708125):5)
11-16 09:56:26.264: W/PhenotypeConfigurationU(11123): 	at com.google.android.chimera.IntentOperation.onHandleIntent(:com.google.android.gms@213614028@21.36.14 (100400-395708125):2)
11-16 09:56:26.264: W/PhenotypeConfigurationU(11123): 	at pld.onHandleIntent(:com.google.android.gms@213614028@21.36.14 (100400-395708125):4)
11-16 09:56:26.264: W/PhenotypeConfigurationU(11123): 	at dpb.run(:com.google.android.gms@213614028@21.36.14 (100400-395708125):5)
11-16 09:56:26.264: W/PhenotypeConfigurationU(11123): 	at dpa.run(:com.google.android.gms@213614028@21.36.14 (100400-395708125):11)
11-16 09:56:26.264: W/PhenotypeConfigurationU(11123): 	at bfyg.run(:com.google.android.gms@213614028@21.36.14 (100400-395708125):2)
11-16 09:56:26.264: W/PhenotypeConfigurationU(11123): 	at java.util.concurrent.ThreadPoolExecutor.runWorker(ThreadPoolExecutor.java:1167)
11-16 09:56:26.264: W/PhenotypeConfigurationU(11123): 	at java.util.concurrent.ThreadPoolExecutor$Worker.run(ThreadPoolExecutor.java:641)
11-16 09:56:26.264: W/PhenotypeConfigurationU(11123): 	at java.lang.Thread.run(Thread.java:764)
11-16 09:56:26.264: I/GAv4(18183): Google Analytics 18.8.27 is starting up. To enable debug logging on a device run:
11-16 09:56:26.264: I/GAv4(18183):   adb shell setprop log.tag.GAv4 DEBUG
11-16 09:56:26.264: I/GAv4(18183):   adb logcat -s GAv4
11-16 09:56:26.272: W/PhenotypeConfigurationU(11123): Update for unknown DeviceConfig package com.google.android.gms.icing.mdd#com.google.android.gms [CONTEXT service_id=204 ]
11-16 09:56:26.272: W/PhenotypeConfigurationU(11123): akjf: No package exists for config package: com.google.android.gms.icing.mdd#com.google.android.gms
11-16 09:56:26.272: W/PhenotypeConfigurationU(11123): 	at com.google.android.gms.platformconfigurator.PhenotypeConfigurationUpdateListener.a(:com.google.android.gms@213614028@21.36.14 (100400-395708125):7)
11-16 09:56:26.272: W/PhenotypeConfigurationU(11123): 	at com.google.android.gms.platformconfigurator.PhenotypeConfigurationUpdateListener.onHandleIntent(:com.google.android.gms@213614028@21.36.14 (100400-395708125):5)
11-16 09:56:26.272: W/PhenotypeConfigurationU(11123): 	at com.google.android.chimera.IntentOperation.onHandleIntent(:com.google.android.gms@213614028@21.36.14 (100400-395708125):2)
11-16 09:56:26.272: W/PhenotypeConfigurationU(11123): 	at pld.onHandleIntent(:com.google.android.gms@213614028@21.36.14 (100400-395708125):4)
11-16 09:56:26.272: W/PhenotypeConfigurationU(11123): 	at dpb.run(:com.google.android.gms@213614028@21.36.14 (100400-395708125):5)
11-16 09:56:26.272: W/PhenotypeConfigurationU(11123): 	at dpa.run(:com.google.android.gms@213614028@21.36.14 (100400-395708125):11)
11-16 09:56:26.272: W/PhenotypeConfigurationU(11123): 	at bfyg.run(:com.google.android.gms@213614028@21.36.14 (100400-395708125):2)
11-16 09:56:26.272: W/PhenotypeConfigurationU(11123): 	at java.util.concurrent.ThreadPoolExecutor.runWorker(ThreadPoolExecutor.java:1167)
11-16 09:56:26.272: W/PhenotypeConfigurationU(11123): 	at java.util.concurrent.ThreadPoolExecutor$Worker.run(ThreadPoolExecutor.java:641)
11-16 09:56:26.272: W/PhenotypeConfigurationU(11123): 	at java.lang.Thread.run(Thread.java:764)
11-16 09:56:26.273: I/akhr(11123): Scheduling adaptive one off task with window [14400, 604800] in seconds [CONTEXT service_id=51 ]
11-16 09:56:26.305: D/GH.PhenotypeCommitter(4350): Committed Phenotype flags successfully!
11-16 09:56:26.306: W/GAv4(18183): CampaignTrackingReceiver is not registered, not exported or is disabled. Installation campaign tracking is not possible. See http://goo.gl/8Rd3yj for instructions.
11-16 09:56:26.314: D/CAR.CLIENT(4350): connect
11-16 09:56:26.320: W/PhenotypeConfigurationU(11123): Update for unknown DeviceConfig package com.google.android.gms.icing.mdd [CONTEXT service_id=204 ]
11-16 09:56:26.320: W/PhenotypeConfigurationU(11123): akjf: No package exists for config package: com.google.android.gms.icing.mdd
11-16 09:56:26.320: W/PhenotypeConfigurationU(11123): 	at com.google.android.gms.platformconfigurator.PhenotypeConfigurationUpdateListener.a(:com.google.android.gms@213614028@21.36.14 (100400-395708125):7)
11-16 09:56:26.320: W/PhenotypeConfigurationU(11123): 	at com.google.android.gms.platformconfigurator.PhenotypeConfigurationUpdateListener.onHandleIntent(:com.google.android.gms@213614028@21.36.14 (100400-395708125):5)
11-16 09:56:26.320: W/PhenotypeConfigurationU(11123): 	at com.google.android.chimera.IntentOperation.onHandleIntent(:com.google.android.gms@213614028@21.36.14 (100400-395708125):2)
11-16 09:56:26.320: W/PhenotypeConfigurationU(11123): 	at pld.onHandleIntent(:com.google.android.gms@213614028@21.36.14 (100400-395708125):4)
11-16 09:56:26.320: W/PhenotypeConfigurationU(11123): 	at dpb.run(:com.google.android.gms@213614028@21.36.14 (100400-395708125):5)
11-16 09:56:26.320: W/PhenotypeConfigurationU(11123): 	at dpa.run(:com.google.android.gms@213614028@21.36.14 (100400-395708125):11)
11-16 09:56:26.320: W/PhenotypeConfigurationU(11123): 	at bfyg.run(:com.google.android.gms@213614028@21.36.14 (100400-395708125):2)
11-16 09:56:26.320: W/PhenotypeConfigurationU(11123): 	at java.util.concurrent.ThreadPoolExecutor.runWorker(ThreadPoolExecutor.java:1167)
11-16 09:56:26.320: W/PhenotypeConfigurationU(11123): 	at java.util.concurrent.ThreadPoolExecutor$Worker.run(ThreadPoolExecutor.java:641)
11-16 09:56:26.320: W/PhenotypeConfigurationU(11123): 	at java.lang.Thread.run(Thread.java:764)
11-16 09:56:26.330: D/GH.CarApiClientManager(4350): registered listener cqq@d8457c
11-16 09:56:26.330: D/GH.CarApiClientManager(4350): start
11-16 09:56:26.330: I/GH.SharedService(4350): Shared Service created
11-16 09:56:26.331: D/CAR.CLIENT(4350): connect
11-16 09:56:26.334: D/GH.NotifListenCNameMgr(4350): No set listener, returning default: com.google.android.gearhead.notifications.SharedNotificationListenerManager$ListenerService
11-16 09:56:26.334: D/GH.SharedNotifications(4350): Current notification listener: com.google.android.gearhead.notifications.SharedNotificationListenerManager$ListenerService
11-16 09:56:26.335: D/GH.NotifListenCNameMgr(4350): No set listener, returning default: com.google.android.gearhead.notifications.SharedNotificationListenerManager$ListenerService
11-16 09:56:26.335: E/android.gms:ca(18268): Not starting debugger since process cannot load the jdwp agent.
11-16 09:56:26.336: W/PrimesInit(18183): Primes instant initialization
11-16 09:56:26.337: I/ActivityManager(1248): Start proc 18268:com.google.android.gms:car/u0a7 for service com.google.android.gms/.car.CarService
11-16 09:56:26.338: W/Primes(18183): background initialization
11-16 09:56:26.358: I/android.gms:ca(18268): The ClassLoaderContext is a special shared library.
11-16 09:56:26.359: I/chatty(18268): uid=10007 com.google.android.gms:car identical 1 line
11-16 09:56:26.361: I/android.gms:ca(18268): The ClassLoaderContext is a special shared library.
11-16 09:56:26.377: W/android.gms:ca(18268): Unknown chunk type '200'.
11-16 09:56:26.406: W/FieldDefinition(18183): [main] Ignoring isIndexed constraint as field also has uniqueness constraint (on just this field, and therefore SQLite will have to create an index on that. For field: cxk$b@9698796
11-16 09:56:26.455: D/BoundBrokerSvc(13241): onBind: Intent { act=com.google.android.mdd.service.START cmp=com.google.android.gms/.chimera.GmsBoundBrokerService }
11-16 09:56:26.455: D/BoundBrokerSvc(13241): Loading bound service for intent: Intent { act=com.google.android.mdd.service.START cmp=com.google.android.gms/.chimera.GmsBoundBrokerService }
11-16 09:56:26.457: W/PhenotypeConfigurationU(11123): Update for unknown DeviceConfig package com.google.android.gms.car [CONTEXT service_id=204 ]
11-16 09:56:26.457: W/PhenotypeConfigurationU(11123): akjf: No package exists for config package: com.google.android.gms.car
11-16 09:56:26.457: W/PhenotypeConfigurationU(11123): 	at com.google.android.gms.platformconfigurator.PhenotypeConfigurationUpdateListener.a(:com.google.android.gms@213614028@21.36.14 (100400-395708125):7)
11-16 09:56:26.457: W/PhenotypeConfigurationU(11123): 	at com.google.android.gms.platformconfigurator.PhenotypeConfigurationUpdateListener.onHandleIntent(:com.google.android.gms@213614028@21.36.14 (100400-395708125):5)
11-16 09:56:26.457: W/PhenotypeConfigurationU(11123): 	at com.google.android.chimera.IntentOperation.onHandleIntent(:com.google.android.gms@213614028@21.36.14 (100400-395708125):2)
11-16 09:56:26.457: W/PhenotypeConfigurationU(11123): 	at pld.onHandleIntent(:com.google.android.gms@213614028@21.36.14 (100400-395708125):4)
11-16 09:56:26.457: W/PhenotypeConfigurationU(11123): 	at dpb.run(:com.google.android.gms@213614028@21.36.14 (100400-395708125):5)
11-16 09:56:26.457: W/PhenotypeConfigurationU(11123): 	at dpa.run(:com.google.android.gms@213614028@21.36.14 (100400-395708125):11)
11-16 09:56:26.457: W/PhenotypeConfigurationU(11123): 	at bfyg.run(:com.google.android.gms@213614028@21.36.14 (100400-395708125):2)
11-16 09:56:26.457: W/PhenotypeConfigurationU(11123): 	at java.util.concurrent.ThreadPoolExecutor.runWorker(ThreadPoolExecutor.java:1167)
11-16 09:56:26.457: W/PhenotypeConfigurationU(11123): 	at java.util.concurrent.ThreadPoolExecutor$Worker.run(ThreadPoolExecutor.java:641)
11-16 09:56:26.457: W/PhenotypeConfigurationU(11123): 	at java.lang.Thread.run(Thread.java:764)
11-16 09:56:26.457: W/PhenotypeConfigurationU(11123): [ 11-16 09:56:26.468   836: 1414 E/         ]
11-16 09:56:26.457: W/PhenotypeConfigurationU(11123): Couldn't opendir /data/app/vmdl1259495931.tmp: No such file or directory
11-16 09:56:26.468: E/installd(836): Failed to delete /data/app/vmdl1259495931.tmp: No such file or directory
11-16 09:56:26.472: I/NetworkScheduler.Stats(11123): Task com.google.android.gms/com.google.android.gms.phenotype.service.sync.PhenotypeConfigurator finished executing. cause:9 result: 1 elapsed_millis: 1117 uptime_millis: 1117 exec_start_elapsed_seconds: 1261 [CONTEXT service_id=218 ]
11-16 09:56:26.475: V/SettingsProvider(1248): Notifying for 0: content://settings/system/gearhead:driving_mode_settings_enabled
11-16 09:56:26.486: D/ImsResolver(3825): maybeAddedImsService, packageName: dev.androidx.ci.emptyapp
11-16 09:56:26.487: W/BroadcastQueue(1248): Background execution not allowed: receiving Intent { act=android.intent.action.PACKAGE_ADDED dat=package:dev.androidx.ci.emptyapp flg=0x4000010 (has extras) } to com.android.musicfx/.Compatibility$Receiver
11-16 09:56:26.487: W/BroadcastQueue(1248): Background execution not allowed: receiving Intent { act=android.intent.action.PACKAGE_ADDED dat=package:dev.androidx.ci.emptyapp flg=0x4000010 (has extras) } to com.android.vending/com.google.android.finsky.packagemanager.impl.PackageMonitorReceiverImpl$RegisteredReceiver
11-16 09:56:26.487: W/BroadcastQueue(1248): Background execution not allowed: receiving Intent { act=android.intent.action.PACKAGE_ADDED dat=package:dev.androidx.ci.emptyapp flg=0x4000010 (has extras) } to com.google.android.gms/.games.chimera.GamesSystemBroadcastReceiverProxy
11-16 09:56:26.487: W/BroadcastQueue(1248): Background execution not allowed: receiving Intent { act=android.intent.action.PACKAGE_ADDED dat=package:dev.androidx.ci.emptyapp flg=0x4000010 (has extras) } to com.google.android.gms/.gass.chimera.PackageChangeBroadcastReceiver
11-16 09:56:26.487: W/BroadcastQueue(1248): Background execution not allowed: receiving Intent { act=android.intent.action.PACKAGE_ADDED dat=package:dev.androidx.ci.emptyapp flg=0x4000010 (has extras) } to com.google.android.gms/.chimera.GmsIntentOperationService$PersistentTrustedReceiver
11-16 09:56:26.487: W/BroadcastQueue(1248): Background execution not allowed: receiving Intent { act=android.intent.action.PACKAGE_ADDED dat=package:dev.androidx.ci.emptyapp flg=0x4000010 (has extras) } to com.google.android.googlequicksearchbox/com.google.android.apps.gsa.googlequicksearchbox.GelStubAppWatcher
11-16 09:56:26.488: W/BroadcastQueue(1248): Background execution not allowed: receiving Intent { act=android.intent.action.PACKAGE_ADDED dat=package:dev.androidx.ci.emptyapp flg=0x4000010 (has extras) } to com.google.android.ims/.receivers.RcsAutoStartReceiver
11-16 09:56:26.488: I/Finsky(12884): [2] yeh.d(13): PackageMonitorReceiverImpl - Received: android.intent.action.PACKAGE_ADDED, [EoF1oDWmz7ltTwAYqC40Qzd9iSBp2xrh_kkvq80SvGg]
11-16 09:56:26.488: I/Finsky(12884): [2] yfi.g(1): Invalidating cached PackageState for dev.androidx.ci.emptyapp
11-16 09:56:26.491: I/CarrierServices(17825): [2] RcsAutoStartReceiver.b: carrierServicesJibeServiceEnabled changed from true to true
11-16 09:56:26.495: I/CarrierServices(17825): [2] RcsAutoStartReceiver.b: enableRcs changed from true to true
11-16 09:56:26.500: I/CarrierServices(17825): [2] RcsAutoStartReceiver.b: RcsAutoStartReceiver triggered. Fetching RCS State. Action: android.intent.action.PACKAGE_ADDED
11-16 09:56:26.500: I/Telecom(1248): DefaultDialerCache: Refreshing default dialer for user 0: now com.google.android.dialer: DDC.oR@AJU
11-16 09:56:26.502: I/Finsky(12884): [2] owk.d(2): Frosting ID looked up on UI thread. Caller should move to a background thread.
11-16 09:56:26.505: I/Finsky(12884): [258] ovx.run(16): Wrote row to frosting DB: 211
11-16 09:56:26.511: I/InputReader(1248): Reconfiguring input devices.  changes=0x00000010
11-16 09:56:26.521: I/CarrierServices(17825): [2] aws.a: Migration binding to RcsMigrationService
11-16 09:56:26.525: V/BackupManagerConstants(1248): getFullBackupIntervalMilliseconds(...) returns 86400000
11-16 09:56:26.528: I/BugleDataModel(10141): RcsMigrationService: Returning RCS state provider.
11-16 09:56:26.532: I/Finsky(12884): [2] amas.a(3): Do not start WearSupportService due to Wear service optimization
11-16 09:56:26.534: I/BugleRcsEngine(10141): [551] pot.a: Sim state is not ready. Returning last known operation mode.
11-16 09:56:26.534: I/CarrierServices(17825): [834] awt.doInBackground: Saving RCS State
11-16 09:56:26.535: I/CarrierServices(17825): [834] awt.doInBackground: Old operation mode: 0
11-16 09:56:26.536: I/Finsky(12884): [2] amas.a(3): Do not start WearSupportService due to Wear service optimization
11-16 09:56:26.536: I/CarrierServices(17825): [834] awt.doInBackground: New operation mode: 0
11-16 09:56:26.538: I/CarrierServices(17825): [2] aww.a: Unbinding RcsMigrationService
11-16 09:56:26.539: W/GCM(11123): Unexpected forwarded intent: Intent { act=android.intent.action.PACKAGE_ADDED dat=package:dev.androidx.ci.emptyapp flg=0x4000010 pkg=com.google.android.gms cmp=com.google.android.gms/.chimera.PersistentIntentOperationService (has extras) }
11-16 09:56:26.540: W/GCM(11123): Unexpected forwarded intent: Intent { act=android.intent.action.PACKAGE_ADDED dat=package:dev.androidx.ci.emptyapp flg=0x4000010 pkg=com.google.android.gms cmp=com.google.android.gms/.chimera.PersistentIntentOperationService (has extras) }
11-16 09:56:26.540: D/RegisteredNfcFServicesCache(4195): Service unchanged, not updating
11-16 09:56:26.541: I/FontLog(11123): Package dev.androidx.ci.emptyapp has no metadata [CONTEXT service_id=132 ]
11-16 09:56:26.542: I//vendor/bin/hw/android.hardware.health@2.0-service.crosshatch(763): Entry state_: 1 charger_status: Full batteryLevel: 99
11-16 09:56:26.542: I//vendor/bin/hw/android.hardware.health@2.0-service.crosshatch(763): Exit state_: 1 batteryLevel: 100
11-16 09:56:26.545: I/Finsky(12884): [2] aeak.a(8): Clearing split related stale data.
11-16 09:56:26.549: I/Finsky(12884): [260] gxq.a(12): Asset module storage cleared for package dev.androidx.ci.emptyapp.
11-16 09:56:26.551: I/Auth(13241): [SupervisedAccountIntentOperation] onHandleIntent(): android.intent.action.PACKAGE_ADDED
11-16 09:56:26.552: I/Finsky(12884): [2] owk.d(2): Frosting ID looked up on UI thread. Caller should move to a background thread.
11-16 09:56:26.556: I/BlockstoreStorage(13241): Clearing Blockstore Data for package dev.androidx.ci.emptyapp [CONTEXT service_id=258 ]
11-16 09:56:26.557: I/BlockstoreStorage(13241): No metadata found. Skipping deletion. [CONTEXT service_id=258 ]
11-16 09:56:26.558: E/PhoneInterfaceManager(3825): [PhoneIntfMgr] getCarrierPackageNamesForIntent: No UICC
11-16 09:56:26.558: D/CarrierSvcBindHelper(3825): No carrier app for: 0
11-16 09:56:26.559: W/system_server(1248): Unknown chunk type '200'.
11-16 09:56:26.563: I/Finsky(12884): [258] ovx.run(16): Wrote row to frosting DB: 212
11-16 09:56:26.564: I/Finsky(12884): [259] jnw.a(15): [ContentSync] finished, scheduled=false
11-16 09:56:26.566: E/VvmPkgInstalledRcvr(3825): cannot create TelephonyManager from ComponentInfo{com.android.phone/com.android.services.telephony.TelephonyConnectionService}, ***, UserHandle{0}
11-16 09:56:26.566: D/QtiCarrierConfigHelper(3825): WARNING, no carrier configs on phone Id: 0
11-16 09:56:26.566: D/CarrierConfigLoader(3825): mHandler: 9 phoneId: 0
11-16 09:56:26.576: E/ExecutionCriteria(11123): Package unavailable for task: com.google.android.apps.gcs/com.google.android.flib.phenotype.services.PhenotypeExperimentCommitService{u=0 tag="PhenotypeExpCommitSvc" trigger=window{start=0s,end=30s,earliest=-1158s,latest=-1128s} requirements=[NET_ANY] attributes=[PERSISTED] scheduled=-1158s last_run=N/A exec_window_multiplier=1.0000 jid=N/A status=PENDING retries=0 client_lib=MANCHEGO_GCM-11732000} [CONTEXT service_id=218 ]
11-16 09:56:26.595: D/BoundBrokerSvc(13241): onBind: Intent { act=com.google.android.gms.common.BIND_SHARED_PREFS pkg=com.google.android.gms }
11-16 09:56:26.596: D/BoundBrokerSvc(13241): Loading bound service for intent: Intent { act=com.google.android.gms.common.BIND_SHARED_PREFS pkg=com.google.android.gms }
11-16 09:56:26.615: W/ChimeraUtils(11123): Module com.google.android.gms.nearby_en has empty metadata display_name_string_id
11-16 09:56:26.620: I/system_server(1248): Waiting for a blocking GC Explicit
11-16 09:56:26.627: W/ChimeraUtils(11123): Module com.google.android.gms.nearby_en has empty metadata display_name_string_id
11-16 09:56:26.649: W/PackageParser(1248): Unknown element under <manifest>: queries at /data/app/vmdl1040893534.tmp/base.apk Binary XML file line #33
11-16 09:56:26.628: W/ChimeraUtils(11123): Module com.google.android.gms.nearby_en has empty metadata display_name_string_id
11-16 09:56:26.652: D/BoundBrokerSvc(13241): onUnbind: Intent { act=com.google.android.gms.common.BIND_SHARED_PREFS pkg=com.google.android.gms }
11-16 09:56:26.656: W/ProviderHelper(18268): Unknown dynamite feature providerinstaller.dynamite
11-16 09:56:26.657: I/DynamiteModule(18268): Considering local module com.google.android.gms.providerinstaller.dynamite:1 and remote module com.google.android.gms.providerinstaller.dynamite:0
11-16 09:56:26.657: I/DynamiteModule(18268): Selected local version of com.google.android.gms.providerinstaller.dynamite
11-16 09:56:26.672: I/Icing(13241): Indexing com.google.android.gms-apps from com.google.android.gms
11-16 09:56:26.673: I/system_server(1248): Background concurrent copying GC freed 116764(5MB) AllocSpace objects, 26(1096KB) LOS objects, 42% free, 19MB/33MB, paused 64us total 204.979ms
11-16 09:56:26.673: I/system_server(1248): WaitForGcToComplete blocked Explicit on HeapTrim for 52.664ms
11-16 09:56:26.681: I/Icing(13241): Indexing done com.google.android.gms-apps
11-16 09:56:26.731: V/NativeCrypto(18268): Registering com/google/android/gms/org/conscrypt/NativeCrypto's 294 native methods...
11-16 09:56:26.738: W/ComponentDiscovery(18183): Application info not found.
11-16 09:56:26.738: W/ComponentDiscovery(18183): Could not retrieve metadata, returning empty list of registrars.
11-16 09:56:26.738: W/ComponentDiscovery(18183): [ 11-16 09:56:26.739   836: 1414 E/         ]
11-16 09:56:26.738: W/ComponentDiscovery(18183): Couldn't opendir /data/app/vmdl1040893534.tmp: No such file or directory
11-16 09:56:26.739: E/installd(836): Failed to delete /data/app/vmdl1040893534.tmp: No such file or directory
11-16 09:56:26.744: D/ImsResolver(3825): maybeAddedImsService, packageName: androidx.navigation.testing.test
11-16 09:56:26.746: I/Finsky(12884): [2] yeh.d(13): PackageMonitorReceiverImpl - Received: android.intent.action.PACKAGE_ADDED, [qT-SqU5yNSUfRI2DwgvSP_IOYOVH7_060wcNwKz07zQ]
11-16 09:56:26.746: I/Finsky(12884): [2] yfi.g(1): Invalidating cached PackageState for androidx.navigation.testing.test
11-16 09:56:26.749: I/CarrierServices(17825): [2] RcsAutoStartReceiver.b: carrierServicesJibeServiceEnabled changed from true to true
11-16 09:56:26.752: W/BroadcastQueue(1248): Background execution not allowed: receiving Intent { act=android.intent.action.PACKAGE_ADDED dat=package:androidx.navigation.testing.test flg=0x4000010 (has extras) } to com.android.musicfx/.Compatibility$Receiver
11-16 09:56:26.753: I/CarrierServices(17825): [2] RcsAutoStartReceiver.b: enableRcs changed from true to true
11-16 09:56:26.753: I/Finsky(12884): [2] owk.d(2): Frosting ID looked up on UI thread. Caller should move to a background thread.
11-16 09:56:26.753: I/Telecom(1248): DefaultDialerCache: Refreshing default dialer for user 0: now com.google.android.dialer: DDC.oR@AJk
11-16 09:56:26.754: I/CarrierServices(17825): [2] RcsAutoStartReceiver.b: RcsAutoStartReceiver triggered. Fetching RCS State. Action: android.intent.action.PACKAGE_ADDED
11-16 09:56:26.755: D/NetworkSecurityConfig(18268): Using Network Security Config from resource network_security_config debugBuild: false
11-16 09:56:26.758: I/ProviderInstaller(18268): Installed default security provider GmsCore_OpenSSL
11-16 09:56:26.758: I/Finsky(12884): [258] ovx.run(16): Wrote row to frosting DB: 213
11-16 09:56:26.772: W/BroadcastQueue(1248): Background execution not allowed: receiving Intent { act=android.intent.action.PACKAGE_ADDED dat=package:androidx.navigation.testing.test flg=0x4000010 (has extras) } to com.android.vending/com.google.android.finsky.packagemanager.impl.PackageMonitorReceiverImpl$RegisteredReceiver
11-16 09:56:26.773: I/CarrierServices(17825): [2] aws.a: Migration binding to RcsMigrationService
11-16 09:56:26.774: W/BroadcastQueue(1248): Background execution not allowed: receiving Intent { act=android.intent.action.PACKAGE_ADDED dat=package:androidx.navigation.testing.test flg=0x4000010 (has extras) } to com.google.android.gms/.games.chimera.GamesSystemBroadcastReceiverProxy
11-16 09:56:26.774: I/Finsky(12884): [259] jnw.a(15): [ContentSync] finished, scheduled=false
11-16 09:56:26.775: V/BackupManagerConstants(1248): getFullBackupIntervalMilliseconds(...) returns 86400000
11-16 09:56:26.776: I/Finsky(12884): [2] amas.a(3): Do not start WearSupportService due to Wear service optimization
11-16 09:56:26.777: W/BroadcastQueue(1248): Background execution not allowed: receiving Intent { act=android.intent.action.PACKAGE_ADDED dat=package:androidx.navigation.testing.test flg=0x4000010 (has extras) } to com.google.android.gms/.gass.chimera.PackageChangeBroadcastReceiver
11-16 09:56:26.777: W/BroadcastQueue(1248): Background execution not allowed: receiving Intent { act=android.intent.action.PACKAGE_ADDED dat=package:androidx.navigation.testing.test flg=0x4000010 (has extras) } to com.google.android.gms/.chimera.GmsIntentOperationService$PersistentTrustedReceiver
11-16 09:56:26.777: W/BroadcastQueue(1248): Background execution not allowed: receiving Intent { act=android.intent.action.PACKAGE_ADDED dat=package:androidx.navigation.testing.test flg=0x4000010 (has extras) } to com.google.android.googlequicksearchbox/com.google.android.apps.gsa.googlequicksearchbox.GelStubAppWatcher
11-16 09:56:26.777: W/BroadcastQueue(1248): Background execution not allowed: receiving Intent { act=android.intent.action.PACKAGE_ADDED dat=package:androidx.navigation.testing.test flg=0x4000010 (has extras) } to com.google.android.ims/.receivers.RcsAutoStartReceiver
11-16 09:56:26.778: I/Finsky(12884): [2] amas.a(3): Do not start WearSupportService due to Wear service optimization
11-16 09:56:26.779: I/Finsky(12884): [2] aeak.a(8): Clearing split related stale data.
11-16 09:56:26.779: I/Finsky(12884): [260] gxq.a(12): Asset module storage cleared for package androidx.navigation.testing.test.
11-16 09:56:26.780: I/BugleDataModel(10141): RcsMigrationService: Returning RCS state provider.
11-16 09:56:26.784: D/RegisteredNfcFServicesCache(4195): Service unchanged, not updating
11-16 09:56:26.786: I/system_server(1248): Explicit concurrent copying GC freed 46209(2MB) AllocSpace objects, 16(704KB) LOS objects, 42% free, 18MB/31MB, paused 126us total 113.026ms
11-16 09:56:26.788: I/InputReader(1248): Reconfiguring input devices.  changes=0x00000010
11-16 09:56:26.788: I/system_server(1248): WaitForGcToComplete blocked Background on HeapTrim for 50.005ms
11-16 09:56:26.789: I/BugleRcsEngine(10141): [630] pot.a: Sim state is not ready. Returning last known operation mode.
11-16 09:56:26.790: I/CarrierServices(17825): [835] awt.doInBackground: Saving RCS State
11-16 09:56:26.790: W/GCM(11123): Unexpected forwarded intent: Intent { act=android.intent.action.PACKAGE_ADDED dat=package:androidx.navigation.testing.test flg=0x4000010 pkg=com.google.android.gms cmp=com.google.android.gms/.chimera.PersistentIntentOperationService (has extras) }
11-16 09:56:26.790: I/CarrierServices(17825): [835] awt.doInBackground: Old operation mode: 0
11-16 09:56:26.790: I/CarrierServices(17825): [835] awt.doInBackground: New operation mode: 0
11-16 09:56:26.790: I/FontLog(11123): Package androidx.navigation.testing.test has no metadata [CONTEXT service_id=132 ]
11-16 09:56:26.791: W/GCM(11123): Unexpected forwarded intent: Intent { act=android.intent.action.PACKAGE_ADDED dat=package:androidx.navigation.testing.test flg=0x4000010 pkg=com.google.android.gms cmp=com.google.android.gms/.chimera.PersistentIntentOperationService (has extras) }
11-16 09:56:26.792: I/CarrierServices(17825): [2] aww.a: Unbinding RcsMigrationService
11-16 09:56:26.793: I/Finsky(12884): [2] owk.d(2): Frosting ID looked up on UI thread. Caller should move to a background thread.
11-16 09:56:26.796: E/PhoneInterfaceManager(3825): [PhoneIntfMgr] getCarrierPackageNamesForIntent: No UICC
11-16 09:56:26.796: D/CarrierSvcBindHelper(3825): No carrier app for: 0
11-16 09:56:26.797: I/Auth(13241): [SupervisedAccountIntentOperation] onHandleIntent(): android.intent.action.PACKAGE_ADDED
11-16 09:56:26.800: D/BoundBrokerSvc(13241): onBind: Intent { act=com.google.android.gms.common.BIND_SHARED_PREFS pkg=com.google.android.gms }
11-16 09:56:26.800: D/BoundBrokerSvc(13241): Loading bound service for intent: Intent { act=com.google.android.gms.common.BIND_SHARED_PREFS pkg=com.google.android.gms }
11-16 09:56:26.801: I/BlockstoreStorage(13241): Clearing Blockstore Data for package androidx.navigation.testing.test [CONTEXT service_id=258 ]
11-16 09:56:26.802: E/VvmPkgInstalledRcvr(3825): cannot create TelephonyManager from ComponentInfo{com.android.phone/com.android.services.telephony.TelephonyConnectionService}, ***, UserHandle{0}
11-16 09:56:26.802: D/CarrierConfigLoader(3825): mHandler: 9 phoneId: 0
11-16 09:56:26.802: I/BlockstoreStorage(13241): No metadata found. Skipping deletion. [CONTEXT service_id=258 ]
11-16 09:56:26.804: I/ActivityManager(1248): Killing 17102:com.google.android.carrier/u0a9 (adj 906): empty #17
11-16 09:56:26.804: W/libprocessgroup(1248): kill(-17102, 9) failed: No such process
11-16 09:56:26.807: I/Finsky(12884): [258] ovx.run(16): Wrote row to frosting DB: 214
11-16 09:56:26.816: D/BoundBrokerSvc(13241): onUnbind: Intent { act=com.google.android.gms.common.BIND_SHARED_PREFS pkg=com.google.android.gms }
11-16 09:56:26.822: I/ActivityManager(1248): Start proc 18337:com.google.android.apps.maps/u0a102 for broadcast com.google.android.apps.maps/com.google.android.apps.gmm.notification.channels.NotificationChannelBroadcastReceiver
11-16 09:56:26.832: I/Zygote(736): Process 17102 exited due to signal (9)
11-16 09:56:26.833: W/ChimeraUtils(11123): Module com.google.android.gms.nearby_en has empty metadata display_name_string_id
11-16 09:56:26.840: I/GMS_MM_Logger(18268): Started.
11-16 09:56:26.840: I/axnn(18268): Primes not initialized, returning default (no-op) Primes instance which will ignore all calls. Please call Primes.initialize(...) before using any Primes API.
11-16 09:56:26.841: D/BoundBrokerSvc(13241): onBind: Intent { act=com.google.android.gms.checkin.START pkg=com.google.android.gms }
11-16 09:56:26.842: D/BoundBrokerSvc(13241): Loading bound service for intent: Intent { act=com.google.android.gms.checkin.START pkg=com.google.android.gms }
11-16 09:56:26.842: I/Watchcat(18268): Started
11-16 09:56:26.847: W/libprocessgroup(1248): kill(-17102, 9) failed: No such process
11-16 09:56:26.847: I/libprocessgroup(1248): Successfully killed process cgroup uid 10009 pid 17102 in 42ms
11-16 09:56:26.852: E/droid.apps.map(18337): Not starting debugger since process cannot load the jdwp agent.
11-16 09:56:26.853: W/ChimeraUtils(11123): Module com.google.android.gms.nearby_en has empty metadata display_name_string_id
11-16 09:56:26.856: E/akgg(11123): Phenotype API error. Event # btlq@4974a417, EventCode: 32 [CONTEXT service_id=51 ]
11-16 09:56:26.856: E/akgg(11123): akfs: 29503
11-16 09:56:26.856: E/akgg(11123): 	at akhi.e(:com.google.android.gms@213614028@21.36.14 (100400-395708125):19)
11-16 09:56:26.856: E/akgg(11123): 	at akgg.d(:com.google.android.gms@213614028@21.36.14 (100400-395708125):4)
11-16 09:56:26.856: E/akgg(11123): 	at akgg.f(:com.google.android.gms@213614028@21.36.14 (100400-395708125):2)
11-16 09:56:26.856: E/akgg(11123): 	at xna.run(:com.google.android.gms@213614028@21.36.14 (100400-395708125):17)
11-16 09:56:26.856: E/akgg(11123): 	at bfyg.run(:com.google.android.gms@213614028@21.36.14 (100400-395708125):2)
11-16 09:56:26.856: E/akgg(11123): 	at rgh.c(:com.google.android.gms@213614028@21.36.14 (100400-395708125):6)
11-16 09:56:26.856: E/akgg(11123): 	at rgh.run(:com.google.android.gms@213614028@21.36.14 (100400-395708125):7)
11-16 09:56:26.856: E/akgg(11123): 	at java.util.concurrent.ThreadPoolExecutor.runWorker(ThreadPoolExecutor.java:1167)
11-16 09:56:26.856: E/akgg(11123): 	at java.util.concurrent.ThreadPoolExecutor$Worker.run(ThreadPoolExecutor.java:641)
11-16 09:56:26.856: E/akgg(11123): 	at rkn.run(:com.google.android.gms@213614028@21.36.14 (100400-395708125):0)
11-16 09:56:26.856: E/akgg(11123): 	at java.lang.Thread.run(Thread.java:764)
11-16 09:56:26.856: E/AsyncOperation(11123): operation=SetAppSpecificPropertiesOperationCall, opStatusCode=29503 [CONTEXT service_id=51 ]
11-16 09:56:26.856: E/AsyncOperation(11123): OperationException[Status{statusCode=unknown status code: 29503, resolution=null}]
11-16 09:56:26.856: E/AsyncOperation(11123): 	at akgg.d(:com.google.android.gms@213614028@21.36.14 (100400-395708125):6)
11-16 09:56:26.856: E/AsyncOperation(11123): 	at akgg.f(:com.google.android.gms@213614028@21.36.14 (100400-395708125):2)
11-16 09:56:26.856: E/AsyncOperation(11123): 	at xna.run(:com.google.android.gms@213614028@21.36.14 (100400-395708125):17)
11-16 09:56:26.856: E/AsyncOperation(11123): 	at bfyg.run(:com.google.android.gms@213614028@21.36.14 (100400-395708125):2)
11-16 09:56:26.856: E/AsyncOperation(11123): 	at rgh.c(:com.google.android.gms@213614028@21.36.14 (100400-395708125):6)
11-16 09:56:26.856: E/AsyncOperation(11123): 	at rgh.run(:com.google.android.gms@213614028@21.36.14 (100400-395708125):7)
11-16 09:56:26.856: E/AsyncOperation(11123): 	at java.util.concurrent.ThreadPoolExecutor.runWorker(ThreadPoolExecutor.java:1167)
11-16 09:56:26.856: E/AsyncOperation(11123): 	at java.util.concurrent.ThreadPoolExecutor$Worker.run(ThreadPoolExecutor.java:641)
11-16 09:56:26.856: E/AsyncOperation(11123): 	at rkn.run(:com.google.android.gms@213614028@21.36.14 (100400-395708125):0)
11-16 09:56:26.856: E/AsyncOperation(11123): 	at java.lang.Thread.run(Thread.java:764)
11-16 09:56:26.858: I/Icing(13241): Indexing com.google.android.gms-apps from com.google.android.gms
11-16 09:56:26.861: W/ChimeraUtils(11123): Module com.google.android.gms.nearby_en has empty metadata display_name_string_id
11-16 09:56:26.864: I/Icing(13241): Indexing done com.google.android.gms-apps
11-16 09:56:26.872: I/droid.apps.map(18337): The ClassLoaderContext is a special shared library.
11-16 09:56:26.898: W/CAR.VALIDATOR.LITE(18268): Invalid version in allow list flag [ALL] [CONTEXT service_id=13 ]
11-16 09:56:26.898: W/CAR.VALIDATOR.LITE(18268): java.lang.NumberFormatException: For input string: "ALL"
11-16 09:56:26.898: W/CAR.VALIDATOR.LITE(18268): 	at java.lang.Integer.parseInt(Integer.java:615)
11-16 09:56:26.898: W/CAR.VALIDATOR.LITE(18268): 	at java.lang.Integer.parseInt(Integer.java:650)
11-16 09:56:26.898: W/CAR.VALIDATOR.LITE(18268): 	at nnu.<init>(:com.google.android.gms@213614028@21.36.14 (100400-395708125):13)
11-16 09:56:26.898: W/CAR.VALIDATOR.LITE(18268): 	at nnu.d(:com.google.android.gms@213614028@21.36.14 (100400-395708125):2)
