11-16 09:56:40.033: I/NetworkScheduler.Stats(10928): Task com.google.android.gms/com.google.android.gms.ipa.base.IpaGcmTaskService finished executing. cause:9 result: 1 elapsed_millis: 23 uptime_millis: 23 exec_start_elapsed_seconds: 3242 [CONTEXT service_id=218 ]
11-16 09:56:40.042: D/QSEECOMAPI(25827): QSEECom_get_handle sb_length = 0x400
11-16 09:56:40.042: D/QSEECOMAPI(25827): App is already loaded QSEE and app id = 1
11-16 09:56:40.044: E/fpc_tac(25827): qsee_km_get_encapsulated_key KEYMASTER_GET_AUTH_TOKEN_KEY returned status=-24
11-16 09:56:40.044: D/QSEECOMAPI(25827): QSEECom_dealloc_memory 
11-16 09:56:40.044: D/QSEECOMAPI(25827): QSEECom_shutdown_app, app_id = 1
11-16 09:56:40.044: E/fpc_fingerprint_hal(25827): fpc_hal_open failed
11-16 09:56:40.045: I/EventHub(1226): Removing device uinput-fpc due to epoll hang-up event.
11-16 09:56:40.045: I/EventHub(1226): Removed device: path=/dev/input/event3 name=uinput-fpc id=650 fd=167 classes=0x101
11-16 09:56:40.045: W/EventHub(1226): built-in keyboard device /dev/input/event3 (id=650) is closing! the apps will not like this
11-16 09:56:40.046: W/InputReader(1226): Ignoring spurious device removed event for deviceId 650.
11-16 09:56:40.047: I/EventHub(1226): Removing device '/dev/input/event3' due to inotify event
11-16 09:56:40.056: E/ExecutionCriteria(10928): Package unavailable for task: com.google.android.apps.gcs/com.google.android.flib.phenotype.services.PhenotypeExperimentCommitService{u=0 tag="PhenotypeExpCommitSvc" trigger=window{start=0s,end=30s,earliest=-3144s,latest=-3114s} requirements=[NET_ANY] attributes=[PERSISTED] scheduled=-3144s last_run=N/A exec_window_multiplier=1.0000 jid=N/A status=PENDING retries=0 client_lib=MANCHEGO_GCM-11732000} [CONTEXT service_id=218 ]
11-16 09:56:40.061: D/QSEECOMAPI(25827): QSEECom_dealloc_memory 
11-16 09:56:40.061: D/QSEECOMAPI(25827): QSEECom_shutdown_app, app_id = 650
11-16 09:56:40.081: I/NetworkScheduler.Stats(10928): Task com.google.android.gms/com.google.android.gms.phenotype.service.sync.PhenotypeConfigurator started execution. cause:5 exec_start_elapsed_seconds: 3242 [CONTEXT service_id=218 ]
11-16 09:56:40.106: I/ThreadRunner(10093): setContextAndRunner
11-16 09:56:40.113: D/TestExecutor(25617): Adding listener androidx.test.internal.runner.listener.LogRunListener
11-16 09:56:40.113: D/TestExecutor(25617): Adding listener androidx.test.internal.runner.listener.InstrumentationResultPrinter
11-16 09:56:40.113: D/TestExecutor(25617): Adding listener androidx.test.internal.runner.listener.ActivityFinisherRunListener
11-16 09:56:40.116: I/TestRunner(25617): run started: 6 tests
11-16 09:56:40.118: I/TestRunner(25617): started: testSetFallbackOnNavigateUpListener(androidx.navigation.ui.AppBarConfigurationTest)
11-16 09:56:40.126: I/TestRunner(25617): finished: testSetFallbackOnNavigateUpListener(androidx.navigation.ui.AppBarConfigurationTest)
11-16 09:56:40.129: I/TestRunner(25617): started: testTopLevelFromVarargs(androidx.navigation.ui.AppBarConfigurationTest)
11-16 09:56:40.132: I/TestRunner(25617): finished: testTopLevelFromVarargs(androidx.navigation.ui.AppBarConfigurationTest)
11-16 09:56:40.134: I/TestRunner(25617): started: testSetOpenableLayout(androidx.navigation.ui.AppBarConfigurationTest)
11-16 09:56:40.146: W/igation.ui.tes(25617): Accessing hidden method Landroid/view/View;->getAccessibilityDelegate()Landroid/view/View$AccessibilityDelegate; (light greylist, linking)
11-16 09:56:40.152: I/TestRunner(25617): finished: testSetOpenableLayout(androidx.navigation.ui.AppBarConfigurationTest)
11-16 09:56:40.155: I/TestRunner(25617): started: testTopLevelFromGraph(androidx.navigation.ui.AppBarConfigurationTest)
11-16 09:56:40.178: I/TestRunner(25617): finished: testTopLevelFromGraph(androidx.navigation.ui.AppBarConfigurationTest)
11-16 09:56:40.185: I/TestRunner(25617): started: testTopLevelFromSet(androidx.navigation.ui.AppBarConfigurationTest)
11-16 09:56:40.218: I/TestRunner(25617): finished: testTopLevelFromSet(androidx.navigation.ui.AppBarConfigurationTest)
11-16 09:56:40.226: I/TestRunner(25617): started: matchDestinationsTest(androidx.navigation.ui.NavigationUITest)
11-16 09:56:40.229: I/TestRunner(25617): finished: matchDestinationsTest(androidx.navigation.ui.NavigationUITest)
11-16 09:56:40.232: I/TestRunner(25617): run finished: 6 tests, 0 failed, 0 ignored
11-16 09:56:40.237: I/MonitoringInstr(25617): waitForActivitiesToComplete() took: 0ms
11-16 09:56:40.237: I/ActivityManager(1226): Force stopping androidx.navigation.ui.test appid=10172 user=0: finished inst
11-16 09:56:40.238: I/ActivityManager(1226): Killing 25617:androidx.navigation.ui.test/u0a172 (adj 0): stop androidx.navigation.ui.test
11-16 09:56:40.238: W/Binder(1226): Outgoing transactions from this process must be FLAG_ONEWAY
11-16 09:56:40.238: W/Binder(1226): java.lang.Throwable
11-16 09:56:40.238: W/Binder(1226): 	at android.os.BinderProxy.transact(Binder.java:1116)
11-16 09:56:40.238: W/Binder(1226): 	at android.app.IInstrumentationWatcher$Stub$Proxy.instrumentationFinished(IInstrumentationWatcher.java:164)
11-16 09:56:40.238: W/Binder(1226): 	at com.android.server.am.InstrumentationReporter$MyThread.run(InstrumentationReporter.java:86)
11-16 09:56:40.238: D/AndroidRuntime(25555): Shutting down VM
11-16 09:56:40.239: W/libprocessgroup(1226): kill(-25617, 9) failed: No such process
11-16 09:56:40.241: W/id.apps.tachyo(25888): JIT profile information will not be recorded: profile file does not exits.
11-16 09:56:40.241: I/chatty(25888): uid=10148(com.google.android.apps.tachyon) identical 1 line
11-16 09:56:40.242: W/id.apps.tachyo(25888): JIT profile information will not be recorded: profile file does not exits.
11-16 09:56:40.264: I/Zygote(731): Process 25617 exited due to signal (9)
11-16 09:56:40.267: D/ImsResolver(3790): maybeAddedImsService, packageName: com.android.vending
11-16 09:56:40.272: I/Telecom(1226): DefaultDialerCache: Refreshing default dialer for user 0: now com.google.android.dialer: DDC.oR@AKo
11-16 09:56:40.273: E/system_server(1226): No package ID 7f found for ID 0x7f080273.
11-16 09:56:40.273: E/system_server(1226): No package ID 7f found for ID 0x7f19000b.
11-16 09:56:40.280: D/RegisteredNfcFServicesCache(4145): Service unchanged, not updating
11-16 09:56:40.281: I/PeopleGalProvider(13537): Gal directories started.
11-16 09:56:40.284: I/InputReader(1226): Reconfiguring input devices.  changes=0x00000010
11-16 09:56:40.284: W/libprocessgroup(1226): kill(-25617, 9) failed: No such process
11-16 09:56:40.284: I/libprocessgroup(1226): Successfully killed process cgroup uid 10172 pid 25617 in 45ms
11-16 09:56:40.286: I/PeopleGalProvider(13537): Method 1 completed.
11-16 09:56:40.286: I/PeopleGalProvider(13537): Method 1 finished successfully.
11-16 09:56:40.288: I/InputReader(1226): Reconfiguring input devices.  changes=0x00000010
11-16 09:56:40.290: W/system_server(1226): Unknown chunk type '200'.
11-16 09:56:40.316: E/PhoneInterfaceManager(3790): [PhoneIntfMgr] getCarrierPackageNamesForIntent: No UICC
11-16 09:56:40.316: D/CarrierSvcBindHelper(3790): No carrier app for: 0
11-16 09:56:40.316: W/ChimeraUtils(10928): Module com.google.android.gms.nearby_en has empty metadata display_name_string_id
11-16 09:56:40.325: I/Fitness(10928): OnPackageChangedOperation got intent: Intent { act=android.intent.action.PACKAGE_CHANGED dat=package:com.android.vending flg=0x45000010 pkg=com.google.android.gms cmp=com.google.android.gms/.chimera.PersistentIntentOperationService (has extras) } [CONTEXT service_id=17 ]
11-16 09:56:40.328: D/RegisteredNfcFServicesCache(4145): Service unchanged, not updating
11-16 09:56:40.331: I/Telecom(1226): DefaultDialerCache: Refreshing default dialer for user 0: now com.google.android.dialer: DDC.oR@AKs
11-16 09:56:40.335: E/PhoneInterfaceManager(3790): [PhoneIntfMgr] getCarrierPackageNamesForIntent: No UICC
11-16 09:56:40.335: D/CarrierSvcBindHelper(3790): No carrier app for: 0
11-16 09:56:40.335: D/ImsResolver(3790): maybeAddedImsService, packageName: com.google.android.gms
11-16 09:56:40.357: I/Fitness(10928): FitCleanupIntentOperation received Intent android.intent.action.PACKAGE_CHANGED [CONTEXT service_id=17 ]
11-16 09:56:40.370: I/Fitness(10928): OnPackageChangedOperation got intent: Intent { act=android.intent.action.PACKAGE_CHANGED dat=package:com.google.android.gms flg=0x45000010 pkg=com.google.android.gms cmp=com.google.android.gms/.chimera.PersistentIntentOperationService (has extras) } [CONTEXT service_id=17 ]
11-16 09:56:40.384: W/ChimeraUtils(10928): Module com.google.android.gms.nearby_en has empty metadata display_name_string_id
11-16 09:56:40.387: W/ChimeraUtils(10928): Module com.google.android.gms.nearby_en has empty metadata display_name_string_id
11-16 09:56:40.391: I/Fitness(10928): FitCleanupIntentOperation received Intent android.intent.action.PACKAGE_CHANGED [CONTEXT service_id=17 ]
11-16 09:56:40.432: W/PrimesInit(25888): Primes instant initialization
11-16 09:56:40.442: W/Binder(1226): Outgoing transactions from this process must be FLAG_ONEWAY
11-16 09:56:40.442: W/Binder(1226): java.lang.Throwable
11-16 09:56:40.442: W/Binder(1226): 	at android.os.BinderProxy.transact(Binder.java:1116)
11-16 09:56:40.442: W/Binder(1226): 	at com.android.internal.location.ILocationProvider$Stub$Proxy.getProperties(ILocationProvider.java:236)
11-16 09:56:40.442: W/Binder(1226): 	at com.android.server.location.LocationProviderProxy$1$1.run(LocationProviderProxy.java:117)
11-16 09:56:40.442: W/Binder(1226): 	at com.android.server.ServiceWatcher.runOnBinder(ServiceWatcher.java:425)
11-16 09:56:40.442: W/Binder(1226): 	at com.android.server.location.LocationProviderProxy$1.run(LocationProviderProxy.java:111)
11-16 09:56:40.442: W/Binder(1226): 	at android.os.Handler.handleCallback(Handler.java:873)
11-16 09:56:40.442: W/Binder(1226): 	at android.os.Handler.dispatchMessage(Handler.java:99)
11-16 09:56:40.442: W/Binder(1226): 	at android.os.Looper.loop(Looper.java:193)
11-16 09:56:40.442: W/Binder(1226): 	at android.os.HandlerThread.run(HandlerThread.java:65)
11-16 09:56:40.442: W/Primes(25888): background initialization
11-16 09:56:40.444: W/Binder(1226): Outgoing transactions from this process must be FLAG_ONEWAY
11-16 09:56:40.444: W/Binder(1226): java.lang.Throwable
11-16 09:56:40.444: W/Binder(1226): 	at android.os.BinderProxy.transact(Binder.java:1116)
11-16 09:56:40.444: W/Binder(1226): 	at com.android.internal.location.ILocationProvider$Stub$Proxy.getProperties(ILocationProvider.java:236)
11-16 09:56:40.444: W/Binder(1226): 	at com.android.server.location.LocationProviderProxy$1$1.run(LocationProviderProxy.java:117)
11-16 09:56:40.444: W/Binder(1226): 	at com.android.server.ServiceWatcher.runOnBinder(ServiceWatcher.java:425)
11-16 09:56:40.444: W/Binder(1226): 	at com.android.server.location.LocationProviderProxy$1.run(LocationProviderProxy.java:111)
11-16 09:56:40.444: W/Binder(1226): 	at android.os.Handler.handleCallback(Handler.java:873)
11-16 09:56:40.444: W/Binder(1226): 	at android.os.Handler.dispatchMessage(Handler.java:99)
11-16 09:56:40.444: W/Binder(1226): 	at android.os.Looper.loop(Looper.java:193)
11-16 09:56:40.444: W/Binder(1226): 	at android.os.HandlerThread.run(HandlerThread.java:65)
11-16 09:56:40.472: W/ChimeraUtils(10928): Module com.google.android.gms.nearby_en has empty metadata display_name_string_id
11-16 09:56:40.502: I/.gms.persisten(10928): Background concurrent copying GC freed 217925(12MB) AllocSpace objects, 62(2MB) LOS objects, 50% free, 13MB/26MB, paused 144us total 166.744ms
11-16 09:56:40.567: I/org.webrtc.Logging(25888): NativeLibrary: Loading native library: jingle_peerconnection_so
11-16 09:56:40.568: I/org.webrtc.Logging(25888): PeerConnectionFactory: PeerConnectionFactory was initialized without an injected Loggable. Any existing Loggable will be deleted.
11-16 09:56:40.612: I/PrimesTesting(25888): GserviceFlagsSupplier.get()
11-16 09:56:40.674: W/id.apps.tachyo(25888): Unknown chunk type '200'.
11-16 09:56:40.709: D/EventBus(25888): No subscribers registered for event class gzh
11-16 09:56:40.709: D/EventBus(25888): No subscribers registered for event class sfa
11-16 09:56:40.774: D/EventBus(25888): No subscribers registered for event class gzh
11-16 09:56:40.774: D/EventBus(25888): No subscribers registered for event class sfa
11-16 09:56:40.788: I/ActivityManager(1226): Start proc 25979:com.google.android.apps.walletnfcrel/u0a152 for broadcast com.google.android.apps.walletnfcrel/com.google.android.libraries.notifications.entrypoints.localechanged.LocaleChangedReceiver
11-16 09:56:40.799: E/ps.walletnfcre(25979): Not starting debugger since process cannot load the jdwp agent.
11-16 09:56:40.824: I/ps.walletnfcre(25979): The ClassLoaderContext is a special shared library.
11-16 09:56:40.843: I/akia(10928): Removed 0 invalid users [CONTEXT service_id=51 ]
11-16 09:56:40.866: I/PeopleChimeraService(13537): onService. callbacks = xmw@196e333, request = com.google.android.gms.common.internal.GetServiceRequest@2ea76f0
11-16 09:56:40.921: I/FA(25888): App measurement is starting up, version: 18079
11-16 09:56:40.921: I/FA(25888): To enable debug logging run: adb shell setprop log.tag.FA VERBOSE
11-16 09:56:40.922: I/FA(25888): To enable faster debug mode event logging run:
11-16 09:56:40.922: I/FA(25888):   adb shell setprop debug.firebase.analytics.app com.google.android.apps.tachyon
11-16 09:56:40.928: E/FA(25888): AppMeasurementReceiver not registered/enabled
11-16 09:56:40.929: E/FA(25888): AppMeasurementService not registered/enabled
11-16 09:56:40.930: E/FA(25888): Uploading is not possible. App measurement disabled
11-16 09:56:41.015: I/DefaultStickerUpdate(3637): Successfully updated sticker index for DefaultStickerTaskData{enabled=true, metadataUriPrefix=https://www.gstatic.com/android/keyboard/stickers/configs/v5/, supportedLanguage=en}
11-16 09:56:41.016: I/FirebaseJobDispatcher(3637): Task: DefaultStickerUpdate successes.
11-16 09:56:41.018: W/Icing(13537): No valid account for uploading user actions
11-16 09:56:41.021: I/NetworkScheduler.Stats(10928): Task com.google.android.inputmethod.latin/ finished executing. cause:7 result: 1 elapsed_millis: 2818 uptime_millis: 2818 exec_start_elapsed_seconds: 3241 [CONTEXT service_id=218 ]
11-16 09:56:41.023: I/Icing(13537): Usage reports ok 0, Failed Usage reports 0, indexed 0, rejected 0
11-16 09:56:41.025: W/Icing(13537): No valid account for uploading user actions
11-16 09:56:41.032: I/Icing(13537): Usage reports ok 0, Failed Usage reports 0, indexed 0, rejected 0
11-16 09:56:41.032: E/ExecutionCriteria(10928): Package unavailable for task: com.google.android.apps.gcs/com.google.android.flib.phenotype.services.PhenotypeExperimentCommitService{u=0 tag="PhenotypeExpCommitSvc" trigger=window{start=0s,end=30s,earliest=-3145s,latest=-3115s} requirements=[NET_ANY] attributes=[PERSISTED] scheduled=-3145s last_run=N/A exec_window_multiplier=1.0000 jid=N/A status=PENDING retries=0 client_lib=MANCHEGO_GCM-11732000} [CONTEXT service_id=218 ]
11-16 09:56:41.034: I/Icing(13537): Indexing com.google.android.inputmethod.latin-internal.3p:StickerPack from com.google.android.inputmethod.latin
11-16 09:56:41.037: E/SQLiteLog(13537): (1) no such table: StickerPack_com.google.android.inputmethod.latin_seq_table
11-16 09:56:41.038: E/Icing(13537): Cursor call threw an exception: no such table: StickerPack_com.google.android.inputmethod.latin_seq_table (code 1 SQLITE_ERROR): , while compiling: SELECT * FROM [StickerPack_com.google.android.inputmethod.latin_seq_table] WHERE seqno>0 AND tag IS NULL ORDER BY seqno LIMIT 20
11-16 09:56:41.038: I/Icing(13537): Indexing done com.google.android.inputmethod.latin-internal.3p:StickerPack
11-16 09:56:41.038: E/Icing(13537): Aborting indexing of corpus internal.3p:StickerPack
11-16 09:56:41.039: I/Icing(13537): Indexing com.google.android.inputmethod.latin-internal.3p:Sticker from com.google.android.inputmethod.latin
11-16 09:56:41.041: E/SQLiteLog(13537): (1) no such table: Sticker_com.google.android.inputmethod.latin_seq_table
11-16 09:56:41.042: E/Icing(13537): Cursor call threw an exception: no such table: Sticker_com.google.android.inputmethod.latin_seq_table (code 1 SQLITE_ERROR): , while compiling: SELECT * FROM [Sticker_com.google.android.inputmethod.latin_seq_table] WHERE seqno>0 AND tag IS NULL ORDER BY seqno LIMIT 20
11-16 09:56:41.042: I/Icing(13537): Indexing done com.google.android.inputmethod.latin-internal.3p:Sticker
11-16 09:56:41.042: E/Icing(13537): Aborting indexing of corpus internal.3p:Sticker
11-16 09:56:41.054: I/Icing(13537): updateResources: need to parse zml{com.google.android.gms}
11-16 09:56:41.079: I/Icing(13537): Indexing com.google.android.gms-apps from com.google.android.gms
11-16 09:56:41.085: I/Icing(13537): Indexing done com.google.android.gms-apps
11-16 09:56:41.134: I/ActivityManager(1226): Killing 24916:com.google.android.apps.maps/u0a102 (adj 906): empty #17
11-16 09:56:41.135: W/libprocessgroup(1226): kill(-24916, 9) failed: No such process
11-16 09:56:41.157: W/NetworkScheduler(10928): Immediate task was not started com.google.android.apps.chromecast.app/.gcm.GcmRegistrationService{u=0 tag="GcmRegistrationService" trigger=window{start=0s,end=1s,earliest=0s,latest=0s} requirements=[NET_CONNECTED] attributes=[] scheduled=0s last_run=N/A exec_window_multiplier=1.0000 jid=N/A status=PENDING retries=0 client_lib=MANCHEGO_GCM-18944000}. Rescheduling immediate tasks can cause excessive battery drain.
11-16 09:56:41.161: W/NetworkScheduler(10928): Immediate task was not started com.google.android.apps.chromecast.app/.gcm.GcmRegistrationService{u=0 tag="GcmRegistrationService" trigger=window{start=0s,end=1s,earliest=0s,latest=0s} requirements=[NET_CONNECTED] attributes=[] scheduled=0s last_run=N/A exec_window_multiplier=1.0000 jid=N/A status=PENDING retries=0 client_lib=MANCHEGO_GCM-18944000}. Rescheduling immediate tasks can cause excessive battery drain.
11-16 09:56:41.180: W/libprocessgroup(1226): kill(-24916, 9) failed: No such process
11-16 09:56:41.189: D/BoundBrokerSvc(10928): onUnbind: Intent { act=com.google.android.gms.clearcut.bootcount.service.START pkg=com.google.android.gms }
11-16 09:56:41.190: I/Zygote(731): Process 24916 exited due to signal (9)
11-16 09:56:41.190: I/BlobLobber(10093): Handling download id 83 (blob odws2_en:us:524_2019-09-12_270573492_release_signed)
11-16 09:56:41.213: V/DownloadManager(25810): Deleting /storage/emulated/0/Android/data/com.google.android.googlequicksearchbox/files/pending_blobs/odws2_en:us:524_2019-09-12_270573492_release_signed via provider delete
11-16 09:56:41.222: I/akhr(10928): Scheduling adaptive one off task with window [14400, 604800] in seconds [CONTEXT service_id=51 ]
11-16 09:56:41.224: W/libprocessgroup(1226): kill(-24916, 9) failed: No such process
11-16 09:56:41.224: I/libprocessgroup(1226): Successfully killed process cgroup uid 10102 pid 24916 in 88ms
11-16 09:56:41.226: I/earchbox:searc(10093): The ClassLoaderContext is a special shared library.
11-16 09:56:41.227: I/chatty(10093): uid=10047(com.google.android.googlequicksearchbox) NonUserFacing13 identical 1 line
11-16 09:56:41.229: I/earchbox:searc(10093): The ClassLoaderContext is a special shared library.
11-16 09:56:41.231: E/ExecutionCriteria(10928): Package unavailable for task: com.google.android.apps.gcs/com.google.android.flib.phenotype.services.PhenotypeExperimentCommitService{u=0 tag="PhenotypeExpCommitSvc" trigger=window{start=0s,end=30s,earliest=-3145s,latest=-3115s} requirements=[NET_ANY] attributes=[PERSISTED] scheduled=-3145s last_run=N/A exec_window_multiplier=1.0000 jid=N/A status=PENDING retries=0 client_lib=MANCHEGO_GCM-11732000} [CONTEXT service_id=218 ]
11-16 09:56:41.251: V/NativeCrypto(10093): Registering com/google/android/gms/org/conscrypt/NativeCrypto's 294 native methods...
11-16 09:56:41.257: I/NetworkScheduler.Stats(10928): Task com.google.android.gms/com.google.android.gms.ipa.base.IpaGcmTaskService started execution. cause:9 exec_start_elapsed_seconds: 3244 [CONTEXT service_id=218 ]
11-16 09:56:41.261: I/NetworkScheduler.Stats(10928): Task com.google.android.gms/com.google.android.gms.ipa.base.IpaGcmTaskService finished executing. cause:9 result: 1 elapsed_millis: 22 uptime_millis: 22 exec_start_elapsed_seconds: 3244 [CONTEXT service_id=218 ]
11-16 09:56:41.260: W/Binder:1226_6(1226): type=1400 audit(0.0:596): avc: denied { syslog_read } for scontext=u:r:system_server:s0 tcontext=u:r:kernel:s0 tclass=system permissive=0
11-16 09:56:41.266: D/wifi-jni(1226): no kernel logs
11-16 09:56:41.277: D/NetworkSecurityConfig(10093): Using Network Security Config from resource network_security_config debugBuild: false
11-16 09:56:41.279: I/ProviderInstaller(10093): Installed default security provider GmsCore_OpenSSL
11-16 09:56:41.283: E/ExecutionCriteria(10928): Package unavailable for task: com.google.android.apps.gcs/com.google.android.flib.phenotype.services.PhenotypeExperimentCommitService{u=0 tag="PhenotypeExpCommitSvc" trigger=window{start=0s,end=30s,earliest=-3145s,latest=-3115s} requirements=[NET_ANY] attributes=[PERSISTED] scheduled=-3145s last_run=N/A exec_window_multiplier=1.0000 jid=N/A status=PENDING retries=0 client_lib=MANCHEGO_GCM-11732000} [CONTEXT service_id=218 ]
11-16 09:56:41.294: I/NetworkScheduler.Stats(10928): Task com.google.android.gms/com.google.android.gms.phenotype.service.sync.PhenotypeConfigurator finished executing. cause:5 result: 1 elapsed_millis: 1224 uptime_millis: 1224 exec_start_elapsed_seconds: 3242 [CONTEXT service_id=218 ]
11-16 09:56:41.303: E/ExecutionCriteria(10928): Package unavailable for task: com.google.android.apps.gcs/com.google.android.flib.phenotype.services.PhenotypeExperimentCommitService{u=0 tag="PhenotypeExpCommitSvc" trigger=window{start=0s,end=30s,earliest=-3145s,latest=-3115s} requirements=[NET_ANY] attributes=[PERSISTED] scheduled=-3145s last_run=N/A exec_window_multiplier=1.0000 jid=N/A status=PENDING retries=0 client_lib=MANCHEGO_GCM-11732000} [CONTEXT service_id=218 ]
11-16 09:56:41.351: I/BgTaskExecutorImpl(10093): Starting NONEXCLUSIVE background task ZIP_DOWNLOAD_PROCESSOR.
11-16 09:56:41.363: E/ModelDnldProcssHelpr(10093): pending download info for pending_hotword_model_download_info is null
11-16 09:56:41.363: E/ModelDnldProcssHelpr(10093): pending download info for pending_xgoogle_hotword_model_download_info is null
11-16 09:56:41.372: D/BoundBrokerSvc(13537): onUnbind: Intent { act=com.google.android.mdd.service.START pkg=com.google.android.gms }
11-16 09:56:41.372: D/BoundBrokerSvc(13537): onUnbind: Intent { act=com.google.android.mobstore.service.START pkg=com.google.android.gms }
11-16 09:56:41.373: E/DownloadManagerWrapper(10093): Can't find downloadId=83
11-16 09:56:41.382: W/LanguagePackUpdateContr(10093): Querying download manager failed for ID : 83
11-16 09:56:41.385: W/DynamiteModule(25979): Local module descriptor class for providerinstaller not found.
11-16 09:56:41.390: I/DynamiteModule(25979): Considering local module providerinstaller:0 and remote module providerinstaller:0
11-16 09:56:41.390: W/SearchServiceCore(10093): Abort, client detached.
11-16 09:56:41.390: W/ProviderInstaller(25979): Failed to load providerinstaller module: No acceptable module found. Local version is 0 and remote version is 0.
11-16 09:56:41.392: W/ps.walletnfcre(25979): Unknown chunk type '200'.
11-16 09:56:41.395: I/ps.walletnfcre(25979): The ClassLoaderContext is a special shared library.
11-16 09:56:41.396: I/chatty(25979): uid=10152(com.google.android.apps.walletnfcrel) identical 1 line
11-16 09:56:41.396: I/ps.walletnfcre(25979): The ClassLoaderContext is a special shared library.
11-16 09:56:41.406: V/NativeCrypto(25979): Registering com/google/android/gms/org/conscrypt/NativeCrypto's 294 native methods...
11-16 09:56:41.418: D/NetworkSecurityConfig(25979): No Network Security Config specified, using platform default
11-16 09:56:41.424: I/ProviderInstaller(25979): Installed default security provider GmsCore_OpenSSL
11-16 09:56:41.463: W/ip(26055): type=1400 audit(0.0:597): avc: denied { search } for name="net" dev="sda21" ino=4378 scontext=u:r:shell:s0 tcontext=u:object_r:net_data_file:s0 tclass=dir permissive=0
11-16 09:56:41.515: I/BackgroundTaskManager(25979): Executing task PhenotypeRegistrationTask.phenotype_registration with PARALLEL execution policy.
11-16 09:56:41.542: D/BoundBrokerSvc(10928): onBind: Intent { act=com.google.android.gms.tapandpay.service.BIND pkg=com.google.android.gms }
11-16 09:56:41.542: D/BoundBrokerSvc(10928): Loading bound service for intent: Intent { act=com.google.android.gms.tapandpay.service.BIND pkg=com.google.android.gms }
11-16 09:56:41.569: E/WifiHAL(784): wifi_get_ring_data: Error -5 happened. 
11-16 09:56:41.570: E/WifiVendorHal(1226): getRingBufferData(l.2057) failed {.code = ERROR_INVALID_ARGS, .description = }
11-16 09:56:41.580: W/PrimesInit(25979): Primes instant initialization
11-16 09:56:41.581: W/Primes(25979): background initialization
11-16 09:56:41.590: W/Binder:1226_17(1226): type=1400 audit(0.0:598): avc: denied { syslog_read } for scontext=u:r:system_server:s0 tcontext=u:r:kernel:s0 tclass=system permissive=0
11-16 09:56:41.595: I/PrimesTesting(25979): GserviceFlagsSupplier.get()
11-16 09:56:41.595: D/wifi-jni(1226): no kernel logs
11-16 09:56:41.641: I/TapAndPayApplication(25979): Successfully initialized Firebase App
11-16 09:56:41.647: I/BackgroundTaskManager(25979): Executing task AccountFreshener.freshen with SEQUENTIAL execution policy.
11-16 09:56:41.651: I/Notifications(25979): [ChimeBroadcastReceiver] Intent received for action [android.intent.action.LOCALE_CHANGED] package [com.google.android.apps.walletnfcrel].
11-16 09:56:41.657: W/GCM(25979): GCM SDK is deprecated, com.google.android.apps.walletnfcrel should update to use FCM
11-16 09:56:41.679: I/Notifications(25979): [ChimeBroadcastReceiver] Validation OK for action [android.intent.action.LOCALE_CHANGED].
11-16 09:56:41.681: I/Notifications(25979): [ChimeBroadcastReceiver] Executing action in BroadcastReceiver [android.intent.action.LOCALE_CHANGED].
11-16 09:56:41.706: I/ActivityManager(1226): Killing 24061:com.google.android.apps.messaging/u0a111 (adj 906): empty #17
11-16 09:56:41.707: W/libprocessgroup(1226): kill(-24061, 9) failed: No such process
11-16 09:56:41.717: I/ActivityManager(1226): Start proc 26089:com.google.android.keep/u0a150 for broadcast com.google.android.keep/.notification.ReminderNotificationReceiver
11-16 09:56:41.723: E/le.android.kee(26089): Not starting debugger since process cannot load the jdwp agent.
11-16 09:56:41.739: E/WifiHAL(784): wifi_get_ring_data: Error -5 happened. 
11-16 09:56:41.739: E/WifiVendorHal(1226): getRingBufferData(l.2057) failed {.code = ERROR_INVALID_ARGS, .description = }
11-16 09:56:41.742: D/BoundBrokerSvc(13537): onUnbind: Intent { act=com.google.android.gms.walletp2p.service.firstparty.BIND pkg=com.google.android.gms }
11-16 09:56:41.744: I/Zygote(731): Process 24061 exited due to signal (9)
11-16 09:56:41.746: I/le.android.kee(26089): The ClassLoaderContext is a special shared library.
11-16 09:56:41.752: W/libprocessgroup(1226): kill(-24061, 9) failed: No such process
11-16 09:56:41.752: I/libprocessgroup(1226): Successfully killed process cgroup uid 10111 pid 24061 in 45ms
11-16 09:56:41.757: W/Binder:1226_17(1226): type=1400 audit(0.0:599): avc: denied { syslog_read } for scontext=u:r:system_server:s0 tcontext=u:r:kernel:s0 tclass=system permissive=0
11-16 09:56:41.761: D/wifi-jni(1226): no kernel logs
11-16 09:56:41.808: I/FA(25979): App measurement is starting up, version: 18079
11-16 09:56:41.808: I/FA(25979): To enable debug logging run: adb shell setprop log.tag.FA VERBOSE
11-16 09:56:41.808: I/FA(25979): To enable faster debug mode event logging run:
11-16 09:56:41.808: I/FA(25979):   adb shell setprop debug.firebase.analytics.app com.google.android.apps.walletnfcrel
11-16 09:56:41.943: D/VSC(777): @ 3256.995: [Significant Motion] Request motion_detect, interval 18446744073709551615 ns, latency 0 ns
11-16 09:56:41.943: D/VSC(777): @ 3256.996: [Significant Motion] Stop accel
11-16 09:56:42.024: W/ComponentDiscovery(26089): Application info not found.
11-16 09:56:42.024: W/ComponentDiscovery(26089): Could not retrieve metadata, returning empty list of registrars.
11-16 09:56:42.071: W/Primes(26089): Primes not initialized, returning default (no-op) Primes instance which will ignore all calls. Please call Primes.initialize(...) before using any Primes API.
11-16 09:56:42.083: W/PrimesInit(26089): Primes instant initialization
11-16 09:56:42.083: W/Primes(26089): background initialization
11-16 09:56:42.129: I/PrimesTesting(26089): GserviceFlagsSupplier.get()
11-16 09:56:42.153: W/KeepGATracker(26089): Disabling GA because no account was specified
11-16 09:56:42.190: W/BroadcastQueue(1226): Background execution not allowed: receiving Intent { act=com.google.android.systemui.OPA_ENABLED flg=0x10000010 (has extras) } to com.google.android.apps.nexuslauncher/.qsb.OPAStatusReceiver
11-16 09:56:42.195: W/BroadcastQueue(1226): Background execution not allowed: receiving Intent { act=com.google.android.systemui.OPA_ENABLED flg=0x10000010 (has extras) } to com.google.android.apps.nexuslauncher/.qsb.OPAStatusReceiver
11-16 09:56:42.197: W/BroadcastQueue(1226): Background execution not allowed: receiving Intent { act=com.google.android.systemui.OPA_ENABLED flg=0x10000010 (has extras) } to com.google.android.apps.nexuslauncher/.qsb.OPAStatusReceiver
11-16 09:56:42.204: I/akhr(10928): Scheduling Phenotype for a PhenotypeSyncImmediately(16, com.google.android.keep) one off with window [1, 2] in seconds [CONTEXT service_id=51 ]
11-16 09:56:42.220: I/roid.music:mai(25489): Waiting for a blocking GC ProfileSaver
11-16 09:56:42.232: D/BoundBrokerSvc(13537): onUnbind: Intent { act=com.google.android.gms.auth.service.START pkg=com.google.android.gms }
11-16 09:56:42.237: I/PeopleChimeraService(13537): onService. callbacks = xmw@2d9d34f, request = com.google.android.gms.common.internal.GetServiceRequest@33b3adc
11-16 09:56:42.254: I/ActivityManager(1226): Killing 25109:com.google.process.gapps/u0a7 (adj 906): empty #17
11-16 09:56:42.256: W/libprocessgroup(1226): kill(-25109, 9) failed: No such process
11-16 09:56:42.271: I/Zygote(731): Process 25109 exited due to signal (9)
11-16 09:56:42.275: W/libprocessgroup(1226): kill(-25109, 9) failed: No such process
11-16 09:56:42.275: I/libprocessgroup(1226): Successfully killed process cgroup uid 10007 pid 25109 in 19ms
11-16 09:56:42.277: E/Backup(13537): [BackupTransportMigratorChimeraService] Could not migrate transport!
11-16 09:56:42.279: I/Backup(13537): [BackupTransportMigratorChimeraService] Starting migration...
11-16 09:56:42.446: E/ExecutionCriteria(10928): Package unavailable for task: com.google.android.apps.gcs/com.google.android.flib.phenotype.services.PhenotypeExperimentCommitService{u=0 tag="PhenotypeExpCommitSvc" trigger=window{start=0s,end=30s,earliest=-3146s,latest=-3116s} requirements=[NET_ANY] attributes=[PERSISTED] scheduled=-3146s last_run=N/A exec_window_multiplier=1.0000 jid=N/A status=PENDING retries=0 client_lib=MANCHEGO_GCM-11732000} [CONTEXT service_id=218 ]
11-16 09:56:42.463: E/ExecutionCriteria(10928): Package unavailable for task: com.google.android.apps.gcs/com.google.android.flib.phenotype.services.PhenotypeExperimentCommitService{u=0 tag="PhenotypeExpCommitSvc" trigger=window{start=0s,end=30s,earliest=-3146s,latest=-3116s} requirements=[NET_ANY] attributes=[PERSISTED] scheduled=-3146s last_run=N/A exec_window_multiplier=1.0000 jid=N/A status=PENDING retries=0 client_lib=MANCHEGO_GCM-11732000} [CONTEXT service_id=218 ]
11-16 09:56:42.473: D/BoundBrokerSvc(13537): onUnbind: Intent { act=com.google.android.gms.findmydevice.spot.service.locationreport.START cmp=com.google.android.gms/.chimera.GmsApiService }
11-16 09:56:42.480: E/ExecutionCriteria(10928): Package unavailable for task: com.google.android.apps.gcs/com.google.android.flib.phenotype.services.PhenotypeExperimentCommitService{u=0 tag="PhenotypeExpCommitSvc" trigger=window{start=0s,end=30s,earliest=-3146s,latest=-3116s} requirements=[NET_ANY] attributes=[PERSISTED] scheduled=-3146s last_run=N/A exec_window_multiplier=1.0000 jid=N/A status=PENDING retries=0 client_lib=MANCHEGO_GCM-11732000} [CONTEXT service_id=218 ]
11-16 09:56:42.530: W/BroadcastQueue(1226): Background execution not allowed: receiving Intent { act=com.google.android.music.START_DOWNLOAD_SCHEDULING flg=0x10 } to com.google.android.music/.autocache.AutoCacheSchedulingService$EnablingReceiver
11-16 09:56:42.651: I/MediaStoreImporter(25489): Update: incremental Added music: 0 Updated music: 0 Deleted music: 0 Created playlists: 0 Updated playlists: 0 Deleted playlists: 0 Inserted playlist items: 0 Deleted playlist items: 0 Removed orphaned playlist items: 0
11-16 09:56:42.653: D/MusicLifecycle(25489): com.google.android.music.download.EncapsulatedBroadcastReceiver$1 generated event: Broadcast received with context com.google.android.music.ui.PhoneMusicApplication@fd883ae and intent Intent { act=com.google.android.music.IMPORT_COMPLETE flg=0x10 }
11-16 09:56:42.751: I/android.youtub(25574): WaitForGcToComplete blocked CollectorTransition on ProfileSaver for 6.501ms
11-16 09:56:43.784: I/ActivityManager(1226): Force stopping androidx.navigation.ui.test appid=10172 user=-1: deletePackageX
11-16 09:56:43.866: I/keystore(862): clear_uid 10172
11-16 09:56:43.964: I/system_server(1226): Explicit concurrent copying GC freed 192192(9MB) AllocSpace objects, 75(2MB) LOS objects, 42% free, 15MB/27MB, paused 78us total 96.986ms
11-16 09:56:43.970: I/ActivityManager(1226): Force stopping androidx.navigation.ui.test appid=10172 user=0: pkg removed
11-16 09:56:43.981: W/BroadcastQueue(1226): Background execution not allowed: receiving Intent { act=android.intent.action.PACKAGE_REMOVED dat=package:androidx.navigation.ui.test flg=0x4000010 (has extras) } to com.android.musicfx/.Compatibility$Receiver
11-16 09:56:43.982: W/BroadcastQueue(1226): Background execution not allowed: receiving Intent { act=android.intent.action.PACKAGE_REMOVED dat=package:androidx.navigation.ui.test flg=0x4000010 (has extras) } to com.android.vending/com.google.android.finsky.packagemanager.impl.PackageMonitorReceiverImpl$RegisteredReceiver
11-16 09:56:43.989: I/ConditionProviders(1226): Disallowing condition provider androidx.navigation.ui.test
11-16 09:56:43.990: W/BroadcastQueue(1226): Background execution not allowed: receiving Intent { act=android.intent.action.PACKAGE_REMOVED dat=package:androidx.navigation.ui.test flg=0x4000010 (has extras) } to com.android.vending/com.google.android.finsky.instantapps.appmanagement.InstantAppRemoveMonitor
11-16 09:56:43.990: W/BroadcastQueue(1226): Background execution not allowed: receiving Intent { act=android.intent.action.PACKAGE_REMOVED dat=package:androidx.navigation.ui.test flg=0x4000010 (has extras) } to com.google.android.gms/.games.chimera.GamesSystemBroadcastReceiverProxy
11-16 09:56:43.990: W/BroadcastQueue(1226): Background execution not allowed: receiving Intent { act=android.intent.action.PACKAGE_REMOVED dat=package:androidx.navigation.ui.test flg=0x4000010 (has extras) } to com.google.android.gms/.chimera.GmsIntentOperationService$PersistentTrustedReceiver
11-16 09:56:43.990: W/BroadcastQueue(1226): Background execution not allowed: receiving Intent { act=android.intent.action.PACKAGE_REMOVED dat=package:androidx.navigation.ui.test flg=0x4000010 (has extras) } to com.google.android.googlequicksearchbox/com.google.android.apps.gsa.googlequicksearchbox.GelStubAppWatcher
11-16 09:56:43.992: E/PackageManager(1226): failed to find package androidx.navigation.ui.test
11-16 09:56:43.992: E/OverlayManager(1226): Failed to change enabled overlays for androidx.navigation.ui.test user 0
11-16 09:56:43.993: V/ConditionProviders(1226): enabling condition provider for 0: ComponentInfo{com.google.android.gms/com.google.android.location.settings.DrivingConditionProvider}
11-16 09:56:43.993: V/ConditionProviders(1226): binding: Intent { act=android.service.notification.ConditionProviderService cmp=com.google.android.gms/com.google.android.location.settings.DrivingConditionProvider (has extras) }
11-16 09:56:44.000: D/WifiConfigManager(1226): Remove all networks for app ApplicationInfo{296d12e androidx.navigation.ui.test}
11-16 09:56:44.005: I/ActivityManager(1226): Start proc 26154:com.android.keychain/1000 for service com.android.keychain/.KeyChainService
11-16 09:56:44.009: D/ConditionProviders(1226): Subscribing to condition://com.google.android.gms/false/4?provider=Driving with ComponentInfo{com.google.android.gms/com.google.android.location.settings.DrivingConditionProvider}
11-16 09:56:44.011: D/RegisteredNfcFServicesCache(4145): Service unchanged, not updating
11-16 09:56:44.013: I/ActivityManager(1226): Force stopping dev.androidx.ci.emptyapp appid=10171 user=-1: deletePackageX
11-16 09:56:44.015: I/InputReader(1226): Reconfiguring input devices.  changes=0x00000010
11-16 09:56:44.015: E/.android.chrom(26160): Not starting debugger since process cannot load the jdwp agent.
11-16 09:56:44.016: W/ChimeraUtils(10928): Module com.google.android.gms.location__nonwearable has empty metadata display_name_string_id
11-16 09:56:44.019: E/ndroid.keychai(26154): Not starting debugger since process cannot load the jdwp agent.
11-16 09:56:44.048: W/ActivityManager(1226): Slow operation: 57ms so far, now at startProcess: building log message
11-16 09:56:44.048: I/ActivityManager(1226): Start proc 26160:com.android.chrome/u0a107 for broadcast com.android.chrome/org.chromium.chrome.browser.browserservices.ClientAppBroadcastReceiver
11-16 09:56:44.048: W/ActivityManager(1226): Slow operation: 57ms so far, now at startProcess: starting to update pids map
11-16 09:56:44.048: W/ActivityManager(1226): Slow operation: 57ms so far, now at startProcess: done updating pids map
11-16 09:56:44.048: I/keystore(862): clear_uid 10171
11-16 09:56:44.051: D/ConditionProviders(1226): Disabling component com.google.android.gms/com.google.android.location.settings.DrivingConditionProvider
11-16 09:56:44.060: E/PhoneInterfaceManager(3790): [PhoneIntfMgr] getCarrierPackageNamesForIntent: No UICC
11-16 09:56:44.060: D/CarrierSvcBindHelper(3790): No carrier app for: 0
11-16 09:56:44.062: W/ConditionProviderService[dmm](10928): Condition provider service not yet bound.
11-16 09:56:44.067: I/BlockstoreStorage(13537): Clearing all the Blockstore Data for package androidx.navigation.ui.test [CONTEXT service_id=258 ]
11-16 09:56:44.068: I/BlockstoreStorage(13537): Clearing all the Blockstore Data for 1 packages [CONTEXT service_id=258 ]
11-16 09:56:44.069: I/ndroid.keychai(26154): The ClassLoaderContext is a special shared library.
11-16 09:56:44.086: W/system_server(1226): Unknown chunk type '200'.
11-16 09:56:44.101: I/Icing(13537): doRemovePackageData androidx.navigation.ui.test
11-16 09:56:44.107: I/Fitness(10928): FitCleanupIntentOperation received Intent android.intent.action.PACKAGE_REMOVED [CONTEXT service_id=17 ]
11-16 09:56:44.114: I/ActivityManager(1226): Killing 25153:com.google.android.apps.tips/u0a52 (adj 906): empty #17
11-16 09:56:44.116: W/libprocessgroup(1226): kill(-25153, 9) failed: No such process
11-16 09:56:44.124: I/Icing(13537): Indexing com.google.android.gms-apps from com.google.android.gms
11-16 09:56:44.127: I/DatabaseOpenHelper(13537): Upgrading DocList.db from version 172 to 173, databasePath=/data/user/0/com.google.android.gms/databases/DocList.db
11-16 09:56:44.132: I/Zygote(731): Process 25153 exited due to signal (9)
11-16 09:56:44.135: I/Icing(13537): Indexing done com.google.android.gms-apps
11-16 09:56:44.151: I/d.process.medi(25810): Waiting for a blocking GC ProfileSaver
11-16 09:56:44.162: W/libprocessgroup(1226): kill(-25153, 9) failed: No such process
11-16 09:56:44.162: I/libprocessgroup(1226): Successfully killed process cgroup uid 10052 pid 25153 in 46ms
11-16 09:56:44.163: I/d.process.medi(25810): WaitForGcToComplete blocked ProfileSaver on HeapTrim for 11.330ms
11-16 09:56:44.172: D/fpc_hidl(26190): fpc fingerprint hwbinder service starting
11-16 09:56:44.172: D/QSEECOMAPI(26190): QSEECom_get_handle sb_length = 0x80
11-16 09:56:44.172: D/QSEECOMAPI(26190): App is not loaded in QSEE
11-16 09:56:44.172: D/QSEECOMAPI(26190): app_arch = 2, total_files = 9
11-16 09:56:44.189: W/DriveInitializer(13537): Awaiting to be initialized
11-16 09:56:44.227: D/QSEECOMAPI(26190): Loaded image: APP id = 651
11-16 09:56:44.231: E/fpc_tac(26190): fpcbuildinfo : 575ddab5b91efea67ee1d200fc813ff2fpc_bio=bd35c3fec78219829149bea6c9ec961e6f655b90C:prodtestlib=4304cf5c884c198624b749af3482befacbd3028eC:fpc_c_core=dc194509594e837dedfb5452aaf06fcb61977135C:fpc_lib=cd5b7b876c3d69afa68a11ac6fd86f873e70817bC:cac=297e11552c60a3607ed664cf44c3e4b36ab2e737C:fpc_bio_interface=94a457caecae31eca8ef04b64c3f82a018e9bbc0C:fpc_sensor=ba909a5500944acafe47a0ef3a49f89509aadfb6C:tools_core=94ddf1e684cfa6c99f0f237f7cc35f3962e0e597C:sensor_settings=4fcf864fb493ae0272a9b2806446b379d99fd8ceC:fingerprint_ta=066bc0ab880960a4a69b74a328c7d7871c72225bC:fingerprint_pal=0deb9a478a3572872639f9cb2559ccc464ee3f9bC:manifests=dcb3d8ab0bdb7a5b341839d8c75bb88fc7f5e1a4C:Manifesttag=SW23.3.0-PDR1.0.5:jenkins@84ffd74dac44:Thu,17May201810:17:08+0200:FPC_SENSOR_TYPE=FPC_SENSOR_TYPE_FPC1270:FPC_CC_TYPE=FPC_COMPANION_CHIP_FPC2050:FPC_C_TYPE=FPC_COATING_NORMAL
11-16 09:56:44.232: E/fpc_tac(26190): fpcbuildtype : build=RELEASE sensor=9
11-16 09:56:44.235: W/EventHub(1226): Unable to disable kernel key repeat for /dev/input/event3: Function not implemented
11-16 09:56:44.235: I/EventHub(1226): wakeMechanism=EPOLLWAKEUP, usingClockIoctl=true
11-16 09:56:44.235: I/EventHub(1226): New device: id=651, fd=350, path='/dev/input/event3', name='uinput-fpc', classes=0x101, configuration='/system/usr/idc/uinput-fpc.idc', keyLayout='/system/usr/keylayout/uinput-fpc.kl', keyCharacterMap='/system/usr/keychars/Generic.kcm', builtinKeyboard=true, 
11-16 09:56:44.235: W/InputReader(1226): Ignoring spurious device added event for deviceId 0.
11-16 09:56:44.240: I/PinnedContentDownloader(13537): Finished downloading pinned content.
11-16 09:56:44.246: I/system_server(1226): Explicit concurrent copying GC freed 42274(2MB) AllocSpace objects, 14(600KB) LOS objects, 42% free, 16MB/28MB, paused 85us total 197.250ms
11-16 09:56:44.251: I/ActivityManager(1226): Force stopping dev.androidx.ci.emptyapp appid=10171 user=0: pkg removed
11-16 09:56:44.251: I/ContentMaintenance(13537): Internal cache bytes used: 0; limit: 100000000; download size: 0
11-16 09:56:44.257: I/InputReader(1226): Reconfiguring input devices.  changes=0x00000010
11-16 09:56:44.259: E/PackageManager(1226): failed to find package dev.androidx.ci.emptyapp
11-16 09:56:44.259: E/OverlayManager(1226): Failed to change enabled overlays for dev.androidx.ci.emptyapp user 0
11-16 09:56:44.260: I/ConditionProviders(1226): Disallowing condition provider dev.androidx.ci.emptyapp
11-16 09:56:44.271: D/WifiConfigManager(1226): Remove all networks for app ApplicationInfo{b87d166 dev.androidx.ci.emptyapp}
11-16 09:56:44.278: I/BlockstoreStorage(13537): Clearing all the Blockstore Data for package dev.androidx.ci.emptyapp [CONTEXT service_id=258 ]
11-16 09:56:44.278: I/BlockstoreStorage(13537): Clearing all the Blockstore Data for 1 packages [CONTEXT service_id=258 ]
11-16 09:56:44.282: I/RealtimeCacheCleanup(13537): Beginning Realtime garbage collection.
11-16 09:56:44.282: E/PhoneInterfaceManager(3790): [PhoneIntfMgr] getCarrierPackageNamesForIntent: No UICC
11-16 09:56:44.282: D/CarrierSvcBindHelper(3790): No carrier app for: 0
11-16 09:56:44.284: D/RegisteredNfcFServicesCache(4145): Service unchanged, not updating
11-16 09:56:44.299: I/Icing(13537): doRemovePackageData dev.androidx.ci.emptyapp
11-16 09:56:44.301: I/RealtimeCacheCleanup(13537): Finished Realtime garbage collection.
11-16 09:56:44.309: I/Fitness(10928): FitCleanupIntentOperation received Intent android.intent.action.PACKAGE_REMOVED [CONTEXT service_id=17 ]
11-16 09:56:44.312: I/Icing(13537): Indexing com.google.android.gms-apps from com.google.android.gms
11-16 09:56:44.313: I/Icing(13537): Indexing done com.google.android.gms-apps
