11-16 09:56:35.513: W/.apps.wellbein(25176): Unknown chunk type '200'.
11-16 09:56:35.697: I/t_app_installe(24693): Waiting for a blocking GC ProfileSaver
11-16 09:56:35.709: I/t_app_installe(24693): WaitForGcToComplete blocked ProfileSaver on AddRemoveAppImageSpace for 11.782ms
11-16 09:56:35.928: I/ActivityManager(1226): Start proc 25279:com.android.providers.calendar/u0a44 for content provider com.android.providers.calendar/.CalendarProvider2
11-16 09:56:35.929: E/viders.calenda(25279): Not starting debugger since process cannot load the jdwp agent.
11-16 09:56:35.947: W/Primes(25247): Primes not initialized, returning default (no-op) Primes instance which will ignore all calls. Please call Primes.initialize(...) before using any Primes API.
11-16 09:56:35.986: I/CalendarProvider2(25279): Created com.android.providers.calendar.CalendarAlarmManager@e6bb99e(com.android.providers.calendar.CalendarProvider2@4a05c7f)
11-16 09:56:36.080: I/ActivityManager(1226): Start proc 25325:com.google.android.contacts/u0a90 for broadcast com.google.android.contacts/com.google.android.apps.contacts.receiver.LocaleChangeReceiver
11-16 09:56:36.084: E/ndroid.contact(25325): Not starting debugger since process cannot load the jdwp agent.
11-16 09:56:36.106: I/ndroid.contact(25325): The ClassLoaderContext is a special shared library.
11-16 09:56:36.119: I/a.x.s.s.a.AndroidDataba(25247): Obtained writable database SQLiteDatabase/16145159 instance with path /data/user/0/com.google.android.calendar/databases/cal_v2a
11-16 09:56:36.132: I/a.x.s.s.MigrationRunner(25247): The schema version is 13, the database version is 13, and there are 0 migrations
11-16 09:56:36.176: W/GrowthKit(25247): Failed to get phenotypeManager in PhenotypeBroadcastReceiver
11-16 09:56:36.176: W/GrowthKit(25247): java.lang.NullPointerException: Unable to get GrowthKit Component from host app.
11-16 09:56:36.176: W/GrowthKit(25247): 	at com.google.android.libraries.internal.growth.growthkit.inject.GrowthKit.get(GrowthKit.java:43)
11-16 09:56:36.176: W/GrowthKit(25247): 	at com.google.android.libraries.internal.growth.growthkit.internal.experiments.impl.PhenotypeBroadcastReceiver.onReceive(PhenotypeBroadcastReceiver.java:25)
11-16 09:56:36.176: W/GrowthKit(25247): 	at android.app.ActivityThread.handleReceiver(ActivityThread.java:3417)
11-16 09:56:36.176: W/GrowthKit(25247): 	at android.app.ActivityThread.access$1200(ActivityThread.java:200)
11-16 09:56:36.176: W/GrowthKit(25247): 	at android.app.ActivityThread$H.handleMessage(ActivityThread.java:1667)
11-16 09:56:36.176: W/GrowthKit(25247): 	at android.os.Handler.dispatchMessage(Handler.java:106)
11-16 09:56:36.176: W/GrowthKit(25247): 	at android.os.Looper.loop(Looper.java:193)
11-16 09:56:36.176: W/GrowthKit(25247): 	at android.app.ActivityThread.main(ActivityThread.java:6718)
11-16 09:56:36.176: W/GrowthKit(25247): 	at java.lang.reflect.Method.invoke(Native Method)
11-16 09:56:36.176: W/GrowthKit(25247): 	at com.android.internal.os.RuntimeInit$MethodAndArgsCaller.run(RuntimeInit.java:493)
11-16 09:56:36.176: W/GrowthKit(25247): 	at com.android.internal.os.ZygoteInit.main(ZygoteInit.java:858)
11-16 09:56:36.178: I/ActivityManager(1226): Killing 24494:android.process.media/u0a8 (adj 906): empty #17
11-16 09:56:36.178: W/libprocessgroup(1226): kill(-24494, 9) failed: No such process
11-16 09:56:36.194: I/Zygote(731): Process 24494 exited due to signal (9)
11-16 09:56:36.198: W/libprocessgroup(1226): kill(-24494, 9) failed: No such process
11-16 09:56:36.198: I/libprocessgroup(1226): Successfully killed process cgroup uid 10008 pid 24494 in 19ms
11-16 09:56:36.334: W/PrimesInit(25325): Primes instant initialization
11-16 09:56:36.335: W/Primes(25325): background initialization
11-16 09:56:36.339: I/ActivityManager(1226): Killing 24531:com.android.sdm.plugins.sprintdm/1001 (adj 906): empty #17
11-16 09:56:36.339: W/libprocessgroup(1226): kill(-24531, 9) failed: No such process
11-16 09:56:36.351: I/ActivityManager(1226): Start proc 25363:com.google.android.deskclock/u0a119 for broadcast com.google.android.deskclock/com.android.deskclock.AlarmInitReceiver
11-16 09:56:36.358: I/Zygote(731): Process 24531 exited due to signal (9)
11-16 09:56:36.363: E/droid.deskcloc(25363): Not starting debugger since process cannot load the jdwp agent.
11-16 09:56:36.377: D/ActivityManager(1226): Raise procstate to external provider: ProcessRecord{f849d26 24467:android.process.acore/u0a42}
11-16 09:56:36.378: W/Binder(1226): Outgoing transactions from this process must be FLAG_ONEWAY
11-16 09:56:36.378: W/Binder(1226): java.lang.Throwable
11-16 09:56:36.378: W/Binder(1226): 	at android.os.BinderProxy.transact(Binder.java:1116)
11-16 09:56:36.378: W/Binder(1226): 	at android.content.ContentProviderProxy.getType(ContentProviderNative.java:451)
11-16 09:56:36.378: W/Binder(1226): 	at com.android.server.am.ActivityManagerService.getProviderMimeType(ActivityManagerService.java:13091)
11-16 09:56:36.378: W/Binder(1226): 	at android.app.IActivityManager$Stub.onTransact(IActivityManager.java:1417)
11-16 09:56:36.378: W/Binder(1226): 	at com.android.server.am.ActivityManagerService.onTransact(ActivityManagerService.java:3297)
11-16 09:56:36.378: W/Binder(1226): 	at android.os.Binder.execTransact(Binder.java:731)
11-16 09:56:36.381: W/libprocessgroup(1226): kill(-24531, 9) failed: No such process
11-16 09:56:36.381: I/libprocessgroup(1226): Successfully killed process cgroup uid 1001 pid 24531 in 42ms
11-16 09:56:36.388: I/droid.deskcloc(25363): The ClassLoaderContext is a special shared library.
11-16 09:56:36.492: W/PrimesInit(25363): Primes instant initialization
11-16 09:56:36.492: W/Primes(25363): background initialization
11-16 09:56:36.502: I/GAv4(25363): Google Analytics 18.5.89 is starting up. To enable debug logging on a device run:
11-16 09:56:36.502: I/GAv4(25363):   adb shell setprop log.tag.GAv4 DEBUG
11-16 09:56:36.502: I/GAv4(25363):   adb logcat -s GAv4
11-16 09:56:36.510: I/FontLog(10928): Received query Google Sans:500, URI content://com.google.android.gms.fonts [CONTEXT service_id=132 ]
11-16 09:56:36.510: I/FontLog(10928): Query [Google Sans:500] resolved to {Google Sans, wdth 100.0, wght 500, ital 0.0, bestEffort false} [CONTEXT service_id=132 ]
11-16 09:56:36.512: I/FontLog(10928): Font PFD returned from cache for {Google Sans, wdth 100.0, wght 500, ital 0.0, bestEffort false} [CONTEXT service_id=132 ]
11-16 09:56:36.512: I/FontLog(10928): Fetch {Google Sans, wdth 100.0, wght 500, ital 0.0, bestEffort false} end status Status{statusCode=SUCCESS, resolution=null} [CONTEXT service_id=132 ]
11-16 09:56:36.518: I/FontLog(10928): Pulling font file for id = 10, cache size = 7 [CONTEXT service_id=132 ]
11-16 09:56:36.525: W/GAv4(25363): AnalyticsReceiver is not registered or is disabled. Register the receiver for reliable dispatching on non-Google Play devices. See http://goo.gl/8Rd3yj for instructions.
11-16 09:56:36.526: I/FontLog(10928): Received query Google Sans, URI content://com.google.android.gms.fonts [CONTEXT service_id=132 ]
11-16 09:56:36.526: I/FontLog(10928): Query [Google Sans] resolved to {Google Sans, wdth 100.0, wght 400, ital 0.0, bestEffort false} [CONTEXT service_id=132 ]
11-16 09:56:36.527: W/GAv4(25363): CampaignTrackingReceiver is not registered, not exported or is disabled. Installation campaign tracking is not possible. See http://goo.gl/8Rd3yj for instructions.
11-16 09:56:36.528: I/FontLog(10928): Font PFD returned from cache for {Google Sans, wdth 100.0, wght 400, ital 0.0, bestEffort false} [CONTEXT service_id=132 ]
11-16 09:56:36.528: I/FontLog(10928): Fetch {Google Sans, wdth 100.0, wght 400, ital 0.0, bestEffort false} end status Status{statusCode=SUCCESS, resolution=null} [CONTEXT service_id=132 ]
11-16 09:56:36.530: W/GAv4(25363): AnalyticsService not registered in the app manifest. Hits might not be delivered reliably. See http://goo.gl/8Rd3yj for instructions.
11-16 09:56:36.531: I/PrimesTesting(25363): GserviceFlagsSupplier.get()
11-16 09:56:36.531: I/FontLog(10928): Pulling font file for id = 11, cache size = 6 [CONTEXT service_id=132 ]
11-16 09:56:36.534: I/AlarmClock(25363): AlarmInitReceiver android.intent.action.LOCALE_CHANGED
11-16 09:56:36.553: I/AlarmClock(25363): DigitalAppWidgetProvider processing Intent { act=android.intent.action.LOCALE_CHANGED flg=0x11200010 cmp=com.google.android.deskclock/com.android.alarmclock.DigitalAppWidgetProvider }
11-16 09:56:36.553: I/PrimesTesting(25325): GserviceFlagsSupplier.get()
11-16 09:56:36.559: I/ActivityManager(1226): Killing 24693:com.android.vending:instant_app_installer/u0a14 (adj 906): empty #17
11-16 09:56:36.560: W/libprocessgroup(1226): kill(-24693, 9) failed: No such process
11-16 09:56:36.571: I/ActivityManager(1226): Start proc 25407:com.google.android.dialer/u0a64 for broadcast com.google.android.dialer/com.android.dialer.notification.channel.NotificationChannelUpdateReceiver
11-16 09:56:36.567: W/libprocessgroup(1226): kill(-24693, 9) failed: No such process
11-16 09:56:36.575: E/.android.diale(25407): Not starting debugger since process cannot load the jdwp agent.
11-16 09:56:36.590: W/libprocessgroup(1226): kill(-24693, 9) failed: No such process
11-16 09:56:36.595: I/.android.diale(25407): The ClassLoaderContext is a special shared library.
11-16 09:56:36.596: I/.android.diale(25407): The ClassLoaderContext is a special shared library.
11-16 09:56:36.606: I/Zygote(732): Process 24693 exited due to signal (9)
11-16 09:56:36.634: W/libprocessgroup(1226): kill(-24693, 9) failed: No such process
11-16 09:56:36.634: I/libprocessgroup(1226): Successfully killed process cgroup uid 10014 pid 24693 in 73ms
11-16 09:56:36.819: I/Dialer(25407): DuoModule.provideDuo - enabled, returning impl
11-16 09:56:36.890: D/BoundBrokerSvc(13537): onBind: Intent { act=com.google.android.gms.telephonyspam.service.START pkg=com.google.android.gms }
11-16 09:56:36.890: D/BoundBrokerSvc(13537): Loading bound service for intent: Intent { act=com.google.android.gms.telephonyspam.service.START pkg=com.google.android.gms }
11-16 09:56:36.906: D/BoundBrokerSvc(13537): onBind: Intent { act=com.google.android.gms.auth.service.START pkg=com.google.android.gms }
11-16 09:56:36.906: D/BoundBrokerSvc(13537): Loading bound service for intent: Intent { act=com.google.android.gms.auth.service.START pkg=com.google.android.gms }
11-16 09:56:36.943: I/Dialer(25407): ClearcutMetricsInitializer.initialize - enter
11-16 09:56:36.951: W/PrimesInit(25407): Primes instant initialization
11-16 09:56:36.952: I/Dialer(25407): ClearcutMetricsInitializer.initialize - primes metrics monitoring started!
11-16 09:56:36.952: W/Primes(25407): background initialization
11-16 09:56:36.952: I/Dialer(25407): PrimesMetrics.startTimer - Application.onCreate is empty
11-16 09:56:36.973: I/PrimesTesting(25407): GserviceFlagsSupplier.get()
11-16 09:56:36.986: I/Dialer(25407): DialerExecutorModule.newThread - creating low priority thread
11-16 09:56:36.987: I/Dialer(25407): DialerExecutorModule.newThread - creating low priority thread
11-16 09:56:36.992: I/Dialer(25407): DialerExecutorModule.newThread - creating low priority thread
11-16 09:56:36.996: I/Dialer(25407): CallLogFramework.registerContentObserversAndRefreshReceiver - enter
11-16 09:56:36.997: I/Dialer(25407): SystemCallLogDataSource.registerContentObservers - enter
11-16 09:56:36.997: I/Dialer(25407): CallLogConfigImpl.schedulePollingJob - scheduling
11-16 09:56:37.000: I/Dialer(25407): RefreshAnnotatedCallLogNotifier.notify - checkDirty=true
11-16 09:56:37.012: I/Dialer(25407): NonUiTaskBuilder.newThread - creating serial thread
11-16 09:56:37.014: I/Dialer(25407): DialerExecutorModule.newThread - creating low priority thread
11-16 09:56:37.017: I/Dialer(25407): ShortcutsJobScheduler.scheduleAllJobs - enter
11-16 09:56:37.020: I/Dialer(25407): ShortcutsJobScheduler.scheduleAllJobs - enabling shortcuts
11-16 09:56:37.020: I/Dialer(25407): PeriodicJobService.schedulePeriodicJob - enter
11-16 09:56:37.020: I/Dialer(25407): PeriodicJobService.schedulePeriodicJob - job already scheduled.
11-16 09:56:37.031: I/ActivityManager(1226): Killing 24148:com.google.android.gms.ui/u0a7 (adj 906): empty #17
11-16 09:56:37.032: W/libprocessgroup(1226): kill(-24148, 9) failed: No such process
11-16 09:56:37.042: I/Dialer(25407): NotificationChannelUpdateReceiver.onReceive - updateChannels
11-16 09:56:37.050: W/libprocessgroup(1226): kill(-24148, 9) failed: No such process
11-16 09:56:37.056: I/Dialer(25407): RefreshAnnotatedCallLogReceiver.onReceive - enter
11-16 09:56:37.056: I/Dialer(25407): RefreshAnnotatedCallLogReceiver.refreshAnnotatedCallLog - enter
11-16 09:56:37.056: I/Dialer(25407): RefreshAnnotatedCallLogReceiver.refreshAnnotatedCallLog - start refreshing, checkDirty=true
11-16 09:56:37.057: I/Dialer(25407): RefreshAnnotatedCallLogWorker.refresh - submitting serialized refresh request
11-16 09:56:37.058: I/Dialer(25407): DialerExecutorModule.newThread - creating low priority thread
11-16 09:56:37.058: I/Dialer(25407): RefreshAnnotatedCallLogWorker.checkDirtyAndRebuildIfNecessary - starting refresh flow
11-16 09:56:37.060: I/Zygote(731): Process 24148 exited due to signal (9)
11-16 09:56:37.060: E/kvw(25407): RuntimeException while executing runnable bxg@85f5ec5 with executor MoreExecutors.directExecutor()
11-16 09:56:37.060: E/kvw(25407): java.util.concurrent.CancellationException: Task was cancelled.
11-16 09:56:37.060: E/kvw(25407): 	at kvw.b(PG:2)
11-16 09:56:37.060: E/kvw(25407): 	at kvw.get(PG:2)
11-16 09:56:37.060: E/kvw(25407): 	at kzp.a(PG:3)
11-16 09:56:37.060: E/kvw(25407): 	at kyu.a(PG:15)
11-16 09:56:37.060: E/kvw(25407): 	at bxg.run(PG:2)
11-16 09:56:37.060: E/kvw(25407): 	at kxm.execute(Unknown Source:0)
11-16 09:56:37.060: E/kvw(25407): 	at kvw.b(PG:24)
11-16 09:56:37.060: E/kvw(25407): 	at kvw.a(PG:15)
11-16 09:56:37.060: E/kvw(25407): 	at kvw.cancel(PG:8)
11-16 09:56:37.060: E/kvw(25407): 	at bxi.a(PG:4)
11-16 09:56:37.060: E/kvw(25407): 	at kvw.a(PG:7)
11-16 09:56:37.060: E/kvw(25407): 	at kvw.cancel(PG:8)
11-16 09:56:37.060: E/kvw(25407): 	at bxi.a(PG:4)
11-16 09:56:37.060: E/kvw(25407): 	at kvw.a(PG:7)
11-16 09:56:37.060: E/kvw(25407): 	at kvw.a(PG:40)
11-16 09:56:37.060: E/kvw(25407): 	at bxf.a(PG:1)
11-16 09:56:37.060: E/kvw(25407): 	at bxg.run(PG:5)
11-16 09:56:37.060: E/kvw(25407): 	at kxm.execute(Unknown Source:0)
11-16 09:56:37.060: E/kvw(25407): 	at kvw.b(PG:24)
11-16 09:56:37.060: E/kvw(25407): 	at kvw.a(PG:38)
11-16 09:56:37.060: E/kvw(25407): 	at bya.a(PG:18)
11-16 09:56:37.060: E/kvw(25407): 	at brp.a(Unknown Source:7)
11-16 09:56:37.060: E/kvw(25407): 	at kwm.a(PG:2)
11-16 09:56:37.060: E/kvw(25407): 	at kwj.run(PG:6)
11-16 09:56:37.060: E/kvw(25407): 	at kyw.run(Unknown Source:7)
11-16 09:56:37.060: E/kvw(25407): 	at java.util.concurrent.ThreadPoolExecutor.runWorker(ThreadPoolExecutor.java:1167)
11-16 09:56:37.060: E/kvw(25407): 	at java.util.concurrent.ThreadPoolExecutor$Worker.run(ThreadPoolExecutor.java:641)
11-16 09:56:37.060: E/kvw(25407): 	at java.lang.Thread.run(Thread.java:764)
11-16 09:56:37.062: E/kvw(25407): RuntimeException while executing runnable bxg@23bd528 with executor MoreExecutors.directExecutor()
11-16 09:56:37.062: E/kvw(25407): java.util.concurrent.CancellationException: Task was cancelled.
11-16 09:56:37.062: E/kvw(25407): 	at kvw.b(PG:2)
11-16 09:56:37.062: E/kvw(25407): 	at kvw.get(PG:2)
11-16 09:56:37.062: E/kvw(25407): 	at kzp.a(PG:3)
11-16 09:56:37.062: E/kvw(25407): 	at kyu.a(PG:15)
11-16 09:56:37.062: E/kvw(25407): 	at bxg.run(PG:2)
11-16 09:56:37.062: E/kvw(25407): 	at kxm.execute(Unknown Source:0)
11-16 09:56:37.062: E/kvw(25407): 	at kvw.b(PG:24)
11-16 09:56:37.062: E/kvw(25407): 	at kvw.a(PG:15)
11-16 09:56:37.062: E/kvw(25407): 	at kvw.cancel(PG:8)
11-16 09:56:37.062: E/kvw(25407): 	at bxi.a(PG:4)
11-16 09:56:37.062: E/kvw(25407): 	at kvw.a(PG:7)
11-16 09:56:37.062: E/kvw(25407): 	at kvw.cancel(PG:8)
11-16 09:56:37.062: E/kvw(25407): 	at bxi.a(PG:4)
11-16 09:56:37.062: E/kvw(25407): 	at kvw.a(PG:7)
11-16 09:56:37.062: E/kvw(25407): 	at kvw.a(PG:40)
11-16 09:56:37.062: E/kvw(25407): 	at bxf.a(PG:1)
11-16 09:56:37.062: E/kvw(25407): 	at bxg.run(PG:5)
11-16 09:56:37.062: E/kvw(25407): 	at kxm.execute(Unknown Source:0)
11-16 09:56:37.062: E/kvw(25407): 	at kvw.b(PG:24)
11-16 09:56:37.062: E/kvw(25407): 	at kvw.a(PG:38)
11-16 09:56:37.062: E/kvw(25407): 	at bya.a(PG:18)
11-16 09:56:37.062: E/kvw(25407): 	at brp.a(Unknown Source:7)
11-16 09:56:37.062: E/kvw(25407): 	at kwm.a(PG:2)
11-16 09:56:37.062: E/kvw(25407): 	at kwj.run(PG:6)
11-16 09:56:37.062: E/kvw(25407): 	at kyw.run(Unknown Source:7)
11-16 09:56:37.062: E/kvw(25407): 	at java.util.concurrent.ThreadPoolExecutor.runWorker(ThreadPoolExecutor.java:1167)
11-16 09:56:37.062: E/kvw(25407): 	at java.util.concurrent.ThreadPoolExecutor$Worker.run(ThreadPoolExecutor.java:641)
11-16 09:56:37.062: E/kvw(25407): 	at java.lang.Thread.run(Thread.java:764)
11-16 09:56:37.062: I/Dialer(25407): RefreshAnnotatedCallLogWorker.checkDirtyAndRebuildIfNecessary - isDirty: true
11-16 09:56:37.087: I/LocaleChangeIO(10928): No action required after switch to en [CONTEXT service_id=231 ]
11-16 09:56:37.094: I/Dialer(25407): SystemCallLogDataSource.fill - found 0 existing annotated call log ids
11-16 09:56:37.103: W/libprocessgroup(1226): kill(-24148, 9) failed: No such process
11-16 09:56:37.103: I/libprocessgroup(1226): Successfully killed process cgroup uid 10007 pid 24148 in 71ms
11-16 09:56:37.106: I/LanguageSettingsHelper(10093): Removing enrollment utterances : Locale changed
11-16 09:56:37.106: E/UtteranceHandler(10093): Called deleteEnrollmentUtterances for null account
11-16 09:56:37.122: I/NearbyDiscovery(10928): DiscoveryService created [CONTEXT service_id=49 ]
11-16 09:56:37.134: W/ChimeraUtils(10928): Module com.google.android.gms.nearby has empty metadata display_name_string_id
11-16 09:56:37.135: I/OpaEnabledReceiver(3653): Dispatching OPA eligble = true; AGSA = true; OPA enabled = true
11-16 09:56:37.135: I/OpaLayout(3653): Setting opa enabled to true
11-16 09:56:37.135: I/OpaEligibilityChecker(10093): send OpaEligibilityChange broadcast to CommonBroadcastReceiver
11-16 09:56:37.135: I/OpaLayout(3653): Setting opa enabled to true
11-16 09:56:37.139: I/DefaultSticker(3637): Received android.intent.action.LOCALE_CHANGED broadcast from null
11-16 09:56:37.144: I/FirebaseJobDispatcher(3637): Schedule task: DefaultStickerUpdate. Success.
11-16 09:56:37.144: I/DefaultStickerUpdate(3637): Scheduled update for locale=en, data=DefaultStickerTaskData{enabled=true, metadataUriPrefix=https://www.gstatic.com/android/keyboard/stickers/configs/v5/, supportedLanguage=en}, and reason=BROADCAST_LOCALE_CHANGED
11-16 09:56:37.145: I/BgTaskExecutorImpl(10093): Starting EXCLUSIVE background task UPDATE_HOTWORD_MODELS.
11-16 09:56:37.146: I/BgTaskExecutorImpl(10093): Starting EXCLUSIVE background task SEND_GSA_HOME_REQUEST.
11-16 09:56:37.148: I/HotwordHelper(10093): hasHotwordEverywhere-false
11-16 09:56:37.149: W/SearchServiceCore(10093): Abort, client detached.
11-16 09:56:37.152: W/KeyphraseEnrollmentInfo(4128): No enrollment application supports the given keyphrase/locale: 'Ok Google'/en
11-16 09:56:37.152: I/GsaVoiceInteractionSrv(4128): Creating AOHD: Keyphrase - Ok Google, Locale - en/en-GB
11-16 09:56:37.153: W/SoundTriggerHelper(1226): Attempting stopRecognition without a successful startRecognition
11-16 09:56:37.153: W/AlwaysOnHotwordDetector(4128): stopRecognition() failed with error code -2147483648
11-16 09:56:37.153: W/AlwaysOnHotwordDetector(4128): Received message: 1 for an invalid detector
11-16 09:56:37.158: W/SoundModelDBHelper(1226): No SoundModel available for the given keyphrase
11-16 09:56:37.158: I/ThreadRunner(10093): setContextAndRunner
11-16 09:56:37.160: I/ActivityManager(1226): Start proc 25489:com.google.android.music:main/u0a75 for broadcast com.google.android.music/.notifications.NotificationChannelInitializationBroadcastReceiver
11-16 09:56:37.160: I/ModelDownloadController(10093): requestHotwordModelUpdate modelType-OK_GOOGLE
11-16 09:56:37.161: I/ActivityManager(1226): START u0 {act=com.android.intent.action.MANAGE_VOICE_KEYPHRASES flg=0x10000000 pkg=com.android.hotwordenrollment.okgoogle cmp=com.android.hotwordenrollment.okgoogle/.EnrollmentActivity (has extras)} from uid 10047
11-16 09:56:37.161: I/OpaEnabledReceiver(3653): Dispatching OPA eligble = true; AGSA = true; OPA enabled = true
11-16 09:56:37.161: I/OpaLayout(3653): Setting opa enabled to true
11-16 09:56:37.162: I/OpaLayout(3653): Setting opa enabled to true
11-16 09:56:37.164: W/ModelDownloadController(10093): Failed fetching the hotword model location configuration
11-16 09:56:37.164: E/ModelDownloadController(10093): Invalid hotword model location.
11-16 09:56:37.170: D/android.hardware.power@1.3-service.crosshatch-libperfmgr(776): LAUNCH ON
11-16 09:56:37.172: E/roid.music:mai(25489): Not starting debugger since process cannot load the jdwp agent.
11-16 09:56:37.172: W/ChimeraUtils(10928): Module com.google.android.gms.nearby has empty metadata display_name_string_id
11-16 09:56:37.181: W/KeyphraseEnrollmentInfo(4128): No enrollment application supports the given keyphrase/locale: 'X Google'/en
11-16 09:56:37.182: W/SearchServiceCore(10093): Abort, client detached.
11-16 09:56:37.182: I/chatty(10093): uid=10047 com.google.android.googlequicksearchbox:search identical 2 lines
11-16 09:56:37.182: W/SearchServiceCore(10093): Abort, client detached.
11-16 09:56:37.194: W/SessionLifecycleManager(10093): Client : AttachedClient[44391120518891434, ClientConfig[mFlags=[default, headless, launch_external_voice_search_ui, support_transparent_background, legacy_leave_behind_dirty_session_fixme] mSuggestFlags=[0] mClientId=HOTWORD_SERVICE mSessionType=search]] has no associated SessionController
11-16 09:56:37.195: W/SearchServiceCore(10093): Abort, client detached.
11-16 09:56:37.200: I/ActivityManager(1226): Start proc 25503:com.android.hotwordenrollment.okgoogle/u0a45 for activity com.android.hotwordenrollment.okgoogle/.EnrollmentActivity
11-16 09:56:37.195: I/chatty(10093): uid=10047 com.google.android.googlequicksearchbox:search identical 1 line
11-16 09:56:37.195: W/SearchServiceCore(10093): Abort, client detached.
11-16 09:56:37.205: I/Dialer(25407): SystemCallLogDataSource.handleInsertsAndUpdatesInternal - no results for REGULAR_CALL
11-16 09:56:37.206: E/llment.okgoogl(25503): Not starting debugger since process cannot load the jdwp agent.
11-16 09:56:37.207: I/Dialer(25407): SystemCallLogDataSource.handleInsertsAndUpdatesInternal - no results for CALL_IN_DIRECT_BOOT_MODE
11-16 09:56:37.208: I/roid.music:mai(25489): The ClassLoaderContext is a special shared library.
11-16 09:56:37.216: I/Dialer(25407): SystemCallLogDataSource.handleDeletes - found 0 call log entries to remove
11-16 09:56:37.217: I/PeopleDatabaseHelper(13537): Updating DB locale: en_US -> en
11-16 09:56:37.236: I/ActivityManager(1226): Killing 24721:com.google.android.apps.docs/u0a128 (adj 906): empty #17
11-16 09:56:37.238: W/libprocessgroup(1226): kill(-24721, 9) failed: No such process
11-16 09:56:37.243: E/libc(25503): Access denied finding property "vendor.debug.egl.profiler"
11-16 09:56:37.244: I/PeopleSearchIndexManage(13537): Marking for index update.
11-16 09:56:37.237: W/com.android.hotwordenrollment.okgoogle(25503): type=1400 audit(0.0:592): avc: denied { read } for comm=45474C20496E6974 name="u:object_r:vendor_default_prop:s0" dev="tmpfs" ino=25769 scontext=u:r:priv_app:s0:c512,c768 tcontext=u:object_r:vendor_default_prop:s0 tclass=file permissive=0
11-16 09:56:37.256: I/MultiDex(25489): VM with version 2.1.0 has multidex support
11-16 09:56:37.256: I/MultiDex(25489): install
11-16 09:56:37.256: I/MultiDex(25489): VM has multidex support, MultiDex support library is disabled.
11-16 09:56:37.259: I/EnrollmentActivity(25503): Started by non-activity for action: 0, keyphrase: Ok Google, locale: en-GB
11-16 09:56:37.260: I/PeopleDatabaseHelper(13537): cleanUpNonGplusAccounts done.
11-16 09:56:37.261: I/PeopleSearchIndexManage(13537): Index version changed from 0
11-16 09:56:37.263: D/OpenGLRenderer(25503): Skia GL Pipeline
11-16 09:56:37.268: D/BoundBrokerSvc(13537): onBind: Intent { act=com.google.android.gms.findmydevice.spot.service.locationreport.START cmp=com.google.android.gms/.chimera.GmsApiService }
11-16 09:56:37.268: D/BoundBrokerSvc(13537): Loading bound service for intent: Intent { act=com.google.android.gms.findmydevice.spot.service.locationreport.START cmp=com.google.android.gms/.chimera.GmsApiService }
11-16 09:56:37.271: E/Backup(13537): [BackupTransportMigratorChimeraService] Could not migrate transport!
11-16 09:56:37.272: I/Backup(13537): [BackupTransportMigratorChimeraService] Starting migration...
11-16 09:56:37.274: I/PeopleSearchIndexManage(13537): Rebuilding index...
11-16 09:56:37.278: I/Dialer(25407): SystemBlockedNumberPhoneLookup.getMostRecentPhoneLookupInfo - enter
11-16 09:56:37.280: W/libprocessgroup(1226): kill(-24721, 9) failed: No such process
11-16 09:56:37.288: I/Adreno(25503): QUALCOMM build                   : 3f88ca2, I42f6fe38fb
11-16 09:56:37.288: I/Adreno(25503): Build Date                       : 07/13/18
11-16 09:56:37.288: I/Adreno(25503): OpenGL ES Shader Compiler Version: EV031.24.00.00
11-16 09:56:37.288: I/Adreno(25503): Local Branch                     : 50.04
11-16 09:56:37.288: I/Adreno(25503): Remote Branch                    : 
11-16 09:56:37.288: I/Adreno(25503): Remote Branch                    : 
11-16 09:56:37.288: I/Adreno(25503): Reconstruct Branch               : 
11-16 09:56:37.288: I/Adreno(25503): Build Config                     : S P 4.0.10 AArch64
11-16 09:56:37.287: W/RenderThread(25503): type=1400 audit(0.0:593): avc: denied { read } for name="u:object_r:vendor_default_prop:s0" dev="tmpfs" ino=25769 scontext=u:r:priv_app:s0:c512,c768 tcontext=u:object_r:vendor_default_prop:s0 tclass=file permissive=0
11-16 09:56:37.291: E/libc(25503): Access denied finding property "ro.vendor.graphics.memory"
11-16 09:56:37.291: I/Adreno(25503): PFP: 0x016ee170, ME: 0x00000000
11-16 09:56:37.294: I/ConfigStore(25503): android::hardware::configstore::V1_0::ISurfaceFlingerConfigs::hasWideColorDisplay retrieved: 1
11-16 09:56:37.294: I/ConfigStore(25503): android::hardware::configstore::V1_0::ISurfaceFlingerConfigs::hasHDRDisplay retrieved: 1
11-16 09:56:37.294: I/OpenGLRenderer(25503): Initialized EGL, version 1.4
11-16 09:56:37.294: D/OpenGLRenderer(25503): Swap behavior 2
11-16 09:56:37.298: W/SoundTriggerHelper(1226): Attempting stopRecognition without a successful startRecognition
11-16 09:56:37.298: I/GoogleInputMethod(3637): onFinishInput() : Dummy InputConnection bound
11-16 09:56:37.298: W/AlwaysOnHotwordDetector(4128): stopRecognition() failed with error code -2147483648
11-16 09:56:37.298: I/GoogleInputMethod(3637): onStartInput() : Dummy InputConnection bound
11-16 09:56:37.297: W/RenderThread(25503): type=1400 audit(0.0:594): avc: denied { read } for name="u:object_r:vendor_default_prop:s0" dev="tmpfs" ino=25769 scontext=u:r:priv_app:s0:c512,c768 tcontext=u:object_r:vendor_default_prop:s0 tclass=file permissive=0
11-16 09:56:37.303: E/libc(25503): Access denied finding property "vendor.gralloc.enable_ahardware_buffer"
11-16 09:56:37.306: I/EnrollmentActivity(25503): Enroll keyphrase Ok Googleoperation succeeded for en-GB
11-16 09:56:37.308: D/MusicLifecycle(25489): com.google.android.music.store.ConfigContentProvider generated event: Content provider created
11-16 09:56:37.311: I/GsaVoiceInteractionSrv(4128): Not starting recognition
11-16 09:56:37.316: D/SurfaceFlinger(642): duplicate layer name: changing Surface(name=4cd20ac StatusBar)/@0xd563965 - animation-leash to Surface(name=4cd20ac StatusBar)/@0xd563965 - animation-leash#1
11-16 09:56:37.319: D/MusicLifecycle(25489): com.google.android.music.api.MusicPublicContentProvider generated event: Content provider created
11-16 09:56:37.324: W/libprocessgroup(1226): kill(-24721, 9) failed: No such process
11-16 09:56:37.325: I/ActivityManager(1226): Displayed com.android.hotwordenrollment.okgoogle/.EnrollmentActivity: +151ms
11-16 09:56:37.331: D/MusicLifecycle(25489): com.google.android.music.store.MusicContentProvider generated event: Content provider created
11-16 09:56:37.338: W/libprocessgroup(1226): kill(-24721, 9) failed: No such process
11-16 09:56:37.342: I/BackdropActivity(24446): onResume()
11-16 09:56:37.342: I/GoogleInputMethod(3637): onFinishInput() : Dummy InputConnection bound
11-16 09:56:37.343: I/GoogleInputMethod(3637): onStartInput() : Dummy InputConnection bound
11-16 09:56:37.344: I/ActivityManager(1226): Activity requesting to dismiss Keyguard: ActivityRecord{fcdbcdf u0 com.google.android.apps.mtaas.backdrop/.BackdropActivity t4}
11-16 09:56:37.348: D/MusicLifecycle(25489): com.google.android.music.ui.PhoneMusicApplication generated event: Application created
11-16 09:56:37.348: D/android.hardware.power@1.3-service.crosshatch-libperfmgr(776): LAUNCH OFF
11-16 09:56:37.351: I/HotwordHelper(10093): hasHotwordEverywhere-false
11-16 09:56:37.355: W/SurfaceFlinger(642): Attempting to set client state on removed layer: com.android.hotwordenrollment.okgoogle/com.android.hotwordenrollment.okgoogle.EnrollmentActivity#0
11-16 09:56:37.355: W/SurfaceFlinger(642): Attempting to destroy on removed layer: com.android.hotwordenrollment.okgoogle/com.android.hotwordenrollment.okgoogle.EnrollmentActivity#0
11-16 09:56:37.358: W/SessionLifecycleManager(10093): Client : AttachedClient[44391120518891439, ClientConfig[mFlags=[default, headless, launch_external_voice_search_ui, support_transparent_background, legacy_leave_behind_dirty_session_fixme] mSuggestFlags=[0] mClientId=HOTWORD_SERVICE mSessionType=search]] has no associated SessionController
11-16 09:56:37.358: W/SearchServiceCore(10093): Abort, client detached.
11-16 09:56:37.358: I/chatty(10093): uid=10047 com.google.android.googlequicksearchbox:search identical 1 line
11-16 09:56:37.358: W/SearchServiceCore(10093): Abort, client detached.
11-16 09:56:37.361: I/PeopleASM(13537): Rebuilding autocomplete index...
11-16 09:56:37.361: W/SurfaceFlinger(642): Attempting to destroy on removed layer: AppWindowToken{d61cc token=Token{ef17fff ActivityRecord{3853b1e u0 com.android.hotwordenrollment.okgoogle/.EnrollmentActivity t5}}}#0
11-16 09:56:37.365: I/PeopleSearchIndexManage(13537): Rebuilding index done.
11-16 09:56:37.370: I/Zygote(731): Process 24721 exited due to signal (9)
11-16 09:56:37.367: W/RenderThread(1226): type=1400 audit(0.0:595): avc: denied { read } for name="u:object_r:vendor_default_prop:s0" dev="tmpfs" ino=25769 scontext=u:r:system_server:s0 tcontext=u:object_r:vendor_default_prop:s0 tclass=file permissive=0
11-16 09:56:37.372: E/libc(1226): Access denied finding property "vendor.debug.egl.profiler"
11-16 09:56:37.372: E/libc(1226): Access denied finding property "vendor.debug.prerotation.disable"
11-16 09:56:37.373: I/Adreno(1226): QUALCOMM build                   : 3f88ca2, I42f6fe38fb
11-16 09:56:37.373: I/Adreno(1226): Build Date                       : 07/13/18
11-16 09:56:37.373: I/Adreno(1226): OpenGL ES Shader Compiler Version: EV031.24.00.00
11-16 09:56:37.373: I/Adreno(1226): Local Branch                     : 50.04
11-16 09:56:37.373: I/Adreno(1226): Remote Branch                    : 
11-16 09:56:37.373: I/Adreno(1226): Remote Branch                    : 
11-16 09:56:37.373: I/Adreno(1226): Reconstruct Branch               : 
11-16 09:56:37.373: I/Adreno(1226): Build Config                     : S P 4.0.10 AArch64
11-16 09:56:37.376: E/libc(1226): Access denied finding property "vendor.debug.prerotation.disable"
11-16 09:56:37.378: E/libc(1226): Access denied finding property "vendor.debug.prerotation.disable"
11-16 09:56:37.378: D/MusicLifecycle(25489): com.google.android.music.store.ConfigContentProvider generated event: initializing
11-16 09:56:37.378: I/Adreno(1226): PFP: 0x016ee170, ME: 0x00000000
11-16 09:56:37.378: E/libc(1226): Access denied finding property "vendor.debug.prerotation.disable"
11-16 09:56:37.380: I/BaseStore(25489): ConfigStore database version: 1
11-16 09:56:37.382: I/ConfigStore(1226): android::hardware::configstore::V1_0::ISurfaceFlingerConfigs::hasWideColorDisplay retrieved: 1
11-16 09:56:37.382: I/ConfigStore(1226): android::hardware::configstore::V1_0::ISurfaceFlingerConfigs::hasHDRDisplay retrieved: 1
11-16 09:56:37.383: I/OpenGLRenderer(1226): Initialized EGL, version 1.4
11-16 09:56:37.383: D/OpenGLRenderer(1226): Swap behavior 2
11-16 09:56:37.383: W/libprocessgroup(1226): kill(-24721, 9) failed: No such process
11-16 09:56:37.384: I/libprocessgroup(1226): Successfully killed process cgroup uid 10128 pid 24721 in 146ms
11-16 09:56:37.405: I/NearbyDiscovery(10928): Show notifications: 0 total, no changes since last shown, no-op. [CONTEXT service_id=49 ]
11-16 09:56:37.408: I/akia(10928): Removed 0 invalid users [CONTEXT service_id=51 ]
11-16 09:56:37.410: W/roid.music:mai(25489): Unknown chunk type '200'.
11-16 09:56:37.419: I/roid.music:mai(25489): The ClassLoaderContext is a special shared library.
11-16 09:56:37.420: I/chatty(25489): uid=10075 com.google.android.music:main identical 1 line
11-16 09:56:37.420: I/roid.music:mai(25489): The ClassLoaderContext is a special shared library.
11-16 09:56:37.439: V/NativeCrypto(25489): Registering com/google/android/gms/org/conscrypt/NativeCrypto's 294 native methods...
11-16 09:56:37.458: D/NetworkSecurityConfig(25489): No Network Security Config specified, using platform default
11-16 09:56:37.466: I/ProviderInstaller(25489): Installed default security provider GmsCore_OpenSSL
11-16 09:56:37.466: D/AndroidMusic(25489): GMSCore installation verified
11-16 09:56:37.479: I/Wear_Controller(10928): Wearable module requires a companion app to be installed.
11-16 09:56:37.479: I/WearableService(10928): onCreate: Wearable Services not starting. Wear is not available on this device.
11-16 09:56:37.482: I/Dialer(25407): Flags.register - phenotype register status: true
11-16 09:56:37.497: I/Dialer(25407): SpamCallDataSource.fill - enter
11-16 09:56:37.497: I/Dialer(25407): SpamCallDataSource.handleInserts - enter
11-16 09:56:37.503: I/Dialer(25407): AnnotatedCallLogCoalescer.coalesce - enter
11-16 09:56:37.503: I/Dialer(25407): AnnotatedCallLogCoalescer.coalesceWithSelection - enter
11-16 09:56:37.505: I/Dialer(25407): ConversationHistoryCoalescer.coalesce - enter
11-16 09:56:37.506: I/Dialer(25407): AnnotatedCallLogCoalescer.coalesceWithSelection - enter
11-16 09:56:37.507: I/Dialer(25407): PrimesMetrics.startTimer - AnnotatedCallLogCoalescer.CoalesceForAllCalls is empty
11-16 09:56:37.508: I/Dialer(25407): PrimesMetrics.startTimer - AnnotatedCallLogCoalescer.CoalesceForMissedCalls is empty
11-16 09:56:37.514: I/Dialer(25407): ConversationHistoryCoalescer.coalesce - conversation history disabled
11-16 09:56:37.514: I/Dialer(25407): AnnotatedCallLogCoalescer.coalesceInternal - enter
11-16 09:56:37.516: I/Dialer(25407): AnnotatedCallLogCoalescer.coalesceInternal - enter
11-16 09:56:37.518: I/Dialer(25407): CoalescedRowsDao.saveToFileForAllCalls - enter
11-16 09:56:37.518: I/Dialer(25407): CoalescedRowsDao.saveToFileForMissedCalls - enter
11-16 09:56:37.519: I/Dialer(25407): PrimesMetrics.startTimer - CoalescedRowsDao.SaveAllCalls is empty
11-16 09:56:37.519: I/Dialer(25407): PrimesMetrics.startTimer - CoalescedRowsDao.SaveMissedCalls is empty
11-16 09:56:37.519: I/Dialer(25407): CoalescedRowsDao.save - acquiring write lock
11-16 09:56:37.519: I/Dialer(25407): CoalescedRowsDao.save - acquiring write lock
11-16 09:56:37.519: I/Dialer(25407): CoalescedRowsDao.save - start writing coalesced rows
11-16 09:56:37.520: I/Dialer(25407): CoalescedRowsDao.save - start writing coalesced rows
11-16 09:56:37.523: I/Dialer(25407): CoalescedRowsDao.save - write lock released
11-16 09:56:37.523: I/Dialer(25407): CoalescedRowsDao.save - write lock released
11-16 09:56:37.524: I/Dialer(25407): CoalescedRowsUpdatedNotifier.notifyForCallLogMissedCalls - enter
11-16 09:56:37.524: I/Dialer(25407): CoalescedRowsUpdatedNotifier.notifyForCallLogAllCalls - enter
11-16 09:56:37.530: I/Dialer(25407): CallLogCacheUpdater.updateCache - updated 0 rows
11-16 09:56:37.541: I/MusicExperimentManager(25489): Received config change, experiments list is null
11-16 09:56:37.542: W/MusicExperimentManager(25489): Parsing error while updating analysis experiments
11-16 09:56:37.553: I/Icing(13537): IndexChimeraService.getServiceInterface callingPackage=com.google.android.gms componentName=AppsCorpus serviceId=32
11-16 09:56:37.561: I/TopChartsIcing(25489): Starting 'com.google.android.music.sync.google.MusicGcmTaskService
11-16 09:56:37.562: W/Nearby(10928): Bind call too late - someone already tried to get: interface bopq [CONTEXT service_id=49 ]
11-16 09:56:37.566: I/BaseStore(25489): Store database version: 146
11-16 09:56:37.569: I/Icing(13537): Query from package: com.google.android.gms, component: AppsCorpus, restrict package: com.google.android.gms, start: 0, num: 100
11-16 09:56:37.585: W/Icing(13537): No valid account for uploading user actions
11-16 09:56:37.604: I/PlaybackClient(25489): init: Initializing
11-16 09:56:37.611: I/NearbyMessages(10928): OfflineCache: old scanner cache is not enabled [CONTEXT service_id=62 ]
11-16 09:56:37.612: I/Icing(13537): Usage reports ok 2, Failed Usage reports 0, indexed 0, rejected 0
11-16 09:56:37.618: D/ConnectivityService(1226): Returning BLOCKED NetworkInfo to uid=10075
11-16 09:56:37.640: W/WearableService(10928): onGetService: Wear is not available on this device.
11-16 09:56:37.661: I/Icing(13537): IndexChimeraService.getServiceInterface callingPackage=com.google.android.gms componentName=null serviceId=30
11-16 09:56:37.662: I/NearbyDiscovery(10928): FastPairScanner2: isScreenOn=true, scanWithScreenOff=false, isLocationEnabled=true, disableLocationRequirement=false, isDiscoveryScanningEnabled=true [CONTEXT service_id=49 ]
11-16 09:56:37.668: D/MusicLifecycle(25489): com.google.android.music.notifications.NotificationChannelInitializationBroadcastReceiver generated event: Broadcast received with context android.app.ReceiverRestrictedContext@9d59689 and intent Intent { act=android.intent.action.LOCALE_CHANGED flg=0x11200010 cmp=com.google.android.music/.notifications.NotificationChannelInitializationBroadcastReceiver }
11-16 09:56:37.673: D/MusicLifecycle(25489): com.google.android.music.net.NetworkConnectivityMonitor$NetworkChangedReceiver generated event: Broadcast received with context com.google.android.music.ui.PhoneMusicApplication@fd883ae and intent Intent { act=android.net.conn.CONNECTIVITY_CHANGE flg=0x4200010 (has extras) }
11-16 09:56:37.673: I/NetworkConnectivity(25489): Network state changed: [type: WIFI[], state: DISCONNECTED/BLOCKED, reason: (unspecified), extra: (none), failover: false, available: true, roaming: false]
11-16 09:56:37.678: I/.gms.persisten(10928): Background concurrent copying GC freed 222008(12MB) AllocSpace objects, 51(1672KB) LOS objects, 50% free, 13MB/27MB, paused 116us total 229.411ms
11-16 09:56:37.681: D/BluetoothAdapter(10928): isLeEnabled(): OFF
11-16 09:56:37.681: D/AndroidRuntime(25555): >>>>>> START com.android.internal.os.RuntimeInit uid 2000 <<<<<<
11-16 09:56:37.682: D/MusicLifecycle(25489): com.google.android.music.download.EncapsulatedBroadcastReceiver$1 generated event: Broadcast received with context com.google.android.music.ui.PhoneMusicApplication@fd883ae and intent Intent { act=com.google.android.music.ResumeStorageMigration flg=0x10 (has extras) }
11-16 09:56:37.685: I/NearbyDiscovery(10928): FastPairScanner2: eventType=SERVICE_INITIALIZE, intReq=false, scanning=false, scanAllowed=true, bleEnabled=false, bleScanAvailable=false, lockScanRate=false [CONTEXT service_id=49 ]
11-16 09:56:37.687: I/NearbyDiscovery(10928): FastPairScanner2: register location ble observer [CONTEXT service_id=49 ]
11-16 09:56:37.688: I/ActivityManager(1226): Start proc 25574:com.google.android.youtube/u0a80 for broadcast com.google.android.youtube/com.google.android.apps.youtube.app.application.system.LocaleUpdatedReceiver
11-16 09:56:37.688: D/MusicLifecycle(25489): com.google.android.music.download.artwork.ArtDownloadService generated event: Service created
11-16 09:56:37.695: E/android.youtub(25574): Not starting debugger since process cannot load the jdwp agent.
11-16 09:56:37.709: I/NearbyDiscovery(10928): FastPairScanner2: BLE not available, eventType=SERVICE_INITIALIZE [CONTEXT service_id=49 ]
11-16 09:56:37.716: I/android.youtub(25574): The ClassLoaderContext is a special shared library.
11-16 09:56:37.730: I/NearbyDiscovery(10928): FastPair: HeadsetPieceImage, grant permission files:0 [CONTEXT service_id=49 ]
11-16 09:56:37.730: I/NearbyDiscovery(10928): FastPairEventStream: Initialize event stream [CONTEXT service_id=49 ]
11-16 09:56:37.734: W/AdvertisingIdClient(25489): Error while reading from SharedPreferences 
11-16 09:56:37.734: W/AdvertisingIdClient(25489): java.lang.SecurityException: MODE_WORLD_READABLE no longer supported
11-16 09:56:37.734: W/AdvertisingIdClient(25489): 	at android.app.ContextImpl.checkMode(ContextImpl.java:2495)
11-16 09:56:37.734: W/AdvertisingIdClient(25489): 	at android.app.ContextImpl.getSharedPreferences(ContextImpl.java:414)
11-16 09:56:37.734: W/AdvertisingIdClient(25489): 	at android.app.ContextImpl.getSharedPreferences(ContextImpl.java:404)
11-16 09:56:37.734: W/AdvertisingIdClient(25489): 	at com.google.android.gms.ads.identifier.AdvertisingIdClient.getAdvertisingIdInfo(Unknown Source:12)
11-16 09:56:37.734: W/AdvertisingIdClient(25489): 	at com.google.android.music.preferences.MusicPreferences.getAdvertisingIdInfo(MusicPreferences.java:2476)
11-16 09:56:37.734: W/AdvertisingIdClient(25489): 	at com.google.android.music.preferences.MusicPreferences.access$1000(MusicPreferences.java:83)
11-16 09:56:37.734: W/AdvertisingIdClient(25489): 	at com.google.android.music.preferences.MusicPreferences$7.run(MusicPreferences.java:2457)
11-16 09:56:37.734: W/AdvertisingIdClient(25489): 	at com.google.android.music.utils.async.TraceableRunnable.runLogged(TraceableRunnable.java:21)
11-16 09:56:37.734: W/AdvertisingIdClient(25489): 	at com.google.android.music.utils.async.LoggedRunnable.run(LoggedRunnable.java:30)
11-16 09:56:37.734: W/AdvertisingIdClient(25489): 	at android.os.Handler.handleCallback(Handler.java:873)
11-16 09:56:37.734: W/AdvertisingIdClient(25489): 	at android.os.Handler.dispatchMessage(Handler.java:99)
11-16 09:56:37.734: W/AdvertisingIdClient(25489): 	at com.google.android.music.utils.LoggableHandler.dispatchMessage(LoggableHandler.java:74)
11-16 09:56:37.734: W/AdvertisingIdClient(25489): 	at android.os.Looper.loop(Looper.java:193)
11-16 09:56:37.734: W/AdvertisingIdClient(25489): 	at android.os.HandlerThread.run(HandlerThread.java:65)
11-16 09:56:37.735: I/NearbyDiscovery(10928): Show notifications: 0 total, no changes since last shown, no-op. [CONTEXT service_id=49 ]
11-16 09:56:37.735: I/ActivityManager(1226): Killing 24834:com.android.vending:download_service/u0a14 (adj 906): empty #17
11-16 09:56:37.738: W/libprocessgroup(1226): kill(-24834, 9) failed: No such process
11-16 09:56:37.738: I/app_process(25555): The ClassLoaderContext is a special shared library.
11-16 09:56:37.744: I/NearbyDiscovery(10928): FastPairHandler: Received action android.net.wifi.STATE_CHANGE [CONTEXT service_id=49 ]
11-16 09:56:37.744: I/NearbyDiscovery(10928): FastPairHandler: Received action android.net.conn.CONNECTIVITY_CHANGE [CONTEXT service_id=49 ]
11-16 09:56:37.748: D/MusicLifecycle(25489): com.google.android.music.download.EncapsulatedBroadcastReceiver$1 generated event: Broadcast received with context com.google.android.music.ui.PhoneMusicApplication@fd883ae and intent Intent { act=com.google.android.music.download.keepon.KeeponSchedulingService.START_DOWNLOAD flg=0x10 }
11-16 09:56:37.753: D/ConnectivityService(1226): ConnectivityService NetworkRequestInfo binderDied(NetworkRequest [ TRACK_DEFAULT id=57, [ Capabilities: INTERNET&NOT_RESTRICTED&TRUSTED Unwanted:  Uid: 10014] ], android.os.BinderProxy@b8e9a47)
11-16 09:56:37.753: D/ConnectivityService(1226): releasing NetworkRequest [ TRACK_DEFAULT id=57, [ Capabilities: INTERNET&NOT_RESTRICTED&TRUSTED Unwanted:  Uid: 10014] ] (release request)
11-16 09:56:37.754: I/Zygote(732): Process 24834 exited due to signal (9)
11-16 09:56:37.756: W/YT(25574): Last known version:13.23.60
11-16 09:56:37.766: D/AndroidRuntime(25555): Calling main entry com.android.commands.am.Am
11-16 09:56:37.772: I/ActivityManager(1226): Force stopping androidx.navigation.ui.test appid=10172 user=0: start instr
11-16 09:56:37.778: D/AwarenessRouter(25489): 0 new fences
11-16 09:56:37.780: W/libprocessgroup(1226): kill(-24834, 9) failed: No such process
11-16 09:56:37.780: I/libprocessgroup(1226): Successfully killed process cgroup uid 10014 pid 24834 in 42ms
11-16 09:56:37.785: D/AwarenessRouter(25489): 0 fences already registered
11-16 09:56:37.789: D/AwarenessRouter(25489): Successfully removed 0 context fences
11-16 09:56:37.790: I/ActivityManager(1226): Start proc 25617:androidx.navigation.ui.test/u0a172 for added application androidx.navigation.ui.test
11-16 09:56:37.793: W/YouTube(25574): Fetching the Gservices key 'failsafe_clear_cache_release_13_02' before the end of the bulk initialization
11-16 09:56:37.793: D/WificondControl(1226): Scan result ready event
11-16 09:56:37.796: I/WifiConnectivityManager(1226): Number of scan results ignored due to single radio chain scan: 2
11-16 09:56:37.797: I/igation.ui.tes(25617): Late-enabling -Xcheck:jni
11-16 09:56:37.798: I/system_server(1226): Background concurrent copying GC freed 184080(8MB) AllocSpace objects, 107(4MB) LOS objects, 42% free, 16MB/29MB, paused 399us total 123.902ms
11-16 09:56:37.835: E/android.youtub(25574): The String#value field is not present on Android versions >= 6.0
11-16 09:56:37.848: I/Places(10928): Converted 0 out of 0 WiFi scans
11-16 09:56:37.850: W/YouTube(25574): Fetching the Gservices key 'disable_binder_callback_flush' before the end of the bulk initialization
11-16 09:56:37.851: E/YouTube(25574): flushBinderConnectionCallbacks is unverified on SDK 28
11-16 09:56:37.853: I/LogUtils(10928): [Places]: ?: Couldn't find platform key file. [CONTEXT service_id=253 ]
11-16 09:56:37.856: I/LogUtils(10928): [Places]: ?: Couldn't find platform key file. [CONTEXT service_id=253 ]
11-16 09:56:37.864: D/ConnectivityService(1226): Returning BLOCKED NetworkInfo to uid=10080
11-16 09:56:37.862: I/LogUtils(10928): [Places]: ?: Couldn't find platform key file. [CONTEXT service_id=253 ]
11-16 09:56:37.879: I/igation.ui.tes(25617): The ClassLoaderContext is a special shared library.
11-16 09:56:37.881: I/igation.ui.tes(25617): The ClassLoaderContext is a special shared library.
11-16 09:56:37.884: I/PlacesLogger(10928): [PlaceInferenceEngine]: No beacon scan available - ignoring candidates. [CONTEXT service_id=253 ]
11-16 09:56:37.884: I/LogUtils(10928): [Places]: ?: Couldn't find platform key file. [CONTEXT service_id=253 ]
11-16 09:56:37.910: W/android.youtub(25574): Unknown chunk type '200'.
11-16 09:56:37.920: E/YouTube(25574): Failed delayed event dispatch, no dispatchers.
11-16 09:56:37.927: W/Icing(13537): No valid account for uploading user actions
11-16 09:56:37.942: I/Icing(13537): Usage reports ok 0, Failed Usage reports 0, indexed 0, rejected 0
11-16 09:56:37.943: I/Icing(13537): Indexing com.google.android.gms-apps from com.google.android.gms
11-16 09:56:37.952: I/PlacesLogger(10928): [PlaceInferenceEngine]: No beacon scan available - ignoring candidates. [CONTEXT service_id=253 ]
11-16 09:56:37.957: I/LogUtils(10928): [Places]: ?: Couldn't find platform key file. [CONTEXT service_id=253 ]
11-16 09:56:37.961: I/Dialer(25407): Flags.register - commit succeeded: true
11-16 09:56:38.003: I/LogUtils(10928): [Places]: ?: Couldn't find platform key file. [CONTEXT service_id=253 ]
11-16 09:56:38.015: I/Icing(13537): Indexing done com.google.android.gms-apps
11-16 09:56:38.049: I/CrashMetricService(25574): Startup metric for 'PRIMES_CRASH_MONITORING_INITIALIZED' dropped.
11-16 09:56:38.057: I/android.youtub(25574): The ClassLoaderContext is a special shared library.
11-16 09:56:38.058: I/chatty(25574): uid=10080(com.google.android.youtube) initCrit2-2 identical 1 line
11-16 09:56:38.081: I/android.youtub(25574): The ClassLoaderContext is a special shared library.
11-16 09:56:38.108: I/android.youtub(25574): Waiting for a blocking GC AddRemoveAppImageSpace
11-16 09:56:38.120: I/android.youtub(25574): WaitForGcToComplete blocked AddRemoveAppImageSpace on HeapTrim for 12.414ms
11-16 09:56:38.178: W/SearchServiceCore(10093): Abort, client detached.
11-16 09:56:38.178: W/SearchServiceCore(10093): Abort, client detached.
11-16 09:56:38.183: W/android.youtub(25574): Unsupported class loader
11-16 09:56:38.198: E/ExecutionCriteria(10928): Package unavailable for task: com.google.android.apps.gcs/com.google.android.flib.phenotype.services.PhenotypeExperimentCommitService{u=0 tag="PhenotypeExpCommitSvc" trigger=window{start=0s,end=30s,earliest=-3142s,latest=-3112s} requirements=[NET_ANY] attributes=[PERSISTED] scheduled=-3142s last_run=N/A exec_window_multiplier=1.0000 jid=N/A status=PENDING retries=0 client_lib=MANCHEGO_GCM-11732000} [CONTEXT service_id=218 ]
11-16 09:56:38.204: I/android.youtub(25574): ThreadFlipBegin blocked for 9.005ms
11-16 09:56:38.207: I/android.youtub(25574): IncrementDisableThreadFlip blocked for 11.318ms
11-16 09:56:38.207: I/android.youtub(25574): IncrementDisableThreadFlip blocked for 8.955ms
11-16 09:56:38.208: I/android.youtub(25574): IncrementDisableThreadFlip blocked for 9.168ms
11-16 09:56:38.214: I/FirebaseJobDispatcher(3637): onStartJob(): DefaultStickerUpdate.
