11-16 09:56:22.510: W/NetworkScheduler(10928): 	at abno.f(:com.google.android.gms@213614028@21.36.14 (100400-395708125):6)
11-16 09:56:22.510: W/NetworkScheduler(10928): 	at amdu.g(:com.google.android.gms@213614028@21.36.14 (100400-395708125):37)
11-16 09:56:22.510: W/NetworkScheduler(10928): 	at amdd.n(:com.google.android.gms@213614028@21.36.14 (100400-395708125):3)
11-16 09:56:22.510: W/NetworkScheduler(10928): 	at amdd.u(:com.google.android.gms@213614028@21.36.14 (100400-395708125):20)
11-16 09:56:22.510: W/NetworkScheduler(10928): 	at amdd.g(:com.google.android.gms@213614028@21.36.14 (100400-395708125):3)
11-16 09:56:22.510: W/NetworkScheduler(10928): 	at alzy.run(:com.google.android.gms@213614028@21.36.14 (100400-395708125):9)
11-16 09:56:22.510: W/NetworkScheduler(10928): 	at rgh.c(:com.google.android.gms@213614028@21.36.14 (100400-395708125):6)
11-16 09:56:22.510: W/NetworkScheduler(10928): 	at rgh.run(:com.google.android.gms@213614028@21.36.14 (100400-395708125):7)
11-16 09:56:22.510: W/NetworkScheduler(10928): 	at java.util.concurrent.ThreadPoolExecutor.runWorker(ThreadPoolExecutor.java:1167)
11-16 09:56:22.510: W/NetworkScheduler(10928): 	at java.util.concurrent.ThreadPoolExecutor$Worker.run(ThreadPoolExecutor.java:641)
11-16 09:56:22.510: W/NetworkScheduler(10928): 	at rkn.run(:com.google.android.gms@213614028@21.36.14 (100400-395708125):0)
11-16 09:56:22.510: W/NetworkScheduler(10928): 	at java.lang.Thread.run(Thread.java:764)
11-16 09:56:22.515: I/CarrierServices(24029): [2] bth.a: Initializing SimStateTracker
11-16 09:56:22.516: I/CarrierServices(24029): [2] bth.b: SIM state ABSENT
11-16 09:56:22.534: I/CarrierServices(24029): [2] bth.a: Broadcasting Intent { act=com.google.android.ims.SIM_ABSENT }
11-16 09:56:22.543: W/PackageParser(13537): Unknown element under <manifest>: queries at /data/user_de/0/com.google.android.gms/app_chimera/m/00000007/AdsDynamite.apk Binary XML file line #5
11-16 09:56:22.567: I/CarrierServices(24029): [2] CarrierServicesReleaseApp.onCreate: Primes set up successful
11-16 09:56:22.568: W/PackageParser(13537): Unknown element under <manifest>: queries at /data/user_de/0/com.google.android.gms/app_chimera/m/00000011/dl-AdsFdrDynamite.integ_213806100100000.apk Binary XML file line #11
11-16 09:56:22.594: W/RcsProvisioning(24029): Failed to read configuration: /data/user/0/com.google.android.ims/files/hvconfig (No such file or directory)
11-16 09:56:22.595: W/RcsProvisioning(24029): java.io.FileNotFoundException: /data/user/0/com.google.android.ims/files/hvconfig (No such file or directory)
11-16 09:56:22.595: W/RcsProvisioning(24029): 	at java.io.FileInputStream.open0(Native Method)
11-16 09:56:22.595: W/RcsProvisioning(24029): 	at java.io.FileInputStream.open(FileInputStream.java:231)
11-16 09:56:22.595: W/RcsProvisioning(24029): 	at java.io.FileInputStream.<init>(FileInputStream.java:165)
11-16 09:56:22.595: W/RcsProvisioning(24029): 	at android.app.ContextImpl.openFileInput(ContextImpl.java:560)
11-16 09:56:22.595: W/RcsProvisioning(24029): 	at android.content.ContextWrapper.openFileInput(ContextWrapper.java:202)
11-16 09:56:22.595: W/RcsProvisioning(24029): 	at byy.a(SourceFile:2)
11-16 09:56:22.595: W/RcsProvisioning(24029): 	at bmj.a(SourceFile:4)
11-16 09:56:22.595: W/RcsProvisioning(24029): 	at bmk.a(SourceFile:7)
11-16 09:56:22.595: W/RcsProvisioning(24029): 	at bln.<init>(SourceFile:9)
11-16 09:56:22.595: W/RcsProvisioning(24029): 	at blx.<init>(SourceFile:9)
11-16 09:56:22.595: W/RcsProvisioning(24029): 	at com.google.android.ims.CarrierServicesReleaseApp.onCreate(SourceFile:98)
11-16 09:56:22.595: W/RcsProvisioning(24029): 	at android.app.Instrumentation.callApplicationOnCreate(Instrumentation.java:1154)
11-16 09:56:22.595: W/RcsProvisioning(24029): 	at android.app.ActivityThread.handleBindApplication(ActivityThread.java:5920)
11-16 09:56:22.595: W/RcsProvisioning(24029): 	at android.app.ActivityThread.access$1100(ActivityThread.java:200)
11-16 09:56:22.595: W/RcsProvisioning(24029): 	at android.app.ActivityThread$H.handleMessage(ActivityThread.java:1656)
11-16 09:56:22.595: W/RcsProvisioning(24029): 	at android.os.Handler.dispatchMessage(Handler.java:106)
11-16 09:56:22.595: W/RcsProvisioning(24029): 	at android.os.Looper.loop(Looper.java:193)
11-16 09:56:22.595: W/RcsProvisioning(24029): 	at android.app.ActivityThread.main(ActivityThread.java:6718)
11-16 09:56:22.595: W/RcsProvisioning(24029): 	at java.lang.reflect.Method.invoke(Native Method)
11-16 09:56:22.595: W/RcsProvisioning(24029): 	at com.android.internal.os.RuntimeInit$MethodAndArgsCaller.run(RuntimeInit.java:493)
11-16 09:56:22.595: W/RcsProvisioning(24029): 	at com.android.internal.os.ZygoteInit.main(ZygoteInit.java:858)
11-16 09:56:22.595: D/RcsProvisioning(24029): Retrieving backup token
11-16 09:56:22.614: W/Bugle(24029): SubscriptionMetadataUtils get: invalid subId = -1
11-16 09:56:22.619: I/akhr(10928): Scheduling Phenotype for a PhenotypeSyncImmediately(6, com.google.android.gms.testsupport) one off with window [1, 2] in seconds [CONTEXT service_id=51 ]
11-16 09:56:22.626: I/TestSupport(13537): AwaitCommitOperation: SaveStrategy__enableSaving [CONTEXT service_id=133 ]
11-16 09:56:22.631: I/TestSupport(13537): AwaitCommitOperation: uncommitted: FlagOverride(com.google.android.gms.auth.api.credentials, , Flag(SaveStrategy__enableSaving, false, 2, 0), false) [CONTEXT service_id=133 ]
11-16 09:56:22.631: I/TestSupport(13537): AwaitCommitOperation:  sleeping for 10 msec. [CONTEXT service_id=133 ]
11-16 09:56:22.667: I/TestSupport(13537): AwaitCommitOperation: uncommitted: FlagOverride(com.google.android.gms.auth.api.credentials, , Flag(SaveStrategy__enableSaving, false, 2, 0), false) [CONTEXT service_id=133 ]
11-16 09:56:22.668: I/TestSupport(13537): AwaitCommitOperation:  sleeping for 20 msec. [CONTEXT service_id=133 ]
11-16 09:56:22.729: D/RcsProvisioning(24029): No backup token found
11-16 09:56:22.741: I/CarrierServices(24029): [2] CarrierServicesReleaseApp.a: Initializing MMTel
11-16 09:56:22.743: I/TestSupport(13537): AwaitCommitOperation: uncommitted: FlagOverride(com.google.android.gms.auth.api.credentials, , Flag(SaveStrategy__enableSaving, false, 2, 0), false) [CONTEXT service_id=133 ]
11-16 09:56:22.745: I/TestSupport(13537): AwaitCommitOperation:  sleeping for 40 msec. [CONTEXT service_id=133 ]
11-16 09:56:22.762: I/CarrierServices(24029): [2] ccj.a: CarrierServices.apk is not sim call manager. Not enabling MMTel.
11-16 09:56:22.763: I/CarrierServices(24029): [2] ProvisioningService.a: Should not enable MMTel. Not scheduling provisioning.
11-16 09:56:22.780: I/CarrierServices(24029): [2] ajk.<init>: (MMTel): IMS module initialization with instance: "urn:gsma:imei:99001200-595306-0"
11-16 09:56:22.801: I/CarrierServices(24029): [2] ccj.a: CarrierServices.apk is not sim call manager. Not enabling MMTel.
11-16 09:56:22.802: I/CarrierServices(24029): [2] alv.e: Should not enable MMTel, not starting CallEngine.
11-16 09:56:22.806: I/CarrierServices(24029): [2] aws.a: Migration binding to RcsMigrationService
11-16 09:56:22.832: I/CarrierServices(24029): [887] bti.run: Processing an intent
11-16 09:56:22.832: I/CarrierServices(24029): [887] bth.b: SIM state ABSENT
11-16 09:56:22.833: I/ActivityManager(1226): Start proc 24061:com.google.android.apps.messaging/u0a111 for service com.google.android.apps.messaging/.rcsmigration.RcsMigrationService
11-16 09:56:22.834: I/TestSupport(13537): AwaitCommitOperation: uncommitted: FlagOverride(com.google.android.gms.auth.api.credentials, , Flag(SaveStrategy__enableSaving, false, 2, 0), false) [CONTEXT service_id=133 ]
11-16 09:56:22.834: I/TestSupport(13537): AwaitCommitOperation:  sleeping for 80 msec. [CONTEXT service_id=133 ]
11-16 09:56:22.834: I/org.webrtc.Logging(24029): NativeLibrary: Loading native library.
11-16 09:56:22.835: I/org.webrtc.Logging(24029): NativeLibrary: Loading library: jingle_peerconnection_so
11-16 09:56:22.836: E/.apps.messagin(24061): Not starting debugger since process cannot load the jdwp agent.
11-16 09:56:22.840: I/CarrierServices(24029): [887] bth.a: Broadcasting Intent { act=com.google.android.ims.SIM_ABSENT }
11-16 09:56:22.847: W/native(24029): commandlineflags.cc:1511 Ignoring RegisterValidateFunction() for flag pointer 0x7d0a186798: no flag found at that address
11-16 09:56:22.853: I/ActivityManager(1226): Start proc 24078:com.google.android.partnersetup/u0a49 for broadcast com.google.android.partnersetup/.RlzPingBroadcastReceiver
11-16 09:56:22.854: E/id.partnersetu(24078): Not starting debugger since process cannot load the jdwp agent.
11-16 09:56:22.862: I/libjingle(24029): [000:000] [24059] (default_audio_processing_jni.cc:32): APM: Post-processing: None.
11-16 09:56:22.862: I/libjingle(24029): [000:000] [24059] (default_audio_processing_jni.cc:44): APM: Echo controller: None.
11-16 09:56:22.862: I/libjingle(24029): [000:001] [24059] (audio_processing_impl.cc:441): Capture post processor activated: 0
11-16 09:56:22.862: I/libjingle(24029): Render pre processor activated: 0
11-16 09:56:22.867: I/BugleRcsEngine(10208): [2] pkj.a: Initializing SimStateTracker
11-16 09:56:22.872: I/BugleRcsEngine(10208): [2] oli.a: Creating JibeServiceComponent
11-16 09:56:22.875: I/.apps.messagin(24061): The ClassLoaderContext is a special shared library.
11-16 09:56:22.884: I/BugleRcsEngine(10208): [2] oer.b: Initializing Carrier Services Logging.
11-16 09:56:22.888: I/id.partnersetu(24078): The ClassLoaderContext is a special shared library.
11-16 09:56:22.915: D/BugleRcsEngine(10208): log_saver already enabled
11-16 09:56:22.916: D/ConnectivityService(1226): requestNetwork for uid/pid:10111/10208 NetworkRequest [ TRACK_DEFAULT id=54, [ Capabilities: INTERNET&NOT_RESTRICTED&TRUSTED Unwanted:  Uid: 10111] ]
11-16 09:56:22.918: D/PhoneSwitcherNetworkRequstListener(3790): got request NetworkRequest [ TRACK_DEFAULT id=54, [ Capabilities: INTERNET&NOT_RESTRICTED&TRUSTED Unwanted:  Uid: 10111] ] with score 60
11-16 09:56:22.918: D/WIFI_UT(1226): got request NetworkRequest [ TRACK_DEFAULT id=54, [ Capabilities: INTERNET&NOT_RESTRICTED&TRUSTED Unwanted:  Uid: 10111] ] with score 60
11-16 09:56:22.918: D/WIFI(1226): got request NetworkRequest [ TRACK_DEFAULT id=54, [ Capabilities: INTERNET&NOT_RESTRICTED&TRUSTED Unwanted:  Uid: 10111] ] with score 60
11-16 09:56:22.918: D/WIFI_AWARE_FACTORY(1226): got request NetworkRequest [ TRACK_DEFAULT id=54, [ Capabilities: INTERNET&NOT_RESTRICTED&TRUSTED Unwanted:  Uid: 10111] ] with score 60
11-16 09:56:22.919: D/Ethernet(1226): got request NetworkRequest [ TRACK_DEFAULT id=54, [ Capabilities: INTERNET&NOT_RESTRICTED&TRUSTED Unwanted:  Uid: 10111] ] with score 60
11-16 09:56:22.920: I/BugleRcsEngine(10208): [588] ore.d: Connected state: [2], networkType: [WIFI]
11-16 09:56:22.921: I/BugleRcsEngine(10208): [588] ore.d: Connected state: [2], networkType: [WIFI]
11-16 09:56:22.926: I/BugleRcsEngine(10208): [2] ofm.<init>: RcsEngine: Constructor running in com.google.android.apps.messaging
11-16 09:56:22.927: I/BugleRcsEngine(10208): [2] pcm.a: Destroying ProvisioningEngineComponent
11-16 09:56:22.927: I/BugleRcsEngine(10208): [2] pcm.a: Initialize Provisioning Engine V2
11-16 09:56:22.933: I/BugleRcsEngine(10208): [2] pet.a: Sending ProvisioningEvent to Bugle [Enable PEv2 (17)], null
11-16 09:56:22.936: I/BugleRcsEngine(10208): [2] oli.a: Creating ProvisioningEngineComponent
11-16 09:56:22.937: W/VideoCapabilities(24029): Unrecognized profile 2130706433 for video/avc
11-16 09:56:22.937: W/VideoCapabilities(24029): Unrecognized profile 2130706434 for video/avc
11-16 09:56:22.941: I/Bugle(10208): GServicesValues:
11-16 09:56:22.941: I/Bugle(10208): bugle_enable_primes_crash_metrics: true
11-16 09:56:22.941: I/Bugle(10208): bugle_max_telemetry_upload_retries: 10
11-16 09:56:22.941: I/Bugle(10208): bugle_send_silent_crash_feedback: true
11-16 09:56:22.941: I/Bugle(10208): bugle_sticker_set_list_version: 3
11-16 09:56:22.941: I/TestSupport(13537): AwaitCommitOperation: uncommitted: FlagOverride(com.google.android.gms.auth.api.credentials, , Flag(SaveStrategy__enableSaving, false, 2, 0), false) [CONTEXT service_id=133 ]
11-16 09:56:22.941: I/TestSupport(13537): AwaitCommitOperation:  sleeping for 160 msec. [CONTEXT service_id=133 ]
11-16 09:56:22.942: W/VideoCapabilities(24029): Unrecognized profile 2130706433 for video/avc
11-16 09:56:22.942: W/VideoCapabilities(24029): Unrecognized profile 2130706434 for video/avc
11-16 09:56:22.954: W/VideoCapabilities(24029): Unrecognized profile 2130706433 for video/avc
11-16 09:56:22.954: W/VideoCapabilities(24029): Unrecognized profile 2130706434 for video/avc
11-16 09:56:22.960: I/BugleRcsEngine(10208): [2] JibeService.b: Ignoring call to disable RCS because PEv2 is enabled
11-16 09:56:22.961: I/BugleRcsEngine(10208): [2] pet.a: Sending ProvisioningEvent to Bugle [Request Bugle information (15)], null
11-16 09:56:22.961: I/BugleRcsEngine(10208): [621] ProvisioningEngineStateMachine$StateBase.a: Enter EnabledState
11-16 09:56:22.963: D/BugleRcsEngine(10208): log_saver already enabled
11-16 09:56:22.970: W/VideoCapabilities(24029): Unrecognized profile 4 for video/hevc
11-16 09:56:22.980: W/BugleRcsEngine(10208): [621] pcp.c: No config URL. RCS will be disabled!
11-16 09:56:22.984: E/BugleRcsEngine(10208): [2] JibeService.a: onSimRemoved: not using a test number at the moment
11-16 09:56:22.985: I/BugleRcsEngine(10208): [2] JibeService.a: onSimRemoved: JibePreferences hasSim: [false], rcsEnabled: [false]
11-16 09:56:22.985: I/BugleRcsEngine(10208): [2] JibeService.a: SIM has been removed.
11-16 09:56:22.985: I/BugleRcsEngine(10208): [621] pev.a: RcsAvailabilityManager: Calculating Rcs Availability
11-16 09:56:22.986: I/BugleRcsEngine(10208): [2] pev.a: RcsAvailabilityManager: Calculating Rcs Availability
11-16 09:56:22.986: I/BugleRcsEngine(10208): [622] pot.a: Sim state is not ready. Returning last known operation mode.
11-16 09:56:22.992: I/BugleRcsEngine(10208): [621] pdr.a: BatteryOptimizationManager: requestGmscoreUnbind
11-16 09:56:22.993: I/BugleRcsEngine(10208): [622] pot.a: Sim state is not ready. Returning last known operation mode.
11-16 09:56:22.994: I/BugleRcsEngine(10208): [2] pet.a: Sending ProvisioningEvent to Bugle [Request Bugle information (15)], null
11-16 09:56:22.994: I/BugleRcsEngine(10208): [621] pev.a: RcsAvailabilityManager: Updating Rcs Availability to DISABLED_SIM_ABSENT (RCS is disabled due to SIM absent)
11-16 09:56:22.995: W/BugleRcsEngine(10208): [621] pcp.c: No config URL. RCS will be disabled!
11-16 09:56:23.018: W/VideoCapabilities(24029): Unrecognized profile 4 for video/hevc
11-16 09:56:23.034: I/BugleRcsEngine(10208): [619] pkj.b: Processing an intent
11-16 09:56:23.051: I/ActivityManager(1226): Start proc 24103:com.google.intelligence.sense/u0a31 for broadcast com.google.intelligence.sense/.ambientmusic.SystemBroadcastReceiver
11-16 09:56:23.053: I/MediaCodecVideoEncoder(24029): [000:191] [24059] MediaCodecVideoEncoder: Found target encoder for mime video/x-vnd.on2.vp8 : OMX.qcom.video.encoder.vp8. Color: 0x15. Bitrate adjustment: NO_ADJUSTMENT
11-16 09:56:23.053: I/MediaCodecVideoEncoder(24029): [000:192] [24059] MediaCodecVideoEncoder: VP8 HW Encoder supported.
11-16 09:56:23.054: I/MediaCodecVideoDecoder(24029): [000:192] [24059] MediaCodecVideoDecoder: Trying to find HW decoder for mime video/avc
11-16 09:56:23.054: I/MediaCodecVideoDecoder(24029): [000:193] [24059] MediaCodecVideoDecoder: Found candidate decoder OMX.qcom.video.decoder.avc
11-16 09:56:23.054: I/MediaCodecVideoDecoder(24029): [000:193] [24059] MediaCodecVideoDecoder: Found target decoder OMX.qcom.video.decoder.avc. Color: 0x13
11-16 09:56:23.054: I/MediaCodecVideoEncoder(24029): [000:193] [24059] MediaCodecVideoEncoder: H.264 High Profile HW Encoder supported.
11-16 09:56:23.055: I/MediaCodecVideoEncoder(24029): [000:193] [24059] MediaCodecVideoEncoder: Found target encoder for mime video/avc : OMX.qcom.video.encoder.avc. Color: 0x15. Bitrate adjustment: NO_ADJUSTMENT
11-16 09:56:23.055: I/MediaCodecVideoEncoder(24029): [000:193] [24059] MediaCodecVideoEncoder: H.264 HW Encoder supported.
11-16 09:56:23.055: I/MediaCodecVideoDecoder(24029): [000:194] [24059] MediaCodecVideoDecoder: MediaCodecVideoDecoderFactory ctor
11-16 09:56:23.055: I/MediaCodecVideoDecoder(24029): [000:194] [24059] MediaCodecVideoDecoder: Trying to find HW decoder for mime video/x-vnd.on2.vp8
11-16 09:56:23.055: I/MediaCodecVideoDecoder(24029): [000:194] [24059] MediaCodecVideoDecoder: Found candidate decoder OMX.qcom.video.decoder.vp8
11-16 09:56:23.056: I/MediaCodecVideoDecoder(24029): [000:194] [24059] MediaCodecVideoDecoder: Found target decoder OMX.qcom.video.decoder.vp8. Color: 0x13
11-16 09:56:23.056: I/MediaCodecVideoDecoder(24029): [000:194] [24059] MediaCodecVideoDecoder: VP8 HW Decoder supported.
11-16 09:56:23.056: I/MediaCodecVideoDecoder(24029): [000:194] [24059] MediaCodecVideoDecoder: Trying to find HW decoder for mime video/x-vnd.on2.vp9
11-16 09:56:23.056: E/elligence.sens(24103): Not starting debugger since process cannot load the jdwp agent.
11-16 09:56:23.056: I/MediaCodecVideoDecoder(24029): [000:194] [24059] MediaCodecVideoDecoder: Found candidate decoder OMX.qcom.video.decoder.vp9
11-16 09:56:23.056: I/MediaCodecVideoDecoder(24029): [000:195] [24059] MediaCodecVideoDecoder: Found target decoder OMX.qcom.video.decoder.vp9. Color: 0x13
11-16 09:56:23.056: I/MediaCodecVideoDecoder(24029): [000:195] [24059] MediaCodecVideoDecoder: VP9 HW Decoder supported.
11-16 09:56:23.056: I/MediaCodecVideoDecoder(24029): [000:195] [24059] MediaCodecVideoDecoder: Trying to find HW decoder for mime video/avc
11-16 09:56:23.056: I/MediaCodecVideoDecoder(24029): [000:195] [24059] MediaCodecVideoDecoder: Found candidate decoder OMX.qcom.video.decoder.avc
11-16 09:56:23.056: I/MediaCodecVideoDecoder(24029): [000:195] [24059] MediaCodecVideoDecoder: Found target decoder OMX.qcom.video.decoder.avc. Color: 0x13
11-16 09:56:23.057: I/MediaCodecVideoDecoder(24029): [000:195] [24059] MediaCodecVideoDecoder: H264 HW Decoder supported.
11-16 09:56:23.057: I/libjingle(24029): [000:195] [24059] (webrtcvoiceengine.cc:210): WebRtcVoiceEngine::WebRtcVoiceEngine
11-16 09:56:23.057: I/libjingle(24029): [000:195] [24059] (webrtcvideoengine.cc:546): WebRtcVideoEngine::WebRtcVideoEngine()
11-16 09:56:23.058: I/libjingle(24029): [000:197] [24093] (webrtcvoiceengine.cc:233): WebRtcVoiceEngine::Init
11-16 09:56:23.058: I/libjingle(24029): [000:197] [24093] (webrtcvoiceengine.cc:240): Supported send codecs in order of preference:
11-16 09:56:23.058: I/libjingle(24029): [000:197] [24093] (webrtcvoiceengine.cc:243): opus/48000/2 { minptime=10 useinbandfec=1 } (111)
11-16 09:56:23.059: I/libjingle(24029): [000:197] [24093] (webrtcvoiceengine.cc:243): ISAC/16000/1 (103)
11-16 09:56:23.059: I/libjingle(24029): [000:197] [24093] (webrtcvoiceengine.cc:243): ISAC/32000/1 (104)
11-16 09:56:23.059: I/libjingle(24029): [000:197] [24093] (webrtcvoiceengine.cc:243): G722/8000/1 (9)
11-16 09:56:23.059: I/libjingle(24029): [000:197] [24093] (webrtcvoiceengine.cc:243): PCMU/8000/1 (0)
11-16 09:56:23.059: I/libjingle(24029): [000:197] [24093] (webrtcvoiceengine.cc:243): PCMA/8000/1 (8)
11-16 09:56:23.059: I/libjingle(24029): [000:197] [24093] (webrtcvoiceengine.cc:243): CN/32000/1 (106)
11-16 09:56:23.059: I/libjingle(24029): [000:197] [24093] (webrtcvoiceengine.cc:243): CN/16000/1 (105)
11-16 09:56:23.059: I/libjingle(24029): [000:197] [24093] (webrtcvoiceengine.cc:243): CN/8000/1 (13)
11-16 09:56:23.059: I/libjingle(24029): [000:197] [24093] (webrtcvoiceengine.cc:243): telephone-event/48000/1 (110)
11-16 09:56:23.059: I/libjingle(24029): [000:197] [24093] (webrtcvoiceengine.cc:243): telephone-event/32000/1 (112)
11-16 09:56:23.059: I/libjingle(24029): [000:197] [24093] (webrtcvoiceengine.cc:243): telephone-event/16000/1 (113)
11-16 09:56:23.059: I/libjingle(24029): [000:197] [24093] (webrtcvoiceengine.cc:243): telephone-event/8000/1 (126)
11-16 09:56:23.059: I/libjingle(24029): [000:198] [24093] (webrtcvoiceengine.cc:246): Supported recv codecs in order of preference:
11-16 09:56:23.059: I/libjingle(24029): [000:198] [24093] (webrtcvoiceengine.cc:249): opus/48000/2 { minptime=10 useinbandfec=1 } (111)
11-16 09:56:23.059: I/libjingle(24029): [000:198] [24093] (webrtcvoiceengine.cc:249): ISAC/16000/1 (103)
11-16 09:56:23.059: I/libjingle(24029): [000:198] [24093] (webrtcvoiceengine.cc:249): ISAC/32000/1 (104)
11-16 09:56:23.059: I/libjingle(24029): [000:198] [24093] (webrtcvoiceengine.cc:249): G722/8000/1 (9)
11-16 09:56:23.059: I/libjingle(24029): [000:198] [24093] (webrtcvoiceengine.cc:249): PCMU/8000/1 (0)
11-16 09:56:23.059: I/libjingle(24029): [000:198] [24093] (webrtcvoiceengine.cc:249): PCMA/8000/1 (8)
11-16 09:56:23.059: I/libjingle(24029): [000:198] [24093] (webrtcvoiceengine.cc:249): CN/32000/1 (106)
11-16 09:56:23.059: I/libjingle(24029): [000:198] [24093] (webrtcvoiceengine.cc:249): CN/16000/1 (105)
11-16 09:56:23.059: I/libjingle(24029): [000:198] [24093] (webrtcvoiceengine.cc:249): CN/8000/1 (13)
11-16 09:56:23.059: I/libjingle(24029): [000:198] [24093] (webrtcvoiceengine.cc:249): telephone-event/48000/1 (110)
11-16 09:56:23.059: I/libjingle(24029): [000:198] [24093] (webrtcvoiceengine.cc:249): telephone-event/32000/1 (112)
11-16 09:56:23.059: I/libjingle(24029): [000:198] [24093] (webrtcvoiceengine.cc:249): telephone-event/16000/1 (113)
11-16 09:56:23.060: I/libjingle(24029): [000:198] [24093] (webrtcvoiceengine.cc:249): telephone-event/8000/1 (126)
11-16 09:56:23.060: I/libjingle(24029): [000:198] [24093] (audio_device_impl.cc:74): Create
11-16 09:56:23.060: I/libjingle(24029): [000:198] [24093] (audio_device_buffer.cc:63): AudioDeviceBuffer::ctor
11-16 09:56:23.060: I/libjingle(24029): [000:198] [24093] (audio_device_impl.cc:108): AudioDeviceModuleImpl
11-16 09:56:23.060: I/libjingle(24029): [000:198] [24093] (audio_device_impl.cc:112): CheckPlatform
11-16 09:56:23.060: I/libjingle(24029): [000:198] [24093] (audio_device_impl.cc:120): current platform is Android
11-16 09:56:23.060: I/libjingle(24029): [000:198] [24093] (audio_device_impl.cc:142): CreatePlatformSpecificObjects
11-16 09:56:23.060: I/libjingle(24029): [000:198] [24093] (audio_device_impl.cc:906): PlatformAudioLayer
11-16 09:56:23.060: I/libjingle(24029): [000:198] [24093] (jvm_android.cc:73): AttachCurrentThreadIfNeeded::ctor
11-16 09:56:23.060: I/libjingle(24029): [000:198] [24093] (jvm_android.cc:78): Attaching thread to JVM
11-16 09:56:23.060: I/libjingle(24029): [000:199] [24093] (jvm_android.cc:262): JVM::environment
11-16 09:56:23.060: I/libjingle(24029): [000:199] [24093] (jvm_android.cc:186): JNIEnvironment::ctor
11-16 09:56:23.060: I/libjingle(24029): [000:199] [24093] (audio_manager.cc:71): ctor
11-16 09:56:23.060: I/libjingle(24029): [000:199] [24093] (jvm_android.cc:196): JNIEnvironment::RegisterNatives: org/webrtc/voiceengine/WebRtcAudioManager
11-16 09:56:23.060: I/libjingle(24029): [000:199] [24093] (jvm_android.cc:135): NativeRegistration::ctor
11-16 09:56:23.060: I/libjingle(24029): [000:199] [24093] (jvm_android.cc:146): NativeRegistration::NewObject
11-16 09:56:23.061: I/WebRtcAudioManager(24029): [000:199] [24093] WebRtcAudioManager: ctor@[name=Thread-3, id=892]
11-16 09:56:23.064: I/WebRtcAudioManager(24029): [000:203] [24093] WebRtcAudioManager: Sample rate is set to 48000 Hz
11-16 09:56:23.067: I/BugleRcsEngine(10208): [619] pkj.handleSimState: SIM state ABSENT
11-16 09:56:23.068: I/BugleRcsEngine(10208): [619] pkj.sendBroadcastSimState: Broadcasting Intent { act=com.google.android.ims.SIM_ABSENT }
11-16 09:56:23.072: I/BugleRcsEngine(10208): [621] pet.a: Sending ProvisioningEvent to Bugle [Availability updated (12)], [aQxmkSF8RuZ2gv9Q_9qD9VRmeTc]
11-16 09:56:23.074: I/BugleRcsEngine(10208): [621] pev.a: Sending ProvisioningEvent Internal [Availability updated (12)], [aQxmkSF8RuZ2gv9Q_9qD9VRmeTc]
11-16 09:56:23.075: I/BugleRcsEngine(10208): [621] pet.a: Sending ProvisioningEvent to Bugle [Update provisioning status (11)], [aco8Kp25ZBCgUZalyGUIq1_Tamc]
11-16 09:56:23.076: I/WebRtcAudioEffects(24029): [000:215] [24093] WebRtcAudioEffects: canUseAcousticEchoCanceler: true
11-16 09:56:23.077: I/WebRtcAudioEffects(24029): [000:215] [24093] WebRtcAudioEffects: canUseNoiseSuppressor: true
11-16 09:56:23.078: W/WebRtcAudioManager(24029): [000:216] [24093] WebRtcAudioManager: AAudio support is currently disabled on all devices!
11-16 09:56:23.079: I/libjingle(24029): [000:218] [24093] (audio_manager.cc:276): OnCacheAudioParameters: hardware_aec: 1, hardware_agc: 0, hardware_ns: 1, low_latency_output: 1, low_latency_input: 1, pro_audio: 1, a_audio: 0, sample_rate: 48000, output_channels: 1, input_channels: 1, output_buffer_size: 96, input_buffer_size: 96
11-16 09:56:23.080: I/WebRtcAudioManager(24029): [000:218] [24093] WebRtcAudioManager: Android SDK: 28, Release: 9, Brand: google, Device: blueline, Id: PQ3A.190801.002, Hardware: blueline, Manufacturer: Google, Model: Pixel 3, Product: blueline
11-16 09:56:23.081: W/DeviceHAL(747): Error from HAL Device in function get_mic_mute: Function not implemented
11-16 09:56:23.081: W/DeviceHAL(747): Error from HAL Device in function get_mic_mute: Function not implemented
11-16 09:56:23.081: I/BugleRcsEngine(10208): [621] ProvisioningEngineStateMachine.a: EnabledState: event SIM event
11-16 09:56:23.082: I/BugleRcsEngine(10208): [621] ProvisioningEngineStateMachine$StateBase.a: EnabledState: Transition to disabled
11-16 09:56:23.082: I/BugleRcsEngine(10208): [621] ProvisioningEngineStateMachine$StateBase.c: Exit EnabledState
11-16 09:56:23.083: I/WebRtcAudioManager(24029): [000:221] [24093] WebRtcAudioManager: Audio State: audio mode: MODE_NORMAL, has mic: true, mic muted: false, music active: false, speakerphone: false, BT SCO: false
11-16 09:56:23.083: I/WebRtcAudioManager(24029): [000:221] [24093] WebRtcAudioManager: Audio State: 
11-16 09:56:23.083: I/WebRtcAudioManager(24029): [000:221] [24093] WebRtcAudioManager:   fixed volume=false
11-16 09:56:23.083: W/BugleRcsEngine(10208): [621] pcp.c: No config URL. RCS will be disabled!
11-16 09:56:23.084: I/WebRtcAudioManager(24029): [000:222] [24093] WebRtcAudioManager:   STREAM_VOICE_CALL: volume=1, max=7, muted=false
11-16 09:56:23.085: I/WebRtcAudioManager(24029): [000:223] [24093] WebRtcAudioManager:   STREAM_MUSIC: volume=0, max=25, muted=false
11-16 09:56:23.087: I/WebRtcAudioManager(24029): [000:226] [24093] WebRtcAudioManager:   STREAM_RING: volume=0, max=7, muted=true
11-16 09:56:23.088: I/WebRtcAudioManager(24029): [000:226] [24093] WebRtcAudioManager:   STREAM_ALARM: volume=1, max=7, muted=false
11-16 09:56:23.090: I/WebRtcAudioManager(24029): [000:229] [24093] WebRtcAudioManager:   STREAM_NOTIFICATION: volume=0, max=7, muted=true
11-16 09:56:23.091: I/WebRtcAudioManager(24029): [000:230] [24093] WebRtcAudioManager:   STREAM_SYSTEM: volume=0, max=7, muted=true
11-16 09:56:23.099: I/BugleRcsEngine(10208): [621] ProvisioningEngineStateMachine$StateBase.a: Enter DisabledState
11-16 09:56:23.106: W/native(24103): commandlineflags.cc:1511 Ignoring RegisterValidateFunction() for flag pointer 0x7d0af99598: no flag found at that address
11-16 09:56:23.110: I/TestSupport(13537): AwaitCommitOperation: uncommitted: FlagOverride(com.google.android.gms.auth.api.credentials, , Flag(SaveStrategy__enableSaving, false, 2, 0), false) [CONTEXT service_id=133 ]
11-16 09:56:23.110: I/TestSupport(13537): AwaitCommitOperation:  sleeping for 320 msec. [CONTEXT service_id=133 ]
11-16 09:56:23.114: I/WebRtcAudioManager(24029): [000:252] [24093] WebRtcAudioManager: Audio Devices: 
11-16 09:56:23.114: I/WebRtcAudioManager(24029): [000:253] [24093] WebRtcAudioManager:   TYPE_BUILTIN_EARPIECE(out): id=2
11-16 09:56:23.114: I/WebRtcAudioManager(24029): [000:253] [24093] WebRtcAudioManager:   TYPE_BUILTIN_SPEAKER(out): id=3
11-16 09:56:23.114: I/WebRtcAudioManager(24029): [000:253] [24093] WebRtcAudioManager:   TYPE_TELEPHONY(out): id=11
11-16 09:56:23.114: I/WebRtcAudioManager(24029): [000:253] [24093] WebRtcAudioManager:   TYPE_BUILTIN_MIC(in): channels=[1, 2, 3], encodings=[4], sample rates=[8000, 11025, 12000, 16000, 22050, 24000, 32000, 44100, 48000], id=18
11-16 09:56:23.115: I/WebRtcAudioManager(24029): [000:253] [24093] WebRtcAudioManager:   TYPE_BUILTIN_MIC(in): channels=[1, 2, 3], encodings=[4], sample rates=[8000, 11025, 12000, 16000, 22050, 24000, 32000, 44100, 48000], id=19
11-16 09:56:23.115: I/WebRtcAudioManager(24029): [000:253] [24093] WebRtcAudioManager:   TYPE_TELEPHONY(in): channels=[1, 2], encodings=[2], sample rates=[8000, 16000, 48000], id=22
11-16 09:56:23.115: I/libjingle(24029): [000:253] [24093] (jvm_android.cc:98): GlobalRef::ctor
11-16 09:56:23.115: I/libjingle(24029): [000:253] [24093] (audio_manager.cc:36): JavaAudioManager::ctor
11-16 09:56:23.115: I/WebRtcAudioManager(24029): [000:253] [24093] WebRtcAudioManager: Pixel 3 is blacklisted for OpenSL ES usage!
11-16 09:56:23.115: I/WebRtcAudioManager(24029): [000:254] [24093] WebRtcAudioManager: Pixel 3 is blacklisted for OpenSL ES usage!
11-16 09:56:23.115: I/libjingle(24029): [000:254] [24093] (jvm_android.cc:73): AttachCurrentThreadIfNeeded::ctor
11-16 09:56:23.115: I/libjingle(24029): [000:254] [24093] (jvm_android.cc:262): JVM::environment
11-16 09:56:23.115: I/libjingle(24029): [000:254] [24093] (jvm_android.cc:186): JNIEnvironment::ctor
11-16 09:56:23.115: I/libjingle(24029): [000:254] [24093] (audio_track_jni.cc:73): ctor
11-16 09:56:23.115: I/libjingle(24029): [000:254] [24093] (jvm_android.cc:196): JNIEnvironment::RegisterNatives: org/webrtc/voiceengine/WebRtcAudioTrack
11-16 09:56:23.115: I/libjingle(24029): [000:254] [24093] (jvm_android.cc:135): NativeRegistration::ctor
11-16 09:56:23.115: I/libjingle(24029): [000:254] [24093] (jvm_android.cc:146): NativeRegistration::NewObject
11-16 09:56:23.115: W/BugleRcsEngine(10208): [621] pcp.c: No config URL. RCS will be disabled!
11-16 09:56:23.115: I/WebRtcAudioTrack(24029): [000:254] [24093] WebRtcAudioTrack: ctor@[name=Thread-3, id=892]
11-16 09:56:23.116: I/libjingle(24029): [000:254] [24093] (jvm_android.cc:98): GlobalRef::ctor
11-16 09:56:23.116: I/libjingle(24029): [000:254] [24093] (jvm_android.cc:73): AttachCurrentThreadIfNeeded::ctor
11-16 09:56:23.116: I/libjingle(24029): [000:254] [24093] (jvm_android.cc:262): JVM::environment
11-16 09:56:23.116: I/libjingle(24029): [000:254] [24093] (jvm_android.cc:186): JNIEnvironment::ctor
11-16 09:56:23.116: I/libjingle(24029): [000:254] [24093] (audio_record_jni.cc:96): ctor
11-16 09:56:23.116: I/libjingle(24029): [000:254] [24093] (jvm_android.cc:196): JNIEnvironment::RegisterNatives: org/webrtc/voiceengine/WebRtcAudioRecord
11-16 09:56:23.116: I/libjingle(24029): [000:254] [24093] (jvm_android.cc:135): NativeRegistration::ctor
11-16 09:56:23.116: I/libjingle(24029): [000:254] [24093] (jvm_android.cc:146): NativeRegistration::NewObject
11-16 09:56:23.116: I/WebRtcAudioRecord(24029): [000:254] [24093] WebRtcAudioRecord: ctor@[name=Thread-3, id=892]
11-16 09:56:23.116: I/WebRtcAudioEffects(24029): [000:255] [24093] WebRtcAudioEffects: ctor@[name=Thread-3, id=892]
11-16 09:56:23.116: I/libjingle(24029): [000:255] [24093] (jvm_android.cc:98): GlobalRef::ctor
11-16 09:56:23.116: I/libjingle(24029): [000:255] [24093] (audio_device_template.h:42): AudioDeviceTemplate
11-16 09:56:23.116: I/libjingle(24029): [000:255] [24093] (audio_manager.cc:93): SetActiveAudioLayer: 5
11-16 09:56:23.116: I/libjingle(24029): [000:255] [24093] (audio_manager.cc:106): delay_estimate_in_milliseconds: 150
11-16 09:56:23.116: I/libjingle(24029): [000:255] [24093] (audio_device_impl.cc:282): AttachAudioBuffer
11-16 09:56:23.116: I/libjingle(24029): [000:255] [24093] (audio_device_template.h:371): AttachAudioBuffer
11-16 09:56:23.116: I/libjingle(24029): [000:255] [24093] (audio_track_jni.cc:196): AttachAudioBuffer
11-16 09:56:23.116: I/libjingle(24029): [000:255] [24093] (audio_track_jni.cc:200): SetPlayoutSampleRate(48000)
11-16 09:56:23.116: I/libjingle(24029): [000:255] [24093] (audio_device_buffer.cc:192): SetPlayoutSampleRate(48000)
11-16 09:56:23.116: I/libjingle(24029): [000:255] [24093] (audio_track_jni.cc:203): SetPlayoutChannels(1)
11-16 09:56:23.116: I/libjingle(24029): [000:255] [24093] (audio_device_buffer.cc:216): SetPlayoutChannels(1)
11-16 09:56:23.116: I/libjingle(24029): [000:255] [24093] (audio_record_jni.cc:198): AttachAudioBuffer
11-16 09:56:23.116: I/libjingle(24029): [000:255] [24093] (audio_record_jni.cc:202): SetRecordingSampleRate(48000)
11-16 09:56:23.116: I/libjingle(24029): [000:255] [24093] (audio_device_buffer.cc:185): SetRecordingSampleRate(48000)
11-16 09:56:23.116: I/libjingle(24029): [000:255] [24093] (audio_record_jni.cc:205): SetRecordingChannels(1)
11-16 09:56:23.116: I/libjingle(24029): [000:255] [24093] (audio_device_buffer.cc:209): SetRecordingChannels(1)
11-16 09:56:23.116: I/libjingle(24029): [000:255] [24093] (audio_record_jni.cc:210): total_delay_in_milliseconds: 150
11-16 09:56:23.116: I/libjingle(24029): [000:255] [24093] (audio_device_impl.cc:302): Init
11-16 09:56:23.116: I/libjingle(24029): [000:255] [24093] (audio_device_template.h:57): Init
11-16 09:56:23.117: I/libjingle(24029): [000:255] [24093] (audio_manager.cc:152): Init
11-16 09:56:23.117: I/WebRtcAudioManager(24029): [000:255] [24093] WebRtcAudioManager: init@[name=Thread-3, id=892]
11-16 09:56:23.117: I/WebRtcAudioManager(24029): [000:255] [24093] WebRtcAudioManager: audio mode is: MODE_NORMAL
11-16 09:56:23.122: I/libjingle(24029): [000:261] [24093] (audio_track_jni.cc:101): Init
11-16 09:56:23.123: I/libjingle(24029): [000:261] [24093] (audio_record_jni.cc:124): Init
11-16 09:56:23.123: I/libjingle(24029): [000:261] [24093] (audio_device_impl.cc:643): SetPlayoutDevice(0)
11-16 09:56:23.123: I/libjingle(24029): [000:261] [24093] (audio_device_template.h:120): SetPlayoutDevice
11-16 09:56:23.123: I/libjingle(24029): [000:261] [24093] (audio_device_impl.cc:335): InitSpeaker
11-16 09:56:23.123: I/libjingle(24029): [000:261] [24093] (audio_device_template.h:219): InitSpeaker
11-16 09:56:23.123: I/libjingle(24029): [000:261] [24093] (audio_device_impl.cc:547): StereoPlayoutIsAvailable
11-16 09:56:23.123: I/libjingle(24029): [000:261] [24093] (audio_device_template.h:321): StereoPlayoutIsAvailable
11-16 09:56:23.123: I/libjingle(24029): [000:261] [24093] (audio_device_impl.cc:554): output: 0
11-16 09:56:23.123: I/libjingle(24029): [000:261] [24093] (audio_device_impl.cc:559): SetStereoPlayout(0)
11-16 09:56:23.123: I/libjingle(24029): [000:261] [24093] (audio_device_template.h:155): PlayoutIsInitialized
11-16 09:56:23.123: I/libjingle(24029): [000:261] [24093] (audio_device_template.h:327): SetStereoPlayout
11-16 09:56:23.123: I/libjingle(24029): [000:261] [24093] (audio_device_buffer.cc:216): SetPlayoutChannels(1)
11-16 09:56:23.123: I/libjingle(24029): [000:261] [24093] (audio_device_impl.cc:705): SetRecordingDevice(0)
11-16 09:56:23.123: I/libjingle(24029): [000:261] [24093] (audio_device_template.h:133): SetRecordingDevice
11-16 09:56:23.123: I/libjingle(24029): [000:261] [24093] (audio_device_impl.cc:341): InitMicrophone
11-16 09:56:23.123: I/libjingle(24029): [000:261] [24093] (audio_device_template.h:229): InitMicrophone
11-16 09:56:23.123: I/libjingle(24029): [000:261] [24093] (audio_device_impl.cc:504): StereoRecordingIsAvailable
11-16 09:56:23.123: I/libjingle(24029): [000:261] [24093] (audio_device_template.h:342): StereoRecordingIsAvailable
11-16 09:56:23.123: I/libjingle(24029): [000:261] [24093] (audio_device_impl.cc:511): output: 0
11-16 09:56:23.123: I/libjingle(24029): [000:261] [24093] (audio_device_impl.cc:516): SetStereoRecording(0)
11-16 09:56:23.123: I/libjingle(24029): [000:262] [24093] (audio_device_template.h:171): RecordingIsInitialized
11-16 09:56:23.123: I/libjingle(24029): [000:262] [24093] (audio_device_template.h:348): SetStereoRecording
11-16 09:56:23.123: I/libjingle(24029): [000:262] [24093] (audio_device_buffer.cc:209): SetRecordingChannels(1)
11-16 09:56:23.123: I/libjingle(24029): [000:262] [24093] (audio_processing_impl.cc:441): Capture post processor activated: 0
11-16 09:56:23.123: I/libjingle(24029): Render pre processor activated: 0
11-16 09:56:23.124: I/libjingle(24029): [000:262] [24093] (audio_processing_impl.cc:704): Highpass filter activated: 0
11-16 09:56:23.124: I/libjingle(24029): [000:262] [24093] (audio_processing_impl.cc:717): Gain Controller 2 activated: 0
11-16 09:56:23.124: I/libjingle(24029): [000:262] [24093] (audio_device_impl.cc:818): RegisterAudioCallback
11-16 09:56:23.124: I/libjingle(24029): [000:262] [24093] (audio_device_buffer.cc:83): RegisterAudioCallback
11-16 09:56:23.124: I/libjingle(24029): [000:262] [24093] (webrtcvoiceengine.cc:323): WebRtcVoiceEngine::ApplyOptions: AudioOptions {aec: true, agc: true, ns: true, hf: true, swap: false, audio_jitter_buffer_max_packets: 50, audio_jitter_buffer_fast_accelerate: false, typing: true, experimental_agc: false, extended_filter_aec: false, delay_agnostic_aec: false, experimental_ns: false, intelligibility_enhancer: false, residual_echo_detector: true, }
11-16 09:56:23.124: I/libjingle(24029): [000:262] [24093] (webrtcvoiceengine.cc:401): Disable AGC according to field trial.
11-16 09:56:23.124: I/libjingle(24029): [000:262] [24093] (audio_device_impl.cc:834): BuiltInAECIsAvailable
11-16 09:56:23.124: I/libjingle(24029): [000:262] [24093] (audio_device_template.h:389): BuiltInAECIsAvailable
11-16 09:56:23.124: I/libjingle(24029): [000:262] [24093] (audio_device_impl.cc:837): output: 1
11-16 09:56:23.124: I/libjingle(24029): [000:262] [24093] (audio_device_impl.cc:842): EnableBuiltInAEC(1)
11-16 09:56:23.124: I/libjingle(24029): [000:263] [24093] (audio_device_template.h:395): EnableBuiltInAEC(1)
11-16 09:56:23.124: I/libjingle(24029): [000:263] [24093] (audio_device_template.h:389): BuiltInAECIsAvailable
11-16 09:56:23.124: I/libjingle(24029): [000:263] [24093] (audio_record_jni.cc:215): EnableBuiltInAEC(1)
11-16 09:56:23.124: I/WebRtcAudioRecord(24029): [000:263] [24093] WebRtcAudioRecord: enableBuiltInAEC(true)
11-16 09:56:23.124: I/WebRtcAudioEffects(24029): [000:263] [24093] WebRtcAudioEffects: setAEC(true)
11-16 09:56:23.124: I/WebRtcAudioEffects(24029): [000:263] [24093] WebRtcAudioEffects: canUseAcousticEchoCanceler: true
11-16 09:56:23.124: I/libjingle(24029): [000:263] [24093] (audio_device_impl.cc:845): output: 0
11-16 09:56:23.124: I/libjingle(24029): [000:263] [24093] (webrtcvoiceengine.cc:434): Disabling EC since built-in EC will be used instead
11-16 09:56:23.124: I/libjingle(24029): [000:263] [24093] (apm_helpers.cc:118): Echo control set to 0 with mode 1
11-16 09:56:23.124: I/libjingle(24029): [000:263] [24093] (apm_helpers.cc:139): CNG set to 0
11-16 09:56:23.124: I/libjingle(24029): [000:263] [24093] (audio_device_impl.cc:850): BuiltInAGCIsAvailable
11-16 09:56:23.124: I/libjingle(24029): [000:263] [24093] (audio_device_template.h:405): BuiltInAGCIsAvailable
11-16 09:56:23.125: I/libjingle(24029): [000:263] [24093] (audio_device_impl.cc:853): output: 0
11-16 09:56:23.125: I/libjingle(24029): [000:263] [24093] (apm_helpers.cc:82): AGC set to 0 with mode 2
11-16 09:56:23.125: I/libjingle(24029): [000:263] [24093] (audio_device_impl.cc:866): BuiltInNSIsAvailable
11-16 09:56:23.125: I/libjingle(24029): [000:263] [24093] (audio_device_template.h:421): BuiltInNSIsAvailable
11-16 09:56:23.125: I/libjingle(24029): [000:263] [24093] (audio_device_impl.cc:869): output: 1
11-16 09:56:23.125: I/libjingle(24029): [000:263] [24093] (audio_device_impl.cc:874): EnableBuiltInNS(1)
11-16 09:56:23.125: I/libjingle(24029): [000:263] [24093] (audio_device_template.h:427): EnableBuiltInNS(1)
11-16 09:56:23.125: I/libjingle(24029): [000:263] [24093] (audio_device_template.h:421): BuiltInNSIsAvailable
11-16 09:56:23.125: I/libjingle(24029): [000:263] [24093] (audio_record_jni.cc:227): EnableBuiltInNS(1)
11-16 09:56:23.125: I/WebRtcAudioRecord(24029): [000:263] [24093] WebRtcAudioRecord: enableBuiltInNS(true)
11-16 09:56:23.125: I/WebRtcAudioEffects(24029): [000:263] [24093] WebRtcAudioEffects: setNS(true)
11-16 09:56:23.125: I/WebRtcAudioEffects(24029): [000:263] [24093] WebRtcAudioEffects: canUseNoiseSuppressor: true
11-16 09:56:23.125: I/libjingle(24029): [000:264] [24093] (audio_device_impl.cc:877): output: 0
11-16 09:56:23.125: I/libjingle(24029): [000:264] [24093] (webrtcvoiceengine.cc:498): Disabling NS since built-in NS will be used instead
11-16 09:56:23.125: I/libjingle(24029): [000:264] [24093] (apm_helpers.cc:153): NS set to 0
11-16 09:56:23.125: I/libjingle(24029): [000:264] [24093] (webrtcvoiceengine.cc:506): Stereo swapping enabled? 0
11-16 09:56:23.125: I/libjingle(24029): [000:264] [24093] (webrtcvoiceengine.cc:511): NetEq capacity is 50
11-16 09:56:23.125: I/libjingle(24029): [000:264] [24093] (webrtcvoiceengine.cc:517): NetEq fast mode? 0
11-16 09:56:23.125: I/libjingle(24029): [000:264] [24093] (webrtcvoiceengine.cc:524): Typing detection is enabled? 0
11-16 09:56:23.125: I/libjingle(24029): [000:264] [24093] (apm_helpers.cc:167): VAD set to 0 for typing detection.
11-16 09:56:23.125: I/libjingle(24029): [000:264] [24093] (webrtcvoiceengine.cc:535): Delay agnostic aec is enabled? 0
11-16 09:56:23.125: I/libjingle(24029): [000:264] [24093] (webrtcvoiceengine.cc:545): Extended filter aec is enabled? 0
11-16 09:56:23.125: I/libjingle(24029): [000:264] [24093] (webrtcvoiceengine.cc:555): Experimental ns is enabled? 0
11-16 09:56:23.125: I/libjingle(24029): [000:264] [24093] (webrtcvoiceengine.cc:561): Intelligibility Enhancer is enabled? 0
11-16 09:56:23.125: I/libjingle(24029): [000:264] [24093] (audio_processing_impl.cc:704): Highpass filter activated: 1
11-16 09:56:23.125: I/libjingle(24029): [000:264] [24093] (audio_processing_impl.cc:717): Gain Controller 2 activated: 0
11-16 09:56:23.127: I/libjingle(24029): [000:266] [24094] (messagequeue.cc:535): Message took 70ms to dispatch. Posted from: CreateModularPeerConnectionFactory@third_party/webrtc/files/stable/webrtc/pc/peerconnectionfactory.cc:80
11-16 09:56:23.127: I/libjingle(24029): [000:266] [24059] (ownedfactoryandthreads.cc:31): InvokeJavaCallbacksOnFactoryThreads.
11-16 09:56:23.127: I/libjingle(24029): [000:266] [24092] (peerconnectionfactory.cc:91): Network thread JavaCallback
11-16 09:56:23.128: I/PeerConnectionFactory(24029): [000:267] [24092] PeerConnectionFactory: onNetworkThreadReady
11-16 09:56:23.128: I/libjingle(24029): [000:267] [24093] (peerconnectionfactory.cc:97): Worker thread JavaCallback
11-16 09:56:23.128: I/PeerConnectionFactory(24029): [000:267] [24093] PeerConnectionFactory: onWorkerThreadReady
11-16 09:56:23.128: I/libjingle(24029): [000:267] [24094] (peerconnectionfactory.cc:103): Signaling thread JavaCallback
11-16 09:56:23.129: I/PeerConnectionFactory(24029): [000:267] [24094] PeerConnectionFactory: onSignalingThreadReady
11-16 09:56:23.129: I/WebRtcAudioTrack(24029): [000:268] [24059] WebRtcAudioTrack: Set extended error callback
11-16 09:56:23.129: I/WebRtcAudioRecord(24029): [000:268] [24059] WebRtcAudioRecord: Set error callback
11-16 09:56:23.130: I/BugleRcsEngine(10208): [621] pet.a: Sending ProvisioningEvent to Bugle [Update provisioning status (11)], [pxpqh-Hb57ovsulQtknwWEmsBeY]
11-16 09:56:23.133: I/BugleRcsEngine(10208): [622] pot.a: Sim state is not ready. Returning last known operation mode.
11-16 09:56:23.136: I/BugleRcsEngine(10208): [622] pot.a: Sim state is not ready. Returning last known operation mode.
11-16 09:56:23.170: E/elligence.sens(24103): The String#value field is not present on Android versions >= 6.0
11-16 09:56:23.248: I/Superpacks(24103): Releasing all superpacks except ambientmusic-index-17_09_02
11-16 09:56:23.248: V/BackupManagerConstants(1226): getFullBackupRequiredNetworkType(...) returns 2
11-16 09:56:23.248: V/BackupManagerConstants(1226): getFullBackupRequireCharging(...) returns true
11-16 09:56:23.274: I/Superpacks(24103): Starting garbage collection
11-16 09:56:23.274: W/Superpacks(24103): isDirectory returned false while listing files for /data/user/0/com.google.intelligence.sense/files/superpacks
11-16 09:56:23.282: I/SoundTriggerModelLoader(24103): Unloading model 9f6ad62a-1f0b-11e7-87c5-40a8f03d3f15
11-16 09:56:23.283: I/SoundTriggerManagerComp(24103): Unloading model 9f6ad62a-1f0b-11e7-87c5-40a8f03d3f15
11-16 09:56:23.283: I/SoundTriggerService(1226): deleteSoundModel(): id = 9f6ad62a-1f0b-11e7-87c5-40a8f03d3f15
11-16 09:56:23.283: W/SoundTriggerHelper(1226): Unload error: Attempting unload invalid generic model with id:9f6ad62a-1f0b-11e7-87c5-40a8f03d3f15
11-16 09:56:23.295: E/GooglePlayServicesUtil(23942): The Google Play services resources were not found. Check your project configuration to ensure that the resources are included.
11-16 09:56:23.298: I/SettingsActivityAvailab(23958): Disabling com.google.android.apps.multidevice.client.ui.pixel.SettingsActivity.
11-16 09:56:23.299: D/GservicesChangeReceiver(6231): Gservices Changed broadcast Received. context is android.app.ReceiverRestrictedContext@b4f636f
11-16 09:56:23.306: D/GservicesChangeReceiver(6231): Gservices allowPowerAnomalyData is False.
11-16 09:56:23.308: D/ConnectivityMonitorManager(6231): Service com.google.android.connectivitymonitor.PowerAnomalyDetectorService is not running...
11-16 09:56:23.309: D/ConnMetrics:App(23942): IsOptedIn = false
11-16 09:56:23.330: D/GservicesChangeReceiver(6231): Gservices allowLowPowerMonitoring is False.
11-16 09:56:23.331: D/ConnectivityMonitorManager(6231): Service com.google.android.connectivitymonitor.LowPowerMonitorService is not running...
11-16 09:56:23.347: D/GservicesChangeReceiver(6231): Gservices isConnectivityMonitorEnabled is True.
11-16 09:56:23.348: D/ConnectivityMonitorManager(6231): Service com.google.android.connectivitymonitor.ConnectivityMonitorService is running...
11-16 09:56:23.352: I/EuiccGoogle(23977): [2] GservicesChangedReceiver.onReceive: Setting EUICC_SUPPORTED_COUNTRIES to de,gb,in,us
11-16 09:56:23.361: I/Backup(13537): [GmsBackupStatusChangeReceiver] Going to enable gms backup transport.
11-16 09:56:23.373: I/GmsModuleFndr(13537): Beginning GMS chimera module scan
11-16 09:56:23.374: I/Herrevad(10928): [1023] zcq.a: updateListenState
11-16 09:56:23.376: I/NetRec(10928): [1023] aiad.a: onConfigChanged()
11-16 09:56:23.378: I/BgTaskExecutorImpl(10093): Starting NONEXCLUSIVE background task UPDATE_GSERVICES_CONFIG.
11-16 09:56:23.383: W/SearchServiceCore(10093): Abort, client detached.
11-16 09:56:23.386: I/ModuleSetMgr(13537): Computing pending module set with APKs: [[AdsFdrDynamite.integ:213806100100000], [Enpromo.integ:214106000100000], [Pay.optional:213614100000], [VisionOcr.optional:213614100400], [AdsFdrDynamite.integ:212104400100000], [Cronetdynamite:213614100400], [Dynamiteloader:213614100000], [Dynamitemodulesa:213614100000], [Dynamitemodulesc:213614100000], [Googlecertificates:213614100000], [Mapsdynamite:213614100000], [Measurementdynamite:213614100000]]
11-16 09:56:23.387: I/GservicesUpdateTask(10093): Updating Gservices keys
11-16 09:56:23.389: I/NetRec(10928): [1023] aiad.a: Cancelling all NetRec GCM tasks
11-16 09:56:23.390: I/Auth(10928): [AuthManaged, PasswordComplexityHelperImpl] Updating password complexity components state.
11-16 09:56:23.390: I/Auth(10928): [AuthManaged, PasswordComplexityHelperImpl] Enabling com.google.android.gms.auth.managed.ui.SetNewPasswordActivity
11-16 09:56:23.396: I/NetRec(10928): [1021] ClearDatabaseService.onHandleIntent: Clearing score cache
11-16 09:56:23.403: I/ModuleSetMgr(13537): Pending container module APKs: [[Pay.optional:213614100000], [VisionOcr.optional:213614100400]]
11-16 09:56:23.403: I/ModuleSetMgr(13537): Pending non-container module APKs: [[Enpromo.integ:214106000100000], [AdsFdrDynamite.integ:213806100100000]]
11-16 09:56:23.417: W/PackageParser(13537): Unknown element under <manifest>: queries at /data/user_de/0/com.google.android.gms/app_chimera/m/00000007/AdsDynamite.apk Binary XML file line #5
11-16 09:56:23.422: I/GCoreUlr(10928): DispatchingService ignoring Intent { act=android.net.wifi.WIFI_STATE_CHANGED flg=0x4000010 (has extras) } because ULR inactive [CONTEXT service_id=22 ]
11-16 09:56:23.427: I/GCoreUlr(10928): WorldUpdater received intent Intent { act=com.google.android.location.reporting.ACTION_UPDATE_WORLD cmp=com.google.android.gms/com.google.android.location.reporting.service.DispatchingService (has extras) } with receiverAction com.google.gservices.intent.action.GSERVICES_CHANGED [CONTEXT service_id=22 ]
11-16 09:56:23.430: I/GCoreUlr(10928): WorldUpdater:com.google.gservices.intent.action.GSERVICES_CHANGED: Ensuring that reporting is stopped because of reasons: (no Google accounts) [CONTEXT service_id=22 ]
11-16 09:56:23.432: W/PackageParser(13537): Unknown element under <manifest>: queries at /data/user_de/0/com.google.android.gms/app_chimera/m/00000011/dl-AdsFdrDynamite.integ_213806100100000.apk Binary XML file line #11
11-16 09:56:23.436: I/GCoreUlr(10928): Unbound from all signal providers. [CONTEXT service_id=22 ]
11-16 09:56:23.440: I/RecoverableKeyStoreGms(13537): [RecoverableKeyStoreGmsInitOperation] Initializing auth_folsom
11-16 09:56:23.441: I/RecoverableKeyStoreGms(13537): [RecoverableKeyStoreGmsInitOperation] com.google.android.gms.auth.folsom.service.FolsomPublicKeyUpdateService is already enabled. Ignore.
11-16 09:56:23.442: I/RecoverableKeyStoreGms(13537): [RecoverableKeyStoreGmsInitOperation] com.google.android.gms.auth.folsom.service.GcmReceiverService is already enabled. Ignore.
11-16 09:56:23.443: I/ChromeSync(13537): [Sync,SyncIntentOperation] Handling the intent: Intent { act=com.google.gservices.intent.action.GSERVICES_CHANGED flg=0x1000010 pkg=com.google.android.gms cmp=com.google.android.gms/.chimera.GmsIntentOperationService$PersistentInternalReceiver }.
