11-16 09:56:28.748: I/MediaFocusControl(1226): abandonAudioFocus() from uid/pid 10107/14174 clientId=android.media.AudioManager@5b72128org.chromium.content.browser.AudioFocusDelegate@8037e41
11-16 09:56:28.750: E/cr_BrowserInitializer(14174): Killing process because of locale change.
11-16 09:56:28.750: I/Process(14174): Sending signal. PID: 14174 SIG: 9
11-16 09:56:28.751: E/oadcastreceive(24359): Not starting debugger since process cannot load the jdwp agent.
11-16 09:56:28.752: W/libprocessgroup(1226): kill(-19773, 9) failed: No such process
11-16 09:56:28.758: I/chatty(1226): uid=1000(system) ActivityManager identical 1 line
11-16 09:56:28.766: W/libprocessgroup(1226): kill(-19773, 9) failed: No such process
11-16 09:56:28.769: I/Zygote(731): Process 19773 exited due to signal (9)
11-16 09:56:28.770: I/Zygote(3682): Process 14210 exited due to signal (9)
11-16 09:56:28.775: W/InputDispatcher(1226): channel '989d822 com.android.chrome/com.google.android.apps.chrome.Main (server)' ~ Consumer closed input channel or an error occurred.  events=0x9
11-16 09:56:28.775: E/InputDispatcher(1226): channel '989d822 com.android.chrome/com.google.android.apps.chrome.Main (server)' ~ Channel is unrecoverably broken and will be disposed!
11-16 09:56:28.776: D/ConnectivityService(1226): ConnectivityService NetworkRequestInfo binderDied(NetworkRequest [ LISTEN id=52, [ Capabilities: INTERNET&NOT_RESTRICTED&TRUSTED Unwanted:  Uid: 10107] ], android.os.BinderProxy@b76a1a3)
11-16 09:56:28.776: D/ConnectivityService(1226): ConnectivityService NetworkRequestInfo binderDied(NetworkRequest [ TRACK_DEFAULT id=51, [ Capabilities: INTERNET&NOT_RESTRICTED&TRUSTED Unwanted:  Uid: 10107] ], android.os.BinderProxy@1710cd2)
11-16 09:56:28.776: D/ConnectivityService(1226): ConnectivityService NetworkRequestInfo binderDied(NetworkRequest [ LISTEN id=46, [ Capabilities: INTERNET&NOT_RESTRICTED&TRUSTED Unwanted:  Uid: 10107] ], android.os.BinderProxy@dd4aca0)
11-16 09:56:28.776: D/ConnectivityService(1226): ConnectivityService NetworkRequestInfo binderDied(NetworkRequest [ TRACK_DEFAULT id=41, [ Capabilities: INTERNET&NOT_RESTRICTED&TRUSTED Unwanted:  Uid: 10107] ], android.os.BinderProxy@3e67059)
11-16 09:56:28.776: D/ConnectivityService(1226): ConnectivityService NetworkRequestInfo binderDied(NetworkRequest [ LISTEN id=42, [ Capabilities: INTERNET&NOT_RESTRICTED&TRUSTED Unwanted:  Uid: 10107] ], android.os.BinderProxy@d2f241e)
11-16 09:56:28.776: D/ConnectivityService(1226): ConnectivityService NetworkRequestInfo binderDied(NetworkRequest [ TRACK_DEFAULT id=45, [ Capabilities: INTERNET&NOT_RESTRICTED&TRUSTED Unwanted:  Uid: 10107] ], android.os.BinderProxy@747b4ff)
11-16 09:56:28.777: D/ConnectivityService(1226): releasing NetworkRequest [ TRACK_DEFAULT id=41, [ Capabilities: INTERNET&NOT_RESTRICTED&TRUSTED Unwanted:  Uid: 10107] ] (release request)
11-16 09:56:28.777: I/WindowManager(1226): WIN DEATH: Window{989d822 u0 com.android.chrome/com.google.android.apps.chrome.Main}
11-16 09:56:28.777: W/InputDispatcher(1226): Attempted to unregister already unregistered input channel '989d822 com.android.chrome/com.google.android.apps.chrome.Main (server)'
11-16 09:56:28.780: I/Zygote(732): Process 14174 exited due to signal (9)
11-16 09:56:28.780: D/ConnectivityService(1226): releasing NetworkRequest [ TRACK_DEFAULT id=45, [ Capabilities: INTERNET&NOT_RESTRICTED&TRUSTED Unwanted:  Uid: 10107] ] (release request)
11-16 09:56:28.781: D/ConnectivityService(1226): releasing NetworkRequest [ TRACK_DEFAULT id=51, [ Capabilities: INTERNET&NOT_RESTRICTED&TRUSTED Unwanted:  Uid: 10107] ] (release request)
11-16 09:56:28.786: I/ActivityManager(1226): Process com.android.chrome (pid 14174) has died: fore TOP 
11-16 09:56:28.788: W/ActivityManager(1226): Exception when unbinding service com.android.chrome/org.chromium.content.app.PrivilegedProcessService0
11-16 09:56:28.788: W/ActivityManager(1226): android.os.DeadObjectException
11-16 09:56:28.788: W/ActivityManager(1226): 	at android.os.BinderProxy.transactNative(Native Method)
11-16 09:56:28.788: W/ActivityManager(1226): 	at android.os.BinderProxy.transact(Binder.java:1129)
11-16 09:56:28.788: W/ActivityManager(1226): 	at android.app.IApplicationThread$Stub$Proxy.scheduleUnbindService(IApplicationThread.java:1100)
11-16 09:56:28.788: W/ActivityManager(1226): 	at com.android.server.am.ActiveServices.removeConnectionLocked(ActiveServices.java:2894)
11-16 09:56:28.788: W/ActivityManager(1226): 	at com.android.server.am.ActiveServices.killServicesLocked(ActiveServices.java:3293)
11-16 09:56:28.788: W/ActivityManager(1226): 	at com.android.server.am.ActivityManagerService.cleanUpApplicationRecordLocked(ActivityManagerService.java:20234)
11-16 09:56:28.788: W/ActivityManager(1226): 	at com.android.server.am.ActivityManagerService.handleAppDiedLocked(ActivityManagerService.java:5910)
11-16 09:56:28.788: W/ActivityManager(1226): 	at com.android.server.am.ActivityManagerService.appDiedLocked(ActivityManagerService.java:6105)
11-16 09:56:28.788: W/ActivityManager(1226): 	at com.android.server.am.ActivityManagerService$AppDeathRecipient.binderDied(ActivityManagerService.java:1891)
11-16 09:56:28.788: W/ActivityManager(1226): 	at android.os.BinderProxy.sendDeathNotice(Binder.java:1195)
11-16 09:56:28.789: W/ActivityManager(1226): Force removing ActivityRecord{40af962 u0 com.android.chrome/com.google.android.apps.chrome.Main t3}: app died, no saved state
11-16 09:56:28.789: D/BoundBrokerSvc(13537): onUnbind: Intent { act=com.google.android.gms.safetynet.service.START pkg=com.google.android.gms }
11-16 09:56:28.790: W/libprocessgroup(1226): kill(-19773, 9) failed: No such process
11-16 09:56:28.790: I/libprocessgroup(1226): Successfully killed process cgroup uid 1000 pid 19773 in 55ms
11-16 09:56:28.790: W/libprocessgroup(1226): Failed to open process cgroup uid 99000 pid 14210: No such file or directory
11-16 09:56:28.790: E/libprocessgroup(1226): Error encountered killing process cgroup uid 99000 pid 14210: No such file or directory
11-16 09:56:28.790: W/libprocessgroup(1226): kill(-14174, 9) failed: No such process
11-16 09:56:28.790: I/libprocessgroup(1226): Successfully killed process cgroup uid 10107 pid 14174 in 0ms
11-16 09:56:28.791: I/Zygote(732): Process 14239 exited cleanly (0)
11-16 09:56:28.800: W/ActivityManager(1226): setHasOverlayUi called on unknown pid: 14174
11-16 09:56:28.801: D/CellBroadcastReceiver(24359): onReceive Intent { act=android.intent.action.LOCALE_CHANGED flg=0x11200010 cmp=com.android.cellbroadcastreceiver/.PrivilegedCellBroadcastReceiver }
11-16 09:56:28.802: I/ActivityManager(1226): Process com.android.chrome:privileged_process0 (pid 14239) has died: cch  CACC
11-16 09:56:28.806: W/libprocessgroup(1226): kill(-14239, 9) failed: No such process
11-16 09:56:28.806: I/libprocessgroup(1226): Successfully killed process cgroup uid 10107 pid 14239 in 0ms
11-16 09:56:28.809: I/ActivityManager(1226): Killing 19946:android.process.media/u0a8 (adj 906): empty #17
11-16 09:56:28.810: W/libprocessgroup(1226): kill(-19946, 9) failed: No such process
11-16 09:56:28.820: I/ActivityManager(1226): Start proc 24380:com.android.chrome/u0a107 for broadcast com.android.chrome/org.chromium.chrome.browser.locale.LocaleChangedBroadcastReceiver
11-16 09:56:28.822: E/.android.chrom(24380): Not starting debugger since process cannot load the jdwp agent.
11-16 09:56:28.825: W/Looper(1226): Slow dispatch took 156ms main h=android.app.ActivityThread$H c=android.app.-$$Lambda$LoadedApk$ReceiverDispatcher$Args$_BumDX2UKsnxLVrE6UJsJZkotuA@6f721c9 m=0
11-16 09:56:28.827: D/UsbDeviceManager(1226): Clear notification
11-16 09:56:28.827: D/UsbDeviceManager(1226): push notification:Charging this device via USB
11-16 09:56:28.843: W/InputMethodManagerService(1226): Illegal subtype state: old subtype = null, new subtype = android.view.inputmethod.InputMethodSubtype@70bfcd7e
11-16 09:56:28.848: W/libprocessgroup(1226): kill(-19946, 9) failed: No such process
11-16 09:56:28.850: I/Zygote(731): Process 19946 exited due to signal (9)
11-16 09:56:28.853: I/Telecom(1226): : Locale change; recreating channels.
11-16 09:56:28.855: V/SettingsProvider(1226): Notifying for 0: content://settings/system/user_rotation
11-16 09:56:28.855: V/SettingsProvider(1226): Notifying for 0: content://settings/system/accelerometer_rotation
11-16 09:56:28.857: V/SettingsProvider(1226): Notifying for 0: content://settings/secure/enabled_input_methods
11-16 09:56:28.857: V/SettingsProvider(1226): Notifying for 0: content://settings/secure/selected_input_method_subtype
11-16 09:56:28.858: V/SettingsProvider(1226): Notifying for 0: content://settings/secure/default_input_method
11-16 09:56:28.861: W/SurfaceFlinger(642): Attempting to destroy on removed layer: c285184 AssistPreviewPanel#0
11-16 09:56:28.861: W/libprocessgroup(1226): kill(-19946, 9) failed: No such process
11-16 09:56:28.861: I/libprocessgroup(1226): Successfully killed process cgroup uid 10008 pid 19946 in 51ms
11-16 09:56:28.874: D/LoaderTask(4279): loadWorkspace: loading default favorites
11-16 09:56:28.891: E/ExecutionCriteria(10928): Package unavailable for task: com.google.android.apps.gcs/com.google.android.flib.phenotype.services.PhenotypeExperimentCommitService{u=0 tag="PhenotypeExpCommitSvc" trigger=window{start=0s,end=30s,earliest=-3132s,latest=-3102s} requirements=[NET_ANY] attributes=[PERSISTED] scheduled=-3132s last_run=N/A exec_window_multiplier=1.0000 jid=N/A status=PENDING retries=0 client_lib=MANCHEGO_GCM-11732000} [CONTEXT service_id=218 ]
11-16 09:56:28.893: W/SurfaceFlinger(642): Attempting to destroy on removed layer: 8523b4 DockedStackDivider#0
11-16 09:56:28.913: D/SurfaceFlinger(642): duplicate layer name: changing com.google.android.apps.nexuslauncher/com.google.android.apps.nexuslauncher.NexusLauncherActivity to com.google.android.apps.nexuslauncher/com.google.android.apps.nexuslauncher.NexusLauncherActivity#1
11-16 09:56:28.915: W/StatusBar/NavBarView(3653): *** Invalid layout in navigation bar (sizeChanged this=1080x132 cur=1036x132)
11-16 09:56:28.941: W/PhoneWindow(10093): Previously focused view reported id 2131820715 during save, but can't be found during restore.
11-16 09:56:28.947: I/NetworkScheduler.Stats(10928): Task com.google.android.gms/com.google.android.gms.phenotype.service.sync.PhenotypeConfigurator started execution. cause:4 exec_start_elapsed_seconds: 3231 [CONTEXT service_id=218 ]
11-16 09:56:28.953: V/SettingsProvider(1226): Notifying for 0: content://settings/system/firebase.test.lab
11-16 09:56:28.962: I/GoogleInputMethod(3637): onFinishInput() : Dummy InputConnection bound
11-16 09:56:28.962: I/GoogleInputMethod(3637): onStartInput() : Dummy InputConnection bound
11-16 09:56:28.963: I/ImageWallpaper(3653): Redrawing in rect: RectF(0.0, 0.0, 1214.0515, 2160.0) with surface size: 1080x2160
11-16 09:56:28.987: W/SessionLifecycleManager(10093): Handover failed. Creating new session controller.
11-16 09:56:28.990: I/WindowManager(1226): Screen frozen for +354ms due to Window{8d19f3a u0 com.google.android.apps.nexuslauncher/com.google.android.apps.nexuslauncher.NexusLauncherActivity}
11-16 09:56:28.993: D/SurfaceFlinger(642): duplicate layer name: changing BlackSurface to BlackSurface#1
11-16 09:56:28.995: D/SurfaceFlinger(642): duplicate layer name: changing BlackSurface to BlackSurface#2
11-16 09:56:28.995: D/SurfaceFlinger(642): duplicate layer name: changing BlackSurface to BlackSurface#3
11-16 09:56:29.051: V/SettingsProvider(1226): Notifying for 0: content://settings/secure/autofill_service
11-16 09:56:29.068: W/LocationOracle(10093): No location history returned by ContextManager
11-16 09:56:29.129: W/ctxmgr(10928): [AclManager] null policy map (0) 67, clientInfo=(accnt=account#-517948760#, com.google.android.googlequicksearchbox(10047):com.google.android.googlequicksearchbox, vrsn=12211000, 1, 3pPkg = null ,  3pMdlId = null ,  pid = 10093 ,  featureId = null) [CONTEXT service_id=47 ]
11-16 09:56:29.134: I/VSC(777): @ 3244.190: [SMD] Deleted SMD instance at 0xb28adfbc
11-16 09:56:29.134: D/VSC(777): @ 3244.190: [Significant Motion] Stop motion_detect
11-16 09:56:29.135: E/GmsContextObserver(10093): Failed to register context manager listener: Status{statusCode=unknown status code: 7503, resolution=null}
11-16 09:56:29.139: I/VSC(777): @ 3244.191: [SMD] Initializing activity algo instance
11-16 09:56:29.139: D/VSC(777): @ 3244.191: [Significant Motion] Request accel, interval 20000000 ns, latency 3200000000 ns
11-16 09:56:29.153: D/sound_trigger_hw(747): stdev_start_recognition:[1] Enter
11-16 09:56:29.153: D/sound_trigger_hw(747): loaded_state_fn:[1] handle event id 2
11-16 09:56:29.153: D/sound_trigger_platform(747): platform_stdev_get_capture_device: available devices 0x80000004, device 0x80000004
11-16 09:56:29.153: D/sound_trigger_platform(747): platform_stdev_get_device_sample_rate: sample rate 16000
11-16 09:56:29.153: D/sound_trigger_platform(747): platform_stdev_send_hwmad_cal: previous acdb_id 128 matches new acdb_id 128 return
11-16 09:56:29.153: D/sound_trigger_platform(747): platform_stdev_send_calibration: sending device calibration for device(1) acdb_id(128)
11-16 09:56:29.153: D/ACDB-LOADER(747): ACDB -> send_afe_topology
11-16 09:56:29.153: D/ACDB-LOADER(747): ACDB -> ACDB_CMD_GET_AFE_TOPOLOGY_ID
11-16 09:56:29.153: D/ACDB-LOADER(747): ACDB -> GET_AFE_TOPOLOGY_ID for adcd_id 128, Topology Id 12e19
11-16 09:56:29.153: D/ACDB-LOADER(747): ACDB -> send_afe_cal
11-16 09:56:29.153: D/ACDB-LOADER(747): ACDB -> ACDB_CMD_GET_AFE_COMMON_TABLE_SIZE
11-16 09:56:29.153: D/ACDB-LOADER(747): ACDB -> ACDB_CMD_GET_AFE_COMMON_TABLE
11-16 09:56:29.153: D/ACDB-LOADER(747): ACDB -> AUDIO_SET_AFE_CAL
11-16 09:56:29.153: D/sound_trigger_hw(747): set_device: enable device (1) = listen-cpe-handset-mic
11-16 09:56:29.153: D/audio_route(747): Apply path: listen-cpe-handset-mic
11-16 09:56:29.161: W/ctxmgr(10928): [AclManager] null policy map (0) 67, clientInfo=(accnt=account#-517948760#, com.google.android.googlequicksearchbox(10047):com.google.android.googlequicksearchbox, vrsn=12211000, 1, 3pPkg = null ,  3pMdlId = null ,  pid = 10093 ,  featureId = null) [CONTEXT service_id=47 ]
11-16 09:56:29.161: E/PeriodStatsTracker(10928): Reference counting corrupted in usage statistics.
11-16 09:56:29.171: D/sound_trigger_hw(747): get_confidence_levels_payload: No smlib for uuid, sending opaque data
11-16 09:56:29.171: D/sound_trigger_hw(747): start:[1] gcs start VA engine, enable 1 token 3
11-16 09:56:29.171: D/sound_trigger_hw(747): start:[1] calling gcs_enable with handle 1, non-persist cal 0xefbf1e30, sz 24
11-16 09:56:29.171: D/ACDB-LOADER(747): ACDB -> ACDB_WDSP_CMD_GET_SUBGRAPH_MODULE_CALIBRATION_SIZE
11-16 09:56:29.171: D/ACDB-LOADER(747): ACDB -> ACDB_WDSP_CMD_GET_SUBGRAPH_MODULE_CALIBRATION
11-16 09:56:29.171: D/ACDB-LOADER(747): ACDB -> ACDB_WDSP_CMD_GET_SUBGRAPH_MODULE_CALIBRATION_SIZE
11-16 09:56:29.171: D/ACDB-LOADER(747): ACDB -> ACDB_WDSP_CMD_GET_SUBGRAPH_MODULE_CALIBRATION
11-16 09:56:29.171: D/ACDB-LOADER(747): ACDB -> ACDB_WDSP_CMD_GET_SUBGRAPH_MODULE_CONNECTION_SIZE
11-16 09:56:29.171: D/ACDB-LOADER(747): [ 11-16 09:56:29.171   747:  747 E/         ]
11-16 09:56:29.171: D/ACDB-LOADER(747): gcs_get_sg_mod_conn_and_update_pld: subgraph mod conn size 0. Exiting
11-16 09:56:29.171: D/ACDB-LOADER(747): ACDB -> ACDB_WDSP_CMD_GET_SUBGRAPH_MODULE_CONNECTION_SIZE
11-16 09:56:29.171: D/ACDB-LOADER(747): ACDB -> ACDB_WDSP_CMD_GET_SUBGRAPH_MODULE_CONNECTION
11-16 09:56:29.171: D/ACDB-LOADER(747): ACDB -> ACDB_WDSP_CMD_GET_SUBGRAPH_CONNECTIONS_SIZE
11-16 09:56:29.171: D/ACDB-LOADER(747): ACDB -> ACDB_WDSP_CMD_GET_SUBGRAPHS_CONNECTION
11-16 09:56:29.171: D/ACDB-LOADER(747): ACDB -> ACDB_WDSP_CMD_GET_SUBGRAPH_CONNECTIONS_SIZE
11-16 09:56:29.171: D/ACDB-LOADER(747): [ 11-16 09:56:29.171   747:  747 E/         ]
11-16 09:56:29.171: D/ACDB-LOADER(747): __gcs_get_sg_conn_and_update_pld: subgraph conn size 0. Exiting
11-16 09:56:29.171: D/ACDB-LOADER(747): [ 11-16 09:56:29.171   747:  747 D/         ]
11-16 09:56:29.171: D/ACDB-LOADER(747): pktzr_send_cmd: opcode = 0x3, size = 452, token = 8
11-16 09:56:29.171: D/fpc_hidl(24428): fpc fingerprint hwbinder service starting
11-16 09:56:29.171: D/QSEECOMAPI(24428): QSEECom_get_handle sb_length = 0x80
11-16 09:56:29.172: D/QSEECOMAPI(24428): App is not loaded in QSEE
11-16 09:56:29.172: D/QSEECOMAPI(24428): app_arch = 2, total_files = 9
11-16 09:56:29.172: D/QSEECOMAPI(24428): [ 11-16 09:56:29.184   747: 1136 D/         ]
11-16 09:56:29.172: D/QSEECOMAPI(24428): ipc_resp_thread: opcode: 0x2, payload_size: 4, resp_buf size: 16
11-16 09:56:29.172: D/QSEECOMAPI(24428): [ 11-16 09:56:29.184   747: 1136 D/         ]
11-16 09:56:29.172: D/QSEECOMAPI(24428): pktzr_resp_cb: opcode = 0x2 size = 4 token = 8
11-16 09:56:29.172: D/QSEECOMAPI(24428): [ 11-16 09:56:29.184   747: 1136 D/         ]
11-16 09:56:29.172: D/QSEECOMAPI(24428): pktzr_resp_cb: token 8 matched
11-16 09:56:29.185: D/sound_trigger_hw(747): reg_hal_event_session: ST_EVENT_SESSION_REGISTER capture_handle 62 p_ses 0xf17f4780
11-16 09:56:29.185: D/sound_trigger_hw(747): session[1]: loaded_state_fn ---> active_state_fn 
11-16 09:56:29.185: D/sound_trigger_hw(747): stdev_start_recognition:[1] Exit
11-16 09:56:29.185: I/SoundTriggerHelper(1226): startRecognition successful.
11-16 09:56:29.185: I/GsaVoiceInteractionSrv(4128): Start Hotword Recognition Status: true
11-16 09:56:29.255: D/AndroidRuntime(24427): >>>>>> START com.android.internal.os.RuntimeInit uid 2000 <<<<<<
11-16 09:56:29.266: D/QSEECOMAPI(24428): Loaded image: APP id = 648
11-16 09:56:29.272: E/fpc_tac(24428): fpcbuildinfo : 575ddab5b91efea67ee1d200fc813ff2fpc_bio=bd35c3fec78219829149bea6c9ec961e6f655b90C:prodtestlib=4304cf5c884c198624b749af3482befacbd3028eC:fpc_c_core=dc194509594e837dedfb5452aaf06fcb61977135C:fpc_lib=cd5b7b876c3d69afa68a11ac6fd86f873e70817bC:cac=297e11552c60a3607ed664cf44c3e4b36ab2e737C:fpc_bio_interface=94a457caecae31eca8ef04b64c3f82a018e9bbc0C:fpc_sensor=ba909a5500944acafe47a0ef3a49f89509aadfb6C:tools_core=94ddf1e684cfa6c99f0f237f7cc35f3962e0e597C:sensor_settings=4fcf864fb493ae0272a9b2806446b379d99fd8ceC:fingerprint_ta=066bc0ab880960a4a69b74a328c7d7871c72225bC:fingerprint_pal=0deb9a478a3572872639f9cb2559ccc464ee3f9bC:manifests=dcb3d8ab0bdb7a5b341839d8c75bb88fc7f5e1a4C:Manifesttag=SW23.3.0-PDR1.0.5:jenkins@84ffd74dac44:Thu,17May201810:17:08+0200:FPC_SENSOR_TYPE=FPC_SENSOR_TYPE_FPC1270:FPC_CC_TYPE=FPC_COMPANION_CHIP_FPC2050:FPC_C_TYPE=FPC_COATING_NORMAL
11-16 09:56:29.273: E/fpc_tac(24428): fpcbuildtype : build=RELEASE sensor=9
11-16 09:56:29.273: W/EventHub(1226): Unable to disable kernel key repeat for /dev/input/event3: Function not implemented
11-16 09:56:29.273: I/EventHub(1226): wakeMechanism=EPOLLWAKEUP, usingClockIoctl=true
11-16 09:56:29.273: I/EventHub(1226): New device: id=648, fd=167, path='/dev/input/event3', name='uinput-fpc', classes=0x101, configuration='/system/usr/idc/uinput-fpc.idc', keyLayout='/system/usr/keylayout/uinput-fpc.kl', keyCharacterMap='/system/usr/keychars/Generic.kcm', builtinKeyboard=true, 
11-16 09:56:29.273: W/InputReader(1226): Ignoring spurious device added event for deviceId 0.
11-16 09:56:29.311: I/app_process(24427): The ClassLoaderContext is a special shared library.
11-16 09:56:29.334: D/AndroidRuntime(24427): Calling main entry com.android.commands.input.Input
11-16 09:56:29.335: I/Input(24427): injectKeyEvent: KeyEvent { action=ACTION_DOWN, keyCode=KEYCODE_HOME, scanCode=0, metaState=0, flags=0x0, repeatCount=0, eventTime=3232208, downTime=3232208, deviceId=-1, source=0x101 }
11-16 09:56:29.337: I/Input(24427): injectKeyEvent: KeyEvent { action=ACTION_UP, keyCode=KEYCODE_HOME, scanCode=0, metaState=0, flags=0x0, repeatCount=0, eventTime=3232208, downTime=3232208, deviceId=-1, source=0x101 }
11-16 09:56:29.339: V/StatusBar(3653): mStatusBarWindow: com.android.systemui.statusbar.phone.StatusBarWindowView{10a61e1 V.ED..... ........ 0,0-1080,66} canPanelBeCollapsed(): false
11-16 09:56:29.339: I/vol.Events(3653): writeEvent dismiss_dialog volume_controller
11-16 09:56:29.340: I/ActivityManager(1226): START u0 {act=android.intent.action.MAIN cat=[android.intent.category.HOME] flg=0x10200000 cmp=com.google.android.apps.nexuslauncher/.NexusLauncherActivity (has extras)} from uid 1000
11-16 09:56:29.346: D/AndroidRuntime(24427): Shutting down VM
11-16 09:56:29.366: I/GoogleInputMethod(3637): onFinishInput() : Dummy InputConnection bound
11-16 09:56:29.367: I/GoogleInputMethod(3637): onStartInput() : Dummy InputConnection bound
11-16 09:56:29.396: I/akia(10928): Removed 0 invalid users [CONTEXT service_id=51 ]
11-16 09:56:29.458: I/ActivityManager(1226): START u0 {flg=0x10000000 cmp=com.google.android.apps.mtaas.backdrop/.BackdropActivity} from uid 2000
11-16 09:56:29.467: D/android.hardware.power@1.3-service.crosshatch-libperfmgr(776): LAUNCH ON
11-16 09:56:29.495: I/ActivityManager(1226): Start proc 24446:com.google.android.apps.mtaas.backdrop/u0a163 for activity com.google.android.apps.mtaas.backdrop/.BackdropActivity
11-16 09:56:29.497: E/.mtaas.backdro(24446): Not starting debugger since process cannot load the jdwp agent.
11-16 09:56:29.529: I/MultiDex(24446): VM with version 2.1.0 has multidex support
11-16 09:56:29.529: I/MultiDex(24446): install
11-16 09:56:29.529: I/MultiDex(24446): VM has multidex support, MultiDex support library is disabled.
11-16 09:56:29.527: W/com.google.android.apps.mtaas.backdrop(24446): type=1400 audit(0.0:586): avc: denied { read } for comm=45474C20496E6974 name="u:object_r:vendor_default_prop:s0" dev="tmpfs" ino=25769 scontext=u:r:untrusted_app:s0:c163,c256,c512,c768 tcontext=u:object_r:vendor_default_prop:s0 tclass=file permissive=0
11-16 09:56:29.533: E/libc(24446): Access denied finding property "vendor.debug.egl.profiler"
11-16 09:56:29.540: W/.android.chrom(24380): JIT profile information will not be recorded: profile file does not exits.
11-16 09:56:29.546: I/BackdropActivity(24446): onCreate()
11-16 09:56:29.552: I/ActivityManager(1226): Activity requesting to dismiss Keyguard: ActivityRecord{fcdbcdf u0 com.google.android.apps.mtaas.backdrop/.BackdropActivity t4}
11-16 09:56:29.579: D/sound_trigger_hw(747): stdev_stop_recognition:[1] Enter
11-16 09:56:29.579: D/sound_trigger_hw(747): active_state_fn:[1] handle event id 7
11-16 09:56:29.579: D/sound_trigger_hw(747): active_state_fn:[1] unhandled event
11-16 09:56:29.579: D/sound_trigger_hw(747): active_state_fn:[1] handle event id 4
11-16 09:56:29.579: D/sound_trigger_hw(747): dereg_hal_event_session: ST_EVENT_SESSION_DEREGISTER capture_handle 62 p_ses 0xf17f4780
11-16 09:56:29.579: D/sound_trigger_hw(747): stop:[1] gcs stop VA engine, size=24
11-16 09:56:29.579: D/sound_trigger_hw(747): [ 11-16 09:56:29.579   747:  747 D/         ]
11-16 09:56:29.579: D/sound_trigger_hw(747): pktzr_send_cmd: opcode = 0x5, size = 24, token = 9
11-16 09:56:29.580: I/FontLog(10928): Received query Google Sans, URI content://com.google.android.gms.fonts [CONTEXT service_id=132 ]
11-16 09:56:29.581: I/FontLog(10928): Query [Google Sans] resolved to {Google Sans, wdth 100.0, wght 400, ital 0.0, bestEffort false} [CONTEXT service_id=132 ]
11-16 09:56:29.583: I/FontLog(10928): Font PFD returned from cache for {Google Sans, wdth 100.0, wght 400, ital 0.0, bestEffort false} [CONTEXT service_id=132 ]
11-16 09:56:29.583: I/FontLog(10928): Fetch {Google Sans, wdth 100.0, wght 400, ital 0.0, bestEffort false} end status Status{statusCode=SUCCESS, resolution=null} [CONTEXT service_id=132 ]
11-16 09:56:29.583: I/FontLog(10928): [ 11-16 09:56:29.585   747: 1136 D/         ]
11-16 09:56:29.583: I/FontLog(10928): ipc_resp_thread: opcode: 0x2, payload_size: 4, resp_buf size: 16
11-16 09:56:29.583: I/FontLog(10928): [ 11-16 09:56:29.585   747: 1136 D/         ]
11-16 09:56:29.583: I/FontLog(10928): pktzr_resp_cb: opcode = 0x2 size = 4 token = 9
11-16 09:56:29.583: I/FontLog(10928): [ 11-16 09:56:29.585   747: 1136 D/         ]
11-16 09:56:29.583: I/FontLog(10928): pktzr_resp_cb: token 9 matched
11-16 09:56:29.585: D/sound_trigger_hw(747): stop:[1] calling gcs_disable with handle 1
11-16 09:56:29.585: D/sound_trigger_hw(747): [ 11-16 09:56:29.585   747:  747 E/         ]
11-16 09:56:29.585: D/sound_trigger_hw(747): __gcs_disable_update_pld: sgt_array[i] = 0x1
11-16 09:56:29.585: D/sound_trigger_hw(747): [ 11-16 09:56:29.585   747:  747 E/         ]
11-16 09:56:29.585: D/sound_trigger_hw(747): __gcs_disable_update_pld: sgt_array[i] = 0x2
11-16 09:56:29.585: D/sound_trigger_hw(747): [ 11-16 09:56:29.585   747:  747 D/         ]
11-16 09:56:29.585: D/sound_trigger_hw(747): pktzr_send_cmd: opcode = 0x4, size = 80, token = 10
11-16 09:56:29.585: D/sound_trigger_hw(747): [ 11-16 09:56:29.597   747: 1136 D/         ]
11-16 09:56:29.585: D/sound_trigger_hw(747): ipc_resp_thread: opcode: 0x2, payload_size: 4, resp_buf size: 16
11-16 09:56:29.585: D/sound_trigger_hw(747): [ 11-16 09:56:29.597   747: 1136 D/         ]
11-16 09:56:29.585: D/sound_trigger_hw(747): pktzr_resp_cb: opcode = 0x2 size = 4 token = 10
11-16 09:56:29.585: D/sound_trigger_hw(747): [ 11-16 09:56:29.597   747: 1136 D/         ]
11-16 09:56:29.585: D/sound_trigger_hw(747): pktzr_resp_cb: token 10 matched
11-16 09:56:29.598: D/sound_trigger_hw(747): set_device: disable device (1) = listen-cpe-handset-mic
11-16 09:56:29.600: D/sound_trigger_hw(747): session[1]: active_state_fn ---> loaded_state_fn 
11-16 09:56:29.600: D/sound_trigger_hw(747): stdev_stop_recognition:[1] Exit status 0
11-16 09:56:29.601: I/GsaVoiceInteractionSrv(4128): Stop Hotword Recognition status: true
11-16 09:56:29.605: I/FontLog(10928): Pulling font file for id = 9, cache size = 6 [CONTEXT service_id=132 ]
11-16 09:56:29.619: I/BackdropActivity(24446): android_id: 3755265141470403023
11-16 09:56:29.619: I/ActivityManager(1226): Killing 13181:com.android.vending/u0a14 (adj 906): empty #17
11-16 09:56:29.620: W/libprocessgroup(1226): kill(-13181, 9) failed: No such process
11-16 09:56:29.624: I/BackdropActivity(24446): onResume()
11-16 09:56:29.624: I/ActivityManager(1226): Activity requesting to dismiss Keyguard: ActivityRecord{fcdbcdf u0 com.google.android.apps.mtaas.backdrop/.BackdropActivity t4}
11-16 09:56:29.629: D/OpenGLRenderer(24446): Skia GL Pipeline
11-16 09:56:29.633: I/ActivityManager(1226): Start proc 24467:android.process.acore/u0a42 for broadcast com.android.providers.contacts/.LocaleChangeReceiver
11-16 09:56:29.637: I/FTLNetworkMonitor(24446): NetworkMonitoringService was created
11-16 09:56:29.640: E/d.process.acor(24467): Not starting debugger since process cannot load the jdwp agent.
11-16 09:56:29.647: W/libprocessgroup(1226): kill(-13181, 9) failed: No such process
11-16 09:56:29.648: I/Adreno(24446): QUALCOMM build                   : 3f88ca2, I42f6fe38fb
11-16 09:56:29.648: I/Adreno(24446): Build Date                       : 07/13/18
11-16 09:56:29.648: I/Adreno(24446): OpenGL ES Shader Compiler Version: EV031.24.00.00
11-16 09:56:29.648: I/Adreno(24446): Local Branch                     : 50.04
11-16 09:56:29.648: I/Adreno(24446): Remote Branch                    : 
11-16 09:56:29.648: I/Adreno(24446): Remote Branch                    : 
11-16 09:56:29.648: I/Adreno(24446): Reconstruct Branch               : 
11-16 09:56:29.648: I/Adreno(24446): Build Config                     : S P 4.0.10 AArch64
11-16 09:56:29.647: W/RenderThread(24446): type=1400 audit(0.0:587): avc: denied { read } for name="u:object_r:vendor_default_prop:s0" dev="tmpfs" ino=25769 scontext=u:r:untrusted_app:s0:c163,c256,c512,c768 tcontext=u:object_r:vendor_default_prop:s0 tclass=file permissive=0
11-16 09:56:29.651: E/libc(24446): Access denied finding property "ro.vendor.graphics.memory"
11-16 09:56:29.651: I/Adreno(24446): PFP: 0x016ee170, ME: 0x00000000
11-16 09:56:29.656: I/ConfigStore(24446): android::hardware::configstore::V1_0::ISurfaceFlingerConfigs::hasWideColorDisplay retrieved: 1
11-16 09:56:29.656: I/ConfigStore(24446): android::hardware::configstore::V1_0::ISurfaceFlingerConfigs::hasHDRDisplay retrieved: 1
11-16 09:56:29.657: I/OpenGLRenderer(24446): Initialized EGL, version 1.4
11-16 09:56:29.657: D/OpenGLRenderer(24446): Swap behavior 2
11-16 09:56:29.662: D/ConnectivityService(1226): ConnectivityService NetworkRequestInfo binderDied(NetworkRequest [ LISTEN id=39, [ Capabilities: INTERNET&NOT_RESTRICTED&TRUSTED Unwanted:  Uid: 10014] ], android.os.BinderProxy@bcef53)
11-16 09:56:29.662: D/ConnectivityService(1226): ConnectivityService NetworkRequestInfo binderDied(NetworkRequest [ TRACK_DEFAULT id=38, [ Capabilities: INTERNET&NOT_RESTRICTED&TRUSTED Unwanted:  Uid: 10014] ], android.os.BinderProxy@3ae4342)
11-16 09:56:29.662: D/ConnectivityService(1226): releasing NetworkRequest [ TRACK_DEFAULT id=38, [ Capabilities: INTERNET&NOT_RESTRICTED&TRUSTED Unwanted:  Uid: 10014] ] (release request)
11-16 09:56:29.667: I/Zygote(732): Process 13181 exited due to signal (9)
11-16 09:56:29.673: I/FTLNetworkMonitor(24446): Network Info: [type: WIFI[], state: CONNECTED/CONNECTED, reason: (unspecified), extra: (none), failover: false, available: true, roaming: false]
11-16 09:56:29.673: I/FTLNetworkMonitor(24446): Network Info: [type: WIFI[], state: CONNECTED/CONNECTED, reason: (unspecified), extra: (none), failover: false, available: true, roaming: false]
11-16 09:56:29.682: E/libc(24446): Access denied finding property "vendor.gralloc.enable_ahardware_buffer"
11-16 09:56:29.677: W/RenderThread(24446): type=1400 audit(0.0:588): avc: denied { read } for name="u:object_r:vendor_default_prop:s0" dev="tmpfs" ino=25769 scontext=u:r:untrusted_app:s0:c163,c256,c512,c768 tcontext=u:object_r:vendor_default_prop:s0 tclass=file permissive=0
11-16 09:56:29.691: W/libprocessgroup(1226): kill(-13181, 9) failed: No such process
11-16 09:56:29.691: I/libprocessgroup(1226): Successfully killed process cgroup uid 10014 pid 13181 in 71ms
11-16 09:56:29.700: I/ContactsPerf(24467): VoicemailContentProvider.onCreate start
11-16 09:56:29.704: I/ContactsPerf(24467): VoicemailContentProvider.onCreate finish
11-16 09:56:29.713: D/ContactsDatabaseHelper(24467): WAL enabled for contacts2.db: true
11-16 09:56:29.729: I/GoogleInputMethod(3637): onFinishInput() : Dummy InputConnection bound
11-16 09:56:29.730: D/android.hardware.power@1.3-service.crosshatch-libperfmgr(776): LAUNCH OFF
11-16 09:56:29.731: W/SurfaceFlinger(642): Attempting to set client state on removed layer: Splash Screen com.google.android.apps.mtaas.backdrop#0
11-16 09:56:29.731: W/SurfaceFlinger(642): Attempting to destroy on removed layer: Splash Screen com.google.android.apps.mtaas.backdrop#0
11-16 09:56:29.732: I/GoogleInputMethod(3637): onStartInput() : Dummy InputConnection bound
11-16 09:56:29.736: I/ActivityManager(1226): Displayed com.google.android.apps.mtaas.backdrop/.BackdropActivity: +264ms
11-16 09:56:29.741: I/ContactLocale(24467): AddressBook Labels [[en]]: [, A, B, C, D, E, F, G, H, I, J, K, L, M, N, O, P, Q, R, S, T, U, V, W, X, Y, Z, , , , , , , , , , , , , , , , , , , , , , , , , , , , , , , , , , , , , , , , , , , , , , , , , , , , , , , , , , , , , , , , , , , , , , , , , , , , , , , , , , , , , , , , , , , , , , , , , , , , , , , , , , , , , , , , , , , , , , , , , , , , , , , , , , , , , , , , , , , , , , , , , , , , , , , , , , , , , , , , , , , , , , , , , , , , , , , , , , , , , , , , , , , #, ]
11-16 09:56:29.758: I/ActivityManager(1226): Killing 15241:com.google.android.wfcactivation/u0a54 (adj 906): empty #17
11-16 09:56:29.758: W/libprocessgroup(1226): kill(-15241, 9) failed: No such process
11-16 09:56:29.762: D/ContactsDatabaseHelper(24467): WAL enabled for profile.db: false
11-16 09:56:29.768: I/ActivityManager(1226): Start proc 24494:android.process.media/u0a8 for broadcast com.android.providers.media/.MediaScannerReceiver
11-16 09:56:29.777: E/d.process.medi(24494): Not starting debugger since process cannot load the jdwp agent.
11-16 09:56:29.779: I/Zygote(731): Process 15241 exited due to signal (9)
11-16 09:56:29.796: I/ContactDirectoryManager(24467): Directory provider packages have changed.
11-16 09:56:29.802: W/libprocessgroup(1226): kill(-15241, 9) failed: No such process
11-16 09:56:29.802: I/libprocessgroup(1226): Successfully killed process cgroup uid 10054 pid 15241 in 43ms
11-16 09:56:29.815: I/ActivityManager(1226): Start proc 24514:com.google.android.gm/u0a100 for content provider com.google.android.gm/com.android.exchange.provider.ExchangeDirectoryProvider
11-16 09:56:29.824: E/ogle.android.g(24514): Not starting debugger since process cannot load the jdwp agent.
11-16 09:56:29.838: I/ActivityManager(1226): Killing 17367:com.google.android.carrier/u0a9 (adj 906): empty #17
11-16 09:56:29.840: W/libprocessgroup(1226): kill(-17367, 9) failed: No such process
11-16 09:56:29.850: I/ogle.android.g(24514): The ClassLoaderContext is a special shared library.
11-16 09:56:29.852: I/Zygote(731): Process 17367 exited due to signal (9)
11-16 09:56:29.854: W/libprocessgroup(1226): kill(-17367, 9) failed: No such process
11-16 09:56:29.854: I/libprocessgroup(1226): Successfully killed process cgroup uid 10009 pid 17367 in 13ms
11-16 09:56:29.861: I/ActivityManager(1226): Start proc 24531:com.android.sdm.plugins.sprintdm/1001 for broadcast com.android.sdm.plugins.sprintdm/.SprintDMReceiver
11-16 09:56:29.874: E/lugins.sprintd(24531): Not starting debugger since process cannot load the jdwp agent.
11-16 09:56:29.895: I/lugins.sprintd(24531): The ClassLoaderContext is a special shared library.
11-16 09:56:29.896: I/lugins.sprintd(24531): The ClassLoaderContext is a special shared library.
11-16 09:56:29.907: I/PBSessionCacheImpl(10093): Deleted sessionId[841004546898] from persistence.
11-16 09:56:29.909: D/SprintDMReceiver(24531): Received intent: android.intent.action.LOCALE_CHANGED
11-16 09:56:29.913: D/SprintDMHelper(24531): simOperator: 
11-16 09:56:29.913: D/SprintDMHelper(24531): Not Sprint UICC, don't do anything.
11-16 09:56:29.917: I/ActivityManager(1226): Killing 23942:com.android.connectivity.metrics/u0a57 (adj 906): empty #17
11-16 09:56:29.918: W/libprocessgroup(1226): kill(-23942, 9) failed: No such process
11-16 09:56:29.923: D/GH.AutoPhenotypeFlags(4305): Refreshing flag-values from Phenotype
11-16 09:56:29.923: V/SettingsProvider(1226): Notifying for 0: content://settings/system/accelerometer_rotation
11-16 09:56:29.936: W/PhenotypeConfigurationU(10928): Update for unknown DeviceConfig package com.google.android.gms.car#car_setup [CONTEXT service_id=204 ]
11-16 09:56:29.936: W/PhenotypeConfigurationU(10928): akjf: No package exists for config package: com.google.android.gms.car#car_setup
11-16 09:56:29.936: W/PhenotypeConfigurationU(10928): 	at com.google.android.gms.platformconfigurator.PhenotypeConfigurationUpdateListener.a(:com.google.android.gms@213614028@21.36.14 (100400-395708125):7)
11-16 09:56:29.936: W/PhenotypeConfigurationU(10928): 	at com.google.android.gms.platformconfigurator.PhenotypeConfigurationUpdateListener.onHandleIntent(:com.google.android.gms@213614028@21.36.14 (100400-395708125):5)
11-16 09:56:29.936: W/PhenotypeConfigurationU(10928): 	at com.google.android.chimera.IntentOperation.onHandleIntent(:com.google.android.gms@213614028@21.36.14 (100400-395708125):2)
11-16 09:56:29.936: W/PhenotypeConfigurationU(10928): 	at pld.onHandleIntent(:com.google.android.gms@213614028@21.36.14 (100400-395708125):4)
11-16 09:56:29.936: W/PhenotypeConfigurationU(10928): 	at dpb.run(:com.google.android.gms@213614028@21.36.14 (100400-395708125):5)
11-16 09:56:29.936: W/PhenotypeConfigurationU(10928): 	at dpa.run(:com.google.android.gms@213614028@21.36.14 (100400-395708125):11)
11-16 09:56:29.936: W/PhenotypeConfigurationU(10928): 	at bfyg.run(:com.google.android.gms@213614028@21.36.14 (100400-395708125):2)
11-16 09:56:29.936: W/PhenotypeConfigurationU(10928): 	at java.util.concurrent.ThreadPoolExecutor.runWorker(ThreadPoolExecutor.java:1167)
11-16 09:56:29.936: W/PhenotypeConfigurationU(10928): 	at java.util.concurrent.ThreadPoolExecutor$Worker.run(ThreadPoolExecutor.java:641)
11-16 09:56:29.936: W/PhenotypeConfigurationU(10928): 	at java.lang.Thread.run(Thread.java:764)
11-16 09:56:29.938: I/ActivityManager(1226): Start proc 24554:com.android.vending/u0a14 for broadcast com.android.vending/com.google.android.finsky.userlanguages.LocaleChangedReceiver
11-16 09:56:29.943: W/PhenotypeConfigurationU(10928): Update for unknown DeviceConfig package com.google.android.gms.car#car [CONTEXT service_id=204 ]
11-16 09:56:29.943: W/PhenotypeConfigurationU(10928): akjf: No package exists for config package: com.google.android.gms.car#car
11-16 09:56:29.943: W/PhenotypeConfigurationU(10928): 	at com.google.android.gms.platformconfigurator.PhenotypeConfigurationUpdateListener.a(:com.google.android.gms@213614028@21.36.14 (100400-395708125):7)
11-16 09:56:29.943: W/PhenotypeConfigurationU(10928): 	at com.google.android.gms.platformconfigurator.PhenotypeConfigurationUpdateListener.onHandleIntent(:com.google.android.gms@213614028@21.36.14 (100400-395708125):5)
11-16 09:56:29.943: W/PhenotypeConfigurationU(10928): 	at com.google.android.chimera.IntentOperation.onHandleIntent(:com.google.android.gms@213614028@21.36.14 (100400-395708125):2)
11-16 09:56:29.943: W/PhenotypeConfigurationU(10928): 	at pld.onHandleIntent(:com.google.android.gms@213614028@21.36.14 (100400-395708125):4)
11-16 09:56:29.943: W/PhenotypeConfigurationU(10928): 	at dpb.run(:com.google.android.gms@213614028@21.36.14 (100400-395708125):5)
11-16 09:56:29.943: W/PhenotypeConfigurationU(10928): 	at dpa.run(:com.google.android.gms@213614028@21.36.14 (100400-395708125):11)
11-16 09:56:29.943: W/PhenotypeConfigurationU(10928): 	at bfyg.run(:com.google.android.gms@213614028@21.36.14 (100400-395708125):2)
11-16 09:56:29.943: W/PhenotypeConfigurationU(10928): 	at java.util.concurrent.ThreadPoolExecutor.runWorker(ThreadPoolExecutor.java:1167)
11-16 09:56:29.943: W/PhenotypeConfigurationU(10928): 	at java.util.concurrent.ThreadPoolExecutor$Worker.run(ThreadPoolExecutor.java:641)
11-16 09:56:29.943: W/PhenotypeConfigurationU(10928): 	at java.lang.Thread.run(Thread.java:764)
11-16 09:56:29.946: I/PackageUpdateTaskChimer(10928): Scheduling Phenotype config package catchup updates to be 86400 seconds from now (1637085389944) [CONTEXT service_id=51 ]
11-16 09:56:29.953: E/android.vendin(24554): Not starting debugger since process cannot load the jdwp agent.
11-16 09:56:29.960: W/libprocessgroup(1226): kill(-23942, 9) failed: No such process
11-16 09:56:29.962: W/PhenotypeConfigurationU(10928): Update for unknown DeviceConfig package com.google.android.gms.icing.mdd#com.google.android.gms [CONTEXT service_id=204 ]
11-16 09:56:29.962: W/PhenotypeConfigurationU(10928): akjf: No package exists for config package: com.google.android.gms.icing.mdd#com.google.android.gms
11-16 09:56:29.962: W/PhenotypeConfigurationU(10928): 	at com.google.android.gms.platformconfigurator.PhenotypeConfigurationUpdateListener.a(:com.google.android.gms@213614028@21.36.14 (100400-395708125):7)
11-16 09:56:29.962: W/PhenotypeConfigurationU(10928): 	at com.google.android.gms.platformconfigurator.PhenotypeConfigurationUpdateListener.onHandleIntent(:com.google.android.gms@213614028@21.36.14 (100400-395708125):5)
11-16 09:56:29.962: W/PhenotypeConfigurationU(10928): 	at com.google.android.chimera.IntentOperation.onHandleIntent(:com.google.android.gms@213614028@21.36.14 (100400-395708125):2)
11-16 09:56:29.962: W/PhenotypeConfigurationU(10928): 	at pld.onHandleIntent(:com.google.android.gms@213614028@21.36.14 (100400-395708125):4)
11-16 09:56:29.962: W/PhenotypeConfigurationU(10928): 	at dpb.run(:com.google.android.gms@213614028@21.36.14 (100400-395708125):5)
11-16 09:56:29.962: W/PhenotypeConfigurationU(10928): 	at dpa.run(:com.google.android.gms@213614028@21.36.14 (100400-395708125):11)
11-16 09:56:29.962: W/PhenotypeConfigurationU(10928): 	at bfyg.run(:com.google.android.gms@213614028@21.36.14 (100400-395708125):2)
11-16 09:56:29.962: W/PhenotypeConfigurationU(10928): 	at java.util.concurrent.ThreadPoolExecutor.runWorker(ThreadPoolExecutor.java:1167)
11-16 09:56:29.962: W/PhenotypeConfigurationU(10928): 	at java.util.concurrent.ThreadPoolExecutor$Worker.run(ThreadPoolExecutor.java:641)
11-16 09:56:29.962: W/PhenotypeConfigurationU(10928): 	at java.lang.Thread.run(Thread.java:764)
11-16 09:56:29.968: D/GH.PhenotypeCommitter(4305): Committed Phenotype flags successfully!
11-16 09:56:29.972: W/libprocessgroup(1226): kill(-23942, 9) failed: No such process
11-16 09:56:29.974: I/akhr(10928): Scheduling adaptive one off task with window [14400, 604800] in seconds [CONTEXT service_id=51 ]
11-16 09:56:29.981: W/SearchServiceCore(10093): Abort, client detached.
11-16 09:56:29.983: D/CAR.CLIENT(4305): connect
11-16 09:56:29.988: D/GH.CarApiClientManager(4305): registered listener cqq@fae8335
11-16 09:56:29.989: D/GH.CarApiClientManager(4305): start
11-16 09:56:29.989: W/libprocessgroup(1226): kill(-23942, 9) failed: No such process
11-16 09:56:29.989: I/GH.SharedService(4305): Shared Service created
11-16 09:56:29.991: D/GH.NotifListenCNameMgr(4305): No set listener, returning default: com.google.android.gearhead.notifications.SharedNotificationListenerManager$ListenerService
11-16 09:56:29.991: D/GH.SharedNotifications(4305): Current notification listener: com.google.android.gearhead.notifications.SharedNotificationListenerManager$ListenerService
11-16 09:56:29.991: D/GH.NotifListenCNameMgr(4305): No set listener, returning default: com.google.android.gearhead.notifications.SharedNotificationListenerManager$ListenerService
11-16 09:56:29.992: D/CAR.CLIENT(4305): connect
11-16 09:56:29.994: V/SettingsProvider(1226): Notifying for 0: content://settings/system/user_rotation
11-16 09:56:29.997: I/android.vendin(24554): The ClassLoaderContext is a special shared library.
11-16 09:56:30.004: I/ActivityManager(1226): Start proc 24576:com.google.android.gms:car/u0a7 for service com.google.android.gms/.car.CarService
11-16 09:56:30.018: E/android.gms:ca(24576): Not starting debugger since process cannot load the jdwp agent.
11-16 09:56:30.021: I/Zygote(731): Process 23942 exited due to signal (9)
11-16 09:56:30.034: W/libprocessgroup(1226): kill(-23942, 9) failed: No such process
11-16 09:56:30.034: I/libprocessgroup(1226): Successfully killed process cgroup uid 10057 pid 23942 in 116ms
11-16 09:56:30.038: I/Finsky(24554): [2] gft.ay(5): Process created at version: 22.4.28-16 [0] [PR] 338099147
11-16 09:56:30.048: I/android.gms:ca(24576): The ClassLoaderContext is a special shared library.
11-16 09:56:30.053: I/android.gms:ca(24576): The ClassLoaderContext is a special shared library.
11-16 09:56:30.054: W/PhenotypeConfigurationU(10928): Update for unknown DeviceConfig package com.google.android.gms.icing.mdd [CONTEXT service_id=204 ]
11-16 09:56:30.054: W/PhenotypeConfigurationU(10928): akjf: No package exists for config package: com.google.android.gms.icing.mdd
11-16 09:56:30.054: W/PhenotypeConfigurationU(10928): 	at com.google.android.gms.platformconfigurator.PhenotypeConfigurationUpdateListener.a(:com.google.android.gms@213614028@21.36.14 (100400-395708125):7)
11-16 09:56:30.054: W/PhenotypeConfigurationU(10928): 	at com.google.android.gms.platformconfigurator.PhenotypeConfigurationUpdateListener.onHandleIntent(:com.google.android.gms@213614028@21.36.14 (100400-395708125):5)
11-16 09:56:30.054: W/PhenotypeConfigurationU(10928): 	at com.google.android.chimera.IntentOperation.onHandleIntent(:com.google.android.gms@213614028@21.36.14 (100400-395708125):2)
11-16 09:56:30.054: W/PhenotypeConfigurationU(10928): 	at pld.onHandleIntent(:com.google.android.gms@213614028@21.36.14 (100400-395708125):4)
11-16 09:56:30.054: W/PhenotypeConfigurationU(10928): 	at dpb.run(:com.google.android.gms@213614028@21.36.14 (100400-395708125):5)
11-16 09:56:30.054: W/PhenotypeConfigurationU(10928): 	at dpa.run(:com.google.android.gms@213614028@21.36.14 (100400-395708125):11)
11-16 09:56:30.054: W/PhenotypeConfigurationU(10928): 	at bfyg.run(:com.google.android.gms@213614028@21.36.14 (100400-395708125):2)
11-16 09:56:30.054: W/PhenotypeConfigurationU(10928): 	at java.util.concurrent.ThreadPoolExecutor.runWorker(ThreadPoolExecutor.java:1167)
11-16 09:56:30.054: W/PhenotypeConfigurationU(10928): 	at java.util.concurrent.ThreadPoolExecutor$Worker.run(ThreadPoolExecutor.java:641)
11-16 09:56:30.054: W/PhenotypeConfigurationU(10928): 	at java.lang.Thread.run(Thread.java:764)
11-16 09:56:30.055: I/android.gms:ca(24576): The ClassLoaderContext is a special shared library.
11-16 09:56:30.073: W/android.gms:ca(24576): Unknown chunk type '200'.
11-16 09:56:30.084: D/QSEECOMAPI(24428): QSEECom_get_handle sb_length = 0x400
11-16 09:56:30.084: D/QSEECOMAPI(24428): App is already loaded QSEE and app id = 1
11-16 09:56:30.086: E/fpc_tac(24428): qsee_km_get_encapsulated_key KEYMASTER_GET_AUTH_TOKEN_KEY returned status=-24
11-16 09:56:30.086: D/QSEECOMAPI(24428): QSEECom_dealloc_memory 
11-16 09:56:30.086: D/QSEECOMAPI(24428): QSEECom_shutdown_app, app_id = 1
11-16 09:56:30.086: E/fpc_fingerprint_hal(24428): fpc_hal_open failed
11-16 09:56:30.087: I/EventHub(1226): Removing device uinput-fpc due to epoll hang-up event.
11-16 09:56:30.087: I/EventHub(1226): Removed device: path=/dev/input/event3 name=uinput-fpc id=648 fd=167 classes=0x101
11-16 09:56:30.087: W/EventHub(1226): built-in keyboard device /dev/input/event3 (id=648) is closing! the apps will not like this
11-16 09:56:30.088: W/InputReader(1226): Ignoring spurious device removed event for deviceId 648.
11-16 09:56:30.089: I/EventHub(1226): Removing device '/dev/input/event3' due to inotify event
11-16 09:56:30.103: D/QSEECOMAPI(24428): QSEECom_dealloc_memory 
11-16 09:56:30.103: D/QSEECOMAPI(24428): QSEECom_shutdown_app, app_id = 648
11-16 09:56:30.113: D/BoundBrokerSvc(13537): onBind: Intent { act=com.google.android.mdd.service.START cmp=com.google.android.gms/.chimera.GmsBoundBrokerService }
11-16 09:56:30.113: D/BoundBrokerSvc(13537): Loading bound service for intent: Intent { act=com.google.android.mdd.service.START cmp=com.google.android.gms/.chimera.GmsBoundBrokerService }
11-16 09:56:30.152: I/ActivityManager(1226): Killing 23958:com.google.android.apps.multidevice.client/u0a72 (adj 906): empty #17
11-16 09:56:30.153: W/libprocessgroup(1226): kill(-23958, 9) failed: No such process
11-16 09:56:30.165: I/Zygote(731): Process 23958 exited due to signal (9)
11-16 09:56:30.173: W/libprocessgroup(1226): kill(-23958, 9) failed: No such process
11-16 09:56:30.173: I/libprocessgroup(1226): Successfully killed process cgroup uid 10072 pid 23958 in 20ms
11-16 09:56:30.174: I/.gms.persisten(10928): Background concurrent copying GC freed 213748(11MB) AllocSpace objects, 32(1156KB) LOS objects, 50% free, 13MB/26MB, paused 31us total 111.998ms
11-16 09:56:30.181: I/Bugle(24061): VerifiedSmsStartupTask: Checking if Verified SMS tasks should be enqueued.
11-16 09:56:30.182: I/Bugle(24061): VerifiedSmsStartupTask: Not enqueuing Verified SMS periodic task, Verified SMS is disabled.
11-16 09:56:30.186: I/NetworkScheduler.Stats(10928): Task com.google.android.gms/com.google.android.gms.phenotype.service.sync.PhenotypeConfigurator finished executing. cause:4 result: 1 elapsed_millis: 1264 uptime_millis: 1264 exec_start_elapsed_seconds: 3231 [CONTEXT service_id=218 ]
11-16 09:56:30.239: W/ProviderHelper(24576): Unknown dynamite feature providerinstaller.dynamite
11-16 09:56:30.240: I/DynamiteModule(24576): Considering local module com.google.android.gms.providerinstaller.dynamite:1 and remote module com.google.android.gms.providerinstaller.dynamite:0
11-16 09:56:30.240: I/DynamiteModule(24576): Selected local version of com.google.android.gms.providerinstaller.dynamite
11-16 09:56:30.250: W/PhenotypeConfigurationU(10928): Update for unknown DeviceConfig package com.google.android.gms.car [CONTEXT service_id=204 ]
11-16 09:56:30.250: W/PhenotypeConfigurationU(10928): akjf: No package exists for config package: com.google.android.gms.car
11-16 09:56:30.250: W/PhenotypeConfigurationU(10928): 	at com.google.android.gms.platformconfigurator.PhenotypeConfigurationUpdateListener.a(:com.google.android.gms@213614028@21.36.14 (100400-395708125):7)
11-16 09:56:30.250: W/PhenotypeConfigurationU(10928): 	at com.google.android.gms.platformconfigurator.PhenotypeConfigurationUpdateListener.onHandleIntent(:com.google.android.gms@213614028@21.36.14 (100400-395708125):5)
11-16 09:56:30.250: W/PhenotypeConfigurationU(10928): 	at com.google.android.chimera.IntentOperation.onHandleIntent(:com.google.android.gms@213614028@21.36.14 (100400-395708125):2)
11-16 09:56:30.250: W/PhenotypeConfigurationU(10928): 	at pld.onHandleIntent(:com.google.android.gms@213614028@21.36.14 (100400-395708125):4)
11-16 09:56:30.250: W/PhenotypeConfigurationU(10928): 	at dpb.run(:com.google.android.gms@213614028@21.36.14 (100400-395708125):5)
11-16 09:56:30.250: W/PhenotypeConfigurationU(10928): 	at dpa.run(:com.google.android.gms@213614028@21.36.14 (100400-395708125):11)
11-16 09:56:30.250: W/PhenotypeConfigurationU(10928): 	at bfyg.run(:com.google.android.gms@213614028@21.36.14 (100400-395708125):2)
11-16 09:56:30.250: W/PhenotypeConfigurationU(10928): 	at java.util.concurrent.ThreadPoolExecutor.runWorker(ThreadPoolExecutor.java:1167)
11-16 09:56:30.250: W/PhenotypeConfigurationU(10928): 	at java.util.concurrent.ThreadPoolExecutor$Worker.run(ThreadPoolExecutor.java:641)
11-16 09:56:30.250: W/PhenotypeConfigurationU(10928): 	at java.lang.Thread.run(Thread.java:764)
