11-16 09:56:23.576: E/fpc_tac(18928): qsee_km_get_encapsulated_key KEYMASTER_GET_AUTH_TOKEN_KEY returned status=-24
11-16 09:56:23.576: D/QSEECOMAPI(18928): QSEECom_dealloc_memory 
11-16 09:56:23.576: D/QSEECOMAPI(18928): QSEECom_shutdown_app, app_id = 1
11-16 09:56:23.576: E/fpc_fingerprint_hal(18928): fpc_hal_open failed
11-16 09:56:23.577: I/EventHub(1164): Removing device uinput-fpc due to epoll hang-up event.
11-16 09:56:23.577: I/EventHub(1164): Removed device: path=/dev/input/event3 name=uinput-fpc id=279 fd=302 classes=0x101
11-16 09:56:23.577: W/EventHub(1164): built-in keyboard device /dev/input/event3 (id=279) is closing! the apps will not like this
11-16 09:56:23.577: W/InputReader(1164): Ignoring spurious device removed event for deviceId 279.
11-16 09:56:23.578: I/EventHub(1164): Removing device '/dev/input/event3' due to inotify event
11-16 09:56:23.595: D/QSEECOMAPI(18928): QSEECom_dealloc_memory 
11-16 09:56:23.595: D/QSEECOMAPI(18928): QSEECom_shutdown_app, app_id = 279
11-16 09:56:23.618: I/MultiDex(19038): VM with version 2.1.0 has multidex support
11-16 09:56:23.618: I/MultiDex(19038): install
11-16 09:56:23.618: I/MultiDex(19038): VM has multidex support, MultiDex support library is disabled.
11-16 09:56:23.742: I/hiy(19038): SslGuard completed installation.
11-16 09:56:23.800: W/PrimesInit(19038): Primes instant initialization
11-16 09:56:23.801: W/Primes(19038): background initialization
11-16 09:56:23.820: I/PrimesTesting(19038): GserviceFlagsSupplier.get()
11-16 09:56:23.821: E/akgg(11046): Phenotype API error. Event # btlq@90b9e33b, EventCode: 5 [CONTEXT service_id=51 ]
11-16 09:56:23.821: E/akgg(11046): akfs: 29501: Stale snapshot (change count changed - expected 2  but was 1)
11-16 09:56:23.821: E/akgg(11046): 	at akgi.b(:com.google.android.gms@213614028@21.36.14 (100400-395708125):14)
11-16 09:56:23.821: E/akgg(11046): 	at akgh.e(:com.google.android.gms@213614028@21.36.14 (100400-395708125):0)
11-16 09:56:23.821: E/akgg(11046): 	at akgg.d(:com.google.android.gms@213614028@21.36.14 (100400-395708125):4)
11-16 09:56:23.821: E/akgg(11046): 	at akgg.f(:com.google.android.gms@213614028@21.36.14 (100400-395708125):2)
11-16 09:56:23.821: E/akgg(11046): 	at xna.run(:com.google.android.gms@213614028@21.36.14 (100400-395708125):17)
11-16 09:56:23.821: E/akgg(11046): 	at bfyg.run(:com.google.android.gms@213614028@21.36.14 (100400-395708125):2)
11-16 09:56:23.821: E/akgg(11046): 	at rgh.c(:com.google.android.gms@213614028@21.36.14 (100400-395708125):6)
11-16 09:56:23.821: E/akgg(11046): 	at rgh.run(:com.google.android.gms@213614028@21.36.14 (100400-395708125):7)
11-16 09:56:23.821: E/akgg(11046): 	at java.util.concurrent.ThreadPoolExecutor.runWorker(ThreadPoolExecutor.java:1167)
11-16 09:56:23.821: E/akgg(11046): 	at java.util.concurrent.ThreadPoolExecutor$Worker.run(ThreadPoolExecutor.java:641)
11-16 09:56:23.821: E/akgg(11046): 	at rkn.run(:com.google.android.gms@213614028@21.36.14 (100400-395708125):0)
11-16 09:56:23.821: E/akgg(11046): 	at java.lang.Thread.run(Thread.java:764)
11-16 09:56:23.822: E/AsyncOperation(11046): operation=CommitToConfigurationOperationCall, opStatusCode=29501 [CONTEXT service_id=51 ]
11-16 09:56:23.822: E/AsyncOperation(11046): OperationException[Status{statusCode=Stale snapshot (change count changed - expected 2  but was 1), resolution=null}]
11-16 09:56:23.822: E/AsyncOperation(11046): 	at akgg.d(:com.google.android.gms@213614028@21.36.14 (100400-395708125):6)
11-16 09:56:23.822: E/AsyncOperation(11046): 	at akgg.f(:com.google.android.gms@213614028@21.36.14 (100400-395708125):2)
11-16 09:56:23.822: E/AsyncOperation(11046): 	at xna.run(:com.google.android.gms@213614028@21.36.14 (100400-395708125):17)
11-16 09:56:23.822: E/AsyncOperation(11046): 	at bfyg.run(:com.google.android.gms@213614028@21.36.14 (100400-395708125):2)
11-16 09:56:23.822: E/AsyncOperation(11046): 	at rgh.c(:com.google.android.gms@213614028@21.36.14 (100400-395708125):6)
11-16 09:56:23.822: E/AsyncOperation(11046): 	at rgh.run(:com.google.android.gms@213614028@21.36.14 (100400-395708125):7)
11-16 09:56:23.822: E/AsyncOperation(11046): 	at java.util.concurrent.ThreadPoolExecutor.runWorker(ThreadPoolExecutor.java:1167)
11-16 09:56:23.822: E/AsyncOperation(11046): 	at java.util.concurrent.ThreadPoolExecutor$Worker.run(ThreadPoolExecutor.java:641)
11-16 09:56:23.822: E/AsyncOperation(11046): 	at rkn.run(:com.google.android.gms@213614028@21.36.14 (100400-395708125):0)
11-16 09:56:23.822: E/AsyncOperation(11046): 	at java.lang.Thread.run(Thread.java:764)
11-16 09:56:23.824: E/MendelPackageState(19038): Failed to commit to config
11-16 09:56:23.824: E/MendelPackageState(19038): fct: 29501: Stale snapshot (change count changed - expected 2  but was 1)
11-16 09:56:23.824: E/MendelPackageState(19038): 	at fhj.a(PG:4)
11-16 09:56:23.824: E/MendelPackageState(19038): 	at fhj.a(PG:1)
11-16 09:56:23.824: E/MendelPackageState(19038): 	at fss.e(PG:6)
11-16 09:56:23.824: E/MendelPackageState(19038): 	at fsx.a(PG:34)
11-16 09:56:23.824: E/MendelPackageState(19038): 	at bdt.onTransact(PG:4)
11-16 09:56:23.824: E/MendelPackageState(19038): 	at android.os.Binder.execTransact(Binder.java:731)
11-16 09:56:24.010: I/android.vendin(18449): Waiting for a blocking GC ProfileSaver
11-16 09:56:24.062: W/System(18449): A resource failed to call end. 
11-16 09:56:24.063: I/android.vendin(18449): WaitForGcToComplete blocked ProfileSaver on AddRemoveAppImageSpace for 52.838ms
11-16 09:56:24.085: I/ActivityManager(1164): Killing 18099:com.google.android.euicc/u0a67 (adj 906): empty #17
11-16 09:56:24.086: W/libprocessgroup(1164): kill(-18099, 9) failed: No such process
11-16 09:56:24.095: E/s:nonpersisten(19082): Not starting debugger since process cannot load the jdwp agent.
11-16 09:56:24.097: I/ActivityManager(1164): Start proc 19082:com.google.android.as:nonpersistent/u0a43 for broadcast com.google.android.as/com.google.android.apps.miphone.aiai.allapps.broadcastreceiver.SystemBroadcastReceiver
11-16 09:56:24.098: W/libprocessgroup(1164): kill(-18099, 9) failed: No such process
11-16 09:56:24.102: I/Zygote(738): Process 18099 exited due to signal (9)
11-16 09:56:24.109: W/libprocessgroup(1164): kill(-18099, 9) failed: No such process
11-16 09:56:24.109: I/libprocessgroup(1164): Successfully killed process cgroup uid 10067 pid 18099 in 23ms
11-16 09:56:24.133: I/cr_CronetLibraryLoader(19082): Cronet version: 68.0.3430.2, arch: armv8l
11-16 09:56:24.144: I/AiAi(19082): AiAi onCreate, isDebug: false
11-16 09:56:24.150: I/AiAiMatchmaker(19082): Install SilentFeedback Handler: true
11-16 09:56:24.159: I/ActivityManager(1164): Killing 10178:com.google.android.apps.messaging:rcs/u0a111 (adj 1001): empty #17
11-16 09:56:24.160: W/libprocessgroup(1164): kill(-10178, 9) failed: No such process
11-16 09:56:24.171: I/ActivityManager(1164): Start proc 19113:com.google.android.calendar/u0a124 for broadcast com.google.android.calendar/com.android.calendar.widget.CalendarAppWidgetProvider
11-16 09:56:24.175: E/ndroid.calenda(19113): Not starting debugger since process cannot load the jdwp agent.
11-16 09:56:24.181: W/libprocessgroup(1164): kill(-10178, 9) failed: No such process
11-16 09:56:24.188: D/ConnectivityService(1164): ConnectivityService NetworkRequestInfo binderDied(NetworkRequest [ TRACK_DEFAULT id=27, [ Capabilities: INTERNET&NOT_RESTRICTED&TRUSTED Unwanted:  Uid: 10111] ], android.os.BinderProxy@dbc9692)
11-16 09:56:24.188: I/Zygote(738): Process 10178 exited due to signal (9)
11-16 09:56:24.189: D/ConnectivityService(1164): releasing NetworkRequest [ TRACK_DEFAULT id=27, [ Capabilities: INTERNET&NOT_RESTRICTED&TRUSTED Unwanted:  Uid: 10111] ] (release request)
11-16 09:56:24.190: W/ActivityManager(1164): Scheduling restart of crashed service com.google.android.apps.messaging/com.google.android.ims.service.JibeService in 1000ms
11-16 09:56:24.201: I/ndroid.calenda(19113): The ClassLoaderContext is a special shared library.
11-16 09:56:24.223: W/libprocessgroup(1164): kill(-10178, 9) failed: No such process
11-16 09:56:24.223: I/libprocessgroup(1164): Successfully killed process cgroup uid 10111 pid 10178 in 63ms
11-16 09:56:24.428: W/.apps.wellbein(19038): Unknown chunk type '200'.
11-16 09:56:24.793: I/ActivityManager(1164): Start proc 19133:com.google.android.configupdater/u0a29 for service com.google.android.configupdater/.MainJobService
11-16 09:56:24.793: E/d.configupdate(19133): Not starting debugger since process cannot load the jdwp agent.
11-16 09:56:24.811: I/d.configupdate(19133): The ClassLoaderContext is a special shared library.
11-16 09:56:24.835: I/ActivityManager(1164): Start proc 19152:com.android.providers.calendar/u0a44 for content provider com.android.providers.calendar/.CalendarProvider2
11-16 09:56:24.836: I/ActivityManager(1164): Killing 10033:com.google.android.ims/u0a25 (adj 906): empty #17
11-16 09:56:24.837: W/libprocessgroup(1164): kill(-10033, 9) failed: No such process
11-16 09:56:24.842: E/viders.calenda(19152): Not starting debugger since process cannot load the jdwp agent.
11-16 09:56:24.844: W/Primes(19113): Primes not initialized, returning default (no-op) Primes instance which will ignore all calls. Please call Primes.initialize(...) before using any Primes API.
11-16 09:56:24.854: D/ConnectivityService(1164): ConnectivityService NetworkRequestInfo binderDied(NetworkRequest [ TRACK_DEFAULT id=25, [ Capabilities: INTERNET&NOT_RESTRICTED&TRUSTED Unwanted:  Uid: 10025] ], android.os.BinderProxy@40bb6cb)
11-16 09:56:24.854: D/ConnectivityService(1164): releasing NetworkRequest [ TRACK_DEFAULT id=25, [ Capabilities: INTERNET&NOT_RESTRICTED&TRUSTED Unwanted:  Uid: 10025] ] (release request)
11-16 09:56:24.855: I/Zygote(738): Process 10033 exited due to signal (9)
11-16 09:56:24.874: I/CalendarProvider2(19152): Created com.android.providers.calendar.CalendarAlarmManager@2dbedb7(com.android.providers.calendar.CalendarProvider2@c9c2924)
11-16 09:56:24.880: W/libprocessgroup(1164): kill(-10033, 9) failed: No such process
11-16 09:56:24.880: I/libprocessgroup(1164): Successfully killed process cgroup uid 10025 pid 10033 in 42ms
11-16 09:56:24.899: E/Backup(13178): [BackupTransportMigratorChimeraService] Could not migrate transport!
11-16 09:56:24.901: I/Backup(13178): [BackupTransportMigratorChimeraService] Starting migration...
11-16 09:56:24.959: I/ActivityManager(1164): Start proc 19185:com.google.android.contacts/u0a90 for broadcast com.google.android.contacts/com.google.android.apps.contacts.receiver.LocaleChangeReceiver
11-16 09:56:24.963: E/ndroid.contact(19185): Not starting debugger since process cannot load the jdwp agent.
11-16 09:56:24.987: I/ndroid.contact(19185): The ClassLoaderContext is a special shared library.
11-16 09:56:25.038: W/GrowthKit(19113): Failed to get phenotypeManager in PhenotypeBroadcastReceiver
11-16 09:56:25.038: W/GrowthKit(19113): java.lang.NullPointerException: Unable to get GrowthKit Component from host app.
11-16 09:56:25.038: W/GrowthKit(19113): 	at com.google.android.libraries.internal.growth.growthkit.inject.GrowthKit.get(GrowthKit.java:43)
11-16 09:56:25.038: W/GrowthKit(19113): 	at com.google.android.libraries.internal.growth.growthkit.internal.experiments.impl.PhenotypeBroadcastReceiver.onReceive(PhenotypeBroadcastReceiver.java:25)
11-16 09:56:25.038: W/GrowthKit(19113): 	at android.app.ActivityThread.handleReceiver(ActivityThread.java:3417)
11-16 09:56:25.038: W/GrowthKit(19113): 	at android.app.ActivityThread.access$1200(ActivityThread.java:200)
11-16 09:56:25.038: W/GrowthKit(19113): 	at android.app.ActivityThread$H.handleMessage(ActivityThread.java:1667)
11-16 09:56:25.038: W/GrowthKit(19113): 	at android.os.Handler.dispatchMessage(Handler.java:106)
11-16 09:56:25.038: W/GrowthKit(19113): 	at android.os.Looper.loop(Looper.java:193)
11-16 09:56:25.038: W/GrowthKit(19113): 	at android.app.ActivityThread.main(ActivityThread.java:6718)
11-16 09:56:25.038: W/GrowthKit(19113): 	at java.lang.reflect.Method.invoke(Native Method)
11-16 09:56:25.038: W/GrowthKit(19113): 	at com.android.internal.os.RuntimeInit$MethodAndArgsCaller.run(RuntimeInit.java:493)
11-16 09:56:25.038: W/GrowthKit(19113): 	at com.android.internal.os.ZygoteInit.main(ZygoteInit.java:858)
11-16 09:56:25.082: I/a.x.s.s.a.AndroidDataba(19113): Obtained writable database SQLiteDatabase/56819291 instance with path /data/user/0/com.google.android.calendar/databases/cal_v2a
11-16 09:56:25.088: I/ActivityManager(1164): Killing 18134:com.google.android.partnersetup/u0a49 (adj 906): empty #17
11-16 09:56:25.091: I/a.x.s.s.MigrationRunner(19113): Table xplat_schema_version not found. Falling back to no version.
11-16 09:56:25.093: W/libprocessgroup(1164): kill(-18134, 9) failed: No such process
11-16 09:56:25.101: I/a.x.s.s.MigrationRunner(19113): The schema version is 13, the database version is 0, and there are 18 migrations
11-16 09:56:25.110: I/a.x.s.s.SqliteMigration(19113): SqlDropAllTablesMigration is dropping tables in this order: []
11-16 09:56:25.112: I/Zygote(738): Process 18134 exited due to signal (9)
11-16 09:56:25.138: W/libprocessgroup(1164): kill(-18134, 9) failed: No such process
11-16 09:56:25.138: I/libprocessgroup(1164): Successfully killed process cgroup uid 10049 pid 18134 in 45ms
11-16 09:56:25.238: W/PrimesInit(19185): Primes instant initialization
11-16 09:56:25.242: W/Primes(19185): background initialization
11-16 09:56:25.246: I/ActivityManager(1164): Killing 18153:com.google.intelligence.sense/u0a31 (adj 906): empty #17
11-16 09:56:25.247: W/libprocessgroup(1164): kill(-18153, 9) failed: No such process
11-16 09:56:25.258: I/ActivityManager(1164): Start proc 19266:com.google.android.deskclock/u0a119 for broadcast com.google.android.deskclock/com.android.deskclock.AlarmInitReceiver
11-16 09:56:25.256: W/libprocessgroup(1164): kill(-18153, 9) failed: No such process
11-16 09:56:25.261: E/droid.deskcloc(19266): Not starting debugger since process cannot load the jdwp agent.
11-16 09:56:25.277: I/Zygote(738): Process 18153 exited due to signal (9)
11-16 09:56:25.280: I/droid.deskcloc(19266): The ClassLoaderContext is a special shared library.
11-16 09:56:25.283: W/libprocessgroup(1164): kill(-18153, 9) failed: No such process
11-16 09:56:25.283: I/libprocessgroup(1164): Successfully killed process cgroup uid 10031 pid 18153 in 35ms
11-16 09:56:25.350: W/ndroid.contact(19185): Verification of android.graphics.Typeface ms.a(android.content.Context, android.content.res.Resources, android.util.TypedValue, int, int, lv, boolean) took 103.790ms
11-16 09:56:25.353: I/Finsky(18449): [155] abzb.b(5): SCH: Jobs in database: 1-1337 3-2 12-1 24-77777777 26-1414141414 29-29 31-305419896 37-0 
11-16 09:56:25.384: W/PrimesInit(19266): Primes instant initialization
11-16 09:56:25.384: W/Primes(19266): background initialization
11-16 09:56:25.392: I/GAv4(19266): Google Analytics 18.5.89 is starting up. To enable debug logging on a device run:
11-16 09:56:25.392: I/GAv4(19266):   adb shell setprop log.tag.GAv4 DEBUG
11-16 09:56:25.392: I/GAv4(19266):   adb logcat -s GAv4
11-16 09:56:25.404: I/FontLog(11046): Received query Google Sans:500, URI content://com.google.android.gms.fonts [CONTEXT service_id=132 ]
11-16 09:56:25.405: I/FontLog(11046): Query [Google Sans:500] resolved to {Google Sans, wdth 100.0, wght 500, ital 0.0, bestEffort false} [CONTEXT service_id=132 ]
11-16 09:56:25.407: I/FontLog(11046): Font PFD returned from cache for {Google Sans, wdth 100.0, wght 500, ital 0.0, bestEffort false} [CONTEXT service_id=132 ]
11-16 09:56:25.407: I/FontLog(11046): Fetch {Google Sans, wdth 100.0, wght 500, ital 0.0, bestEffort false} end status Status{statusCode=SUCCESS, resolution=null} [CONTEXT service_id=132 ]
11-16 09:56:25.412: W/GAv4(19266): AnalyticsReceiver is not registered or is disabled. Register the receiver for reliable dispatching on non-Google Play devices. See http://goo.gl/8Rd3yj for instructions.
11-16 09:56:25.412: I/FontLog(11046): Pulling font file for id = 6, cache size = 6 [CONTEXT service_id=132 ]
11-16 09:56:25.413: W/GAv4(19266): CampaignTrackingReceiver is not registered, not exported or is disabled. Installation campaign tracking is not possible. See http://goo.gl/8Rd3yj for instructions.
11-16 09:56:25.414: W/GAv4(19266): AnalyticsService not registered in the app manifest. Hits might not be delivered reliably. See http://goo.gl/8Rd3yj for instructions.
11-16 09:56:25.414: I/PrimesTesting(19266): GserviceFlagsSupplier.get()
11-16 09:56:25.417: I/Finsky(18449): [2] abwr.b(10): SCH: Running job: 37-0
11-16 09:56:25.421: I/FontLog(11046): Received query Google Sans, URI content://com.google.android.gms.fonts [CONTEXT service_id=132 ]
11-16 09:56:25.421: I/FontLog(11046): Query [Google Sans] resolved to {Google Sans, wdth 100.0, wght 400, ital 0.0, bestEffort false} [CONTEXT service_id=132 ]
11-16 09:56:25.423: I/FontLog(11046): Font PFD returned from cache for {Google Sans, wdth 100.0, wght 400, ital 0.0, bestEffort false} [CONTEXT service_id=132 ]
11-16 09:56:25.423: I/FontLog(11046): Fetch {Google Sans, wdth 100.0, wght 400, ital 0.0, bestEffort false} end status Status{statusCode=SUCCESS, resolution=null} [CONTEXT service_id=132 ]
11-16 09:56:25.426: I/FontLog(11046): Pulling font file for id = 7, cache size = 7 [CONTEXT service_id=132 ]
11-16 09:56:25.429: I/AlarmClock(19266): AlarmInitReceiver android.intent.action.LOCALE_CHANGED
11-16 09:56:25.433: I/Finsky(18449): [2] LanguageSplitInstallEventJob.d(5): Clear bulk acquire cache.
11-16 09:56:25.435: I/Finsky(18449): [2] ajki.a(1): Checking for new language splits.
11-16 09:56:25.435: I/Finsky(18449): [2] ajki.a(2): Updating language store, changed to [en]
11-16 09:56:25.437: I/Finsky(18449): [2] alsm.b(5): Clearing cache.
11-16 09:56:25.444: I/Finsky(18449): [162] hzi.h(3): Commerce cache was cleared.
11-16 09:56:25.447: I/AlarmClock(19266): DigitalAppWidgetProvider processing Intent { act=android.intent.action.LOCALE_CHANGED flg=0x11200010 cmp=com.google.android.deskclock/com.android.alarmclock.DigitalAppWidgetProvider }
11-16 09:56:25.447: I/Finsky(18449): [183] ajjw.a(14): Existing languages: []
11-16 09:56:25.451: D/Volley(18449): [167] alsu.e: Cache cleared.
11-16 09:56:25.457: I/ActivityManager(1164): Killing 18030:com.google.android.gmscore.testing.testsupport/u0a170 (adj 906): empty #17
11-16 09:56:25.456: D/Volley(18449): [214] alsu.e: Cache cleared.
11-16 09:56:25.457: W/libprocessgroup(1164): kill(-18030, 9) failed: No such process
11-16 09:56:25.468: I/ActivityManager(1164): Start proc 19304:com.google.android.dialer/u0a64 for broadcast com.google.android.dialer/com.android.dialer.notification.channel.NotificationChannelUpdateReceiver
11-16 09:56:25.471: E/.android.diale(19304): Not starting debugger since process cannot load the jdwp agent.
11-16 09:56:25.471: I/Zygote(738): Process 18030 exited due to signal (9)
11-16 09:56:25.472: D/BoundBrokerSvc(13178): onUnbind: Intent { act=com.google.android.gms.testsupport.service.START pkg=com.google.android.gms }
11-16 09:56:25.475: D/Volley(18449): [2] alst.e: Cache cleared.
11-16 09:56:25.490: I/Finsky(18449): [2] abwr.b(10): SCH: Running job: 31-305419896
11-16 09:56:25.492: W/Finsky(18449): [2] fjv.c(22): For unauth, use getDfeApiNonAuthenticated() instead!
11-16 09:56:25.493: I/Finsky(18449): [2] abwq.handleMessage(59): SCH: RunningQueue size: 2, PendingQueue size: 0
11-16 09:56:25.493: I/Finsky(18449): [2] abwr.p(3): SCH: Running queue: 37-0 31-305419896 
11-16 09:56:25.497: I/.android.diale(19304): The ClassLoaderContext is a special shared library.
11-16 09:56:25.498: I/Finsky(18449): [183] ajjz.a(24): Language change to [en], of which [en] are new, removed [].
11-16 09:56:25.498: I/.android.diale(19304): The ClassLoaderContext is a special shared library.
11-16 09:56:25.498: I/Finsky(18449): [183] ajkf.a(16): Language store updated - wasNewLanguageAdded=true
11-16 09:56:25.500: I/Finsky(18449): [164] ajia.run(13): Checking for language splits...
11-16 09:56:25.500: W/libprocessgroup(1164): kill(-18030, 9) failed: No such process
11-16 09:56:25.500: I/libprocessgroup(1164): Successfully killed process cgroup uid 10170 pid 18030 in 43ms
11-16 09:56:25.509: I/Finsky(18449): [169] lth.l(1): Account name null when calculating account hash
11-16 09:56:25.614: E/Volley(18449): [169] ddz.a: Unexpected response code 404 for https://play-fe.googleapis.com/fdfe/deviceSettings
11-16 09:56:25.615: W/Finsky(18449): [169] fla.h(9): IOException while manually unzipping request.
11-16 09:56:25.617: E/Finsky(18449): [150] lwd.b(5): Error getting device settings.
11-16 09:56:25.617: E/Finsky(18449): network time: 115, HTTP status code: 404, exception com.android.volley.ClientError
11-16 09:56:25.617: E/Finsky(18449): 	at wcl.hn(Unknown Source:4)
11-16 09:56:25.617: E/Finsky(18449): 	at ddj.r(PG:2)
11-16 09:56:25.617: E/Finsky(18449): 	at fcf.r(PG:3)
11-16 09:56:25.617: E/Finsky(18449): 	at ddc.run(PG:3)
11-16 09:56:25.617: E/Finsky(18449): 	at android.os.Handler.handleCallback(Handler.java:873)
11-16 09:56:25.617: E/Finsky(18449): 	at android.os.Handler.dispatchMessage(Handler.java:99)
11-16 09:56:25.617: E/Finsky(18449): 	at android.os.Looper.loop(Looper.java:193)
11-16 09:56:25.617: E/Finsky(18449): 	at android.app.ActivityThread.main(ActivityThread.java:6718)
11-16 09:56:25.617: E/Finsky(18449): 	at java.lang.reflect.Method.invoke(Native Method)
11-16 09:56:25.617: E/Finsky(18449): 	at com.android.internal.os.RuntimeInit$MethodAndArgsCaller.run(RuntimeInit.java:493)
11-16 09:56:25.617: E/Finsky(18449): 	at com.android.internal.os.ZygoteInit.main(ZygoteInit.java:858)
11-16 09:56:25.617: E/Finsky(18449): [150] lvw.b(1): Error while refreshing device settings: network time: 115, HTTP status code: 404, exception com.android.volley.ClientError. Retrying.
11-16 09:56:25.617: E/Finsky(18449): network time: 115, HTTP status code: 404, exception com.android.volley.ClientError
11-16 09:56:25.617: E/Finsky(18449): 	at wcl.hn(Unknown Source:4)
11-16 09:56:25.617: E/Finsky(18449): 	at ddj.r(PG:2)
11-16 09:56:25.617: E/Finsky(18449): 	at fcf.r(PG:3)
11-16 09:56:25.617: E/Finsky(18449): 	at ddc.run(PG:3)
11-16 09:56:25.617: E/Finsky(18449): 	at android.os.Handler.handleCallback(Handler.java:873)
11-16 09:56:25.617: E/Finsky(18449): 	at android.os.Handler.dispatchMessage(Handler.java:99)
11-16 09:56:25.617: E/Finsky(18449): 	at android.os.Looper.loop(Looper.java:193)
11-16 09:56:25.617: E/Finsky(18449): 	at android.app.ActivityThread.main(ActivityThread.java:6718)
11-16 09:56:25.617: E/Finsky(18449): 	at java.lang.reflect.Method.invoke(Native Method)
11-16 09:56:25.617: E/Finsky(18449): 	at com.android.internal.os.RuntimeInit$MethodAndArgsCaller.run(RuntimeInit.java:493)
11-16 09:56:25.617: E/Finsky(18449): 	at com.android.internal.os.ZygoteInit.main(ZygoteInit.java:858)
11-16 09:56:25.618: I/Finsky(18449): [150] abya.n(4): SCH: jobFinished: 31-305419896. TimeElapsed: 127ms.
11-16 09:56:25.620: I/Finsky(18449): [2] abwr.e(7): SCH: Job 31-305419896 finished. Rescheduling.
11-16 09:56:25.622: I/Finsky(18449): [2] abwq.handleMessage(59): SCH: RunningQueue size: 1, PendingQueue size: 0
11-16 09:56:25.622: I/Finsky(18449): [2] abwr.p(3): SCH: Running queue: 37-0 
11-16 09:56:25.719: I/PrimesTesting(19185): GserviceFlagsSupplier.get()
11-16 09:56:25.736: I/Dialer(19304): DuoModule.provideDuo - enabled, returning impl
11-16 09:56:25.800: D/BoundBrokerSvc(13178): onBind: Intent { act=com.google.android.gms.telephonyspam.service.START pkg=com.google.android.gms }
11-16 09:56:25.800: D/BoundBrokerSvc(13178): Loading bound service for intent: Intent { act=com.google.android.gms.telephonyspam.service.START pkg=com.google.android.gms }
11-16 09:56:25.815: D/BoundBrokerSvc(13178): onBind: Intent { act=com.google.android.gms.auth.service.START pkg=com.google.android.gms }
11-16 09:56:25.815: D/BoundBrokerSvc(13178): Loading bound service for intent: Intent { act=com.google.android.gms.auth.service.START pkg=com.google.android.gms }
11-16 09:56:25.860: I/Dialer(19304): ClearcutMetricsInitializer.initialize - enter
11-16 09:56:25.867: W/PrimesInit(19304): Primes instant initialization
11-16 09:56:25.868: I/Dialer(19304): ClearcutMetricsInitializer.initialize - primes metrics monitoring started!
11-16 09:56:25.868: W/Primes(19304): background initialization
11-16 09:56:25.868: I/Dialer(19304): PrimesMetrics.startTimer - Application.onCreate is empty
11-16 09:56:25.878: I/PrimesTesting(19304): GserviceFlagsSupplier.get()
11-16 09:56:25.890: I/Dialer(19304): DialerExecutorModule.newThread - creating low priority thread
11-16 09:56:25.891: I/Dialer(19304): DialerExecutorModule.newThread - creating low priority thread
11-16 09:56:25.895: I/Dialer(19304): DialerExecutorModule.newThread - creating low priority thread
11-16 09:56:25.896: I/Dialer(19304): CallLogFramework.registerContentObserversAndRefreshReceiver - enter
11-16 09:56:25.897: I/Dialer(19304): SystemCallLogDataSource.registerContentObservers - enter
11-16 09:56:25.901: I/Dialer(19304): CallLogConfigImpl.schedulePollingJob - scheduling
11-16 09:56:25.903: I/Dialer(19304): RefreshAnnotatedCallLogNotifier.notify - checkDirty=true
11-16 09:56:25.917: I/Dialer(19304): NonUiTaskBuilder.newThread - creating serial thread
11-16 09:56:25.920: I/Dialer(19304): DialerExecutorModule.newThread - creating low priority thread
11-16 09:56:25.921: I/Dialer(19304): ShortcutsJobScheduler.scheduleAllJobs - enter
11-16 09:56:25.924: I/Dialer(19304): ShortcutsJobScheduler.scheduleAllJobs - enabling shortcuts
11-16 09:56:25.924: I/Dialer(19304): PeriodicJobService.schedulePeriodicJob - enter
11-16 09:56:25.925: I/Dialer(19304): PeriodicJobService.schedulePeriodicJob - job already scheduled.
11-16 09:56:25.939: I/Dialer(19304): NotificationChannelUpdateReceiver.onReceive - updateChannels
11-16 09:56:25.958: I/Dialer(19304): RefreshAnnotatedCallLogReceiver.onReceive - enter
11-16 09:56:25.958: I/Dialer(19304): RefreshAnnotatedCallLogReceiver.refreshAnnotatedCallLog - enter
11-16 09:56:25.959: I/Dialer(19304): RefreshAnnotatedCallLogReceiver.refreshAnnotatedCallLog - start refreshing, checkDirty=true
11-16 09:56:25.959: I/Dialer(19304): RefreshAnnotatedCallLogWorker.refresh - submitting serialized refresh request
11-16 09:56:25.961: I/ActivityManager(1164): Killing 18267:com.android.carrierdefaultapp/u0a84 (adj 906): empty #17
11-16 09:56:25.961: W/libprocessgroup(1164): kill(-18267, 9) failed: No such process
11-16 09:56:25.967: I/Dialer(19304): DialerExecutorModule.newThread - creating low priority thread
11-16 09:56:25.972: I/ActivityManager(1164): Start proc 19364:com.google.android.gm/u0a100 for broadcast com.google.android.gm/.MailIntentReceiver
11-16 09:56:25.973: E/ogle.android.g(19364): Not starting debugger since process cannot load the jdwp agent.
11-16 09:56:25.973: I/Dialer(19304): RefreshAnnotatedCallLogWorker.checkDirtyAndRebuildIfNecessary - starting refresh flow
11-16 09:56:25.978: I/Zygote(738): Process 18267 exited due to signal (9)
11-16 09:56:25.985: E/kvw(19304): RuntimeException while executing runnable bxg@9d0ab2 with executor MoreExecutors.directExecutor()
11-16 09:56:25.985: E/kvw(19304): java.util.concurrent.CancellationException: Task was cancelled.
11-16 09:56:25.985: E/kvw(19304): 	at kvw.b(PG:2)
11-16 09:56:25.985: E/kvw(19304): 	at kvw.get(PG:2)
11-16 09:56:25.985: E/kvw(19304): 	at kzp.a(PG:3)
11-16 09:56:25.985: E/kvw(19304): 	at kyu.a(PG:15)
11-16 09:56:25.985: E/kvw(19304): 	at bxg.run(PG:2)
11-16 09:56:25.985: E/kvw(19304): 	at kxm.execute(Unknown Source:0)
11-16 09:56:25.985: E/kvw(19304): 	at kvw.b(PG:24)
11-16 09:56:25.985: E/kvw(19304): 	at kvw.a(PG:15)
11-16 09:56:25.985: E/kvw(19304): 	at kvw.cancel(PG:8)
11-16 09:56:25.985: E/kvw(19304): 	at bxi.a(PG:4)
11-16 09:56:25.985: E/kvw(19304): 	at kvw.a(PG:7)
11-16 09:56:25.985: E/kvw(19304): 	at kvw.cancel(PG:8)
11-16 09:56:25.985: E/kvw(19304): 	at bxi.a(PG:4)
11-16 09:56:25.985: E/kvw(19304): 	at kvw.a(PG:7)
11-16 09:56:25.985: E/kvw(19304): 	at kvw.a(PG:40)
11-16 09:56:25.985: E/kvw(19304): 	at bxf.a(PG:1)
11-16 09:56:25.985: E/kvw(19304): 	at bxg.run(PG:5)
11-16 09:56:25.985: E/kvw(19304): 	at kxm.execute(Unknown Source:0)
11-16 09:56:25.985: E/kvw(19304): 	at kvw.b(PG:24)
11-16 09:56:25.985: E/kvw(19304): 	at kvw.a(PG:38)
11-16 09:56:25.985: E/kvw(19304): 	at bya.a(PG:18)
11-16 09:56:25.985: E/kvw(19304): 	at brp.a(Unknown Source:7)
11-16 09:56:25.985: E/kvw(19304): 	at kwm.a(PG:2)
11-16 09:56:25.985: E/kvw(19304): 	at kwj.run(PG:6)
11-16 09:56:25.985: E/kvw(19304): 	at kyw.run(Unknown Source:7)
11-16 09:56:25.985: E/kvw(19304): 	at java.util.concurrent.ThreadPoolExecutor.runWorker(ThreadPoolExecutor.java:1167)
11-16 09:56:25.985: E/kvw(19304): 	at java.util.concurrent.ThreadPoolExecutor$Worker.run(ThreadPoolExecutor.java:641)
11-16 09:56:25.985: E/kvw(19304): 	at java.lang.Thread.run(Thread.java:764)
11-16 09:56:25.986: E/kvw(19304): RuntimeException while executing runnable bxg@54d1ffe with executor MoreExecutors.directExecutor()
11-16 09:56:25.986: E/kvw(19304): java.util.concurrent.CancellationException: Task was cancelled.
11-16 09:56:25.986: E/kvw(19304): 	at kvw.b(PG:2)
11-16 09:56:25.986: E/kvw(19304): 	at kvw.get(PG:2)
11-16 09:56:25.986: E/kvw(19304): 	at kzp.a(PG:3)
11-16 09:56:25.986: E/kvw(19304): 	at kyu.a(PG:15)
11-16 09:56:25.986: E/kvw(19304): 	at bxg.run(PG:2)
11-16 09:56:25.986: E/kvw(19304): 	at kxm.execute(Unknown Source:0)
11-16 09:56:25.986: E/kvw(19304): 	at kvw.b(PG:24)
11-16 09:56:25.986: E/kvw(19304): 	at kvw.a(PG:15)
11-16 09:56:25.986: E/kvw(19304): 	at kvw.cancel(PG:8)
11-16 09:56:25.986: E/kvw(19304): 	at bxi.a(PG:4)
11-16 09:56:25.986: E/kvw(19304): 	at kvw.a(PG:7)
11-16 09:56:25.986: E/kvw(19304): 	at kvw.cancel(PG:8)
11-16 09:56:25.986: E/kvw(19304): 	at bxi.a(PG:4)
11-16 09:56:25.986: E/kvw(19304): 	at kvw.a(PG:7)
11-16 09:56:25.986: E/kvw(19304): 	at kvw.a(PG:40)
11-16 09:56:25.986: E/kvw(19304): 	at bxf.a(PG:1)
11-16 09:56:25.986: E/kvw(19304): 	at bxg.run(PG:5)
11-16 09:56:25.986: E/kvw(19304): 	at kxm.execute(Unknown Source:0)
11-16 09:56:25.986: E/kvw(19304): 	at kvw.b(PG:24)
11-16 09:56:25.986: E/kvw(19304): 	at kvw.a(PG:38)
11-16 09:56:25.986: E/kvw(19304): 	at bya.a(PG:18)
11-16 09:56:25.986: E/kvw(19304): 	at brp.a(Unknown Source:7)
11-16 09:56:25.986: E/kvw(19304): 	at kwm.a(PG:2)
11-16 09:56:25.986: E/kvw(19304): 	at kwj.run(PG:6)
11-16 09:56:25.986: E/kvw(19304): 	at kyw.run(Unknown Source:7)
11-16 09:56:25.986: E/kvw(19304): 	at java.util.concurrent.ThreadPoolExecutor.runWorker(ThreadPoolExecutor.java:1167)
11-16 09:56:25.986: E/kvw(19304): 	at java.util.concurrent.ThreadPoolExecutor$Worker.run(ThreadPoolExecutor.java:641)
11-16 09:56:25.986: E/kvw(19304): 	at java.lang.Thread.run(Thread.java:764)
11-16 09:56:25.993: I/ogle.android.g(19364): The ClassLoaderContext is a special shared library.
11-16 09:56:25.996: I/Dialer(19304): RefreshAnnotatedCallLogWorker.checkDirtyAndRebuildIfNecessary - isDirty: true
11-16 09:56:26.006: W/libprocessgroup(1164): kill(-18267, 9) failed: No such process
11-16 09:56:26.007: I/libprocessgroup(1164): Successfully killed process cgroup uid 10084 pid 18267 in 45ms
11-16 09:56:26.019: I/Dialer(19304): SystemCallLogDataSource.fill - found 0 existing annotated call log ids
11-16 09:56:26.022: I/Dialer(19304): PhoneLookupHistoryDatabaseHelper.onCreate - enter
11-16 09:56:26.024: I/Dialer(19304): PhoneLookupHistoryDatabaseHelper.onCreate - took: 1ms
11-16 09:56:26.050: W/Finsky(18449): [164] fjv.c(22): For unauth, use getDfeApiNonAuthenticated() instead!
11-16 09:56:26.050: I/Finsky(18449): [164] fjv.f(2): getDfeApiOrNonauthenticated is returning unauth api
11-16 09:56:26.136: I/Dialer(19304): Flags.register - phenotype register status: true
11-16 09:56:26.138: I/Finsky(18449): [171] lth.l(1): Account name null when calculating account hash
11-16 09:56:26.183: I/Dialer(19304): SystemCallLogDataSource.handleInsertsAndUpdatesInternal - no results for REGULAR_CALL
11-16 09:56:26.200: I/Dialer(19304): SystemCallLogDataSource.handleInsertsAndUpdatesInternal - no results for CALL_IN_DIRECT_BOOT_MODE
11-16 09:56:26.202: W/System(18449): A resource failed to call end. 
11-16 09:56:26.207: I/Dialer(19304): SystemCallLogDataSource.handleDeletes - found 0 call log entries to remove
11-16 09:56:26.213: I/Dialer(19304): Flags.register - commit succeeded: true
11-16 09:56:26.227: I/Dialer(19304): SystemBlockedNumberPhoneLookup.getMostRecentPhoneLookupInfo - enter
11-16 09:56:26.305: I/Dialer(19304): SpamCallDataSource.fill - enter
11-16 09:56:26.305: I/Dialer(19304): SpamCallDataSource.handleInserts - enter
11-16 09:56:26.312: I/Dialer(19304): AnnotatedCallLogCoalescer.coalesce - enter
11-16 09:56:26.313: I/Dialer(19304): AnnotatedCallLogCoalescer.coalesceWithSelection - enter
11-16 09:56:26.316: I/Dialer(19304): ConversationHistoryCoalescer.coalesce - enter
11-16 09:56:26.316: I/Dialer(19304): AnnotatedCallLogCoalescer.coalesceWithSelection - enter
11-16 09:56:26.318: I/Dialer(19304): ConversationHistoryCoalescer.coalesce - conversation history disabled
11-16 09:56:26.323: I/Dialer(19304): AnnotatedCallLogCoalescer.coalesceInternal - enter
11-16 09:56:26.324: I/Dialer(19304): AnnotatedCallLogCoalescer.coalesceInternal - enter
11-16 09:56:26.328: I/Dialer(19304): CoalescedRowsDao.saveToFileForAllCalls - enter
11-16 09:56:26.328: I/Dialer(19304): CoalescedRowsDao.saveToFileForMissedCalls - enter
11-16 09:56:26.331: I/Dialer(19304): CoalescedRowsDao.save - acquiring write lock
11-16 09:56:26.332: I/Dialer(19304): CoalescedRowsDao.save - start writing coalesced rows
11-16 09:56:26.334: I/Dialer(19304): CoalescedRowsDao.save - write lock released
11-16 09:56:26.335: I/Dialer(19304): CoalescedRowsDao.save - acquiring write lock
11-16 09:56:26.335: I/Dialer(19304): CoalescedRowsDao.save - start writing coalesced rows
11-16 09:56:26.335: I/Dialer(19304): CoalescedRowsDao.save - write lock released
11-16 09:56:26.336: I/Dialer(19304): CoalescedRowsUpdatedNotifier.notifyForCallLogAllCalls - enter
11-16 09:56:26.336: I/Dialer(19304): CoalescedRowsUpdatedNotifier.notifyForCallLogMissedCalls - enter
11-16 09:56:26.344: I/Dialer(19304): CallLogCacheUpdater.updateCache - updated 0 rows
11-16 09:56:26.581: I/Finsky(18449): [2] ajih.kw(11): BulkDetails response obtained.
11-16 09:56:26.583: I/Finsky(18449): [2] ajja.a(21): No new splits to download.
11-16 09:56:26.584: I/Finsky(18449): [2] ajkh.run(138): Skipping check for new language splits in self-update.
11-16 09:56:26.587: I/Finsky(18449): [2] abya.n(4): SCH: jobFinished: 37-0. TimeElapsed: 1169ms.
11-16 09:56:26.588: I/Finsky(18449): [2] abwr.e(4): SCH: Job 37-0 finished. Not rescheduling.
11-16 09:56:26.589: I/Finsky(18449): [2] abwq.handleMessage(59): SCH: RunningQueue size: 0, PendingQueue size: 0
11-16 09:56:26.589: I/Finsky(18449): [2] abwq.handleMessage(26): SCH: Executor finished
11-16 09:56:26.600: I/Finsky(18449): [2] abzb.b(5): SCH: Jobs in database: 1-1337 3-2 12-1 24-77777777 26-1414141414 29-29 31-305419896 
11-16 09:56:26.601: I/ActivityManager(1164): Killing 18319:com.android.chrome/u0a107 (adj 906): empty #17
11-16 09:56:26.601: I/ActivityManager(1164): Killing 18293:com.android.cellbroadcastreceiver/u0a62 (adj 906): empty #18
11-16 09:56:26.602: W/libprocessgroup(1164): kill(-18319, 9) failed: No such process
11-16 09:56:26.608: W/libprocessgroup(1164): kill(-18319, 9) failed: No such process
11-16 09:56:26.614: I/Finsky(18449): [2] abxn.d(37): SCH: ConstraintMapping: 24-77777777,  -> L: 0ms, D: 81650486ms, C: false, I: true, N: 0
11-16 09:56:26.614: I/Finsky(18449): [2] abxn.d(37): SCH: ConstraintMapping: 1-1337, 12-1, 31-305419896,  -> L: 1011ms, D: 43893481ms, C: false, I: false, N: 1
11-16 09:56:26.615: I/Finsky(18449): [2] abxn.d(37): SCH: ConstraintMapping: 3-2,  -> L: 0ms, D: 86393657ms, C: true, I: true, N: 2
11-16 09:56:26.615: I/Finsky(18449): [2] abxn.d(37): SCH: ConstraintMapping: 26-1414141414, 29-29,  -> L: 22556ms, D: 52556ms, C: false, I: false, N: 0
11-16 09:56:26.619: W/libprocessgroup(1164): kill(-18319, 9) failed: No such process
11-16 09:56:26.621: I/Finsky(18449): [2] abxn.f(7): SCH: Cancelling existing jobscheduler jobs: 9004 9001 9003 
11-16 09:56:26.621: I/Finsky(18449): [2] abxn.e(8): SCH: Throttling wakeup for job 9000 (expected to run in 0 ms) due to recent wakeup
11-16 09:56:26.622: I/Finsky(18449): [2] abxn.e(23): SCH: Scheduling job Id: 9000, L: 30000, D: 81650486, C: false, I: true, N: 0
11-16 09:56:26.624: I/Finsky(18449): [2] abxn.e(8): SCH: Throttling wakeup for job 9005 (expected to run in 1011 ms) due to recent wakeup
11-16 09:56:26.624: I/Finsky(18449): [2] abxn.e(23): SCH: Scheduling job Id: 9005, L: 30000, D: 43893481, C: false, I: false, N: 1
11-16 09:56:26.625: I/Finsky(18449): [2] abxn.e(8): SCH: Throttling wakeup for job 9006 (expected to run in 0 ms) due to recent wakeup
11-16 09:56:26.626: I/Finsky(18449): [2] abxn.e(23): SCH: Scheduling job Id: 9006, L: 30000, D: 86393657, C: true, I: true, N: 2
11-16 09:56:26.626: W/ComponentDiscovery(19364): Application info not found.
11-16 09:56:26.626: W/ComponentDiscovery(19364): Could not retrieve metadata, returning empty list of registrars.
11-16 09:56:26.627: I/Zygote(738): Process 18293 exited due to signal (9)
11-16 09:56:26.628: I/Zygote(739): Process 18319 exited due to signal (9)
11-16 09:56:26.631: I/Finsky(18449): [2] abxn.e(8): SCH: Throttling wakeup for job 9007 (expected to run in 22556 ms) due to recent wakeup
11-16 09:56:26.632: I/Finsky(18449): [2] abxn.e(23): SCH: Scheduling job Id: 9007, L: 30000, D: 52556, C: false, I: false, N: 0
11-16 09:56:26.644: W/libprocessgroup(1164): kill(-18319, 9) failed: No such process
11-16 09:56:26.644: I/libprocessgroup(1164): Successfully killed process cgroup uid 10107 pid 18319 in 42ms
11-16 09:56:26.644: W/libprocessgroup(1164): kill(-18293, 9) failed: No such process
11-16 09:56:26.644: I/libprocessgroup(1164): Successfully killed process cgroup uid 10062 pid 18293 in 0ms
11-16 09:56:26.659: W/PrimesInit(19364): Primes instant initialization
11-16 09:56:26.660: W/Primes(19364): background initialization
11-16 09:56:26.675: W/GAV2(19364): Thread[main,5,main]: Need to call initialize() and be in fallback mode to start dispatch.
11-16 09:56:26.685: I/PrimesTesting(19364): GserviceFlagsSupplier.get()
11-16 09:56:26.695: E/Gmail(19364): Gmail:TotalBandwidthLoggerRunner: Bandwidth Value was not valid: BandwidthValue{txBytes=-1, rxBytes=-1, txPackets=-1, rxPackets=-1, startTimeMs=0, endTimeMs=1388566, connectivityType=TYPE_COMBINED, tag=TOTAL_APP_UID}
11-16 09:56:26.808: W/Gmail(19364): AccountUtils:For b/73513912, load account content://com.android.gmail.ui/account.-2137146394 from MailAppProvider. Is account valid result: 1.
11-16 09:56:26.811: W/Gmail(19364): AccountUtils:For b/73513912, load account content://com.google.android.gm.email.provider/account.-437561172?suppress_combined%3Dtrue from MailAppProvider. Is account valid result: 1.
11-16 09:56:26.854: D/AndroidRuntime(19430): >>>>>> START com.android.internal.os.RuntimeInit uid 2000 <<<<<<
11-16 09:56:26.858: I/LocaleChangeIO(11046): No action required after switch to en [CONTEXT service_id=231 ]
11-16 09:56:26.874: I/NearbyDiscovery(11046): DiscoveryService created [CONTEXT service_id=49 ]
11-16 09:56:26.883: W/ChimeraUtils(11046): Module com.google.android.gms.nearby has empty metadata display_name_string_id
11-16 09:56:26.888: I/LanguageSettingsHelper(10017): Removing enrollment utterances : Locale changed
11-16 09:56:26.888: E/UtteranceHandler(10017): Called deleteEnrollmentUtterances for null account
11-16 09:56:26.895: W/ChimeraUtils(11046): Module com.google.android.gms.nearby has empty metadata display_name_string_id
11-16 09:56:26.910: I/OpaEnabledReceiver(3653): Dispatching OPA eligble = true; AGSA = true; OPA enabled = true
11-16 09:56:26.910: I/OpaLayout(3653): Setting opa enabled to true
11-16 09:56:26.911: I/app_process(19430): The ClassLoaderContext is a special shared library.
11-16 09:56:26.911: I/OpaEligibilityChecker(10017): send OpaEligibilityChange broadcast to CommonBroadcastReceiver
11-16 09:56:26.911: I/OpaLayout(3653): Setting opa enabled to true
11-16 09:56:26.914: W/ActivityManager(1164): Unable to start service Intent { cmp=com.google.android.gm/com.android.email.service.AttachmentService } U=0: not found
11-16 09:56:26.915: I/DefaultSticker(3634): Received android.intent.action.LOCALE_CHANGED broadcast from null
11-16 09:56:26.918: I/FirebaseJobDispatcher(3634): Schedule task: DefaultStickerUpdate. Success.
11-16 09:56:26.918: I/DefaultStickerUpdate(3634): Scheduled update for locale=en, data=DefaultStickerTaskData{enabled=true, metadataUriPrefix=https://www.gstatic.com/android/keyboard/stickers/configs/v5/, supportedLanguage=en}, and reason=BROADCAST_LOCALE_CHANGED
11-16 09:56:26.931: I/BgTaskExecutorImpl(10017): Starting EXCLUSIVE background task UPDATE_HOTWORD_MODELS.
11-16 09:56:26.930: I/OpaEnabledReceiver(3653): Dispatching OPA eligble = true; AGSA = true; OPA enabled = true
11-16 09:56:26.931: I/OpaLayout(3653): Setting opa enabled to true
11-16 09:56:26.931: I/HotwordHelper(10017): hasHotwordEverywhere-false
11-16 09:56:26.931: I/OpaLayout(3653): Setting opa enabled to true
11-16 09:56:26.931: I/BgTaskExecutorImpl(10017): Starting EXCLUSIVE background task SEND_GSA_HOME_REQUEST.
11-16 09:56:26.932: W/SearchServiceCore(10017): Abort, client detached.
11-16 09:56:26.934: I/ActivityManager(1164): Start proc 19463:com.google.android.music:main/u0a75 for broadcast com.google.android.music/.notifications.NotificationChannelInitializationBroadcastReceiver
11-16 09:56:26.934: D/AndroidRuntime(19430): Calling main entry com.android.commands.am.Am
11-16 09:56:26.935: W/KeyphraseEnrollmentInfo(4128): No enrollment application supports the given keyphrase/locale: 'Ok Google'/en
11-16 09:56:26.935: I/GsaVoiceInteractionSrv(4128): Creating AOHD: Keyphrase - Ok Google, Locale - en/en-GB
11-16 09:56:26.936: W/SoundTriggerHelper(1164): Attempting stopRecognition without a successful startRecognition
11-16 09:56:26.936: W/AlwaysOnHotwordDetector(4128): stopRecognition() failed with error code -2147483648
11-16 09:56:26.936: W/AlwaysOnHotwordDetector(4128): Received message: 1 for an invalid detector
11-16 09:56:26.939: I/ActivityManager(1164): Force stopping androidx.navigation.fragment.test appid=10172 user=0: start instr
11-16 09:56:26.942: I/ThreadRunner(10017): setContextAndRunner
11-16 09:56:26.944: I/ModelDownloadController(10017): requestHotwordModelUpdate modelType-OK_GOOGLE
11-16 09:56:26.944: W/SoundModelDBHelper(1164): No SoundModel available for the given keyphrase
11-16 09:56:26.945: W/ModelDownloadController(10017): Failed fetching the hotword model location configuration
11-16 09:56:26.946: E/ModelDownloadController(10017): Invalid hotword model location.
11-16 09:56:26.948: I/PeopleDatabaseHelper(13178): Updating DB locale: en_US -> en
11-16 09:56:26.948: E/roid.music:mai(19463): Not starting debugger since process cannot load the jdwp agent.
11-16 09:56:26.956: W/SearchServiceCore(10017): Abort, client detached.
11-16 09:56:26.958: I/ActivityManager(1164): START u0 {act=com.android.intent.action.MANAGE_VOICE_KEYPHRASES flg=0x10000000 pkg=com.android.hotwordenrollment.okgoogle cmp=com.android.hotwordenrollment.okgoogle/.EnrollmentActivity (has extras)} from uid 10047
11-16 09:56:26.956: I/chatty(10017): uid=10047 com.google.android.googlequicksearchbox:search identical 2 lines
11-16 09:56:26.956: W/SearchServiceCore(10017): Abort, client detached.
11-16 09:56:26.966: I/n.fragment.tes(19479): Late-enabling -Xcheck:jni
11-16 09:56:26.972: D/android.hardware.power@1.3-service.crosshatch-libperfmgr(775): LAUNCH ON
11-16 09:56:26.975: I/roid.music:mai(19463): The ClassLoaderContext is a special shared library.
11-16 09:56:26.978: I/ActivityManager(1164): Start proc 19479:androidx.navigation.fragment.test/u0a172 for added application androidx.navigation.fragment.test
11-16 09:56:26.981: W/KeyphraseEnrollmentInfo(4128): No enrollment application supports the given keyphrase/locale: 'X Google'/en
11-16 09:56:27.002: W/SessionLifecycleManager(10017): Client : AttachedClient[44056868985892286, ClientConfig[mFlags=[default, headless, launch_external_voice_search_ui, support_transparent_background, legacy_leave_behind_dirty_session_fixme] mSuggestFlags=[0] mClientId=HOTWORD_SERVICE mSessionType=search]] has no associated SessionController
11-16 09:56:27.002: W/SearchServiceCore(10017): Abort, client detached.
11-16 09:56:27.005: I/ActivityManager(1164): Start proc 19491:com.android.hotwordenrollment.okgoogle/u0a45 for activity com.android.hotwordenrollment.okgoogle/.EnrollmentActivity
11-16 09:56:27.003: I/chatty(10017): uid=10047 com.google.android.googlequicksearchbox:search identical 1 line
11-16 09:56:27.003: W/SearchServiceCore(10017): Abort, client detached.
11-16 09:56:27.011: E/llment.okgoogl(19491): Not starting debugger since process cannot load the jdwp agent.
11-16 09:56:27.013: I/ActivityManager(1164): Killing 18425:com.android.sdm.plugins.sprintdm/1001 (adj 906): empty #17
11-16 09:56:27.014: I/PeopleSearchIndexManage(13178): Marking for index update.
11-16 09:56:27.016: W/libprocessgroup(1164): kill(-18425, 9) failed: No such process
11-16 09:56:27.029: I/MultiDex(19463): VM with version 2.1.0 has multidex support
11-16 09:56:27.029: I/MultiDex(19463): install
11-16 09:56:27.029: I/MultiDex(19463): VM has multidex support, MultiDex support library is disabled.
11-16 09:56:27.037: I/PeopleDatabaseHelper(13178): cleanUpNonGplusAccounts done.
11-16 09:56:27.038: I/PeopleSearchIndexManage(13178): Index version changed from 0
11-16 09:56:27.038: I/NearbyDiscovery(11046): Show notifications: 0 total, no changes since last shown, no-op. [CONTEXT service_id=49 ]
11-16 09:56:27.044: I/PeopleSearchIndexManage(13178): Rebuilding index...
11-16 09:56:27.046: E/libc(19491): Access denied finding property "vendor.debug.egl.profiler"
11-16 09:56:27.043: W/com.android.hotwordenrollment.okgoogle(19491): type=1400 audit(0.0:341): avc: denied { read } for comm=45474C20496E6974 name="u:object_r:vendor_default_prop:s0" dev="tmpfs" ino=24823 scontext=u:r:priv_app:s0:c512,c768 tcontext=u:object_r:vendor_default_prop:s0 tclass=file permissive=0
11-16 09:56:27.054: I/akia(11046): Removed 0 invalid users [CONTEXT service_id=51 ]
11-16 09:56:27.058: I/EnrollmentActivity(19491): Started by non-activity for action: 0, keyphrase: Ok Google, locale: en-GB
11-16 09:56:27.061: W/libprocessgroup(1164): kill(-18425, 9) failed: No such process
11-16 09:56:27.061: D/OpenGLRenderer(19491): Skia GL Pipeline
11-16 09:56:27.068: D/BoundBrokerSvc(13178): onBind: Intent { act=com.google.android.gms.findmydevice.spot.service.locationreport.START cmp=com.google.android.gms/.chimera.GmsApiService }
11-16 09:56:27.068: D/BoundBrokerSvc(13178): Loading bound service for intent: Intent { act=com.google.android.gms.findmydevice.spot.service.locationreport.START cmp=com.google.android.gms/.chimera.GmsApiService }
11-16 09:56:27.068: D/MusicLifecycle(19463): com.google.android.music.store.ConfigContentProvider generated event: Content provider created
11-16 09:56:27.073: I/Zygote(738): Process 18425 exited due to signal (9)
11-16 09:56:27.077: D/MusicLifecycle(19463): com.google.android.music.api.MusicPublicContentProvider generated event: Content provider created
11-16 09:56:27.079: I/n.fragment.tes(19479): The ClassLoaderContext is a special shared library.
11-16 09:56:27.080: I/PeopleASM(13178): Rebuilding autocomplete index...
11-16 09:56:27.081: I/n.fragment.tes(19479): The ClassLoaderContext is a special shared library.
11-16 09:56:27.083: I/PeopleSearchIndexManage(13178): Rebuilding index done.
11-16 09:56:27.093: D/MusicLifecycle(19463): com.google.android.music.store.MusicContentProvider generated event: Content provider created
11-16 09:56:27.093: I/Adreno(19491): QUALCOMM build                   : 3f88ca2, I42f6fe38fb
11-16 09:56:27.093: I/Adreno(19491): Build Date                       : 07/13/18
11-16 09:56:27.093: I/Adreno(19491): OpenGL ES Shader Compiler Version: EV031.24.00.00
11-16 09:56:27.093: I/Adreno(19491): Local Branch                     : 50.04
11-16 09:56:27.093: I/Adreno(19491): Remote Branch                    : 
11-16 09:56:27.093: I/Adreno(19491): Remote Branch                    : 
11-16 09:56:27.093: I/Adreno(19491): Reconstruct Branch               : 
11-16 09:56:27.093: I/Adreno(19491): Build Config                     : S P 4.0.10 AArch64
11-16 09:56:27.093: W/RenderThread(19491): type=1400 audit(0.0:342): avc: denied { read } for name="u:object_r:vendor_default_prop:s0" dev="tmpfs" ino=24823 scontext=u:r:priv_app:s0:c512,c768 tcontext=u:object_r:vendor_default_prop:s0 tclass=file permissive=0
11-16 09:56:27.095: E/libc(19491): Access denied finding property "ro.vendor.graphics.memory"
11-16 09:56:27.095: W/SoundTriggerHelper(1164): Attempting stopRecognition without a successful startRecognition
11-16 09:56:27.095: I/Adreno(19491): PFP: 0x016ee170, ME: 0x00000000
11-16 09:56:27.096: W/AlwaysOnHotwordDetector(4128): stopRecognition() failed with error code -2147483648
11-16 09:56:27.097: I/GoogleInputMethod(3634): onFinishInput() : Dummy InputConnection bound
11-16 09:56:27.098: I/GoogleInputMethod(3634): onStartInput() : Dummy InputConnection bound
11-16 09:56:27.099: I/ConfigStore(19491): android::hardware::configstore::V1_0::ISurfaceFlingerConfigs::hasWideColorDisplay retrieved: 1
11-16 09:56:27.099: I/ConfigStore(19491): android::hardware::configstore::V1_0::ISurfaceFlingerConfigs::hasHDRDisplay retrieved: 1
11-16 09:56:27.099: I/OpenGLRenderer(19491): Initialized EGL, version 1.4
11-16 09:56:27.100: D/OpenGLRenderer(19491): Swap behavior 2
11-16 09:56:27.101: I/GsaVoiceInteractionSrv(4128): Not starting recognition
11-16 09:56:27.103: W/libprocessgroup(1164): kill(-18425, 9) failed: No such process
