11-16 09:56:14.804: I/CarrierServices(10033):    carrier_services_security_flags_test_service_white_listed_packages: com.google.android.ims.mobly.snippets
11-16 09:56:14.804: I/CarrierServices(10033):    carrier_services_security_flags_test_service_white_listed_signatures: AE41481F52E0F58DF2806D5A38EB3DBCA5AE02B0,E165542B31953CC282AA4EF2F4D5F07F7663A2A2
11-16 09:56:14.804: I/CarrierServices(10033):    carrier_services_security_flags_white_listed_packages: com.google.android.apps.messaging,com.google.android.dialer,com.google.android.ims.client.sampleapp,com.android.contacts,com.lge.rcscall,com.android.incallui,com.huawei.incallui.appfeature.rcsfeature
11-16 09:56:14.804: I/CarrierServices(10033):    carrier_services_security_flags_white_listed_signatures: B28C3EDB665DF32686224DF800F603E9959BBE4E,0980A12BE993528C19107BC21AD811478C63CEFC,B38FA7B5ECFAEC44620A020752B07E063B3120A8,203997BC46B8792DC9747ABD230569071F9A0439,EDA6413C3E3A95492114FE07CD953AD897E40D1A,760EBB9F4200B3DFB1B817B40FF0563A3C150D39,5B368CFF2DA2686996BC95EAC190EAA4F5630FE5,01D845B26B688D8EF647205A5944E9407E52E06E,27196E386B875E76ADF700E7EA84E4C6EEE33DFA,1CDD04F1E4A732BB0352FDFAEE26D2315526DF85,025D5212BF3B5F5CDA6117A518721D70A94D84E0
11-16 09:56:14.804: I/CarrierServices(10033):    carrier_services_video_share_disabled_user_agent_substrings: SM-G930,SM-G935,SM-A320
11-16 09:56:14.804: I/CarrierServices(10033): ====================
11-16 09:56:14.806: I/TestSupport(13178): SetFlagOverridesOperation: com.google.android.gms.auth.api.credentials, '', [Flag(SaveStrategy__enableSaving, false, 2, 0)] [CONTEXT service_id=133 ]
11-16 09:56:14.810: I/Bugle(10157): ApnsOta: OTA version -1
11-16 09:56:14.840: D/CarrierServices(10033): log_saver already enabled
11-16 09:56:14.863: I/EuiccGoogle(18099): [2] GservicesChangedReceiver.onReceive: Setting EUICC_SUPPORTED_COUNTRIES to de,gb,in,us
11-16 09:56:14.873: I/Backup(13178): [GmsBackupStatusChangeReceiver] Going to enable gms backup transport.
11-16 09:56:14.890: I/GmsModuleFndr(13178): Beginning GMS chimera module scan
11-16 09:56:14.890: I/NetRec(11046): [900] aiad.a: onConfigChanged()
11-16 09:56:14.892: I/BgTaskExecutorImpl(10017): Starting NONEXCLUSIVE background task UPDATE_GSERVICES_CONFIG.
11-16 09:56:14.893: I/Backup(13178): [BackupTransportMigratorChimeraService] Starting migration...
11-16 09:56:14.900: I/Herrevad(11046): [901] zcq.a: updateListenState
11-16 09:56:14.900: I/Auth(11046): [AuthManaged, PasswordComplexityHelperImpl] Updating password complexity components state.
11-16 09:56:14.900: I/Auth(11046): [AuthManaged, PasswordComplexityHelperImpl] Enabling com.google.android.gms.auth.managed.ui.SetNewPasswordActivity
11-16 09:56:14.902: I/NetRec(11046): [900] aiad.a: Cancelling all NetRec GCM tasks
11-16 09:56:14.902: I/GservicesUpdateTask(10017): Updating Gservices keys
11-16 09:56:14.903: I/NetRec(11046): [894] ClearDatabaseService.onHandleIntent: Clearing score cache
11-16 09:56:14.916: I/ModuleSetMgr(13178): Computing pending module set with APKs: [[AdsFdrDynamite.integ:213806100100000], [Enpromo.integ:214106000100000], [Pay.optional:213614100000], [VisionOcr.optional:213614100400], [AdsFdrDynamite.integ:212104400100000], [Cronetdynamite:213614100400], [Dynamiteloader:213614100000], [Dynamitemodulesa:213614100000], [Dynamitemodulesc:213614100000], [Googlecertificates:213614100000], [Mapsdynamite:213614100000], [Measurementdynamite:213614100000]]
11-16 09:56:14.921: I/ModuleSetMgr(13178): Pending container module APKs: [[Pay.optional:213614100000], [VisionOcr.optional:213614100400]]
11-16 09:56:14.921: I/ModuleSetMgr(13178): Pending non-container module APKs: [[Enpromo.integ:214106000100000], [AdsFdrDynamite.integ:213806100100000]]
11-16 09:56:14.932: D/BugleRcsEngine(10178): log_saver already enabled
11-16 09:56:14.932: I/ActivityManager(1164): Start proc 18134:com.google.android.partnersetup/u0a49 for broadcast com.google.android.partnersetup/.RlzPingBroadcastReceiver
11-16 09:56:14.934: W/PackageParser(13178): Unknown element under <manifest>: queries at /data/user_de/0/com.google.android.gms/app_chimera/m/00000007/AdsDynamite.apk Binary XML file line #5
11-16 09:56:14.934: I/chatty(10178): uid=10111(com.google.android.apps.messaging) AsyncTask #12 identical 1 line
11-16 09:56:14.936: D/BugleRcsEngine(10178): log_saver already enabled
11-16 09:56:14.939: I/GCoreUlr(11046): WorldUpdater received intent Intent { act=com.google.android.location.reporting.ACTION_UPDATE_WORLD cmp=com.google.android.gms/com.google.android.location.reporting.service.DispatchingService (has extras) } with receiverAction com.google.gservices.intent.action.GSERVICES_CHANGED [CONTEXT service_id=22 ]
11-16 09:56:14.940: E/id.partnersetu(18134): Not starting debugger since process cannot load the jdwp agent.
11-16 09:56:14.953: W/PackageParser(13178): Unknown element under <manifest>: queries at /data/user_de/0/com.google.android.gms/app_chimera/m/00000011/dl-AdsFdrDynamite.integ_213806100100000.apk Binary XML file line #11
11-16 09:56:14.959: I/GCoreUlr(11046): WorldUpdater:com.google.gservices.intent.action.GSERVICES_CHANGED: Ensuring that reporting is stopped because of reasons: (no Google accounts) [CONTEXT service_id=22 ]
11-16 09:56:14.962: I/id.partnersetu(18134): The ClassLoaderContext is a special shared library.
11-16 09:56:14.964: I/RecoverableKeyStoreGms(13178): [RecoverableKeyStoreGmsInitOperation] Initializing auth_folsom
11-16 09:56:14.968: D/BoundBrokerSvc(11046): onBind: Intent { act=com.google.android.gms.scheduler.ACTION_PROXY_SCHEDULE cmp=com.google.android.gms/.chimera.PersistentInternalBoundBrokerService }
11-16 09:56:14.968: D/BoundBrokerSvc(11046): Loading bound service for intent: Intent { act=com.google.android.gms.scheduler.ACTION_PROXY_SCHEDULE cmp=com.google.android.gms/.chimera.PersistentInternalBoundBrokerService }
11-16 09:56:14.974: I/RecoverableKeyStoreGms(13178): [RecoverableKeyStoreGmsInitOperation] com.google.android.gms.auth.folsom.service.FolsomPublicKeyUpdateService is already enabled. Ignore.
11-16 09:56:14.974: I/RecoverableKeyStoreGms(13178): [RecoverableKeyStoreGmsInitOperation] com.google.android.gms.auth.folsom.service.GcmReceiverService is already enabled. Ignore.
11-16 09:56:14.977: V/RecoverableKeyStoreMgr(1164): Not updating secret types - same as old value.
11-16 09:56:14.977: I/ChromeSync(13178): [Sync,SyncIntentOperation] Handling the intent: Intent { act=com.google.gservices.intent.action.GSERVICES_CHANGED flg=0x1000010 pkg=com.google.android.gms cmp=com.google.android.gms/.chimera.GmsIntentOperationService$PersistentInternalReceiver }.
11-16 09:56:14.977: I/RecoverableKeyStoreGms(13178): [RecoverableKeyStoreGmsInitOperation] Setting vault handle
11-16 09:56:14.978: V/RecoverableKeyStoreMgr(1164): Not updating server params - same as old value.
11-16 09:56:14.982: I/RecoverableKeyStoreGms(13178): [EnrollmentManager] Returning certificates list from cache
11-16 09:56:14.987: I/GCoreUlr(11046): Unbound from all signal providers. [CONTEXT service_id=22 ]
11-16 09:56:15.001: I/RecoverableKeyStoreMgr(1164): The cert file serial number is the same, so skip updating.
11-16 09:56:15.001: I/GCoreUlr(11046): DispatchingService ignoring Intent { act=android.net.wifi.WIFI_STATE_CHANGED flg=0x4000010 (has extras) } because ULR inactive [CONTEXT service_id=22 ]
11-16 09:56:15.001: I/RecoverableKeyStoreGms(13178): [EnrollmentManager] Recovery service is initialized.
11-16 09:56:15.001: I/GCoreUlr(11046): Unbound from all signal providers. [CONTEXT service_id=22 ]
11-16 09:56:15.001: I/GCoreUlr(11046): Stopping handler for UlrDispSvcFast [CONTEXT service_id=22 ]
11-16 09:56:15.003: I/RecoverySnapshotLstnrs(1164): Registered listener for agent with uid 10007
11-16 09:56:15.005: E/RecoverySnapshotStorage(1164): Error reading snapshot for 10007 from disk
11-16 09:56:15.005: E/RecoverySnapshotStorage(1164): java.io.FileNotFoundException: /data/system/recoverablekeystore/snapshots/10007.xml (No such file or directory)
11-16 09:56:15.005: E/RecoverySnapshotStorage(1164): 	at java.io.FileInputStream.open0(Native Method)
11-16 09:56:15.005: E/RecoverySnapshotStorage(1164): 	at java.io.FileInputStream.open(FileInputStream.java:231)
11-16 09:56:15.005: E/RecoverySnapshotStorage(1164): 	at java.io.FileInputStream.<init>(FileInputStream.java:165)
11-16 09:56:15.005: E/RecoverySnapshotStorage(1164): 	at com.android.server.locksettings.recoverablekeystore.storage.RecoverySnapshotStorage.readFromDisk(RecoverySnapshotStorage.java:152)
11-16 09:56:15.005: E/RecoverySnapshotStorage(1164): 	at com.android.server.locksettings.recoverablekeystore.storage.RecoverySnapshotStorage.get(RecoverySnapshotStorage.java:104)
11-16 09:56:15.005: E/RecoverySnapshotStorage(1164): 	at com.android.server.locksettings.recoverablekeystore.RecoverableKeyStoreManager.getKeyChainSnapshot(RecoverableKeyStoreManager.java:331)
11-16 09:56:15.005: E/RecoverySnapshotStorage(1164): 	at com.android.server.locksettings.LockSettingsService.getKeyChainSnapshot(LockSettingsService.java:2032)
11-16 09:56:15.005: E/RecoverySnapshotStorage(1164): 	at com.android.internal.widget.ILockSettings$Stub.onTransact(ILockSettings.java:356)
11-16 09:56:15.005: E/RecoverySnapshotStorage(1164): 	at android.os.Binder.execTransact(Binder.java:731)
11-16 09:56:15.007: I/RecoverableKeyStoreGms(13178): [WrappingKeyManager] Can't generate wrapping key - missing lock screeen
11-16 09:56:15.017: I/MobileDataHub(13178): Scheduling periodic tasks
11-16 09:56:15.018: I/GmsModuleFndr(13178): Beginning GMS chimera module scan
11-16 09:56:15.022: I/MdiSyncModule(13178): flag handling is skipping irrelevant intent.
11-16 09:56:15.023: I/MS_Utils(13178): version of com.google.android.apps.maps = 1022101040
11-16 09:56:15.027: W/MobileDataHub(13178): [Service] appsupload-periodic periodic task disabled
11-16 09:56:15.028: I/SystemUpdate(13178): [Installation,ReceiverIntentOperation] Received intent: Intent { act=com.google.gservices.intent.action.GSERVICES_CHANGED flg=0x1000010 pkg=com.google.android.gms cmp=com.google.android.gms/.chimera.GmsIntentOperationService$PersistentInternalReceiver }.
11-16 09:56:15.060: I/ActivityManager(1164): Killing 14340:com.google.android.gm/u0a100 (adj 906): empty #17
11-16 09:56:15.061: I/ModuleSetMgr(13178): Computing pending module set with APKs: [[AdsFdrDynamite.integ:213806100100000], [Enpromo.integ:214106000100000], [Pay.optional:213614100000], [VisionOcr.optional:213614100400], [AdsFdrDynamite.integ:212104400100000], [Cronetdynamite:213614100400], [Dynamiteloader:213614100000], [Dynamitemodulesa:213614100000], [Dynamitemodulesc:213614100000], [Googlecertificates:213614100000], [Mapsdynamite:213614100000], [Measurementdynamite:213614100000]]
11-16 09:56:15.061: W/libprocessgroup(1164): kill(-14340, 9) failed: No such process
11-16 09:56:15.067: W/libprocessgroup(1164): kill(-14340, 9) failed: No such process
11-16 09:56:15.072: I/ModuleSetMgr(13178): Pending container module APKs: [[Pay.optional:213614100000], [VisionOcr.optional:213614100400]]
11-16 09:56:15.072: I/ModuleSetMgr(13178): Pending non-container module APKs: [[Enpromo.integ:214106000100000], [AdsFdrDynamite.integ:213806100100000]]
11-16 09:56:15.078: I/ActivityManager(1164): Start proc 18153:com.google.intelligence.sense/u0a31 for broadcast com.google.intelligence.sense/.ambientmusic.SystemBroadcastReceiver
11-16 09:56:15.081: W/libprocessgroup(1164): kill(-14340, 9) failed: No such process
11-16 09:56:15.085: E/elligence.sens(18153): Not starting debugger since process cannot load the jdwp agent.
11-16 09:56:15.088: I/Zygote(738): Process 14340 exited due to signal (9)
11-16 09:56:15.092: W/PackageParser(13178): Unknown element under <manifest>: queries at /data/user_de/0/com.google.android.gms/app_chimera/m/00000007/AdsDynamite.apk Binary XML file line #5
11-16 09:56:15.101: W/libprocessgroup(1164): kill(-14340, 9) failed: No such process
11-16 09:56:15.101: I/libprocessgroup(1164): Successfully killed process cgroup uid 10100 pid 14340 in 40ms
11-16 09:56:15.108: W/DynamiteModule(13178): Local module descriptor class for com.google.android.gms.vision.dynamite.ocr not found.
11-16 09:56:15.109: W/ProviderHelper(13178): Unknown dynamite feature vision.dynamite.ocr
11-16 09:56:15.110: I/DynamiteModule(13178): Considering local module com.google.android.gms.vision.dynamite.ocr:0 and remote module com.google.android.gms.vision.dynamite.ocr:0
11-16 09:56:15.111: I/DynamiteModule(13178): Considering local module com.google.android.gms.vision.ocr:0 and remote module com.google.android.gms.vision.ocr:1
11-16 09:56:15.111: I/DynamiteModule(13178): Selected remote version of com.google.android.gms.vision.ocr, version >= 1
11-16 09:56:15.117: I/native(13178): I1116 09:56:15.117561   18031 start_ocr_856638336_langid.cc:35] StartOcr with label: latin_script_gmvapi_android
11-16 09:56:15.117: I/native(13178): I1116 09:56:15.117707   18031 start_ocr_856638336_langid.cc:44] StartOcr success
11-16 09:56:15.121: W/native(18153): commandlineflags.cc:1511 Ignoring RegisterValidateFunction() for flag pointer 0x7a2f29b598: no flag found at that address
11-16 09:56:15.122: I/OcrModelUpStIntentOp(13178): Downloading text recognizer
11-16 09:56:15.131: W/PackageParser(13178): Unknown element under <manifest>: queries at /data/user_de/0/com.google.android.gms/app_chimera/m/00000011/dl-AdsFdrDynamite.integ_213806100100000.apk Binary XML file line #11
11-16 09:56:15.139: D/BoundBrokerSvc(13178): onBind: Intent { act=com.google.android.gms.ocr.service.internal.START cmp=com.google.android.gms/.chimera.GmsInternalApiService }
11-16 09:56:15.139: D/BoundBrokerSvc(13178): Loading bound service for intent: Intent { act=com.google.android.gms.ocr.service.internal.START cmp=com.google.android.gms/.chimera.GmsInternalApiService }
11-16 09:56:15.143: W/NetworkScheduler(11046): The extras of the task is not valid to be persisted so that the task is not persisted [CONTEXT service_id=218 ]
11-16 09:56:15.143: W/NetworkScheduler(11046): java.lang.IllegalArgumentException: Only the following extra parameter types are supported: Integer, Long, Double, String, Boolean, and nested Bundles with the same restrictions.
11-16 09:56:15.143: W/NetworkScheduler(11046): 	at abno.f(:com.google.android.gms@213614028@21.36.14 (100400-395708125):6)
11-16 09:56:15.143: W/NetworkScheduler(11046): 	at amdu.g(:com.google.android.gms@213614028@21.36.14 (100400-395708125):37)
11-16 09:56:15.143: W/NetworkScheduler(11046): 	at amdd.n(:com.google.android.gms@213614028@21.36.14 (100400-395708125):3)
11-16 09:56:15.143: W/NetworkScheduler(11046): 	at amdd.u(:com.google.android.gms@213614028@21.36.14 (100400-395708125):20)
11-16 09:56:15.143: W/NetworkScheduler(11046): 	at amdd.g(:com.google.android.gms@213614028@21.36.14 (100400-395708125):3)
11-16 09:56:15.143: W/NetworkScheduler(11046): 	at alzy.run(:com.google.android.gms@213614028@21.36.14 (100400-395708125):9)
11-16 09:56:15.143: W/NetworkScheduler(11046): 	at rgh.c(:com.google.android.gms@213614028@21.36.14 (100400-395708125):6)
11-16 09:56:15.143: W/NetworkScheduler(11046): 	at rgh.run(:com.google.android.gms@213614028@21.36.14 (100400-395708125):7)
11-16 09:56:15.143: W/NetworkScheduler(11046): 	at java.util.concurrent.ThreadPoolExecutor.runWorker(ThreadPoolExecutor.java:1167)
11-16 09:56:15.143: W/NetworkScheduler(11046): 	at java.util.concurrent.ThreadPoolExecutor$Worker.run(ThreadPoolExecutor.java:641)
11-16 09:56:15.143: W/NetworkScheduler(11046): 	at rkn.run(:com.google.android.gms@213614028@21.36.14 (100400-395708125):0)
11-16 09:56:15.143: W/NetworkScheduler(11046): 	at java.lang.Thread.run(Thread.java:764)
11-16 09:56:15.149: E/elligence.sens(18153): The String#value field is not present on Android versions >= 6.0
11-16 09:56:15.184: I/ActivityManager(1164): Start proc 18174:android.process.media/u0a8 for content provider com.android.providers.downloads/.DownloadProvider
11-16 09:56:15.189: E/d.process.medi(18174): Not starting debugger since process cannot load the jdwp agent.
11-16 09:56:15.205: I/Superpacks(18153): Releasing all superpacks except ambientmusic-index-17_09_02
11-16 09:56:15.211: I/SoundTriggerModelLoader(18153): Unloading model 9f6ad62a-1f0b-11e7-87c5-40a8f03d3f15
11-16 09:56:15.211: I/SoundTriggerManagerComp(18153): Unloading model 9f6ad62a-1f0b-11e7-87c5-40a8f03d3f15
11-16 09:56:15.211: I/SoundTriggerService(1164): deleteSoundModel(): id = 9f6ad62a-1f0b-11e7-87c5-40a8f03d3f15
11-16 09:56:15.211: W/SoundTriggerHelper(1164): Unload error: Attempting unload invalid generic model with id:9f6ad62a-1f0b-11e7-87c5-40a8f03d3f15
11-16 09:56:15.221: I/SettingsActivityAvailab(18078): Disabling com.google.android.apps.multidevice.client.ui.pixel.SettingsActivity.
11-16 09:56:15.222: I/ActivityManager(1164): Killing 14420:com.google.android.contacts/u0a90 (adj 906): empty #17
11-16 09:56:15.223: E/GooglePlayServicesUtil(18060): The Google Play services resources were not found. Check your project configuration to ensure that the resources are included.
11-16 09:56:15.223: D/GservicesChangeReceiver(5967): Gservices Changed broadcast Received. context is android.app.ReceiverRestrictedContext@5ee2354
11-16 09:56:15.223: W/libprocessgroup(1164): kill(-14420, 9) failed: No such process
11-16 09:56:15.226: I/akhr(11046): Scheduling Phenotype for a PhenotypeSyncImmediately(6, com.google.android.gms.testsupport) one off with window [1, 2] in seconds [CONTEXT service_id=51 ]
11-16 09:56:15.234: I/Superpacks(18153): Starting garbage collection
11-16 09:56:15.234: D/GservicesChangeReceiver(5967): Gservices allowPowerAnomalyData is False.
11-16 09:56:15.235: W/Superpacks(18153): isDirectory returned false while listing files for /data/user/0/com.google.intelligence.sense/files/superpacks
11-16 09:56:15.237: D/ConnectivityMonitorManager(5967): Service com.google.android.connectivitymonitor.PowerAnomalyDetectorService is not running...
11-16 09:56:15.242: D/GservicesChangeReceiver(5967): Gservices allowLowPowerMonitoring is False.
11-16 09:56:15.243: D/ConnectivityMonitorManager(5967): Service com.google.android.connectivitymonitor.LowPowerMonitorService is not running...
11-16 09:56:15.245: I/TestSupport(13178): AwaitCommitOperation: SaveStrategy__enableSaving [CONTEXT service_id=133 ]
11-16 09:56:15.246: D/ConnMetrics:App(18060): IsOptedIn = false
11-16 09:56:15.249: I/Zygote(738): Process 14420 exited due to signal (9)
11-16 09:56:15.252: W/libprocessgroup(1164): kill(-14420, 9) failed: No such process
11-16 09:56:15.252: I/libprocessgroup(1164): Successfully killed process cgroup uid 10090 pid 14420 in 29ms
11-16 09:56:15.254: I/TestSupport(13178): AwaitCommitOperation: uncommitted: FlagOverride(com.google.android.gms.auth.api.credentials, , Flag(SaveStrategy__enableSaving, false, 2, 0), false) [CONTEXT service_id=133 ]
11-16 09:56:15.255: I/TestSupport(13178): AwaitCommitOperation:  sleeping for 10 msec. [CONTEXT service_id=133 ]
11-16 09:56:15.263: D/GservicesChangeReceiver(5967): Gservices isConnectivityMonitorEnabled is True.
11-16 09:56:15.265: D/ConnectivityMonitorManager(5967): Service com.google.android.connectivitymonitor.ConnectivityMonitorService is running...
11-16 09:56:15.269: I/EuiccGoogle(18099): [2] GservicesChangedReceiver.onReceive: Setting EUICC_SUPPORTED_COUNTRIES to de,gb,in,us
11-16 09:56:15.275: I/Backup(13178): [GmsBackupStatusChangeReceiver] Going to enable gms backup transport.
11-16 09:56:15.288: I/GmsModuleFndr(13178): Beginning GMS chimera module scan
11-16 09:56:15.288: I/NetRec(11046): [894] aiad.a: onConfigChanged()
11-16 09:56:15.288: I/Herrevad(11046): [897] zcq.a: updateListenState
11-16 09:56:15.293: I/Auth(11046): [AuthManaged, PasswordComplexityHelperImpl] Updating password complexity components state.
11-16 09:56:15.293: I/Auth(11046): [AuthManaged, PasswordComplexityHelperImpl] Enabling com.google.android.gms.auth.managed.ui.SetNewPasswordActivity
11-16 09:56:15.295: I/ModuleSetMgr(13178): Computing pending module set with APKs: [[AdsFdrDynamite.integ:213806100100000], [Enpromo.integ:214106000100000], [Pay.optional:213614100000], [VisionOcr.optional:213614100400], [AdsFdrDynamite.integ:212104400100000], [Cronetdynamite:213614100400], [Dynamiteloader:213614100000], [Dynamitemodulesa:213614100000], [Dynamitemodulesc:213614100000], [Googlecertificates:213614100000], [Mapsdynamite:213614100000], [Measurementdynamite:213614100000]]
11-16 09:56:15.297: I/BgTaskExecutorImpl(10017): Starting NONEXCLUSIVE background task UPDATE_GSERVICES_CONFIG.
11-16 09:56:15.302: I/ModuleSetMgr(13178): Pending container module APKs: [[Pay.optional:213614100000], [VisionOcr.optional:213614100400]]
11-16 09:56:15.302: I/ModuleSetMgr(13178): Pending non-container module APKs: [[Enpromo.integ:214106000100000], [AdsFdrDynamite.integ:213806100100000]]
11-16 09:56:15.309: W/SearchServiceCore(10017): Abort, client detached.
11-16 09:56:15.309: I/TestSupport(13178): AwaitCommitOperation: uncommitted: FlagOverride(com.google.android.gms.auth.api.credentials, , Flag(SaveStrategy__enableSaving, false, 2, 0), false) [CONTEXT service_id=133 ]
11-16 09:56:15.309: I/TestSupport(13178): AwaitCommitOperation:  sleeping for 20 msec. [CONTEXT service_id=133 ]
11-16 09:56:15.310: I/NetRec(11046): [900] ClearDatabaseService.onHandleIntent: Clearing score cache
11-16 09:56:15.311: I/GservicesUpdateTask(10017): Updating Gservices keys
11-16 09:56:15.311: I/NetRec(11046): [894] aiad.a: Cancelling all NetRec GCM tasks
11-16 09:56:15.316: W/PackageParser(13178): Unknown element under <manifest>: queries at /data/user_de/0/com.google.android.gms/app_chimera/m/00000007/AdsDynamite.apk Binary XML file line #5
11-16 09:56:15.336: I/GCoreUlr(11046): WorldUpdater received intent Intent { act=com.google.android.location.reporting.ACTION_UPDATE_WORLD cmp=com.google.android.gms/com.google.android.location.reporting.service.DispatchingService (has extras) } with receiverAction com.google.gservices.intent.action.GSERVICES_CHANGED [CONTEXT service_id=22 ]
11-16 09:56:15.337: W/PackageParser(13178): Unknown element under <manifest>: queries at /data/user_de/0/com.google.android.gms/app_chimera/m/00000011/dl-AdsFdrDynamite.integ_213806100100000.apk Binary XML file line #11
11-16 09:56:15.340: I/GCoreUlr(11046): WorldUpdater:com.google.gservices.intent.action.GSERVICES_CHANGED: Ensuring that reporting is stopped because of reasons: (no Google accounts) [CONTEXT service_id=22 ]
11-16 09:56:15.348: I/GCoreUlr(11046): Unbound from all signal providers. [CONTEXT service_id=22 ]
11-16 09:56:15.351: I/TestSupport(13178): AwaitCommitOperation: uncommitted: FlagOverride(com.google.android.gms.auth.api.credentials, , Flag(SaveStrategy__enableSaving, false, 2, 0), false) [CONTEXT service_id=133 ]
11-16 09:56:15.352: I/TestSupport(13178): AwaitCommitOperation:  sleeping for 40 msec. [CONTEXT service_id=133 ]
11-16 09:56:15.352: I/RecoverableKeyStoreGms(13178): [RecoverableKeyStoreGmsInitOperation] Initializing auth_folsom
11-16 09:56:15.353: I/RecoverableKeyStoreGms(13178): [RecoverableKeyStoreGmsInitOperation] com.google.android.gms.auth.folsom.service.FolsomPublicKeyUpdateService is already enabled. Ignore.
11-16 09:56:15.353: I/RecoverableKeyStoreGms(13178): [RecoverableKeyStoreGmsInitOperation] com.google.android.gms.auth.folsom.service.GcmReceiverService is already enabled. Ignore.
11-16 09:56:15.355: I/ChromeSync(13178): [Sync,SyncIntentOperation] Handling the intent: Intent { act=com.google.gservices.intent.action.GSERVICES_CHANGED flg=0x1000010 pkg=com.google.android.gms cmp=com.google.android.gms/.chimera.GmsIntentOperationService$PersistentInternalReceiver }.
11-16 09:56:15.357: V/RecoverableKeyStoreMgr(1164): Not updating secret types - same as old value.
11-16 09:56:15.358: I/RecoverableKeyStoreGms(13178): [RecoverableKeyStoreGmsInitOperation] Setting vault handle
11-16 09:56:15.358: V/RecoverableKeyStoreMgr(1164): Not updating server params - same as old value.
11-16 09:56:15.359: I/RecoverableKeyStoreGms(13178): [EnrollmentManager] Returning certificates list from cache
11-16 09:56:15.361: I/MobileDataHub(13178): Scheduling periodic tasks
11-16 09:56:15.363: I/GCoreUlr(11046): DispatchingService ignoring Intent { act=android.net.wifi.WIFI_STATE_CHANGED flg=0x4000010 (has extras) } because ULR inactive [CONTEXT service_id=22 ]
11-16 09:56:15.365: I/MS_Utils(13178): version of com.google.android.apps.maps = 1022101040
11-16 09:56:15.366: I/GCoreUlr(11046): Unbound from all signal providers. [CONTEXT service_id=22 ]
11-16 09:56:15.366: I/GCoreUlr(11046): Stopping handler for UlrDispSvcFast [CONTEXT service_id=22 ]
11-16 09:56:15.371: I/MdiSyncModule(13178): flag handling is skipping irrelevant intent.
11-16 09:56:15.373: I/SystemUpdate(13178): [Installation,ReceiverIntentOperation] Received intent: Intent { act=com.google.gservices.intent.action.GSERVICES_CHANGED flg=0x1000010 pkg=com.google.android.gms cmp=com.google.android.gms/.chimera.GmsIntentOperationService$PersistentInternalReceiver }.
11-16 09:56:15.379: W/DynamiteModule(13178): Local module descriptor class for com.google.android.gms.vision.dynamite.ocr not found.
11-16 09:56:15.379: I/DynamiteModule(13178): Considering local module com.google.android.gms.vision.dynamite.ocr:0 and remote module com.google.android.gms.vision.dynamite.ocr:0
11-16 09:56:15.380: I/DynamiteModule(13178): Considering local module com.google.android.gms.vision.ocr:0 and remote module com.google.android.gms.vision.ocr:1
11-16 09:56:15.380: I/DynamiteModule(13178): Selected remote version of com.google.android.gms.vision.ocr, version >= 1
11-16 09:56:15.384: I/native(13178): I1116 09:56:15.384302   18000 start_ocr_856638336_langid.cc:35] StartOcr with label: latin_script_gmvapi_android
11-16 09:56:15.384: I/native(13178): I1116 09:56:15.384420   18000 start_ocr_856638336_langid.cc:44] StartOcr success
11-16 09:56:15.387: I/OcrModelUpStIntentOp(13178): Downloading text recognizer
11-16 09:56:15.389: W/MobileDataHub(13178): [Service] appsupload-periodic periodic task disabled
11-16 09:56:15.402: I/RecoverableKeyStoreMgr(1164): The cert file serial number is the same, so skip updating.
11-16 09:56:15.402: I/RecoverableKeyStoreGms(13178): [EnrollmentManager] Recovery service is initialized.
11-16 09:56:15.403: I/SoundTriggerModelLoader(18153): Unloading model 9f6ad62a-1f0b-11e7-87c5-40a8f03d3f15
11-16 09:56:15.403: I/SoundTriggerManagerComp(18153): Unloading model 9f6ad62a-1f0b-11e7-87c5-40a8f03d3f15
11-16 09:56:15.404: I/SoundTriggerService(1164): deleteSoundModel(): id = 9f6ad62a-1f0b-11e7-87c5-40a8f03d3f15
11-16 09:56:15.404: W/SoundTriggerHelper(1164): Unload error: Attempting unload invalid generic model with id:9f6ad62a-1f0b-11e7-87c5-40a8f03d3f15
11-16 09:56:15.405: W/NetworkScheduler(11046): The extras of the task is not valid to be persisted so that the task is not persisted [CONTEXT service_id=218 ]
11-16 09:56:15.405: W/NetworkScheduler(11046): java.lang.IllegalArgumentException: Only the following extra parameter types are supported: Integer, Long, Double, String, Boolean, and nested Bundles with the same restrictions.
11-16 09:56:15.405: W/NetworkScheduler(11046): 	at abno.f(:com.google.android.gms@213614028@21.36.14 (100400-395708125):6)
11-16 09:56:15.405: W/NetworkScheduler(11046): 	at amdu.g(:com.google.android.gms@213614028@21.36.14 (100400-395708125):37)
11-16 09:56:15.405: W/NetworkScheduler(11046): 	at amdd.n(:com.google.android.gms@213614028@21.36.14 (100400-395708125):3)
11-16 09:56:15.405: W/NetworkScheduler(11046): 	at amdd.u(:com.google.android.gms@213614028@21.36.14 (100400-395708125):20)
11-16 09:56:15.405: W/NetworkScheduler(11046): 	at amdd.g(:com.google.android.gms@213614028@21.36.14 (100400-395708125):3)
11-16 09:56:15.405: W/NetworkScheduler(11046): 	at alzy.run(:com.google.android.gms@213614028@21.36.14 (100400-395708125):9)
11-16 09:56:15.405: W/NetworkScheduler(11046): 	at rgh.c(:com.google.android.gms@213614028@21.36.14 (100400-395708125):6)
11-16 09:56:15.405: W/NetworkScheduler(11046): 	at rgh.run(:com.google.android.gms@213614028@21.36.14 (100400-395708125):7)
11-16 09:56:15.405: W/NetworkScheduler(11046): 	at java.util.concurrent.ThreadPoolExecutor.runWorker(ThreadPoolExecutor.java:1167)
11-16 09:56:15.405: W/NetworkScheduler(11046): 	at java.util.concurrent.ThreadPoolExecutor$Worker.run(ThreadPoolExecutor.java:641)
11-16 09:56:15.405: W/NetworkScheduler(11046): 	at rkn.run(:com.google.android.gms@213614028@21.36.14 (100400-395708125):0)
11-16 09:56:15.405: W/NetworkScheduler(11046): 	at java.lang.Thread.run(Thread.java:764)
11-16 09:56:15.406: I/TestSupport(13178): AwaitCommitOperation: uncommitted: FlagOverride(com.google.android.gms.auth.api.credentials, , Flag(SaveStrategy__enableSaving, false, 2, 0), false) [CONTEXT service_id=133 ]
11-16 09:56:15.406: I/TestSupport(13178): AwaitCommitOperation:  sleeping for 80 msec. [CONTEXT service_id=133 ]
11-16 09:56:15.409: I/RecoverySnapshotLstnrs(1164): Registered listener for agent with uid 10007
11-16 09:56:15.410: E/RecoverySnapshotStorage(1164): Error reading snapshot for 10007 from disk
11-16 09:56:15.410: E/RecoverySnapshotStorage(1164): java.io.FileNotFoundException: /data/system/recoverablekeystore/snapshots/10007.xml (No such file or directory)
11-16 09:56:15.410: E/RecoverySnapshotStorage(1164): 	at java.io.FileInputStream.open0(Native Method)
11-16 09:56:15.410: E/RecoverySnapshotStorage(1164): 	at java.io.FileInputStream.open(FileInputStream.java:231)
11-16 09:56:15.410: E/RecoverySnapshotStorage(1164): 	at java.io.FileInputStream.<init>(FileInputStream.java:165)
11-16 09:56:15.410: E/RecoverySnapshotStorage(1164): 	at com.android.server.locksettings.recoverablekeystore.storage.RecoverySnapshotStorage.readFromDisk(RecoverySnapshotStorage.java:152)
11-16 09:56:15.410: E/RecoverySnapshotStorage(1164): 	at com.android.server.locksettings.recoverablekeystore.storage.RecoverySnapshotStorage.get(RecoverySnapshotStorage.java:104)
11-16 09:56:15.410: E/RecoverySnapshotStorage(1164): 	at com.android.server.locksettings.recoverablekeystore.RecoverableKeyStoreManager.getKeyChainSnapshot(RecoverableKeyStoreManager.java:331)
11-16 09:56:15.410: E/RecoverySnapshotStorage(1164): 	at com.android.server.locksettings.LockSettingsService.getKeyChainSnapshot(LockSettingsService.java:2032)
11-16 09:56:15.410: E/RecoverySnapshotStorage(1164): 	at com.android.internal.widget.ILockSettings$Stub.onTransact(ILockSettings.java:356)
11-16 09:56:15.410: E/RecoverySnapshotStorage(1164): 	at android.os.Binder.execTransact(Binder.java:731)
11-16 09:56:15.410: I/SettingsActivityAvailab(18078): Disabling com.google.android.apps.multidevice.client.ui.pixel.SettingsActivity.
11-16 09:56:15.412: E/GooglePlayServicesUtil(18060): The Google Play services resources were not found. Check your project configuration to ensure that the resources are included.
11-16 09:56:15.413: D/GservicesChangeReceiver(5967): Gservices Changed broadcast Received. context is android.app.ReceiverRestrictedContext@5ee2354
11-16 09:56:15.413: I/RecoverableKeyStoreGms(13178): [WrappingKeyManager] Can't generate wrapping key - missing lock screeen
11-16 09:56:15.413: D/GservicesChangeReceiver(5967): Gservices allowPowerAnomalyData is False.
11-16 09:56:15.417: D/ConnectivityMonitorManager(5967): Service com.google.android.connectivitymonitor.PowerAnomalyDetectorService is not running...
11-16 09:56:15.419: D/GservicesChangeReceiver(5967): Gservices allowLowPowerMonitoring is False.
11-16 09:56:15.421: D/ConnectivityMonitorManager(5967): Service com.google.android.connectivitymonitor.LowPowerMonitorService is not running...
11-16 09:56:15.424: D/ConnMetrics:App(18060): IsOptedIn = false
11-16 09:56:15.425: I/gle.android.gm(13178): Background concurrent copying GC freed 232024(13MB) AllocSpace objects, 33(1816KB) LOS objects, 49% free, 12MB/24MB, paused 35us total 110.556ms
11-16 09:56:15.425: D/GservicesChangeReceiver(5967): Gservices isConnectivityMonitorEnabled is True.
11-16 09:56:15.427: D/ConnectivityMonitorManager(5967): Service com.google.android.connectivitymonitor.ConnectivityMonitorService is running...
11-16 09:56:15.430: I/EuiccGoogle(18099): [2] GservicesChangedReceiver.onReceive: Setting EUICC_SUPPORTED_COUNTRIES to de,gb,in,us
11-16 09:56:15.436: I/Backup(13178): [GmsBackupStatusChangeReceiver] Going to enable gms backup transport.
11-16 09:56:15.436: I/GmsModuleFndr(13178): Beginning GMS chimera module scan
11-16 09:56:15.456: I/Herrevad(11046): [901] zcq.a: updateListenState
11-16 09:56:15.456: I/NetRec(11046): [900] aiad.a: onConfigChanged()
11-16 09:56:15.459: I/NetRec(11046): [900] aiad.a: Cancelling all NetRec GCM tasks
11-16 09:56:15.465: I/BgTaskExecutorImpl(10017): Starting NONEXCLUSIVE background task UPDATE_GSERVICES_CONFIG.
11-16 09:56:15.470: I/Auth(11046): [AuthManaged, PasswordComplexityHelperImpl] Updating password complexity components state.
11-16 09:56:15.470: I/Auth(11046): [AuthManaged, PasswordComplexityHelperImpl] Enabling com.google.android.gms.auth.managed.ui.SetNewPasswordActivity
11-16 09:56:15.470: I/system_server(1164): Background concurrent copying GC freed 373154(13MB) AllocSpace objects, 37(932KB) LOS objects, 42% free, 18MB/31MB, paused 55us total 102.994ms
11-16 09:56:15.472: W/SearchServiceCore(10017): Abort, client detached.
11-16 09:56:15.475: I/GservicesUpdateTask(10017): Updating Gservices keys
11-16 09:56:15.477: I/NetRec(11046): [900] ClearDatabaseService.onHandleIntent: Clearing score cache
11-16 09:56:15.478: I/ModuleSetMgr(13178): Computing pending module set with APKs: [[AdsFdrDynamite.integ:213806100100000], [Enpromo.integ:214106000100000], [Pay.optional:213614100000], [VisionOcr.optional:213614100400], [AdsFdrDynamite.integ:212104400100000], [Cronetdynamite:213614100400], [Dynamiteloader:213614100000], [Dynamitemodulesa:213614100000], [Dynamitemodulesc:213614100000], [Googlecertificates:213614100000], [Mapsdynamite:213614100000], [Measurementdynamite:213614100000]]
11-16 09:56:15.484: I/ModuleSetMgr(13178): Pending container module APKs: [[Pay.optional:213614100000], [VisionOcr.optional:213614100400]]
11-16 09:56:15.484: I/ModuleSetMgr(13178): Pending non-container module APKs: [[Enpromo.integ:214106000100000], [AdsFdrDynamite.integ:213806100100000]]
11-16 09:56:15.496: I/GCoreUlr(11046): DispatchingService ignoring Intent { act=android.net.wifi.WIFI_STATE_CHANGED flg=0x4000010 (has extras) } because ULR inactive [CONTEXT service_id=22 ]
11-16 09:56:15.498: W/PackageParser(13178): Unknown element under <manifest>: queries at /data/user_de/0/com.google.android.gms/app_chimera/m/00000007/AdsDynamite.apk Binary XML file line #5
11-16 09:56:15.502: I/GCoreUlr(11046): WorldUpdater received intent Intent { act=com.google.android.location.reporting.ACTION_UPDATE_WORLD cmp=com.google.android.gms/com.google.android.location.reporting.service.DispatchingService (has extras) } with receiverAction com.google.gservices.intent.action.GSERVICES_CHANGED [CONTEXT service_id=22 ]
11-16 09:56:15.505: I/GCoreUlr(11046): WorldUpdater:com.google.gservices.intent.action.GSERVICES_CHANGED: Ensuring that reporting is stopped because of reasons: (no Google accounts) [CONTEXT service_id=22 ]
11-16 09:56:15.508: I/GCoreUlr(11046): Unbound from all signal providers. [CONTEXT service_id=22 ]
11-16 09:56:15.514: I/TestSupport(13178): AwaitCommitOperation: uncommitted: FlagOverride(com.google.android.gms.auth.api.credentials, , Flag(SaveStrategy__enableSaving, false, 2, 0), false) [CONTEXT service_id=133 ]
11-16 09:56:15.514: I/TestSupport(13178): AwaitCommitOperation:  sleeping for 160 msec. [CONTEXT service_id=133 ]
11-16 09:56:15.517: W/PackageParser(13178): Unknown element under <manifest>: queries at /data/user_de/0/com.google.android.gms/app_chimera/m/00000011/dl-AdsFdrDynamite.integ_213806100100000.apk Binary XML file line #11
11-16 09:56:15.518: I/GCoreUlr(11046): Unbound from all signal providers. [CONTEXT service_id=22 ]
11-16 09:56:15.518: I/GCoreUlr(11046): Stopping handler for UlrDispSvcFast [CONTEXT service_id=22 ]
11-16 09:56:15.522: I/GmsModuleFndr(13178): Beginning GMS chimera module scan
11-16 09:56:15.529: I/ModuleSetMgr(13178): Computing pending module set with APKs: [[AdsFdrDynamite.integ:213806100100000], [Enpromo.integ:214106000100000], [Pay.optional:213614100000], [VisionOcr.optional:213614100400], [AdsFdrDynamite.integ:212104400100000], [Cronetdynamite:213614100400], [Dynamiteloader:213614100000], [Dynamitemodulesa:213614100000], [Dynamitemodulesc:213614100000], [Googlecertificates:213614100000], [Mapsdynamite:213614100000], [Measurementdynamite:213614100000]]
11-16 09:56:15.536: I/ModuleSetMgr(13178): Pending container module APKs: [[Pay.optional:213614100000], [VisionOcr.optional:213614100400]]
11-16 09:56:15.536: I/ModuleSetMgr(13178): Pending non-container module APKs: [[Enpromo.integ:214106000100000], [AdsFdrDynamite.integ:213806100100000]]
11-16 09:56:15.549: W/PackageParser(13178): Unknown element under <manifest>: queries at /data/user_de/0/com.google.android.gms/app_chimera/m/00000007/AdsDynamite.apk Binary XML file line #5
11-16 09:56:15.551: I/SoundTriggerModelLoader(18153): Unloading model 9f6ad62a-1f0b-11e7-87c5-40a8f03d3f15
11-16 09:56:15.552: I/SoundTriggerManagerComp(18153): Unloading model 9f6ad62a-1f0b-11e7-87c5-40a8f03d3f15
11-16 09:56:15.552: I/SoundTriggerService(1164): deleteSoundModel(): id = 9f6ad62a-1f0b-11e7-87c5-40a8f03d3f15
11-16 09:56:15.552: W/SoundTriggerHelper(1164): Unload error: Attempting unload invalid generic model with id:9f6ad62a-1f0b-11e7-87c5-40a8f03d3f15
11-16 09:56:15.559: I/SettingsActivityAvailab(18078): Disabling com.google.android.apps.multidevice.client.ui.pixel.SettingsActivity.
11-16 09:56:15.560: E/GooglePlayServicesUtil(18060): The Google Play services resources were not found. Check your project configuration to ensure that the resources are included.
11-16 09:56:15.561: D/GservicesChangeReceiver(5967): Gservices Changed broadcast Received. context is android.app.ReceiverRestrictedContext@5ee2354
11-16 09:56:15.561: W/PackageParser(13178): Unknown element under <manifest>: queries at /data/user_de/0/com.google.android.gms/app_chimera/m/00000011/dl-AdsFdrDynamite.integ_213806100100000.apk Binary XML file line #11
11-16 09:56:15.561: D/GservicesChangeReceiver(5967): Gservices allowPowerAnomalyData is False.
11-16 09:56:15.563: D/ConnectivityMonitorManager(5967): Service com.google.android.connectivitymonitor.PowerAnomalyDetectorService is not running...
11-16 09:56:15.566: D/GservicesChangeReceiver(5967): Gservices allowLowPowerMonitoring is False.
11-16 09:56:15.567: D/ConnectivityMonitorManager(5967): Service com.google.android.connectivitymonitor.LowPowerMonitorService is not running...
11-16 09:56:15.567: I/RecoverableKeyStoreGms(13178): [RecoverableKeyStoreGmsInitOperation] Initializing auth_folsom
11-16 09:56:15.569: I/RecoverableKeyStoreGms(13178): [RecoverableKeyStoreGmsInitOperation] com.google.android.gms.auth.folsom.service.FolsomPublicKeyUpdateService is already enabled. Ignore.
11-16 09:56:15.569: I/ChromeSync(13178): [Sync,SyncIntentOperation] Handling the intent: Intent { act=com.google.gservices.intent.action.GSERVICES_CHANGED flg=0x1000010 pkg=com.google.android.gms cmp=com.google.android.gms/.chimera.GmsIntentOperationService$PersistentInternalReceiver }.
11-16 09:56:15.569: I/RecoverableKeyStoreGms(13178): [RecoverableKeyStoreGmsInitOperation] com.google.android.gms.auth.folsom.service.GcmReceiverService is already enabled. Ignore.
11-16 09:56:15.570: D/GservicesChangeReceiver(5967): Gservices isConnectivityMonitorEnabled is True.
11-16 09:56:15.572: D/ConnectivityMonitorManager(5967): Service com.google.android.connectivitymonitor.ConnectivityMonitorService is running...
11-16 09:56:15.572: I/MobileDataHub(13178): Scheduling periodic tasks
11-16 09:56:15.573: W/MobileDataHub(13178): [Service] appsupload-periodic periodic task disabled
11-16 09:56:15.575: I/MS_Utils(13178): version of com.google.android.apps.maps = 1022101040
11-16 09:56:15.576: D/ConnMetrics:App(18060): IsOptedIn = false
11-16 09:56:15.576: I/EuiccGoogle(18099): [2] GservicesChangedReceiver.onReceive: Setting EUICC_SUPPORTED_COUNTRIES to de,gb,in,us
11-16 09:56:15.577: I/MdiSyncModule(13178): flag handling is skipping irrelevant intent.
11-16 09:56:15.578: V/RecoverableKeyStoreMgr(1164): Not updating secret types - same as old value.
11-16 09:56:15.579: I/RecoverableKeyStoreGms(13178): [RecoverableKeyStoreGmsInitOperation] Setting vault handle
11-16 09:56:15.579: V/RecoverableKeyStoreMgr(1164): Not updating server params - same as old value.
11-16 09:56:15.579: W/DynamiteModule(13178): Local module descriptor class for com.google.android.gms.vision.dynamite.ocr not found.
11-16 09:56:15.580: I/DynamiteModule(13178): Considering local module com.google.android.gms.vision.dynamite.ocr:0 and remote module com.google.android.gms.vision.dynamite.ocr:0
11-16 09:56:15.580: I/RecoverableKeyStoreGms(13178): [EnrollmentManager] Returning certificates list from cache
11-16 09:56:15.581: I/SystemUpdate(13178): [Installation,ReceiverIntentOperation] Received intent: Intent { act=com.google.gservices.intent.action.GSERVICES_CHANGED flg=0x1000010 pkg=com.google.android.gms cmp=com.google.android.gms/.chimera.GmsIntentOperationService$PersistentInternalReceiver }.
11-16 09:56:15.584: I/Backup(13178): [GmsBackupStatusChangeReceiver] Going to enable gms backup transport.
11-16 09:56:15.585: I/DynamiteModule(13178): Considering local module com.google.android.gms.vision.ocr:0 and remote module com.google.android.gms.vision.ocr:1
11-16 09:56:15.585: I/DynamiteModule(13178): Selected remote version of com.google.android.gms.vision.ocr, version >= 1
11-16 09:56:15.587: I/native(13178): I1116 09:56:15.587515   17998 start_ocr_856638336_langid.cc:35] StartOcr with label: latin_script_gmvapi_android
11-16 09:56:15.587: I/native(13178): I1116 09:56:15.587649   17998 start_ocr_856638336_langid.cc:44] StartOcr success
11-16 09:56:15.590: I/OcrModelUpStIntentOp(13178): Downloading text recognizer
11-16 09:56:15.600: I/NetRec(11046): [895] aiad.a: onConfigChanged()
11-16 09:56:15.601: I/Herrevad(11046): [894] zcq.a: updateListenState
11-16 09:56:15.605: I/NetRec(11046): [895] aiad.a: Cancelling all NetRec GCM tasks
11-16 09:56:15.607: I/Auth(11046): [AuthManaged, PasswordComplexityHelperImpl] Updating password complexity components state.
11-16 09:56:15.607: I/Auth(11046): [AuthManaged, PasswordComplexityHelperImpl] Enabling com.google.android.gms.auth.managed.ui.SetNewPasswordActivity
11-16 09:56:15.608: I/BgTaskExecutorImpl(10017): Starting NONEXCLUSIVE background task UPDATE_GSERVICES_CONFIG.
11-16 09:56:15.611: I/GmsModuleFndr(13178): Beginning GMS chimera module scan
11-16 09:56:15.611: I/NetRec(11046): [900] ClearDatabaseService.onHandleIntent: Clearing score cache
11-16 09:56:15.614: I/RecoverableKeyStoreMgr(1164): The cert file serial number is the same, so skip updating.
11-16 09:56:15.614: I/RecoverableKeyStoreGms(13178): [EnrollmentManager] Recovery service is initialized.
11-16 09:56:15.615: W/SearchServiceCore(10017): Abort, client detached.
11-16 09:56:15.615: I/RecoverySnapshotLstnrs(1164): Registered listener for agent with uid 10007
11-16 09:56:15.617: I/GservicesUpdateTask(10017): Updating Gservices keys
11-16 09:56:15.618: E/RecoverySnapshotStorage(1164): Error reading snapshot for 10007 from disk
11-16 09:56:15.618: E/RecoverySnapshotStorage(1164): java.io.FileNotFoundException: /data/system/recoverablekeystore/snapshots/10007.xml (No such file or directory)
11-16 09:56:15.618: E/RecoverySnapshotStorage(1164): 	at java.io.FileInputStream.open0(Native Method)
11-16 09:56:15.618: E/RecoverySnapshotStorage(1164): 	at java.io.FileInputStream.open(FileInputStream.java:231)
11-16 09:56:15.618: E/RecoverySnapshotStorage(1164): 	at java.io.FileInputStream.<init>(FileInputStream.java:165)
11-16 09:56:15.618: E/RecoverySnapshotStorage(1164): 	at com.android.server.locksettings.recoverablekeystore.storage.RecoverySnapshotStorage.readFromDisk(RecoverySnapshotStorage.java:152)
11-16 09:56:15.618: E/RecoverySnapshotStorage(1164): 	at com.android.server.locksettings.recoverablekeystore.storage.RecoverySnapshotStorage.get(RecoverySnapshotStorage.java:104)
11-16 09:56:15.618: E/RecoverySnapshotStorage(1164): 	at com.android.server.locksettings.recoverablekeystore.RecoverableKeyStoreManager.getKeyChainSnapshot(RecoverableKeyStoreManager.java:331)
11-16 09:56:15.618: E/RecoverySnapshotStorage(1164): 	at com.android.server.locksettings.LockSettingsService.getKeyChainSnapshot(LockSettingsService.java:2032)
11-16 09:56:15.618: E/RecoverySnapshotStorage(1164): 	at com.android.internal.widget.ILockSettings$Stub.onTransact(ILockSettings.java:356)
11-16 09:56:15.618: E/RecoverySnapshotStorage(1164): 	at android.os.Binder.execTransact(Binder.java:731)
11-16 09:56:15.619: I/RecoverableKeyStoreGms(13178): [WrappingKeyManager] Can't generate wrapping key - missing lock screeen
11-16 09:56:15.622: W/NetworkScheduler(11046): The extras of the task is not valid to be persisted so that the task is not persisted [CONTEXT service_id=218 ]
11-16 09:56:15.622: W/NetworkScheduler(11046): java.lang.IllegalArgumentException: Only the following extra parameter types are supported: Integer, Long, Double, String, Boolean, and nested Bundles with the same restrictions.
11-16 09:56:15.622: W/NetworkScheduler(11046): 	at abno.f(:com.google.android.gms@213614028@21.36.14 (100400-395708125):6)
11-16 09:56:15.622: W/NetworkScheduler(11046): 	at amdu.g(:com.google.android.gms@213614028@21.36.14 (100400-395708125):37)
11-16 09:56:15.622: W/NetworkScheduler(11046): 	at amdd.n(:com.google.android.gms@213614028@21.36.14 (100400-395708125):3)
11-16 09:56:15.622: W/NetworkScheduler(11046): 	at amdd.u(:com.google.android.gms@213614028@21.36.14 (100400-395708125):20)
11-16 09:56:15.622: W/NetworkScheduler(11046): 	at amdd.g(:com.google.android.gms@213614028@21.36.14 (100400-395708125):3)
11-16 09:56:15.622: W/NetworkScheduler(11046): 	at alzy.run(:com.google.android.gms@213614028@21.36.14 (100400-395708125):9)
11-16 09:56:15.622: W/NetworkScheduler(11046): 	at rgh.c(:com.google.android.gms@213614028@21.36.14 (100400-395708125):6)
11-16 09:56:15.622: W/NetworkScheduler(11046): 	at rgh.run(:com.google.android.gms@213614028@21.36.14 (100400-395708125):7)
11-16 09:56:15.622: W/NetworkScheduler(11046): 	at java.util.concurrent.ThreadPoolExecutor.runWorker(ThreadPoolExecutor.java:1167)
11-16 09:56:15.622: W/NetworkScheduler(11046): 	at java.util.concurrent.ThreadPoolExecutor$Worker.run(ThreadPoolExecutor.java:641)
11-16 09:56:15.622: W/NetworkScheduler(11046): 	at rkn.run(:com.google.android.gms@213614028@21.36.14 (100400-395708125):0)
11-16 09:56:15.622: W/NetworkScheduler(11046): 	at java.lang.Thread.run(Thread.java:764)
11-16 09:56:15.635: I/ModuleSetMgr(13178): Computing pending module set with APKs: [[AdsFdrDynamite.integ:213806100100000], [Enpromo.integ:214106000100000], [Pay.optional:213614100000], [VisionOcr.optional:213614100400], [AdsFdrDynamite.integ:212104400100000], [Cronetdynamite:213614100400], [Dynamiteloader:213614100000], [Dynamitemodulesa:213614100000], [Dynamitemodulesc:213614100000], [Googlecertificates:213614100000], [Mapsdynamite:213614100000], [Measurementdynamite:213614100000]]
11-16 09:56:15.640: I/GCoreUlr(11046): WorldUpdater received intent Intent { act=com.google.android.location.reporting.ACTION_UPDATE_WORLD cmp=com.google.android.gms/com.google.android.location.reporting.service.DispatchingService (has extras) } with receiverAction com.google.gservices.intent.action.GSERVICES_CHANGED [CONTEXT service_id=22 ]
11-16 09:56:15.642: I/GCoreUlr(11046): WorldUpdater:com.google.gservices.intent.action.GSERVICES_CHANGED: Ensuring that reporting is stopped because of reasons: (no Google accounts) [CONTEXT service_id=22 ]
11-16 09:56:15.643: I/ModuleSetMgr(13178): Pending container module APKs: [[Pay.optional:213614100000], [VisionOcr.optional:213614100400]]
11-16 09:56:15.643: I/ModuleSetMgr(13178): Pending non-container module APKs: [[Enpromo.integ:214106000100000], [AdsFdrDynamite.integ:213806100100000]]
11-16 09:56:15.644: I/GCoreUlr(11046): Unbound from all signal providers. [CONTEXT service_id=22 ]
11-16 09:56:15.650: I/GCoreUlr(11046): DispatchingService ignoring Intent { act=android.net.wifi.WIFI_STATE_CHANGED flg=0x4000010 (has extras) } because ULR inactive [CONTEXT service_id=22 ]
11-16 09:56:15.655: I/GCoreUlr(11046): Unbound from all signal providers. [CONTEXT service_id=22 ]
11-16 09:56:15.655: I/GCoreUlr(11046): Stopping handler for UlrDispSvcFast [CONTEXT service_id=22 ]
11-16 09:56:15.657: W/PackageParser(13178): Unknown element under <manifest>: queries at /data/user_de/0/com.google.android.gms/app_chimera/m/00000007/AdsDynamite.apk Binary XML file line #5
11-16 09:56:15.669: W/PackageParser(13178): Unknown element under <manifest>: queries at /data/user_de/0/com.google.android.gms/app_chimera/m/00000011/dl-AdsFdrDynamite.integ_213806100100000.apk Binary XML file line #11
11-16 09:56:15.672: I/SoundTriggerModelLoader(18153): Unloading model 9f6ad62a-1f0b-11e7-87c5-40a8f03d3f15
11-16 09:56:15.673: I/SoundTriggerManagerComp(18153): Unloading model 9f6ad62a-1f0b-11e7-87c5-40a8f03d3f15
11-16 09:56:15.673: I/SoundTriggerService(1164): deleteSoundModel(): id = 9f6ad62a-1f0b-11e7-87c5-40a8f03d3f15
11-16 09:56:15.673: W/SoundTriggerHelper(1164): Unload error: Attempting unload invalid generic model with id:9f6ad62a-1f0b-11e7-87c5-40a8f03d3f15
11-16 09:56:15.674: I/GmsModuleFndr(13178): Beginning GMS chimera module scan
11-16 09:56:15.681: I/SettingsActivityAvailab(18078): Disabling com.google.android.apps.multidevice.client.ui.pixel.SettingsActivity.
11-16 09:56:15.683: E/GooglePlayServicesUtil(18060): The Google Play services resources were not found. Check your project configuration to ensure that the resources are included.
