11-16 09:56:20.221: I/CarrierServices(10033): [592] awt.doInBackground: Old operation mode: 0
11-16 09:56:20.222: I/CarrierServices(10033): [592] awt.doInBackground: New operation mode: 0
11-16 09:56:20.222: I/CarrierServices(10033): [2] aww.a: Unbinding RcsMigrationService
11-16 09:56:20.230: I/system_server(1164): Waiting for a blocking GC Explicit
11-16 09:56:20.239: I/GAv4(18574): Google Analytics 18.8.27 is starting up. To enable debug logging on a device run:
11-16 09:56:20.239: I/GAv4(18574):   adb shell setprop log.tag.GAv4 DEBUG
11-16 09:56:20.239: I/GAv4(18574):   adb logcat -s GAv4
11-16 09:56:20.239: W/Finsky(18449): [170] fla.h(9): IOException while manually unzipping request.
11-16 09:56:20.242: E/Finsky(18449): [159] lwd.b(5): Error getting device settings.
11-16 09:56:20.242: E/Finsky(18449): network time: 402, HTTP status code: 404, exception com.android.volley.ClientError
11-16 09:56:20.242: E/Finsky(18449): 	at wcl.hn(Unknown Source:4)
11-16 09:56:20.242: E/Finsky(18449): 	at ddj.r(PG:2)
11-16 09:56:20.242: E/Finsky(18449): 	at fcf.r(PG:3)
11-16 09:56:20.242: E/Finsky(18449): 	at ddc.run(PG:3)
11-16 09:56:20.242: E/Finsky(18449): 	at android.os.Handler.handleCallback(Handler.java:873)
11-16 09:56:20.242: E/Finsky(18449): 	at android.os.Handler.dispatchMessage(Handler.java:99)
11-16 09:56:20.242: E/Finsky(18449): 	at android.os.Looper.loop(Looper.java:193)
11-16 09:56:20.242: E/Finsky(18449): 	at android.app.ActivityThread.main(ActivityThread.java:6718)
11-16 09:56:20.242: E/Finsky(18449): 	at java.lang.reflect.Method.invoke(Native Method)
11-16 09:56:20.242: E/Finsky(18449): 	at com.android.internal.os.RuntimeInit$MethodAndArgsCaller.run(RuntimeInit.java:493)
11-16 09:56:20.242: E/Finsky(18449): 	at com.android.internal.os.ZygoteInit.main(ZygoteInit.java:858)
11-16 09:56:20.243: I/Finsky(18449): [204] ovx.run(16): Wrote row to frosting DB: 212
11-16 09:56:20.243: E/Finsky(18449): [159] lvw.b(1): Error while refreshing device settings: network time: 402, HTTP status code: 404, exception com.android.volley.ClientError. Retrying.
11-16 09:56:20.243: E/Finsky(18449): network time: 402, HTTP status code: 404, exception com.android.volley.ClientError
11-16 09:56:20.243: E/Finsky(18449): 	at wcl.hn(Unknown Source:4)
11-16 09:56:20.243: E/Finsky(18449): 	at ddj.r(PG:2)
11-16 09:56:20.243: E/Finsky(18449): 	at fcf.r(PG:3)
11-16 09:56:20.243: E/Finsky(18449): 	at ddc.run(PG:3)
11-16 09:56:20.243: E/Finsky(18449): 	at android.os.Handler.handleCallback(Handler.java:873)
11-16 09:56:20.243: E/Finsky(18449): 	at android.os.Handler.dispatchMessage(Handler.java:99)
11-16 09:56:20.243: E/Finsky(18449): 	at android.os.Looper.loop(Looper.java:193)
11-16 09:56:20.243: E/Finsky(18449): 	at android.app.ActivityThread.main(ActivityThread.java:6718)
11-16 09:56:20.243: E/Finsky(18449): 	at java.lang.reflect.Method.invoke(Native Method)
11-16 09:56:20.243: E/Finsky(18449): 	at com.android.internal.os.RuntimeInit$MethodAndArgsCaller.run(RuntimeInit.java:493)
11-16 09:56:20.243: E/Finsky(18449): 	at com.android.internal.os.ZygoteInit.main(ZygoteInit.java:858)
11-16 09:56:20.245: I/Finsky(18449): [159] abya.n(4): SCH: jobFinished: 31-305419896. TimeElapsed: 495ms.
11-16 09:56:20.254: I/Finsky(18449): [2] abwr.e(7): SCH: Job 31-305419896 finished. Rescheduling.
11-16 09:56:20.256: I/Finsky(18449): [2] abwq.handleMessage(59): SCH: RunningQueue size: 0, PendingQueue size: 0
11-16 09:56:20.256: I/Finsky(18449): [2] abwq.handleMessage(72): SCH: Waiting on changed job store
11-16 09:56:20.257: I/Finsky(18449): [155] jnw.a(15): [ContentSync] finished, scheduled=false
11-16 09:56:20.267: W/ChimeraUtils(11046): Module com.google.android.gms.nearby_en has empty metadata display_name_string_id
11-16 09:56:20.267: I/Finsky(18449): [211] gxq.a(12): Asset module storage cleared for package dev.androidx.ci.emptyapp.
11-16 09:56:20.278: W/GAv4(18574): CampaignTrackingReceiver is not registered, not exported or is disabled. Installation campaign tracking is not possible. See http://goo.gl/8Rd3yj for instructions.
11-16 09:56:20.282: I/Finsky(18449): [204] ovx.run(16): Wrote row to frosting DB: 213
11-16 09:56:20.283: W/ChimeraUtils(11046): Module com.google.android.gms.nearby_en has empty metadata display_name_string_id
11-16 09:56:20.287: W/ChimeraUtils(11046): Module com.google.android.gms.nearby_en has empty metadata display_name_string_id
11-16 09:56:20.304: I/Icing(13178): Indexing com.google.android.gms-apps from com.google.android.gms
11-16 09:56:20.311: W/PackageParser(1164): Unknown element under <manifest>: queries at /data/app/vmdl756987010.tmp/base.apk Binary XML file line #33
11-16 09:56:20.315: I/Icing(13178): Indexing done com.google.android.gms-apps
11-16 09:56:20.319: I/system_server(1164): Background concurrent copying GC freed 134834(6MB) AllocSpace objects, 41(1844KB) LOS objects, 42% free, 18MB/32MB, paused 54us total 195.722ms
11-16 09:56:20.319: I/system_server(1164): WaitForGcToComplete blocked Explicit on HeapTrim for 89.049ms
11-16 09:56:20.331: I//vendor/bin/hw/android.hardware.health@2.0-service.crosshatch(770): Entry state_: 1 charger_status: Full batteryLevel: 100
11-16 09:56:20.331: I//vendor/bin/hw/android.hardware.health@2.0-service.crosshatch(770): Exit state_: 1 batteryLevel: 100
11-16 09:56:20.334: D/QtiCarrierConfigHelper(3786): WARNING, no carrier configs on phone Id: 0
11-16 09:56:20.385: I/Finsky(18449): [2] aeab.a(1): Connecting InstallListener to SplitInstallService broadcaster...
11-16 09:56:20.391: I/Finsky(18449): [2] ajut.a(3): Warm data store was already initialized.
11-16 09:56:20.397: W/ActivityManager(1164): Slow operation: 54ms so far, now at getContentProviderImpl: after checkContentProviderPermission
11-16 09:56:20.397: W/ActivityManager(1164): Slow operation: 55ms so far, now at getContentProviderImpl: incProviderCountLocked
11-16 09:56:20.397: W/ActivityManager(1164): Slow operation: 55ms so far, now at getContentProviderImpl: before updateOomAdj
11-16 09:56:20.397: W/ActivityManager(1164): Slow operation: 55ms so far, now at getContentProviderImpl: after updateOomAdj
11-16 09:56:20.397: W/ActivityManager(1164): Slow operation: 55ms so far, now at getContentProviderImpl: done!
11-16 09:56:20.397: W/ActivityManager(1164): [ 11-16 09:56:20.401   857: 1337 E/         ]
11-16 09:56:20.397: W/ActivityManager(1164): Couldn't opendir /data/app/vmdl756987010.tmp: No such file or directory
11-16 09:56:20.401: E/installd(857): Failed to delete /data/app/vmdl756987010.tmp: No such file or directory
11-16 09:56:20.410: I/Finsky(18449): [2] yeh.d(13): PackageMonitorReceiverImpl - Received: android.intent.action.PACKAGE_ADDED, [zGXHKmpmCb4CRmrS2FDm4sT3WMLwvbz3Qx5oV2A-CjU]
11-16 09:56:20.410: I/Finsky(18449): [2] yfi.g(1): Invalidating cached PackageState for androidx.navigation.fragment.test
11-16 09:56:20.411: W/BroadcastQueue(1164): Background execution not allowed: receiving Intent { act=android.intent.action.PACKAGE_ADDED dat=package:androidx.navigation.fragment.test flg=0x4000010 (has extras) } to com.android.musicfx/.Compatibility$Receiver
11-16 09:56:20.411: I/CarrierServices(10033): [2] RcsAutoStartReceiver.b: carrierServicesJibeServiceEnabled changed from true to true
11-16 09:56:20.412: I/CarrierServices(10033): [2] RcsAutoStartReceiver.b: enableRcs changed from true to true
11-16 09:56:20.414: I/Telecom(1164): DefaultDialerCache: Refreshing default dialer for user 0: now com.google.android.dialer: DDC.oR@AJ4
11-16 09:56:20.417: I/CarrierServices(10033): [2] RcsAutoStartReceiver.b: RcsAutoStartReceiver triggered. Fetching RCS State. Action: android.intent.action.PACKAGE_ADDED
11-16 09:56:20.418: I/Finsky(18449): [204] ovx.run(16): Wrote row to frosting DB: 214
11-16 09:56:20.420: W/BroadcastQueue(1164): Background execution not allowed: receiving Intent { act=android.intent.action.PACKAGE_ADDED dat=package:androidx.navigation.fragment.test flg=0x4000010 (has extras) } to com.android.vending/com.google.android.finsky.packagemanager.impl.PackageMonitorReceiverImpl$RegisteredReceiver
11-16 09:56:20.422: I/Finsky(18449): [2] owk.d(2): Frosting ID looked up on UI thread. Caller should move to a background thread.
11-16 09:56:20.422: W/BroadcastQueue(1164): Background execution not allowed: receiving Intent { act=android.intent.action.PACKAGE_ADDED dat=package:androidx.navigation.fragment.test flg=0x4000010 (has extras) } to com.google.android.gms/.games.chimera.GamesSystemBroadcastReceiverProxy
11-16 09:56:20.422: W/BroadcastQueue(1164): Background execution not allowed: receiving Intent { act=android.intent.action.PACKAGE_ADDED dat=package:androidx.navigation.fragment.test flg=0x4000010 (has extras) } to com.google.android.gms/.gass.chimera.PackageChangeBroadcastReceiver
11-16 09:56:20.422: I/system_server(1164): Explicit concurrent copying GC freed 34430(2034KB) AllocSpace objects, 13(580KB) LOS objects, 42% free, 18MB/31MB, paused 87us total 102.680ms
11-16 09:56:20.422: W/BroadcastQueue(1164): Background execution not allowed: receiving Intent { act=android.intent.action.PACKAGE_ADDED dat=package:androidx.navigation.fragment.test flg=0x4000010 (has extras) } to com.google.android.gms/.chimera.GmsIntentOperationService$PersistentTrustedReceiver
11-16 09:56:20.422: W/BroadcastQueue(1164): Background execution not allowed: receiving Intent { act=android.intent.action.PACKAGE_ADDED dat=package:androidx.navigation.fragment.test flg=0x4000010 (has extras) } to com.google.android.googlequicksearchbox/com.google.android.apps.gsa.googlequicksearchbox.GelStubAppWatcher
11-16 09:56:20.422: W/BroadcastQueue(1164): Background execution not allowed: receiving Intent { act=android.intent.action.PACKAGE_ADDED dat=package:androidx.navigation.fragment.test flg=0x4000010 (has extras) } to com.google.android.ims/.receivers.RcsAutoStartReceiver
11-16 09:56:20.422: I/system_server(1164): WaitForGcToComplete blocked Background on HeapTrim for 19.404ms
11-16 09:56:20.423: I/InputReader(1164): Reconfiguring input devices.  changes=0x00000010
11-16 09:56:20.424: I/CarrierServices(10033): [2] aws.a: Migration binding to RcsMigrationService
11-16 09:56:20.435: V/BackupManagerConstants(1164): getFullBackupIntervalMilliseconds(...) returns 86400000
11-16 09:56:20.437: I/Finsky(18449): [2] amas.a(3): Do not start WearSupportService due to Wear service optimization
11-16 09:56:20.438: I/BugleDataModel(10157): RcsMigrationService: Returning RCS state provider.
11-16 09:56:20.440: I/Finsky(18449): [2] amas.a(3): Do not start WearSupportService due to Wear service optimization
11-16 09:56:20.440: I/Finsky(18449): [155] jnw.a(15): [ContentSync] finished, scheduled=false
11-16 09:56:20.441: I/Finsky(18449): [2] aeak.a(8): Clearing split related stale data.
11-16 09:56:20.441: W/GCM(11046): Unexpected forwarded intent: Intent { act=android.intent.action.PACKAGE_ADDED dat=package:androidx.navigation.fragment.test flg=0x4000010 pkg=com.google.android.gms cmp=com.google.android.gms/.chimera.PersistentIntentOperationService (has extras) }
11-16 09:56:20.441: E/PhoneInterfaceManager(3786): [PhoneIntfMgr] getCarrierPackageNamesForIntent: No UICC
11-16 09:56:20.441: D/CarrierSvcBindHelper(3786): No carrier app for: 0
11-16 09:56:20.441: I/FontLog(11046): Package androidx.navigation.fragment.test has no metadata [CONTEXT service_id=132 ]
11-16 09:56:20.442: W/GCM(11046): Unexpected forwarded intent: Intent { act=android.intent.action.PACKAGE_ADDED dat=package:androidx.navigation.fragment.test flg=0x4000010 pkg=com.google.android.gms cmp=com.google.android.gms/.chimera.PersistentIntentOperationService (has extras) }
11-16 09:56:20.443: D/RegisteredNfcFServicesCache(4144): Service unchanged, not updating
11-16 09:56:20.445: I/BugleRcsEngine(10157): [555] pot.a: Sim state is not ready. Returning last known operation mode.
11-16 09:56:20.446: I/CarrierServices(10033): [593] awt.doInBackground: Saving RCS State
11-16 09:56:20.447: I/CarrierServices(10033): [593] awt.doInBackground: Old operation mode: 0
11-16 09:56:20.447: E/VvmPkgInstalledRcvr(3786): cannot create TelephonyManager from ComponentInfo{com.android.phone/com.android.services.telephony.TelephonyConnectionService}, ***, UserHandle{0}
11-16 09:56:20.447: D/ImsResolver(3786): maybeAddedImsService, packageName: androidx.navigation.fragment.test
11-16 09:56:20.447: I/CarrierServices(10033): [593] awt.doInBackground: New operation mode: 0
11-16 09:56:20.448: D/CarrierConfigLoader(3786): mHandler: 9 phoneId: 0
11-16 09:56:20.448: W/PrimesInit(18574): Primes instant initialization
11-16 09:56:20.451: W/Primes(18574): background initialization
11-16 09:56:20.451: I/CarrierServices(10033): [2] aww.a: Unbinding RcsMigrationService
11-16 09:56:20.451: I/Finsky(18449): [2] owk.d(2): Frosting ID looked up on UI thread. Caller should move to a background thread.
11-16 09:56:20.453: I/Finsky(18449): [211] gxq.a(12): Asset module storage cleared for package androidx.navigation.fragment.test.
11-16 09:56:20.455: I/Auth(13178): [SupervisedAccountIntentOperation] onHandleIntent(): android.intent.action.PACKAGE_ADDED
11-16 09:56:20.457: I/BlockstoreStorage(13178): Clearing Blockstore Data for package androidx.navigation.fragment.test [CONTEXT service_id=258 ]
11-16 09:56:20.458: I/BlockstoreStorage(13178): No metadata found. Skipping deletion. [CONTEXT service_id=258 ]
11-16 09:56:20.460: I/Finsky(18449): [204] ovx.run(16): Wrote row to frosting DB: 215
11-16 09:56:20.468: D/BoundBrokerSvc(13178): onBind: Intent { act=com.google.android.gms.common.BIND_SHARED_PREFS pkg=com.google.android.gms }
11-16 09:56:20.468: D/BoundBrokerSvc(13178): Loading bound service for intent: Intent { act=com.google.android.gms.common.BIND_SHARED_PREFS pkg=com.google.android.gms }
11-16 09:56:20.495: D/BoundBrokerSvc(13178): onUnbind: Intent { act=com.google.android.gms.common.BIND_SHARED_PREFS pkg=com.google.android.gms }
11-16 09:56:20.496: W/FieldDefinition(18574): [main] Ignoring isIndexed constraint as field also has uniqueness constraint (on just this field, and therefore SQLite will have to create an index on that. For field: cxk$b@2ad58a0
11-16 09:56:20.526: W/ChimeraUtils(11046): Module com.google.android.gms.nearby_en has empty metadata display_name_string_id
11-16 09:56:20.540: I/Icing(13178): Indexing com.google.android.gms-apps from com.google.android.gms
11-16 09:56:20.541: W/ChimeraUtils(11046): Module com.google.android.gms.nearby_en has empty metadata display_name_string_id
11-16 09:56:20.544: I/Icing(13178): Indexing done com.google.android.gms-apps
11-16 09:56:20.553: W/ChimeraUtils(11046): Module com.google.android.gms.nearby_en has empty metadata display_name_string_id
11-16 09:56:20.619: D/GH.AutoPhenotypeFlags(4316): Refreshing flag-values from Phenotype
11-16 09:56:20.624: I/PackageUpdateTaskChimer(11046): Scheduling Phenotype config package catchup updates to be 86400 seconds from now (1637085380624) [CONTEXT service_id=51 ]
11-16 09:56:20.629: I/akhr(11046): Scheduling adaptive one off task with window [14400, 604800] in seconds [CONTEXT service_id=51 ]
11-16 09:56:20.645: W/PhenotypeConfigurationU(11046): Update for unknown DeviceConfig package com.google.android.gms.car#car_setup [CONTEXT service_id=204 ]
11-16 09:56:20.645: W/PhenotypeConfigurationU(11046): akjf: No package exists for config package: com.google.android.gms.car#car_setup
11-16 09:56:20.645: W/PhenotypeConfigurationU(11046): 	at com.google.android.gms.platformconfigurator.PhenotypeConfigurationUpdateListener.a(:com.google.android.gms@213614028@21.36.14 (100400-395708125):7)
11-16 09:56:20.645: W/PhenotypeConfigurationU(11046): 	at com.google.android.gms.platformconfigurator.PhenotypeConfigurationUpdateListener.onHandleIntent(:com.google.android.gms@213614028@21.36.14 (100400-395708125):5)
11-16 09:56:20.645: W/PhenotypeConfigurationU(11046): 	at com.google.android.chimera.IntentOperation.onHandleIntent(:com.google.android.gms@213614028@21.36.14 (100400-395708125):2)
11-16 09:56:20.645: W/PhenotypeConfigurationU(11046): 	at pld.onHandleIntent(:com.google.android.gms@213614028@21.36.14 (100400-395708125):4)
11-16 09:56:20.645: W/PhenotypeConfigurationU(11046): 	at dpb.run(:com.google.android.gms@213614028@21.36.14 (100400-395708125):5)
11-16 09:56:20.645: W/PhenotypeConfigurationU(11046): 	at dpa.run(:com.google.android.gms@213614028@21.36.14 (100400-395708125):11)
11-16 09:56:20.645: W/PhenotypeConfigurationU(11046): 	at bfyg.run(:com.google.android.gms@213614028@21.36.14 (100400-395708125):2)
11-16 09:56:20.645: W/PhenotypeConfigurationU(11046): 	at java.util.concurrent.ThreadPoolExecutor.runWorker(ThreadPoolExecutor.java:1167)
11-16 09:56:20.645: W/PhenotypeConfigurationU(11046): 	at java.util.concurrent.ThreadPoolExecutor$Worker.run(ThreadPoolExecutor.java:641)
11-16 09:56:20.645: W/PhenotypeConfigurationU(11046): 	at java.lang.Thread.run(Thread.java:764)
11-16 09:56:20.654: W/PhenotypeConfigurationU(11046): Update for unknown DeviceConfig package com.google.android.gms.car#car [CONTEXT service_id=204 ]
11-16 09:56:20.654: W/PhenotypeConfigurationU(11046): akjf: No package exists for config package: com.google.android.gms.car#car
11-16 09:56:20.654: W/PhenotypeConfigurationU(11046): 	at com.google.android.gms.platformconfigurator.PhenotypeConfigurationUpdateListener.a(:com.google.android.gms@213614028@21.36.14 (100400-395708125):7)
11-16 09:56:20.654: W/PhenotypeConfigurationU(11046): 	at com.google.android.gms.platformconfigurator.PhenotypeConfigurationUpdateListener.onHandleIntent(:com.google.android.gms@213614028@21.36.14 (100400-395708125):5)
11-16 09:56:20.654: W/PhenotypeConfigurationU(11046): 	at com.google.android.chimera.IntentOperation.onHandleIntent(:com.google.android.gms@213614028@21.36.14 (100400-395708125):2)
11-16 09:56:20.654: W/PhenotypeConfigurationU(11046): 	at pld.onHandleIntent(:com.google.android.gms@213614028@21.36.14 (100400-395708125):4)
11-16 09:56:20.654: W/PhenotypeConfigurationU(11046): 	at dpb.run(:com.google.android.gms@213614028@21.36.14 (100400-395708125):5)
11-16 09:56:20.654: W/PhenotypeConfigurationU(11046): 	at dpa.run(:com.google.android.gms@213614028@21.36.14 (100400-395708125):11)
11-16 09:56:20.654: W/PhenotypeConfigurationU(11046): 	at bfyg.run(:com.google.android.gms@213614028@21.36.14 (100400-395708125):2)
11-16 09:56:20.654: W/PhenotypeConfigurationU(11046): 	at java.util.concurrent.ThreadPoolExecutor.runWorker(ThreadPoolExecutor.java:1167)
11-16 09:56:20.654: W/PhenotypeConfigurationU(11046): 	at java.util.concurrent.ThreadPoolExecutor$Worker.run(ThreadPoolExecutor.java:641)
11-16 09:56:20.654: W/PhenotypeConfigurationU(11046): 	at java.lang.Thread.run(Thread.java:764)
11-16 09:56:20.659: D/GH.PhenotypeCommitter(4316): Committed Phenotype flags successfully!
11-16 09:56:20.667: W/PhenotypeConfigurationU(11046): Update for unknown DeviceConfig package com.google.android.gms.icing.mdd#com.google.android.gms [CONTEXT service_id=204 ]
11-16 09:56:20.667: W/PhenotypeConfigurationU(11046): akjf: No package exists for config package: com.google.android.gms.icing.mdd#com.google.android.gms
11-16 09:56:20.667: W/PhenotypeConfigurationU(11046): 	at com.google.android.gms.platformconfigurator.PhenotypeConfigurationUpdateListener.a(:com.google.android.gms@213614028@21.36.14 (100400-395708125):7)
11-16 09:56:20.667: W/PhenotypeConfigurationU(11046): 	at com.google.android.gms.platformconfigurator.PhenotypeConfigurationUpdateListener.onHandleIntent(:com.google.android.gms@213614028@21.36.14 (100400-395708125):5)
11-16 09:56:20.667: W/PhenotypeConfigurationU(11046): 	at com.google.android.chimera.IntentOperation.onHandleIntent(:com.google.android.gms@213614028@21.36.14 (100400-395708125):2)
11-16 09:56:20.667: W/PhenotypeConfigurationU(11046): 	at pld.onHandleIntent(:com.google.android.gms@213614028@21.36.14 (100400-395708125):4)
11-16 09:56:20.667: W/PhenotypeConfigurationU(11046): 	at dpb.run(:com.google.android.gms@213614028@21.36.14 (100400-395708125):5)
11-16 09:56:20.667: W/PhenotypeConfigurationU(11046): 	at dpa.run(:com.google.android.gms@213614028@21.36.14 (100400-395708125):11)
11-16 09:56:20.667: W/PhenotypeConfigurationU(11046): 	at bfyg.run(:com.google.android.gms@213614028@21.36.14 (100400-395708125):2)
11-16 09:56:20.667: W/PhenotypeConfigurationU(11046): 	at java.util.concurrent.ThreadPoolExecutor.runWorker(ThreadPoolExecutor.java:1167)
11-16 09:56:20.667: W/PhenotypeConfigurationU(11046): 	at java.util.concurrent.ThreadPoolExecutor$Worker.run(ThreadPoolExecutor.java:641)
11-16 09:56:20.667: W/PhenotypeConfigurationU(11046): 	at java.lang.Thread.run(Thread.java:764)
11-16 09:56:20.672: D/CAR.CLIENT(4316): connect
11-16 09:56:20.688: I/ActivityManager(1164): Start proc 18725:com.google.android.gms:car/u0a7 for service com.google.android.gms/.car.CarService
11-16 09:56:20.694: E/android.gms:ca(18725): Not starting debugger since process cannot load the jdwp agent.
11-16 09:56:20.700: D/GH.CarApiClientManager(4316): registered listener cqq@3098462
11-16 09:56:20.700: D/GH.CarApiClientManager(4316): start
11-16 09:56:20.700: I/GH.SharedService(4316): Shared Service created
11-16 09:56:20.702: D/CAR.CLIENT(4316): connect
11-16 09:56:20.703: D/GH.NotifListenCNameMgr(4316): No set listener, returning default: com.google.android.gearhead.notifications.SharedNotificationListenerManager$ListenerService
11-16 09:56:20.703: D/GH.SharedNotifications(4316): Current notification listener: com.google.android.gearhead.notifications.SharedNotificationListenerManager$ListenerService
11-16 09:56:20.703: D/GH.NotifListenCNameMgr(4316): No set listener, returning default: com.google.android.gearhead.notifications.SharedNotificationListenerManager$ListenerService
11-16 09:56:20.710: I/android.gms:ca(18725): The ClassLoaderContext is a special shared library.
11-16 09:56:20.711: I/chatty(18725): uid=10007 com.google.android.gms:car identical 1 line
11-16 09:56:20.711: I/android.gms:ca(18725): The ClassLoaderContext is a special shared library.
11-16 09:56:20.714: W/PhenotypeConfigurationU(11046): Update for unknown DeviceConfig package com.google.android.gms.icing.mdd [CONTEXT service_id=204 ]
11-16 09:56:20.714: W/PhenotypeConfigurationU(11046): akjf: No package exists for config package: com.google.android.gms.icing.mdd
11-16 09:56:20.714: W/PhenotypeConfigurationU(11046): 	at com.google.android.gms.platformconfigurator.PhenotypeConfigurationUpdateListener.a(:com.google.android.gms@213614028@21.36.14 (100400-395708125):7)
11-16 09:56:20.714: W/PhenotypeConfigurationU(11046): 	at com.google.android.gms.platformconfigurator.PhenotypeConfigurationUpdateListener.onHandleIntent(:com.google.android.gms@213614028@21.36.14 (100400-395708125):5)
11-16 09:56:20.714: W/PhenotypeConfigurationU(11046): 	at com.google.android.chimera.IntentOperation.onHandleIntent(:com.google.android.gms@213614028@21.36.14 (100400-395708125):2)
11-16 09:56:20.714: W/PhenotypeConfigurationU(11046): 	at pld.onHandleIntent(:com.google.android.gms@213614028@21.36.14 (100400-395708125):4)
11-16 09:56:20.714: W/PhenotypeConfigurationU(11046): 	at dpb.run(:com.google.android.gms@213614028@21.36.14 (100400-395708125):5)
11-16 09:56:20.714: W/PhenotypeConfigurationU(11046): 	at dpa.run(:com.google.android.gms@213614028@21.36.14 (100400-395708125):11)
11-16 09:56:20.714: W/PhenotypeConfigurationU(11046): 	at bfyg.run(:com.google.android.gms@213614028@21.36.14 (100400-395708125):2)
11-16 09:56:20.714: W/PhenotypeConfigurationU(11046): 	at java.util.concurrent.ThreadPoolExecutor.runWorker(ThreadPoolExecutor.java:1167)
11-16 09:56:20.714: W/PhenotypeConfigurationU(11046): 	at java.util.concurrent.ThreadPoolExecutor$Worker.run(ThreadPoolExecutor.java:641)
11-16 09:56:20.714: W/PhenotypeConfigurationU(11046): 	at java.lang.Thread.run(Thread.java:764)
11-16 09:56:20.725: I/NetworkScheduler.Stats(11046): Task com.google.android.gms/com.google.android.gms.phenotype.service.sync.PhenotypeConfigurator finished executing. cause:9 result: 1 elapsed_millis: 1733 uptime_millis: 1733 exec_start_elapsed_seconds: 1380 [CONTEXT service_id=218 ]
11-16 09:56:20.727: W/android.gms:ca(18725): Unknown chunk type '200'.
11-16 09:56:20.742: E/ExecutionCriteria(11046): Package unavailable for task: com.google.android.apps.gcs/com.google.android.flib.phenotype.services.PhenotypeExperimentCommitService{u=0 tag="PhenotypeExpCommitSvc" trigger=window{start=0s,end=30s,earliest=-1281s,latest=-1251s} requirements=[NET_ANY] attributes=[PERSISTED] scheduled=-1281s last_run=N/A exec_window_multiplier=1.0000 jid=N/A status=PENDING retries=0 client_lib=MANCHEGO_GCM-11732000} [CONTEXT service_id=218 ]
11-16 09:56:20.744: W/PhenotypeConfigurationU(11046): Update for unknown DeviceConfig package com.google.android.gms.car [CONTEXT service_id=204 ]
11-16 09:56:20.744: W/PhenotypeConfigurationU(11046): akjf: No package exists for config package: com.google.android.gms.car
11-16 09:56:20.744: W/PhenotypeConfigurationU(11046): 	at com.google.android.gms.platformconfigurator.PhenotypeConfigurationUpdateListener.a(:com.google.android.gms@213614028@21.36.14 (100400-395708125):7)
11-16 09:56:20.744: W/PhenotypeConfigurationU(11046): 	at com.google.android.gms.platformconfigurator.PhenotypeConfigurationUpdateListener.onHandleIntent(:com.google.android.gms@213614028@21.36.14 (100400-395708125):5)
11-16 09:56:20.744: W/PhenotypeConfigurationU(11046): 	at com.google.android.chimera.IntentOperation.onHandleIntent(:com.google.android.gms@213614028@21.36.14 (100400-395708125):2)
11-16 09:56:20.744: W/PhenotypeConfigurationU(11046): 	at pld.onHandleIntent(:com.google.android.gms@213614028@21.36.14 (100400-395708125):4)
11-16 09:56:20.744: W/PhenotypeConfigurationU(11046): 	at dpb.run(:com.google.android.gms@213614028@21.36.14 (100400-395708125):5)
11-16 09:56:20.744: W/PhenotypeConfigurationU(11046): 	at dpa.run(:com.google.android.gms@213614028@21.36.14 (100400-395708125):11)
11-16 09:56:20.744: W/PhenotypeConfigurationU(11046): 	at bfyg.run(:com.google.android.gms@213614028@21.36.14 (100400-395708125):2)
11-16 09:56:20.744: W/PhenotypeConfigurationU(11046): 	at java.util.concurrent.ThreadPoolExecutor.runWorker(ThreadPoolExecutor.java:1167)
11-16 09:56:20.744: W/PhenotypeConfigurationU(11046): 	at java.util.concurrent.ThreadPoolExecutor$Worker.run(ThreadPoolExecutor.java:641)
11-16 09:56:20.744: W/PhenotypeConfigurationU(11046): 	at java.lang.Thread.run(Thread.java:764)
11-16 09:56:20.757: V/SettingsProvider(1164): Notifying for 0: content://settings/system/gearhead:driving_mode_settings_enabled
11-16 09:56:20.773: D/AndroidRuntime(18723): >>>>>> START com.android.internal.os.RuntimeInit uid 2000 <<<<<<
11-16 09:56:20.776: D/BoundBrokerSvc(13178): onBind: Intent { act=com.google.android.mdd.service.START cmp=com.google.android.gms/.chimera.GmsBoundBrokerService }
11-16 09:56:20.776: D/BoundBrokerSvc(13178): Loading bound service for intent: Intent { act=com.google.android.mdd.service.START cmp=com.google.android.gms/.chimera.GmsBoundBrokerService }
11-16 09:56:20.795: W/ComponentDiscovery(18574): Application info not found.
11-16 09:56:20.796: W/ComponentDiscovery(18574): Could not retrieve metadata, returning empty list of registrars.
11-16 09:56:20.827: I/ActivityManager(1164): Start proc 18752:com.google.android.apps.maps/u0a102 for broadcast com.google.android.apps.maps/com.google.android.apps.gmm.notification.channels.NotificationChannelBroadcastReceiver
11-16 09:56:20.828: I/app_process(18723): The ClassLoaderContext is a special shared library.
11-16 09:56:20.831: D/BoundBrokerSvc(13178): onBind: Intent { act=com.google.android.gms.checkin.START pkg=com.google.android.gms }
11-16 09:56:20.831: D/BoundBrokerSvc(13178): Loading bound service for intent: Intent { act=com.google.android.gms.checkin.START pkg=com.google.android.gms }
11-16 09:56:20.833: E/droid.apps.map(18752): Not starting debugger since process cannot load the jdwp agent.
11-16 09:56:20.844: W/ProviderHelper(18725): Unknown dynamite feature providerinstaller.dynamite
11-16 09:56:20.845: I/DynamiteModule(18725): Considering local module com.google.android.gms.providerinstaller.dynamite:1 and remote module com.google.android.gms.providerinstaller.dynamite:0
11-16 09:56:20.845: I/DynamiteModule(18725): Selected local version of com.google.android.gms.providerinstaller.dynamite
11-16 09:56:20.851: D/AndroidRuntime(18723): Calling main entry com.android.commands.am.Am
11-16 09:56:20.852: I/droid.apps.map(18752): The ClassLoaderContext is a special shared library.
11-16 09:56:20.855: I/ActivityManager(1164): Force stopping com.google.android.apps.mtaas.tools appid=10156 user=0: start instr
11-16 09:56:20.855: E/akgg(11046): Phenotype API error. Event # btlq@88cd4474, EventCode: 32 [CONTEXT service_id=51 ]
11-16 09:56:20.855: E/akgg(11046): akfs: 29503
11-16 09:56:20.855: E/akgg(11046): 	at akhi.e(:com.google.android.gms@213614028@21.36.14 (100400-395708125):19)
11-16 09:56:20.855: E/akgg(11046): 	at akgg.d(:com.google.android.gms@213614028@21.36.14 (100400-395708125):4)
11-16 09:56:20.855: E/akgg(11046): 	at akgg.f(:com.google.android.gms@213614028@21.36.14 (100400-395708125):2)
11-16 09:56:20.855: E/akgg(11046): 	at xna.run(:com.google.android.gms@213614028@21.36.14 (100400-395708125):17)
11-16 09:56:20.855: E/akgg(11046): 	at bfyg.run(:com.google.android.gms@213614028@21.36.14 (100400-395708125):2)
11-16 09:56:20.855: E/akgg(11046): 	at rgh.c(:com.google.android.gms@213614028@21.36.14 (100400-395708125):6)
11-16 09:56:20.855: E/akgg(11046): 	at rgh.run(:com.google.android.gms@213614028@21.36.14 (100400-395708125):7)
11-16 09:56:20.855: E/akgg(11046): 	at java.util.concurrent.ThreadPoolExecutor.runWorker(ThreadPoolExecutor.java:1167)
11-16 09:56:20.855: E/akgg(11046): 	at java.util.concurrent.ThreadPoolExecutor$Worker.run(ThreadPoolExecutor.java:641)
11-16 09:56:20.855: E/akgg(11046): 	at rkn.run(:com.google.android.gms@213614028@21.36.14 (100400-395708125):0)
11-16 09:56:20.855: E/akgg(11046): 	at java.lang.Thread.run(Thread.java:764)
11-16 09:56:20.858: E/AsyncOperation(11046): operation=SetAppSpecificPropertiesOperationCall, opStatusCode=29503 [CONTEXT service_id=51 ]
11-16 09:56:20.858: E/AsyncOperation(11046): OperationException[Status{statusCode=unknown status code: 29503, resolution=null}]
11-16 09:56:20.858: E/AsyncOperation(11046): 	at akgg.d(:com.google.android.gms@213614028@21.36.14 (100400-395708125):6)
11-16 09:56:20.858: E/AsyncOperation(11046): 	at akgg.f(:com.google.android.gms@213614028@21.36.14 (100400-395708125):2)
11-16 09:56:20.858: E/AsyncOperation(11046): 	at xna.run(:com.google.android.gms@213614028@21.36.14 (100400-395708125):17)
11-16 09:56:20.858: E/AsyncOperation(11046): 	at bfyg.run(:com.google.android.gms@213614028@21.36.14 (100400-395708125):2)
11-16 09:56:20.858: E/AsyncOperation(11046): 	at rgh.c(:com.google.android.gms@213614028@21.36.14 (100400-395708125):6)
11-16 09:56:20.858: E/AsyncOperation(11046): 	at rgh.run(:com.google.android.gms@213614028@21.36.14 (100400-395708125):7)
11-16 09:56:20.858: E/AsyncOperation(11046): 	at java.util.concurrent.ThreadPoolExecutor.runWorker(ThreadPoolExecutor.java:1167)
11-16 09:56:20.858: E/AsyncOperation(11046): 	at java.util.concurrent.ThreadPoolExecutor$Worker.run(ThreadPoolExecutor.java:641)
11-16 09:56:20.858: E/AsyncOperation(11046): 	at rkn.run(:com.google.android.gms@213614028@21.36.14 (100400-395708125):0)
11-16 09:56:20.858: E/AsyncOperation(11046): 	at java.lang.Thread.run(Thread.java:764)
11-16 09:56:20.859: V/NativeCrypto(18725): Registering com/google/android/gms/org/conscrypt/NativeCrypto's 294 native methods...
11-16 09:56:20.872: I/ActivityManager(1164): Start proc 18777:com.google.android.apps.mtaas.tools/u0a156 for added application com.google.android.apps.mtaas.tools
11-16 09:56:20.874: E/pps.mtaas.tool(18777): Not starting debugger since process cannot load the jdwp agent.
11-16 09:56:20.878: D/NetworkSecurityConfig(18725): Using Network Security Config from resource network_security_config debugBuild: false
11-16 09:56:20.880: I/ProviderInstaller(18725): Installed default security provider GmsCore_OpenSSL
11-16 09:56:20.901: I/pps.mtaas.tool(18777): The ClassLoaderContext is a special shared library.
11-16 09:56:20.908: I/axnn(18725): Primes not initialized, returning default (no-op) Primes instance which will ignore all calls. Please call Primes.initialize(...) before using any Primes API.
11-16 09:56:20.921: I/Watchcat(18725): Started
11-16 09:56:20.922: I/GMS_MM_Logger(18725): Started.
11-16 09:56:20.933: D/DumpStaticPerfEnv(18777): Instrumentation completed successfully
11-16 09:56:20.933: I/ActivityManager(1164): Force stopping com.google.android.apps.mtaas.tools appid=10156 user=0: finished inst
11-16 09:56:20.934: W/Binder(1164): Outgoing transactions from this process must be FLAG_ONEWAY
11-16 09:56:20.934: W/Binder(1164): java.lang.Throwable
11-16 09:56:20.934: W/Binder(1164): 	at android.os.BinderProxy.transact(Binder.java:1116)
11-16 09:56:20.934: W/Binder(1164): 	at android.app.IInstrumentationWatcher$Stub$Proxy.instrumentationFinished(IInstrumentationWatcher.java:164)
11-16 09:56:20.934: W/Binder(1164): 	at com.android.server.am.InstrumentationReporter$MyThread.run(InstrumentationReporter.java:86)
11-16 09:56:20.934: I/ActivityManager(1164): Killing 18777:com.google.android.apps.mtaas.tools/u0a156 (adj 0): stop com.google.android.apps.mtaas.tools
11-16 09:56:20.934: W/libprocessgroup(1164): kill(-18777, 9) failed: No such process
11-16 09:56:20.936: D/AndroidRuntime(18723): Shutting down VM
11-16 09:56:20.940: W/app_process(18723): Thread attaching while runtime is shutting down: Binder:18723_3
11-16 09:56:20.940: I/AndroidRuntime(18723): NOTE: attach of thread 'Binder:18723_3' failed
11-16 09:56:20.941: I/Zygote(738): Process 18777 exited due to signal (9)
11-16 09:56:20.945: W/libprocessgroup(1164): kill(-18777, 9) failed: No such process
11-16 09:56:20.945: I/libprocessgroup(1164): Successfully killed process cgroup uid 10156 pid 18777 in 10ms
11-16 09:56:20.966: W/System(18174): A resource failed to call close. 
11-16 09:56:20.970: W/CAR.VALIDATOR.LITE(18725): Invalid version in allow list flag [ALL] [CONTEXT service_id=13 ]
11-16 09:56:20.970: W/CAR.VALIDATOR.LITE(18725): java.lang.NumberFormatException: For input string: "ALL"
11-16 09:56:20.970: W/CAR.VALIDATOR.LITE(18725): 	at java.lang.Integer.parseInt(Integer.java:615)
11-16 09:56:20.970: W/CAR.VALIDATOR.LITE(18725): 	at java.lang.Integer.parseInt(Integer.java:650)
11-16 09:56:20.970: W/CAR.VALIDATOR.LITE(18725): 	at nnu.<init>(:com.google.android.gms@213614028@21.36.14 (100400-395708125):13)
11-16 09:56:20.970: W/CAR.VALIDATOR.LITE(18725): 	at nnu.d(:com.google.android.gms@213614028@21.36.14 (100400-395708125):2)
11-16 09:56:20.970: W/CAR.VALIDATOR.LITE(18725): 	at com.google.android.gms.car.CarChimeraService.onCreate(:com.google.android.gms@213614028@21.36.14 (100400-395708125):17)
11-16 09:56:20.970: W/CAR.VALIDATOR.LITE(18725): 	at dpx.onCreate(:com.google.android.gms@213614028@21.36.14 (100400-395708125):1)
11-16 09:56:20.970: W/CAR.VALIDATOR.LITE(18725): 	at plf.onCreate(:com.google.android.gms@213614028@21.36.14 (100400-395708125):4)
11-16 09:56:20.970: W/CAR.VALIDATOR.LITE(18725): 	at android.app.ActivityThread.handleCreateService(ActivityThread.java:3570)
11-16 09:56:20.970: W/CAR.VALIDATOR.LITE(18725): 	at android.app.ActivityThread.access$1300(ActivityThread.java:200)
11-16 09:56:20.970: W/CAR.VALIDATOR.LITE(18725): 	at android.app.ActivityThread$H.handleMessage(ActivityThread.java:1672)
11-16 09:56:20.970: W/CAR.VALIDATOR.LITE(18725): 	at android.os.Handler.dispatchMessage(Handler.java:106)
11-16 09:56:20.970: W/CAR.VALIDATOR.LITE(18725): 	at android.os.Looper.loop(Looper.java:193)
11-16 09:56:20.970: W/CAR.VALIDATOR.LITE(18725): 	at android.app.ActivityThread.main(ActivityThread.java:6718)
11-16 09:56:20.970: W/CAR.VALIDATOR.LITE(18725): 	at java.lang.reflect.Method.invoke(Native Method)
11-16 09:56:20.970: W/CAR.VALIDATOR.LITE(18725): 	at com.android.internal.os.RuntimeInit$MethodAndArgsCaller.run(RuntimeInit.java:493)
11-16 09:56:20.970: W/CAR.VALIDATOR.LITE(18725): 	at com.android.internal.os.ZygoteInit.main(ZygoteInit.java:858)
11-16 09:56:21.031: I/DynamiteModule(18725): Considering local module com.google.android.gms.googlecertificates:6 and remote module com.google.android.gms.googlecertificates:6
11-16 09:56:21.031: I/DynamiteModule(18725): Selected local version of com.google.android.gms.googlecertificates
11-16 09:56:21.077: D/CAR.CLIENT(4316): onICarAvailable
11-16 09:56:21.105: I/GH.CarApiClientManager(4316): connected
11-16 09:56:21.105: D/GH.CarApiClientManager(4316): calling onConnected on cqq@3098462
11-16 09:56:21.105: D/GH.FeedbackNotifManager(4316): Starting FeedbackNotificationManager.
11-16 09:56:21.113: D/GH.HatsManager(4316): Starting HatsManager.
11-16 09:56:21.113: D/GH.RatingPromptManager(4316): Starting RatingPromptManager.
11-16 09:56:21.120: D/GH.AutoLaunchPromptMgr(4316): AutoLaunchPromptManager disabled.
11-16 09:56:21.120: D/GH.CarApiClientManager(4316): notifying listener that the client was already connected
11-16 09:56:21.120: D/GH.CarApiClientManager(4316): registered listener cqp@ce0e525
11-16 09:56:21.120: D/GH.CarApiClientManager(4316): unregistered listener cqq@3098462
11-16 09:56:21.129: D/CAR.CLIENT(4316): onICarAvailable
11-16 09:56:21.147: D/AndroidRuntime(18812): >>>>>> START com.android.internal.os.RuntimeInit uid 2000 <<<<<<
11-16 09:56:21.198: I/app_process(18812): The ClassLoaderContext is a special shared library.
11-16 09:56:21.221: D/AndroidRuntime(18812): Calling main entry com.android.commands.am.Am
11-16 09:56:21.228: I/ActivityManager(1164): Force stopping com.google.android.apps.mtaas.tools appid=10156 user=0: start instr
11-16 09:56:21.239: I/ActivityManager(1164): Start proc 18824:com.google.android.apps.mtaas.tools/u0a156 for added application com.google.android.apps.mtaas.tools
11-16 09:56:21.247: E/pps.mtaas.tool(18824): Not starting debugger since process cannot load the jdwp agent.
11-16 09:56:21.270: I/pps.mtaas.tool(18824): The ClassLoaderContext is a special shared library.
11-16 09:56:21.285: D/GetPackageUid(18824): Instrumentation completed successfully
11-16 09:56:21.285: I/ActivityManager(1164): Force stopping com.google.android.apps.mtaas.tools appid=10156 user=0: finished inst
11-16 09:56:21.285: I/ActivityManager(1164): Killing 18824:com.google.android.apps.mtaas.tools/u0a156 (adj 0): stop com.google.android.apps.mtaas.tools
11-16 09:56:21.285: W/Binder(1164): Outgoing transactions from this process must be FLAG_ONEWAY
11-16 09:56:21.285: W/Binder(1164): java.lang.Throwable
11-16 09:56:21.285: W/Binder(1164): 	at android.os.BinderProxy.transact(Binder.java:1116)
11-16 09:56:21.285: W/Binder(1164): 	at android.app.IInstrumentationWatcher$Stub$Proxy.instrumentationFinished(IInstrumentationWatcher.java:164)
11-16 09:56:21.285: W/Binder(1164): 	at com.android.server.am.InstrumentationReporter$MyThread.run(InstrumentationReporter.java:86)
11-16 09:56:21.286: W/libprocessgroup(1164): kill(-18824, 9) failed: No such process
11-16 09:56:21.288: D/AndroidRuntime(18812): Shutting down VM
11-16 09:56:21.292: W/libprocessgroup(1164): kill(-18824, 9) failed: No such process
11-16 09:56:21.297: I/Zygote(738): Process 18824 exited due to signal (9)
11-16 09:56:21.302: W/libprocessgroup(1164): kill(-18824, 9) failed: No such process
11-16 09:56:21.302: I/libprocessgroup(1164): Successfully killed process cgroup uid 10156 pid 18824 in 16ms
11-16 09:56:22.036: W/droid.apps.map(18752): JIT profile information will not be recorded: profile file does not exits.
11-16 09:56:22.093: W/atrace(18884): type=1400 audit(0.0:334): avc: denied { write } for name="enable" dev="tracefs" ino=11987 scontext=u:r:shell:s0 tcontext=u:object_r:debugfs_tracing_debug:s0 tclass=file permissive=0
11-16 09:56:22.336: E/libc(18752): Access denied finding property "vendor.debug.egl.profiler"
11-16 09:56:22.333: W/DefaultPool4(18752): type=1400 audit(0.0:335): avc: denied { read } for name="u:object_r:vendor_default_prop:s0" dev="tmpfs" ino=24823 scontext=u:r:untrusted_app:s0:c102,c256,c512,c768 tcontext=u:object_r:vendor_default_prop:s0 tclass=file permissive=0
11-16 09:56:22.341: I/Adreno(18752): QUALCOMM build                   : 3f88ca2, I42f6fe38fb
11-16 09:56:22.341: I/Adreno(18752): Build Date                       : 07/13/18
11-16 09:56:22.341: I/Adreno(18752): OpenGL ES Shader Compiler Version: EV031.24.00.00
11-16 09:56:22.341: I/Adreno(18752): Local Branch                     : 50.04
11-16 09:56:22.341: I/Adreno(18752): Remote Branch                    : 
11-16 09:56:22.341: I/Adreno(18752): Remote Branch                    : 
11-16 09:56:22.341: I/Adreno(18752): Reconstruct Branch               : 
11-16 09:56:22.341: I/Adreno(18752): Build Config                     : S P 4.0.10 AArch64
11-16 09:56:22.349: W/DefaultPool4(18752): type=1400 audit(0.0:336): avc: denied { read } for name="u:object_r:vendor_default_prop:s0" dev="tmpfs" ino=24823 scontext=u:r:untrusted_app:s0:c102,c256,c512,c768 tcontext=u:object_r:vendor_default_prop:s0 tclass=file permissive=0
11-16 09:56:22.352: E/libc(18752): Access denied finding property "ro.vendor.graphics.memory"
11-16 09:56:22.354: I/Adreno(18752): PFP: 0x016ee170, ME: 0x00000000
11-16 09:56:22.360: I/ConfigStore(18752): android::hardware::configstore::V1_0::ISurfaceFlingerConfigs::hasWideColorDisplay retrieved: 1
11-16 09:56:22.360: I/ConfigStore(18752): android::hardware::configstore::V1_0::ISurfaceFlingerConfigs::hasHDRDisplay retrieved: 1
11-16 09:56:22.421: D/BoundBrokerSvc(11046): onBind: Intent { act=com.google.android.gms.clearcut.bootcount.service.START pkg=com.google.android.gms }
11-16 09:56:22.422: D/BoundBrokerSvc(11046): Loading bound service for intent: Intent { act=com.google.android.gms.clearcut.bootcount.service.START pkg=com.google.android.gms }
11-16 09:56:22.485: I/ActivityManager(1164): Start proc 18911:com.google.android.apps.photos/u0a104 for broadcast com.google.android.apps.photos/.localization.LocaleChangedReceiver
11-16 09:56:22.490: E/oid.apps.photo(18911): Not starting debugger since process cannot load the jdwp agent.
11-16 09:56:22.520: I/oid.apps.photo(18911): The ClassLoaderContext is a special shared library.
11-16 09:56:22.612: D/ConnectivityService(1164): Returning BLOCKED NetworkInfo to uid=10102
11-16 09:56:22.693: D/fpc_hidl(18928): fpc fingerprint hwbinder service starting
11-16 09:56:22.693: D/QSEECOMAPI(18928): QSEECom_get_handle sb_length = 0x80
11-16 09:56:22.694: D/QSEECOMAPI(18928): App is not loaded in QSEE
11-16 09:56:22.694: D/QSEECOMAPI(18928): app_arch = 2, total_files = 9
11-16 09:56:22.733: V/BackupManagerConstants(1164): getFullBackupRequiredNetworkType(...) returns 2
11-16 09:56:22.733: V/BackupManagerConstants(1164): getFullBackupRequireCharging(...) returns true
11-16 09:56:22.749: D/QSEECOMAPI(18928): Loaded image: APP id = 279
11-16 09:56:22.752: W/EventHub(1164): Unable to disable kernel key repeat for /dev/input/event3: Function not implemented
11-16 09:56:22.752: I/EventHub(1164): wakeMechanism=EPOLLWAKEUP, usingClockIoctl=true
11-16 09:56:22.752: I/EventHub(1164): New device: id=279, fd=302, path='/dev/input/event3', name='uinput-fpc', classes=0x101, configuration='/system/usr/idc/uinput-fpc.idc', keyLayout='/system/usr/keylayout/uinput-fpc.kl', keyCharacterMap='/system/usr/keychars/Generic.kcm', builtinKeyboard=true, 
11-16 09:56:22.752: W/InputReader(1164): Ignoring spurious device added event for deviceId 0.
11-16 09:56:22.752: E/fpc_tac(18928): fpcbuildinfo : 575ddab5b91efea67ee1d200fc813ff2fpc_bio=bd35c3fec78219829149bea6c9ec961e6f655b90C:prodtestlib=4304cf5c884c198624b749af3482befacbd3028eC:fpc_c_core=dc194509594e837dedfb5452aaf06fcb61977135C:fpc_lib=cd5b7b876c3d69afa68a11ac6fd86f873e70817bC:cac=297e11552c60a3607ed664cf44c3e4b36ab2e737C:fpc_bio_interface=94a457caecae31eca8ef04b64c3f82a018e9bbc0C:fpc_sensor=ba909a5500944acafe47a0ef3a49f89509aadfb6C:tools_core=94ddf1e684cfa6c99f0f237f7cc35f3962e0e597C:sensor_settings=4fcf864fb493ae0272a9b2806446b379d99fd8ceC:fingerprint_ta=066bc0ab880960a4a69b74a328c7d7871c72225bC:fingerprint_pal=0deb9a478a3572872639f9cb2559ccc464ee3f9bC:manifests=dcb3d8ab0bdb7a5b341839d8c75bb88fc7f5e1a4C:Manifesttag=SW23.3.0-PDR1.0.5:jenkins@84ffd74dac44:Thu,17May201810:17:08+0200:FPC_SENSOR_TYPE=FPC_SENSOR_TYPE_FPC1270:FPC_CC_TYPE=FPC_COMPANION_CHIP_FPC2050:FPC_C_TYPE=FPC_COATING_NORMAL
11-16 09:56:22.752: E/fpc_tac(18928): fpcbuildtype : build=RELEASE sensor=9
11-16 09:56:22.974: V/BackupManagerConstants(1164): getFullBackupRequiredNetworkType(...) returns 2
11-16 09:56:22.974: V/BackupManagerConstants(1164): getFullBackupRequireCharging(...) returns true
11-16 09:56:22.999: W/Binder:1164_15(1164): type=1400 audit(0.0:337): avc: denied { syslog_read } for scontext=u:r:system_server:s0 tcontext=u:r:kernel:s0 tclass=system permissive=0
11-16 09:56:23.000: D/wifi-jni(1164): no kernel logs
11-16 09:56:23.159: W/ip(18978): type=1400 audit(0.0:338): avc: denied { search } for name="net" dev="sda21" ino=4378 scontext=u:r:shell:s0 tcontext=u:object_r:net_data_file:s0 tclass=dir permissive=0
11-16 09:56:23.177: W/oid.apps.photo(18911): JIT profile information will not be recorded: profile file does not exits.
11-16 09:56:23.177: W/oid.apps.photo(18911): JIT profile information will not be recorded: profile file does not exits.
11-16 09:56:23.222: D/BoundBrokerSvc(13178): onBind: Intent { act=com.google.android.gms.measurement.START pkg=com.google.android.gms }
11-16 09:56:23.222: D/BoundBrokerSvc(13178): Loading bound service for intent: Intent { act=com.google.android.gms.measurement.START pkg=com.google.android.gms }
11-16 09:56:23.249: E/WifiHAL(782): wifi_get_ring_data: Error -5 happened. 
11-16 09:56:23.250: E/WifiVendorHal(1164): getRingBufferData(l.2057) failed {.code = ERROR_INVALID_ARGS, .description = }
11-16 09:56:23.266: D/wifi-jni(1164): no kernel logs
11-16 09:56:23.263: W/Binder:1164_1F(1164): type=1400 audit(0.0:339): avc: denied { syslog_read } for scontext=u:r:system_server:s0 tcontext=u:r:kernel:s0 tclass=system permissive=0
11-16 09:56:23.296: I/EventLogSendingHelper(10017): Sending log events.
11-16 09:56:23.333: I/EventLogSendingHelper(10017): Sending log events.
11-16 09:56:23.354: W/DynamiteModule(18574): Local module descriptor class for providerinstaller not found.
11-16 09:56:23.358: W/ProviderHelper(11046): Unknown dynamite feature providerinstaller
11-16 09:56:23.361: W/ProviderInstaller(18574): Failed to load providerinstaller module: No acceptable module found. Local version is 0 and remote version is 0.
11-16 09:56:23.365: W/droid.apps.doc(18574): Unknown chunk type '200'.
11-16 09:56:23.371: I/droid.apps.doc(18574): The ClassLoaderContext is a special shared library.
11-16 09:56:23.372: I/chatty(18574): uid=10128(com.google.android.apps.docs) TaskSchedulerLo identical 1 line
11-16 09:56:23.374: I/droid.apps.doc(18574): The ClassLoaderContext is a special shared library.
11-16 09:56:23.375: E/WifiHAL(782): wifi_get_ring_data: Error -5 happened. 
11-16 09:56:23.375: E/WifiVendorHal(1164): getRingBufferData(l.2057) failed {.code = ERROR_INVALID_ARGS, .description = }
11-16 09:56:23.397: D/wifi-jni(1164): no kernel logs
11-16 09:56:23.397: V/NativeCrypto(18574): Registering com/google/android/gms/org/conscrypt/NativeCrypto's 294 native methods...
11-16 09:56:23.396: W/Binder:1164_1F(1164): type=1400 audit(0.0:340): avc: denied { syslog_read } for scontext=u:r:system_server:s0 tcontext=u:r:kernel:s0 tclass=system permissive=0
11-16 09:56:23.416: I/ActivityManager(1164): Killing 18060:com.android.connectivity.metrics/u0a57 (adj 906): empty #17
11-16 09:56:23.417: W/libprocessgroup(1164): kill(-18060, 9) failed: No such process
11-16 09:56:23.428: I/ActivityManager(1164): Start proc 19016:com.google.android.apps.tips/u0a52 for broadcast com.google.android.apps.tips/.onboarding.LocaleChangedReceiver
11-16 09:56:23.423: W/libprocessgroup(1164): kill(-18060, 9) failed: No such process
11-16 09:56:23.428: E/droid.apps.tip(19016): Not starting debugger since process cannot load the jdwp agent.
11-16 09:56:23.447: I/Zygote(738): Process 18060 exited due to signal (9)
11-16 09:56:23.451: W/libprocessgroup(1164): kill(-18060, 9) failed: No such process
11-16 09:56:23.451: I/libprocessgroup(1164): Successfully killed process cgroup uid 10057 pid 18060 in 34ms
11-16 09:56:23.469: I/ActivityManager(1164): Start proc 19038:com.google.android.apps.wellbeing/u0a26 for broadcast com.google.android.apps.wellbeing/.api.launcher.impl.LauncherActionsChangedBroadcastReceiver_Receiver
11-16 09:56:23.471: E/.apps.wellbein(19038): Not starting debugger since process cannot load the jdwp agent.
11-16 09:56:23.484: I/.apps.wellbein(19038): The ClassLoaderContext is a special shared library.
11-16 09:56:23.499: I/PublicSearchService(10017): Calling beginSession().
11-16 09:56:23.500: W/PublicSearchService(10017): Invalid client config. Failed to begin session.
11-16 09:56:23.500: E/tips-smartspace-binder(19016): PSS session is null
11-16 09:56:23.509: D/NetworkSecurityConfig(18574): Using Network Security Config from resource network_security_config debugBuild: false
11-16 09:56:23.511: I/ActivityManager(1164): Killing 18078:com.google.android.apps.multidevice.client/u0a72 (adj 906): empty #17
11-16 09:56:23.511: W/libprocessgroup(1164): kill(-18078, 9) failed: No such process
11-16 09:56:23.522: I/ProviderInstaller(18574): Installed default security provider GmsCore_OpenSSL
11-16 09:56:23.526: I/Zygote(738): Process 18078 exited due to signal (9)
11-16 09:56:23.531: W/libprocessgroup(1164): kill(-18078, 9) failed: No such process
11-16 09:56:23.531: I/libprocessgroup(1164): Successfully killed process cgroup uid 10072 pid 18078 in 19ms
11-16 09:56:23.573: D/QSEECOMAPI(18928): QSEECom_get_handle sb_length = 0x400
11-16 09:56:23.574: D/QSEECOMAPI(18928): App is already loaded QSEE and app id = 1
