11-16 09:56:30.136: W/Binder(1164): 	at com.android.internal.location.ILocationProvider$Stub$Proxy.getProperties(ILocationProvider.java:236)
11-16 09:56:30.136: W/Binder(1164): 	at com.android.server.location.LocationProviderProxy$1$1.run(LocationProviderProxy.java:117)
11-16 09:56:30.136: W/Binder(1164): 	at com.android.server.ServiceWatcher.runOnBinder(ServiceWatcher.java:425)
11-16 09:56:30.136: W/Binder(1164): 	at com.android.server.location.LocationProviderProxy$1.run(LocationProviderProxy.java:111)
11-16 09:56:30.136: W/Binder(1164): 	at android.os.Handler.handleCallback(Handler.java:873)
11-16 09:56:30.136: W/Binder(1164): 	at android.os.Handler.dispatchMessage(Handler.java:99)
11-16 09:56:30.136: W/Binder(1164): 	at android.os.Looper.loop(Looper.java:193)
11-16 09:56:30.136: W/Binder(1164): 	at android.os.HandlerThread.run(HandlerThread.java:65)
11-16 09:56:30.138: I/ActivityManager(1164): START u0 {act=android.intent.action.MAIN flg=0x10000000 cmp=androidx.navigation.fragment.test/androidx.navigation.fragment.TestActivity} from uid 10172
11-16 09:56:30.139: W/Binder(1164): Outgoing transactions from this process must be FLAG_ONEWAY
11-16 09:56:30.139: W/Binder(1164): java.lang.Throwable
11-16 09:56:30.139: W/Binder(1164): 	at android.os.BinderProxy.transact(Binder.java:1116)
11-16 09:56:30.139: W/Binder(1164): 	at com.android.internal.location.ILocationProvider$Stub$Proxy.getProperties(ILocationProvider.java:236)
11-16 09:56:30.139: W/Binder(1164): 	at com.android.server.location.LocationProviderProxy$1$1.run(LocationProviderProxy.java:117)
11-16 09:56:30.139: W/Binder(1164): 	at com.android.server.ServiceWatcher.runOnBinder(ServiceWatcher.java:425)
11-16 09:56:30.139: W/Binder(1164): 	at com.android.server.location.LocationProviderProxy$1.run(LocationProviderProxy.java:111)
11-16 09:56:30.139: W/Binder(1164): 	at android.os.Handler.handleCallback(Handler.java:873)
11-16 09:56:30.139: W/Binder(1164): 	at android.os.Handler.dispatchMessage(Handler.java:99)
11-16 09:56:30.139: W/Binder(1164): 	at android.os.Looper.loop(Looper.java:193)
11-16 09:56:30.139: W/Binder(1164): 	at android.os.HandlerThread.run(HandlerThread.java:65)
11-16 09:56:30.144: D/android.hardware.power@1.3-service.crosshatch-libperfmgr(775): LAUNCH ON
11-16 09:56:30.148: I/ActivityManager(1164): Displayed androidx.navigation.fragment.test/androidx.navigation.fragment.TestActivity: +124ms
11-16 09:56:30.152: D/BoundBrokerSvc(13178): onUnbind: Intent { act=com.google.android.gms.ocr.service.internal.START cmp=com.google.android.gms/.chimera.GmsInternalApiService }
11-16 09:56:30.156: I/ThreadRunner(10017): setContextAndRunner
11-16 09:56:30.156: W/ActivityThread(19479): handleWindowVisibility: no activity for token android.os.BinderProxy@d758f7a
11-16 09:56:30.162: D/LifecycleMonitor(19479): Lifecycle status change: androidx.navigation.fragment.TestActivity@cc21707 in: PRE_ON_CREATE
11-16 09:56:30.171: I/Adreno(1164): QUALCOMM build                   : 3f88ca2, I42f6fe38fb
11-16 09:56:30.171: I/Adreno(1164): Build Date                       : 07/13/18
11-16 09:56:30.171: I/Adreno(1164): OpenGL ES Shader Compiler Version: EV031.24.00.00
11-16 09:56:30.171: I/Adreno(1164): Local Branch                     : 50.04
11-16 09:56:30.171: I/Adreno(1164): Remote Branch                    : 
11-16 09:56:30.171: I/Adreno(1164): Remote Branch                    : 
11-16 09:56:30.171: I/Adreno(1164): Reconstruct Branch               : 
11-16 09:56:30.171: I/Adreno(1164): Build Config                     : S P 4.0.10 AArch64
11-16 09:56:30.173: E/libc(1164): Access denied finding property "vendor.debug.prerotation.disable"
11-16 09:56:30.174: E/libc(1164): Access denied finding property "vendor.debug.prerotation.disable"
11-16 09:56:30.174: I/Adreno(1164): PFP: 0x016ee170, ME: 0x00000000
11-16 09:56:30.174: E/libc(1164): Access denied finding property "vendor.debug.prerotation.disable"
11-16 09:56:30.175: I/ConfigStore(1164): android::hardware::configstore::V1_0::ISurfaceFlingerConfigs::hasWideColorDisplay retrieved: 1
11-16 09:56:30.175: I/ConfigStore(1164): android::hardware::configstore::V1_0::ISurfaceFlingerConfigs::hasHDRDisplay retrieved: 1
11-16 09:56:30.175: D/LifecycleMonitor(19479): Lifecycle status change: androidx.navigation.fragment.TestActivity@cc21707 in: CREATED
11-16 09:56:30.175: I/OpenGLRenderer(1164): Initialized EGL, version 1.4
11-16 09:56:30.175: D/OpenGLRenderer(1164): Swap behavior 2
11-16 09:56:30.177: D/LifecycleMonitor(19479): Lifecycle status change: androidx.navigation.fragment.TestActivity@cc21707 in: STARTED
11-16 09:56:30.179: E/NotificationService(1164): Muting recently noisy 0|com.google.android.apps.mtaas.backdrop|1|null|10163
11-16 09:56:30.180: D/LifecycleMonitor(19479): Lifecycle status change: androidx.navigation.fragment.TestActivity@cc21707 in: RESUMED
11-16 09:56:30.198: I/WindowManager(1164): Queue is too deep! Purged item with taskid=4
11-16 09:56:30.220: I/GoogleInputMethod(3634): onFinishInput() : Dummy InputConnection bound
11-16 09:56:30.221: I/GoogleInputMethod(3634): onStartInput() : Dummy InputConnection bound
11-16 09:56:30.224: D/DownloadManager(18174): [83] Finished with status SUCCESS
11-16 09:56:30.236: W/id.apps.tachyo(19897): JIT profile information will not be recorded: profile file does not exits.
11-16 09:56:30.236: I/chatty(19897): uid=10148(com.google.android.apps.tachyon) identical 1 line
11-16 09:56:30.236: W/id.apps.tachyo(19897): JIT profile information will not be recorded: profile file does not exits.
11-16 09:56:30.239: D/android.hardware.power@1.3-service.crosshatch-libperfmgr(775): LAUNCH OFF
11-16 09:56:30.252: W/SurfaceFlinger(645): Attempting to set client state on removed layer: Splash Screen androidx.navigation.fragment.test#0
11-16 09:56:30.252: W/SurfaceFlinger(645): Attempting to destroy on removed layer: Splash Screen androidx.navigation.fragment.test#0
11-16 09:56:30.252: D/LifecycleMonitor(19479): Lifecycle status change: androidx.navigation.fragment.TestActivity@cc21707 in: PAUSED
11-16 09:56:30.255: I/BackdropActivity(18380): onResume()
11-16 09:56:30.266: I/WindowManager(1164): Queue is too deep! Purged item with taskid=10
11-16 09:56:30.270: I/TestRunner(19479): finished: fragmentWithBodyRoute(androidx.navigation.fragment.DialogFragmentNavigatorDestinationBuilderTest)
11-16 09:56:30.271: I/ActivityManager(1164): Activity requesting to dismiss Keyguard: ActivityRecord{1f7f4e5 u0 com.google.android.apps.mtaas.backdrop/.BackdropActivity t4}
11-16 09:56:30.293: D/LifecycleMonitor(19479): Lifecycle status change: androidx.navigation.fragment.TestActivity@cc21707 in: STOPPED
11-16 09:56:30.297: D/LifecycleMonitor(19479): Lifecycle status change: androidx.navigation.fragment.TestActivity@cc21707 in: DESTROYED
11-16 09:56:30.300: I/GoogleInputMethod(3634): onFinishInput() : Dummy InputConnection bound
11-16 09:56:30.300: I/GoogleInputMethod(3634): onStartInput() : Dummy InputConnection bound
11-16 09:56:30.303: I/TestRunner(19479): started: fragmentWithBody(androidx.navigation.fragment.DialogFragmentNavigatorDestinationBuilderTest)
11-16 09:56:30.306: W/SurfaceFlinger(645): Attempting to destroy on removed layer: AppWindowToken{6ee005e token=Token{aa21599 ActivityRecord{1ce9ee0 u0 androidx.navigation.fragment.test/androidx.navigation.fragment.TestActivity t11}}}#0
11-16 09:56:30.307: W/ActivityTestRule(19479): getActivityIntent() returned null using default: Intent(Intent.ACTION_MAIN)
11-16 09:56:30.310: I/ActivityManager(1164): START u0 {act=android.intent.action.MAIN flg=0x10000000 cmp=androidx.navigation.fragment.test/androidx.navigation.fragment.TestActivity} from uid 10172
11-16 09:56:30.323: D/android.hardware.power@1.3-service.crosshatch-libperfmgr(775): LAUNCH ON
11-16 09:56:30.330: I/system_server(1164): NativeAlloc concurrent copying GC freed 82721(4MB) AllocSpace objects, 33(1300KB) LOS objects, 42% free, 17MB/31MB, paused 59us total 146.562ms
11-16 09:56:30.335: W/ActivityThread(19479): handleWindowVisibility: no activity for token android.os.BinderProxy@122c330
11-16 09:56:30.344: D/LifecycleMonitor(19479): Lifecycle status change: androidx.navigation.fragment.TestActivity@b089965 in: PRE_ON_CREATE
11-16 09:56:30.351: I/ActivityManager(1164): Killing 10157:com.google.android.apps.messaging/u0a111 (adj 906): empty #17
11-16 09:56:30.352: W/libprocessgroup(1164): kill(-10157, 9) failed: No such process
11-16 09:56:30.359: D/LifecycleMonitor(19479): Lifecycle status change: androidx.navigation.fragment.TestActivity@b089965 in: CREATED
11-16 09:56:30.362: D/LifecycleMonitor(19479): Lifecycle status change: androidx.navigation.fragment.TestActivity@b089965 in: STARTED
11-16 09:56:30.367: D/LifecycleMonitor(19479): Lifecycle status change: androidx.navigation.fragment.TestActivity@b089965 in: RESUMED
11-16 09:56:30.376: E/ExecutionCriteria(11046): Package unavailable for task: com.google.android.apps.gcs/com.google.android.flib.phenotype.services.PhenotypeExperimentCommitService{u=0 tag="PhenotypeExpCommitSvc" trigger=window{start=0s,end=30s,earliest=-1290s,latest=-1260s} requirements=[NET_ANY] attributes=[PERSISTED] scheduled=-1290s last_run=N/A exec_window_multiplier=1.0000 jid=N/A status=PENDING retries=0 client_lib=MANCHEGO_GCM-11732000} [CONTEXT service_id=218 ]
11-16 09:56:30.377: I/WindowManager(1164): Queue is too deep! Purged item with taskid=4
11-16 09:56:30.397: W/libprocessgroup(1164): kill(-10157, 9) failed: No such process
11-16 09:56:30.400: I/Zygote(738): Process 10157 exited due to signal (9)
11-16 09:56:30.409: I/NetworkScheduler.Stats(11046): Task com.google.android.gms/com.google.android.gms.ipa.base.IpaGcmTaskService started execution. cause:9 exec_start_elapsed_seconds: 1392 [CONTEXT service_id=218 ]
11-16 09:56:30.418: I/GoogleInputMethod(3634): onFinishInput() : Dummy InputConnection bound
11-16 09:56:30.418: I/GoogleInputMethod(3634): onStartInput() : Dummy InputConnection bound
11-16 09:56:30.420: I/ActivityManager(1164): Displayed androidx.navigation.fragment.test/androidx.navigation.fragment.TestActivity: +107ms
11-16 09:56:30.428: D/android.hardware.power@1.3-service.crosshatch-libperfmgr(775): LAUNCH OFF
11-16 09:56:30.430: W/SurfaceFlinger(645): Attempting to set client state on removed layer: Splash Screen androidx.navigation.fragment.test#0
11-16 09:56:30.430: W/SurfaceFlinger(645): Attempting to destroy on removed layer: Splash Screen androidx.navigation.fragment.test#0
11-16 09:56:30.440: W/libprocessgroup(1164): kill(-10157, 9) failed: No such process
11-16 09:56:30.440: I/libprocessgroup(1164): Successfully killed process cgroup uid 10111 pid 10157 in 88ms
11-16 09:56:30.449: D/LifecycleMonitor(19479): Lifecycle status change: androidx.navigation.fragment.TestActivity@b089965 in: PAUSED
11-16 09:56:30.457: I/TestRunner(19479): finished: fragmentWithBody(androidx.navigation.fragment.DialogFragmentNavigatorDestinationBuilderTest)
11-16 09:56:30.461: I/BackdropActivity(18380): onResume()
11-16 09:56:30.462: I/ActivityManager(1164): Activity requesting to dismiss Keyguard: ActivityRecord{1f7f4e5 u0 com.google.android.apps.mtaas.backdrop/.BackdropActivity t4}
11-16 09:56:30.463: I/MonitoringInstr(19479): Activities that are still in CREATED to STOPPED: 1
11-16 09:56:30.464: I/MonitoringInstr(19479): Unstopped activity count: 1
11-16 09:56:30.468: W/PrimesInit(19897): Primes instant initialization
11-16 09:56:30.469: W/Primes(19897): background initialization
11-16 09:56:30.471: I/NetworkScheduler.Stats(11046): Task com.google.android.gms/com.google.android.gms.ipa.base.IpaGcmTaskService finished executing. cause:9 result: 1 elapsed_millis: 72 uptime_millis: 72 exec_start_elapsed_seconds: 1392 [CONTEXT service_id=218 ]
11-16 09:56:30.479: I/GoogleInputMethod(3634): onFinishInput() : Dummy InputConnection bound
11-16 09:56:30.479: I/GoogleInputMethod(3634): onStartInput() : Dummy InputConnection bound
11-16 09:56:30.496: E/ExecutionCriteria(11046): Package unavailable for task: com.google.android.apps.gcs/com.google.android.flib.phenotype.services.PhenotypeExperimentCommitService{u=0 tag="PhenotypeExpCommitSvc" trigger=window{start=0s,end=30s,earliest=-1290s,latest=-1260s} requirements=[NET_ANY] attributes=[PERSISTED] scheduled=-1290s last_run=N/A exec_window_multiplier=1.0000 jid=N/A status=PENDING retries=0 client_lib=MANCHEGO_GCM-11732000} [CONTEXT service_id=218 ]
11-16 09:56:30.503: I/WindowManager(1164): Queue is too deep! Purged item with taskid=11
11-16 09:56:30.514: I/MonitoringInstr(19479): Unstopped activity count: 1
11-16 09:56:30.535: D/LifecycleMonitor(19479): Lifecycle status change: androidx.navigation.fragment.TestActivity@b089965 in: STOPPED
11-16 09:56:30.542: D/LifecycleMonitor(19479): Lifecycle status change: androidx.navigation.fragment.TestActivity@b089965 in: DESTROYED
11-16 09:56:30.551: W/SurfaceFlinger(645): Attempting to destroy on removed layer: AppWindowToken{2c14946 token=Token{892d121 ActivityRecord{3367388 u0 androidx.navigation.fragment.test/androidx.navigation.fragment.TestActivity t12}}}#0
11-16 09:56:30.566: I/TestRunner(19479): started: testNavigate(androidx.navigation.fragment.DialogFragmentNavigatorTest)
11-16 09:56:30.568: I/NetworkScheduler.Stats(11046): Task com.google.android.gms/com.google.android.gms.phenotype.service.sync.PhenotypeConfigurator started execution. cause:5 exec_start_elapsed_seconds: 1392 [CONTEXT service_id=218 ]
11-16 09:56:30.569: W/ActivityTestRule(19479): getActivityIntent() returned null using default: Intent(Intent.ACTION_MAIN)
11-16 09:56:30.571: E/NotificationService(1164): Muting recently noisy 0|com.google.android.apps.mtaas.backdrop|1|null|10163
11-16 09:56:30.572: I/ActivityManager(1164): START u0 {act=android.intent.action.MAIN flg=0x10000000 cmp=androidx.navigation.fragment.test/androidx.navigation.fragment.EmptyActivity} from uid 10172
11-16 09:56:30.579: D/android.hardware.power@1.3-service.crosshatch-libperfmgr(775): LAUNCH ON
11-16 09:56:30.586: W/ActivityThread(19479): handleWindowVisibility: no activity for token android.os.BinderProxy@a811416
11-16 09:56:30.594: D/LifecycleMonitor(19479): Lifecycle status change: androidx.navigation.fragment.EmptyActivity@c671ff0 in: PRE_ON_CREATE
11-16 09:56:30.607: D/LifecycleMonitor(19479): Lifecycle status change: androidx.navigation.fragment.EmptyActivity@c671ff0 in: CREATED
11-16 09:56:30.611: I/org.webrtc.Logging(19897): NativeLibrary: Loading native library: jingle_peerconnection_so
11-16 09:56:30.612: I/org.webrtc.Logging(19897): PeerConnectionFactory: PeerConnectionFactory was initialized without an injected Loggable. Any existing Loggable will be deleted.
11-16 09:56:30.612: D/LifecycleMonitor(19479): Lifecycle status change: androidx.navigation.fragment.EmptyActivity@c671ff0 in: STARTED
11-16 09:56:30.615: D/LifecycleMonitor(19479): Lifecycle status change: androidx.navigation.fragment.EmptyActivity@c671ff0 in: RESUMED
11-16 09:56:30.618: I/WindowManager(1164): Queue is too deep! Purged item with taskid=4
11-16 09:56:30.630: W/n.fragment.tes(19479): Accessing hidden field Landroid/view/WindowInsets;->CONSUMED:Landroid/view/WindowInsets; (light greylist, reflection)
11-16 09:56:30.646: I/GoogleInputMethod(3634): onFinishInput() : Dummy InputConnection bound
11-16 09:56:30.646: I/GoogleInputMethod(3634): onStartInput() : Dummy InputConnection bound
11-16 09:56:30.662: D/android.hardware.power@1.3-service.crosshatch-libperfmgr(775): LAUNCH OFF
11-16 09:56:30.670: I/ActivityManager(1164): Displayed androidx.navigation.fragment.test/androidx.navigation.fragment.EmptyActivity: +90ms
11-16 09:56:30.675: I/PrimesTesting(19897): GserviceFlagsSupplier.get()
11-16 09:56:30.676: W/SurfaceFlinger(645): Attempting to set client state on removed layer: Splash Screen androidx.navigation.fragment.test#0
11-16 09:56:30.676: W/SurfaceFlinger(645): Attempting to destroy on removed layer: Splash Screen androidx.navigation.fragment.test#0
11-16 09:56:30.692: I/DefaultStickerUpdate(3634): Successfully updated sticker index for DefaultStickerTaskData{enabled=true, metadataUriPrefix=https://www.gstatic.com/android/keyboard/stickers/configs/v5/, supportedLanguage=en}
11-16 09:56:30.693: I/FirebaseJobDispatcher(3634): Task: DefaultStickerUpdate successes.
11-16 09:56:30.696: W/Icing(13178): No valid account for uploading user actions
11-16 09:56:30.702: I/NetworkScheduler.Stats(11046): Task com.google.android.inputmethod.latin/ finished executing. cause:7 result: 1 elapsed_millis: 2705 uptime_millis: 2705 exec_start_elapsed_seconds: 1389 [CONTEXT service_id=218 ]
11-16 09:56:30.710: I/Adreno(1164): QUALCOMM build                   : 3f88ca2, I42f6fe38fb
11-16 09:56:30.710: I/Adreno(1164): Build Date                       : 07/13/18
11-16 09:56:30.710: I/Adreno(1164): OpenGL ES Shader Compiler Version: EV031.24.00.00
11-16 09:56:30.710: I/Adreno(1164): Local Branch                     : 50.04
11-16 09:56:30.710: I/Adreno(1164): Remote Branch                    : 
11-16 09:56:30.710: I/Adreno(1164): Remote Branch                    : 
11-16 09:56:30.710: I/Adreno(1164): Reconstruct Branch               : 
11-16 09:56:30.710: I/Adreno(1164): Build Config                     : S P 4.0.10 AArch64
11-16 09:56:30.712: E/libc(1164): Access denied finding property "vendor.debug.prerotation.disable"
11-16 09:56:30.712: E/libc(1164): Access denied finding property "vendor.debug.prerotation.disable"
11-16 09:56:30.713: I/Adreno(1164): PFP: 0x016ee170, ME: 0x00000000
11-16 09:56:30.713: E/libc(1164): Access denied finding property "vendor.debug.prerotation.disable"
11-16 09:56:30.714: I/ConfigStore(1164): android::hardware::configstore::V1_0::ISurfaceFlingerConfigs::hasWideColorDisplay retrieved: 1
11-16 09:56:30.714: I/ConfigStore(1164): android::hardware::configstore::V1_0::ISurfaceFlingerConfigs::hasHDRDisplay retrieved: 1
11-16 09:56:30.714: I/OpenGLRenderer(1164): Initialized EGL, version 1.4
11-16 09:56:30.714: D/OpenGLRenderer(1164): Swap behavior 2
11-16 09:56:30.723: I/Icing(13178): Usage reports ok 1, Failed Usage reports 0, indexed 0, rejected 0
11-16 09:56:30.728: D/SurfaceFlinger(645): duplicate layer name: changing androidx.navigation.fragment.test/androidx.navigation.fragment.EmptyActivity to androidx.navigation.fragment.test/androidx.navigation.fragment.EmptyActivity#1
11-16 09:56:30.732: E/ExecutionCriteria(11046): Package unavailable for task: com.google.android.apps.gcs/com.google.android.flib.phenotype.services.PhenotypeExperimentCommitService{u=0 tag="PhenotypeExpCommitSvc" trigger=window{start=0s,end=30s,earliest=-1291s,latest=-1261s} requirements=[NET_ANY] attributes=[PERSISTED] scheduled=-1291s last_run=N/A exec_window_multiplier=1.0000 jid=N/A status=PENDING retries=0 client_lib=MANCHEGO_GCM-11732000} [CONTEXT service_id=218 ]
11-16 09:56:30.738: W/Icing(13178): No valid account for uploading user actions
11-16 09:56:30.742: D/LifecycleMonitor(19479): Lifecycle status change: androidx.navigation.fragment.EmptyActivity@c671ff0 in: PAUSED
11-16 09:56:30.745: I/Icing(13178): Usage reports ok 0, Failed Usage reports 0, indexed 0, rejected 0
11-16 09:56:30.751: I/TestRunner(19479): finished: testNavigate(androidx.navigation.fragment.DialogFragmentNavigatorTest)
11-16 09:56:30.755: I/MonitoringInstr(19479): Activities that are still in CREATED to STOPPED: 1
11-16 09:56:30.755: I/MonitoringInstr(19479): Unstopped activity count: 1
11-16 09:56:30.755: W/Icing(13178): No valid account for uploading user actions
11-16 09:56:30.756: I/BackdropActivity(18380): onResume()
11-16 09:56:30.759: I/ActivityManager(1164): Activity requesting to dismiss Keyguard: ActivityRecord{1f7f4e5 u0 com.google.android.apps.mtaas.backdrop/.BackdropActivity t4}
11-16 09:56:30.776: I/GoogleInputMethod(3634): onFinishInput() : Dummy InputConnection bound
11-16 09:56:30.776: I/Icing(13178): Usage reports ok 1, Failed Usage reports 0, indexed 0, rejected 0
11-16 09:56:30.777: I/GoogleInputMethod(3634): onStartInput() : Dummy InputConnection bound
11-16 09:56:30.781: W/Icing(13178): No valid account for uploading user actions
11-16 09:56:30.787: I/Icing(13178): Usage reports ok 0, Failed Usage reports 0, indexed 0, rejected 0
11-16 09:56:30.788: I/Icing(13178): Indexing com.google.android.inputmethod.latin-internal.3p:StickerPack from com.google.android.inputmethod.latin
11-16 09:56:30.791: W/id.apps.tachyo(19897): Unknown chunk type '200'.
11-16 09:56:30.797: E/SQLiteLog(13178): (1) no such table: StickerPack_com.google.android.inputmethod.latin_seq_table
11-16 09:56:30.798: E/Icing(13178): Cursor call threw an exception: no such table: StickerPack_com.google.android.inputmethod.latin_seq_table (code 1 SQLITE_ERROR): , while compiling: SELECT * FROM [StickerPack_com.google.android.inputmethod.latin_seq_table] WHERE seqno>0 AND tag IS NULL ORDER BY seqno LIMIT 20
11-16 09:56:30.799: I/Icing(13178): Indexing done com.google.android.inputmethod.latin-internal.3p:StickerPack
11-16 09:56:30.799: E/Icing(13178): Aborting indexing of corpus internal.3p:StickerPack
11-16 09:56:30.801: I/Icing(13178): Indexing com.google.android.inputmethod.latin-internal.3p:Sticker from com.google.android.inputmethod.latin
11-16 09:56:30.803: I/WindowManager(1164): Queue is too deep! Purged item with taskid=12
11-16 09:56:30.805: I/MonitoringInstr(19479): Unstopped activity count: 1
11-16 09:56:30.806: E/SQLiteLog(13178): (1) no such table: Sticker_com.google.android.inputmethod.latin_seq_table
11-16 09:56:30.807: E/Icing(13178): Cursor call threw an exception: no such table: Sticker_com.google.android.inputmethod.latin_seq_table (code 1 SQLITE_ERROR): , while compiling: SELECT * FROM [Sticker_com.google.android.inputmethod.latin_seq_table] WHERE seqno>0 AND tag IS NULL ORDER BY seqno LIMIT 20
11-16 09:56:30.808: I/Icing(13178): Indexing done com.google.android.inputmethod.latin-internal.3p:Sticker
11-16 09:56:30.808: E/Icing(13178): Aborting indexing of corpus internal.3p:Sticker
11-16 09:56:30.826: D/LifecycleMonitor(19479): Lifecycle status change: androidx.navigation.fragment.EmptyActivity@c671ff0 in: STOPPED
11-16 09:56:30.845: D/LifecycleMonitor(19479): Lifecycle status change: androidx.navigation.fragment.EmptyActivity@c671ff0 in: DESTROYED
11-16 09:56:30.846: D/EventBus(19897): No subscribers registered for event class gzh
11-16 09:56:30.847: D/EventBus(19897): No subscribers registered for event class sfa
11-16 09:56:30.855: W/SurfaceFlinger(645): Attempting to destroy on removed layer: AppWindowToken{887c3bf token=Token{1bf35de ActivityRecord{4c8b119 u0 androidx.navigation.fragment.test/androidx.navigation.fragment.EmptyActivity t13}}}#0
11-16 09:56:30.855: W/SurfaceFlinger(645): Attempting to set client state on removed layer: Surface(name=Dim Layer for - Task=13)/@0x5cda337 - animation-leash#0
11-16 09:56:30.855: W/SurfaceFlinger(645): Attempting to destroy on removed layer: Surface(name=Dim Layer for - Task=13)/@0x5cda337 - animation-leash#0
11-16 09:56:30.856: I/Icing(13178): updateResources: need to parse zml{com.google.android.gms}
11-16 09:56:30.856: I/TestRunner(19479): started: testPop(androidx.navigation.fragment.DialogFragmentNavigatorTest)
11-16 09:56:30.860: W/ActivityTestRule(19479): getActivityIntent() returned null using default: Intent(Intent.ACTION_MAIN)
11-16 09:56:30.863: I/ActivityManager(1164): START u0 {act=android.intent.action.MAIN flg=0x10000000 cmp=androidx.navigation.fragment.test/androidx.navigation.fragment.EmptyActivity} from uid 10172
11-16 09:56:30.869: D/android.hardware.power@1.3-service.crosshatch-libperfmgr(775): LAUNCH ON
11-16 09:56:30.869: E/NotificationService(1164): Muting recently noisy 0|com.google.android.apps.mtaas.backdrop|1|null|10163
11-16 09:56:30.877: W/ActivityThread(19479): handleWindowVisibility: no activity for token android.os.BinderProxy@8f3c6d6
11-16 09:56:30.884: D/LifecycleMonitor(19479): Lifecycle status change: androidx.navigation.fragment.EmptyActivity@e4327f3 in: PRE_ON_CREATE
11-16 09:56:30.897: D/LifecycleMonitor(19479): Lifecycle status change: androidx.navigation.fragment.EmptyActivity@e4327f3 in: CREATED
11-16 09:56:30.898: D/LifecycleMonitor(19479): Lifecycle status change: androidx.navigation.fragment.EmptyActivity@e4327f3 in: STARTED
11-16 09:56:30.900: D/LifecycleMonitor(19479): Lifecycle status change: androidx.navigation.fragment.EmptyActivity@e4327f3 in: RESUMED
11-16 09:56:30.911: I/WindowManager(1164): Queue is too deep! Purged item with taskid=4
11-16 09:56:30.942: I/GoogleInputMethod(3634): onFinishInput() : Dummy InputConnection bound
11-16 09:56:30.942: I/GoogleInputMethod(3634): onStartInput() : Dummy InputConnection bound
11-16 09:56:30.948: D/EventBus(19897): No subscribers registered for event class gzh
11-16 09:56:30.948: D/EventBus(19897): No subscribers registered for event class sfa
11-16 09:56:30.960: E/ps.walletnfcre(20004): Not starting debugger since process cannot load the jdwp agent.
11-16 09:56:30.960: W/id.apps.tachyo(19897): Unknown chunk type '200'.
11-16 09:56:30.962: I/ActivityManager(1164): Displayed androidx.navigation.fragment.test/androidx.navigation.fragment.EmptyActivity: +96ms
11-16 09:56:30.965: I/ActivityManager(1164): Start proc 20004:com.google.android.apps.walletnfcrel/u0a152 for broadcast com.google.android.apps.walletnfcrel/com.google.android.libraries.notifications.entrypoints.localechanged.LocaleChangedReceiver
11-16 09:56:30.967: I/Icing(13178): Indexing com.google.android.gms-apps from com.google.android.gms
11-16 09:56:30.968: D/android.hardware.power@1.3-service.crosshatch-libperfmgr(775): LAUNCH OFF
11-16 09:56:30.971: W/SurfaceFlinger(645): Attempting to set client state on removed layer: Splash Screen androidx.navigation.fragment.test#0
11-16 09:56:30.972: W/SurfaceFlinger(645): Attempting to destroy on removed layer: Splash Screen androidx.navigation.fragment.test#0
11-16 09:56:30.993: I/ps.walletnfcre(20004): The ClassLoaderContext is a special shared library.
11-16 09:56:30.998: I/Adreno(1164): QUALCOMM build                   : 3f88ca2, I42f6fe38fb
11-16 09:56:30.998: I/Adreno(1164): Build Date                       : 07/13/18
11-16 09:56:30.998: I/Adreno(1164): OpenGL ES Shader Compiler Version: EV031.24.00.00
11-16 09:56:30.998: I/Adreno(1164): Local Branch                     : 50.04
11-16 09:56:30.998: I/Adreno(1164): Remote Branch                    : 
11-16 09:56:30.998: I/Adreno(1164): Remote Branch                    : 
11-16 09:56:30.998: I/Adreno(1164): Reconstruct Branch               : 
11-16 09:56:30.998: I/Adreno(1164): Build Config                     : S P 4.0.10 AArch64
11-16 09:56:31.000: E/libc(1164): Access denied finding property "vendor.debug.prerotation.disable"
11-16 09:56:31.000: E/libc(1164): Access denied finding property "vendor.debug.prerotation.disable"
11-16 09:56:31.000: I/Adreno(1164): PFP: 0x016ee170, ME: 0x00000000
11-16 09:56:31.000: E/libc(1164): Access denied finding property "vendor.debug.prerotation.disable"
11-16 09:56:31.001: I/ConfigStore(1164): android::hardware::configstore::V1_0::ISurfaceFlingerConfigs::hasWideColorDisplay retrieved: 1
11-16 09:56:31.001: I/ConfigStore(1164): android::hardware::configstore::V1_0::ISurfaceFlingerConfigs::hasHDRDisplay retrieved: 1
11-16 09:56:31.002: I/OpenGLRenderer(1164): Initialized EGL, version 1.4
11-16 09:56:31.002: D/OpenGLRenderer(1164): Swap behavior 2
11-16 09:56:31.021: D/LifecycleMonitor(19479): Lifecycle status change: androidx.navigation.fragment.EmptyActivity@e4327f3 in: PAUSED
11-16 09:56:31.026: I/Icing(13178): Indexing done com.google.android.gms-apps
11-16 09:56:31.027: I/TestRunner(19479): finished: testPop(androidx.navigation.fragment.DialogFragmentNavigatorTest)
11-16 09:56:31.030: I/MonitoringInstr(19479): Activities that are still in CREATED to STOPPED: 1
11-16 09:56:31.030: I/Icing(13178): Indexing com.google.android.gms-apps from com.google.android.gms
11-16 09:56:31.031: I/MonitoringInstr(19479): Unstopped activity count: 1
11-16 09:56:31.033: I/Icing(13178): Indexing done com.google.android.gms-apps
11-16 09:56:31.042: I/BackdropActivity(18380): onResume()
11-16 09:56:31.042: I/ActivityManager(1164): Activity requesting to dismiss Keyguard: ActivityRecord{1f7f4e5 u0 com.google.android.apps.mtaas.backdrop/.BackdropActivity t4}
11-16 09:56:31.054: I/GoogleInputMethod(3634): onFinishInput() : Dummy InputConnection bound
11-16 09:56:31.054: I/GoogleInputMethod(3634): onStartInput() : Dummy InputConnection bound
11-16 09:56:31.068: D/BoundBrokerSvc(13178): onUnbind: Intent { act=com.google.android.gms.auth.service.START pkg=com.google.android.gms }
11-16 09:56:31.077: I/WindowManager(1164): Queue is too deep! Purged item with taskid=13
11-16 09:56:31.081: I/MonitoringInstr(19479): Unstopped activity count: 1
11-16 09:56:31.104: I/PeopleChimeraService(13178): onService. callbacks = xmw@6035654, request = com.google.android.gms.common.internal.GetServiceRequest@cb189fd
11-16 09:56:31.108: D/LifecycleMonitor(19479): Lifecycle status change: androidx.navigation.fragment.EmptyActivity@e4327f3 in: STOPPED
11-16 09:56:31.111: D/LifecycleMonitor(19479): Lifecycle status change: androidx.navigation.fragment.EmptyActivity@e4327f3 in: DESTROYED
11-16 09:56:31.120: W/SurfaceFlinger(645): Attempting to destroy on removed layer: AppWindowToken{d1d7cf token=Token{6f3d02e ActivityRecord{102a9 u0 androidx.navigation.fragment.test/androidx.navigation.fragment.EmptyActivity t14}}}#0
11-16 09:56:31.132: I/TestRunner(19479): started: testFindNavController(androidx.navigation.fragment.DialogFragmentNavigatorTest)
11-16 09:56:31.134: W/ActivityTestRule(19479): getActivityIntent() returned null using default: Intent(Intent.ACTION_MAIN)
11-16 09:56:31.137: I/ActivityManager(1164): START u0 {act=android.intent.action.MAIN flg=0x10000000 cmp=androidx.navigation.fragment.test/androidx.navigation.fragment.EmptyActivity} from uid 10172
11-16 09:56:31.143: D/android.hardware.power@1.3-service.crosshatch-libperfmgr(775): LAUNCH ON
11-16 09:56:31.148: E/NotificationService(1164): Muting recently noisy 0|com.google.android.apps.mtaas.backdrop|1|null|10163
11-16 09:56:31.152: W/ActivityThread(19479): handleWindowVisibility: no activity for token android.os.BinderProxy@37b006c
11-16 09:56:31.157: D/LifecycleMonitor(19479): Lifecycle status change: androidx.navigation.fragment.EmptyActivity@20410b1 in: PRE_ON_CREATE
11-16 09:56:31.175: D/LifecycleMonitor(19479): Lifecycle status change: androidx.navigation.fragment.EmptyActivity@20410b1 in: CREATED
11-16 09:56:31.176: D/LifecycleMonitor(19479): Lifecycle status change: androidx.navigation.fragment.EmptyActivity@20410b1 in: STARTED
11-16 09:56:31.179: D/LifecycleMonitor(19479): Lifecycle status change: androidx.navigation.fragment.EmptyActivity@20410b1 in: RESUMED
11-16 09:56:31.193: W/NetworkScheduler(11046): Immediate task was not started com.google.android.apps.chromecast.app/.gcm.GcmRegistrationService{u=0 tag="GcmRegistrationService" trigger=window{start=0s,end=1s,earliest=0s,latest=0s} requirements=[NET_CONNECTED] attributes=[] scheduled=0s last_run=N/A exec_window_multiplier=1.0000 jid=N/A status=PENDING retries=0 client_lib=MANCHEGO_GCM-18944000}. Rescheduling immediate tasks can cause excessive battery drain.
11-16 09:56:31.198: I/WindowManager(1164): Queue is too deep! Purged item with taskid=4
11-16 09:56:31.202: W/NetworkScheduler(11046): Immediate task was not started com.google.android.apps.chromecast.app/.gcm.GcmRegistrationService{u=0 tag="GcmRegistrationService" trigger=window{start=0s,end=1s,earliest=0s,latest=0s} requirements=[NET_CONNECTED] attributes=[] scheduled=0s last_run=N/A exec_window_multiplier=1.0000 jid=N/A status=PENDING retries=0 client_lib=MANCHEGO_GCM-18944000}. Rescheduling immediate tasks can cause excessive battery drain.
11-16 09:56:31.221: I/BlobLobber(10017): Handling download id 83 (blob odws2_en:us:807_2019-09-12_270573492_release_signed)
11-16 09:56:31.225: I/GoogleInputMethod(3634): onFinishInput() : Dummy InputConnection bound
11-16 09:56:31.225: I/GoogleInputMethod(3634): onStartInput() : Dummy InputConnection bound
11-16 09:56:31.240: D/android.hardware.power@1.3-service.crosshatch-libperfmgr(775): LAUNCH OFF
11-16 09:56:31.245: I/FA(19897): App measurement is starting up, version: 18079
11-16 09:56:31.245: I/FA(19897): To enable debug logging run: adb shell setprop log.tag.FA VERBOSE
11-16 09:56:31.245: I/FA(19897): To enable faster debug mode event logging run:
11-16 09:56:31.245: I/FA(19897):   adb shell setprop debug.firebase.analytics.app com.google.android.apps.tachyon
11-16 09:56:31.249: W/SurfaceFlinger(645): Attempting to set client state on removed layer: Splash Screen androidx.navigation.fragment.test#0
11-16 09:56:31.250: W/SurfaceFlinger(645): Attempting to destroy on removed layer: Splash Screen androidx.navigation.fragment.test#0
11-16 09:56:31.252: I/ActivityManager(1164): Displayed androidx.navigation.fragment.test/androidx.navigation.fragment.EmptyActivity: +101ms
11-16 09:56:31.265: E/FA(19897): AppMeasurementReceiver not registered/enabled
11-16 09:56:31.268: E/FA(19897): AppMeasurementService not registered/enabled
11-16 09:56:31.268: E/FA(19897): Uploading is not possible. App measurement disabled
11-16 09:56:31.272: I/Adreno(1164): QUALCOMM build                   : 3f88ca2, I42f6fe38fb
11-16 09:56:31.272: I/Adreno(1164): Build Date                       : 07/13/18
11-16 09:56:31.272: I/Adreno(1164): OpenGL ES Shader Compiler Version: EV031.24.00.00
11-16 09:56:31.272: I/Adreno(1164): Local Branch                     : 50.04
11-16 09:56:31.272: I/Adreno(1164): Remote Branch                    : 
11-16 09:56:31.272: I/Adreno(1164): Remote Branch                    : 
11-16 09:56:31.272: I/Adreno(1164): Reconstruct Branch               : 
11-16 09:56:31.272: I/Adreno(1164): Build Config                     : S P 4.0.10 AArch64
11-16 09:56:31.274: E/libc(1164): Access denied finding property "vendor.debug.prerotation.disable"
11-16 09:56:31.274: E/libc(1164): Access denied finding property "vendor.debug.prerotation.disable"
11-16 09:56:31.275: I/Adreno(1164): PFP: 0x016ee170, ME: 0x00000000
11-16 09:56:31.275: E/libc(1164): Access denied finding property "vendor.debug.prerotation.disable"
11-16 09:56:31.275: I/ConfigStore(1164): android::hardware::configstore::V1_0::ISurfaceFlingerConfigs::hasWideColorDisplay retrieved: 1
11-16 09:56:31.275: I/ConfigStore(1164): android::hardware::configstore::V1_0::ISurfaceFlingerConfigs::hasHDRDisplay retrieved: 1
11-16 09:56:31.276: I/OpenGLRenderer(1164): Initialized EGL, version 1.4
11-16 09:56:31.276: D/OpenGLRenderer(1164): Swap behavior 2
11-16 09:56:31.282: D/SurfaceFlinger(645): duplicate layer name: changing androidx.navigation.fragment.test/androidx.navigation.fragment.EmptyActivity to androidx.navigation.fragment.test/androidx.navigation.fragment.EmptyActivity#1
11-16 09:56:31.296: D/LifecycleMonitor(19479): Lifecycle status change: androidx.navigation.fragment.EmptyActivity@20410b1 in: PAUSED
11-16 09:56:31.306: I/TestRunner(19479): finished: testFindNavController(androidx.navigation.fragment.DialogFragmentNavigatorTest)
11-16 09:56:31.308: V/DownloadManager(18174): Deleting /storage/emulated/0/Android/data/com.google.android.googlequicksearchbox/files/pending_blobs/odws2_en:us:807_2019-09-12_270573492_release_signed via provider delete
11-16 09:56:31.311: I/MonitoringInstr(19479): Activities that are still in CREATED to STOPPED: 1
11-16 09:56:31.311: I/MonitoringInstr(19479): Unstopped activity count: 1
11-16 09:56:31.311: I/BackdropActivity(18380): onResume()
11-16 09:56:31.311: I/ActivityManager(1164): Activity requesting to dismiss Keyguard: ActivityRecord{1f7f4e5 u0 com.google.android.apps.mtaas.backdrop/.BackdropActivity t4}
11-16 09:56:31.326: I/earchbox:searc(10017): The ClassLoaderContext is a special shared library.
11-16 09:56:31.327: I/chatty(10017): uid=10047(com.google.android.googlequicksearchbox) NonUserFacing8 identical 1 line
11-16 09:56:31.329: I/earchbox:searc(10017): The ClassLoaderContext is a special shared library.
11-16 09:56:31.334: I/GoogleInputMethod(3634): onFinishInput() : Dummy InputConnection bound
11-16 09:56:31.334: I/GoogleInputMethod(3634): onStartInput() : Dummy InputConnection bound
11-16 09:56:31.340: E/ExecutionCriteria(11046): Package unavailable for task: com.google.android.apps.gcs/com.google.android.flib.phenotype.services.PhenotypeExperimentCommitService{u=0 tag="PhenotypeExpCommitSvc" trigger=window{start=0s,end=30s,earliest=-1291s,latest=-1261s} requirements=[NET_ANY] attributes=[PERSISTED] scheduled=-1291s last_run=N/A exec_window_multiplier=1.0000 jid=N/A status=PENDING retries=0 client_lib=MANCHEGO_GCM-11732000} [CONTEXT service_id=218 ]
11-16 09:56:31.360: V/NativeCrypto(10017): Registering com/google/android/gms/org/conscrypt/NativeCrypto's 294 native methods...
11-16 09:56:31.361: I/MonitoringInstr(19479): Unstopped activity count: 1
11-16 09:56:31.383: D/LifecycleMonitor(19479): Lifecycle status change: androidx.navigation.fragment.EmptyActivity@20410b1 in: STOPPED
11-16 09:56:31.385: D/NetworkSecurityConfig(10017): Using Network Security Config from resource network_security_config debugBuild: false
11-16 09:56:31.388: I/ProviderInstaller(10017): Installed default security provider GmsCore_OpenSSL
11-16 09:56:31.390: D/LifecycleMonitor(19479): Lifecycle status change: androidx.navigation.fragment.EmptyActivity@20410b1 in: DESTROYED
11-16 09:56:31.399: I/NetworkScheduler.Stats(11046): Task com.google.android.gms/com.google.android.gms.ipa.base.IpaGcmTaskService started execution. cause:9 exec_start_elapsed_seconds: 1393 [CONTEXT service_id=218 ]
11-16 09:56:31.400: W/SurfaceFlinger(645): Attempting to destroy on removed layer: AppWindowToken{6234df7 token=Token{a7625f6 ActivityRecord{4b37291 u0 androidx.navigation.fragment.test/androidx.navigation.fragment.EmptyActivity t15}}}#0
11-16 09:56:31.412: I/TestRunner(19479): started: testDismiss(androidx.navigation.fragment.DialogFragmentNavigatorTest)
11-16 09:56:31.415: W/ActivityTestRule(19479): getActivityIntent() returned null using default: Intent(Intent.ACTION_MAIN)
11-16 09:56:31.422: I/ActivityManager(1164): START u0 {act=android.intent.action.MAIN flg=0x10000000 cmp=androidx.navigation.fragment.test/androidx.navigation.fragment.EmptyActivity} from uid 10172
11-16 09:56:31.433: E/ExecutionCriteria(11046): Package unavailable for task: com.google.android.apps.gcs/com.google.android.flib.phenotype.services.PhenotypeExperimentCommitService{u=0 tag="PhenotypeExpCommitSvc" trigger=window{start=0s,end=30s,earliest=-1291s,latest=-1261s} requirements=[NET_ANY] attributes=[PERSISTED] scheduled=-1291s last_run=N/A exec_window_multiplier=1.0000 jid=N/A status=PENDING retries=0 client_lib=MANCHEGO_GCM-11732000} [CONTEXT service_id=218 ]
11-16 09:56:31.434: D/android.hardware.power@1.3-service.crosshatch-libperfmgr(775): LAUNCH ON
11-16 09:56:31.446: W/ActivityThread(19479): handleWindowVisibility: no activity for token android.os.BinderProxy@df19e32
11-16 09:56:31.455: D/LifecycleMonitor(19479): Lifecycle status change: androidx.navigation.fragment.EmptyActivity@82d58df in: PRE_ON_CREATE
11-16 09:56:31.460: I/NetworkScheduler.Stats(11046): Task com.google.android.gms/com.google.android.gms.ipa.base.IpaGcmTaskService finished executing. cause:9 result: 1 elapsed_millis: 101 uptime_millis: 101 exec_start_elapsed_seconds: 1393 [CONTEXT service_id=218 ]
11-16 09:56:31.469: I/BgTaskExecutorImpl(10017): Starting NONEXCLUSIVE background task ZIP_DOWNLOAD_PROCESSOR.
11-16 09:56:31.473: W/SearchServiceCore(10017): Abort, client detached.
11-16 09:56:31.478: E/ModelDnldProcssHelpr(10017): pending download info for pending_hotword_model_download_info is null
11-16 09:56:31.478: E/ModelDnldProcssHelpr(10017): pending download info for pending_xgoogle_hotword_model_download_info is null
11-16 09:56:31.486: I/WindowManager(1164): Queue is too deep! Purged item with taskid=4
11-16 09:56:31.490: D/LifecycleMonitor(19479): Lifecycle status change: androidx.navigation.fragment.EmptyActivity@82d58df in: CREATED
11-16 09:56:31.492: D/LifecycleMonitor(19479): Lifecycle status change: androidx.navigation.fragment.EmptyActivity@82d58df in: STARTED
11-16 09:56:31.496: D/LifecycleMonitor(19479): Lifecycle status change: androidx.navigation.fragment.EmptyActivity@82d58df in: RESUMED
11-16 09:56:31.498: E/DownloadManagerWrapper(10017): Can't find downloadId=83
11-16 09:56:31.504: W/LanguagePackUpdateContr(10017): Querying download manager failed for ID : 83
11-16 09:56:31.508: W/SearchServiceCore(10017): Abort, client detached.
11-16 09:56:31.513: E/ExecutionCriteria(11046): Package unavailable for task: com.google.android.apps.gcs/com.google.android.flib.phenotype.services.PhenotypeExperimentCommitService{u=0 tag="PhenotypeExpCommitSvc" trigger=window{start=0s,end=30s,earliest=-1291s,latest=-1261s} requirements=[NET_ANY] attributes=[PERSISTED] scheduled=-1291s last_run=N/A exec_window_multiplier=1.0000 jid=N/A status=PENDING retries=0 client_lib=MANCHEGO_GCM-11732000} [CONTEXT service_id=218 ]
11-16 09:56:31.525: I/system_server(1164): NativeAlloc concurrent copying GC freed 80558(4MB) AllocSpace objects, 36(1636KB) LOS objects, 42% free, 18MB/31MB, paused 220us total 198.098ms
11-16 09:56:31.530: I/GoogleInputMethod(3634): onFinishInput() : Dummy InputConnection bound
11-16 09:56:31.531: I/GoogleInputMethod(3634): onStartInput() : Dummy InputConnection bound
11-16 09:56:31.544: I/akia(11046): Removed 0 invalid users [CONTEXT service_id=51 ]
11-16 09:56:31.549: I/ActivityManager(1164): Displayed androidx.navigation.fragment.test/androidx.navigation.fragment.EmptyActivity: +128ms
11-16 09:56:31.558: D/android.hardware.power@1.3-service.crosshatch-libperfmgr(775): LAUNCH OFF
11-16 09:56:31.560: W/SurfaceFlinger(645): Attempting to set client state on removed layer: Splash Screen androidx.navigation.fragment.test#0
11-16 09:56:31.560: W/SurfaceFlinger(645): Attempting to destroy on removed layer: Splash Screen androidx.navigation.fragment.test#0
11-16 09:56:31.570: I/Adreno(1164): QUALCOMM build                   : 3f88ca2, I42f6fe38fb
11-16 09:56:31.570: I/Adreno(1164): Build Date                       : 07/13/18
11-16 09:56:31.570: I/Adreno(1164): OpenGL ES Shader Compiler Version: EV031.24.00.00
11-16 09:56:31.570: I/Adreno(1164): Local Branch                     : 50.04
11-16 09:56:31.570: I/Adreno(1164): Remote Branch                    : 
11-16 09:56:31.570: I/Adreno(1164): Remote Branch                    : 
11-16 09:56:31.570: I/Adreno(1164): Reconstruct Branch               : 
11-16 09:56:31.570: I/Adreno(1164): Build Config                     : S P 4.0.10 AArch64
11-16 09:56:31.571: E/libc(1164): Access denied finding property "vendor.debug.prerotation.disable"
11-16 09:56:31.572: E/libc(1164): Access denied finding property "vendor.debug.prerotation.disable"
11-16 09:56:31.572: I/Adreno(1164): PFP: 0x016ee170, ME: 0x00000000
11-16 09:56:31.572: E/libc(1164): Access denied finding property "vendor.debug.prerotation.disable"
11-16 09:56:31.573: I/ConfigStore(1164): android::hardware::configstore::V1_0::ISurfaceFlingerConfigs::hasWideColorDisplay retrieved: 1
11-16 09:56:31.573: I/ConfigStore(1164): android::hardware::configstore::V1_0::ISurfaceFlingerConfigs::hasHDRDisplay retrieved: 1
11-16 09:56:31.574: I/OpenGLRenderer(1164): Initialized EGL, version 1.4
11-16 09:56:31.574: D/OpenGLRenderer(1164): Swap behavior 2
11-16 09:56:31.598: D/LifecycleMonitor(19479): Lifecycle status change: androidx.navigation.fragment.EmptyActivity@82d58df in: PAUSED
11-16 09:56:31.606: I/TestRunner(19479): finished: testDismiss(androidx.navigation.fragment.DialogFragmentNavigatorTest)
11-16 09:56:31.608: I/BackdropActivity(18380): onResume()
11-16 09:56:31.609: I/MonitoringInstr(19479): Activities that are still in CREATED to STOPPED: 1
11-16 09:56:31.609: I/MonitoringInstr(19479): Unstopped activity count: 1
11-16 09:56:31.609: I/ActivityManager(1164): Activity requesting to dismiss Keyguard: ActivityRecord{1f7f4e5 u0 com.google.android.apps.mtaas.backdrop/.BackdropActivity t4}
11-16 09:56:31.613: I/n.fragment.tes(19479): Compiler allocated 4MB to compile void android.widget.TextView.<init>(android.content.Context, android.util.AttributeSet, int, int)
11-16 09:56:31.625: I/GoogleInputMethod(3634): onFinishInput() : Dummy InputConnection bound
11-16 09:56:31.626: I/GoogleInputMethod(3634): onStartInput() : Dummy InputConnection bound
11-16 09:56:31.647: I/WindowManager(1164): Queue is too deep! Purged item with taskid=15
11-16 09:56:31.659: I/MonitoringInstr(19479): Unstopped activity count: 1
11-16 09:56:31.677: D/LifecycleMonitor(19479): Lifecycle status change: androidx.navigation.fragment.EmptyActivity@82d58df in: STOPPED
11-16 09:56:31.680: D/LifecycleMonitor(19479): Lifecycle status change: androidx.navigation.fragment.EmptyActivity@82d58df in: DESTROYED
11-16 09:56:31.689: W/SurfaceFlinger(645): Attempting to destroy on removed layer: AppWindowToken{eb6623b token=Token{d3b90ca ActivityRecord{db3435 u0 androidx.navigation.fragment.test/androidx.navigation.fragment.EmptyActivity t16}}}#0
11-16 09:56:31.692: W/DynamiteModule(20004): Local module descriptor class for providerinstaller not found.
11-16 09:56:31.697: I/DynamiteModule(20004): Considering local module providerinstaller:0 and remote module providerinstaller:0
11-16 09:56:31.697: W/ProviderInstaller(20004): Failed to load providerinstaller module: No acceptable module found. Local version is 0 and remote version is 0.
11-16 09:56:31.698: W/ps.walletnfcre(20004): Unknown chunk type '200'.
11-16 09:56:31.701: I/ps.walletnfcre(20004): The ClassLoaderContext is a special shared library.
11-16 09:56:31.702: I/chatty(20004): uid=10152(com.google.android.apps.walletnfcrel) identical 1 line
11-16 09:56:31.703: I/ps.walletnfcre(20004): The ClassLoaderContext is a special shared library.
11-16 09:56:31.710: I/TestRunner(19479): started: testNavigateWithImmediatePop(androidx.navigation.fragment.DialogFragmentNavigatorTest)
11-16 09:56:31.712: W/ActivityTestRule(19479): getActivityIntent() returned null using default: Intent(Intent.ACTION_MAIN)
11-16 09:56:31.714: I/ActivityManager(1164): START u0 {act=android.intent.action.MAIN flg=0x10000000 cmp=androidx.navigation.fragment.test/androidx.navigation.fragment.EmptyActivity} from uid 10172
11-16 09:56:31.717: E/NotificationService(1164): Muting recently noisy 0|com.google.android.apps.mtaas.backdrop|1|null|10163
11-16 09:56:31.718: V/NativeCrypto(20004): Registering com/google/android/gms/org/conscrypt/NativeCrypto's 294 native methods...
11-16 09:56:31.720: D/android.hardware.power@1.3-service.crosshatch-libperfmgr(775): LAUNCH ON
11-16 09:56:31.727: W/ActivityThread(19479): handleWindowVisibility: no activity for token android.os.BinderProxy@3c351cb
11-16 09:56:31.729: D/NetworkSecurityConfig(20004): No Network Security Config specified, using platform default
11-16 09:56:31.733: D/LifecycleMonitor(19479): Lifecycle status change: androidx.navigation.fragment.EmptyActivity@be12c54 in: PRE_ON_CREATE
11-16 09:56:31.736: I/ProviderInstaller(20004): Installed default security provider GmsCore_OpenSSL
11-16 09:56:31.746: D/LifecycleMonitor(19479): Lifecycle status change: androidx.navigation.fragment.EmptyActivity@be12c54 in: CREATED
11-16 09:56:31.747: D/LifecycleMonitor(19479): Lifecycle status change: androidx.navigation.fragment.EmptyActivity@be12c54 in: STARTED
11-16 09:56:31.749: D/LifecycleMonitor(19479): Lifecycle status change: androidx.navigation.fragment.EmptyActivity@be12c54 in: RESUMED
11-16 09:56:31.767: I/WindowManager(1164): Queue is too deep! Purged item with taskid=4
11-16 09:56:31.788: I/GoogleInputMethod(3634): onFinishInput() : Dummy InputConnection bound
11-16 09:56:31.788: I/GoogleInputMethod(3634): onStartInput() : Dummy InputConnection bound
11-16 09:56:31.806: D/android.hardware.power@1.3-service.crosshatch-libperfmgr(775): LAUNCH OFF
11-16 09:56:31.812: I/BackgroundTaskManager(20004): Executing task PhenotypeRegistrationTask.phenotype_registration with PARALLEL execution policy.
11-16 09:56:31.814: I/ActivityManager(1164): Displayed androidx.navigation.fragment.test/androidx.navigation.fragment.EmptyActivity: +94ms
11-16 09:56:31.821: W/SurfaceFlinger(645): Attempting to set client state on removed layer: Splash Screen androidx.navigation.fragment.test#0
11-16 09:56:31.821: W/SurfaceFlinger(645): Attempting to destroy on removed layer: Splash Screen androidx.navigation.fragment.test#0
11-16 09:56:31.839: I/Adreno(1164): QUALCOMM build                   : 3f88ca2, I42f6fe38fb
11-16 09:56:31.839: I/Adreno(1164): Build Date                       : 07/13/18
11-16 09:56:31.839: I/Adreno(1164): OpenGL ES Shader Compiler Version: EV031.24.00.00
11-16 09:56:31.839: I/Adreno(1164): Local Branch                     : 50.04
11-16 09:56:31.839: I/Adreno(1164): Remote Branch                    : 
11-16 09:56:31.839: I/Adreno(1164): Remote Branch                    : 
11-16 09:56:31.839: I/Adreno(1164): Reconstruct Branch               : 
11-16 09:56:31.839: I/Adreno(1164): Build Config                     : S P 4.0.10 AArch64
11-16 09:56:31.842: E/libc(1164): Access denied finding property "vendor.debug.prerotation.disable"
11-16 09:56:31.843: D/LifecycleMonitor(19479): Lifecycle status change: androidx.navigation.fragment.EmptyActivity@be12c54 in: PAUSED
11-16 09:56:31.844: E/libc(1164): Access denied finding property "vendor.debug.prerotation.disable"
11-16 09:56:31.845: I/Adreno(1164): PFP: 0x016ee170, ME: 0x00000000
11-16 09:56:31.845: E/libc(1164): Access denied finding property "vendor.debug.prerotation.disable"
11-16 09:56:31.847: I/ConfigStore(1164): android::hardware::configstore::V1_0::ISurfaceFlingerConfigs::hasWideColorDisplay retrieved: 1
11-16 09:56:31.847: I/ConfigStore(1164): android::hardware::configstore::V1_0::ISurfaceFlingerConfigs::hasHDRDisplay retrieved: 1
11-16 09:56:31.848: I/OpenGLRenderer(1164): Initialized EGL, version 1.4
