11-16 09:56:13.299: W/sh(16457): type=1400 audit(0.0:288): avc: denied { read } for name="cache" dev="dm-0" ino=48 scontext=u:r:shell:s0 tcontext=u:object_r:cache_file:s0 tclass=lnk_file permissive=0
11-16 09:56:13.568: I/ActivityManager(1159): Start proc 16472:com.android.defcontainer/u0a23 for service com.android.defcontainer/.DefaultContainerService
11-16 09:56:13.570: E/id.defcontaine(16472): Not starting debugger since process cannot load the jdwp agent.
11-16 09:56:13.651: I/PackageManager.DexOptimizer(1159): Running dexopt (dexoptNeeded=1) on: /data/app/com.google.android.gms.policy_test_support-NdPqDb1Jl5pwxAvFouKAaQ==/base.apk pkg=com.google.android.gms.policy_test_support isa=arm64 dexoptFlags=boot_complete,profile_guided,public,enable_hidden_api_checks targetFilter=speed-profile oatDir=/data/app/com.google.android.gms.policy_test_support-NdPqDb1Jl5pwxAvFouKAaQ==/oat classLoaderContext=PCL[]
11-16 09:56:13.651: V/installed(863): DexInv: --- BEGIN '/data/app/com.google.android.gms.policy_test_support-NdPqDb1Jl5pwxAvFouKAaQ==/base.apk' ---
11-16 09:56:13.668: I/dex2oat(16488): /system/bin/dex2oat --input-vdex-fd=-1 --output-vdex-fd=19 --compiler-filter=speed-profile --classpath-dir=/data/app/com.google.android.gms.policy_test_support-NdPqDb1Jl5pwxAvFouKAaQ== --class-loader-context=PCL[] --generate-mini-debug-info --compact-dex-level=none --compilation-reason=install
11-16 09:56:13.710: D/QSEECOMAPI(16451): QSEECom_get_handle sb_length = 0x400
11-16 09:56:13.710: D/QSEECOMAPI(16451): App is already loaded QSEE and app id = 1
11-16 09:56:13.712: E/fpc_tac(16451): qsee_km_get_encapsulated_key KEYMASTER_GET_AUTH_TOKEN_KEY returned status=-24
11-16 09:56:13.712: D/QSEECOMAPI(16451): QSEECom_dealloc_memory 
11-16 09:56:13.712: D/QSEECOMAPI(16451): QSEECom_shutdown_app, app_id = 1
11-16 09:56:13.713: E/fpc_fingerprint_hal(16451): fpc_hal_open failed
11-16 09:56:13.714: I/EventHub(1159): Removing device uinput-fpc due to epoll hang-up event.
11-16 09:56:13.714: I/EventHub(1159): Removed device: path=/dev/input/event3 name=uinput-fpc id=210 fd=109 classes=0x101
11-16 09:56:13.714: W/EventHub(1159): built-in keyboard device /dev/input/event3 (id=210) is closing! the apps will not like this
11-16 09:56:13.714: I/EventHub(1159): Removing device '/dev/input/event3' due to inotify event
11-16 09:56:13.714: W/InputReader(1159): Ignoring spurious device removed event for deviceId 210.
11-16 09:56:13.730: D/QSEECOMAPI(16451): QSEECom_dealloc_memory 
11-16 09:56:13.730: D/QSEECOMAPI(16451): QSEECom_shutdown_app, app_id = 210
11-16 09:56:13.921: I/dex2oat(16488): Explicit concurrent copying GC freed 10435(1527KB) AllocSpace objects, 0(0B) LOS objects, 99% free, 728B/1536KB, paused 34us total 3.356ms
11-16 09:56:13.992: I/dex2oat(16488): dex2oat took 324.840ms (582.930ms cpu) (threads: 8) arena alloc=73KB (75456B) java alloc=16KB (17112B) native alloc=2MB (3019840B) free=3MB (3795904B)
11-16 09:56:13.997: V/installed(863): DexInv: --- END '/data/app/com.google.android.gms.policy_test_support-NdPqDb1Jl5pwxAvFouKAaQ==/base.apk' (success) ---
11-16 09:56:13.997: V/installed(863): [ 11-16 09:56:13.999   863: 1304 E/         ]
11-16 09:56:13.997: V/installed(863): Couldn't opendir /data/app/vmdl260377656.tmp: No such file or directory
11-16 09:56:13.999: E/installd(863): Failed to delete /data/app/vmdl260377656.tmp: No such file or directory
11-16 09:56:14.011: I/Finsky(12194): [2] yeh.d(13): PackageMonitorReceiverImpl - Received: android.intent.action.PACKAGE_ADDED, [TAsD3pqu7qg-JZYPvpWmQGEwsDQ0NnuVQpcaQGQjJQU]
11-16 09:56:14.012: I/Finsky(12194): [2] yfi.g(1): Invalidating cached PackageState for com.google.android.gms.policy_test_support
11-16 09:56:14.014: I/InputReader(1159): Reconfiguring input devices.  changes=0x00000010
11-16 09:56:14.017: I/CarrierServices(11372): [2] RcsAutoStartReceiver.b: carrierServicesJibeServiceEnabled changed from true to true
11-16 09:56:14.019: I/CarrierServices(11372): [2] RcsAutoStartReceiver.b: enableRcs changed from true to true
11-16 09:56:14.021: I/CarrierServices(11372): [2] RcsAutoStartReceiver.b: RcsAutoStartReceiver triggered. Fetching RCS State. Action: android.intent.action.PACKAGE_ADDED
11-16 09:56:14.022: I/Finsky(12194): [2] owk.d(2): Frosting ID looked up on UI thread. Caller should move to a background thread.
11-16 09:56:14.029: I/Telecom(1159): DefaultDialerCache: Refreshing default dialer for user 0: now com.google.android.dialer: DDC.oR@AIw
11-16 09:56:14.031: I/CarrierServices(11372): [2] aws.a: Migration binding to RcsMigrationService
11-16 09:56:14.039: I/Finsky(12194): [251] ovx.run(16): Wrote row to frosting DB: 208
11-16 09:56:14.045: D/RegisteredNfcFServicesCache(4157): Service unchanged, not updating
11-16 09:56:14.046: V/BackupManagerConstants(1159): getFullBackupIntervalMilliseconds(...) returns 86400000
11-16 09:56:14.047: W/BroadcastQueue(1159): Background execution not allowed: receiving Intent { act=android.intent.action.PACKAGE_ADDED dat=package:com.google.android.gms.policy_test_support flg=0x4000010 (has extras) } to com.android.musicfx/.Compatibility$Receiver
11-16 09:56:14.047: W/BroadcastQueue(1159): Background execution not allowed: receiving Intent { act=android.intent.action.PACKAGE_ADDED dat=package:com.google.android.gms.policy_test_support flg=0x4000010 (has extras) } to com.android.vending/com.google.android.finsky.packagemanager.impl.PackageMonitorReceiverImpl$RegisteredReceiver
11-16 09:56:14.047: W/BroadcastQueue(1159): Background execution not allowed: receiving Intent { act=android.intent.action.PACKAGE_ADDED dat=package:com.google.android.gms.policy_test_support flg=0x4000010 (has extras) } to com.google.android.gms/.games.chimera.GamesSystemBroadcastReceiverProxy
11-16 09:56:14.048: W/BroadcastQueue(1159): Background execution not allowed: receiving Intent { act=android.intent.action.PACKAGE_ADDED dat=package:com.google.android.gms.policy_test_support flg=0x4000010 (has extras) } to com.google.android.gms/.gass.chimera.PackageChangeBroadcastReceiver
11-16 09:56:14.048: I/BugleDataModel(7262): RcsMigrationService: Returning RCS state provider.
11-16 09:56:14.048: W/BroadcastQueue(1159): Background execution not allowed: receiving Intent { act=android.intent.action.PACKAGE_ADDED dat=package:com.google.android.gms.policy_test_support flg=0x4000010 (has extras) } to com.google.android.gms/.chimera.GmsIntentOperationService$PersistentTrustedReceiver
11-16 09:56:14.048: W/BroadcastQueue(1159): Background execution not allowed: receiving Intent { act=android.intent.action.PACKAGE_ADDED dat=package:com.google.android.gms.policy_test_support flg=0x4000010 (has extras) } to com.google.android.googlequicksearchbox/com.google.android.apps.gsa.googlequicksearchbox.GelStubAppWatcher
11-16 09:56:14.048: W/BroadcastQueue(1159): Background execution not allowed: receiving Intent { act=android.intent.action.PACKAGE_ADDED dat=package:com.google.android.gms.policy_test_support flg=0x4000010 (has extras) } to com.google.android.ims/.receivers.RcsAutoStartReceiver
11-16 09:56:14.048: I/Finsky(12194): [2] amas.a(3): Do not start WearSupportService due to Wear service optimization
11-16 09:56:14.051: I/Finsky(12194): [2] amas.a(3): Do not start WearSupportService due to Wear service optimization
11-16 09:56:14.052: E/PhoneInterfaceManager(3811): [PhoneIntfMgr] getCarrierPackageNamesForIntent: No UICC
11-16 09:56:14.052: D/CarrierSvcBindHelper(3811): No carrier app for: 0
11-16 09:56:14.052: D/ImsResolver(3811): maybeAddedImsService, packageName: com.google.android.gms.policy_test_support
11-16 09:56:14.052: I/Finsky(12194): [2] aeak.a(8): Clearing split related stale data.
11-16 09:56:14.056: E/VvmPkgInstalledRcvr(3811): cannot create TelephonyManager from ComponentInfo{com.android.phone/com.android.services.telephony.TelephonyConnectionService}, ***, UserHandle{0}
11-16 09:56:14.056: D/CarrierConfigLoader(3811): mHandler: 9 phoneId: 0
11-16 09:56:14.057: I/Finsky(12194): [2] owk.d(2): Frosting ID looked up on UI thread. Caller should move to a background thread.
11-16 09:56:14.056: W/sh(16504): type=1400 audit(0.0:289): avc: denied { read } for name="cache" dev="dm-0" ino=48 scontext=u:r:shell:s0 tcontext=u:object_r:cache_file:s0 tclass=lnk_file permissive=0
11-16 09:56:14.059: I/BugleRcsEngine(7262): [414] pot.a: Sim state is not ready. Returning last known operation mode.
11-16 09:56:14.060: I/Finsky(12194): [253] gxq.a(12): Asset module storage cleared for package com.google.android.gms.policy_test_support.
11-16 09:56:14.061: I/CarrierServices(11372): [661] awt.doInBackground: Saving RCS State
11-16 09:56:14.061: I/CarrierServices(11372): [661] awt.doInBackground: Old operation mode: 0
11-16 09:56:14.062: I/CarrierServices(11372): [661] awt.doInBackground: New operation mode: 0
11-16 09:56:14.062: I/Finsky(12194): [251] ovx.run(16): Wrote row to frosting DB: 209
11-16 09:56:14.062: I/CarrierServices(11372): [2] aww.a: Unbinding RcsMigrationService
11-16 09:56:14.072: W/GCM(10549): Unexpected forwarded intent: Intent { act=android.intent.action.PACKAGE_ADDED dat=package:com.google.android.gms.policy_test_support flg=0x4000010 pkg=com.google.android.gms cmp=com.google.android.gms/.chimera.PersistentIntentOperationService (has extras) }
11-16 09:56:14.074: W/GCM(10549): Unexpected forwarded intent: Intent { act=android.intent.action.PACKAGE_ADDED dat=package:com.google.android.gms.policy_test_support flg=0x4000010 pkg=com.google.android.gms cmp=com.google.android.gms/.chimera.PersistentIntentOperationService (has extras) }
11-16 09:56:14.077: I/GmsModuleFndr(13347): Beginning GMS chimera module scan
11-16 09:56:14.086: I/ModuleSetMgr(13347): Computing pending module set with APKs: [[AdsFdrDynamite.integ:213806100100000], [Enpromo.integ:214106000100000], [Noop.integ:204002802100000], [Pay.optional:213614100000], [VisionOcr.optional:213614100400], [AdsFdrDynamite.integ:212104400100000], [Cronetdynamite:213614100400], [Dynamiteloader:213614100000], [Dynamitemodulesa:213614100000], [Dynamitemodulesc:213614100000], [Googlecertificates:213614100000], [Mapsdynamite:213614100000], [Measurementdynamite:213614100000]]
11-16 09:56:14.099: I/Finsky(12194): [2] abzb.b(5): SCH: Jobs in database: 1-1337 3-1 12-1 24-77777777 26-1414141414 31-305419896 
11-16 09:56:14.106: I/ModuleSetMgr(13347): Pending container module APKs: [[Pay.optional:213614100000], [VisionOcr.optional:213614100400]]
11-16 09:56:14.106: I/ModuleSetMgr(13347): Pending non-container module APKs: [[Enpromo.integ:214106000100000], [AdsFdrDynamite.integ:213806100100000], [Noop.integ:204002802100000]]
11-16 09:56:14.108: I/Finsky(12194): [2] abxn.d(37): SCH: ConstraintMapping: 24-77777777,  -> L: 0ms, D: 81989772ms, C: false, I: true, N: 0
11-16 09:56:14.108: I/Finsky(12194): [2] abxn.d(37): SCH: ConstraintMapping: 1-1337, 12-1, 31-305419896,  -> L: 14949ms, D: 46869319ms, C: false, I: false, N: 1
11-16 09:56:14.109: I/Finsky(12194): [2] abxn.d(37): SCH: ConstraintMapping: 3-1,  -> L: 0ms, D: 85596287ms, C: true, I: true, N: 2
11-16 09:56:14.109: I/Finsky(12194): [2] abxn.d(37): SCH: ConstraintMapping: 26-1414141414,  -> L: 42214811ms, D: 43114811ms, C: false, I: false, N: 0
11-16 09:56:14.113: I/Finsky(12194): [252] jnw.a(15): [ContentSync] finished, scheduled=true
11-16 09:56:14.118: I/Finsky(12194): [2] abxn.f(7): SCH: Cancelling existing jobscheduler jobs: 9004 9002 9001 9003 
11-16 09:56:14.118: I/Finsky(12194): [2] abxn.e(23): SCH: Scheduling job Id: 9000, L: 0, D: 81989772, C: false, I: true, N: 0
11-16 09:56:14.120: I/Finsky(12194): [2] abxn.e(23): SCH: Scheduling job Id: 9005, L: 14949, D: 46869319, C: false, I: false, N: 1
11-16 09:56:14.122: I/Finsky(12194): [2] abxn.e(23): SCH: Scheduling job Id: 9006, L: 0, D: 85596287, C: true, I: true, N: 2
11-16 09:56:14.123: W/PackageParser(13347): Unknown element under <manifest>: queries at /data/user_de/0/com.google.android.gms/app_chimera/m/00000007/AdsDynamite.apk Binary XML file line #5
11-16 09:56:14.124: I/Finsky(12194): [2] abxn.e(23): SCH: Scheduling job Id: 9007, L: 42214811, D: 43114811, C: false, I: false, N: 0
11-16 09:56:14.142: W/PackageParser(13347): Unknown element under <manifest>: queries at /data/user_de/0/com.google.android.gms/app_chimera/m/00000012/dl-AdsFdrDynamite.integ_213806100100000.apk Binary XML file line #11
11-16 09:56:14.149: W/system_server(1159): Unknown chunk type '200'.
11-16 09:56:14.243: I/ChimeraCfgMgr(13347): Updating module config: ads_fdr:2138061005100000,container:2136149100400+pay+vision.ocr,enpromo:2141060005100000,noop:2040028025100000 -> ads_fdr:2138061005100000,container:2136149100400+pay+vision.ocr,enpromo:2141060005100000,noop:2040028025100000
11-16 09:56:14.243: E/DowngradeHelper(13347): isModuleDowngradeRequired false
11-16 09:56:14.258: W/BroadcastQueue(1159): Background execution not allowed: receiving Intent { act=com.google.android.chimera.MODULE_CONFIGURATION_CHANGED flg=0x10 (has extras) } to com.google.android.gms/.chimera.GmsIntentOperationService$PersistentInternalReceiver
11-16 09:56:14.268: I/ChimeraCfgMgr(13347): Sending com.google.android.chimera.IntentOperation.NEW_MODULE Intents: 1,false,true
11-16 09:56:14.271: I/GmsDebugLogger(13347): [46] ads_fdr:2138061005100000,container:2136149100400+pay+vision.ocr,enpromo:2141060005100000,noop:2040028025100000
11-16 09:56:14.277: I/Auth(13347): [SupervisedAccountIntentOperation] onHandleIntent(): android.intent.action.PACKAGE_ADDED
11-16 09:56:14.289: W/gle.android.gm(13347): Unsupported class loader
11-16 09:56:14.290: W/gle.android.gm(13347): Skipping duplicate class check due to unsupported classloader
11-16 09:56:14.290: I/gle.android.gm(13347): Failed to add image file Failed to flatten class loader hierarchy 'Unknown class loader type drb'
11-16 09:56:14.295: I/BlockstoreStorage(13347): Clearing Blockstore Data for package com.google.android.gms.policy_test_support [CONTEXT service_id=258 ]
11-16 09:56:14.302: I/BlockstoreStorage(13347): No metadata found. Skipping deletion. [CONTEXT service_id=258 ]
11-16 09:56:14.364: I/PackageManager.DexOptimizer(1159): Running dexopt (dexoptNeeded=1) on: /data/app/com.google.android.gmscore.testing.testsupport-cXdTZOyupNboj0rb-wMqfg==/base.apk pkg=com.google.android.gmscore.testing.testsupport isa=arm64 dexoptFlags=boot_complete,profile_guided,public,enable_hidden_api_checks targetFilter=speed-profile oatDir=/data/app/com.google.android.gmscore.testing.testsupport-cXdTZOyupNboj0rb-wMqfg==/oat classLoaderContext=PCL[/system/framework/org.apache.http.legacy.boot.jar]
11-16 09:56:14.365: V/installed(863): DexInv: --- BEGIN '/data/app/com.google.android.gmscore.testing.testsupport-cXdTZOyupNboj0rb-wMqfg==/base.apk' ---
11-16 09:56:14.374: D/BoundBrokerSvc(13347): onBind: Intent { act=com.google.android.gms.common.BIND_SHARED_PREFS pkg=com.google.android.gms }
11-16 09:56:14.375: D/BoundBrokerSvc(13347): Loading bound service for intent: Intent { act=com.google.android.gms.common.BIND_SHARED_PREFS pkg=com.google.android.gms }
11-16 09:56:14.381: I/dex2oat(16543): /system/bin/dex2oat --input-vdex-fd=-1 --output-vdex-fd=19 --compiler-filter=speed-profile --classpath-dir=/data/app/com.google.android.gmscore.testing.testsupport-cXdTZOyupNboj0rb-wMqfg== --class-loader-context=PCL[/system/framework/org.apache.http.legacy.boot.jar] --generate-mini-debug-info --compact-dex-level=none --compilation-reason=install
11-16 09:56:14.395: I/GmsModuleFndr(13347): Beginning GMS chimera module scan
11-16 09:56:14.396: D/BoundBrokerSvc(10549): onBind: Intent { act=com.google.android.gms.nearby.exposurenotification.START cmp=com.google.android.gms/.chimera.PersistentApiService }
11-16 09:56:14.396: D/BoundBrokerSvc(10549): Loading bound service for intent: Intent { act=com.google.android.gms.nearby.exposurenotification.START cmp=com.google.android.gms/.chimera.PersistentApiService }
11-16 09:56:14.404: D/BoundBrokerSvc(13347): onUnbind: Intent { act=com.google.android.gms.common.BIND_SHARED_PREFS pkg=com.google.android.gms }
11-16 09:56:14.405: I/TestSupport(13347): Activate: 1637049600000@1637085374384 [CONTEXT service_id=133 ]
11-16 09:56:14.408: I/TestSupport(13347): Boot time: 1637084333658 [CONTEXT service_id=133 ]
11-16 09:56:14.411: I/Icing(13347): IndexChimeraService.getServiceInterface callingPackage=com.google.android.gms componentName=AppsCorpus serviceId=36
11-16 09:56:14.414: I/ModuleSetMgr(13347): Computing pending module set with APKs: [[AdsFdrDynamite.integ:213806100100000], [Enpromo.integ:214106000100000], [Noop.integ:204002802100000], [Pay.optional:213614100000], [VisionOcr.optional:213614100400], [AdsFdrDynamite.integ:212104400100000], [Cronetdynamite:213614100400], [Dynamiteloader:213614100000], [Dynamitemodulesa:213614100000], [Dynamitemodulesc:213614100000], [Googlecertificates:213614100000], [Mapsdynamite:213614100000], [Measurementdynamite:213614100000]]
11-16 09:56:14.414: I/TestSupport(13347): Updated: /data/data/com.google.android.gms/app_testsupport/.startup [CONTEXT service_id=133 ]
11-16 09:56:14.421: I/ChimeraCfgMgr(13347): Received com.google.android.chimera.IntentOperation.NEW_MODULE(1/0): 1,false
11-16 09:56:14.427: E/PhenotypeRegOp(13347): Attempting to overwrite config package for com.google.android.gms.games [CONTEXT service_id=231 ]
11-16 09:56:14.428: I/ModuleSetMgr(13347): Pending container module APKs: [[Pay.optional:213614100000], [VisionOcr.optional:213614100400]]
11-16 09:56:14.429: I/ModuleSetMgr(13347): Pending non-container module APKs: [[Enpromo.integ:214106000100000], [AdsFdrDynamite.integ:213806100100000], [Noop.integ:204002802100000]]
11-16 09:56:14.430: E/PhenotypeRegOp(13347): Attempting to overwrite config package for com.google.android.gms.maps#com.google.android.gms [CONTEXT service_id=231 ]
11-16 09:56:14.430: E/PhenotypeRegOp(13347): Attempting to overwrite config package for com.google.android.gms.cast [CONTEXT service_id=231 ]
11-16 09:56:14.430: E/PhenotypeRegOp(13347): Attempting to overwrite config package for com.google.android.gms.mobile_data_plan [CONTEXT service_id=231 ]
11-16 09:56:14.431: E/PhenotypeRegOp(13347): Attempting to overwrite config package for com.google.android.gms.udc [CONTEXT service_id=231 ]
11-16 09:56:14.450: W/ChimeraUtils(10549): Module com.google.android.gms.nearby_en has empty metadata display_name_string_id
11-16 09:56:14.458: W/PackageParser(13347): Unknown element under <manifest>: queries at /data/user_de/0/com.google.android.gms/app_chimera/m/00000007/AdsDynamite.apk Binary XML file line #5
11-16 09:56:14.458: W/Icing(13347): No valid account for uploading user actions
11-16 09:56:14.459: W/ChimeraUtils(10549): Module com.google.android.gms.nearby_en has empty metadata display_name_string_id
11-16 09:56:14.462: W/ChimeraUtils(10549): Module com.google.android.gms.nearby_en has empty metadata display_name_string_id
11-16 09:56:14.472: I/Icing(13347): Usage reports ok 0, Failed Usage reports 0, indexed 0, rejected 0
11-16 09:56:14.475: I/Icing(13347): Indexing com.google.android.gms-apps from com.google.android.gms
11-16 09:56:14.479: I/Icing(13347): Indexing done com.google.android.gms-apps
11-16 09:56:14.481: I/Icing(13347): IndexChimeraService.getServiceInterface callingPackage=com.google.android.gms componentName=null serviceId=30
11-16 09:56:14.489: W/Icing(13347): No valid account for uploading user actions
11-16 09:56:14.495: I/Icing(13347): Usage reports ok 0, Failed Usage reports 0, indexed 0, rejected 0
11-16 09:56:14.496: W/PackageParser(13347): Unknown element under <manifest>: queries at /data/user_de/0/com.google.android.gms/app_chimera/m/00000012/dl-AdsFdrDynamite.integ_213806100100000.apk Binary XML file line #11
11-16 09:56:14.838: I/dex2oat(16543): Explicit concurrent copying GC freed 11043(2MB) AllocSpace objects, 0(0B) LOS objects, 99% free, 896B/1536KB, paused 27us total 2.874ms
11-16 09:56:14.945: I/dex2oat(16543): dex2oat took 564.815ms (1.197s cpu) (threads: 8) arena alloc=6KB (6144B) java alloc=16KB (17280B) native alloc=5MB (5282640B) free=2MB (3105968B)
11-16 09:56:14.950: V/installed(863): DexInv: --- END '/data/app/com.google.android.gmscore.testing.testsupport-cXdTZOyupNboj0rb-wMqfg==/base.apk' (success) ---
11-16 09:56:14.950: V/installed(863): [ 11-16 09:56:14.951   863: 1304 E/         ]
11-16 09:56:14.950: V/installed(863): Couldn't opendir /data/app/vmdl593192736.tmp: No such file or directory
11-16 09:56:14.951: E/installd(863): Failed to delete /data/app/vmdl593192736.tmp: No such file or directory
11-16 09:56:14.960: W/BroadcastQueue(1159): Background execution not allowed: receiving Intent { act=android.intent.action.PACKAGE_ADDED dat=package:com.google.android.gmscore.testing.testsupport flg=0x4000010 (has extras) } to com.android.musicfx/.Compatibility$Receiver
11-16 09:56:14.960: W/BroadcastQueue(1159): Background execution not allowed: receiving Intent { act=android.intent.action.PACKAGE_ADDED dat=package:com.google.android.gmscore.testing.testsupport flg=0x4000010 (has extras) } to com.android.vending/com.google.android.finsky.packagemanager.impl.PackageMonitorReceiverImpl$RegisteredReceiver
11-16 09:56:14.960: W/BroadcastQueue(1159): Background execution not allowed: receiving Intent { act=android.intent.action.PACKAGE_ADDED dat=package:com.google.android.gmscore.testing.testsupport flg=0x4000010 (has extras) } to com.google.android.gms/.games.chimera.GamesSystemBroadcastReceiverProxy
11-16 09:56:14.960: I/Finsky(12194): [2] yeh.d(13): PackageMonitorReceiverImpl - Received: android.intent.action.PACKAGE_ADDED, [Cfp7IzF5TvVG3xiSuASXeJDeHWm6HS2AulwLaqmOV14]
11-16 09:56:14.960: W/BroadcastQueue(1159): Background execution not allowed: receiving Intent { act=android.intent.action.PACKAGE_ADDED dat=package:com.google.android.gmscore.testing.testsupport flg=0x4000010 (has extras) } to com.google.android.gms/.gass.chimera.PackageChangeBroadcastReceiver
11-16 09:56:14.960: W/BroadcastQueue(1159): Background execution not allowed: receiving Intent { act=android.intent.action.PACKAGE_ADDED dat=package:com.google.android.gmscore.testing.testsupport flg=0x4000010 (has extras) } to com.google.android.gms/.chimera.GmsIntentOperationService$PersistentTrustedReceiver
11-16 09:56:14.960: W/BroadcastQueue(1159): Background execution not allowed: receiving Intent { act=android.intent.action.PACKAGE_ADDED dat=package:com.google.android.gmscore.testing.testsupport flg=0x4000010 (has extras) } to com.google.android.googlequicksearchbox/com.google.android.apps.gsa.googlequicksearchbox.GelStubAppWatcher
11-16 09:56:14.960: W/BroadcastQueue(1159): Background execution not allowed: receiving Intent { act=android.intent.action.PACKAGE_ADDED dat=package:com.google.android.gmscore.testing.testsupport flg=0x4000010 (has extras) } to com.google.android.ims/.receivers.RcsAutoStartReceiver
11-16 09:56:14.960: I/Finsky(12194): [2] yfi.g(1): Invalidating cached PackageState for com.google.android.gmscore.testing.testsupport
11-16 09:56:14.960: I/CarrierServices(11372): [2] RcsAutoStartReceiver.b: carrierServicesJibeServiceEnabled changed from true to true
11-16 09:56:14.962: I/CarrierServices(11372): [2] RcsAutoStartReceiver.b: enableRcs changed from true to true
11-16 09:56:14.962: I/InputReader(1159): Reconfiguring input devices.  changes=0x00000010
11-16 09:56:14.963: I/CarrierServices(11372): [2] RcsAutoStartReceiver.b: RcsAutoStartReceiver triggered. Fetching RCS State. Action: android.intent.action.PACKAGE_ADDED
11-16 09:56:14.967: I/Finsky(12194): [2] owk.d(2): Frosting ID looked up on UI thread. Caller should move to a background thread.
11-16 09:56:14.968: I/CarrierServices(11372): [2] aws.a: Migration binding to RcsMigrationService
11-16 09:56:14.968: I/Telecom(1159): DefaultDialerCache: Refreshing default dialer for user 0: now com.google.android.dialer: DDC.oR@AJA
11-16 09:56:14.970: I/Finsky(12194): [251] ovx.run(16): Wrote row to frosting DB: 210
11-16 09:56:14.972: I/Finsky(12194): [252] jnw.a(15): [ContentSync] finished, scheduled=false
11-16 09:56:14.978: I/Finsky(12194): [2] amas.a(3): Do not start WearSupportService due to Wear service optimization
11-16 09:56:14.980: I/BugleDataModel(7262): RcsMigrationService: Returning RCS state provider.
11-16 09:56:14.981: I/Finsky(12194): [2] amas.a(3): Do not start WearSupportService due to Wear service optimization
11-16 09:56:14.982: I/Finsky(12194): [2] aeak.a(8): Clearing split related stale data.
11-16 09:56:14.985: I/Finsky(12194): [253] gxq.a(12): Asset module storage cleared for package com.google.android.gmscore.testing.testsupport.
11-16 09:56:14.987: D/RegisteredNfcFServicesCache(4157): Service unchanged, not updating
11-16 09:56:14.987: I/BugleRcsEngine(7262): [414] pot.a: Sim state is not ready. Returning last known operation mode.
11-16 09:56:14.989: I/CarrierServices(11372): [662] awt.doInBackground: Saving RCS State
11-16 09:56:14.989: I/Finsky(12194): [2] owk.d(2): Frosting ID looked up on UI thread. Caller should move to a background thread.
11-16 09:56:14.990: I/CarrierServices(11372): [662] awt.doInBackground: Old operation mode: 0
11-16 09:56:14.991: I/CarrierServices(11372): [662] awt.doInBackground: New operation mode: 0
11-16 09:56:14.991: I/CarrierServices(11372): [2] aww.a: Unbinding RcsMigrationService
11-16 09:56:14.994: I/Finsky(12194): [251] ovx.run(16): Wrote row to frosting DB: 211
11-16 09:56:14.994: W/GCM(10549): Unexpected forwarded intent: Intent { act=android.intent.action.PACKAGE_ADDED dat=package:com.google.android.gmscore.testing.testsupport flg=0x4000010 pkg=com.google.android.gms cmp=com.google.android.gms/.chimera.PersistentIntentOperationService (has extras) }
11-16 09:56:14.995: W/GCM(10549): Unexpected forwarded intent: Intent { act=android.intent.action.PACKAGE_ADDED dat=package:com.google.android.gmscore.testing.testsupport flg=0x4000010 pkg=com.google.android.gms cmp=com.google.android.gms/.chimera.PersistentIntentOperationService (has extras) }
11-16 09:56:14.997: E/PhoneInterfaceManager(3811): [PhoneIntfMgr] getCarrierPackageNamesForIntent: No UICC
11-16 09:56:14.997: D/CarrierSvcBindHelper(3811): No carrier app for: 0
11-16 09:56:15.000: E/VvmPkgInstalledRcvr(3811): cannot create TelephonyManager from ComponentInfo{com.android.phone/com.android.services.telephony.TelephonyConnectionService}, ***, UserHandle{0}
11-16 09:56:15.000: D/ImsResolver(3811): maybeAddedImsService, packageName: com.google.android.gmscore.testing.testsupport
11-16 09:56:15.001: D/CarrierConfigLoader(3811): mHandler: 9 phoneId: 0
11-16 09:56:15.001: I/Auth(13347): [SupervisedAccountIntentOperation] onHandleIntent(): android.intent.action.PACKAGE_ADDED
11-16 09:56:15.002: I/BlockstoreStorage(13347): Clearing Blockstore Data for package com.google.android.gmscore.testing.testsupport [CONTEXT service_id=258 ]
11-16 09:56:15.003: I/BlockstoreStorage(13347): No metadata found. Skipping deletion. [CONTEXT service_id=258 ]
11-16 09:56:15.012: D/BoundBrokerSvc(13347): onBind: Intent { act=com.google.android.gms.common.BIND_SHARED_PREFS pkg=com.google.android.gms }
11-16 09:56:15.012: D/BoundBrokerSvc(13347): Loading bound service for intent: Intent { act=com.google.android.gms.common.BIND_SHARED_PREFS pkg=com.google.android.gms }
11-16 09:56:15.014: I/ActivityManager(1159): Start proc 16568:com.google.android.gmscore.testing.testsupport/u0a170 for service com.google.android.gmscore.testing.testsupport/.CommandService
11-16 09:56:15.019: E/ing.testsuppor(16568): Not starting debugger since process cannot load the jdwp agent.
11-16 09:56:15.033: I/ing.testsuppor(16568): The ClassLoaderContext is a special shared library.
11-16 09:56:15.045: D/BoundBrokerSvc(13347): onUnbind: Intent { act=com.google.android.gms.common.BIND_SHARED_PREFS pkg=com.google.android.gms }
11-16 09:56:15.048: W/ChimeraUtils(10549): Module com.google.android.gms.nearby_en has empty metadata display_name_string_id
11-16 09:56:15.049: I/TSDRIVER(16568): CommandService onHandleIntent()
11-16 09:56:15.049: I/TSDRIVER(16568): Got command: PACKAGE
11-16 09:56:15.056: I/Icing(13347): Indexing com.google.android.gms-apps from com.google.android.gms
11-16 09:56:15.056: W/ChimeraUtils(10549): Module com.google.android.gms.nearby_en has empty metadata display_name_string_id
11-16 09:56:15.057: W/ChimeraUtils(10549): Module com.google.android.gms.nearby_en has empty metadata display_name_string_id
11-16 09:56:15.057: I/Icing(13347): Indexing done com.google.android.gms-apps
11-16 09:56:15.070: I/TSDRIVER(16568): flag package: Eglnc2VydmljZXMaLAooZmluc2t5LnBsYXlfc2VydmljZXNfYXV0b191cGRhdGVfZW5hYmxlZBgAGjUKMWZpbnNreS5zZXR1cF93aXphcmRfYWRkaXRpb25hbF9hY2NvdW50X3ZwYV9lbmFibGUYABoxCi1maW5za3kuZGFpbHlfaHlnaWVuZV9zY2hlZHVsZV91bmF1dGhlbnRpY2F0ZWQYABpyCipmaW5za3kuYmFja2dyb3VuZF9zcGxpdF9pbnN0YWxsc19ibGFja2xpc3QSRGNvbS5hbmRyb2lkLmNocm9tZSxjb20uZ29vZ2xlLmFuZHJvaWQuZ21zLGNvbS5nb29nbGUuYW5kcm9pZC53ZWJ2aWV3KPgB
11-16 09:56:15.073: E/GooglePlayServicesUtil(16568): The Google Play services resources were not found. Check your project configuration to ensure that the resources are included.
11-16 09:56:15.073: I/TSDRIVER(16568): flag package: gservices
11-16 09:56:15.079: D/BoundBrokerSvc(13347): onBind: Intent { act=com.google.android.gms.testsupport.service.START pkg=com.google.android.gms }
11-16 09:56:15.079: D/BoundBrokerSvc(13347): Loading bound service for intent: Intent { act=com.google.android.gms.testsupport.service.START pkg=com.google.android.gms }
11-16 09:56:15.103: I/m.akt(13347): Primes not initialized, returning default (no-op) Primes instance which will ignore all calls. Please call Primes.initialize(...) before using any Primes API.
11-16 09:56:15.115: W/DynamiteModule(13347): Local module descriptor class for com.google.android.gms.googlecertificates not found.
11-16 09:56:15.119: W/gle.android.gm(13347): Unsupported class loader
11-16 09:56:15.120: W/gle.android.gm(13347): Skipping duplicate class check due to unsupported classloader
11-16 09:56:15.121: I/DynamiteModule(13347): Considering local module com.google.android.gms.googlecertificates:0 and remote module com.google.android.gms.googlecertificates:6
11-16 09:56:15.121: I/DynamiteModule(13347): Selected remote version of com.google.android.gms.googlecertificates, version >= 6
11-16 09:56:15.129: W/gle.android.gm(13347): Unsupported class loader
11-16 09:56:15.130: W/gle.android.gm(13347): Skipping duplicate class check due to unsupported classloader
11-16 09:56:15.154: I/TestSupport(13347): Activated: 1637049600000@1637085374384 [CONTEXT service_id=133 ]
11-16 09:56:15.154: I/TestSupport(13347): Boot time: 1637084333658 [CONTEXT service_id=133 ]
11-16 09:56:15.155: I/TestSupport(13347): Passing package and signature checks: com.google.android.gmscore.testing.testsupport [CONTEXT service_id=133 ]
11-16 09:56:15.165: I/TestSupport(13347): SetOverrideOperation: finsky.play_services_auto_update_enabled = false [CONTEXT service_id=133 ]
11-16 09:56:15.195: V/SettingsProvider(1159): Notifying for 0: content://settings/global/text_classifier_constants
11-16 09:56:15.198: I/GservicesProvider(4404): override update completed
11-16 09:56:15.211: I/ActivityManager(1159): Start proc 16596:com.android.connectivity.metrics/u0a57 for broadcast com.android.connectivity.metrics/.SnapshotSchedulingReceiver
11-16 09:56:15.212: E/ctivity.metric(16596): Not starting debugger since process cannot load the jdwp agent.
11-16 09:56:15.221: I/TestSupport(13347): GServices override confirmed: finsky.play_services_auto_update_enabled=false [CONTEXT service_id=133 ]
11-16 09:56:15.225: I/CarrierServices(11372): [2] bxu.e: Carrier Services GServices flags:
11-16 09:56:15.225: I/CarrierServices(11372):    carrier_services_security_flags_ec_api_white_listed_packages: com.google.android.apps.messaging,com.google.android.dialer,com.google.android.ims.client.sampleapp,com.android.contacts,com.lge.rcscall,com.android.incallui,com.huawei.incallui.appfeature.rcsfeature
11-16 09:56:15.225: I/CarrierServices(11372):    carrier_services_security_flags_ec_api_white_listed_signatures: B28C3EDB665DF32686224DF800F603E9959BBE4E,0980A12BE993528C19107BC21AD811478C63CEFC,B38FA7B5ECFAEC44620A020752B07E063B3120A8,203997BC46B8792DC9747ABD230569071F9A0439,EDA6413C3E3A95492114FE07CD953AD897E40D1A,760EBB9F4200B3DFB1B817B40FF0563A3C150D39,5B368CFF2DA2686996BC95EAC190EAA4F5630FE5,01D845B26B688D8EF647205A5944E9407E52E06E,27196E386B875E76ADF700E7EA84E4C6EEE33DFA,1CDD04F1E4A732BB0352FDFAEE26D2315526DF85,025D5212BF3B5F5CDA6117A518721D70A94D84E0
11-16 09:56:15.225: I/CarrierServices(11372):    carrier_services_security_flags_test_service_white_listed_packages: com.google.android.ims.mobly.snippets
11-16 09:56:15.225: I/CarrierServices(11372):    carrier_services_security_flags_test_service_white_listed_signatures: AE41481F52E0F58DF2806D5A38EB3DBCA5AE02B0,E165542B31953CC282AA4EF2F4D5F07F7663A2A2
11-16 09:56:15.225: I/CarrierServices(11372):    carrier_services_security_flags_white_listed_packages: com.google.android.apps.messaging,com.google.android.dialer,com.google.android.ims.client.sampleapp,com.android.contacts,com.lge.rcscall,com.android.incallui,com.huawei.incallui.appfeature.rcsfeature
11-16 09:56:15.225: I/CarrierServices(11372):    carrier_services_security_flags_white_listed_signatures: B28C3EDB665DF32686224DF800F603E9959BBE4E,0980A12BE993528C19107BC21AD811478C63CEFC,B38FA7B5ECFAEC44620A020752B07E063B3120A8,203997BC46B8792DC9747ABD230569071F9A0439,EDA6413C3E3A95492114FE07CD953AD897E40D1A,760EBB9F4200B3DFB1B817B40FF0563A3C150D39,5B368CFF2DA2686996BC95EAC190EAA4F5630FE5,01D845B26B688D8EF647205A5944E9407E52E06E,27196E386B875E76ADF700E7EA84E4C6EEE33DFA,1CDD04F1E4A732BB0352FDFAEE26D2315526DF85,025D5212BF3B5F5CDA6117A518721D70A94D84E0
11-16 09:56:15.225: I/CarrierServices(11372):    carrier_services_video_share_disabled_user_agent_substrings: SM-G930,SM-G935,SM-A320
11-16 09:56:15.225: I/CarrierServices(11372): ====================
11-16 09:56:15.234: I/TestSupport(13347): SetOverrideOperation: finsky.setup_wizard_additional_account_vpa_enable = false [CONTEXT service_id=133 ]
11-16 09:56:15.241: I/ctivity.metric(16596): The ClassLoaderContext is a special shared library.
11-16 09:56:15.250: I/Bugle(7262): ApnsOta: OTA version -1
11-16 09:56:15.260: D/ConnMetrics:App(16596): onCreate()
11-16 09:56:15.266: D/CarrierServices(11372): log_saver already enabled
11-16 09:56:15.273: I/ActivityManager(1159): Start proc 16616:com.google.android.apps.multidevice.client/u0a72 for broadcast com.google.android.apps.multidevice.client/.ui.pixel.SettingsActivityAvailabilityReceiver
11-16 09:56:15.277: E/tidevice.clien(16616): Not starting debugger since process cannot load the jdwp agent.
11-16 09:56:15.287: E/GooglePlayServicesUtil(16596): The Google Play services resources were not found. Check your project configuration to ensure that the resources are included.
11-16 09:56:15.288: E/ExecutionCriteria(10549): Package unavailable for task: com.google.android.apps.gcs/com.google.android.flib.phenotype.services.PhenotypeExperimentCommitService{u=0 tag="PhenotypeExpCommitSvc" trigger=window{start=0s,end=30s,earliest=-942s,latest=-912s} requirements=[NET_ANY] attributes=[PERSISTED] scheduled=-942s last_run=N/A exec_window_multiplier=1.0000 jid=N/A status=PENDING retries=0 client_lib=MANCHEGO_GCM-11732000} [CONTEXT service_id=218 ]
11-16 09:56:15.296: I/tidevice.clien(16616): The ClassLoaderContext is a special shared library.
11-16 09:56:15.301: I/GservicesProvider(4404): override update completed
11-16 09:56:15.313: D/ConnMetrics:App(16596): IsOptedIn = false
11-16 09:56:15.315: I/TestSupport(13347): GServices override confirmed: finsky.setup_wizard_additional_account_vpa_enable=false [CONTEXT service_id=133 ]
11-16 09:56:15.321: I/Bugle(7262): ApnsOta: OTA version -1
11-16 09:56:15.328: I/CarrierServices(11372): [2] bxu.e: Carrier Services GServices flags:
11-16 09:56:15.328: I/CarrierServices(11372):    carrier_services_security_flags_ec_api_white_listed_packages: com.google.android.apps.messaging,com.google.android.dialer,com.google.android.ims.client.sampleapp,com.android.contacts,com.lge.rcscall,com.android.incallui,com.huawei.incallui.appfeature.rcsfeature
11-16 09:56:15.328: I/CarrierServices(11372):    carrier_services_security_flags_ec_api_white_listed_signatures: B28C3EDB665DF32686224DF800F603E9959BBE4E,0980A12BE993528C19107BC21AD811478C63CEFC,B38FA7B5ECFAEC44620A020752B07E063B3120A8,203997BC46B8792DC9747ABD230569071F9A0439,EDA6413C3E3A95492114FE07CD953AD897E40D1A,760EBB9F4200B3DFB1B817B40FF0563A3C150D39,5B368CFF2DA2686996BC95EAC190EAA4F5630FE5,01D845B26B688D8EF647205A5944E9407E52E06E,27196E386B875E76ADF700E7EA84E4C6EEE33DFA,1CDD04F1E4A732BB0352FDFAEE26D2315526DF85,025D5212BF3B5F5CDA6117A518721D70A94D84E0
11-16 09:56:15.328: I/CarrierServices(11372):    carrier_services_security_flags_test_service_white_listed_packages: com.google.android.ims.mobly.snippets
11-16 09:56:15.328: I/CarrierServices(11372):    carrier_services_security_flags_test_service_white_listed_signatures: AE41481F52E0F58DF2806D5A38EB3DBCA5AE02B0,E165542B31953CC282AA4EF2F4D5F07F7663A2A2
11-16 09:56:15.328: I/CarrierServices(11372):    carrier_services_security_flags_white_listed_packages: com.google.android.apps.messaging,com.google.android.dialer,com.google.android.ims.client.sampleapp,com.android.contacts,com.lge.rcscall,com.android.incallui,com.huawei.incallui.appfeature.rcsfeature
11-16 09:56:15.328: I/CarrierServices(11372):    carrier_services_security_flags_white_listed_signatures: B28C3EDB665DF32686224DF800F603E9959BBE4E,0980A12BE993528C19107BC21AD811478C63CEFC,B38FA7B5ECFAEC44620A020752B07E063B3120A8,203997BC46B8792DC9747ABD230569071F9A0439,EDA6413C3E3A95492114FE07CD953AD897E40D1A,760EBB9F4200B3DFB1B817B40FF0563A3C150D39,5B368CFF2DA2686996BC95EAC190EAA4F5630FE5,01D845B26B688D8EF647205A5944E9407E52E06E,27196E386B875E76ADF700E7EA84E4C6EEE33DFA,1CDD04F1E4A732BB0352FDFAEE26D2315526DF85,025D5212BF3B5F5CDA6117A518721D70A94D84E0
11-16 09:56:15.328: I/CarrierServices(11372):    carrier_services_video_share_disabled_user_agent_substrings: SM-G930,SM-G935,SM-A320
11-16 09:56:15.328: I/CarrierServices(11372): ====================
11-16 09:56:15.328: I/TestSupport(13347): SetOverrideOperation: finsky.daily_hygiene_schedule_unauthenticated = false [CONTEXT service_id=133 ]
11-16 09:56:15.335: E/ExecutionCriteria(10549): Package unavailable for task: com.google.android.apps.gcs/com.google.android.flib.phenotype.services.PhenotypeExperimentCommitService{u=0 tag="PhenotypeExpCommitSvc" trigger=window{start=0s,end=30s,earliest=-942s,latest=-912s} requirements=[NET_ANY] attributes=[PERSISTED] scheduled=-942s last_run=N/A exec_window_multiplier=1.0000 jid=N/A status=PENDING retries=0 client_lib=MANCHEGO_GCM-11732000} [CONTEXT service_id=218 ]
11-16 09:56:15.352: I/SettingsActivityAvailab(16616): Disabling com.google.android.apps.multidevice.client.ui.pixel.SettingsActivity.
11-16 09:56:15.353: I/ActivityManager(1159): Killing 11372:com.google.android.ims/u0a25 (adj 906): empty #17
11-16 09:56:15.353: D/GservicesChangeReceiver(5973): Gservices Changed broadcast Received. context is android.app.ReceiverRestrictedContext@a6685ef
11-16 09:56:15.354: W/libprocessgroup(1159): kill(-11372, 9) failed: No such process
11-16 09:56:15.356: D/GservicesChangeReceiver(5973): Gservices allowPowerAnomalyData is False.
11-16 09:56:15.358: D/ConnectivityMonitorManager(5973): Service com.google.android.connectivitymonitor.PowerAnomalyDetectorService is not running...
11-16 09:56:15.361: I/GservicesProvider(4404): override update completed
11-16 09:56:15.363: W/BroadcastQueue(1159): Skipping deliver [background] BroadcastRecord{4c94287 u0 com.google.gservices.intent.action.GSERVICES_CHANGED} to ReceiverList{8c50df4 11372 com.google.android.ims/10025/u0 remote:35923c7}: process gone or crashing
11-16 09:56:15.363: W/BroadcastQueue(1159): Skipping deliver [background] BroadcastRecord{4c94287 u0 com.google.gservices.intent.action.GSERVICES_CHANGED} to ReceiverList{66a2b89 11372 com.google.android.ims/10025/u0 remote:e529690}: process gone or crashing
11-16 09:56:15.363: W/BroadcastQueue(1159): Skipping deliver [background] BroadcastRecord{4c94287 u0 com.google.gservices.intent.action.GSERVICES_CHANGED} to ReceiverList{6f62143 11372 com.google.android.ims/10025/u0 remote:f8646f2}: process gone or crashing
11-16 09:56:15.363: W/BroadcastQueue(1159): Skipping deliver [background] BroadcastRecord{4c94287 u0 com.google.gservices.intent.action.GSERVICES_CHANGED} to ReceiverList{fdb6d9b 11372 com.google.android.ims/10025/u0 remote:aaa2daa}: process gone or crashing
11-16 09:56:15.367: D/GservicesChangeReceiver(5973): Gservices allowLowPowerMonitoring is False.
11-16 09:56:15.368: D/ConnectivityMonitorManager(5973): Service com.google.android.connectivitymonitor.LowPowerMonitorService is not running...
11-16 09:56:15.376: I/Bugle(7262): ApnsOta: OTA version -1
11-16 09:56:15.378: I/TestSupport(13347): GServices override confirmed: finsky.daily_hygiene_schedule_unauthenticated=false [CONTEXT service_id=133 ]
11-16 09:56:15.381: D/ConnectivityService(1159): ConnectivityService NetworkRequestInfo binderDied(NetworkRequest [ TRACK_DEFAULT id=34, [ Capabilities: INTERNET&NOT_RESTRICTED&TRUSTED Unwanted:  Uid: 10025] ], android.os.BinderProxy@760a5b4)
11-16 09:56:15.381: D/ConnectivityService(1159): releasing NetworkRequest [ TRACK_DEFAULT id=34, [ Capabilities: INTERNET&NOT_RESTRICTED&TRUSTED Unwanted:  Uid: 10025] ] (release request)
11-16 09:56:15.383: I/Zygote(735): Process 11372 exited due to signal (9)
11-16 09:56:15.393: I/TestSupport(13347): SetOverrideOperation: finsky.background_split_installs_blacklist = com.android.chrome,com.google.android.gms,com.google.android.webview [CONTEXT service_id=133 ]
11-16 09:56:15.393: E/ExecutionCriteria(10549): Package unavailable for task: com.google.android.apps.gcs/com.google.android.flib.phenotype.services.PhenotypeExperimentCommitService{u=0 tag="PhenotypeExpCommitSvc" trigger=window{start=0s,end=30s,earliest=-942s,latest=-912s} requirements=[NET_ANY] attributes=[PERSISTED] scheduled=-942s last_run=N/A exec_window_multiplier=1.0000 jid=N/A status=PENDING retries=0 client_lib=MANCHEGO_GCM-11732000} [CONTEXT service_id=218 ]
11-16 09:56:15.398: W/libprocessgroup(1159): kill(-11372, 9) failed: No such process
11-16 09:56:15.398: I/libprocessgroup(1159): Successfully killed process cgroup uid 10025 pid 11372 in 43ms
11-16 09:56:15.400: I/BugleRcsEngine(10313): [603] ProvisioningEngineStateMachine$StateBase.c: Exit DisabledState
11-16 09:56:15.401: D/GservicesChangeReceiver(5973): Gservices isConnectivityMonitorEnabled is True.
11-16 09:56:15.402: D/ConnectivityMonitorManager(5973): Service com.google.android.connectivitymonitor.ConnectivityMonitorService is running...
11-16 09:56:15.402: E/BugleRcsEngine(10313): [2] pkf.a: TelephonyChangeReceiver is not registered.
11-16 09:56:15.404: D/ConnectivityService(1159): releasing NetworkRequest [ TRACK_DEFAULT id=35, [ Capabilities: INTERNET&NOT_RESTRICTED&TRUSTED Unwanted:  Uid: 10111] ] (release request)
11-16 09:56:15.405: W/BugleRcsEngine(10313): [603] pcp.c: No config URL. RCS will be disabled!
11-16 09:56:15.405: I/BugleRcsEngine(10313): [2] oli.a: Destroying JibeServiceComponent
11-16 09:56:15.406: I/BugleRcsEngine(10313): [2] pkj.h: Shutting down SimStateTracker
11-16 09:56:15.421: E/e.android.euic(16637): Not starting debugger since process cannot load the jdwp agent.
11-16 09:56:15.422: I/ActivityManager(1159): Start proc 16637:com.google.android.euicc/u0a67 for broadcast com.google.android.euicc/com.android.euicc.receiver.GservicesChangedReceiver
11-16 09:56:15.435: I/GservicesProvider(4404): override update completed
11-16 09:56:15.451: I/Bugle(7262): ApnsOta: OTA version -1
11-16 09:56:15.455: I/TestSupport(13347): GServices override confirmed: finsky.background_split_installs_blacklist=com.android.chrome,com.google.android.gms,com.google.android.webview [CONTEXT service_id=133 ]
11-16 09:56:15.455: I/TSDRIVER(16568): Handled command: PACKAGE
11-16 09:56:15.456: I/ActivityManager(1159): Killing 12435:com.google.android.gms.ui/u0a7 (adj 906): empty #17
11-16 09:56:15.458: W/libprocessgroup(1159): kill(-12435, 9) failed: No such process
11-16 09:56:15.464: E/ExecutionCriteria(10549): Package unavailable for task: com.google.android.apps.gcs/com.google.android.flib.phenotype.services.PhenotypeExperimentCommitService{u=0 tag="PhenotypeExpCommitSvc" trigger=window{start=0s,end=30s,earliest=-942s,latest=-912s} requirements=[NET_ANY] attributes=[PERSISTED] scheduled=-942s last_run=N/A exec_window_multiplier=1.0000 jid=N/A status=PENDING retries=0 client_lib=MANCHEGO_GCM-11732000} [CONTEXT service_id=218 ]
11-16 09:56:15.479: I/Zygote(735): Process 12435 exited due to signal (9)
11-16 09:56:15.492: I/TSDRIVER(16568): CommandService onHandleIntent()
11-16 09:56:15.492: I/TSDRIVER(16568): Got command: PACKAGE
11-16 09:56:15.493: I/TSDRIVER(16568): flag package: Eitjb20uZ29vZ2xlLmFuZHJvaWQuZ21zLmF1dGguYXBpLmNyZWRlbnRpYWxzGh4KGlNhdmVTdHJhdGVneV9fZW5hYmxlU2F2aW5nGAAoPg
11-16 09:56:15.493: I/TSDRIVER(16568): flag package: com.google.android.gms.auth.api.credentials
11-16 09:56:15.495: W/libprocessgroup(1159): kill(-12435, 9) failed: No such process
11-16 09:56:15.495: I/libprocessgroup(1159): Successfully killed process cgroup uid 10007 pid 12435 in 37ms
11-16 09:56:15.501: I/TestSupport(13347): SetOverrideOperation: gms:phenotype:phenotype_flag:debug_bypass_phenotype = false [CONTEXT service_id=133 ]
11-16 09:56:15.528: I/GservicesProvider(4404): override update completed
11-16 09:56:15.541: I/Bugle(7262): ApnsOta: OTA version -1
11-16 09:56:15.542: I/TestSupport(13347): GServices override confirmed: gms:phenotype:phenotype_flag:debug_bypass_phenotype=false [CONTEXT service_id=133 ]
11-16 09:56:15.553: I/TestSupport(13347): SetFlagOverridesOperation: com.google.android.gms.auth.api.credentials, '', [Flag(SaveStrategy__enableSaving, false, 2, 0)] [CONTEXT service_id=133 ]
11-16 09:56:15.556: E/ExecutionCriteria(10549): Package unavailable for task: com.google.android.apps.gcs/com.google.android.flib.phenotype.services.PhenotypeExperimentCommitService{u=0 tag="PhenotypeExpCommitSvc" trigger=window{start=0s,end=30s,earliest=-943s,latest=-913s} requirements=[NET_ANY] attributes=[PERSISTED] scheduled=-943s last_run=N/A exec_window_multiplier=1.0000 jid=N/A status=PENDING retries=0 client_lib=MANCHEGO_GCM-11732000} [CONTEXT service_id=218 ]
11-16 09:56:15.591: I/EuiccGoogle(16637): [2] GservicesChangedReceiver.onReceive: Setting EUICC_SUPPORTED_COUNTRIES to de,gb,in,us
11-16 09:56:15.606: I/Backup(13347): [GmsBackupStatusChangeReceiver] Going to enable gms backup transport.
11-16 09:56:15.618: I/NetRec(10549): [914] aiad.a: onConfigChanged()
11-16 09:56:15.623: I/GmsModuleFndr(13347): Beginning GMS chimera module scan
11-16 09:56:15.624: I/Backup(13347): [BackupTransportMigratorChimeraService] Starting migration...
11-16 09:56:15.624: I/BgTaskExecutorImpl(9899): Starting NONEXCLUSIVE background task UPDATE_GSERVICES_CONFIG.
11-16 09:56:15.628: I/Herrevad(10549): [917] zcq.a: updateListenState
11-16 09:56:15.635: I/GservicesUpdateTask(9899): Updating Gservices keys
11-16 09:56:15.635: I/NetRec(10549): [914] aiad.a: Cancelling all NetRec GCM tasks
11-16 09:56:15.637: I/Auth(10549): [AuthManaged, PasswordComplexityHelperImpl] Updating password complexity components state.
11-16 09:56:15.637: I/Auth(10549): [AuthManaged, PasswordComplexityHelperImpl] Enabling com.google.android.gms.auth.managed.ui.SetNewPasswordActivity
11-16 09:56:15.638: I/ActivityManager(1159): Start proc 16670:com.google.process.gapps/u0a7 for broadcast com.google.android.gsf/.loginservice.ServicesWatcher
11-16 09:56:15.639: I/NetRec(10549): [915] ClearDatabaseService.onHandleIntent: Clearing score cache
11-16 09:56:15.646: I/ModuleSetMgr(13347): Computing pending module set with APKs: [[AdsFdrDynamite.integ:213806100100000], [Enpromo.integ:214106000100000], [Noop.integ:204002802100000], [Pay.optional:213614100000], [VisionOcr.optional:213614100400], [AdsFdrDynamite.integ:212104400100000], [Cronetdynamite:213614100400], [Dynamiteloader:213614100000], [Dynamitemodulesa:213614100000], [Dynamitemodulesc:213614100000], [Googlecertificates:213614100000], [Mapsdynamite:213614100000], [Measurementdynamite:213614100000]]
11-16 09:56:15.649: E/e.process.gapp(16670): Not starting debugger since process cannot load the jdwp agent.
11-16 09:56:15.661: I/ModuleSetMgr(13347): Pending container module APKs: [[Pay.optional:213614100000], [VisionOcr.optional:213614100400]]
11-16 09:56:15.661: I/ModuleSetMgr(13347): Pending non-container module APKs: [[Enpromo.integ:214106000100000], [AdsFdrDynamite.integ:213806100100000], [Noop.integ:204002802100000]]
11-16 09:56:15.670: I/e.process.gapp(16670): The ClassLoaderContext is a special shared library.
11-16 09:56:15.672: W/PackageParser(13347): Unknown element under <manifest>: queries at /data/user_de/0/com.google.android.gms/app_chimera/m/00000007/AdsDynamite.apk Binary XML file line #5
11-16 09:56:15.695: W/PackageParser(13347): Unknown element under <manifest>: queries at /data/user_de/0/com.google.android.gms/app_chimera/m/00000012/dl-AdsFdrDynamite.integ_213806100100000.apk Binary XML file line #11
11-16 09:56:15.698: I/GCoreUlr(10549): DispatchingService ignoring Intent { act=android.net.wifi.WIFI_STATE_CHANGED flg=0x4000010 (has extras) } because ULR inactive [CONTEXT service_id=22 ]
11-16 09:56:15.699: I/GoogleHttpClient(16670): GMS http client unavailable, use old client
11-16 09:56:15.708: I/GCoreUlr(10549): WorldUpdater received intent Intent { act=com.google.android.location.reporting.ACTION_UPDATE_WORLD cmp=com.google.android.gms/com.google.android.location.reporting.service.DispatchingService (has extras) } with receiverAction com.google.gservices.intent.action.GSERVICES_CHANGED [CONTEXT service_id=22 ]
