11-16 09:56:16.455: I/libjingle(16689): [000:246] [16745] (audio_device_impl.cc:516): SetStereoRecording(0)
11-16 09:56:16.455: I/libjingle(16689): [000:247] [16745] (audio_device_template.h:171): RecordingIsInitialized
11-16 09:56:16.455: I/libjingle(16689): [000:247] [16745] (audio_device_template.h:348): SetStereoRecording
11-16 09:56:16.455: I/libjingle(16689): [000:247] [16745] (audio_device_buffer.cc:209): SetRecordingChannels(1)
11-16 09:56:16.455: I/libjingle(16689): [000:247] [16745] (audio_processing_impl.cc:441): Capture post processor activated: 0
11-16 09:56:16.455: I/libjingle(16689): Render pre processor activated: 0
11-16 09:56:16.455: I/libjingle(16689): [000:247] [16745] (audio_processing_impl.cc:704): Highpass filter activated: 0
11-16 09:56:16.455: I/libjingle(16689): [000:247] [16745] (audio_processing_impl.cc:717): Gain Controller 2 activated: 0
11-16 09:56:16.455: I/libjingle(16689): [000:247] [16745] (audio_device_impl.cc:818): RegisterAudioCallback
11-16 09:56:16.455: I/libjingle(16689): [000:247] [16745] (audio_device_buffer.cc:83): RegisterAudioCallback
11-16 09:56:16.456: I/libjingle(16689): [000:247] [16745] (webrtcvoiceengine.cc:323): WebRtcVoiceEngine::ApplyOptions: AudioOptions {aec: true, agc: true, ns: true, hf: true, swap: false, audio_jitter_buffer_max_packets: 50, audio_jitter_buffer_fast_accelerate: false, typing: true, experimental_agc: false, extended_filter_aec: false, delay_agnostic_aec: false, experimental_ns: false, intelligibility_enhancer: false, residual_echo_detector: true, }
11-16 09:56:16.456: I/libjingle(16689): [000:248] [16745] (webrtcvoiceengine.cc:401): Disable AGC according to field trial.
11-16 09:56:16.456: I/libjingle(16689): [000:248] [16745] (audio_device_impl.cc:834): BuiltInAECIsAvailable
11-16 09:56:16.456: I/libjingle(16689): [000:248] [16745] (audio_device_template.h:389): BuiltInAECIsAvailable
11-16 09:56:16.456: I/libjingle(16689): [000:248] [16745] (audio_device_impl.cc:837): output: 1
11-16 09:56:16.456: I/libjingle(16689): [000:248] [16745] (audio_device_impl.cc:842): EnableBuiltInAEC(1)
11-16 09:56:16.456: I/libjingle(16689): [000:248] [16745] (audio_device_template.h:395): EnableBuiltInAEC(1)
11-16 09:56:16.456: I/libjingle(16689): [000:248] [16745] (audio_device_template.h:389): BuiltInAECIsAvailable
11-16 09:56:16.456: I/libjingle(16689): [000:248] [16745] (audio_record_jni.cc:215): EnableBuiltInAEC(1)
11-16 09:56:16.456: I/BugleRcsEngine(10313): [619] pot.a: Sim state is not ready. Returning last known operation mode.
11-16 09:56:16.461: I/WebRtcAudioRecord(16689): [000:253] [16745] WebRtcAudioRecord: enableBuiltInAEC(true)
11-16 09:56:16.461: I/WebRtcAudioEffects(16689): [000:253] [16745] WebRtcAudioEffects: setAEC(true)
11-16 09:56:16.461: I/WebRtcAudioEffects(16689): [000:253] [16745] WebRtcAudioEffects: canUseAcousticEchoCanceler: true
11-16 09:56:16.461: I/BugleRcsEngine(10313): [619] pot.a: Sim state is not ready. Returning last known operation mode.
11-16 09:56:16.461: I/libjingle(16689): [000:253] [16745] (audio_device_impl.cc:845): output: 0
11-16 09:56:16.461: I/libjingle(16689): [000:253] [16745] (webrtcvoiceengine.cc:434): Disabling EC since built-in EC will be used instead
11-16 09:56:16.461: I/libjingle(16689): [000:253] [16745] (apm_helpers.cc:118): Echo control set to 0 with mode 1
11-16 09:56:16.461: I/libjingle(16689): [000:253] [16745] (apm_helpers.cc:139): CNG set to 0
11-16 09:56:16.461: I/libjingle(16689): [000:253] [16745] (audio_device_impl.cc:850): BuiltInAGCIsAvailable
11-16 09:56:16.461: I/libjingle(16689): [000:253] [16745] (audio_device_template.h:405): BuiltInAGCIsAvailable
11-16 09:56:16.461: I/libjingle(16689): [000:253] [16745] (audio_device_impl.cc:853): output: 0
11-16 09:56:16.461: I/libjingle(16689): [000:253] [16745] (apm_helpers.cc:82): AGC set to 0 with mode 2
11-16 09:56:16.461: I/libjingle(16689): [000:253] [16745] (audio_device_impl.cc:866): BuiltInNSIsAvailable
11-16 09:56:16.461: I/libjingle(16689): [000:253] [16745] (audio_device_template.h:421): BuiltInNSIsAvailable
11-16 09:56:16.461: I/libjingle(16689): [000:253] [16745] (audio_device_impl.cc:869): output: 1
11-16 09:56:16.461: I/libjingle(16689): [000:253] [16745] (audio_device_impl.cc:874): EnableBuiltInNS(1)
11-16 09:56:16.461: I/libjingle(16689): [000:253] [16745] (audio_device_template.h:427): EnableBuiltInNS(1)
11-16 09:56:16.462: I/libjingle(16689): [000:254] [16745] (audio_device_template.h:421): BuiltInNSIsAvailable
11-16 09:56:16.462: I/libjingle(16689): [000:254] [16745] (audio_record_jni.cc:227): EnableBuiltInNS(1)
11-16 09:56:16.462: I/WebRtcAudioRecord(16689): [000:254] [16745] WebRtcAudioRecord: enableBuiltInNS(true)
11-16 09:56:16.462: I/WebRtcAudioEffects(16689): [000:254] [16745] WebRtcAudioEffects: setNS(true)
11-16 09:56:16.462: I/WebRtcAudioEffects(16689): [000:254] [16745] WebRtcAudioEffects: canUseNoiseSuppressor: true
11-16 09:56:16.462: I/libjingle(16689): [000:254] [16745] (audio_device_impl.cc:877): output: 0
11-16 09:56:16.462: I/libjingle(16689): [000:254] [16745] (webrtcvoiceengine.cc:498): Disabling NS since built-in NS will be used instead
11-16 09:56:16.462: I/libjingle(16689): [000:254] [16745] (apm_helpers.cc:153): NS set to 0
11-16 09:56:16.462: I/libjingle(16689): [000:254] [16745] (webrtcvoiceengine.cc:506): Stereo swapping enabled? 0
11-16 09:56:16.462: I/libjingle(16689): [000:254] [16745] (webrtcvoiceengine.cc:511): NetEq capacity is 50
11-16 09:56:16.462: I/libjingle(16689): [000:254] [16745] (webrtcvoiceengine.cc:517): NetEq fast mode? 0
11-16 09:56:16.462: I/libjingle(16689): [000:254] [16745] (webrtcvoiceengine.cc:524): Typing detection is enabled? 0
11-16 09:56:16.462: I/libjingle(16689): [000:254] [16745] (apm_helpers.cc:167): VAD set to 0 for typing detection.
11-16 09:56:16.462: I/libjingle(16689): [000:254] [16745] (webrtcvoiceengine.cc:535): Delay agnostic aec is enabled? 0
11-16 09:56:16.462: I/libjingle(16689): [000:254] [16745] (webrtcvoiceengine.cc:545): Extended filter aec is enabled? 0
11-16 09:56:16.462: I/libjingle(16689): [000:254] [16745] (webrtcvoiceengine.cc:555): Experimental ns is enabled? 0
11-16 09:56:16.462: I/libjingle(16689): [000:254] [16745] (webrtcvoiceengine.cc:561): Intelligibility Enhancer is enabled? 0
11-16 09:56:16.462: I/libjingle(16689): [000:254] [16745] (audio_processing_impl.cc:704): Highpass filter activated: 1
11-16 09:56:16.462: I/libjingle(16689): [000:254] [16745] (audio_processing_impl.cc:717): Gain Controller 2 activated: 0
11-16 09:56:16.462: I/libjingle(16689): [000:254] [16746] (messagequeue.cc:535): Message took 70ms to dispatch. Posted from: CreateModularPeerConnectionFactory@third_party/webrtc/files/stable/webrtc/pc/peerconnectionfactory.cc:80
11-16 09:56:16.463: I/libjingle(16689): [000:255] [16724] (ownedfactoryandthreads.cc:31): InvokeJavaCallbacksOnFactoryThreads.
11-16 09:56:16.463: I/libjingle(16689): [000:255] [16744] (peerconnectionfactory.cc:91): Network thread JavaCallback
11-16 09:56:16.463: I/PeerConnectionFactory(16689): [000:255] [16744] PeerConnectionFactory: onNetworkThreadReady
11-16 09:56:16.463: I/libjingle(16689): [000:255] [16745] (peerconnectionfactory.cc:97): Worker thread JavaCallback
11-16 09:56:16.463: I/PeerConnectionFactory(16689): [000:255] [16745] PeerConnectionFactory: onWorkerThreadReady
11-16 09:56:16.464: I/libjingle(16689): [000:256] [16746] (peerconnectionfactory.cc:103): Signaling thread JavaCallback
11-16 09:56:16.464: I/PeerConnectionFactory(16689): [000:256] [16746] PeerConnectionFactory: onSignalingThreadReady
11-16 09:56:16.464: I/TestSupport(13347): AwaitCommitOperation: uncommitted: FlagOverride(com.google.android.gms.auth.api.credentials, , Flag(SaveStrategy__enableSaving, false, 2, 0), false) [CONTEXT service_id=133 ]
11-16 09:56:16.464: I/WebRtcAudioTrack(16689): [000:256] [16724] WebRtcAudioTrack: Set extended error callback
11-16 09:56:16.464: I/TestSupport(13347): AwaitCommitOperation:  sleeping for 160 msec. [CONTEXT service_id=133 ]
11-16 09:56:16.465: I/WebRtcAudioRecord(16689): [000:257] [16724] WebRtcAudioRecord: Set error callback
11-16 09:56:16.467: I/s.messaging:rc(10313): WaitForGcToComplete blocked ProfileSaver on HeapTrim for 36.961ms
11-16 09:56:16.468: W/libprocessgroup(1159): kill(-13978, 9) failed: No such process
11-16 09:56:16.479: I/Zygote(735): Process 13978 exited due to signal (9)
11-16 09:56:16.493: W/libprocessgroup(1159): kill(-13978, 9) failed: No such process
11-16 09:56:16.493: I/libprocessgroup(1159): Successfully killed process cgroup uid 10130 pid 13978 in 149ms
11-16 09:56:16.503: E/elligence.sens(16757): The String#value field is not present on Android versions >= 6.0
11-16 09:56:16.550: I/Superpacks(16757): Releasing all superpacks except ambientmusic-index-17_09_02
11-16 09:56:16.559: I/SoundTriggerModelLoader(16757): Unloading model 9f6ad62a-1f0b-11e7-87c5-40a8f03d3f15
11-16 09:56:16.559: I/SoundTriggerManagerComp(16757): Unloading model 9f6ad62a-1f0b-11e7-87c5-40a8f03d3f15
11-16 09:56:16.559: I/SoundTriggerService(1159): deleteSoundModel(): id = 9f6ad62a-1f0b-11e7-87c5-40a8f03d3f15
11-16 09:56:16.559: W/SoundTriggerHelper(1159): Unload error: Attempting unload invalid generic model with id:9f6ad62a-1f0b-11e7-87c5-40a8f03d3f15
11-16 09:56:16.574: E/GooglePlayServicesUtil(16596): The Google Play services resources were not found. Check your project configuration to ensure that the resources are included.
11-16 09:56:16.577: I/SettingsActivityAvailab(16616): Disabling com.google.android.apps.multidevice.client.ui.pixel.SettingsActivity.
11-16 09:56:16.578: I/Superpacks(16757): Starting garbage collection
11-16 09:56:16.579: I/ActivityManager(1159): Killing 13945:com.google.android.apps.photos/u0a104 (adj 906): empty #17
11-16 09:56:16.580: D/GservicesChangeReceiver(5973): Gservices Changed broadcast Received. context is android.app.ReceiverRestrictedContext@a6685ef
11-16 09:56:16.581: W/libprocessgroup(1159): kill(-13945, 9) failed: No such process
11-16 09:56:16.585: V/BackupManagerConstants(1159): getFullBackupRequiredNetworkType(...) returns 2
11-16 09:56:16.585: D/ConnMetrics:App(16596): IsOptedIn = false
11-16 09:56:16.585: V/BackupManagerConstants(1159): getFullBackupRequireCharging(...) returns true
11-16 09:56:16.589: D/GservicesChangeReceiver(5973): Gservices allowPowerAnomalyData is False.
11-16 09:56:16.591: D/ConnectivityMonitorManager(5973): Service com.google.android.connectivitymonitor.PowerAnomalyDetectorService is not running...
11-16 09:56:16.595: W/Superpacks(16757): isDirectory returned false while listing files for /data/user/0/com.google.intelligence.sense/files/superpacks
11-16 09:56:16.596: D/GservicesChangeReceiver(5973): Gservices allowLowPowerMonitoring is False.
11-16 09:56:16.597: D/ConnectivityMonitorManager(5973): Service com.google.android.connectivitymonitor.LowPowerMonitorService is not running...
11-16 09:56:16.610: I/Zygote(735): Process 13945 exited due to signal (9)
11-16 09:56:16.617: D/GservicesChangeReceiver(5973): Gservices isConnectivityMonitorEnabled is True.
11-16 09:56:16.618: D/ConnectivityMonitorManager(5973): Service com.google.android.connectivitymonitor.ConnectivityMonitorService is running...
11-16 09:56:16.622: W/libprocessgroup(1159): kill(-13945, 9) failed: No such process
11-16 09:56:16.622: I/libprocessgroup(1159): Successfully killed process cgroup uid 10104 pid 13945 in 41ms
11-16 09:56:16.623: I/EuiccGoogle(16637): [2] GservicesChangedReceiver.onReceive: Setting EUICC_SUPPORTED_COUNTRIES to de,gb,in,us
11-16 09:56:16.631: I/Backup(13347): [GmsBackupStatusChangeReceiver] Going to enable gms backup transport.
11-16 09:56:16.643: I/Herrevad(10549): [914] zcq.a: updateListenState
11-16 09:56:16.643: I/NetRec(10549): [917] aiad.a: onConfigChanged()
11-16 09:56:16.646: I/GmsModuleFndr(13347): Beginning GMS chimera module scan
11-16 09:56:16.652: I/BgTaskExecutorImpl(9899): Starting NONEXCLUSIVE background task UPDATE_GSERVICES_CONFIG.
11-16 09:56:16.652: I/Auth(10549): [AuthManaged, PasswordComplexityHelperImpl] Updating password complexity components state.
11-16 09:56:16.652: I/Auth(10549): [AuthManaged, PasswordComplexityHelperImpl] Enabling com.google.android.gms.auth.managed.ui.SetNewPasswordActivity
11-16 09:56:16.657: I/NetRec(10549): [917] aiad.a: Cancelling all NetRec GCM tasks
11-16 09:56:16.657: W/SearchServiceCore(9899): Abort, client detached.
11-16 09:56:16.659: I/GservicesUpdateTask(9899): Updating Gservices keys
11-16 09:56:16.661: I/NetRec(10549): [915] ClearDatabaseService.onHandleIntent: Clearing score cache
11-16 09:56:16.664: I/ModuleSetMgr(13347): Computing pending module set with APKs: [[AdsFdrDynamite.integ:213806100100000], [Enpromo.integ:214106000100000], [Noop.integ:204002802100000], [Pay.optional:213614100000], [VisionOcr.optional:213614100400], [AdsFdrDynamite.integ:212104400100000], [Cronetdynamite:213614100400], [Dynamiteloader:213614100000], [Dynamitemodulesa:213614100000], [Dynamitemodulesc:213614100000], [Googlecertificates:213614100000], [Mapsdynamite:213614100000], [Measurementdynamite:213614100000]]
11-16 09:56:16.671: I/TestSupport(13347): AwaitCommitOperation: uncommitted: FlagOverride(com.google.android.gms.auth.api.credentials, , Flag(SaveStrategy__enableSaving, false, 2, 0), false) [CONTEXT service_id=133 ]
11-16 09:56:16.672: I/ModuleSetMgr(13347): Pending container module APKs: [[Pay.optional:213614100000], [VisionOcr.optional:213614100400]]
11-16 09:56:16.672: I/ModuleSetMgr(13347): Pending non-container module APKs: [[Enpromo.integ:214106000100000], [AdsFdrDynamite.integ:213806100100000], [Noop.integ:204002802100000]]
11-16 09:56:16.676: I/TestSupport(13347): AwaitCommitOperation:  sleeping for 320 msec. [CONTEXT service_id=133 ]
11-16 09:56:16.684: W/PackageParser(13347): Unknown element under <manifest>: queries at /data/user_de/0/com.google.android.gms/app_chimera/m/00000007/AdsDynamite.apk Binary XML file line #5
11-16 09:56:16.688: I/GCoreUlr(10549): WorldUpdater received intent Intent { act=com.google.android.location.reporting.ACTION_UPDATE_WORLD cmp=com.google.android.gms/com.google.android.location.reporting.service.DispatchingService (has extras) } with receiverAction com.google.gservices.intent.action.GSERVICES_CHANGED [CONTEXT service_id=22 ]
11-16 09:56:16.692: I/GCoreUlr(10549): WorldUpdater:com.google.gservices.intent.action.GSERVICES_CHANGED: Ensuring that reporting is stopped because of reasons: (no Google accounts) [CONTEXT service_id=22 ]
11-16 09:56:16.694: I/GCoreUlr(10549): Unbound from all signal providers. [CONTEXT service_id=22 ]
11-16 09:56:16.700: I/GCoreUlr(10549): DispatchingService ignoring Intent { act=android.net.wifi.WIFI_STATE_CHANGED flg=0x4000010 (has extras) } because ULR inactive [CONTEXT service_id=22 ]
11-16 09:56:16.701: W/PackageParser(13347): Unknown element under <manifest>: queries at /data/user_de/0/com.google.android.gms/app_chimera/m/00000012/dl-AdsFdrDynamite.integ_213806100100000.apk Binary XML file line #11
11-16 09:56:16.705: I/GCoreUlr(10549): Unbound from all signal providers. [CONTEXT service_id=22 ]
11-16 09:56:16.705: I/GCoreUlr(10549): Stopping handler for UlrDispSvcFast [CONTEXT service_id=22 ]
11-16 09:56:16.710: I/RecoverableKeyStoreGms(13347): [RecoverableKeyStoreGmsInitOperation] Initializing auth_folsom
11-16 09:56:16.711: I/RecoverableKeyStoreGms(13347): [RecoverableKeyStoreGmsInitOperation] com.google.android.gms.auth.folsom.service.FolsomPublicKeyUpdateService is already enabled. Ignore.
11-16 09:56:16.712: I/RecoverableKeyStoreGms(13347): [RecoverableKeyStoreGmsInitOperation] com.google.android.gms.auth.folsom.service.GcmReceiverService is already enabled. Ignore.
11-16 09:56:16.713: I/ChromeSync(13347): [Sync,SyncIntentOperation] Handling the intent: Intent { act=com.google.gservices.intent.action.GSERVICES_CHANGED flg=0x1000010 pkg=com.google.android.gms cmp=com.google.android.gms/.chimera.GmsIntentOperationService$PersistentInternalReceiver }.
11-16 09:56:16.716: I/MobileDataHub(13347): Scheduling periodic tasks
11-16 09:56:16.717: I/MdiSyncModule(13347): flag handling is skipping irrelevant intent.
11-16 09:56:16.717: V/RecoverableKeyStoreMgr(1159): Not updating secret types - same as old value.
11-16 09:56:16.717: I/MS_Utils(13347): version of com.google.android.apps.maps = 1022101040
11-16 09:56:16.718: I/RecoverableKeyStoreGms(13347): [RecoverableKeyStoreGmsInitOperation] Setting vault handle
11-16 09:56:16.718: W/MobileDataHub(13347): [Service] appsupload-periodic periodic task disabled
11-16 09:56:16.719: V/RecoverableKeyStoreMgr(1159): Not updating server params - same as old value.
11-16 09:56:16.720: I/RecoverableKeyStoreGms(13347): [EnrollmentManager] Returning certificates list from cache
11-16 09:56:16.720: I/SystemUpdate(13347): [Installation,ReceiverIntentOperation] Received intent: Intent { act=com.google.gservices.intent.action.GSERVICES_CHANGED flg=0x1000010 pkg=com.google.android.gms cmp=com.google.android.gms/.chimera.GmsIntentOperationService$PersistentInternalReceiver }.
11-16 09:56:16.721: W/DynamiteModule(13347): Local module descriptor class for com.google.android.gms.vision.dynamite.ocr not found.
11-16 09:56:16.722: I/DynamiteModule(13347): Considering local module com.google.android.gms.vision.dynamite.ocr:0 and remote module com.google.android.gms.vision.dynamite.ocr:0
11-16 09:56:16.722: I/DynamiteModule(13347): Considering local module com.google.android.gms.vision.ocr:0 and remote module com.google.android.gms.vision.ocr:1
11-16 09:56:16.722: I/DynamiteModule(13347): Selected remote version of com.google.android.gms.vision.ocr, version >= 1
11-16 09:56:16.725: I/native(13347): I1116 09:56:16.725504   16548 start_ocr_856638336_langid.cc:35] StartOcr with label: latin_script_gmvapi_android
11-16 09:56:16.725: I/native(13347): I1116 09:56:16.725666   16548 start_ocr_856638336_langid.cc:44] StartOcr success
11-16 09:56:16.728: I/SoundTriggerModelLoader(16757): Unloading model 9f6ad62a-1f0b-11e7-87c5-40a8f03d3f15
11-16 09:56:16.728: I/SoundTriggerManagerComp(16757): Unloading model 9f6ad62a-1f0b-11e7-87c5-40a8f03d3f15
11-16 09:56:16.729: I/SoundTriggerService(1159): deleteSoundModel(): id = 9f6ad62a-1f0b-11e7-87c5-40a8f03d3f15
11-16 09:56:16.729: W/SoundTriggerHelper(1159): Unload error: Attempting unload invalid generic model with id:9f6ad62a-1f0b-11e7-87c5-40a8f03d3f15
11-16 09:56:16.729: I/OcrModelUpStIntentOp(13347): Downloading text recognizer
11-16 09:56:16.737: I/SettingsActivityAvailab(16616): Disabling com.google.android.apps.multidevice.client.ui.pixel.SettingsActivity.
11-16 09:56:16.738: E/GooglePlayServicesUtil(16596): The Google Play services resources were not found. Check your project configuration to ensure that the resources are included.
11-16 09:56:16.741: D/GservicesChangeReceiver(5973): Gservices Changed broadcast Received. context is android.app.ReceiverRestrictedContext@a6685ef
11-16 09:56:16.741: D/GservicesChangeReceiver(5973): Gservices allowPowerAnomalyData is False.
11-16 09:56:16.743: D/ConnectivityMonitorManager(5973): Service com.google.android.connectivitymonitor.PowerAnomalyDetectorService is not running...
11-16 09:56:16.746: D/GservicesChangeReceiver(5973): Gservices allowLowPowerMonitoring is False.
11-16 09:56:16.747: D/ConnMetrics:App(16596): IsOptedIn = false
11-16 09:56:16.747: D/ConnectivityMonitorManager(5973): Service com.google.android.connectivitymonitor.LowPowerMonitorService is not running...
11-16 09:56:16.748: I/RecoverableKeyStoreMgr(1159): The cert file serial number is the same, so skip updating.
11-16 09:56:16.749: I/RecoverableKeyStoreGms(13347): [EnrollmentManager] Recovery service is initialized.
11-16 09:56:16.750: D/GservicesChangeReceiver(5973): Gservices isConnectivityMonitorEnabled is True.
11-16 09:56:16.750: I/RecoverySnapshotLstnrs(1159): Registered listener for agent with uid 10007
11-16 09:56:16.751: W/NetworkScheduler(10549): The extras of the task is not valid to be persisted so that the task is not persisted [CONTEXT service_id=218 ]
11-16 09:56:16.751: W/NetworkScheduler(10549): java.lang.IllegalArgumentException: Only the following extra parameter types are supported: Integer, Long, Double, String, Boolean, and nested Bundles with the same restrictions.
11-16 09:56:16.751: W/NetworkScheduler(10549): 	at abno.f(:com.google.android.gms@213614028@21.36.14 (100400-395708125):6)
11-16 09:56:16.751: W/NetworkScheduler(10549): 	at amdu.g(:com.google.android.gms@213614028@21.36.14 (100400-395708125):37)
11-16 09:56:16.751: W/NetworkScheduler(10549): 	at amdd.n(:com.google.android.gms@213614028@21.36.14 (100400-395708125):3)
11-16 09:56:16.751: W/NetworkScheduler(10549): 	at amdd.u(:com.google.android.gms@213614028@21.36.14 (100400-395708125):20)
11-16 09:56:16.751: W/NetworkScheduler(10549): 	at amdd.g(:com.google.android.gms@213614028@21.36.14 (100400-395708125):3)
11-16 09:56:16.751: W/NetworkScheduler(10549): 	at alzy.run(:com.google.android.gms@213614028@21.36.14 (100400-395708125):9)
11-16 09:56:16.751: W/NetworkScheduler(10549): 	at rgh.c(:com.google.android.gms@213614028@21.36.14 (100400-395708125):6)
11-16 09:56:16.751: W/NetworkScheduler(10549): 	at rgh.run(:com.google.android.gms@213614028@21.36.14 (100400-395708125):7)
11-16 09:56:16.751: W/NetworkScheduler(10549): 	at java.util.concurrent.ThreadPoolExecutor.runWorker(ThreadPoolExecutor.java:1167)
11-16 09:56:16.751: W/NetworkScheduler(10549): 	at java.util.concurrent.ThreadPoolExecutor$Worker.run(ThreadPoolExecutor.java:641)
11-16 09:56:16.751: W/NetworkScheduler(10549): 	at rkn.run(:com.google.android.gms@213614028@21.36.14 (100400-395708125):0)
11-16 09:56:16.751: W/NetworkScheduler(10549): 	at java.lang.Thread.run(Thread.java:764)
11-16 09:56:16.751: E/RecoverySnapshotStorage(1159): Error reading snapshot for 10007 from disk
11-16 09:56:16.751: E/RecoverySnapshotStorage(1159): java.io.FileNotFoundException: /data/system/recoverablekeystore/snapshots/10007.xml (No such file or directory)
11-16 09:56:16.751: E/RecoverySnapshotStorage(1159): 	at java.io.FileInputStream.open0(Native Method)
11-16 09:56:16.751: E/RecoverySnapshotStorage(1159): 	at java.io.FileInputStream.open(FileInputStream.java:231)
11-16 09:56:16.751: E/RecoverySnapshotStorage(1159): 	at java.io.FileInputStream.<init>(FileInputStream.java:165)
11-16 09:56:16.751: E/RecoverySnapshotStorage(1159): 	at com.android.server.locksettings.recoverablekeystore.storage.RecoverySnapshotStorage.readFromDisk(RecoverySnapshotStorage.java:152)
11-16 09:56:16.751: E/RecoverySnapshotStorage(1159): 	at com.android.server.locksettings.recoverablekeystore.storage.RecoverySnapshotStorage.get(RecoverySnapshotStorage.java:104)
11-16 09:56:16.751: E/RecoverySnapshotStorage(1159): 	at com.android.server.locksettings.recoverablekeystore.RecoverableKeyStoreManager.getKeyChainSnapshot(RecoverableKeyStoreManager.java:331)
11-16 09:56:16.751: E/RecoverySnapshotStorage(1159): 	at com.android.server.locksettings.LockSettingsService.getKeyChainSnapshot(LockSettingsService.java:2032)
11-16 09:56:16.751: E/RecoverySnapshotStorage(1159): 	at com.android.internal.widget.ILockSettings$Stub.onTransact(ILockSettings.java:356)
11-16 09:56:16.751: E/RecoverySnapshotStorage(1159): 	at android.os.Binder.execTransact(Binder.java:731)
11-16 09:56:16.752: D/ConnectivityMonitorManager(5973): Service com.google.android.connectivitymonitor.ConnectivityMonitorService is running...
11-16 09:56:16.753: I/RecoverableKeyStoreGms(13347): [WrappingKeyManager] Can't generate wrapping key - missing lock screeen
11-16 09:56:16.756: I/EuiccGoogle(16637): [2] GservicesChangedReceiver.onReceive: Setting EUICC_SUPPORTED_COUNTRIES to de,gb,in,us
11-16 09:56:16.761: I/GmsModuleFndr(13347): Beginning GMS chimera module scan
11-16 09:56:16.761: I/Backup(13347): [GmsBackupStatusChangeReceiver] Going to enable gms backup transport.
11-16 09:56:16.772: I/NetRec(10549): [915] aiad.a: onConfigChanged()
11-16 09:56:16.772: I/Herrevad(10549): [912] zcq.a: updateListenState
11-16 09:56:16.777: I/Auth(10549): [AuthManaged, PasswordComplexityHelperImpl] Updating password complexity components state.
11-16 09:56:16.777: I/Auth(10549): [AuthManaged, PasswordComplexityHelperImpl] Enabling com.google.android.gms.auth.managed.ui.SetNewPasswordActivity
11-16 09:56:16.777: I/BgTaskExecutorImpl(9899): Starting NONEXCLUSIVE background task UPDATE_GSERVICES_CONFIG.
11-16 09:56:16.779: I/ModuleSetMgr(13347): Computing pending module set with APKs: [[AdsFdrDynamite.integ:213806100100000], [Enpromo.integ:214106000100000], [Noop.integ:204002802100000], [Pay.optional:213614100000], [VisionOcr.optional:213614100400], [AdsFdrDynamite.integ:212104400100000], [Cronetdynamite:213614100400], [Dynamiteloader:213614100000], [Dynamitemodulesa:213614100000], [Dynamitemodulesc:213614100000], [Googlecertificates:213614100000], [Mapsdynamite:213614100000], [Measurementdynamite:213614100000]]
11-16 09:56:16.781: I/NetRec(10549): [915] aiad.a: Cancelling all NetRec GCM tasks
11-16 09:56:16.783: W/SearchServiceCore(9899): Abort, client detached.
11-16 09:56:16.784: I/NetRec(10549): [913] ClearDatabaseService.onHandleIntent: Clearing score cache
11-16 09:56:16.784: I/GservicesUpdateTask(9899): Updating Gservices keys
11-16 09:56:16.786: I/ModuleSetMgr(13347): Pending container module APKs: [[Pay.optional:213614100000], [VisionOcr.optional:213614100400]]
11-16 09:56:16.786: I/ModuleSetMgr(13347): Pending non-container module APKs: [[Enpromo.integ:214106000100000], [AdsFdrDynamite.integ:213806100100000], [Noop.integ:204002802100000]]
11-16 09:56:16.795: I/GCoreUlr(10549): WorldUpdater received intent Intent { act=com.google.android.location.reporting.ACTION_UPDATE_WORLD cmp=com.google.android.gms/com.google.android.location.reporting.service.DispatchingService (has extras) } with receiverAction com.google.gservices.intent.action.GSERVICES_CHANGED [CONTEXT service_id=22 ]
11-16 09:56:16.796: W/PackageParser(13347): Unknown element under <manifest>: queries at /data/user_de/0/com.google.android.gms/app_chimera/m/00000007/AdsDynamite.apk Binary XML file line #5
11-16 09:56:16.797: I/GCoreUlr(10549): WorldUpdater:com.google.gservices.intent.action.GSERVICES_CHANGED: Ensuring that reporting is stopped because of reasons: (no Google accounts) [CONTEXT service_id=22 ]
11-16 09:56:16.798: I/GCoreUlr(10549): Unbound from all signal providers. [CONTEXT service_id=22 ]
11-16 09:56:16.802: I/GCoreUlr(10549): DispatchingService ignoring Intent { act=android.net.wifi.WIFI_STATE_CHANGED flg=0x4000010 (has extras) } because ULR inactive [CONTEXT service_id=22 ]
11-16 09:56:16.805: I/GCoreUlr(10549): Unbound from all signal providers. [CONTEXT service_id=22 ]
11-16 09:56:16.805: I/GCoreUlr(10549): Stopping handler for UlrDispSvcFast [CONTEXT service_id=22 ]
11-16 09:56:16.810: W/PackageParser(13347): Unknown element under <manifest>: queries at /data/user_de/0/com.google.android.gms/app_chimera/m/00000012/dl-AdsFdrDynamite.integ_213806100100000.apk Binary XML file line #11
11-16 09:56:16.816: I/GmsModuleFndr(13347): Beginning GMS chimera module scan
11-16 09:56:16.822: I/ModuleSetMgr(13347): Computing pending module set with APKs: [[AdsFdrDynamite.integ:213806100100000], [Enpromo.integ:214106000100000], [Noop.integ:204002802100000], [Pay.optional:213614100000], [VisionOcr.optional:213614100400], [AdsFdrDynamite.integ:212104400100000], [Cronetdynamite:213614100400], [Dynamiteloader:213614100000], [Dynamitemodulesa:213614100000], [Dynamitemodulesc:213614100000], [Googlecertificates:213614100000], [Mapsdynamite:213614100000], [Measurementdynamite:213614100000]]
11-16 09:56:16.833: I/ModuleSetMgr(13347): Pending container module APKs: [[Pay.optional:213614100000], [VisionOcr.optional:213614100400]]
11-16 09:56:16.833: I/ModuleSetMgr(13347): Pending non-container module APKs: [[Enpromo.integ:214106000100000], [AdsFdrDynamite.integ:213806100100000], [Noop.integ:204002802100000]]
11-16 09:56:16.846: W/PackageParser(13347): Unknown element under <manifest>: queries at /data/user_de/0/com.google.android.gms/app_chimera/m/00000007/AdsDynamite.apk Binary XML file line #5
11-16 09:56:16.860: W/PackageParser(13347): Unknown element under <manifest>: queries at /data/user_de/0/com.google.android.gms/app_chimera/m/00000012/dl-AdsFdrDynamite.integ_213806100100000.apk Binary XML file line #11
11-16 09:56:16.868: I/RecoverableKeyStoreGms(13347): [RecoverableKeyStoreGmsInitOperation] Initializing auth_folsom
11-16 09:56:16.869: I/RecoverableKeyStoreGms(13347): [RecoverableKeyStoreGmsInitOperation] com.google.android.gms.auth.folsom.service.FolsomPublicKeyUpdateService is already enabled. Ignore.
11-16 09:56:16.869: I/RecoverableKeyStoreGms(13347): [RecoverableKeyStoreGmsInitOperation] com.google.android.gms.auth.folsom.service.GcmReceiverService is already enabled. Ignore.
11-16 09:56:16.869: I/ChromeSync(13347): [Sync,SyncIntentOperation] Handling the intent: Intent { act=com.google.gservices.intent.action.GSERVICES_CHANGED flg=0x1000010 pkg=com.google.android.gms cmp=com.google.android.gms/.chimera.GmsIntentOperationService$PersistentInternalReceiver }.
11-16 09:56:16.871: I/MobileDataHub(13347): Scheduling periodic tasks
11-16 09:56:16.872: W/MobileDataHub(13347): [Service] appsupload-periodic periodic task disabled
11-16 09:56:16.873: V/RecoverableKeyStoreMgr(1159): Not updating secret types - same as old value.
11-16 09:56:16.873: I/MdiSyncModule(13347): flag handling is skipping irrelevant intent.
11-16 09:56:16.874: I/RecoverableKeyStoreGms(13347): [RecoverableKeyStoreGmsInitOperation] Setting vault handle
11-16 09:56:16.874: I/MS_Utils(13347): version of com.google.android.apps.maps = 1022101040
11-16 09:56:16.875: V/RecoverableKeyStoreMgr(1159): Not updating server params - same as old value.
11-16 09:56:16.876: W/DynamiteModule(13347): Local module descriptor class for com.google.android.gms.vision.dynamite.ocr not found.
11-16 09:56:16.876: I/RecoverableKeyStoreGms(13347): [EnrollmentManager] Returning certificates list from cache
11-16 09:56:16.877: I/DynamiteModule(13347): Considering local module com.google.android.gms.vision.dynamite.ocr:0 and remote module com.google.android.gms.vision.dynamite.ocr:0
11-16 09:56:16.877: I/DynamiteModule(13347): Considering local module com.google.android.gms.vision.ocr:0 and remote module com.google.android.gms.vision.ocr:1
11-16 09:56:16.877: I/DynamiteModule(13347): Selected remote version of com.google.android.gms.vision.ocr, version >= 1
11-16 09:56:16.877: I/SystemUpdate(13347): [Installation,ReceiverIntentOperation] Received intent: Intent { act=com.google.gservices.intent.action.GSERVICES_CHANGED flg=0x1000010 pkg=com.google.android.gms cmp=com.google.android.gms/.chimera.GmsIntentOperationService$PersistentInternalReceiver }.
11-16 09:56:16.878: I/native(13347): I1116 09:56:16.878906   16509 start_ocr_856638336_langid.cc:35] StartOcr with label: latin_script_gmvapi_android
11-16 09:56:16.878: I/native(13347): I1116 09:56:16.878992   16509 start_ocr_856638336_langid.cc:44] StartOcr success
11-16 09:56:16.882: I/OcrModelUpStIntentOp(13347): Downloading text recognizer
11-16 09:56:16.892: W/NetworkScheduler(10549): The extras of the task is not valid to be persisted so that the task is not persisted [CONTEXT service_id=218 ]
11-16 09:56:16.892: W/NetworkScheduler(10549): java.lang.IllegalArgumentException: Only the following extra parameter types are supported: Integer, Long, Double, String, Boolean, and nested Bundles with the same restrictions.
11-16 09:56:16.892: W/NetworkScheduler(10549): 	at abno.f(:com.google.android.gms@213614028@21.36.14 (100400-395708125):6)
11-16 09:56:16.892: W/NetworkScheduler(10549): 	at amdu.g(:com.google.android.gms@213614028@21.36.14 (100400-395708125):37)
11-16 09:56:16.892: W/NetworkScheduler(10549): 	at amdd.n(:com.google.android.gms@213614028@21.36.14 (100400-395708125):3)
11-16 09:56:16.892: W/NetworkScheduler(10549): 	at amdd.u(:com.google.android.gms@213614028@21.36.14 (100400-395708125):20)
11-16 09:56:16.892: W/NetworkScheduler(10549): 	at amdd.g(:com.google.android.gms@213614028@21.36.14 (100400-395708125):3)
11-16 09:56:16.892: W/NetworkScheduler(10549): 	at alzy.run(:com.google.android.gms@213614028@21.36.14 (100400-395708125):9)
11-16 09:56:16.892: W/NetworkScheduler(10549): 	at rgh.c(:com.google.android.gms@213614028@21.36.14 (100400-395708125):6)
11-16 09:56:16.892: W/NetworkScheduler(10549): 	at rgh.run(:com.google.android.gms@213614028@21.36.14 (100400-395708125):8)
11-16 09:56:16.892: W/NetworkScheduler(10549): 	at java.util.concurrent.ThreadPoolExecutor.runWorker(ThreadPoolExecutor.java:1167)
11-16 09:56:16.892: W/NetworkScheduler(10549): 	at java.util.concurrent.ThreadPoolExecutor$Worker.run(ThreadPoolExecutor.java:641)
11-16 09:56:16.892: W/NetworkScheduler(10549): 	at rkn.run(:com.google.android.gms@213614028@21.36.14 (100400-395708125):0)
11-16 09:56:16.892: W/NetworkScheduler(10549): 	at java.lang.Thread.run(Thread.java:764)
11-16 09:56:16.896: I/SoundTriggerModelLoader(16757): Unloading model 9f6ad62a-1f0b-11e7-87c5-40a8f03d3f15
11-16 09:56:16.896: I/SoundTriggerManagerComp(16757): Unloading model 9f6ad62a-1f0b-11e7-87c5-40a8f03d3f15
11-16 09:56:16.897: I/SoundTriggerService(1159): deleteSoundModel(): id = 9f6ad62a-1f0b-11e7-87c5-40a8f03d3f15
11-16 09:56:16.897: W/SoundTriggerHelper(1159): Unload error: Attempting unload invalid generic model with id:9f6ad62a-1f0b-11e7-87c5-40a8f03d3f15
11-16 09:56:16.899: I/GmsModuleFndr(13347): Beginning GMS chimera module scan
11-16 09:56:16.902: I/RecoverableKeyStoreMgr(1159): The cert file serial number is the same, so skip updating.
11-16 09:56:16.903: I/RecoverableKeyStoreGms(13347): [EnrollmentManager] Recovery service is initialized.
11-16 09:56:16.904: I/SettingsActivityAvailab(16616): Disabling com.google.android.apps.multidevice.client.ui.pixel.SettingsActivity.
11-16 09:56:16.905: D/GservicesChangeReceiver(5973): Gservices Changed broadcast Received. context is android.app.ReceiverRestrictedContext@a6685ef
11-16 09:56:16.905: D/GservicesChangeReceiver(5973): Gservices allowPowerAnomalyData is False.
11-16 09:56:16.906: I/RecoverySnapshotLstnrs(1159): Registered listener for agent with uid 10007
11-16 09:56:16.906: E/GooglePlayServicesUtil(16596): The Google Play services resources were not found. Check your project configuration to ensure that the resources are included.
11-16 09:56:16.907: D/ConnectivityMonitorManager(5973): Service com.google.android.connectivitymonitor.PowerAnomalyDetectorService is not running...
11-16 09:56:16.907: I/ModuleSetMgr(13347): Computing pending module set with APKs: [[AdsFdrDynamite.integ:213806100100000], [Enpromo.integ:214106000100000], [Noop.integ:204002802100000], [Pay.optional:213614100000], [VisionOcr.optional:213614100400], [AdsFdrDynamite.integ:212104400100000], [Cronetdynamite:213614100400], [Dynamiteloader:213614100000], [Dynamitemodulesa:213614100000], [Dynamitemodulesc:213614100000], [Googlecertificates:213614100000], [Mapsdynamite:213614100000], [Measurementdynamite:213614100000]]
11-16 09:56:16.908: E/RecoverySnapshotStorage(1159): Error reading snapshot for 10007 from disk
11-16 09:56:16.908: E/RecoverySnapshotStorage(1159): java.io.FileNotFoundException: /data/system/recoverablekeystore/snapshots/10007.xml (No such file or directory)
11-16 09:56:16.908: E/RecoverySnapshotStorage(1159): 	at java.io.FileInputStream.open0(Native Method)
11-16 09:56:16.908: E/RecoverySnapshotStorage(1159): 	at java.io.FileInputStream.open(FileInputStream.java:231)
11-16 09:56:16.908: E/RecoverySnapshotStorage(1159): 	at java.io.FileInputStream.<init>(FileInputStream.java:165)
11-16 09:56:16.908: E/RecoverySnapshotStorage(1159): 	at com.android.server.locksettings.recoverablekeystore.storage.RecoverySnapshotStorage.readFromDisk(RecoverySnapshotStorage.java:152)
11-16 09:56:16.908: E/RecoverySnapshotStorage(1159): 	at com.android.server.locksettings.recoverablekeystore.storage.RecoverySnapshotStorage.get(RecoverySnapshotStorage.java:104)
11-16 09:56:16.908: E/RecoverySnapshotStorage(1159): 	at com.android.server.locksettings.recoverablekeystore.RecoverableKeyStoreManager.getKeyChainSnapshot(RecoverableKeyStoreManager.java:331)
11-16 09:56:16.908: E/RecoverySnapshotStorage(1159): 	at com.android.server.locksettings.LockSettingsService.getKeyChainSnapshot(LockSettingsService.java:2032)
11-16 09:56:16.908: E/RecoverySnapshotStorage(1159): 	at com.android.internal.widget.ILockSettings$Stub.onTransact(ILockSettings.java:356)
11-16 09:56:16.908: E/RecoverySnapshotStorage(1159): 	at android.os.Binder.execTransact(Binder.java:731)
11-16 09:56:16.909: I/RecoverableKeyStoreGms(13347): [WrappingKeyManager] Can't generate wrapping key - missing lock screeen
11-16 09:56:16.911: D/GservicesChangeReceiver(5973): Gservices allowLowPowerMonitoring is False.
11-16 09:56:16.911: I/ModuleSetMgr(13347): Pending container module APKs: [[Pay.optional:213614100000], [VisionOcr.optional:213614100400]]
11-16 09:56:16.911: I/ModuleSetMgr(13347): Pending non-container module APKs: [[Enpromo.integ:214106000100000], [AdsFdrDynamite.integ:213806100100000], [Noop.integ:204002802100000]]
11-16 09:56:16.913: D/ConnectivityMonitorManager(5973): Service com.google.android.connectivitymonitor.LowPowerMonitorService is not running...
11-16 09:56:16.915: D/GservicesChangeReceiver(5973): Gservices isConnectivityMonitorEnabled is True.
11-16 09:56:16.917: D/ConnectivityMonitorManager(5973): Service com.google.android.connectivitymonitor.ConnectivityMonitorService is running...
11-16 09:56:16.917: D/ConnMetrics:App(16596): IsOptedIn = false
11-16 09:56:16.921: I/EuiccGoogle(16637): [2] GservicesChangedReceiver.onReceive: Setting EUICC_SUPPORTED_COUNTRIES to de,gb,in,us
11-16 09:56:16.924: W/PackageParser(13347): Unknown element under <manifest>: queries at /data/user_de/0/com.google.android.gms/app_chimera/m/00000007/AdsDynamite.apk Binary XML file line #5
11-16 09:56:16.929: I/Backup(13347): [GmsBackupStatusChangeReceiver] Going to enable gms backup transport.
11-16 09:56:16.938: W/PackageParser(13347): Unknown element under <manifest>: queries at /data/user_de/0/com.google.android.gms/app_chimera/m/00000012/dl-AdsFdrDynamite.integ_213806100100000.apk Binary XML file line #11
11-16 09:56:16.941: I/NetRec(10549): [913] aiad.a: onConfigChanged()
11-16 09:56:16.943: I/Herrevad(10549): [917] zcq.a: updateListenState
11-16 09:56:16.946: I/Auth(10549): [AuthManaged, PasswordComplexityHelperImpl] Updating password complexity components state.
11-16 09:56:16.946: I/Auth(10549): [AuthManaged, PasswordComplexityHelperImpl] Enabling com.google.android.gms.auth.managed.ui.SetNewPasswordActivity
11-16 09:56:16.947: I/NetRec(10549): [913] aiad.a: Cancelling all NetRec GCM tasks
11-16 09:56:16.950: I/BgTaskExecutorImpl(9899): Starting NONEXCLUSIVE background task UPDATE_GSERVICES_CONFIG.
11-16 09:56:16.952: I/GmsModuleFndr(13347): Beginning GMS chimera module scan
11-16 09:56:16.952: I/NetRec(10549): [913] ClearDatabaseService.onHandleIntent: Clearing score cache
11-16 09:56:16.956: W/SearchServiceCore(9899): Abort, client detached.
11-16 09:56:16.960: I/ModuleSetMgr(13347): Computing pending module set with APKs: [[AdsFdrDynamite.integ:213806100100000], [Enpromo.integ:214106000100000], [Noop.integ:204002802100000], [Pay.optional:213614100000], [VisionOcr.optional:213614100400], [AdsFdrDynamite.integ:212104400100000], [Cronetdynamite:213614100400], [Dynamiteloader:213614100000], [Dynamitemodulesa:213614100000], [Dynamitemodulesc:213614100000], [Googlecertificates:213614100000], [Mapsdynamite:213614100000], [Measurementdynamite:213614100000]]
11-16 09:56:16.961: I/GservicesUpdateTask(9899): Updating Gservices keys
11-16 09:56:16.965: I/GCoreUlr(10549): WorldUpdater received intent Intent { act=com.google.android.location.reporting.ACTION_UPDATE_WORLD cmp=com.google.android.gms/com.google.android.location.reporting.service.DispatchingService (has extras) } with receiverAction com.google.gservices.intent.action.GSERVICES_CHANGED [CONTEXT service_id=22 ]
11-16 09:56:16.967: I/GCoreUlr(10549): WorldUpdater:com.google.gservices.intent.action.GSERVICES_CHANGED: Ensuring that reporting is stopped because of reasons: (no Google accounts) [CONTEXT service_id=22 ]
11-16 09:56:16.968: I/GCoreUlr(10549): Unbound from all signal providers. [CONTEXT service_id=22 ]
11-16 09:56:16.972: I/GCoreUlr(10549): DispatchingService ignoring Intent { act=android.net.wifi.WIFI_STATE_CHANGED flg=0x4000010 (has extras) } because ULR inactive [CONTEXT service_id=22 ]
11-16 09:56:16.978: I/ModuleSetMgr(13347): Pending container module APKs: [[Pay.optional:213614100000], [VisionOcr.optional:213614100400]]
11-16 09:56:16.978: I/ModuleSetMgr(13347): Pending non-container module APKs: [[Enpromo.integ:214106000100000], [AdsFdrDynamite.integ:213806100100000], [Noop.integ:204002802100000]]
11-16 09:56:16.978: I/GCoreUlr(10549): Unbound from all signal providers. [CONTEXT service_id=22 ]
11-16 09:56:16.978: I/GCoreUlr(10549): Stopping handler for UlrDispSvcFast [CONTEXT service_id=22 ]
11-16 09:56:16.987: W/PackageParser(13347): Unknown element under <manifest>: queries at /data/user_de/0/com.google.android.gms/app_chimera/m/00000007/AdsDynamite.apk Binary XML file line #5
11-16 09:56:16.998: W/PackageParser(13347): Unknown element under <manifest>: queries at /data/user_de/0/com.google.android.gms/app_chimera/m/00000012/dl-AdsFdrDynamite.integ_213806100100000.apk Binary XML file line #11
11-16 09:56:17.006: I/RecoverableKeyStoreGms(13347): [RecoverableKeyStoreGmsInitOperation] Initializing auth_folsom
11-16 09:56:17.009: I/ChromeSync(13347): [Sync,SyncIntentOperation] Handling the intent: Intent { act=com.google.gservices.intent.action.GSERVICES_CHANGED flg=0x1000010 pkg=com.google.android.gms cmp=com.google.android.gms/.chimera.GmsIntentOperationService$PersistentInternalReceiver }.
11-16 09:56:17.009: I/RecoverableKeyStoreGms(13347): [RecoverableKeyStoreGmsInitOperation] com.google.android.gms.auth.folsom.service.FolsomPublicKeyUpdateService is already enabled. Ignore.
11-16 09:56:17.009: I/RecoverableKeyStoreGms(13347): [RecoverableKeyStoreGmsInitOperation] com.google.android.gms.auth.folsom.service.GcmReceiverService is already enabled. Ignore.
11-16 09:56:17.012: V/RecoverableKeyStoreMgr(1159): Not updating secret types - same as old value.
11-16 09:56:17.012: I/RecoverableKeyStoreGms(13347): [RecoverableKeyStoreGmsInitOperation] Setting vault handle
11-16 09:56:17.013: V/RecoverableKeyStoreMgr(1159): Not updating server params - same as old value.
11-16 09:56:17.013: I/MS_Utils(13347): version of com.google.android.apps.maps = 1022101040
11-16 09:56:17.013: I/MobileDataHub(13347): Scheduling periodic tasks
11-16 09:56:17.013: I/RecoverableKeyStoreGms(13347): [EnrollmentManager] Returning certificates list from cache
11-16 09:56:17.013: I/MdiSyncModule(13347): flag handling is skipping irrelevant intent.
11-16 09:56:17.014: W/MobileDataHub(13347): [Service] appsupload-periodic periodic task disabled
11-16 09:56:17.016: I/SystemUpdate(13347): [Installation,ReceiverIntentOperation] Received intent: Intent { act=com.google.gservices.intent.action.GSERVICES_CHANGED flg=0x1000010 pkg=com.google.android.gms cmp=com.google.android.gms/.chimera.GmsIntentOperationService$PersistentInternalReceiver }.
11-16 09:56:17.018: W/DynamiteModule(13347): Local module descriptor class for com.google.android.gms.vision.dynamite.ocr not found.
11-16 09:56:17.019: I/DynamiteModule(13347): Considering local module com.google.android.gms.vision.dynamite.ocr:0 and remote module com.google.android.gms.vision.dynamite.ocr:0
11-16 09:56:17.020: I/DynamiteModule(13347): Considering local module com.google.android.gms.vision.ocr:0 and remote module com.google.android.gms.vision.ocr:1
11-16 09:56:17.020: I/DynamiteModule(13347): Selected remote version of com.google.android.gms.vision.ocr, version >= 1
11-16 09:56:17.023: I/native(13347): I1116 09:56:17.023869   16538 start_ocr_856638336_langid.cc:35] StartOcr with label: latin_script_gmvapi_android
11-16 09:56:17.024: I/native(13347): I1116 09:56:17.024025   16538 start_ocr_856638336_langid.cc:44] StartOcr success
11-16 09:56:17.024: I/SoundTriggerModelLoader(16757): Unloading model 9f6ad62a-1f0b-11e7-87c5-40a8f03d3f15
11-16 09:56:17.025: I/SoundTriggerManagerComp(16757): Unloading model 9f6ad62a-1f0b-11e7-87c5-40a8f03d3f15
11-16 09:56:17.026: I/SoundTriggerService(1159): deleteSoundModel(): id = 9f6ad62a-1f0b-11e7-87c5-40a8f03d3f15
11-16 09:56:17.026: I/OcrModelUpStIntentOp(13347): Downloading text recognizer
11-16 09:56:17.026: W/SoundTriggerHelper(1159): Unload error: Attempting unload invalid generic model with id:9f6ad62a-1f0b-11e7-87c5-40a8f03d3f15
11-16 09:56:17.033: I/SettingsActivityAvailab(16616): Disabling com.google.android.apps.multidevice.client.ui.pixel.SettingsActivity.
11-16 09:56:17.035: E/GooglePlayServicesUtil(16596): The Google Play services resources were not found. Check your project configuration to ensure that the resources are included.
11-16 09:56:17.035: D/GservicesChangeReceiver(5973): Gservices Changed broadcast Received. context is android.app.ReceiverRestrictedContext@a6685ef
11-16 09:56:17.036: D/GservicesChangeReceiver(5973): Gservices allowPowerAnomalyData is False.
11-16 09:56:17.037: D/ConnectivityMonitorManager(5973): Service com.google.android.connectivitymonitor.PowerAnomalyDetectorService is not running...
11-16 09:56:17.039: W/NetworkScheduler(10549): The extras of the task is not valid to be persisted so that the task is not persisted [CONTEXT service_id=218 ]
11-16 09:56:17.039: W/NetworkScheduler(10549): java.lang.IllegalArgumentException: Only the following extra parameter types are supported: Integer, Long, Double, String, Boolean, and nested Bundles with the same restrictions.
11-16 09:56:17.039: W/NetworkScheduler(10549): 	at abno.f(:com.google.android.gms@213614028@21.36.14 (100400-395708125):6)
11-16 09:56:17.039: W/NetworkScheduler(10549): 	at amdu.g(:com.google.android.gms@213614028@21.36.14 (100400-395708125):37)
11-16 09:56:17.039: W/NetworkScheduler(10549): 	at amdd.n(:com.google.android.gms@213614028@21.36.14 (100400-395708125):3)
11-16 09:56:17.039: W/NetworkScheduler(10549): 	at amdd.u(:com.google.android.gms@213614028@21.36.14 (100400-395708125):20)
11-16 09:56:17.039: W/NetworkScheduler(10549): 	at amdd.g(:com.google.android.gms@213614028@21.36.14 (100400-395708125):3)
11-16 09:56:17.039: W/NetworkScheduler(10549): 	at alzy.run(:com.google.android.gms@213614028@21.36.14 (100400-395708125):9)
11-16 09:56:17.039: W/NetworkScheduler(10549): 	at rgh.c(:com.google.android.gms@213614028@21.36.14 (100400-395708125):6)
11-16 09:56:17.039: W/NetworkScheduler(10549): 	at rgh.run(:com.google.android.gms@213614028@21.36.14 (100400-395708125):7)
11-16 09:56:17.039: W/NetworkScheduler(10549): 	at java.util.concurrent.ThreadPoolExecutor.runWorker(ThreadPoolExecutor.java:1167)
11-16 09:56:17.039: W/NetworkScheduler(10549): 	at java.util.concurrent.ThreadPoolExecutor$Worker.run(ThreadPoolExecutor.java:641)
11-16 09:56:17.039: W/NetworkScheduler(10549): 	at rkn.run(:com.google.android.gms@213614028@21.36.14 (100400-395708125):0)
11-16 09:56:17.039: W/NetworkScheduler(10549): 	at java.lang.Thread.run(Thread.java:764)
11-16 09:56:17.040: D/GservicesChangeReceiver(5973): Gservices allowLowPowerMonitoring is False.
11-16 09:56:17.041: I/TestSupport(13347): AwaitCommitOperation: uncommitted: FlagOverride(com.google.android.gms.auth.api.credentials, , Flag(SaveStrategy__enableSaving, false, 2, 0), false) [CONTEXT service_id=133 ]
11-16 09:56:17.041: I/TestSupport(13347): AwaitCommitOperation:  sleeping for 640 msec. [CONTEXT service_id=133 ]
11-16 09:56:17.043: D/ConnectivityMonitorManager(5973): Service com.google.android.connectivitymonitor.LowPowerMonitorService is not running...
11-16 09:56:17.044: I/RecoverableKeyStoreMgr(1159): The cert file serial number is the same, so skip updating.
11-16 09:56:17.044: I/RecoverableKeyStoreGms(13347): [EnrollmentManager] Recovery service is initialized.
11-16 09:56:17.045: I/RecoverySnapshotLstnrs(1159): Registered listener for agent with uid 10007
11-16 09:56:17.046: D/GservicesChangeReceiver(5973): Gservices isConnectivityMonitorEnabled is True.
11-16 09:56:17.047: E/RecoverySnapshotStorage(1159): Error reading snapshot for 10007 from disk
11-16 09:56:17.047: E/RecoverySnapshotStorage(1159): java.io.FileNotFoundException: /data/system/recoverablekeystore/snapshots/10007.xml (No such file or directory)
11-16 09:56:17.047: E/RecoverySnapshotStorage(1159): 	at java.io.FileInputStream.open0(Native Method)
11-16 09:56:17.047: E/RecoverySnapshotStorage(1159): 	at java.io.FileInputStream.open(FileInputStream.java:231)
11-16 09:56:17.047: E/RecoverySnapshotStorage(1159): 	at java.io.FileInputStream.<init>(FileInputStream.java:165)
11-16 09:56:17.047: E/RecoverySnapshotStorage(1159): 	at com.android.server.locksettings.recoverablekeystore.storage.RecoverySnapshotStorage.readFromDisk(RecoverySnapshotStorage.java:152)
11-16 09:56:17.047: E/RecoverySnapshotStorage(1159): 	at com.android.server.locksettings.recoverablekeystore.storage.RecoverySnapshotStorage.get(RecoverySnapshotStorage.java:104)
11-16 09:56:17.047: E/RecoverySnapshotStorage(1159): 	at com.android.server.locksettings.recoverablekeystore.RecoverableKeyStoreManager.getKeyChainSnapshot(RecoverableKeyStoreManager.java:331)
11-16 09:56:17.047: E/RecoverySnapshotStorage(1159): 	at com.android.server.locksettings.LockSettingsService.getKeyChainSnapshot(LockSettingsService.java:2032)
11-16 09:56:17.047: E/RecoverySnapshotStorage(1159): 	at com.android.internal.widget.ILockSettings$Stub.onTransact(ILockSettings.java:356)
11-16 09:56:17.047: E/RecoverySnapshotStorage(1159): 	at android.os.Binder.execTransact(Binder.java:731)
11-16 09:56:17.048: I/RecoverableKeyStoreGms(13347): [WrappingKeyManager] Can't generate wrapping key - missing lock screeen
