11-16 09:56:15.720: I/RecoverableKeyStoreGms(13347): [RecoverableKeyStoreGmsInitOperation] Initializing auth_folsom
11-16 09:56:15.725: D/BoundBrokerSvc(10549): onBind: Intent { act=com.google.android.gms.scheduler.ACTION_PROXY_SCHEDULE cmp=com.google.android.gms/.chimera.PersistentInternalBoundBrokerService }
11-16 09:56:15.725: D/BoundBrokerSvc(10549): Loading bound service for intent: Intent { act=com.google.android.gms.scheduler.ACTION_PROXY_SCHEDULE cmp=com.google.android.gms/.chimera.PersistentInternalBoundBrokerService }
11-16 09:56:15.727: I/ActivityManager(1159): Killing 12339:com.android.vending:instant_app_installer/u0a14 (adj 906): empty #17
11-16 09:56:15.728: W/libprocessgroup(1159): kill(-12339, 9) failed: No such process
11-16 09:56:15.730: I/ChromeSync(13347): [Sync,SyncIntentOperation] Handling the intent: Intent { act=com.google.gservices.intent.action.GSERVICES_CHANGED flg=0x1000010 pkg=com.google.android.gms cmp=com.google.android.gms/.chimera.GmsIntentOperationService$PersistentInternalReceiver }.
11-16 09:56:15.731: I/RecoverableKeyStoreGms(13347): [RecoverableKeyStoreGmsInitOperation] com.google.android.gms.auth.folsom.service.FolsomPublicKeyUpdateService is already enabled. Ignore.
11-16 09:56:15.731: I/RecoverableKeyStoreGms(13347): [RecoverableKeyStoreGmsInitOperation] com.google.android.gms.auth.folsom.service.GcmReceiverService is already enabled. Ignore.
11-16 09:56:15.733: V/RecoverableKeyStoreMgr(1159): Not updating secret types - same as old value.
11-16 09:56:15.739: I/DynamiteModule(13347): Considering local module com.google.android.gms.flags:3 and remote module com.google.android.gms.flags:3
11-16 09:56:15.739: I/DynamiteModule(13347): Selected local version of com.google.android.gms.flags
11-16 09:56:15.739: I/RecoverableKeyStoreGms(13347): [RecoverableKeyStoreGmsInitOperation] Setting vault handle
11-16 09:56:15.740: V/RecoverableKeyStoreMgr(1159): Not updating server params - same as old value.
11-16 09:56:15.741: I/ActivityManager(1159): Start proc 16689:com.google.android.ims/u0a25 for broadcast com.google.android.ims/.receivers.RcsAutoStartReceiver
11-16 09:56:15.743: I/Zygote(736): Process 12339 exited due to signal (9)
11-16 09:56:15.744: I/GCoreUlr(10549): WorldUpdater:com.google.gservices.intent.action.GSERVICES_CHANGED: Ensuring that reporting is stopped because of reasons: (no Google accounts) [CONTEXT service_id=22 ]
11-16 09:56:15.746: E/gle.android.im(16689): Not starting debugger since process cannot load the jdwp agent.
11-16 09:56:15.749: D/BoundBrokerSvc(10549): onUnbind: Intent { act=com.google.android.gms.instantapps.START pkg=com.google.android.gms }
11-16 09:56:15.751: I/GmsModuleFndr(13347): Beginning GMS chimera module scan
11-16 09:56:15.755: I/GCoreUlr(10549): Unbound from all signal providers. [CONTEXT service_id=22 ]
11-16 09:56:15.762: I/RecoverableKeyStoreGms(13347): [EnrollmentManager] Returning certificates list from cache
11-16 09:56:15.768: I/GCoreUlr(10549): Unbound from all signal providers. [CONTEXT service_id=22 ]
11-16 09:56:15.768: I/GCoreUlr(10549): Stopping handler for UlrDispSvcFast [CONTEXT service_id=22 ]
11-16 09:56:15.772: W/libprocessgroup(1159): kill(-12339, 9) failed: No such process
11-16 09:56:15.772: I/libprocessgroup(1159): Successfully killed process cgroup uid 10014 pid 12339 in 44ms
11-16 09:56:15.773: I/gle.android.im(16689): The ClassLoaderContext is a special shared library.
11-16 09:56:15.776: I/ModuleSetMgr(13347): Computing pending module set with APKs: [[AdsFdrDynamite.integ:213806100100000], [Enpromo.integ:214106000100000], [Noop.integ:204002802100000], [Pay.optional:213614100000], [VisionOcr.optional:213614100400], [AdsFdrDynamite.integ:212104400100000], [Cronetdynamite:213614100400], [Dynamiteloader:213614100000], [Dynamitemodulesa:213614100000], [Dynamitemodulesc:213614100000], [Googlecertificates:213614100000], [Mapsdynamite:213614100000], [Measurementdynamite:213614100000]]
11-16 09:56:15.790: I/gle.android.gm(13347): Background concurrent copying GC freed 233239(13MB) AllocSpace objects, 20(1168KB) LOS objects, 50% free, 11MB/23MB, paused 343us total 142.358ms
11-16 09:56:15.795: I/RecoverableKeyStoreMgr(1159): The cert file serial number is the same, so skip updating.
11-16 09:56:15.796: I/RecoverableKeyStoreGms(13347): [EnrollmentManager] Recovery service is initialized.
11-16 09:56:15.805: I/CarrierServices(16689): [2] ait.a: Initializing Carrier Services Library.
11-16 09:56:15.811: I/RecoverySnapshotLstnrs(1159): Registered listener for agent with uid 10007
11-16 09:56:15.819: I/MobileDataHub(13347): Scheduling periodic tasks
11-16 09:56:15.820: E/RecoverySnapshotStorage(1159): Error reading snapshot for 10007 from disk
11-16 09:56:15.820: E/RecoverySnapshotStorage(1159): java.io.FileNotFoundException: /data/system/recoverablekeystore/snapshots/10007.xml (No such file or directory)
11-16 09:56:15.820: E/RecoverySnapshotStorage(1159): 	at java.io.FileInputStream.open0(Native Method)
11-16 09:56:15.820: E/RecoverySnapshotStorage(1159): 	at java.io.FileInputStream.open(FileInputStream.java:231)
11-16 09:56:15.820: E/RecoverySnapshotStorage(1159): 	at java.io.FileInputStream.<init>(FileInputStream.java:165)
11-16 09:56:15.820: E/RecoverySnapshotStorage(1159): 	at com.android.server.locksettings.recoverablekeystore.storage.RecoverySnapshotStorage.readFromDisk(RecoverySnapshotStorage.java:152)
11-16 09:56:15.820: E/RecoverySnapshotStorage(1159): 	at com.android.server.locksettings.recoverablekeystore.storage.RecoverySnapshotStorage.get(RecoverySnapshotStorage.java:104)
11-16 09:56:15.820: E/RecoverySnapshotStorage(1159): 	at com.android.server.locksettings.recoverablekeystore.RecoverableKeyStoreManager.getKeyChainSnapshot(RecoverableKeyStoreManager.java:331)
11-16 09:56:15.820: E/RecoverySnapshotStorage(1159): 	at com.android.server.locksettings.LockSettingsService.getKeyChainSnapshot(LockSettingsService.java:2032)
11-16 09:56:15.820: E/RecoverySnapshotStorage(1159): 	at com.android.internal.widget.ILockSettings$Stub.onTransact(ILockSettings.java:356)
11-16 09:56:15.820: E/RecoverySnapshotStorage(1159): 	at android.os.Binder.execTransact(Binder.java:731)
11-16 09:56:15.821: I/RecoverableKeyStoreGms(13347): [WrappingKeyManager] Can't generate wrapping key - missing lock screeen
11-16 09:56:15.833: W/MobileDataHub(13347): [Service] appsupload-periodic periodic task disabled
11-16 09:56:15.840: I/CarrierServices(16689): [2] ait.c: Initializing Carrier Services Logging.
11-16 09:56:15.847: I/ModuleSetMgr(13347): Pending container module APKs: [[Pay.optional:213614100000], [VisionOcr.optional:213614100400]]
11-16 09:56:15.847: I/ModuleSetMgr(13347): Pending non-container module APKs: [[Enpromo.integ:214106000100000], [AdsFdrDynamite.integ:213806100100000], [Noop.integ:204002802100000]]
11-16 09:56:15.851: I/bzp(16689): LogSaver new instance with filename: carrier_services
11-16 09:56:15.863: I/CarrierServices(16689): [2] ait.c: Initializing Carrier Services Logging.
11-16 09:56:15.866: D/CarrierServices(16689): log_saver already enabled
11-16 09:56:15.866: I/CarrierServices(16689): [2] bxu.d: Checking if using CarrierServices.apk is possible. Enabled: true, isAtLeastM: true, runningInsideBugle: false
11-16 09:56:15.866: I/CarrierServices(16689): [2] bch.a: Using AndroidNetworkFactory
11-16 09:56:15.868: I/Bugle(16689): GServicesValues:
11-16 09:56:15.868: I/Bugle(16689): bugle_enable_primes_crash_metrics: true
11-16 09:56:15.868: I/Bugle(16689): bugle_max_telemetry_upload_retries: 10
11-16 09:56:15.868: I/Bugle(16689): bugle_sticker_set_list_version: 3
11-16 09:56:15.869: I/CarrierServices(16689): [2] bxu.d: Checking if using CarrierServices.apk is possible. Enabled: true, isAtLeastM: true, runningInsideBugle: false
11-16 09:56:15.870: I/MS_Utils(13347): version of com.google.android.apps.maps = 1022101040
11-16 09:56:15.871: I/MdiSyncModule(13347): flag handling is skipping irrelevant intent.
11-16 09:56:15.873: D/ConnectivityService(1159): requestNetwork for uid/pid:10025/16689 NetworkRequest [ TRACK_DEFAULT id=53, [ Capabilities: INTERNET&NOT_RESTRICTED&TRUSTED Unwanted:  Uid: 10025] ]
11-16 09:56:15.873: D/WIFI_AWARE_FACTORY(1159): got request NetworkRequest [ TRACK_DEFAULT id=53, [ Capabilities: INTERNET&NOT_RESTRICTED&TRUSTED Unwanted:  Uid: 10025] ] with score 60
11-16 09:56:15.874: D/Ethernet(1159): got request NetworkRequest [ TRACK_DEFAULT id=53, [ Capabilities: INTERNET&NOT_RESTRICTED&TRUSTED Unwanted:  Uid: 10025] ] with score 60
11-16 09:56:15.874: D/WIFI(1159): got request NetworkRequest [ TRACK_DEFAULT id=53, [ Capabilities: INTERNET&NOT_RESTRICTED&TRUSTED Unwanted:  Uid: 10025] ] with score 60
11-16 09:56:15.874: D/WIFI_UT(1159): got request NetworkRequest [ TRACK_DEFAULT id=53, [ Capabilities: INTERNET&NOT_RESTRICTED&TRUSTED Unwanted:  Uid: 10025] ] with score 60
11-16 09:56:15.874: D/PhoneSwitcherNetworkRequstListener(3811): got request NetworkRequest [ TRACK_DEFAULT id=53, [ Capabilities: INTERNET&NOT_RESTRICTED&TRUSTED Unwanted:  Uid: 10025] ] with score 60
11-16 09:56:15.876: I/CarrierServices(16689): [762] bai.b: Connected state: [1], networkType: [WIFI]
11-16 09:56:15.877: I/CarrierServices(16689): [2] bxu.e: Carrier Services GServices flags:
11-16 09:56:15.877: I/CarrierServices(16689):    carrier_services_security_flags_ec_api_white_listed_packages: com.google.android.apps.messaging,com.google.android.dialer,com.google.android.ims.client.sampleapp,com.android.contacts,com.lge.rcscall,com.android.incallui,com.huawei.incallui.appfeature.rcsfeature
11-16 09:56:15.877: I/CarrierServices(16689):    carrier_services_security_flags_ec_api_white_listed_signatures: B28C3EDB665DF32686224DF800F603E9959BBE4E,0980A12BE993528C19107BC21AD811478C63CEFC,B38FA7B5ECFAEC44620A020752B07E063B3120A8,203997BC46B8792DC9747ABD230569071F9A0439,EDA6413C3E3A95492114FE07CD953AD897E40D1A,760EBB9F4200B3DFB1B817B40FF0563A3C150D39,5B368CFF2DA2686996BC95EAC190EAA4F5630FE5,01D845B26B688D8EF647205A5944E9407E52E06E,27196E386B875E76ADF700E7EA84E4C6EEE33DFA,1CDD04F1E4A732BB0352FDFAEE26D2315526DF85,025D5212BF3B5F5CDA6117A518721D70A94D84E0
11-16 09:56:15.877: I/CarrierServices(16689):    carrier_services_security_flags_test_service_white_listed_packages: com.google.android.ims.mobly.snippets
11-16 09:56:15.877: I/CarrierServices(16689):    carrier_services_security_flags_test_service_white_listed_signatures: AE41481F52E0F58DF2806D5A38EB3DBCA5AE02B0,E165542B31953CC282AA4EF2F4D5F07F7663A2A2
11-16 09:56:15.877: I/CarrierServices(16689):    carrier_services_security_flags_white_listed_packages: com.google.android.apps.messaging,com.google.android.dialer,com.google.android.ims.client.sampleapp,com.android.contacts,com.lge.rcscall,com.android.incallui,com.huawei.incallui.appfeature.rcsfeature
11-16 09:56:15.877: I/CarrierServices(16689):    carrier_services_security_flags_white_listed_signatures: B28C3EDB665DF32686224DF800F603E9959BBE4E,0980A12BE993528C19107BC21AD811478C63CEFC,B38FA7B5ECFAEC44620A020752B07E063B3120A8,203997BC46B8792DC9747ABD230569071F9A0439,EDA6413C3E3A95492114FE07CD953AD897E40D1A,760EBB9F4200B3DFB1B817B40FF0563A3C150D39,5B368CFF2DA2686996BC95EAC190EAA4F5630FE5,01D845B26B688D8EF647205A5944E9407E52E06E,27196E386B875E76ADF700E7EA84E4C6EEE33DFA,1CDD04F1E4A732BB0352FDFAEE26D2315526DF85,025D5212BF3B5F5CDA6117A518721D70A94D84E0
11-16 09:56:15.877: I/CarrierServices(16689):    carrier_services_video_share_disabled_user_agent_substrings: SM-G930,SM-G935,SM-A320
11-16 09:56:15.877: I/CarrierServices(16689): ====================
11-16 09:56:15.895: I/SystemUpdate(13347): [Installation,ReceiverIntentOperation] Received intent: Intent { act=com.google.gservices.intent.action.GSERVICES_CHANGED flg=0x1000010 pkg=com.google.android.gms cmp=com.google.android.gms/.chimera.GmsIntentOperationService$PersistentInternalReceiver }.
11-16 09:56:15.903: I/CarrierServices(16689): [2] bth.a: Initializing SimStateTracker
11-16 09:56:15.904: I/CarrierServices(16689): [2] bth.b: SIM state ABSENT
11-16 09:56:15.906: W/PackageParser(13347): Unknown element under <manifest>: queries at /data/user_de/0/com.google.android.gms/app_chimera/m/00000007/AdsDynamite.apk Binary XML file line #5
11-16 09:56:15.924: I/CarrierServices(16689): [2] bth.a: Broadcasting Intent { act=com.google.android.ims.SIM_ABSENT }
11-16 09:56:15.948: W/DynamiteModule(13347): Local module descriptor class for com.google.android.gms.vision.dynamite.ocr not found.
11-16 09:56:15.949: I/CarrierServices(16689): [2] CarrierServicesReleaseApp.onCreate: Primes set up successful
11-16 09:56:15.949: W/ProviderHelper(13347): Unknown dynamite feature vision.dynamite.ocr
11-16 09:56:15.949: I/DynamiteModule(13347): Considering local module com.google.android.gms.vision.dynamite.ocr:0 and remote module com.google.android.gms.vision.dynamite.ocr:0
11-16 09:56:15.950: I/DynamiteModule(13347): Considering local module com.google.android.gms.vision.ocr:0 and remote module com.google.android.gms.vision.ocr:1
11-16 09:56:15.950: I/DynamiteModule(13347): Selected remote version of com.google.android.gms.vision.ocr, version >= 1
11-16 09:56:15.953: I/native(13347): I1116 09:56:15.953559   16501 start_ocr_856638336_langid.cc:35] StartOcr with label: latin_script_gmvapi_android
11-16 09:56:15.953: I/native(13347): I1116 09:56:15.953759   16501 start_ocr_856638336_langid.cc:44] StartOcr success
11-16 09:56:15.956: I/OcrModelUpStIntentOp(13347): Downloading text recognizer
11-16 09:56:15.980: W/RcsProvisioning(16689): Failed to read configuration: /data/user/0/com.google.android.ims/files/hvconfig (No such file or directory)
11-16 09:56:15.980: W/RcsProvisioning(16689): java.io.FileNotFoundException: /data/user/0/com.google.android.ims/files/hvconfig (No such file or directory)
11-16 09:56:15.980: W/RcsProvisioning(16689): 	at java.io.FileInputStream.open0(Native Method)
11-16 09:56:15.980: W/RcsProvisioning(16689): 	at java.io.FileInputStream.open(FileInputStream.java:231)
11-16 09:56:15.980: W/RcsProvisioning(16689): 	at java.io.FileInputStream.<init>(FileInputStream.java:165)
11-16 09:56:15.980: W/RcsProvisioning(16689): 	at android.app.ContextImpl.openFileInput(ContextImpl.java:560)
11-16 09:56:15.980: W/RcsProvisioning(16689): 	at android.content.ContextWrapper.openFileInput(ContextWrapper.java:202)
11-16 09:56:15.980: W/RcsProvisioning(16689): 	at byy.a(SourceFile:2)
11-16 09:56:15.980: W/RcsProvisioning(16689): 	at bmj.a(SourceFile:4)
11-16 09:56:15.980: W/RcsProvisioning(16689): 	at bmk.a(SourceFile:7)
11-16 09:56:15.980: W/RcsProvisioning(16689): 	at bln.<init>(SourceFile:9)
11-16 09:56:15.980: W/RcsProvisioning(16689): 	at blx.<init>(SourceFile:9)
11-16 09:56:15.980: W/RcsProvisioning(16689): 	at com.google.android.ims.CarrierServicesReleaseApp.onCreate(SourceFile:98)
11-16 09:56:15.980: W/RcsProvisioning(16689): 	at android.app.Instrumentation.callApplicationOnCreate(Instrumentation.java:1154)
11-16 09:56:15.980: W/RcsProvisioning(16689): 	at android.app.ActivityThread.handleBindApplication(ActivityThread.java:5920)
11-16 09:56:15.980: W/RcsProvisioning(16689): 	at android.app.ActivityThread.access$1100(ActivityThread.java:200)
11-16 09:56:15.980: W/RcsProvisioning(16689): 	at android.app.ActivityThread$H.handleMessage(ActivityThread.java:1656)
11-16 09:56:15.980: W/RcsProvisioning(16689): 	at android.os.Handler.dispatchMessage(Handler.java:106)
11-16 09:56:15.980: W/RcsProvisioning(16689): 	at android.os.Looper.loop(Looper.java:193)
11-16 09:56:15.980: W/RcsProvisioning(16689): 	at android.app.ActivityThread.main(ActivityThread.java:6718)
11-16 09:56:15.980: W/RcsProvisioning(16689): 	at java.lang.reflect.Method.invoke(Native Method)
11-16 09:56:15.980: W/RcsProvisioning(16689): 	at com.android.internal.os.RuntimeInit$MethodAndArgsCaller.run(RuntimeInit.java:493)
11-16 09:56:15.980: W/RcsProvisioning(16689): 	at com.android.internal.os.ZygoteInit.main(ZygoteInit.java:858)
11-16 09:56:15.980: D/RcsProvisioning(16689): Retrieving backup token
11-16 09:56:15.986: D/BoundBrokerSvc(13347): onBind: Intent { act=com.google.android.gms.ocr.service.internal.START cmp=com.google.android.gms/.chimera.GmsInternalApiService }
11-16 09:56:15.986: D/BoundBrokerSvc(13347): Loading bound service for intent: Intent { act=com.google.android.gms.ocr.service.internal.START cmp=com.google.android.gms/.chimera.GmsInternalApiService }
11-16 09:56:15.986: W/NetworkScheduler(10549): The extras of the task is not valid to be persisted so that the task is not persisted [CONTEXT service_id=218 ]
11-16 09:56:15.986: W/NetworkScheduler(10549): java.lang.IllegalArgumentException: Only the following extra parameter types are supported: Integer, Long, Double, String, Boolean, and nested Bundles with the same restrictions.
11-16 09:56:15.986: W/NetworkScheduler(10549): 	at abno.f(:com.google.android.gms@213614028@21.36.14 (100400-395708125):6)
11-16 09:56:15.986: W/NetworkScheduler(10549): 	at amdu.g(:com.google.android.gms@213614028@21.36.14 (100400-395708125):37)
11-16 09:56:15.986: W/NetworkScheduler(10549): 	at amdd.n(:com.google.android.gms@213614028@21.36.14 (100400-395708125):3)
11-16 09:56:15.986: W/NetworkScheduler(10549): 	at amdd.u(:com.google.android.gms@213614028@21.36.14 (100400-395708125):20)
11-16 09:56:15.986: W/NetworkScheduler(10549): 	at amdd.g(:com.google.android.gms@213614028@21.36.14 (100400-395708125):3)
11-16 09:56:15.986: W/NetworkScheduler(10549): 	at alzy.run(:com.google.android.gms@213614028@21.36.14 (100400-395708125):9)
11-16 09:56:15.986: W/NetworkScheduler(10549): 	at rgh.c(:com.google.android.gms@213614028@21.36.14 (100400-395708125):6)
11-16 09:56:15.986: W/NetworkScheduler(10549): 	at rgh.run(:com.google.android.gms@213614028@21.36.14 (100400-395708125):7)
11-16 09:56:15.986: W/NetworkScheduler(10549): 	at java.util.concurrent.ThreadPoolExecutor.runWorker(ThreadPoolExecutor.java:1167)
11-16 09:56:15.986: W/NetworkScheduler(10549): 	at java.util.concurrent.ThreadPoolExecutor$Worker.run(ThreadPoolExecutor.java:641)
11-16 09:56:15.986: W/NetworkScheduler(10549): 	at rkn.run(:com.google.android.gms@213614028@21.36.14 (100400-395708125):0)
11-16 09:56:15.986: W/NetworkScheduler(10549): 	at java.lang.Thread.run(Thread.java:764)
11-16 09:56:15.993: W/PackageParser(13347): Unknown element under <manifest>: queries at /data/user_de/0/com.google.android.gms/app_chimera/m/00000012/dl-AdsFdrDynamite.integ_213806100100000.apk Binary XML file line #11
11-16 09:56:15.998: W/Bugle(16689): SubscriptionMetadataUtils get: invalid subId = -1
11-16 09:56:16.113: D/RcsProvisioning(16689): No backup token found
11-16 09:56:16.116: I/CarrierServices(16689): [2] CarrierServicesReleaseApp.a: Initializing MMTel
11-16 09:56:16.123: I/CarrierServices(16689): [2] ccj.a: CarrierServices.apk is not sim call manager. Not enabling MMTel.
11-16 09:56:16.123: I/CarrierServices(16689): [2] ProvisioningService.a: Should not enable MMTel. Not scheduling provisioning.
11-16 09:56:16.130: I/CarrierServices(16689): [2] ajk.<init>: (MMTel): IMS module initialization with instance: "urn:gsma:imei:99001200-595306-0"
11-16 09:56:16.141: I/CarrierServices(16689): [2] ccj.a: CarrierServices.apk is not sim call manager. Not enabling MMTel.
11-16 09:56:16.141: I/CarrierServices(16689): [2] alv.e: Should not enable MMTel, not starting CallEngine.
11-16 09:56:16.144: I/CarrierServices(16689): [2] aws.a: Migration binding to RcsMigrationService
11-16 09:56:16.148: I/BugleDataModel(7262): RcsMigrationService: Returning RCS state provider.
11-16 09:56:16.159: I/ActivityManager(1159): Killing 8658:com.google.android.calendar/u0a124 (adj 906): empty #17
11-16 09:56:16.160: W/libprocessgroup(1159): kill(-8658, 9) failed: No such process
11-16 09:56:16.170: I/ActivityManager(1159): Start proc 16726:com.google.android.partnersetup/u0a49 for broadcast com.google.android.partnersetup/.RlzPingBroadcastReceiver
11-16 09:56:16.172: E/id.partnersetu(16726): Not starting debugger since process cannot load the jdwp agent.
11-16 09:56:16.177: I/BugleRcsEngine(7262): [355] pot.a: Sim state is not ready. Returning last known operation mode.
11-16 09:56:16.177: I/org.webrtc.Logging(16689): NativeLibrary: Loading native library.
11-16 09:56:16.177: I/org.webrtc.Logging(16689): NativeLibrary: Loading library: jingle_peerconnection_so
11-16 09:56:16.183: W/native(16689): commandlineflags.cc:1511 Ignoring RegisterValidateFunction() for flag pointer 0x74a19c8798: no flag found at that address
11-16 09:56:16.186: I/CarrierServices(16689): [775] bti.run: Processing an intent
11-16 09:56:16.187: I/akhr(10549): Scheduling Phenotype for a PhenotypeSyncImmediately(6, com.google.android.gms.testsupport) one off with window [1, 2] in seconds [CONTEXT service_id=51 ]
11-16 09:56:16.188: I/CarrierServices(16689): [775] bth.b: SIM state ABSENT
11-16 09:56:16.194: I/CarrierServices(16689): [775] bth.a: Broadcasting Intent { act=com.google.android.ims.SIM_ABSENT }
11-16 09:56:16.198: I/TestSupport(13347): AwaitCommitOperation: SaveStrategy__enableSaving [CONTEXT service_id=133 ]
11-16 09:56:16.199: I/Zygote(735): Process 8658 exited due to signal (9)
11-16 09:56:16.200: W/libprocessgroup(1159): kill(-8658, 9) failed: No such process
11-16 09:56:16.200: I/libprocessgroup(1159): Successfully killed process cgroup uid 10124 pid 8658 in 40ms
11-16 09:56:16.201: I/CarrierServices(16689): [777] awt.doInBackground: Saving RCS State
11-16 09:56:16.202: I/CarrierServices(16689): [777] awt.doInBackground: Old operation mode: 0
11-16 09:56:16.203: I/CarrierServices(16689): [777] awt.doInBackground: New operation mode: 0
11-16 09:56:16.204: I/TestSupport(13347): AwaitCommitOperation: uncommitted: FlagOverride(com.google.android.gms.auth.api.credentials, , Flag(SaveStrategy__enableSaving, false, 2, 0), false) [CONTEXT service_id=133 ]
11-16 09:56:16.204: I/TestSupport(13347): AwaitCommitOperation:  sleeping for 10 msec. [CONTEXT service_id=133 ]
11-16 09:56:16.208: I/id.partnersetu(16726): The ClassLoaderContext is a special shared library.
11-16 09:56:16.208: I/libjingle(16689): [000:000] [16724] (default_audio_processing_jni.cc:32): APM: Post-processing: None.
11-16 09:56:16.208: I/libjingle(16689): [000:000] [16724] (default_audio_processing_jni.cc:44): APM: Echo controller: None.
11-16 09:56:16.208: I/libjingle(16689): [000:000] [16724] (audio_processing_impl.cc:441): Capture post processor activated: 0
11-16 09:56:16.208: I/libjingle(16689): Render pre processor activated: 0
11-16 09:56:16.216: I/CarrierServices(16689): [2] aww.a: Unbinding RcsMigrationService
11-16 09:56:16.221: I/BugleRcsEngine(10313): [2] pkj.a: Initializing SimStateTracker
11-16 09:56:16.224: I/TestSupport(13347): AwaitCommitOperation: uncommitted: FlagOverride(com.google.android.gms.auth.api.credentials, , Flag(SaveStrategy__enableSaving, false, 2, 0), false) [CONTEXT service_id=133 ]
11-16 09:56:16.224: I/TestSupport(13347): AwaitCommitOperation:  sleeping for 20 msec. [CONTEXT service_id=133 ]
11-16 09:56:16.231: I/CarrierServices(16689): [2] btr.b: onReceive(): intent=Intent { act=android.net.conn.CONNECTIVITY_CHANGE flg=0x4200010 (has extras) }, isDeviceIdleMode=false
11-16 09:56:16.234: I/BugleRcsEngine(10313): [2] oli.a: Creating JibeServiceComponent
11-16 09:56:16.242: I/BugleRcsEngine(10313): [2] oer.b: Initializing Carrier Services Logging.
11-16 09:56:16.258: D/BugleRcsEngine(10313): log_saver already enabled
11-16 09:56:16.260: D/ConnectivityService(1159): requestNetwork for uid/pid:10111/10313 NetworkRequest [ TRACK_DEFAULT id=54, [ Capabilities: INTERNET&NOT_RESTRICTED&TRUSTED Unwanted:  Uid: 10111] ]
11-16 09:56:16.261: D/Ethernet(1159): got request NetworkRequest [ TRACK_DEFAULT id=54, [ Capabilities: INTERNET&NOT_RESTRICTED&TRUSTED Unwanted:  Uid: 10111] ] with score 60
11-16 09:56:16.261: D/WIFI_AWARE_FACTORY(1159): got request NetworkRequest [ TRACK_DEFAULT id=54, [ Capabilities: INTERNET&NOT_RESTRICTED&TRUSTED Unwanted:  Uid: 10111] ] with score 60
11-16 09:56:16.261: D/WIFI(1159): got request NetworkRequest [ TRACK_DEFAULT id=54, [ Capabilities: INTERNET&NOT_RESTRICTED&TRUSTED Unwanted:  Uid: 10111] ] with score 60
11-16 09:56:16.261: D/WIFI_UT(1159): got request NetworkRequest [ TRACK_DEFAULT id=54, [ Capabilities: INTERNET&NOT_RESTRICTED&TRUSTED Unwanted:  Uid: 10111] ] with score 60
11-16 09:56:16.261: D/PhoneSwitcherNetworkRequstListener(3811): got request NetworkRequest [ TRACK_DEFAULT id=54, [ Capabilities: INTERNET&NOT_RESTRICTED&TRUSTED Unwanted:  Uid: 10111] ] with score 60
11-16 09:56:16.264: I/Bugle(10313): GServicesValues:
11-16 09:56:16.264: I/Bugle(10313): bugle_enable_primes_crash_metrics: true
11-16 09:56:16.264: I/Bugle(10313): bugle_max_telemetry_upload_retries: 10
11-16 09:56:16.264: I/Bugle(10313): bugle_sticker_set_list_version: 3
11-16 09:56:16.264: I/BugleRcsEngine(10313): [592] ore.d: Connected state: [2], networkType: [WIFI]
11-16 09:56:16.266: I/BugleRcsEngine(10313): [592] ore.d: Connected state: [2], networkType: [WIFI]
11-16 09:56:16.270: W/VideoCapabilities(16689): Unrecognized profile 2130706433 for video/avc
11-16 09:56:16.270: W/VideoCapabilities(16689): Unrecognized profile 2130706434 for video/avc
11-16 09:56:16.270: I/BugleRcsEngine(10313): [2] ofm.<init>: RcsEngine: Constructor running in com.google.android.apps.messaging
11-16 09:56:16.271: I/BugleRcsEngine(10313): [2] pcm.a: Destroying ProvisioningEngineComponent
11-16 09:56:16.271: I/BugleRcsEngine(10313): [2] pcm.a: Initialize Provisioning Engine V2
11-16 09:56:16.273: W/VideoCapabilities(16689): Unrecognized profile 2130706433 for video/avc
11-16 09:56:16.273: W/VideoCapabilities(16689): Unrecognized profile 2130706434 for video/avc
11-16 09:56:16.276: I/BugleRcsEngine(10313): [2] pet.a: Sending ProvisioningEvent to Bugle [Enable PEv2 (17)], null
11-16 09:56:16.278: I/BugleRcsEngine(10313): [2] oli.a: Creating ProvisioningEngineComponent
11-16 09:56:16.285: I/TestSupport(13347): AwaitCommitOperation: uncommitted: FlagOverride(com.google.android.gms.auth.api.credentials, , Flag(SaveStrategy__enableSaving, false, 2, 0), false) [CONTEXT service_id=133 ]
11-16 09:56:16.286: I/TestSupport(13347): AwaitCommitOperation:  sleeping for 40 msec. [CONTEXT service_id=133 ]
11-16 09:56:16.288: W/VideoCapabilities(16689): Unrecognized profile 2130706433 for video/avc
11-16 09:56:16.288: W/VideoCapabilities(16689): Unrecognized profile 2130706434 for video/avc
11-16 09:56:16.295: I/BugleRcsEngine(10313): [2] JibeService.b: Ignoring call to disable RCS because PEv2 is enabled
11-16 09:56:16.295: W/VideoCapabilities(16689): Unrecognized profile 4 for video/hevc
11-16 09:56:16.297: I/BugleRcsEngine(10313): [618] ProvisioningEngineStateMachine$StateBase.a: Enter EnabledState
11-16 09:56:16.297: I/BugleRcsEngine(10313): [2] pet.a: Sending ProvisioningEvent to Bugle [Request Bugle information (15)], null
11-16 09:56:16.301: D/BugleRcsEngine(10313): log_saver already enabled
11-16 09:56:16.304: W/BugleRcsEngine(10313): [618] pcp.c: No config URL. RCS will be disabled!
11-16 09:56:16.314: I/BugleRcsEngine(10313): [618] pev.a: RcsAvailabilityManager: Calculating Rcs Availability
11-16 09:56:16.317: I/BugleRcsEngine(10313): [619] pot.a: Sim state is not ready. Returning last known operation mode.
11-16 09:56:16.323: I/BugleRcsEngine(10313): [619] pot.a: Sim state is not ready. Returning last known operation mode.
11-16 09:56:16.327: E/BugleRcsEngine(10313): [2] JibeService.a: onSimRemoved: not using a test number at the moment
11-16 09:56:16.327: I/BugleRcsEngine(10313): [618] pdr.a: BatteryOptimizationManager: requestGmscoreUnbind
11-16 09:56:16.327: I/BugleRcsEngine(10313): [618] pev.a: RcsAvailabilityManager: Updating Rcs Availability to DISABLED_SIM_ABSENT (RCS is disabled due to SIM absent)
11-16 09:56:16.328: W/BugleRcsEngine(10313): [618] pcp.c: No config URL. RCS will be disabled!
11-16 09:56:16.329: I/BugleRcsEngine(10313): [2] JibeService.a: onSimRemoved: JibePreferences hasSim: [false], rcsEnabled: [false]
11-16 09:56:16.329: I/BugleRcsEngine(10313): [2] JibeService.a: SIM has been removed.
11-16 09:56:16.330: W/VideoCapabilities(16689): Unrecognized profile 4 for video/hevc
11-16 09:56:16.331: I/BugleRcsEngine(10313): [2] pev.a: RcsAvailabilityManager: Calculating Rcs Availability
11-16 09:56:16.334: I/BugleRcsEngine(10313): [2] pet.a: Sending ProvisioningEvent to Bugle [Request Bugle information (15)], null
11-16 09:56:16.339: I/BugleRcsEngine(10313): [618] pet.a: Sending ProvisioningEvent to Bugle [Availability updated (12)], [aQxmkSF8RuZ2gv9Q_9qD9VRmeTc]
11-16 09:56:16.343: I/ActivityManager(1159): Killing 13978:com.google.android.GoogleCamera/u0a130 (adj 906): empty #17
11-16 09:56:16.344: W/libprocessgroup(1159): kill(-13978, 9) failed: No such process
11-16 09:56:16.349: I/BugleRcsEngine(10313): [618] pev.a: Sending ProvisioningEvent Internal [Availability updated (12)], [aQxmkSF8RuZ2gv9Q_9qD9VRmeTc]
11-16 09:56:16.351: I/BugleRcsEngine(10313): [618] pet.a: Sending ProvisioningEvent to Bugle [Update provisioning status (11)], [aco8Kp25ZBCgUZalyGUIq1_Tamc]
11-16 09:56:16.353: I/BugleRcsEngine(10313): [618] ProvisioningEngineStateMachine.a: EnabledState: event SIM event
11-16 09:56:16.354: I/BugleRcsEngine(10313): [618] ProvisioningEngineStateMachine$StateBase.a: EnabledState: Transition to disabled
11-16 09:56:16.354: I/BugleRcsEngine(10313): [618] ProvisioningEngineStateMachine$StateBase.c: Exit EnabledState
11-16 09:56:16.355: I/ActivityManager(1159): Start proc 16757:com.google.intelligence.sense/u0a31 for broadcast com.google.intelligence.sense/.ambientmusic.SystemBroadcastReceiver
11-16 09:56:16.355: W/BugleRcsEngine(10313): [618] pcp.c: No config URL. RCS will be disabled!
11-16 09:56:16.359: E/elligence.sens(16757): Not starting debugger since process cannot load the jdwp agent.
11-16 09:56:16.360: I/BugleRcsEngine(10313): [618] ProvisioningEngineStateMachine$StateBase.a: Enter DisabledState
11-16 09:56:16.371: I/TestSupport(13347): AwaitCommitOperation: uncommitted: FlagOverride(com.google.android.gms.auth.api.credentials, , Flag(SaveStrategy__enableSaving, false, 2, 0), false) [CONTEXT service_id=133 ]
11-16 09:56:16.372: I/TestSupport(13347): AwaitCommitOperation:  sleeping for 80 msec. [CONTEXT service_id=133 ]
11-16 09:56:16.379: W/libprocessgroup(1159): kill(-13978, 9) failed: No such process
11-16 09:56:16.388: I/MediaCodecVideoEncoder(16689): [000:180] [16724] MediaCodecVideoEncoder: Found target encoder for mime video/x-vnd.on2.vp8 : OMX.qcom.video.encoder.vp8. Color: 0x15. Bitrate adjustment: NO_ADJUSTMENT
11-16 09:56:16.388: I/MediaCodecVideoEncoder(16689): [000:180] [16724] MediaCodecVideoEncoder: VP8 HW Encoder supported.
11-16 09:56:16.389: I/MediaCodecVideoDecoder(16689): [000:181] [16724] MediaCodecVideoDecoder: Trying to find HW decoder for mime video/avc
11-16 09:56:16.389: I/MediaCodecVideoDecoder(16689): [000:181] [16724] MediaCodecVideoDecoder: Found candidate decoder OMX.qcom.video.decoder.avc
11-16 09:56:16.389: I/MediaCodecVideoDecoder(16689): [000:181] [16724] MediaCodecVideoDecoder: Found target decoder OMX.qcom.video.decoder.avc. Color: 0x13
11-16 09:56:16.389: I/MediaCodecVideoEncoder(16689): [000:181] [16724] MediaCodecVideoEncoder: H.264 High Profile HW Encoder supported.
11-16 09:56:16.390: I/MediaCodecVideoEncoder(16689): [000:182] [16724] MediaCodecVideoEncoder: Found target encoder for mime video/avc : OMX.qcom.video.encoder.avc. Color: 0x15. Bitrate adjustment: NO_ADJUSTMENT
11-16 09:56:16.390: I/MediaCodecVideoEncoder(16689): [000:182] [16724] MediaCodecVideoEncoder: H.264 HW Encoder supported.
11-16 09:56:16.390: I/MediaCodecVideoDecoder(16689): [000:182] [16724] MediaCodecVideoDecoder: MediaCodecVideoDecoderFactory ctor
11-16 09:56:16.390: I/MediaCodecVideoDecoder(16689): [000:182] [16724] MediaCodecVideoDecoder: Trying to find HW decoder for mime video/x-vnd.on2.vp8
11-16 09:56:16.390: I/MediaCodecVideoDecoder(16689): [000:182] [16724] MediaCodecVideoDecoder: Found candidate decoder OMX.qcom.video.decoder.vp8
11-16 09:56:16.390: I/MediaCodecVideoDecoder(16689): [000:182] [16724] MediaCodecVideoDecoder: Found target decoder OMX.qcom.video.decoder.vp8. Color: 0x13
11-16 09:56:16.390: I/MediaCodecVideoDecoder(16689): [000:182] [16724] MediaCodecVideoDecoder: VP8 HW Decoder supported.
11-16 09:56:16.390: I/MediaCodecVideoDecoder(16689): [000:182] [16724] MediaCodecVideoDecoder: Trying to find HW decoder for mime video/x-vnd.on2.vp9
11-16 09:56:16.391: I/MediaCodecVideoDecoder(16689): [000:183] [16724] MediaCodecVideoDecoder: Found candidate decoder OMX.qcom.video.decoder.vp9
11-16 09:56:16.391: I/MediaCodecVideoDecoder(16689): [000:183] [16724] MediaCodecVideoDecoder: Found target decoder OMX.qcom.video.decoder.vp9. Color: 0x13
11-16 09:56:16.391: I/MediaCodecVideoDecoder(16689): [000:183] [16724] MediaCodecVideoDecoder: VP9 HW Decoder supported.
11-16 09:56:16.391: I/MediaCodecVideoDecoder(16689): [000:183] [16724] MediaCodecVideoDecoder: Trying to find HW decoder for mime video/avc
11-16 09:56:16.391: I/MediaCodecVideoDecoder(16689): [000:183] [16724] MediaCodecVideoDecoder: Found candidate decoder OMX.qcom.video.decoder.avc
11-16 09:56:16.391: I/MediaCodecVideoDecoder(16689): [000:183] [16724] MediaCodecVideoDecoder: Found target decoder OMX.qcom.video.decoder.avc. Color: 0x13
11-16 09:56:16.391: I/MediaCodecVideoDecoder(16689): [000:183] [16724] MediaCodecVideoDecoder: H264 HW Decoder supported.
11-16 09:56:16.391: I/libjingle(16689): [000:183] [16724] (webrtcvoiceengine.cc:210): WebRtcVoiceEngine::WebRtcVoiceEngine
11-16 09:56:16.391: I/libjingle(16689): [000:183] [16724] (webrtcvideoengine.cc:546): WebRtcVideoEngine::WebRtcVideoEngine()
11-16 09:56:16.392: I/libjingle(16689): [000:184] [16745] (webrtcvoiceengine.cc:233): WebRtcVoiceEngine::Init
11-16 09:56:16.392: I/libjingle(16689): [000:184] [16745] (webrtcvoiceengine.cc:240): Supported send codecs in order of preference:
11-16 09:56:16.393: I/libjingle(16689): [000:185] [16745] (webrtcvoiceengine.cc:243): opus/48000/2 { minptime=10 useinbandfec=1 } (111)
11-16 09:56:16.393: I/libjingle(16689): [000:185] [16745] (webrtcvoiceengine.cc:243): ISAC/16000/1 (103)
11-16 09:56:16.393: I/libjingle(16689): [000:185] [16745] (webrtcvoiceengine.cc:243): ISAC/32000/1 (104)
11-16 09:56:16.393: I/libjingle(16689): [000:185] [16745] (webrtcvoiceengine.cc:243): G722/8000/1 (9)
11-16 09:56:16.393: I/libjingle(16689): [000:185] [16745] (webrtcvoiceengine.cc:243): PCMU/8000/1 (0)
11-16 09:56:16.393: I/libjingle(16689): [000:185] [16745] (webrtcvoiceengine.cc:243): PCMA/8000/1 (8)
11-16 09:56:16.393: I/libjingle(16689): [000:185] [16745] (webrtcvoiceengine.cc:243): CN/32000/1 (106)
11-16 09:56:16.393: I/libjingle(16689): [000:185] [16745] (webrtcvoiceengine.cc:243): CN/16000/1 (105)
11-16 09:56:16.393: I/libjingle(16689): [000:185] [16745] (webrtcvoiceengine.cc:243): CN/8000/1 (13)
11-16 09:56:16.393: I/libjingle(16689): [000:185] [16745] (webrtcvoiceengine.cc:243): telephone-event/48000/1 (110)
11-16 09:56:16.393: I/libjingle(16689): [000:185] [16745] (webrtcvoiceengine.cc:243): telephone-event/32000/1 (112)
11-16 09:56:16.393: I/libjingle(16689): [000:185] [16745] (webrtcvoiceengine.cc:243): telephone-event/16000/1 (113)
11-16 09:56:16.393: I/libjingle(16689): [000:185] [16745] (webrtcvoiceengine.cc:243): telephone-event/8000/1 (126)
11-16 09:56:16.393: I/libjingle(16689): [000:185] [16745] (webrtcvoiceengine.cc:246): Supported recv codecs in order of preference:
11-16 09:56:16.393: I/libjingle(16689): [000:185] [16745] (webrtcvoiceengine.cc:249): opus/48000/2 { minptime=10 useinbandfec=1 } (111)
11-16 09:56:16.393: I/libjingle(16689): [000:185] [16745] (webrtcvoiceengine.cc:249): ISAC/16000/1 (103)
11-16 09:56:16.393: I/libjingle(16689): [000:185] [16745] (webrtcvoiceengine.cc:249): ISAC/32000/1 (104)
11-16 09:56:16.393: I/libjingle(16689): [000:185] [16745] (webrtcvoiceengine.cc:249): G722/8000/1 (9)
11-16 09:56:16.393: I/libjingle(16689): [000:185] [16745] (webrtcvoiceengine.cc:249): PCMU/8000/1 (0)
11-16 09:56:16.393: I/libjingle(16689): [000:185] [16745] (webrtcvoiceengine.cc:249): PCMA/8000/1 (8)
11-16 09:56:16.393: I/libjingle(16689): [000:185] [16745] (webrtcvoiceengine.cc:249): CN/32000/1 (106)
11-16 09:56:16.393: I/libjingle(16689): [000:185] [16745] (webrtcvoiceengine.cc:249): CN/16000/1 (105)
11-16 09:56:16.393: I/libjingle(16689): [000:185] [16745] (webrtcvoiceengine.cc:249): CN/8000/1 (13)
11-16 09:56:16.393: I/libjingle(16689): [000:185] [16745] (webrtcvoiceengine.cc:249): telephone-event/48000/1 (110)
11-16 09:56:16.394: I/libjingle(16689): [000:186] [16745] (webrtcvoiceengine.cc:249): telephone-event/32000/1 (112)
11-16 09:56:16.394: I/libjingle(16689): [000:186] [16745] (webrtcvoiceengine.cc:249): telephone-event/16000/1 (113)
11-16 09:56:16.394: I/libjingle(16689): [000:186] [16745] (webrtcvoiceengine.cc:249): telephone-event/8000/1 (126)
11-16 09:56:16.394: I/libjingle(16689): [000:186] [16745] (audio_device_impl.cc:74): Create
11-16 09:56:16.394: I/libjingle(16689): [000:186] [16745] (audio_device_buffer.cc:63): AudioDeviceBuffer::ctor
11-16 09:56:16.394: I/libjingle(16689): [000:186] [16745] (audio_device_impl.cc:108): AudioDeviceModuleImpl
11-16 09:56:16.394: I/libjingle(16689): [000:186] [16745] (audio_device_impl.cc:112): CheckPlatform
11-16 09:56:16.394: I/libjingle(16689): [000:186] [16745] (audio_device_impl.cc:120): current platform is Android
11-16 09:56:16.394: I/libjingle(16689): [000:186] [16745] (audio_device_impl.cc:142): CreatePlatformSpecificObjects
11-16 09:56:16.394: I/libjingle(16689): [000:186] [16745] (audio_device_impl.cc:906): PlatformAudioLayer
11-16 09:56:16.394: I/libjingle(16689): [000:186] [16745] (jvm_android.cc:73): AttachCurrentThreadIfNeeded::ctor
11-16 09:56:16.394: I/libjingle(16689): [000:186] [16745] (jvm_android.cc:78): Attaching thread to JVM
11-16 09:56:16.394: I/libjingle(16689): [000:186] [16745] (jvm_android.cc:262): JVM::environment
11-16 09:56:16.394: I/libjingle(16689): [000:186] [16745] (jvm_android.cc:186): JNIEnvironment::ctor
11-16 09:56:16.394: I/libjingle(16689): [000:186] [16745] (audio_manager.cc:71): ctor
11-16 09:56:16.394: I/libjingle(16689): [000:186] [16745] (jvm_android.cc:196): JNIEnvironment::RegisterNatives: org/webrtc/voiceengine/WebRtcAudioManager
11-16 09:56:16.394: I/libjingle(16689): [000:186] [16745] (jvm_android.cc:135): NativeRegistration::ctor
11-16 09:56:16.394: I/libjingle(16689): [000:186] [16745] (jvm_android.cc:146): NativeRegistration::NewObject
11-16 09:56:16.395: I/WebRtcAudioManager(16689): [000:187] [16745] WebRtcAudioManager: ctor@[name=Thread-3, id=783]
11-16 09:56:16.396: I/BugleRcsEngine(10313): [615] pkj.b: Processing an intent
11-16 09:56:16.399: I/WebRtcAudioManager(16689): [000:191] [16745] WebRtcAudioManager: Sample rate is set to 48000 Hz
11-16 09:56:16.409: I/WebRtcAudioEffects(16689): [000:201] [16745] WebRtcAudioEffects: canUseAcousticEchoCanceler: true
11-16 09:56:16.409: I/WebRtcAudioEffects(16689): [000:201] [16745] WebRtcAudioEffects: canUseNoiseSuppressor: true
11-16 09:56:16.410: W/WebRtcAudioManager(16689): [000:202] [16745] WebRtcAudioManager: AAudio support is currently disabled on all devices!
11-16 09:56:16.411: I/libjingle(16689): [000:203] [16745] (audio_manager.cc:276): OnCacheAudioParameters: hardware_aec: 1, hardware_agc: 0, hardware_ns: 1, low_latency_output: 1, low_latency_input: 1, pro_audio: 1, a_audio: 0, sample_rate: 48000, output_channels: 1, input_channels: 1, output_buffer_size: 96, input_buffer_size: 96
11-16 09:56:16.411: I/WebRtcAudioManager(16689): [000:203] [16745] WebRtcAudioManager: Android SDK: 28, Release: 9, Brand: google, Device: blueline, Id: PQ3A.190801.002, Hardware: blueline, Manufacturer: Google, Model: Pixel 3, Product: blueline
11-16 09:56:16.412: W/DeviceHAL(753): Error from HAL Device in function get_mic_mute: Function not implemented
11-16 09:56:16.413: W/DeviceHAL(753): Error from HAL Device in function get_mic_mute: Function not implemented
11-16 09:56:16.416: I/WebRtcAudioManager(16689): [000:208] [16745] WebRtcAudioManager: Audio State: audio mode: MODE_NORMAL, has mic: true, mic muted: false, music active: false, speakerphone: false, BT SCO: false
11-16 09:56:16.416: I/WebRtcAudioManager(16689): [000:208] [16745] WebRtcAudioManager: Audio State: 
11-16 09:56:16.416: I/WebRtcAudioManager(16689): [000:208] [16745] WebRtcAudioManager:   fixed volume=false
11-16 09:56:16.418: I/WebRtcAudioManager(16689): [000:210] [16745] WebRtcAudioManager:   STREAM_VOICE_CALL: volume=1, max=7, muted=false
11-16 09:56:16.419: I/WebRtcAudioManager(16689): [000:211] [16745] WebRtcAudioManager:   STREAM_MUSIC: volume=0, max=25, muted=false
11-16 09:56:16.419: I/WebRtcAudioManager(16689): [000:211] [16745] WebRtcAudioManager:   STREAM_RING: volume=0, max=7, muted=true
11-16 09:56:16.420: I/WebRtcAudioManager(16689): [000:212] [16745] WebRtcAudioManager:   STREAM_ALARM: volume=1, max=7, muted=false
11-16 09:56:16.421: I/WebRtcAudioManager(16689): [000:213] [16745] WebRtcAudioManager:   STREAM_NOTIFICATION: volume=0, max=7, muted=true
11-16 09:56:16.422: I/WebRtcAudioManager(16689): [000:214] [16745] WebRtcAudioManager:   STREAM_SYSTEM: volume=0, max=7, muted=true
11-16 09:56:16.425: W/libprocessgroup(1159): kill(-13978, 9) failed: No such process
11-16 09:56:16.430: I/s.messaging:rc(10313): Waiting for a blocking GC ProfileSaver
11-16 09:56:16.432: I/WebRtcAudioManager(16689): [000:224] [16745] WebRtcAudioManager: Audio Devices: 
11-16 09:56:16.433: I/WebRtcAudioManager(16689): [000:225] [16745] WebRtcAudioManager:   TYPE_BUILTIN_EARPIECE(out): id=2
11-16 09:56:16.433: I/WebRtcAudioManager(16689): [000:225] [16745] WebRtcAudioManager:   TYPE_BUILTIN_SPEAKER(out): id=3
11-16 09:56:16.433: I/WebRtcAudioManager(16689): [000:225] [16745] WebRtcAudioManager:   TYPE_TELEPHONY(out): id=11
11-16 09:56:16.433: I/WebRtcAudioManager(16689): [000:225] [16745] WebRtcAudioManager:   TYPE_BUILTIN_MIC(in): channels=[1, 2, 3], encodings=[4], sample rates=[8000, 11025, 12000, 16000, 22050, 24000, 32000, 44100, 48000], id=18
11-16 09:56:16.433: I/WebRtcAudioManager(16689): [000:225] [16745] WebRtcAudioManager:   TYPE_BUILTIN_MIC(in): channels=[1, 2, 3], encodings=[4], sample rates=[8000, 11025, 12000, 16000, 22050, 24000, 32000, 44100, 48000], id=19
11-16 09:56:16.433: I/WebRtcAudioManager(16689): [000:225] [16745] WebRtcAudioManager:   TYPE_TELEPHONY(in): channels=[1, 2], encodings=[2], sample rates=[8000, 16000, 48000], id=22
11-16 09:56:16.433: I/libjingle(16689): [000:225] [16745] (jvm_android.cc:98): GlobalRef::ctor
11-16 09:56:16.433: I/libjingle(16689): [000:225] [16745] (audio_manager.cc:36): JavaAudioManager::ctor
11-16 09:56:16.434: I/WebRtcAudioManager(16689): [000:226] [16745] WebRtcAudioManager: Pixel 3 is blacklisted for OpenSL ES usage!
11-16 09:56:16.434: I/WebRtcAudioManager(16689): [000:226] [16745] WebRtcAudioManager: Pixel 3 is blacklisted for OpenSL ES usage!
11-16 09:56:16.434: I/libjingle(16689): [000:226] [16745] (jvm_android.cc:73): AttachCurrentThreadIfNeeded::ctor
11-16 09:56:16.434: I/libjingle(16689): [000:226] [16745] (jvm_android.cc:262): JVM::environment
11-16 09:56:16.434: I/libjingle(16689): [000:226] [16745] (jvm_android.cc:186): JNIEnvironment::ctor
11-16 09:56:16.434: I/libjingle(16689): [000:226] [16745] (audio_track_jni.cc:73): ctor
11-16 09:56:16.434: I/libjingle(16689): [000:226] [16745] (jvm_android.cc:196): JNIEnvironment::RegisterNatives: org/webrtc/voiceengine/WebRtcAudioTrack
11-16 09:56:16.434: I/libjingle(16689): [000:226] [16745] (jvm_android.cc:135): NativeRegistration::ctor
11-16 09:56:16.434: I/libjingle(16689): [000:226] [16745] (jvm_android.cc:146): NativeRegistration::NewObject
11-16 09:56:16.434: I/WebRtcAudioTrack(16689): [000:226] [16745] WebRtcAudioTrack: ctor@[name=Thread-3, id=783]
11-16 09:56:16.434: I/libjingle(16689): [000:226] [16745] (jvm_android.cc:98): GlobalRef::ctor
11-16 09:56:16.434: I/libjingle(16689): [000:226] [16745] (jvm_android.cc:73): AttachCurrentThreadIfNeeded::ctor
11-16 09:56:16.434: I/libjingle(16689): [000:226] [16745] (jvm_android.cc:262): JVM::environment
11-16 09:56:16.434: I/libjingle(16689): [000:226] [16745] (jvm_android.cc:186): JNIEnvironment::ctor
11-16 09:56:16.434: I/libjingle(16689): [000:226] [16745] (audio_record_jni.cc:96): ctor
11-16 09:56:16.434: I/libjingle(16689): [000:226] [16745] (jvm_android.cc:196): JNIEnvironment::RegisterNatives: org/webrtc/voiceengine/WebRtcAudioRecord
11-16 09:56:16.434: I/BugleRcsEngine(10313): [615] pkj.handleSimState: SIM state ABSENT
11-16 09:56:16.434: I/libjingle(16689): [000:226] [16745] (jvm_android.cc:135): NativeRegistration::ctor
11-16 09:56:16.434: I/libjingle(16689): [000:226] [16745] (jvm_android.cc:146): NativeRegistration::NewObject
11-16 09:56:16.435: I/WebRtcAudioRecord(16689): [000:227] [16745] WebRtcAudioRecord: ctor@[name=Thread-3, id=783]
11-16 09:56:16.435: I/WebRtcAudioEffects(16689): [000:227] [16745] WebRtcAudioEffects: ctor@[name=Thread-3, id=783]
11-16 09:56:16.435: I/libjingle(16689): [000:227] [16745] (jvm_android.cc:98): GlobalRef::ctor
11-16 09:56:16.435: I/libjingle(16689): [000:227] [16745] (audio_device_template.h:42): AudioDeviceTemplate
11-16 09:56:16.435: I/libjingle(16689): [000:227] [16745] (audio_manager.cc:93): SetActiveAudioLayer: 5
11-16 09:56:16.435: I/libjingle(16689): [000:227] [16745] (audio_manager.cc:106): delay_estimate_in_milliseconds: 150
11-16 09:56:16.435: I/libjingle(16689): [000:227] [16745] (audio_device_impl.cc:282): AttachAudioBuffer
11-16 09:56:16.435: I/BugleRcsEngine(10313): [615] pkj.sendBroadcastSimState: Broadcasting Intent { act=com.google.android.ims.SIM_ABSENT }
11-16 09:56:16.435: I/libjingle(16689): [000:227] [16745] (audio_device_template.h:371): AttachAudioBuffer
11-16 09:56:16.435: I/libjingle(16689): [000:227] [16745] (audio_track_jni.cc:196): AttachAudioBuffer
11-16 09:56:16.435: I/libjingle(16689): [000:227] [16745] (audio_track_jni.cc:200): SetPlayoutSampleRate(48000)
11-16 09:56:16.435: I/libjingle(16689): [000:227] [16745] (audio_device_buffer.cc:192): SetPlayoutSampleRate(48000)
11-16 09:56:16.435: I/libjingle(16689): [000:227] [16745] (audio_track_jni.cc:203): SetPlayoutChannels(1)
11-16 09:56:16.435: I/libjingle(16689): [000:227] [16745] (audio_device_buffer.cc:216): SetPlayoutChannels(1)
11-16 09:56:16.435: I/libjingle(16689): [000:227] [16745] (audio_record_jni.cc:198): AttachAudioBuffer
11-16 09:56:16.435: I/libjingle(16689): [000:227] [16745] (audio_record_jni.cc:202): SetRecordingSampleRate(48000)
11-16 09:56:16.435: I/libjingle(16689): [000:227] [16745] (audio_device_buffer.cc:185): SetRecordingSampleRate(48000)
11-16 09:56:16.435: I/libjingle(16689): [000:227] [16745] (audio_record_jni.cc:205): SetRecordingChannels(1)
11-16 09:56:16.435: I/libjingle(16689): [000:227] [16745] (audio_device_buffer.cc:209): SetRecordingChannels(1)
11-16 09:56:16.435: I/libjingle(16689): [000:227] [16745] (audio_record_jni.cc:210): total_delay_in_milliseconds: 150
11-16 09:56:16.435: I/libjingle(16689): [000:227] [16745] (audio_device_impl.cc:302): Init
11-16 09:56:16.435: I/libjingle(16689): [000:227] [16745] (audio_device_template.h:57): Init
11-16 09:56:16.435: I/libjingle(16689): [000:227] [16745] (audio_manager.cc:152): Init
11-16 09:56:16.435: I/WebRtcAudioManager(16689): [000:227] [16745] WebRtcAudioManager: init@[name=Thread-3, id=783]
11-16 09:56:16.441: I/WebRtcAudioManager(16689): [000:233] [16745] WebRtcAudioManager: audio mode is: MODE_NORMAL
11-16 09:56:16.443: W/BugleRcsEngine(10313): [618] pcp.c: No config URL. RCS will be disabled!
11-16 09:56:16.444: I/libjingle(16689): [000:236] [16745] (audio_track_jni.cc:101): Init
11-16 09:56:16.444: I/libjingle(16689): [000:236] [16745] (audio_record_jni.cc:124): Init
11-16 09:56:16.444: I/libjingle(16689): [000:236] [16745] (audio_device_impl.cc:643): SetPlayoutDevice(0)
11-16 09:56:16.444: I/libjingle(16689): [000:236] [16745] (audio_device_template.h:120): SetPlayoutDevice
11-16 09:56:16.444: I/libjingle(16689): [000:236] [16745] (audio_device_impl.cc:335): InitSpeaker
11-16 09:56:16.444: I/libjingle(16689): [000:236] [16745] (audio_device_template.h:219): InitSpeaker
11-16 09:56:16.444: I/libjingle(16689): [000:236] [16745] (audio_device_impl.cc:547): StereoPlayoutIsAvailable
11-16 09:56:16.444: I/libjingle(16689): [000:236] [16745] (audio_device_template.h:321): StereoPlayoutIsAvailable
11-16 09:56:16.444: I/libjingle(16689): [000:236] [16745] (audio_device_impl.cc:554): output: 0
11-16 09:56:16.444: I/libjingle(16689): [000:236] [16745] (audio_device_impl.cc:559): SetStereoPlayout(0)
11-16 09:56:16.444: I/libjingle(16689): [000:236] [16745] (audio_device_template.h:155): PlayoutIsInitialized
11-16 09:56:16.444: I/libjingle(16689): [000:236] [16745] (audio_device_template.h:327): SetStereoPlayout
11-16 09:56:16.444: I/libjingle(16689): [000:236] [16745] (audio_device_buffer.cc:216): SetPlayoutChannels(1)
11-16 09:56:16.444: I/libjingle(16689): [000:236] [16745] (audio_device_impl.cc:705): SetRecordingDevice(0)
11-16 09:56:16.444: I/libjingle(16689): [000:236] [16745] (audio_device_template.h:133): SetRecordingDevice
11-16 09:56:16.444: I/libjingle(16689): [000:236] [16745] (audio_device_impl.cc:341): InitMicrophone
11-16 09:56:16.444: I/libjingle(16689): [000:236] [16745] (audio_device_template.h:229): InitMicrophone
11-16 09:56:16.444: I/libjingle(16689): [000:236] [16745] (audio_device_impl.cc:504): StereoRecordingIsAvailable
11-16 09:56:16.444: I/libjingle(16689): [000:236] [16745] (audio_device_template.h:342): StereoRecordingIsAvailable
11-16 09:56:16.452: W/native(16757): commandlineflags.cc:1511 Ignoring RegisterValidateFunction() for flag pointer 0x74a26dd598: no flag found at that address
11-16 09:56:16.453: I/BugleRcsEngine(10313): [618] pet.a: Sending ProvisioningEvent to Bugle [Update provisioning status (11)], [pxpqh-Hb57ovsulQtknwWEmsBeY]
11-16 09:56:16.444: I/libjingle(16689): [000:236] [16745] (audio_device_impl.cc:511): output: 0
