11-16 09:56:31.455: V/ActivityScenario(18205): Activity lifecycle changed event received but ignored because the intent does not match. startActivityIntent=Intent { act=android.intent.action.MAIN cat=[android.intent.category.LAUNCHER] cmp=androidx.navigation.compose.test/androidx.activity.ComponentActivity }, activity.getIntent()=Intent { act=android.intent.action.MAIN cat=[android.intent.category.LAUNCHER] flg=0x10008000 cmp=androidx.navigation.compose.test/androidx.test.core.app.InstrumentationActivityInvoker$BootstrapActivity (has extras) }, activity=androidx.test.core.app.InstrumentationActivityInvoker$BootstrapActivity@a3da7cf
11-16 09:56:31.457: I/ActivityManager(1159): START u0 {act=android.intent.action.MAIN cat=[android.intent.category.LAUNCHER] cmp=androidx.navigation.compose.test/androidx.activity.ComponentActivity} from uid 10172
11-16 09:56:31.459: D/android.hardware.power@1.3-service.crosshatch-libperfmgr(770): LAUNCH ON
11-16 09:56:31.464: D/LifecycleMonitor(18205): Lifecycle status change: androidx.test.core.app.InstrumentationActivityInvoker$BootstrapActivity@a3da7cf in: RESUMED
11-16 09:56:31.465: V/ActivityScenario(18205): Activity lifecycle changed event received but ignored because the intent does not match. startActivityIntent=Intent { act=android.intent.action.MAIN cat=[android.intent.category.LAUNCHER] cmp=androidx.navigation.compose.test/androidx.activity.ComponentActivity }, activity.getIntent()=Intent { act=android.intent.action.MAIN cat=[android.intent.category.LAUNCHER] flg=0x10008000 cmp=androidx.navigation.compose.test/androidx.test.core.app.InstrumentationActivityInvoker$BootstrapActivity (has extras) }, activity=androidx.test.core.app.InstrumentationActivityInvoker$BootstrapActivity@a3da7cf
11-16 09:56:31.466: D/LifecycleMonitor(18205): Lifecycle status change: androidx.test.core.app.InstrumentationActivityInvoker$BootstrapActivity@a3da7cf in: PAUSED
11-16 09:56:31.466: V/ActivityScenario(18205): Activity lifecycle changed event received but ignored because the intent does not match. startActivityIntent=Intent { act=android.intent.action.MAIN cat=[android.intent.category.LAUNCHER] cmp=androidx.navigation.compose.test/androidx.activity.ComponentActivity }, activity.getIntent()=Intent { act=android.intent.action.MAIN cat=[android.intent.category.LAUNCHER] flg=0x10008000 cmp=androidx.navigation.compose.test/androidx.test.core.app.InstrumentationActivityInvoker$BootstrapActivity (has extras) }, activity=androidx.test.core.app.InstrumentationActivityInvoker$BootstrapActivity@a3da7cf
11-16 09:56:31.480: W/ActivityThread(18205): handleWindowVisibility: no activity for token android.os.BinderProxy@224c706
11-16 09:56:31.488: D/LifecycleMonitor(18205): Lifecycle status change: androidx.activity.ComponentActivity@2afbb60 in: PRE_ON_CREATE
11-16 09:56:31.488: V/ActivityScenario(18205): Activity lifecycle changed event received but ignored because the reported transition was not ON_CREATE while the last known transition was PRE_ON_CREATE
11-16 09:56:31.495: D/LifecycleMonitor(18205): Lifecycle status change: androidx.activity.ComponentActivity@2afbb60 in: CREATED
11-16 09:56:31.495: V/ActivityScenario(18205): Update currentActivityStage to CREATED, currentActivity=androidx.activity.ComponentActivity@2afbb60
11-16 09:56:31.498: D/LifecycleMonitor(18205): Lifecycle status change: androidx.activity.ComponentActivity@2afbb60 in: STARTED
11-16 09:56:31.498: V/ActivityScenario(18205): Update currentActivityStage to STARTED, currentActivity=androidx.activity.ComponentActivity@2afbb60
11-16 09:56:31.499: D/LifecycleMonitor(18205): Lifecycle status change: androidx.activity.ComponentActivity@2afbb60 in: RESUMED
11-16 09:56:31.500: V/ActivityScenario(18205): Update currentActivityStage to RESUMED, currentActivity=androidx.activity.ComponentActivity@2afbb60
11-16 09:56:31.500: D/OpenGLRenderer(18205): Skia GL Pipeline
11-16 09:56:31.517: W/id.apps.tachyo(18501): Unknown chunk type '200'.
11-16 09:56:31.535: I/Adreno(18205): QUALCOMM build                   : 3f88ca2, I42f6fe38fb
11-16 09:56:31.535: I/Adreno(18205): Build Date                       : 07/13/18
11-16 09:56:31.535: I/Adreno(18205): OpenGL ES Shader Compiler Version: EV031.24.00.00
11-16 09:56:31.535: I/Adreno(18205): Local Branch                     : 50.04
11-16 09:56:31.535: I/Adreno(18205): Remote Branch                    : 
11-16 09:56:31.535: I/Adreno(18205): Remote Branch                    : 
11-16 09:56:31.535: I/Adreno(18205): Reconstruct Branch               : 
11-16 09:56:31.535: I/Adreno(18205): Build Config                     : S P 4.0.10 AArch64
11-16 09:56:31.533: W/RenderThread(18205): type=1400 audit(0.0:306): avc: denied { read } for name="u:object_r:vendor_default_prop:s0" dev="tmpfs" ino=21099 scontext=u:r:untrusted_app:s0:c172,c256,c512,c768 tcontext=u:object_r:vendor_default_prop:s0 tclass=file permissive=0
11-16 09:56:31.537: E/libc(18205): Access denied finding property "ro.vendor.graphics.memory"
11-16 09:56:31.538: I/Adreno(18205): PFP: 0x016ee170, ME: 0x00000000
11-16 09:56:31.542: I/ConfigStore(18205): android::hardware::configstore::V1_0::ISurfaceFlingerConfigs::hasWideColorDisplay retrieved: 1
11-16 09:56:31.542: I/ConfigStore(18205): android::hardware::configstore::V1_0::ISurfaceFlingerConfigs::hasHDRDisplay retrieved: 1
11-16 09:56:31.542: I/OpenGLRenderer(18205): Initialized EGL, version 1.4
11-16 09:56:31.542: D/OpenGLRenderer(18205): Swap behavior 2
11-16 09:56:31.547: I/GoogleInputMethod(3657): onFinishInput() : Dummy InputConnection bound
11-16 09:56:31.548: I/GoogleInputMethod(3657): onStartInput() : Dummy InputConnection bound
11-16 09:56:31.549: W/RenderThread(18205): type=1400 audit(0.0:307): avc: denied { read } for name="u:object_r:vendor_default_prop:s0" dev="tmpfs" ino=21099 scontext=u:r:untrusted_app:s0:c172,c256,c512,c768 tcontext=u:object_r:vendor_default_prop:s0 tclass=file permissive=0
11-16 09:56:31.553: E/libc(18205): Access denied finding property "vendor.gralloc.enable_ahardware_buffer"
11-16 09:56:31.553: W/RenderThread(1159): type=1400 audit(0.0:308): avc: denied { read } for name="u:object_r:vendor_default_prop:s0" dev="tmpfs" ino=21099 scontext=u:r:system_server:s0 tcontext=u:object_r:vendor_default_prop:s0 tclass=file permissive=0
11-16 09:56:31.555: E/libc(1159): Access denied finding property "vendor.debug.egl.profiler"
11-16 09:56:31.555: E/libc(1159): Access denied finding property "vendor.debug.prerotation.disable"
11-16 09:56:31.556: I/Adreno(1159): QUALCOMM build                   : 3f88ca2, I42f6fe38fb
11-16 09:56:31.556: I/Adreno(1159): Build Date                       : 07/13/18
11-16 09:56:31.556: I/Adreno(1159): OpenGL ES Shader Compiler Version: EV031.24.00.00
11-16 09:56:31.556: I/Adreno(1159): Local Branch                     : 50.04
11-16 09:56:31.556: I/Adreno(1159): Remote Branch                    : 
11-16 09:56:31.556: I/Adreno(1159): Remote Branch                    : 
11-16 09:56:31.556: I/Adreno(1159): Reconstruct Branch               : 
11-16 09:56:31.556: I/Adreno(1159): Build Config                     : S P 4.0.10 AArch64
11-16 09:56:31.561: E/libc(1159): Access denied finding property "vendor.debug.prerotation.disable"
11-16 09:56:31.564: E/libc(1159): Access denied finding property "vendor.debug.prerotation.disable"
11-16 09:56:31.565: I/Adreno(1159): PFP: 0x016ee170, ME: 0x00000000
11-16 09:56:31.565: E/libc(1159): Access denied finding property "vendor.debug.prerotation.disable"
11-16 09:56:31.566: W/StorageManager(17042): fallocate() not supported; falling back to ftruncate()
11-16 09:56:31.568: D/ConnectivityService(1159): Returning BLOCKED NetworkInfo to uid=10148
11-16 09:56:31.569: I/ConfigStore(1159): android::hardware::configstore::V1_0::ISurfaceFlingerConfigs::hasWideColorDisplay retrieved: 1
11-16 09:56:31.569: D/EventBus(18501): No subscribers registered for event class gzh
11-16 09:56:31.569: D/EventBus(18501): No subscribers registered for event class sfa
11-16 09:56:31.569: I/ConfigStore(1159): android::hardware::configstore::V1_0::ISurfaceFlingerConfigs::hasHDRDisplay retrieved: 1
11-16 09:56:31.570: I/OpenGLRenderer(1159): Initialized EGL, version 1.4
11-16 09:56:31.571: D/OpenGLRenderer(1159): Swap behavior 2
11-16 09:56:31.579: D/android.hardware.power@1.3-service.crosshatch-libperfmgr(770): LAUNCH OFF
11-16 09:56:31.589: I/ActivityManager(1159): Displayed androidx.navigation.compose.test/androidx.activity.ComponentActivity: +166ms
11-16 09:56:31.602: W/SurfaceFlinger(644): Attempting to set client state on removed layer: Splash Screen androidx.navigation.compose.test#0
11-16 09:56:31.602: W/SurfaceFlinger(644): Attempting to destroy on removed layer: Splash Screen androidx.navigation.compose.test#0
11-16 09:56:31.606: I/ActivityManager(1159): Killing 16800:com.google.android.gms.ui/u0a7 (adj 906): empty #17
11-16 09:56:31.606: W/libprocessgroup(1159): kill(-16800, 9) failed: No such process
11-16 09:56:31.649: I/Zygote(735): Process 16800 exited due to signal (9)
11-16 09:56:31.651: W/libprocessgroup(1159): kill(-16800, 9) failed: No such process
11-16 09:56:31.651: I/libprocessgroup(1159): Successfully killed process cgroup uid 10007 pid 16800 in 45ms
11-16 09:56:31.653: D/EventBus(18501): No subscribers registered for event class gzh
11-16 09:56:31.653: D/EventBus(18501): No subscribers registered for event class sfa
11-16 09:56:31.668: I/ActivityManager(1159): Start proc 18636:com.google.android.apps.walletnfcrel/u0a152 for broadcast com.google.android.apps.walletnfcrel/com.google.android.libraries.notifications.entrypoints.localechanged.LocaleChangedReceiver
11-16 09:56:31.689: E/ps.walletnfcre(18636): Not starting debugger since process cannot load the jdwp agent.
11-16 09:56:31.708: I/PeopleChimeraService(13347): onService. callbacks = xmw@c0a0bb, request = com.google.android.gms.common.internal.GetServiceRequest@e9f99d8
11-16 09:56:31.718: I/ps.walletnfcre(18636): The ClassLoaderContext is a special shared library.
11-16 09:56:31.763: I/akhr(10549): Scheduling Phenotype for a PhenotypeSyncImmediately(15, com.google.android.apps.chromecast.app) one off with window [1, 2] in seconds [CONTEXT service_id=51 ]
11-16 09:56:31.796: D/Compose Focus(18205): Owner FocusChanged(true)
11-16 09:56:31.814: W/on.compose.tes(18205): Accessing hidden method Landroid/view/RenderNode;->create(Ljava/lang/String;Landroid/view/View;)Landroid/view/RenderNode; (light greylist, linking)
11-16 09:56:31.814: W/on.compose.tes(18205): Accessing hidden method Landroid/view/RenderNode;->getScaleX()F (dark greylist, linking)
11-16 09:56:31.814: W/on.compose.tes(18205): Accessing hidden method Landroid/view/RenderNode;->discardDisplayList()V (light greylist, linking)
11-16 09:56:31.814: W/on.compose.tes(18205): Accessing hidden method Landroid/view/DisplayListCanvas;->drawRenderNode(Landroid/view/RenderNode;)V (light greylist, linking)
11-16 09:56:31.814: W/on.compose.tes(18205): Accessing hidden method Landroid/view/RenderNode;->getScaleX()F (dark greylist, linking)
11-16 09:56:31.814: W/on.compose.tes(18205): Accessing hidden method Landroid/view/RenderNode;->getAlpha()F (dark greylist, linking)
11-16 09:56:31.814: W/on.compose.tes(18205): Accessing hidden method Landroid/view/RenderNode;->getCameraDistance()F (dark greylist, linking)
11-16 09:56:31.814: W/on.compose.tes(18205): Accessing hidden method Landroid/view/RenderNode;->getClipToOutline()Z (dark greylist, linking)
11-16 09:56:31.815: W/on.compose.tes(18205): Accessing hidden method Landroid/view/RenderNode;->getElevation()F (dark greylist, linking)
11-16 09:56:31.815: W/on.compose.tes(18205): Accessing hidden method Landroid/view/RenderNode;->isValid()Z (light greylist, linking)
11-16 09:56:31.815: W/on.compose.tes(18205): Accessing hidden method Landroid/view/RenderNode;->getInverseMatrix(Landroid/graphics/Matrix;)V (dark greylist, linking)
11-16 09:56:31.815: W/on.compose.tes(18205): Accessing hidden method Landroid/view/RenderNode;->getMatrix(Landroid/graphics/Matrix;)V (dark greylist, linking)
11-16 09:56:31.815: W/on.compose.tes(18205): Accessing hidden method Landroid/view/RenderNode;->getPivotX()F (dark greylist, linking)
11-16 09:56:31.815: W/on.compose.tes(18205): Accessing hidden method Landroid/view/RenderNode;->getPivotY()F (dark greylist, linking)
11-16 09:56:31.815: W/on.compose.tes(18205): Accessing hidden method Landroid/view/RenderNode;->getRotationX()F (dark greylist, linking)
11-16 09:56:31.815: W/on.compose.tes(18205): Accessing hidden method Landroid/view/RenderNode;->getRotationY()F (dark greylist, linking)
11-16 09:56:31.815: W/on.compose.tes(18205): Accessing hidden method Landroid/view/RenderNode;->getRotation()F (dark greylist, linking)
11-16 09:56:31.815: W/on.compose.tes(18205): Accessing hidden method Landroid/view/RenderNode;->getScaleX()F (dark greylist, linking)
11-16 09:56:31.815: W/on.compose.tes(18205): Accessing hidden method Landroid/view/RenderNode;->getScaleY()F (dark greylist, linking)
11-16 09:56:31.815: W/on.compose.tes(18205): Accessing hidden method Landroid/view/RenderNode;->getTranslationX()F (dark greylist, linking)
11-16 09:56:31.815: W/on.compose.tes(18205): Accessing hidden method Landroid/view/RenderNode;->getTranslationY()F (dark greylist, linking)
11-16 09:56:31.815: W/on.compose.tes(18205): Accessing hidden method Landroid/view/RenderNode;->offsetLeftAndRight(I)Z (light greylist, linking)
11-16 09:56:31.815: W/on.compose.tes(18205): Accessing hidden method Landroid/view/RenderNode;->offsetTopAndBottom(I)Z (dark greylist, linking)
11-16 09:56:31.815: W/on.compose.tes(18205): Accessing hidden method Landroid/view/RenderNode;->start(II)Landroid/view/DisplayListCanvas; (light greylist, linking)
11-16 09:56:31.815: W/on.compose.tes(18205): Accessing hidden method Landroid/view/RenderNode;->end(Landroid/view/DisplayListCanvas;)V (light greylist, linking)
11-16 09:56:31.815: W/on.compose.tes(18205): Accessing hidden method Landroid/view/RenderNode;->setAlpha(F)Z (dark greylist, linking)
11-16 09:56:31.815: W/on.compose.tes(18205): Accessing hidden method Landroid/view/RenderNode;->setCameraDistance(F)Z (dark greylist, linking)
11-16 09:56:31.815: W/on.compose.tes(18205): Accessing hidden method Landroid/view/RenderNode;->setClipToBounds(Z)Z (light greylist, linking)
11-16 09:56:31.815: W/on.compose.tes(18205): Accessing hidden method Landroid/view/RenderNode;->setClipToOutline(Z)Z (dark greylist, linking)
11-16 09:56:31.815: W/on.compose.tes(18205): Accessing hidden method Landroid/view/RenderNode;->setElevation(F)Z (dark greylist, linking)
11-16 09:56:31.815: W/on.compose.tes(18205): Accessing hidden method Landroid/view/RenderNode;->setHasOverlappingRendering(Z)Z (light greylist, linking)
11-16 09:56:31.815: W/on.compose.tes(18205): Accessing hidden method Landroid/view/RenderNode;->setOutline(Landroid/graphics/Outline;)Z (dark greylist, linking)
11-16 09:56:31.815: W/on.compose.tes(18205): Accessing hidden method Landroid/view/RenderNode;->setPivotX(F)Z (dark greylist, linking)
11-16 09:56:31.815: W/on.compose.tes(18205): Accessing hidden method Landroid/view/RenderNode;->setPivotY(F)Z (dark greylist, linking)
11-16 09:56:31.815: W/on.compose.tes(18205): Accessing hidden method Landroid/view/RenderNode;->setLeftTopRightBottom(IIII)Z (light greylist, linking)
11-16 09:56:31.815: W/on.compose.tes(18205): Accessing hidden method Landroid/view/RenderNode;->setRotationX(F)Z (dark greylist, linking)
11-16 09:56:31.815: W/on.compose.tes(18205): Accessing hidden method Landroid/view/RenderNode;->setRotationY(F)Z (dark greylist, linking)
11-16 09:56:31.815: W/on.compose.tes(18205): Accessing hidden method Landroid/view/RenderNode;->setRotation(F)Z (dark greylist, linking)
11-16 09:56:31.815: W/on.compose.tes(18205): Accessing hidden method Landroid/view/RenderNode;->setScaleX(F)Z (dark greylist, linking)
11-16 09:56:31.815: W/on.compose.tes(18205): Accessing hidden method Landroid/view/RenderNode;->setScaleY(F)Z (dark greylist, linking)
11-16 09:56:31.815: W/on.compose.tes(18205): Accessing hidden method Landroid/view/RenderNode;->setTranslationX(F)Z (dark greylist, linking)
11-16 09:56:31.815: W/on.compose.tes(18205): Accessing hidden method Landroid/view/RenderNode;->setTranslationY(F)Z (dark greylist, linking)
11-16 09:56:31.815: W/on.compose.tes(18205): Accessing hidden method Landroid/view/RenderNode;->getScaleX()F (dark greylist, linking)
11-16 09:56:31.824: D/SurfaceFlinger(644): duplicate layer name: changing androidx.navigation.compose.test/androidx.activity.ComponentActivity to androidx.navigation.compose.test/androidx.activity.ComponentActivity#1
11-16 09:56:31.835: D/LifecycleMonitor(18205): Lifecycle status change: androidx.test.core.app.InstrumentationActivityInvoker$BootstrapActivity@a3da7cf in: STOPPED
11-16 09:56:31.835: V/ActivityScenario(18205): Activity lifecycle changed event received but ignored because the intent does not match. startActivityIntent=Intent { act=android.intent.action.MAIN cat=[android.intent.category.LAUNCHER] cmp=androidx.navigation.compose.test/androidx.activity.ComponentActivity }, activity.getIntent()=Intent { act=android.intent.action.MAIN cat=[android.intent.category.LAUNCHER] flg=0x10008000 cmp=androidx.navigation.compose.test/androidx.test.core.app.InstrumentationActivityInvoker$BootstrapActivity (has extras) }, activity=androidx.test.core.app.InstrumentationActivityInvoker$BootstrapActivity@a3da7cf
11-16 09:56:31.840: I/GoogleInputMethod(3657): onFinishInput() : Dummy InputConnection bound
11-16 09:56:31.840: D/EventInjectionStrategy(18205): Creating injection strategy with input manager.
11-16 09:56:31.840: I/GoogleInputMethod(3657): onStartInput() : Dummy InputConnection bound
11-16 09:56:31.840: W/on.compose.tes(18205): Accessing hidden method Landroid/hardware/input/InputManager;->getInstance()Landroid/hardware/input/InputManager; (light greylist, reflection)
11-16 09:56:31.841: W/on.compose.tes(18205): Accessing hidden method Landroid/hardware/input/InputManager;->injectInputEvent(Landroid/view/InputEvent;I)Z (light greylist, reflection)
11-16 09:56:31.841: W/on.compose.tes(18205): Accessing hidden field Landroid/hardware/input/InputManager;->INJECT_INPUT_EVENT_MODE_WAIT_FOR_FINISH:I (light greylist, reflection)
11-16 09:56:31.852: D/IdlingResourceRegistry(18205): All idling resources are idle.
11-16 09:56:31.853: W/on.compose.tes(18205): Accessing hidden method Landroid/os/MessageQueue;->next()Landroid/os/Message; (light greylist, reflection)
11-16 09:56:31.853: W/on.compose.tes(18205): Accessing hidden field Landroid/os/MessageQueue;->mMessages:Landroid/os/Message; (light greylist, reflection)
11-16 09:56:31.853: W/on.compose.tes(18205): Accessing hidden method Landroid/os/Message;->recycleUnchecked()V (light greylist, reflection)
11-16 09:56:31.865: I/FA(18501): App measurement is starting up, version: 18079
11-16 09:56:31.865: I/FA(18501): To enable debug logging run: adb shell setprop log.tag.FA VERBOSE
11-16 09:56:31.865: I/FA(18501): To enable faster debug mode event logging run:
11-16 09:56:31.865: I/FA(18501):   adb shell setprop debug.firebase.analytics.app com.google.android.apps.tachyon
11-16 09:56:31.868: I/DefaultStickerUpdate(3657): Successfully updated sticker index for DefaultStickerTaskData{enabled=true, metadataUriPrefix=https://www.gstatic.com/android/keyboard/stickers/configs/v5/, supportedLanguage=en}
11-16 09:56:31.869: I/FirebaseJobDispatcher(3657): Task: DefaultStickerUpdate successes.
11-16 09:56:31.873: W/Icing(13347): No valid account for uploading user actions
11-16 09:56:31.877: E/FA(18501): AppMeasurementReceiver not registered/enabled
11-16 09:56:31.878: E/FA(18501): AppMeasurementService not registered/enabled
11-16 09:56:31.878: E/FA(18501): Uploading is not possible. App measurement disabled
11-16 09:56:31.880: I/NetworkScheduler.Stats(10549): Task com.google.android.inputmethod.latin/ finished executing. cause:7 result: 1 elapsed_millis: 2977 uptime_millis: 2977 exec_start_elapsed_seconds: 1055 [CONTEXT service_id=218 ]
11-16 09:56:31.886: I/Icing(13347): Usage reports ok 0, Failed Usage reports 0, indexed 0, rejected 0
11-16 09:56:31.887: D/IdlingResourceRegistry(18205): All idling resources are idle.
11-16 09:56:31.890: W/Icing(13347): No valid account for uploading user actions
11-16 09:56:31.892: D/IdlingResourceRegistry(18205): All idling resources are idle.
11-16 09:56:31.893: D/IdlingResourceRegistry(18205): All idling resources are idle.
11-16 09:56:31.913: I/Icing(13347): Usage reports ok 0, Failed Usage reports 0, indexed 0, rejected 0
11-16 09:56:31.915: I/Icing(13347): Indexing com.google.android.inputmethod.latin-internal.3p:StickerPack from com.google.android.inputmethod.latin
11-16 09:56:31.917: E/ExecutionCriteria(10549): Package unavailable for task: com.google.android.apps.gcs/com.google.android.flib.phenotype.services.PhenotypeExperimentCommitService{u=0 tag="PhenotypeExpCommitSvc" trigger=window{start=0s,end=30s,earliest=-959s,latest=-929s} requirements=[NET_ANY] attributes=[PERSISTED] scheduled=-959s last_run=N/A exec_window_multiplier=1.0000 jid=N/A status=PENDING retries=0 client_lib=MANCHEGO_GCM-11732000} [CONTEXT service_id=218 ]
11-16 09:56:31.917: D/IdlingResourceRegistry(18205): All idling resources are idle.
11-16 09:56:31.918: D/IdlingResourceRegistry(18205): All idling resources are idle.
11-16 09:56:31.920: I/GoogleInputMethod(3657): onFinishInput() : Dummy InputConnection bound
11-16 09:56:31.920: I/GoogleInputMethod(3657): onStartInput() : Dummy InputConnection bound
11-16 09:56:31.923: W/SurfaceFlinger(644): Attempting to set client state on removed layer: androidx.navigation.compose.test/androidx.activity.ComponentActivity#1
11-16 09:56:31.923: W/SurfaceFlinger(644): Attempting to destroy on removed layer: androidx.navigation.compose.test/androidx.activity.ComponentActivity#1
11-16 09:56:31.924: I/ActivityManager(1159): START u0 {act=android.intent.action.MAIN cat=[android.intent.category.LAUNCHER] flg=0x10000000 cmp=androidx.navigation.compose.test/androidx.test.core.app.InstrumentationActivityInvoker$EmptyActivity} from uid 10172
11-16 09:56:31.924: I/.gms.persisten(10549): Background concurrent copying GC freed 207079(11MB) AllocSpace objects, 68(2MB) LOS objects, 49% free, 13MB/27MB, paused 182us total 126.622ms
11-16 09:56:31.925: D/android.hardware.power@1.3-service.crosshatch-libperfmgr(770): LAUNCH ON
11-16 09:56:31.926: E/SQLiteLog(13347): (1) no such table: StickerPack_com.google.android.inputmethod.latin_seq_table
11-16 09:56:31.928: W/SurfaceFlinger(644): Attempting to set client state on removed layer: Dim Layer for - Task=6#0
11-16 09:56:31.928: W/SurfaceFlinger(644): Attempting to destroy on removed layer: Dim Layer for - Task=6#0
11-16 09:56:31.929: D/LifecycleMonitor(18205): Lifecycle status change: androidx.activity.ComponentActivity@2afbb60 in: PAUSED
11-16 09:56:31.929: E/Icing(13347): Cursor call threw an exception: no such table: StickerPack_com.google.android.inputmethod.latin_seq_table (code 1 SQLITE_ERROR): , while compiling: SELECT * FROM [StickerPack_com.google.android.inputmethod.latin_seq_table] WHERE seqno>0 AND tag IS NULL ORDER BY seqno LIMIT 20
11-16 09:56:31.929: V/ActivityScenario(18205): Update currentActivityStage to PAUSED, currentActivity=androidx.activity.ComponentActivity@2afbb60
11-16 09:56:31.929: I/Icing(13347): Indexing done com.google.android.inputmethod.latin-internal.3p:StickerPack
11-16 09:56:31.929: E/Icing(13347): Aborting indexing of corpus internal.3p:StickerPack
11-16 09:56:31.930: I/Icing(13347): Indexing com.google.android.inputmethod.latin-internal.3p:Sticker from com.google.android.inputmethod.latin
11-16 09:56:31.932: E/SQLiteLog(13347): (1) no such table: Sticker_com.google.android.inputmethod.latin_seq_table
11-16 09:56:31.933: E/Icing(13347): Cursor call threw an exception: no such table: Sticker_com.google.android.inputmethod.latin_seq_table (code 1 SQLITE_ERROR): , while compiling: SELECT * FROM [Sticker_com.google.android.inputmethod.latin_seq_table] WHERE seqno>0 AND tag IS NULL ORDER BY seqno LIMIT 20
11-16 09:56:31.933: W/ActivityThread(18205): handleWindowVisibility: no activity for token android.os.BinderProxy@edcf610
11-16 09:56:31.933: I/Icing(13347): Indexing done com.google.android.inputmethod.latin-internal.3p:Sticker
11-16 09:56:31.933: E/Icing(13347): Aborting indexing of corpus internal.3p:Sticker
11-16 09:56:31.938: D/LifecycleMonitor(18205): Lifecycle status change: androidx.test.core.app.InstrumentationActivityInvoker$EmptyActivity@3c1e12f in: PRE_ON_CREATE
11-16 09:56:31.938: V/ActivityScenario(18205): Activity lifecycle changed event received but ignored because the intent does not match. startActivityIntent=Intent { act=android.intent.action.MAIN cat=[android.intent.category.LAUNCHER] cmp=androidx.navigation.compose.test/androidx.activity.ComponentActivity }, activity.getIntent()=Intent { act=android.intent.action.MAIN cat=[android.intent.category.LAUNCHER] flg=0x10000000 cmp=androidx.navigation.compose.test/androidx.test.core.app.InstrumentationActivityInvoker$EmptyActivity }, activity=androidx.test.core.app.InstrumentationActivityInvoker$EmptyActivity@3c1e12f
11-16 09:56:31.938: I/Icing(13347): updateResources: need to parse zml{com.google.android.gms}
11-16 09:56:31.945: D/LifecycleMonitor(18205): Lifecycle status change: androidx.test.core.app.InstrumentationActivityInvoker$EmptyActivity@3c1e12f in: CREATED
11-16 09:56:31.946: V/ActivityScenario(18205): Activity lifecycle changed event received but ignored because the intent does not match. startActivityIntent=Intent { act=android.intent.action.MAIN cat=[android.intent.category.LAUNCHER] cmp=androidx.navigation.compose.test/androidx.activity.ComponentActivity }, activity.getIntent()=Intent { act=android.intent.action.MAIN cat=[android.intent.category.LAUNCHER] flg=0x10000000 cmp=androidx.navigation.compose.test/androidx.test.core.app.InstrumentationActivityInvoker$EmptyActivity }, activity=androidx.test.core.app.InstrumentationActivityInvoker$EmptyActivity@3c1e12f
11-16 09:56:31.947: D/LifecycleMonitor(18205): Lifecycle status change: androidx.test.core.app.InstrumentationActivityInvoker$EmptyActivity@3c1e12f in: STARTED
11-16 09:56:31.948: V/ActivityScenario(18205): Activity lifecycle changed event received but ignored because the intent does not match. startActivityIntent=Intent { act=android.intent.action.MAIN cat=[android.intent.category.LAUNCHER] cmp=androidx.navigation.compose.test/androidx.activity.ComponentActivity }, activity.getIntent()=Intent { act=android.intent.action.MAIN cat=[android.intent.category.LAUNCHER] flg=0x10000000 cmp=androidx.navigation.compose.test/androidx.test.core.app.InstrumentationActivityInvoker$EmptyActivity }, activity=androidx.test.core.app.InstrumentationActivityInvoker$EmptyActivity@3c1e12f
11-16 09:56:31.949: D/LifecycleMonitor(18205): Lifecycle status change: androidx.test.core.app.InstrumentationActivityInvoker$EmptyActivity@3c1e12f in: RESUMED
11-16 09:56:31.949: V/ActivityScenario(18205): Activity lifecycle changed event received but ignored because the intent does not match. startActivityIntent=Intent { act=android.intent.action.MAIN cat=[android.intent.category.LAUNCHER] cmp=androidx.navigation.compose.test/androidx.activity.ComponentActivity }, activity.getIntent()=Intent { act=android.intent.action.MAIN cat=[android.intent.category.LAUNCHER] flg=0x10000000 cmp=androidx.navigation.compose.test/androidx.test.core.app.InstrumentationActivityInvoker$EmptyActivity }, activity=androidx.test.core.app.InstrumentationActivityInvoker$EmptyActivity@3c1e12f
11-16 09:56:31.955: I/NetworkScheduler.Stats(10549): Task com.google.android.gms/com.google.android.gms.phenotype.service.sync.PhenotypeConfigurator started execution. cause:5 exec_start_elapsed_seconds: 1058 [CONTEXT service_id=218 ]
11-16 09:56:31.969: I/GoogleInputMethod(3657): onFinishInput() : Dummy InputConnection bound
11-16 09:56:31.969: I/GoogleInputMethod(3657): onStartInput() : Dummy InputConnection bound
11-16 09:56:31.989: E/ExecutionCriteria(10549): Package unavailable for task: com.google.android.apps.gcs/com.google.android.flib.phenotype.services.PhenotypeExperimentCommitService{u=0 tag="PhenotypeExpCommitSvc" trigger=window{start=0s,end=30s,earliest=-959s,latest=-929s} requirements=[NET_ANY] attributes=[PERSISTED] scheduled=-959s last_run=N/A exec_window_multiplier=1.0000 jid=N/A status=PENDING retries=0 client_lib=MANCHEGO_GCM-11732000} [CONTEXT service_id=218 ]
11-16 09:56:31.993: I/Icing(13347): Indexing com.google.android.gms-apps from com.google.android.gms
11-16 09:56:32.001: W/NetworkScheduler(10549): Immediate task was not started com.google.android.apps.chromecast.app/.gcm.GcmRegistrationService{u=0 tag="GcmRegistrationService" trigger=window{start=0s,end=1s,earliest=0s,latest=0s} requirements=[NET_CONNECTED] attributes=[] scheduled=0s last_run=N/A exec_window_multiplier=1.0000 jid=N/A status=PENDING retries=0 client_lib=MANCHEGO_GCM-18944000}. Rescheduling immediate tasks can cause excessive battery drain.
11-16 09:56:32.005: I/Icing(13347): Indexing done com.google.android.gms-apps
11-16 09:56:32.006: I/Icing(13347): Indexing com.google.android.gms-apps from com.google.android.gms
11-16 09:56:32.007: I/Icing(13347): Indexing done com.google.android.gms-apps
11-16 09:56:32.022: I/ActivityManager(1159): START u0 {act=android.intent.action.MAIN cat=[android.intent.category.LAUNCHER] flg=0x10000000 cmp=androidx.navigation.compose.test/androidx.test.core.app.InstrumentationActivityInvoker$EmptyActivity} from uid 10172
11-16 09:56:32.025: D/android.hardware.power@1.3-service.crosshatch-libperfmgr(770): LAUNCH ON
11-16 09:56:32.036: D/LifecycleMonitor(18205): Lifecycle status change: androidx.test.core.app.InstrumentationActivityInvoker$EmptyActivity@3c1e12f in: PAUSED
11-16 09:56:32.036: V/ActivityScenario(18205): Activity lifecycle changed event received but ignored because the intent does not match. startActivityIntent=Intent { act=android.intent.action.MAIN cat=[android.intent.category.LAUNCHER] cmp=androidx.navigation.compose.test/androidx.activity.ComponentActivity }, activity.getIntent()=Intent { act=android.intent.action.MAIN cat=[android.intent.category.LAUNCHER] flg=0x10000000 cmp=androidx.navigation.compose.test/androidx.test.core.app.InstrumentationActivityInvoker$EmptyActivity }, activity=androidx.test.core.app.InstrumentationActivityInvoker$EmptyActivity@3c1e12f
11-16 09:56:32.042: D/LifecycleMonitor(18205): Lifecycle status change: androidx.test.core.app.InstrumentationActivityInvoker$BootstrapActivity@a3da7cf in: DESTROYED
11-16 09:56:32.042: V/ActivityScenario(18205): Activity lifecycle changed event received but ignored because the intent does not match. startActivityIntent=Intent { act=android.intent.action.MAIN cat=[android.intent.category.LAUNCHER] cmp=androidx.navigation.compose.test/androidx.activity.ComponentActivity }, activity.getIntent()=Intent { act=android.intent.action.MAIN cat=[android.intent.category.LAUNCHER] flg=0x10008000 cmp=androidx.navigation.compose.test/androidx.test.core.app.InstrumentationActivityInvoker$BootstrapActivity (has extras) }, activity=androidx.test.core.app.InstrumentationActivityInvoker$BootstrapActivity@a3da7cf
11-16 09:56:32.042: W/ActivityThread(18205): handleWindowVisibility: no activity for token android.os.BinderProxy@54addd4
11-16 09:56:32.047: D/LifecycleMonitor(18205): Lifecycle status change: androidx.test.core.app.InstrumentationActivityInvoker$EmptyActivity@12a9a72 in: PRE_ON_CREATE
11-16 09:56:32.047: V/ActivityScenario(18205): Activity lifecycle changed event received but ignored because the intent does not match. startActivityIntent=Intent { act=android.intent.action.MAIN cat=[android.intent.category.LAUNCHER] cmp=androidx.navigation.compose.test/androidx.activity.ComponentActivity }, activity.getIntent()=Intent { act=android.intent.action.MAIN cat=[android.intent.category.LAUNCHER] flg=0x10000000 cmp=androidx.navigation.compose.test/androidx.test.core.app.InstrumentationActivityInvoker$EmptyActivity }, activity=androidx.test.core.app.InstrumentationActivityInvoker$EmptyActivity@12a9a72
11-16 09:56:32.053: D/LifecycleMonitor(18205): Lifecycle status change: androidx.test.core.app.InstrumentationActivityInvoker$EmptyActivity@12a9a72 in: CREATED
11-16 09:56:32.053: V/ActivityScenario(18205): Activity lifecycle changed event received but ignored because the intent does not match. startActivityIntent=Intent { act=android.intent.action.MAIN cat=[android.intent.category.LAUNCHER] cmp=androidx.navigation.compose.test/androidx.activity.ComponentActivity }, activity.getIntent()=Intent { act=android.intent.action.MAIN cat=[android.intent.category.LAUNCHER] flg=0x10000000 cmp=androidx.navigation.compose.test/androidx.test.core.app.InstrumentationActivityInvoker$EmptyActivity }, activity=androidx.test.core.app.InstrumentationActivityInvoker$EmptyActivity@12a9a72
11-16 09:56:32.055: D/LifecycleMonitor(18205): Lifecycle status change: androidx.test.core.app.InstrumentationActivityInvoker$EmptyActivity@12a9a72 in: STARTED
11-16 09:56:32.055: V/ActivityScenario(18205): Activity lifecycle changed event received but ignored because the intent does not match. startActivityIntent=Intent { act=android.intent.action.MAIN cat=[android.intent.category.LAUNCHER] cmp=androidx.navigation.compose.test/androidx.activity.ComponentActivity }, activity.getIntent()=Intent { act=android.intent.action.MAIN cat=[android.intent.category.LAUNCHER] flg=0x10000000 cmp=androidx.navigation.compose.test/androidx.test.core.app.InstrumentationActivityInvoker$EmptyActivity }, activity=androidx.test.core.app.InstrumentationActivityInvoker$EmptyActivity@12a9a72
11-16 09:56:32.056: D/LifecycleMonitor(18205): Lifecycle status change: androidx.test.core.app.InstrumentationActivityInvoker$EmptyActivity@12a9a72 in: RESUMED
11-16 09:56:32.056: V/ActivityScenario(18205): Activity lifecycle changed event received but ignored because the intent does not match. startActivityIntent=Intent { act=android.intent.action.MAIN cat=[android.intent.category.LAUNCHER] cmp=androidx.navigation.compose.test/androidx.activity.ComponentActivity }, activity.getIntent()=Intent { act=android.intent.action.MAIN cat=[android.intent.category.LAUNCHER] flg=0x10000000 cmp=androidx.navigation.compose.test/androidx.test.core.app.InstrumentationActivityInvoker$EmptyActivity }, activity=androidx.test.core.app.InstrumentationActivityInvoker$EmptyActivity@12a9a72
11-16 09:56:32.062: D/LifecycleMonitor(18205): Lifecycle status change: androidx.activity.ComponentActivity@2afbb60 in: STOPPED
11-16 09:56:32.063: V/ActivityScenario(18205): Update currentActivityStage to STOPPED, currentActivity=androidx.activity.ComponentActivity@2afbb60
11-16 09:56:32.066: D/LifecycleMonitor(18205): Lifecycle status change: androidx.activity.ComponentActivity@2afbb60 in: DESTROYED
11-16 09:56:32.066: V/ActivityScenario(18205): Update currentActivityStage to DESTROYED, currentActivity=null
11-16 09:56:32.075: D/SurfaceFlinger(644): duplicate layer name: changing androidx.navigation.compose.test/androidx.test.core.app.InstrumentationActivityInvoker$EmptyActivity to androidx.navigation.compose.test/androidx.test.core.app.InstrumentationActivityInvoker$EmptyActivity#1
11-16 09:56:32.082: I/GoogleInputMethod(3657): onFinishInput() : Dummy InputConnection bound
11-16 09:56:32.083: I/GoogleInputMethod(3657): onStartInput() : Dummy InputConnection bound
11-16 09:56:32.088: D/android.hardware.power@1.3-service.crosshatch-libperfmgr(770): LAUNCH OFF
11-16 09:56:32.108: D/LifecycleMonitor(18205): Lifecycle status change: androidx.test.core.app.InstrumentationActivityInvoker$EmptyActivity@3c1e12f in: STOPPED
11-16 09:56:32.108: V/ActivityScenario(18205): Activity lifecycle changed event received but ignored because the intent does not match. startActivityIntent=Intent { act=android.intent.action.MAIN cat=[android.intent.category.LAUNCHER] cmp=androidx.navigation.compose.test/androidx.activity.ComponentActivity }, activity.getIntent()=Intent { act=android.intent.action.MAIN cat=[android.intent.category.LAUNCHER] flg=0x10000000 cmp=androidx.navigation.compose.test/androidx.test.core.app.InstrumentationActivityInvoker$EmptyActivity }, activity=androidx.test.core.app.InstrumentationActivityInvoker$EmptyActivity@3c1e12f
11-16 09:56:32.110: D/LifecycleMonitor(18205): Lifecycle status change: androidx.test.core.app.InstrumentationActivityInvoker$EmptyActivity@3c1e12f in: DESTROYED
11-16 09:56:32.110: V/ActivityScenario(18205): Activity lifecycle changed event received but ignored because the intent does not match. startActivityIntent=Intent { act=android.intent.action.MAIN cat=[android.intent.category.LAUNCHER] cmp=androidx.navigation.compose.test/androidx.activity.ComponentActivity }, activity.getIntent()=Intent { act=android.intent.action.MAIN cat=[android.intent.category.LAUNCHER] flg=0x10000000 cmp=androidx.navigation.compose.test/androidx.test.core.app.InstrumentationActivityInvoker$EmptyActivity }, activity=androidx.test.core.app.InstrumentationActivityInvoker$EmptyActivity@3c1e12f
11-16 09:56:32.115: D/LifecycleMonitor(18205): Lifecycle status change: androidx.test.core.app.InstrumentationActivityInvoker$EmptyActivity@12a9a72 in: PAUSED
11-16 09:56:32.115: V/ActivityScenario(18205): Activity lifecycle changed event received but ignored because the intent does not match. startActivityIntent=Intent { act=android.intent.action.MAIN cat=[android.intent.category.LAUNCHER] cmp=androidx.navigation.compose.test/androidx.activity.ComponentActivity }, activity.getIntent()=Intent { act=android.intent.action.MAIN cat=[android.intent.category.LAUNCHER] flg=0x10000000 cmp=androidx.navigation.compose.test/androidx.test.core.app.InstrumentationActivityInvoker$EmptyActivity }, activity=androidx.test.core.app.InstrumentationActivityInvoker$EmptyActivity@12a9a72
11-16 09:56:32.127: I/TestRunner(18205): finished: testPopDismissesDialog(androidx.navigation.compose.DialogNavigatorTest)
11-16 09:56:32.129: I/MonitoringInstr(18205): Activities that are still in CREATED to STOPPED: 1
11-16 09:56:32.130: I/MonitoringInstr(18205): Unstopped activity count: 1
11-16 09:56:32.134: I/BackdropActivity(16996): onResume()
11-16 09:56:32.135: I/ActivityManager(1159): Activity requesting to dismiss Keyguard: ActivityRecord{4faee67 u0 com.google.android.apps.mtaas.backdrop/.BackdropActivity t4}
11-16 09:56:32.152: I/GoogleInputMethod(3657): onFinishInput() : Dummy InputConnection bound
11-16 09:56:32.152: I/GoogleInputMethod(3657): onStartInput() : Dummy InputConnection bound
11-16 09:56:32.180: I/MonitoringInstr(18205): Unstopped activity count: 1
11-16 09:56:32.190: I/Adreno(1159): QUALCOMM build                   : 3f88ca2, I42f6fe38fb
11-16 09:56:32.190: I/Adreno(1159): Build Date                       : 07/13/18
11-16 09:56:32.190: I/Adreno(1159): OpenGL ES Shader Compiler Version: EV031.24.00.00
11-16 09:56:32.190: I/Adreno(1159): Local Branch                     : 50.04
11-16 09:56:32.190: I/Adreno(1159): Remote Branch                    : 
11-16 09:56:32.190: I/Adreno(1159): Remote Branch                    : 
11-16 09:56:32.190: I/Adreno(1159): Reconstruct Branch               : 
11-16 09:56:32.190: I/Adreno(1159): Build Config                     : S P 4.0.10 AArch64
11-16 09:56:32.191: E/libc(1159): Access denied finding property "vendor.debug.prerotation.disable"
11-16 09:56:32.192: E/libc(1159): Access denied finding property "vendor.debug.prerotation.disable"
11-16 09:56:32.192: I/Adreno(1159): PFP: 0x016ee170, ME: 0x00000000
11-16 09:56:32.192: E/libc(1159): Access denied finding property "vendor.debug.prerotation.disable"
11-16 09:56:32.193: I/ConfigStore(1159): android::hardware::configstore::V1_0::ISurfaceFlingerConfigs::hasWideColorDisplay retrieved: 1
11-16 09:56:32.193: I/ConfigStore(1159): android::hardware::configstore::V1_0::ISurfaceFlingerConfigs::hasHDRDisplay retrieved: 1
11-16 09:56:32.193: I/OpenGLRenderer(1159): Initialized EGL, version 1.4
11-16 09:56:32.194: D/OpenGLRenderer(1159): Swap behavior 2
11-16 09:56:32.200: D/LifecycleMonitor(18205): Lifecycle status change: androidx.test.core.app.InstrumentationActivityInvoker$EmptyActivity@12a9a72 in: STOPPED
11-16 09:56:32.203: D/LifecycleMonitor(18205): Lifecycle status change: androidx.test.core.app.InstrumentationActivityInvoker$EmptyActivity@12a9a72 in: DESTROYED
11-16 09:56:32.213: W/SurfaceFlinger(644): Attempting to destroy on removed layer: AppWindowToken{ded05b5 token=Token{5050dec ActivityRecord{2c9c89f u0 androidx.navigation.compose.test/androidx.test.core.app.InstrumentationActivityInvoker$EmptyActivity t6}}}#0
11-16 09:56:32.228: I/ActivityManager(1159): Killing 10313:com.google.android.apps.messaging:rcs/u0a111 (adj 906): empty #17
11-16 09:56:32.229: W/libprocessgroup(1159): kill(-10313, 9) failed: No such process
11-16 09:56:32.232: I/TestRunner(18205): started: testDialogs(androidx.navigation.compose.DialogNavigatorTest)
11-16 09:56:32.240: W/Settings(18205): Setting always_finish_activities has moved from android.provider.Settings.System to android.provider.Settings.Global, returning read-only value.
11-16 09:56:32.245: I/ActivityManager(1159): START u0 {act=android.intent.action.MAIN cat=[android.intent.category.LAUNCHER] flg=0x10008000 cmp=androidx.navigation.compose.test/androidx.test.core.app.InstrumentationActivityInvoker$BootstrapActivity (has extras)} from uid 10172
11-16 09:56:32.254: D/android.hardware.power@1.3-service.crosshatch-libperfmgr(770): LAUNCH ON
11-16 09:56:32.256: I/Zygote(735): Process 10313 exited due to signal (9)
11-16 09:56:32.269: W/ActivityThread(18205): handleWindowVisibility: no activity for token android.os.BinderProxy@1c68be9
11-16 09:56:32.274: W/libprocessgroup(1159): kill(-10313, 9) failed: No such process
11-16 09:56:32.274: I/libprocessgroup(1159): Successfully killed process cgroup uid 10111 pid 10313 in 44ms
11-16 09:56:32.275: D/LifecycleMonitor(18205): Lifecycle status change: androidx.test.core.app.InstrumentationActivityInvoker$BootstrapActivity@9e7a30f in: PRE_ON_CREATE
11-16 09:56:32.275: V/ActivityScenario(18205): Activity lifecycle changed event received but ignored because the intent does not match. startActivityIntent=Intent { act=android.intent.action.MAIN cat=[android.intent.category.LAUNCHER] cmp=androidx.navigation.compose.test/androidx.activity.ComponentActivity }, activity.getIntent()=Intent { act=android.intent.action.MAIN cat=[android.intent.category.LAUNCHER] flg=0x10008000 cmp=androidx.navigation.compose.test/androidx.test.core.app.InstrumentationActivityInvoker$BootstrapActivity (has extras) }, activity=androidx.test.core.app.InstrumentationActivityInvoker$BootstrapActivity@9e7a30f
11-16 09:56:32.283: D/LifecycleMonitor(18205): Lifecycle status change: androidx.test.core.app.InstrumentationActivityInvoker$BootstrapActivity@9e7a30f in: CREATED
11-16 09:56:32.283: V/ActivityScenario(18205): Activity lifecycle changed event received but ignored because the intent does not match. startActivityIntent=Intent { act=android.intent.action.MAIN cat=[android.intent.category.LAUNCHER] cmp=androidx.navigation.compose.test/androidx.activity.ComponentActivity }, activity.getIntent()=Intent { act=android.intent.action.MAIN cat=[android.intent.category.LAUNCHER] flg=0x10008000 cmp=androidx.navigation.compose.test/androidx.test.core.app.InstrumentationActivityInvoker$BootstrapActivity (has extras) }, activity=androidx.test.core.app.InstrumentationActivityInvoker$BootstrapActivity@9e7a30f
11-16 09:56:32.286: D/LifecycleMonitor(18205): Lifecycle status change: androidx.test.core.app.InstrumentationActivityInvoker$BootstrapActivity@9e7a30f in: STARTED
11-16 09:56:32.287: V/ActivityScenario(18205): Activity lifecycle changed event received but ignored because the intent does not match. startActivityIntent=Intent { act=android.intent.action.MAIN cat=[android.intent.category.LAUNCHER] cmp=androidx.navigation.compose.test/androidx.activity.ComponentActivity }, activity.getIntent()=Intent { act=android.intent.action.MAIN cat=[android.intent.category.LAUNCHER] flg=0x10008000 cmp=androidx.navigation.compose.test/androidx.test.core.app.InstrumentationActivityInvoker$BootstrapActivity (has extras) }, activity=androidx.test.core.app.InstrumentationActivityInvoker$BootstrapActivity@9e7a30f
11-16 09:56:32.288: I/ActivityManager(1159): START u0 {act=android.intent.action.MAIN cat=[android.intent.category.LAUNCHER] cmp=androidx.navigation.compose.test/androidx.activity.ComponentActivity} from uid 10172
11-16 09:56:32.294: D/android.hardware.power@1.3-service.crosshatch-libperfmgr(770): LAUNCH ON
11-16 09:56:32.300: D/LifecycleMonitor(18205): Lifecycle status change: androidx.test.core.app.InstrumentationActivityInvoker$BootstrapActivity@9e7a30f in: RESUMED
11-16 09:56:32.301: V/ActivityScenario(18205): Activity lifecycle changed event received but ignored because the intent does not match. startActivityIntent=Intent { act=android.intent.action.MAIN cat=[android.intent.category.LAUNCHER] cmp=androidx.navigation.compose.test/androidx.activity.ComponentActivity }, activity.getIntent()=Intent { act=android.intent.action.MAIN cat=[android.intent.category.LAUNCHER] flg=0x10008000 cmp=androidx.navigation.compose.test/androidx.test.core.app.InstrumentationActivityInvoker$BootstrapActivity (has extras) }, activity=androidx.test.core.app.InstrumentationActivityInvoker$BootstrapActivity@9e7a30f
11-16 09:56:32.306: D/LifecycleMonitor(18205): Lifecycle status change: androidx.test.core.app.InstrumentationActivityInvoker$BootstrapActivity@9e7a30f in: PAUSED
11-16 09:56:32.306: V/ActivityScenario(18205): Activity lifecycle changed event received but ignored because the intent does not match. startActivityIntent=Intent { act=android.intent.action.MAIN cat=[android.intent.category.LAUNCHER] cmp=androidx.navigation.compose.test/androidx.activity.ComponentActivity }, activity.getIntent()=Intent { act=android.intent.action.MAIN cat=[android.intent.category.LAUNCHER] flg=0x10008000 cmp=androidx.navigation.compose.test/androidx.test.core.app.InstrumentationActivityInvoker$BootstrapActivity (has extras) }, activity=androidx.test.core.app.InstrumentationActivityInvoker$BootstrapActivity@9e7a30f
11-16 09:56:32.320: W/ActivityThread(18205): handleWindowVisibility: no activity for token android.os.BinderProxy@972fda5
11-16 09:56:32.324: D/LifecycleMonitor(18205): Lifecycle status change: androidx.activity.ComponentActivity@12c6f46 in: PRE_ON_CREATE
11-16 09:56:32.324: V/ActivityScenario(18205): Activity lifecycle changed event received but ignored because the reported transition was not ON_CREATE while the last known transition was PRE_ON_CREATE
11-16 09:56:32.330: D/LifecycleMonitor(18205): Lifecycle status change: androidx.activity.ComponentActivity@12c6f46 in: CREATED
11-16 09:56:32.331: V/ActivityScenario(18205): Update currentActivityStage to CREATED, currentActivity=androidx.activity.ComponentActivity@12c6f46
11-16 09:56:32.334: D/LifecycleMonitor(18205): Lifecycle status change: androidx.activity.ComponentActivity@12c6f46 in: STARTED
11-16 09:56:32.334: V/ActivityScenario(18205): Update currentActivityStage to STARTED, currentActivity=androidx.activity.ComponentActivity@12c6f46
11-16 09:56:32.336: D/LifecycleMonitor(18205): Lifecycle status change: androidx.activity.ComponentActivity@12c6f46 in: RESUMED
11-16 09:56:32.336: V/ActivityScenario(18205): Update currentActivityStage to RESUMED, currentActivity=androidx.activity.ComponentActivity@12c6f46
11-16 09:56:32.336: I/system_server(1159): NativeAlloc concurrent copying GC freed 101176(5MB) AllocSpace objects, 42(1572KB) LOS objects, 42% free, 17MB/30MB, paused 105us total 131.571ms
11-16 09:56:32.351: I/GoogleInputMethod(3657): onFinishInput() : Dummy InputConnection bound
11-16 09:56:32.352: I/GoogleInputMethod(3657): onStartInput() : Dummy InputConnection bound
11-16 09:56:32.366: D/android.hardware.power@1.3-service.crosshatch-libperfmgr(770): LAUNCH OFF
11-16 09:56:32.371: I/ActivityManager(1159): Displayed androidx.navigation.compose.test/androidx.activity.ComponentActivity: +122ms
11-16 09:56:32.385: W/SurfaceFlinger(644): Attempting to set client state on removed layer: Splash Screen androidx.navigation.compose.test#0
11-16 09:56:32.385: W/SurfaceFlinger(644): Attempting to destroy on removed layer: Splash Screen androidx.navigation.compose.test#0
11-16 09:56:32.390: D/LifecycleMonitor(18205): Lifecycle status change: androidx.test.core.app.InstrumentationActivityInvoker$BootstrapActivity@9e7a30f in: STOPPED
11-16 09:56:32.390: V/ActivityScenario(18205): Activity lifecycle changed event received but ignored because the intent does not match. startActivityIntent=Intent { act=android.intent.action.MAIN cat=[android.intent.category.LAUNCHER] cmp=androidx.navigation.compose.test/androidx.activity.ComponentActivity }, activity.getIntent()=Intent { act=android.intent.action.MAIN cat=[android.intent.category.LAUNCHER] flg=0x10008000 cmp=androidx.navigation.compose.test/androidx.test.core.app.InstrumentationActivityInvoker$BootstrapActivity (has extras) }, activity=androidx.test.core.app.InstrumentationActivityInvoker$BootstrapActivity@9e7a30f
11-16 09:56:32.392: D/IdlingResourceRegistry(18205): All idling resources are idle.
11-16 09:56:32.397: I/chatty(18205): uid=10172(androidx.navigation.compose.test) identical 2 lines
11-16 09:56:32.397: D/IdlingResourceRegistry(18205): All idling resources are idle.
11-16 09:56:32.427: I/akia(10549): Removed 0 invalid users [CONTEXT service_id=51 ]
11-16 09:56:32.441: D/Compose Focus(18205): Owner FocusChanged(true)
11-16 09:56:32.445: W/on.compose.tes(18205): Accessing hidden method Landroid/view/RenderNode;->getScaleX()F (dark greylist, linking)
