11-16 09:56:09.027: I/ModuleSetMgr(13641): Pending container module APKs: [[Pay.optional:213614100000], [VisionOcr.optional:213614100400]]
11-16 09:56:09.027: I/ModuleSetMgr(13641): Pending non-container module APKs: [[Enpromo.integ:214106000100000], [AdsFdrDynamite.integ:213806100100000]]
11-16 09:56:09.037: W/PackageParser(13641): Unknown element under <manifest>: queries at /data/user_de/0/com.google.android.gms/app_chimera/m/00000007/AdsDynamite.apk Binary XML file line #5
11-16 09:56:09.039: I/Herrevad(10502): [922] zcq.a: updateListenState
11-16 09:56:09.040: I/NetRec(10502): [925] aiad.a: onConfigChanged()
11-16 09:56:09.042: I/BgTaskExecutorImpl(9893): Starting NONEXCLUSIVE background task UPDATE_GSERVICES_CONFIG.
11-16 09:56:09.044: I/TestSupport(13641): AwaitCommitOperation: uncommitted: FlagOverride(com.google.android.gms.auth.api.credentials, , Flag(SaveStrategy__enableSaving, false, 2, 0), false) [CONTEXT service_id=133 ]
11-16 09:56:09.044: I/TestSupport(13641): AwaitCommitOperation:  sleeping for 640 msec. [CONTEXT service_id=133 ]
11-16 09:56:09.045: I/NetRec(10502): [925] aiad.a: Cancelling all NetRec GCM tasks
11-16 09:56:09.050: I/Auth(10502): [AuthManaged, PasswordComplexityHelperImpl] Updating password complexity components state.
11-16 09:56:09.050: I/Auth(10502): [AuthManaged, PasswordComplexityHelperImpl] Enabling com.google.android.gms.auth.managed.ui.SetNewPasswordActivity
11-16 09:56:09.050: I/NetRec(10502): [925] ClearDatabaseService.onHandleIntent: Clearing score cache
11-16 09:56:09.052: W/SearchServiceCore(9893): Abort, client detached.
11-16 09:56:09.054: I/GservicesUpdateTask(9893): Updating Gservices keys
11-16 09:56:09.058: W/PackageParser(13641): Unknown element under <manifest>: queries at /data/user_de/0/com.google.android.gms/app_chimera/m/00000011/dl-AdsFdrDynamite.integ_213806100100000.apk Binary XML file line #11
11-16 09:56:09.064: I/RecoverableKeyStoreGms(13641): [RecoverableKeyStoreGmsInitOperation] Initializing auth_folsom
11-16 09:56:09.064: I/RecoverableKeyStoreGms(13641): [RecoverableKeyStoreGmsInitOperation] com.google.android.gms.auth.folsom.service.FolsomPublicKeyUpdateService is already enabled. Ignore.
11-16 09:56:09.065: I/RecoverableKeyStoreGms(13641): [RecoverableKeyStoreGmsInitOperation] com.google.android.gms.auth.folsom.service.GcmReceiverService is already enabled. Ignore.
11-16 09:56:09.067: I/ChromeSync(13641): [Sync,SyncIntentOperation] Handling the intent: Intent { act=com.google.gservices.intent.action.GSERVICES_CHANGED flg=0x1000010 pkg=com.google.android.gms cmp=com.google.android.gms/.chimera.GmsIntentOperationService$PersistentInternalReceiver }.
11-16 09:56:09.067: V/RecoverableKeyStoreMgr(1215): Not updating secret types - same as old value.
11-16 09:56:09.069: I/RecoverableKeyStoreGms(13641): [RecoverableKeyStoreGmsInitOperation] Setting vault handle
11-16 09:56:09.070: V/RecoverableKeyStoreMgr(1215): Not updating server params - same as old value.
11-16 09:56:09.070: I/RecoverableKeyStoreGms(13641): [EnrollmentManager] Returning certificates list from cache
11-16 09:56:09.072: I/GCoreUlr(10502): DispatchingService ignoring Intent { act=android.net.wifi.WIFI_STATE_CHANGED flg=0x4000010 (has extras) } because ULR inactive [CONTEXT service_id=22 ]
11-16 09:56:09.074: I/MobileDataHub(13641): Scheduling periodic tasks
11-16 09:56:09.074: I/MdiSyncModule(13641): flag handling is skipping irrelevant intent.
11-16 09:56:09.075: W/MobileDataHub(13641): [Service] appsupload-periodic periodic task disabled
11-16 09:56:09.076: I/MS_Utils(13641): version of com.google.android.apps.maps = 1022101040
11-16 09:56:09.077: W/DynamiteModule(13641): Local module descriptor class for com.google.android.gms.vision.dynamite.ocr not found.
11-16 09:56:09.077: I/DynamiteModule(13641): Considering local module com.google.android.gms.vision.dynamite.ocr:0 and remote module com.google.android.gms.vision.dynamite.ocr:0
11-16 09:56:09.078: I/DynamiteModule(13641): Considering local module com.google.android.gms.vision.ocr:0 and remote module com.google.android.gms.vision.ocr:1
11-16 09:56:09.078: I/DynamiteModule(13641): Selected remote version of com.google.android.gms.vision.ocr, version >= 1
11-16 09:56:09.078: I/SystemUpdate(13641): [Installation,ReceiverIntentOperation] Received intent: Intent { act=com.google.gservices.intent.action.GSERVICES_CHANGED flg=0x1000010 pkg=com.google.android.gms cmp=com.google.android.gms/.chimera.GmsIntentOperationService$PersistentInternalReceiver }.
11-16 09:56:09.079: I/native(13641): I1116 09:56:09.079598   18513 start_ocr_856638336_langid.cc:35] StartOcr with label: latin_script_gmvapi_android
11-16 09:56:09.079: I/native(13641): I1116 09:56:09.079673   18513 start_ocr_856638336_langid.cc:44] StartOcr success
11-16 09:56:09.083: I/OcrModelUpStIntentOp(13641): Downloading text recognizer
11-16 09:56:09.087: I/GCoreUlr(10502): WorldUpdater received intent Intent { act=com.google.android.location.reporting.ACTION_UPDATE_WORLD cmp=com.google.android.gms/com.google.android.location.reporting.service.DispatchingService (has extras) } with receiverAction com.google.gservices.intent.action.GSERVICES_CHANGED [CONTEXT service_id=22 ]
11-16 09:56:09.095: I/RecoverableKeyStoreMgr(1215): The cert file serial number is the same, so skip updating.
11-16 09:56:09.095: I/RecoverableKeyStoreGms(13641): [EnrollmentManager] Recovery service is initialized.
11-16 09:56:09.096: I/RecoverySnapshotLstnrs(1215): Registered listener for agent with uid 10007
11-16 09:56:09.097: E/RecoverySnapshotStorage(1215): Error reading snapshot for 10007 from disk
11-16 09:56:09.097: E/RecoverySnapshotStorage(1215): java.io.FileNotFoundException: /data/system/recoverablekeystore/snapshots/10007.xml (No such file or directory)
11-16 09:56:09.097: E/RecoverySnapshotStorage(1215): 	at java.io.FileInputStream.open0(Native Method)
11-16 09:56:09.097: E/RecoverySnapshotStorage(1215): 	at java.io.FileInputStream.open(FileInputStream.java:231)
11-16 09:56:09.097: E/RecoverySnapshotStorage(1215): 	at java.io.FileInputStream.<init>(FileInputStream.java:165)
11-16 09:56:09.097: E/RecoverySnapshotStorage(1215): 	at com.android.server.locksettings.recoverablekeystore.storage.RecoverySnapshotStorage.readFromDisk(RecoverySnapshotStorage.java:152)
11-16 09:56:09.097: E/RecoverySnapshotStorage(1215): 	at com.android.server.locksettings.recoverablekeystore.storage.RecoverySnapshotStorage.get(RecoverySnapshotStorage.java:104)
11-16 09:56:09.097: E/RecoverySnapshotStorage(1215): 	at com.android.server.locksettings.recoverablekeystore.RecoverableKeyStoreManager.getKeyChainSnapshot(RecoverableKeyStoreManager.java:331)
11-16 09:56:09.097: E/RecoverySnapshotStorage(1215): 	at com.android.server.locksettings.LockSettingsService.getKeyChainSnapshot(LockSettingsService.java:2032)
11-16 09:56:09.097: E/RecoverySnapshotStorage(1215): 	at com.android.internal.widget.ILockSettings$Stub.onTransact(ILockSettings.java:356)
11-16 09:56:09.097: E/RecoverySnapshotStorage(1215): 	at android.os.Binder.execTransact(Binder.java:731)
11-16 09:56:09.097: I/RecoverableKeyStoreGms(13641): [WrappingKeyManager] Can't generate wrapping key - missing lock screeen
11-16 09:56:09.099: I/GCoreUlr(10502): WorldUpdater:com.google.gservices.intent.action.GSERVICES_CHANGED: Ensuring that reporting is stopped because of reasons: (no Google accounts) [CONTEXT service_id=22 ]
11-16 09:56:09.100: W/NetworkScheduler(10502): The extras of the task is not valid to be persisted so that the task is not persisted [CONTEXT service_id=218 ]
11-16 09:56:09.100: W/NetworkScheduler(10502): java.lang.IllegalArgumentException: Only the following extra parameter types are supported: Integer, Long, Double, String, Boolean, and nested Bundles with the same restrictions.
11-16 09:56:09.100: W/NetworkScheduler(10502): 	at abno.f(:com.google.android.gms@213614028@21.36.14 (100400-395708125):6)
11-16 09:56:09.100: W/NetworkScheduler(10502): 	at amdu.g(:com.google.android.gms@213614028@21.36.14 (100400-395708125):37)
11-16 09:56:09.100: W/NetworkScheduler(10502): 	at amdd.n(:com.google.android.gms@213614028@21.36.14 (100400-395708125):3)
11-16 09:56:09.100: W/NetworkScheduler(10502): 	at amdd.u(:com.google.android.gms@213614028@21.36.14 (100400-395708125):20)
11-16 09:56:09.100: W/NetworkScheduler(10502): 	at amdd.g(:com.google.android.gms@213614028@21.36.14 (100400-395708125):3)
11-16 09:56:09.100: W/NetworkScheduler(10502): 	at alzy.run(:com.google.android.gms@213614028@21.36.14 (100400-395708125):9)
11-16 09:56:09.100: W/NetworkScheduler(10502): 	at rgh.c(:com.google.android.gms@213614028@21.36.14 (100400-395708125):6)
11-16 09:56:09.100: W/NetworkScheduler(10502): 	at rgh.run(:com.google.android.gms@213614028@21.36.14 (100400-395708125):7)
11-16 09:56:09.100: W/NetworkScheduler(10502): 	at java.util.concurrent.ThreadPoolExecutor.runWorker(ThreadPoolExecutor.java:1167)
11-16 09:56:09.100: W/NetworkScheduler(10502): 	at java.util.concurrent.ThreadPoolExecutor$Worker.run(ThreadPoolExecutor.java:641)
11-16 09:56:09.100: W/NetworkScheduler(10502): 	at rkn.run(:com.google.android.gms@213614028@21.36.14 (100400-395708125):0)
11-16 09:56:09.100: W/NetworkScheduler(10502): 	at java.lang.Thread.run(Thread.java:764)
11-16 09:56:09.103: I/GCoreUlr(10502): Unbound from all signal providers. [CONTEXT service_id=22 ]
11-16 09:56:09.104: I/GmsModuleFndr(13641): Beginning GMS chimera module scan
11-16 09:56:09.112: I/GCoreUlr(10502): Unbound from all signal providers. [CONTEXT service_id=22 ]
11-16 09:56:09.112: I/GCoreUlr(10502): Stopping handler for UlrDispSvcFast [CONTEXT service_id=22 ]
11-16 09:56:09.113: I/ModuleSetMgr(13641): Computing pending module set with APKs: [[AdsFdrDynamite.integ:213806100100000], [Enpromo.integ:214106000100000], [Pay.optional:213614100000], [VisionOcr.optional:213614100400], [AdsFdrDynamite.integ:212104400100000], [Cronetdynamite:213614100400], [Dynamiteloader:213614100000], [Dynamitemodulesa:213614100000], [Dynamitemodulesc:213614100000], [Googlecertificates:213614100000], [Mapsdynamite:213614100000], [Measurementdynamite:213614100000]]
11-16 09:56:09.118: I/SoundTriggerModelLoader(18834): Unloading model 9f6ad62a-1f0b-11e7-87c5-40a8f03d3f15
11-16 09:56:09.118: I/SoundTriggerManagerComp(18834): Unloading model 9f6ad62a-1f0b-11e7-87c5-40a8f03d3f15
11-16 09:56:09.118: I/SoundTriggerService(1215): deleteSoundModel(): id = 9f6ad62a-1f0b-11e7-87c5-40a8f03d3f15
11-16 09:56:09.118: W/SoundTriggerHelper(1215): Unload error: Attempting unload invalid generic model with id:9f6ad62a-1f0b-11e7-87c5-40a8f03d3f15
11-16 09:56:09.119: I/ModuleSetMgr(13641): Pending container module APKs: [[Pay.optional:213614100000], [VisionOcr.optional:213614100400]]
11-16 09:56:09.119: I/ModuleSetMgr(13641): Pending non-container module APKs: [[Enpromo.integ:214106000100000], [AdsFdrDynamite.integ:213806100100000]]
11-16 09:56:09.129: I/Vision(13641): Supported ABIS: [arm64-v8a, armeabi-v7a, armeabi]
11-16 09:56:09.130: W/PackageParser(13641): Unknown element under <manifest>: queries at /data/user_de/0/com.google.android.gms/app_chimera/m/00000007/AdsDynamite.apk Binary XML file line #5
11-16 09:56:09.135: I/BugleRcsProvisioning(11312): RcsProvisioningEventReceiver: Received ProvisioningEvent: Enable PEv2
11-16 09:56:09.138: I/BugleRcsEngine(11312): [2] pot.b: Not using CS JibeService because the CS migration has not completed.
11-16 09:56:09.141: I/BugleRcsProvisioning(11312): RcsProvisioningEventReceiver: Received ProvisioningEvent: Request Bugle information
11-16 09:56:09.143: I/BugleRcsEngine(11312): [2] pot.b: Not using CS JibeService because the CS migration has not completed.
11-16 09:56:09.146: I/BugleRcsProvisioning(11312): RcsProvisioningEventReceiver: Received ProvisioningEvent: Availability updated
11-16 09:56:09.146: I/BugleRcsProvisioning(11312): RcsProvisioningEventReceiver: Bugle receives rcs availability update to: DISABLED_SIM_ABSENT
11-16 09:56:09.147: W/PackageParser(13641): Unknown element under <manifest>: queries at /data/user_de/0/com.google.android.gms/app_chimera/m/00000011/dl-AdsFdrDynamite.integ_213806100100000.apk Binary XML file line #11
11-16 09:56:09.148: I/ActivityManager(1215): Start proc 18879:com.google.android.gms.ui/u0a7 for service com.google.android.gms/.chimera.UiIntentOperationService
11-16 09:56:09.149: I/BugleRcsEngine(11312): [2] pot.b: Not using CS JibeService because the CS migration has not completed.
11-16 09:56:09.153: E/.android.gms.u(18879): Not starting debugger since process cannot load the jdwp agent.
11-16 09:56:09.153: I/GmsModuleFndr(13641): Beginning GMS chimera module scan
11-16 09:56:09.154: I/RecoverableKeyStoreGms(13641): [RecoverableKeyStoreGmsInitOperation] Initializing auth_folsom
11-16 09:56:09.155: I/BugleRcsEngine(11331): [2] ProvisioningEventReceiver.onReceive: Received Provisioning Event: [Availability updated (12)]
11-16 09:56:09.155: I/RecoverableKeyStoreGms(13641): [RecoverableKeyStoreGmsInitOperation] com.google.android.gms.auth.folsom.service.FolsomPublicKeyUpdateService is already enabled. Ignore.
11-16 09:56:09.155: I/BugleRcsEngine(11331): [2] ProvisioningEventReceiver.onReceive: JibeService is running, passing event to provisioning engine.
11-16 09:56:09.156: I/BugleRcsEngine(11331): [2] pdz.a: Handling Provisioning Event: [Availability updated (12)]
11-16 09:56:09.156: I/BugleRcsEngine(11331): [684] ProvisioningEngineStateMachine.a: DisabledState: event Availability updated
11-16 09:56:09.156: I/BugleRcsEngine(11331): [684] pev.a: RcsAvailabilityManager: Calculating Rcs Availability
11-16 09:56:09.157: I/RecoverableKeyStoreGms(13641): [RecoverableKeyStoreGmsInitOperation] com.google.android.gms.auth.folsom.service.GcmReceiverService is already enabled. Ignore.
11-16 09:56:09.158: I/BugleRcsProvisioning(11312): RcsProvisioningEventReceiver: Received ProvisioningEvent: Request Bugle information
11-16 09:56:09.158: I/ChromeSync(13641): [Sync,SyncIntentOperation] Handling the intent: Intent { act=com.google.gservices.intent.action.GSERVICES_CHANGED flg=0x1000010 pkg=com.google.android.gms cmp=com.google.android.gms/.chimera.GmsIntentOperationService$PersistentInternalReceiver }.
11-16 09:56:09.159: V/RecoverableKeyStoreMgr(1215): Not updating secret types - same as old value.
11-16 09:56:09.160: I/RecoverableKeyStoreGms(13641): [RecoverableKeyStoreGmsInitOperation] Setting vault handle
11-16 09:56:09.160: I/BugleRcsEngine(11312): [2] pot.b: Not using CS JibeService because the CS migration has not completed.
11-16 09:56:09.160: V/RecoverableKeyStoreMgr(1215): Not updating server params - same as old value.
11-16 09:56:09.161: I/RecoverableKeyStoreGms(13641): [EnrollmentManager] Returning certificates list from cache
11-16 09:56:09.162: I/MobileDataHub(13641): Scheduling periodic tasks
11-16 09:56:09.163: W/MobileDataHub(13641): [Service] appsupload-periodic periodic task disabled
11-16 09:56:09.163: I/BugleRcsProvisioning(11312): RcsProvisioningEventReceiver: Received ProvisioningEvent: Update provisioning status
11-16 09:56:09.165: I/MS_Utils(13641): version of com.google.android.apps.maps = 1022101040
11-16 09:56:09.165: I/MdiSyncModule(13641): flag handling is skipping irrelevant intent.
11-16 09:56:09.168: I/BugleRcsProvisioning(11312): RcsProvisioningEventReceiver: Received ProvisioningEvent: Update provisioning status
11-16 09:56:09.169: W/DynamiteModule(13641): Local module descriptor class for com.google.android.gms.vision.dynamite.ocr not found.
11-16 09:56:09.169: I/SystemUpdate(13641): [Installation,ReceiverIntentOperation] Received intent: Intent { act=com.google.gservices.intent.action.GSERVICES_CHANGED flg=0x1000010 pkg=com.google.android.gms cmp=com.google.android.gms/.chimera.GmsIntentOperationService$PersistentInternalReceiver }.
11-16 09:56:09.169: I/DynamiteModule(13641): Considering local module com.google.android.gms.vision.dynamite.ocr:0 and remote module com.google.android.gms.vision.dynamite.ocr:0
11-16 09:56:09.169: I/DynamiteModule(13641): Considering local module com.google.android.gms.vision.ocr:0 and remote module com.google.android.gms.vision.ocr:1
11-16 09:56:09.169: I/DynamiteModule(13641): Selected remote version of com.google.android.gms.vision.ocr, version >= 1
11-16 09:56:09.172: I/native(13641): I1116 09:56:09.172488   18556 start_ocr_856638336_langid.cc:35] StartOcr with label: latin_script_gmvapi_android
11-16 09:56:09.172: I/native(13641): I1116 09:56:09.172640   18556 start_ocr_856638336_langid.cc:44] StartOcr success
11-16 09:56:09.176: I/OcrModelUpStIntentOp(13641): Downloading text recognizer
11-16 09:56:09.185: I/.android.gms.u(18879): The ClassLoaderContext is a special shared library.
11-16 09:56:09.186: I/RecoverableKeyStoreMgr(1215): The cert file serial number is the same, so skip updating.
11-16 09:56:09.186: I/RecoverableKeyStoreGms(13641): [EnrollmentManager] Recovery service is initialized.
11-16 09:56:09.188: I/.android.gms.u(18879): The ClassLoaderContext is a special shared library.
11-16 09:56:09.189: I/RecoverySnapshotLstnrs(1215): Registered listener for agent with uid 10007
11-16 09:56:09.190: W/NetworkScheduler(10502): The extras of the task is not valid to be persisted so that the task is not persisted [CONTEXT service_id=218 ]
11-16 09:56:09.190: W/NetworkScheduler(10502): java.lang.IllegalArgumentException: Only the following extra parameter types are supported: Integer, Long, Double, String, Boolean, and nested Bundles with the same restrictions.
11-16 09:56:09.190: W/NetworkScheduler(10502): 	at abno.f(:com.google.android.gms@213614028@21.36.14 (100400-395708125):6)
11-16 09:56:09.190: W/NetworkScheduler(10502): 	at amdu.g(:com.google.android.gms@213614028@21.36.14 (100400-395708125):37)
11-16 09:56:09.190: W/NetworkScheduler(10502): 	at amdd.n(:com.google.android.gms@213614028@21.36.14 (100400-395708125):3)
11-16 09:56:09.190: W/NetworkScheduler(10502): 	at amdd.u(:com.google.android.gms@213614028@21.36.14 (100400-395708125):20)
11-16 09:56:09.190: W/NetworkScheduler(10502): 	at amdd.g(:com.google.android.gms@213614028@21.36.14 (100400-395708125):3)
11-16 09:56:09.190: W/NetworkScheduler(10502): 	at alzy.run(:com.google.android.gms@213614028@21.36.14 (100400-395708125):9)
11-16 09:56:09.190: W/NetworkScheduler(10502): 	at rgh.c(:com.google.android.gms@213614028@21.36.14 (100400-395708125):6)
11-16 09:56:09.190: W/NetworkScheduler(10502): 	at rgh.run(:com.google.android.gms@213614028@21.36.14 (100400-395708125):8)
11-16 09:56:09.190: W/NetworkScheduler(10502): 	at java.util.concurrent.ThreadPoolExecutor.runWorker(ThreadPoolExecutor.java:1167)
11-16 09:56:09.190: W/NetworkScheduler(10502): 	at java.util.concurrent.ThreadPoolExecutor$Worker.run(ThreadPoolExecutor.java:641)
11-16 09:56:09.190: W/NetworkScheduler(10502): 	at rkn.run(:com.google.android.gms@213614028@21.36.14 (100400-395708125):0)
11-16 09:56:09.190: W/NetworkScheduler(10502): 	at java.lang.Thread.run(Thread.java:764)
11-16 09:56:09.190: I/.android.gms.u(18879): The ClassLoaderContext is a special shared library.
11-16 09:56:09.191: E/RecoverySnapshotStorage(1215): Error reading snapshot for 10007 from disk
11-16 09:56:09.191: E/RecoverySnapshotStorage(1215): java.io.FileNotFoundException: /data/system/recoverablekeystore/snapshots/10007.xml (No such file or directory)
11-16 09:56:09.191: E/RecoverySnapshotStorage(1215): 	at java.io.FileInputStream.open0(Native Method)
11-16 09:56:09.191: E/RecoverySnapshotStorage(1215): 	at java.io.FileInputStream.open(FileInputStream.java:231)
11-16 09:56:09.191: E/RecoverySnapshotStorage(1215): 	at java.io.FileInputStream.<init>(FileInputStream.java:165)
11-16 09:56:09.191: E/RecoverySnapshotStorage(1215): 	at com.android.server.locksettings.recoverablekeystore.storage.RecoverySnapshotStorage.readFromDisk(RecoverySnapshotStorage.java:152)
11-16 09:56:09.191: E/RecoverySnapshotStorage(1215): 	at com.android.server.locksettings.recoverablekeystore.storage.RecoverySnapshotStorage.get(RecoverySnapshotStorage.java:104)
11-16 09:56:09.191: E/RecoverySnapshotStorage(1215): 	at com.android.server.locksettings.recoverablekeystore.RecoverableKeyStoreManager.getKeyChainSnapshot(RecoverableKeyStoreManager.java:331)
11-16 09:56:09.191: E/RecoverySnapshotStorage(1215): 	at com.android.server.locksettings.LockSettingsService.getKeyChainSnapshot(LockSettingsService.java:2032)
11-16 09:56:09.191: E/RecoverySnapshotStorage(1215): 	at com.android.internal.widget.ILockSettings$Stub.onTransact(ILockSettings.java:356)
11-16 09:56:09.191: E/RecoverySnapshotStorage(1215): 	at android.os.Binder.execTransact(Binder.java:731)
11-16 09:56:09.192: I/RecoverableKeyStoreGms(13641): [WrappingKeyManager] Can't generate wrapping key - missing lock screeen
11-16 09:56:09.196: I/BugleRcsEngine(11331): [2] ProvisioningEventReceiver.onReceive: Received Provisioning Event: [Bugle information (100)]
11-16 09:56:09.197: I/BugleRcsEngine(11331): [2] ProvisioningEventReceiver.onReceive: JibeService is running, passing event to provisioning engine.
11-16 09:56:09.197: I/BugleRcsEngine(11331): [2] pdz.a: Handling Provisioning Event: [Bugle information (100)]
11-16 09:56:09.199: I/BugleRcsEngine(11331): [2] pev.a: RcsAvailabilityManager: Calculating Rcs Availability
11-16 09:56:09.199: W/PhenotypeConfigurationU(10502): Update for unknown DeviceConfig package com.google.android.gms.auth.api.credentials [CONTEXT service_id=204 ]
11-16 09:56:09.199: W/PhenotypeConfigurationU(10502): akjf: No package exists for config package: com.google.android.gms.auth.api.credentials
11-16 09:56:09.199: W/PhenotypeConfigurationU(10502): 	at com.google.android.gms.platformconfigurator.PhenotypeConfigurationUpdateListener.a(:com.google.android.gms@213614028@21.36.14 (100400-395708125):7)
11-16 09:56:09.199: W/PhenotypeConfigurationU(10502): 	at com.google.android.gms.platformconfigurator.PhenotypeConfigurationUpdateListener.onHandleIntent(:com.google.android.gms@213614028@21.36.14 (100400-395708125):5)
11-16 09:56:09.199: W/PhenotypeConfigurationU(10502): 	at com.google.android.chimera.IntentOperation.onHandleIntent(:com.google.android.gms@213614028@21.36.14 (100400-395708125):2)
11-16 09:56:09.199: W/PhenotypeConfigurationU(10502): 	at pld.onHandleIntent(:com.google.android.gms@213614028@21.36.14 (100400-395708125):4)
11-16 09:56:09.199: W/PhenotypeConfigurationU(10502): 	at dpb.run(:com.google.android.gms@213614028@21.36.14 (100400-395708125):5)
11-16 09:56:09.199: W/PhenotypeConfigurationU(10502): 	at dpa.run(:com.google.android.gms@213614028@21.36.14 (100400-395708125):11)
11-16 09:56:09.199: W/PhenotypeConfigurationU(10502): 	at bfyg.run(:com.google.android.gms@213614028@21.36.14 (100400-395708125):2)
11-16 09:56:09.199: W/PhenotypeConfigurationU(10502): 	at java.util.concurrent.ThreadPoolExecutor.runWorker(ThreadPoolExecutor.java:1167)
11-16 09:56:09.199: W/PhenotypeConfigurationU(10502): 	at java.util.concurrent.ThreadPoolExecutor$Worker.run(ThreadPoolExecutor.java:641)
11-16 09:56:09.199: W/PhenotypeConfigurationU(10502): 	at java.lang.Thread.run(Thread.java:764)
11-16 09:56:09.203: I/BugleRcsEngine(11331): [2] ProvisioningEventReceiver.onReceive: Received Provisioning Event: [Bugle information (100)]
11-16 09:56:09.203: I/BugleRcsEngine(11331): [2] ProvisioningEventReceiver.onReceive: JibeService is running, passing event to provisioning engine.
11-16 09:56:09.204: I/BugleRcsEngine(11331): [2] pdz.a: Handling Provisioning Event: [Bugle information (100)]
11-16 09:56:09.205: I/ModuleSetMgr(13641): Computing pending module set with APKs: [[AdsFdrDynamite.integ:213806100100000], [Enpromo.integ:214106000100000], [Pay.optional:213614100000], [VisionOcr.optional:213614100400], [AdsFdrDynamite.integ:212104400100000], [Cronetdynamite:213614100400], [Dynamiteloader:213614100000], [Dynamitemodulesa:213614100000], [Dynamitemodulesc:213614100000], [Googlecertificates:213614100000], [Mapsdynamite:213614100000], [Measurementdynamite:213614100000]]
11-16 09:56:09.205: I/BugleRcsEngine(11331): [2] pev.a: RcsAvailabilityManager: Calculating Rcs Availability
11-16 09:56:09.210: W/.android.gms.u(18879): Unknown chunk type '200'.
11-16 09:56:09.219: I/ModuleSetMgr(13641): Pending container module APKs: [[Pay.optional:213614100000], [VisionOcr.optional:213614100400]]
11-16 09:56:09.219: I/ModuleSetMgr(13641): Pending non-container module APKs: [[Enpromo.integ:214106000100000], [AdsFdrDynamite.integ:213806100100000]]
11-16 09:56:09.238: W/PackageParser(13641): Unknown element under <manifest>: queries at /data/user_de/0/com.google.android.gms/app_chimera/m/00000007/AdsDynamite.apk Binary XML file line #5
11-16 09:56:09.268: W/PackageParser(13641): Unknown element under <manifest>: queries at /data/user_de/0/com.google.android.gms/app_chimera/m/00000011/dl-AdsFdrDynamite.integ_213806100100000.apk Binary XML file line #11
11-16 09:56:09.302: I/GmsModuleFndr(13641): Beginning GMS chimera module scan
11-16 09:56:09.309: I/ModuleSetMgr(13641): Computing pending module set with APKs: [[AdsFdrDynamite.integ:213806100100000], [Enpromo.integ:214106000100000], [Pay.optional:213614100000], [VisionOcr.optional:213614100400], [AdsFdrDynamite.integ:212104400100000], [Cronetdynamite:213614100400], [Dynamiteloader:213614100000], [Dynamitemodulesa:213614100000], [Dynamitemodulesc:213614100000], [Googlecertificates:213614100000], [Mapsdynamite:213614100000], [Measurementdynamite:213614100000]]
11-16 09:56:09.315: I/ModuleSetMgr(13641): Pending container module APKs: [[Pay.optional:213614100000], [VisionOcr.optional:213614100400]]
11-16 09:56:09.315: I/ModuleSetMgr(13641): Pending non-container module APKs: [[Enpromo.integ:214106000100000], [AdsFdrDynamite.integ:213806100100000]]
11-16 09:56:09.325: W/ProviderHelper(18879): Unknown dynamite feature providerinstaller.dynamite
11-16 09:56:09.326: I/DynamiteModule(18879): Considering local module com.google.android.gms.providerinstaller.dynamite:1 and remote module com.google.android.gms.providerinstaller.dynamite:0
11-16 09:56:09.326: I/DynamiteModule(18879): Selected local version of com.google.android.gms.providerinstaller.dynamite
11-16 09:56:09.326: W/PackageParser(13641): Unknown element under <manifest>: queries at /data/user_de/0/com.google.android.gms/app_chimera/m/00000007/AdsDynamite.apk Binary XML file line #5
11-16 09:56:09.338: W/PackageParser(13641): Unknown element under <manifest>: queries at /data/user_de/0/com.google.android.gms/app_chimera/m/00000011/dl-AdsFdrDynamite.integ_213806100100000.apk Binary XML file line #11
11-16 09:56:09.343: V/NativeCrypto(18879): Registering com/google/android/gms/org/conscrypt/NativeCrypto's 294 native methods...
11-16 09:56:09.356: D/NetworkSecurityConfig(18879): Using Network Security Config from resource network_security_config debugBuild: false
11-16 09:56:09.358: I/ProviderInstaller(18879): Installed default security provider GmsCore_OpenSSL
11-16 09:56:09.386: I/axnn(18879): Primes not initialized, returning default (no-op) Primes instance which will ignore all calls. Please call Primes.initialize(...) before using any Primes API.
11-16 09:56:09.386: I/GMS_MM_Logger(18879): Started.
11-16 09:56:09.746: I/TestSupport(13641): AwaitCommitOperation: FlagOverride(com.google.android.gms.auth.api.credentials, , Flag(SaveStrategy__enableSaving, false, 2, 0), true) committed [CONTEXT service_id=133 ]
11-16 09:56:09.748: I/TestSupport(13641): AwaitCommitOperation: no more uncommitted overrides [CONTEXT service_id=133 ]
11-16 09:56:09.846: I/TestSupport(13641): AwaitCommitOperation: * [CONTEXT service_id=133 ]
11-16 09:56:09.857: I/TestSupport(13641): AwaitCommitOperation: FlagOverride(com.google.android.gms.auth.api.credentials, , Flag(SaveStrategy__enableSaving, false, 2, 0), true) committed [CONTEXT service_id=133 ]
11-16 09:56:09.858: I/TestSupport(13641): AwaitCommitOperation: no more uncommitted overrides [CONTEXT service_id=133 ]
11-16 09:56:09.975: I/TSDRIVER(18621): Handled command: PACKAGE
11-16 09:56:09.981: I/ActivityManager(1215): Killing 16367:com.google.android.carrier/u0a9 (adj 906): empty #17
11-16 09:56:09.985: W/libprocessgroup(1215): kill(-16367, 9) failed: No such process
11-16 09:56:09.992: W/libprocessgroup(1215): kill(-16367, 9) failed: No such process
11-16 09:56:10.025: I/Zygote(735): Process 16367 exited due to signal (9)
11-16 09:56:10.038: W/libprocessgroup(1215): kill(-16367, 9) failed: No such process
11-16 09:56:10.038: I/libprocessgroup(1215): Successfully killed process cgroup uid 10009 pid 16367 in 53ms
11-16 09:56:10.083: I/TSDRIVER(18621): CommandService onHandleIntent()
11-16 09:56:10.084: I/TSDRIVER(18621): Got command: PACKAGE
11-16 09:56:10.084: I/TSDRIVER(18621): flag package: Eh9jb20uZ29vZ2xlLmFuZHJvaWQuZ21zLmF1dG9maWxsGhQKEGF1dG9maWxsX2VuYWJsZWQYACg+
11-16 09:56:10.085: I/TSDRIVER(18621): flag package: com.google.android.gms.autofill
11-16 09:56:10.095: I/TestSupport(13641): SetFlagOverridesOperation: com.google.android.gms.autofill, '', [Flag(autofill_enabled, false, 2, 0)] [CONTEXT service_id=133 ]
11-16 09:56:10.120: I/TestSupport(13641): AwaitCommitOperation: autofill_enabled [CONTEXT service_id=133 ]
11-16 09:56:10.134: I/TestSupport(13641): AwaitCommitOperation: uncommitted: FlagOverride(com.google.android.gms.autofill, , Flag(autofill_enabled, false, 2, 0), false) [CONTEXT service_id=133 ]
11-16 09:56:10.135: I/TestSupport(13641): AwaitCommitOperation:  sleeping for 10 msec. [CONTEXT service_id=133 ]
11-16 09:56:10.168: W/PhenotypeConfigurationU(10502): Update for unknown DeviceConfig package com.google.android.gms.autofill [CONTEXT service_id=204 ]
11-16 09:56:10.168: W/PhenotypeConfigurationU(10502): akjf: No package exists for config package: com.google.android.gms.autofill
11-16 09:56:10.168: W/PhenotypeConfigurationU(10502): 	at com.google.android.gms.platformconfigurator.PhenotypeConfigurationUpdateListener.a(:com.google.android.gms@213614028@21.36.14 (100400-395708125):7)
11-16 09:56:10.168: W/PhenotypeConfigurationU(10502): 	at com.google.android.gms.platformconfigurator.PhenotypeConfigurationUpdateListener.onHandleIntent(:com.google.android.gms@213614028@21.36.14 (100400-395708125):5)
11-16 09:56:10.168: W/PhenotypeConfigurationU(10502): 	at com.google.android.chimera.IntentOperation.onHandleIntent(:com.google.android.gms@213614028@21.36.14 (100400-395708125):2)
11-16 09:56:10.168: W/PhenotypeConfigurationU(10502): 	at pld.onHandleIntent(:com.google.android.gms@213614028@21.36.14 (100400-395708125):4)
11-16 09:56:10.168: W/PhenotypeConfigurationU(10502): 	at dpb.run(:com.google.android.gms@213614028@21.36.14 (100400-395708125):5)
11-16 09:56:10.168: W/PhenotypeConfigurationU(10502): 	at dpa.run(:com.google.android.gms@213614028@21.36.14 (100400-395708125):11)
11-16 09:56:10.168: W/PhenotypeConfigurationU(10502): 	at bfyg.run(:com.google.android.gms@213614028@21.36.14 (100400-395708125):2)
11-16 09:56:10.168: W/PhenotypeConfigurationU(10502): 	at java.util.concurrent.ThreadPoolExecutor.runWorker(ThreadPoolExecutor.java:1167)
11-16 09:56:10.168: W/PhenotypeConfigurationU(10502): 	at java.util.concurrent.ThreadPoolExecutor$Worker.run(ThreadPoolExecutor.java:641)
11-16 09:56:10.168: W/PhenotypeConfigurationU(10502): 	at java.lang.Thread.run(Thread.java:764)
11-16 09:56:10.174: I/TestSupport(13641): AwaitCommitOperation: FlagOverride(com.google.android.gms.autofill, , Flag(autofill_enabled, false, 2, 0), true) committed [CONTEXT service_id=133 ]
11-16 09:56:10.174: I/TestSupport(13641): AwaitCommitOperation: no more uncommitted overrides [CONTEXT service_id=133 ]
11-16 09:56:10.179: I/PTCommittedOperation(10502): Receive new configuration for com.google.android.gms.autofill
11-16 09:56:10.181: W/ModuleInitIntentOp(13641): Dropping unexpected action com.google.android.gms.phenotype.COMMITTED
11-16 09:56:10.189: I/ChromeSync(13641): [Sync,SyncIntentOperation] Handling the intent: Intent { act=com.google.android.gms.phenotype.COMMITTED flg=0x10 pkg=com.google.android.gms cmp=com.google.android.gms/.chimera.GmsIntentOperationService (has extras) }.
11-16 09:56:10.194: I/MdiSyncModule(13641): flag handling is skipping irrelevant intent.
11-16 09:56:10.206: W/ModuleInitIntentOp(13641): Dropping unexpected action com.google.android.gms.phenotype.COMMITTED
11-16 09:56:10.215: I/GmsSyncPolicyEngine(13641): Periodic sync 4 disabled by policy, cancelled.
11-16 09:56:10.263: I/TestSupport(13641): AwaitCommitOperation: * [CONTEXT service_id=133 ]
11-16 09:56:10.270: I/TestSupport(13641): AwaitCommitOperation: FlagOverride(com.google.android.gms.autofill, , Flag(autofill_enabled, false, 2, 0), true) committed [CONTEXT service_id=133 ]
11-16 09:56:10.270: I/TestSupport(13641): AwaitCommitOperation: no more uncommitted overrides [CONTEXT service_id=133 ]
11-16 09:56:10.385: I/TSDRIVER(18621): Handled command: PACKAGE
11-16 09:56:10.490: I/TSDRIVER(18621): CommandService onHandleIntent()
11-16 09:56:10.490: I/TSDRIVER(18621): Got command: PACKAGE
11-16 09:56:10.490: I/TSDRIVER(18621): flag package: EiNjb20uZ29vZ2xlLmFuZHJvaWQuZ21zLmF1dGhfYWNjb3VudBodChlhdXRoX3NpZ19vdmVycmlkZV9lbmFibGVkGAAoPg
11-16 09:56:10.490: I/TSDRIVER(18621): flag package: com.google.android.gms.auth_account
11-16 09:56:10.496: I/TestSupport(13641): SetFlagOverridesOperation: com.google.android.gms.auth_account, '', [Flag(auth_sig_override_enabled, false, 2, 0)] [CONTEXT service_id=133 ]
11-16 09:56:10.538: I/TestSupport(13641): AwaitCommitOperation: auth_sig_override_enabled [CONTEXT service_id=133 ]
11-16 09:56:10.545: I/TestSupport(13641): AwaitCommitOperation: uncommitted: FlagOverride(com.google.android.gms.auth_account, , Flag(auth_sig_override_enabled, false, 2, 0), false) [CONTEXT service_id=133 ]
11-16 09:56:10.546: I/TestSupport(13641): AwaitCommitOperation:  sleeping for 10 msec. [CONTEXT service_id=133 ]
11-16 09:56:10.564: W/PhenotypeConfigurationU(10502): Update for unknown DeviceConfig package com.google.android.gms.auth_account [CONTEXT service_id=204 ]
11-16 09:56:10.564: W/PhenotypeConfigurationU(10502): akjf: No package exists for config package: com.google.android.gms.auth_account
11-16 09:56:10.564: W/PhenotypeConfigurationU(10502): 	at com.google.android.gms.platformconfigurator.PhenotypeConfigurationUpdateListener.a(:com.google.android.gms@213614028@21.36.14 (100400-395708125):7)
11-16 09:56:10.564: W/PhenotypeConfigurationU(10502): 	at com.google.android.gms.platformconfigurator.PhenotypeConfigurationUpdateListener.onHandleIntent(:com.google.android.gms@213614028@21.36.14 (100400-395708125):5)
11-16 09:56:10.564: W/PhenotypeConfigurationU(10502): 	at com.google.android.chimera.IntentOperation.onHandleIntent(:com.google.android.gms@213614028@21.36.14 (100400-395708125):2)
11-16 09:56:10.564: W/PhenotypeConfigurationU(10502): 	at pld.onHandleIntent(:com.google.android.gms@213614028@21.36.14 (100400-395708125):4)
11-16 09:56:10.564: W/PhenotypeConfigurationU(10502): 	at dpb.run(:com.google.android.gms@213614028@21.36.14 (100400-395708125):5)
11-16 09:56:10.564: W/PhenotypeConfigurationU(10502): 	at dpa.run(:com.google.android.gms@213614028@21.36.14 (100400-395708125):11)
11-16 09:56:10.564: W/PhenotypeConfigurationU(10502): 	at bfyg.run(:com.google.android.gms@213614028@21.36.14 (100400-395708125):2)
11-16 09:56:10.564: W/PhenotypeConfigurationU(10502): 	at java.util.concurrent.ThreadPoolExecutor.runWorker(ThreadPoolExecutor.java:1167)
11-16 09:56:10.564: W/PhenotypeConfigurationU(10502): 	at java.util.concurrent.ThreadPoolExecutor$Worker.run(ThreadPoolExecutor.java:641)
11-16 09:56:10.564: W/PhenotypeConfigurationU(10502): 	at java.lang.Thread.run(Thread.java:764)
11-16 09:56:10.572: I/PTCommittedOperation(10502): Receive new configuration for com.google.android.gms.auth_account
11-16 09:56:10.573: W/ModuleInitIntentOp(13641): Dropping unexpected action com.google.android.gms.phenotype.COMMITTED
11-16 09:56:10.575: I/ChromeSync(13641): [Sync,SyncIntentOperation] Handling the intent: Intent { act=com.google.android.gms.phenotype.COMMITTED flg=0x10 pkg=com.google.android.gms cmp=com.google.android.gms/.chimera.GmsIntentOperationService (has extras) }.
11-16 09:56:10.578: I/MdiSyncModule(13641): flag handling is skipping irrelevant intent.
11-16 09:56:10.582: W/ModuleInitIntentOp(13641): Dropping unexpected action com.google.android.gms.phenotype.COMMITTED
11-16 09:56:10.601: I/TestSupport(13641): AwaitCommitOperation: FlagOverride(com.google.android.gms.auth_account, , Flag(auth_sig_override_enabled, false, 2, 0), true) committed [CONTEXT service_id=133 ]
11-16 09:56:10.602: I/TestSupport(13641): AwaitCommitOperation: no more uncommitted overrides [CONTEXT service_id=133 ]
11-16 09:56:10.725: I/TestSupport(13641): AwaitCommitOperation: * [CONTEXT service_id=133 ]
11-16 09:56:10.740: I/TestSupport(13641): AwaitCommitOperation: FlagOverride(com.google.android.gms.auth_account, , Flag(auth_sig_override_enabled, false, 2, 0), true) committed [CONTEXT service_id=133 ]
11-16 09:56:10.741: I/TestSupport(13641): AwaitCommitOperation: no more uncommitted overrides [CONTEXT service_id=133 ]
11-16 09:56:10.842: I/TSDRIVER(18621): Handled command: PACKAGE
11-16 09:56:11.260: D/AndroidRuntime(18937): >>>>>> START com.android.internal.os.RuntimeInit uid 2000 <<<<<<
11-16 09:56:11.317: I/app_process(18937): The ClassLoaderContext is a special shared library.
11-16 09:56:11.341: D/AndroidRuntime(18937): Calling main entry com.android.commands.am.Am
11-16 09:56:11.349: I/ActivityManager(1215): Force stopping com.google.android.apps.mtaas.tools appid=10156 user=0: start instr
11-16 09:56:11.379: I/ActivityManager(1215): Start proc 18946:com.google.android.apps.mtaas.tools/u0a156 for added application com.google.android.apps.mtaas.tools
11-16 09:56:11.390: E/pps.mtaas.tool(18946): Not starting debugger since process cannot load the jdwp agent.
11-16 09:56:11.433: I/pps.mtaas.tool(18946): The ClassLoaderContext is a special shared library.
11-16 09:56:11.505: I/ActivityManager(1215): Config changes=2004 {1.0 ?mcc?mnc [en] ldltr sw392dp w392dp h713dp 440dpi nrml long hdr widecg port finger -keyb/v/h -nav/h winConfig={ mBounds=Rect(0, 0 - 0, 0) mAppBounds=Rect(0, 0 - 1080, 2028) mWindowingMode=fullscreen mActivityType=undefined} s.10}
11-16 09:56:11.506: D/ActivityManager(1215): Storing locale en for decryption UI
11-16 09:56:11.546: I/ActivityManager(1215): Override config changes=2004 {1.0 ?mcc?mnc [en] ldltr sw392dp w392dp h713dp 440dpi nrml long hdr widecg port finger -keyb/v/h -nav/h winConfig={ mBounds=Rect(0, 0 - 1080, 2028) mAppBounds=Rect(0, 0 - 1080, 2028) mWindowingMode=fullscreen mActivityType=undefined} s.10} for displayId=0
11-16 09:56:11.587: I/EmojiSearchExtension(3648): onDestroy()
11-16 09:56:11.587: I/EmojiSearchExtension(3648): onDeactivate()
11-16 09:56:11.592: D/LoaderTask(4263): loadWorkspace: loading default favorites
11-16 09:56:11.592: D/ChangeLocale(18946): Instrumentation completed successfully
11-16 09:56:11.597: I/ActivityManager(1215): Force stopping com.google.android.apps.mtaas.tools appid=10156 user=0: finished inst
11-16 09:56:11.597: I/ActivityManager(1215): Killing 18946:com.google.android.apps.mtaas.tools/u0a156 (adj 0): stop com.google.android.apps.mtaas.tools
11-16 09:56:11.598: W/libprocessgroup(1215): kill(-18946, 9) failed: No such process
11-16 09:56:11.601: W/Binder(1215): Outgoing transactions from this process must be FLAG_ONEWAY
11-16 09:56:11.601: W/Binder(1215): java.lang.Throwable
11-16 09:56:11.601: W/Binder(1215): 	at android.os.BinderProxy.transact(Binder.java:1116)
11-16 09:56:11.601: W/Binder(1215): 	at android.app.IInstrumentationWatcher$Stub$Proxy.instrumentationFinished(IInstrumentationWatcher.java:164)
11-16 09:56:11.601: W/Binder(1215): 	at com.android.server.am.InstrumentationReporter$MyThread.run(InstrumentationReporter.java:86)
11-16 09:56:11.606: D/AndroidRuntime(18937): Shutting down VM
11-16 09:56:11.607: I/ModuleManager(3648): Module object of interface com.google.android.apps.inputmethod.libs.search.emoji.EmojiSearchExtension loaded.
11-16 09:56:11.607: D/ConnectivityService(1215): releasing NetworkRequest [ TRACK_DEFAULT id=45, [ Capabilities: INTERNET&NOT_RESTRICTED&TRUSTED Unwanted:  Uid: 10107] ] (release request)
11-16 09:56:11.615: I/ActivityManager(1215): Start proc 18964:com.android.carrierdefaultapp/u0a84 for broadcast com.android.carrierdefaultapp/.CarrierDefaultBroadcastReceiver
11-16 09:56:11.617: I/GoogleInputMethod(3648): onStartInput() : Dummy InputConnection bound
11-16 09:56:11.620: I/Zygote(735): Process 18946 exited due to signal (9)
11-16 09:56:11.628: I/HWRSuperpacksManager(3648): onEnabledInputMethodEntriesChanged
11-16 09:56:11.628: I/DictSuperpacksManager(3648): onEnabledInputMethodEntriesChanged
11-16 09:56:11.631: E/rrierdefaultap(18964): Not starting debugger since process cannot load the jdwp agent.
11-16 09:56:11.641: W/SurfaceFlinger(646): Attempting to destroy on removed layer: 8a7b234 AssistPreviewPanel#0
11-16 09:56:11.644: W/libprocessgroup(1215): kill(-18946, 9) failed: No such process
11-16 09:56:11.644: I/libprocessgroup(1215): Successfully killed process cgroup uid 10156 pid 18946 in 46ms
11-16 09:56:11.658: W/cr_ContextualSearch(13018): Warning, the 0 state was aborted.
11-16 09:56:11.660: I/GoogleInputMethod(3648): onFinishInput() : Dummy InputConnection bound
11-16 09:56:11.660: I/GoogleInputMethod(3648): onStartInput() : Dummy InputConnection bound
11-16 09:56:11.671: D/CarrierDefaultBroadcastReceiver(18964): onReceive intent: android.intent.action.LOCALE_CHANGED
11-16 09:56:11.673: I/ActivityManager(1215): Killing 13054:com.android.chrome:sandboxed_process0/u0a107i0 (adj 0): isolated not needed
11-16 09:56:11.673: W/libprocessgroup(1215): Failed to open process cgroup uid 99000 pid 13054: No such file or directory
11-16 09:56:11.673: E/libprocessgroup(1215): Error encountered killing process cgroup uid 99000 pid 13054: No such file or directory
11-16 09:56:11.676: I/ActivityManager(1215): Killing 16505:com.google.android.GoogleCamera/u0a130 (adj 906): empty #17
11-16 09:56:11.676: I/MediaFocusControl(1215): abandonAudioFocus() from uid/pid 10107/13018 clientId=android.media.AudioManager@adc6973org.chromium.content.browser.AudioFocusDelegate@9ec2030
11-16 09:56:11.677: W/libprocessgroup(1215): kill(-16505, 9) failed: No such process
11-16 09:56:11.678: E/cr_BrowserInitializer(13018): Killing process because of locale change.
11-16 09:56:11.678: I/Process(13018): Sending signal. PID: 13018 SIG: 9
11-16 09:56:11.687: I/ActivityManager(1215): Start proc 18987:com.android.cellbroadcastreceiver/u0a62 for broadcast com.android.cellbroadcastreceiver/.PrivilegedCellBroadcastReceiver
11-16 09:56:11.690: E/oadcastreceive(18987): Not starting debugger since process cannot load the jdwp agent.
11-16 09:56:11.705: I/Zygote(3698): Process 13054 exited due to signal (9)
11-16 09:56:11.709: W/InputDispatcher(1215): channel '18127dc com.android.chrome/com.google.android.apps.chrome.Main (server)' ~ Consumer closed input channel or an error occurred.  events=0x9
11-16 09:56:11.709: E/InputDispatcher(1215): channel '18127dc com.android.chrome/com.google.android.apps.chrome.Main (server)' ~ Channel is unrecoverably broken and will be disposed!
11-16 09:56:11.709: D/ConnectivityService(1215): ConnectivityService NetworkRequestInfo binderDied(NetworkRequest [ TRACK_DEFAULT id=47, [ Capabilities: INTERNET&NOT_RESTRICTED&TRUSTED Unwanted:  Uid: 10107] ], android.os.BinderProxy@e61c444)
11-16 09:56:11.709: D/ConnectivityService(1215): ConnectivityService NetworkRequestInfo binderDied(NetworkRequest [ LISTEN id=48, [ Capabilities: INTERNET&NOT_RESTRICTED&TRUSTED Unwanted:  Uid: 10107] ], android.os.BinderProxy@a05792d)
11-16 09:56:11.709: D/ConnectivityService(1215): ConnectivityService NetworkRequestInfo binderDied(NetworkRequest [ TRACK_DEFAULT id=43, [ Capabilities: INTERNET&NOT_RESTRICTED&TRUSTED Unwanted:  Uid: 10107] ], android.os.BinderProxy@50e7e62)
11-16 09:56:11.709: D/ConnectivityService(1215): ConnectivityService NetworkRequestInfo binderDied(NetworkRequest [ LISTEN id=44, [ Capabilities: INTERNET&NOT_RESTRICTED&TRUSTED Unwanted:  Uid: 10107] ], android.os.BinderProxy@379dbf3)
11-16 09:56:11.709: D/ConnectivityService(1215): ConnectivityService NetworkRequestInfo binderDied(NetworkRequest [ TRACK_DEFAULT id=39, [ Capabilities: INTERNET&NOT_RESTRICTED&TRUSTED Unwanted:  Uid: 10107] ], android.os.BinderProxy@cd8e0b0)
11-16 09:56:11.709: D/ConnectivityService(1215): ConnectivityService NetworkRequestInfo binderDied(NetworkRequest [ LISTEN id=40, [ Capabilities: INTERNET&NOT_RESTRICTED&TRUSTED Unwanted:  Uid: 10107] ], android.os.BinderProxy@4ed7b29)
11-16 09:56:11.710: I/WindowManager(1215): WIN DEATH: Window{18127dc u0 com.android.chrome/com.google.android.apps.chrome.Main}
11-16 09:56:11.710: W/InputDispatcher(1215): Attempted to unregister already unregistered input channel '18127dc com.android.chrome/com.google.android.apps.chrome.Main (server)'
11-16 09:56:11.710: D/ConnectivityService(1215): releasing NetworkRequest [ TRACK_DEFAULT id=47, [ Capabilities: INTERNET&NOT_RESTRICTED&TRUSTED Unwanted:  Uid: 10107] ] (release request)
11-16 09:56:11.710: D/ConnectivityService(1215): releasing NetworkRequest [ TRACK_DEFAULT id=43, [ Capabilities: INTERNET&NOT_RESTRICTED&TRUSTED Unwanted:  Uid: 10107] ] (release request)
11-16 09:56:11.710: D/ConnectivityService(1215): releasing NetworkRequest [ TRACK_DEFAULT id=39, [ Capabilities: INTERNET&NOT_RESTRICTED&TRUSTED Unwanted:  Uid: 10107] ] (release request)
11-16 09:56:11.711: I/Zygote(736): Process 13018 exited due to signal (9)
11-16 09:56:11.716: W/libprocessgroup(1215): kill(-16505, 9) failed: No such process
11-16 09:56:11.718: I/ActivityManager(1215): Process com.android.chrome (pid 13018) has died: fore TOP 
11-16 09:56:11.718: D/KernelUidCpuTimeReader(1215): Removing uids 99002-99002
11-16 09:56:11.719: W/ActivityManager(1215): Exception when unbinding service com.android.chrome/org.chromium.content.app.PrivilegedProcessService0
11-16 09:56:11.719: W/ActivityManager(1215): android.os.DeadObjectException
11-16 09:56:11.719: W/ActivityManager(1215): 	at android.os.BinderProxy.transactNative(Native Method)
11-16 09:56:11.719: W/ActivityManager(1215): 	at android.os.BinderProxy.transact(Binder.java:1129)
11-16 09:56:11.719: W/ActivityManager(1215): 	at android.app.IApplicationThread$Stub$Proxy.scheduleUnbindService(IApplicationThread.java:1100)
11-16 09:56:11.719: W/ActivityManager(1215): 	at com.android.server.am.ActiveServices.removeConnectionLocked(ActiveServices.java:2894)
11-16 09:56:11.719: W/ActivityManager(1215): 	at com.android.server.am.ActiveServices.killServicesLocked(ActiveServices.java:3293)
11-16 09:56:11.719: W/ActivityManager(1215): 	at com.android.server.am.ActivityManagerService.cleanUpApplicationRecordLocked(ActivityManagerService.java:20234)
11-16 09:56:11.719: W/ActivityManager(1215): 	at com.android.server.am.ActivityManagerService.handleAppDiedLocked(ActivityManagerService.java:5910)
11-16 09:56:11.719: W/ActivityManager(1215): 	at com.android.server.am.ActivityManagerService.appDiedLocked(ActivityManagerService.java:6105)
11-16 09:56:11.719: W/ActivityManager(1215): 	at com.android.server.am.ActivityManagerService$AppDeathRecipient.binderDied(ActivityManagerService.java:1891)
11-16 09:56:11.719: W/ActivityManager(1215): 	at android.os.BinderProxy.sendDeathNotice(Binder.java:1195)
11-16 09:56:11.719: D/KernelUidCpuTimeReader(1215): Removing uids 99003-99003
11-16 09:56:11.719: D/KernelUidCpuTimeReader(1215): Removing uids 99004-99004
11-16 09:56:11.720: W/ActivityManager(1215): Force removing ActivityRecord{2f284fd u0 com.android.chrome/com.google.android.apps.chrome.Main t3}: app died, no saved state
11-16 09:56:11.721: D/BoundBrokerSvc(13641): onUnbind: Intent { act=com.google.android.gms.safetynet.service.START pkg=com.google.android.gms }
11-16 09:56:11.721: W/SurfaceFlinger(646): Attempting to destroy on removed layer: AppWindowToken{f6ed443 token=Token{e75e5f2 ActivityRecord{2f284fd u0 com.android.chrome/com.google.android.apps.chrome.Main t3}}}#0
11-16 09:56:11.722: I/Zygote(736): Process 13087 exited cleanly (0)
11-16 09:56:11.725: W/libprocessgroup(1215): kill(-16505, 9) failed: No such process
11-16 09:56:11.730: I/ActivityManager(1215): Process com.android.chrome:privileged_process0 (pid 13087) has died: cch  CACC
11-16 09:56:11.731: W/ActivityManager(1215): setHasOverlayUi called on unknown pid: 13018
11-16 09:56:11.757: D/CellBroadcastReceiver(18987): onReceive Intent { act=android.intent.action.LOCALE_CHANGED flg=0x11200010 cmp=com.android.cellbroadcastreceiver/.PrivilegedCellBroadcastReceiver }
11-16 09:56:11.760: I/ActivityManager(1215): Killing 16473:com.google.android.apps.photos/u0a104 (adj 906): empty #17
11-16 09:56:11.770: W/libprocessgroup(1215): kill(-16505, 9) failed: No such process
11-16 09:56:11.771: I/ActivityManager(1215): Start proc 19007:com.android.chrome/u0a107 for broadcast com.android.chrome/org.chromium.chrome.browser.locale.LocaleChangedBroadcastReceiver
11-16 09:56:11.773: E/.android.chrom(19007): Not starting debugger since process cannot load the jdwp agent.
11-16 09:56:11.789: I/Zygote(735): Process 16505 exited due to signal (9)
11-16 09:56:11.793: I/Zygote(735): Process 16473 exited due to signal (9)
11-16 09:56:11.814: W/libprocessgroup(1215): kill(-16505, 9) failed: No such process
11-16 09:56:11.814: I/libprocessgroup(1215): Successfully killed process cgroup uid 10130 pid 16505 in 137ms
11-16 09:56:11.815: W/libprocessgroup(1215): kill(-13018, 9) failed: No such process
11-16 09:56:11.815: I/libprocessgroup(1215): Successfully killed process cgroup uid 10107 pid 13018 in 0ms
11-16 09:56:11.815: W/libprocessgroup(1215): kill(-13087, 9) failed: No such process
11-16 09:56:11.815: I/libprocessgroup(1215): Successfully killed process cgroup uid 10107 pid 13087 in 0ms
11-16 09:56:11.815: W/libprocessgroup(1215): kill(-16473, 9) failed: No such process
