11-16 09:56:22.899: I/TestRunner(20266): finished: testRouteCreatesValidDeepLink(androidx.navigation.NavDestinationAndroidTest)
11-16 09:56:22.901: I/TestRunner(20266): started: addInDefaultArgs(androidx.navigation.NavDestinationAndroidTest)
11-16 09:56:22.902: I/TestRunner(20266): finished: addInDefaultArgs(androidx.navigation.NavDestinationAndroidTest)
11-16 09:56:22.904: I/TestRunner(20266): started: testIsValidDeepLinkInvalidLinkPathTail(androidx.navigation.NavDestinationAndroidTest)
11-16 09:56:22.906: I/s:nonpersisten(19865): Waiting for a blocking GC ProfileSaver
11-16 09:56:22.906: I/TestRunner(20266): finished: testIsValidDeepLinkInvalidLinkPathTail(androidx.navigation.NavDestinationAndroidTest)
11-16 09:56:22.910: I/TestRunner(20266): started: navDestinationDefaultArgumentsInferred(androidx.navigation.NavDestinationTest)
11-16 09:56:22.912: I/TestRunner(20266): finished: navDestinationDefaultArgumentsInferred(androidx.navigation.NavDestinationTest)
11-16 09:56:22.914: I/TestRunner(20266): started: navDestination(androidx.navigation.NavDestinationTest)
11-16 09:56:22.916: I/TestRunner(20266): finished: navDestination(androidx.navigation.NavDestinationTest)
11-16 09:56:22.919: I/TestRunner(20266): started: navDestinationLabel(androidx.navigation.NavDestinationTest)
11-16 09:56:22.921: I/TestRunner(20266): finished: navDestinationLabel(androidx.navigation.NavDestinationTest)
11-16 09:56:22.923: I/TestRunner(20266): started: navDestinationRoute(androidx.navigation.NavDestinationTest)
11-16 09:56:22.925: I/TestRunner(20266): finished: navDestinationRoute(androidx.navigation.NavDestinationTest)
11-16 09:56:22.925: I/ThreadRunner(9893): setContextAndRunner
11-16 09:56:22.927: I/TestRunner(20266): started: navDestinationDefaultArguments(androidx.navigation.NavDestinationTest)
11-16 09:56:22.928: I/s:nonpersisten(19865): WaitForGcToComplete blocked ProfileSaver on HeapTrim for 22.484ms
11-16 09:56:22.929: I/TestRunner(20266): finished: navDestinationDefaultArguments(androidx.navigation.NavDestinationTest)
11-16 09:56:22.931: I/TestRunner(20266): started: navDestinationAction(androidx.navigation.NavDestinationTest)
11-16 09:56:22.935: I/TestRunner(20266): finished: navDestinationAction(androidx.navigation.NavDestinationTest)
11-16 09:56:22.938: I/TestRunner(20266): started: matchDeepLinkBestMatchChildren(androidx.navigation.NavGraphAndroidTest)
11-16 09:56:22.969: W/PrimesInit(20541): Primes instant initialization
11-16 09:56:22.970: I/TestRunner(20266): finished: matchDeepLinkBestMatchChildren(androidx.navigation.NavGraphAndroidTest)
11-16 09:56:22.973: I/TestRunner(20266): started: toStringStartDestInNodes(androidx.navigation.NavGraphAndroidTest)
11-16 09:56:22.973: W/Primes(20541): background initialization
11-16 09:56:22.975: I/TestRunner(20266): finished: toStringStartDestInNodes(androidx.navigation.NavGraphAndroidTest)
11-16 09:56:22.977: I/TestRunner(20266): started: matchDeepLinkBestMatchExact(androidx.navigation.NavGraphAndroidTest)
11-16 09:56:22.979: I/TestRunner(20266): finished: matchDeepLinkBestMatchExact(androidx.navigation.NavGraphAndroidTest)
11-16 09:56:22.983: I/TestRunner(20266): started: matchDotStar(androidx.navigation.NavGraphAndroidTest)
11-16 09:56:22.985: I/TestRunner(20266): finished: matchDotStar(androidx.navigation.NavGraphAndroidTest)
11-16 09:56:22.987: I/Telecom(1215): DefaultDialerCache: Refreshing default dialer for user 0: now com.google.android.dialer: DDC.oR@AKU
11-16 09:56:22.988: I/TestRunner(20266): started: matchDeepLink(androidx.navigation.NavGraphAndroidTest)
11-16 09:56:22.990: I/TestRunner(20266): finished: matchDeepLink(androidx.navigation.NavGraphAndroidTest)
11-16 09:56:22.995: W/system_server(1215): Unknown chunk type '200'.
11-16 09:56:22.993: I/TestRunner(20266): started: toStringStartDestInNodesRoute(androidx.navigation.NavGraphAndroidTest)
11-16 09:56:22.997: I/InputReader(1215): Reconfiguring input devices.  changes=0x00000010
11-16 09:56:23.001: I/TestRunner(20266): finished: toStringStartDestInNodesRoute(androidx.navigation.NavGraphAndroidTest)
11-16 09:56:23.004: D/RegisteredNfcFServicesCache(4164): Service unchanged, not updating
11-16 09:56:23.005: I/TestRunner(20266): started: toStringStartDestIdOnly(androidx.navigation.NavGraphAndroidTest)
11-16 09:56:23.006: I/PeopleGalProvider(13641): Gal directories started.
11-16 09:56:23.006: I/PeopleGalProvider(13641): Method 1 completed.
11-16 09:56:23.006: I/PeopleGalProvider(13641): Method 1 finished successfully.
11-16 09:56:23.007: I/TestRunner(20266): finished: toStringStartDestIdOnly(androidx.navigation.NavGraphAndroidTest)
11-16 09:56:23.010: I/TestRunner(20266): started: toStringStartDestInNodesRouteWithStartDestID(androidx.navigation.NavGraphAndroidTest)
11-16 09:56:23.012: I/TestRunner(20266): finished: toStringStartDestInNodesRouteWithStartDestID(androidx.navigation.NavGraphAndroidTest)
11-16 09:56:23.014: I/InputReader(1215): Reconfiguring input devices.  changes=0x00000010
11-16 09:56:23.015: I/TestRunner(20266): started: matchDeepLinkBestMatch(androidx.navigation.NavGraphAndroidTest)
11-16 09:56:23.019: E/system_server(1215): No package ID 7f found for ID 0x7f080273.
11-16 09:56:23.019: E/system_server(1215): No package ID 7f found for ID 0x7f19000b.
11-16 09:56:23.020: E/PhoneInterfaceManager(3792): [PhoneIntfMgr] getCarrierPackageNamesForIntent: No UICC
11-16 09:56:23.020: D/CarrierSvcBindHelper(3792): No carrier app for: 0
11-16 09:56:23.020: D/ImsResolver(3792): maybeAddedImsService, packageName: com.android.vending
11-16 09:56:23.022: I/Telecom(1215): DefaultDialerCache: Refreshing default dialer for user 0: now com.google.android.dialer: DDC.oR@AKY
11-16 09:56:23.028: I/TestRunner(20266): finished: matchDeepLinkBestMatch(androidx.navigation.NavGraphAndroidTest)
11-16 09:56:23.032: I/TestRunner(20266): started: matchDeepLinkBestMatchPathAndQuery(androidx.navigation.NavGraphAndroidTest)
11-16 09:56:23.037: I/TestRunner(20266): finished: matchDeepLinkBestMatchPathAndQuery(androidx.navigation.NavGraphAndroidTest)
11-16 09:56:23.040: D/QSEECOMAPI(20489): QSEECom_get_handle sb_length = 0x400
11-16 09:56:23.040: D/QSEECOMAPI(20489): App is already loaded QSEE and app id = 1
11-16 09:56:23.043: I/Fitness(10502): OnPackageChangedOperation got intent: Intent { act=android.intent.action.PACKAGE_CHANGED dat=package:com.android.vending flg=0x45000010 pkg=com.google.android.gms cmp=com.google.android.gms/.chimera.PersistentIntentOperationService (has extras) } [CONTEXT service_id=17 ]
11-16 09:56:23.043: E/fpc_tac(20489): qsee_km_get_encapsulated_key KEYMASTER_GET_AUTH_TOKEN_KEY returned status=-24
11-16 09:56:23.043: D/QSEECOMAPI(20489): QSEECom_dealloc_memory 
11-16 09:56:23.043: D/QSEECOMAPI(20489): QSEECom_shutdown_app, app_id = 1
11-16 09:56:23.043: E/fpc_fingerprint_hal(20489): fpc_hal_open failed
11-16 09:56:23.045: I/EventHub(1215): Removing device uinput-fpc due to epoll hang-up event.
11-16 09:56:23.045: I/EventHub(1215): Removed device: path=/dev/input/event3 name=uinput-fpc id=348 fd=291 classes=0x101
11-16 09:56:23.045: W/EventHub(1215): built-in keyboard device /dev/input/event3 (id=348) is closing! the apps will not like this
11-16 09:56:23.045: I/EventHub(1215): Removing device '/dev/input/event3' due to inotify event
11-16 09:56:23.045: W/InputReader(1215): Ignoring spurious device removed event for deviceId 348.
11-16 09:56:23.050: I/TestRunner(20266): started: toStringStartDestInNodesRouteWithID(androidx.navigation.NavGraphAndroidTest)
11-16 09:56:23.050: D/RegisteredNfcFServicesCache(4164): Service unchanged, not updating
11-16 09:56:23.052: I/TestRunner(20266): finished: toStringStartDestInNodesRouteWithID(androidx.navigation.NavGraphAndroidTest)
11-16 09:56:23.056: I/TestRunner(20266): started: toStringStartDestRouteOnly(androidx.navigation.NavGraphAndroidTest)
11-16 09:56:23.058: I/TestRunner(20266): finished: toStringStartDestRouteOnly(androidx.navigation.NavGraphAndroidTest)
11-16 09:56:23.062: D/QSEECOMAPI(20489): QSEECom_dealloc_memory 
11-16 09:56:23.062: D/QSEECOMAPI(20489): QSEECom_shutdown_app, app_id = 348
11-16 09:56:23.066: E/PhoneInterfaceManager(3792): [PhoneIntfMgr] getCarrierPackageNamesForIntent: No UICC
11-16 09:56:23.066: D/CarrierSvcBindHelper(3792): No carrier app for: 0
11-16 09:56:23.066: D/ImsResolver(3792): maybeAddedImsService, packageName: com.google.android.gms
11-16 09:56:23.066: D/BoundBrokerSvc(13641): onUnbind: Intent { act=com.google.android.gms.ocr.service.internal.START cmp=com.google.android.gms/.chimera.GmsInternalApiService }
11-16 09:56:23.070: I/TestRunner(20266): started: navigationUnaryPlusRoute(androidx.navigation.NavGraphBuilderTest)
11-16 09:56:23.073: I/TestRunner(20266): finished: navigationUnaryPlusRoute(androidx.navigation.NavGraphBuilderTest)
11-16 09:56:23.076: I/TestRunner(20266): started: navigationNestedRoute(androidx.navigation.NavGraphBuilderTest)
11-16 09:56:23.078: I/TestRunner(20266): finished: navigationNestedRoute(androidx.navigation.NavGraphBuilderTest)
11-16 09:56:23.081: I/TestRunner(20266): started: navigationUnaryPlus(androidx.navigation.NavGraphBuilderTest)
11-16 09:56:23.083: I/TestRunner(20266): finished: navigationUnaryPlus(androidx.navigation.NavGraphBuilderTest)
11-16 09:56:23.085: I/TestRunner(20266): started: navigationAddDestination(androidx.navigation.NavGraphBuilderTest)
11-16 09:56:23.087: I/TestRunner(20266): finished: navigationAddDestination(androidx.navigation.NavGraphBuilderTest)
11-16 09:56:23.090: I/TestRunner(20266): started: navigationAddDestinationRoute(androidx.navigation.NavGraphBuilderTest)
11-16 09:56:23.092: I/TestRunner(20266): finished: navigationAddDestinationRoute(androidx.navigation.NavGraphBuilderTest)
11-16 09:56:23.095: I/TestRunner(20266): started: navigationRoute(androidx.navigation.NavGraphBuilderTest)
11-16 09:56:23.098: I/TestRunner(20266): finished: navigationRoute(androidx.navigation.NavGraphBuilderTest)
11-16 09:56:23.102: I/TestRunner(20266): started: navigationNested(androidx.navigation.NavGraphBuilderTest)
11-16 09:56:23.105: I/TestRunner(20266): finished: navigationNested(androidx.navigation.NavGraphBuilderTest)
11-16 09:56:23.108: I/Fitness(10502): FitCleanupIntentOperation received Intent android.intent.action.PACKAGE_CHANGED [CONTEXT service_id=17 ]
11-16 09:56:23.109: I/ActivityManager(1215): Killing 18879:com.google.android.gms.ui/u0a7 (adj 906): empty #17
11-16 09:56:23.109: W/libprocessgroup(1215): kill(-18879, 9) failed: No such process
11-16 09:56:23.110: I/TestRunner(20266): started: navigationMissingStartDestinationRoute(androidx.navigation.NavGraphBuilderTest)
11-16 09:56:23.113: I/TestRunner(20266): finished: navigationMissingStartDestinationRoute(androidx.navigation.NavGraphBuilderTest)
11-16 09:56:23.116: I/TestRunner(20266): started: navigation(androidx.navigation.NavGraphBuilderTest)
11-16 09:56:23.118: I/TestRunner(20266): finished: navigation(androidx.navigation.NavGraphBuilderTest)
11-16 09:56:23.121: I/TestRunner(20266): started: navigationMissingStartDestination(androidx.navigation.NavGraphBuilderTest)
11-16 09:56:23.123: I/TestRunner(20266): finished: navigationMissingStartDestination(androidx.navigation.NavGraphBuilderTest)
11-16 09:56:23.127: I/Fitness(10502): OnPackageChangedOperation got intent: Intent { act=android.intent.action.PACKAGE_CHANGED dat=package:com.google.android.gms flg=0x45000010 pkg=com.google.android.gms cmp=com.google.android.gms/.chimera.PersistentIntentOperationService (has extras) } [CONTEXT service_id=17 ]
11-16 09:56:23.144: I/Zygote(735): Process 18879 exited due to signal (9)
11-16 09:56:23.155: W/libprocessgroup(1215): kill(-18879, 9) failed: No such process
11-16 09:56:23.155: I/libprocessgroup(1215): Successfully killed process cgroup uid 10007 pid 18879 in 45ms
11-16 09:56:23.178: I/Fitness(10502): FitCleanupIntentOperation received Intent android.intent.action.PACKAGE_CHANGED [CONTEXT service_id=17 ]
11-16 09:56:23.180: W/ChimeraUtils(10502): Module com.google.android.gms.nearby_en has empty metadata display_name_string_id
11-16 09:56:23.189: W/ion.common.tes(20266): Accessing hidden field Lsun/misc/Unsafe;->theUnsafe:Lsun/misc/Unsafe; (light greylist, reflection)
11-16 09:56:23.190: W/ion.common.tes(20266): Accessing hidden method Ldalvik/system/VMDebug;->allowHiddenApiReflectionFrom(Ljava/lang/Class;)V (light greylist, reflection)
11-16 09:56:23.199: W/ChimeraUtils(10502): Module com.google.android.gms.nearby_en has empty metadata display_name_string_id
11-16 09:56:23.204: W/ChimeraUtils(10502): Module com.google.android.gms.nearby_en has empty metadata display_name_string_id
11-16 09:56:23.234: I/org.webrtc.Logging(20541): NativeLibrary: Loading native library: jingle_peerconnection_so
11-16 09:56:23.237: I/org.webrtc.Logging(20541): PeerConnectionFactory: PeerConnectionFactory was initialized without an injected Loggable. Any existing Loggable will be deleted.
11-16 09:56:23.246: W/Binder(1215): Outgoing transactions from this process must be FLAG_ONEWAY
11-16 09:56:23.246: W/Binder(1215): java.lang.Throwable
11-16 09:56:23.246: W/Binder(1215): 	at android.os.BinderProxy.transact(Binder.java:1116)
11-16 09:56:23.246: W/Binder(1215): 	at com.android.internal.location.ILocationProvider$Stub$Proxy.getProperties(ILocationProvider.java:236)
11-16 09:56:23.246: W/Binder(1215): 	at com.android.server.location.LocationProviderProxy$1$1.run(LocationProviderProxy.java:117)
11-16 09:56:23.246: W/Binder(1215): 	at com.android.server.ServiceWatcher.runOnBinder(ServiceWatcher.java:425)
11-16 09:56:23.246: W/Binder(1215): 	at com.android.server.location.LocationProviderProxy$1.run(LocationProviderProxy.java:111)
11-16 09:56:23.246: W/Binder(1215): 	at android.os.Handler.handleCallback(Handler.java:873)
11-16 09:56:23.246: W/Binder(1215): 	at android.os.Handler.dispatchMessage(Handler.java:99)
11-16 09:56:23.246: W/Binder(1215): 	at android.os.Looper.loop(Looper.java:193)
11-16 09:56:23.246: W/Binder(1215): 	at android.os.HandlerThread.run(HandlerThread.java:65)
11-16 09:56:23.246: W/StorageManager(20460): fallocate() not supported; falling back to ftruncate()
11-16 09:56:23.249: W/Binder(1215): Outgoing transactions from this process must be FLAG_ONEWAY
11-16 09:56:23.249: W/Binder(1215): java.lang.Throwable
11-16 09:56:23.249: W/Binder(1215): 	at android.os.BinderProxy.transact(Binder.java:1116)
11-16 09:56:23.249: W/Binder(1215): 	at com.android.internal.location.ILocationProvider$Stub$Proxy.getProperties(ILocationProvider.java:236)
11-16 09:56:23.249: W/Binder(1215): 	at com.android.server.location.LocationProviderProxy$1$1.run(LocationProviderProxy.java:117)
11-16 09:56:23.249: W/Binder(1215): 	at com.android.server.ServiceWatcher.runOnBinder(ServiceWatcher.java:425)
11-16 09:56:23.249: W/Binder(1215): 	at com.android.server.location.LocationProviderProxy$1.run(LocationProviderProxy.java:111)
11-16 09:56:23.249: W/Binder(1215): 	at android.os.Handler.handleCallback(Handler.java:873)
11-16 09:56:23.249: W/Binder(1215): 	at android.os.Handler.dispatchMessage(Handler.java:99)
11-16 09:56:23.249: W/Binder(1215): 	at android.os.Looper.loop(Looper.java:193)
11-16 09:56:23.249: W/Binder(1215): 	at android.os.HandlerThread.run(HandlerThread.java:65)
11-16 09:56:23.274: W/ChimeraUtils(10502): Module com.google.android.gms.nearby_en has empty metadata display_name_string_id
11-16 09:56:23.303: W/ion.common.tes(20266): Accessing hidden method Ldalvik/system/BaseDexClassLoader;-><init>(Ljava/lang/String;Ljava/io/File;Ljava/lang/String;Ljava/lang/ClassLoader;Z)V (light greylist, reflection)
11-16 09:56:23.303: W/ion.common.tes(20266): Unsupported class loader
11-16 09:56:23.311: I/PrimesTesting(20541): GserviceFlagsSupplier.get()
11-16 09:56:23.337: I/dex2oat(20593): The ClassLoaderContext is a special shared library.
11-16 09:56:23.337: I/dex2oat(20593): /system/bin/dex2oat --debuggable --debuggable --generate-mini-debug-info --dex-file=/data/user/0/androidx.navigation.common.test/app_dxmaker_cache/Generated_-633065328.jar --output-vdex-fd=44 --oat-fd=45 --oat-location=/data/user/0/androidx.navigation.common.test/app_dxmaker_cache/oat/arm64/Generated_-633065328.odex --compiler-filter=quicken --class-loader-context=&
11-16 09:56:23.338: I/.gms.persisten(10502): Background concurrent copying GC freed 206835(11MB) AllocSpace objects, 84(4MB) LOS objects, 49% free, 14MB/29MB, paused 188us total 239.079ms
11-16 09:56:23.361: I/dex2oat(20593): dex2oat took 24.952ms (20.905ms cpu) (threads: 8) arena alloc=2000B (2000B) java alloc=16KB (16400B) native alloc=972KB (995376B) free=2MB (2150352B)
11-16 09:56:23.364: W/ion.common.tes(20266): Skipping duplicate class check due to unsupported classloader
11-16 09:56:23.368: I/TestRunner(20266): started: plusAssignGraph(androidx.navigation.NavGraphTest)
11-16 09:56:23.370: I/TestRunner(20266): finished: plusAssignGraph(androidx.navigation.NavGraphTest)
11-16 09:56:23.375: I/TestRunner(20266): started: minusAssign(androidx.navigation.NavGraphTest)
11-16 09:56:23.376: I/TestRunner(20266): finished: minusAssign(androidx.navigation.NavGraphTest)
11-16 09:56:23.379: I/TestRunner(20266): started: getIllegalArgumentException(androidx.navigation.NavGraphTest)
11-16 09:56:23.381: I/TestRunner(20266): finished: getIllegalArgumentException(androidx.navigation.NavGraphTest)
11-16 09:56:23.383: I/TestRunner(20266): started: plusAssign(androidx.navigation.NavGraphTest)
11-16 09:56:23.384: I/TestRunner(20266): finished: plusAssign(androidx.navigation.NavGraphTest)
11-16 09:56:23.387: I/TestRunner(20266): started: plusAssignGraphRoute(androidx.navigation.NavGraphTest)
11-16 09:56:23.389: I/TestRunner(20266): finished: plusAssignGraphRoute(androidx.navigation.NavGraphTest)
11-16 09:56:23.393: I/TestRunner(20266): started: popUpToRoute(androidx.navigation.NavOptionsTest)
11-16 09:56:23.396: I/TestRunner(20266): finished: popUpToRoute(androidx.navigation.NavOptionsTest)
11-16 09:56:23.399: I/TestRunner(20266): started: popUpToRouteInclusive(androidx.navigation.NavOptionsTest)
11-16 09:56:23.401: I/TestRunner(20266): finished: popUpToRouteInclusive(androidx.navigation.NavOptionsTest)
11-16 09:56:23.404: I/TestRunner(20266): started: launchSingleTop(androidx.navigation.NavOptionsTest)
11-16 09:56:23.405: I/TestRunner(20266): finished: launchSingleTop(androidx.navigation.NavOptionsTest)
11-16 09:56:23.407: I/TestRunner(20266): started: popUpTo(androidx.navigation.NavOptionsTest)
11-16 09:56:23.409: I/TestRunner(20266): finished: popUpTo(androidx.navigation.NavOptionsTest)
11-16 09:56:23.411: I/TestRunner(20266): started: anim(androidx.navigation.NavOptionsTest)
11-16 09:56:23.414: I/TestRunner(20266): finished: anim(androidx.navigation.NavOptionsTest)
11-16 09:56:23.417: I/TestRunner(20266): started: popUpToBuilder(androidx.navigation.NavOptionsTest)
11-16 09:56:23.418: W/id.apps.tachyo(20541): Unknown chunk type '200'.
11-16 09:56:23.419: I/TestRunner(20266): finished: popUpToBuilder(androidx.navigation.NavOptionsTest)
11-16 09:56:23.421: I/TestRunner(20266): started: restoreState(androidx.navigation.NavOptionsTest)
11-16 09:56:23.423: I/TestRunner(20266): finished: restoreState(androidx.navigation.NavOptionsTest)
11-16 09:56:23.427: I/TestRunner(20266): started: inferFromValueType(androidx.navigation.NavTypeTest)
11-16 09:56:23.428: I/TestRunner(20266): finished: inferFromValueType(androidx.navigation.NavTypeTest)
11-16 09:56:23.436: I/TestRunner(20266): started: fromArgType(androidx.navigation.NavTypeTest)
11-16 09:56:23.438: I/TestRunner(20266): finished: fromArgType(androidx.navigation.NavTypeTest)
11-16 09:56:23.441: I/TestRunner(20266): started: parseValueWithHex(androidx.navigation.NavTypeTest)
11-16 09:56:23.442: I/TestRunner(20266): finished: parseValueWithHex(androidx.navigation.NavTypeTest)
11-16 09:56:23.444: I/TestRunner(20266): started: putAndGetFromBundle(androidx.navigation.NavTypeTest)
11-16 09:56:23.447: I/akhr(10502): Scheduling Phenotype for a PhenotypeSyncImmediately(15, com.google.android.apps.chromecast.app) one off with window [1, 2] in seconds [CONTEXT service_id=51 ]
11-16 09:56:23.448: I/TestRunner(20266): finished: putAndGetFromBundle(androidx.navigation.NavTypeTest)
11-16 09:56:23.450: I/TestRunner(20266): started: inferFromValue(androidx.navigation.NavTypeTest)
11-16 09:56:23.452: I/TestRunner(20266): finished: inferFromValue(androidx.navigation.NavTypeTest)
11-16 09:56:23.454: I/TestRunner(20266): started: parseEnumValue(androidx.navigation.NavTypeTest)
11-16 09:56:23.456: I/TestRunner(20266): finished: parseEnumValue(androidx.navigation.NavTypeTest)
11-16 09:56:23.457: I/TestRunner(20266): run finished: 178 tests, 0 failed, 0 ignored
11-16 09:56:23.462: I/MonitoringInstr(20266): waitForActivitiesToComplete() took: 1ms
11-16 09:56:23.462: I/ActivityManager(1215): Force stopping androidx.navigation.common.test appid=10172 user=0: finished inst
11-16 09:56:23.462: I/ActivityManager(1215): Killing 20266:androidx.navigation.common.test/u0a172 (adj 0): stop androidx.navigation.common.test
11-16 09:56:23.462: W/Binder(1215): Outgoing transactions from this process must be FLAG_ONEWAY
11-16 09:56:23.462: W/Binder(1215): java.lang.Throwable
11-16 09:56:23.462: W/Binder(1215): 	at android.os.BinderProxy.transact(Binder.java:1116)
11-16 09:56:23.462: W/Binder(1215): 	at android.app.IInstrumentationWatcher$Stub$Proxy.instrumentationFinished(IInstrumentationWatcher.java:164)
11-16 09:56:23.462: W/Binder(1215): 	at com.android.server.am.InstrumentationReporter$MyThread.run(InstrumentationReporter.java:86)
11-16 09:56:23.463: W/libprocessgroup(1215): kill(-20266, 9) failed: No such process
11-16 09:56:23.465: D/AndroidRuntime(20203): Shutting down VM
11-16 09:56:23.467: D/ConnectivityService(1215): Returning BLOCKED NetworkInfo to uid=10148
11-16 09:56:23.468: D/EventBus(20541): No subscribers registered for event class gzh
11-16 09:56:23.468: D/EventBus(20541): No subscribers registered for event class sfa
11-16 09:56:23.469: W/libprocessgroup(1215): kill(-20266, 9) failed: No such process
11-16 09:56:23.493: I/Zygote(735): Process 20266 exited due to signal (9)
11-16 09:56:23.512: W/libprocessgroup(1215): kill(-20266, 9) failed: No such process
11-16 09:56:23.512: I/libprocessgroup(1215): Successfully killed process cgroup uid 10172 pid 20266 in 49ms
11-16 09:56:23.563: D/EventBus(20541): No subscribers registered for event class gzh
11-16 09:56:23.563: D/EventBus(20541): No subscribers registered for event class sfa
11-16 09:56:23.579: I/ActivityManager(1215): Start proc 20645:com.google.android.apps.walletnfcrel/u0a152 for broadcast com.google.android.apps.walletnfcrel/com.google.android.libraries.notifications.entrypoints.localechanged.LocaleChangedReceiver
11-16 09:56:23.584: W/id.apps.tachyo(20541): Unknown chunk type '200'.
11-16 09:56:23.584: E/ps.walletnfcre(20645): Not starting debugger since process cannot load the jdwp agent.
11-16 09:56:23.606: I/ps.walletnfcre(20645): The ClassLoaderContext is a special shared library.
11-16 09:56:23.673: I/PeopleChimeraService(13641): onService. callbacks = xmw@aea0457, request = com.google.android.gms.common.internal.GetServiceRequest@5408b44
11-16 09:56:23.719: I/DefaultStickerUpdate(3648): Successfully updated sticker index for DefaultStickerTaskData{enabled=true, metadataUriPrefix=https://www.gstatic.com/android/keyboard/stickers/configs/v5/, supportedLanguage=en}
11-16 09:56:23.720: I/FirebaseJobDispatcher(3648): Task: DefaultStickerUpdate successes.
11-16 09:56:23.726: I/NetworkScheduler.Stats(10502): Task com.google.android.inputmethod.latin/ finished executing. cause:7 result: 1 elapsed_millis: 2683 uptime_millis: 2683 exec_start_elapsed_seconds: 1728 [CONTEXT service_id=218 ]
11-16 09:56:23.727: W/Icing(13641): No valid account for uploading user actions
11-16 09:56:23.733: I/Icing(13641): Usage reports ok 0, Failed Usage reports 0, indexed 0, rejected 0
11-16 09:56:23.737: W/Icing(13641): No valid account for uploading user actions
11-16 09:56:23.742: I/Icing(13641): Usage reports ok 0, Failed Usage reports 0, indexed 0, rejected 0
11-16 09:56:23.743: I/Icing(13641): Indexing com.google.android.inputmethod.latin-internal.3p:StickerPack from com.google.android.inputmethod.latin
11-16 09:56:23.744: E/ExecutionCriteria(10502): Package unavailable for task: com.google.android.apps.gcs/com.google.android.flib.phenotype.services.PhenotypeExperimentCommitService{u=0 tag="PhenotypeExpCommitSvc" trigger=window{start=0s,end=30s,earliest=-1628s,latest=-1598s} requirements=[NET_ANY] attributes=[PERSISTED] scheduled=-1628s last_run=N/A exec_window_multiplier=1.0000 jid=N/A status=PENDING retries=0 client_lib=MANCHEGO_GCM-11732000} [CONTEXT service_id=218 ]
11-16 09:56:23.745: E/SQLiteLog(13641): (1) no such table: StickerPack_com.google.android.inputmethod.latin_seq_table
11-16 09:56:23.746: E/Icing(13641): Cursor call threw an exception: no such table: StickerPack_com.google.android.inputmethod.latin_seq_table (code 1 SQLITE_ERROR): , while compiling: SELECT * FROM [StickerPack_com.google.android.inputmethod.latin_seq_table] WHERE seqno>0 AND tag IS NULL ORDER BY seqno LIMIT 20
11-16 09:56:23.746: I/Icing(13641): Indexing done com.google.android.inputmethod.latin-internal.3p:StickerPack
11-16 09:56:23.746: E/Icing(13641): Aborting indexing of corpus internal.3p:StickerPack
11-16 09:56:23.747: I/Icing(13641): Indexing com.google.android.inputmethod.latin-internal.3p:Sticker from com.google.android.inputmethod.latin
11-16 09:56:23.749: E/SQLiteLog(13641): (1) no such table: Sticker_com.google.android.inputmethod.latin_seq_table
11-16 09:56:23.750: E/Icing(13641): Cursor call threw an exception: no such table: Sticker_com.google.android.inputmethod.latin_seq_table (code 1 SQLITE_ERROR): , while compiling: SELECT * FROM [Sticker_com.google.android.inputmethod.latin_seq_table] WHERE seqno>0 AND tag IS NULL ORDER BY seqno LIMIT 20
11-16 09:56:23.750: I/Icing(13641): Indexing done com.google.android.inputmethod.latin-internal.3p:Sticker
11-16 09:56:23.750: E/Icing(13641): Aborting indexing of corpus internal.3p:Sticker
11-16 09:56:23.760: I/NetworkScheduler.Stats(10502): Task com.google.android.gms/com.google.android.gms.phenotype.service.sync.PhenotypeConfigurator started execution. cause:5 exec_start_elapsed_seconds: 1731 [CONTEXT service_id=218 ]
11-16 09:56:23.765: I/FA(20541): App measurement is starting up, version: 18079
11-16 09:56:23.765: I/FA(20541): To enable debug logging run: adb shell setprop log.tag.FA VERBOSE
11-16 09:56:23.765: I/FA(20541): To enable faster debug mode event logging run:
11-16 09:56:23.765: I/FA(20541):   adb shell setprop debug.firebase.analytics.app com.google.android.apps.tachyon
11-16 09:56:23.770: I/Icing(13641): updateResources: need to parse zml{com.google.android.gms}
11-16 09:56:23.772: E/FA(20541): AppMeasurementReceiver not registered/enabled
11-16 09:56:23.774: E/FA(20541): AppMeasurementService not registered/enabled
11-16 09:56:23.774: E/FA(20541): Uploading is not possible. App measurement disabled
11-16 09:56:23.847: I/Icing(13641): Indexing com.google.android.gms-apps from com.google.android.gms
11-16 09:56:23.855: I/Icing(13641): Indexing done com.google.android.gms-apps
11-16 09:56:23.969: E/ExecutionCriteria(10502): Package unavailable for task: com.google.android.apps.gcs/com.google.android.flib.phenotype.services.PhenotypeExperimentCommitService{u=0 tag="PhenotypeExpCommitSvc" trigger=window{start=0s,end=30s,earliest=-1628s,latest=-1598s} requirements=[NET_ANY] attributes=[PERSISTED] scheduled=-1628s last_run=N/A exec_window_multiplier=1.0000 jid=N/A status=PENDING retries=0 client_lib=MANCHEGO_GCM-11732000} [CONTEXT service_id=218 ]
11-16 09:56:23.975: W/NetworkScheduler(10502): Immediate task was not started com.google.android.apps.chromecast.app/.gcm.GcmRegistrationService{u=0 tag="GcmRegistrationService" trigger=window{start=0s,end=1s,earliest=0s,latest=0s} requirements=[NET_CONNECTED] attributes=[] scheduled=0s last_run=N/A exec_window_multiplier=1.0000 jid=N/A status=PENDING retries=0 client_lib=MANCHEGO_GCM-18944000}. Rescheduling immediate tasks can cause excessive battery drain.
11-16 09:56:23.980: I/ActivityManager(1215): Killing 19761:com.google.android.apps.tips/u0a52 (adj 906): empty #17
11-16 09:56:23.981: W/libprocessgroup(1215): kill(-19761, 9) failed: No such process
11-16 09:56:23.994: I/Zygote(735): Process 19761 exited due to signal (9)
11-16 09:56:24.027: W/libprocessgroup(1215): kill(-19761, 9) failed: No such process
11-16 09:56:24.028: I/libprocessgroup(1215): Successfully killed process cgroup uid 10052 pid 19761 in 46ms
11-16 09:56:24.110: D/DownloadManager(20460): [83] Finished with status SUCCESS
11-16 09:56:24.134: I/BlobLobber(9893): Handling download id 83 (blob odws2_en:us:511_2019-09-12_270573492_release_signed)
11-16 09:56:24.163: V/DownloadManager(20460): Deleting /storage/emulated/0/Android/data/com.google.android.googlequicksearchbox/files/pending_blobs/odws2_en:us:511_2019-09-12_270573492_release_signed via provider delete
11-16 09:56:24.166: E/ActivityThread(20460): Service com.android.providers.downloads.DownloadJobService has leaked ServiceConnection android.media.MediaScannerConnection@268f29a that was originally bound here
11-16 09:56:24.166: E/ActivityThread(20460): android.app.ServiceConnectionLeaked: Service com.android.providers.downloads.DownloadJobService has leaked ServiceConnection android.media.MediaScannerConnection@268f29a that was originally bound here
11-16 09:56:24.166: E/ActivityThread(20460): 	at android.app.LoadedApk$ServiceDispatcher.<init>(LoadedApk.java:1610)
11-16 09:56:24.166: E/ActivityThread(20460): 	at android.app.LoadedApk.getServiceDispatcher(LoadedApk.java:1502)
11-16 09:56:24.166: E/ActivityThread(20460): 	at android.app.ContextImpl.bindServiceCommon(ContextImpl.java:1659)
11-16 09:56:24.166: E/ActivityThread(20460): 	at android.app.ContextImpl.bindService(ContextImpl.java:1612)
11-16 09:56:24.166: E/ActivityThread(20460): 	at android.content.ContextWrapper.bindService(ContextWrapper.java:698)
11-16 09:56:24.166: E/ActivityThread(20460): 	at android.media.MediaScannerConnection.connect(MediaScannerConnection.java:119)
11-16 09:56:24.166: E/ActivityThread(20460): 	at com.android.providers.downloads.DownloadScanner.requestScan(DownloadScanner.java:130)
11-16 09:56:24.166: E/ActivityThread(20460): 	at com.android.providers.downloads.DownloadScanner.requestScanBlocking(DownloadScanner.java:85)
11-16 09:56:24.166: E/ActivityThread(20460): 	at com.android.providers.downloads.DownloadThread.run(DownloadThread.java:393)
11-16 09:56:24.176: I/earchbox:searc(9893): The ClassLoaderContext is a special shared library.
11-16 09:56:24.177: I/earchbox:searc(9893): The ClassLoaderContext is a special shared library.
11-16 09:56:24.178: E/ExecutionCriteria(10502): Package unavailable for task: com.google.android.apps.gcs/com.google.android.flib.phenotype.services.PhenotypeExperimentCommitService{u=0 tag="PhenotypeExpCommitSvc" trigger=window{start=0s,end=30s,earliest=-1628s,latest=-1598s} requirements=[NET_ANY] attributes=[PERSISTED] scheduled=-1628s last_run=N/A exec_window_multiplier=1.0000 jid=N/A status=PENDING retries=0 client_lib=MANCHEGO_GCM-11732000} [CONTEXT service_id=218 ]
11-16 09:56:24.179: I/earchbox:searc(9893): The ClassLoaderContext is a special shared library.
11-16 09:56:24.183: D/BoundBrokerSvc(13641): onUnbind: Intent { act=com.google.android.gms.common.download.START cmp=com.google.android.gms/.chimera.GmsBoundBrokerService }
11-16 09:56:24.184: W/DynamiteModule(20645): Local module descriptor class for providerinstaller not found.
11-16 09:56:24.189: I/DynamiteModule(20645): Considering local module providerinstaller:0 and remote module providerinstaller:0
11-16 09:56:24.189: W/ProviderInstaller(20645): Failed to load providerinstaller module: No acceptable module found. Local version is 0 and remote version is 0.
11-16 09:56:24.192: W/ps.walletnfcre(20645): Unknown chunk type '200'.
11-16 09:56:24.195: I/ps.walletnfcre(20645): The ClassLoaderContext is a special shared library.
11-16 09:56:24.196: I/chatty(20645): uid=10152(com.google.android.apps.walletnfcrel) identical 1 line
11-16 09:56:24.196: I/ps.walletnfcre(20645): The ClassLoaderContext is a special shared library.
11-16 09:56:24.203: I/NetworkScheduler.Stats(10502): Task com.google.android.gms/com.google.android.gms.ipa.base.IpaGcmTaskService started execution. cause:9 exec_start_elapsed_seconds: 1731 [CONTEXT service_id=218 ]
11-16 09:56:24.203: V/NativeCrypto(9893): Registering com/google/android/gms/org/conscrypt/NativeCrypto's 294 native methods...
11-16 09:56:24.207: V/NativeCrypto(20645): Registering com/google/android/gms/org/conscrypt/NativeCrypto's 294 native methods...
11-16 09:56:24.210: I/akia(10502): Removed 0 invalid users [CONTEXT service_id=51 ]
11-16 09:56:24.214: I/NetworkScheduler.Stats(10502): Task com.google.android.gms/com.google.android.gms.ipa.base.IpaGcmTaskService finished executing. cause:9 result: 1 elapsed_millis: 21 uptime_millis: 21 exec_start_elapsed_seconds: 1731 [CONTEXT service_id=218 ]
11-16 09:56:24.221: D/NetworkSecurityConfig(20645): No Network Security Config specified, using platform default
11-16 09:56:24.223: E/ExecutionCriteria(10502): Package unavailable for task: com.google.android.apps.gcs/com.google.android.flib.phenotype.services.PhenotypeExperimentCommitService{u=0 tag="PhenotypeExpCommitSvc" trigger=window{start=0s,end=30s,earliest=-1628s,latest=-1598s} requirements=[NET_ANY] attributes=[PERSISTED] scheduled=-1628s last_run=N/A exec_window_multiplier=1.0000 jid=N/A status=PENDING retries=0 client_lib=MANCHEGO_GCM-11732000} [CONTEXT service_id=218 ]
11-16 09:56:24.224: I/ProviderInstaller(20645): Installed default security provider GmsCore_OpenSSL
11-16 09:56:24.227: D/NetworkSecurityConfig(9893): Using Network Security Config from resource network_security_config debugBuild: false
11-16 09:56:24.230: I/ProviderInstaller(9893): Installed default security provider GmsCore_OpenSSL
11-16 09:56:24.264: E/ExecutionCriteria(10502): Package unavailable for task: com.google.android.apps.gcs/com.google.android.flib.phenotype.services.PhenotypeExperimentCommitService{u=0 tag="PhenotypeExpCommitSvc" trigger=window{start=0s,end=30s,earliest=-1628s,latest=-1598s} requirements=[NET_ANY] attributes=[PERSISTED] scheduled=-1628s last_run=N/A exec_window_multiplier=1.0000 jid=N/A status=PENDING retries=0 client_lib=MANCHEGO_GCM-11732000} [CONTEXT service_id=218 ]
11-16 09:56:24.264: I/BgTaskExecutorImpl(9893): Starting NONEXCLUSIVE background task ZIP_DOWNLOAD_PROCESSOR.
11-16 09:56:24.270: W/SearchServiceCore(9893): Abort, client detached.
11-16 09:56:24.274: E/ModelDnldProcssHelpr(9893): pending download info for pending_hotword_model_download_info is null
11-16 09:56:24.274: E/ModelDnldProcssHelpr(9893): pending download info for pending_xgoogle_hotword_model_download_info is null
11-16 09:56:24.284: E/DownloadManagerWrapper(9893): Can't find downloadId=83
11-16 09:56:24.291: I/BackgroundTaskManager(20645): Executing task PhenotypeRegistrationTask.phenotype_registration with PARALLEL execution policy.
11-16 09:56:24.293: W/LanguagePackUpdateContr(9893): Querying download manager failed for ID : 83
11-16 09:56:24.296: W/SearchServiceCore(9893): Abort, client detached.
11-16 09:56:24.316: D/BoundBrokerSvc(10502): onBind: Intent { act=com.google.android.gms.tapandpay.service.BIND pkg=com.google.android.gms }
11-16 09:56:24.317: D/BoundBrokerSvc(10502): Loading bound service for intent: Intent { act=com.google.android.gms.tapandpay.service.BIND pkg=com.google.android.gms }
11-16 09:56:24.345: W/PrimesInit(20645): Primes instant initialization
11-16 09:56:24.345: W/Primes(20645): background initialization
11-16 09:56:24.371: I/PrimesTesting(20645): GserviceFlagsSupplier.get()
11-16 09:56:24.406: I/TapAndPayApplication(20645): Successfully initialized Firebase App
11-16 09:56:24.410: I/BackgroundTaskManager(20645): Executing task AccountFreshener.freshen with SEQUENTIAL execution policy.
11-16 09:56:24.414: I/Notifications(20645): [ChimeBroadcastReceiver] Intent received for action [android.intent.action.LOCALE_CHANGED] package [com.google.android.apps.walletnfcrel].
11-16 09:56:24.418: W/GCM(20645): GCM SDK is deprecated, com.google.android.apps.walletnfcrel should update to use FCM
11-16 09:56:24.432: I/Notifications(20645): [ChimeBroadcastReceiver] Validation OK for action [android.intent.action.LOCALE_CHANGED].
11-16 09:56:24.435: I/Notifications(20645): [ChimeBroadcastReceiver] Executing action in BroadcastReceiver [android.intent.action.LOCALE_CHANGED].
11-16 09:56:24.459: I/ActivityManager(1215): Killing 19314:com.android.vending:download_service/u0a14 (adj 906): empty #17
11-16 09:56:24.459: W/libprocessgroup(1215): kill(-19314, 9) failed: No such process
11-16 09:56:24.469: I/ActivityManager(1215): Start proc 20703:com.google.android.keep/u0a150 for broadcast com.google.android.keep/.notification.ReminderNotificationReceiver
11-16 09:56:24.471: D/ConnectivityService(1215): ConnectivityService NetworkRequestInfo binderDied(NetworkRequest [ TRACK_DEFAULT id=55, [ Capabilities: INTERNET&NOT_RESTRICTED&TRUSTED Unwanted:  Uid: 10014] ], android.os.BinderProxy@1578738)
11-16 09:56:24.471: D/ConnectivityService(1215): releasing NetworkRequest [ TRACK_DEFAULT id=55, [ Capabilities: INTERNET&NOT_RESTRICTED&TRUSTED Unwanted:  Uid: 10014] ] (release request)
11-16 09:56:24.472: I/Zygote(736): Process 19314 exited due to signal (9)
11-16 09:56:24.474: E/le.android.kee(20703): Not starting debugger since process cannot load the jdwp agent.
11-16 09:56:24.497: I/le.android.kee(20703): The ClassLoaderContext is a special shared library.
11-16 09:56:24.499: W/libprocessgroup(1215): kill(-19314, 9) failed: No such process
11-16 09:56:24.499: I/libprocessgroup(1215): Successfully killed process cgroup uid 10014 pid 19314 in 40ms
11-16 09:56:24.543: I/FA(20645): App measurement is starting up, version: 18079
11-16 09:56:24.544: I/FA(20645): To enable debug logging run: adb shell setprop log.tag.FA VERBOSE
11-16 09:56:24.544: I/FA(20645): To enable faster debug mode event logging run:
11-16 09:56:24.544: I/FA(20645):   adb shell setprop debug.firebase.analytics.app com.google.android.apps.walletnfcrel
11-16 09:56:24.620: I/akhr(10502): Scheduling adaptive one off task with window [14400, 604800] in seconds [CONTEXT service_id=51 ]
11-16 09:56:24.655: I/NetworkScheduler.Stats(10502): Task com.google.android.gms/com.google.android.gms.phenotype.service.sync.PhenotypeConfigurator finished executing. cause:5 result: 1 elapsed_millis: 902 uptime_millis: 902 exec_start_elapsed_seconds: 1731 [CONTEXT service_id=218 ]
11-16 09:56:24.665: E/ExecutionCriteria(10502): Package unavailable for task: com.google.android.apps.gcs/com.google.android.flib.phenotype.services.PhenotypeExperimentCommitService{u=0 tag="PhenotypeExpCommitSvc" trigger=window{start=0s,end=30s,earliest=-1629s,latest=-1599s} requirements=[NET_ANY] attributes=[PERSISTED] scheduled=-1629s last_run=N/A exec_window_multiplier=1.0000 jid=N/A status=PENDING retries=0 client_lib=MANCHEGO_GCM-11732000} [CONTEXT service_id=218 ]
11-16 09:56:24.793: W/ComponentDiscovery(20703): Application info not found.
11-16 09:56:24.793: W/ComponentDiscovery(20703): Could not retrieve metadata, returning empty list of registrars.
11-16 09:56:24.861: W/Primes(20703): Primes not initialized, returning default (no-op) Primes instance which will ignore all calls. Please call Primes.initialize(...) before using any Primes API.
11-16 09:56:24.872: W/PrimesInit(20703): Primes instant initialization
11-16 09:56:24.873: W/Primes(20703): background initialization
11-16 09:56:24.923: I/PrimesTesting(20703): GserviceFlagsSupplier.get()
11-16 09:56:24.933: D/BoundBrokerSvc(13641): onUnbind: Intent { act=com.google.android.gms.auth.service.START pkg=com.google.android.gms }
11-16 09:56:24.959: W/KeepGATracker(20703): Disabling GA because no account was specified
11-16 09:56:24.984: W/BroadcastQueue(1215): Background execution not allowed: receiving Intent { act=com.google.android.systemui.OPA_ENABLED flg=0x10000010 (has extras) } to com.google.android.apps.nexuslauncher/.qsb.OPAStatusReceiver
11-16 09:56:24.987: W/BroadcastQueue(1215): Background execution not allowed: receiving Intent { act=com.google.android.systemui.OPA_ENABLED flg=0x10000010 (has extras) } to com.google.android.apps.nexuslauncher/.qsb.OPAStatusReceiver
11-16 09:56:24.988: W/BroadcastQueue(1215): Background execution not allowed: receiving Intent { act=com.google.android.systemui.OPA_ENABLED flg=0x10000010 (has extras) } to com.google.android.apps.nexuslauncher/.qsb.OPAStatusReceiver
11-16 09:56:24.997: I/akhr(10502): Scheduling Phenotype for a PhenotypeSyncImmediately(16, com.google.android.keep) one off with window [1, 2] in seconds [CONTEXT service_id=51 ]
11-16 09:56:25.018: D/VSC(790): @ 1744.968: [Significant Motion] Request motion_detect, interval 18446744073709551615 ns, latency 0 ns
11-16 09:56:25.019: D/VSC(790): @ 1744.969: [Significant Motion] Stop accel
11-16 09:56:25.028: I/PeopleChimeraService(13641): onService. callbacks = xmw@9f7e6b3, request = com.google.android.gms.common.internal.GetServiceRequest@849f470
11-16 09:56:25.050: I/ActivityManager(1215): Killing 19819:com.google.android.configupdater/u0a29 (adj 906): empty #17
11-16 09:56:25.051: W/libprocessgroup(1215): kill(-19819, 9) failed: No such process
11-16 09:56:25.071: I/Zygote(735): Process 19819 exited due to signal (9)
11-16 09:56:25.094: W/libprocessgroup(1215): kill(-19819, 9) failed: No such process
11-16 09:56:25.095: I/libprocessgroup(1215): Successfully killed process cgroup uid 10029 pid 19819 in 43ms
11-16 09:56:25.326: D/BoundBrokerSvc(13641): onUnbind: Intent { act=com.google.android.gms.findmydevice.spot.service.locationreport.START cmp=com.google.android.gms/.chimera.GmsApiService }
11-16 09:56:25.381: E/ExecutionCriteria(10502): Package unavailable for task: com.google.android.apps.gcs/com.google.android.flib.phenotype.services.PhenotypeExperimentCommitService{u=0 tag="PhenotypeExpCommitSvc" trigger=window{start=0s,end=30s,earliest=-1630s,latest=-1600s} requirements=[NET_ANY] attributes=[PERSISTED] scheduled=-1630s last_run=N/A exec_window_multiplier=1.0000 jid=N/A status=PENDING retries=0 client_lib=MANCHEGO_GCM-11732000} [CONTEXT service_id=218 ]
11-16 09:56:25.387: W/BroadcastQueue(1215): Background execution not allowed: receiving Intent { act=com.google.android.music.START_DOWNLOAD_SCHEDULING flg=0x10 } to com.google.android.music/.autocache.AutoCacheSchedulingService$EnablingReceiver
11-16 09:56:25.425: I/chatty(10502): uid=10007(com.google.android.gms) netscheduler-qu identical 2 lines
11-16 09:56:25.440: E/ExecutionCriteria(10502): Package unavailable for task: com.google.android.apps.gcs/com.google.android.flib.phenotype.services.PhenotypeExperimentCommitService{u=0 tag="PhenotypeExpCommitSvc" trigger=window{start=0s,end=30s,earliest=-1630s,latest=-1600s} requirements=[NET_ANY] attributes=[PERSISTED] scheduled=-1630s last_run=N/A exec_window_multiplier=1.0000 jid=N/A status=PENDING retries=0 client_lib=MANCHEGO_GCM-11732000} [CONTEXT service_id=218 ]
11-16 09:56:25.441: I/MediaStoreImporter(20129): Update: incremental Added music: 0 Updated music: 0 Deleted music: 0 Created playlists: 0 Updated playlists: 0 Deleted playlists: 0 Inserted playlist items: 0 Deleted playlist items: 0 Removed orphaned playlist items: 0
11-16 09:56:25.443: D/MusicLifecycle(20129): com.google.android.music.download.EncapsulatedBroadcastReceiver$1 generated event: Broadcast received with context com.google.android.music.ui.PhoneMusicApplication@93dbd1d and intent Intent { act=com.google.android.music.IMPORT_COMPLETE flg=0x10 }
11-16 09:56:25.472: I/android.youtub(20210): Waiting for a blocking GC ProfileSaver
11-16 09:56:25.505: I/android.youtub(20210): WaitForGcToComplete blocked ProfileSaver on AddRemoveAppImageSpace for 32.405ms
11-16 09:56:26.021: I/elligence.sens(20349): Waiting for a blocking GC ProfileSaver
11-16 09:56:26.064: I/elligence.sens(20349): WaitForGcToComplete blocked ProfileSaver on HeapTrim for 43.076ms
11-16 09:56:26.955: I/d.process.medi(20460): Waiting for a blocking GC ProfileSaver
11-16 09:56:26.962: I/d.process.medi(20460): WaitForGcToComplete blocked ProfileSaver on HeapTrim for 6.909ms
11-16 09:56:27.149: D/fpc_hidl(20740): fpc fingerprint hwbinder service starting
11-16 09:56:27.150: D/QSEECOMAPI(20740): QSEECom_get_handle sb_length = 0x80
11-16 09:56:27.150: D/QSEECOMAPI(20740): App is not loaded in QSEE
11-16 09:56:27.150: D/QSEECOMAPI(20740): app_arch = 2, total_files = 9
11-16 09:56:27.257: D/QSEECOMAPI(20740): Loaded image: APP id = 349
11-16 09:56:27.267: E/fpc_tac(20740): fpcbuildinfo : 575ddab5b91efea67ee1d200fc813ff2fpc_bio=bd35c3fec78219829149bea6c9ec961e6f655b90C:prodtestlib=4304cf5c884c198624b749af3482befacbd3028eC:fpc_c_core=dc194509594e837dedfb5452aaf06fcb61977135C:fpc_lib=cd5b7b876c3d69afa68a11ac6fd86f873e70817bC:cac=297e11552c60a3607ed664cf44c3e4b36ab2e737C:fpc_bio_interface=94a457caecae31eca8ef04b64c3f82a018e9bbc0C:fpc_sensor=ba909a5500944acafe47a0ef3a49f89509aadfb6C:tools_core=94ddf1e684cfa6c99f0f237f7cc35f3962e0e597C:sensor_settings=4fcf864fb493ae0272a9b2806446b379d99fd8ceC:fingerprint_ta=066bc0ab880960a4a69b74a328c7d7871c72225bC:fingerprint_pal=0deb9a478a3572872639f9cb2559ccc464ee3f9bC:manifests=dcb3d8ab0bdb7a5b341839d8c75bb88fc7f5e1a4C:Manifesttag=SW23.3.0-PDR1.0.5:jenkins@84ffd74dac44:Thu,17May201810:17:08+0200:FPC_SENSOR_TYPE=FPC_SENSOR_TYPE_FPC1270:FPC_CC_TYPE=FPC_COMPANION_CHIP_FPC2050:FPC_C_TYPE=FPC_COATING_NORMAL
11-16 09:56:27.267: E/fpc_tac(20740): fpcbuildtype : build=RELEASE sensor=9
11-16 09:56:27.268: W/EventHub(1215): Unable to disable kernel key repeat for /dev/input/event3: Function not implemented
11-16 09:56:27.268: I/EventHub(1215): wakeMechanism=EPOLLWAKEUP, usingClockIoctl=true
11-16 09:56:27.268: I/EventHub(1215): New device: id=349, fd=278, path='/dev/input/event3', name='uinput-fpc', classes=0x101, configuration='/system/usr/idc/uinput-fpc.idc', keyLayout='/system/usr/keylayout/uinput-fpc.kl', keyCharacterMap='/system/usr/keychars/Generic.kcm', builtinKeyboard=true, 
11-16 09:56:27.268: W/InputReader(1215): Ignoring spurious device added event for deviceId 0.
11-16 09:56:27.668: E/Backup(13641): [BackupTransportMigratorChimeraService] Could not migrate transport!
11-16 09:56:27.671: I/Backup(13641): [BackupTransportMigratorChimeraService] Starting migration...
11-16 09:56:28.299: W/ChimeraUtils(10502): Module com.google.android.gms.nearby_en has empty metadata display_name_string_id
11-16 09:56:28.567: I/ActivityManager(1215): Killing 19781:com.google.android.apps.wellbeing/u0a26 (adj 906): empty #17
11-16 09:56:28.301: W/ChimeraUtils(10502): Module com.google.android.gms.nearby_en has empty metadata display_name_string_id
11-16 09:56:28.570: W/libprocessgroup(1215): kill(-19781, 9) failed: No such process
11-16 09:56:28.581: W/libprocessgroup(1215): kill(-19781, 9) failed: No such process
11-16 09:56:28.597: I/Zygote(735): Process 19781 exited due to signal (9)
11-16 09:56:28.624: W/libprocessgroup(1215): kill(-19781, 9) failed: No such process
11-16 09:56:28.625: I/libprocessgroup(1215): Successfully killed process cgroup uid 10026 pid 19781 in 55ms
11-16 09:56:28.725: D/QSEECOMAPI(20740): QSEECom_get_handle sb_length = 0x400
11-16 09:56:28.725: D/QSEECOMAPI(20740): App is already loaded QSEE and app id = 1
11-16 09:56:28.727: E/fpc_tac(20740): qsee_km_get_encapsulated_key KEYMASTER_GET_AUTH_TOKEN_KEY returned status=-24
11-16 09:56:28.728: D/QSEECOMAPI(20740): QSEECom_dealloc_memory 
11-16 09:56:28.728: D/QSEECOMAPI(20740): QSEECom_shutdown_app, app_id = 1
11-16 09:56:28.728: E/fpc_fingerprint_hal(20740): fpc_hal_open failed
11-16 09:56:28.731: I/EventHub(1215): Removing device uinput-fpc due to epoll hang-up event.
11-16 09:56:28.731: I/EventHub(1215): Removed device: path=/dev/input/event3 name=uinput-fpc id=349 fd=278 classes=0x101
11-16 09:56:28.731: W/EventHub(1215): built-in keyboard device /dev/input/event3 (id=349) is closing! the apps will not like this
11-16 09:56:28.733: I/EventHub(1215): Removing device '/dev/input/event3' due to inotify event
11-16 09:56:28.733: W/InputReader(1215): Ignoring spurious device removed event for deviceId 349.
11-16 09:56:28.756: D/QSEECOMAPI(20740): QSEECom_dealloc_memory 
11-16 09:56:28.756: D/QSEECOMAPI(20740): QSEECom_shutdown_app, app_id = 349
11-16 09:56:29.553: D/BoundBrokerSvc(13641): onUnbind: Intent { act=com.google.android.gms.checkin.START pkg=com.google.android.gms }
11-16 09:56:30.483: E/ExecutionCriteria(10502): Package unavailable for task: com.google.android.apps.gcs/com.google.android.flib.phenotype.services.PhenotypeExperimentCommitService{u=0 tag="PhenotypeExpCommitSvc" trigger=window{start=0s,end=30s,earliest=-1635s,latest=-1605s} requirements=[NET_ANY] attributes=[PERSISTED] scheduled=-1635s last_run=N/A exec_window_multiplier=1.0000 jid=N/A status=PENDING retries=0 client_lib=MANCHEGO_GCM-11732000} [CONTEXT service_id=218 ]
11-16 09:56:30.527: I/NetworkScheduler.Stats(10502): Task com.google.android.gms/com.google.android.gms.phenotype.service.sync.PhenotypeConfigurator started execution. cause:4 exec_start_elapsed_seconds: 1738 [CONTEXT service_id=218 ]
11-16 09:56:30.812: I/akia(10502): Removed 0 invalid users [CONTEXT service_id=51 ]
11-16 09:56:31.190: D/BoundBrokerSvc(13641): onUnbind: Intent { act=com.google.android.mdd.service.START cmp=com.google.android.gms/.chimera.GmsBoundBrokerService }
11-16 09:56:31.523: I/akhr(10502): Scheduling adaptive one off task with window [14400, 604800] in seconds [CONTEXT service_id=51 ]
