11-16 09:56:16.252: I/DynamiteModule(19674): Selected local version of com.google.android.gms.providerinstaller.dynamite
11-16 09:56:16.263: V/NativeCrypto(19674): Registering com/google/android/gms/org/conscrypt/NativeCrypto's 294 native methods...
11-16 09:56:16.273: D/NetworkSecurityConfig(19674): Using Network Security Config from resource network_security_config debugBuild: false
11-16 09:56:16.276: I/ProviderInstaller(19674): Installed default security provider GmsCore_OpenSSL
11-16 09:56:16.296: I/axnn(19674): Primes not initialized, returning default (no-op) Primes instance which will ignore all calls. Please call Primes.initialize(...) before using any Primes API.
11-16 09:56:16.299: I/GMS_MM_Logger(19674): Started.
11-16 09:56:16.304: V/BackupManagerConstants(1215): getFullBackupRequiredNetworkType(...) returns 2
11-16 09:56:16.304: V/BackupManagerConstants(1215): getFullBackupRequireCharging(...) returns true
11-16 09:56:16.306: I/Watchcat(19674): Started
11-16 09:56:16.333: W/CAR.VALIDATOR.LITE(19674): Invalid version in allow list flag [ALL] [CONTEXT service_id=13 ]
11-16 09:56:16.333: W/CAR.VALIDATOR.LITE(19674): java.lang.NumberFormatException: For input string: "ALL"
11-16 09:56:16.333: W/CAR.VALIDATOR.LITE(19674): 	at java.lang.Integer.parseInt(Integer.java:615)
11-16 09:56:16.333: W/CAR.VALIDATOR.LITE(19674): 	at java.lang.Integer.parseInt(Integer.java:650)
11-16 09:56:16.333: W/CAR.VALIDATOR.LITE(19674): 	at nnu.<init>(:com.google.android.gms@213614028@21.36.14 (100400-395708125):13)
11-16 09:56:16.333: W/CAR.VALIDATOR.LITE(19674): 	at nnu.d(:com.google.android.gms@213614028@21.36.14 (100400-395708125):2)
11-16 09:56:16.333: W/CAR.VALIDATOR.LITE(19674): 	at com.google.android.gms.car.CarChimeraService.onCreate(:com.google.android.gms@213614028@21.36.14 (100400-395708125):17)
11-16 09:56:16.333: W/CAR.VALIDATOR.LITE(19674): 	at dpx.onCreate(:com.google.android.gms@213614028@21.36.14 (100400-395708125):1)
11-16 09:56:16.333: W/CAR.VALIDATOR.LITE(19674): 	at plf.onCreate(:com.google.android.gms@213614028@21.36.14 (100400-395708125):4)
11-16 09:56:16.333: W/CAR.VALIDATOR.LITE(19674): 	at android.app.ActivityThread.handleCreateService(ActivityThread.java:3570)
11-16 09:56:16.333: W/CAR.VALIDATOR.LITE(19674): 	at android.app.ActivityThread.access$1300(ActivityThread.java:200)
11-16 09:56:16.333: W/CAR.VALIDATOR.LITE(19674): 	at android.app.ActivityThread$H.handleMessage(ActivityThread.java:1672)
11-16 09:56:16.333: W/CAR.VALIDATOR.LITE(19674): 	at android.os.Handler.dispatchMessage(Handler.java:106)
11-16 09:56:16.333: W/CAR.VALIDATOR.LITE(19674): 	at android.os.Looper.loop(Looper.java:193)
11-16 09:56:16.333: W/CAR.VALIDATOR.LITE(19674): 	at android.app.ActivityThread.main(ActivityThread.java:6718)
11-16 09:56:16.333: W/CAR.VALIDATOR.LITE(19674): 	at java.lang.reflect.Method.invoke(Native Method)
11-16 09:56:16.333: W/CAR.VALIDATOR.LITE(19674): 	at com.android.internal.os.RuntimeInit$MethodAndArgsCaller.run(RuntimeInit.java:493)
11-16 09:56:16.333: W/CAR.VALIDATOR.LITE(19674): 	at com.android.internal.os.ZygoteInit.main(ZygoteInit.java:858)
11-16 09:56:16.376: I/Finsky(19173): [2] ajih.kw(11): BulkDetails response obtained.
11-16 09:56:16.378: I/Finsky(19173): [2] ajja.a(21): No new splits to download.
11-16 09:56:16.379: I/Finsky(19173): [2] ajkh.run(138): Skipping check for new language splits in self-update.
11-16 09:56:16.381: I/Finsky(19173): [2] abya.n(4): SCH: jobFinished: 37-0. TimeElapsed: 1918ms.
11-16 09:56:16.383: I/Finsky(19173): [2] abwr.e(4): SCH: Job 37-0 finished. Not rescheduling.
11-16 09:56:16.384: I/Finsky(19173): [2] abwq.handleMessage(59): SCH: RunningQueue size: 0, PendingQueue size: 0
11-16 09:56:16.389: I/Finsky(19173): [2] abwq.handleMessage(72): SCH: Waiting on changed job store
11-16 09:56:16.402: I/DynamiteModule(19674): Considering local module com.google.android.gms.googlecertificates:6 and remote module com.google.android.gms.googlecertificates:6
11-16 09:56:16.402: I/DynamiteModule(19674): Selected local version of com.google.android.gms.googlecertificates
11-16 09:56:16.432: D/CAR.CLIENT(4302): onICarAvailable
11-16 09:56:16.477: D/CAR.CLIENT(4302): onICarAvailable
11-16 09:56:16.478: I/GH.CarApiClientManager(4302): connected
11-16 09:56:16.478: D/GH.CarApiClientManager(4302): calling onConnected on cqq@a0247c6
11-16 09:56:16.478: D/GH.FeedbackNotifManager(4302): Starting FeedbackNotificationManager.
11-16 09:56:16.479: I/GH.HatsManager(4302): HaTS feature flag is not enabled. Not starting HatsManager.
11-16 09:56:16.479: D/GH.RatingPromptManager(4302): Starting RatingPromptManager.
11-16 09:56:16.481: D/GH.AutoLaunchPromptMgr(4302): AutoLaunchPromptManager disabled.
11-16 09:56:16.481: D/GH.CarApiClientManager(4302): notifying listener that the client was already connected
11-16 09:56:16.481: D/GH.CarApiClientManager(4302): registered listener cqp@d2697eb
11-16 09:56:16.481: D/GH.CarApiClientManager(4302): unregistered listener cqq@a0247c6
11-16 09:56:16.499: D/ConnectivityService(1215): Returning BLOCKED NetworkInfo to uid=10102
11-16 09:56:16.540: W/System(19173): A resource failed to call end. 
11-16 09:56:16.555: V/BackupManagerConstants(1215): getFullBackupRequiredNetworkType(...) returns 2
11-16 09:56:16.555: V/BackupManagerConstants(1215): getFullBackupRequireCharging(...) returns true
11-16 09:56:16.902: W/oid.apps.photo(19698): JIT profile information will not be recorded: profile file does not exits.
11-16 09:56:16.902: W/oid.apps.photo(19698): JIT profile information will not be recorded: profile file does not exits.
11-16 09:56:16.999: D/BoundBrokerSvc(13641): onBind: Intent { act=com.google.android.gms.measurement.START pkg=com.google.android.gms }
11-16 09:56:16.999: D/BoundBrokerSvc(13641): Loading bound service for intent: Intent { act=com.google.android.gms.measurement.START pkg=com.google.android.gms }
11-16 09:56:17.034: I/FA-SVC(13641): App measurement initialized, version: 213614
11-16 09:56:17.102: I/id.gms.unstabl(19566): The ClassLoaderContext is a special shared library.
11-16 09:56:17.103: D/fpc_hidl(19756): fpc fingerprint hwbinder service starting
11-16 09:56:17.104: D/QSEECOMAPI(19756): QSEECom_get_handle sb_length = 0x80
11-16 09:56:17.104: D/QSEECOMAPI(19756): App is not loaded in QSEE
11-16 09:56:17.104: D/QSEECOMAPI(19756): app_arch = 2, total_files = 9
11-16 09:56:17.134: I/ActivityManager(1215): Start proc 19761:com.google.android.apps.tips/u0a52 for broadcast com.google.android.apps.tips/.onboarding.LocaleChangedReceiver
11-16 09:56:17.142: E/droid.apps.tip(19761): Not starting debugger since process cannot load the jdwp agent.
11-16 09:56:17.162: D/QSEECOMAPI(19756): Loaded image: APP id = 347
11-16 09:56:17.166: E/fpc_tac(19756): fpcbuildinfo : 575ddab5b91efea67ee1d200fc813ff2fpc_bio=bd35c3fec78219829149bea6c9ec961e6f655b90C:prodtestlib=4304cf5c884c198624b749af3482befacbd3028eC:fpc_c_core=dc194509594e837dedfb5452aaf06fcb61977135C:fpc_lib=cd5b7b876c3d69afa68a11ac6fd86f873e70817bC:cac=297e11552c60a3607ed664cf44c3e4b36ab2e737C:fpc_bio_interface=94a457caecae31eca8ef04b64c3f82a018e9bbc0C:fpc_sensor=ba909a5500944acafe47a0ef3a49f89509aadfb6C:tools_core=94ddf1e684cfa6c99f0f237f7cc35f3962e0e597C:sensor_settings=4fcf864fb493ae0272a9b2806446b379d99fd8ceC:fingerprint_ta=066bc0ab880960a4a69b74a328c7d7871c72225bC:fingerprint_pal=0deb9a478a3572872639f9cb2559ccc464ee3f9bC:manifests=dcb3d8ab0bdb7a5b341839d8c75bb88fc7f5e1a4C:Manifesttag=SW23.3.0-PDR1.0.5:jenkins@84ffd74dac44:Thu,17May201810:17:08+0200:FPC_SENSOR_TYPE=FPC_SENSOR_TYPE_FPC1270:FPC_CC_TYPE=FPC_COMPANION_CHIP_FPC2050:FPC_C_TYPE=FPC_COATING_NORMAL
11-16 09:56:17.166: E/fpc_tac(19756): fpcbuildtype : build=RELEASE sensor=9
11-16 09:56:17.168: W/EventHub(1215): Unable to disable kernel key repeat for /dev/input/event3: Function not implemented
11-16 09:56:17.168: I/EventHub(1215): wakeMechanism=EPOLLWAKEUP, usingClockIoctl=true
11-16 09:56:17.168: I/EventHub(1215): New device: id=347, fd=302, path='/dev/input/event3', name='uinput-fpc', classes=0x101, configuration='/system/usr/idc/uinput-fpc.idc', keyLayout='/system/usr/keylayout/uinput-fpc.kl', keyCharacterMap='/system/usr/keychars/Generic.kcm', builtinKeyboard=true, 
11-16 09:56:17.168: W/InputReader(1215): Ignoring spurious device added event for deviceId 0.
11-16 09:56:17.182: I/EventLogSendingHelper(9893): Sending log events.
11-16 09:56:17.203: I/ActivityManager(1215): Start proc 19781:com.google.android.apps.wellbeing/u0a26 for broadcast com.google.android.apps.wellbeing/.api.launcher.impl.LauncherActionsChangedBroadcastReceiver_Receiver
11-16 09:56:17.210: E/.apps.wellbein(19781): Not starting debugger since process cannot load the jdwp agent.
11-16 09:56:17.226: I/.apps.wellbein(19781): The ClassLoaderContext is a special shared library.
11-16 09:56:17.229: W/Binder:19566_2(19566): type=1400 audit(0.0:388): avc: denied { read } for name="u:object_r:vendor_default_prop:s0" dev="tmpfs" ino=24431 scontext=u:r:priv_app:s0:c512,c768 tcontext=u:object_r:vendor_default_prop:s0 tclass=file permissive=0
11-16 09:56:17.231: E/libc(19566): Access denied finding property "vendor.debug.egl.profiler"
11-16 09:56:17.231: I/Adreno(19566): QUALCOMM build                   : 3f88ca2, I42f6fe38fb
11-16 09:56:17.231: I/Adreno(19566): Build Date                       : 07/13/18
11-16 09:56:17.231: I/Adreno(19566): OpenGL ES Shader Compiler Version: EV031.24.00.00
11-16 09:56:17.231: I/Adreno(19566): Local Branch                     : 50.04
11-16 09:56:17.231: I/Adreno(19566): Remote Branch                    : 
11-16 09:56:17.231: I/Adreno(19566): Remote Branch                    : 
11-16 09:56:17.231: I/Adreno(19566): Reconstruct Branch               : 
11-16 09:56:17.231: I/Adreno(19566): Build Config                     : S P 4.0.10 AArch64
11-16 09:56:17.232: E/libc(19566): Access denied finding property "ro.vendor.graphics.memory"
11-16 09:56:17.229: W/Binder:19566_2(19566): type=1400 audit(0.0:389): avc: denied { read } for name="u:object_r:vendor_default_prop:s0" dev="tmpfs" ino=24431 scontext=u:r:priv_app:s0:c512,c768 tcontext=u:object_r:vendor_default_prop:s0 tclass=file permissive=0
11-16 09:56:17.233: I/Adreno(19566): PFP: 0x016ee170, ME: 0x00000000
11-16 09:56:17.235: I/ConfigStore(19566): android::hardware::configstore::V1_0::ISurfaceFlingerConfigs::hasWideColorDisplay retrieved: 1
11-16 09:56:17.235: I/ConfigStore(19566): android::hardware::configstore::V1_0::ISurfaceFlingerConfigs::hasHDRDisplay retrieved: 1
11-16 09:56:17.245: I/PublicSearchService(9893): Calling beginSession().
11-16 09:56:17.246: W/PublicSearchService(9893): Invalid client config. Failed to begin session.
11-16 09:56:17.246: E/tips-smartspace-binder(19761): PSS session is null
11-16 09:56:17.261: I/Adreno(19566): QUALCOMM build                   : 3f88ca2, I42f6fe38fb
11-16 09:56:17.261: I/Adreno(19566): Build Date                       : 07/13/18
11-16 09:56:17.261: I/Adreno(19566): OpenGL ES Shader Compiler Version: EV031.24.00.00
11-16 09:56:17.261: I/Adreno(19566): Local Branch                     : 50.04
11-16 09:56:17.261: I/Adreno(19566): Remote Branch                    : 
11-16 09:56:17.261: I/Adreno(19566): Remote Branch                    : 
11-16 09:56:17.261: I/Adreno(19566): Reconstruct Branch               : 
11-16 09:56:17.261: I/Adreno(19566): Build Config                     : S P 4.0.10 AArch64
11-16 09:56:17.263: I/Adreno(19566): PFP: 0x016ee170, ME: 0x00000000
11-16 09:56:17.264: I/ConfigStore(19566): android::hardware::configstore::V1_0::ISurfaceFlingerConfigs::hasWideColorDisplay retrieved: 1
11-16 09:56:17.264: I/ConfigStore(19566): android::hardware::configstore::V1_0::ISurfaceFlingerConfigs::hasHDRDisplay retrieved: 1
11-16 09:56:17.281: I/EventLogSendingHelper(9893): Sending log events.
11-16 09:56:17.374: I/MultiDex(19781): VM with version 2.1.0 has multidex support
11-16 09:56:17.374: I/MultiDex(19781): install
11-16 09:56:17.374: I/MultiDex(19781): VM has multidex support, MultiDex support library is disabled.
11-16 09:56:17.418: I/Finsky(19173): [2] alsm.a(4): Exiting following cache clear.
11-16 09:56:17.420: I/Finsky(19173): [2] gik.run(63): Exit with reason: 375, called from : java.lang.Throwable
11-16 09:56:17.420: I/Finsky(19173): 	at gik.run(Unknown Source:9)
11-16 09:56:17.420: I/Finsky(19173): 	at android.os.Handler.handleCallback(Handler.java:873)
11-16 09:56:17.420: I/Finsky(19173): 	at android.os.Handler.dispatchMessage(Handler.java:99)
11-16 09:56:17.420: I/Finsky(19173): 	at android.os.Looper.loop(Looper.java:193)
11-16 09:56:17.420: I/Finsky(19173): 	at android.app.ActivityThread.main(ActivityThread.java:6718)
11-16 09:56:17.420: I/Finsky(19173): 	at java.lang.reflect.Method.invoke(Native Method)
11-16 09:56:17.420: I/Finsky(19173): 	at com.android.internal.os.RuntimeInit$MethodAndArgsCaller.run(RuntimeInit.java:493)
11-16 09:56:17.420: I/Finsky(19173): 	at com.android.internal.os.ZygoteInit.main(ZygoteInit.java:858)
11-16 09:56:17.422: I/android.vendin(19173): System.exit called, status: 0
11-16 09:56:17.422: I/AndroidRuntime(19173): VM exiting with result code 0, cleanup skipped.
11-16 09:56:17.484: D/ConnectivityService(1215): ConnectivityService NetworkRequestInfo binderDied(NetworkRequest [ TRACK_DEFAULT id=53, [ Capabilities: INTERNET&NOT_RESTRICTED&TRUSTED Unwanted:  Uid: 10014] ], android.os.BinderProxy@670706c)
11-16 09:56:17.484: D/ConnectivityService(1215): ConnectivityService NetworkRequestInfo binderDied(NetworkRequest [ LISTEN id=54, [ Capabilities: INTERNET&NOT_RESTRICTED&TRUSTED Unwanted:  Uid: 10014] ], android.os.BinderProxy@fa8f635)
11-16 09:56:17.484: D/ConnectivityService(1215): releasing NetworkRequest [ TRACK_DEFAULT id=53, [ Capabilities: INTERNET&NOT_RESTRICTED&TRUSTED Unwanted:  Uid: 10014] ] (release request)
11-16 09:56:17.485: I/ActivityManager(1215): Process com.android.vending (pid 19173) has died: vis  TRNB
11-16 09:56:17.485: W/ActivityManager(1215): Scheduling restart of crashed service com.android.vending/com.google.android.finsky.scheduler.process.mainimpl.PhoneskyJobServiceMain in 1000ms
11-16 09:56:17.486: W/libprocessgroup(1215): kill(-19173, 9) failed: No such process
11-16 09:56:17.486: I/libprocessgroup(1215): Successfully killed process cgroup uid 10014 pid 19173 in 0ms
11-16 09:56:17.486: I/Finsky:download_service(19314): [2] szp.onDestroy(8): IPC-SERVER: Stopping gRPC host service...
11-16 09:56:17.487: I/Zygote(736): Process 19173 exited cleanly (0)
11-16 09:56:17.488: I/ActivityManager(1215): Killing 18806:com.google.android.partnersetup/u0a49 (adj 906): empty #17
11-16 09:56:17.490: W/libprocessgroup(1215): kill(-18806, 9) failed: No such process
11-16 09:56:17.496: W/libprocessgroup(1215): kill(-18806, 9) failed: No such process
11-16 09:56:17.507: I/Zygote(735): Process 18806 exited due to signal (9)
11-16 09:56:17.510: I/hiy(19781): SslGuard completed installation.
11-16 09:56:17.515: W/libprocessgroup(1215): kill(-18806, 9) failed: No such process
11-16 09:56:17.515: I/libprocessgroup(1215): Successfully killed process cgroup uid 10049 pid 18806 in 25ms
11-16 09:56:17.534: W/DynamiteModule(19295): Local module descriptor class for providerinstaller not found.
11-16 09:56:17.549: W/ProviderHelper(10502): Unknown dynamite feature providerinstaller
11-16 09:56:17.576: W/PrimesInit(19781): Primes instant initialization
11-16 09:56:17.577: W/Primes(19781): background initialization
11-16 09:56:17.589: I/ActivityManager(1215): Start proc 19819:com.google.android.configupdater/u0a29 for service com.google.android.configupdater/.MainJobService
11-16 09:56:17.592: E/d.configupdate(19819): Not starting debugger since process cannot load the jdwp agent.
11-16 09:56:17.605: W/ProviderInstaller(19295): Failed to load providerinstaller module: No acceptable module found. Local version is 0 and remote version is 0.
11-16 09:56:17.608: W/droid.apps.doc(19295): Unknown chunk type '200'.
11-16 09:56:17.611: I/PrimesTesting(19781): GserviceFlagsSupplier.get()
11-16 09:56:17.612: I/d.configupdate(19819): The ClassLoaderContext is a special shared library.
11-16 09:56:17.614: I/droid.apps.doc(19295): The ClassLoaderContext is a special shared library.
11-16 09:56:17.615: I/chatty(19295): uid=10128(com.google.android.apps.docs) TaskSchedulerLo identical 1 line
11-16 09:56:17.617: I/droid.apps.doc(19295): The ClassLoaderContext is a special shared library.
11-16 09:56:17.647: W/System(19114): A resource failed to call close. 
11-16 09:56:17.652: I/ActivityManager(1215): Killing 18834:com.google.intelligence.sense/u0a31 (adj 906): empty #17
11-16 09:56:17.653: W/libprocessgroup(1215): kill(-18834, 9) failed: No such process
11-16 09:56:17.660: E/Backup(13641): [BackupTransportMigratorChimeraService] Could not migrate transport!
11-16 09:56:17.661: I/Backup(13641): [BackupTransportMigratorChimeraService] Starting migration...
11-16 09:56:17.673: I/Zygote(735): Process 18834 exited due to signal (9)
11-16 09:56:17.698: W/libprocessgroup(1215): kill(-18834, 9) failed: No such process
11-16 09:56:17.698: I/libprocessgroup(1215): Successfully killed process cgroup uid 10031 pid 18834 in 45ms
11-16 09:56:17.785: V/NativeCrypto(19295): Registering com/google/android/gms/org/conscrypt/NativeCrypto's 294 native methods...
11-16 09:56:17.827: D/NetworkSecurityConfig(19295): Using Network Security Config from resource network_security_config debugBuild: false
11-16 09:56:17.829: I/ProviderInstaller(19295): Installed default security provider GmsCore_OpenSSL
11-16 09:56:17.878: I/ActivityManager(1215): Killing 18621:com.google.android.gmscore.testing.testsupport/u0a170 (adj 906): empty #17
11-16 09:56:17.878: W/libprocessgroup(1215): kill(-18621, 9) failed: No such process
11-16 09:56:17.886: E/s:nonpersisten(19865): Not starting debugger since process cannot load the jdwp agent.
11-16 09:56:17.889: I/ActivityManager(1215): Start proc 19865:com.google.android.as:nonpersistent/u0a43 for broadcast com.google.android.as/com.google.android.apps.miphone.aiai.allapps.broadcastreceiver.SystemBroadcastReceiver
11-16 09:56:17.892: I/Zygote(735): Process 18621 exited due to signal (9)
11-16 09:56:17.894: D/BoundBrokerSvc(13641): onUnbind: Intent { act=com.google.android.gms.testsupport.service.START pkg=com.google.android.gms }
11-16 09:56:17.904: W/libprocessgroup(1215): kill(-18621, 9) failed: No such process
11-16 09:56:17.904: I/libprocessgroup(1215): Successfully killed process cgroup uid 10170 pid 18621 in 25ms
11-16 09:56:17.925: I/cr_CronetLibraryLoader(19865): Cronet version: 68.0.3430.2, arch: armv8l
11-16 09:56:17.939: I/AiAi(19865): AiAi onCreate, isDebug: false
11-16 09:56:17.944: I/AiAiMatchmaker(19865): Install SilentFeedback Handler: true
11-16 09:56:17.948: I/ActivityManager(1215): Killing 18964:com.android.carrierdefaultapp/u0a84 (adj 906): empty #17
11-16 09:56:17.948: W/libprocessgroup(1215): kill(-18964, 9) failed: No such process
11-16 09:56:17.961: I/ActivityManager(1215): Start proc 19896:com.google.android.calendar/u0a124 for broadcast com.google.android.calendar/com.android.calendar.widget.CalendarAppWidgetProvider
11-16 09:56:17.961: E/ndroid.calenda(19896): Not starting debugger since process cannot load the jdwp agent.
11-16 09:56:17.963: W/libprocessgroup(1215): kill(-18964, 9) failed: No such process
11-16 09:56:17.965: I/Zygote(735): Process 18964 exited due to signal (9)
11-16 09:56:17.974: I/ndroid.calenda(19896): The ClassLoaderContext is a special shared library.
11-16 09:56:17.976: W/libprocessgroup(1215): kill(-18964, 9) failed: No such process
11-16 09:56:17.976: I/libprocessgroup(1215): Successfully killed process cgroup uid 10084 pid 18964 in 28ms
11-16 09:56:18.007: D/QSEECOMAPI(19756): QSEECom_get_handle sb_length = 0x400
11-16 09:56:18.008: D/QSEECOMAPI(19756): App is already loaded QSEE and app id = 1
11-16 09:56:18.010: E/fpc_tac(19756): qsee_km_get_encapsulated_key KEYMASTER_GET_AUTH_TOKEN_KEY returned status=-24
11-16 09:56:18.010: D/QSEECOMAPI(19756): QSEECom_dealloc_memory 
11-16 09:56:18.010: D/QSEECOMAPI(19756): QSEECom_shutdown_app, app_id = 1
11-16 09:56:18.010: E/fpc_fingerprint_hal(19756): fpc_hal_open failed
11-16 09:56:18.012: I/EventHub(1215): Removing device '/dev/input/event3' due to inotify event
11-16 09:56:18.012: I/EventHub(1215): Removed device: path=/dev/input/event3 name=uinput-fpc id=347 fd=302 classes=0x101
11-16 09:56:18.012: W/EventHub(1215): built-in keyboard device /dev/input/event3 (id=347) is closing! the apps will not like this
11-16 09:56:18.012: W/InputReader(1215): Ignoring spurious device removed event for deviceId 347.
11-16 09:56:18.029: D/QSEECOMAPI(19756): QSEECom_dealloc_memory 
11-16 09:56:18.029: D/QSEECOMAPI(19756): QSEECom_shutdown_app, app_id = 347
11-16 09:56:18.101: I/t_app_installe(19256): Waiting for a blocking GC ProfileSaver
11-16 09:56:18.108: I/t_app_installe(19256): WaitForGcToComplete blocked ProfileSaver on AddRemoveAppImageSpace for 6.885ms
11-16 09:56:18.131: W/ProviderHelper(13641): Unknown dynamite feature providerinstaller.dynamite
11-16 09:56:18.131: I/DynamiteModule(13641): Considering local module com.google.android.gms.providerinstaller.dynamite:1 and remote module com.google.android.gms.providerinstaller.dynamite:0
11-16 09:56:18.131: I/DynamiteModule(13641): Selected local version of com.google.android.gms.providerinstaller.dynamite
11-16 09:56:18.138: W/Conscrypt(13641): Could not set socket write timeout: java.net.SocketException: Socket closed
11-16 09:56:18.138: W/Conscrypt(13641): 	at com.google.android.gms.org.conscrypt.Platform.setSocketWriteTimeout(:com.google.android.gms@213614028@21.36.14 (100400-395708125):2)
11-16 09:56:18.138: W/Conscrypt(13641): 	at com.google.android.gms.org.conscrypt.ConscryptFileDescriptorSocket.setSoWriteTimeout(:com.google.android.gms@213614028@21.36.14 (100400-395708125):0)
11-16 09:56:18.345: W/.apps.wellbein(19781): Unknown chunk type '200'.
11-16 09:56:18.571: W/Conscrypt(13641): Could not set socket write timeout: java.net.SocketException: Socket closed
11-16 09:56:18.571: W/Conscrypt(13641): 	at com.google.android.gms.org.conscrypt.Platform.setSocketWriteTimeout(:com.google.android.gms@213614028@21.36.14 (100400-395708125):2)
11-16 09:56:18.571: W/Conscrypt(13641): 	at com.google.android.gms.org.conscrypt.ConscryptFileDescriptorSocket.setSoWriteTimeout(:com.google.android.gms@213614028@21.36.14 (100400-395708125):0)
11-16 09:56:18.630: I/ActivityManager(1215): Start proc 19927:com.android.providers.calendar/u0a44 for content provider com.android.providers.calendar/.CalendarProvider2
11-16 09:56:18.634: E/viders.calenda(19927): Not starting debugger since process cannot load the jdwp agent.
11-16 09:56:18.657: W/Primes(19896): Primes not initialized, returning default (no-op) Primes instance which will ignore all calls. Please call Primes.initialize(...) before using any Primes API.
11-16 09:56:18.682: I/CalendarProvider2(19927): Created com.android.providers.calendar.CalendarAlarmManager@4f665cd(com.android.providers.calendar.CalendarProvider2@97bfe82)
11-16 09:56:18.801: I/ActivityManager(1215): Start proc 19975:com.google.android.contacts/u0a90 for broadcast com.google.android.contacts/com.google.android.apps.contacts.receiver.LocaleChangeReceiver
11-16 09:56:18.807: E/ndroid.contact(19975): Not starting debugger since process cannot load the jdwp agent.
11-16 09:56:18.831: I/ndroid.contact(19975): The ClassLoaderContext is a special shared library.
11-16 09:56:18.901: I/ActivityManager(1215): Killing 18987:com.android.cellbroadcastreceiver/u0a62 (adj 906): empty #17
11-16 09:56:18.901: W/libprocessgroup(1215): kill(-18987, 9) failed: No such process
11-16 09:56:18.912: I/Zygote(735): Process 18987 exited due to signal (9)
11-16 09:56:18.947: W/libprocessgroup(1215): kill(-18987, 9) failed: No such process
11-16 09:56:18.947: I/libprocessgroup(1215): Successfully killed process cgroup uid 10062 pid 18987 in 45ms
11-16 09:56:19.068: W/PrimesInit(19975): Primes instant initialization
11-16 09:56:19.069: W/Primes(19975): background initialization
11-16 09:56:19.074: I/ActivityManager(1215): Killing 19007:com.android.chrome/u0a107 (adj 906): empty #17
11-16 09:56:19.075: W/libprocessgroup(1215): kill(-19007, 9) failed: No such process
11-16 09:56:19.086: I/ActivityManager(1215): Start proc 20012:com.google.android.deskclock/u0a119 for broadcast com.google.android.deskclock/com.android.deskclock.AlarmInitReceiver
11-16 09:56:19.089: E/droid.deskcloc(20012): Not starting debugger since process cannot load the jdwp agent.
11-16 09:56:19.091: D/ActivityManager(1215): Raise procstate to external provider: ProcessRecord{76670de 19091:android.process.acore/u0a42}
11-16 09:56:19.093: W/Binder(1215): Outgoing transactions from this process must be FLAG_ONEWAY
11-16 09:56:19.093: W/Binder(1215): java.lang.Throwable
11-16 09:56:19.093: W/Binder(1215): 	at android.os.BinderProxy.transact(Binder.java:1116)
11-16 09:56:19.093: W/Binder(1215): 	at android.content.ContentProviderProxy.getType(ContentProviderNative.java:451)
11-16 09:56:19.093: W/Binder(1215): 	at com.android.server.am.ActivityManagerService.getProviderMimeType(ActivityManagerService.java:13091)
11-16 09:56:19.093: W/Binder(1215): 	at android.app.IActivityManager$Stub.onTransact(IActivityManager.java:1417)
11-16 09:56:19.093: W/Binder(1215): 	at com.android.server.am.ActivityManagerService.onTransact(ActivityManagerService.java:3297)
11-16 09:56:19.093: W/Binder(1215): 	at android.os.Binder.execTransact(Binder.java:731)
11-16 09:56:19.103: I/Zygote(736): Process 19007 exited due to signal (9)
11-16 09:56:19.109: I/droid.deskcloc(20012): The ClassLoaderContext is a special shared library.
11-16 09:56:19.110: W/libprocessgroup(1215): kill(-19007, 9) failed: No such process
11-16 09:56:19.110: I/libprocessgroup(1215): Successfully killed process cgroup uid 10107 pid 19007 in 35ms
11-16 09:56:19.168: I/PrimesTesting(19975): GserviceFlagsSupplier.get()
11-16 09:56:19.217: W/PrimesInit(20012): Primes instant initialization
11-16 09:56:19.223: W/Primes(20012): background initialization
11-16 09:56:19.230: I/GAv4(20012): Google Analytics 18.5.89 is starting up. To enable debug logging on a device run:
11-16 09:56:19.230: I/GAv4(20012):   adb shell setprop log.tag.GAv4 DEBUG
11-16 09:56:19.230: I/GAv4(20012):   adb logcat -s GAv4
11-16 09:56:19.248: I/FontLog(10502): Received query Google Sans:500, URI content://com.google.android.gms.fonts [CONTEXT service_id=132 ]
11-16 09:56:19.249: I/FontLog(10502): Query [Google Sans:500] resolved to {Google Sans, wdth 100.0, wght 500, ital 0.0, bestEffort false} [CONTEXT service_id=132 ]
11-16 09:56:19.251: I/FontLog(10502): Font PFD returned from cache for {Google Sans, wdth 100.0, wght 500, ital 0.0, bestEffort false} [CONTEXT service_id=132 ]
11-16 09:56:19.251: I/FontLog(10502): Fetch {Google Sans, wdth 100.0, wght 500, ital 0.0, bestEffort false} end status Status{statusCode=SUCCESS, resolution=null} [CONTEXT service_id=132 ]
11-16 09:56:19.258: W/GAv4(20012): AnalyticsReceiver is not registered or is disabled. Register the receiver for reliable dispatching on non-Google Play devices. See http://goo.gl/8Rd3yj for instructions.
11-16 09:56:19.259: I/FontLog(10502): Pulling font file for id = 2, cache size = 2 [CONTEXT service_id=132 ]
11-16 09:56:19.264: I/PrimesTesting(20012): GserviceFlagsSupplier.get()
11-16 09:56:19.267: W/GAv4(20012): CampaignTrackingReceiver is not registered, not exported or is disabled. Installation campaign tracking is not possible. See http://goo.gl/8Rd3yj for instructions.
11-16 09:56:19.268: I/FontLog(10502): Received query Google Sans, URI content://com.google.android.gms.fonts [CONTEXT service_id=132 ]
11-16 09:56:19.268: I/FontLog(10502): Query [Google Sans] resolved to {Google Sans, wdth 100.0, wght 400, ital 0.0, bestEffort false} [CONTEXT service_id=132 ]
11-16 09:56:19.269: W/GAv4(20012): AnalyticsService not registered in the app manifest. Hits might not be delivered reliably. See http://goo.gl/8Rd3yj for instructions.
11-16 09:56:19.269: I/FontLog(10502): Font PFD returned from cache for {Google Sans, wdth 100.0, wght 400, ital 0.0, bestEffort false} [CONTEXT service_id=132 ]
11-16 09:56:19.269: I/FontLog(10502): Fetch {Google Sans, wdth 100.0, wght 400, ital 0.0, bestEffort false} end status Status{statusCode=SUCCESS, resolution=null} [CONTEXT service_id=132 ]
11-16 09:56:19.272: I/FontLog(10502): Pulling font file for id = 3, cache size = 3 [CONTEXT service_id=132 ]
11-16 09:56:19.277: I/AlarmClock(20012): AlarmInitReceiver android.intent.action.LOCALE_CHANGED
11-16 09:56:19.286: I/AlarmClock(20012): DigitalAppWidgetProvider processing Intent { act=android.intent.action.LOCALE_CHANGED flg=0x11200010 cmp=com.google.android.deskclock/com.android.alarmclock.DigitalAppWidgetProvider }
11-16 09:56:19.299: I/ActivityManager(1215): Killing 19114:android.process.media/u0a8 (adj 906): empty #17
11-16 09:56:19.300: W/libprocessgroup(1215): kill(-19114, 9) failed: No such process
11-16 09:56:19.309: E/.android.diale(20054): Not starting debugger since process cannot load the jdwp agent.
11-16 09:56:19.310: I/ActivityManager(1215): Start proc 20054:com.google.android.dialer/u0a64 for broadcast com.google.android.dialer/com.android.dialer.notification.channel.NotificationChannelUpdateReceiver
11-16 09:56:19.318: I/Zygote(735): Process 19114 exited due to signal (9)
11-16 09:56:19.333: I/.android.diale(20054): The ClassLoaderContext is a special shared library.
11-16 09:56:19.334: I/.android.diale(20054): The ClassLoaderContext is a special shared library.
11-16 09:56:19.335: I/GAv4-SVC(13641): Google Analytics 213.6.14 is starting up.
11-16 09:56:19.345: W/libprocessgroup(1215): kill(-19114, 9) failed: No such process
11-16 09:56:19.345: I/libprocessgroup(1215): Successfully killed process cgroup uid 10008 pid 19114 in 45ms
11-16 09:56:19.596: I/Dialer(20054): DuoModule.provideDuo - enabled, returning impl
11-16 09:56:19.666: D/BoundBrokerSvc(13641): onBind: Intent { act=com.google.android.gms.telephonyspam.service.START pkg=com.google.android.gms }
11-16 09:56:19.666: D/BoundBrokerSvc(13641): Loading bound service for intent: Intent { act=com.google.android.gms.telephonyspam.service.START pkg=com.google.android.gms }
11-16 09:56:19.683: D/BoundBrokerSvc(13641): onBind: Intent { act=com.google.android.gms.auth.service.START pkg=com.google.android.gms }
11-16 09:56:19.683: D/BoundBrokerSvc(13641): Loading bound service for intent: Intent { act=com.google.android.gms.auth.service.START pkg=com.google.android.gms }
11-16 09:56:19.726: I/Dialer(20054): ClearcutMetricsInitializer.initialize - enter
11-16 09:56:19.733: W/PrimesInit(20054): Primes instant initialization
11-16 09:56:19.734: I/Dialer(20054): ClearcutMetricsInitializer.initialize - primes metrics monitoring started!
11-16 09:56:19.734: W/Primes(20054): background initialization
11-16 09:56:19.734: I/Dialer(20054): PrimesMetrics.startTimer - Application.onCreate is empty
11-16 09:56:19.739: I/Dialer(20054): DialerExecutorModule.newThread - creating low priority thread
11-16 09:56:19.741: I/Dialer(20054): CallLogConfigImpl.schedulePollingJob - scheduling
11-16 09:56:19.750: I/Dialer(20054): NonUiTaskBuilder.newThread - creating serial thread
11-16 09:56:19.752: I/Dialer(20054): DialerExecutorModule.newThread - creating low priority thread
11-16 09:56:19.753: I/Dialer(20054): ShortcutsJobScheduler.scheduleAllJobs - enter
11-16 09:56:19.756: I/Dialer(20054): ShortcutsJobScheduler.scheduleAllJobs - enabling shortcuts
11-16 09:56:19.756: I/Dialer(20054): PeriodicJobService.schedulePeriodicJob - enter
11-16 09:56:19.756: I/Dialer(20054): PeriodicJobService.schedulePeriodicJob - job already scheduled.
11-16 09:56:19.765: I/Dialer(20054): SpamJobScheduler.scheduleJob - job with id SPAM_JOB_WIFI is already scheduled
11-16 09:56:19.768: I/Dialer(20054): SpamJobScheduler.scheduleJob - job with id SPAM_JOB_ANY_NETWORK is already scheduled
11-16 09:56:19.775: I/PrimesTesting(20054): GserviceFlagsSupplier.get()
11-16 09:56:19.780: I/Dialer(20054): NotificationChannelUpdateReceiver.onReceive - updateChannels
11-16 09:56:19.834: I/LocaleChangeIO(10502): No action required after switch to en [CONTEXT service_id=231 ]
11-16 09:56:19.847: I/LanguageSettingsHelper(9893): Removing enrollment utterances : Locale changed
11-16 09:56:19.847: E/UtteranceHandler(9893): Called deleteEnrollmentUtterances for null account
11-16 09:56:19.854: I/ActivityManager(1215): Killing 19151:com.android.sdm.plugins.sprintdm/1001 (adj 906): empty #17
11-16 09:56:19.856: W/libprocessgroup(1215): kill(-19151, 9) failed: No such process
11-16 09:56:19.859: I/NearbyDiscovery(10502): DiscoveryService created [CONTEXT service_id=49 ]
11-16 09:56:19.866: W/ChimeraUtils(10502): Module com.google.android.gms.nearby has empty metadata display_name_string_id
11-16 09:56:19.869: W/ChimeraUtils(10502): Module com.google.android.gms.nearby has empty metadata display_name_string_id
11-16 09:56:19.877: I/OpaEnabledReceiver(3667): Dispatching OPA eligble = true; AGSA = true; OPA enabled = true
11-16 09:56:19.877: I/OpaLayout(3667): Setting opa enabled to true
11-16 09:56:19.877: I/OpaLayout(3667): Setting opa enabled to true
11-16 09:56:19.882: I/Zygote(735): Process 19151 exited due to signal (9)
11-16 09:56:19.887: I/OpaEligibilityChecker(9893): send OpaEligibilityChange broadcast to CommonBroadcastReceiver
11-16 09:56:19.890: I/DefaultSticker(3648): Received android.intent.action.LOCALE_CHANGED broadcast from null
11-16 09:56:19.896: I/BgTaskExecutorImpl(9893): Starting EXCLUSIVE background task SEND_GSA_HOME_REQUEST.
11-16 09:56:19.897: I/FirebaseJobDispatcher(3648): Schedule task: DefaultStickerUpdate. Success.
11-16 09:56:19.897: I/DefaultStickerUpdate(3648): Scheduled update for locale=en, data=DefaultStickerTaskData{enabled=true, metadataUriPrefix=https://www.gstatic.com/android/keyboard/stickers/configs/v5/, supportedLanguage=en}, and reason=BROADCAST_LOCALE_CHANGED
11-16 09:56:19.898: I/BgTaskExecutorImpl(9893): Starting EXCLUSIVE background task UPDATE_HOTWORD_MODELS.
11-16 09:56:19.899: I/HotwordHelper(9893): hasHotwordEverywhere-false
11-16 09:56:19.900: W/SearchServiceCore(9893): Abort, client detached.
11-16 09:56:19.901: W/libprocessgroup(1215): kill(-19151, 9) failed: No such process
11-16 09:56:19.901: I/libprocessgroup(1215): Successfully killed process cgroup uid 1001 pid 19151 in 44ms
11-16 09:56:19.903: W/KeyphraseEnrollmentInfo(4137): No enrollment application supports the given keyphrase/locale: 'Ok Google'/en
11-16 09:56:19.903: I/GsaVoiceInteractionSrv(4137): Creating AOHD: Keyphrase - Ok Google, Locale - en/en-GB
11-16 09:56:19.904: W/SoundTriggerHelper(1215): Attempting stopRecognition without a successful startRecognition
11-16 09:56:19.904: W/AlwaysOnHotwordDetector(4137): stopRecognition() failed with error code -2147483648
11-16 09:56:19.904: W/AlwaysOnHotwordDetector(4137): Received message: 1 for an invalid detector
11-16 09:56:19.905: I/OpaEnabledReceiver(3667): Dispatching OPA eligble = true; AGSA = true; OPA enabled = true
11-16 09:56:19.905: I/OpaLayout(3667): Setting opa enabled to true
11-16 09:56:19.911: W/SoundModelDBHelper(1215): No SoundModel available for the given keyphrase
11-16 09:56:19.912: I/ActivityManager(1215): START u0 {act=com.android.intent.action.MANAGE_VOICE_KEYPHRASES flg=0x10000000 pkg=com.android.hotwordenrollment.okgoogle cmp=com.android.hotwordenrollment.okgoogle/.EnrollmentActivity (has extras)} from uid 10047
11-16 09:56:19.905: I/OpaLayout(3667): Setting opa enabled to true
11-16 09:56:19.919: I/ModelDownloadController(9893): requestHotwordModelUpdate modelType-OK_GOOGLE
11-16 09:56:19.920: W/ModelDownloadController(9893): Failed fetching the hotword model location configuration
11-16 09:56:19.920: E/ModelDownloadController(9893): Invalid hotword model location.
11-16 09:56:19.925: E/roid.music:mai(20129): Not starting debugger since process cannot load the jdwp agent.
11-16 09:56:19.926: D/android.hardware.power@1.3-service.crosshatch-libperfmgr(789): LAUNCH ON
11-16 09:56:19.930: I/ActivityManager(1215): Start proc 20129:com.google.android.music:main/u0a75 for broadcast com.google.android.music/.notifications.NotificationChannelInitializationBroadcastReceiver
11-16 09:56:19.932: W/KeyphraseEnrollmentInfo(4137): No enrollment application supports the given keyphrase/locale: 'X Google'/en
11-16 09:56:19.933: W/SearchServiceCore(9893): Abort, client detached.
11-16 09:56:19.933: I/chatty(9893): uid=10047 com.google.android.googlequicksearchbox:search identical 1 line
11-16 09:56:19.933: W/SearchServiceCore(9893): Abort, client detached.
11-16 09:56:19.948: W/SessionLifecycleManager(9893): Client : AttachedClient[43511511218173579, ClientConfig[mFlags=[default, headless, launch_external_voice_search_ui, support_transparent_background, legacy_leave_behind_dirty_session_fixme] mSuggestFlags=[0] mClientId=HOTWORD_SERVICE mSessionType=search]] has no associated SessionController
11-16 09:56:19.948: W/SearchServiceCore(9893): Abort, client detached.
11-16 09:56:19.948: I/chatty(9893): uid=10047 com.google.android.googlequicksearchbox:search identical 1 line
11-16 09:56:19.948: W/SearchServiceCore(9893): Abort, client detached.
11-16 09:56:19.951: I/roid.music:mai(20129): The ClassLoaderContext is a special shared library.
11-16 09:56:19.957: I/ActivityManager(1215): Start proc 20144:com.android.hotwordenrollment.okgoogle/u0a45 for activity com.android.hotwordenrollment.okgoogle/.EnrollmentActivity
11-16 09:56:19.969: E/llment.okgoogl(20144): Not starting debugger since process cannot load the jdwp agent.
11-16 09:56:19.971: I/Dialer(20054): Flags.register - phenotype register status: true
11-16 09:56:19.995: I/MultiDex(20129): VM with version 2.1.0 has multidex support
11-16 09:56:19.995: I/MultiDex(20129): install
11-16 09:56:19.995: I/MultiDex(20129): VM has multidex support, MultiDex support library is disabled.
11-16 09:56:19.999: E/libc(20144): Access denied finding property "vendor.debug.egl.profiler"
11-16 09:56:19.996: W/com.android.hotwordenrollment.okgoogle(20144): type=1400 audit(0.0:390): avc: denied { read } for comm=45474C20496E6974 name="u:object_r:vendor_default_prop:s0" dev="tmpfs" ino=24431 scontext=u:r:priv_app:s0:c512,c768 tcontext=u:object_r:vendor_default_prop:s0 tclass=file permissive=0
11-16 09:56:20.010: I/EnrollmentActivity(20144): Started by non-activity for action: 0, keyphrase: Ok Google, locale: en-GB
11-16 09:56:20.011: D/OpenGLRenderer(20144): Skia GL Pipeline
11-16 09:56:20.015: D/BoundBrokerSvc(13641): onBind: Intent { act=com.google.android.gms.findmydevice.spot.service.locationreport.START cmp=com.google.android.gms/.chimera.GmsApiService }
11-16 09:56:20.015: D/BoundBrokerSvc(13641): Loading bound service for intent: Intent { act=com.google.android.gms.findmydevice.spot.service.locationreport.START cmp=com.google.android.gms/.chimera.GmsApiService }
11-16 09:56:20.026: I/Adreno(20144): QUALCOMM build                   : 3f88ca2, I42f6fe38fb
11-16 09:56:20.026: I/Adreno(20144): Build Date                       : 07/13/18
11-16 09:56:20.026: I/Adreno(20144): OpenGL ES Shader Compiler Version: EV031.24.00.00
11-16 09:56:20.026: I/Adreno(20144): Local Branch                     : 50.04
11-16 09:56:20.026: I/Adreno(20144): Remote Branch                    : 
11-16 09:56:20.026: I/Adreno(20144): Remote Branch                    : 
11-16 09:56:20.026: I/Adreno(20144): Reconstruct Branch               : 
11-16 09:56:20.026: I/Adreno(20144): Build Config                     : S P 4.0.10 AArch64
11-16 09:56:20.028: E/libc(20144): Access denied finding property "ro.vendor.graphics.memory"
11-16 09:56:20.026: W/RenderThread(20144): type=1400 audit(0.0:391): avc: denied { read } for name="u:object_r:vendor_default_prop:s0" dev="tmpfs" ino=24431 scontext=u:r:priv_app:s0:c512,c768 tcontext=u:object_r:vendor_default_prop:s0 tclass=file permissive=0
11-16 09:56:20.029: I/Adreno(20144): PFP: 0x016ee170, ME: 0x00000000
11-16 09:56:20.030: W/SoundTriggerHelper(1215): Attempting stopRecognition without a successful startRecognition
11-16 09:56:20.030: W/AlwaysOnHotwordDetector(4137): stopRecognition() failed with error code -2147483648
11-16 09:56:20.032: I/ConfigStore(20144): android::hardware::configstore::V1_0::ISurfaceFlingerConfigs::hasWideColorDisplay retrieved: 1
11-16 09:56:20.032: I/ConfigStore(20144): android::hardware::configstore::V1_0::ISurfaceFlingerConfigs::hasHDRDisplay retrieved: 1
11-16 09:56:20.032: I/OpenGLRenderer(20144): Initialized EGL, version 1.4
11-16 09:56:20.032: D/OpenGLRenderer(20144): Swap behavior 2
11-16 09:56:20.036: I/GsaVoiceInteractionSrv(4137): Not starting recognition
11-16 09:56:20.040: E/libc(20144): Access denied finding property "vendor.gralloc.enable_ahardware_buffer"
11-16 09:56:20.036: W/RenderThread(20144): type=1400 audit(0.0:392): avc: denied { read } for name="u:object_r:vendor_default_prop:s0" dev="tmpfs" ino=24431 scontext=u:r:priv_app:s0:c512,c768 tcontext=u:object_r:vendor_default_prop:s0 tclass=file permissive=0
11-16 09:56:20.046: I/HotwordHelper(9893): hasHotwordEverywhere-false
11-16 09:56:20.048: I/akia(10502): Removed 0 invalid users [CONTEXT service_id=51 ]
11-16 09:56:20.051: I/EnrollmentActivity(20144): Enroll keyphrase Ok Googleoperation succeeded for en-GB
11-16 09:56:20.051: D/MusicLifecycle(20129): com.google.android.music.store.ConfigContentProvider generated event: Content provider created
11-16 09:56:20.052: W/SessionLifecycleManager(9893): Client : AttachedClient[43511511218173584, ClientConfig[mFlags=[default, headless, launch_external_voice_search_ui, support_transparent_background, legacy_leave_behind_dirty_session_fixme] mSuggestFlags=[0] mClientId=HOTWORD_SERVICE mSessionType=search]] has no associated SessionController
11-16 09:56:20.052: W/SearchServiceCore(9893): Abort, client detached.
11-16 09:56:20.052: I/chatty(9893): uid=10047 com.google.android.googlequicksearchbox:search identical 1 line
11-16 09:56:20.052: W/SearchServiceCore(9893): Abort, client detached.
11-16 09:56:20.054: I/ActivityManager(1215): Displayed com.android.hotwordenrollment.okgoogle/.EnrollmentActivity: +134ms
11-16 09:56:20.055: D/SurfaceFlinger(646): duplicate layer name: changing Surface(name=d0a4148 StatusBar)/@0xcf8f33b - animation-leash to Surface(name=d0a4148 StatusBar)/@0xcf8f33b - animation-leash#1
11-16 09:56:20.060: D/MusicLifecycle(20129): com.google.android.music.api.MusicPublicContentProvider generated event: Content provider created
11-16 09:56:20.062: I/GoogleInputMethod(3648): onFinishInput() : Dummy InputConnection bound
11-16 09:56:20.062: I/GoogleInputMethod(3648): onStartInput() : Dummy InputConnection bound
11-16 09:56:20.065: I/BackdropActivity(19071): onResume()
11-16 09:56:20.065: I/GoogleInputMethod(3648): onFinishInput() : Dummy InputConnection bound
11-16 09:56:20.065: I/GoogleInputMethod(3648): onStartInput() : Dummy InputConnection bound
11-16 09:56:20.070: D/MusicLifecycle(20129): com.google.android.music.store.MusicContentProvider generated event: Content provider created
11-16 09:56:20.084: I/ActivityManager(1215): Activity requesting to dismiss Keyguard: ActivityRecord{7aa47e7 u0 com.google.android.apps.mtaas.backdrop/.BackdropActivity t4}
11-16 09:56:20.084: D/MusicLifecycle(20129): com.google.android.music.ui.PhoneMusicApplication generated event: Application created
11-16 09:56:20.087: D/android.hardware.power@1.3-service.crosshatch-libperfmgr(789): LAUNCH OFF
11-16 09:56:20.101: I/.gms.persisten(10502): Background concurrent copying GC freed 165279(9MB) AllocSpace objects, 55(1824KB) LOS objects, 49% free, 14MB/28MB, paused 141us total 239.692ms
11-16 09:56:20.102: W/SurfaceFlinger(646): Attempting to destroy on removed layer: AppWindowToken{1e39344 token=Token{7942c57 ActivityRecord{b8001d6 u0 com.android.hotwordenrollment.okgoogle/.EnrollmentActivity t5}}}#0
11-16 09:56:20.106: W/RenderThread(1215): type=1400 audit(0.0:393): avc: denied { read } for name="u:object_r:vendor_default_prop:s0" dev="tmpfs" ino=24431 scontext=u:r:system_server:s0 tcontext=u:object_r:vendor_default_prop:s0 tclass=file permissive=0
11-16 09:56:20.108: E/libc(1215): Access denied finding property "vendor.debug.egl.profiler"
11-16 09:56:20.109: E/libc(1215): Access denied finding property "vendor.debug.prerotation.disable"
11-16 09:56:20.109: I/Adreno(1215): QUALCOMM build                   : 3f88ca2, I42f6fe38fb
11-16 09:56:20.109: I/Adreno(1215): Build Date                       : 07/13/18
11-16 09:56:20.109: I/Adreno(1215): OpenGL ES Shader Compiler Version: EV031.24.00.00
11-16 09:56:20.109: I/Adreno(1215): Local Branch                     : 50.04
11-16 09:56:20.109: I/Adreno(1215): Remote Branch                    : 
11-16 09:56:20.109: I/Adreno(1215): Remote Branch                    : 
11-16 09:56:20.109: I/Adreno(1215): Reconstruct Branch               : 
11-16 09:56:20.109: I/Adreno(1215): Build Config                     : S P 4.0.10 AArch64
11-16 09:56:20.111: E/libc(1215): Access denied finding property "vendor.debug.prerotation.disable"
11-16 09:56:20.113: E/libc(1215): Access denied finding property "vendor.debug.prerotation.disable"
11-16 09:56:20.113: I/Adreno(1215): PFP: 0x016ee170, ME: 0x00000000
11-16 09:56:20.114: E/libc(1215): Access denied finding property "vendor.debug.prerotation.disable"
11-16 09:56:20.114: I/PeopleDatabaseHelper(13641): Updating DB locale: en_US -> en
11-16 09:56:20.117: I/ConfigStore(1215): android::hardware::configstore::V1_0::ISurfaceFlingerConfigs::hasWideColorDisplay retrieved: 1
11-16 09:56:20.118: I/ConfigStore(1215): android::hardware::configstore::V1_0::ISurfaceFlingerConfigs::hasHDRDisplay retrieved: 1
11-16 09:56:20.119: I/OpenGLRenderer(1215): Initialized EGL, version 1.4
11-16 09:56:20.119: D/OpenGLRenderer(1215): Swap behavior 2
11-16 09:56:20.128: D/MusicLifecycle(20129): com.google.android.music.store.ConfigContentProvider generated event: initializing
11-16 09:56:20.133: I/BaseStore(20129): ConfigStore database version: 1
11-16 09:56:20.159: W/roid.music:mai(20129): Unknown chunk type '200'.
11-16 09:56:20.165: I/roid.music:mai(20129): The ClassLoaderContext is a special shared library.
11-16 09:56:20.166: I/chatty(20129): uid=10075 com.google.android.music:main identical 1 line
11-16 09:56:20.169: I/roid.music:mai(20129): The ClassLoaderContext is a special shared library.
11-16 09:56:20.178: I/PeopleSearchIndexManage(13641): Marking for index update.
11-16 09:56:20.192: V/NativeCrypto(20129): Registering com/google/android/gms/org/conscrypt/NativeCrypto's 294 native methods...
11-16 09:56:20.194: I/PeopleDatabaseHelper(13641): cleanUpNonGplusAccounts done.
11-16 09:56:20.198: I/PeopleSearchIndexManage(13641): Index version changed from 0
11-16 09:56:20.208: I/PeopleSearchIndexManage(13641): Rebuilding index...
11-16 09:56:20.217: D/NetworkSecurityConfig(20129): No Network Security Config specified, using platform default
11-16 09:56:20.219: I/ProviderInstaller(20129): Installed default security provider GmsCore_OpenSSL
11-16 09:56:20.219: D/AndroidMusic(20129): GMSCore installation verified
11-16 09:56:20.222: I/NearbyDiscovery(10502): Show notifications: 0 total, no changes since last shown, no-op. [CONTEXT service_id=49 ]
11-16 09:56:20.230: I/gle.android.gm(13641): Background concurrent copying GC freed 147959(7MB) AllocSpace objects, 60(1920KB) LOS objects, 49% free, 11MB/23MB, paused 512us total 173.831ms
11-16 09:56:20.235: I/PeopleASM(13641): Rebuilding autocomplete index...
11-16 09:56:20.236: I/PeopleSearchIndexManage(13641): Rebuilding index done.
11-16 09:56:20.283: I/MusicExperimentManager(20129): Received config change, experiments list is null
11-16 09:56:20.283: W/MusicExperimentManager(20129): Parsing error while updating analysis experiments
11-16 09:56:20.297: I/TopChartsIcing(20129): Starting 'com.google.android.music.sync.google.MusicGcmTaskService
11-16 09:56:20.304: I/BaseStore(20129): Store database version: 146
11-16 09:56:20.308: I/Icing(13641): IndexChimeraService.getServiceInterface callingPackage=com.google.android.gms componentName=AppsCorpus serviceId=32
11-16 09:56:20.343: I/PlaybackClient(20129): init: Initializing
11-16 09:56:20.349: I/Icing(13641): Query from package: com.google.android.gms, component: AppsCorpus, restrict package: com.google.android.gms, start: 0, num: 100
11-16 09:56:20.351: I/Wear_Controller(10502): Wearable module requires a companion app to be installed.
11-16 09:56:20.351: I/WearableService(10502): onCreate: Wearable Services not starting. Wear is not available on this device.
11-16 09:56:20.356: D/ConnectivityService(1215): Returning BLOCKED NetworkInfo to uid=10075
11-16 09:56:20.381: W/Nearby(10502): Bind call too late - someone already tried to get: interface bopq [CONTEXT service_id=49 ]
11-16 09:56:20.405: I/NearbyMessages(10502): OfflineCache: old scanner cache is not enabled [CONTEXT service_id=62 ]
11-16 09:56:20.409: D/MusicLifecycle(20129): com.google.android.music.notifications.NotificationChannelInitializationBroadcastReceiver generated event: Broadcast received with context android.app.ReceiverRestrictedContext@2106bd4 and intent Intent { act=android.intent.action.LOCALE_CHANGED flg=0x11200010 cmp=com.google.android.music/.notifications.NotificationChannelInitializationBroadcastReceiver }
11-16 09:56:20.413: D/MusicLifecycle(20129): com.google.android.music.net.NetworkConnectivityMonitor$NetworkChangedReceiver generated event: Broadcast received with context com.google.android.music.ui.PhoneMusicApplication@93dbd1d and intent Intent { act=android.net.conn.CONNECTIVITY_CHANGE flg=0x4200010 (has extras) }
11-16 09:56:20.414: I/NetworkConnectivity(20129): Network state changed: [type: WIFI[], state: DISCONNECTED/BLOCKED, reason: (unspecified), extra: (none), failover: false, available: true, roaming: false]
