11-16 09:56:11.816: I/libprocessgroup(1215): Successfully killed process cgroup uid 10104 pid 16473 in 0ms
11-16 09:56:11.827: W/SurfaceFlinger(646): Attempting to destroy on removed layer: 14020ef DockedStackDivider#0
11-16 09:56:11.865: W/StatusBar/NavBarView(3667): *** Invalid layout in navigation bar (sizeChanged this=1080x132 cur=1036x132)
11-16 09:56:11.880: W/Looper(1215): Slow dispatch took 290ms main h=android.app.ActivityThread$H c=android.app.-$$Lambda$LoadedApk$ReceiverDispatcher$Args$_BumDX2UKsnxLVrE6UJsJZkotuA@45a305b m=0
11-16 09:56:11.881: W/Looper(1215): Slow delivery took 292ms main h=android.app.ActivityThread$H c=android.app.-$$Lambda$LoadedApk$ReceiverDispatcher$Args$_BumDX2UKsnxLVrE6UJsJZkotuA@68480f8 m=0
11-16 09:56:11.884: D/UsbDeviceManager(1215): Clear notification
11-16 09:56:11.886: D/UsbDeviceManager(1215): push notification:Charging this device via USB
11-16 09:56:11.901: W/InputMethodManagerService(1215): Illegal subtype state: old subtype = null, new subtype = android.view.inputmethod.InputMethodSubtype@70bfcd7e
11-16 09:56:11.903: I/Telecom(1215): : Locale change; recreating channels.
11-16 09:56:11.906: V/SettingsProvider(1215): Notifying for 0: content://settings/system/user_rotation
11-16 09:56:11.908: V/SettingsProvider(1215): Notifying for 0: content://settings/system/accelerometer_rotation
11-16 09:56:11.908: V/SettingsProvider(1215): Notifying for 0: content://settings/system/firebase.test.lab
11-16 09:56:11.909: V/SettingsProvider(1215): Notifying for 0: content://settings/secure/autofill_service
11-16 09:56:11.909: V/SettingsProvider(1215): Notifying for 0: content://settings/secure/enabled_input_methods
11-16 09:56:11.909: V/SettingsProvider(1215): Notifying for 0: content://settings/secure/selected_input_method_subtype
11-16 09:56:11.909: W/Looper(1215): Drained
11-16 09:56:11.909: V/SettingsProvider(1215): Notifying for 0: content://settings/secure/default_input_method
11-16 09:56:11.922: D/LoaderTask(4263): loadWorkspace: loading default favorites
11-16 09:56:11.957: D/SurfaceFlinger(646): duplicate layer name: changing com.google.android.apps.nexuslauncher/com.google.android.apps.nexuslauncher.NexusLauncherActivity to com.google.android.apps.nexuslauncher/com.google.android.apps.nexuslauncher.NexusLauncherActivity#1
11-16 09:56:11.987: I/GoogleInputMethod(3648): onFinishInput() : Dummy InputConnection bound
11-16 09:56:11.988: I/GoogleInputMethod(3648): onStartInput() : Dummy InputConnection bound
11-16 09:56:11.997: W/PhoneWindow(9893): Previously focused view reported id 2131820715 during save, but can't be found during restore.
11-16 09:56:12.014: I/ImageWallpaper(3667): Redrawing in rect: RectF(0.0, 0.0, 1214.0515, 2160.0) with surface size: 1080x2160
11-16 09:56:12.022: I/ing.testsuppor(18621): Waiting for a blocking GC ProfileSaver
11-16 09:56:12.031: I/ing.testsuppor(18621): WaitForGcToComplete blocked ProfileSaver on AddRemoveAppImageSpace for 9.069ms
11-16 09:56:12.041: W/SessionLifecycleManager(9893): Handover failed. Creating new session controller.
11-16 09:56:12.055: I/WindowManager(1215): Screen frozen for +504ms due to Window{9175504 u0 com.google.android.apps.nexuslauncher/com.google.android.apps.nexuslauncher.NexusLauncherActivity}
11-16 09:56:12.057: D/SurfaceFlinger(646): duplicate layer name: changing BlackSurface to BlackSurface#1
11-16 09:56:12.058: D/SurfaceFlinger(646): duplicate layer name: changing BlackSurface to BlackSurface#2
11-16 09:56:12.059: D/SurfaceFlinger(646): duplicate layer name: changing BlackSurface to BlackSurface#3
11-16 09:56:12.098: D/fpc_hidl(19046): fpc fingerprint hwbinder service starting
11-16 09:56:12.098: D/QSEECOMAPI(19046): QSEECom_get_handle sb_length = 0x80
11-16 09:56:12.098: D/QSEECOMAPI(19046): App is not loaded in QSEE
11-16 09:56:12.098: D/QSEECOMAPI(19046): app_arch = 2, total_files = 9
11-16 09:56:12.101: D/AndroidRuntime(19043): >>>>>> START com.android.internal.os.RuntimeInit uid 2000 <<<<<<
11-16 09:56:12.113: W/LocationOracle(9893): No location history returned by ContextManager
11-16 09:56:12.153: D/QSEECOMAPI(19046): Loaded image: APP id = 346
11-16 09:56:12.158: E/fpc_tac(19046): fpcbuildinfo : 575ddab5b91efea67ee1d200fc813ff2fpc_bio=bd35c3fec78219829149bea6c9ec961e6f655b90C:prodtestlib=4304cf5c884c198624b749af3482befacbd3028eC:fpc_c_core=dc194509594e837dedfb5452aaf06fcb61977135C:fpc_lib=cd5b7b876c3d69afa68a11ac6fd86f873e70817bC:cac=297e11552c60a3607ed664cf44c3e4b36ab2e737C:fpc_bio_interface=94a457caecae31eca8ef04b64c3f82a018e9bbc0C:fpc_sensor=ba909a5500944acafe47a0ef3a49f89509aadfb6C:tools_core=94ddf1e684cfa6c99f0f237f7cc35f3962e0e597C:sensor_settings=4fcf864fb493ae0272a9b2806446b379d99fd8ceC:fingerprint_ta=066bc0ab880960a4a69b74a328c7d7871c72225bC:fingerprint_pal=0deb9a478a3572872639f9cb2559ccc464ee3f9bC:manifests=dcb3d8ab0bdb7a5b341839d8c75bb88fc7f5e1a4C:Manifesttag=SW23.3.0-PDR1.0.5:jenkins@84ffd74dac44:Thu,17May201810:17:08+0200:FPC_SENSOR_TYPE=FPC_SENSOR_TYPE_FPC1270:FPC_CC_TYPE=FPC_COMPANION_CHIP_FPC2050:FPC_C_TYPE=FPC_COATING_NORMAL
11-16 09:56:12.158: E/fpc_tac(19046): fpcbuildtype : build=RELEASE sensor=9
11-16 09:56:12.160: W/EventHub(1215): Unable to disable kernel key repeat for /dev/input/event3: Function not implemented
11-16 09:56:12.160: I/EventHub(1215): wakeMechanism=EPOLLWAKEUP, usingClockIoctl=true
11-16 09:56:12.160: I/EventHub(1215): New device: id=346, fd=217, path='/dev/input/event3', name='uinput-fpc', classes=0x101, configuration='/system/usr/idc/uinput-fpc.idc', keyLayout='/system/usr/keylayout/uinput-fpc.kl', keyCharacterMap='/system/usr/keychars/Generic.kcm', builtinKeyboard=true, 
11-16 09:56:12.160: W/InputReader(1215): Ignoring spurious device added event for deviceId 0.
11-16 09:56:12.163: I/app_process(19043): The ClassLoaderContext is a special shared library.
11-16 09:56:12.176: W/ctxmgr(10502): [AclManager] null policy map (0) 67, clientInfo=(accnt=account#-517948760#, com.google.android.googlequicksearchbox(10047):com.google.android.googlequicksearchbox, vrsn=12211000, 1, 3pPkg = null ,  3pMdlId = null ,  pid = 9893 ,  featureId = null) [CONTEXT service_id=47 ]
11-16 09:56:12.178: E/GmsContextObserver(9893): Failed to register context manager listener: Status{statusCode=unknown status code: 7503, resolution=null}
11-16 09:56:12.196: W/ctxmgr(10502): [AclManager] null policy map (0) 67, clientInfo=(accnt=account#-517948760#, com.google.android.googlequicksearchbox(10047):com.google.android.googlequicksearchbox, vrsn=12211000, 1, 3pPkg = null ,  3pMdlId = null ,  pid = 9893 ,  featureId = null) [CONTEXT service_id=47 ]
11-16 09:56:12.205: D/AndroidRuntime(19043): Calling main entry com.android.commands.input.Input
11-16 09:56:12.206: D/sound_trigger_hw(772): stdev_start_recognition:[1] Enter
11-16 09:56:12.206: I/Input(19043): injectKeyEvent: KeyEvent { action=ACTION_DOWN, keyCode=KEYCODE_HOME, scanCode=0, metaState=0, flags=0x0, repeatCount=0, eventTime=1720011, downTime=1720011, deviceId=-1, source=0x101 }
11-16 09:56:12.206: D/sound_trigger_hw(772): loaded_state_fn:[1] handle event id 2
11-16 09:56:12.206: D/sound_trigger_platform(772): platform_stdev_get_capture_device: available devices 0x80000004, device 0x80000004
11-16 09:56:12.206: D/sound_trigger_platform(772): platform_stdev_get_device_sample_rate: sample rate 16000
11-16 09:56:12.206: D/sound_trigger_platform(772): platform_stdev_send_hwmad_cal: previous acdb_id 128 matches new acdb_id 128 return
11-16 09:56:12.206: D/sound_trigger_platform(772): platform_stdev_send_calibration: sending device calibration for device(1) acdb_id(128)
11-16 09:56:12.206: D/ACDB-LOADER(772): ACDB -> send_afe_topology
11-16 09:56:12.206: D/ACDB-LOADER(772): ACDB -> ACDB_CMD_GET_AFE_TOPOLOGY_ID
11-16 09:56:12.206: D/ACDB-LOADER(772): ACDB -> GET_AFE_TOPOLOGY_ID for adcd_id 128, Topology Id 12e19
11-16 09:56:12.206: D/ACDB-LOADER(772): ACDB -> send_afe_cal
11-16 09:56:12.206: D/ACDB-LOADER(772): ACDB -> ACDB_CMD_GET_AFE_COMMON_TABLE_SIZE
11-16 09:56:12.206: D/ACDB-LOADER(772): ACDB -> ACDB_CMD_GET_AFE_COMMON_TABLE
11-16 09:56:12.206: D/ACDB-LOADER(772): ACDB -> AUDIO_SET_AFE_CAL
11-16 09:56:12.206: D/sound_trigger_hw(772): set_device: enable device (1) = listen-cpe-handset-mic
11-16 09:56:12.206: D/audio_route(772): Apply path: listen-cpe-handset-mic
11-16 09:56:12.210: I/Input(19043): injectKeyEvent: KeyEvent { action=ACTION_UP, keyCode=KEYCODE_HOME, scanCode=0, metaState=0, flags=0x0, repeatCount=0, eventTime=1720011, downTime=1720011, deviceId=-1, source=0x101 }
11-16 09:56:12.211: I/VSC(790): @ 1732.163: [SMD] Deleted SMD instance at 0xb28adfbc
11-16 09:56:12.211: D/VSC(790): @ 1732.163: [Significant Motion] Stop motion_detect
11-16 09:56:12.213: V/StatusBar(3667): mStatusBarWindow: com.android.systemui.statusbar.phone.StatusBarWindowView{5c5500c V.ED..... ........ 0,0-1080,66} canPanelBeCollapsed(): false
11-16 09:56:12.214: I/vol.Events(3667): writeEvent dismiss_dialog volume_controller
11-16 09:56:12.214: I/ActivityManager(1215): START u0 {act=android.intent.action.MAIN cat=[android.intent.category.HOME] flg=0x10200000 cmp=com.google.android.apps.nexuslauncher/.NexusLauncherActivity (has extras)} from uid 1000
11-16 09:56:12.215: I/VSC(790): @ 1732.163: [SMD] Initializing activity algo instance
11-16 09:56:12.215: D/VSC(790): @ 1732.163: [Significant Motion] Request accel, interval 20000000 ns, latency 3200000000 ns
11-16 09:56:12.217: E/PeriodStatsTracker(10502): Reference counting corrupted in usage statistics.
11-16 09:56:12.218: D/AndroidRuntime(19043): Shutting down VM
11-16 09:56:12.230: D/sound_trigger_hw(772): get_confidence_levels_payload: No smlib for uuid, sending opaque data
11-16 09:56:12.230: D/sound_trigger_hw(772): start:[1] gcs start VA engine, enable 1 token 3
11-16 09:56:12.230: D/sound_trigger_hw(772): start:[1] calling gcs_enable with handle 1, non-persist cal 0xf2ca78e0, sz 24
11-16 09:56:12.230: D/ACDB-LOADER(772): ACDB -> ACDB_WDSP_CMD_GET_SUBGRAPH_MODULE_CALIBRATION_SIZE
11-16 09:56:12.230: D/ACDB-LOADER(772): ACDB -> ACDB_WDSP_CMD_GET_SUBGRAPH_MODULE_CALIBRATION
11-16 09:56:12.230: D/ACDB-LOADER(772): ACDB -> ACDB_WDSP_CMD_GET_SUBGRAPH_MODULE_CALIBRATION_SIZE
11-16 09:56:12.230: D/ACDB-LOADER(772): ACDB -> ACDB_WDSP_CMD_GET_SUBGRAPH_MODULE_CALIBRATION
11-16 09:56:12.230: D/ACDB-LOADER(772): ACDB -> ACDB_WDSP_CMD_GET_SUBGRAPH_MODULE_CONNECTION_SIZE
11-16 09:56:12.230: D/ACDB-LOADER(772): [ 11-16 09:56:12.230   772: 1100 E/         ]
11-16 09:56:12.230: D/ACDB-LOADER(772): gcs_get_sg_mod_conn_and_update_pld: subgraph mod conn size 0. Exiting
11-16 09:56:12.230: D/ACDB-LOADER(772): ACDB -> ACDB_WDSP_CMD_GET_SUBGRAPH_MODULE_CONNECTION_SIZE
11-16 09:56:12.230: D/ACDB-LOADER(772): ACDB -> ACDB_WDSP_CMD_GET_SUBGRAPH_MODULE_CONNECTION
11-16 09:56:12.230: D/ACDB-LOADER(772): ACDB -> ACDB_WDSP_CMD_GET_SUBGRAPH_CONNECTIONS_SIZE
11-16 09:56:12.231: D/ACDB-LOADER(772): ACDB -> ACDB_WDSP_CMD_GET_SUBGRAPHS_CONNECTION
11-16 09:56:12.231: D/ACDB-LOADER(772): ACDB -> ACDB_WDSP_CMD_GET_SUBGRAPH_CONNECTIONS_SIZE
11-16 09:56:12.231: D/ACDB-LOADER(772): [ 11-16 09:56:12.231   772: 1100 E/         ]
11-16 09:56:12.231: D/ACDB-LOADER(772): __gcs_get_sg_conn_and_update_pld: subgraph conn size 0. Exiting
11-16 09:56:12.231: D/ACDB-LOADER(772): [ 11-16 09:56:12.231   772: 1100 D/         ]
11-16 09:56:12.231: D/ACDB-LOADER(772): pktzr_send_cmd: opcode = 0x3, size = 452, token = 8
11-16 09:56:12.235: I/GoogleInputMethod(3648): onFinishInput() : Dummy InputConnection bound
11-16 09:56:12.235: I/GoogleInputMethod(3648): onStartInput() : Dummy InputConnection bound
11-16 09:56:12.235: I/GoogleInputMethod(3648): [ 11-16 09:56:12.243   772: 1095 D/         ]
11-16 09:56:12.235: I/GoogleInputMethod(3648): ipc_resp_thread: opcode: 0x2, payload_size: 4, resp_buf size: 16
11-16 09:56:12.235: I/GoogleInputMethod(3648): [ 11-16 09:56:12.243   772: 1095 D/         ]
11-16 09:56:12.235: I/GoogleInputMethod(3648): pktzr_resp_cb: opcode = 0x2 size = 4 token = 8
11-16 09:56:12.235: I/GoogleInputMethod(3648): [ 11-16 09:56:12.243   772: 1095 D/         ]
11-16 09:56:12.235: I/GoogleInputMethod(3648): pktzr_resp_cb: token 8 matched
11-16 09:56:12.243: D/sound_trigger_hw(772): reg_hal_event_session: ST_EVENT_SESSION_REGISTER capture_handle 62 p_ses 0xf319d5a0
11-16 09:56:12.243: D/sound_trigger_hw(772): session[1]: loaded_state_fn ---> active_state_fn 
11-16 09:56:12.243: D/sound_trigger_hw(772): stdev_start_recognition:[1] Exit
11-16 09:56:12.243: I/SoundTriggerHelper(1215): startRecognition successful.
11-16 09:56:12.243: I/GsaVoiceInteractionSrv(4137): Start Hotword Recognition Status: true
11-16 09:56:12.312: I/ActivityManager(1215): START u0 {flg=0x10000000 cmp=com.google.android.apps.mtaas.backdrop/.BackdropActivity} from uid 2000
11-16 09:56:12.321: D/android.hardware.power@1.3-service.crosshatch-libperfmgr(789): LAUNCH ON
11-16 09:56:12.340: W/.android.chrom(19007): JIT profile information will not be recorded: profile file does not exits.
11-16 09:56:12.344: I/ActivityManager(1215): Start proc 19071:com.google.android.apps.mtaas.backdrop/u0a163 for activity com.google.android.apps.mtaas.backdrop/.BackdropActivity
11-16 09:56:12.350: E/.mtaas.backdro(19071): Not starting debugger since process cannot load the jdwp agent.
11-16 09:56:12.402: I/MultiDex(19071): VM with version 2.1.0 has multidex support
11-16 09:56:12.402: I/MultiDex(19071): install
11-16 09:56:12.402: I/MultiDex(19071): VM has multidex support, MultiDex support library is disabled.
11-16 09:56:12.406: E/libc(19071): Access denied finding property "vendor.debug.egl.profiler"
11-16 09:56:12.402: W/com.google.android.apps.mtaas.backdrop(19071): type=1400 audit(0.0:382): avc: denied { read } for comm=45474C20496E6974 name="u:object_r:vendor_default_prop:s0" dev="tmpfs" ino=24431 scontext=u:r:untrusted_app:s0:c163,c256,c512,c768 tcontext=u:object_r:vendor_default_prop:s0 tclass=file permissive=0
11-16 09:56:12.417: I/ActivityManager(1215): Killing 8905:android.process.media/u0a8 (adj 906): empty #17
11-16 09:56:12.418: W/libprocessgroup(1215): kill(-8905, 9) failed: No such process
11-16 09:56:12.428: I/BackdropActivity(19071): onCreate()
11-16 09:56:12.434: I/ActivityManager(1215): Start proc 19091:android.process.acore/u0a42 for broadcast com.android.providers.contacts/.LocaleChangeReceiver
11-16 09:56:12.435: D/sound_trigger_hw(772): stdev_stop_recognition:[1] Enter
11-16 09:56:12.435: D/sound_trigger_hw(772): active_state_fn:[1] handle event id 7
11-16 09:56:12.435: D/sound_trigger_hw(772): active_state_fn:[1] unhandled event
11-16 09:56:12.435: D/sound_trigger_hw(772): active_state_fn:[1] handle event id 4
11-16 09:56:12.435: D/sound_trigger_hw(772): dereg_hal_event_session: ST_EVENT_SESSION_DEREGISTER capture_handle 62 p_ses 0xf319d5a0
11-16 09:56:12.435: D/sound_trigger_hw(772): stop:[1] gcs stop VA engine, size=24
11-16 09:56:12.435: D/sound_trigger_hw(772): [ 11-16 09:56:12.435   772: 1100 D/         ]
11-16 09:56:12.435: D/sound_trigger_hw(772): pktzr_send_cmd: opcode = 0x5, size = 24, token = 9
11-16 09:56:12.438: I/Zygote(735): Process 8905 exited due to signal (9)
11-16 09:56:12.438: I/Zygote(735): [ 11-16 09:56:12.439   772: 1095 D/         ]
11-16 09:56:12.438: I/Zygote(735): ipc_resp_thread: opcode: 0x2, payload_size: 4, resp_buf size: 16
11-16 09:56:12.438: I/Zygote(735): [ 11-16 09:56:12.439   772: 1095 D/         ]
11-16 09:56:12.438: I/Zygote(735): pktzr_resp_cb: opcode = 0x2 size = 4 token = 9
11-16 09:56:12.438: I/Zygote(735): [ 11-16 09:56:12.439   772: 1095 D/         ]
11-16 09:56:12.438: I/Zygote(735): pktzr_resp_cb: token 9 matched
11-16 09:56:12.439: D/sound_trigger_hw(772): stop:[1] calling gcs_disable with handle 1
11-16 09:56:12.439: D/sound_trigger_hw(772): [ 11-16 09:56:12.439   772: 1100 E/         ]
11-16 09:56:12.439: D/sound_trigger_hw(772): __gcs_disable_update_pld: sgt_array[i] = 0x1
11-16 09:56:12.439: D/sound_trigger_hw(772): [ 11-16 09:56:12.439   772: 1100 E/         ]
11-16 09:56:12.439: D/sound_trigger_hw(772): __gcs_disable_update_pld: sgt_array[i] = 0x2
11-16 09:56:12.439: D/sound_trigger_hw(772): [ 11-16 09:56:12.439   772: 1100 D/         ]
11-16 09:56:12.439: D/sound_trigger_hw(772): pktzr_send_cmd: opcode = 0x4, size = 80, token = 10
11-16 09:56:12.441: I/ActivityManager(1215): Activity requesting to dismiss Keyguard: ActivityRecord{7aa47e7 u0 com.google.android.apps.mtaas.backdrop/.BackdropActivity t4}
11-16 09:56:12.441: I/ActivityManager(1215): [ 11-16 09:56:12.444   772: 1095 D/         ]
11-16 09:56:12.441: I/ActivityManager(1215): ipc_resp_thread: opcode: 0x2, payload_size: 4, resp_buf size: 16
11-16 09:56:12.441: I/ActivityManager(1215): [ 11-16 09:56:12.445   772: 1095 D/         ]
11-16 09:56:12.441: I/ActivityManager(1215): pktzr_resp_cb: opcode = 0x2 size = 4 token = 10
11-16 09:56:12.441: I/ActivityManager(1215): [ 11-16 09:56:12.445   772: 1095 D/         ]
11-16 09:56:12.441: I/ActivityManager(1215): pktzr_resp_cb: token 10 matched
11-16 09:56:12.445: D/sound_trigger_hw(772): set_device: disable device (1) = listen-cpe-handset-mic
11-16 09:56:12.445: E/d.process.acor(19091): Not starting debugger since process cannot load the jdwp agent.
11-16 09:56:12.446: D/sound_trigger_hw(772): session[1]: active_state_fn ---> loaded_state_fn 
11-16 09:56:12.446: D/sound_trigger_hw(772): stdev_stop_recognition:[1] Exit status 0
11-16 09:56:12.448: I/GsaVoiceInteractionSrv(4137): Stop Hotword Recognition status: true
11-16 09:56:12.464: W/libprocessgroup(1215): kill(-8905, 9) failed: No such process
11-16 09:56:12.464: I/libprocessgroup(1215): Successfully killed process cgroup uid 10008 pid 8905 in 45ms
11-16 09:56:12.469: I/FontLog(10502): Received query Google Sans, URI content://com.google.android.gms.fonts [CONTEXT service_id=132 ]
11-16 09:56:12.469: I/FontLog(10502): Query [Google Sans] resolved to {Google Sans, wdth 100.0, wght 400, ital 0.0, bestEffort false} [CONTEXT service_id=132 ]
11-16 09:56:12.475: I/FontLog(10502): Font PFD returned from cache for {Google Sans, wdth 100.0, wght 400, ital 0.0, bestEffort false} [CONTEXT service_id=132 ]
11-16 09:56:12.475: I/FontLog(10502): Fetch {Google Sans, wdth 100.0, wght 400, ital 0.0, bestEffort false} end status Status{statusCode=SUCCESS, resolution=null} [CONTEXT service_id=132 ]
11-16 09:56:12.483: I/FontLog(10502): Pulling font file for id = 1, cache size = 1 [CONTEXT service_id=132 ]
11-16 09:56:12.499: I/BackdropActivity(19071): android_id: 3474647880289838571
11-16 09:56:12.503: I/BackdropActivity(19071): onResume()
11-16 09:56:12.504: I/ActivityManager(1215): Activity requesting to dismiss Keyguard: ActivityRecord{7aa47e7 u0 com.google.android.apps.mtaas.backdrop/.BackdropActivity t4}
11-16 09:56:12.508: I/ContactsPerf(19091): VoicemailContentProvider.onCreate start
11-16 09:56:12.509: D/OpenGLRenderer(19071): Skia GL Pipeline
11-16 09:56:12.511: I/ContactsPerf(19091): VoicemailContentProvider.onCreate finish
11-16 09:56:12.518: I/FTLNetworkMonitor(19071): NetworkMonitoringService was created
11-16 09:56:12.531: I/Adreno(19071): QUALCOMM build                   : 3f88ca2, I42f6fe38fb
11-16 09:56:12.531: I/Adreno(19071): Build Date                       : 07/13/18
11-16 09:56:12.531: I/Adreno(19071): OpenGL ES Shader Compiler Version: EV031.24.00.00
11-16 09:56:12.531: I/Adreno(19071): Local Branch                     : 50.04
11-16 09:56:12.531: I/Adreno(19071): Remote Branch                    : 
11-16 09:56:12.531: I/Adreno(19071): Remote Branch                    : 
11-16 09:56:12.531: I/Adreno(19071): Reconstruct Branch               : 
11-16 09:56:12.531: I/Adreno(19071): Build Config                     : S P 4.0.10 AArch64
11-16 09:56:12.535: E/libc(19071): Access denied finding property "ro.vendor.graphics.memory"
11-16 09:56:12.532: W/RenderThread(19071): type=1400 audit(0.0:383): avc: denied { read } for name="u:object_r:vendor_default_prop:s0" dev="tmpfs" ino=24431 scontext=u:r:untrusted_app:s0:c163,c256,c512,c768 tcontext=u:object_r:vendor_default_prop:s0 tclass=file permissive=0
11-16 09:56:12.536: I/Adreno(19071): PFP: 0x016ee170, ME: 0x00000000
11-16 09:56:12.538: I/system_server(1215): Background concurrent copying GC freed 116051(9MB) AllocSpace objects, 150(3MB) LOS objects, 42% free, 17MB/30MB, paused 64us total 126.086ms
11-16 09:56:12.540: I/ConfigStore(19071): android::hardware::configstore::V1_0::ISurfaceFlingerConfigs::hasWideColorDisplay retrieved: 1
11-16 09:56:12.540: I/ConfigStore(19071): android::hardware::configstore::V1_0::ISurfaceFlingerConfigs::hasHDRDisplay retrieved: 1
11-16 09:56:12.540: I/OpenGLRenderer(19071): Initialized EGL, version 1.4
11-16 09:56:12.541: D/OpenGLRenderer(19071): Swap behavior 2
11-16 09:56:12.550: I/FTLNetworkMonitor(19071): Network Info: [type: WIFI[], state: CONNECTED/CONNECTED, reason: (unspecified), extra: (none), failover: false, available: true, roaming: false]
11-16 09:56:12.550: I/FTLNetworkMonitor(19071): Network Info: [type: WIFI[], state: CONNECTED/CONNECTED, reason: (unspecified), extra: (none), failover: false, available: true, roaming: false]
11-16 09:56:12.558: D/ContactsDatabaseHelper(19091): WAL enabled for contacts2.db: true
11-16 09:56:12.561: I/ActivityManager(1215): Killing 17454:com.google.android.apps.tips/u0a52 (adj 906): empty #17
11-16 09:56:12.562: W/libprocessgroup(1215): kill(-17454, 9) failed: No such process
11-16 09:56:12.569: W/RenderThread(19071): type=1400 audit(0.0:384): avc: denied { read } for name="u:object_r:vendor_default_prop:s0" dev="tmpfs" ino=24431 scontext=u:r:untrusted_app:s0:c163,c256,c512,c768 tcontext=u:object_r:vendor_default_prop:s0 tclass=file permissive=0
11-16 09:56:12.572: E/libc(19071): Access denied finding property "vendor.gralloc.enable_ahardware_buffer"
11-16 09:56:12.573: I/ActivityManager(1215): Start proc 19114:android.process.media/u0a8 for broadcast com.android.providers.media/.MediaScannerReceiver
11-16 09:56:12.577: W/libprocessgroup(1215): kill(-17454, 9) failed: No such process
11-16 09:56:12.579: I/Zygote(735): Process 17454 exited due to signal (9)
11-16 09:56:12.580: E/d.process.medi(19114): Not starting debugger since process cannot load the jdwp agent.
11-16 09:56:12.585: I/ContactLocale(19091): AddressBook Labels [[en]]: [, A, B, C, D, E, F, G, H, I, J, K, L, M, N, O, P, Q, R, S, T, U, V, W, X, Y, Z, , , , , , , , , , , , , , , , , , , , , , , , , , , , , , , , , , , , , , , , , , , , , , , , , , , , , , , , , , , , , , , , , , , , , , , , , , , , , , , , , , , , , , , , , , , , , , , , , , , , , , , , , , , , , , , , , , , , , , , , , , , , , , , , , , , , , , , , , , , , , , , , , , , , , , , , , , , , , , , , , , , , , , , , , , , , , , , , , , , , , , , , , , , #, ]
11-16 09:56:12.600: W/libprocessgroup(1215): kill(-17454, 9) failed: No such process
11-16 09:56:12.600: I/libprocessgroup(1215): Successfully killed process cgroup uid 10052 pid 17454 in 37ms
11-16 09:56:12.603: D/ContactsDatabaseHelper(19091): WAL enabled for profile.db: false
11-16 09:56:12.616: I/ActivityManager(1215): Displayed com.google.android.apps.mtaas.backdrop/.BackdropActivity: +298ms
11-16 09:56:12.620: I/GoogleInputMethod(3648): onFinishInput() : Dummy InputConnection bound
11-16 09:56:12.620: I/GoogleInputMethod(3648): onStartInput() : Dummy InputConnection bound
11-16 09:56:12.627: D/android.hardware.power@1.3-service.crosshatch-libperfmgr(789): LAUNCH OFF
11-16 09:56:12.628: W/SurfaceFlinger(646): Attempting to set client state on removed layer: Splash Screen com.google.android.apps.mtaas.backdrop#0
11-16 09:56:12.628: W/SurfaceFlinger(646): Attempting to destroy on removed layer: Splash Screen com.google.android.apps.mtaas.backdrop#0
11-16 09:56:12.639: I/ContactDirectoryManager(19091): Directory provider packages have changed.
11-16 09:56:12.645: E/Backup(13641): [BackupTransportMigratorChimeraService] Could not migrate transport!
11-16 09:56:12.646: I/Backup(13641): [BackupTransportMigratorChimeraService] Starting migration...
11-16 09:56:12.654: I/ActivityManager(1215): Start proc 19134:com.google.android.gm/u0a100 for content provider com.google.android.gm/com.android.exchange.provider.ExchangeDirectoryProvider
11-16 09:56:12.659: E/ogle.android.g(19134): Not starting debugger since process cannot load the jdwp agent.
11-16 09:56:12.672: I/ActivityManager(1215): Killing 12317:com.android.vending:instant_app_installer/u0a14 (adj 906): empty #17
11-16 09:56:12.673: I/ActivityManager(1215): Start proc 19151:com.android.sdm.plugins.sprintdm/1001 for broadcast com.android.sdm.plugins.sprintdm/.SprintDMReceiver
11-16 09:56:12.674: W/libprocessgroup(1215): kill(-12317, 9) failed: No such process
11-16 09:56:12.676: E/lugins.sprintd(19151): Not starting debugger since process cannot load the jdwp agent.
11-16 09:56:12.689: I/Zygote(736): Process 12317 exited due to signal (9)
11-16 09:56:12.692: I/ogle.android.g(19134): The ClassLoaderContext is a special shared library.
11-16 09:56:12.693: W/libprocessgroup(1215): kill(-12317, 9) failed: No such process
11-16 09:56:12.693: I/libprocessgroup(1215): Successfully killed process cgroup uid 10014 pid 12317 in 19ms
11-16 09:56:12.696: D/BoundBrokerSvc(10502): onUnbind: Intent { act=com.google.android.gms.instantapps.START pkg=com.google.android.gms }
11-16 09:56:12.703: I/lugins.sprintd(19151): The ClassLoaderContext is a special shared library.
11-16 09:56:12.704: I/lugins.sprintd(19151): The ClassLoaderContext is a special shared library.
11-16 09:56:12.723: D/SprintDMReceiver(19151): Received intent: android.intent.action.LOCALE_CHANGED
11-16 09:56:12.726: D/SprintDMHelper(19151): simOperator: 
11-16 09:56:12.726: D/SprintDMHelper(19151): Not Sprint UICC, don't do anything.
11-16 09:56:12.728: I/ActivityManager(1215): Killing 12199:com.android.vending/u0a14 (adj 906): empty #17
11-16 09:56:12.729: W/libprocessgroup(1215): kill(-12199, 9) failed: No such process
11-16 09:56:12.743: E/android.vendin(19173): Not starting debugger since process cannot load the jdwp agent.
11-16 09:56:12.743: I/ActivityManager(1215): Start proc 19173:com.android.vending/u0a14 for broadcast com.android.vending/com.google.android.finsky.userlanguages.LocaleChangedReceiver
11-16 09:56:12.757: I/android.vendin(19173): The ClassLoaderContext is a special shared library.
11-16 09:56:12.758: I/Zygote(736): Process 12199 exited due to signal (9)
11-16 09:56:12.771: W/libprocessgroup(1215): kill(-12199, 9) failed: No such process
11-16 09:56:12.771: I/libprocessgroup(1215): Successfully killed process cgroup uid 10014 pid 12199 in 42ms
11-16 09:56:12.771: W/libprocessgroup(1215): Failed to open process cgroup uid 10014 pid 12199: No such file or directory
11-16 09:56:12.771: E/libprocessgroup(1215): Error encountered killing process cgroup uid 10014 pid 12199: No such file or directory
11-16 09:56:12.776: I/Finsky(19173): [2] gft.ay(5): Process created at version: 22.4.28-16 [0] [PR] 338099147
11-16 09:56:12.780: V/SettingsProvider(1215): Notifying for 0: content://settings/system/accelerometer_rotation
11-16 09:56:12.794: I/PBSessionCacheImpl(9893): Deleted sessionId[841004559867] from persistence.
11-16 09:56:12.843: I/gle.android.im(18752): Waiting for a blocking GC ProfileSaver
11-16 09:56:12.854: V/SettingsProvider(1215): Notifying for 0: content://settings/system/user_rotation
11-16 09:56:12.860: W/SearchServiceCore(9893): Abort, client detached.
11-16 09:56:12.884: I/Finsky(19173): [141] yuo.a(2): Started reading experiment flags from file [0tGUNCGIkbk4o6-fQ335kUYSKwVj4lusnHT-A5Dsy08].
11-16 09:56:12.887: I/gle.android.im(18752): WaitForGcToComplete blocked ProfileSaver on HeapTrim for 43.650ms
11-16 09:56:12.887: I/Finsky(19173): [141] yuo.a(18): Finished reading experiment flags from file [0tGUNCGIkbk4o6-fQ335kUYSKwVj4lusnHT-A5Dsy08].
11-16 09:56:12.895: I/Finsky(19173): [141] yuo.a(2): Started reading experiment flags from file [Se-xCc4LzNyh3UrKMIU2sUf-PUKz4oQEbpKZDMuaFno].
11-16 09:56:12.898: I/Finsky(19173): [141] yuo.a(18): Finished reading experiment flags from file [Se-xCc4LzNyh3UrKMIU2sUf-PUKz4oQEbpKZDMuaFno].
11-16 09:56:12.915: I/Finsky(19173): [2] abzb.<init>(3): Resetting scheduler db
11-16 09:56:12.934: I/Finsky(19173): [136] aiix.a(2): Not a unicorn account
11-16 09:56:12.953: I/Finsky(19173): [136] yeh.<init>(3): PackageMonitorReceiverImpl - Registering in memory receiver for android.intent.action.PACKAGE_ADDED and android.intent.action.PACKAGE_REMOVED
11-16 09:56:12.956: D/ConnectivityService(1215): requestNetwork for uid/pid:10014/19173 NetworkRequest [ TRACK_DEFAULT id=53, [ Capabilities: INTERNET&NOT_RESTRICTED&TRUSTED Unwanted:  Uid: 10014] ]
11-16 09:56:12.958: D/WIFI(1215): got request NetworkRequest [ TRACK_DEFAULT id=53, [ Capabilities: INTERNET&NOT_RESTRICTED&TRUSTED Unwanted:  Uid: 10014] ] with score 60
11-16 09:56:12.958: D/WIFI_UT(1215): got request NetworkRequest [ TRACK_DEFAULT id=53, [ Capabilities: INTERNET&NOT_RESTRICTED&TRUSTED Unwanted:  Uid: 10014] ] with score 60
11-16 09:56:12.958: D/WIFI_AWARE_FACTORY(1215): got request NetworkRequest [ TRACK_DEFAULT id=53, [ Capabilities: INTERNET&NOT_RESTRICTED&TRUSTED Unwanted:  Uid: 10014] ] with score 60
11-16 09:56:12.958: D/Ethernet(1215): got request NetworkRequest [ TRACK_DEFAULT id=53, [ Capabilities: INTERNET&NOT_RESTRICTED&TRUSTED Unwanted:  Uid: 10014] ] with score 60
11-16 09:56:12.958: D/PhoneSwitcherNetworkRequstListener(3792): got request NetworkRequest [ TRACK_DEFAULT id=53, [ Capabilities: INTERNET&NOT_RESTRICTED&TRUSTED Unwanted:  Uid: 10014] ] with score 60
11-16 09:56:12.962: I/Finsky(19173): [138] agvb.a(2): Disable SystemUpdateActivity, because Android is lower than Q
11-16 09:56:12.967: I/cr_CronetLibraryLoader(19173): Cronet version: 87.0.4280.13, arch: armv8l
11-16 09:56:12.969: W/Settings(19173): Setting download_manager_max_bytes_over_mobile has moved from android.provider.Settings.Secure to android.provider.Settings.Global.
11-16 09:56:12.971: W/Finsky(19173): [139] fjv.c(22): For unauth, use getDfeApiNonAuthenticated() instead!
11-16 09:56:12.971: I/Finsky(19173): [136] waq.i(3): SettingNotFoundException, fall through to G.downloadBytesOverMobileMaximum
11-16 09:56:12.972: W/Settings(19173): Setting download_manager_recommended_max_bytes_over_mobile has moved from android.provider.Settings.Secure to android.provider.Settings.Global.
11-16 09:56:12.972: I/Finsky(19173): [136] waq.j(3): SettingNotFoundException, fall through to G.downloadBytesOverMobileRecommended
11-16 09:56:12.975: I/Finsky(19173): [157] agva.run(50): Set SystemUpdateActivity enabled state to 2
11-16 09:56:12.977: I/Finsky(19173): [139] trj.n(5): Enqueuing libraries load for 0
11-16 09:56:12.980: I/Finsky(19173): [152] trj.o(1): Starting libraries load for 0
11-16 09:56:12.983: I/Finsky(19173): [139] jxe.j(5): Subscription detail: N/A
11-16 09:56:12.987: I/Finsky(19173): [136] atsx.b(2): registerListener
11-16 09:56:12.989: I/Finsky(19173): [152] trj.o(23): Finished loading 0 libraries.
11-16 09:56:12.990: I/Finsky(19173): [139] akms.w(2): Setup app restrictions monitor
11-16 09:56:12.995: I/Finsky(19173): [136] atsx.b(2): registerListener
11-16 09:56:12.999: I/Finsky(19173): [139] akoo.a(3): Device wide unknown source restriction is changed.
11-16 09:56:13.006: D/QSEECOMAPI(19046): QSEECom_get_handle sb_length = 0x400
11-16 09:56:13.006: D/QSEECOMAPI(19046): App is already loaded QSEE and app id = 1
11-16 09:56:13.009: E/fpc_tac(19046): qsee_km_get_encapsulated_key KEYMASTER_GET_AUTH_TOKEN_KEY returned status=-24
11-16 09:56:13.009: D/QSEECOMAPI(19046): QSEECom_dealloc_memory 
11-16 09:56:13.009: D/QSEECOMAPI(19046): QSEECom_shutdown_app, app_id = 1
11-16 09:56:13.009: E/fpc_fingerprint_hal(19046): fpc_hal_open failed
11-16 09:56:13.011: I/EventHub(1215): Removing device uinput-fpc due to epoll hang-up event.
11-16 09:56:13.011: I/EventHub(1215): Removed device: path=/dev/input/event3 name=uinput-fpc id=346 fd=217 classes=0x101
11-16 09:56:13.011: W/EventHub(1215): built-in keyboard device /dev/input/event3 (id=346) is closing! the apps will not like this
11-16 09:56:13.012: W/InputReader(1215): Ignoring spurious device removed event for deviceId 346.
11-16 09:56:13.012: I/EventHub(1215): Removing device '/dev/input/event3' due to inotify event
11-16 09:56:13.028: D/QSEECOMAPI(19046): QSEECom_dealloc_memory 
11-16 09:56:13.029: D/QSEECOMAPI(19046): QSEECom_shutdown_app, app_id = 346
11-16 09:56:13.051: I/ActivityManager(1215): Killing 18658:com.android.connectivity.metrics/u0a57 (adj 906): empty #17
11-16 09:56:13.052: W/libprocessgroup(1215): kill(-18658, 9) failed: No such process
11-16 09:56:13.070: I/ActivityManager(1215): Start proc 19256:com.android.vending:instant_app_installer/u0a14 for broadcast com.android.vending/com.google.android.finsky.instantapps.InstantAppsConfigChangeListener
11-16 09:56:13.067: W/libprocessgroup(1215): kill(-18658, 9) failed: No such process
11-16 09:56:13.071: E/t_app_installe(19256): Not starting debugger since process cannot load the jdwp agent.
11-16 09:56:13.078: I/Zygote(735): Process 18658 exited due to signal (9)
11-16 09:56:13.092: I/t_app_installe(19256): The ClassLoaderContext is a special shared library.
11-16 09:56:13.104: I/Finsky(19173): [2] qrt.<init>(13): Installer: Setting Parallelism[DEFAULT]
11-16 09:56:13.110: I/Finsky:instant_app_inst(19256): [2] gft.ay(5): Process created at version: 22.4.28-16 [0] [PR] 338099147
11-16 09:56:13.112: W/libprocessgroup(1215): kill(-18658, 9) failed: No such process
11-16 09:56:13.112: I/libprocessgroup(1215): Successfully killed process cgroup uid 10057 pid 18658 in 60ms
11-16 09:56:13.114: I/ActivityManager(1215): Killing 18678:com.google.android.apps.multidevice.client/u0a72 (adj 906): empty #17
11-16 09:56:13.114: I/Finsky(19173): [2] qoo.v(2): Installer: Attempting to start installer
11-16 09:56:13.115: W/libprocessgroup(1215): kill(-18678, 9) failed: No such process
11-16 09:56:13.122: I/Finsky(19173): [2] atsx.b(2): registerListener
11-16 09:56:13.123: W/libprocessgroup(1215): kill(-18678, 9) failed: No such process
11-16 09:56:13.132: I/Finsky(19173): [2] jxd.onSubscriptionsChanged(1): onSubscriptionsChanged
11-16 09:56:13.135: W/libprocessgroup(1215): kill(-18678, 9) failed: No such process
11-16 09:56:13.137: I/Finsky(19173): [2] qoo.O(1): Installer kick - no action, not running yet
11-16 09:56:13.137: I/Zygote(735): Process 18678 exited due to signal (9)
11-16 09:56:13.152: W/libprocessgroup(1215): kill(-18678, 9) failed: No such process
11-16 09:56:13.152: I/libprocessgroup(1215): Successfully killed process cgroup uid 10072 pid 18678 in 36ms
11-16 09:56:13.153: D/NetworkSecurityConfig(19173): No Network Security Config specified, using platform default
11-16 09:56:13.154: I/ActivityManager(1215): Killing 18699:com.google.android.euicc/u0a67 (adj 906): empty #17
11-16 09:56:13.155: W/libprocessgroup(1215): kill(-18699, 9) failed: No such process
11-16 09:56:13.167: I/ActivityManager(1215): Start proc 19295:com.google.android.apps.docs/u0a128 for broadcast com.google.android.apps.docs/.notification.common.NotificationChannelReceiver
11-16 09:56:13.174: E/droid.apps.doc(19295): Not starting debugger since process cannot load the jdwp agent.
11-16 09:56:13.193: I/Zygote(735): Process 18699 exited due to signal (9)
11-16 09:56:13.193: I/droid.apps.doc(19295): The ClassLoaderContext is a special shared library.
11-16 09:56:13.200: W/libprocessgroup(1215): kill(-18699, 9) failed: No such process
11-16 09:56:13.200: I/libprocessgroup(1215): Successfully killed process cgroup uid 10067 pid 18699 in 45ms
11-16 09:56:13.205: I/Finsky(19173): [184] mtv.d(1): getDownloads()
11-16 09:56:13.287: I/ActivityManager(1215): Start proc 19314:com.android.vending:download_service/u0a14 for service com.android.vending/com.google.android.finsky.ipcservers.downloadservice.DownloadServiceGrpcServerAndroidService
11-16 09:56:13.288: E/ownload_servic(19314): Not starting debugger since process cannot load the jdwp agent.
11-16 09:56:13.308: I/ownload_servic(19314): The ClassLoaderContext is a special shared library.
11-16 09:56:13.352: I/Finsky:download_service(19314): [2] gft.ay(5): Process created at version: 22.4.28-16 [0] [PR] 338099147
11-16 09:56:13.396: I/Finsky:download_service(19314): [2] szp.onCreate(2): IPC-SERVER: Starting gRPC host service...
11-16 09:56:13.422: W/android.vendin(19173): Accessing hidden field Ljava/util/Collections$SynchronizedCollection;->mutex:Ljava/lang/Object; (dark greylist, reflection)
11-16 09:56:13.422: W/android.vendin(19173): Accessing hidden method Ljava/util/Collections$SynchronizedSet;-><init>(Ljava/util/Set;Ljava/lang/Object;)V (dark greylist, reflection)
11-16 09:56:13.422: W/android.vendin(19173): Accessing hidden method Ljava/util/Collections$SynchronizedCollection;-><init>(Ljava/util/Collection;Ljava/lang/Object;)V (dark greylist, reflection)
11-16 09:56:13.452: D/ConnectivityService(1215): requestNetwork for uid/pid:10014/19314 NetworkRequest [ TRACK_DEFAULT id=55, [ Capabilities: INTERNET&NOT_RESTRICTED&TRUSTED Unwanted:  Uid: 10014] ]
11-16 09:56:13.452: D/WIFI(1215): got request NetworkRequest [ TRACK_DEFAULT id=55, [ Capabilities: INTERNET&NOT_RESTRICTED&TRUSTED Unwanted:  Uid: 10014] ] with score 60
11-16 09:56:13.452: D/WIFI_UT(1215): got request NetworkRequest [ TRACK_DEFAULT id=55, [ Capabilities: INTERNET&NOT_RESTRICTED&TRUSTED Unwanted:  Uid: 10014] ] with score 60
11-16 09:56:13.452: D/WIFI_AWARE_FACTORY(1215): got request NetworkRequest [ TRACK_DEFAULT id=55, [ Capabilities: INTERNET&NOT_RESTRICTED&TRUSTED Unwanted:  Uid: 10014] ] with score 60
11-16 09:56:13.453: D/Ethernet(1215): got request NetworkRequest [ TRACK_DEFAULT id=55, [ Capabilities: INTERNET&NOT_RESTRICTED&TRUSTED Unwanted:  Uid: 10014] ] with score 60
11-16 09:56:13.453: D/PhoneSwitcherNetworkRequstListener(3792): got request NetworkRequest [ TRACK_DEFAULT id=55, [ Capabilities: INTERNET&NOT_RESTRICTED&TRUSTED Unwanted:  Uid: 10014] ] with score 60
11-16 09:56:13.551: I/ActivityManager(1215): Killing 18752:com.google.android.ims/u0a25 (adj 906): empty #17
11-16 09:56:13.552: W/libprocessgroup(1215): kill(-18752, 9) failed: No such process
11-16 09:56:13.568: W/libprocessgroup(1215): kill(-18752, 9) failed: No such process
11-16 09:56:13.598: W/android.vendin(19173): Verification of void akkf.I(android.content.Context, lvk, ayqo, int, java.lang.String) took 100.991ms
11-16 09:56:13.606: W/libprocessgroup(1215): kill(-18752, 9) failed: No such process
11-16 09:56:13.611: D/ConnectivityService(1215): ConnectivityService NetworkRequestInfo binderDied(NetworkRequest [ TRACK_DEFAULT id=51, [ Capabilities: INTERNET&NOT_RESTRICTED&TRUSTED Unwanted:  Uid: 10025] ], android.os.BinderProxy@442df67)
11-16 09:56:13.611: D/ConnectivityService(1215): releasing NetworkRequest [ TRACK_DEFAULT id=51, [ Capabilities: INTERNET&NOT_RESTRICTED&TRUSTED Unwanted:  Uid: 10025] ] (release request)
11-16 09:56:13.612: I/Zygote(735): Process 18752 exited due to signal (9)
11-16 09:56:13.620: I/Finsky:download_service(19314): [148] mmd.c(1): getDownloads().
11-16 09:56:13.620: E/BugleRcsEngine(11331): [2] pkf.a: TelephonyChangeReceiver is not registered.
11-16 09:56:13.622: D/ConnectivityService(1215): releasing NetworkRequest [ TRACK_DEFAULT id=52, [ Capabilities: INTERNET&NOT_RESTRICTED&TRUSTED Unwanted:  Uid: 10111] ] (release request)
11-16 09:56:13.623: I/BugleRcsEngine(11331): [684] ProvisioningEngineStateMachine$StateBase.c: Exit DisabledState
11-16 09:56:13.624: W/BugleRcsEngine(11331): [684] pcp.c: No config URL. RCS will be disabled!
11-16 09:56:13.625: I/BugleRcsEngine(11331): [2] oli.a: Destroying JibeServiceComponent
11-16 09:56:13.627: W/libprocessgroup(1215): kill(-18752, 9) failed: No such process
11-16 09:56:13.627: I/libprocessgroup(1215): Successfully killed process cgroup uid 10025 pid 18752 in 74ms
11-16 09:56:13.629: I/BugleRcsEngine(11331): [2] pkj.h: Shutting down SimStateTracker
11-16 09:56:13.629: I/BugleRcsEngine(11331): [ 11-16 09:56:13.725   856: 1362 E/         ]
11-16 09:56:13.629: I/BugleRcsEngine(11331): Couldn't opendir /data/app/vmdl996852008.tmp: No such file or directory
11-16 09:56:13.725: E/installd(856): Failed to delete /data/app/vmdl996852008.tmp: No such file or directory
11-16 09:56:13.738: W/BroadcastQueue(1215): Background execution not allowed: receiving Intent { act=android.intent.action.PACKAGE_ADDED dat=package:dev.androidx.ci.emptyapp flg=0x4000010 (has extras) } to com.android.musicfx/.Compatibility$Receiver
11-16 09:56:13.738: W/BroadcastQueue(1215): Background execution not allowed: receiving Intent { act=android.intent.action.PACKAGE_ADDED dat=package:dev.androidx.ci.emptyapp flg=0x4000010 (has extras) } to com.android.vending/com.google.android.finsky.packagemanager.impl.PackageMonitorReceiverImpl$RegisteredReceiver
11-16 09:56:13.738: W/BroadcastQueue(1215): Background execution not allowed: receiving Intent { act=android.intent.action.PACKAGE_ADDED dat=package:dev.androidx.ci.emptyapp flg=0x4000010 (has extras) } to com.google.android.gms/.games.chimera.GamesSystemBroadcastReceiverProxy
11-16 09:56:13.738: W/BroadcastQueue(1215): Background execution not allowed: receiving Intent { act=android.intent.action.PACKAGE_ADDED dat=package:dev.androidx.ci.emptyapp flg=0x4000010 (has extras) } to com.google.android.gms/.gass.chimera.PackageChangeBroadcastReceiver
11-16 09:56:13.738: W/BroadcastQueue(1215): Background execution not allowed: receiving Intent { act=android.intent.action.PACKAGE_ADDED dat=package:dev.androidx.ci.emptyapp flg=0x4000010 (has extras) } to com.google.android.gms/.chimera.GmsIntentOperationService$PersistentTrustedReceiver
11-16 09:56:13.739: W/BroadcastQueue(1215): Background execution not allowed: receiving Intent { act=android.intent.action.PACKAGE_ADDED dat=package:dev.androidx.ci.emptyapp flg=0x4000010 (has extras) } to com.google.android.googlequicksearchbox/com.google.android.apps.gsa.googlequicksearchbox.GelStubAppWatcher
11-16 09:56:13.740: W/BroadcastQueue(1215): Background execution not allowed: receiving Intent { act=android.intent.action.PACKAGE_ADDED dat=package:dev.androidx.ci.emptyapp flg=0x4000010 (has extras) } to com.google.android.ims/.receivers.RcsAutoStartReceiver
11-16 09:56:13.740: I/Finsky(19173): [2] yeh.d(13): PackageMonitorReceiverImpl - Received: android.intent.action.PACKAGE_ADDED, [EoF1oDWmz7ltTwAYqC40Qzd9iSBp2xrh_kkvq80SvGg]
11-16 09:56:13.741: I/Finsky(19173): [2] yfi.g(1): Invalidating cached PackageState for dev.androidx.ci.emptyapp
11-16 09:56:13.746: I/InputReader(1215): Reconfiguring input devices.  changes=0x00000010
11-16 09:56:13.747: I/Telecom(1215): DefaultDialerCache: Refreshing default dialer for user 0: now com.google.android.dialer: DDC.oR@AJg
11-16 09:56:13.762: V/BackupManagerConstants(1215): getFullBackupIntervalMilliseconds(...) returns 86400000
11-16 09:56:13.764: W/GCM(10502): Unexpected forwarded intent: Intent { act=android.intent.action.PACKAGE_ADDED dat=package:dev.androidx.ci.emptyapp flg=0x4000010 pkg=com.google.android.gms cmp=com.google.android.gms/.chimera.PersistentIntentOperationService (has extras) }
11-16 09:56:13.764: I/FontLog(10502): Package dev.androidx.ci.emptyapp has no metadata [CONTEXT service_id=132 ]
11-16 09:56:13.766: I/Finsky(19173): [2] owk.d(2): Frosting ID looked up on UI thread. Caller should move to a background thread.
11-16 09:56:13.767: W/GCM(10502): Unexpected forwarded intent: Intent { act=android.intent.action.PACKAGE_ADDED dat=package:dev.androidx.ci.emptyapp flg=0x4000010 pkg=com.google.android.gms cmp=com.google.android.gms/.chimera.PersistentIntentOperationService (has extras) }
11-16 09:56:13.770: I/Finsky(19173): [2] amas.a(3): Do not start WearSupportService due to Wear service optimization
11-16 09:56:13.773: I/Auth(13641): [SupervisedAccountIntentOperation] onHandleIntent(): android.intent.action.PACKAGE_ADDED
11-16 09:56:13.774: I/Finsky(19173): [2] amas.a(3): Do not start WearSupportService due to Wear service optimization
11-16 09:56:13.776: I/BlockstoreStorage(13641): Clearing Blockstore Data for package dev.androidx.ci.emptyapp [CONTEXT service_id=258 ]
11-16 09:56:13.776: I/BlockstoreStorage(13641): No metadata found. Skipping deletion. [CONTEXT service_id=258 ]
11-16 09:56:13.778: D/BoundBrokerSvc(13641): onBind: Intent { act=com.google.android.gms.common.BIND_SHARED_PREFS pkg=com.google.android.gms }
11-16 09:56:13.779: D/BoundBrokerSvc(13641): Loading bound service for intent: Intent { act=com.google.android.gms.common.BIND_SHARED_PREFS pkg=com.google.android.gms }
11-16 09:56:13.784: D/RegisteredNfcFServicesCache(4164): Service unchanged, not updating
11-16 09:56:13.784: E/PhoneInterfaceManager(3792): [PhoneIntfMgr] getCarrierPackageNamesForIntent: No UICC
11-16 09:56:13.784: D/CarrierSvcBindHelper(3792): No carrier app for: 0
11-16 09:56:13.786: I/Finsky(19173): [2] aeak.a(8): Clearing split related stale data.
11-16 09:56:13.788: E/VvmPkgInstalledRcvr(3792): cannot create TelephonyManager from ComponentInfo{com.android.phone/com.android.services.telephony.TelephonyConnectionService}, ***, UserHandle{0}
11-16 09:56:13.788: D/ImsResolver(3792): maybeAddedImsService, packageName: dev.androidx.ci.emptyapp
11-16 09:56:13.789: D/CarrierConfigLoader(3792): mHandler: 9 phoneId: 0
11-16 09:56:13.791: I/Finsky(19173): [2] owk.d(2): Frosting ID looked up on UI thread. Caller should move to a background thread.
11-16 09:56:13.793: D/BoundBrokerSvc(13641): onUnbind: Intent { act=com.google.android.gms.common.BIND_SHARED_PREFS pkg=com.google.android.gms }
11-16 09:56:13.808: I/Finsky(19173): [183] qnc.run(7): Installer: Installer starting.
11-16 09:56:13.809: I/Finsky(19173): [183] qnc.run(20): Installer: Installer started.
11-16 09:56:13.812: I/Finsky(19173): [2] qoo.O(7): Installer: found apps to install. isMultiUserMode=false, apps=[]
11-16 09:56:13.822: W/ChimeraUtils(10502): Module com.google.android.gms.nearby_en has empty metadata display_name_string_id
11-16 09:56:13.859: I/chatty(10502): uid=10007(com.google.android.gms) highpool[1] identical 1 line
11-16 09:56:13.862: W/ChimeraUtils(10502): Module com.google.android.gms.nearby_en has empty metadata display_name_string_id
11-16 09:56:13.873: I/Finsky(19173): [147] jnw.a(15): [ContentSync] finished, scheduled=false
11-16 09:56:13.876: I/Icing(13641): Indexing com.google.android.gms-apps from com.google.android.gms
11-16 09:56:13.880: I/Icing(13641): Indexing done com.google.android.gms-apps
11-16 09:56:13.918: I/Finsky(19173): [2] abxn.f(7): SCH: Cancelling existing jobscheduler jobs: 9002 9001 9004 
11-16 09:56:13.919: I/Finsky(19173): [2] abxn.c(4): SCH: Scheduling immediate wakeup job with id: 9000
11-16 09:56:13.924: I/Finsky(19173): [2] abzb.b(5): SCH: Jobs in database: 1-1337 10-78 12-1 24-77777777 26-1414141414 29-29 31-305419896 
11-16 09:56:13.951: I/Finsky(19173): [191] ovx.run(16): Wrote row to frosting DB: 213
11-16 09:56:13.953: I/Finsky(19173): [2] abxn.d(37): SCH: ConstraintMapping: 10-78, 24-77777777,  -> L: 0ms, D: 81326839ms, C: false, I: true, N: 0
11-16 09:56:13.954: I/Finsky(19173): [200] gxq.a(12): Asset module storage cleared for package dev.androidx.ci.emptyapp.
11-16 09:56:13.954: I/Finsky(19173): [2] abxn.d(37): SCH: ConstraintMapping: 1-1337, 12-1, 31-305419896,  -> L: 0ms, D: 53366603ms, C: false, I: false, N: 1
11-16 09:56:13.955: I/Finsky(19173): [2] abxn.d(37): SCH: ConstraintMapping: 26-1414141414, 29-29,  -> L: 28964ms, D: 58964ms, C: false, I: false, N: 0
11-16 09:56:13.957: I/Finsky(19173): [2] abxn.f(7): SCH: Cancelling existing jobscheduler jobs: 9000 
11-16 09:56:13.957: I/Finsky(19173): [2] abxn.e(23): SCH: Scheduling job Id: 9001, L: 0, D: 81326839, C: false, I: true, N: 0
11-16 09:56:13.958: I/Finsky(19173): [191] ovx.run(16): Wrote row to frosting DB: 214
11-16 09:56:13.958: W/PackageParser(1215): Unknown element under <manifest>: queries at /data/app/vmdl217011488.tmp/base.apk Binary XML file line #33
11-16 09:56:13.958: I/Finsky(19173): [2] abxn.e(23): SCH: Scheduling job Id: 9002, L: 0, D: 53366603, C: false, I: false, N: 1
11-16 09:56:13.959: W/system_server(1215): Unknown chunk type '200'.
11-16 09:56:13.964: I/Finsky(19173): [2] abxn.e(23): SCH: Scheduling job Id: 9003, L: 28964, D: 58964, C: false, I: false, N: 0
11-16 09:56:13.968: I/system_server(1215): Background concurrent copying GC freed 93531(4MB) AllocSpace objects, 46(2MB) LOS objects, 42% free, 18MB/32MB, paused 56us total 247.196ms
11-16 09:56:13.975: I/Finsky(19173): [2] acbc.onStartJob(3): SCH: onJobSchedulerWakeup with jobId 9002
11-16 09:56:14.008: I/Finsky(19173): [2] abwh.a(9): SCH: Scheduling fallback job with id: 9034, and delay: 43200000 ms
11-16 09:56:14.008: I/Finsky(19173): [ 11-16 09:56:14.014   856: 1362 E/         ]
11-16 09:56:14.008: I/Finsky(19173): Couldn't opendir /data/app/vmdl217011488.tmp: No such file or directory
11-16 09:56:14.014: E/installd(856): Failed to delete /data/app/vmdl217011488.tmp: No such file or directory
11-16 09:56:14.020: I/GAv4(19295): Google Analytics 18.8.27 is starting up. To enable debug logging on a device run:
11-16 09:56:14.020: I/GAv4(19295):   adb shell setprop log.tag.GAv4 DEBUG
11-16 09:56:14.020: I/GAv4(19295):   adb logcat -s GAv4
11-16 09:56:14.025: I/Finsky(19173): [2] abwh.b(9): SCH: Scheduling fallback in 64799987 (absolute: 66521816)
11-16 09:56:14.036: D/ImsResolver(3792): maybeAddedImsService, packageName: androidx.navigation.common.test
11-16 09:56:14.039: W/BroadcastQueue(1215): Background execution not allowed: receiving Intent { act=android.intent.action.PACKAGE_ADDED dat=package:androidx.navigation.common.test flg=0x4000010 (has extras) } to com.android.musicfx/.Compatibility$Receiver
