11-16 08:56:59.050: I/ActivityManager(1163): START u0 {act=android.intent.action.MAIN cat=[android.intent.category.LAUNCHER] flg=0x10000000 cmp=androidx.activity.compose.test/androidx.test.core.app.InstrumentationActivityInvoker$EmptyActivity} from uid 10172
11-16 08:56:59.051: D/android.hardware.power@1.3-service.crosshatch-libperfmgr(764): LAUNCH ON
11-16 08:56:59.062: D/LifecycleMonitor(20608): Lifecycle status change: androidx.test.core.app.InstrumentationActivityInvoker$EmptyActivity@a5fa729 in: PAUSED
11-16 08:56:59.062: V/ActivityScenario(20608): Activity lifecycle changed event received but ignored because the intent does not match. startActivityIntent=Intent { act=android.intent.action.MAIN cat=[android.intent.category.LAUNCHER] cmp=androidx.activity.compose.test/androidx.activity.ComponentActivity }, activity.getIntent()=Intent { act=android.intent.action.MAIN cat=[android.intent.category.LAUNCHER] flg=0x10000000 cmp=androidx.activity.compose.test/androidx.test.core.app.InstrumentationActivityInvoker$EmptyActivity }, activity=androidx.test.core.app.InstrumentationActivityInvoker$EmptyActivity@a5fa729
11-16 08:56:59.066: I/FA(20931): App measurement is starting up, version: 18079
11-16 08:56:59.066: I/FA(20931): To enable debug logging run: adb shell setprop log.tag.FA VERBOSE
11-16 08:56:59.066: I/FA(20931): To enable faster debug mode event logging run:
11-16 08:56:59.066: I/FA(20931):   adb shell setprop debug.firebase.analytics.app com.google.android.apps.walletnfcrel
11-16 08:56:59.073: D/LifecycleMonitor(20608): Lifecycle status change: androidx.test.core.app.InstrumentationActivityInvoker$BootstrapActivity@9219990 in: DESTROYED
11-16 08:56:59.073: V/ActivityScenario(20608): Activity lifecycle changed event received but ignored because the intent does not match. startActivityIntent=Intent { act=android.intent.action.MAIN cat=[android.intent.category.LAUNCHER] cmp=androidx.activity.compose.test/androidx.activity.ComponentActivity }, activity.getIntent()=Intent { act=android.intent.action.MAIN cat=[android.intent.category.LAUNCHER] flg=0x10008000 cmp=androidx.activity.compose.test/androidx.test.core.app.InstrumentationActivityInvoker$BootstrapActivity (has extras) }, activity=androidx.test.core.app.InstrumentationActivityInvoker$BootstrapActivity@9219990
11-16 08:56:59.074: W/ActivityThread(20608): handleWindowVisibility: no activity for token android.os.BinderProxy@b741261
11-16 08:56:59.079: D/LifecycleMonitor(20608): Lifecycle status change: androidx.test.core.app.InstrumentationActivityInvoker$EmptyActivity@ce7fa47 in: PRE_ON_CREATE
11-16 08:56:59.079: V/ActivityScenario(20608): Activity lifecycle changed event received but ignored because the intent does not match. startActivityIntent=Intent { act=android.intent.action.MAIN cat=[android.intent.category.LAUNCHER] cmp=androidx.activity.compose.test/androidx.activity.ComponentActivity }, activity.getIntent()=Intent { act=android.intent.action.MAIN cat=[android.intent.category.LAUNCHER] flg=0x10000000 cmp=androidx.activity.compose.test/androidx.test.core.app.InstrumentationActivityInvoker$EmptyActivity }, activity=androidx.test.core.app.InstrumentationActivityInvoker$EmptyActivity@ce7fa47
11-16 08:56:59.086: D/LifecycleMonitor(20608): Lifecycle status change: androidx.test.core.app.InstrumentationActivityInvoker$EmptyActivity@ce7fa47 in: CREATED
11-16 08:56:59.086: V/ActivityScenario(20608): Activity lifecycle changed event received but ignored because the intent does not match. startActivityIntent=Intent { act=android.intent.action.MAIN cat=[android.intent.category.LAUNCHER] cmp=androidx.activity.compose.test/androidx.activity.ComponentActivity }, activity.getIntent()=Intent { act=android.intent.action.MAIN cat=[android.intent.category.LAUNCHER] flg=0x10000000 cmp=androidx.activity.compose.test/androidx.test.core.app.InstrumentationActivityInvoker$EmptyActivity }, activity=androidx.test.core.app.InstrumentationActivityInvoker$EmptyActivity@ce7fa47
11-16 08:56:59.088: D/LifecycleMonitor(20608): Lifecycle status change: androidx.test.core.app.InstrumentationActivityInvoker$EmptyActivity@ce7fa47 in: STARTED
11-16 08:56:59.089: V/ActivityScenario(20608): Activity lifecycle changed event received but ignored because the intent does not match. startActivityIntent=Intent { act=android.intent.action.MAIN cat=[android.intent.category.LAUNCHER] cmp=androidx.activity.compose.test/androidx.activity.ComponentActivity }, activity.getIntent()=Intent { act=android.intent.action.MAIN cat=[android.intent.category.LAUNCHER] flg=0x10000000 cmp=androidx.activity.compose.test/androidx.test.core.app.InstrumentationActivityInvoker$EmptyActivity }, activity=androidx.test.core.app.InstrumentationActivityInvoker$EmptyActivity@ce7fa47
11-16 08:56:59.090: D/LifecycleMonitor(20608): Lifecycle status change: androidx.test.core.app.InstrumentationActivityInvoker$EmptyActivity@ce7fa47 in: RESUMED
11-16 08:56:59.090: V/ActivityScenario(20608): Activity lifecycle changed event received but ignored because the intent does not match. startActivityIntent=Intent { act=android.intent.action.MAIN cat=[android.intent.category.LAUNCHER] cmp=androidx.activity.compose.test/androidx.activity.ComponentActivity }, activity.getIntent()=Intent { act=android.intent.action.MAIN cat=[android.intent.category.LAUNCHER] flg=0x10000000 cmp=androidx.activity.compose.test/androidx.test.core.app.InstrumentationActivityInvoker$EmptyActivity }, activity=androidx.test.core.app.InstrumentationActivityInvoker$EmptyActivity@ce7fa47
11-16 08:56:59.107: D/SurfaceFlinger(639): duplicate layer name: changing androidx.activity.compose.test/androidx.test.core.app.InstrumentationActivityInvoker$EmptyActivity to androidx.activity.compose.test/androidx.test.core.app.InstrumentationActivityInvoker$EmptyActivity#1
11-16 08:56:59.112: W/ActivityManager(1163): Duplicate finish request for ActivityRecord{dceb7d3 u0 androidx.activity.compose.test/androidx.activity.ComponentActivity t7 f}
11-16 08:56:59.114: I/GoogleInputMethod(3654): onFinishInput() : Dummy InputConnection bound
11-16 08:56:59.114: I/GoogleInputMethod(3654): onStartInput() : Dummy InputConnection bound
11-16 08:56:59.131: D/LifecycleMonitor(20608): Lifecycle status change: androidx.test.core.app.InstrumentationActivityInvoker$EmptyActivity@a5fa729 in: STOPPED
11-16 08:56:59.132: V/ActivityScenario(20608): Activity lifecycle changed event received but ignored because the intent does not match. startActivityIntent=Intent { act=android.intent.action.MAIN cat=[android.intent.category.LAUNCHER] cmp=androidx.activity.compose.test/androidx.activity.ComponentActivity }, activity.getIntent()=Intent { act=android.intent.action.MAIN cat=[android.intent.category.LAUNCHER] flg=0x10000000 cmp=androidx.activity.compose.test/androidx.test.core.app.InstrumentationActivityInvoker$EmptyActivity }, activity=androidx.test.core.app.InstrumentationActivityInvoker$EmptyActivity@a5fa729
11-16 08:56:59.133: D/LifecycleMonitor(20608): Lifecycle status change: androidx.test.core.app.InstrumentationActivityInvoker$EmptyActivity@a5fa729 in: DESTROYED
11-16 08:56:59.133: V/ActivityScenario(20608): Activity lifecycle changed event received but ignored because the intent does not match. startActivityIntent=Intent { act=android.intent.action.MAIN cat=[android.intent.category.LAUNCHER] cmp=androidx.activity.compose.test/androidx.activity.ComponentActivity }, activity.getIntent()=Intent { act=android.intent.action.MAIN cat=[android.intent.category.LAUNCHER] flg=0x10000000 cmp=androidx.activity.compose.test/androidx.test.core.app.InstrumentationActivityInvoker$EmptyActivity }, activity=androidx.test.core.app.InstrumentationActivityInvoker$EmptyActivity@a5fa729
11-16 08:56:59.138: D/LifecycleMonitor(20608): Lifecycle status change: androidx.test.core.app.InstrumentationActivityInvoker$EmptyActivity@ce7fa47 in: PAUSED
11-16 08:56:59.138: V/ActivityScenario(20608): Activity lifecycle changed event received but ignored because the intent does not match. startActivityIntent=Intent { act=android.intent.action.MAIN cat=[android.intent.category.LAUNCHER] cmp=androidx.activity.compose.test/androidx.activity.ComponentActivity }, activity.getIntent()=Intent { act=android.intent.action.MAIN cat=[android.intent.category.LAUNCHER] flg=0x10000000 cmp=androidx.activity.compose.test/androidx.test.core.app.InstrumentationActivityInvoker$EmptyActivity }, activity=androidx.test.core.app.InstrumentationActivityInvoker$EmptyActivity@ce7fa47
11-16 08:56:59.156: I/BackdropActivity(19526): onResume()
11-16 08:56:59.157: I/ActivityManager(1163): Activity requesting to dismiss Keyguard: ActivityRecord{c55c842 u0 com.google.android.apps.mtaas.backdrop/.BackdropActivity t4}
11-16 08:56:59.168: D/VSC(765): @ 1551.266: [Significant Motion] Request motion_detect, interval 18446744073709551615 ns, latency 0 ns
11-16 08:56:59.168: D/VSC(765): @ 1551.268: [Significant Motion] Stop accel
11-16 08:56:59.174: I/GoogleInputMethod(3654): onFinishInput() : Dummy InputConnection bound
11-16 08:56:59.174: I/GoogleInputMethod(3654): onStartInput() : Dummy InputConnection bound
11-16 08:56:59.178: D/LifecycleMonitor(20608): Lifecycle status change: androidx.activity.ComponentActivity@bef12cb in: STOPPED
11-16 08:56:59.178: V/ActivityScenario(20608): Update currentActivityStage to STOPPED, currentActivity=androidx.activity.ComponentActivity@bef12cb
11-16 08:56:59.186: D/LifecycleMonitor(20608): Lifecycle status change: androidx.activity.ComponentActivity@bef12cb in: DESTROYED
11-16 08:56:59.186: V/ActivityScenario(20608): Update currentActivityStage to DESTROYED, currentActivity=null
11-16 08:56:59.191: D/android.hardware.power@1.3-service.crosshatch-libperfmgr(764): LAUNCH OFF
11-16 08:56:59.209: I/Adreno(1163): QUALCOMM build                   : 3f88ca2, I42f6fe38fb
11-16 08:56:59.209: I/Adreno(1163): Build Date                       : 07/13/18
11-16 08:56:59.209: I/Adreno(1163): OpenGL ES Shader Compiler Version: EV031.24.00.00
11-16 08:56:59.209: I/Adreno(1163): Local Branch                     : 50.04
11-16 08:56:59.209: I/Adreno(1163): Remote Branch                    : 
11-16 08:56:59.209: I/Adreno(1163): Remote Branch                    : 
11-16 08:56:59.209: I/Adreno(1163): Reconstruct Branch               : 
11-16 08:56:59.209: I/Adreno(1163): Build Config                     : S P 4.0.10 AArch64
11-16 08:56:59.212: E/libc(1163): Access denied finding property "vendor.debug.prerotation.disable"
11-16 08:56:59.213: D/LifecycleMonitor(20608): Lifecycle status change: androidx.test.core.app.InstrumentationActivityInvoker$EmptyActivity@ce7fa47 in: STOPPED
11-16 08:56:59.213: V/ActivityScenario(20608): Activity lifecycle changed event received but ignored because the intent does not match. startActivityIntent=Intent { act=android.intent.action.MAIN cat=[android.intent.category.LAUNCHER] cmp=androidx.activity.compose.test/androidx.activity.ComponentActivity }, activity.getIntent()=Intent { act=android.intent.action.MAIN cat=[android.intent.category.LAUNCHER] flg=0x10000000 cmp=androidx.activity.compose.test/androidx.test.core.app.InstrumentationActivityInvoker$EmptyActivity }, activity=androidx.test.core.app.InstrumentationActivityInvoker$EmptyActivity@ce7fa47
11-16 08:56:59.214: E/libc(1163): Access denied finding property "vendor.debug.prerotation.disable"
11-16 08:56:59.214: I/Adreno(1163): PFP: 0x016ee170, ME: 0x00000000
11-16 08:56:59.214: E/libc(1163): Access denied finding property "vendor.debug.prerotation.disable"
11-16 08:56:59.215: D/LifecycleMonitor(20608): Lifecycle status change: androidx.test.core.app.InstrumentationActivityInvoker$EmptyActivity@ce7fa47 in: DESTROYED
11-16 08:56:59.215: V/ActivityScenario(20608): Activity lifecycle changed event received but ignored because the intent does not match. startActivityIntent=Intent { act=android.intent.action.MAIN cat=[android.intent.category.LAUNCHER] cmp=androidx.activity.compose.test/androidx.activity.ComponentActivity }, activity.getIntent()=Intent { act=android.intent.action.MAIN cat=[android.intent.category.LAUNCHER] flg=0x10000000 cmp=androidx.activity.compose.test/androidx.test.core.app.InstrumentationActivityInvoker$EmptyActivity }, activity=androidx.test.core.app.InstrumentationActivityInvoker$EmptyActivity@ce7fa47
11-16 08:56:59.216: I/ConfigStore(1163): android::hardware::configstore::V1_0::ISurfaceFlingerConfigs::hasWideColorDisplay retrieved: 1
11-16 08:56:59.216: I/ConfigStore(1163): android::hardware::configstore::V1_0::ISurfaceFlingerConfigs::hasHDRDisplay retrieved: 1
11-16 08:56:59.217: I/OpenGLRenderer(1163): Initialized EGL, version 1.4
11-16 08:56:59.217: D/OpenGLRenderer(1163): Swap behavior 2
11-16 08:56:59.228: I/TestRunner(20608): finished: testRecomposeAfterLaunch(androidx.activity.compose.ActivityResultRegistryTest)
11-16 08:56:59.236: I/TestRunner(20608): started: testLaunchAfterRestoration(androidx.activity.compose.ActivityResultRegistryTest)
11-16 08:56:59.259: W/Settings(20608): Setting always_finish_activities has moved from android.provider.Settings.System to android.provider.Settings.Global, returning read-only value.
11-16 08:56:59.262: E/NotificationService(1163): Muting recently noisy 0|com.google.android.apps.mtaas.backdrop|1|null|10163
11-16 08:56:59.267: I/ActivityManager(1163): START u0 {act=android.intent.action.MAIN cat=[android.intent.category.LAUNCHER] flg=0x10008000 cmp=androidx.activity.compose.test/androidx.test.core.app.InstrumentationActivityInvoker$BootstrapActivity (has extras)} from uid 10172
11-16 08:56:59.269: W/ComponentDiscovery(21019): Application info not found.
11-16 08:56:59.269: W/ComponentDiscovery(21019): Could not retrieve metadata, returning empty list of registrars.
11-16 08:56:59.272: D/android.hardware.power@1.3-service.crosshatch-libperfmgr(764): LAUNCH ON
11-16 08:56:59.280: W/ActivityThread(20608): handleWindowVisibility: no activity for token android.os.BinderProxy@1d555d1
11-16 08:56:59.288: D/LifecycleMonitor(20608): Lifecycle status change: androidx.test.core.app.InstrumentationActivityInvoker$BootstrapActivity@a3e0337 in: PRE_ON_CREATE
11-16 08:56:59.288: V/ActivityScenario(20608): Activity lifecycle changed event received but ignored because the intent does not match. startActivityIntent=Intent { act=android.intent.action.MAIN cat=[android.intent.category.LAUNCHER] cmp=androidx.activity.compose.test/androidx.activity.ComponentActivity }, activity.getIntent()=Intent { act=android.intent.action.MAIN cat=[android.intent.category.LAUNCHER] flg=0x10008000 cmp=androidx.activity.compose.test/androidx.test.core.app.InstrumentationActivityInvoker$BootstrapActivity (has extras) }, activity=androidx.test.core.app.InstrumentationActivityInvoker$BootstrapActivity@a3e0337
11-16 08:56:59.295: D/LifecycleMonitor(20608): Lifecycle status change: androidx.test.core.app.InstrumentationActivityInvoker$BootstrapActivity@a3e0337 in: CREATED
11-16 08:56:59.295: V/ActivityScenario(20608): Activity lifecycle changed event received but ignored because the intent does not match. startActivityIntent=Intent { act=android.intent.action.MAIN cat=[android.intent.category.LAUNCHER] cmp=androidx.activity.compose.test/androidx.activity.ComponentActivity }, activity.getIntent()=Intent { act=android.intent.action.MAIN cat=[android.intent.category.LAUNCHER] flg=0x10008000 cmp=androidx.activity.compose.test/androidx.test.core.app.InstrumentationActivityInvoker$BootstrapActivity (has extras) }, activity=androidx.test.core.app.InstrumentationActivityInvoker$BootstrapActivity@a3e0337
11-16 08:56:59.296: D/LifecycleMonitor(20608): Lifecycle status change: androidx.test.core.app.InstrumentationActivityInvoker$BootstrapActivity@a3e0337 in: STARTED
11-16 08:56:59.297: V/ActivityScenario(20608): Activity lifecycle changed event received but ignored because the intent does not match. startActivityIntent=Intent { act=android.intent.action.MAIN cat=[android.intent.category.LAUNCHER] cmp=androidx.activity.compose.test/androidx.activity.ComponentActivity }, activity.getIntent()=Intent { act=android.intent.action.MAIN cat=[android.intent.category.LAUNCHER] flg=0x10008000 cmp=androidx.activity.compose.test/androidx.test.core.app.InstrumentationActivityInvoker$BootstrapActivity (has extras) }, activity=androidx.test.core.app.InstrumentationActivityInvoker$BootstrapActivity@a3e0337
11-16 08:56:59.298: I/ActivityManager(1163): START u0 {act=android.intent.action.MAIN cat=[android.intent.category.LAUNCHER] cmp=androidx.activity.compose.test/androidx.activity.ComponentActivity} from uid 10172
11-16 08:56:59.299: D/android.hardware.power@1.3-service.crosshatch-libperfmgr(764): LAUNCH ON
11-16 08:56:59.308: D/LifecycleMonitor(20608): Lifecycle status change: androidx.test.core.app.InstrumentationActivityInvoker$BootstrapActivity@a3e0337 in: RESUMED
11-16 08:56:59.308: V/ActivityScenario(20608): Activity lifecycle changed event received but ignored because the intent does not match. startActivityIntent=Intent { act=android.intent.action.MAIN cat=[android.intent.category.LAUNCHER] cmp=androidx.activity.compose.test/androidx.activity.ComponentActivity }, activity.getIntent()=Intent { act=android.intent.action.MAIN cat=[android.intent.category.LAUNCHER] flg=0x10008000 cmp=androidx.activity.compose.test/androidx.test.core.app.InstrumentationActivityInvoker$BootstrapActivity (has extras) }, activity=androidx.test.core.app.InstrumentationActivityInvoker$BootstrapActivity@a3e0337
11-16 08:56:59.310: D/LifecycleMonitor(20608): Lifecycle status change: androidx.test.core.app.InstrumentationActivityInvoker$BootstrapActivity@a3e0337 in: PAUSED
11-16 08:56:59.310: V/ActivityScenario(20608): Activity lifecycle changed event received but ignored because the intent does not match. startActivityIntent=Intent { act=android.intent.action.MAIN cat=[android.intent.category.LAUNCHER] cmp=androidx.activity.compose.test/androidx.activity.ComponentActivity }, activity.getIntent()=Intent { act=android.intent.action.MAIN cat=[android.intent.category.LAUNCHER] flg=0x10008000 cmp=androidx.activity.compose.test/androidx.test.core.app.InstrumentationActivityInvoker$BootstrapActivity (has extras) }, activity=androidx.test.core.app.InstrumentationActivityInvoker$BootstrapActivity@a3e0337
11-16 08:56:59.322: W/ActivityThread(20608): handleWindowVisibility: no activity for token android.os.BinderProxy@c087e0d
11-16 08:56:59.326: D/LifecycleMonitor(20608): Lifecycle status change: androidx.activity.ComponentActivity@451480e in: PRE_ON_CREATE
11-16 08:56:59.327: V/ActivityScenario(20608): Activity lifecycle changed event received but ignored because the reported transition was not ON_CREATE while the last known transition was PRE_ON_CREATE
11-16 08:56:59.334: D/LifecycleMonitor(20608): Lifecycle status change: androidx.activity.ComponentActivity@451480e in: CREATED
11-16 08:56:59.335: V/ActivityScenario(20608): Update currentActivityStage to CREATED, currentActivity=androidx.activity.ComponentActivity@451480e
11-16 08:56:59.336: D/LifecycleMonitor(20608): Lifecycle status change: androidx.activity.ComponentActivity@451480e in: STARTED
11-16 08:56:59.336: V/ActivityScenario(20608): Update currentActivityStage to STARTED, currentActivity=androidx.activity.ComponentActivity@451480e
11-16 08:56:59.337: D/LifecycleMonitor(20608): Lifecycle status change: androidx.activity.ComponentActivity@451480e in: RESUMED
11-16 08:56:59.337: V/ActivityScenario(20608): Update currentActivityStage to RESUMED, currentActivity=androidx.activity.ComponentActivity@451480e
11-16 08:56:59.343: W/Settings(20608): Setting always_finish_activities has moved from android.provider.Settings.System to android.provider.Settings.Global, returning read-only value.
11-16 08:56:59.358: I/GoogleInputMethod(3654): onFinishInput() : Dummy InputConnection bound
11-16 08:56:59.358: I/GoogleInputMethod(3654): onStartInput() : Dummy InputConnection bound
11-16 08:56:59.359: W/Primes(21019): Primes not initialized, returning default (no-op) Primes instance which will ignore all calls. Please call Primes.initialize(...) before using any Primes API.
11-16 08:56:59.371: D/android.hardware.power@1.3-service.crosshatch-libperfmgr(764): LAUNCH OFF
11-16 08:56:59.372: W/PrimesInit(21019): Primes instant initialization
11-16 08:56:59.374: W/Primes(21019): background initialization
11-16 08:56:59.374: E/ExecutionCriteria(11020): Package unavailable for task: com.google.android.apps.gcs/com.google.android.flib.phenotype.services.PhenotypeExperimentCommitService{u=0 tag="PhenotypeExpCommitSvc" trigger=window{start=0s,end=30s,earliest=-1440s,latest=-1410s} requirements=[NET_ANY] attributes=[PERSISTED] scheduled=-1440s last_run=N/A exec_window_multiplier=1.0000 jid=N/A status=PENDING retries=0 client_lib=MANCHEGO_GCM-11732000} [CONTEXT service_id=218 ]
11-16 08:56:59.390: I/ActivityManager(1163): Displayed androidx.activity.compose.test/androidx.activity.ComponentActivity: +105ms
11-16 08:56:59.391: W/SurfaceFlinger(639): Attempting to set client state on removed layer: Splash Screen androidx.activity.compose.test#0
11-16 08:56:59.392: W/SurfaceFlinger(639): Attempting to destroy on removed layer: Splash Screen androidx.activity.compose.test#0
11-16 08:56:59.395: D/BoundBrokerSvc(13712): onUnbind: Intent { act=com.google.android.gms.ocr.service.internal.START cmp=com.google.android.gms/.chimera.GmsInternalApiService }
11-16 08:56:59.399: I/ActivityManager(1163): START u0 {act=android.intent.action.MAIN cat=[android.intent.category.LAUNCHER] flg=0x10008000 cmp=androidx.activity.compose.test/androidx.test.core.app.InstrumentationActivityInvoker$BootstrapActivity (has extras)} from uid 10172
11-16 08:56:59.399: D/LifecycleMonitor(20608): Lifecycle status change: androidx.test.core.app.InstrumentationActivityInvoker$BootstrapActivity@a3e0337 in: STOPPED
11-16 08:56:59.399: V/ActivityScenario(20608): Activity lifecycle changed event received but ignored because the intent does not match. startActivityIntent=Intent { act=android.intent.action.MAIN cat=[android.intent.category.LAUNCHER] cmp=androidx.activity.compose.test/androidx.activity.ComponentActivity }, activity.getIntent()=Intent { act=android.intent.action.MAIN cat=[android.intent.category.LAUNCHER] flg=0x10008000 cmp=androidx.activity.compose.test/androidx.test.core.app.InstrumentationActivityInvoker$BootstrapActivity (has extras) }, activity=androidx.test.core.app.InstrumentationActivityInvoker$BootstrapActivity@a3e0337
11-16 08:56:59.399: V/ActivityScenario(20608): Activity lifecycle changed event received but ignored because the intent does not match. startActivityIntent=Intent { act=android.intent.action.MAIN cat=[android.intent.category.LAUNCHER] cmp=androidx.activity.compose.test/androidx.activity.ComponentActivity }, activity.getIntent()=Intent { act=android.intent.action.MAIN cat=[android.intent.category.LAUNCHER] flg=0x10008000 cmp=androidx.activity.compose.test/androidx.test.core.app.InstrumentationActivityInvoker$BootstrapActivity (has extras) }, activity=androidx.test.core.app.InstrumentationActivityInvoker$BootstrapActivity@a3e0337
11-16 08:56:59.400: D/LifecycleMonitor(20608): Lifecycle status change: androidx.activity.ComponentActivity@451480e in: PAUSED
11-16 08:56:59.400: V/ActivityScenario(20608): Update currentActivityStage to PAUSED, currentActivity=androidx.activity.ComponentActivity@451480e
11-16 08:56:59.400: V/ActivityScenario(20608): Activity lifecycle changed event received but ignored because the reported transition was not ON_CREATE while the last known transition was PRE_ON_CREATE
11-16 08:56:59.408: D/android.hardware.power@1.3-service.crosshatch-libperfmgr(764): LAUNCH ON
11-16 08:56:59.421: D/LifecycleMonitor(20608): Lifecycle status change: androidx.test.core.app.InstrumentationActivityInvoker$BootstrapActivity@a3e0337 in: DESTROYED
11-16 08:56:59.421: V/ActivityScenario(20608): Activity lifecycle changed event received but ignored because the intent does not match. startActivityIntent=Intent { act=android.intent.action.MAIN cat=[android.intent.category.LAUNCHER] cmp=androidx.activity.compose.test/androidx.activity.ComponentActivity }, activity.getIntent()=Intent { act=android.intent.action.MAIN cat=[android.intent.category.LAUNCHER] flg=0x10008000 cmp=androidx.activity.compose.test/androidx.test.core.app.InstrumentationActivityInvoker$BootstrapActivity (has extras) }, activity=androidx.test.core.app.InstrumentationActivityInvoker$BootstrapActivity@a3e0337
11-16 08:56:59.421: V/ActivityScenario(20608): Activity lifecycle changed event received but ignored because the intent does not match. startActivityIntent=Intent { act=android.intent.action.MAIN cat=[android.intent.category.LAUNCHER] cmp=androidx.activity.compose.test/androidx.activity.ComponentActivity }, activity.getIntent()=Intent { act=android.intent.action.MAIN cat=[android.intent.category.LAUNCHER] flg=0x10008000 cmp=androidx.activity.compose.test/androidx.test.core.app.InstrumentationActivityInvoker$BootstrapActivity (has extras) }, activity=androidx.test.core.app.InstrumentationActivityInvoker$BootstrapActivity@a3e0337
11-16 08:56:59.422: W/ActivityThread(20608): handleWindowVisibility: no activity for token android.os.BinderProxy@d9d1fc3
11-16 08:56:59.427: E/ExecutionCriteria(11020): Package unavailable for task: com.google.android.apps.gcs/com.google.android.flib.phenotype.services.PhenotypeExperimentCommitService{u=0 tag="PhenotypeExpCommitSvc" trigger=window{start=0s,end=30s,earliest=-1440s,latest=-1410s} requirements=[NET_ANY] attributes=[PERSISTED] scheduled=-1440s last_run=N/A exec_window_multiplier=1.0000 jid=N/A status=PENDING retries=0 client_lib=MANCHEGO_GCM-11732000} [CONTEXT service_id=218 ]
11-16 08:56:59.428: D/LifecycleMonitor(20608): Lifecycle status change: androidx.test.core.app.InstrumentationActivityInvoker$BootstrapActivity@dcf6b79 in: PRE_ON_CREATE
11-16 08:56:59.429: V/ActivityScenario(20608): Activity lifecycle changed event received but ignored because the intent does not match. startActivityIntent=Intent { act=android.intent.action.MAIN cat=[android.intent.category.LAUNCHER] cmp=androidx.activity.compose.test/androidx.activity.ComponentActivity }, activity.getIntent()=Intent { act=android.intent.action.MAIN cat=[android.intent.category.LAUNCHER] flg=0x10008000 cmp=androidx.activity.compose.test/androidx.test.core.app.InstrumentationActivityInvoker$BootstrapActivity (has extras) }, activity=androidx.test.core.app.InstrumentationActivityInvoker$BootstrapActivity@dcf6b79
11-16 08:56:59.429: V/ActivityScenario(20608): Activity lifecycle changed event received but ignored because the intent does not match. startActivityIntent=Intent { act=android.intent.action.MAIN cat=[android.intent.category.LAUNCHER] cmp=androidx.activity.compose.test/androidx.activity.ComponentActivity }, activity.getIntent()=Intent { act=android.intent.action.MAIN cat=[android.intent.category.LAUNCHER] flg=0x10008000 cmp=androidx.activity.compose.test/androidx.test.core.app.InstrumentationActivityInvoker$BootstrapActivity (has extras) }, activity=androidx.test.core.app.InstrumentationActivityInvoker$BootstrapActivity@dcf6b79
11-16 08:56:59.438: D/LifecycleMonitor(20608): Lifecycle status change: androidx.test.core.app.InstrumentationActivityInvoker$BootstrapActivity@dcf6b79 in: CREATED
11-16 08:56:59.438: V/ActivityScenario(20608): Activity lifecycle changed event received but ignored because the intent does not match. startActivityIntent=Intent { act=android.intent.action.MAIN cat=[android.intent.category.LAUNCHER] cmp=androidx.activity.compose.test/androidx.activity.ComponentActivity }, activity.getIntent()=Intent { act=android.intent.action.MAIN cat=[android.intent.category.LAUNCHER] flg=0x10008000 cmp=androidx.activity.compose.test/androidx.test.core.app.InstrumentationActivityInvoker$BootstrapActivity (has extras) }, activity=androidx.test.core.app.InstrumentationActivityInvoker$BootstrapActivity@dcf6b79
11-16 08:56:59.439: V/ActivityScenario(20608): Activity lifecycle changed event received but ignored because the intent does not match. startActivityIntent=Intent { act=android.intent.action.MAIN cat=[android.intent.category.LAUNCHER] cmp=androidx.activity.compose.test/androidx.activity.ComponentActivity }, activity.getIntent()=Intent { act=android.intent.action.MAIN cat=[android.intent.category.LAUNCHER] flg=0x10008000 cmp=androidx.activity.compose.test/androidx.test.core.app.InstrumentationActivityInvoker$BootstrapActivity (has extras) }, activity=androidx.test.core.app.InstrumentationActivityInvoker$BootstrapActivity@dcf6b79
11-16 08:56:59.440: D/LifecycleMonitor(20608): Lifecycle status change: androidx.test.core.app.InstrumentationActivityInvoker$BootstrapActivity@dcf6b79 in: STARTED
11-16 08:56:59.441: V/ActivityScenario(20608): Activity lifecycle changed event received but ignored because the intent does not match. startActivityIntent=Intent { act=android.intent.action.MAIN cat=[android.intent.category.LAUNCHER] cmp=androidx.activity.compose.test/androidx.activity.ComponentActivity }, activity.getIntent()=Intent { act=android.intent.action.MAIN cat=[android.intent.category.LAUNCHER] flg=0x10008000 cmp=androidx.activity.compose.test/androidx.test.core.app.InstrumentationActivityInvoker$BootstrapActivity (has extras) }, activity=androidx.test.core.app.InstrumentationActivityInvoker$BootstrapActivity@dcf6b79
11-16 08:56:59.442: I/ActivityManager(1163): START u0 {act=android.intent.action.MAIN cat=[android.intent.category.LAUNCHER] cmp=androidx.activity.compose.test/androidx.activity.ComponentActivity} from uid 10172
11-16 08:56:59.446: I/WindowManager(1163): Queue is too deep! Purged item with taskid=7
11-16 08:56:59.441: V/ActivityScenario(20608): Activity lifecycle changed event received but ignored because the intent does not match. startActivityIntent=Intent { act=android.intent.action.MAIN cat=[android.intent.category.LAUNCHER] cmp=androidx.activity.compose.test/androidx.activity.ComponentActivity }, activity.getIntent()=Intent { act=android.intent.action.MAIN cat=[android.intent.category.LAUNCHER] flg=0x10008000 cmp=androidx.activity.compose.test/androidx.test.core.app.InstrumentationActivityInvoker$BootstrapActivity (has extras) }, activity=androidx.test.core.app.InstrumentationActivityInvoker$BootstrapActivity@dcf6b79
11-16 08:56:59.451: I/PrimesTesting(21019): GserviceFlagsSupplier.get()
11-16 08:56:59.452: D/android.hardware.power@1.3-service.crosshatch-libperfmgr(764): LAUNCH ON
11-16 08:56:59.456: D/LifecycleMonitor(20608): Lifecycle status change: androidx.test.core.app.InstrumentationActivityInvoker$BootstrapActivity@dcf6b79 in: RESUMED
11-16 08:56:59.456: V/ActivityScenario(20608): Activity lifecycle changed event received but ignored because the intent does not match. startActivityIntent=Intent { act=android.intent.action.MAIN cat=[android.intent.category.LAUNCHER] cmp=androidx.activity.compose.test/androidx.activity.ComponentActivity }, activity.getIntent()=Intent { act=android.intent.action.MAIN cat=[android.intent.category.LAUNCHER] flg=0x10008000 cmp=androidx.activity.compose.test/androidx.test.core.app.InstrumentationActivityInvoker$BootstrapActivity (has extras) }, activity=androidx.test.core.app.InstrumentationActivityInvoker$BootstrapActivity@dcf6b79
11-16 08:56:59.456: V/ActivityScenario(20608): Activity lifecycle changed event received but ignored because the intent does not match. startActivityIntent=Intent { act=android.intent.action.MAIN cat=[android.intent.category.LAUNCHER] cmp=androidx.activity.compose.test/androidx.activity.ComponentActivity }, activity.getIntent()=Intent { act=android.intent.action.MAIN cat=[android.intent.category.LAUNCHER] flg=0x10008000 cmp=androidx.activity.compose.test/androidx.test.core.app.InstrumentationActivityInvoker$BootstrapActivity (has extras) }, activity=androidx.test.core.app.InstrumentationActivityInvoker$BootstrapActivity@dcf6b79
11-16 08:56:59.460: D/LifecycleMonitor(20608): Lifecycle status change: androidx.test.core.app.InstrumentationActivityInvoker$BootstrapActivity@dcf6b79 in: PAUSED
11-16 08:56:59.460: V/ActivityScenario(20608): Activity lifecycle changed event received but ignored because the intent does not match. startActivityIntent=Intent { act=android.intent.action.MAIN cat=[android.intent.category.LAUNCHER] cmp=androidx.activity.compose.test/androidx.activity.ComponentActivity }, activity.getIntent()=Intent { act=android.intent.action.MAIN cat=[android.intent.category.LAUNCHER] flg=0x10008000 cmp=androidx.activity.compose.test/androidx.test.core.app.InstrumentationActivityInvoker$BootstrapActivity (has extras) }, activity=androidx.test.core.app.InstrumentationActivityInvoker$BootstrapActivity@dcf6b79
11-16 08:56:59.460: V/ActivityScenario(20608): Activity lifecycle changed event received but ignored because the intent does not match. startActivityIntent=Intent { act=android.intent.action.MAIN cat=[android.intent.category.LAUNCHER] cmp=androidx.activity.compose.test/androidx.activity.ComponentActivity }, activity.getIntent()=Intent { act=android.intent.action.MAIN cat=[android.intent.category.LAUNCHER] flg=0x10008000 cmp=androidx.activity.compose.test/androidx.test.core.app.InstrumentationActivityInvoker$BootstrapActivity (has extras) }, activity=androidx.test.core.app.InstrumentationActivityInvoker$BootstrapActivity@dcf6b79
11-16 08:56:59.489: W/ActivityThread(20608): handleWindowVisibility: no activity for token android.os.BinderProxy@86a3aca
11-16 08:56:59.496: D/LifecycleMonitor(20608): Lifecycle status change: androidx.activity.ComponentActivity@68d6917 in: PRE_ON_CREATE
11-16 08:56:59.496: V/ActivityScenario(20608): Activity lifecycle changed event received but ignored because the activity instance does not match. currentActivity=androidx.activity.ComponentActivity@451480e, receivedActivity=androidx.activity.ComponentActivity@68d6917
11-16 08:56:59.496: V/ActivityScenario(20608): Activity lifecycle changed event received but ignored because the reported transition was not ON_CREATE while the last known transition was PRE_ON_CREATE
11-16 08:56:59.504: D/LifecycleMonitor(20608): Lifecycle status change: androidx.activity.ComponentActivity@68d6917 in: CREATED
11-16 08:56:59.504: V/ActivityScenario(20608): Activity lifecycle changed event received but ignored because the activity instance does not match. currentActivity=androidx.activity.ComponentActivity@451480e, receivedActivity=androidx.activity.ComponentActivity@68d6917
11-16 08:56:59.504: V/ActivityScenario(20608): Update currentActivityStage to CREATED, currentActivity=androidx.activity.ComponentActivity@68d6917
11-16 08:56:59.505: D/LifecycleMonitor(20608): Lifecycle status change: androidx.activity.ComponentActivity@68d6917 in: STARTED
11-16 08:56:59.506: V/ActivityScenario(20608): Activity lifecycle changed event received but ignored because the activity instance does not match. currentActivity=androidx.activity.ComponentActivity@451480e, receivedActivity=androidx.activity.ComponentActivity@68d6917
11-16 08:56:59.506: V/ActivityScenario(20608): Update currentActivityStage to STARTED, currentActivity=androidx.activity.ComponentActivity@68d6917
11-16 08:56:59.507: D/LifecycleMonitor(20608): Lifecycle status change: androidx.activity.ComponentActivity@68d6917 in: RESUMED
11-16 08:56:59.507: V/ActivityScenario(20608): Activity lifecycle changed event received but ignored because the activity instance does not match. currentActivity=androidx.activity.ComponentActivity@451480e, receivedActivity=androidx.activity.ComponentActivity@68d6917
11-16 08:56:59.508: V/ActivityScenario(20608): Update currentActivityStage to RESUMED, currentActivity=androidx.activity.ComponentActivity@68d6917
11-16 08:56:59.515: E/ExecutionCriteria(11020): Package unavailable for task: com.google.android.apps.gcs/com.google.android.flib.phenotype.services.PhenotypeExperimentCommitService{u=0 tag="PhenotypeExpCommitSvc" trigger=window{start=0s,end=30s,earliest=-1440s,latest=-1410s} requirements=[NET_ANY] attributes=[PERSISTED] scheduled=-1440s last_run=N/A exec_window_multiplier=1.0000 jid=N/A status=PENDING retries=0 client_lib=MANCHEGO_GCM-11732000} [CONTEXT service_id=218 ]
11-16 08:56:59.516: D/SurfaceFlinger(639): duplicate layer name: changing androidx.activity.compose.test/androidx.activity.ComponentActivity to androidx.activity.compose.test/androidx.activity.ComponentActivity#1
11-16 08:56:59.523: I/GoogleInputMethod(3654): onFinishInput() : Dummy InputConnection bound
11-16 08:56:59.523: I/GoogleInputMethod(3654): onStartInput() : Dummy InputConnection bound
11-16 08:56:59.524: W/KeepGATracker(21019): Disabling GA because no account was specified
11-16 08:56:59.535: D/android.hardware.power@1.3-service.crosshatch-libperfmgr(764): LAUNCH OFF
11-16 08:56:59.543: I/akhr(11020): Scheduling Phenotype for a PhenotypeSyncImmediately(16, com.google.android.keep) one off with window [1, 2] in seconds [CONTEXT service_id=51 ]
11-16 08:56:59.546: D/LifecycleMonitor(20608): Lifecycle status change: androidx.test.core.app.InstrumentationActivityInvoker$BootstrapActivity@dcf6b79 in: STOPPED
11-16 08:56:59.546: V/ActivityScenario(20608): Activity lifecycle changed event received but ignored because the intent does not match. startActivityIntent=Intent { act=android.intent.action.MAIN cat=[android.intent.category.LAUNCHER] cmp=androidx.activity.compose.test/androidx.activity.ComponentActivity }, activity.getIntent()=Intent { act=android.intent.action.MAIN cat=[android.intent.category.LAUNCHER] flg=0x10008000 cmp=androidx.activity.compose.test/androidx.test.core.app.InstrumentationActivityInvoker$BootstrapActivity (has extras) }, activity=androidx.test.core.app.InstrumentationActivityInvoker$BootstrapActivity@dcf6b79
11-16 08:56:59.546: V/ActivityScenario(20608): Activity lifecycle changed event received but ignored because the intent does not match. startActivityIntent=Intent { act=android.intent.action.MAIN cat=[android.intent.category.LAUNCHER] cmp=androidx.activity.compose.test/androidx.activity.ComponentActivity }, activity.getIntent()=Intent { act=android.intent.action.MAIN cat=[android.intent.category.LAUNCHER] flg=0x10008000 cmp=androidx.activity.compose.test/androidx.test.core.app.InstrumentationActivityInvoker$BootstrapActivity (has extras) }, activity=androidx.test.core.app.InstrumentationActivityInvoker$BootstrapActivity@dcf6b79
11-16 08:56:59.547: D/LifecycleMonitor(20608): Lifecycle status change: androidx.activity.ComponentActivity@451480e in: STOPPED
11-16 08:56:59.547: V/ActivityScenario(20608): Update currentActivityStage to STOPPED, currentActivity=androidx.activity.ComponentActivity@451480e
11-16 08:56:59.547: V/ActivityScenario(20608): Activity lifecycle changed event received but ignored because the activity instance does not match. currentActivity=androidx.activity.ComponentActivity@68d6917, receivedActivity=androidx.activity.ComponentActivity@451480e
11-16 08:56:59.548: D/LifecycleMonitor(20608): Lifecycle status change: androidx.activity.ComponentActivity@451480e in: DESTROYED
11-16 08:56:59.549: V/ActivityScenario(20608): Update currentActivityStage to DESTROYED, currentActivity=null
11-16 08:56:59.549: V/ActivityScenario(20608): Activity lifecycle changed event received but ignored because the activity instance does not match. currentActivity=androidx.activity.ComponentActivity@68d6917, receivedActivity=androidx.activity.ComponentActivity@451480e
11-16 08:56:59.555: W/SurfaceFlinger(639): Attempting to set client state on removed layer: Splash Screen androidx.activity.compose.test#0
11-16 08:56:59.555: W/SurfaceFlinger(639): Attempting to destroy on removed layer: Splash Screen androidx.activity.compose.test#0
11-16 08:56:59.558: W/SurfaceFlinger(639): Attempting to destroy on removed layer: AppWindowToken{f3cdea9 token=Token{601a230 ActivityRecord{faeb373 u0 androidx.activity.compose.test/androidx.activity.ComponentActivity t8}}}#0
11-16 08:56:59.565: W/BroadcastQueue(1163): Background execution not allowed: receiving Intent { act=com.google.android.systemui.OPA_ENABLED flg=0x10000010 (has extras) } to com.google.android.apps.nexuslauncher/.qsb.OPAStatusReceiver
11-16 08:56:59.571: W/BroadcastQueue(1163): Background execution not allowed: receiving Intent { act=com.google.android.systemui.OPA_ENABLED flg=0x10000010 (has extras) } to com.google.android.apps.nexuslauncher/.qsb.OPAStatusReceiver
11-16 08:56:59.581: D/BoundBrokerSvc(13712): onUnbind: Intent { act=com.google.android.gms.findmydevice.spot.service.locationreport.START cmp=com.google.android.gms/.chimera.GmsApiService }
11-16 08:56:59.598: D/LifecycleMonitor(20608): Lifecycle status change: androidx.activity.ComponentActivity@68d6917 in: PAUSED
11-16 08:56:59.598: V/ActivityScenario(20608): Activity lifecycle changed event received but ignored because the reported transition was not ON_CREATE while the last known transition was DESTROYED
11-16 08:56:59.598: V/ActivityScenario(20608): Update currentActivityStage to PAUSED, currentActivity=androidx.activity.ComponentActivity@68d6917
11-16 08:56:59.599: D/LifecycleMonitor(20608): Lifecycle status change: androidx.activity.ComponentActivity@68d6917 in: STOPPED
11-16 08:56:59.599: V/ActivityScenario(20608): Activity lifecycle changed event received but ignored because the reported transition was not ON_CREATE while the last known transition was DESTROYED
11-16 08:56:59.600: V/ActivityScenario(20608): Update currentActivityStage to STOPPED, currentActivity=androidx.activity.ComponentActivity@68d6917
11-16 08:56:59.602: I/PeopleChimeraService(13712): onService. callbacks = xmw@a33363, request = com.google.android.gms.common.internal.GetServiceRequest@b73b60
11-16 08:56:59.604: D/LifecycleMonitor(20608): Lifecycle status change: androidx.activity.ComponentActivity@68d6917 in: DESTROYED
11-16 08:56:59.604: V/ActivityScenario(20608): Activity lifecycle changed event received but ignored because the reported transition was not ON_CREATE while the last known transition was DESTROYED
11-16 08:56:59.604: V/ActivityScenario(20608): Update currentActivityStage to DESTROYED, currentActivity=null
11-16 08:56:59.572: W/BroadcastQueue(1163): Background execution not allowed: receiving Intent { act=com.google.android.systemui.OPA_ENABLED flg=0x10000010 (has extras) } to com.google.android.apps.nexuslauncher/.qsb.OPAStatusReceiver
11-16 08:56:59.607: W/BroadcastQueue(1163): Background execution not allowed: receiving Intent { act=com.google.android.music.START_DOWNLOAD_SCHEDULING flg=0x10 } to com.google.android.music/.autocache.AutoCacheSchedulingService$EnablingReceiver
11-16 08:56:59.616: D/LifecycleMonitor(20608): Lifecycle status change: androidx.activity.ComponentActivity@bb3ab01 in: PRE_ON_CREATE
11-16 08:56:59.616: V/ActivityScenario(20608): Activity lifecycle changed event received but ignored because the reported transition was not ON_CREATE while the last known transition was DESTROYED
11-16 08:56:59.620: I/ActivityManager(1163): Killing 20003:com.google.android.apps.wellbeing/u0a26 (adj 906): empty #17
11-16 08:56:59.616: V/ActivityScenario(20608): Activity lifecycle changed event received but ignored because the reported transition was not ON_CREATE while the last known transition was DESTROYED
11-16 08:56:59.621: W/libprocessgroup(1163): kill(-20003, 9) failed: No such process
11-16 08:56:59.622: D/LifecycleMonitor(20608): Lifecycle status change: androidx.activity.ComponentActivity@bb3ab01 in: CREATED
11-16 08:56:59.623: V/ActivityScenario(20608): Update currentActivityStage to CREATED, currentActivity=androidx.activity.ComponentActivity@bb3ab01
11-16 08:56:59.623: V/ActivityScenario(20608): Update currentActivityStage to CREATED, currentActivity=androidx.activity.ComponentActivity@bb3ab01
11-16 08:56:59.624: D/LifecycleMonitor(20608): Lifecycle status change: androidx.activity.ComponentActivity@bb3ab01 in: STARTED
11-16 08:56:59.624: V/ActivityScenario(20608): Update currentActivityStage to STARTED, currentActivity=androidx.activity.ComponentActivity@bb3ab01
11-16 08:56:59.624: V/ActivityScenario(20608): Update currentActivityStage to STARTED, currentActivity=androidx.activity.ComponentActivity@bb3ab01
11-16 08:56:59.625: D/LifecycleMonitor(20608): Lifecycle status change: androidx.activity.ComponentActivity@bb3ab01 in: RESUMED
11-16 08:56:59.625: V/ActivityScenario(20608): Update currentActivityStage to RESUMED, currentActivity=androidx.activity.ComponentActivity@bb3ab01
11-16 08:56:59.625: V/ActivityScenario(20608): Update currentActivityStage to RESUMED, currentActivity=androidx.activity.ComponentActivity@bb3ab01
11-16 08:56:59.629: I/Adreno(1163): QUALCOMM build                   : 3f88ca2, I42f6fe38fb
11-16 08:56:59.629: I/Adreno(1163): Build Date                       : 07/13/18
11-16 08:56:59.629: I/Adreno(1163): OpenGL ES Shader Compiler Version: EV031.24.00.00
11-16 08:56:59.629: I/Adreno(1163): Local Branch                     : 50.04
11-16 08:56:59.629: I/Adreno(1163): Remote Branch                    : 
11-16 08:56:59.629: I/Adreno(1163): Remote Branch                    : 
11-16 08:56:59.629: I/Adreno(1163): Reconstruct Branch               : 
11-16 08:56:59.629: I/Adreno(1163): Build Config                     : S P 4.0.10 AArch64
11-16 08:56:59.630: E/libc(1163): Access denied finding property "vendor.debug.prerotation.disable"
11-16 08:56:59.631: E/libc(1163): Access denied finding property "vendor.debug.prerotation.disable"
11-16 08:56:59.631: I/Adreno(1163): PFP: 0x016ee170, ME: 0x00000000
11-16 08:56:59.631: E/libc(1163): Access denied finding property "vendor.debug.prerotation.disable"
11-16 08:56:59.632: I/ConfigStore(1163): android::hardware::configstore::V1_0::ISurfaceFlingerConfigs::hasWideColorDisplay retrieved: 1
11-16 08:56:59.632: I/ConfigStore(1163): android::hardware::configstore::V1_0::ISurfaceFlingerConfigs::hasHDRDisplay retrieved: 1
11-16 08:56:59.632: I/OpenGLRenderer(1163): Initialized EGL, version 1.4
11-16 08:56:59.632: D/OpenGLRenderer(1163): Swap behavior 2
11-16 08:56:59.642: I/Zygote(725): Process 20003 exited due to signal (9)
11-16 08:56:59.643: I/GoogleInputMethod(3654): onFinishInput() : Dummy InputConnection bound
11-16 08:56:59.643: I/GoogleInputMethod(3654): onStartInput() : Dummy InputConnection bound
11-16 08:56:59.664: W/libprocessgroup(1163): kill(-20003, 9) failed: No such process
11-16 08:56:59.664: I/libprocessgroup(1163): Successfully killed process cgroup uid 10026 pid 20003 in 43ms
11-16 08:56:59.683: D/IdlingResourceRegistry(20608): All idling resources are idle.
11-16 08:56:59.688: I/ActivityManager(1163): START u0 {act=android.intent.action.MAIN cat=[android.intent.category.LAUNCHER] flg=0x10000000 cmp=androidx.activity.compose.test/androidx.test.core.app.InstrumentationActivityInvoker$EmptyActivity} from uid 10172
11-16 08:56:59.684: D/IdlingResourceRegistry(20608): All idling resources are idle.
11-16 08:56:59.693: D/android.hardware.power@1.3-service.crosshatch-libperfmgr(764): LAUNCH ON
11-16 08:56:59.696: D/LifecycleMonitor(20608): Lifecycle status change: androidx.activity.ComponentActivity@bb3ab01 in: PAUSED
11-16 08:56:59.696: V/ActivityScenario(20608): Update currentActivityStage to PAUSED, currentActivity=androidx.activity.ComponentActivity@bb3ab01
11-16 08:56:59.696: V/ActivityScenario(20608): Update currentActivityStage to PAUSED, currentActivity=androidx.activity.ComponentActivity@bb3ab01
11-16 08:56:59.703: W/ActivityThread(20608): handleWindowVisibility: no activity for token android.os.BinderProxy@83ebde1
11-16 08:56:59.715: D/LifecycleMonitor(20608): Lifecycle status change: androidx.test.core.app.InstrumentationActivityInvoker$EmptyActivity@e3351c7 in: PRE_ON_CREATE
11-16 08:56:59.715: V/ActivityScenario(20608): Activity lifecycle changed event received but ignored because the intent does not match. startActivityIntent=Intent { act=android.intent.action.MAIN cat=[android.intent.category.LAUNCHER] cmp=androidx.activity.compose.test/androidx.activity.ComponentActivity }, activity.getIntent()=Intent { act=android.intent.action.MAIN cat=[android.intent.category.LAUNCHER] flg=0x10000000 cmp=androidx.activity.compose.test/androidx.test.core.app.InstrumentationActivityInvoker$EmptyActivity }, activity=androidx.test.core.app.InstrumentationActivityInvoker$EmptyActivity@e3351c7
11-16 08:56:59.715: V/ActivityScenario(20608): Activity lifecycle changed event received but ignored because the intent does not match. startActivityIntent=Intent { act=android.intent.action.MAIN cat=[android.intent.category.LAUNCHER] cmp=androidx.activity.compose.test/androidx.activity.ComponentActivity }, activity.getIntent()=Intent { act=android.intent.action.MAIN cat=[android.intent.category.LAUNCHER] flg=0x10000000 cmp=androidx.activity.compose.test/androidx.test.core.app.InstrumentationActivityInvoker$EmptyActivity }, activity=androidx.test.core.app.InstrumentationActivityInvoker$EmptyActivity@e3351c7
11-16 08:56:59.720: I/MediaStoreImporter(20397): Update: incremental Added music: 0 Updated music: 0 Deleted music: 0 Created playlists: 0 Updated playlists: 0 Deleted playlists: 0 Inserted playlist items: 0 Deleted playlist items: 0 Removed orphaned playlist items: 0
11-16 08:56:59.721: D/MusicLifecycle(20397): com.google.android.music.download.EncapsulatedBroadcastReceiver$1 generated event: Broadcast received with context com.google.android.music.ui.PhoneMusicApplication@18b9911 and intent Intent { act=com.google.android.music.IMPORT_COMPLETE flg=0x10 }
11-16 08:56:59.722: D/LifecycleMonitor(20608): Lifecycle status change: androidx.test.core.app.InstrumentationActivityInvoker$EmptyActivity@e3351c7 in: CREATED
