11-16 08:56:54.893: E/fpc_tac(20500): fpcbuildinfo : 575ddab5b91efea67ee1d200fc813ff2fpc_bio=bd35c3fec78219829149bea6c9ec961e6f655b90C:prodtestlib=4304cf5c884c198624b749af3482befacbd3028eC:fpc_c_core=dc194509594e837dedfb5452aaf06fcb61977135C:fpc_lib=cd5b7b876c3d69afa68a11ac6fd86f873e70817bC:cac=297e11552c60a3607ed664cf44c3e4b36ab2e737C:fpc_bio_interface=94a457caecae31eca8ef04b64c3f82a018e9bbc0C:fpc_sensor=ba909a5500944acafe47a0ef3a49f89509aadfb6C:tools_core=94ddf1e684cfa6c99f0f237f7cc35f3962e0e597C:sensor_settings=4fcf864fb493ae0272a9b2806446b379d99fd8ceC:fingerprint_ta=066bc0ab880960a4a69b74a328c7d7871c72225bC:fingerprint_pal=0deb9a478a3572872639f9cb2559ccc464ee3f9bC:manifests=dcb3d8ab0bdb7a5b341839d8c75bb88fc7f5e1a4C:Manifesttag=SW23.3.0-PDR1.0.5:jenkins@84ffd74dac44:Thu,17May201810:17:08+0200:FPC_SENSOR_TYPE=FPC_SENSOR_TYPE_FPC1270:FPC_CC_TYPE=FPC_COMPANION_CHIP_FPC2050:FPC_C_TYPE=FPC_COATING_NORMAL
11-16 08:56:54.894: E/fpc_tac(20500): fpcbuildtype : build=RELEASE sensor=9
11-16 08:56:54.895: W/EventHub(1163): Unable to disable kernel key repeat for /dev/input/event3: Function not implemented
11-16 08:56:54.895: I/EventHub(1163): wakeMechanism=EPOLLWAKEUP, usingClockIoctl=true
11-16 08:56:54.895: I/EventHub(1163): New device: id=309, fd=303, path='/dev/input/event3', name='uinput-fpc', classes=0x101, configuration='/system/usr/idc/uinput-fpc.idc', keyLayout='/system/usr/keylayout/uinput-fpc.kl', keyCharacterMap='/system/usr/keychars/Generic.kcm', builtinKeyboard=true, 
11-16 08:56:54.895: W/InputReader(1163): Ignoring spurious device added event for deviceId 0.
11-16 08:56:54.913: E/YouTube(20477): flushBinderConnectionCallbacks is unverified on SDK 28
11-16 08:56:54.922: E/YouTube(20477): Failed delayed event dispatch, no dispatchers.
11-16 08:56:54.927: I/Icing(13712): Indexing done com.google.android.gms-apps
11-16 08:56:54.937: I/android.youtub(20477): The ClassLoaderContext is a special shared library.
11-16 08:56:54.951: I/chatty(20477): uid=10080(com.google.android.youtube) initCrit2-1 identical 1 line
11-16 08:56:54.974: I/android.youtub(20477): The ClassLoaderContext is a special shared library.
11-16 08:56:55.024: D/AndroidRuntime(20521): >>>>>> START com.android.internal.os.RuntimeInit uid 2000 <<<<<<
11-16 08:56:55.024: I/CrashMetricService(20477): Startup metric for 'PRIMES_CRASH_MONITORING_INITIALIZED' dropped.
11-16 08:56:55.087: I/app_process(20521): The ClassLoaderContext is a special shared library.
11-16 08:56:55.087: I/android.youtub(20477): Waiting for a blocking GC AddRemoveAppImageSpace
11-16 08:56:55.090: D/wifi-jni(1163): no kernel logs
11-16 08:56:55.087: W/Binder:1163_11(1163): type=1400 audit(0.0:358): avc: denied { syslog_read } for scontext=u:r:system_server:s0 tcontext=u:r:kernel:s0 tclass=system permissive=0
11-16 08:56:55.110: D/AndroidRuntime(20521): Calling main entry com.android.commands.am.Am
11-16 08:56:55.113: I/ActivityManager(1163): Force stopping androidx.activity.compose.test appid=10172 user=0: start instr
11-16 08:56:55.129: I/ActivityManager(1163): Killing 19594:com.google.android.apps.docs/u0a128 (adj 906): empty #17
11-16 08:56:55.130: W/libprocessgroup(1163): kill(-19594, 9) failed: No such process
11-16 08:56:55.131: I/ty.compose.tes(20608): Late-enabling -Xcheck:jni
11-16 08:56:55.133: I/ActivityManager(1163): Start proc 20608:androidx.activity.compose.test/u0a172 for added application androidx.activity.compose.test
11-16 08:56:55.136: W/libprocessgroup(1163): kill(-19594, 9) failed: No such process
11-16 08:56:55.159: I/ActivityManager(1163): Start proc 20616:com.google.intelligence.sense/u0a31 for broadcast com.google.intelligence.sense/.ambientmusic.SystemBroadcastReceiver
11-16 08:56:55.164: I/Zygote(725): Process 19594 exited due to signal (9)
11-16 08:56:55.170: E/elligence.sens(20616): Not starting debugger since process cannot load the jdwp agent.
11-16 08:56:55.177: I/android.youtub(20477): WaitForGcToComplete blocked AddRemoveAppImageSpace on HeapTrim for 89.640ms
11-16 08:56:55.183: W/libprocessgroup(1163): kill(-19594, 9) failed: No such process
11-16 08:56:55.183: I/libprocessgroup(1163): Successfully killed process cgroup uid 10128 pid 19594 in 53ms
11-16 08:56:55.190: I/akhr(11020): Scheduling Phenotype for a PhenotypeSyncImmediately(13, com.google.android.googlequicksearchbox) one off with window [1, 2] in seconds [CONTEXT service_id=51 ]
11-16 08:56:55.208: W/native(20616): commandlineflags.cc:1511 Ignoring RegisterValidateFunction() for flag pointer 0x78fb75a598: no flag found at that address
11-16 08:56:55.227: I/ty.compose.tes(20608): The ClassLoaderContext is a special shared library.
11-16 08:56:55.228: I/ty.compose.tes(20608): The ClassLoaderContext is a special shared library.
11-16 08:56:55.236: E/elligence.sens(20616): The String#value field is not present on Android versions >= 6.0
11-16 08:56:55.241: W/android.youtub(20477): Unsupported class loader
11-16 08:56:55.243: W/android.youtub(20477): Skipping duplicate class check due to unsupported classloader
11-16 08:56:55.256: I/DynamiteModule(20477): Considering local module com.google.android.gms.ads.dynamite:0 and remote module com.google.android.gms.ads.dynamite:213806100
11-16 08:56:55.256: I/DynamiteModule(20477): Selected remote version of com.google.android.gms.ads.dynamite, version >= 213806100
11-16 08:56:55.259: I/system_server(1163): Background concurrent copying GC freed 189349(8MB) AllocSpace objects, 120(5MB) LOS objects, 42% free, 18MB/32MB, paused 60us total 147.263ms
11-16 08:56:55.290: I/Superpacks(20616): Releasing all superpacks except ambientmusic-index-17_09_02
11-16 08:56:55.291: W/android.youtub(20477): Unsupported class loader
11-16 08:56:55.290: W/ip(20675): type=1400 audit(0.0:359): avc: denied { search } for name="net" dev="sda21" ino=4378 scontext=u:r:shell:s0 tcontext=u:object_r:net_data_file:s0 tclass=dir permissive=0
11-16 08:56:55.304: I/.gms.persisten(11020): Background concurrent copying GC freed 199113(10MB) AllocSpace objects, 46(2012KB) LOS objects, 49% free, 12MB/24MB, paused 71us total 116.455ms
11-16 08:56:55.305: W/SearchServiceCore(10107): Abort, client detached.
11-16 08:56:55.305: W/SearchServiceCore(10107): Abort, client detached.
11-16 08:56:55.312: W/android.youtub(20477): Skipping duplicate class check due to unsupported classloader
11-16 08:56:55.340: W/NotificationService(1163): Notification policy access denied calling getAutomaticZenRules
11-16 08:56:55.341: D/DynamitePackage(20477): Instantiated singleton DynamitePackage.
11-16 08:56:55.342: D/DynamitePackage(20477): Instantiating com.google.android.gms.ads.adshield.ChimeraAdShieldCreatorImpl
11-16 08:56:55.355: I/ActivityManager(1163): Start proc 20690:com.google.android.apps.chromecast.app/u0a149 for broadcast com.google.android.apps.chromecast.app/com.google.android.libraries.notifications.entrypoints.localechanged.LocaleChangedReceiver
11-16 08:56:55.363: E/.chromecast.ap(20690): Not starting debugger since process cannot load the jdwp agent.
11-16 08:56:55.364: I/BgTaskExecutorImpl(10107): Starting EXCLUSIVE background task FETCH_CONFIGS_FROM_PHENOTYPE.
11-16 08:56:55.371: I/ActivityManager(1163): Killing 10056:com.google.android.ims/u0a25 (adj 1001): empty #17
11-16 08:56:55.372: W/libprocessgroup(1163): kill(-10056, 9) failed: No such process
11-16 08:56:55.387: I/Superpacks(20616): Starting garbage collection
11-16 08:56:55.388: W/Superpacks(20616): isDirectory returned false while listing files for /data/user/0/com.google.intelligence.sense/files/superpacks
11-16 08:56:55.389: E/ExecutionCriteria(11020): Package unavailable for task: com.google.android.apps.gcs/com.google.android.flib.phenotype.services.PhenotypeExperimentCommitService{u=0 tag="PhenotypeExpCommitSvc" trigger=window{start=0s,end=30s,earliest=-1436s,latest=-1406s} requirements=[NET_ANY] attributes=[PERSISTED] scheduled=-1436s last_run=N/A exec_window_multiplier=1.0000 jid=N/A status=PENDING retries=0 client_lib=MANCHEGO_GCM-11732000} [CONTEXT service_id=218 ]
11-16 08:56:55.392: I/.chromecast.ap(20690): The ClassLoaderContext is a special shared library.
11-16 08:56:55.402: E/WifiHAL(779): wifi_get_ring_data: Error -5 happened. 
11-16 08:56:55.402: E/WifiVendorHal(1163): getRingBufferData(l.2057) failed {.code = ERROR_INVALID_ARGS, .description = }
11-16 08:56:55.404: I/ActivityManager(1163): Killing 19323:com.google.android.gms.ui/u0a7 (adj 906): empty #17
11-16 08:56:55.419: W/libprocessgroup(1163): kill(-10056, 9) failed: No such process
11-16 08:56:55.422: I/Zygote(725): Process 19323 exited due to signal (9)
11-16 08:56:55.423: I/Zygote(725): Process 10056 exited due to signal (9)
11-16 08:56:55.423: D/ConnectivityService(1163): ConnectivityService NetworkRequestInfo binderDied(NetworkRequest [ TRACK_DEFAULT id=25, [ Capabilities: INTERNET&NOT_RESTRICTED&TRUSTED Unwanted:  Uid: 10025] ], android.os.BinderProxy@d32b326)
11-16 08:56:55.424: D/ConnectivityService(1163): releasing NetworkRequest [ TRACK_DEFAULT id=25, [ Capabilities: INTERNET&NOT_RESTRICTED&TRUSTED Unwanted:  Uid: 10025] ] (release request)
11-16 08:56:55.426: W/ActivityManager(1163): Scheduling restart of crashed service com.google.android.ims/.services.NetworkConnectionsService in 1000ms
11-16 08:56:55.434: W/Binder:1163_8(1163): type=1400 audit(0.0:360): avc: denied { syslog_read } for scontext=u:r:system_server:s0 tcontext=u:r:kernel:s0 tclass=system permissive=0
11-16 08:56:55.437: D/wifi-jni(1163): no kernel logs
11-16 08:56:55.446: I/BugleRcsEngine(19310): [928] ProvisioningEngineStateMachine$StateBase.c: Exit DisabledState
11-16 08:56:55.447: W/BugleRcsEngine(19310): [928] pcp.c: No config URL. RCS will be disabled!
11-16 08:56:55.453: E/BugleRcsEngine(19310): [2] pkf.a: TelephonyChangeReceiver is not registered.
11-16 08:56:55.464: W/libprocessgroup(1163): kill(-10056, 9) failed: No such process
11-16 08:56:55.464: I/libprocessgroup(1163): Successfully killed process cgroup uid 10025 pid 10056 in 92ms
11-16 08:56:55.464: W/libprocessgroup(1163): kill(-19323, 9) failed: No such process
11-16 08:56:55.465: I/libprocessgroup(1163): Successfully killed process cgroup uid 10007 pid 19323 in 0ms
11-16 08:56:55.466: I/FirebaseJobDispatcher(3654): onStartJob(): DefaultStickerUpdate.
11-16 08:56:55.466: I/DefaultStickerUpdate(3654): Submitted task to executor service with data=DefaultStickerTaskData{enabled=true, metadataUriPrefix=https://www.gstatic.com/android/keyboard/stickers/configs/v5/, supportedLanguage=en}
11-16 08:56:55.470: E/ExecutionCriteria(11020): Package unavailable for task: com.google.android.apps.gcs/com.google.android.flib.phenotype.services.PhenotypeExperimentCommitService{u=0 tag="PhenotypeExpCommitSvc" trigger=window{start=0s,end=30s,earliest=-1436s,latest=-1406s} requirements=[NET_ANY] attributes=[PERSISTED] scheduled=-1436s last_run=N/A exec_window_multiplier=1.0000 jid=N/A status=PENDING retries=0 client_lib=MANCHEGO_GCM-11732000} [CONTEXT service_id=218 ]
11-16 08:56:55.482: I/NetworkScheduler.Stats(11020): Task com.google.android.inputmethod.latin/ started execution. cause:7 exec_start_elapsed_seconds: 1535 [CONTEXT service_id=218 ]
11-16 08:56:55.490: D/NetworkSecurityConfig(3654): No Network Security Config specified, using platform default
11-16 08:56:55.498: D/ConnectivityService(1163): releasing NetworkRequest [ TRACK_DEFAULT id=53, [ Capabilities: INTERNET&NOT_RESTRICTED&TRUSTED Unwanted:  Uid: 10111] ] (release request)
11-16 08:56:55.506: I/BugleRcsEngine(19310): [2] oli.a: Destroying JibeServiceComponent
11-16 08:56:55.507: I/BugleRcsEngine(19310): [2] pkj.h: Shutting down SimStateTracker
11-16 08:56:55.515: I/DefaultStickerUpdate(3654): Started update task with DefaultStickerTaskData{enabled=true, metadataUriPrefix=https://www.gstatic.com/android/keyboard/stickers/configs/v5/, supportedLanguage=en}
11-16 08:56:55.539: I/DefaultStickerUpdate(3654): Read metadata file from cache with 267141 bytes
11-16 08:56:55.593: E/WifiHAL(779): wifi_get_ring_data: Error -5 happened. 
11-16 08:56:55.594: E/WifiVendorHal(1163): getRingBufferData(l.2057) failed {.code = ERROR_INVALID_ARGS, .description = }
11-16 08:56:55.620: W/Binder:1163_C(1163): type=1400 audit(0.0:361): avc: denied { syslog_read } for scontext=u:r:system_server:s0 tcontext=u:r:kernel:s0 tclass=system permissive=0
11-16 08:56:55.622: D/wifi-jni(1163): no kernel logs
11-16 08:56:55.696: I/dex2oat(20718): The ClassLoaderContext is a special shared library.
11-16 08:56:55.696: I/dex2oat(20718): /system/bin/dex2oat --dex-file=/data/user/0/com.google.android.youtube/cache/1629828815138.jar --output-vdex-fd=86 --oat-fd=87 --oat-location=/data/user/0/com.google.android.youtube/cache/oat/arm64/1629828815138.odex --compiler-filter=quicken --class-loader-context=&
11-16 08:56:55.708: D/QSEECOMAPI(20500): QSEECom_get_handle sb_length = 0x400
11-16 08:56:55.708: D/QSEECOMAPI(20500): App is already loaded QSEE and app id = 1
11-16 08:56:55.710: E/fpc_tac(20500): qsee_km_get_encapsulated_key KEYMASTER_GET_AUTH_TOKEN_KEY returned status=-24
11-16 08:56:55.710: D/QSEECOMAPI(20500): QSEECom_dealloc_memory 
11-16 08:56:55.710: D/QSEECOMAPI(20500): QSEECom_shutdown_app, app_id = 1
11-16 08:56:55.711: E/fpc_fingerprint_hal(20500): fpc_hal_open failed
11-16 08:56:55.712: I/EventHub(1163): Removing device '/dev/input/event3' due to inotify event
11-16 08:56:55.712: I/EventHub(1163): Removed device: path=/dev/input/event3 name=uinput-fpc id=309 fd=303 classes=0x101
11-16 08:56:55.712: W/EventHub(1163): built-in keyboard device /dev/input/event3 (id=309) is closing! the apps will not like this
11-16 08:56:55.713: W/InputReader(1163): Ignoring spurious device removed event for deviceId 309.
11-16 08:56:55.729: D/QSEECOMAPI(20500): QSEECom_dealloc_memory 
11-16 08:56:55.729: D/QSEECOMAPI(20500): QSEECom_shutdown_app, app_id = 309
11-16 08:56:55.755: I/OpaEnabledReceiver(3673): Dispatching OPA eligble = true; AGSA = true; OPA enabled = true
11-16 08:56:55.755: I/OpaLayout(3673): Setting opa enabled to true
11-16 08:56:55.755: I/OpaLayout(3673): Setting opa enabled to true
11-16 08:56:55.767: I/OpaEligibilityChecker(10107): send OpaEligibilityChange broadcast to CommonBroadcastReceiver
11-16 08:56:55.773: I/OpaEnabledReceiver(3673): Dispatching OPA eligble = true; AGSA = true; OPA enabled = true
11-16 08:56:55.773: I/OpaLayout(3673): Setting opa enabled to true
11-16 08:56:55.773: I/OpaLayout(3673): Setting opa enabled to true
11-16 08:56:55.794: W/.chromecast.ap(20690): JIT profile information will not be recorded: profile file does not exits.
11-16 08:56:55.794: I/chatty(20690): uid=10149(com.google.android.apps.chromecast.app) identical 1 line
11-16 08:56:55.794: W/.chromecast.ap(20690): JIT profile information will not be recorded: profile file does not exits.
11-16 08:56:55.824: I/DefaultStickerUpdate(3654): Received 6 sticker packs in metadata
11-16 08:56:55.844: W/PrimesInit(20690): Primes instant initialization
11-16 08:56:55.851: W/Primes(20690): background initialization
11-16 08:56:55.854: I/BlobLobber(10107): Canceling downloads: [odws2_en:us:807_2019-07-21_260300236_release_signed]
11-16 08:56:55.854: I/BlobLobber(10107): Failed to cancel [odws2_en:us:807_2019-07-21_260300236_release_signed]
11-16 08:56:55.862: I/BgTaskExecutorImpl(10107): Starting EXCLUSIVE background task BLOBLOBBER_SYNC.
11-16 08:56:55.876: W/ty.compose.tes(20608): Accessing hidden method Landroid/app/Instrumentation;->execStartActivity(Landroid/content/Context;Landroid/os/IBinder;Landroid/os/IBinder;Landroid/app/Activity;Landroid/content/Intent;ILandroid/os/Bundle;)Landroid/app/Instrumentation$ActivityResult; (light greylist, linking)
11-16 08:56:55.877: W/ty.compose.tes(20608): Accessing hidden method Landroid/app/Instrumentation;->execStartActivity(Landroid/content/Context;Landroid/os/IBinder;Landroid/os/IBinder;Ljava/lang/String;Landroid/content/Intent;ILandroid/os/Bundle;)Landroid/app/Instrumentation$ActivityResult; (light greylist, linking)
11-16 08:56:55.891: W/ty.compose.tes(20608): Accessing hidden field Landroid/os/Trace;->TRACE_TAG_APP:J (light greylist, reflection)
11-16 08:56:55.891: W/ty.compose.tes(20608): Accessing hidden method Landroid/os/Trace;->isTagEnabled(J)Z (light greylist, reflection)
11-16 08:56:55.896: I/MonitoringInstr(20608): Instrumentation started!
11-16 08:56:55.901: I/PrimesTesting(20690): GserviceFlagsSupplier.get()
11-16 08:56:55.907: I/OpaEnabledReceiver(3673): Dispatching OPA eligble = true; AGSA = true; OPA enabled = true
11-16 08:56:55.907: I/OpaLayout(3673): Setting opa enabled to true
11-16 08:56:55.907: I/OpaLayout(3673): Setting opa enabled to true
11-16 08:56:55.912: V/TestEventClient(20608): No service name argument was given (testDiscoveryService, testRunEventService or orchestratorService)
11-16 08:56:55.914: I/MonitoringInstr(20608): No JSBridge.
11-16 08:56:55.929: D/InfraTrack(20608): Tracking disabled due to lack of internet permissions
11-16 08:56:55.929: I/UsageTrackerFacilitator(20608): Usage tracking disabled
11-16 08:56:55.930: I/OpaEnabledReceiver(3673): Dispatching OPA eligble = true; AGSA = true; OPA enabled = true
11-16 08:56:55.930: I/OpaLayout(3673): Setting opa enabled to true
11-16 08:56:55.931: I/OpaLayout(3673): Setting opa enabled to true
11-16 08:56:55.934: I/OpaEligibilityChecker(10107): send OpaEligibilityChange broadcast to CommonBroadcastReceiver
11-16 08:56:55.944: I/TestRequestBuilder(20608): Scanning classpath to find tests in paths [/data/app/androidx.activity.compose.test-0NG5Q8yikY7JkBGLxOf1aw==/base.apk]
11-16 08:56:55.945: W/ty.compose.tes(20608): Opening an oat file without a class loader. Are you using the deprecated DexFile APIs?
11-16 08:56:55.960: I/DefaultStickerUpdate(3654): Created 152 indexables
11-16 08:56:55.977: I/Icing(13712): Indexing com.google.android.gms-internal.3p:MobileApplication from com.google.android.gms
11-16 08:56:55.979: I/dex2oat(20718): dex2oat took 286.486ms (66.447ms cpu) (threads: 8) arena alloc=7KB (7384B) java alloc=48KB (49168B) native alloc=904KB (926472B) free=1655KB (1694968B)
11-16 08:56:56.002: I/android.youtub(20477): The ClassLoaderContext is a special shared library.
11-16 08:56:56.003: I/Icing(13712): IndexChimeraService.getServiceInterface callingPackage=com.google.android.googlequicksearchbox componentName=agsa_icing_connection serviceId=32
11-16 08:56:56.004: I/Icing(13712): IndexChimeraService.getServiceInterface callingPackage=com.google.android.googlequicksearchbox componentName=agsa_icing_connection serviceId=33
11-16 08:56:56.007: I/Icing(13712): Indexing done com.google.android.gms-internal.3p:MobileApplication
11-16 08:56:56.009: W/SearchServiceCore(10107): Abort, client detached.
11-16 08:56:56.009: W/SearchServiceCore(10107): Abort, client detached.
11-16 08:56:56.009: I/BlobLobber(10107): Canceling downloads: []
11-16 08:56:56.009: W/SearchServiceCore(10107): Abort, client detached.
11-16 08:56:56.009: I/chatty(10107): uid=10047 com.google.android.googlequicksearchbox:search identical 1 line
11-16 08:56:56.009: W/SearchServiceCore(10107): Abort, client detached.
11-16 08:56:56.011: I/Icing(13712): Indexing com.android.chrome-internal.3p:WebPage from com.android.chrome
11-16 08:56:56.024: D/DownloadManager(19270): [83] Starting
11-16 08:56:56.030: E/SQLiteLog(13712): (1) no such table: WebPage_com.android.chrome_seq_table
11-16 08:56:56.031: E/Icing(13712): Cursor call threw an exception: no such table: WebPage_com.android.chrome_seq_table (code 1 SQLITE_ERROR): , while compiling: SELECT * FROM [WebPage_com.android.chrome_seq_table] WHERE seqno>0 AND tag IS NULL ORDER BY seqno LIMIT 20
11-16 08:56:56.032: I/Icing(13712): Indexing done com.android.chrome-internal.3p:WebPage
11-16 08:56:56.032: E/Icing(13712): Aborting indexing of corpus internal.3p:WebPage
11-16 08:56:56.039: I/BgTaskExecutorImpl(10107): Starting EXCLUSIVE background task BLOBLOBBER_SYNC.
11-16 08:56:56.043: I/VelourConfigListener(10107): Received new velour config
11-16 08:56:56.044: D/ConnectivityService(1163): requestNetwork for uid/pid:10080/20477 NetworkRequest [ TRACK_DEFAULT id=56, [ Capabilities: INTERNET&NOT_RESTRICTED&TRUSTED Unwanted:  Uid: 10080] ]
11-16 08:56:56.045: D/Ethernet(1163): got request NetworkRequest [ TRACK_DEFAULT id=56, [ Capabilities: INTERNET&NOT_RESTRICTED&TRUSTED Unwanted:  Uid: 10080] ] with score 60
11-16 08:56:56.045: D/WIFI_AWARE_FACTORY(1163): got request NetworkRequest [ TRACK_DEFAULT id=56, [ Capabilities: INTERNET&NOT_RESTRICTED&TRUSTED Unwanted:  Uid: 10080] ] with score 60
11-16 08:56:56.045: D/WIFI(1163): got request NetworkRequest [ TRACK_DEFAULT id=56, [ Capabilities: INTERNET&NOT_RESTRICTED&TRUSTED Unwanted:  Uid: 10080] ] with score 60
11-16 08:56:56.045: D/PhoneSwitcherNetworkRequstListener(3805): got request NetworkRequest [ TRACK_DEFAULT id=56, [ Capabilities: INTERNET&NOT_RESTRICTED&TRUSTED Unwanted:  Uid: 10080] ] with score 60
11-16 08:56:56.045: D/WIFI_UT(1163): got request NetworkRequest [ TRACK_DEFAULT id=56, [ Capabilities: INTERNET&NOT_RESTRICTED&TRUSTED Unwanted:  Uid: 10080] ] with score 60
11-16 08:56:56.051: I/VelourConfigListener(10107): Received new velour config
11-16 08:56:56.057: W/BlobLobber(10107): Skipping download (already active): odws2_en:us:807_2019-09-12_270573492_release_signed
11-16 08:56:56.071: I/BgTaskExecutorImpl(10107): Starting EXCLUSIVE background task VELOUR_BACKGROUND_MAINTENANCE.
11-16 08:56:56.071: D/NetworkSecurityConfig(19270): Using Network Security Config from resource network_security_config debugBuild: false
11-16 08:56:56.072: I/Icing(13712): IndexChimeraService.getServiceInterface callingPackage=com.google.android.googlequicksearchbox componentName=agsa_icing_connection serviceId=32
11-16 08:56:56.076: I/Icing(13712): IndexChimeraService.getServiceInterface callingPackage=com.google.android.googlequicksearchbox componentName=agsa_icing_connection serviceId=33
11-16 08:56:56.084: W/Icing(13712): No valid account for uploading user actions
11-16 08:56:56.092: I/Icing(13712): Usage reports ok 0, Failed Usage reports 0, indexed 0, rejected 0
11-16 08:56:56.098: W/earchbox:searc(10107): Unsupported class loader
11-16 08:56:56.101: D/NetworkSecurityConfig(19270): Using Network Security Config from resource network_security_config debugBuild: false
11-16 08:56:56.105: W/Icing(13712): No valid account for uploading user actions
11-16 08:56:56.111: I/android.youtub(20477): Rejecting re-init on previously-failed class java.lang.Class<com.google.android.ads.tasks.appdigest.a>: java.lang.NoClassDefFoundError: Failed resolution of: Landroid/content/pm/PackageManager$OnChecksumsReadyListener;
11-16 08:56:56.111: I/android.youtub(20477):   at java.lang.Class dalvik.system.DexFile.defineClassNative(java.lang.String, java.lang.ClassLoader, java.lang.Object, dalvik.system.DexFile) (DexFile.java:-2)
11-16 08:56:56.111: I/android.youtub(20477):   at java.lang.Class dalvik.system.DexFile.defineClass(java.lang.String, java.lang.ClassLoader, java.lang.Object, dalvik.system.DexFile, java.util.List) (DexFile.java:283)
11-16 08:56:56.111: I/android.youtub(20477):   at java.lang.Class dalvik.system.DexFile.loadClassBinaryName(java.lang.String, java.lang.ClassLoader, java.util.List) (DexFile.java:276)
11-16 08:56:56.111: I/android.youtub(20477):   at java.lang.Class dalvik.system.DexPathList$Element.findClass(java.lang.String, java.lang.ClassLoader, java.util.List) (DexPathList.java:724)
11-16 08:56:56.111: I/android.youtub(20477):   at java.lang.Class dalvik.system.DexPathList.findClass(java.lang.String, java.util.List) (DexPathList.java:486)
11-16 08:56:56.111: I/android.youtub(20477):   at java.lang.Class dalvik.system.BaseDexClassLoader.findClass(java.lang.String) (BaseDexClassLoader.java:132)
11-16 08:56:56.111: I/android.youtub(20477):   at java.lang.Class bg.loadClass(java.lang.String, boolean) (:com.google.android.gms.dynamite_dynamiteloader@213614065@21.36.14 (100400-0):2)
11-16 08:56:56.111: I/android.youtub(20477):   at java.lang.Class java.lang.ClassLoader.loadClass(java.lang.String) (ClassLoader.java:312)
11-16 08:56:56.111: I/android.youtub(20477):   at java.util.List xu.r(yv, android.content.Context, bqi, com.google.ads.afma.g) (:com.google.android.gms.policy_ads_fdr_dynamite@213806100@213806100057.397311113.397311113:5)
11-16 08:56:56.111: I/android.youtub(20477):   at java.util.List xv.r(yv, android.content.Context, bqi, com.google.ads.afma.g) (:com.google.android.gms.policy_ads_fdr_dynamite@213806100@213806100057.397311113.397311113:4)
11-16 08:56:56.111: I/android.youtub(20477):   at void xu.s(yv, android.content.Context, bqi, com.google.ads.afma.g) (:com.google.android.gms.policy_ads_fdr_dynamite@213806100@213806100057.397311113.397311113:0)
11-16 08:56:56.111: I/android.youtub(20477):   at bqi xu.m(android.content.Context, com.google.ads.afma.g) (:com.google.android.gms.policy_ads_fdr_dynamite@213806100@213806100057.397311113.397311113:7)
11-16 08:56:56.111: I/android.youtub(20477):   at java.lang.String xp.r(android.content.Context, java.lang.String, int, android.view.View, android.app.Activity, byte[]) (:com.google.android.gms.policy_ads_fdr_dynamite@213806100@213806100057.397311113.397311113:8)
11-16 08:56:56.111: I/android.youtub(20477):   at java.lang.String xp.g(android.content.Context, byte[]) (:com.google.android.gms.policy_ads_fdr_dynamite@213806100@213806100057.397311113.397311113:2)
11-16 08:56:56.112: I/android.youtub(20477):   at java.lang.String com.google.android.gms.ads.adshield.internal.a.b(aqh, byte[]) (:com.google.android.gms.policy_ads_fdr_dynamite@213806100@213806100057.397311113.397311113:1)
11-16 08:56:56.112: I/android.youtub(20477):   at boolean com.google.android.gms.ads.adshield.internal.a.bJ(int, android.os.Parcel, android.os.Parcel) (:com.google.android.gms.policy_ads_fdr_dynamite@213806100@213806100057.397311113.397311113:54)
11-16 08:56:56.112: I/android.youtub(20477):   at boolean zg.onTransact(int, android.os.Parcel, android.os.Parcel, int) (:com.google.android.gms.policy_ads_fdr_dynamite@213806100@213806100057.397311113.397311113:4)
11-16 08:56:56.112: I/android.youtub(20477):   at boolean android.os.Binder.transact(int, android.os.Parcel, android.os.Parcel, int) (Binder.java:667)
11-16 08:56:56.112: I/android.youtub(20477):   at android.os.Parcel pcs.a(int, android.os.Parcel) (SourceFile:7)
11-16 08:56:56.112: I/android.youtub(20477):   at java.lang.String pkk.a(oms, byte[]) (SourceFile:40)
11-16 08:56:56.112: I/android.youtub(20477):   at java.lang.String nrc.a(android.content.Context, byte[]) (SourceFile:6)
11-16 08:56:56.112: I/android.youtub(20477):   at java.lang.String qis.a(android.content.Context, byte[]) (SourceFile:10)
11-16 08:56:56.112: I/android.youtub(20477):   at java.lang.String skv.a(qio, byte[]) (SourceFile:59)
11-16 08:56:56.112: I/android.youtub(20477):   at java.lang.String skv.g() (SourceFile:41)
11-16 08:56:56.112: I/android.youtub(20477):   at java.lang.String skv.b() (SourceFile:69)
11-16 08:56:56.112: I/android.youtub(20477):   at java.lang.String slq.i() (SourceFile:56)
11-16 08:56:56.112: I/android.youtub(20477):   at java.lang.String slq.b() (SourceFile:32)
11-16 08:56:56.112: I/android.youtub(20477):   at void slq.e() (SourceFile:37)
11-16 08:56:56.112: I/android.youtub(20477):   at void cmk.run() (SourceFile:7)
11-16 08:56:56.112: I/android.youtub(20477):   at java.lang.Object java.util.concurrent.Executors$RunnableAdapter.call() (Executors.java:458)
11-16 08:56:56.112: I/android.youtub(20477):   at void java.util.concurrent.FutureTask.run() (FutureTask.java:266)
11-16 08:56:56.112: I/android.youtub(20477):   at void java.util.concurrent.ScheduledThreadPoolExecutor$ScheduledFutureTask.run() (ScheduledThreadPoolExecutor.java:301)
11-16 08:56:56.112: I/android.youtub(20477):   at void java.util.concurrent.ThreadPoolExecutor.runWorker(java.util.concurrent.ThreadPoolExecutor$Worker) (ThreadPoolExecutor.java:1167)
11-16 08:56:56.112: I/android.youtub(20477):   at void java.util.concurrent.ThreadPoolExecutor$Worker.run() (ThreadPoolExecutor.java:641)
11-16 08:56:56.112: I/android.youtub(20477):   at void ubi.run() (SourceFile:20)
11-16 08:56:56.112: I/android.youtub(20477):   at void java.lang.Thread.run() (Thread.java:764)
11-16 08:56:56.112: D/NetworkSecurityConfig(19270): No Network Security Config specified, using platform default
11-16 08:56:56.112: I/android.youtub(20477): Caused by: java.lang.ClassNotFoundException: Didn't find class "android.content.pm.PackageManager$OnChecksumsReadyListener" on path: DexPathList[[zip file "/data/user_de/0/com.google.android.gms/app_chimera/m/00000011/dl-AdsFdrDynamite.integ_213806100100000.apk"],nativeLibraryDirectories=[/data/user_de/0/com.google.android.gms/app_chimera/m/00000011/dl-AdsFdrDynamite.integ_213806100100000.apk!/lib/arm64-v8a, /system/lib64]]
11-16 08:56:56.112: I/android.youtub(20477):   at java.lang.Class dalvik.system.BaseDexClassLoader.findClass(java.lang.String) (BaseDexClassLoader.java:134)
11-16 08:56:56.112: I/android.youtub(20477):   at java.lang.Class java.lang.ClassLoader.loadClass(java.lang.String, boolean) (ClassLoader.java:379)
11-16 08:56:56.112: I/android.youtub(20477):   at java.lang.Class bg.loadClass(java.lang.String, boolean) (:com.google.android.gms.dynamite_dynamiteloader@213614065@21.36.14 (100400-0):3)
11-16 08:56:56.112: I/android.youtub(20477):   at java.lang.Class java.lang.ClassLoader.loadClass(java.lang.String) (ClassLoader.java:312)
11-16 08:56:56.112: I/android.youtub(20477):   at java.lang.Class dalvik.system.DexFile.defineClassNative(java.lang.String, java.lang.ClassLoader, java.lang.Object, dalvik.system.DexFile) (DexFile.java:-2)
11-16 08:56:56.112: I/android.youtub(20477):   at java.lang.Class dalvik.system.DexFile.defineClass(java.lang.String, java.lang.ClassLoader, java.lang.Object, dalvik.system.DexFile, java.util.List) (DexFile.java:283)
11-16 08:56:56.112: I/android.youtub(20477):   at java.lang.Class dalvik.system.DexFile.loadClassBinaryName(java.lang.String, java.lang.ClassLoader, java.util.List) (DexFile.java:276)
11-16 08:56:56.112: I/android.youtub(20477):   at java.lang.Class dalvik.system.DexPathList$Element.findClass(java.lang.String, java.lang.ClassLoader, java.util.List) (DexPathList.java:724)
11-16 08:56:56.112: I/android.youtub(20477):   at java.lang.Class dalvik.system.DexPathList.findClass(java.lang.String, java.util.List) (DexPathList.java:486)
11-16 08:56:56.112: I/android.youtub(20477):   at java.lang.Class dalvik.system.BaseDexClassLoader.findClass(java.lang.String) (BaseDexClassLoader.java:132)
11-16 08:56:56.112: I/android.youtub(20477):   at java.lang.Class bg.loadClass(java.lang.String, boolean) (:com.google.android.gms.dynamite_dynamiteloader@213614065@21.36.14 (100400-0):2)
11-16 08:56:56.112: I/android.youtub(20477):   at java.lang.Class java.lang.ClassLoader.loadClass(java.lang.String) (ClassLoader.java:312)
11-16 08:56:56.112: I/android.youtub(20477):   at java.util.List xu.r(yv, android.content.Context, bqi, com.google.ads.afma.g) (:com.google.android.gms.policy_ads_fdr_dynamite@213806100@213806100057.397311113.397311113:5)
11-16 08:56:56.112: I/android.youtub(20477):   at java.util.List xv.r(yv, android.content.Context, bqi, com.google.ads.afma.g) (:com.google.android.gms.policy_ads_fdr_dynamite@213806100@213806100057.397311113.397311113:4)
11-16 08:56:56.112: I/android.youtub(20477):   at void xu.s(yv, android.content.Context, bqi, com.google.ads.afma.g) (:com.google.android.gms.policy_ads_fdr_dynamite@213806100@213806100057.397311113.397311113:0)
11-16 08:56:56.112: I/android.youtub(20477):   at bqi xu.m(android.content.Context, com.google.ads.afma.g) (:com.google.android.gms.policy_ads_fdr_dynamite@213806100@213806100057.397311113.397311113:7)
11-16 08:56:56.112: I/android.youtub(20477):   at java.lang.String xp.r(android.content.Context, java.lang.String, int, android.view.View, android.app.Activity, byte[]) (:com.google.android.gms.policy_ads_fdr_dynamite@213806100@213806100057.397311113.397311113:8)
11-16 08:56:56.112: I/android.youtub(20477):   at java.lang.String xp.g(android.content.Context, byte[]) (:com.google.android.gms.policy_ads_fdr_dynamite@213806100@213806100057.397311113.397311113:2)
11-16 08:56:56.112: I/android.youtub(20477):   at java.lang.String com.google.android.gms.ads.adshield.internal.a.b(aqh, byte[]) (:com.google.android.gms.policy_ads_fdr_dynamite@213806100@213806100057.397311113.397311113:1)
11-16 08:56:56.112: I/android.youtub(20477):   at boolean com.google.android.gms.ads.adshield.internal.a.bJ(int, android.os.Parcel, android.os.Parcel) (:com.google.android.gms.policy_ads_fdr_dynamite@213806100@213806100057.397311113.397311113:54)
11-16 08:56:56.112: I/android.youtub(20477):   at boolean zg.onTransact(int, android.os.Parcel, android.os.Parcel, int) (:com.google.android.gms.policy_ads_fdr_dynamite@213806100@213806100057.397311113.397311113:4)
11-16 08:56:56.112: I/android.youtub(20477):   at boolean android.os.Binder.transact(int, android.os.Parcel, android.os.Parcel, int) (Binder.java:667)
11-16 08:56:56.112: I/android.youtub(20477):   at android.os.Parcel pcs.a(int, android.os.Parcel) (SourceFile:7)
11-16 08:56:56.112: I/android.youtub(20477):   at java.lang.String pkk.a(oms, byte[]) (SourceFile:40)
11-16 08:56:56.112: I/android.youtub(20477):   at java.lang.String nrc.a(android.content.Context, byte[]) (SourceFile:6)
11-16 08:56:56.112: I/android.youtub(20477):   at java.lang.String qis.a(android.content.Context, byte[]) (SourceFile:10)
11-16 08:56:56.112: I/android.youtub(20477):   at java.lang.String skv.a(qio, byte[]) (SourceFile:59)
11-16 08:56:56.112: I/android.youtub(20477):   at java.lang.String skv.g() (SourceFile:41)
11-16 08:56:56.112: I/android.youtub(20477):   at java.lang.String skv.b() (SourceFile:69)
11-16 08:56:56.112: I/android.youtub(20477):   at java.lang.String slq.i() (SourceFile:56)
11-16 08:56:56.112: I/android.youtub(20477):   at java.lang.String slq.b() (SourceFile:32)
11-16 08:56:56.112: I/android.youtub(20477):   at void slq.e() (SourceFile:37)
11-16 08:56:56.112: I/android.youtub(20477):   at void cmk.run() (SourceFile:7)
11-16 08:56:56.112: I/android.youtub(20477):   at java.lang.Object java.util.concurrent.Executors$RunnableAdapter.call() (Executors.java:458)
11-16 08:56:56.112: I/android.youtub(20477):   at void java.util.concurrent.FutureTask.run() (FutureTask.java:266)
11-16 08:56:56.112: I/android.youtub(20477):   at void java.util.concurrent.ScheduledThreadPoolExecutor$ScheduledFutureTask.run() (ScheduledThreadPoolExecutor.java:301)
11-16 08:56:56.112: I/android.youtub(20477):   at void java.util.concurrent.ThreadPoolExecutor.runWorker(java.util.concurrent.ThreadPoolExecutor$Worker) (ThreadPoolExecutor.java:1167)
11-16 08:56:56.112: I/android.youtub(20477):   at void java.util.concurrent.ThreadPoolExecutor$Worker.run() (ThreadPoolExecutor.java:641)
11-16 08:56:56.112: I/android.youtub(20477):   at void ubi.run() (SourceFile:20)
11-16 08:56:56.112: I/android.youtub(20477):   at void java.lang.Thread.run() (Thread.java:764)
11-16 08:56:56.113: I/android.youtub(20477): Rejecting re-init on previously-failed class java.lang.Class<com.google.android.ads.tasks.appdigest.a>: java.lang.NoClassDefFoundError: Failed resolution of: Landroid/content/pm/PackageManager$OnChecksumsReadyListener;
11-16 08:56:56.113: I/android.youtub(20477):   at java.lang.Class dalvik.system.DexFile.defineClassNative(java.lang.String, java.lang.ClassLoader, java.lang.Object, dalvik.system.DexFile) (DexFile.java:-2)
11-16 08:56:56.113: I/android.youtub(20477):   at java.lang.Class dalvik.system.DexFile.defineClass(java.lang.String, java.lang.ClassLoader, java.lang.Object, dalvik.system.DexFile, java.util.List) (DexFile.java:283)
11-16 08:56:56.113: I/android.youtub(20477):   at java.lang.Class dalvik.system.DexFile.loadClassBinaryName(java.lang.String, java.lang.ClassLoader, java.util.List) (DexFile.java:276)
11-16 08:56:56.113: I/android.youtub(20477):   at java.lang.Class dalvik.system.DexPathList$Element.findClass(java.lang.String, java.lang.ClassLoader, java.util.List) (DexPathList.java:724)
11-16 08:56:56.113: I/android.youtub(20477):   at java.lang.Class dalvik.system.DexPathList.findClass(java.lang.String, java.util.List) (DexPathList.java:486)
11-16 08:56:56.113: I/android.youtub(20477):   at java.lang.Class dalvik.system.BaseDexClassLoader.findClass(java.lang.String) (BaseDexClassLoader.java:132)
11-16 08:56:56.113: I/android.youtub(20477):   at java.lang.Class bg.loadClass(java.lang.String, boolean) (:com.google.android.gms.dynamite_dynamiteloader@213614065@21.36.14 (100400-0):2)
11-16 08:56:56.113: I/android.youtub(20477):   at java.lang.Class java.lang.ClassLoader.loadClass(java.lang.String) (ClassLoader.java:312)
11-16 08:56:56.113: I/android.youtub(20477):   at java.util.List xu.r(yv, android.content.Context, bqi, com.google.ads.afma.g) (:com.google.android.gms.policy_ads_fdr_dynamite@213806100@213806100057.397311113.397311113:5)
11-16 08:56:56.113: I/android.youtub(20477):   at java.util.List xv.r(yv, android.content.Context, bqi, com.google.ads.afma.g) (:com.google.android.gms.policy_ads_fdr_dynamite@213806100@213806100057.397311113.397311113:4)
11-16 08:56:56.113: I/android.youtub(20477):   at void xu.s(yv, android.content.Context, bqi, com.google.ads.afma.g) (:com.google.android.gms.policy_ads_fdr_dynamite@213806100@213806100057.397311113.397311113:0)
11-16 08:56:56.113: I/android.youtub(20477):   at bqi xu.m(android.content.Context, com.google.ads.afma.g) (:com.google.android.gms.policy_ads_fdr_dynamite@213806100@213806100057.397311113.397311113:7)
11-16 08:56:56.113: I/android.youtub(20477):   at java.lang.String xp.r(android.content.Context, java.lang.String, int, android.view.View, android.app.Activity, byte[]) (:com.google.android.gms.policy_ads_fdr_dynamite@213806100@213806100057.397311113.397311113:8)
11-16 08:56:56.113: I/android.youtub(20477):   at java.lang.String xp.g(android.content.Context, byte[]) (:com.google.android.gms.policy_ads_fdr_dynamite@213806100@213806100057.397311113.397311113:2)
11-16 08:56:56.113: I/android.youtub(20477):   at java.lang.String com.google.android.gms.ads.adshield.internal.a.b(aqh, byte[]) (:com.google.android.gms.policy_ads_fdr_dynamite@213806100@213806100057.397311113.397311113:1)
11-16 08:56:56.113: I/android.youtub(20477):   at boolean com.google.android.gms.ads.adshield.internal.a.bJ(int, android.os.Parcel, android.os.Parcel) (:com.google.android.gms.policy_ads_fdr_dynamite@213806100@213806100057.397311113.397311113:54)
11-16 08:56:56.113: I/android.youtub(20477):   at boolean zg.onTransact(int, android.os.Parcel, android.os.Parcel, int) (:com.google.android.gms.policy_ads_fdr_dynamite@213806100@213806100057.397311113.397311113:4)
11-16 08:56:56.113: I/android.youtub(20477):   at boolean android.os.Binder.transact(int, android.os.Parcel, android.os.Parcel, int) (Binder.java:667)
11-16 08:56:56.113: I/android.youtub(20477):   at android.os.Parcel pcs.a(int, android.os.Parcel) (SourceFile:7)
11-16 08:56:56.113: I/android.youtub(20477):   at java.lang.String pkk.a(oms, byte[]) (SourceFile:40)
11-16 08:56:56.113: I/android.youtub(20477):   at java.lang.String nrc.a(android.content.Context, byte[]) (SourceFile:6)
11-16 08:56:56.113: I/android.youtub(20477):   at java.lang.String qis.a(android.content.Context, byte[]) (SourceFile:10)
11-16 08:56:56.113: I/android.youtub(20477):   at java.lang.String skv.a(qio, byte[]) (SourceFile:59)
11-16 08:56:56.113: I/android.youtub(20477):   at java.lang.String skv.g() (SourceFile:41)
11-16 08:56:56.113: I/android.youtub(20477):   at java.lang.String skv.b() (SourceFile:69)
11-16 08:56:56.113: I/android.youtub(20477):   at java.lang.String slq.i() (SourceFile:56)
11-16 08:56:56.113: I/android.youtub(20477):   at java.lang.String slq.b() (SourceFile:32)
11-16 08:56:56.113: I/android.youtub(20477):   at void slq.e() (SourceFile:37)
11-16 08:56:56.113: I/android.youtub(20477):   at void cmk.run() (SourceFile:7)
11-16 08:56:56.113: I/android.youtub(20477):   at java.lang.Object java.util.concurrent.Executors$RunnableAdapter.call() (Executors.java:458)
11-16 08:56:56.113: I/android.youtub(20477):   at void java.util.concurrent.FutureTask.run() (FutureTask.java:266)
11-16 08:56:56.113: I/android.youtub(20477):   at void java.util.concurrent.ScheduledThreadPoolExecutor$ScheduledFutureTask.run() (ScheduledThreadPoolExecutor.java:301)
11-16 08:56:56.113: I/android.youtub(20477):   at void java.util.concurrent.ThreadPoolExecutor.runWorker(java.util.concurrent.ThreadPoolExecutor$Worker) (ThreadPoolExecutor.java:1167)
11-16 08:56:56.113: I/android.youtub(20477):   at void java.util.concurrent.ThreadPoolExecutor$Worker.run() (ThreadPoolExecutor.java:641)
11-16 08:56:56.113: I/android.youtub(20477):   at void ubi.run() (SourceFile:20)
11-16 08:56:56.113: I/android.youtub(20477):   at void java.lang.Thread.run() (Thread.java:764)
11-16 08:56:56.113: I/android.youtub(20477): Caused by: java.lang.ClassNotFoundException: Didn't find class "android.content.pm.PackageManager$OnChecksumsReadyListener" on path: DexPathList[[zip file "/data/user_de/0/com.google.android.gms/app_chimera/m/00000011/dl-AdsFdrDynamite.integ_213806100100000.apk"],nativeLibraryDirectories=[/data/user_de/0/com.google.android.gms/app_chimera/m/00000011/dl-AdsFdrDynamite.integ_213806100100000.apk!/lib/arm64-v8a, /system/lib64]]
11-16 08:56:56.113: I/android.youtub(20477):   at java.lang.Class dalvik.system.BaseDexClassLoader.findClass(java.lang.String) (BaseDexClassLoader.java:134)
11-16 08:56:56.113: I/android.youtub(20477):   at java.lang.Class java.lang.ClassLoader.loadClass(java.lang.String, boolean) (ClassLoader.java:379)
11-16 08:56:56.113: I/android.youtub(20477):   at java.lang.Class bg.loadClass(java.lang.String, boolean) (:com.google.android.gms.dynamite_dynamiteloader@213614065@21.36.14 (100400-0):3)
11-16 08:56:56.113: I/android.youtub(20477):   at java.lang.Class java.lang.ClassLoader.loadClass(java.lang.String) (ClassLoader.java:312)
11-16 08:56:56.113: I/android.youtub(20477):   at java.lang.Class dalvik.system.DexFile.defineClassNative(java.lang.String, java.lang.ClassLoader, java.lang.Object, dalvik.system.DexFile) (DexFile.java:-2)
11-16 08:56:56.113: I/android.youtub(20477):   at java.lang.Class dalvik.system.DexFile.defineClass(java.lang.String, java.lang.ClassLoader, java.lang.Object, dalvik.system.DexFile, java.util.List) (DexFile.java:283)
11-16 08:56:56.113: I/android.youtub(20477):   at java.lang.Class dalvik.system.DexFile.loadClassBinaryName(java.lang.String, java.lang.ClassLoader, java.util.List) (DexFile.java:276)
11-16 08:56:56.113: I/android.youtub(20477):   at java.lang.Class dalvik.system.DexPathList$Element.findClass(java.lang.String, java.lang.ClassLoader, java.util.List) (DexPathList.java:724)
11-16 08:56:56.113: I/android.youtub(20477):   at java.lang.Class dalvik.system.DexPathList.findClass(java.lang.String, java.util.List) (DexPathList.java:486)
11-16 08:56:56.113: I/android.youtub(20477):   at java.lang.Class dalvik.system.BaseDexClassLoader.findClass(java.lang.String) (BaseDexClassLoader.java:132)
11-16 08:56:56.113: I/android.youtub(20477):   at java.lang.Class bg.loadClass(java.lang.String, boolean) (:com.google.android.gms.dynamite_dynamiteloader@213614065@21.36.14 (100400-0):2)
11-16 08:56:56.113: I/android.youtub(20477):   at java.lang.Class java.lang.ClassLoader.loadClass(java.lang.String) (ClassLoader.java:312)
11-16 08:56:56.113: I/android.youtub(20477):   at java.util.List xu.r(yv, android.content.Context, bqi, com.google.ads.afma.g) (:com.google.android.gms.policy_ads_fdr_dynamite@213806100@213806100057.397311113.397311113:5)
11-16 08:56:56.113: I/android.youtub(20477):   at java.util.List xv.r(yv, android.content.Context, bqi, com.google.ads.afma.g) (:com.google.android.gms.policy_ads_fdr_dynamite@213806100@213806100057.397311113.397311113:4)
11-16 08:56:56.113: I/android.youtub(20477):   at void xu.s(yv, android.content.Context, bqi, com.google.ads.afma.g) (:com.google.android.gms.policy_ads_fdr_dynamite@213806100@213806100057.397311113.397311113:0)
11-16 08:56:56.113: I/android.youtub(20477):   at bqi xu.m(android.content.Context, com.google.ads.afma.g) (:com.google.android.gms.policy_ads_fdr_dynamite@213806100@213806100057.397311113.397311113:7)
11-16 08:56:56.113: I/android.youtub(20477):   at java.lang.String xp.r(android.content.Context, java.lang.String, int, android.view.View, android.app.Activity, byte[]) (:com.google.android.gms.policy_ads_fdr_dynamite@213806100@213806100057.397311113.397311113:8)
11-16 08:56:56.113: I/android.youtub(20477):   at java.lang.String xp.g(android.content.Context, byte[]) (:com.google.android.gms.policy_ads_fdr_dynamite@213806100@213806100057.397311113.397311113:2)
11-16 08:56:56.113: I/android.youtub(20477):   at java.lang.String com.google.android.gms.ads.adshield.internal.a.b(aqh, byte[]) (:com.google.android.gms.policy_ads_fdr_dynamite@213806100@213806100057.397311113.397311113:1)
11-16 08:56:56.113: I/android.youtub(20477):   at boolean com.google.android.gms.ads.adshield.internal.a.bJ(int, android.os.Parcel, android.os.Parcel) (:com.google.android.gms.policy_ads_fdr_dynamite@213806100@213806100057.397311113.397311113:54)
11-16 08:56:56.113: I/android.youtub(20477):   at boolean zg.onTransact(int, android.os.Parcel, android.os.Parcel, int) (:com.google.android.gms.policy_ads_fdr_dynamite@213806100@213806100057.397311113.397311113:4)
11-16 08:56:56.113: I/android.youtub(20477):   at boolean android.os.Binder.transact(int, android.os.Parcel, android.os.Parcel, int) (Binder.java:667)
11-16 08:56:56.113: I/android.youtub(20477):   at android.os.Parcel pcs.a(int, android.os.Parcel) (SourceFile:7)
11-16 08:56:56.113: I/android.youtub(20477):   at java.lang.String pkk.a(oms, byte[]) (SourceFile:40)
11-16 08:56:56.113: I/android.youtub(20477):   at java.lang.String nrc.a(android.content.Context, byte[]) (SourceFile:6)
11-16 08:56:56.113: I/android.youtub(20477):   at java.lang.String qis.a(android.content.Context, byte[]) (SourceFile:10)
11-16 08:56:56.113: I/android.youtub(20477):   at java.lang.String skv.a(qio, byte[]) (SourceFile:59)
11-16 08:56:56.113: I/android.youtub(20477):   at java.lang.String skv.g() (SourceFile:41)
11-16 08:56:56.113: I/android.youtub(20477):   at java.lang.String skv.b() (SourceFile:69)
11-16 08:56:56.113: I/android.youtub(20477):   at java.lang.String slq.i() (SourceFile:56)
11-16 08:56:56.113: I/android.youtub(20477):   at java.lang.String slq.b() (SourceFile:32)
11-16 08:56:56.113: I/android.youtub(20477):   at void slq.e() (SourceFile:37)
11-16 08:56:56.113: I/android.youtub(20477):   at void cmk.run() (SourceFile:7)
11-16 08:56:56.113: I/android.youtub(20477):   at java.lang.Object java.util.concurrent.Executors$RunnableAdapter.call() (Executors.java:458)
11-16 08:56:56.113: I/android.youtub(20477):   at void java.util.concurrent.FutureTask.run() (FutureTask.java:266)
11-16 08:56:56.113: I/android.youtub(20477):   at void java.util.concurrent.ScheduledThreadPoolExecutor$ScheduledFutureTask.run() (ScheduledThreadPoolExecutor.java:301)
11-16 08:56:56.113: I/android.youtub(20477):   at void java.util.concurrent.ThreadPoolExecutor.runWorker(java.util.concurrent.ThreadPoolExecutor$Worker) (ThreadPoolExecutor.java:1167)
11-16 08:56:56.113: I/android.youtub(20477):   at void java.util.concurrent.ThreadPoolExecutor$Worker.run() (ThreadPoolExecutor.java:641)
11-16 08:56:56.113: I/android.youtub(20477):   at void ubi.run() (SourceFile:20)
11-16 08:56:56.113: I/android.youtub(20477):   at void java.lang.Thread.run() (Thread.java:764)
11-16 08:56:56.114: I/Icing(13712): Usage reports ok 0, Failed Usage reports 0, indexed 0, rejected 0
11-16 08:56:56.116: W/Icing(13712): No valid account for uploading user actions
11-16 08:56:56.120: I/Icing(13712): Usage reports ok 0, Failed Usage reports 0, indexed 0, rejected 0
11-16 08:56:56.123: W/Icing(13712): No valid account for uploading user actions
11-16 08:56:56.126: I/Icing(13712): Usage reports ok 0, Failed Usage reports 0, indexed 0, rejected 0
11-16 08:56:56.268: I/FA(20690): App measurement is starting up, version: 18100
11-16 08:56:56.268: I/FA(20690): To enable debug logging run: adb shell setprop log.tag.FA VERBOSE
11-16 08:56:56.268: I/FA(20690): To enable faster debug mode event logging run:
11-16 08:56:56.268: I/FA(20690):   adb shell setprop debug.firebase.analytics.app com.google.android.apps.chromecast.app
11-16 08:56:56.282: W/SearchServiceCore(10107): Abort, client detached.
11-16 08:56:56.295: I/chatty(10107): uid=10047 com.google.android.googlequicksearchbox:search identical 16 lines
11-16 08:56:56.295: W/SearchServiceCore(10107): Abort, client detached.
11-16 08:56:56.309: W/HomeApp|huv(20690): Can't load devices as there is no network connection! Will retry later.
11-16 08:56:56.321: I/dex2oat(20788): The ClassLoaderContext is a special shared library.
11-16 08:56:56.322: I/dex2oat(20788): /system/bin/dex2oat --dex-file=/data/user/0/com.google.android.googlequicksearchbox/files/velour/verified_jars/Jkk1AICSm8V3ZDlxbl8SBoQ_1.jar --output-vdex-fd=55 --oat-fd=87 --oat-location=/data/user/0/com.google.android.googlequicksearchbox/files/velour/verified_jars/oat/arm64/Jkk1AICSm8V3ZDlxbl8SBoQ_1.odex --compiler-filter=quicken --class-loader-context=&
11-16 08:56:56.326: W/dex2oat(20788): Could not reserve sentinel fault page
11-16 08:56:56.334: W/StorageManager(19270): fallocate() not supported; falling back to ftruncate()
11-16 08:56:56.354: I/EventLogSendingHelper(10107): Sending log events.
11-16 08:56:56.386: I/dex2oat(20788): dex2oat took 68.649ms (53.014ms cpu) (threads: 8) arena alloc=6KB (6512B) java alloc=16KB (16400B) native alloc=838KB (858688B) free=1209KB (1238464B)
11-16 08:56:56.396: W/earchbox:searc(10107): Skipping duplicate class check due to unsupported classloader
11-16 08:56:56.404: W/earchbox:searc(10107): Unsupported class loader
