11-16 08:56:44.125: I/ModuleSetMgr(13712): Computing pending module set with APKs: [[AdsFdrDynamite.integ:213806100100000], [Enpromo.integ:214106000100000], [Pay.optional:213614100000], [VisionOcr.optional:213614100400], [AdsFdrDynamite.integ:212104400100000], [Cronetdynamite:213614100400], [Dynamiteloader:213614100000], [Dynamitemodulesa:213614100000], [Dynamitemodulesc:213614100000], [Googlecertificates:213614100000], [Mapsdynamite:213614100000], [Measurementdynamite:213614100000]]
11-16 08:56:44.127: I/EuiccGoogle(19184): [2] GservicesChangedReceiver.onReceive: Setting EUICC_SUPPORTED_COUNTRIES to de,gb,in,us
11-16 08:56:44.130: I/ModuleSetMgr(13712): Pending container module APKs: [[Pay.optional:213614100000], [VisionOcr.optional:213614100400]]
11-16 08:56:44.130: I/ModuleSetMgr(13712): Pending non-container module APKs: [[Enpromo.integ:214106000100000], [AdsFdrDynamite.integ:213806100100000]]
11-16 08:56:44.134: I/Backup(13712): [GmsBackupStatusChangeReceiver] Going to enable gms backup transport.
11-16 08:56:44.135: D/ConnMetrics:App(19145): IsOptedIn = false
11-16 08:56:44.140: W/PackageParser(13712): Unknown element under <manifest>: queries at /data/user_de/0/com.google.android.gms/app_chimera/m/00000007/AdsDynamite.apk Binary XML file line #5
11-16 08:56:44.145: I/NetRec(11020): [962] aiad.a: onConfigChanged()
11-16 08:56:44.145: I/Herrevad(11020): [961] zcq.a: updateListenState
11-16 08:56:44.150: I/NetRec(11020): [962] aiad.a: Cancelling all NetRec GCM tasks
11-16 08:56:44.152: I/BgTaskExecutorImpl(10107): Starting NONEXCLUSIVE background task UPDATE_GSERVICES_CONFIG.
11-16 08:56:44.153: I/NetRec(11020): [961] ClearDatabaseService.onHandleIntent: Clearing score cache
11-16 08:56:44.154: I/Auth(11020): [AuthManaged, PasswordComplexityHelperImpl] Updating password complexity components state.
11-16 08:56:44.154: I/Auth(11020): [AuthManaged, PasswordComplexityHelperImpl] Enabling com.google.android.gms.auth.managed.ui.SetNewPasswordActivity
11-16 08:56:44.156: W/SearchServiceCore(10107): Abort, client detached.
11-16 08:56:44.158: I/GservicesUpdateTask(10107): Updating Gservices keys
11-16 08:56:44.163: W/PackageParser(13712): Unknown element under <manifest>: queries at /data/user_de/0/com.google.android.gms/app_chimera/m/00000011/dl-AdsFdrDynamite.integ_213806100100000.apk Binary XML file line #11
11-16 08:56:44.168: I/GmsModuleFndr(13712): Beginning GMS chimera module scan
11-16 08:56:44.171: I/GCoreUlr(11020): DispatchingService ignoring Intent { act=android.net.wifi.WIFI_STATE_CHANGED flg=0x4000010 (has extras) } because ULR inactive [CONTEXT service_id=22 ]
11-16 08:56:44.173: I/GCoreUlr(11020): WorldUpdater received intent Intent { act=com.google.android.location.reporting.ACTION_UPDATE_WORLD cmp=com.google.android.gms/com.google.android.location.reporting.service.DispatchingService (has extras) } with receiverAction com.google.gservices.intent.action.GSERVICES_CHANGED [CONTEXT service_id=22 ]
11-16 08:56:44.175: I/GCoreUlr(11020): WorldUpdater:com.google.gservices.intent.action.GSERVICES_CHANGED: Ensuring that reporting is stopped because of reasons: (no Google accounts) [CONTEXT service_id=22 ]
11-16 08:56:44.176: I/GCoreUlr(11020): Unbound from all signal providers. [CONTEXT service_id=22 ]
11-16 08:56:44.178: I/ModuleSetMgr(13712): Computing pending module set with APKs: [[AdsFdrDynamite.integ:213806100100000], [Enpromo.integ:214106000100000], [Pay.optional:213614100000], [VisionOcr.optional:213614100400], [AdsFdrDynamite.integ:212104400100000], [Cronetdynamite:213614100400], [Dynamiteloader:213614100000], [Dynamitemodulesa:213614100000], [Dynamitemodulesc:213614100000], [Googlecertificates:213614100000], [Mapsdynamite:213614100000], [Measurementdynamite:213614100000]]
11-16 08:56:44.182: I/GCoreUlr(11020): Unbound from all signal providers. [CONTEXT service_id=22 ]
11-16 08:56:44.182: I/GCoreUlr(11020): Stopping handler for UlrDispSvcFast [CONTEXT service_id=22 ]
11-16 08:56:44.192: I/ModuleSetMgr(13712): Pending container module APKs: [[Pay.optional:213614100000], [VisionOcr.optional:213614100400]]
11-16 08:56:44.192: I/ModuleSetMgr(13712): Pending non-container module APKs: [[Enpromo.integ:214106000100000], [AdsFdrDynamite.integ:213806100100000]]
11-16 08:56:44.204: W/PackageParser(13712): Unknown element under <manifest>: queries at /data/user_de/0/com.google.android.gms/app_chimera/m/00000007/AdsDynamite.apk Binary XML file line #5
11-16 08:56:44.211: V/BackupManagerConstants(1163): getFullBackupRequiredNetworkType(...) returns 2
11-16 08:56:44.211: V/BackupManagerConstants(1163): getFullBackupRequireCharging(...) returns true
11-16 08:56:44.214: I/ActivityManager(1163): Start proc 19310:com.google.android.apps.messaging:rcs/u0a111 for service com.google.android.apps.messaging/com.google.android.ims.service.JibeService
11-16 08:56:44.217: W/PackageParser(13712): Unknown element under <manifest>: queries at /data/user_de/0/com.google.android.gms/app_chimera/m/00000011/dl-AdsFdrDynamite.integ_213806100100000.apk Binary XML file line #11
11-16 08:56:44.221: E/s.messaging:rc(19310): Not starting debugger since process cannot load the jdwp agent.
11-16 08:56:44.221: I/SoundTriggerModelLoader(19256): Unloading model 9f6ad62a-1f0b-11e7-87c5-40a8f03d3f15
11-16 08:56:44.221: I/SoundTriggerManagerComp(19256): Unloading model 9f6ad62a-1f0b-11e7-87c5-40a8f03d3f15
11-16 08:56:44.222: I/SoundTriggerService(1163): deleteSoundModel(): id = 9f6ad62a-1f0b-11e7-87c5-40a8f03d3f15
11-16 08:56:44.222: W/SoundTriggerHelper(1163): Unload error: Attempting unload invalid generic model with id:9f6ad62a-1f0b-11e7-87c5-40a8f03d3f15
11-16 08:56:44.224: I/RecoverableKeyStoreGms(13712): [RecoverableKeyStoreGmsInitOperation] Initializing auth_folsom
11-16 08:56:44.224: I/RecoverableKeyStoreGms(13712): [RecoverableKeyStoreGmsInitOperation] com.google.android.gms.auth.folsom.service.FolsomPublicKeyUpdateService is already enabled. Ignore.
11-16 08:56:44.224: I/RecoverableKeyStoreGms(13712): [RecoverableKeyStoreGmsInitOperation] com.google.android.gms.auth.folsom.service.GcmReceiverService is already enabled. Ignore.
11-16 08:56:44.224: I/ChromeSync(13712): [Sync,SyncIntentOperation] Handling the intent: Intent { act=com.google.gservices.intent.action.GSERVICES_CHANGED flg=0x1000010 pkg=com.google.android.gms cmp=com.google.android.gms/.chimera.GmsIntentOperationService$PersistentInternalReceiver }.
11-16 08:56:44.229: V/RecoverableKeyStoreMgr(1163): Not updating secret types - same as old value.
11-16 08:56:44.230: I/MobileDataHub(13712): Scheduling periodic tasks
11-16 08:56:44.231: W/MobileDataHub(13712): [Service] appsupload-periodic periodic task disabled
11-16 08:56:44.231: I/MdiSyncModule(13712): flag handling is skipping irrelevant intent.
11-16 08:56:44.231: I/RecoverableKeyStoreGms(13712): [RecoverableKeyStoreGmsInitOperation] Setting vault handle
11-16 08:56:44.232: I/MS_Utils(13712): version of com.google.android.apps.maps = 1022101040
11-16 08:56:44.233: V/RecoverableKeyStoreMgr(1163): Not updating server params - same as old value.
11-16 08:56:44.233: I/RecoverableKeyStoreGms(13712): [EnrollmentManager] Returning certificates list from cache
11-16 08:56:44.235: W/DynamiteModule(13712): Local module descriptor class for com.google.android.gms.vision.dynamite.ocr not found.
11-16 08:56:44.236: I/DynamiteModule(13712): Considering local module com.google.android.gms.vision.dynamite.ocr:0 and remote module com.google.android.gms.vision.dynamite.ocr:0
11-16 08:56:44.237: I/DynamiteModule(13712): Considering local module com.google.android.gms.vision.ocr:0 and remote module com.google.android.gms.vision.ocr:1
11-16 08:56:44.237: I/DynamiteModule(13712): Selected remote version of com.google.android.gms.vision.ocr, version >= 1
11-16 08:56:44.246: I/SystemUpdate(13712): [Installation,ReceiverIntentOperation] Received intent: Intent { act=com.google.gservices.intent.action.GSERVICES_CHANGED flg=0x1000010 pkg=com.google.android.gms cmp=com.google.android.gms/.chimera.GmsIntentOperationService$PersistentInternalReceiver }.
11-16 08:56:44.247: I/ActivityManager(1163): Start proc 19323:com.google.android.gms.ui/u0a7 for service com.google.android.gms/.chimera.UiIntentOperationService
11-16 08:56:44.249: I/native(13712): I1116 08:56:44.248512   19075 start_ocr_856638336_langid.cc:35] StartOcr with label: latin_script_gmvapi_android
11-16 08:56:44.249: I/native(13712): I1116 08:56:44.249458   19075 start_ocr_856638336_langid.cc:44] StartOcr success
11-16 08:56:44.253: I/OcrModelUpStIntentOp(13712): Downloading text recognizer
11-16 08:56:44.255: I/s.messaging:rc(19310): The ClassLoaderContext is a special shared library.
11-16 08:56:44.266: I/RecoverableKeyStoreMgr(1163): The cert file serial number is the same, so skip updating.
11-16 08:56:44.266: I/RecoverableKeyStoreGms(13712): [EnrollmentManager] Recovery service is initialized.
11-16 08:56:44.267: W/NetworkScheduler(11020): The extras of the task is not valid to be persisted so that the task is not persisted [CONTEXT service_id=218 ]
11-16 08:56:44.267: W/NetworkScheduler(11020): java.lang.IllegalArgumentException: Only the following extra parameter types are supported: Integer, Long, Double, String, Boolean, and nested Bundles with the same restrictions.
11-16 08:56:44.267: W/NetworkScheduler(11020): 	at abno.f(:com.google.android.gms@213614028@21.36.14 (100400-395708125):6)
11-16 08:56:44.267: W/NetworkScheduler(11020): 	at amdu.g(:com.google.android.gms@213614028@21.36.14 (100400-395708125):37)
11-16 08:56:44.267: W/NetworkScheduler(11020): 	at amdd.n(:com.google.android.gms@213614028@21.36.14 (100400-395708125):3)
11-16 08:56:44.267: W/NetworkScheduler(11020): 	at amdd.u(:com.google.android.gms@213614028@21.36.14 (100400-395708125):20)
11-16 08:56:44.267: W/NetworkScheduler(11020): 	at amdd.g(:com.google.android.gms@213614028@21.36.14 (100400-395708125):3)
11-16 08:56:44.267: W/NetworkScheduler(11020): 	at alzy.run(:com.google.android.gms@213614028@21.36.14 (100400-395708125):9)
11-16 08:56:44.267: W/NetworkScheduler(11020): 	at rgh.c(:com.google.android.gms@213614028@21.36.14 (100400-395708125):6)
11-16 08:56:44.267: W/NetworkScheduler(11020): 	at rgh.run(:com.google.android.gms@213614028@21.36.14 (100400-395708125):8)
11-16 08:56:44.267: W/NetworkScheduler(11020): 	at java.util.concurrent.ThreadPoolExecutor.runWorker(ThreadPoolExecutor.java:1167)
11-16 08:56:44.267: W/NetworkScheduler(11020): 	at java.util.concurrent.ThreadPoolExecutor$Worker.run(ThreadPoolExecutor.java:641)
11-16 08:56:44.267: W/NetworkScheduler(11020): 	at rkn.run(:com.google.android.gms@213614028@21.36.14 (100400-395708125):0)
11-16 08:56:44.267: W/NetworkScheduler(11020): 	at java.lang.Thread.run(Thread.java:764)
11-16 08:56:44.269: I/RecoverySnapshotLstnrs(1163): Registered listener for agent with uid 10007
11-16 08:56:44.270: E/RecoverySnapshotStorage(1163): Error reading snapshot for 10007 from disk
11-16 08:56:44.270: E/RecoverySnapshotStorage(1163): java.io.FileNotFoundException: /data/system/recoverablekeystore/snapshots/10007.xml (No such file or directory)
11-16 08:56:44.270: E/RecoverySnapshotStorage(1163): 	at java.io.FileInputStream.open0(Native Method)
11-16 08:56:44.270: E/RecoverySnapshotStorage(1163): 	at java.io.FileInputStream.open(FileInputStream.java:231)
11-16 08:56:44.270: E/RecoverySnapshotStorage(1163): 	at java.io.FileInputStream.<init>(FileInputStream.java:165)
11-16 08:56:44.270: E/RecoverySnapshotStorage(1163): 	at com.android.server.locksettings.recoverablekeystore.storage.RecoverySnapshotStorage.readFromDisk(RecoverySnapshotStorage.java:152)
11-16 08:56:44.270: E/RecoverySnapshotStorage(1163): 	at com.android.server.locksettings.recoverablekeystore.storage.RecoverySnapshotStorage.get(RecoverySnapshotStorage.java:104)
11-16 08:56:44.270: E/RecoverySnapshotStorage(1163): 	at com.android.server.locksettings.recoverablekeystore.RecoverableKeyStoreManager.getKeyChainSnapshot(RecoverableKeyStoreManager.java:331)
11-16 08:56:44.270: E/RecoverySnapshotStorage(1163): 	at com.android.server.locksettings.LockSettingsService.getKeyChainSnapshot(LockSettingsService.java:2032)
11-16 08:56:44.270: E/RecoverySnapshotStorage(1163): 	at com.android.internal.widget.ILockSettings$Stub.onTransact(ILockSettings.java:356)
11-16 08:56:44.270: E/RecoverySnapshotStorage(1163): 	at android.os.Binder.execTransact(Binder.java:731)
11-16 08:56:44.271: I/TestSupport(13712): AwaitCommitOperation: FlagOverride(com.google.android.gms.auth.api.credentials, , Flag(SaveStrategy__enableSaving, false, 2, 0), true) committed [CONTEXT service_id=133 ]
11-16 08:56:44.272: I/RecoverableKeyStoreGms(13712): [WrappingKeyManager] Can't generate wrapping key - missing lock screeen
11-16 08:56:44.273: E/.android.gms.u(19323): Not starting debugger since process cannot load the jdwp agent.
11-16 08:56:44.278: I/TestSupport(13712): AwaitCommitOperation: no more uncommitted overrides [CONTEXT service_id=133 ]
11-16 08:56:44.287: I/GmsModuleFndr(13712): Beginning GMS chimera module scan
11-16 08:56:44.292: W/PhenotypeConfigurationU(11020): Update for unknown DeviceConfig package com.google.android.gms.auth.api.credentials [CONTEXT service_id=204 ]
11-16 08:56:44.292: W/PhenotypeConfigurationU(11020): akjf: No package exists for config package: com.google.android.gms.auth.api.credentials
11-16 08:56:44.292: W/PhenotypeConfigurationU(11020): 	at com.google.android.gms.platformconfigurator.PhenotypeConfigurationUpdateListener.a(:com.google.android.gms@213614028@21.36.14 (100400-395708125):7)
11-16 08:56:44.292: W/PhenotypeConfigurationU(11020): 	at com.google.android.gms.platformconfigurator.PhenotypeConfigurationUpdateListener.onHandleIntent(:com.google.android.gms@213614028@21.36.14 (100400-395708125):5)
11-16 08:56:44.292: W/PhenotypeConfigurationU(11020): 	at com.google.android.chimera.IntentOperation.onHandleIntent(:com.google.android.gms@213614028@21.36.14 (100400-395708125):2)
11-16 08:56:44.292: W/PhenotypeConfigurationU(11020): 	at pld.onHandleIntent(:com.google.android.gms@213614028@21.36.14 (100400-395708125):4)
11-16 08:56:44.292: W/PhenotypeConfigurationU(11020): 	at dpb.run(:com.google.android.gms@213614028@21.36.14 (100400-395708125):5)
11-16 08:56:44.292: W/PhenotypeConfigurationU(11020): 	at dpa.run(:com.google.android.gms@213614028@21.36.14 (100400-395708125):11)
11-16 08:56:44.292: W/PhenotypeConfigurationU(11020): 	at bfyg.run(:com.google.android.gms@213614028@21.36.14 (100400-395708125):2)
11-16 08:56:44.292: W/PhenotypeConfigurationU(11020): 	at java.util.concurrent.ThreadPoolExecutor.runWorker(ThreadPoolExecutor.java:1167)
11-16 08:56:44.292: W/PhenotypeConfigurationU(11020): 	at java.util.concurrent.ThreadPoolExecutor$Worker.run(ThreadPoolExecutor.java:641)
11-16 08:56:44.292: W/PhenotypeConfigurationU(11020): 	at java.lang.Thread.run(Thread.java:764)
11-16 08:56:44.294: I/.android.gms.u(19323): The ClassLoaderContext is a special shared library.
11-16 08:56:44.295: I/chatty(19323): uid=10007 com.google.android.gms.ui identical 1 line
11-16 08:56:44.296: I/.android.gms.u(19323): The ClassLoaderContext is a special shared library.
11-16 08:56:44.304: W/.android.gms.u(19323): Unknown chunk type '200'.
11-16 08:56:44.310: I/ModuleSetMgr(13712): Computing pending module set with APKs: [[AdsFdrDynamite.integ:213806100100000], [Enpromo.integ:214106000100000], [Pay.optional:213614100000], [VisionOcr.optional:213614100400], [AdsFdrDynamite.integ:212104400100000], [Cronetdynamite:213614100400], [Dynamiteloader:213614100000], [Dynamitemodulesa:213614100000], [Dynamitemodulesc:213614100000], [Googlecertificates:213614100000], [Mapsdynamite:213614100000], [Measurementdynamite:213614100000]]
11-16 08:56:44.318: I/ModuleSetMgr(13712): Pending container module APKs: [[Pay.optional:213614100000], [VisionOcr.optional:213614100400]]
11-16 08:56:44.318: I/ModuleSetMgr(13712): Pending non-container module APKs: [[Enpromo.integ:214106000100000], [AdsFdrDynamite.integ:213806100100000]]
11-16 08:56:44.332: W/PackageParser(13712): Unknown element under <manifest>: queries at /data/user_de/0/com.google.android.gms/app_chimera/m/00000007/AdsDynamite.apk Binary XML file line #5
11-16 08:56:44.348: W/PackageParser(13712): Unknown element under <manifest>: queries at /data/user_de/0/com.google.android.gms/app_chimera/m/00000011/dl-AdsFdrDynamite.integ_213806100100000.apk Binary XML file line #11
11-16 08:56:44.354: I/GmsModuleFndr(13712): Beginning GMS chimera module scan
11-16 08:56:44.355: I/RecoverableKeyStoreGms(13712): [RecoverableKeyStoreGmsInitOperation] Initializing auth_folsom
11-16 08:56:44.356: I/RecoverableKeyStoreGms(13712): [RecoverableKeyStoreGmsInitOperation] com.google.android.gms.auth.folsom.service.FolsomPublicKeyUpdateService is already enabled. Ignore.
11-16 08:56:44.357: I/RecoverableKeyStoreGms(13712): [RecoverableKeyStoreGmsInitOperation] com.google.android.gms.auth.folsom.service.GcmReceiverService is already enabled. Ignore.
11-16 08:56:44.360: I/ChromeSync(13712): [Sync,SyncIntentOperation] Handling the intent: Intent { act=com.google.gservices.intent.action.GSERVICES_CHANGED flg=0x1000010 pkg=com.google.android.gms cmp=com.google.android.gms/.chimera.GmsIntentOperationService$PersistentInternalReceiver }.
11-16 08:56:44.361: V/RecoverableKeyStoreMgr(1163): Not updating secret types - same as old value.
11-16 08:56:44.362: I/RecoverableKeyStoreGms(13712): [RecoverableKeyStoreGmsInitOperation] Setting vault handle
11-16 08:56:44.363: V/RecoverableKeyStoreMgr(1163): Not updating server params - same as old value.
11-16 08:56:44.363: I/MobileDataHub(13712): Scheduling periodic tasks
11-16 08:56:44.364: W/MobileDataHub(13712): [Service] appsupload-periodic periodic task disabled
11-16 08:56:44.364: I/RecoverableKeyStoreGms(13712): [EnrollmentManager] Returning certificates list from cache
11-16 08:56:44.364: I/MdiSyncModule(13712): flag handling is skipping irrelevant intent.
11-16 08:56:44.365: I/MS_Utils(13712): version of com.google.android.apps.maps = 1022101040
11-16 08:56:44.367: I/SystemUpdate(13712): [Installation,ReceiverIntentOperation] Received intent: Intent { act=com.google.gservices.intent.action.GSERVICES_CHANGED flg=0x1000010 pkg=com.google.android.gms cmp=com.google.android.gms/.chimera.GmsIntentOperationService$PersistentInternalReceiver }.
11-16 08:56:44.372: W/DynamiteModule(13712): Local module descriptor class for com.google.android.gms.vision.dynamite.ocr not found.
11-16 08:56:44.373: I/DynamiteModule(13712): Considering local module com.google.android.gms.vision.dynamite.ocr:0 and remote module com.google.android.gms.vision.dynamite.ocr:0
11-16 08:56:44.373: I/DynamiteModule(13712): Considering local module com.google.android.gms.vision.ocr:0 and remote module com.google.android.gms.vision.ocr:1
11-16 08:56:44.373: I/DynamiteModule(13712): Selected remote version of com.google.android.gms.vision.ocr, version >= 1
11-16 08:56:44.376: I/native(13712): I1116 08:56:44.376389   19058 start_ocr_856638336_langid.cc:35] StartOcr with label: latin_script_gmvapi_android
11-16 08:56:44.376: I/native(13712): I1116 08:56:44.376548   19058 start_ocr_856638336_langid.cc:44] StartOcr success
11-16 08:56:44.381: I/ModuleSetMgr(13712): Computing pending module set with APKs: [[AdsFdrDynamite.integ:213806100100000], [Enpromo.integ:214106000100000], [Pay.optional:213614100000], [VisionOcr.optional:213614100400], [AdsFdrDynamite.integ:212104400100000], [Cronetdynamite:213614100400], [Dynamiteloader:213614100000], [Dynamitemodulesa:213614100000], [Dynamitemodulesc:213614100000], [Googlecertificates:213614100000], [Mapsdynamite:213614100000], [Measurementdynamite:213614100000]]
11-16 08:56:44.385: I/OcrModelUpStIntentOp(13712): Downloading text recognizer
11-16 08:56:44.396: I/TestSupport(13712): AwaitCommitOperation: * [CONTEXT service_id=133 ]
11-16 08:56:44.401: I/TestSupport(13712): AwaitCommitOperation: FlagOverride(com.google.android.gms.auth.api.credentials, , Flag(SaveStrategy__enableSaving, false, 2, 0), true) committed [CONTEXT service_id=133 ]
11-16 08:56:44.401: I/TestSupport(13712): AwaitCommitOperation: no more uncommitted overrides [CONTEXT service_id=133 ]
11-16 08:56:44.406: I/RecoverableKeyStoreMgr(1163): The cert file serial number is the same, so skip updating.
11-16 08:56:44.407: I/RecoverableKeyStoreGms(13712): [EnrollmentManager] Recovery service is initialized.
11-16 08:56:44.408: I/RecoverySnapshotLstnrs(1163): Registered listener for agent with uid 10007
11-16 08:56:44.410: E/RecoverySnapshotStorage(1163): Error reading snapshot for 10007 from disk
11-16 08:56:44.410: E/RecoverySnapshotStorage(1163): java.io.FileNotFoundException: /data/system/recoverablekeystore/snapshots/10007.xml (No such file or directory)
11-16 08:56:44.410: E/RecoverySnapshotStorage(1163): 	at java.io.FileInputStream.open0(Native Method)
11-16 08:56:44.410: E/RecoverySnapshotStorage(1163): 	at java.io.FileInputStream.open(FileInputStream.java:231)
11-16 08:56:44.410: E/RecoverySnapshotStorage(1163): 	at java.io.FileInputStream.<init>(FileInputStream.java:165)
11-16 08:56:44.410: E/RecoverySnapshotStorage(1163): 	at com.android.server.locksettings.recoverablekeystore.storage.RecoverySnapshotStorage.readFromDisk(RecoverySnapshotStorage.java:152)
11-16 08:56:44.410: E/RecoverySnapshotStorage(1163): 	at com.android.server.locksettings.recoverablekeystore.storage.RecoverySnapshotStorage.get(RecoverySnapshotStorage.java:104)
11-16 08:56:44.410: E/RecoverySnapshotStorage(1163): 	at com.android.server.locksettings.recoverablekeystore.RecoverableKeyStoreManager.getKeyChainSnapshot(RecoverableKeyStoreManager.java:331)
11-16 08:56:44.410: E/RecoverySnapshotStorage(1163): 	at com.android.server.locksettings.LockSettingsService.getKeyChainSnapshot(LockSettingsService.java:2032)
11-16 08:56:44.410: E/RecoverySnapshotStorage(1163): 	at com.android.internal.widget.ILockSettings$Stub.onTransact(ILockSettings.java:356)
11-16 08:56:44.410: E/RecoverySnapshotStorage(1163): 	at android.os.Binder.execTransact(Binder.java:731)
11-16 08:56:44.411: I/RecoverableKeyStoreGms(13712): [WrappingKeyManager] Can't generate wrapping key - missing lock screeen
11-16 08:56:44.416: W/NetworkScheduler(11020): The extras of the task is not valid to be persisted so that the task is not persisted [CONTEXT service_id=218 ]
11-16 08:56:44.416: W/NetworkScheduler(11020): java.lang.IllegalArgumentException: Only the following extra parameter types are supported: Integer, Long, Double, String, Boolean, and nested Bundles with the same restrictions.
11-16 08:56:44.416: W/NetworkScheduler(11020): 	at abno.f(:com.google.android.gms@213614028@21.36.14 (100400-395708125):6)
11-16 08:56:44.416: W/NetworkScheduler(11020): 	at amdu.g(:com.google.android.gms@213614028@21.36.14 (100400-395708125):37)
11-16 08:56:44.416: W/NetworkScheduler(11020): 	at amdd.n(:com.google.android.gms@213614028@21.36.14 (100400-395708125):3)
11-16 08:56:44.416: W/NetworkScheduler(11020): 	at amdd.u(:com.google.android.gms@213614028@21.36.14 (100400-395708125):20)
11-16 08:56:44.416: W/NetworkScheduler(11020): 	at amdd.g(:com.google.android.gms@213614028@21.36.14 (100400-395708125):3)
11-16 08:56:44.416: W/NetworkScheduler(11020): 	at alzy.run(:com.google.android.gms@213614028@21.36.14 (100400-395708125):9)
11-16 08:56:44.416: W/NetworkScheduler(11020): 	at rgh.c(:com.google.android.gms@213614028@21.36.14 (100400-395708125):6)
11-16 08:56:44.416: W/NetworkScheduler(11020): 	at rgh.run(:com.google.android.gms@213614028@21.36.14 (100400-395708125):7)
11-16 08:56:44.416: W/NetworkScheduler(11020): 	at java.util.concurrent.ThreadPoolExecutor.runWorker(ThreadPoolExecutor.java:1167)
11-16 08:56:44.416: W/NetworkScheduler(11020): 	at java.util.concurrent.ThreadPoolExecutor$Worker.run(ThreadPoolExecutor.java:641)
11-16 08:56:44.416: W/NetworkScheduler(11020): 	at rkn.run(:com.google.android.gms@213614028@21.36.14 (100400-395708125):0)
11-16 08:56:44.416: W/NetworkScheduler(11020): 	at java.lang.Thread.run(Thread.java:764)
11-16 08:56:44.416: I/ModuleSetMgr(13712): Pending container module APKs: [[Pay.optional:213614100000], [VisionOcr.optional:213614100400]]
11-16 08:56:44.416: I/ModuleSetMgr(13712): Pending non-container module APKs: [[Enpromo.integ:214106000100000], [AdsFdrDynamite.integ:213806100100000]]
11-16 08:56:44.422: W/ProviderHelper(19323): Unknown dynamite feature providerinstaller.dynamite
11-16 08:56:44.426: W/PackageParser(13712): Unknown element under <manifest>: queries at /data/user_de/0/com.google.android.gms/app_chimera/m/00000007/AdsDynamite.apk Binary XML file line #5
11-16 08:56:44.428: I/DynamiteModule(19323): Considering local module com.google.android.gms.providerinstaller.dynamite:1 and remote module com.google.android.gms.providerinstaller.dynamite:0
11-16 08:56:44.429: I/DynamiteModule(19323): Selected local version of com.google.android.gms.providerinstaller.dynamite
11-16 08:56:44.437: W/PackageParser(13712): Unknown element under <manifest>: queries at /data/user_de/0/com.google.android.gms/app_chimera/m/00000011/dl-AdsFdrDynamite.integ_213806100100000.apk Binary XML file line #11
11-16 08:56:44.441: V/NativeCrypto(19323): Registering com/google/android/gms/org/conscrypt/NativeCrypto's 294 native methods...
11-16 08:56:44.455: D/NetworkSecurityConfig(19323): Using Network Security Config from resource network_security_config debugBuild: false
11-16 08:56:44.457: I/ProviderInstaller(19323): Installed default security provider GmsCore_OpenSSL
11-16 08:56:44.462: I/GmsModuleFndr(13712): Beginning GMS chimera module scan
11-16 08:56:44.468: I/ModuleSetMgr(13712): Computing pending module set with APKs: [[AdsFdrDynamite.integ:213806100100000], [Enpromo.integ:214106000100000], [Pay.optional:213614100000], [VisionOcr.optional:213614100400], [AdsFdrDynamite.integ:212104400100000], [Cronetdynamite:213614100400], [Dynamiteloader:213614100000], [Dynamitemodulesa:213614100000], [Dynamitemodulesc:213614100000], [Googlecertificates:213614100000], [Mapsdynamite:213614100000], [Measurementdynamite:213614100000]]
11-16 08:56:44.474: I/axnn(19323): Primes not initialized, returning default (no-op) Primes instance which will ignore all calls. Please call Primes.initialize(...) before using any Primes API.
11-16 08:56:44.475: I/ModuleSetMgr(13712): Pending container module APKs: [[Pay.optional:213614100000], [VisionOcr.optional:213614100400]]
11-16 08:56:44.475: I/ModuleSetMgr(13712): Pending non-container module APKs: [[Enpromo.integ:214106000100000], [AdsFdrDynamite.integ:213806100100000]]
11-16 08:56:44.476: I/GMS_MM_Logger(19323): Started.
11-16 08:56:44.484: W/PackageParser(13712): Unknown element under <manifest>: queries at /data/user_de/0/com.google.android.gms/app_chimera/m/00000007/AdsDynamite.apk Binary XML file line #5
11-16 08:56:44.487: I/TSDRIVER(19114): Handled command: PACKAGE
11-16 08:56:44.488: I/ActivityManager(1163): Killing 15128:com.google.android.contacts/u0a90 (adj 906): empty #17
11-16 08:56:44.488: W/libprocessgroup(1163): kill(-15128, 9) failed: No such process
11-16 08:56:44.506: I/Zygote(725): Process 15128 exited due to signal (9)
11-16 08:56:44.514: W/PackageParser(13712): Unknown element under <manifest>: queries at /data/user_de/0/com.google.android.gms/app_chimera/m/00000011/dl-AdsFdrDynamite.integ_213806100100000.apk Binary XML file line #11
11-16 08:56:44.517: W/libprocessgroup(1163): kill(-15128, 9) failed: No such process
11-16 08:56:44.517: I/libprocessgroup(1163): Successfully killed process cgroup uid 10090 pid 15128 in 29ms
11-16 08:56:44.542: I/TSDRIVER(19114): CommandService onHandleIntent()
11-16 08:56:44.542: I/TSDRIVER(19114): Got command: PACKAGE
11-16 08:56:44.542: I/TSDRIVER(19114): flag package: Eh9jb20uZ29vZ2xlLmFuZHJvaWQuZ21zLmF1dG9maWxsGhQKEGF1dG9maWxsX2VuYWJsZWQYACg+
11-16 08:56:44.542: I/TSDRIVER(19114): flag package: com.google.android.gms.autofill
11-16 08:56:44.546: I/TestSupport(13712): SetFlagOverridesOperation: com.google.android.gms.autofill, '', [Flag(autofill_enabled, false, 2, 0)] [CONTEXT service_id=133 ]
11-16 08:56:44.554: I/TestSupport(13712): AwaitCommitOperation: autofill_enabled [CONTEXT service_id=133 ]
11-16 08:56:44.557: I/TestSupport(13712): AwaitCommitOperation: uncommitted: FlagOverride(com.google.android.gms.autofill, , Flag(autofill_enabled, false, 2, 0), false) [CONTEXT service_id=133 ]
11-16 08:56:44.557: I/TestSupport(13712): AwaitCommitOperation:  sleeping for 10 msec. [CONTEXT service_id=133 ]
11-16 08:56:44.570: W/PhenotypeConfigurationU(11020): Update for unknown DeviceConfig package com.google.android.gms.autofill [CONTEXT service_id=204 ]
11-16 08:56:44.570: W/PhenotypeConfigurationU(11020): akjf: No package exists for config package: com.google.android.gms.autofill
11-16 08:56:44.570: W/PhenotypeConfigurationU(11020): 	at com.google.android.gms.platformconfigurator.PhenotypeConfigurationUpdateListener.a(:com.google.android.gms@213614028@21.36.14 (100400-395708125):7)
11-16 08:56:44.570: W/PhenotypeConfigurationU(11020): 	at com.google.android.gms.platformconfigurator.PhenotypeConfigurationUpdateListener.onHandleIntent(:com.google.android.gms@213614028@21.36.14 (100400-395708125):5)
11-16 08:56:44.570: W/PhenotypeConfigurationU(11020): 	at com.google.android.chimera.IntentOperation.onHandleIntent(:com.google.android.gms@213614028@21.36.14 (100400-395708125):2)
11-16 08:56:44.570: W/PhenotypeConfigurationU(11020): 	at pld.onHandleIntent(:com.google.android.gms@213614028@21.36.14 (100400-395708125):4)
11-16 08:56:44.570: W/PhenotypeConfigurationU(11020): 	at dpb.run(:com.google.android.gms@213614028@21.36.14 (100400-395708125):5)
11-16 08:56:44.570: W/PhenotypeConfigurationU(11020): 	at dpa.run(:com.google.android.gms@213614028@21.36.14 (100400-395708125):11)
11-16 08:56:44.570: W/PhenotypeConfigurationU(11020): 	at bfyg.run(:com.google.android.gms@213614028@21.36.14 (100400-395708125):2)
11-16 08:56:44.570: W/PhenotypeConfigurationU(11020): 	at java.util.concurrent.ThreadPoolExecutor.runWorker(ThreadPoolExecutor.java:1167)
11-16 08:56:44.570: W/PhenotypeConfigurationU(11020): 	at java.util.concurrent.ThreadPoolExecutor$Worker.run(ThreadPoolExecutor.java:641)
11-16 08:56:44.570: W/PhenotypeConfigurationU(11020): 	at java.lang.Thread.run(Thread.java:764)
11-16 08:56:44.574: I/PTCommittedOperation(11020): Receive new configuration for com.google.android.gms.autofill
11-16 08:56:44.576: W/ModuleInitIntentOp(13712): Dropping unexpected action com.google.android.gms.phenotype.COMMITTED
11-16 08:56:44.577: I/ChromeSync(13712): [Sync,SyncIntentOperation] Handling the intent: Intent { act=com.google.android.gms.phenotype.COMMITTED flg=0x10 pkg=com.google.android.gms cmp=com.google.android.gms/.chimera.GmsIntentOperationService (has extras) }.
11-16 08:56:44.581: I/MdiSyncModule(13712): flag handling is skipping irrelevant intent.
11-16 08:56:44.584: W/ModuleInitIntentOp(13712): Dropping unexpected action com.google.android.gms.phenotype.COMMITTED
11-16 08:56:44.608: I/TestSupport(13712): AwaitCommitOperation: FlagOverride(com.google.android.gms.autofill, , Flag(autofill_enabled, false, 2, 0), true) committed [CONTEXT service_id=133 ]
11-16 08:56:44.608: I/TestSupport(13712): AwaitCommitOperation: no more uncommitted overrides [CONTEXT service_id=133 ]
11-16 08:56:44.614: I/GmsSyncPolicyEngine(13712): Periodic sync 4 disabled by policy, cancelled.
11-16 08:56:44.729: I/TestSupport(13712): AwaitCommitOperation: * [CONTEXT service_id=133 ]
11-16 08:56:44.734: I/TestSupport(13712): AwaitCommitOperation: FlagOverride(com.google.android.gms.autofill, , Flag(autofill_enabled, false, 2, 0), true) committed [CONTEXT service_id=133 ]
11-16 08:56:44.735: I/TestSupport(13712): AwaitCommitOperation: no more uncommitted overrides [CONTEXT service_id=133 ]
11-16 08:56:44.825: D/fpc_hidl(19362): fpc fingerprint hwbinder service starting
11-16 08:56:44.825: D/QSEECOMAPI(19362): QSEECom_get_handle sb_length = 0x80
11-16 08:56:44.826: D/QSEECOMAPI(19362): App is not loaded in QSEE
11-16 08:56:44.826: D/QSEECOMAPI(19362): app_arch = 2, total_files = 9
11-16 08:56:44.848: I/TSDRIVER(19114): Handled command: PACKAGE
11-16 08:56:44.883: D/QSEECOMAPI(19362): Loaded image: APP id = 307
11-16 08:56:44.889: E/fpc_tac(19362): fpcbuildinfo : 575ddab5b91efea67ee1d200fc813ff2fpc_bio=bd35c3fec78219829149bea6c9ec961e6f655b90C:prodtestlib=4304cf5c884c198624b749af3482befacbd3028eC:fpc_c_core=dc194509594e837dedfb5452aaf06fcb61977135C:fpc_lib=cd5b7b876c3d69afa68a11ac6fd86f873e70817bC:cac=297e11552c60a3607ed664cf44c3e4b36ab2e737C:fpc_bio_interface=94a457caecae31eca8ef04b64c3f82a018e9bbc0C:fpc_sensor=ba909a5500944acafe47a0ef3a49f89509aadfb6C:tools_core=94ddf1e684cfa6c99f0f237f7cc35f3962e0e597C:sensor_settings=4fcf864fb493ae0272a9b2806446b379d99fd8ceC:fingerprint_ta=066bc0ab880960a4a69b74a328c7d7871c72225bC:fingerprint_pal=0deb9a478a3572872639f9cb2559ccc464ee3f9bC:manifests=dcb3d8ab0bdb7a5b341839d8c75bb88fc7f5e1a4C:Manifesttag=SW23.3.0-PDR1.0.5:jenkins@84ffd74dac44:Thu,17May201810:17:08+0200:FPC_SENSOR_TYPE=FPC_SENSOR_TYPE_FPC1270:FPC_CC_TYPE=FPC_COMPANION_CHIP_FPC2050:FPC_C_TYPE=FPC_COATING_NORMAL
11-16 08:56:44.889: E/fpc_tac(19362): fpcbuildtype : build=RELEASE sensor=9
11-16 08:56:44.889: W/EventHub(1163): Unable to disable kernel key repeat for /dev/input/event3: Function not implemented
11-16 08:56:44.889: I/EventHub(1163): wakeMechanism=EPOLLWAKEUP, usingClockIoctl=true
11-16 08:56:44.889: I/EventHub(1163): New device: id=307, fd=109, path='/dev/input/event3', name='uinput-fpc', classes=0x101, configuration='/system/usr/idc/uinput-fpc.idc', keyLayout='/system/usr/keylayout/uinput-fpc.kl', keyCharacterMap='/system/usr/keychars/Generic.kcm', builtinKeyboard=true, 
11-16 08:56:44.889: W/InputReader(1163): Ignoring spurious device added event for deviceId 0.
11-16 08:56:44.919: I/TSDRIVER(19114): CommandService onHandleIntent()
11-16 08:56:44.919: I/TSDRIVER(19114): Got command: PACKAGE
11-16 08:56:44.920: I/TSDRIVER(19114): flag package: EiNjb20uZ29vZ2xlLmFuZHJvaWQuZ21zLmF1dGhfYWNjb3VudBodChlhdXRoX3NpZ19vdmVycmlkZV9lbmFibGVkGAAoPg
11-16 08:56:44.920: I/TSDRIVER(19114): flag package: com.google.android.gms.auth_account
11-16 08:56:44.924: I/TestSupport(13712): SetFlagOverridesOperation: com.google.android.gms.auth_account, '', [Flag(auth_sig_override_enabled, false, 2, 0)] [CONTEXT service_id=133 ]
11-16 08:56:44.934: I/TestSupport(13712): AwaitCommitOperation: auth_sig_override_enabled [CONTEXT service_id=133 ]
11-16 08:56:44.937: I/TestSupport(13712): AwaitCommitOperation: uncommitted: FlagOverride(com.google.android.gms.auth_account, , Flag(auth_sig_override_enabled, false, 2, 0), false) [CONTEXT service_id=133 ]
11-16 08:56:44.937: I/TestSupport(13712): AwaitCommitOperation:  sleeping for 10 msec. [CONTEXT service_id=133 ]
11-16 08:56:44.946: W/PhenotypeConfigurationU(11020): Update for unknown DeviceConfig package com.google.android.gms.auth_account [CONTEXT service_id=204 ]
11-16 08:56:44.946: W/PhenotypeConfigurationU(11020): akjf: No package exists for config package: com.google.android.gms.auth_account
11-16 08:56:44.946: W/PhenotypeConfigurationU(11020): 	at com.google.android.gms.platformconfigurator.PhenotypeConfigurationUpdateListener.a(:com.google.android.gms@213614028@21.36.14 (100400-395708125):7)
11-16 08:56:44.946: W/PhenotypeConfigurationU(11020): 	at com.google.android.gms.platformconfigurator.PhenotypeConfigurationUpdateListener.onHandleIntent(:com.google.android.gms@213614028@21.36.14 (100400-395708125):5)
11-16 08:56:44.946: W/PhenotypeConfigurationU(11020): 	at com.google.android.chimera.IntentOperation.onHandleIntent(:com.google.android.gms@213614028@21.36.14 (100400-395708125):2)
11-16 08:56:44.946: W/PhenotypeConfigurationU(11020): 	at pld.onHandleIntent(:com.google.android.gms@213614028@21.36.14 (100400-395708125):4)
11-16 08:56:44.946: W/PhenotypeConfigurationU(11020): 	at dpb.run(:com.google.android.gms@213614028@21.36.14 (100400-395708125):5)
11-16 08:56:44.946: W/PhenotypeConfigurationU(11020): 	at dpa.run(:com.google.android.gms@213614028@21.36.14 (100400-395708125):11)
11-16 08:56:44.946: W/PhenotypeConfigurationU(11020): 	at bfyg.run(:com.google.android.gms@213614028@21.36.14 (100400-395708125):2)
11-16 08:56:44.946: W/PhenotypeConfigurationU(11020): 	at java.util.concurrent.ThreadPoolExecutor.runWorker(ThreadPoolExecutor.java:1167)
11-16 08:56:44.946: W/PhenotypeConfigurationU(11020): 	at java.util.concurrent.ThreadPoolExecutor$Worker.run(ThreadPoolExecutor.java:641)
11-16 08:56:44.946: W/PhenotypeConfigurationU(11020): 	at java.lang.Thread.run(Thread.java:764)
11-16 08:56:44.948: I/PTCommittedOperation(11020): Receive new configuration for com.google.android.gms.auth_account
11-16 08:56:44.949: W/ModuleInitIntentOp(13712): Dropping unexpected action com.google.android.gms.phenotype.COMMITTED
11-16 08:56:44.952: I/ChromeSync(13712): [Sync,SyncIntentOperation] Handling the intent: Intent { act=com.google.android.gms.phenotype.COMMITTED flg=0x10 pkg=com.google.android.gms cmp=com.google.android.gms/.chimera.GmsIntentOperationService (has extras) }.
11-16 08:56:44.955: I/MdiSyncModule(13712): flag handling is skipping irrelevant intent.
11-16 08:56:44.958: W/ModuleInitIntentOp(13712): Dropping unexpected action com.google.android.gms.phenotype.COMMITTED
11-16 08:56:44.995: I/TestSupport(13712): AwaitCommitOperation: FlagOverride(com.google.android.gms.auth_account, , Flag(auth_sig_override_enabled, false, 2, 0), true) committed [CONTEXT service_id=133 ]
11-16 08:56:44.995: I/TestSupport(13712): AwaitCommitOperation: no more uncommitted overrides [CONTEXT service_id=133 ]
11-16 08:56:45.098: I/TestSupport(13712): AwaitCommitOperation: * [CONTEXT service_id=133 ]
11-16 08:56:45.105: I/TestSupport(13712): AwaitCommitOperation: FlagOverride(com.google.android.gms.auth_account, , Flag(auth_sig_override_enabled, false, 2, 0), true) committed [CONTEXT service_id=133 ]
11-16 08:56:45.106: I/TestSupport(13712): AwaitCommitOperation: no more uncommitted overrides [CONTEXT service_id=133 ]
11-16 08:56:45.187: I/TSDRIVER(19114): Handled command: PACKAGE
11-16 08:56:45.445: D/AndroidRuntime(19383): >>>>>> START com.android.internal.os.RuntimeInit uid 2000 <<<<<<
11-16 08:56:45.497: I/app_process(19383): The ClassLoaderContext is a special shared library.
11-16 08:56:45.520: D/AndroidRuntime(19383): Calling main entry com.android.commands.am.Am
11-16 08:56:45.524: I/ActivityManager(1163): Force stopping com.google.android.apps.mtaas.tools appid=10156 user=0: start instr
11-16 08:56:45.535: I/ActivityManager(1163): Start proc 19392:com.google.android.apps.mtaas.tools/u0a156 for added application com.google.android.apps.mtaas.tools
11-16 08:56:45.536: E/pps.mtaas.tool(19392): Not starting debugger since process cannot load the jdwp agent.
11-16 08:56:45.556: I/pps.mtaas.tool(19392): The ClassLoaderContext is a special shared library.
11-16 08:56:45.592: I/ActivityManager(1163): Config changes=2004 {1.0 ?mcc?mnc [en] ldltr sw392dp w392dp h713dp 440dpi nrml long hdr widecg port finger -keyb/v/h -nav/h winConfig={ mBounds=Rect(0, 0 - 0, 0) mAppBounds=Rect(0, 0 - 1080, 2028) mWindowingMode=fullscreen mActivityType=undefined} s.9}
11-16 08:56:45.594: D/ActivityManager(1163): Storing locale en for decryption UI
11-16 08:56:45.645: I/ActivityManager(1163): Override config changes=2004 {1.0 ?mcc?mnc [en] ldltr sw392dp w392dp h713dp 440dpi nrml long hdr widecg port finger -keyb/v/h -nav/h winConfig={ mBounds=Rect(0, 0 - 1080, 2028) mAppBounds=Rect(0, 0 - 1080, 2028) mWindowingMode=fullscreen mActivityType=undefined} s.9} for displayId=0
11-16 08:56:45.683: D/ChangeLocale(19392): Instrumentation completed successfully
11-16 08:56:45.685: I/EmojiSearchExtension(3654): onDestroy()
11-16 08:56:45.685: I/EmojiSearchExtension(3654): onDeactivate()
11-16 08:56:45.686: D/LoaderTask(4315): loadWorkspace: loading default favorites
11-16 08:56:45.698: I/ActivityManager(1163): Force stopping com.google.android.apps.mtaas.tools appid=10156 user=0: finished inst
11-16 08:56:45.698: I/ActivityManager(1163): Killing 19392:com.google.android.apps.mtaas.tools/u0a156 (adj 0): stop com.google.android.apps.mtaas.tools
11-16 08:56:45.699: W/libprocessgroup(1163): kill(-19392, 9) failed: No such process
11-16 08:56:45.702: W/Binder(1163): Outgoing transactions from this process must be FLAG_ONEWAY
11-16 08:56:45.702: W/Binder(1163): java.lang.Throwable
11-16 08:56:45.702: W/Binder(1163): 	at android.os.BinderProxy.transact(Binder.java:1116)
11-16 08:56:45.702: W/Binder(1163): 	at android.app.IInstrumentationWatcher$Stub$Proxy.instrumentationFinished(IInstrumentationWatcher.java:164)
11-16 08:56:45.702: W/Binder(1163): 	at com.android.server.am.InstrumentationReporter$MyThread.run(InstrumentationReporter.java:86)
11-16 08:56:45.703: D/AndroidRuntime(19383): Shutting down VM
11-16 08:56:45.713: D/ConnectivityService(1163): releasing NetworkRequest [ TRACK_DEFAULT id=47, [ Capabilities: INTERNET&NOT_RESTRICTED&TRUSTED Unwanted:  Uid: 10107] ] (release request)
11-16 08:56:45.727: I/ActivityManager(1163): Start proc 19410:com.android.carrierdefaultapp/u0a84 for broadcast com.android.carrierdefaultapp/.CarrierDefaultBroadcastReceiver
11-16 08:56:45.728: I/Zygote(725): Process 19392 exited due to signal (9)
11-16 08:56:45.735: E/rrierdefaultap(19410): Not starting debugger since process cannot load the jdwp agent.
11-16 08:56:45.739: I/ModuleManager(3654): Module object of interface com.google.android.apps.inputmethod.libs.search.emoji.EmojiSearchExtension loaded.
11-16 08:56:45.742: W/libprocessgroup(1163): kill(-19392, 9) failed: No such process
11-16 08:56:45.742: I/libprocessgroup(1163): Successfully killed process cgroup uid 10156 pid 19392 in 42ms
11-16 08:56:45.759: I/GoogleInputMethod(3654): onStartInput() : Dummy InputConnection bound
11-16 08:56:45.760: D/CarrierDefaultBroadcastReceiver(19410): onReceive intent: android.intent.action.LOCALE_CHANGED
11-16 08:56:45.762: W/cr_ContextualSearch(14148): Warning, the 0 state was aborted.
11-16 08:56:45.762: I/HWRSuperpacksManager(3654): onEnabledInputMethodEntriesChanged
11-16 08:56:45.762: I/DictSuperpacksManager(3654): onEnabledInputMethodEntriesChanged
11-16 08:56:45.764: I/ActivityManager(1163): Killing 11628:com.google.android.gms:car/u0a7 (adj 906): empty #17
11-16 08:56:45.764: W/libprocessgroup(1163): kill(-11628, 9) failed: No such process
11-16 08:56:45.768: D/QSEECOMAPI(19362): QSEECom_get_handle sb_length = 0x400
11-16 08:56:45.768: D/QSEECOMAPI(19362): App is already loaded QSEE and app id = 1
11-16 08:56:45.770: E/fpc_tac(19362): qsee_km_get_encapsulated_key KEYMASTER_GET_AUTH_TOKEN_KEY returned status=-24
11-16 08:56:45.770: D/QSEECOMAPI(19362): QSEECom_dealloc_memory 
11-16 08:56:45.770: D/QSEECOMAPI(19362): QSEECom_shutdown_app, app_id = 1
11-16 08:56:45.771: E/fpc_fingerprint_hal(19362): fpc_hal_open failed
11-16 08:56:45.772: I/EventHub(1163): Removing device '/dev/input/event3' due to inotify event
11-16 08:56:45.772: I/EventHub(1163): Removed device: path=/dev/input/event3 name=uinput-fpc id=307 fd=109 classes=0x101
11-16 08:56:45.772: W/EventHub(1163): built-in keyboard device /dev/input/event3 (id=307) is closing! the apps will not like this
11-16 08:56:45.773: W/InputReader(1163): Ignoring spurious device removed event for deviceId 307.
11-16 08:56:45.778: I/GoogleInputMethod(3654): onFinishInput() : Dummy InputConnection bound
11-16 08:56:45.778: I/GoogleInputMethod(3654): onStartInput() : Dummy InputConnection bound
11-16 08:56:45.781: I/MediaFocusControl(1163): abandonAudioFocus() from uid/pid 10107/14148 clientId=android.media.AudioManager@af3f8f0org.chromium.content.browser.AudioFocusDelegate@95a4e69
11-16 08:56:45.782: I/ActivityManager(1163): Killing 14183:com.android.chrome:sandboxed_process0/u0a107i0 (adj 0): isolated not needed
11-16 08:56:45.782: E/cr_BrowserInitializer(14148): Killing process because of locale change.
11-16 08:56:45.782: I/Process(14148): Sending signal. PID: 14148 SIG: 9
11-16 08:56:45.787: I/Zygote(3706): Process 14183 exited cleanly (0)
11-16 08:56:45.789: D/QSEECOMAPI(19362): QSEECom_dealloc_memory 
11-16 08:56:45.789: D/QSEECOMAPI(19362): QSEECom_shutdown_app, app_id = 307
11-16 08:56:45.796: D/KernelUidCpuTimeReader(1163): Removing uids 99002-99002
11-16 08:56:45.796: D/KernelUidCpuTimeReader(1163): Removing uids 99003-99003
11-16 08:56:45.796: D/KernelUidCpuTimeReader(1163): Removing uids 99004-99004
11-16 08:56:45.796: I/ActivityManager(1163): Start proc 19432:com.android.cellbroadcastreceiver/u0a62 for broadcast com.android.cellbroadcastreceiver/.PrivilegedCellBroadcastReceiver
11-16 08:56:45.801: I/Zygote(725): Process 11628 exited due to signal (9)
11-16 08:56:45.803: E/oadcastreceive(19432): Not starting debugger since process cannot load the jdwp agent.
11-16 08:56:45.808: W/libprocessgroup(1163): kill(-11628, 9) failed: No such process
11-16 08:56:45.808: I/libprocessgroup(1163): Successfully killed process cgroup uid 10007 pid 11628 in 43ms
11-16 08:56:45.808: W/libprocessgroup(1163): Failed to open process cgroup uid 99000 pid 14183: No such file or directory
11-16 08:56:45.808: E/libprocessgroup(1163): Error encountered killing process cgroup uid 99000 pid 14183: No such file or directory
11-16 08:56:45.810: I/Zygote(726): Process 14212 exited cleanly (0)
11-16 08:56:45.811: I/ActivityManager(1163): Process com.android.chrome:privileged_process0 (pid 14212) has died: fore TOP 
11-16 08:56:45.811: W/ActivityManager(1163): Scheduling restart of crashed service com.android.chrome/org.chromium.content.app.PrivilegedProcessService0 in 1000ms
11-16 08:56:45.812: W/libprocessgroup(1163): kill(-14212, 9) failed: No such process
11-16 08:56:45.812: I/libprocessgroup(1163): Successfully killed process cgroup uid 10107 pid 14212 in 0ms
11-16 08:56:45.829: D/CellBroadcastReceiver(19432): onReceive Intent { act=android.intent.action.LOCALE_CHANGED flg=0x11200010 cmp=com.android.cellbroadcastreceiver/.PrivilegedCellBroadcastReceiver }
11-16 08:56:45.831: W/BroadcastQueue(1163): Exception when sending broadcast to ComponentInfo{com.android.chrome/org.chromium.chrome.browser.locale.LocaleChangedBroadcastReceiver}
11-16 08:56:45.831: W/BroadcastQueue(1163): android.os.DeadObjectException
11-16 08:56:45.831: W/BroadcastQueue(1163): 	at android.os.BinderProxy.transactNative(Native Method)
11-16 08:56:45.831: W/BroadcastQueue(1163): 	at android.os.BinderProxy.transact(Binder.java:1129)
11-16 08:56:45.831: W/BroadcastQueue(1163): 	at android.app.IApplicationThread$Stub$Proxy.scheduleReceiver(IApplicationThread.java:884)
11-16 08:56:45.831: W/BroadcastQueue(1163): 	at com.android.server.am.BroadcastQueue.processCurBroadcastLocked(BroadcastQueue.java:304)
11-16 08:56:45.831: W/BroadcastQueue(1163): 	at com.android.server.am.BroadcastQueue.processNextBroadcastLocked(BroadcastQueue.java:1347)
11-16 08:56:45.831: W/BroadcastQueue(1163): 	at com.android.server.am.ActivityManagerService.finishReceiver(ActivityManagerService.java:22145)
11-16 08:56:45.831: W/BroadcastQueue(1163): 	at android.app.IActivityManager$Stub.onTransact$finishReceiver$(IActivityManager.java:10202)
11-16 08:56:45.831: W/BroadcastQueue(1163): 	at android.app.IActivityManager$Stub.onTransact(IActivityManager.java:189)
11-16 08:56:45.831: W/BroadcastQueue(1163): 	at com.android.server.am.ActivityManagerService.onTransact(ActivityManagerService.java:3297)
11-16 08:56:45.831: W/BroadcastQueue(1163): 	at android.os.Binder.execTransact(Binder.java:731)
11-16 08:56:45.831: W/ActivityManager(1163): Force removing ActivityRecord{4e117d4 u0 com.android.chrome/com.google.android.apps.chrome.Main t3}: app died, no saved state
11-16 08:56:45.832: W/libprocessgroup(1163): kill(-14148, 9) failed: No such process
11-16 08:56:45.832: D/BoundBrokerSvc(13712): onUnbind: Intent { act=com.google.android.gms.safetynet.service.START pkg=com.google.android.gms }
11-16 08:56:45.834: W/WindowManager(1163): Failed to report 'resized' to the client of Window{9c80401 u0 com.android.chrome/com.google.android.apps.chrome.Main}, removing this window.
11-16 08:56:45.837: D/ConnectivityService(1163): ConnectivityService NetworkRequestInfo binderDied(NetworkRequest [ TRACK_DEFAULT id=41, [ Capabilities: INTERNET&NOT_RESTRICTED&TRUSTED Unwanted:  Uid: 10107] ], android.os.BinderProxy@2ec4140)
11-16 08:56:45.837: D/ConnectivityService(1163): ConnectivityService NetworkRequestInfo binderDied(NetworkRequest [ LISTEN id=42, [ Capabilities: INTERNET&NOT_RESTRICTED&TRUSTED Unwanted:  Uid: 10107] ], android.os.BinderProxy@1f97879)
11-16 08:56:45.837: D/ConnectivityService(1163): ConnectivityService NetworkRequestInfo binderDied(NetworkRequest [ LISTEN id=52, [ Capabilities: INTERNET&NOT_RESTRICTED&TRUSTED Unwanted:  Uid: 10107] ], android.os.BinderProxy@8359be)
11-16 08:56:45.837: D/ConnectivityService(1163): ConnectivityService NetworkRequestInfo binderDied(NetworkRequest [ TRACK_DEFAULT id=51, [ Capabilities: INTERNET&NOT_RESTRICTED&TRUSTED Unwanted:  Uid: 10107] ], android.os.BinderProxy@3f4316c)
11-16 08:56:45.837: D/ConnectivityService(1163): ConnectivityService NetworkRequestInfo binderDied(NetworkRequest [ LISTEN id=46, [ Capabilities: INTERNET&NOT_RESTRICTED&TRUSTED Unwanted:  Uid: 10107] ], android.os.BinderProxy@4394a1f)
11-16 08:56:45.837: D/ConnectivityService(1163): ConnectivityService NetworkRequestInfo binderDied(NetworkRequest [ TRACK_DEFAULT id=45, [ Capabilities: INTERNET&NOT_RESTRICTED&TRUSTED Unwanted:  Uid: 10107] ], android.os.BinderProxy@b902335)
11-16 08:56:45.837: D/ConnectivityService(1163): releasing NetworkRequest [ TRACK_DEFAULT id=41, [ Capabilities: INTERNET&NOT_RESTRICTED&TRUSTED Unwanted:  Uid: 10107] ] (release request)
11-16 08:56:45.838: D/ConnectivityService(1163): releasing NetworkRequest [ TRACK_DEFAULT id=51, [ Capabilities: INTERNET&NOT_RESTRICTED&TRUSTED Unwanted:  Uid: 10107] ] (release request)
