11-16 08:56:58.121: E/ExecutionCriteria(11020): Package unavailable for task: com.google.android.apps.gcs/com.google.android.flib.phenotype.services.PhenotypeExperimentCommitService{u=0 tag="PhenotypeExpCommitSvc" trigger=window{start=0s,end=30s,earliest=-1439s,latest=-1409s} requirements=[NET_ANY] attributes=[PERSISTED] scheduled=-1439s last_run=N/A exec_window_multiplier=1.0000 jid=N/A status=PENDING retries=0 client_lib=MANCHEGO_GCM-11732000} [CONTEXT service_id=218 ]
11-16 08:56:58.123: I/earchbox:searc(10107): The ClassLoaderContext is a special shared library.
11-16 08:56:58.155: V/NativeCrypto(10107): Registering com/google/android/gms/org/conscrypt/NativeCrypto's 294 native methods...
11-16 08:56:58.168: W/ty.compose.tes(20608): Class androidx.compose.runtime.snapshots.SnapshotStateList failed lock verification and will run slower.
11-16 08:56:58.168: W/ty.compose.tes(20608): Common causes for lock verification issues are non-optimized dex code
11-16 08:56:58.168: W/ty.compose.tes(20608): and incorrect proguard optimizations.
11-16 08:56:58.174: I/NetworkScheduler.Stats(11020): Task com.google.android.gms/com.google.android.gms.ipa.base.IpaGcmTaskService started execution. cause:9 exec_start_elapsed_seconds: 1537 [CONTEXT service_id=218 ]
11-16 08:56:58.183: D/NetworkSecurityConfig(10107): Using Network Security Config from resource network_security_config debugBuild: false
11-16 08:56:58.184: I/NetworkScheduler.Stats(11020): Task com.google.android.gms/com.google.android.gms.ipa.base.IpaGcmTaskService finished executing. cause:9 result: 1 elapsed_millis: 18 uptime_millis: 18 exec_start_elapsed_seconds: 1537 [CONTEXT service_id=218 ]
11-16 08:56:58.188: I/ProviderInstaller(10107): Installed default security provider GmsCore_OpenSSL
11-16 08:56:58.195: E/ExecutionCriteria(11020): Package unavailable for task: com.google.android.apps.gcs/com.google.android.flib.phenotype.services.PhenotypeExperimentCommitService{u=0 tag="PhenotypeExpCommitSvc" trigger=window{start=0s,end=30s,earliest=-1439s,latest=-1409s} requirements=[NET_ANY] attributes=[PERSISTED] scheduled=-1439s last_run=N/A exec_window_multiplier=1.0000 jid=N/A status=PENDING retries=0 client_lib=MANCHEGO_GCM-11732000} [CONTEXT service_id=218 ]
11-16 08:56:58.212: I/akhr(11020): Scheduling adaptive one off task with window [14400, 604800] in seconds [CONTEXT service_id=51 ]
11-16 08:56:58.239: I/NetworkScheduler.Stats(11020): Task com.google.android.gms/com.google.android.gms.phenotype.service.sync.PhenotypeConfigurator finished executing. cause:5 result: 1 elapsed_millis: 1276 uptime_millis: 1276 exec_start_elapsed_seconds: 1536 [CONTEXT service_id=218 ]
11-16 08:56:58.247: E/ExecutionCriteria(11020): Package unavailable for task: com.google.android.apps.gcs/com.google.android.flib.phenotype.services.PhenotypeExperimentCommitService{u=0 tag="PhenotypeExpCommitSvc" trigger=window{start=0s,end=30s,earliest=-1439s,latest=-1409s} requirements=[NET_ANY] attributes=[PERSISTED] scheduled=-1439s last_run=N/A exec_window_multiplier=1.0000 jid=N/A status=PENDING retries=0 client_lib=MANCHEGO_GCM-11732000} [CONTEXT service_id=218 ]
11-16 08:56:58.271: I/d.configupdate(20267): Waiting for a blocking GC ProfileSaver
11-16 08:56:58.279: I/BgTaskExecutorImpl(10107): Starting NONEXCLUSIVE background task ZIP_DOWNLOAD_PROCESSOR.
11-16 08:56:58.281: W/SearchServiceCore(10107): Abort, client detached.
11-16 08:56:58.285: E/ModelDnldProcssHelpr(10107): pending download info for pending_hotword_model_download_info is null
11-16 08:56:58.285: E/ModelDnldProcssHelpr(10107): pending download info for pending_xgoogle_hotword_model_download_info is null
11-16 08:56:58.291: E/DownloadManagerWrapper(10107): Can't find downloadId=83
11-16 08:56:58.301: W/LanguagePackUpdateContr(10107): Querying download manager failed for ID : 83
11-16 08:56:58.302: W/ty.compose.tes(20608): Accessing hidden method Landroid/view/RenderNode;->create(Ljava/lang/String;Landroid/view/View;)Landroid/view/RenderNode; (light greylist, linking)
11-16 08:56:58.302: W/ty.compose.tes(20608): Accessing hidden method Landroid/view/RenderNode;->getScaleX()F (dark greylist, linking)
11-16 08:56:58.302: W/ty.compose.tes(20608): Accessing hidden method Landroid/view/RenderNode;->discardDisplayList()V (light greylist, linking)
11-16 08:56:58.302: W/ty.compose.tes(20608): Accessing hidden method Landroid/view/DisplayListCanvas;->drawRenderNode(Landroid/view/RenderNode;)V (light greylist, linking)
11-16 08:56:58.302: W/ty.compose.tes(20608): Accessing hidden method Landroid/view/RenderNode;->getScaleX()F (dark greylist, linking)
11-16 08:56:58.302: W/ty.compose.tes(20608): Accessing hidden method Landroid/view/RenderNode;->getAlpha()F (dark greylist, linking)
11-16 08:56:58.302: W/ty.compose.tes(20608): Accessing hidden method Landroid/view/RenderNode;->getCameraDistance()F (dark greylist, linking)
11-16 08:56:58.302: W/ty.compose.tes(20608): Accessing hidden method Landroid/view/RenderNode;->getClipToOutline()Z (dark greylist, linking)
11-16 08:56:58.302: W/ty.compose.tes(20608): Accessing hidden method Landroid/view/RenderNode;->getElevation()F (dark greylist, linking)
11-16 08:56:58.302: W/ty.compose.tes(20608): Accessing hidden method Landroid/view/RenderNode;->isValid()Z (light greylist, linking)
11-16 08:56:58.302: W/ty.compose.tes(20608): Accessing hidden method Landroid/view/RenderNode;->getInverseMatrix(Landroid/graphics/Matrix;)V (dark greylist, linking)
11-16 08:56:58.302: W/ty.compose.tes(20608): Accessing hidden method Landroid/view/RenderNode;->getMatrix(Landroid/graphics/Matrix;)V (dark greylist, linking)
11-16 08:56:58.302: W/ty.compose.tes(20608): Accessing hidden method Landroid/view/RenderNode;->getPivotX()F (dark greylist, linking)
11-16 08:56:58.302: W/ty.compose.tes(20608): Accessing hidden method Landroid/view/RenderNode;->getPivotY()F (dark greylist, linking)
11-16 08:56:58.302: W/ty.compose.tes(20608): Accessing hidden method Landroid/view/RenderNode;->getRotationX()F (dark greylist, linking)
11-16 08:56:58.302: W/ty.compose.tes(20608): Accessing hidden method Landroid/view/RenderNode;->getRotationY()F (dark greylist, linking)
11-16 08:56:58.302: W/ty.compose.tes(20608): Accessing hidden method Landroid/view/RenderNode;->getRotation()F (dark greylist, linking)
11-16 08:56:58.302: W/ty.compose.tes(20608): Accessing hidden method Landroid/view/RenderNode;->getScaleX()F (dark greylist, linking)
11-16 08:56:58.302: W/ty.compose.tes(20608): Accessing hidden method Landroid/view/RenderNode;->getScaleY()F (dark greylist, linking)
11-16 08:56:58.302: W/ty.compose.tes(20608): Accessing hidden method Landroid/view/RenderNode;->getTranslationX()F (dark greylist, linking)
11-16 08:56:58.302: W/ty.compose.tes(20608): Accessing hidden method Landroid/view/RenderNode;->getTranslationY()F (dark greylist, linking)
11-16 08:56:58.302: W/ty.compose.tes(20608): Accessing hidden method Landroid/view/RenderNode;->offsetLeftAndRight(I)Z (light greylist, linking)
11-16 08:56:58.302: W/ty.compose.tes(20608): Accessing hidden method Landroid/view/RenderNode;->offsetTopAndBottom(I)Z (dark greylist, linking)
11-16 08:56:58.302: W/ty.compose.tes(20608): Accessing hidden method Landroid/view/RenderNode;->start(II)Landroid/view/DisplayListCanvas; (light greylist, linking)
11-16 08:56:58.302: W/ty.compose.tes(20608): Accessing hidden method Landroid/view/RenderNode;->end(Landroid/view/DisplayListCanvas;)V (light greylist, linking)
11-16 08:56:58.302: W/ty.compose.tes(20608): Accessing hidden method Landroid/view/RenderNode;->setAlpha(F)Z (dark greylist, linking)
11-16 08:56:58.302: W/ty.compose.tes(20608): Accessing hidden method Landroid/view/RenderNode;->setCameraDistance(F)Z (dark greylist, linking)
11-16 08:56:58.302: W/ty.compose.tes(20608): Accessing hidden method Landroid/view/RenderNode;->setClipToBounds(Z)Z (light greylist, linking)
11-16 08:56:58.302: W/ty.compose.tes(20608): Accessing hidden method Landroid/view/RenderNode;->setClipToOutline(Z)Z (dark greylist, linking)
11-16 08:56:58.302: W/ty.compose.tes(20608): Accessing hidden method Landroid/view/RenderNode;->setElevation(F)Z (dark greylist, linking)
11-16 08:56:58.302: W/ty.compose.tes(20608): Accessing hidden method Landroid/view/RenderNode;->setHasOverlappingRendering(Z)Z (light greylist, linking)
11-16 08:56:58.302: W/ty.compose.tes(20608): Accessing hidden method Landroid/view/RenderNode;->setOutline(Landroid/graphics/Outline;)Z (dark greylist, linking)
11-16 08:56:58.302: W/ty.compose.tes(20608): Accessing hidden method Landroid/view/RenderNode;->setPivotX(F)Z (dark greylist, linking)
11-16 08:56:58.302: W/ty.compose.tes(20608): Accessing hidden method Landroid/view/RenderNode;->setPivotY(F)Z (dark greylist, linking)
11-16 08:56:58.302: W/ty.compose.tes(20608): Accessing hidden method Landroid/view/RenderNode;->setLeftTopRightBottom(IIII)Z (light greylist, linking)
11-16 08:56:58.303: W/ty.compose.tes(20608): Accessing hidden method Landroid/view/RenderNode;->setRotationX(F)Z (dark greylist, linking)
11-16 08:56:58.303: W/ty.compose.tes(20608): Accessing hidden method Landroid/view/RenderNode;->setRotationY(F)Z (dark greylist, linking)
11-16 08:56:58.303: W/ty.compose.tes(20608): Accessing hidden method Landroid/view/RenderNode;->setRotation(F)Z (dark greylist, linking)
11-16 08:56:58.303: W/ty.compose.tes(20608): Accessing hidden method Landroid/view/RenderNode;->setScaleX(F)Z (dark greylist, linking)
11-16 08:56:58.303: W/ty.compose.tes(20608): Accessing hidden method Landroid/view/RenderNode;->setScaleY(F)Z (dark greylist, linking)
11-16 08:56:58.303: W/ty.compose.tes(20608): Accessing hidden method Landroid/view/RenderNode;->setTranslationX(F)Z (dark greylist, linking)
11-16 08:56:58.303: W/ty.compose.tes(20608): Accessing hidden method Landroid/view/RenderNode;->setTranslationY(F)Z (dark greylist, linking)
11-16 08:56:58.303: W/ty.compose.tes(20608): Accessing hidden method Landroid/view/RenderNode;->getScaleX()F (dark greylist, linking)
11-16 08:56:58.308: W/SearchServiceCore(10107): Abort, client detached.
11-16 08:56:58.322: D/LifecycleMonitor(20608): Lifecycle status change: androidx.test.core.app.InstrumentationActivityInvoker$BootstrapActivity@b1a5eb4 in: STOPPED
11-16 08:56:58.322: V/ActivityScenario(20608): Activity lifecycle changed event received but ignored because the intent does not match. startActivityIntent=Intent { act=android.intent.action.MAIN cat=[android.intent.category.LAUNCHER] cmp=androidx.activity.compose.test/androidx.activity.ComponentActivity }, activity.getIntent()=Intent { act=android.intent.action.MAIN cat=[android.intent.category.LAUNCHER] flg=0x10008000 cmp=androidx.activity.compose.test/androidx.test.core.app.InstrumentationActivityInvoker$BootstrapActivity (has extras) }, activity=androidx.test.core.app.InstrumentationActivityInvoker$BootstrapActivity@b1a5eb4
11-16 08:56:58.324: D/EventInjectionStrategy(20608): Creating injection strategy with input manager.
11-16 08:56:58.325: W/ty.compose.tes(20608): Accessing hidden method Landroid/hardware/input/InputManager;->getInstance()Landroid/hardware/input/InputManager; (light greylist, reflection)
11-16 08:56:58.325: W/ty.compose.tes(20608): Accessing hidden method Landroid/hardware/input/InputManager;->injectInputEvent(Landroid/view/InputEvent;I)Z (light greylist, reflection)
11-16 08:56:58.325: W/ty.compose.tes(20608): Accessing hidden field Landroid/hardware/input/InputManager;->INJECT_INPUT_EVENT_MODE_WAIT_FOR_FINISH:I (light greylist, reflection)
11-16 08:56:58.332: D/IdlingResourceRegistry(20608): All idling resources are idle.
11-16 08:56:58.334: W/ty.compose.tes(20608): Accessing hidden method Landroid/os/MessageQueue;->next()Landroid/os/Message; (light greylist, reflection)
11-16 08:56:58.334: W/ty.compose.tes(20608): Accessing hidden field Landroid/os/MessageQueue;->mMessages:Landroid/os/Message; (light greylist, reflection)
11-16 08:56:58.334: W/ty.compose.tes(20608): Accessing hidden method Landroid/os/Message;->recycleUnchecked()V (light greylist, reflection)
11-16 08:56:58.336: E/Backup(13712): [BackupTransportMigratorChimeraService] Could not migrate transport!
11-16 08:56:58.338: I/Backup(13712): [BackupTransportMigratorChimeraService] Starting migration...
11-16 08:56:58.338: D/IdlingResourceRegistry(20608): All idling resources are idle.
11-16 08:56:58.407: I/ActivityManager(1163): Killing 11042:com.google.android.apps.messaging/u0a111 (adj 906): empty #17
11-16 08:56:58.345: I/chatty(20608): uid=10172(androidx.activity.compose.test) identical 1 line
11-16 08:56:58.345: D/IdlingResourceRegistry(20608): All idling resources are idle.
11-16 08:56:58.408: W/libprocessgroup(1163): kill(-11042, 9) failed: No such process
11-16 08:56:58.414: W/libprocessgroup(1163): kill(-11042, 9) failed: No such process
11-16 08:56:58.416: D/BoundBrokerSvc(13712): onUnbind: Intent { act=com.google.android.gms.auth.service.START pkg=com.google.android.gms }
11-16 08:56:58.424: D/IdlingResourceRegistry(20608): All idling resources are idle.
11-16 08:56:58.432: I/ActivityManager(1163): START u0 {act=android.intent.action.MAIN cat=[android.intent.category.LAUNCHER] flg=0x10000000 cmp=androidx.activity.compose.test/androidx.test.core.app.InstrumentationActivityInvoker$EmptyActivity} from uid 10172
11-16 08:56:58.435: D/android.hardware.power@1.3-service.crosshatch-libperfmgr(764): LAUNCH ON
11-16 08:56:58.438: D/LifecycleMonitor(20608): Lifecycle status change: androidx.activity.ComponentActivity@18b9911 in: PAUSED
11-16 08:56:58.439: V/ActivityScenario(20608): Update currentActivityStage to PAUSED, currentActivity=androidx.activity.ComponentActivity@18b9911
11-16 08:56:58.442: W/ActivityThread(20608): handleWindowVisibility: no activity for token android.os.BinderProxy@b45fce2
11-16 08:56:58.445: W/libprocessgroup(1163): kill(-11042, 9) failed: No such process
11-16 08:56:58.447: I/Zygote(725): Process 11042 exited due to signal (9)
11-16 08:56:58.449: D/LifecycleMonitor(20608): Lifecycle status change: androidx.test.core.app.InstrumentationActivityInvoker$EmptyActivity@f8feba9 in: PRE_ON_CREATE
11-16 08:56:58.449: V/ActivityScenario(20608): Activity lifecycle changed event received but ignored because the intent does not match. startActivityIntent=Intent { act=android.intent.action.MAIN cat=[android.intent.category.LAUNCHER] cmp=androidx.activity.compose.test/androidx.activity.ComponentActivity }, activity.getIntent()=Intent { act=android.intent.action.MAIN cat=[android.intent.category.LAUNCHER] flg=0x10000000 cmp=androidx.activity.compose.test/androidx.test.core.app.InstrumentationActivityInvoker$EmptyActivity }, activity=androidx.test.core.app.InstrumentationActivityInvoker$EmptyActivity@f8feba9
11-16 08:56:58.455: D/LifecycleMonitor(20608): Lifecycle status change: androidx.test.core.app.InstrumentationActivityInvoker$EmptyActivity@f8feba9 in: CREATED
11-16 08:56:58.456: V/ActivityScenario(20608): Activity lifecycle changed event received but ignored because the intent does not match. startActivityIntent=Intent { act=android.intent.action.MAIN cat=[android.intent.category.LAUNCHER] cmp=androidx.activity.compose.test/androidx.activity.ComponentActivity }, activity.getIntent()=Intent { act=android.intent.action.MAIN cat=[android.intent.category.LAUNCHER] flg=0x10000000 cmp=androidx.activity.compose.test/androidx.test.core.app.InstrumentationActivityInvoker$EmptyActivity }, activity=androidx.test.core.app.InstrumentationActivityInvoker$EmptyActivity@f8feba9
11-16 08:56:58.457: D/LifecycleMonitor(20608): Lifecycle status change: androidx.test.core.app.InstrumentationActivityInvoker$EmptyActivity@f8feba9 in: STARTED
11-16 08:56:58.458: V/ActivityScenario(20608): Activity lifecycle changed event received but ignored because the intent does not match. startActivityIntent=Intent { act=android.intent.action.MAIN cat=[android.intent.category.LAUNCHER] cmp=androidx.activity.compose.test/androidx.activity.ComponentActivity }, activity.getIntent()=Intent { act=android.intent.action.MAIN cat=[android.intent.category.LAUNCHER] flg=0x10000000 cmp=androidx.activity.compose.test/androidx.test.core.app.InstrumentationActivityInvoker$EmptyActivity }, activity=androidx.test.core.app.InstrumentationActivityInvoker$EmptyActivity@f8feba9
11-16 08:56:58.459: D/LifecycleMonitor(20608): Lifecycle status change: androidx.test.core.app.InstrumentationActivityInvoker$EmptyActivity@f8feba9 in: RESUMED
11-16 08:56:58.459: V/ActivityScenario(20608): Activity lifecycle changed event received but ignored because the intent does not match. startActivityIntent=Intent { act=android.intent.action.MAIN cat=[android.intent.category.LAUNCHER] cmp=androidx.activity.compose.test/androidx.activity.ComponentActivity }, activity.getIntent()=Intent { act=android.intent.action.MAIN cat=[android.intent.category.LAUNCHER] flg=0x10000000 cmp=androidx.activity.compose.test/androidx.test.core.app.InstrumentationActivityInvoker$EmptyActivity }, activity=androidx.test.core.app.InstrumentationActivityInvoker$EmptyActivity@f8feba9
11-16 08:56:58.462: W/libprocessgroup(1163): kill(-11042, 9) failed: No such process
11-16 08:56:58.462: I/libprocessgroup(1163): Successfully killed process cgroup uid 10111 pid 11042 in 53ms
11-16 08:56:58.480: W/DynamiteModule(20931): Local module descriptor class for providerinstaller not found.
11-16 08:56:58.484: I/DynamiteModule(20931): Considering local module providerinstaller:0 and remote module providerinstaller:0
11-16 08:56:58.484: W/ProviderInstaller(20931): Failed to load providerinstaller module: No acceptable module found. Local version is 0 and remote version is 0.
11-16 08:56:58.486: W/ps.walletnfcre(20931): Unknown chunk type '200'.
11-16 08:56:58.489: I/ps.walletnfcre(20931): The ClassLoaderContext is a special shared library.
11-16 08:56:58.490: I/chatty(20931): uid=10152(com.google.android.apps.walletnfcrel) identical 1 line
11-16 08:56:58.490: I/ps.walletnfcre(20931): The ClassLoaderContext is a special shared library.
11-16 08:56:58.492: I/GoogleInputMethod(3654): onFinishInput() : Dummy InputConnection bound
11-16 08:56:58.493: I/GoogleInputMethod(3654): onStartInput() : Dummy InputConnection bound
11-16 08:56:58.493: I/ActivityManager(1163): START u0 {act=android.intent.action.MAIN cat=[android.intent.category.LAUNCHER] flg=0x10000000 cmp=androidx.activity.compose.test/androidx.test.core.app.InstrumentationActivityInvoker$EmptyActivity} from uid 10172
11-16 08:56:58.494: D/android.hardware.power@1.3-service.crosshatch-libperfmgr(764): LAUNCH ON
11-16 08:56:58.501: V/NativeCrypto(20931): Registering com/google/android/gms/org/conscrypt/NativeCrypto's 294 native methods...
11-16 08:56:58.514: D/NetworkSecurityConfig(20931): No Network Security Config specified, using platform default
11-16 08:56:58.515: I/ProviderInstaller(20931): Installed default security provider GmsCore_OpenSSL
11-16 08:56:58.520: D/LifecycleMonitor(20608): Lifecycle status change: androidx.test.core.app.InstrumentationActivityInvoker$EmptyActivity@f8feba9 in: PAUSED
11-16 08:56:58.520: V/ActivityScenario(20608): Activity lifecycle changed event received but ignored because the intent does not match. startActivityIntent=Intent { act=android.intent.action.MAIN cat=[android.intent.category.LAUNCHER] cmp=androidx.activity.compose.test/androidx.activity.ComponentActivity }, activity.getIntent()=Intent { act=android.intent.action.MAIN cat=[android.intent.category.LAUNCHER] flg=0x10000000 cmp=androidx.activity.compose.test/androidx.test.core.app.InstrumentationActivityInvoker$EmptyActivity }, activity=androidx.test.core.app.InstrumentationActivityInvoker$EmptyActivity@f8feba9
11-16 08:56:58.531: D/LifecycleMonitor(20608): Lifecycle status change: androidx.test.core.app.InstrumentationActivityInvoker$BootstrapActivity@b1a5eb4 in: DESTROYED
11-16 08:56:58.531: V/ActivityScenario(20608): Activity lifecycle changed event received but ignored because the intent does not match. startActivityIntent=Intent { act=android.intent.action.MAIN cat=[android.intent.category.LAUNCHER] cmp=androidx.activity.compose.test/androidx.activity.ComponentActivity }, activity.getIntent()=Intent { act=android.intent.action.MAIN cat=[android.intent.category.LAUNCHER] flg=0x10008000 cmp=androidx.activity.compose.test/androidx.test.core.app.InstrumentationActivityInvoker$BootstrapActivity (has extras) }, activity=androidx.test.core.app.InstrumentationActivityInvoker$BootstrapActivity@b1a5eb4
11-16 08:56:58.532: W/ActivityThread(20608): handleWindowVisibility: no activity for token android.os.BinderProxy@4d866e1
11-16 08:56:58.537: D/LifecycleMonitor(20608): Lifecycle status change: androidx.test.core.app.InstrumentationActivityInvoker$EmptyActivity@ae3a2c7 in: PRE_ON_CREATE
11-16 08:56:58.537: V/ActivityScenario(20608): Activity lifecycle changed event received but ignored because the intent does not match. startActivityIntent=Intent { act=android.intent.action.MAIN cat=[android.intent.category.LAUNCHER] cmp=androidx.activity.compose.test/androidx.activity.ComponentActivity }, activity.getIntent()=Intent { act=android.intent.action.MAIN cat=[android.intent.category.LAUNCHER] flg=0x10000000 cmp=androidx.activity.compose.test/androidx.test.core.app.InstrumentationActivityInvoker$EmptyActivity }, activity=androidx.test.core.app.InstrumentationActivityInvoker$EmptyActivity@ae3a2c7
11-16 08:56:58.543: D/LifecycleMonitor(20608): Lifecycle status change: androidx.test.core.app.InstrumentationActivityInvoker$EmptyActivity@ae3a2c7 in: CREATED
11-16 08:56:58.543: V/ActivityScenario(20608): Activity lifecycle changed event received but ignored because the intent does not match. startActivityIntent=Intent { act=android.intent.action.MAIN cat=[android.intent.category.LAUNCHER] cmp=androidx.activity.compose.test/androidx.activity.ComponentActivity }, activity.getIntent()=Intent { act=android.intent.action.MAIN cat=[android.intent.category.LAUNCHER] flg=0x10000000 cmp=androidx.activity.compose.test/androidx.test.core.app.InstrumentationActivityInvoker$EmptyActivity }, activity=androidx.test.core.app.InstrumentationActivityInvoker$EmptyActivity@ae3a2c7
11-16 08:56:58.545: D/LifecycleMonitor(20608): Lifecycle status change: androidx.test.core.app.InstrumentationActivityInvoker$EmptyActivity@ae3a2c7 in: STARTED
11-16 08:56:58.545: V/ActivityScenario(20608): Activity lifecycle changed event received but ignored because the intent does not match. startActivityIntent=Intent { act=android.intent.action.MAIN cat=[android.intent.category.LAUNCHER] cmp=androidx.activity.compose.test/androidx.activity.ComponentActivity }, activity.getIntent()=Intent { act=android.intent.action.MAIN cat=[android.intent.category.LAUNCHER] flg=0x10000000 cmp=androidx.activity.compose.test/androidx.test.core.app.InstrumentationActivityInvoker$EmptyActivity }, activity=androidx.test.core.app.InstrumentationActivityInvoker$EmptyActivity@ae3a2c7
11-16 08:56:58.547: D/LifecycleMonitor(20608): Lifecycle status change: androidx.test.core.app.InstrumentationActivityInvoker$EmptyActivity@ae3a2c7 in: RESUMED
11-16 08:56:58.547: V/ActivityScenario(20608): Activity lifecycle changed event received but ignored because the intent does not match. startActivityIntent=Intent { act=android.intent.action.MAIN cat=[android.intent.category.LAUNCHER] cmp=androidx.activity.compose.test/androidx.activity.ComponentActivity }, activity.getIntent()=Intent { act=android.intent.action.MAIN cat=[android.intent.category.LAUNCHER] flg=0x10000000 cmp=androidx.activity.compose.test/androidx.test.core.app.InstrumentationActivityInvoker$EmptyActivity }, activity=androidx.test.core.app.InstrumentationActivityInvoker$EmptyActivity@ae3a2c7
11-16 08:56:58.553: D/ImsResolver(3805): maybeAddedImsService, packageName: com.google.android.gms
11-16 08:56:58.564: W/system_server(1163): Unknown chunk type '200'.
11-16 08:56:58.565: D/SurfaceFlinger(639): duplicate layer name: changing androidx.activity.compose.test/androidx.test.core.app.InstrumentationActivityInvoker$EmptyActivity to androidx.activity.compose.test/androidx.test.core.app.InstrumentationActivityInvoker$EmptyActivity#1
11-16 08:56:58.566: D/RegisteredNfcFServicesCache(4148): Service unchanged, not updating
11-16 08:56:58.567: I/InputReader(1163): Reconfiguring input devices.  changes=0x00000010
11-16 08:56:58.572: W/ActivityManager(1163): Duplicate finish request for ActivityRecord{3967f0b u0 androidx.activity.compose.test/androidx.activity.ComponentActivity t6 f}
11-16 08:56:58.574: I/GoogleInputMethod(3654): onFinishInput() : Dummy InputConnection bound
11-16 08:56:58.575: I/GoogleInputMethod(3654): onStartInput() : Dummy InputConnection bound
11-16 08:56:58.576: E/PhoneInterfaceManager(3805): [PhoneIntfMgr] getCarrierPackageNamesForIntent: No UICC
11-16 08:56:58.576: D/CarrierSvcBindHelper(3805): No carrier app for: 0
11-16 08:56:58.579: I/Fitness(11020): OnPackageChangedOperation got intent: Intent { act=android.intent.action.PACKAGE_CHANGED dat=package:com.google.android.gms flg=0x45000010 pkg=com.google.android.gms cmp=com.google.android.gms/.chimera.PersistentIntentOperationService (has extras) } [CONTEXT service_id=17 ]
11-16 08:56:58.592: I/Telecom(1163): DefaultDialerCache: Refreshing default dialer for user 0: now com.google.android.dialer: DDC.oR@AKU
11-16 08:56:58.602: D/LifecycleMonitor(20608): Lifecycle status change: androidx.test.core.app.InstrumentationActivityInvoker$EmptyActivity@f8feba9 in: STOPPED
11-16 08:56:58.602: V/ActivityScenario(20608): Activity lifecycle changed event received but ignored because the intent does not match. startActivityIntent=Intent { act=android.intent.action.MAIN cat=[android.intent.category.LAUNCHER] cmp=androidx.activity.compose.test/androidx.activity.ComponentActivity }, activity.getIntent()=Intent { act=android.intent.action.MAIN cat=[android.intent.category.LAUNCHER] flg=0x10000000 cmp=androidx.activity.compose.test/androidx.test.core.app.InstrumentationActivityInvoker$EmptyActivity }, activity=androidx.test.core.app.InstrumentationActivityInvoker$EmptyActivity@f8feba9
11-16 08:56:58.604: I/BackgroundTaskManager(20931): Executing task PhenotypeRegistrationTask.phenotype_registration with PARALLEL execution policy.
11-16 08:56:58.605: D/LifecycleMonitor(20608): Lifecycle status change: androidx.test.core.app.InstrumentationActivityInvoker$EmptyActivity@f8feba9 in: DESTROYED
11-16 08:56:58.605: V/ActivityScenario(20608): Activity lifecycle changed event received but ignored because the intent does not match. startActivityIntent=Intent { act=android.intent.action.MAIN cat=[android.intent.category.LAUNCHER] cmp=androidx.activity.compose.test/androidx.activity.ComponentActivity }, activity.getIntent()=Intent { act=android.intent.action.MAIN cat=[android.intent.category.LAUNCHER] flg=0x10000000 cmp=androidx.activity.compose.test/androidx.test.core.app.InstrumentationActivityInvoker$EmptyActivity }, activity=androidx.test.core.app.InstrumentationActivityInvoker$EmptyActivity@f8feba9
11-16 08:56:58.615: D/LifecycleMonitor(20608): Lifecycle status change: androidx.test.core.app.InstrumentationActivityInvoker$EmptyActivity@ae3a2c7 in: PAUSED
11-16 08:56:58.616: V/ActivityScenario(20608): Activity lifecycle changed event received but ignored because the intent does not match. startActivityIntent=Intent { act=android.intent.action.MAIN cat=[android.intent.category.LAUNCHER] cmp=androidx.activity.compose.test/androidx.activity.ComponentActivity }, activity.getIntent()=Intent { act=android.intent.action.MAIN cat=[android.intent.category.LAUNCHER] flg=0x10000000 cmp=androidx.activity.compose.test/androidx.test.core.app.InstrumentationActivityInvoker$EmptyActivity }, activity=androidx.test.core.app.InstrumentationActivityInvoker$EmptyActivity@ae3a2c7
11-16 08:56:58.622: I/Icing(13712): updateResources: need to parse zml{com.google.android.gms}
11-16 08:56:58.622: W/ChimeraUtils(11020): Module com.google.android.gms.nearby_en has empty metadata display_name_string_id
11-16 08:56:58.629: I/PeopleGalProvider(13712): Gal directories started.
11-16 08:56:58.631: I/BackdropActivity(19526): onResume()
11-16 08:56:58.637: I/ActivityManager(1163): Activity requesting to dismiss Keyguard: ActivityRecord{c55c842 u0 com.google.android.apps.mtaas.backdrop/.BackdropActivity t4}
11-16 08:56:58.640: I/Fitness(11020): FitCleanupIntentOperation received Intent android.intent.action.PACKAGE_CHANGED [CONTEXT service_id=17 ]
11-16 08:56:58.649: I/PeopleGalProvider(13712): Method 1 completed.
11-16 08:56:58.649: I/PeopleGalProvider(13712): Method 1 finished successfully.
11-16 08:56:58.652: I/GoogleInputMethod(3654): onFinishInput() : Dummy InputConnection bound
11-16 08:56:58.652: I/GoogleInputMethod(3654): onStartInput() : Dummy InputConnection bound
11-16 08:56:58.657: D/LifecycleMonitor(20608): Lifecycle status change: androidx.activity.ComponentActivity@18b9911 in: STOPPED
11-16 08:56:58.657: V/ActivityScenario(20608): Update currentActivityStage to STOPPED, currentActivity=androidx.activity.ComponentActivity@18b9911
11-16 08:56:58.665: D/android.hardware.power@1.3-service.crosshatch-libperfmgr(764): LAUNCH OFF
11-16 08:56:58.666: D/LifecycleMonitor(20608): Lifecycle status change: androidx.activity.ComponentActivity@18b9911 in: DESTROYED
11-16 08:56:58.666: V/ActivityScenario(20608): Update currentActivityStage to DESTROYED, currentActivity=null
11-16 08:56:58.682: I/Adreno(1163): QUALCOMM build                   : 3f88ca2, I42f6fe38fb
11-16 08:56:58.682: I/Adreno(1163): Build Date                       : 07/13/18
11-16 08:56:58.682: I/Adreno(1163): OpenGL ES Shader Compiler Version: EV031.24.00.00
11-16 08:56:58.682: I/Adreno(1163): Local Branch                     : 50.04
11-16 08:56:58.682: I/Adreno(1163): Remote Branch                    : 
11-16 08:56:58.682: I/Adreno(1163): Remote Branch                    : 
11-16 08:56:58.682: I/Adreno(1163): Reconstruct Branch               : 
11-16 08:56:58.682: I/Adreno(1163): Build Config                     : S P 4.0.10 AArch64
11-16 08:56:58.686: D/LifecycleMonitor(20608): Lifecycle status change: androidx.test.core.app.InstrumentationActivityInvoker$EmptyActivity@ae3a2c7 in: STOPPED
11-16 08:56:58.686: V/ActivityScenario(20608): Activity lifecycle changed event received but ignored because the intent does not match. startActivityIntent=Intent { act=android.intent.action.MAIN cat=[android.intent.category.LAUNCHER] cmp=androidx.activity.compose.test/androidx.activity.ComponentActivity }, activity.getIntent()=Intent { act=android.intent.action.MAIN cat=[android.intent.category.LAUNCHER] flg=0x10000000 cmp=androidx.activity.compose.test/androidx.test.core.app.InstrumentationActivityInvoker$EmptyActivity }, activity=androidx.test.core.app.InstrumentationActivityInvoker$EmptyActivity@ae3a2c7
11-16 08:56:58.687: E/libc(1163): Access denied finding property "vendor.debug.prerotation.disable"
11-16 08:56:58.687: E/libc(1163): Access denied finding property "vendor.debug.prerotation.disable"
11-16 08:56:58.688: I/Adreno(1163): PFP: 0x016ee170, ME: 0x00000000
11-16 08:56:58.688: E/libc(1163): Access denied finding property "vendor.debug.prerotation.disable"
11-16 08:56:58.688: I/ConfigStore(1163): android::hardware::configstore::V1_0::ISurfaceFlingerConfigs::hasWideColorDisplay retrieved: 1
11-16 08:56:58.688: I/ConfigStore(1163): android::hardware::configstore::V1_0::ISurfaceFlingerConfigs::hasHDRDisplay retrieved: 1
11-16 08:56:58.689: I/OpenGLRenderer(1163): Initialized EGL, version 1.4
11-16 08:56:58.689: D/OpenGLRenderer(1163): Swap behavior 2
11-16 08:56:58.694: D/BoundBrokerSvc(11020): onBind: Intent { act=com.google.android.gms.tapandpay.service.BIND pkg=com.google.android.gms }
11-16 08:56:58.694: D/BoundBrokerSvc(11020): Loading bound service for intent: Intent { act=com.google.android.gms.tapandpay.service.BIND pkg=com.google.android.gms }
11-16 08:56:58.695: D/LifecycleMonitor(20608): Lifecycle status change: androidx.test.core.app.InstrumentationActivityInvoker$EmptyActivity@ae3a2c7 in: DESTROYED
11-16 08:56:58.695: V/ActivityScenario(20608): Activity lifecycle changed event received but ignored because the intent does not match. startActivityIntent=Intent { act=android.intent.action.MAIN cat=[android.intent.category.LAUNCHER] cmp=androidx.activity.compose.test/androidx.activity.ComponentActivity }, activity.getIntent()=Intent { act=android.intent.action.MAIN cat=[android.intent.category.LAUNCHER] flg=0x10000000 cmp=androidx.activity.compose.test/androidx.test.core.app.InstrumentationActivityInvoker$EmptyActivity }, activity=androidx.test.core.app.InstrumentationActivityInvoker$EmptyActivity@ae3a2c7
11-16 08:56:58.710: W/SurfaceFlinger(639): Attempting to destroy on removed layer: AppWindowToken{c026abc token=Token{b4256af ActivityRecord{9ad7e8e u0 androidx.activity.compose.test/androidx.test.core.app.InstrumentationActivityInvoker$EmptyActivity t6}}}#0
11-16 08:56:58.718: I/TestRunner(20608): finished: testLaunchWithSameContract(androidx.activity.compose.ActivityResultRegistryTest)
11-16 08:56:58.728: I/TestRunner(20608): started: testRecomposeAfterLaunch(androidx.activity.compose.ActivityResultRegistryTest)
11-16 08:56:58.751: W/Settings(20608): Setting always_finish_activities has moved from android.provider.Settings.System to android.provider.Settings.Global, returning read-only value.
11-16 08:56:58.758: I/ActivityManager(1163): START u0 {act=android.intent.action.MAIN cat=[android.intent.category.LAUNCHER] flg=0x10008000 cmp=androidx.activity.compose.test/androidx.test.core.app.InstrumentationActivityInvoker$BootstrapActivity (has extras)} from uid 10172
11-16 08:56:58.759: W/Binder(1163): Outgoing transactions from this process must be FLAG_ONEWAY
11-16 08:56:58.759: W/Binder(1163): java.lang.Throwable
11-16 08:56:58.759: W/Binder(1163): 	at android.os.BinderProxy.transact(Binder.java:1116)
11-16 08:56:58.759: W/Binder(1163): 	at com.android.internal.location.ILocationProvider$Stub$Proxy.getProperties(ILocationProvider.java:236)
11-16 08:56:58.759: W/Binder(1163): 	at com.android.server.location.LocationProviderProxy$1$1.run(LocationProviderProxy.java:117)
11-16 08:56:58.759: W/Binder(1163): 	at com.android.server.ServiceWatcher.runOnBinder(ServiceWatcher.java:425)
11-16 08:56:58.759: W/Binder(1163): 	at com.android.server.location.LocationProviderProxy$1.run(LocationProviderProxy.java:111)
11-16 08:56:58.759: W/Binder(1163): 	at android.os.Handler.handleCallback(Handler.java:873)
11-16 08:56:58.759: W/Binder(1163): 	at android.os.Handler.dispatchMessage(Handler.java:99)
11-16 08:56:58.759: W/Binder(1163): 	at android.os.Looper.loop(Looper.java:193)
11-16 08:56:58.759: W/Binder(1163): 	at android.os.HandlerThread.run(HandlerThread.java:65)
11-16 08:56:58.760: W/Binder(1163): Outgoing transactions from this process must be FLAG_ONEWAY
11-16 08:56:58.760: W/Binder(1163): java.lang.Throwable
11-16 08:56:58.760: W/Binder(1163): 	at android.os.BinderProxy.transact(Binder.java:1116)
11-16 08:56:58.760: W/Binder(1163): 	at com.android.internal.location.ILocationProvider$Stub$Proxy.getProperties(ILocationProvider.java:236)
11-16 08:56:58.760: W/Binder(1163): 	at com.android.server.location.LocationProviderProxy$1$1.run(LocationProviderProxy.java:117)
11-16 08:56:58.760: W/Binder(1163): 	at com.android.server.ServiceWatcher.runOnBinder(ServiceWatcher.java:425)
11-16 08:56:58.760: W/Binder(1163): 	at com.android.server.location.LocationProviderProxy$1.run(LocationProviderProxy.java:111)
11-16 08:56:58.760: W/Binder(1163): 	at android.os.Handler.handleCallback(Handler.java:873)
11-16 08:56:58.760: W/Binder(1163): 	at android.os.Handler.dispatchMessage(Handler.java:99)
11-16 08:56:58.760: W/Binder(1163): 	at android.os.Looper.loop(Looper.java:193)
11-16 08:56:58.760: W/Binder(1163): 	at android.os.HandlerThread.run(HandlerThread.java:65)
11-16 08:56:58.762: I/Icing(13712): Indexing com.google.android.gms-apps from com.google.android.gms
11-16 08:56:58.764: D/android.hardware.power@1.3-service.crosshatch-libperfmgr(764): LAUNCH ON
11-16 08:56:58.765: I/Icing(13712): Indexing done com.google.android.gms-apps
11-16 08:56:58.769: W/ActivityThread(20608): handleWindowVisibility: no activity for token android.os.BinderProxy@cd9442
11-16 08:56:58.779: D/LifecycleMonitor(20608): Lifecycle status change: androidx.test.core.app.InstrumentationActivityInvoker$BootstrapActivity@9219990 in: PRE_ON_CREATE
11-16 08:56:58.779: V/ActivityScenario(20608): Activity lifecycle changed event received but ignored because the intent does not match. startActivityIntent=Intent { act=android.intent.action.MAIN cat=[android.intent.category.LAUNCHER] cmp=androidx.activity.compose.test/androidx.activity.ComponentActivity }, activity.getIntent()=Intent { act=android.intent.action.MAIN cat=[android.intent.category.LAUNCHER] flg=0x10008000 cmp=androidx.activity.compose.test/androidx.test.core.app.InstrumentationActivityInvoker$BootstrapActivity (has extras) }, activity=androidx.test.core.app.InstrumentationActivityInvoker$BootstrapActivity@9219990
11-16 08:56:58.787: D/LifecycleMonitor(20608): Lifecycle status change: androidx.test.core.app.InstrumentationActivityInvoker$BootstrapActivity@9219990 in: CREATED
11-16 08:56:58.787: V/ActivityScenario(20608): Activity lifecycle changed event received but ignored because the intent does not match. startActivityIntent=Intent { act=android.intent.action.MAIN cat=[android.intent.category.LAUNCHER] cmp=androidx.activity.compose.test/androidx.activity.ComponentActivity }, activity.getIntent()=Intent { act=android.intent.action.MAIN cat=[android.intent.category.LAUNCHER] flg=0x10008000 cmp=androidx.activity.compose.test/androidx.test.core.app.InstrumentationActivityInvoker$BootstrapActivity (has extras) }, activity=androidx.test.core.app.InstrumentationActivityInvoker$BootstrapActivity@9219990
11-16 08:56:58.790: D/LifecycleMonitor(20608): Lifecycle status change: androidx.test.core.app.InstrumentationActivityInvoker$BootstrapActivity@9219990 in: STARTED
11-16 08:56:58.790: V/ActivityScenario(20608): Activity lifecycle changed event received but ignored because the intent does not match. startActivityIntent=Intent { act=android.intent.action.MAIN cat=[android.intent.category.LAUNCHER] cmp=androidx.activity.compose.test/androidx.activity.ComponentActivity }, activity.getIntent()=Intent { act=android.intent.action.MAIN cat=[android.intent.category.LAUNCHER] flg=0x10008000 cmp=androidx.activity.compose.test/androidx.test.core.app.InstrumentationActivityInvoker$BootstrapActivity (has extras) }, activity=androidx.test.core.app.InstrumentationActivityInvoker$BootstrapActivity@9219990
11-16 08:56:58.793: I/ActivityManager(1163): START u0 {act=android.intent.action.MAIN cat=[android.intent.category.LAUNCHER] cmp=androidx.activity.compose.test/androidx.activity.ComponentActivity} from uid 10172
11-16 08:56:58.794: W/PrimesInit(20931): Primes instant initialization
11-16 08:56:58.795: D/android.hardware.power@1.3-service.crosshatch-libperfmgr(764): LAUNCH ON
11-16 08:56:58.798: W/Primes(20931): background initialization
11-16 08:56:58.798: D/LifecycleMonitor(20608): Lifecycle status change: androidx.test.core.app.InstrumentationActivityInvoker$BootstrapActivity@9219990 in: RESUMED
11-16 08:56:58.799: V/ActivityScenario(20608): Activity lifecycle changed event received but ignored because the intent does not match. startActivityIntent=Intent { act=android.intent.action.MAIN cat=[android.intent.category.LAUNCHER] cmp=androidx.activity.compose.test/androidx.activity.ComponentActivity }, activity.getIntent()=Intent { act=android.intent.action.MAIN cat=[android.intent.category.LAUNCHER] flg=0x10008000 cmp=androidx.activity.compose.test/androidx.test.core.app.InstrumentationActivityInvoker$BootstrapActivity (has extras) }, activity=androidx.test.core.app.InstrumentationActivityInvoker$BootstrapActivity@9219990
11-16 08:56:58.801: D/LifecycleMonitor(20608): Lifecycle status change: androidx.test.core.app.InstrumentationActivityInvoker$BootstrapActivity@9219990 in: PAUSED
11-16 08:56:58.801: V/ActivityScenario(20608): Activity lifecycle changed event received but ignored because the intent does not match. startActivityIntent=Intent { act=android.intent.action.MAIN cat=[android.intent.category.LAUNCHER] cmp=androidx.activity.compose.test/androidx.activity.ComponentActivity }, activity.getIntent()=Intent { act=android.intent.action.MAIN cat=[android.intent.category.LAUNCHER] flg=0x10008000 cmp=androidx.activity.compose.test/androidx.test.core.app.InstrumentationActivityInvoker$BootstrapActivity (has extras) }, activity=androidx.test.core.app.InstrumentationActivityInvoker$BootstrapActivity@9219990
11-16 08:56:58.814: W/ActivityThread(20608): handleWindowVisibility: no activity for token android.os.BinderProxy@624b28e
11-16 08:56:58.820: D/LifecycleMonitor(20608): Lifecycle status change: androidx.activity.ComponentActivity@bef12cb in: PRE_ON_CREATE
11-16 08:56:58.820: V/ActivityScenario(20608): Activity lifecycle changed event received but ignored because the reported transition was not ON_CREATE while the last known transition was PRE_ON_CREATE
11-16 08:56:58.826: D/LifecycleMonitor(20608): Lifecycle status change: androidx.activity.ComponentActivity@bef12cb in: CREATED
11-16 08:56:58.827: V/ActivityScenario(20608): Update currentActivityStage to CREATED, currentActivity=androidx.activity.ComponentActivity@bef12cb
11-16 08:56:58.829: D/LifecycleMonitor(20608): Lifecycle status change: androidx.activity.ComponentActivity@bef12cb in: STARTED
11-16 08:56:58.829: V/ActivityScenario(20608): Update currentActivityStage to STARTED, currentActivity=androidx.activity.ComponentActivity@bef12cb
11-16 08:56:58.830: I/PrimesTesting(20931): GserviceFlagsSupplier.get()
11-16 08:56:58.830: D/LifecycleMonitor(20608): Lifecycle status change: androidx.activity.ComponentActivity@bef12cb in: RESUMED
11-16 08:56:58.830: V/ActivityScenario(20608): Update currentActivityStage to RESUMED, currentActivity=androidx.activity.ComponentActivity@bef12cb
11-16 08:56:58.834: I/system_server(1163): NativeAlloc concurrent copying GC freed 40362(2MB) AllocSpace objects, 13(580KB) LOS objects, 42% free, 17MB/30MB, paused 636us total 150.865ms
11-16 08:56:58.850: I/GoogleInputMethod(3654): onFinishInput() : Dummy InputConnection bound
11-16 08:56:58.850: I/GoogleInputMethod(3654): onStartInput() : Dummy InputConnection bound
11-16 08:56:58.863: D/android.hardware.power@1.3-service.crosshatch-libperfmgr(764): LAUNCH OFF
11-16 08:56:58.872: I/ActivityManager(1163): Displayed androidx.activity.compose.test/androidx.activity.ComponentActivity: +105ms
11-16 08:56:58.881: W/SurfaceFlinger(639): Attempting to set client state on removed layer: Splash Screen androidx.activity.compose.test#0
11-16 08:56:58.881: W/SurfaceFlinger(639): Attempting to destroy on removed layer: Splash Screen androidx.activity.compose.test#0
11-16 08:56:58.895: I/TapAndPayApplication(20931): Successfully initialized Firebase App
11-16 08:56:58.900: I/BackgroundTaskManager(20931): Executing task AccountFreshener.freshen with SEQUENTIAL execution policy.
11-16 08:56:58.902: I/Notifications(20931): [ChimeBroadcastReceiver] Intent received for action [android.intent.action.LOCALE_CHANGED] package [com.google.android.apps.walletnfcrel].
11-16 08:56:58.907: W/GCM(20931): GCM SDK is deprecated, com.google.android.apps.walletnfcrel should update to use FCM
11-16 08:56:58.908: W/ty.compose.tes(20608): Accessing hidden method Landroid/view/RenderNode;->getScaleX()F (dark greylist, linking)
11-16 08:56:58.919: D/LifecycleMonitor(20608): Lifecycle status change: androidx.test.core.app.InstrumentationActivityInvoker$BootstrapActivity@9219990 in: STOPPED
11-16 08:56:58.920: V/ActivityScenario(20608): Activity lifecycle changed event received but ignored because the intent does not match. startActivityIntent=Intent { act=android.intent.action.MAIN cat=[android.intent.category.LAUNCHER] cmp=androidx.activity.compose.test/androidx.activity.ComponentActivity }, activity.getIntent()=Intent { act=android.intent.action.MAIN cat=[android.intent.category.LAUNCHER] flg=0x10008000 cmp=androidx.activity.compose.test/androidx.test.core.app.InstrumentationActivityInvoker$BootstrapActivity (has extras) }, activity=androidx.test.core.app.InstrumentationActivityInvoker$BootstrapActivity@9219990
11-16 08:56:58.921: D/IdlingResourceRegistry(20608): All idling resources are idle.
11-16 08:56:58.927: I/Notifications(20931): [ChimeBroadcastReceiver] Validation OK for action [android.intent.action.LOCALE_CHANGED].
11-16 08:56:58.929: I/Notifications(20931): [ChimeBroadcastReceiver] Executing action in BroadcastReceiver [android.intent.action.LOCALE_CHANGED].
11-16 08:56:58.940: D/IdlingResourceRegistry(20608): All idling resources are idle.
11-16 08:56:58.953: I/ActivityManager(1163): Killing 19983:com.google.android.apps.tips/u0a52 (adj 906): empty #17
11-16 08:56:58.941: I/chatty(20608): uid=10172(androidx.activity.compose.test) identical 1 line
11-16 08:56:58.941: D/IdlingResourceRegistry(20608): All idling resources are idle.
11-16 08:56:58.953: W/libprocessgroup(1163): kill(-19983, 9) failed: No such process
11-16 08:56:58.970: I/Zygote(725): Process 19983 exited due to signal (9)
11-16 08:56:58.975: I/ActivityManager(1163): Start proc 21019:com.google.android.keep/u0a150 for broadcast com.google.android.keep/.notification.ReminderNotificationReceiver
11-16 08:56:58.980: E/le.android.kee(21019): Not starting debugger since process cannot load the jdwp agent.
11-16 08:56:58.997: W/libprocessgroup(1163): kill(-19983, 9) failed: No such process
11-16 08:56:58.998: I/libprocessgroup(1163): Successfully killed process cgroup uid 10052 pid 19983 in 44ms
11-16 08:56:58.998: I/le.android.kee(21019): The ClassLoaderContext is a special shared library.
11-16 08:56:59.002: D/IdlingResourceRegistry(20608): All idling resources are idle.
11-16 08:56:59.007: I/ActivityManager(1163): START u0 {act=android.intent.action.MAIN cat=[android.intent.category.LAUNCHER] flg=0x10000000 cmp=androidx.activity.compose.test/androidx.test.core.app.InstrumentationActivityInvoker$EmptyActivity} from uid 10172
11-16 08:56:59.009: D/android.hardware.power@1.3-service.crosshatch-libperfmgr(764): LAUNCH ON
11-16 08:56:59.012: D/LifecycleMonitor(20608): Lifecycle status change: androidx.activity.ComponentActivity@bef12cb in: PAUSED
11-16 08:56:59.012: V/ActivityScenario(20608): Update currentActivityStage to PAUSED, currentActivity=androidx.activity.ComponentActivity@bef12cb
11-16 08:56:59.016: W/ActivityThread(20608): handleWindowVisibility: no activity for token android.os.BinderProxy@4dd27f3
11-16 08:56:59.020: D/LifecycleMonitor(20608): Lifecycle status change: androidx.test.core.app.InstrumentationActivityInvoker$EmptyActivity@a5fa729 in: PRE_ON_CREATE
11-16 08:56:59.020: V/ActivityScenario(20608): Activity lifecycle changed event received but ignored because the intent does not match. startActivityIntent=Intent { act=android.intent.action.MAIN cat=[android.intent.category.LAUNCHER] cmp=androidx.activity.compose.test/androidx.activity.ComponentActivity }, activity.getIntent()=Intent { act=android.intent.action.MAIN cat=[android.intent.category.LAUNCHER] flg=0x10000000 cmp=androidx.activity.compose.test/androidx.test.core.app.InstrumentationActivityInvoker$EmptyActivity }, activity=androidx.test.core.app.InstrumentationActivityInvoker$EmptyActivity@a5fa729
11-16 08:56:59.028: D/LifecycleMonitor(20608): Lifecycle status change: androidx.test.core.app.InstrumentationActivityInvoker$EmptyActivity@a5fa729 in: CREATED
11-16 08:56:59.028: V/ActivityScenario(20608): Activity lifecycle changed event received but ignored because the intent does not match. startActivityIntent=Intent { act=android.intent.action.MAIN cat=[android.intent.category.LAUNCHER] cmp=androidx.activity.compose.test/androidx.activity.ComponentActivity }, activity.getIntent()=Intent { act=android.intent.action.MAIN cat=[android.intent.category.LAUNCHER] flg=0x10000000 cmp=androidx.activity.compose.test/androidx.test.core.app.InstrumentationActivityInvoker$EmptyActivity }, activity=androidx.test.core.app.InstrumentationActivityInvoker$EmptyActivity@a5fa729
11-16 08:56:59.030: D/LifecycleMonitor(20608): Lifecycle status change: androidx.test.core.app.InstrumentationActivityInvoker$EmptyActivity@a5fa729 in: STARTED
11-16 08:56:59.030: V/ActivityScenario(20608): Activity lifecycle changed event received but ignored because the intent does not match. startActivityIntent=Intent { act=android.intent.action.MAIN cat=[android.intent.category.LAUNCHER] cmp=androidx.activity.compose.test/androidx.activity.ComponentActivity }, activity.getIntent()=Intent { act=android.intent.action.MAIN cat=[android.intent.category.LAUNCHER] flg=0x10000000 cmp=androidx.activity.compose.test/androidx.test.core.app.InstrumentationActivityInvoker$EmptyActivity }, activity=androidx.test.core.app.InstrumentationActivityInvoker$EmptyActivity@a5fa729
11-16 08:56:59.031: D/LifecycleMonitor(20608): Lifecycle status change: androidx.test.core.app.InstrumentationActivityInvoker$EmptyActivity@a5fa729 in: RESUMED
11-16 08:56:59.031: V/ActivityScenario(20608): Activity lifecycle changed event received but ignored because the intent does not match. startActivityIntent=Intent { act=android.intent.action.MAIN cat=[android.intent.category.LAUNCHER] cmp=androidx.activity.compose.test/androidx.activity.ComponentActivity }, activity.getIntent()=Intent { act=android.intent.action.MAIN cat=[android.intent.category.LAUNCHER] flg=0x10000000 cmp=androidx.activity.compose.test/androidx.test.core.app.InstrumentationActivityInvoker$EmptyActivity }, activity=androidx.test.core.app.InstrumentationActivityInvoker$EmptyActivity@a5fa729
11-16 08:56:59.049: I/GoogleInputMethod(3654): onFinishInput() : Dummy InputConnection bound
11-16 08:56:59.049: I/GoogleInputMethod(3654): onStartInput() : Dummy InputConnection bound
